2016-08-04 20:02:58,254 INFO [org.junit.Test] zero000
2016-08-04 20:02:58,254 INFO [org.junit.Test] zero001
2016-08-04 20:02:58,254 INFO [org.junit.Test] zero002
2016-08-04 20:02:58,254 INFO [org.junit.Test] zero003
2016-08-04 20:02:58,254 INFO [org.junit.Test] zero004
2016-08-04 20:02:58,254 INFO [org.junit.Test] zero005
2016-08-04 20:02:58,254 INFO [org.junit.Test] zero006
2016-08-04 20:02:58,254 INFO [org.junit.Test] zero007
2016-08-04 20:02:58,254 INFO [org.junit.Test] zero008
2016-08-04 20:02:58,254 INFO [org.junit.Test] zero009
2016-08-04 20:02:58,254 INFO [org.junit.Test] zero0010
2016-08-04 20:02:58,254 INFO [org.junit.Test] zero0011
2016-08-04 20:02:58,254 INFO [org.junit.Test] zero0012
2016-08-04 20:02:58,254 INFO [org.junit.Test] zero0013
2016-08-04 20:02:58,254 INFO [org.junit.Test] zero0014
2016-08-04 20:02:58,254 INFO [org.junit.Test] zero0015
2016-08-04 20:02:58,254 INFO [org.junit.Test] zero0016
2016-08-04 20:02:58,254 INFO [org.junit.Test] zero0017
2016-08-04 20:02:58,254 INFO [org.junit.Test] zero0018
2016-08-04 20:02:58,254 INFO [org.junit.Test] zero0019
2016-08-04 20:02:58,254 INFO [org.junit.Test] zero0020
2016-08-04 20:02:58,254 INFO [org.junit.Test] zero0021
2016-08-04 20:02:58,254 INFO [org.junit.Test] zero0022
2016-08-04 20:02:58,254 INFO [org.junit.Test] zero0023
2016-08-04 20:02:58,254 INFO [org.junit.Test] zero0024
2016-08-04 20:02:58,254 INFO [org.junit.Test] zero0025
2016-08-04 20:02:58,254 INFO [org.junit.Test] zero0026
2016-08-04 20:02:58,254 INFO [org.junit.Test] zero0027
2016-08-04 20:02:58,254 INFO [org.junit.Test] zero0028
2016-08-04 20:02:58,254 INFO [org.junit.Test] zero0029
2016-08-04 20:02:58,254 INFO [org.junit.Test] zero0030
2016-08-04 20:02:58,254 INFO [org.junit.Test] zero0031
2016-08-04 20:02:58,254 INFO [org.junit.Test] zero0032
2016-08-04 20:02:58,254 INFO [org.junit.Test] zero0033
2016-08-04 20:02:58,254 INFO [org.junit.Test] zero0034
2016-08-04 20:02:58,254 INFO [org.junit.Test] zero0035
2016-08-04 20:02:58,254 INFO [org.junit.Test] zero0036
2016-08-04 20:02:58,254 INFO [org.junit.Test] zero0037
2016-08-04 20:02:58,254 INFO [org.junit.Test] zero0038
2016-08-04 20:02:58,254 INFO [org.junit.Test] zero0039
2016-08-04 20:02:58,254 INFO [org.junit.Test] zero0040
2016-08-04 20:02:58,254 INFO [org.junit.Test] zero0041
2016-08-04 20:02:58,254 INFO [org.junit.Test] zero0042
2016-08-04 20:02:58,254 INFO [org.junit.Test] zero0043
2016-08-04 20:02:58,254 INFO [org.junit.Test] zero0044
2016-08-04 20:02:58,254 INFO [org.junit.Test] zero0045
2016-08-04 20:02:58,254 INFO [org.junit.Test] zero0046
2016-08-04 20:02:58,254 INFO [org.junit.Test] zero0047
2016-08-04 20:02:58,254 INFO [org.junit.Test] zero0048
2016-08-04 20:02:58,254 INFO [org.junit.Test] zero0049
2016-08-04 20:02:58,254 INFO [org.junit.Test] zero0050
2016-08-04 20:02:58,254 INFO [org.junit.Test] zero0051
2016-08-04 20:02:58,254 INFO [org.junit.Test] zero0052
2016-08-04 20:02:58,254 INFO [org.junit.Test] zero0053
2016-08-04 20:02:58,254 INFO [org.junit.Test] zero0054
2016-08-04 20:02:58,254 INFO [org.junit.Test] zero0055
2016-08-04 20:02:58,254 INFO [org.junit.Test] zero0056
2016-08-04 20:02:58,254 INFO [org.junit.Test] zero0057
2016-08-04 20:02:58,254 INFO [org.junit.Test] zero0058
2016-08-04 20:02:58,255 INFO [org.junit.Test] zero0059
2016-08-04 20:02:58,255 INFO [org.junit.Test] zero0060
2016-08-04 20:02:58,255 INFO [org.junit.Test] zero0061
2016-08-04 20:02:58,255 INFO [org.junit.Test] zero0062
2016-08-04 20:02:58,255 INFO [org.junit.Test] zero0063
2016-08-04 20:02:58,255 INFO [org.junit.Test] zero0064
2016-08-04 20:02:58,255 INFO [org.junit.Test] zero0065
2016-08-04 20:02:58,255 INFO [org.junit.Test] zero0066
2016-08-04 20:02:58,255 INFO [org.junit.Test] zero0067
2016-08-04 20:02:58,255 INFO [org.junit.Test] zero0068
2016-08-04 20:02:58,255 INFO [org.junit.Test] zero0069
2016-08-04 20:02:58,255 INFO [org.junit.Test] zero0070
2016-08-04 20:02:58,255 INFO [org.junit.Test] zero0071
2016-08-04 20:02:58,255 INFO [org.junit.Test] zero0072
2016-08-04 20:02:58,255 INFO [org.junit.Test] zero0073
2016-08-04 20:02:58,255 INFO [org.junit.Test] zero0074
2016-08-04 20:02:58,255 INFO [org.junit.Test] zero0075
2016-08-04 20:02:58,255 INFO [org.junit.Test] zero0076
2016-08-04 20:02:58,255 INFO [org.junit.Test] zero0077
2016-08-04 20:02:58,255 INFO [org.junit.Test] zero0078
2016-08-04 20:02:58,255 INFO [org.junit.Test] zero0079
2016-08-04 20:02:58,255 INFO [org.junit.Test] zero0080
2016-08-04 20:02:58,255 INFO [org.junit.Test] zero0081
2016-08-04 20:02:58,255 INFO [org.junit.Test] zero0082
2016-08-04 20:02:58,255 INFO [org.junit.Test] zero0083
2016-08-04 20:02:58,255 INFO [org.junit.Test] zero0084
2016-08-04 20:02:58,255 INFO [org.junit.Test] zero0085
2016-08-04 20:02:58,255 INFO [org.junit.Test] zero0086
2016-08-04 20:02:58,255 INFO [org.junit.Test] zero0087
2016-08-04 20:02:58,255 INFO [org.junit.Test] zero0088
2016-08-04 20:02:58,255 INFO [org.junit.Test] zero0089
2016-08-04 20:02:58,255 INFO [org.junit.Test] zero0090
2016-08-04 20:02:58,255 INFO [org.junit.Test] zero0091
2016-08-04 20:02:58,255 INFO [org.junit.Test] zero0092
2016-08-04 20:02:58,255 INFO [org.junit.Test] zero0093
2016-08-04 20:02:58,255 INFO [org.junit.Test] zero0094
2016-08-04 20:02:58,255 INFO [org.junit.Test] zero0095
2016-08-04 20:02:58,255 INFO [org.junit.Test] zero0096
2016-08-04 20:02:58,255 INFO [org.junit.Test] zero0097
2016-08-04 20:02:58,255 INFO [org.junit.Test] zero0098
2016-08-04 20:02:58,255 INFO [org.junit.Test] zero0099
2016-08-04 20:02:58,255 INFO [org.junit.Test] zero00100
2016-08-04 20:02:58,255 INFO [org.junit.Test] zero00101
2016-08-04 20:02:58,255 INFO [org.junit.Test] zero00102
2016-08-04 20:02:58,255 INFO [org.junit.Test] zero00103
2016-08-04 20:02:58,255 INFO [org.junit.Test] zero00104
2016-08-04 20:02:58,255 INFO [org.junit.Test] zero00105
2016-08-04 20:02:58,255 INFO [org.junit.Test] zero00106
2016-08-04 20:02:58,255 INFO [org.junit.Test] zero00107
2016-08-04 20:02:58,255 INFO [org.junit.Test] zero00108
2016-08-04 20:02:58,255 INFO [org.junit.Test] zero00109
2016-08-04 20:02:58,255 INFO [org.junit.Test] zero00110
2016-08-04 20:02:58,255 INFO [org.junit.Test] zero00111
2016-08-04 20:02:58,255 INFO [org.junit.Test] zero00112
2016-08-04 20:02:58,255 INFO [org.junit.Test] zero00113
2016-08-04 20:02:58,255 INFO [org.junit.Test] zero00114
2016-08-04 20:02:58,255 INFO [org.junit.Test] zero00115
2016-08-04 20:02:58,255 INFO [org.junit.Test] zero00116
2016-08-04 20:02:58,255 INFO [org.junit.Test] zero00117
2016-08-04 20:02:58,255 INFO [org.junit.Test] zero00118
2016-08-04 20:02:58,255 INFO [org.junit.Test] zero00119
2016-08-04 20:02:58,255 INFO [org.junit.Test] zero00120
2016-08-04 20:02:58,255 INFO [org.junit.Test] zero00121
2016-08-04 20:02:58,255 INFO [org.junit.Test] zero00122
2016-08-04 20:02:58,255 INFO [org.junit.Test] zero00123
2016-08-04 20:02:58,255 INFO [org.junit.Test] zero00124
2016-08-04 20:02:58,255 INFO [org.junit.Test] zero00125
2016-08-04 20:02:58,255 INFO [org.junit.Test] zero00126
2016-08-04 20:02:58,255 INFO [org.junit.Test] zero00127
2016-08-04 20:02:58,255 INFO [org.junit.Test] zero00128
2016-08-04 20:02:58,255 INFO [org.junit.Test] zero00129
2016-08-04 20:02:58,255 INFO [org.junit.Test] zero00130
2016-08-04 20:02:58,255 INFO [org.junit.Test] zero00131
2016-08-04 20:02:58,255 INFO [org.junit.Test] zero00132
2016-08-04 20:02:58,255 INFO [org.junit.Test] zero00133
2016-08-04 20:02:58,255 INFO [org.junit.Test] zero00134
2016-08-04 20:02:58,255 INFO [org.junit.Test] zero00135
2016-08-04 20:02:58,255 INFO [org.junit.Test] zero00136
2016-08-04 20:02:58,255 INFO [org.junit.Test] zero00137
2016-08-04 20:02:58,255 INFO [org.junit.Test] zero00138
2016-08-04 20:02:58,255 INFO [org.junit.Test] zero00139
2016-08-04 20:02:58,255 INFO [org.junit.Test] zero00140
2016-08-04 20:02:58,255 INFO [org.junit.Test] zero00141
2016-08-04 20:02:58,255 INFO [org.junit.Test] zero00142
2016-08-04 20:02:58,255 INFO [org.junit.Test] zero00143
2016-08-04 20:02:58,255 INFO [org.junit.Test] zero00144
2016-08-04 20:02:58,255 INFO [org.junit.Test] zero00145
2016-08-04 20:02:58,255 INFO [org.junit.Test] zero00146
2016-08-04 20:02:58,255 INFO [org.junit.Test] zero00147
2016-08-04 20:02:58,255 INFO [org.junit.Test] zero00148
2016-08-04 20:02:58,255 INFO [org.junit.Test] zero00149
2016-08-04 20:02:58,255 INFO [org.junit.Test] zero00150
2016-08-04 20:02:58,255 INFO [org.junit.Test] zero00151
2016-08-04 20:02:58,255 INFO [org.junit.Test] zero00152
2016-08-04 20:02:58,255 INFO [org.junit.Test] zero00153
2016-08-04 20:02:58,255 INFO [org.junit.Test] zero00154
2016-08-04 20:02:58,255 INFO [org.junit.Test] zero00155
2016-08-04 20:02:58,255 INFO [org.junit.Test] zero00156
2016-08-04 20:02:58,255 INFO [org.junit.Test] zero00157
2016-08-04 20:02:58,255 INFO [org.junit.Test] zero00158
2016-08-04 20:02:58,255 INFO [org.junit.Test] zero00159
2016-08-04 20:02:58,255 INFO [org.junit.Test] zero00160
2016-08-04 20:02:58,255 INFO [org.junit.Test] zero00161
2016-08-04 20:02:58,255 INFO [org.junit.Test] zero00162
2016-08-04 20:02:58,255 INFO [org.junit.Test] zero00163
2016-08-04 20:02:58,255 INFO [org.junit.Test] zero00164
2016-08-04 20:02:58,255 INFO [org.junit.Test] zero00165
2016-08-04 20:02:58,255 INFO [org.junit.Test] zero00166
2016-08-04 20:02:58,255 INFO [org.junit.Test] zero00167
2016-08-04 20:02:58,255 INFO [org.junit.Test] zero00168
2016-08-04 20:02:58,255 INFO [org.junit.Test] zero00169
2016-08-04 20:02:58,255 INFO [org.junit.Test] zero00170
2016-08-04 20:02:58,255 INFO [org.junit.Test] zero00171
2016-08-04 20:02:58,255 INFO [org.junit.Test] zero00172
2016-08-04 20:02:58,255 INFO [org.junit.Test] zero00173
2016-08-04 20:02:58,255 INFO [org.junit.Test] zero00174
2016-08-04 20:02:58,255 INFO [org.junit.Test] zero00175
2016-08-04 20:02:58,255 INFO [org.junit.Test] zero00176
2016-08-04 20:02:58,255 INFO [org.junit.Test] zero00177
2016-08-04 20:02:58,255 INFO [org.junit.Test] zero00178
2016-08-04 20:02:58,255 INFO [org.junit.Test] zero00179
2016-08-04 20:02:58,255 INFO [org.junit.Test] zero00180
2016-08-04 20:02:58,255 INFO [org.junit.Test] zero00181
2016-08-04 20:02:58,255 INFO [org.junit.Test] zero00182
2016-08-04 20:02:58,255 INFO [org.junit.Test] zero00183
2016-08-04 20:02:58,255 INFO [org.junit.Test] zero00184
2016-08-04 20:02:58,255 INFO [org.junit.Test] zero00185
2016-08-04 20:02:58,255 INFO [org.junit.Test] zero00186
2016-08-04 20:02:58,255 INFO [org.junit.Test] zero00187
2016-08-04 20:02:58,255 INFO [org.junit.Test] zero00188
2016-08-04 20:02:58,255 INFO [org.junit.Test] zero00189
2016-08-04 20:02:58,255 INFO [org.junit.Test] zero00190
2016-08-04 20:02:58,255 INFO [org.junit.Test] zero00191
2016-08-04 20:02:58,255 INFO [org.junit.Test] zero00192
2016-08-04 20:02:58,255 INFO [org.junit.Test] zero00193
2016-08-04 20:02:58,255 INFO [org.junit.Test] zero00194
2016-08-04 20:02:58,255 INFO [org.junit.Test] zero00195
2016-08-04 20:02:58,255 INFO [org.junit.Test] zero00196
2016-08-04 20:02:58,255 INFO [org.junit.Test] zero00197
2016-08-04 20:02:58,255 INFO [org.junit.Test] zero00198
2016-08-04 20:02:58,255 INFO [org.junit.Test] zero00199
2016-08-04 20:02:58,255 INFO [org.junit.Test] zero00200
2016-08-04 20:02:58,255 INFO [org.junit.Test] zero00201
2016-08-04 20:02:58,255 INFO [org.junit.Test] zero00202
2016-08-04 20:02:58,255 INFO [org.junit.Test] zero00203
2016-08-04 20:02:58,255 INFO [org.junit.Test] zero00204
2016-08-04 20:02:58,255 INFO [org.junit.Test] zero00205
2016-08-04 20:02:58,255 INFO [org.junit.Test] zero00206
2016-08-04 20:02:58,255 INFO [org.junit.Test] zero00207
2016-08-04 20:02:58,255 INFO [org.junit.Test] zero00208
2016-08-04 20:02:58,255 INFO [org.junit.Test] zero00209
2016-08-04 20:02:58,255 INFO [org.junit.Test] zero00210
2016-08-04 20:02:58,255 INFO [org.junit.Test] zero00211
2016-08-04 20:02:58,255 INFO [org.junit.Test] zero00212
2016-08-04 20:02:58,255 INFO [org.junit.Test] zero00213
2016-08-04 20:02:58,255 INFO [org.junit.Test] zero00214
2016-08-04 20:02:58,255 INFO [org.junit.Test] zero00215
2016-08-04 20:02:58,255 INFO [org.junit.Test] zero00216
2016-08-04 20:02:58,255 INFO [org.junit.Test] zero00217
2016-08-04 20:02:58,255 INFO [org.junit.Test] zero00218
2016-08-04 20:02:58,255 INFO [org.junit.Test] zero00219
2016-08-04 20:02:58,255 INFO [org.junit.Test] zero00220
2016-08-04 20:02:58,255 INFO [org.junit.Test] zero00221
2016-08-04 20:02:58,255 INFO [org.junit.Test] zero00222
2016-08-04 20:02:58,255 INFO [org.junit.Test] zero00223
2016-08-04 20:02:58,255 INFO [org.junit.Test] zero00224
2016-08-04 20:02:58,255 INFO [org.junit.Test] zero00225
2016-08-04 20:02:58,255 INFO [org.junit.Test] zero00226
2016-08-04 20:02:58,255 INFO [org.junit.Test] zero00227
2016-08-04 20:02:58,255 INFO [org.junit.Test] zero00228
2016-08-04 20:02:58,255 INFO [org.junit.Test] zero00229
2016-08-04 20:02:58,256 INFO [org.junit.Test] zero00230
2016-08-04 20:02:58,256 INFO [org.junit.Test] zero00231
2016-08-04 20:02:58,256 INFO [org.junit.Test] zero00232
2016-08-04 20:02:58,256 INFO [org.junit.Test] zero00233
2016-08-04 20:02:58,256 INFO [org.junit.Test] zero00234
2016-08-04 20:02:58,256 INFO [org.junit.Test] zero00235
2016-08-04 20:02:58,256 INFO [org.junit.Test] zero00236
2016-08-04 20:02:58,256 INFO [org.junit.Test] zero00237
2016-08-04 20:02:58,256 INFO [org.junit.Test] zero00238
2016-08-04 20:02:58,256 INFO [org.junit.Test] zero00239
2016-08-04 20:02:58,256 INFO [org.junit.Test] zero00240
2016-08-04 20:02:58,256 INFO [org.junit.Test] zero00241
2016-08-04 20:02:58,256 INFO [org.junit.Test] zero00242
2016-08-04 20:02:58,256 INFO [org.junit.Test] zero00243
2016-08-04 20:02:58,256 INFO [org.junit.Test] zero00244
2016-08-04 20:02:58,256 INFO [org.junit.Test] zero00245
2016-08-04 20:02:58,256 INFO [org.junit.Test] zero00246
2016-08-04 20:02:58,256 INFO [org.junit.Test] zero00247
2016-08-04 20:02:58,256 INFO [org.junit.Test] zero00248
2016-08-04 20:02:58,256 INFO [org.junit.Test] zero00249
2016-08-04 20:02:58,256 INFO [org.junit.Test] zero00250
2016-08-04 20:02:58,256 INFO [org.junit.Test] zero00251
2016-08-04 20:02:58,256 INFO [org.junit.Test] zero00252
2016-08-04 20:02:58,256 INFO [org.junit.Test] zero00253
2016-08-04 20:02:58,256 INFO [org.junit.Test] zero00254
2016-08-04 20:02:58,256 INFO [org.junit.Test] zero00255
2016-08-04 20:02:58,256 INFO [org.junit.Test] zero00256
2016-08-04 20:02:58,256 INFO [org.junit.Test] zero00257
2016-08-04 20:02:58,256 INFO [org.junit.Test] zero00258
2016-08-04 20:02:58,256 INFO [org.junit.Test] zero00259
2016-08-04 20:02:58,256 INFO [org.junit.Test] zero00260
2016-08-04 20:02:58,256 INFO [org.junit.Test] zero00261
2016-08-04 20:02:58,256 INFO [org.junit.Test] zero00262
2016-08-04 20:02:58,256 INFO [org.junit.Test] zero00263
2016-08-04 20:02:58,256 INFO [org.junit.Test] zero00264
2016-08-04 20:02:58,256 INFO [org.junit.Test] zero00265
2016-08-04 20:02:58,256 INFO [org.junit.Test] zero00266
2016-08-04 20:02:58,256 INFO [org.junit.Test] zero00267
2016-08-04 20:02:58,256 INFO [org.junit.Test] zero00268
2016-08-04 20:02:58,256 INFO [org.junit.Test] zero00269
2016-08-04 20:02:58,256 INFO [org.junit.Test] zero00270
2016-08-04 20:02:58,256 INFO [org.junit.Test] zero00271
2016-08-04 20:02:58,256 INFO [org.junit.Test] zero00272
2016-08-04 20:02:58,256 INFO [org.junit.Test] zero00273
2016-08-04 20:02:58,256 INFO [org.junit.Test] zero00274
2016-08-04 20:02:58,256 INFO [org.junit.Test] zero00275
2016-08-04 20:02:58,256 INFO [org.junit.Test] zero00276
2016-08-04 20:02:58,256 INFO [org.junit.Test] zero00277
2016-08-04 20:02:58,256 INFO [org.junit.Test] zero00278
2016-08-04 20:02:58,256 INFO [org.junit.Test] zero00279
2016-08-04 20:02:58,256 INFO [org.junit.Test] zero00280
2016-08-04 20:02:58,256 INFO [org.junit.Test] zero00281
2016-08-04 20:02:58,256 INFO [org.junit.Test] zero00282
2016-08-04 20:02:58,256 INFO [org.junit.Test] zero00283
2016-08-04 20:02:58,256 INFO [org.junit.Test] zero00284
2016-08-04 20:02:58,256 INFO [org.junit.Test] zero00285
2016-08-04 20:02:58,256 INFO [org.junit.Test] zero00286
2016-08-04 20:02:58,256 INFO [org.junit.Test] zero00287
2016-08-04 20:02:58,256 INFO [org.junit.Test] zero00288
2016-08-04 20:02:58,256 INFO [org.junit.Test] zero00289
2016-08-04 20:02:58,256 INFO [org.junit.Test] zero00290
2016-08-04 20:02:58,256 INFO [org.junit.Test] zero00291
2016-08-04 20:02:58,256 INFO [org.junit.Test] zero00292
2016-08-04 20:02:58,256 INFO [org.junit.Test] zero00293
2016-08-04 20:02:58,256 INFO [org.junit.Test] zero00294
2016-08-04 20:02:58,256 INFO [org.junit.Test] zero00295
2016-08-04 20:02:58,256 INFO [org.junit.Test] zero00296
2016-08-04 20:02:58,256 INFO [org.junit.Test] zero00297
2016-08-04 20:02:58,256 INFO [org.junit.Test] zero00298
2016-08-04 20:02:58,256 INFO [org.junit.Test] zero00299
2016-08-04 20:02:58,256 INFO [org.junit.Test] zero00300
2016-08-04 20:02:58,256 INFO [org.junit.Test] zero00301
2016-08-04 20:02:58,256 INFO [org.junit.Test] zero00302
2016-08-04 20:02:58,256 INFO [org.junit.Test] zero00303
2016-08-04 20:02:58,256 INFO [org.junit.Test] zero00304
2016-08-04 20:02:58,256 INFO [org.junit.Test] zero00305
2016-08-04 20:02:58,256 INFO [org.junit.Test] zero00306
2016-08-04 20:02:58,256 INFO [org.junit.Test] zero00307
2016-08-04 20:02:58,256 INFO [org.junit.Test] zero00308
2016-08-04 20:02:58,256 INFO [org.junit.Test] zero00309
2016-08-04 20:02:58,256 INFO [org.junit.Test] zero00310
2016-08-04 20:02:58,256 INFO [org.junit.Test] zero00311
2016-08-04 20:02:58,256 INFO [org.junit.Test] zero00312
2016-08-04 20:02:58,256 INFO [org.junit.Test] zero00313
2016-08-04 20:02:58,256 INFO [org.junit.Test] zero00314
2016-08-04 20:02:58,256 INFO [org.junit.Test] zero00315
2016-08-04 20:02:58,256 INFO [org.junit.Test] zero00316
2016-08-04 20:02:58,256 INFO [org.junit.Test] zero00317
2016-08-04 20:02:58,256 INFO [org.junit.Test] zero00318
2016-08-04 20:02:58,256 INFO [org.junit.Test] zero00319
2016-08-04 20:02:58,256 INFO [org.junit.Test] zero00320
2016-08-04 20:02:58,256 INFO [org.junit.Test] zero00321
2016-08-04 20:02:58,256 INFO [org.junit.Test] zero00322
2016-08-04 20:02:58,256 INFO [org.junit.Test] zero00323
2016-08-04 20:02:58,256 INFO [org.junit.Test] zero00324
2016-08-04 20:02:58,256 INFO [org.junit.Test] zero00325
2016-08-04 20:02:58,256 INFO [org.junit.Test] zero00326
2016-08-04 20:02:58,256 INFO [org.junit.Test] zero00327
2016-08-04 20:02:58,256 INFO [org.junit.Test] zero00328
2016-08-04 20:02:58,256 INFO [org.junit.Test] zero00329
2016-08-04 20:02:58,256 INFO [org.junit.Test] zero00330
2016-08-04 20:02:58,256 INFO [org.junit.Test] zero00331
2016-08-04 20:02:58,256 INFO [org.junit.Test] zero00332
2016-08-04 20:02:58,256 INFO [org.junit.Test] zero00333
2016-08-04 20:02:58,256 INFO [org.junit.Test] zero00334
2016-08-04 20:02:58,256 INFO [org.junit.Test] zero00335
2016-08-04 20:02:58,256 INFO [org.junit.Test] zero00336
2016-08-04 20:02:58,256 INFO [org.junit.Test] zero00337
2016-08-04 20:02:58,256 INFO [org.junit.Test] zero00338
2016-08-04 20:02:58,256 INFO [org.junit.Test] zero00339
2016-08-04 20:02:58,256 INFO [org.junit.Test] zero00340
2016-08-04 20:02:58,256 INFO [org.junit.Test] zero00341
2016-08-04 20:02:58,256 INFO [org.junit.Test] zero00342
2016-08-04 20:02:58,256 INFO [org.junit.Test] zero00343
2016-08-04 20:02:58,256 INFO [org.junit.Test] zero00344
2016-08-04 20:02:58,256 INFO [org.junit.Test] zero00345
2016-08-04 20:02:58,256 INFO [org.junit.Test] zero00346
2016-08-04 20:02:58,256 INFO [org.junit.Test] zero00347
2016-08-04 20:02:58,256 INFO [org.junit.Test] zero00348
2016-08-04 20:02:58,256 INFO [org.junit.Test] zero00349
2016-08-04 20:02:58,256 INFO [org.junit.Test] zero00350
2016-08-04 20:02:58,256 INFO [org.junit.Test] zero00351
2016-08-04 20:02:58,256 INFO [org.junit.Test] zero00352
2016-08-04 20:02:58,256 INFO [org.junit.Test] zero00353
2016-08-04 20:02:58,256 INFO [org.junit.Test] zero00354
2016-08-04 20:02:58,256 INFO [org.junit.Test] zero00355
2016-08-04 20:02:58,256 INFO [org.junit.Test] zero00356
2016-08-04 20:02:58,256 INFO [org.junit.Test] zero00357
2016-08-04 20:02:58,256 INFO [org.junit.Test] zero00358
2016-08-04 20:02:58,256 INFO [org.junit.Test] zero00359
2016-08-04 20:02:58,256 INFO [org.junit.Test] zero00360
2016-08-04 20:02:58,256 INFO [org.junit.Test] zero00361
2016-08-04 20:02:58,256 INFO [org.junit.Test] zero00362
2016-08-04 20:02:58,256 INFO [org.junit.Test] zero00363
2016-08-04 20:02:58,256 INFO [org.junit.Test] zero00364
2016-08-04 20:02:58,256 INFO [org.junit.Test] zero00365
2016-08-04 20:02:58,256 INFO [org.junit.Test] zero00366
2016-08-04 20:02:58,256 INFO [org.junit.Test] zero00367
2016-08-04 20:02:58,256 INFO [org.junit.Test] zero00368
2016-08-04 20:02:58,256 INFO [org.junit.Test] zero00369
2016-08-04 20:02:58,256 INFO [org.junit.Test] zero00370
2016-08-04 20:02:58,256 INFO [org.junit.Test] zero00371
2016-08-04 20:02:58,256 INFO [org.junit.Test] zero00372
2016-08-04 20:02:58,256 INFO [org.junit.Test] zero00373
2016-08-04 20:02:58,256 INFO [org.junit.Test] zero00374
2016-08-04 20:02:58,256 INFO [org.junit.Test] zero00375
2016-08-04 20:02:58,256 INFO [org.junit.Test] zero00376
2016-08-04 20:02:58,256 INFO [org.junit.Test] zero00377
2016-08-04 20:02:58,256 INFO [org.junit.Test] zero00378
2016-08-04 20:02:58,256 INFO [org.junit.Test] zero00379
2016-08-04 20:02:58,256 INFO [org.junit.Test] zero00380
2016-08-04 20:02:58,256 INFO [org.junit.Test] zero00381
2016-08-04 20:02:58,256 INFO [org.junit.Test] zero00382
2016-08-04 20:02:58,256 INFO [org.junit.Test] zero00383
2016-08-04 20:02:58,256 INFO [org.junit.Test] zero00384
2016-08-04 20:02:58,256 INFO [org.junit.Test] zero00385
2016-08-04 20:02:58,256 INFO [org.junit.Test] zero00386
2016-08-04 20:02:58,256 INFO [org.junit.Test] zero00387
2016-08-04 20:02:58,256 INFO [org.junit.Test] zero00388
2016-08-04 20:02:58,256 INFO [org.junit.Test] zero00389
2016-08-04 20:02:58,256 INFO [org.junit.Test] zero00390
2016-08-04 20:02:58,256 INFO [org.junit.Test] zero00391
2016-08-04 20:02:58,256 INFO [org.junit.Test] zero00392
2016-08-04 20:02:58,256 INFO [org.junit.Test] zero00393
2016-08-04 20:02:58,256 INFO [org.junit.Test] zero00394
2016-08-04 20:02:58,257 INFO [org.junit.Test] zero00395
2016-08-04 20:02:58,257 INFO [org.junit.Test] zero00396
2016-08-04 20:02:58,257 INFO [org.junit.Test] zero00397
2016-08-04 20:02:58,257 INFO [org.junit.Test] zero00398
2016-08-04 20:02:58,257 INFO [org.junit.Test] zero00399
2016-08-04 20:02:58,257 INFO [org.junit.Test] zero00400
2016-08-04 20:02:58,257 INFO [org.junit.Test] zero00401
2016-08-04 20:02:58,257 INFO [org.junit.Test] zero00402
2016-08-04 20:02:58,257 INFO [org.junit.Test] zero00403
2016-08-04 20:02:58,257 INFO [org.junit.Test] zero00404
2016-08-04 20:02:58,257 INFO [org.junit.Test] zero00405
2016-08-04 20:02:58,257 INFO [org.junit.Test] zero00406
2016-08-04 20:02:58,257 INFO [org.junit.Test] zero00407
2016-08-04 20:02:58,257 INFO [org.junit.Test] zero00408
2016-08-04 20:02:58,257 INFO [org.junit.Test] zero00409
2016-08-04 20:02:58,257 INFO [org.junit.Test] zero00410
2016-08-04 20:02:58,257 INFO [org.junit.Test] zero00411
2016-08-04 20:02:58,257 INFO [org.junit.Test] zero00412
2016-08-04 20:02:58,257 INFO [org.junit.Test] zero00413
2016-08-04 20:02:58,257 INFO [org.junit.Test] zero00414
2016-08-04 20:02:58,257 INFO [org.junit.Test] zero00415
2016-08-04 20:02:58,257 INFO [org.junit.Test] zero00416
2016-08-04 20:02:58,257 INFO [org.junit.Test] zero00417
2016-08-04 20:02:58,257 INFO [org.junit.Test] zero00418
2016-08-04 20:02:58,257 INFO [org.junit.Test] zero00419
2016-08-04 20:02:58,257 INFO [org.junit.Test] zero00420
2016-08-04 20:02:58,257 INFO [org.junit.Test] zero00421
2016-08-04 20:02:58,257 INFO [org.junit.Test] zero00422
2016-08-04 20:02:58,257 INFO [org.junit.Test] zero00423
2016-08-04 20:02:58,257 INFO [org.junit.Test] zero00424
2016-08-04 20:02:58,257 INFO [org.junit.Test] zero00425
2016-08-04 20:02:58,257 INFO [org.junit.Test] zero00426
2016-08-04 20:02:58,257 INFO [org.junit.Test] zero00427
2016-08-04 20:02:58,257 INFO [org.junit.Test] zero00428
2016-08-04 20:02:58,257 INFO [org.junit.Test] zero00429
2016-08-04 20:02:58,257 INFO [org.junit.Test] zero00430
2016-08-04 20:02:58,257 INFO [org.junit.Test] zero00431
2016-08-04 20:02:58,257 INFO [org.junit.Test] zero00432
2016-08-04 20:02:58,257 INFO [org.junit.Test] zero00433
2016-08-04 20:02:58,257 INFO [org.junit.Test] zero00434
2016-08-04 20:02:58,257 INFO [org.junit.Test] zero00435
2016-08-04 20:02:58,257 INFO [org.junit.Test] zero00436
2016-08-04 20:02:58,257 INFO [org.junit.Test] zero00437
2016-08-04 20:02:58,257 INFO [org.junit.Test] zero00438
2016-08-04 20:02:58,257 INFO [org.junit.Test] zero00439
2016-08-04 20:02:58,257 INFO [org.junit.Test] zero00440
2016-08-04 20:02:58,257 INFO [org.junit.Test] zero00441
2016-08-04 20:02:58,257 INFO [org.junit.Test] zero00442
2016-08-04 20:02:58,257 INFO [org.junit.Test] zero00443
2016-08-04 20:02:58,257 INFO [org.junit.Test] zero00444
2016-08-04 20:02:58,257 INFO [org.junit.Test] zero00445
2016-08-04 20:02:58,257 INFO [org.junit.Test] zero00446
2016-08-04 20:02:58,257 INFO [org.junit.Test] zero00447
2016-08-04 20:02:58,257 INFO [org.junit.Test] zero00448
2016-08-04 20:02:58,257 INFO [org.junit.Test] zero00449
2016-08-04 20:02:58,257 INFO [org.junit.Test] zero00450
2016-08-04 20:02:58,257 INFO [org.junit.Test] zero00451
2016-08-04 20:02:58,257 INFO [org.junit.Test] zero00452
2016-08-04 20:02:58,257 INFO [org.junit.Test] zero00453
2016-08-04 20:02:58,257 INFO [org.junit.Test] zero00454
2016-08-04 20:02:58,257 INFO [org.junit.Test] zero00455
2016-08-04 20:02:58,257 INFO [org.junit.Test] zero00456
2016-08-04 20:02:58,257 INFO [org.junit.Test] zero00457
2016-08-04 20:02:58,257 INFO [org.junit.Test] zero00458
2016-08-04 20:02:58,257 INFO [org.junit.Test] zero00459
2016-08-04 20:02:58,257 INFO [org.junit.Test] zero00460
2016-08-04 20:02:58,257 INFO [org.junit.Test] zero00461
2016-08-04 20:02:58,257 INFO [org.junit.Test] zero00462
2016-08-04 20:02:58,257 INFO [org.junit.Test] zero00463
2016-08-04 20:02:58,257 INFO [org.junit.Test] zero00464
2016-08-04 20:02:58,257 INFO [org.junit.Test] zero00465
2016-08-04 20:02:58,257 INFO [org.junit.Test] zero00466
2016-08-04 20:02:58,257 INFO [org.junit.Test] zero00467
2016-08-04 20:02:58,257 INFO [org.junit.Test] zero00468
2016-08-04 20:02:58,257 INFO [org.junit.Test] zero00469
2016-08-04 20:02:58,257 INFO [org.junit.Test] zero00470
2016-08-04 20:02:58,257 INFO [org.junit.Test] zero00471
2016-08-04 20:02:58,257 INFO [org.junit.Test] zero00472
2016-08-04 20:02:58,257 INFO [org.junit.Test] zero00473
2016-08-04 20:02:58,257 INFO [org.junit.Test] zero00474
2016-08-04 20:02:58,257 INFO [org.junit.Test] zero00475
2016-08-04 20:02:58,257 INFO [org.junit.Test] zero00476
2016-08-04 20:02:58,257 INFO [org.junit.Test] zero00477
2016-08-04 20:02:58,257 INFO [org.junit.Test] zero00478
2016-08-04 20:02:58,257 INFO [org.junit.Test] zero00479
2016-08-04 20:02:58,257 INFO [org.junit.Test] zero00480
2016-08-04 20:02:58,257 INFO [org.junit.Test] zero00481
2016-08-04 20:02:58,257 INFO [org.junit.Test] zero00482
2016-08-04 20:02:58,257 INFO [org.junit.Test] zero00483
2016-08-04 20:02:58,257 INFO [org.junit.Test] zero00484
2016-08-04 20:02:58,257 INFO [org.junit.Test] zero00485
2016-08-04 20:02:58,257 INFO [org.junit.Test] zero00486
2016-08-04 20:02:58,257 INFO [org.junit.Test] zero00487
2016-08-04 20:02:58,257 INFO [org.junit.Test] zero00488
2016-08-04 20:02:58,257 INFO [org.junit.Test] zero00489
2016-08-04 20:02:58,257 INFO [org.junit.Test] zero00490
2016-08-04 20:02:58,257 INFO [org.junit.Test] zero00491
2016-08-04 20:02:58,257 INFO [org.junit.Test] zero00492
2016-08-04 20:02:58,257 INFO [org.junit.Test] zero00493
2016-08-04 20:02:58,257 INFO [org.junit.Test] zero00494
2016-08-04 20:02:58,257 INFO [org.junit.Test] zero00495
2016-08-04 20:02:58,257 INFO [org.junit.Test] zero00496
2016-08-04 20:02:58,257 INFO [org.junit.Test] zero00497
2016-08-04 20:02:58,257 INFO [org.junit.Test] zero00498
2016-08-04 20:02:58,257 INFO [org.junit.Test] zero00499
2016-08-04 20:02:58,257 INFO [org.junit.Test] zero00500
2016-08-04 20:02:58,257 INFO [org.junit.Test] zero00501
2016-08-04 20:02:58,257 INFO [org.junit.Test] zero00502
2016-08-04 20:02:58,257 INFO [org.junit.Test] zero00503
2016-08-04 20:02:58,257 INFO [org.junit.Test] zero00504
2016-08-04 20:02:58,257 INFO [org.junit.Test] zero00505
2016-08-04 20:02:58,257 INFO [org.junit.Test] zero00506
2016-08-04 20:02:58,257 INFO [org.junit.Test] zero00507
2016-08-04 20:02:58,257 INFO [org.junit.Test] zero00508
2016-08-04 20:02:58,257 INFO [org.junit.Test] zero00509
2016-08-04 20:02:58,257 INFO [org.junit.Test] zero00510
2016-08-04 20:02:58,257 INFO [org.junit.Test] zero00511
2016-08-04 20:02:58,257 INFO [org.junit.Test] zero00512
2016-08-04 20:02:58,257 INFO [org.junit.Test] zero00513
2016-08-04 20:02:58,257 INFO [org.junit.Test] zero00514
2016-08-04 20:02:58,257 INFO [org.junit.Test] zero00515
2016-08-04 20:02:58,257 INFO [org.junit.Test] zero00516
2016-08-04 20:02:58,257 INFO [org.junit.Test] zero00517
2016-08-04 20:02:58,257 INFO [org.junit.Test] zero00518
2016-08-04 20:02:58,257 INFO [org.junit.Test] zero00519
2016-08-04 20:02:58,257 INFO [org.junit.Test] zero00520
2016-08-04 20:02:58,257 INFO [org.junit.Test] zero00521
2016-08-04 20:02:58,257 INFO [org.junit.Test] zero00522
2016-08-04 20:02:58,257 INFO [org.junit.Test] zero00523
2016-08-04 20:02:58,257 INFO [org.junit.Test] zero00524
2016-08-04 20:02:58,257 INFO [org.junit.Test] zero00525
2016-08-04 20:02:58,257 INFO [org.junit.Test] zero00526
2016-08-04 20:02:58,257 INFO [org.junit.Test] zero00527
2016-08-04 20:02:58,257 INFO [org.junit.Test] zero00528
2016-08-04 20:02:58,257 INFO [org.junit.Test] zero00529
2016-08-04 20:02:58,257 INFO [org.junit.Test] zero00530
2016-08-04 20:02:58,257 INFO [org.junit.Test] zero00531
2016-08-04 20:02:58,257 INFO [org.junit.Test] zero00532
2016-08-04 20:02:58,257 INFO [org.junit.Test] zero00533
2016-08-04 20:02:58,257 INFO [org.junit.Test] zero00534
2016-08-04 20:02:58,257 INFO [org.junit.Test] zero00535
2016-08-04 20:02:58,257 INFO [org.junit.Test] zero00536
2016-08-04 20:02:58,257 INFO [org.junit.Test] zero00537
2016-08-04 20:02:58,257 INFO [org.junit.Test] zero00538
2016-08-04 20:02:58,257 INFO [org.junit.Test] zero00539
2016-08-04 20:02:58,257 INFO [org.junit.Test] zero00540
2016-08-04 20:02:58,257 INFO [org.junit.Test] zero00541
2016-08-04 20:02:58,257 INFO [org.junit.Test] zero00542
2016-08-04 20:02:58,257 INFO [org.junit.Test] zero00543
2016-08-04 20:02:58,257 INFO [org.junit.Test] zero00544
2016-08-04 20:02:58,257 INFO [org.junit.Test] zero00545
2016-08-04 20:02:58,257 INFO [org.junit.Test] zero00546
2016-08-04 20:02:58,257 INFO [org.junit.Test] zero00547
2016-08-04 20:02:58,257 INFO [org.junit.Test] zero00548
2016-08-04 20:02:58,257 INFO [org.junit.Test] zero00549
2016-08-04 20:02:58,257 INFO [org.junit.Test] zero00550
2016-08-04 20:02:58,257 INFO [org.junit.Test] zero00551
2016-08-04 20:02:58,257 INFO [org.junit.Test] zero00552
2016-08-04 20:02:58,257 INFO [org.junit.Test] zero00553
2016-08-04 20:02:58,257 INFO [org.junit.Test] zero00554
2016-08-04 20:02:58,257 INFO [org.junit.Test] zero00555
2016-08-04 20:02:58,257 INFO [org.junit.Test] zero00556
2016-08-04 20:02:58,257 INFO [org.junit.Test] zero00557
2016-08-04 20:02:58,257 INFO [org.junit.Test] zero00558
2016-08-04 20:02:58,257 INFO [org.junit.Test] zero00559
2016-08-04 20:02:58,257 INFO [org.junit.Test] zero00560
2016-08-04 20:02:58,257 INFO [org.junit.Test] zero00561
2016-08-04 20:02:58,257 INFO [org.junit.Test] zero00562
2016-08-04 20:02:58,257 INFO [org.junit.Test] zero00563
2016-08-04 20:02:58,257 INFO [org.junit.Test] zero00564
2016-08-04 20:02:58,257 INFO [org.junit.Test] zero00565
2016-08-04 20:02:58,257 INFO [org.junit.Test] zero00566
2016-08-04 20:02:58,257 INFO [org.junit.Test] zero00567
2016-08-04 20:02:58,257 INFO [org.junit.Test] zero00568
2016-08-04 20:02:58,257 INFO [org.junit.Test] zero00569
2016-08-04 20:02:58,257 INFO [org.junit.Test] zero00570
2016-08-04 20:02:58,257 INFO [org.junit.Test] zero00571
2016-08-04 20:02:58,257 INFO [org.junit.Test] zero00572
2016-08-04 20:02:58,257 INFO [org.junit.Test] zero00573
2016-08-04 20:02:58,257 INFO [org.junit.Test] zero00574
2016-08-04 20:02:58,257 INFO [org.junit.Test] zero00575
2016-08-04 20:02:58,257 INFO [org.junit.Test] zero00576
2016-08-04 20:02:58,257 INFO [org.junit.Test] zero00577
2016-08-04 20:02:58,257 INFO [org.junit.Test] zero00578
2016-08-04 20:02:58,257 INFO [org.junit.Test] zero00579
2016-08-04 20:02:58,257 INFO [org.junit.Test] zero00580
2016-08-04 20:02:58,257 INFO [org.junit.Test] zero00581
2016-08-04 20:02:58,257 INFO [org.junit.Test] zero00582
2016-08-04 20:02:58,257 INFO [org.junit.Test] zero00583
2016-08-04 20:02:58,257 INFO [org.junit.Test] zero00584
2016-08-04 20:02:58,257 INFO [org.junit.Test] zero00585
2016-08-04 20:02:58,257 INFO [org.junit.Test] zero00586
2016-08-04 20:02:58,257 INFO [org.junit.Test] zero00587
2016-08-04 20:02:58,257 INFO [org.junit.Test] zero00588
2016-08-04 20:02:58,257 INFO [org.junit.Test] zero00589
2016-08-04 20:02:58,257 INFO [org.junit.Test] zero00590
2016-08-04 20:02:58,257 INFO [org.junit.Test] zero00591
2016-08-04 20:02:58,257 INFO [org.junit.Test] zero00592
2016-08-04 20:02:58,257 INFO [org.junit.Test] zero00593
2016-08-04 20:02:58,257 INFO [org.junit.Test] zero00594
2016-08-04 20:02:58,257 INFO [org.junit.Test] zero00595
2016-08-04 20:02:58,257 INFO [org.junit.Test] zero00596
2016-08-04 20:02:58,257 INFO [org.junit.Test] zero00597
2016-08-04 20:02:58,257 INFO [org.junit.Test] zero00598
2016-08-04 20:02:58,257 INFO [org.junit.Test] zero00599
2016-08-04 20:02:58,257 INFO [org.junit.Test] zero00600
2016-08-04 20:02:58,257 INFO [org.junit.Test] zero00601
2016-08-04 20:02:58,257 INFO [org.junit.Test] zero00602
2016-08-04 20:02:58,257 INFO [org.junit.Test] zero00603
2016-08-04 20:02:58,257 INFO [org.junit.Test] zero00604
2016-08-04 20:02:58,257 INFO [org.junit.Test] zero00605
2016-08-04 20:02:58,257 INFO [org.junit.Test] zero00606
2016-08-04 20:02:58,258 INFO [org.junit.Test] zero00607
2016-08-04 20:02:58,258 INFO [org.junit.Test] zero00608
2016-08-04 20:02:58,258 INFO [org.junit.Test] zero00609
2016-08-04 20:02:58,258 INFO [org.junit.Test] zero00610
2016-08-04 20:02:58,258 INFO [org.junit.Test] zero00611
2016-08-04 20:02:58,258 INFO [org.junit.Test] zero00612
2016-08-04 20:02:58,258 INFO [org.junit.Test] zero00613
2016-08-04 20:02:58,258 INFO [org.junit.Test] zero00614
2016-08-04 20:02:58,258 INFO [org.junit.Test] zero00615
2016-08-04 20:02:58,258 INFO [org.junit.Test] zero00616
2016-08-04 20:02:58,258 INFO [org.junit.Test] zero00617
2016-08-04 20:02:58,258 INFO [org.junit.Test] zero00618
2016-08-04 20:02:58,258 INFO [org.junit.Test] zero00619
2016-08-04 20:02:58,258 INFO [org.junit.Test] zero00620
2016-08-04 20:02:58,258 INFO [org.junit.Test] zero00621
2016-08-04 20:02:58,258 INFO [org.junit.Test] zero00622
2016-08-04 20:02:58,258 INFO [org.junit.Test] zero00623
2016-08-04 20:02:58,258 INFO [org.junit.Test] zero00624
2016-08-04 20:02:58,258 INFO [org.junit.Test] zero00625
2016-08-04 20:02:58,258 INFO [org.junit.Test] zero00626
2016-08-04 20:02:58,258 INFO [org.junit.Test] zero00627
2016-08-04 20:02:58,258 INFO [org.junit.Test] zero00628
2016-08-04 20:02:58,258 INFO [org.junit.Test] zero00629
2016-08-04 20:02:58,258 INFO [org.junit.Test] zero00630
2016-08-04 20:02:58,258 INFO [org.junit.Test] zero00631
2016-08-04 20:02:58,258 INFO [org.junit.Test] zero00632
2016-08-04 20:02:58,258 INFO [org.junit.Test] zero00633
2016-08-04 20:02:58,258 INFO [org.junit.Test] zero00634
2016-08-04 20:02:58,258 INFO [org.junit.Test] zero00635
2016-08-04 20:02:58,258 INFO [org.junit.Test] zero00636
2016-08-04 20:02:58,258 INFO [org.junit.Test] zero00637
2016-08-04 20:02:58,258 INFO [org.junit.Test] zero00638
2016-08-04 20:02:58,258 INFO [org.junit.Test] zero00639
2016-08-04 20:02:58,258 INFO [org.junit.Test] zero00640
2016-08-04 20:02:58,258 INFO [org.junit.Test] zero00641
2016-08-04 20:02:58,258 INFO [org.junit.Test] zero00642
2016-08-04 20:02:58,258 INFO [org.junit.Test] zero00643
2016-08-04 20:02:58,258 INFO [org.junit.Test] zero00644
2016-08-04 20:02:58,258 INFO [org.junit.Test] zero00645
2016-08-04 20:02:58,258 INFO [org.junit.Test] zero00646
2016-08-04 20:02:58,258 INFO [org.junit.Test] zero00647
2016-08-04 20:02:58,258 INFO [org.junit.Test] zero00648
2016-08-04 20:02:58,258 INFO [org.junit.Test] zero00649
2016-08-04 20:02:58,258 INFO [org.junit.Test] zero00650
2016-08-04 20:02:58,258 INFO [org.junit.Test] zero00651
2016-08-04 20:02:58,258 INFO [org.junit.Test] zero00652
2016-08-04 20:02:58,258 INFO [org.junit.Test] zero00653
2016-08-04 20:02:58,258 INFO [org.junit.Test] zero00654
2016-08-04 20:02:58,258 INFO [org.junit.Test] zero00655
2016-08-04 20:02:58,258 INFO [org.junit.Test] zero00656
2016-08-04 20:02:58,258 INFO [org.junit.Test] zero00657
2016-08-04 20:02:58,258 INFO [org.junit.Test] zero00658
2016-08-04 20:02:58,258 INFO [org.junit.Test] zero00659
2016-08-04 20:02:58,258 INFO [org.junit.Test] zero00660
2016-08-04 20:02:58,258 INFO [org.junit.Test] zero00661
2016-08-04 20:02:58,258 INFO [org.junit.Test] zero00662
2016-08-04 20:02:58,258 INFO [org.junit.Test] zero00663
2016-08-04 20:02:58,258 INFO [org.junit.Test] zero00664
2016-08-04 20:02:58,258 INFO [org.junit.Test] zero00665
2016-08-04 20:02:58,258 INFO [org.junit.Test] zero00666
2016-08-04 20:02:58,258 INFO [org.junit.Test] zero00667
2016-08-04 20:02:58,258 INFO [org.junit.Test] zero00668
2016-08-04 20:02:58,258 INFO [org.junit.Test] zero00669
2016-08-04 20:02:58,258 INFO [org.junit.Test] zero00670
2016-08-04 20:02:58,258 INFO [org.junit.Test] zero00671
2016-08-04 20:02:58,258 INFO [org.junit.Test] zero00672
2016-08-04 20:02:58,258 INFO [org.junit.Test] zero00673
2016-08-04 20:02:58,258 INFO [org.junit.Test] zero00674
2016-08-04 20:02:58,258 INFO [org.junit.Test] zero00675
2016-08-04 20:02:58,258 INFO [org.junit.Test] zero00676
2016-08-04 20:02:58,258 INFO [org.junit.Test] zero00677
2016-08-04 20:02:58,258 INFO [org.junit.Test] zero00678
2016-08-04 20:02:58,258 INFO [org.junit.Test] zero00679
2016-08-04 20:02:58,258 INFO [org.junit.Test] zero00680
2016-08-04 20:02:58,258 INFO [org.junit.Test] zero00681
2016-08-04 20:02:58,258 INFO [org.junit.Test] zero00682
2016-08-04 20:02:58,258 INFO [org.junit.Test] zero00683
2016-08-04 20:02:58,258 INFO [org.junit.Test] zero00684
2016-08-04 20:02:58,258 INFO [org.junit.Test] zero00685
2016-08-04 20:02:58,258 INFO [org.junit.Test] zero00686
2016-08-04 20:02:58,258 INFO [org.junit.Test] zero00687
2016-08-04 20:02:58,258 INFO [org.junit.Test] zero00688
2016-08-04 20:02:58,258 INFO [org.junit.Test] zero00689
2016-08-04 20:02:58,258 INFO [org.junit.Test] zero00690
2016-08-04 20:02:58,258 INFO [org.junit.Test] zero00691
2016-08-04 20:02:58,258 INFO [org.junit.Test] zero00692
2016-08-04 20:02:58,258 INFO [org.junit.Test] zero00693
2016-08-04 20:02:58,258 INFO [org.junit.Test] zero00694
2016-08-04 20:02:58,258 INFO [org.junit.Test] zero00695
2016-08-04 20:02:58,258 INFO [org.junit.Test] zero00696
2016-08-04 20:02:58,258 INFO [org.junit.Test] zero00697
2016-08-04 20:02:58,258 INFO [org.junit.Test] zero00698
2016-08-04 20:02:58,258 INFO [org.junit.Test] zero00699
2016-08-04 20:02:58,258 INFO [org.junit.Test] zero00700
2016-08-04 20:02:58,258 INFO [org.junit.Test] zero00701
2016-08-04 20:02:58,258 INFO [org.junit.Test] zero00702
2016-08-04 20:02:58,258 INFO [org.junit.Test] zero00703
2016-08-04 20:02:58,258 INFO [org.junit.Test] zero00704
2016-08-04 20:02:58,258 INFO [org.junit.Test] zero00705
2016-08-04 20:02:58,258 INFO [org.junit.Test] zero00706
2016-08-04 20:02:58,258 INFO [org.junit.Test] zero00707
2016-08-04 20:02:58,258 INFO [org.junit.Test] zero00708
2016-08-04 20:02:58,258 INFO [org.junit.Test] zero00709
2016-08-04 20:02:58,258 INFO [org.junit.Test] zero00710
2016-08-04 20:02:58,258 INFO [org.junit.Test] zero00711
2016-08-04 20:02:58,258 INFO [org.junit.Test] zero00712
2016-08-04 20:02:58,258 INFO [org.junit.Test] zero00713
2016-08-04 20:02:58,258 INFO [org.junit.Test] zero00714
2016-08-04 20:02:58,258 INFO [org.junit.Test] zero00715
2016-08-04 20:02:58,258 INFO [org.junit.Test] zero00716
2016-08-04 20:02:58,258 INFO [org.junit.Test] zero00717
2016-08-04 20:02:58,258 INFO [org.junit.Test] zero00718
2016-08-04 20:02:58,258 INFO [org.junit.Test] zero00719
2016-08-04 20:02:58,258 INFO [org.junit.Test] zero00720
2016-08-04 20:02:58,258 INFO [org.junit.Test] zero00721
2016-08-04 20:02:58,258 INFO [org.junit.Test] zero00722
2016-08-04 20:02:58,258 INFO [org.junit.Test] zero00723
2016-08-04 20:02:58,258 INFO [org.junit.Test] zero00724
2016-08-04 20:02:58,258 INFO [org.junit.Test] zero00725
2016-08-04 20:02:58,258 INFO [org.junit.Test] zero00726
2016-08-04 20:02:58,258 INFO [org.junit.Test] zero00727
2016-08-04 20:02:58,258 INFO [org.junit.Test] zero00728
2016-08-04 20:02:58,258 INFO [org.junit.Test] zero00729
2016-08-04 20:02:58,258 INFO [org.junit.Test] zero00730
2016-08-04 20:02:58,258 INFO [org.junit.Test] zero00731
2016-08-04 20:02:58,258 INFO [org.junit.Test] zero00732
2016-08-04 20:02:58,258 INFO [org.junit.Test] zero00733
2016-08-04 20:02:58,258 INFO [org.junit.Test] zero00734
2016-08-04 20:02:58,258 INFO [org.junit.Test] zero00735
2016-08-04 20:02:58,258 INFO [org.junit.Test] zero00736
2016-08-04 20:02:58,258 INFO [org.junit.Test] zero00737
2016-08-04 20:02:58,258 INFO [org.junit.Test] zero00738
2016-08-04 20:02:58,258 INFO [org.junit.Test] zero00739
2016-08-04 20:02:58,258 INFO [org.junit.Test] zero00740
2016-08-04 20:02:58,258 INFO [org.junit.Test] zero00741
2016-08-04 20:02:58,258 INFO [org.junit.Test] zero00742
2016-08-04 20:02:58,258 INFO [org.junit.Test] zero00743
2016-08-04 20:02:58,258 INFO [org.junit.Test] zero00744
2016-08-04 20:02:58,258 INFO [org.junit.Test] zero00745
2016-08-04 20:02:58,258 INFO [org.junit.Test] zero00746
2016-08-04 20:02:58,258 INFO [org.junit.Test] zero00747
2016-08-04 20:02:58,258 INFO [org.junit.Test] zero00748
2016-08-04 20:02:58,258 INFO [org.junit.Test] zero00749
2016-08-04 20:02:58,258 INFO [org.junit.Test] zero00750
2016-08-04 20:02:58,258 INFO [org.junit.Test] zero00751
2016-08-04 20:02:58,258 INFO [org.junit.Test] zero00752
2016-08-04 20:02:58,258 INFO [org.junit.Test] zero00753
2016-08-04 20:02:58,258 INFO [org.junit.Test] zero00754
2016-08-04 20:02:58,258 INFO [org.junit.Test] zero00755
2016-08-04 20:02:58,258 INFO [org.junit.Test] zero00756
2016-08-04 20:02:58,258 INFO [org.junit.Test] zero00757
2016-08-04 20:02:58,258 INFO [org.junit.Test] zero00758
2016-08-04 20:02:58,258 INFO [org.junit.Test] zero00759
2016-08-04 20:02:58,258 INFO [org.junit.Test] zero00760
2016-08-04 20:02:58,258 INFO [org.junit.Test] zero00761
2016-08-04 20:02:58,258 INFO [org.junit.Test] zero00762
2016-08-04 20:02:58,258 INFO [org.junit.Test] zero00763
2016-08-04 20:02:58,258 INFO [org.junit.Test] zero00764
2016-08-04 20:02:58,258 INFO [org.junit.Test] zero00765
2016-08-04 20:02:58,258 INFO [org.junit.Test] zero00766
2016-08-04 20:02:58,258 INFO [org.junit.Test] zero00767
2016-08-04 20:02:58,258 INFO [org.junit.Test] zero00768
2016-08-04 20:02:58,258 INFO [org.junit.Test] zero00769
2016-08-04 20:02:58,258 INFO [org.junit.Test] zero00770
2016-08-04 20:02:58,258 INFO [org.junit.Test] zero00771
2016-08-04 20:02:58,258 INFO [org.junit.Test] zero00772
2016-08-04 20:02:58,258 INFO [org.junit.Test] zero00773
2016-08-04 20:02:58,258 INFO [org.junit.Test] zero00774
2016-08-04 20:02:58,258 INFO [org.junit.Test] zero00775
2016-08-04 20:02:58,258 INFO [org.junit.Test] zero00776
2016-08-04 20:02:58,258 INFO [org.junit.Test] zero00777
2016-08-04 20:02:58,258 INFO [org.junit.Test] zero00778
2016-08-04 20:02:58,258 INFO [org.junit.Test] zero00779
2016-08-04 20:02:58,258 INFO [org.junit.Test] zero00780
2016-08-04 20:02:58,258 INFO [org.junit.Test] zero00781
2016-08-04 20:02:58,258 INFO [org.junit.Test] zero00782
2016-08-04 20:02:58,258 INFO [org.junit.Test] zero00783
2016-08-04 20:02:58,258 INFO [org.junit.Test] zero00784
2016-08-04 20:02:58,258 INFO [org.junit.Test] zero00785
2016-08-04 20:02:58,258 INFO [org.junit.Test] zero00786
2016-08-04 20:02:58,258 INFO [org.junit.Test] zero00787
2016-08-04 20:02:58,258 INFO [org.junit.Test] zero00788
2016-08-04 20:02:58,258 INFO [org.junit.Test] zero00789
2016-08-04 20:02:58,258 INFO [org.junit.Test] zero00790
2016-08-04 20:02:58,258 INFO [org.junit.Test] zero00791
2016-08-04 20:02:58,258 INFO [org.junit.Test] zero00792
2016-08-04 20:02:58,258 INFO [org.junit.Test] zero00793
2016-08-04 20:02:58,258 INFO [org.junit.Test] zero00794
2016-08-04 20:02:58,258 INFO [org.junit.Test] zero00795
2016-08-04 20:02:58,258 INFO [org.junit.Test] zero00796
2016-08-04 20:02:58,258 INFO [org.junit.Test] zero00797
2016-08-04 20:02:58,258 INFO [org.junit.Test] zero00798
2016-08-04 20:02:58,258 INFO [org.junit.Test] zero00799
2016-08-04 20:02:58,258 INFO [org.junit.Test] zero00800
2016-08-04 20:02:58,258 INFO [org.junit.Test] zero00801
2016-08-04 20:02:58,258 INFO [org.junit.Test] zero00802
2016-08-04 20:02:58,258 INFO [org.junit.Test] zero00803
2016-08-04 20:02:58,258 INFO [org.junit.Test] zero00804
2016-08-04 20:02:58,258 INFO [org.junit.Test] zero00805
2016-08-04 20:02:58,258 INFO [org.junit.Test] zero00806
2016-08-04 20:02:58,258 INFO [org.junit.Test] zero00807
2016-08-04 20:02:58,258 INFO [org.junit.Test] zero00808
2016-08-04 20:02:58,258 INFO [org.junit.Test] zero00809
2016-08-04 20:02:58,258 INFO [org.junit.Test] zero00810
2016-08-04 20:02:58,258 INFO [org.junit.Test] zero00811
2016-08-04 20:02:58,258 INFO [org.junit.Test] zero00812
2016-08-04 20:02:58,258 INFO [org.junit.Test] zero00813
2016-08-04 20:02:58,258 INFO [org.junit.Test] zero00814
2016-08-04 20:02:58,259 INFO [org.junit.Test] zero00815
2016-08-04 20:02:58,259 INFO [org.junit.Test] zero00816
2016-08-04 20:02:58,259 INFO [org.junit.Test] zero00817
2016-08-04 20:02:58,259 INFO [org.junit.Test] zero00818
2016-08-04 20:02:58,259 INFO [org.junit.Test] zero00819
2016-08-04 20:02:58,259 INFO [org.junit.Test] zero00820
2016-08-04 20:02:58,259 INFO [org.junit.Test] zero00821
2016-08-04 20:02:58,259 INFO [org.junit.Test] zero00822
2016-08-04 20:02:58,259 INFO [org.junit.Test] zero00823
2016-08-04 20:02:58,259 INFO [org.junit.Test] zero00824
2016-08-04 20:02:58,259 INFO [org.junit.Test] zero00825
2016-08-04 20:02:58,259 INFO [org.junit.Test] zero00826
2016-08-04 20:02:58,259 INFO [org.junit.Test] zero00827
2016-08-04 20:02:58,259 INFO [org.junit.Test] zero00828
2016-08-04 20:02:58,259 INFO [org.junit.Test] zero00829
2016-08-04 20:02:58,259 INFO [org.junit.Test] zero00830
2016-08-04 20:02:58,259 INFO [org.junit.Test] zero00831
2016-08-04 20:02:58,259 INFO [org.junit.Test] zero00832
2016-08-04 20:02:58,259 INFO [org.junit.Test] zero00833
2016-08-04 20:02:58,259 INFO [org.junit.Test] zero00834
2016-08-04 20:02:58,259 INFO [org.junit.Test] zero00835
2016-08-04 20:02:58,259 INFO [org.junit.Test] zero00836
2016-08-04 20:02:58,259 INFO [org.junit.Test] zero00837
2016-08-04 20:02:58,259 INFO [org.junit.Test] zero00838
2016-08-04 20:02:58,259 INFO [org.junit.Test] zero00839
2016-08-04 20:02:58,259 INFO [org.junit.Test] zero00840
2016-08-04 20:02:58,259 INFO [org.junit.Test] zero00841
2016-08-04 20:02:58,259 INFO [org.junit.Test] zero00842
2016-08-04 20:02:58,259 INFO [org.junit.Test] zero00843
2016-08-04 20:02:58,259 INFO [org.junit.Test] zero00844
2016-08-04 20:02:58,259 INFO [org.junit.Test] zero00845
2016-08-04 20:02:58,259 INFO [org.junit.Test] zero00846
2016-08-04 20:02:58,259 INFO [org.junit.Test] zero00847
2016-08-04 20:02:58,259 INFO [org.junit.Test] zero00848
2016-08-04 20:02:58,259 INFO [org.junit.Test] zero00849
2016-08-04 20:02:58,259 INFO [org.junit.Test] zero00850
2016-08-04 20:02:58,259 INFO [org.junit.Test] zero00851
2016-08-04 20:02:58,259 INFO [org.junit.Test] zero00852
2016-08-04 20:02:58,259 INFO [org.junit.Test] zero00853
2016-08-04 20:02:58,259 INFO [org.junit.Test] zero00854
2016-08-04 20:02:58,259 INFO [org.junit.Test] zero00855
2016-08-04 20:02:58,259 INFO [org.junit.Test] zero00856
2016-08-04 20:02:58,259 INFO [org.junit.Test] zero00857
2016-08-04 20:02:58,259 INFO [org.junit.Test] zero00858
2016-08-04 20:02:58,259 INFO [org.junit.Test] zero00859
2016-08-04 20:02:58,259 INFO [org.junit.Test] zero00860
2016-08-04 20:02:58,259 INFO [org.junit.Test] zero00861
2016-08-04 20:02:58,259 INFO [org.junit.Test] zero00862
2016-08-04 20:02:58,259 INFO [org.junit.Test] zero00863
2016-08-04 20:02:58,259 INFO [org.junit.Test] zero00864
2016-08-04 20:02:58,259 INFO [org.junit.Test] zero00865
2016-08-04 20:02:58,259 INFO [org.junit.Test] zero00866
2016-08-04 20:02:58,259 INFO [org.junit.Test] zero00867
2016-08-04 20:02:58,259 INFO [org.junit.Test] zero00868
2016-08-04 20:02:58,259 INFO [org.junit.Test] zero00869
2016-08-04 20:02:58,259 INFO [org.junit.Test] zero00870
2016-08-04 20:02:58,259 INFO [org.junit.Test] zero00871
2016-08-04 20:02:58,259 INFO [org.junit.Test] zero00872
2016-08-04 20:02:58,259 INFO [org.junit.Test] zero00873
2016-08-04 20:02:58,259 INFO [org.junit.Test] zero00874
2016-08-04 20:02:58,259 INFO [org.junit.Test] zero00875
2016-08-04 20:02:58,259 INFO [org.junit.Test] zero00876
2016-08-04 20:02:58,259 INFO [org.junit.Test] zero00877
2016-08-04 20:02:58,259 INFO [org.junit.Test] zero00878
2016-08-04 20:02:58,259 INFO [org.junit.Test] zero00879
2016-08-04 20:02:58,259 INFO [org.junit.Test] zero00880
2016-08-04 20:02:58,259 INFO [org.junit.Test] zero00881
2016-08-04 20:02:58,259 INFO [org.junit.Test] zero00882
2016-08-04 20:02:58,259 INFO [org.junit.Test] zero00883
2016-08-04 20:02:58,259 INFO [org.junit.Test] zero00884
2016-08-04 20:02:58,259 INFO [org.junit.Test] zero00885
2016-08-04 20:02:58,259 INFO [org.junit.Test] zero00886
2016-08-04 20:02:58,259 INFO [org.junit.Test] zero00887
2016-08-04 20:02:58,259 INFO [org.junit.Test] zero00888
2016-08-04 20:02:58,259 INFO [org.junit.Test] zero00889
2016-08-04 20:02:58,259 INFO [org.junit.Test] zero00890
2016-08-04 20:02:58,259 INFO [org.junit.Test] zero00891
2016-08-04 20:02:58,259 INFO [org.junit.Test] zero00892
2016-08-04 20:02:58,259 INFO [org.junit.Test] zero00893
2016-08-04 20:02:58,259 INFO [org.junit.Test] zero00894
2016-08-04 20:02:58,259 INFO [org.junit.Test] zero00895
2016-08-04 20:02:58,259 INFO [org.junit.Test] zero00896
2016-08-04 20:02:58,259 INFO [org.junit.Test] zero00897
2016-08-04 20:02:58,259 INFO [org.junit.Test] zero00898
2016-08-04 20:02:58,259 INFO [org.junit.Test] zero00899
2016-08-04 20:02:58,259 INFO [org.junit.Test] zero00900
2016-08-04 20:02:58,259 INFO [org.junit.Test] zero00901
2016-08-04 20:02:58,259 INFO [org.junit.Test] zero00902
2016-08-04 20:02:58,259 INFO [org.junit.Test] zero00903
2016-08-04 20:02:58,259 INFO [org.junit.Test] zero00904
2016-08-04 20:02:58,259 INFO [org.junit.Test] zero00905
2016-08-04 20:02:58,259 INFO [org.junit.Test] zero00906
2016-08-04 20:02:58,259 INFO [org.junit.Test] zero00907
2016-08-04 20:02:58,259 INFO [org.junit.Test] zero00908
2016-08-04 20:02:58,259 INFO [org.junit.Test] zero00909
2016-08-04 20:02:58,259 INFO [org.junit.Test] zero00910
2016-08-04 20:02:58,259 INFO [org.junit.Test] zero00911
2016-08-04 20:02:58,259 INFO [org.junit.Test] zero00912
2016-08-04 20:02:58,259 INFO [org.junit.Test] zero00913
2016-08-04 20:02:58,259 INFO [org.junit.Test] zero00914
2016-08-04 20:02:58,259 INFO [org.junit.Test] zero00915
2016-08-04 20:02:58,259 INFO [org.junit.Test] zero00916
2016-08-04 20:02:58,259 INFO [org.junit.Test] zero00917
2016-08-04 20:02:58,259 INFO [org.junit.Test] zero00918
2016-08-04 20:02:58,259 INFO [org.junit.Test] zero00919
2016-08-04 20:02:58,259 INFO [org.junit.Test] zero00920
2016-08-04 20:02:58,259 INFO [org.junit.Test] zero00921
2016-08-04 20:02:58,259 INFO [org.junit.Test] zero00922
2016-08-04 20:02:58,259 INFO [org.junit.Test] zero00923
2016-08-04 20:02:58,259 INFO [org.junit.Test] zero00924
2016-08-04 20:02:58,259 INFO [org.junit.Test] zero00925
2016-08-04 20:02:58,259 INFO [org.junit.Test] zero00926
2016-08-04 20:02:58,259 INFO [org.junit.Test] zero00927
2016-08-04 20:02:58,259 INFO [org.junit.Test] zero00928
2016-08-04 20:02:58,259 INFO [org.junit.Test] zero00929
2016-08-04 20:02:58,259 INFO [org.junit.Test] zero00930
2016-08-04 20:02:58,259 INFO [org.junit.Test] zero00931
2016-08-04 20:02:58,259 INFO [org.junit.Test] zero00932
2016-08-04 20:02:58,259 INFO [org.junit.Test] zero00933
2016-08-04 20:02:58,259 INFO [org.junit.Test] zero00934
2016-08-04 20:02:58,259 INFO [org.junit.Test] zero00935
2016-08-04 20:02:58,259 INFO [org.junit.Test] zero00936
2016-08-04 20:02:58,259 INFO [org.junit.Test] zero00937
2016-08-04 20:02:58,259 INFO [org.junit.Test] zero00938
2016-08-04 20:02:58,259 INFO [org.junit.Test] zero00939
2016-08-04 20:02:58,259 INFO [org.junit.Test] zero00940
2016-08-04 20:02:58,259 INFO [org.junit.Test] zero00941
2016-08-04 20:02:58,259 INFO [org.junit.Test] zero00942
2016-08-04 20:02:58,260 INFO [org.junit.Test] zero00943
2016-08-04 20:02:58,260 INFO [org.junit.Test] zero00944
2016-08-04 20:02:58,260 INFO [org.junit.Test] zero00945
2016-08-04 20:02:58,260 INFO [org.junit.Test] zero00946
2016-08-04 20:02:58,260 INFO [org.junit.Test] zero00947
2016-08-04 20:02:58,260 INFO [org.junit.Test] zero00948
2016-08-04 20:02:58,260 INFO [org.junit.Test] zero00949
2016-08-04 20:02:58,260 INFO [org.junit.Test] zero00950
2016-08-04 20:02:58,260 INFO [org.junit.Test] zero00951
2016-08-04 20:02:58,260 INFO [org.junit.Test] zero00952
2016-08-04 20:02:58,260 INFO [org.junit.Test] zero00953
2016-08-04 20:02:58,260 INFO [org.junit.Test] zero00954
2016-08-04 20:02:58,260 INFO [org.junit.Test] zero00955
2016-08-04 20:02:58,260 INFO [org.junit.Test] zero00956
2016-08-04 20:02:58,260 INFO [org.junit.Test] zero00957
2016-08-04 20:02:58,260 INFO [org.junit.Test] zero00958
2016-08-04 20:02:58,260 INFO [org.junit.Test] zero00959
2016-08-04 20:02:58,260 INFO [org.junit.Test] zero00960
2016-08-04 20:02:58,260 INFO [org.junit.Test] zero00961
2016-08-04 20:02:58,260 INFO [org.junit.Test] zero00962
2016-08-04 20:02:58,260 INFO [org.junit.Test] zero00963
2016-08-04 20:02:58,260 INFO [org.junit.Test] zero00964
2016-08-04 20:02:58,260 INFO [org.junit.Test] zero00965
2016-08-04 20:02:58,260 INFO [org.junit.Test] zero00966
2016-08-04 20:02:58,260 INFO [org.junit.Test] zero00967
2016-08-04 20:02:58,260 INFO [org.junit.Test] zero00968
2016-08-04 20:02:58,260 INFO [org.junit.Test] zero00969
2016-08-04 20:02:58,260 INFO [org.junit.Test] zero00970
2016-08-04 20:02:58,260 INFO [org.junit.Test] zero00971
2016-08-04 20:02:58,260 INFO [org.junit.Test] zero00972
2016-08-04 20:02:58,260 INFO [org.junit.Test] zero00973
2016-08-04 20:02:58,260 INFO [org.junit.Test] zero00974
2016-08-04 20:02:58,260 INFO [org.junit.Test] zero00975
2016-08-04 20:02:58,260 INFO [org.junit.Test] zero00976
2016-08-04 20:02:58,260 INFO [org.junit.Test] zero00977
2016-08-04 20:02:58,260 INFO [org.junit.Test] zero00978
2016-08-04 20:02:58,260 INFO [org.junit.Test] zero00979
2016-08-04 20:02:58,260 INFO [org.junit.Test] zero00980
2016-08-04 20:02:58,260 INFO [org.junit.Test] zero00981
2016-08-04 20:02:58,260 INFO [org.junit.Test] zero00982
2016-08-04 20:02:58,260 INFO [org.junit.Test] zero00983
2016-08-04 20:02:58,260 INFO [org.junit.Test] zero00984
2016-08-04 20:02:58,260 INFO [org.junit.Test] zero00985
2016-08-04 20:02:58,260 INFO [org.junit.Test] zero00986
2016-08-04 20:02:58,260 INFO [org.junit.Test] zero00987
2016-08-04 20:02:58,260 INFO [org.junit.Test] zero00988
2016-08-04 20:02:58,260 INFO [org.junit.Test] zero00989
2016-08-04 20:02:58,260 INFO [org.junit.Test] zero00990
2016-08-04 20:02:58,260 INFO [org.junit.Test] zero00991
2016-08-04 20:02:58,260 INFO [org.junit.Test] zero00992
2016-08-04 20:02:58,260 INFO [org.junit.Test] zero00993
2016-08-04 20:02:58,260 INFO [org.junit.Test] zero00994
2016-08-04 20:02:58,260 INFO [org.junit.Test] zero00995
2016-08-04 20:02:58,260 INFO [org.junit.Test] zero00996
2016-08-04 20:02:58,260 INFO [org.junit.Test] zero00997
2016-08-04 20:02:58,260 INFO [org.junit.Test] zero00998
2016-08-04 20:02:58,260 INFO [org.junit.Test] zero00999
2016-08-04 20:03:01,260 INFO [org.junit.Test] zero000
2016-08-04 20:03:01,260 INFO [org.junit.Test] zero001
2016-08-04 20:03:01,260 INFO [org.junit.Test] zero002
2016-08-04 20:03:01,260 INFO [org.junit.Test] zero003
2016-08-04 20:03:01,260 INFO [org.junit.Test] zero004
2016-08-04 20:03:01,260 INFO [org.junit.Test] zero005
2016-08-04 20:03:01,260 INFO [org.junit.Test] zero006
2016-08-04 20:03:01,260 INFO [org.junit.Test] zero007
2016-08-04 20:03:01,260 INFO [org.junit.Test] zero008
2016-08-04 20:03:01,260 INFO [org.junit.Test] zero009
2016-08-04 20:03:01,260 INFO [org.junit.Test] zero0010
2016-08-04 20:03:01,260 INFO [org.junit.Test] zero0011
2016-08-04 20:03:01,260 INFO [org.junit.Test] zero0012
2016-08-04 20:03:01,260 INFO [org.junit.Test] zero0013
2016-08-04 20:03:01,260 INFO [org.junit.Test] zero0014
2016-08-04 20:03:01,260 INFO [org.junit.Test] zero0015
2016-08-04 20:03:01,260 INFO [org.junit.Test] zero0016
2016-08-04 20:03:01,260 INFO [org.junit.Test] zero0017
2016-08-04 20:03:01,260 INFO [org.junit.Test] zero0018
2016-08-04 20:03:01,260 INFO [org.junit.Test] zero0019
2016-08-04 20:03:01,260 INFO [org.junit.Test] zero0020
2016-08-04 20:03:01,260 INFO [org.junit.Test] zero0021
2016-08-04 20:03:01,260 INFO [org.junit.Test] zero0022
2016-08-04 20:03:01,260 INFO [org.junit.Test] zero0023
2016-08-04 20:03:01,260 INFO [org.junit.Test] zero0024
2016-08-04 20:03:01,260 INFO [org.junit.Test] zero0025
2016-08-04 20:03:01,260 INFO [org.junit.Test] zero0026
2016-08-04 20:03:01,260 INFO [org.junit.Test] zero0027
2016-08-04 20:03:01,260 INFO [org.junit.Test] zero0028
2016-08-04 20:03:01,260 INFO [org.junit.Test] zero0029
2016-08-04 20:03:01,260 INFO [org.junit.Test] zero0030
2016-08-04 20:03:01,260 INFO [org.junit.Test] zero0031
2016-08-04 20:03:01,260 INFO [org.junit.Test] zero0032
2016-08-04 20:03:01,260 INFO [org.junit.Test] zero0033
2016-08-04 20:03:01,260 INFO [org.junit.Test] zero0034
2016-08-04 20:03:01,260 INFO [org.junit.Test] zero0035
2016-08-04 20:03:01,260 INFO [org.junit.Test] zero0036
2016-08-04 20:03:01,260 INFO [org.junit.Test] zero0037
2016-08-04 20:03:01,260 INFO [org.junit.Test] zero0038
2016-08-04 20:03:01,260 INFO [org.junit.Test] zero0039
2016-08-04 20:03:01,260 INFO [org.junit.Test] zero0040
2016-08-04 20:03:01,260 INFO [org.junit.Test] zero0041
2016-08-04 20:03:01,260 INFO [org.junit.Test] zero0042
2016-08-04 20:03:01,260 INFO [org.junit.Test] zero0043
2016-08-04 20:03:01,260 INFO [org.junit.Test] zero0044
2016-08-04 20:03:01,260 INFO [org.junit.Test] zero0045
2016-08-04 20:03:01,260 INFO [org.junit.Test] zero0046
2016-08-04 20:03:01,260 INFO [org.junit.Test] zero0047
2016-08-04 20:03:01,260 INFO [org.junit.Test] zero0048
2016-08-04 20:03:01,260 INFO [org.junit.Test] zero0049
2016-08-04 20:03:01,260 INFO [org.junit.Test] zero0050
2016-08-04 20:03:01,260 INFO [org.junit.Test] zero0051
2016-08-04 20:03:01,260 INFO [org.junit.Test] zero0052
2016-08-04 20:03:01,260 INFO [org.junit.Test] zero0053
2016-08-04 20:03:01,260 INFO [org.junit.Test] zero0054
2016-08-04 20:03:01,260 INFO [org.junit.Test] zero0055
2016-08-04 20:03:01,260 INFO [org.junit.Test] zero0056
2016-08-04 20:03:01,260 INFO [org.junit.Test] zero0057
2016-08-04 20:03:01,260 INFO [org.junit.Test] zero0058
2016-08-04 20:03:01,260 INFO [org.junit.Test] zero0059
2016-08-04 20:03:01,260 INFO [org.junit.Test] zero0060
2016-08-04 20:03:01,260 INFO [org.junit.Test] zero0061
2016-08-04 20:03:01,260 INFO [org.junit.Test] zero0062
2016-08-04 20:03:01,260 INFO [org.junit.Test] zero0063
2016-08-04 20:03:01,260 INFO [org.junit.Test] zero0064
2016-08-04 20:03:01,260 INFO [org.junit.Test] zero0065
2016-08-04 20:03:01,260 INFO [org.junit.Test] zero0066
2016-08-04 20:03:01,260 INFO [org.junit.Test] zero0067
2016-08-04 20:03:01,260 INFO [org.junit.Test] zero0068
2016-08-04 20:03:01,260 INFO [org.junit.Test] zero0069
2016-08-04 20:03:01,260 INFO [org.junit.Test] zero0070
2016-08-04 20:03:01,260 INFO [org.junit.Test] zero0071
2016-08-04 20:03:01,260 INFO [org.junit.Test] zero0072
2016-08-04 20:03:01,260 INFO [org.junit.Test] zero0073
2016-08-04 20:03:01,260 INFO [org.junit.Test] zero0074
2016-08-04 20:03:01,260 INFO [org.junit.Test] zero0075
2016-08-04 20:03:01,260 INFO [org.junit.Test] zero0076
2016-08-04 20:03:01,260 INFO [org.junit.Test] zero0077
2016-08-04 20:03:01,260 INFO [org.junit.Test] zero0078
2016-08-04 20:03:01,260 INFO [org.junit.Test] zero0079
2016-08-04 20:03:01,260 INFO [org.junit.Test] zero0080
2016-08-04 20:03:01,260 INFO [org.junit.Test] zero0081
2016-08-04 20:03:01,260 INFO [org.junit.Test] zero0082
2016-08-04 20:03:01,260 INFO [org.junit.Test] zero0083
2016-08-04 20:03:01,260 INFO [org.junit.Test] zero0084
2016-08-04 20:03:01,260 INFO [org.junit.Test] zero0085
2016-08-04 20:03:01,260 INFO [org.junit.Test] zero0086
2016-08-04 20:03:01,260 INFO [org.junit.Test] zero0087
2016-08-04 20:03:01,260 INFO [org.junit.Test] zero0088
2016-08-04 20:03:01,260 INFO [org.junit.Test] zero0089
2016-08-04 20:03:01,260 INFO [org.junit.Test] zero0090
2016-08-04 20:03:01,260 INFO [org.junit.Test] zero0091
2016-08-04 20:03:01,260 INFO [org.junit.Test] zero0092
2016-08-04 20:03:01,260 INFO [org.junit.Test] zero0093
2016-08-04 20:03:01,260 INFO [org.junit.Test] zero0094
2016-08-04 20:03:01,260 INFO [org.junit.Test] zero0095
2016-08-04 20:03:01,260 INFO [org.junit.Test] zero0096
2016-08-04 20:03:01,260 INFO [org.junit.Test] zero0097
2016-08-04 20:03:01,260 INFO [org.junit.Test] zero0098
2016-08-04 20:03:01,260 INFO [org.junit.Test] zero0099
2016-08-04 20:03:01,260 INFO [org.junit.Test] zero00100
2016-08-04 20:03:01,260 INFO [org.junit.Test] zero00101
2016-08-04 20:03:01,260 INFO [org.junit.Test] zero00102
2016-08-04 20:03:01,260 INFO [org.junit.Test] zero00103
2016-08-04 20:03:01,260 INFO [org.junit.Test] zero00104
2016-08-04 20:03:01,260 INFO [org.junit.Test] zero00105
2016-08-04 20:03:01,260 INFO [org.junit.Test] zero00106
2016-08-04 20:03:01,260 INFO [org.junit.Test] zero00107
2016-08-04 20:03:01,260 INFO [org.junit.Test] zero00108
2016-08-04 20:03:01,260 INFO [org.junit.Test] zero00109
2016-08-04 20:03:01,260 INFO [org.junit.Test] zero00110
2016-08-04 20:03:01,260 INFO [org.junit.Test] zero00111
2016-08-04 20:03:01,260 INFO [org.junit.Test] zero00112
2016-08-04 20:03:01,260 INFO [org.junit.Test] zero00113
2016-08-04 20:03:01,260 INFO [org.junit.Test] zero00114
2016-08-04 20:03:01,260 INFO [org.junit.Test] zero00115
2016-08-04 20:03:01,260 INFO [org.junit.Test] zero00116
2016-08-04 20:03:01,260 INFO [org.junit.Test] zero00117
2016-08-04 20:03:01,260 INFO [org.junit.Test] zero00118
2016-08-04 20:03:01,260 INFO [org.junit.Test] zero00119
2016-08-04 20:03:01,260 INFO [org.junit.Test] zero00120
2016-08-04 20:03:01,260 INFO [org.junit.Test] zero00121
2016-08-04 20:03:01,260 INFO [org.junit.Test] zero00122
2016-08-04 20:03:01,260 INFO [org.junit.Test] zero00123
2016-08-04 20:03:01,260 INFO [org.junit.Test] zero00124
2016-08-04 20:03:01,260 INFO [org.junit.Test] zero00125
2016-08-04 20:03:01,260 INFO [org.junit.Test] zero00126
2016-08-04 20:03:01,260 INFO [org.junit.Test] zero00127
2016-08-04 20:03:01,260 INFO [org.junit.Test] zero00128
2016-08-04 20:03:01,260 INFO [org.junit.Test] zero00129
2016-08-04 20:03:01,260 INFO [org.junit.Test] zero00130
2016-08-04 20:03:01,260 INFO [org.junit.Test] zero00131
2016-08-04 20:03:01,260 INFO [org.junit.Test] zero00132
2016-08-04 20:03:01,260 INFO [org.junit.Test] zero00133
2016-08-04 20:03:01,260 INFO [org.junit.Test] zero00134
2016-08-04 20:03:01,260 INFO [org.junit.Test] zero00135
2016-08-04 20:03:01,260 INFO [org.junit.Test] zero00136
2016-08-04 20:03:01,260 INFO [org.junit.Test] zero00137
2016-08-04 20:03:01,260 INFO [org.junit.Test] zero00138
2016-08-04 20:03:01,260 INFO [org.junit.Test] zero00139
2016-08-04 20:03:01,260 INFO [org.junit.Test] zero00140
2016-08-04 20:03:01,260 INFO [org.junit.Test] zero00141
2016-08-04 20:03:01,260 INFO [org.junit.Test] zero00142
2016-08-04 20:03:01,260 INFO [org.junit.Test] zero00143
2016-08-04 20:03:01,260 INFO [org.junit.Test] zero00144
2016-08-04 20:03:01,260 INFO [org.junit.Test] zero00145
2016-08-04 20:03:01,260 INFO [org.junit.Test] zero00146
2016-08-04 20:03:01,260 INFO [org.junit.Test] zero00147
2016-08-04 20:03:01,260 INFO [org.junit.Test] zero00148
2016-08-04 20:03:01,260 INFO [org.junit.Test] zero00149
2016-08-04 20:03:01,260 INFO [org.junit.Test] zero00150
2016-08-04 20:03:01,260 INFO [org.junit.Test] zero00151
2016-08-04 20:03:01,260 INFO [org.junit.Test] zero00152
2016-08-04 20:03:01,260 INFO [org.junit.Test] zero00153
2016-08-04 20:03:01,260 INFO [org.junit.Test] zero00154
2016-08-04 20:03:01,260 INFO [org.junit.Test] zero00155
2016-08-04 20:03:01,260 INFO [org.junit.Test] zero00156
2016-08-04 20:03:01,260 INFO [org.junit.Test] zero00157
2016-08-04 20:03:01,260 INFO [org.junit.Test] zero00158
2016-08-04 20:03:01,260 INFO [org.junit.Test] zero00159
2016-08-04 20:03:01,260 INFO [org.junit.Test] zero00160
2016-08-04 20:03:01,260 INFO [org.junit.Test] zero00161
2016-08-04 20:03:01,260 INFO [org.junit.Test] zero00162
2016-08-04 20:03:01,260 INFO [org.junit.Test] zero00163
2016-08-04 20:03:01,260 INFO [org.junit.Test] zero00164
2016-08-04 20:03:01,260 INFO [org.junit.Test] zero00165
2016-08-04 20:03:01,260 INFO [org.junit.Test] zero00166
2016-08-04 20:03:01,260 INFO [org.junit.Test] zero00167
2016-08-04 20:03:01,260 INFO [org.junit.Test] zero00168
2016-08-04 20:03:01,260 INFO [org.junit.Test] zero00169
2016-08-04 20:03:01,260 INFO [org.junit.Test] zero00170
2016-08-04 20:03:01,260 INFO [org.junit.Test] zero00171
2016-08-04 20:03:01,260 INFO [org.junit.Test] zero00172
2016-08-04 20:03:01,260 INFO [org.junit.Test] zero00173
2016-08-04 20:03:01,260 INFO [org.junit.Test] zero00174
2016-08-04 20:03:01,260 INFO [org.junit.Test] zero00175
2016-08-04 20:03:01,260 INFO [org.junit.Test] zero00176
2016-08-04 20:03:01,260 INFO [org.junit.Test] zero00177
2016-08-04 20:03:01,260 INFO [org.junit.Test] zero00178
2016-08-04 20:03:01,260 INFO [org.junit.Test] zero00179
2016-08-04 20:03:01,260 INFO [org.junit.Test] zero00180
2016-08-04 20:03:01,260 INFO [org.junit.Test] zero00181
2016-08-04 20:03:01,260 INFO [org.junit.Test] zero00182
2016-08-04 20:03:01,260 INFO [org.junit.Test] zero00183
2016-08-04 20:03:01,260 INFO [org.junit.Test] zero00184
2016-08-04 20:03:01,260 INFO [org.junit.Test] zero00185
2016-08-04 20:03:01,260 INFO [org.junit.Test] zero00186
2016-08-04 20:03:01,260 INFO [org.junit.Test] zero00187
2016-08-04 20:03:01,260 INFO [org.junit.Test] zero00188
2016-08-04 20:03:01,260 INFO [org.junit.Test] zero00189
2016-08-04 20:03:01,260 INFO [org.junit.Test] zero00190
2016-08-04 20:03:01,260 INFO [org.junit.Test] zero00191
2016-08-04 20:03:01,260 INFO [org.junit.Test] zero00192
2016-08-04 20:03:01,260 INFO [org.junit.Test] zero00193
2016-08-04 20:03:01,260 INFO [org.junit.Test] zero00194
2016-08-04 20:03:01,260 INFO [org.junit.Test] zero00195
2016-08-04 20:03:01,260 INFO [org.junit.Test] zero00196
2016-08-04 20:03:01,260 INFO [org.junit.Test] zero00197
2016-08-04 20:03:01,260 INFO [org.junit.Test] zero00198
2016-08-04 20:03:01,260 INFO [org.junit.Test] zero00199
2016-08-04 20:03:01,260 INFO [org.junit.Test] zero00200
2016-08-04 20:03:01,260 INFO [org.junit.Test] zero00201
2016-08-04 20:03:01,260 INFO [org.junit.Test] zero00202
2016-08-04 20:03:01,260 INFO [org.junit.Test] zero00203
2016-08-04 20:03:01,260 INFO [org.junit.Test] zero00204
2016-08-04 20:03:01,260 INFO [org.junit.Test] zero00205
2016-08-04 20:03:01,260 INFO [org.junit.Test] zero00206
2016-08-04 20:03:01,260 INFO [org.junit.Test] zero00207
2016-08-04 20:03:01,260 INFO [org.junit.Test] zero00208
2016-08-04 20:03:01,260 INFO [org.junit.Test] zero00209
2016-08-04 20:03:01,260 INFO [org.junit.Test] zero00210
2016-08-04 20:03:01,260 INFO [org.junit.Test] zero00211
2016-08-04 20:03:01,260 INFO [org.junit.Test] zero00212
2016-08-04 20:03:01,260 INFO [org.junit.Test] zero00213
2016-08-04 20:03:01,260 INFO [org.junit.Test] zero00214
2016-08-04 20:03:01,260 INFO [org.junit.Test] zero00215
2016-08-04 20:03:01,260 INFO [org.junit.Test] zero00216
2016-08-04 20:03:01,260 INFO [org.junit.Test] zero00217
2016-08-04 20:03:01,260 INFO [org.junit.Test] zero00218
2016-08-04 20:03:01,260 INFO [org.junit.Test] zero00219
2016-08-04 20:03:01,260 INFO [org.junit.Test] zero00220
2016-08-04 20:03:01,260 INFO [org.junit.Test] zero00221
2016-08-04 20:03:01,260 INFO [org.junit.Test] zero00222
2016-08-04 20:03:01,260 INFO [org.junit.Test] zero00223
2016-08-04 20:03:01,260 INFO [org.junit.Test] zero00224
2016-08-04 20:03:01,260 INFO [org.junit.Test] zero00225
2016-08-04 20:03:01,260 INFO [org.junit.Test] zero00226
2016-08-04 20:03:01,260 INFO [org.junit.Test] zero00227
2016-08-04 20:03:01,260 INFO [org.junit.Test] zero00228
2016-08-04 20:03:01,260 INFO [org.junit.Test] zero00229
2016-08-04 20:03:01,260 INFO [org.junit.Test] zero00230
2016-08-04 20:03:01,260 INFO [org.junit.Test] zero00231
2016-08-04 20:03:01,260 INFO [org.junit.Test] zero00232
2016-08-04 20:03:01,260 INFO [org.junit.Test] zero00233
2016-08-04 20:03:01,260 INFO [org.junit.Test] zero00234
2016-08-04 20:03:01,260 INFO [org.junit.Test] zero00235
2016-08-04 20:03:01,260 INFO [org.junit.Test] zero00236
2016-08-04 20:03:01,260 INFO [org.junit.Test] zero00237
2016-08-04 20:03:01,260 INFO [org.junit.Test] zero00238
2016-08-04 20:03:01,260 INFO [org.junit.Test] zero00239
2016-08-04 20:03:01,260 INFO [org.junit.Test] zero00240
2016-08-04 20:03:01,260 INFO [org.junit.Test] zero00241
2016-08-04 20:03:01,260 INFO [org.junit.Test] zero00242
2016-08-04 20:03:01,260 INFO [org.junit.Test] zero00243
2016-08-04 20:03:01,260 INFO [org.junit.Test] zero00244
2016-08-04 20:03:01,260 INFO [org.junit.Test] zero00245
2016-08-04 20:03:01,260 INFO [org.junit.Test] zero00246
2016-08-04 20:03:01,260 INFO [org.junit.Test] zero00247
2016-08-04 20:03:01,260 INFO [org.junit.Test] zero00248
2016-08-04 20:03:01,260 INFO [org.junit.Test] zero00249
2016-08-04 20:03:01,260 INFO [org.junit.Test] zero00250
2016-08-04 20:03:01,260 INFO [org.junit.Test] zero00251
2016-08-04 20:03:01,260 INFO [org.junit.Test] zero00252
2016-08-04 20:03:01,260 INFO [org.junit.Test] zero00253
2016-08-04 20:03:01,260 INFO [org.junit.Test] zero00254
2016-08-04 20:03:01,260 INFO [org.junit.Test] zero00255
2016-08-04 20:03:01,260 INFO [org.junit.Test] zero00256
2016-08-04 20:03:01,260 INFO [org.junit.Test] zero00257
2016-08-04 20:03:01,260 INFO [org.junit.Test] zero00258
2016-08-04 20:03:01,260 INFO [org.junit.Test] zero00259
2016-08-04 20:03:01,260 INFO [org.junit.Test] zero00260
2016-08-04 20:03:01,260 INFO [org.junit.Test] zero00261
2016-08-04 20:03:01,260 INFO [org.junit.Test] zero00262
2016-08-04 20:03:01,260 INFO [org.junit.Test] zero00263
2016-08-04 20:03:01,260 INFO [org.junit.Test] zero00264
2016-08-04 20:03:01,260 INFO [org.junit.Test] zero00265
2016-08-04 20:03:01,260 INFO [org.junit.Test] zero00266
2016-08-04 20:03:01,260 INFO [org.junit.Test] zero00267
2016-08-04 20:03:01,260 INFO [org.junit.Test] zero00268
2016-08-04 20:03:01,260 INFO [org.junit.Test] zero00269
2016-08-04 20:03:01,260 INFO [org.junit.Test] zero00270
2016-08-04 20:03:01,260 INFO [org.junit.Test] zero00271
2016-08-04 20:03:01,260 INFO [org.junit.Test] zero00272
2016-08-04 20:03:01,260 INFO [org.junit.Test] zero00273
2016-08-04 20:03:01,260 INFO [org.junit.Test] zero00274
2016-08-04 20:03:01,260 INFO [org.junit.Test] zero00275
2016-08-04 20:03:01,260 INFO [org.junit.Test] zero00276
2016-08-04 20:03:01,260 INFO [org.junit.Test] zero00277
2016-08-04 20:03:01,260 INFO [org.junit.Test] zero00278
2016-08-04 20:03:01,260 INFO [org.junit.Test] zero00279
2016-08-04 20:03:01,260 INFO [org.junit.Test] zero00280
2016-08-04 20:03:01,260 INFO [org.junit.Test] zero00281
2016-08-04 20:03:01,260 INFO [org.junit.Test] zero00282
2016-08-04 20:03:01,260 INFO [org.junit.Test] zero00283
2016-08-04 20:03:01,260 INFO [org.junit.Test] zero00284
2016-08-04 20:03:01,260 INFO [org.junit.Test] zero00285
2016-08-04 20:03:01,260 INFO [org.junit.Test] zero00286
2016-08-04 20:03:01,260 INFO [org.junit.Test] zero00287
2016-08-04 20:03:01,260 INFO [org.junit.Test] zero00288
2016-08-04 20:03:01,260 INFO [org.junit.Test] zero00289
2016-08-04 20:03:01,260 INFO [org.junit.Test] zero00290
2016-08-04 20:03:01,260 INFO [org.junit.Test] zero00291
2016-08-04 20:03:01,260 INFO [org.junit.Test] zero00292
2016-08-04 20:03:01,260 INFO [org.junit.Test] zero00293
2016-08-04 20:03:01,260 INFO [org.junit.Test] zero00294
2016-08-04 20:03:01,260 INFO [org.junit.Test] zero00295
2016-08-04 20:03:01,260 INFO [org.junit.Test] zero00296
2016-08-04 20:03:01,260 INFO [org.junit.Test] zero00297
2016-08-04 20:03:01,260 INFO [org.junit.Test] zero00298
2016-08-04 20:03:01,260 INFO [org.junit.Test] zero00299
2016-08-04 20:03:01,260 INFO [org.junit.Test] zero00300
2016-08-04 20:03:01,260 INFO [org.junit.Test] zero00301
2016-08-04 20:03:01,260 INFO [org.junit.Test] zero00302
2016-08-04 20:03:01,260 INFO [org.junit.Test] zero00303
2016-08-04 20:03:01,260 INFO [org.junit.Test] zero00304
2016-08-04 20:03:01,260 INFO [org.junit.Test] zero00305
2016-08-04 20:03:01,260 INFO [org.junit.Test] zero00306
2016-08-04 20:03:01,260 INFO [org.junit.Test] zero00307
2016-08-04 20:03:01,260 INFO [org.junit.Test] zero00308
2016-08-04 20:03:01,260 INFO [org.junit.Test] zero00309
2016-08-04 20:03:01,260 INFO [org.junit.Test] zero00310
2016-08-04 20:03:01,260 INFO [org.junit.Test] zero00311
2016-08-04 20:03:01,260 INFO [org.junit.Test] zero00312
2016-08-04 20:03:01,260 INFO [org.junit.Test] zero00313
2016-08-04 20:03:01,260 INFO [org.junit.Test] zero00314
2016-08-04 20:03:01,260 INFO [org.junit.Test] zero00315
2016-08-04 20:03:01,260 INFO [org.junit.Test] zero00316
2016-08-04 20:03:01,260 INFO [org.junit.Test] zero00317
2016-08-04 20:03:01,260 INFO [org.junit.Test] zero00318
2016-08-04 20:03:01,260 INFO [org.junit.Test] zero00319
2016-08-04 20:03:01,260 INFO [org.junit.Test] zero00320
2016-08-04 20:03:01,260 INFO [org.junit.Test] zero00321
2016-08-04 20:03:01,260 INFO [org.junit.Test] zero00322
2016-08-04 20:03:01,260 INFO [org.junit.Test] zero00323
2016-08-04 20:03:01,260 INFO [org.junit.Test] zero00324
2016-08-04 20:03:01,260 INFO [org.junit.Test] zero00325
2016-08-04 20:03:01,260 INFO [org.junit.Test] zero00326
2016-08-04 20:03:01,260 INFO [org.junit.Test] zero00327
2016-08-04 20:03:01,260 INFO [org.junit.Test] zero00328
2016-08-04 20:03:01,260 INFO [org.junit.Test] zero00329
2016-08-04 20:03:01,260 INFO [org.junit.Test] zero00330
2016-08-04 20:03:01,260 INFO [org.junit.Test] zero00331
2016-08-04 20:03:01,260 INFO [org.junit.Test] zero00332
2016-08-04 20:03:01,260 INFO [org.junit.Test] zero00333
2016-08-04 20:03:01,260 INFO [org.junit.Test] zero00334
2016-08-04 20:03:01,260 INFO [org.junit.Test] zero00335
2016-08-04 20:03:01,260 INFO [org.junit.Test] zero00336
2016-08-04 20:03:01,260 INFO [org.junit.Test] zero00337
2016-08-04 20:03:01,260 INFO [org.junit.Test] zero00338
2016-08-04 20:03:01,260 INFO [org.junit.Test] zero00339
2016-08-04 20:03:01,260 INFO [org.junit.Test] zero00340
2016-08-04 20:03:01,260 INFO [org.junit.Test] zero00341
2016-08-04 20:03:01,260 INFO [org.junit.Test] zero00342
2016-08-04 20:03:01,260 INFO [org.junit.Test] zero00343
2016-08-04 20:03:01,260 INFO [org.junit.Test] zero00344
2016-08-04 20:03:01,260 INFO [org.junit.Test] zero00345
2016-08-04 20:03:01,260 INFO [org.junit.Test] zero00346
2016-08-04 20:03:01,260 INFO [org.junit.Test] zero00347
2016-08-04 20:03:01,260 INFO [org.junit.Test] zero00348
2016-08-04 20:03:01,260 INFO [org.junit.Test] zero00349
2016-08-04 20:03:01,260 INFO [org.junit.Test] zero00350
2016-08-04 20:03:01,260 INFO [org.junit.Test] zero00351
2016-08-04 20:03:01,260 INFO [org.junit.Test] zero00352
2016-08-04 20:03:01,260 INFO [org.junit.Test] zero00353
2016-08-04 20:03:01,260 INFO [org.junit.Test] zero00354
2016-08-04 20:03:01,260 INFO [org.junit.Test] zero00355
2016-08-04 20:03:01,260 INFO [org.junit.Test] zero00356
2016-08-04 20:03:01,260 INFO [org.junit.Test] zero00357
2016-08-04 20:03:01,260 INFO [org.junit.Test] zero00358
2016-08-04 20:03:01,260 INFO [org.junit.Test] zero00359
2016-08-04 20:03:01,260 INFO [org.junit.Test] zero00360
2016-08-04 20:03:01,260 INFO [org.junit.Test] zero00361
2016-08-04 20:03:01,260 INFO [org.junit.Test] zero00362
2016-08-04 20:03:01,260 INFO [org.junit.Test] zero00363
2016-08-04 20:03:01,260 INFO [org.junit.Test] zero00364
2016-08-04 20:03:01,260 INFO [org.junit.Test] zero00365
2016-08-04 20:03:01,260 INFO [org.junit.Test] zero00366
2016-08-04 20:03:01,260 INFO [org.junit.Test] zero00367
2016-08-04 20:03:01,260 INFO [org.junit.Test] zero00368
2016-08-04 20:03:01,260 INFO [org.junit.Test] zero00369
2016-08-04 20:03:01,260 INFO [org.junit.Test] zero00370
2016-08-04 20:03:01,260 INFO [org.junit.Test] zero00371
2016-08-04 20:03:01,260 INFO [org.junit.Test] zero00372
2016-08-04 20:03:01,260 INFO [org.junit.Test] zero00373
2016-08-04 20:03:01,260 INFO [org.junit.Test] zero00374
2016-08-04 20:03:01,260 INFO [org.junit.Test] zero00375
2016-08-04 20:03:01,260 INFO [org.junit.Test] zero00376
2016-08-04 20:03:01,260 INFO [org.junit.Test] zero00377
2016-08-04 20:03:01,260 INFO [org.junit.Test] zero00378
2016-08-04 20:03:01,260 INFO [org.junit.Test] zero00379
2016-08-04 20:03:01,260 INFO [org.junit.Test] zero00380
2016-08-04 20:03:01,260 INFO [org.junit.Test] zero00381
2016-08-04 20:03:01,260 INFO [org.junit.Test] zero00382
2016-08-04 20:03:01,260 INFO [org.junit.Test] zero00383
2016-08-04 20:03:01,260 INFO [org.junit.Test] zero00384
2016-08-04 20:03:01,260 INFO [org.junit.Test] zero00385
2016-08-04 20:03:01,260 INFO [org.junit.Test] zero00386
2016-08-04 20:03:01,260 INFO [org.junit.Test] zero00387
2016-08-04 20:03:01,260 INFO [org.junit.Test] zero00388
2016-08-04 20:03:01,260 INFO [org.junit.Test] zero00389
2016-08-04 20:03:01,260 INFO [org.junit.Test] zero00390
2016-08-04 20:03:01,260 INFO [org.junit.Test] zero00391
2016-08-04 20:03:01,260 INFO [org.junit.Test] zero00392
2016-08-04 20:03:01,260 INFO [org.junit.Test] zero00393
2016-08-04 20:03:01,260 INFO [org.junit.Test] zero00394
2016-08-04 20:03:01,260 INFO [org.junit.Test] zero00395
2016-08-04 20:03:01,260 INFO [org.junit.Test] zero00396
2016-08-04 20:03:01,260 INFO [org.junit.Test] zero00397
2016-08-04 20:03:01,260 INFO [org.junit.Test] zero00398
2016-08-04 20:03:01,260 INFO [org.junit.Test] zero00399
2016-08-04 20:03:01,260 INFO [org.junit.Test] zero00400
2016-08-04 20:03:01,260 INFO [org.junit.Test] zero00401
2016-08-04 20:03:01,260 INFO [org.junit.Test] zero00402
2016-08-04 20:03:01,260 INFO [org.junit.Test] zero00403
2016-08-04 20:03:01,260 INFO [org.junit.Test] zero00404
2016-08-04 20:03:01,260 INFO [org.junit.Test] zero00405
2016-08-04 20:03:01,260 INFO [org.junit.Test] zero00406
2016-08-04 20:03:01,260 INFO [org.junit.Test] zero00407
2016-08-04 20:03:01,260 INFO [org.junit.Test] zero00408
2016-08-04 20:03:01,260 INFO [org.junit.Test] zero00409
2016-08-04 20:03:01,260 INFO [org.junit.Test] zero00410
2016-08-04 20:03:01,260 INFO [org.junit.Test] zero00411
2016-08-04 20:03:01,260 INFO [org.junit.Test] zero00412
2016-08-04 20:03:01,260 INFO [org.junit.Test] zero00413
2016-08-04 20:03:01,260 INFO [org.junit.Test] zero00414
2016-08-04 20:03:01,260 INFO [org.junit.Test] zero00415
2016-08-04 20:03:01,260 INFO [org.junit.Test] zero00416
2016-08-04 20:03:01,260 INFO [org.junit.Test] zero00417
2016-08-04 20:03:01,260 INFO [org.junit.Test] zero00418
2016-08-04 20:03:01,260 INFO [org.junit.Test] zero00419
2016-08-04 20:03:01,260 INFO [org.junit.Test] zero00420
2016-08-04 20:03:01,260 INFO [org.junit.Test] zero00421
2016-08-04 20:03:01,260 INFO [org.junit.Test] zero00422
2016-08-04 20:03:01,260 INFO [org.junit.Test] zero00423
2016-08-04 20:03:01,260 INFO [org.junit.Test] zero00424
2016-08-04 20:03:01,260 INFO [org.junit.Test] zero00425
2016-08-04 20:03:01,260 INFO [org.junit.Test] zero00426
2016-08-04 20:03:01,260 INFO [org.junit.Test] zero00427
2016-08-04 20:03:01,260 INFO [org.junit.Test] zero00428
2016-08-04 20:03:01,260 INFO [org.junit.Test] zero00429
2016-08-04 20:03:01,260 INFO [org.junit.Test] zero00430
2016-08-04 20:03:01,260 INFO [org.junit.Test] zero00431
2016-08-04 20:03:01,260 INFO [org.junit.Test] zero00432
2016-08-04 20:03:01,260 INFO [org.junit.Test] zero00433
2016-08-04 20:03:01,260 INFO [org.junit.Test] zero00434
2016-08-04 20:03:01,260 INFO [org.junit.Test] zero00435
2016-08-04 20:03:01,260 INFO [org.junit.Test] zero00436
2016-08-04 20:03:01,260 INFO [org.junit.Test] zero00437
2016-08-04 20:03:01,260 INFO [org.junit.Test] zero00438
2016-08-04 20:03:01,260 INFO [org.junit.Test] zero00439
2016-08-04 20:03:01,260 INFO [org.junit.Test] zero00440
2016-08-04 20:03:01,260 INFO [org.junit.Test] zero00441
2016-08-04 20:03:01,260 INFO [org.junit.Test] zero00442
2016-08-04 20:03:01,260 INFO [org.junit.Test] zero00443
2016-08-04 20:03:01,260 INFO [org.junit.Test] zero00444
2016-08-04 20:03:01,260 INFO [org.junit.Test] zero00445
2016-08-04 20:03:01,260 INFO [org.junit.Test] zero00446
2016-08-04 20:03:01,260 INFO [org.junit.Test] zero00447
2016-08-04 20:03:01,260 INFO [org.junit.Test] zero00448
2016-08-04 20:03:01,260 INFO [org.junit.Test] zero00449
2016-08-04 20:03:01,260 INFO [org.junit.Test] zero00450
2016-08-04 20:03:01,260 INFO [org.junit.Test] zero00451
2016-08-04 20:03:01,260 INFO [org.junit.Test] zero00452
2016-08-04 20:03:01,260 INFO [org.junit.Test] zero00453
2016-08-04 20:03:01,260 INFO [org.junit.Test] zero00454
2016-08-04 20:03:01,260 INFO [org.junit.Test] zero00455
2016-08-04 20:03:01,260 INFO [org.junit.Test] zero00456
2016-08-04 20:03:01,260 INFO [org.junit.Test] zero00457
2016-08-04 20:03:01,260 INFO [org.junit.Test] zero00458
2016-08-04 20:03:01,260 INFO [org.junit.Test] zero00459
2016-08-04 20:03:01,260 INFO [org.junit.Test] zero00460
2016-08-04 20:03:01,260 INFO [org.junit.Test] zero00461
2016-08-04 20:03:01,260 INFO [org.junit.Test] zero00462
2016-08-04 20:03:01,260 INFO [org.junit.Test] zero00463
2016-08-04 20:03:01,260 INFO [org.junit.Test] zero00464
2016-08-04 20:03:01,260 INFO [org.junit.Test] zero00465
2016-08-04 20:03:01,260 INFO [org.junit.Test] zero00466
2016-08-04 20:03:01,260 INFO [org.junit.Test] zero00467
2016-08-04 20:03:01,260 INFO [org.junit.Test] zero00468
2016-08-04 20:03:01,260 INFO [org.junit.Test] zero00469
2016-08-04 20:03:01,260 INFO [org.junit.Test] zero00470
2016-08-04 20:03:01,260 INFO [org.junit.Test] zero00471
2016-08-04 20:03:01,260 INFO [org.junit.Test] zero00472
2016-08-04 20:03:01,260 INFO [org.junit.Test] zero00473
2016-08-04 20:03:01,260 INFO [org.junit.Test] zero00474
2016-08-04 20:03:01,260 INFO [org.junit.Test] zero00475
2016-08-04 20:03:01,260 INFO [org.junit.Test] zero00476
2016-08-04 20:03:01,260 INFO [org.junit.Test] zero00477
2016-08-04 20:03:01,260 INFO [org.junit.Test] zero00478
2016-08-04 20:03:01,260 INFO [org.junit.Test] zero00479
2016-08-04 20:03:01,260 INFO [org.junit.Test] zero00480
2016-08-04 20:03:01,260 INFO [org.junit.Test] zero00481
2016-08-04 20:03:01,260 INFO [org.junit.Test] zero00482
2016-08-04 20:03:01,260 INFO [org.junit.Test] zero00483
2016-08-04 20:03:01,260 INFO [org.junit.Test] zero00484
2016-08-04 20:03:01,260 INFO [org.junit.Test] zero00485
2016-08-04 20:03:01,260 INFO [org.junit.Test] zero00486
2016-08-04 20:03:01,260 INFO [org.junit.Test] zero00487
2016-08-04 20:03:01,260 INFO [org.junit.Test] zero00488
2016-08-04 20:03:01,260 INFO [org.junit.Test] zero00489
2016-08-04 20:03:01,260 INFO [org.junit.Test] zero00490
2016-08-04 20:03:01,260 INFO [org.junit.Test] zero00491
2016-08-04 20:03:01,260 INFO [org.junit.Test] zero00492
2016-08-04 20:03:01,260 INFO [org.junit.Test] zero00493
2016-08-04 20:03:01,260 INFO [org.junit.Test] zero00494
2016-08-04 20:03:01,260 INFO [org.junit.Test] zero00495
2016-08-04 20:03:01,260 INFO [org.junit.Test] zero00496
2016-08-04 20:03:01,260 INFO [org.junit.Test] zero00497
2016-08-04 20:03:01,260 INFO [org.junit.Test] zero00498
2016-08-04 20:03:01,260 INFO [org.junit.Test] zero00499
2016-08-04 20:03:01,260 INFO [org.junit.Test] zero00500
2016-08-04 20:03:01,260 INFO [org.junit.Test] zero00501
2016-08-04 20:03:01,260 INFO [org.junit.Test] zero00502
2016-08-04 20:03:01,260 INFO [org.junit.Test] zero00503
2016-08-04 20:03:01,260 INFO [org.junit.Test] zero00504
2016-08-04 20:03:01,260 INFO [org.junit.Test] zero00505
2016-08-04 20:03:01,260 INFO [org.junit.Test] zero00506
2016-08-04 20:03:01,260 INFO [org.junit.Test] zero00507
2016-08-04 20:03:01,260 INFO [org.junit.Test] zero00508
2016-08-04 20:03:01,260 INFO [org.junit.Test] zero00509
2016-08-04 20:03:01,260 INFO [org.junit.Test] zero00510
2016-08-04 20:03:01,260 INFO [org.junit.Test] zero00511
2016-08-04 20:03:01,260 INFO [org.junit.Test] zero00512
2016-08-04 20:03:01,260 INFO [org.junit.Test] zero00513
2016-08-04 20:03:01,260 INFO [org.junit.Test] zero00514
2016-08-04 20:03:01,260 INFO [org.junit.Test] zero00515
2016-08-04 20:03:01,260 INFO [org.junit.Test] zero00516
2016-08-04 20:03:01,260 INFO [org.junit.Test] zero00517
2016-08-04 20:03:01,260 INFO [org.junit.Test] zero00518
2016-08-04 20:03:01,260 INFO [org.junit.Test] zero00519
2016-08-04 20:03:01,260 INFO [org.junit.Test] zero00520
2016-08-04 20:03:01,260 INFO [org.junit.Test] zero00521
2016-08-04 20:03:01,260 INFO [org.junit.Test] zero00522
2016-08-04 20:03:01,260 INFO [org.junit.Test] zero00523
2016-08-04 20:03:01,260 INFO [org.junit.Test] zero00524
2016-08-04 20:03:01,260 INFO [org.junit.Test] zero00525
2016-08-04 20:03:01,260 INFO [org.junit.Test] zero00526
2016-08-04 20:03:01,260 INFO [org.junit.Test] zero00527
2016-08-04 20:03:01,260 INFO [org.junit.Test] zero00528
2016-08-04 20:03:01,260 INFO [org.junit.Test] zero00529
2016-08-04 20:03:01,260 INFO [org.junit.Test] zero00530
2016-08-04 20:03:01,260 INFO [org.junit.Test] zero00531
2016-08-04 20:03:01,260 INFO [org.junit.Test] zero00532
2016-08-04 20:03:01,260 INFO [org.junit.Test] zero00533
2016-08-04 20:03:01,260 INFO [org.junit.Test] zero00534
2016-08-04 20:03:01,260 INFO [org.junit.Test] zero00535
2016-08-04 20:03:01,260 INFO [org.junit.Test] zero00536
2016-08-04 20:03:01,260 INFO [org.junit.Test] zero00537
2016-08-04 20:03:01,260 INFO [org.junit.Test] zero00538
2016-08-04 20:03:01,260 INFO [org.junit.Test] zero00539
2016-08-04 20:03:01,260 INFO [org.junit.Test] zero00540
2016-08-04 20:03:01,260 INFO [org.junit.Test] zero00541
2016-08-04 20:03:01,260 INFO [org.junit.Test] zero00542
2016-08-04 20:03:01,260 INFO [org.junit.Test] zero00543
2016-08-04 20:03:01,260 INFO [org.junit.Test] zero00544
2016-08-04 20:03:01,260 INFO [org.junit.Test] zero00545
2016-08-04 20:03:01,260 INFO [org.junit.Test] zero00546
2016-08-04 20:03:01,260 INFO [org.junit.Test] zero00547
2016-08-04 20:03:01,260 INFO [org.junit.Test] zero00548
2016-08-04 20:03:01,260 INFO [org.junit.Test] zero00549
2016-08-04 20:03:01,260 INFO [org.junit.Test] zero00550
2016-08-04 20:03:01,260 INFO [org.junit.Test] zero00551
2016-08-04 20:03:01,260 INFO [org.junit.Test] zero00552
2016-08-04 20:03:01,260 INFO [org.junit.Test] zero00553
2016-08-04 20:03:01,260 INFO [org.junit.Test] zero00554
2016-08-04 20:03:01,260 INFO [org.junit.Test] zero00555
2016-08-04 20:03:01,260 INFO [org.junit.Test] zero00556
2016-08-04 20:03:01,260 INFO [org.junit.Test] zero00557
2016-08-04 20:03:01,260 INFO [org.junit.Test] zero00558
2016-08-04 20:03:01,260 INFO [org.junit.Test] zero00559
2016-08-04 20:03:01,260 INFO [org.junit.Test] zero00560
2016-08-04 20:03:01,260 INFO [org.junit.Test] zero00561
2016-08-04 20:03:01,260 INFO [org.junit.Test] zero00562
2016-08-04 20:03:01,260 INFO [org.junit.Test] zero00563
2016-08-04 20:03:01,260 INFO [org.junit.Test] zero00564
2016-08-04 20:03:01,260 INFO [org.junit.Test] zero00565
2016-08-04 20:03:01,260 INFO [org.junit.Test] zero00566
2016-08-04 20:03:01,260 INFO [org.junit.Test] zero00567
2016-08-04 20:03:01,260 INFO [org.junit.Test] zero00568
2016-08-04 20:03:01,260 INFO [org.junit.Test] zero00569
2016-08-04 20:03:01,260 INFO [org.junit.Test] zero00570
2016-08-04 20:03:01,260 INFO [org.junit.Test] zero00571
2016-08-04 20:03:01,260 INFO [org.junit.Test] zero00572
2016-08-04 20:03:01,260 INFO [org.junit.Test] zero00573
2016-08-04 20:03:01,260 INFO [org.junit.Test] zero00574
2016-08-04 20:03:01,260 INFO [org.junit.Test] zero00575
2016-08-04 20:03:01,260 INFO [org.junit.Test] zero00576
2016-08-04 20:03:01,260 INFO [org.junit.Test] zero00577
2016-08-04 20:03:01,260 INFO [org.junit.Test] zero00578
2016-08-04 20:03:01,260 INFO [org.junit.Test] zero00579
2016-08-04 20:03:01,260 INFO [org.junit.Test] zero00580
2016-08-04 20:03:01,260 INFO [org.junit.Test] zero00581
2016-08-04 20:03:01,260 INFO [org.junit.Test] zero00582
2016-08-04 20:03:01,260 INFO [org.junit.Test] zero00583
2016-08-04 20:03:01,260 INFO [org.junit.Test] zero00584
2016-08-04 20:03:01,260 INFO [org.junit.Test] zero00585
2016-08-04 20:03:01,260 INFO [org.junit.Test] zero00586
2016-08-04 20:03:01,260 INFO [org.junit.Test] zero00587
2016-08-04 20:03:01,260 INFO [org.junit.Test] zero00588
2016-08-04 20:03:01,260 INFO [org.junit.Test] zero00589
2016-08-04 20:03:01,260 INFO [org.junit.Test] zero00590
2016-08-04 20:03:01,260 INFO [org.junit.Test] zero00591
2016-08-04 20:03:01,260 INFO [org.junit.Test] zero00592
2016-08-04 20:03:01,260 INFO [org.junit.Test] zero00593
2016-08-04 20:03:01,260 INFO [org.junit.Test] zero00594
2016-08-04 20:03:01,260 INFO [org.junit.Test] zero00595
2016-08-04 20:03:01,260 INFO [org.junit.Test] zero00596
2016-08-04 20:03:01,260 INFO [org.junit.Test] zero00597
2016-08-04 20:03:01,260 INFO [org.junit.Test] zero00598
2016-08-04 20:03:01,260 INFO [org.junit.Test] zero00599
2016-08-04 20:03:01,260 INFO [org.junit.Test] zero00600
2016-08-04 20:03:01,260 INFO [org.junit.Test] zero00601
2016-08-04 20:03:01,260 INFO [org.junit.Test] zero00602
2016-08-04 20:03:01,260 INFO [org.junit.Test] zero00603
2016-08-04 20:03:01,260 INFO [org.junit.Test] zero00604
2016-08-04 20:03:01,260 INFO [org.junit.Test] zero00605
2016-08-04 20:03:01,260 INFO [org.junit.Test] zero00606
2016-08-04 20:03:01,260 INFO [org.junit.Test] zero00607
2016-08-04 20:03:01,260 INFO [org.junit.Test] zero00608
2016-08-04 20:03:01,260 INFO [org.junit.Test] zero00609
2016-08-04 20:03:01,260 INFO [org.junit.Test] zero00610
2016-08-04 20:03:01,260 INFO [org.junit.Test] zero00611
2016-08-04 20:03:01,260 INFO [org.junit.Test] zero00612
2016-08-04 20:03:01,260 INFO [org.junit.Test] zero00613
2016-08-04 20:03:01,260 INFO [org.junit.Test] zero00614
2016-08-04 20:03:01,260 INFO [org.junit.Test] zero00615
2016-08-04 20:03:01,260 INFO [org.junit.Test] zero00616
2016-08-04 20:03:01,260 INFO [org.junit.Test] zero00617
2016-08-04 20:03:01,260 INFO [org.junit.Test] zero00618
2016-08-04 20:03:01,260 INFO [org.junit.Test] zero00619
2016-08-04 20:03:01,260 INFO [org.junit.Test] zero00620
2016-08-04 20:03:01,260 INFO [org.junit.Test] zero00621
2016-08-04 20:03:01,260 INFO [org.junit.Test] zero00622
2016-08-04 20:03:01,260 INFO [org.junit.Test] zero00623
2016-08-04 20:03:01,260 INFO [org.junit.Test] zero00624
2016-08-04 20:03:01,260 INFO [org.junit.Test] zero00625
2016-08-04 20:03:01,260 INFO [org.junit.Test] zero00626
2016-08-04 20:03:01,260 INFO [org.junit.Test] zero00627
2016-08-04 20:03:01,260 INFO [org.junit.Test] zero00628
2016-08-04 20:03:01,260 INFO [org.junit.Test] zero00629
2016-08-04 20:03:01,260 INFO [org.junit.Test] zero00630
2016-08-04 20:03:01,260 INFO [org.junit.Test] zero00631
2016-08-04 20:03:01,260 INFO [org.junit.Test] zero00632
2016-08-04 20:03:01,260 INFO [org.junit.Test] zero00633
2016-08-04 20:03:01,260 INFO [org.junit.Test] zero00634
2016-08-04 20:03:01,260 INFO [org.junit.Test] zero00635
2016-08-04 20:03:01,260 INFO [org.junit.Test] zero00636
2016-08-04 20:03:01,260 INFO [org.junit.Test] zero00637
2016-08-04 20:03:01,260 INFO [org.junit.Test] zero00638
2016-08-04 20:03:01,260 INFO [org.junit.Test] zero00639
2016-08-04 20:03:01,260 INFO [org.junit.Test] zero00640
2016-08-04 20:03:01,260 INFO [org.junit.Test] zero00641
2016-08-04 20:03:01,260 INFO [org.junit.Test] zero00642
2016-08-04 20:03:01,260 INFO [org.junit.Test] zero00643
2016-08-04 20:03:01,260 INFO [org.junit.Test] zero00644
2016-08-04 20:03:01,260 INFO [org.junit.Test] zero00645
2016-08-04 20:03:01,260 INFO [org.junit.Test] zero00646
2016-08-04 20:03:01,260 INFO [org.junit.Test] zero00647
2016-08-04 20:03:01,260 INFO [org.junit.Test] zero00648
2016-08-04 20:03:01,260 INFO [org.junit.Test] zero00649
2016-08-04 20:03:01,260 INFO [org.junit.Test] zero00650
2016-08-04 20:03:01,260 INFO [org.junit.Test] zero00651
2016-08-04 20:03:01,260 INFO [org.junit.Test] zero00652
2016-08-04 20:03:01,260 INFO [org.junit.Test] zero00653
2016-08-04 20:03:01,260 INFO [org.junit.Test] zero00654
2016-08-04 20:03:01,260 INFO [org.junit.Test] zero00655
2016-08-04 20:03:01,260 INFO [org.junit.Test] zero00656
2016-08-04 20:03:01,260 INFO [org.junit.Test] zero00657
2016-08-04 20:03:01,260 INFO [org.junit.Test] zero00658
2016-08-04 20:03:01,260 INFO [org.junit.Test] zero00659
2016-08-04 20:03:01,260 INFO [org.junit.Test] zero00660
2016-08-04 20:03:01,260 INFO [org.junit.Test] zero00661
2016-08-04 20:03:01,260 INFO [org.junit.Test] zero00662
2016-08-04 20:03:01,260 INFO [org.junit.Test] zero00663
2016-08-04 20:03:01,260 INFO [org.junit.Test] zero00664
2016-08-04 20:03:01,260 INFO [org.junit.Test] zero00665
2016-08-04 20:03:01,260 INFO [org.junit.Test] zero00666
2016-08-04 20:03:01,260 INFO [org.junit.Test] zero00667
2016-08-04 20:03:01,260 INFO [org.junit.Test] zero00668
2016-08-04 20:03:01,260 INFO [org.junit.Test] zero00669
2016-08-04 20:03:01,260 INFO [org.junit.Test] zero00670
2016-08-04 20:03:01,260 INFO [org.junit.Test] zero00671
2016-08-04 20:03:01,260 INFO [org.junit.Test] zero00672
2016-08-04 20:03:01,260 INFO [org.junit.Test] zero00673
2016-08-04 20:03:01,260 INFO [org.junit.Test] zero00674
2016-08-04 20:03:01,260 INFO [org.junit.Test] zero00675
2016-08-04 20:03:01,260 INFO [org.junit.Test] zero00676
2016-08-04 20:03:01,260 INFO [org.junit.Test] zero00677
2016-08-04 20:03:01,260 INFO [org.junit.Test] zero00678
2016-08-04 20:03:01,260 INFO [org.junit.Test] zero00679
2016-08-04 20:03:01,260 INFO [org.junit.Test] zero00680
2016-08-04 20:03:01,260 INFO [org.junit.Test] zero00681
2016-08-04 20:03:01,260 INFO [org.junit.Test] zero00682
2016-08-04 20:03:01,260 INFO [org.junit.Test] zero00683
2016-08-04 20:03:01,260 INFO [org.junit.Test] zero00684
2016-08-04 20:03:01,260 INFO [org.junit.Test] zero00685
2016-08-04 20:03:01,260 INFO [org.junit.Test] zero00686
2016-08-04 20:03:01,260 INFO [org.junit.Test] zero00687
2016-08-04 20:03:01,260 INFO [org.junit.Test] zero00688
2016-08-04 20:03:01,260 INFO [org.junit.Test] zero00689
2016-08-04 20:03:01,260 INFO [org.junit.Test] zero00690
2016-08-04 20:03:01,260 INFO [org.junit.Test] zero00691
2016-08-04 20:03:01,260 INFO [org.junit.Test] zero00692
2016-08-04 20:03:01,260 INFO [org.junit.Test] zero00693
2016-08-04 20:03:01,260 INFO [org.junit.Test] zero00694
2016-08-04 20:03:01,260 INFO [org.junit.Test] zero00695
2016-08-04 20:03:01,260 INFO [org.junit.Test] zero00696
2016-08-04 20:03:01,260 INFO [org.junit.Test] zero00697
2016-08-04 20:03:01,260 INFO [org.junit.Test] zero00698
2016-08-04 20:03:01,260 INFO [org.junit.Test] zero00699
2016-08-04 20:03:01,260 INFO [org.junit.Test] zero00700
2016-08-04 20:03:01,260 INFO [org.junit.Test] zero00701
2016-08-04 20:03:01,260 INFO [org.junit.Test] zero00702
2016-08-04 20:03:01,260 INFO [org.junit.Test] zero00703
2016-08-04 20:03:01,260 INFO [org.junit.Test] zero00704
2016-08-04 20:03:01,260 INFO [org.junit.Test] zero00705
2016-08-04 20:03:01,260 INFO [org.junit.Test] zero00706
2016-08-04 20:03:01,260 INFO [org.junit.Test] zero00707
2016-08-04 20:03:01,260 INFO [org.junit.Test] zero00708
2016-08-04 20:03:01,260 INFO [org.junit.Test] zero00709
2016-08-04 20:03:01,260 INFO [org.junit.Test] zero00710
2016-08-04 20:03:01,260 INFO [org.junit.Test] zero00711
2016-08-04 20:03:01,260 INFO [org.junit.Test] zero00712
2016-08-04 20:03:01,260 INFO [org.junit.Test] zero00713
2016-08-04 20:03:01,260 INFO [org.junit.Test] zero00714
2016-08-04 20:03:01,260 INFO [org.junit.Test] zero00715
2016-08-04 20:03:01,260 INFO [org.junit.Test] zero00716
2016-08-04 20:03:01,260 INFO [org.junit.Test] zero00717
2016-08-04 20:03:01,260 INFO [org.junit.Test] zero00718
2016-08-04 20:03:01,260 INFO [org.junit.Test] zero00719
2016-08-04 20:03:01,260 INFO [org.junit.Test] zero00720
2016-08-04 20:03:01,260 INFO [org.junit.Test] zero00721
2016-08-04 20:03:01,260 INFO [org.junit.Test] zero00722
2016-08-04 20:03:01,260 INFO [org.junit.Test] zero00723
2016-08-04 20:03:01,260 INFO [org.junit.Test] zero00724
2016-08-04 20:03:01,260 INFO [org.junit.Test] zero00725
2016-08-04 20:03:01,260 INFO [org.junit.Test] zero00726
2016-08-04 20:03:01,260 INFO [org.junit.Test] zero00727
2016-08-04 20:03:01,260 INFO [org.junit.Test] zero00728
2016-08-04 20:03:01,260 INFO [org.junit.Test] zero00729
2016-08-04 20:03:01,260 INFO [org.junit.Test] zero00730
2016-08-04 20:03:01,260 INFO [org.junit.Test] zero00731
2016-08-04 20:03:01,260 INFO [org.junit.Test] zero00732
2016-08-04 20:03:01,260 INFO [org.junit.Test] zero00733
2016-08-04 20:03:01,260 INFO [org.junit.Test] zero00734
2016-08-04 20:03:01,260 INFO [org.junit.Test] zero00735
2016-08-04 20:03:01,260 INFO [org.junit.Test] zero00736
2016-08-04 20:03:01,260 INFO [org.junit.Test] zero00737
2016-08-04 20:03:01,260 INFO [org.junit.Test] zero00738
2016-08-04 20:03:01,260 INFO [org.junit.Test] zero00739
2016-08-04 20:03:01,260 INFO [org.junit.Test] zero00740
2016-08-04 20:03:01,260 INFO [org.junit.Test] zero00741
2016-08-04 20:03:01,260 INFO [org.junit.Test] zero00742
2016-08-04 20:03:01,260 INFO [org.junit.Test] zero00743
2016-08-04 20:03:01,260 INFO [org.junit.Test] zero00744
2016-08-04 20:03:01,260 INFO [org.junit.Test] zero00745
2016-08-04 20:03:01,260 INFO [org.junit.Test] zero00746
2016-08-04 20:03:01,260 INFO [org.junit.Test] zero00747
2016-08-04 20:03:01,260 INFO [org.junit.Test] zero00748
2016-08-04 20:03:01,260 INFO [org.junit.Test] zero00749
2016-08-04 20:03:01,261 INFO [org.junit.Test] zero00750
2016-08-04 20:03:01,261 INFO [org.junit.Test] zero00751
2016-08-04 20:03:01,261 INFO [org.junit.Test] zero00752
2016-08-04 20:03:01,261 INFO [org.junit.Test] zero00753
2016-08-04 20:03:01,261 INFO [org.junit.Test] zero00754
2016-08-04 20:03:01,261 INFO [org.junit.Test] zero00755
2016-08-04 20:03:01,261 INFO [org.junit.Test] zero00756
2016-08-04 20:03:01,261 INFO [org.junit.Test] zero00757
2016-08-04 20:03:01,261 INFO [org.junit.Test] zero00758
2016-08-04 20:03:01,261 INFO [org.junit.Test] zero00759
2016-08-04 20:03:01,261 INFO [org.junit.Test] zero00760
2016-08-04 20:03:01,261 INFO [org.junit.Test] zero00761
2016-08-04 20:03:01,261 INFO [org.junit.Test] zero00762
2016-08-04 20:03:01,261 INFO [org.junit.Test] zero00763
2016-08-04 20:03:01,261 INFO [org.junit.Test] zero00764
2016-08-04 20:03:01,261 INFO [org.junit.Test] zero00765
2016-08-04 20:03:01,261 INFO [org.junit.Test] zero00766
2016-08-04 20:03:01,261 INFO [org.junit.Test] zero00767
2016-08-04 20:03:01,261 INFO [org.junit.Test] zero00768
2016-08-04 20:03:01,261 INFO [org.junit.Test] zero00769
2016-08-04 20:03:01,261 INFO [org.junit.Test] zero00770
2016-08-04 20:03:01,261 INFO [org.junit.Test] zero00771
2016-08-04 20:03:01,261 INFO [org.junit.Test] zero00772
2016-08-04 20:03:01,261 INFO [org.junit.Test] zero00773
2016-08-04 20:03:01,261 INFO [org.junit.Test] zero00774
2016-08-04 20:03:01,261 INFO [org.junit.Test] zero00775
2016-08-04 20:03:01,261 INFO [org.junit.Test] zero00776
2016-08-04 20:03:01,261 INFO [org.junit.Test] zero00777
2016-08-04 20:03:01,261 INFO [org.junit.Test] zero00778
2016-08-04 20:03:01,261 INFO [org.junit.Test] zero00779
2016-08-04 20:03:01,261 INFO [org.junit.Test] zero00780
2016-08-04 20:03:01,261 INFO [org.junit.Test] zero00781
2016-08-04 20:03:01,261 INFO [org.junit.Test] zero00782
2016-08-04 20:03:01,261 INFO [org.junit.Test] zero00783
2016-08-04 20:03:01,261 INFO [org.junit.Test] zero00784
2016-08-04 20:03:01,261 INFO [org.junit.Test] zero00785
2016-08-04 20:03:01,261 INFO [org.junit.Test] zero00786
2016-08-04 20:03:01,261 INFO [org.junit.Test] zero00787
2016-08-04 20:03:01,261 INFO [org.junit.Test] zero00788
2016-08-04 20:03:01,261 INFO [org.junit.Test] zero00789
2016-08-04 20:03:01,261 INFO [org.junit.Test] zero00790
2016-08-04 20:03:01,261 INFO [org.junit.Test] zero00791
2016-08-04 20:03:01,261 INFO [org.junit.Test] zero00792
2016-08-04 20:03:01,261 INFO [org.junit.Test] zero00793
2016-08-04 20:03:01,261 INFO [org.junit.Test] zero00794
2016-08-04 20:03:01,261 INFO [org.junit.Test] zero00795
2016-08-04 20:03:01,261 INFO [org.junit.Test] zero00796
2016-08-04 20:03:01,261 INFO [org.junit.Test] zero00797
2016-08-04 20:03:01,261 INFO [org.junit.Test] zero00798
2016-08-04 20:03:01,261 INFO [org.junit.Test] zero00799
2016-08-04 20:03:01,261 INFO [org.junit.Test] zero00800
2016-08-04 20:03:01,261 INFO [org.junit.Test] zero00801
2016-08-04 20:03:01,261 INFO [org.junit.Test] zero00802
2016-08-04 20:03:01,261 INFO [org.junit.Test] zero00803
2016-08-04 20:03:01,261 INFO [org.junit.Test] zero00804
2016-08-04 20:03:01,261 INFO [org.junit.Test] zero00805
2016-08-04 20:03:01,261 INFO [org.junit.Test] zero00806
2016-08-04 20:03:01,261 INFO [org.junit.Test] zero00807
2016-08-04 20:03:01,261 INFO [org.junit.Test] zero00808
2016-08-04 20:03:01,261 INFO [org.junit.Test] zero00809
2016-08-04 20:03:01,261 INFO [org.junit.Test] zero00810
2016-08-04 20:03:01,261 INFO [org.junit.Test] zero00811
2016-08-04 20:03:01,261 INFO [org.junit.Test] zero00812
2016-08-04 20:03:01,261 INFO [org.junit.Test] zero00813
2016-08-04 20:03:01,261 INFO [org.junit.Test] zero00814
2016-08-04 20:03:01,261 INFO [org.junit.Test] zero00815
2016-08-04 20:03:01,261 INFO [org.junit.Test] zero00816
2016-08-04 20:03:01,261 INFO [org.junit.Test] zero00817
2016-08-04 20:03:01,261 INFO [org.junit.Test] zero00818
2016-08-04 20:03:01,261 INFO [org.junit.Test] zero00819
2016-08-04 20:03:01,261 INFO [org.junit.Test] zero00820
2016-08-04 20:03:01,261 INFO [org.junit.Test] zero00821
2016-08-04 20:03:01,261 INFO [org.junit.Test] zero00822
2016-08-04 20:03:01,261 INFO [org.junit.Test] zero00823
2016-08-04 20:03:01,261 INFO [org.junit.Test] zero00824
2016-08-04 20:03:01,261 INFO [org.junit.Test] zero00825
2016-08-04 20:03:01,261 INFO [org.junit.Test] zero00826
2016-08-04 20:03:01,261 INFO [org.junit.Test] zero00827
2016-08-04 20:03:01,261 INFO [org.junit.Test] zero00828
2016-08-04 20:03:01,261 INFO [org.junit.Test] zero00829
2016-08-04 20:03:01,261 INFO [org.junit.Test] zero00830
2016-08-04 20:03:01,261 INFO [org.junit.Test] zero00831
2016-08-04 20:03:01,261 INFO [org.junit.Test] zero00832
2016-08-04 20:03:01,261 INFO [org.junit.Test] zero00833
2016-08-04 20:03:01,261 INFO [org.junit.Test] zero00834
2016-08-04 20:03:01,261 INFO [org.junit.Test] zero00835
2016-08-04 20:03:01,261 INFO [org.junit.Test] zero00836
2016-08-04 20:03:01,261 INFO [org.junit.Test] zero00837
2016-08-04 20:03:01,261 INFO [org.junit.Test] zero00838
2016-08-04 20:03:01,261 INFO [org.junit.Test] zero00839
2016-08-04 20:03:01,261 INFO [org.junit.Test] zero00840
2016-08-04 20:03:01,261 INFO [org.junit.Test] zero00841
2016-08-04 20:03:01,261 INFO [org.junit.Test] zero00842
2016-08-04 20:03:01,261 INFO [org.junit.Test] zero00843
2016-08-04 20:03:01,261 INFO [org.junit.Test] zero00844
2016-08-04 20:03:01,261 INFO [org.junit.Test] zero00845
2016-08-04 20:03:01,261 INFO [org.junit.Test] zero00846
2016-08-04 20:03:01,261 INFO [org.junit.Test] zero00847
2016-08-04 20:03:01,261 INFO [org.junit.Test] zero00848
2016-08-04 20:03:01,261 INFO [org.junit.Test] zero00849
2016-08-04 20:03:01,261 INFO [org.junit.Test] zero00850
2016-08-04 20:03:01,261 INFO [org.junit.Test] zero00851
2016-08-04 20:03:01,261 INFO [org.junit.Test] zero00852
2016-08-04 20:03:01,261 INFO [org.junit.Test] zero00853
2016-08-04 20:03:01,261 INFO [org.junit.Test] zero00854
2016-08-04 20:03:01,261 INFO [org.junit.Test] zero00855
2016-08-04 20:03:01,261 INFO [org.junit.Test] zero00856
2016-08-04 20:03:01,261 INFO [org.junit.Test] zero00857
2016-08-04 20:03:01,261 INFO [org.junit.Test] zero00858
2016-08-04 20:03:01,261 INFO [org.junit.Test] zero00859
2016-08-04 20:03:01,261 INFO [org.junit.Test] zero00860
2016-08-04 20:03:01,261 INFO [org.junit.Test] zero00861
2016-08-04 20:03:01,261 INFO [org.junit.Test] zero00862
2016-08-04 20:03:01,261 INFO [org.junit.Test] zero00863
2016-08-04 20:03:01,261 INFO [org.junit.Test] zero00864
2016-08-04 20:03:01,261 INFO [org.junit.Test] zero00865
2016-08-04 20:03:01,261 INFO [org.junit.Test] zero00866
2016-08-04 20:03:01,261 INFO [org.junit.Test] zero00867
2016-08-04 20:03:01,261 INFO [org.junit.Test] zero00868
2016-08-04 20:03:01,261 INFO [org.junit.Test] zero00869
2016-08-04 20:03:01,261 INFO [org.junit.Test] zero00870
2016-08-04 20:03:01,261 INFO [org.junit.Test] zero00871
2016-08-04 20:03:01,261 INFO [org.junit.Test] zero00872
2016-08-04 20:03:01,261 INFO [org.junit.Test] zero00873
2016-08-04 20:03:01,261 INFO [org.junit.Test] zero00874
2016-08-04 20:03:01,261 INFO [org.junit.Test] zero00875
2016-08-04 20:03:01,261 INFO [org.junit.Test] zero00876
2016-08-04 20:03:01,261 INFO [org.junit.Test] zero00877
2016-08-04 20:03:01,261 INFO [org.junit.Test] zero00878
2016-08-04 20:03:01,261 INFO [org.junit.Test] zero00879
2016-08-04 20:03:01,261 INFO [org.junit.Test] zero00880
2016-08-04 20:03:01,261 INFO [org.junit.Test] zero00881
2016-08-04 20:03:01,261 INFO [org.junit.Test] zero00882
2016-08-04 20:03:01,261 INFO [org.junit.Test] zero00883
2016-08-04 20:03:01,261 INFO [org.junit.Test] zero00884
2016-08-04 20:03:01,261 INFO [org.junit.Test] zero00885
2016-08-04 20:03:01,261 INFO [org.junit.Test] zero00886
2016-08-04 20:03:01,261 INFO [org.junit.Test] zero00887
2016-08-04 20:03:01,261 INFO [org.junit.Test] zero00888
2016-08-04 20:03:01,261 INFO [org.junit.Test] zero00889
2016-08-04 20:03:01,261 INFO [org.junit.Test] zero00890
2016-08-04 20:03:01,261 INFO [org.junit.Test] zero00891
2016-08-04 20:03:01,261 INFO [org.junit.Test] zero00892
2016-08-04 20:03:01,261 INFO [org.junit.Test] zero00893
2016-08-04 20:03:01,261 INFO [org.junit.Test] zero00894
2016-08-04 20:03:01,261 INFO [org.junit.Test] zero00895
2016-08-04 20:03:01,261 INFO [org.junit.Test] zero00896
2016-08-04 20:03:01,261 INFO [org.junit.Test] zero00897
2016-08-04 20:03:01,261 INFO [org.junit.Test] zero00898
2016-08-04 20:03:01,261 INFO [org.junit.Test] zero00899
2016-08-04 20:03:01,261 INFO [org.junit.Test] zero00900
2016-08-04 20:03:01,261 INFO [org.junit.Test] zero00901
2016-08-04 20:03:01,261 INFO [org.junit.Test] zero00902
2016-08-04 20:03:01,261 INFO [org.junit.Test] zero00903
2016-08-04 20:03:01,261 INFO [org.junit.Test] zero00904
2016-08-04 20:03:01,261 INFO [org.junit.Test] zero00905
2016-08-04 20:03:01,261 INFO [org.junit.Test] zero00906
2016-08-04 20:03:01,261 INFO [org.junit.Test] zero00907
2016-08-04 20:03:01,261 INFO [org.junit.Test] zero00908
2016-08-04 20:03:01,261 INFO [org.junit.Test] zero00909
2016-08-04 20:03:01,261 INFO [org.junit.Test] zero00910
2016-08-04 20:03:01,261 INFO [org.junit.Test] zero00911
2016-08-04 20:03:01,261 INFO [org.junit.Test] zero00912
2016-08-04 20:03:01,261 INFO [org.junit.Test] zero00913
2016-08-04 20:03:01,261 INFO [org.junit.Test] zero00914
2016-08-04 20:03:01,261 INFO [org.junit.Test] zero00915
2016-08-04 20:03:01,261 INFO [org.junit.Test] zero00916
2016-08-04 20:03:01,261 INFO [org.junit.Test] zero00917
2016-08-04 20:03:01,261 INFO [org.junit.Test] zero00918
2016-08-04 20:03:01,261 INFO [org.junit.Test] zero00919
2016-08-04 20:03:01,261 INFO [org.junit.Test] zero00920
2016-08-04 20:03:01,261 INFO [org.junit.Test] zero00921
2016-08-04 20:03:01,261 INFO [org.junit.Test] zero00922
2016-08-04 20:03:01,261 INFO [org.junit.Test] zero00923
2016-08-04 20:03:01,261 INFO [org.junit.Test] zero00924
2016-08-04 20:03:01,261 INFO [org.junit.Test] zero00925
2016-08-04 20:03:01,261 INFO [org.junit.Test] zero00926
2016-08-04 20:03:01,261 INFO [org.junit.Test] zero00927
2016-08-04 20:03:01,261 INFO [org.junit.Test] zero00928
2016-08-04 20:03:01,261 INFO [org.junit.Test] zero00929
2016-08-04 20:03:01,261 INFO [org.junit.Test] zero00930
2016-08-04 20:03:01,261 INFO [org.junit.Test] zero00931
2016-08-04 20:03:01,261 INFO [org.junit.Test] zero00932
2016-08-04 20:03:01,261 INFO [org.junit.Test] zero00933
2016-08-04 20:03:01,261 INFO [org.junit.Test] zero00934
2016-08-04 20:03:01,261 INFO [org.junit.Test] zero00935
2016-08-04 20:03:01,261 INFO [org.junit.Test] zero00936
2016-08-04 20:03:01,261 INFO [org.junit.Test] zero00937
2016-08-04 20:03:01,261 INFO [org.junit.Test] zero00938
2016-08-04 20:03:01,261 INFO [org.junit.Test] zero00939
2016-08-04 20:03:01,261 INFO [org.junit.Test] zero00940
2016-08-04 20:03:01,261 INFO [org.junit.Test] zero00941
2016-08-04 20:03:01,261 INFO [org.junit.Test] zero00942
2016-08-04 20:03:01,261 INFO [org.junit.Test] zero00943
2016-08-04 20:03:01,261 INFO [org.junit.Test] zero00944
2016-08-04 20:03:01,261 INFO [org.junit.Test] zero00945
2016-08-04 20:03:01,261 INFO [org.junit.Test] zero00946
2016-08-04 20:03:01,261 INFO [org.junit.Test] zero00947
2016-08-04 20:03:01,261 INFO [org.junit.Test] zero00948
2016-08-04 20:03:01,261 INFO [org.junit.Test] zero00949
2016-08-04 20:03:01,261 INFO [org.junit.Test] zero00950
2016-08-04 20:03:01,261 INFO [org.junit.Test] zero00951
2016-08-04 20:03:01,261 INFO [org.junit.Test] zero00952
2016-08-04 20:03:01,261 INFO [org.junit.Test] zero00953
2016-08-04 20:03:01,261 INFO [org.junit.Test] zero00954
2016-08-04 20:03:01,261 INFO [org.junit.Test] zero00955
2016-08-04 20:03:01,261 INFO [org.junit.Test] zero00956
2016-08-04 20:03:01,261 INFO [org.junit.Test] zero00957
2016-08-04 20:03:01,261 INFO [org.junit.Test] zero00958
2016-08-04 20:03:01,261 INFO [org.junit.Test] zero00959
2016-08-04 20:03:01,261 INFO [org.junit.Test] zero00960
2016-08-04 20:03:01,261 INFO [org.junit.Test] zero00961
2016-08-04 20:03:01,261 INFO [org.junit.Test] zero00962
2016-08-04 20:03:01,261 INFO [org.junit.Test] zero00963
2016-08-04 20:03:01,261 INFO [org.junit.Test] zero00964
2016-08-04 20:03:01,261 INFO [org.junit.Test] zero00965
2016-08-04 20:03:01,261 INFO [org.junit.Test] zero00966
2016-08-04 20:03:01,261 INFO [org.junit.Test] zero00967
2016-08-04 20:03:01,261 INFO [org.junit.Test] zero00968
2016-08-04 20:03:01,261 INFO [org.junit.Test] zero00969
2016-08-04 20:03:01,261 INFO [org.junit.Test] zero00970
2016-08-04 20:03:01,261 INFO [org.junit.Test] zero00971
2016-08-04 20:03:01,261 INFO [org.junit.Test] zero00972
2016-08-04 20:03:01,261 INFO [org.junit.Test] zero00973
2016-08-04 20:03:01,261 INFO [org.junit.Test] zero00974
2016-08-04 20:03:01,261 INFO [org.junit.Test] zero00975
2016-08-04 20:03:01,261 INFO [org.junit.Test] zero00976
2016-08-04 20:03:01,261 INFO [org.junit.Test] zero00977
2016-08-04 20:03:01,261 INFO [org.junit.Test] zero00978
2016-08-04 20:03:01,261 INFO [org.junit.Test] zero00979
2016-08-04 20:03:01,261 INFO [org.junit.Test] zero00980
2016-08-04 20:03:01,261 INFO [org.junit.Test] zero00981
2016-08-04 20:03:01,261 INFO [org.junit.Test] zero00982
2016-08-04 20:03:01,261 INFO [org.junit.Test] zero00983
2016-08-04 20:03:01,261 INFO [org.junit.Test] zero00984
2016-08-04 20:03:01,261 INFO [org.junit.Test] zero00985
2016-08-04 20:03:01,261 INFO [org.junit.Test] zero00986
2016-08-04 20:03:01,261 INFO [org.junit.Test] zero00987
2016-08-04 20:03:01,261 INFO [org.junit.Test] zero00988
2016-08-04 20:03:01,261 INFO [org.junit.Test] zero00989
2016-08-04 20:03:01,261 INFO [org.junit.Test] zero00990
2016-08-04 20:03:01,261 INFO [org.junit.Test] zero00991
2016-08-04 20:03:01,261 INFO [org.junit.Test] zero00992
2016-08-04 20:03:01,261 INFO [org.junit.Test] zero00993
2016-08-04 20:03:01,261 INFO [org.junit.Test] zero00994
2016-08-04 20:03:01,261 INFO [org.junit.Test] zero00995
2016-08-04 20:03:01,261 INFO [org.junit.Test] zero00996
2016-08-04 20:03:01,261 INFO [org.junit.Test] zero00997
2016-08-04 20:03:01,261 INFO [org.junit.Test] zero00998
2016-08-04 20:03:01,261 INFO [org.junit.Test] zero00999
2016-08-04 20:03:04,261 INFO [org.junit.Test] zero000
2016-08-04 20:03:04,261 INFO [org.junit.Test] zero001
2016-08-04 20:03:04,261 INFO [org.junit.Test] zero002
2016-08-04 20:03:04,261 INFO [org.junit.Test] zero003
2016-08-04 20:03:04,261 INFO [org.junit.Test] zero004
2016-08-04 20:03:04,261 INFO [org.junit.Test] zero005
2016-08-04 20:03:04,261 INFO [org.junit.Test] zero006
2016-08-04 20:03:04,261 INFO [org.junit.Test] zero007
2016-08-04 20:03:04,261 INFO [org.junit.Test] zero008
2016-08-04 20:03:04,261 INFO [org.junit.Test] zero009
2016-08-04 20:03:04,261 INFO [org.junit.Test] zero0010
2016-08-04 20:03:04,261 INFO [org.junit.Test] zero0011
2016-08-04 20:03:04,261 INFO [org.junit.Test] zero0012
2016-08-04 20:03:04,261 INFO [org.junit.Test] zero0013
2016-08-04 20:03:04,261 INFO [org.junit.Test] zero0014
2016-08-04 20:03:04,261 INFO [org.junit.Test] zero0015
2016-08-04 20:03:04,261 INFO [org.junit.Test] zero0016
2016-08-04 20:03:04,261 INFO [org.junit.Test] zero0017
2016-08-04 20:03:04,261 INFO [org.junit.Test] zero0018
2016-08-04 20:03:04,261 INFO [org.junit.Test] zero0019
2016-08-04 20:03:04,261 INFO [org.junit.Test] zero0020
2016-08-04 20:03:04,261 INFO [org.junit.Test] zero0021
2016-08-04 20:03:04,261 INFO [org.junit.Test] zero0022
2016-08-04 20:03:04,261 INFO [org.junit.Test] zero0023
2016-08-04 20:03:04,261 INFO [org.junit.Test] zero0024
2016-08-04 20:03:04,261 INFO [org.junit.Test] zero0025
2016-08-04 20:03:04,261 INFO [org.junit.Test] zero0026
2016-08-04 20:03:04,261 INFO [org.junit.Test] zero0027
2016-08-04 20:03:04,261 INFO [org.junit.Test] zero0028
2016-08-04 20:03:04,261 INFO [org.junit.Test] zero0029
2016-08-04 20:03:04,261 INFO [org.junit.Test] zero0030
2016-08-04 20:03:04,261 INFO [org.junit.Test] zero0031
2016-08-04 20:03:04,261 INFO [org.junit.Test] zero0032
2016-08-04 20:03:04,261 INFO [org.junit.Test] zero0033
2016-08-04 20:03:04,261 INFO [org.junit.Test] zero0034
2016-08-04 20:03:04,261 INFO [org.junit.Test] zero0035
2016-08-04 20:03:04,261 INFO [org.junit.Test] zero0036
2016-08-04 20:03:04,261 INFO [org.junit.Test] zero0037
2016-08-04 20:03:04,261 INFO [org.junit.Test] zero0038
2016-08-04 20:03:04,261 INFO [org.junit.Test] zero0039
2016-08-04 20:03:04,261 INFO [org.junit.Test] zero0040
2016-08-04 20:03:04,261 INFO [org.junit.Test] zero0041
2016-08-04 20:03:04,261 INFO [org.junit.Test] zero0042
2016-08-04 20:03:04,261 INFO [org.junit.Test] zero0043
2016-08-04 20:03:04,261 INFO [org.junit.Test] zero0044
2016-08-04 20:03:04,261 INFO [org.junit.Test] zero0045
2016-08-04 20:03:04,261 INFO [org.junit.Test] zero0046
2016-08-04 20:03:04,261 INFO [org.junit.Test] zero0047
2016-08-04 20:03:04,261 INFO [org.junit.Test] zero0048
2016-08-04 20:03:04,261 INFO [org.junit.Test] zero0049
2016-08-04 20:03:04,261 INFO [org.junit.Test] zero0050
2016-08-04 20:03:04,261 INFO [org.junit.Test] zero0051
2016-08-04 20:03:04,261 INFO [org.junit.Test] zero0052
2016-08-04 20:03:04,261 INFO [org.junit.Test] zero0053
2016-08-04 20:03:04,261 INFO [org.junit.Test] zero0054
2016-08-04 20:03:04,261 INFO [org.junit.Test] zero0055
2016-08-04 20:03:04,261 INFO [org.junit.Test] zero0056
2016-08-04 20:03:04,261 INFO [org.junit.Test] zero0057
2016-08-04 20:03:04,261 INFO [org.junit.Test] zero0058
2016-08-04 20:03:04,261 INFO [org.junit.Test] zero0059
2016-08-04 20:03:04,261 INFO [org.junit.Test] zero0060
2016-08-04 20:03:04,261 INFO [org.junit.Test] zero0061
2016-08-04 20:03:04,261 INFO [org.junit.Test] zero0062
2016-08-04 20:03:04,261 INFO [org.junit.Test] zero0063
2016-08-04 20:03:04,261 INFO [org.junit.Test] zero0064
2016-08-04 20:03:04,261 INFO [org.junit.Test] zero0065
2016-08-04 20:03:04,261 INFO [org.junit.Test] zero0066
2016-08-04 20:03:04,261 INFO [org.junit.Test] zero0067
2016-08-04 20:03:04,261 INFO [org.junit.Test] zero0068
2016-08-04 20:03:04,261 INFO [org.junit.Test] zero0069
2016-08-04 20:03:04,261 INFO [org.junit.Test] zero0070
2016-08-04 20:03:04,261 INFO [org.junit.Test] zero0071
2016-08-04 20:03:04,261 INFO [org.junit.Test] zero0072
2016-08-04 20:03:04,261 INFO [org.junit.Test] zero0073
2016-08-04 20:03:04,261 INFO [org.junit.Test] zero0074
2016-08-04 20:03:04,261 INFO [org.junit.Test] zero0075
2016-08-04 20:03:04,261 INFO [org.junit.Test] zero0076
2016-08-04 20:03:04,261 INFO [org.junit.Test] zero0077
2016-08-04 20:03:04,262 INFO [org.junit.Test] zero0078
2016-08-04 20:03:04,262 INFO [org.junit.Test] zero0079
2016-08-04 20:03:04,262 INFO [org.junit.Test] zero0080
2016-08-04 20:03:04,262 INFO [org.junit.Test] zero0081
2016-08-04 20:03:04,262 INFO [org.junit.Test] zero0082
2016-08-04 20:03:04,262 INFO [org.junit.Test] zero0083
2016-08-04 20:03:04,262 INFO [org.junit.Test] zero0084
2016-08-04 20:03:04,262 INFO [org.junit.Test] zero0085
2016-08-04 20:03:04,262 INFO [org.junit.Test] zero0086
2016-08-04 20:03:04,262 INFO [org.junit.Test] zero0087
2016-08-04 20:03:04,262 INFO [org.junit.Test] zero0088
2016-08-04 20:03:04,262 INFO [org.junit.Test] zero0089
2016-08-04 20:03:04,262 INFO [org.junit.Test] zero0090
2016-08-04 20:03:04,262 INFO [org.junit.Test] zero0091
2016-08-04 20:03:04,262 INFO [org.junit.Test] zero0092
2016-08-04 20:03:04,262 INFO [org.junit.Test] zero0093
2016-08-04 20:03:04,262 INFO [org.junit.Test] zero0094
2016-08-04 20:03:04,262 INFO [org.junit.Test] zero0095
2016-08-04 20:03:04,262 INFO [org.junit.Test] zero0096
2016-08-04 20:03:04,262 INFO [org.junit.Test] zero0097
2016-08-04 20:03:04,262 INFO [org.junit.Test] zero0098
2016-08-04 20:03:04,262 INFO [org.junit.Test] zero0099
2016-08-04 20:03:04,262 INFO [org.junit.Test] zero00100
2016-08-04 20:03:04,262 INFO [org.junit.Test] zero00101
2016-08-04 20:03:04,262 INFO [org.junit.Test] zero00102
2016-08-04 20:03:04,262 INFO [org.junit.Test] zero00103
2016-08-04 20:03:04,262 INFO [org.junit.Test] zero00104
2016-08-04 20:03:04,262 INFO [org.junit.Test] zero00105
2016-08-04 20:03:04,262 INFO [org.junit.Test] zero00106
2016-08-04 20:03:04,262 INFO [org.junit.Test] zero00107
2016-08-04 20:03:04,262 INFO [org.junit.Test] zero00108
2016-08-04 20:03:04,262 INFO [org.junit.Test] zero00109
2016-08-04 20:03:04,262 INFO [org.junit.Test] zero00110
2016-08-04 20:03:04,262 INFO [org.junit.Test] zero00111
2016-08-04 20:03:04,262 INFO [org.junit.Test] zero00112
2016-08-04 20:03:04,262 INFO [org.junit.Test] zero00113
2016-08-04 20:03:04,262 INFO [org.junit.Test] zero00114
2016-08-04 20:03:04,262 INFO [org.junit.Test] zero00115
2016-08-04 20:03:04,262 INFO [org.junit.Test] zero00116
2016-08-04 20:03:04,262 INFO [org.junit.Test] zero00117
2016-08-04 20:03:04,262 INFO [org.junit.Test] zero00118
2016-08-04 20:03:04,262 INFO [org.junit.Test] zero00119
2016-08-04 20:03:04,262 INFO [org.junit.Test] zero00120
2016-08-04 20:03:04,262 INFO [org.junit.Test] zero00121
2016-08-04 20:03:04,262 INFO [org.junit.Test] zero00122
2016-08-04 20:03:04,262 INFO [org.junit.Test] zero00123
2016-08-04 20:03:04,262 INFO [org.junit.Test] zero00124
2016-08-04 20:03:04,262 INFO [org.junit.Test] zero00125
2016-08-04 20:03:04,262 INFO [org.junit.Test] zero00126
2016-08-04 20:03:04,262 INFO [org.junit.Test] zero00127
2016-08-04 20:03:04,262 INFO [org.junit.Test] zero00128
2016-08-04 20:03:04,262 INFO [org.junit.Test] zero00129
2016-08-04 20:03:04,262 INFO [org.junit.Test] zero00130
2016-08-04 20:03:04,262 INFO [org.junit.Test] zero00131
2016-08-04 20:03:04,262 INFO [org.junit.Test] zero00132
2016-08-04 20:03:04,262 INFO [org.junit.Test] zero00133
2016-08-04 20:03:04,262 INFO [org.junit.Test] zero00134
2016-08-04 20:03:04,262 INFO [org.junit.Test] zero00135
2016-08-04 20:03:04,262 INFO [org.junit.Test] zero00136
2016-08-04 20:03:04,262 INFO [org.junit.Test] zero00137
2016-08-04 20:03:04,262 INFO [org.junit.Test] zero00138
2016-08-04 20:03:04,262 INFO [org.junit.Test] zero00139
2016-08-04 20:03:04,262 INFO [org.junit.Test] zero00140
2016-08-04 20:03:04,262 INFO [org.junit.Test] zero00141
2016-08-04 20:03:04,262 INFO [org.junit.Test] zero00142
2016-08-04 20:03:04,262 INFO [org.junit.Test] zero00143
2016-08-04 20:03:04,262 INFO [org.junit.Test] zero00144
2016-08-04 20:03:04,262 INFO [org.junit.Test] zero00145
2016-08-04 20:03:04,262 INFO [org.junit.Test] zero00146
2016-08-04 20:03:04,262 INFO [org.junit.Test] zero00147
2016-08-04 20:03:04,262 INFO [org.junit.Test] zero00148
2016-08-04 20:03:04,262 INFO [org.junit.Test] zero00149
2016-08-04 20:03:04,262 INFO [org.junit.Test] zero00150
2016-08-04 20:03:04,262 INFO [org.junit.Test] zero00151
2016-08-04 20:03:04,262 INFO [org.junit.Test] zero00152
2016-08-04 20:03:04,262 INFO [org.junit.Test] zero00153
2016-08-04 20:03:04,262 INFO [org.junit.Test] zero00154
2016-08-04 20:03:04,262 INFO [org.junit.Test] zero00155
2016-08-04 20:03:04,262 INFO [org.junit.Test] zero00156
2016-08-04 20:03:04,262 INFO [org.junit.Test] zero00157
2016-08-04 20:03:04,262 INFO [org.junit.Test] zero00158
2016-08-04 20:03:04,262 INFO [org.junit.Test] zero00159
2016-08-04 20:03:04,262 INFO [org.junit.Test] zero00160
2016-08-04 20:03:04,262 INFO [org.junit.Test] zero00161
2016-08-04 20:03:04,262 INFO [org.junit.Test] zero00162
2016-08-04 20:03:04,262 INFO [org.junit.Test] zero00163
2016-08-04 20:03:04,262 INFO [org.junit.Test] zero00164
2016-08-04 20:03:04,262 INFO [org.junit.Test] zero00165
2016-08-04 20:03:04,262 INFO [org.junit.Test] zero00166
2016-08-04 20:03:04,262 INFO [org.junit.Test] zero00167
2016-08-04 20:03:04,262 INFO [org.junit.Test] zero00168
2016-08-04 20:03:04,262 INFO [org.junit.Test] zero00169
2016-08-04 20:03:04,262 INFO [org.junit.Test] zero00170
2016-08-04 20:03:04,262 INFO [org.junit.Test] zero00171
2016-08-04 20:03:04,262 INFO [org.junit.Test] zero00172
2016-08-04 20:03:04,262 INFO [org.junit.Test] zero00173
2016-08-04 20:03:04,262 INFO [org.junit.Test] zero00174
2016-08-04 20:03:04,262 INFO [org.junit.Test] zero00175
2016-08-04 20:03:04,262 INFO [org.junit.Test] zero00176
2016-08-04 20:03:04,262 INFO [org.junit.Test] zero00177
2016-08-04 20:03:04,262 INFO [org.junit.Test] zero00178
2016-08-04 20:03:04,262 INFO [org.junit.Test] zero00179
2016-08-04 20:03:04,262 INFO [org.junit.Test] zero00180
2016-08-04 20:03:04,262 INFO [org.junit.Test] zero00181
2016-08-04 20:03:04,262 INFO [org.junit.Test] zero00182
2016-08-04 20:03:04,262 INFO [org.junit.Test] zero00183
2016-08-04 20:03:04,262 INFO [org.junit.Test] zero00184
2016-08-04 20:03:04,262 INFO [org.junit.Test] zero00185
2016-08-04 20:03:04,262 INFO [org.junit.Test] zero00186
2016-08-04 20:03:04,262 INFO [org.junit.Test] zero00187
2016-08-04 20:03:04,262 INFO [org.junit.Test] zero00188
2016-08-04 20:03:04,262 INFO [org.junit.Test] zero00189
2016-08-04 20:03:04,262 INFO [org.junit.Test] zero00190
2016-08-04 20:03:04,262 INFO [org.junit.Test] zero00191
2016-08-04 20:03:04,262 INFO [org.junit.Test] zero00192
2016-08-04 20:03:04,262 INFO [org.junit.Test] zero00193
2016-08-04 20:03:04,262 INFO [org.junit.Test] zero00194
2016-08-04 20:03:04,262 INFO [org.junit.Test] zero00195
2016-08-04 20:03:04,262 INFO [org.junit.Test] zero00196
2016-08-04 20:03:04,262 INFO [org.junit.Test] zero00197
2016-08-04 20:03:04,262 INFO [org.junit.Test] zero00198
2016-08-04 20:03:04,262 INFO [org.junit.Test] zero00199
2016-08-04 20:03:04,262 INFO [org.junit.Test] zero00200
2016-08-04 20:03:04,262 INFO [org.junit.Test] zero00201
2016-08-04 20:03:04,262 INFO [org.junit.Test] zero00202
2016-08-04 20:03:04,262 INFO [org.junit.Test] zero00203
2016-08-04 20:03:04,262 INFO [org.junit.Test] zero00204
2016-08-04 20:03:04,262 INFO [org.junit.Test] zero00205
2016-08-04 20:03:04,262 INFO [org.junit.Test] zero00206
2016-08-04 20:03:04,262 INFO [org.junit.Test] zero00207
2016-08-04 20:03:04,262 INFO [org.junit.Test] zero00208
2016-08-04 20:03:04,262 INFO [org.junit.Test] zero00209
2016-08-04 20:03:04,262 INFO [org.junit.Test] zero00210
2016-08-04 20:03:04,262 INFO [org.junit.Test] zero00211
2016-08-04 20:03:04,262 INFO [org.junit.Test] zero00212
2016-08-04 20:03:04,262 INFO [org.junit.Test] zero00213
2016-08-04 20:03:04,262 INFO [org.junit.Test] zero00214
2016-08-04 20:03:04,262 INFO [org.junit.Test] zero00215
2016-08-04 20:03:04,262 INFO [org.junit.Test] zero00216
2016-08-04 20:03:04,262 INFO [org.junit.Test] zero00217
2016-08-04 20:03:04,262 INFO [org.junit.Test] zero00218
2016-08-04 20:03:04,262 INFO [org.junit.Test] zero00219
2016-08-04 20:03:04,262 INFO [org.junit.Test] zero00220
2016-08-04 20:03:04,262 INFO [org.junit.Test] zero00221
2016-08-04 20:03:04,262 INFO [org.junit.Test] zero00222
2016-08-04 20:03:04,262 INFO [org.junit.Test] zero00223
2016-08-04 20:03:04,262 INFO [org.junit.Test] zero00224
2016-08-04 20:03:04,262 INFO [org.junit.Test] zero00225
2016-08-04 20:03:04,262 INFO [org.junit.Test] zero00226
2016-08-04 20:03:04,262 INFO [org.junit.Test] zero00227
2016-08-04 20:03:04,262 INFO [org.junit.Test] zero00228
2016-08-04 20:03:04,262 INFO [org.junit.Test] zero00229
2016-08-04 20:03:04,262 INFO [org.junit.Test] zero00230
2016-08-04 20:03:04,262 INFO [org.junit.Test] zero00231
2016-08-04 20:03:04,262 INFO [org.junit.Test] zero00232
2016-08-04 20:03:04,262 INFO [org.junit.Test] zero00233
2016-08-04 20:03:04,262 INFO [org.junit.Test] zero00234
2016-08-04 20:03:04,262 INFO [org.junit.Test] zero00235
2016-08-04 20:03:04,262 INFO [org.junit.Test] zero00236
2016-08-04 20:03:04,262 INFO [org.junit.Test] zero00237
2016-08-04 20:03:04,262 INFO [org.junit.Test] zero00238
2016-08-04 20:03:04,262 INFO [org.junit.Test] zero00239
2016-08-04 20:03:04,262 INFO [org.junit.Test] zero00240
2016-08-04 20:03:04,263 INFO [org.junit.Test] zero00241
2016-08-04 20:03:04,263 INFO [org.junit.Test] zero00242
2016-08-04 20:03:04,263 INFO [org.junit.Test] zero00243
2016-08-04 20:03:04,263 INFO [org.junit.Test] zero00244
2016-08-04 20:03:04,263 INFO [org.junit.Test] zero00245
2016-08-04 20:03:04,263 INFO [org.junit.Test] zero00246
2016-08-04 20:03:04,263 INFO [org.junit.Test] zero00247
2016-08-04 20:03:04,263 INFO [org.junit.Test] zero00248
2016-08-04 20:03:04,263 INFO [org.junit.Test] zero00249
2016-08-04 20:03:04,263 INFO [org.junit.Test] zero00250
2016-08-04 20:03:04,263 INFO [org.junit.Test] zero00251
2016-08-04 20:03:04,263 INFO [org.junit.Test] zero00252
2016-08-04 20:03:04,263 INFO [org.junit.Test] zero00253
2016-08-04 20:03:04,263 INFO [org.junit.Test] zero00254
2016-08-04 20:03:04,263 INFO [org.junit.Test] zero00255
2016-08-04 20:03:04,263 INFO [org.junit.Test] zero00256
2016-08-04 20:03:04,263 INFO [org.junit.Test] zero00257
2016-08-04 20:03:04,263 INFO [org.junit.Test] zero00258
2016-08-04 20:03:04,263 INFO [org.junit.Test] zero00259
2016-08-04 20:03:04,263 INFO [org.junit.Test] zero00260
2016-08-04 20:03:04,263 INFO [org.junit.Test] zero00261
2016-08-04 20:03:04,263 INFO [org.junit.Test] zero00262
2016-08-04 20:03:04,263 INFO [org.junit.Test] zero00263
2016-08-04 20:03:04,263 INFO [org.junit.Test] zero00264
2016-08-04 20:03:04,263 INFO [org.junit.Test] zero00265
2016-08-04 20:03:04,263 INFO [org.junit.Test] zero00266
2016-08-04 20:03:04,263 INFO [org.junit.Test] zero00267
2016-08-04 20:03:04,263 INFO [org.junit.Test] zero00268
2016-08-04 20:03:04,263 INFO [org.junit.Test] zero00269
2016-08-04 20:03:04,263 INFO [org.junit.Test] zero00270
2016-08-04 20:03:04,263 INFO [org.junit.Test] zero00271
2016-08-04 20:03:04,263 INFO [org.junit.Test] zero00272
2016-08-04 20:03:04,263 INFO [org.junit.Test] zero00273
2016-08-04 20:03:04,263 INFO [org.junit.Test] zero00274
2016-08-04 20:03:04,263 INFO [org.junit.Test] zero00275
2016-08-04 20:03:04,263 INFO [org.junit.Test] zero00276
2016-08-04 20:03:04,263 INFO [org.junit.Test] zero00277
2016-08-04 20:03:04,263 INFO [org.junit.Test] zero00278
2016-08-04 20:03:04,263 INFO [org.junit.Test] zero00279
2016-08-04 20:03:04,263 INFO [org.junit.Test] zero00280
2016-08-04 20:03:04,263 INFO [org.junit.Test] zero00281
2016-08-04 20:03:04,263 INFO [org.junit.Test] zero00282
2016-08-04 20:03:04,263 INFO [org.junit.Test] zero00283
2016-08-04 20:03:04,263 INFO [org.junit.Test] zero00284
2016-08-04 20:03:04,263 INFO [org.junit.Test] zero00285
2016-08-04 20:03:04,263 INFO [org.junit.Test] zero00286
2016-08-04 20:03:04,263 INFO [org.junit.Test] zero00287
2016-08-04 20:03:04,263 INFO [org.junit.Test] zero00288
2016-08-04 20:03:04,263 INFO [org.junit.Test] zero00289
2016-08-04 20:03:04,263 INFO [org.junit.Test] zero00290
2016-08-04 20:03:04,263 INFO [org.junit.Test] zero00291
2016-08-04 20:03:04,263 INFO [org.junit.Test] zero00292
2016-08-04 20:03:04,263 INFO [org.junit.Test] zero00293
2016-08-04 20:03:04,263 INFO [org.junit.Test] zero00294
2016-08-04 20:03:04,263 INFO [org.junit.Test] zero00295
2016-08-04 20:03:04,263 INFO [org.junit.Test] zero00296
2016-08-04 20:03:04,263 INFO [org.junit.Test] zero00297
2016-08-04 20:03:04,263 INFO [org.junit.Test] zero00298
2016-08-04 20:03:04,263 INFO [org.junit.Test] zero00299
2016-08-04 20:03:04,263 INFO [org.junit.Test] zero00300
2016-08-04 20:03:04,263 INFO [org.junit.Test] zero00301
2016-08-04 20:03:04,263 INFO [org.junit.Test] zero00302
2016-08-04 20:03:04,263 INFO [org.junit.Test] zero00303
2016-08-04 20:03:04,263 INFO [org.junit.Test] zero00304
2016-08-04 20:03:04,263 INFO [org.junit.Test] zero00305
2016-08-04 20:03:04,263 INFO [org.junit.Test] zero00306
2016-08-04 20:03:04,263 INFO [org.junit.Test] zero00307
2016-08-04 20:03:04,263 INFO [org.junit.Test] zero00308
2016-08-04 20:03:04,263 INFO [org.junit.Test] zero00309
2016-08-04 20:03:04,263 INFO [org.junit.Test] zero00310
2016-08-04 20:03:04,263 INFO [org.junit.Test] zero00311
2016-08-04 20:03:04,263 INFO [org.junit.Test] zero00312
2016-08-04 20:03:04,263 INFO [org.junit.Test] zero00313
2016-08-04 20:03:04,263 INFO [org.junit.Test] zero00314
2016-08-04 20:03:04,263 INFO [org.junit.Test] zero00315
2016-08-04 20:03:04,263 INFO [org.junit.Test] zero00316
2016-08-04 20:03:04,263 INFO [org.junit.Test] zero00317
2016-08-04 20:03:04,263 INFO [org.junit.Test] zero00318
2016-08-04 20:03:04,263 INFO [org.junit.Test] zero00319
2016-08-04 20:03:04,263 INFO [org.junit.Test] zero00320
2016-08-04 20:03:04,263 INFO [org.junit.Test] zero00321
2016-08-04 20:03:04,263 INFO [org.junit.Test] zero00322
2016-08-04 20:03:04,263 INFO [org.junit.Test] zero00323
2016-08-04 20:03:04,263 INFO [org.junit.Test] zero00324
2016-08-04 20:03:04,263 INFO [org.junit.Test] zero00325
2016-08-04 20:03:04,263 INFO [org.junit.Test] zero00326
2016-08-04 20:03:04,263 INFO [org.junit.Test] zero00327
2016-08-04 20:03:04,263 INFO [org.junit.Test] zero00328
2016-08-04 20:03:04,263 INFO [org.junit.Test] zero00329
2016-08-04 20:03:04,263 INFO [org.junit.Test] zero00330
2016-08-04 20:03:04,263 INFO [org.junit.Test] zero00331
2016-08-04 20:03:04,263 INFO [org.junit.Test] zero00332
2016-08-04 20:03:04,263 INFO [org.junit.Test] zero00333
2016-08-04 20:03:04,263 INFO [org.junit.Test] zero00334
2016-08-04 20:03:04,263 INFO [org.junit.Test] zero00335
2016-08-04 20:03:04,263 INFO [org.junit.Test] zero00336
2016-08-04 20:03:04,263 INFO [org.junit.Test] zero00337
2016-08-04 20:03:04,263 INFO [org.junit.Test] zero00338
2016-08-04 20:03:04,263 INFO [org.junit.Test] zero00339
2016-08-04 20:03:04,263 INFO [org.junit.Test] zero00340
2016-08-04 20:03:04,263 INFO [org.junit.Test] zero00341
2016-08-04 20:03:04,263 INFO [org.junit.Test] zero00342
2016-08-04 20:03:04,263 INFO [org.junit.Test] zero00343
2016-08-04 20:03:04,263 INFO [org.junit.Test] zero00344
2016-08-04 20:03:04,263 INFO [org.junit.Test] zero00345
2016-08-04 20:03:04,263 INFO [org.junit.Test] zero00346
2016-08-04 20:03:04,263 INFO [org.junit.Test] zero00347
2016-08-04 20:03:04,263 INFO [org.junit.Test] zero00348
2016-08-04 20:03:04,263 INFO [org.junit.Test] zero00349
2016-08-04 20:03:04,263 INFO [org.junit.Test] zero00350
2016-08-04 20:03:04,263 INFO [org.junit.Test] zero00351
2016-08-04 20:03:04,263 INFO [org.junit.Test] zero00352
2016-08-04 20:03:04,263 INFO [org.junit.Test] zero00353
2016-08-04 20:03:04,263 INFO [org.junit.Test] zero00354
2016-08-04 20:03:04,263 INFO [org.junit.Test] zero00355
2016-08-04 20:03:04,263 INFO [org.junit.Test] zero00356
2016-08-04 20:03:04,263 INFO [org.junit.Test] zero00357
2016-08-04 20:03:04,263 INFO [org.junit.Test] zero00358
2016-08-04 20:03:04,263 INFO [org.junit.Test] zero00359
2016-08-04 20:03:04,263 INFO [org.junit.Test] zero00360
2016-08-04 20:03:04,263 INFO [org.junit.Test] zero00361
2016-08-04 20:03:04,263 INFO [org.junit.Test] zero00362
2016-08-04 20:03:04,263 INFO [org.junit.Test] zero00363
2016-08-04 20:03:04,263 INFO [org.junit.Test] zero00364
2016-08-04 20:03:04,263 INFO [org.junit.Test] zero00365
2016-08-04 20:03:04,263 INFO [org.junit.Test] zero00366
2016-08-04 20:03:04,263 INFO [org.junit.Test] zero00367
2016-08-04 20:03:04,263 INFO [org.junit.Test] zero00368
2016-08-04 20:03:04,263 INFO [org.junit.Test] zero00369
2016-08-04 20:03:04,263 INFO [org.junit.Test] zero00370
2016-08-04 20:03:04,263 INFO [org.junit.Test] zero00371
2016-08-04 20:03:04,263 INFO [org.junit.Test] zero00372
2016-08-04 20:03:04,263 INFO [org.junit.Test] zero00373
2016-08-04 20:03:04,263 INFO [org.junit.Test] zero00374
2016-08-04 20:03:04,263 INFO [org.junit.Test] zero00375
2016-08-04 20:03:04,263 INFO [org.junit.Test] zero00376
2016-08-04 20:03:04,263 INFO [org.junit.Test] zero00377
2016-08-04 20:03:04,263 INFO [org.junit.Test] zero00378
2016-08-04 20:03:04,263 INFO [org.junit.Test] zero00379
2016-08-04 20:03:04,263 INFO [org.junit.Test] zero00380
2016-08-04 20:03:04,263 INFO [org.junit.Test] zero00381
2016-08-04 20:03:04,263 INFO [org.junit.Test] zero00382
2016-08-04 20:03:04,263 INFO [org.junit.Test] zero00383
2016-08-04 20:03:04,263 INFO [org.junit.Test] zero00384
2016-08-04 20:03:04,263 INFO [org.junit.Test] zero00385
2016-08-04 20:03:04,263 INFO [org.junit.Test] zero00386
2016-08-04 20:03:04,263 INFO [org.junit.Test] zero00387
2016-08-04 20:03:04,263 INFO [org.junit.Test] zero00388
2016-08-04 20:03:04,263 INFO [org.junit.Test] zero00389
2016-08-04 20:03:04,263 INFO [org.junit.Test] zero00390
2016-08-04 20:03:04,263 INFO [org.junit.Test] zero00391
2016-08-04 20:03:04,263 INFO [org.junit.Test] zero00392
2016-08-04 20:03:04,263 INFO [org.junit.Test] zero00393
2016-08-04 20:03:04,263 INFO [org.junit.Test] zero00394
2016-08-04 20:03:04,263 INFO [org.junit.Test] zero00395
2016-08-04 20:03:04,263 INFO [org.junit.Test] zero00396
2016-08-04 20:03:04,263 INFO [org.junit.Test] zero00397
2016-08-04 20:03:04,263 INFO [org.junit.Test] zero00398
2016-08-04 20:03:04,263 INFO [org.junit.Test] zero00399
2016-08-04 20:03:04,263 INFO [org.junit.Test] zero00400
2016-08-04 20:03:04,263 INFO [org.junit.Test] zero00401
2016-08-04 20:03:04,263 INFO [org.junit.Test] zero00402
2016-08-04 20:03:04,263 INFO [org.junit.Test] zero00403
2016-08-04 20:03:04,263 INFO [org.junit.Test] zero00404
2016-08-04 20:03:04,263 INFO [org.junit.Test] zero00405
2016-08-04 20:03:04,263 INFO [org.junit.Test] zero00406
2016-08-04 20:03:04,263 INFO [org.junit.Test] zero00407
2016-08-04 20:03:04,263 INFO [org.junit.Test] zero00408
2016-08-04 20:03:04,263 INFO [org.junit.Test] zero00409
2016-08-04 20:03:04,263 INFO [org.junit.Test] zero00410
2016-08-04 20:03:04,263 INFO [org.junit.Test] zero00411
2016-08-04 20:03:04,263 INFO [org.junit.Test] zero00412
2016-08-04 20:03:04,263 INFO [org.junit.Test] zero00413
2016-08-04 20:03:04,263 INFO [org.junit.Test] zero00414
2016-08-04 20:03:04,263 INFO [org.junit.Test] zero00415
2016-08-04 20:03:04,263 INFO [org.junit.Test] zero00416
2016-08-04 20:03:04,263 INFO [org.junit.Test] zero00417
2016-08-04 20:03:04,263 INFO [org.junit.Test] zero00418
2016-08-04 20:03:04,263 INFO [org.junit.Test] zero00419
2016-08-04 20:03:04,263 INFO [org.junit.Test] zero00420
2016-08-04 20:03:04,263 INFO [org.junit.Test] zero00421
2016-08-04 20:03:04,263 INFO [org.junit.Test] zero00422
2016-08-04 20:03:04,263 INFO [org.junit.Test] zero00423
2016-08-04 20:03:04,263 INFO [org.junit.Test] zero00424
2016-08-04 20:03:04,263 INFO [org.junit.Test] zero00425
2016-08-04 20:03:04,263 INFO [org.junit.Test] zero00426
2016-08-04 20:03:04,263 INFO [org.junit.Test] zero00427
2016-08-04 20:03:04,263 INFO [org.junit.Test] zero00428
2016-08-04 20:03:04,263 INFO [org.junit.Test] zero00429
2016-08-04 20:03:04,263 INFO [org.junit.Test] zero00430
2016-08-04 20:03:04,263 INFO [org.junit.Test] zero00431
2016-08-04 20:03:04,263 INFO [org.junit.Test] zero00432
2016-08-04 20:03:04,263 INFO [org.junit.Test] zero00433
2016-08-04 20:03:04,263 INFO [org.junit.Test] zero00434
2016-08-04 20:03:04,263 INFO [org.junit.Test] zero00435
2016-08-04 20:03:04,263 INFO [org.junit.Test] zero00436
2016-08-04 20:03:04,263 INFO [org.junit.Test] zero00437
2016-08-04 20:03:04,263 INFO [org.junit.Test] zero00438
2016-08-04 20:03:04,263 INFO [org.junit.Test] zero00439
2016-08-04 20:03:04,263 INFO [org.junit.Test] zero00440
2016-08-04 20:03:04,263 INFO [org.junit.Test] zero00441
2016-08-04 20:03:04,263 INFO [org.junit.Test] zero00442
2016-08-04 20:03:04,263 INFO [org.junit.Test] zero00443
2016-08-04 20:03:04,263 INFO [org.junit.Test] zero00444
2016-08-04 20:03:04,263 INFO [org.junit.Test] zero00445
2016-08-04 20:03:04,263 INFO [org.junit.Test] zero00446
2016-08-04 20:03:04,263 INFO [org.junit.Test] zero00447
2016-08-04 20:03:04,263 INFO [org.junit.Test] zero00448
2016-08-04 20:03:04,263 INFO [org.junit.Test] zero00449
2016-08-04 20:03:04,263 INFO [org.junit.Test] zero00450
2016-08-04 20:03:04,263 INFO [org.junit.Test] zero00451
2016-08-04 20:03:04,263 INFO [org.junit.Test] zero00452
2016-08-04 20:03:04,263 INFO [org.junit.Test] zero00453
2016-08-04 20:03:04,263 INFO [org.junit.Test] zero00454
2016-08-04 20:03:04,263 INFO [org.junit.Test] zero00455
2016-08-04 20:03:04,263 INFO [org.junit.Test] zero00456
2016-08-04 20:03:04,263 INFO [org.junit.Test] zero00457
2016-08-04 20:03:04,263 INFO [org.junit.Test] zero00458
2016-08-04 20:03:04,263 INFO [org.junit.Test] zero00459
2016-08-04 20:03:04,263 INFO [org.junit.Test] zero00460
2016-08-04 20:03:04,263 INFO [org.junit.Test] zero00461
2016-08-04 20:03:04,263 INFO [org.junit.Test] zero00462
2016-08-04 20:03:04,263 INFO [org.junit.Test] zero00463
2016-08-04 20:03:04,263 INFO [org.junit.Test] zero00464
2016-08-04 20:03:04,263 INFO [org.junit.Test] zero00465
2016-08-04 20:03:04,263 INFO [org.junit.Test] zero00466
2016-08-04 20:03:04,263 INFO [org.junit.Test] zero00467
2016-08-04 20:03:04,263 INFO [org.junit.Test] zero00468
2016-08-04 20:03:04,263 INFO [org.junit.Test] zero00469
2016-08-04 20:03:04,263 INFO [org.junit.Test] zero00470
2016-08-04 20:03:04,263 INFO [org.junit.Test] zero00471
2016-08-04 20:03:04,263 INFO [org.junit.Test] zero00472
2016-08-04 20:03:04,263 INFO [org.junit.Test] zero00473
2016-08-04 20:03:04,263 INFO [org.junit.Test] zero00474
2016-08-04 20:03:04,263 INFO [org.junit.Test] zero00475
2016-08-04 20:03:04,263 INFO [org.junit.Test] zero00476
2016-08-04 20:03:04,263 INFO [org.junit.Test] zero00477
2016-08-04 20:03:04,263 INFO [org.junit.Test] zero00478
2016-08-04 20:03:04,263 INFO [org.junit.Test] zero00479
2016-08-04 20:03:04,263 INFO [org.junit.Test] zero00480
2016-08-04 20:03:04,263 INFO [org.junit.Test] zero00481
2016-08-04 20:03:04,263 INFO [org.junit.Test] zero00482
2016-08-04 20:03:04,263 INFO [org.junit.Test] zero00483
2016-08-04 20:03:04,263 INFO [org.junit.Test] zero00484
2016-08-04 20:03:04,263 INFO [org.junit.Test] zero00485
2016-08-04 20:03:04,263 INFO [org.junit.Test] zero00486
2016-08-04 20:03:04,263 INFO [org.junit.Test] zero00487
2016-08-04 20:03:04,263 INFO [org.junit.Test] zero00488
2016-08-04 20:03:04,263 INFO [org.junit.Test] zero00489
2016-08-04 20:03:04,263 INFO [org.junit.Test] zero00490
2016-08-04 20:03:04,263 INFO [org.junit.Test] zero00491
2016-08-04 20:03:04,263 INFO [org.junit.Test] zero00492
2016-08-04 20:03:04,263 INFO [org.junit.Test] zero00493
2016-08-04 20:03:04,263 INFO [org.junit.Test] zero00494
2016-08-04 20:03:04,263 INFO [org.junit.Test] zero00495
2016-08-04 20:03:04,263 INFO [org.junit.Test] zero00496
2016-08-04 20:03:04,263 INFO [org.junit.Test] zero00497
2016-08-04 20:03:04,263 INFO [org.junit.Test] zero00498
2016-08-04 20:03:04,263 INFO [org.junit.Test] zero00499
2016-08-04 20:03:04,263 INFO [org.junit.Test] zero00500
2016-08-04 20:03:04,263 INFO [org.junit.Test] zero00501
2016-08-04 20:03:04,263 INFO [org.junit.Test] zero00502
2016-08-04 20:03:04,263 INFO [org.junit.Test] zero00503
2016-08-04 20:03:04,263 INFO [org.junit.Test] zero00504
2016-08-04 20:03:04,263 INFO [org.junit.Test] zero00505
2016-08-04 20:03:04,263 INFO [org.junit.Test] zero00506
2016-08-04 20:03:04,263 INFO [org.junit.Test] zero00507
2016-08-04 20:03:04,263 INFO [org.junit.Test] zero00508
2016-08-04 20:03:04,263 INFO [org.junit.Test] zero00509
2016-08-04 20:03:04,263 INFO [org.junit.Test] zero00510
2016-08-04 20:03:04,263 INFO [org.junit.Test] zero00511
2016-08-04 20:03:04,263 INFO [org.junit.Test] zero00512
2016-08-04 20:03:04,263 INFO [org.junit.Test] zero00513
2016-08-04 20:03:04,263 INFO [org.junit.Test] zero00514
2016-08-04 20:03:04,263 INFO [org.junit.Test] zero00515
2016-08-04 20:03:04,263 INFO [org.junit.Test] zero00516
2016-08-04 20:03:04,263 INFO [org.junit.Test] zero00517
2016-08-04 20:03:04,263 INFO [org.junit.Test] zero00518
2016-08-04 20:03:04,263 INFO [org.junit.Test] zero00519
2016-08-04 20:03:04,263 INFO [org.junit.Test] zero00520
2016-08-04 20:03:04,263 INFO [org.junit.Test] zero00521
2016-08-04 20:03:04,263 INFO [org.junit.Test] zero00522
2016-08-04 20:03:04,263 INFO [org.junit.Test] zero00523
2016-08-04 20:03:04,263 INFO [org.junit.Test] zero00524
2016-08-04 20:03:04,263 INFO [org.junit.Test] zero00525
2016-08-04 20:03:04,263 INFO [org.junit.Test] zero00526
2016-08-04 20:03:04,263 INFO [org.junit.Test] zero00527
2016-08-04 20:03:04,263 INFO [org.junit.Test] zero00528
2016-08-04 20:03:04,263 INFO [org.junit.Test] zero00529
2016-08-04 20:03:04,263 INFO [org.junit.Test] zero00530
2016-08-04 20:03:04,263 INFO [org.junit.Test] zero00531
2016-08-04 20:03:04,263 INFO [org.junit.Test] zero00532
2016-08-04 20:03:04,263 INFO [org.junit.Test] zero00533
2016-08-04 20:03:04,263 INFO [org.junit.Test] zero00534
2016-08-04 20:03:04,263 INFO [org.junit.Test] zero00535
2016-08-04 20:03:04,263 INFO [org.junit.Test] zero00536
2016-08-04 20:03:04,263 INFO [org.junit.Test] zero00537
2016-08-04 20:03:04,264 INFO [org.junit.Test] zero00538
2016-08-04 20:03:04,264 INFO [org.junit.Test] zero00539
2016-08-04 20:03:04,264 INFO [org.junit.Test] zero00540
2016-08-04 20:03:04,264 INFO [org.junit.Test] zero00541
2016-08-04 20:03:04,264 INFO [org.junit.Test] zero00542
2016-08-04 20:03:04,264 INFO [org.junit.Test] zero00543
2016-08-04 20:03:04,264 INFO [org.junit.Test] zero00544
2016-08-04 20:03:04,264 INFO [org.junit.Test] zero00545
2016-08-04 20:03:04,264 INFO [org.junit.Test] zero00546
2016-08-04 20:03:04,264 INFO [org.junit.Test] zero00547
2016-08-04 20:03:04,264 INFO [org.junit.Test] zero00548
2016-08-04 20:03:04,264 INFO [org.junit.Test] zero00549
2016-08-04 20:03:04,264 INFO [org.junit.Test] zero00550
2016-08-04 20:03:04,264 INFO [org.junit.Test] zero00551
2016-08-04 20:03:04,264 INFO [org.junit.Test] zero00552
2016-08-04 20:03:04,264 INFO [org.junit.Test] zero00553
2016-08-04 20:03:04,264 INFO [org.junit.Test] zero00554
2016-08-04 20:03:04,264 INFO [org.junit.Test] zero00555
2016-08-04 20:03:04,264 INFO [org.junit.Test] zero00556
2016-08-04 20:03:04,264 INFO [org.junit.Test] zero00557
2016-08-04 20:03:04,264 INFO [org.junit.Test] zero00558
2016-08-04 20:03:04,264 INFO [org.junit.Test] zero00559
2016-08-04 20:03:04,264 INFO [org.junit.Test] zero00560
2016-08-04 20:03:04,264 INFO [org.junit.Test] zero00561
2016-08-04 20:03:04,264 INFO [org.junit.Test] zero00562
2016-08-04 20:03:04,264 INFO [org.junit.Test] zero00563
2016-08-04 20:03:04,264 INFO [org.junit.Test] zero00564
2016-08-04 20:03:04,264 INFO [org.junit.Test] zero00565
2016-08-04 20:03:04,264 INFO [org.junit.Test] zero00566
2016-08-04 20:03:04,264 INFO [org.junit.Test] zero00567
2016-08-04 20:03:04,264 INFO [org.junit.Test] zero00568
2016-08-04 20:03:04,264 INFO [org.junit.Test] zero00569
2016-08-04 20:03:04,264 INFO [org.junit.Test] zero00570
2016-08-04 20:03:04,264 INFO [org.junit.Test] zero00571
2016-08-04 20:03:04,264 INFO [org.junit.Test] zero00572
2016-08-04 20:03:04,264 INFO [org.junit.Test] zero00573
2016-08-04 20:03:04,264 INFO [org.junit.Test] zero00574
2016-08-04 20:03:04,264 INFO [org.junit.Test] zero00575
2016-08-04 20:03:04,264 INFO [org.junit.Test] zero00576
2016-08-04 20:03:04,264 INFO [org.junit.Test] zero00577
2016-08-04 20:03:04,264 INFO [org.junit.Test] zero00578
2016-08-04 20:03:04,264 INFO [org.junit.Test] zero00579
2016-08-04 20:03:04,264 INFO [org.junit.Test] zero00580
2016-08-04 20:03:04,264 INFO [org.junit.Test] zero00581
2016-08-04 20:03:04,264 INFO [org.junit.Test] zero00582
2016-08-04 20:03:04,264 INFO [org.junit.Test] zero00583
2016-08-04 20:03:04,264 INFO [org.junit.Test] zero00584
2016-08-04 20:03:04,264 INFO [org.junit.Test] zero00585
2016-08-04 20:03:04,264 INFO [org.junit.Test] zero00586
2016-08-04 20:03:04,264 INFO [org.junit.Test] zero00587
2016-08-04 20:03:04,264 INFO [org.junit.Test] zero00588
2016-08-04 20:03:04,264 INFO [org.junit.Test] zero00589
2016-08-04 20:03:04,264 INFO [org.junit.Test] zero00590
2016-08-04 20:03:04,264 INFO [org.junit.Test] zero00591
2016-08-04 20:03:04,264 INFO [org.junit.Test] zero00592
2016-08-04 20:03:04,264 INFO [org.junit.Test] zero00593
2016-08-04 20:03:04,264 INFO [org.junit.Test] zero00594
2016-08-04 20:03:04,264 INFO [org.junit.Test] zero00595
2016-08-04 20:03:04,264 INFO [org.junit.Test] zero00596
2016-08-04 20:03:04,264 INFO [org.junit.Test] zero00597
2016-08-04 20:03:04,264 INFO [org.junit.Test] zero00598
2016-08-04 20:03:04,264 INFO [org.junit.Test] zero00599
2016-08-04 20:03:04,264 INFO [org.junit.Test] zero00600
2016-08-04 20:03:04,264 INFO [org.junit.Test] zero00601
2016-08-04 20:03:04,264 INFO [org.junit.Test] zero00602
2016-08-04 20:03:04,264 INFO [org.junit.Test] zero00603
2016-08-04 20:03:04,264 INFO [org.junit.Test] zero00604
2016-08-04 20:03:04,264 INFO [org.junit.Test] zero00605
2016-08-04 20:03:04,264 INFO [org.junit.Test] zero00606
2016-08-04 20:03:04,264 INFO [org.junit.Test] zero00607
2016-08-04 20:03:04,264 INFO [org.junit.Test] zero00608
2016-08-04 20:03:04,264 INFO [org.junit.Test] zero00609
2016-08-04 20:03:04,264 INFO [org.junit.Test] zero00610
2016-08-04 20:03:04,264 INFO [org.junit.Test] zero00611
2016-08-04 20:03:04,264 INFO [org.junit.Test] zero00612
2016-08-04 20:03:04,264 INFO [org.junit.Test] zero00613
2016-08-04 20:03:04,264 INFO [org.junit.Test] zero00614
2016-08-04 20:03:04,264 INFO [org.junit.Test] zero00615
2016-08-04 20:03:04,264 INFO [org.junit.Test] zero00616
2016-08-04 20:03:04,264 INFO [org.junit.Test] zero00617
2016-08-04 20:03:04,264 INFO [org.junit.Test] zero00618
2016-08-04 20:03:04,264 INFO [org.junit.Test] zero00619
2016-08-04 20:03:04,264 INFO [org.junit.Test] zero00620
2016-08-04 20:03:04,265 INFO [org.junit.Test] zero00621
2016-08-04 20:03:04,265 INFO [org.junit.Test] zero00622
2016-08-04 20:03:04,265 INFO [org.junit.Test] zero00623
2016-08-04 20:03:04,265 INFO [org.junit.Test] zero00624
2016-08-04 20:03:04,265 INFO [org.junit.Test] zero00625
2016-08-04 20:03:04,265 INFO [org.junit.Test] zero00626
2016-08-04 20:03:04,265 INFO [org.junit.Test] zero00627
2016-08-04 20:03:04,265 INFO [org.junit.Test] zero00628
2016-08-04 20:03:04,265 INFO [org.junit.Test] zero00629
2016-08-04 20:03:04,265 INFO [org.junit.Test] zero00630
2016-08-04 20:03:04,265 INFO [org.junit.Test] zero00631
2016-08-04 20:03:04,265 INFO [org.junit.Test] zero00632
2016-08-04 20:03:04,265 INFO [org.junit.Test] zero00633
2016-08-04 20:03:04,265 INFO [org.junit.Test] zero00634
2016-08-04 20:03:04,265 INFO [org.junit.Test] zero00635
2016-08-04 20:03:04,265 INFO [org.junit.Test] zero00636
2016-08-04 20:03:04,265 INFO [org.junit.Test] zero00637
2016-08-04 20:03:04,265 INFO [org.junit.Test] zero00638
2016-08-04 20:03:04,265 INFO [org.junit.Test] zero00639
2016-08-04 20:03:04,265 INFO [org.junit.Test] zero00640
2016-08-04 20:03:04,265 INFO [org.junit.Test] zero00641
2016-08-04 20:03:04,265 INFO [org.junit.Test] zero00642
2016-08-04 20:03:04,265 INFO [org.junit.Test] zero00643
2016-08-04 20:03:04,265 INFO [org.junit.Test] zero00644
2016-08-04 20:03:04,265 INFO [org.junit.Test] zero00645
2016-08-04 20:03:04,265 INFO [org.junit.Test] zero00646
2016-08-04 20:03:04,265 INFO [org.junit.Test] zero00647
2016-08-04 20:03:04,265 INFO [org.junit.Test] zero00648
2016-08-04 20:03:04,265 INFO [org.junit.Test] zero00649
2016-08-04 20:03:04,265 INFO [org.junit.Test] zero00650
2016-08-04 20:03:04,265 INFO [org.junit.Test] zero00651
2016-08-04 20:03:04,265 INFO [org.junit.Test] zero00652
2016-08-04 20:03:04,265 INFO [org.junit.Test] zero00653
2016-08-04 20:03:04,265 INFO [org.junit.Test] zero00654
2016-08-04 20:03:04,265 INFO [org.junit.Test] zero00655
2016-08-04 20:03:04,265 INFO [org.junit.Test] zero00656
2016-08-04 20:03:04,265 INFO [org.junit.Test] zero00657
2016-08-04 20:03:04,265 INFO [org.junit.Test] zero00658
2016-08-04 20:03:04,265 INFO [org.junit.Test] zero00659
2016-08-04 20:03:04,265 INFO [org.junit.Test] zero00660
2016-08-04 20:03:04,265 INFO [org.junit.Test] zero00661
2016-08-04 20:03:04,265 INFO [org.junit.Test] zero00662
2016-08-04 20:03:04,265 INFO [org.junit.Test] zero00663
2016-08-04 20:03:04,265 INFO [org.junit.Test] zero00664
2016-08-04 20:03:04,265 INFO [org.junit.Test] zero00665
2016-08-04 20:03:04,265 INFO [org.junit.Test] zero00666
2016-08-04 20:03:04,265 INFO [org.junit.Test] zero00667
2016-08-04 20:03:04,265 INFO [org.junit.Test] zero00668
2016-08-04 20:03:04,265 INFO [org.junit.Test] zero00669
2016-08-04 20:03:04,265 INFO [org.junit.Test] zero00670
2016-08-04 20:03:04,265 INFO [org.junit.Test] zero00671
2016-08-04 20:03:04,265 INFO [org.junit.Test] zero00672
2016-08-04 20:03:04,265 INFO [org.junit.Test] zero00673
2016-08-04 20:03:04,265 INFO [org.junit.Test] zero00674
2016-08-04 20:03:04,265 INFO [org.junit.Test] zero00675
2016-08-04 20:03:04,265 INFO [org.junit.Test] zero00676
2016-08-04 20:03:04,265 INFO [org.junit.Test] zero00677
2016-08-04 20:03:04,265 INFO [org.junit.Test] zero00678
2016-08-04 20:03:04,265 INFO [org.junit.Test] zero00679
2016-08-04 20:03:04,265 INFO [org.junit.Test] zero00680
2016-08-04 20:03:04,265 INFO [org.junit.Test] zero00681
2016-08-04 20:03:04,265 INFO [org.junit.Test] zero00682
2016-08-04 20:03:04,265 INFO [org.junit.Test] zero00683
2016-08-04 20:03:04,265 INFO [org.junit.Test] zero00684
2016-08-04 20:03:04,265 INFO [org.junit.Test] zero00685
2016-08-04 20:03:04,265 INFO [org.junit.Test] zero00686
2016-08-04 20:03:04,265 INFO [org.junit.Test] zero00687
2016-08-04 20:03:04,265 INFO [org.junit.Test] zero00688
2016-08-04 20:03:04,265 INFO [org.junit.Test] zero00689
2016-08-04 20:03:04,265 INFO [org.junit.Test] zero00690
2016-08-04 20:03:04,265 INFO [org.junit.Test] zero00691
2016-08-04 20:03:04,265 INFO [org.junit.Test] zero00692
2016-08-04 20:03:04,265 INFO [org.junit.Test] zero00693
2016-08-04 20:03:04,265 INFO [org.junit.Test] zero00694
2016-08-04 20:03:04,265 INFO [org.junit.Test] zero00695
2016-08-04 20:03:04,265 INFO [org.junit.Test] zero00696
2016-08-04 20:03:04,265 INFO [org.junit.Test] zero00697
2016-08-04 20:03:04,265 INFO [org.junit.Test] zero00698
2016-08-04 20:03:04,265 INFO [org.junit.Test] zero00699
2016-08-04 20:03:04,265 INFO [org.junit.Test] zero00700
2016-08-04 20:03:04,265 INFO [org.junit.Test] zero00701
2016-08-04 20:03:04,265 INFO [org.junit.Test] zero00702
2016-08-04 20:03:04,265 INFO [org.junit.Test] zero00703
2016-08-04 20:03:04,265 INFO [org.junit.Test] zero00704
2016-08-04 20:03:04,265 INFO [org.junit.Test] zero00705
2016-08-04 20:03:04,265 INFO [org.junit.Test] zero00706
2016-08-04 20:03:04,265 INFO [org.junit.Test] zero00707
2016-08-04 20:03:04,265 INFO [org.junit.Test] zero00708
2016-08-04 20:03:04,265 INFO [org.junit.Test] zero00709
2016-08-04 20:03:04,265 INFO [org.junit.Test] zero00710
2016-08-04 20:03:04,265 INFO [org.junit.Test] zero00711
2016-08-04 20:03:04,265 INFO [org.junit.Test] zero00712
2016-08-04 20:03:04,265 INFO [org.junit.Test] zero00713
2016-08-04 20:03:04,265 INFO [org.junit.Test] zero00714
2016-08-04 20:03:04,265 INFO [org.junit.Test] zero00715
2016-08-04 20:03:04,265 INFO [org.junit.Test] zero00716
2016-08-04 20:03:04,265 INFO [org.junit.Test] zero00717
2016-08-04 20:03:04,265 INFO [org.junit.Test] zero00718
2016-08-04 20:03:04,265 INFO [org.junit.Test] zero00719
2016-08-04 20:03:04,265 INFO [org.junit.Test] zero00720
2016-08-04 20:03:04,265 INFO [org.junit.Test] zero00721
2016-08-04 20:03:04,265 INFO [org.junit.Test] zero00722
2016-08-04 20:03:04,265 INFO [org.junit.Test] zero00723
2016-08-04 20:03:04,265 INFO [org.junit.Test] zero00724
2016-08-04 20:03:04,265 INFO [org.junit.Test] zero00725
2016-08-04 20:03:04,265 INFO [org.junit.Test] zero00726
2016-08-04 20:03:04,265 INFO [org.junit.Test] zero00727
2016-08-04 20:03:04,265 INFO [org.junit.Test] zero00728
2016-08-04 20:03:04,265 INFO [org.junit.Test] zero00729
2016-08-04 20:03:04,265 INFO [org.junit.Test] zero00730
2016-08-04 20:03:04,265 INFO [org.junit.Test] zero00731
2016-08-04 20:03:04,265 INFO [org.junit.Test] zero00732
2016-08-04 20:03:04,265 INFO [org.junit.Test] zero00733
2016-08-04 20:03:04,265 INFO [org.junit.Test] zero00734
2016-08-04 20:03:04,265 INFO [org.junit.Test] zero00735
2016-08-04 20:03:04,265 INFO [org.junit.Test] zero00736
2016-08-04 20:03:04,265 INFO [org.junit.Test] zero00737
2016-08-04 20:03:04,265 INFO [org.junit.Test] zero00738
2016-08-04 20:03:04,265 INFO [org.junit.Test] zero00739
2016-08-04 20:03:04,265 INFO [org.junit.Test] zero00740
2016-08-04 20:03:04,265 INFO [org.junit.Test] zero00741
2016-08-04 20:03:04,265 INFO [org.junit.Test] zero00742
2016-08-04 20:03:04,265 INFO [org.junit.Test] zero00743
2016-08-04 20:03:04,265 INFO [org.junit.Test] zero00744
2016-08-04 20:03:04,265 INFO [org.junit.Test] zero00745
2016-08-04 20:03:04,265 INFO [org.junit.Test] zero00746
2016-08-04 20:03:04,265 INFO [org.junit.Test] zero00747
2016-08-04 20:03:04,265 INFO [org.junit.Test] zero00748
2016-08-04 20:03:04,265 INFO [org.junit.Test] zero00749
2016-08-04 20:03:04,265 INFO [org.junit.Test] zero00750
2016-08-04 20:03:04,265 INFO [org.junit.Test] zero00751
2016-08-04 20:03:04,265 INFO [org.junit.Test] zero00752
2016-08-04 20:03:04,265 INFO [org.junit.Test] zero00753
2016-08-04 20:03:04,265 INFO [org.junit.Test] zero00754
2016-08-04 20:03:04,265 INFO [org.junit.Test] zero00755
2016-08-04 20:03:04,265 INFO [org.junit.Test] zero00756
2016-08-04 20:03:04,265 INFO [org.junit.Test] zero00757
2016-08-04 20:03:04,265 INFO [org.junit.Test] zero00758
2016-08-04 20:03:04,265 INFO [org.junit.Test] zero00759
2016-08-04 20:03:04,265 INFO [org.junit.Test] zero00760
2016-08-04 20:03:04,265 INFO [org.junit.Test] zero00761
2016-08-04 20:03:04,265 INFO [org.junit.Test] zero00762
2016-08-04 20:03:04,265 INFO [org.junit.Test] zero00763
2016-08-04 20:03:04,265 INFO [org.junit.Test] zero00764
2016-08-04 20:03:04,265 INFO [org.junit.Test] zero00765
2016-08-04 20:03:04,265 INFO [org.junit.Test] zero00766
2016-08-04 20:03:04,265 INFO [org.junit.Test] zero00767
2016-08-04 20:03:04,265 INFO [org.junit.Test] zero00768
2016-08-04 20:03:04,265 INFO [org.junit.Test] zero00769
2016-08-04 20:03:04,265 INFO [org.junit.Test] zero00770
2016-08-04 20:03:04,265 INFO [org.junit.Test] zero00771
2016-08-04 20:03:04,265 INFO [org.junit.Test] zero00772
2016-08-04 20:03:04,265 INFO [org.junit.Test] zero00773
2016-08-04 20:03:04,265 INFO [org.junit.Test] zero00774
2016-08-04 20:03:04,265 INFO [org.junit.Test] zero00775
2016-08-04 20:03:04,265 INFO [org.junit.Test] zero00776
2016-08-04 20:03:04,265 INFO [org.junit.Test] zero00777
2016-08-04 20:03:04,265 INFO [org.junit.Test] zero00778
2016-08-04 20:03:04,265 INFO [org.junit.Test] zero00779
2016-08-04 20:03:04,265 INFO [org.junit.Test] zero00780
2016-08-04 20:03:04,265 INFO [org.junit.Test] zero00781
2016-08-04 20:03:04,265 INFO [org.junit.Test] zero00782
2016-08-04 20:03:04,265 INFO [org.junit.Test] zero00783
2016-08-04 20:03:04,265 INFO [org.junit.Test] zero00784
2016-08-04 20:03:04,265 INFO [org.junit.Test] zero00785
2016-08-04 20:03:04,265 INFO [org.junit.Test] zero00786
2016-08-04 20:03:04,265 INFO [org.junit.Test] zero00787
2016-08-04 20:03:04,265 INFO [org.junit.Test] zero00788
2016-08-04 20:03:04,265 INFO [org.junit.Test] zero00789
2016-08-04 20:03:04,265 INFO [org.junit.Test] zero00790
2016-08-04 20:03:04,265 INFO [org.junit.Test] zero00791
2016-08-04 20:03:04,265 INFO [org.junit.Test] zero00792
2016-08-04 20:03:04,265 INFO [org.junit.Test] zero00793
2016-08-04 20:03:04,265 INFO [org.junit.Test] zero00794
2016-08-04 20:03:04,265 INFO [org.junit.Test] zero00795
2016-08-04 20:03:04,265 INFO [org.junit.Test] zero00796
2016-08-04 20:03:04,265 INFO [org.junit.Test] zero00797
2016-08-04 20:03:04,265 INFO [org.junit.Test] zero00798
2016-08-04 20:03:04,265 INFO [org.junit.Test] zero00799
2016-08-04 20:03:04,265 INFO [org.junit.Test] zero00800
2016-08-04 20:03:04,265 INFO [org.junit.Test] zero00801
2016-08-04 20:03:04,265 INFO [org.junit.Test] zero00802
2016-08-04 20:03:04,265 INFO [org.junit.Test] zero00803
2016-08-04 20:03:04,265 INFO [org.junit.Test] zero00804
2016-08-04 20:03:04,265 INFO [org.junit.Test] zero00805
2016-08-04 20:03:04,265 INFO [org.junit.Test] zero00806
2016-08-04 20:03:04,265 INFO [org.junit.Test] zero00807
2016-08-04 20:03:04,265 INFO [org.junit.Test] zero00808
2016-08-04 20:03:04,265 INFO [org.junit.Test] zero00809
2016-08-04 20:03:04,265 INFO [org.junit.Test] zero00810
2016-08-04 20:03:04,265 INFO [org.junit.Test] zero00811
2016-08-04 20:03:04,265 INFO [org.junit.Test] zero00812
2016-08-04 20:03:04,265 INFO [org.junit.Test] zero00813
2016-08-04 20:03:04,265 INFO [org.junit.Test] zero00814
2016-08-04 20:03:04,265 INFO [org.junit.Test] zero00815
2016-08-04 20:03:04,265 INFO [org.junit.Test] zero00816
2016-08-04 20:03:04,265 INFO [org.junit.Test] zero00817
2016-08-04 20:03:04,265 INFO [org.junit.Test] zero00818
2016-08-04 20:03:04,265 INFO [org.junit.Test] zero00819
2016-08-04 20:03:04,265 INFO [org.junit.Test] zero00820
2016-08-04 20:03:04,265 INFO [org.junit.Test] zero00821
2016-08-04 20:03:04,265 INFO [org.junit.Test] zero00822
2016-08-04 20:03:04,265 INFO [org.junit.Test] zero00823
2016-08-04 20:03:04,265 INFO [org.junit.Test] zero00824
2016-08-04 20:03:04,265 INFO [org.junit.Test] zero00825
2016-08-04 20:03:04,265 INFO [org.junit.Test] zero00826
2016-08-04 20:03:04,265 INFO [org.junit.Test] zero00827
2016-08-04 20:03:04,265 INFO [org.junit.Test] zero00828
2016-08-04 20:03:04,265 INFO [org.junit.Test] zero00829
2016-08-04 20:03:04,265 INFO [org.junit.Test] zero00830
2016-08-04 20:03:04,265 INFO [org.junit.Test] zero00831
2016-08-04 20:03:04,265 INFO [org.junit.Test] zero00832
2016-08-04 20:03:04,265 INFO [org.junit.Test] zero00833
2016-08-04 20:03:04,265 INFO [org.junit.Test] zero00834
2016-08-04 20:03:04,265 INFO [org.junit.Test] zero00835
2016-08-04 20:03:04,265 INFO [org.junit.Test] zero00836
2016-08-04 20:03:04,265 INFO [org.junit.Test] zero00837
2016-08-04 20:03:04,265 INFO [org.junit.Test] zero00838
2016-08-04 20:03:04,266 INFO [org.junit.Test] zero00839
2016-08-04 20:03:04,266 INFO [org.junit.Test] zero00840
2016-08-04 20:03:04,266 INFO [org.junit.Test] zero00841
2016-08-04 20:03:04,266 INFO [org.junit.Test] zero00842
2016-08-04 20:03:04,266 INFO [org.junit.Test] zero00843
2016-08-04 20:03:04,266 INFO [org.junit.Test] zero00844
2016-08-04 20:03:04,266 INFO [org.junit.Test] zero00845
2016-08-04 20:03:04,266 INFO [org.junit.Test] zero00846
2016-08-04 20:03:04,266 INFO [org.junit.Test] zero00847
2016-08-04 20:03:04,266 INFO [org.junit.Test] zero00848
2016-08-04 20:03:04,266 INFO [org.junit.Test] zero00849
2016-08-04 20:03:04,266 INFO [org.junit.Test] zero00850
2016-08-04 20:03:04,266 INFO [org.junit.Test] zero00851
2016-08-04 20:03:04,266 INFO [org.junit.Test] zero00852
2016-08-04 20:03:04,266 INFO [org.junit.Test] zero00853
2016-08-04 20:03:04,266 INFO [org.junit.Test] zero00854
2016-08-04 20:03:04,266 INFO [org.junit.Test] zero00855
2016-08-04 20:03:04,266 INFO [org.junit.Test] zero00856
2016-08-04 20:03:04,266 INFO [org.junit.Test] zero00857
2016-08-04 20:03:04,266 INFO [org.junit.Test] zero00858
2016-08-04 20:03:04,266 INFO [org.junit.Test] zero00859
2016-08-04 20:03:04,266 INFO [org.junit.Test] zero00860
2016-08-04 20:03:04,266 INFO [org.junit.Test] zero00861
2016-08-04 20:03:04,266 INFO [org.junit.Test] zero00862
2016-08-04 20:03:04,266 INFO [org.junit.Test] zero00863
2016-08-04 20:03:04,266 INFO [org.junit.Test] zero00864
2016-08-04 20:03:04,266 INFO [org.junit.Test] zero00865
2016-08-04 20:03:04,266 INFO [org.junit.Test] zero00866
2016-08-04 20:03:04,266 INFO [org.junit.Test] zero00867
2016-08-04 20:03:04,266 INFO [org.junit.Test] zero00868
2016-08-04 20:03:04,266 INFO [org.junit.Test] zero00869
2016-08-04 20:03:04,266 INFO [org.junit.Test] zero00870
2016-08-04 20:03:04,266 INFO [org.junit.Test] zero00871
2016-08-04 20:03:04,266 INFO [org.junit.Test] zero00872
2016-08-04 20:03:04,266 INFO [org.junit.Test] zero00873
2016-08-04 20:03:04,266 INFO [org.junit.Test] zero00874
2016-08-04 20:03:04,266 INFO [org.junit.Test] zero00875
2016-08-04 20:03:04,266 INFO [org.junit.Test] zero00876
2016-08-04 20:03:04,266 INFO [org.junit.Test] zero00877
2016-08-04 20:03:04,266 INFO [org.junit.Test] zero00878
2016-08-04 20:03:04,266 INFO [org.junit.Test] zero00879
2016-08-04 20:03:04,266 INFO [org.junit.Test] zero00880
2016-08-04 20:03:04,266 INFO [org.junit.Test] zero00881
2016-08-04 20:03:04,266 INFO [org.junit.Test] zero00882
2016-08-04 20:03:04,266 INFO [org.junit.Test] zero00883
2016-08-04 20:03:04,266 INFO [org.junit.Test] zero00884
2016-08-04 20:03:04,266 INFO [org.junit.Test] zero00885
2016-08-04 20:03:04,266 INFO [org.junit.Test] zero00886
2016-08-04 20:03:04,266 INFO [org.junit.Test] zero00887
2016-08-04 20:03:04,266 INFO [org.junit.Test] zero00888
2016-08-04 20:03:04,266 INFO [org.junit.Test] zero00889
2016-08-04 20:03:04,266 INFO [org.junit.Test] zero00890
2016-08-04 20:03:04,266 INFO [org.junit.Test] zero00891
2016-08-04 20:03:04,266 INFO [org.junit.Test] zero00892
2016-08-04 20:03:04,266 INFO [org.junit.Test] zero00893
2016-08-04 20:03:04,266 INFO [org.junit.Test] zero00894
2016-08-04 20:03:04,266 INFO [org.junit.Test] zero00895
2016-08-04 20:03:04,266 INFO [org.junit.Test] zero00896
2016-08-04 20:03:04,266 INFO [org.junit.Test] zero00897
2016-08-04 20:03:04,266 INFO [org.junit.Test] zero00898
2016-08-04 20:03:04,266 INFO [org.junit.Test] zero00899
2016-08-04 20:03:04,266 INFO [org.junit.Test] zero00900
2016-08-04 20:03:04,266 INFO [org.junit.Test] zero00901
2016-08-04 20:03:04,266 INFO [org.junit.Test] zero00902
2016-08-04 20:03:04,266 INFO [org.junit.Test] zero00903
2016-08-04 20:03:04,266 INFO [org.junit.Test] zero00904
2016-08-04 20:03:04,266 INFO [org.junit.Test] zero00905
2016-08-04 20:03:04,266 INFO [org.junit.Test] zero00906
2016-08-04 20:03:04,266 INFO [org.junit.Test] zero00907
2016-08-04 20:03:04,266 INFO [org.junit.Test] zero00908
2016-08-04 20:03:04,266 INFO [org.junit.Test] zero00909
2016-08-04 20:03:04,266 INFO [org.junit.Test] zero00910
2016-08-04 20:03:04,266 INFO [org.junit.Test] zero00911
2016-08-04 20:03:04,266 INFO [org.junit.Test] zero00912
2016-08-04 20:03:04,266 INFO [org.junit.Test] zero00913
2016-08-04 20:03:04,266 INFO [org.junit.Test] zero00914
2016-08-04 20:03:04,266 INFO [org.junit.Test] zero00915
2016-08-04 20:03:04,266 INFO [org.junit.Test] zero00916
2016-08-04 20:03:04,266 INFO [org.junit.Test] zero00917
2016-08-04 20:03:04,266 INFO [org.junit.Test] zero00918
2016-08-04 20:03:04,266 INFO [org.junit.Test] zero00919
2016-08-04 20:03:04,266 INFO [org.junit.Test] zero00920
2016-08-04 20:03:04,266 INFO [org.junit.Test] zero00921
2016-08-04 20:03:04,266 INFO [org.junit.Test] zero00922
2016-08-04 20:03:04,266 INFO [org.junit.Test] zero00923
2016-08-04 20:03:04,266 INFO [org.junit.Test] zero00924
2016-08-04 20:03:04,266 INFO [org.junit.Test] zero00925
2016-08-04 20:03:04,266 INFO [org.junit.Test] zero00926
2016-08-04 20:03:04,266 INFO [org.junit.Test] zero00927
2016-08-04 20:03:04,266 INFO [org.junit.Test] zero00928
2016-08-04 20:03:04,266 INFO [org.junit.Test] zero00929
2016-08-04 20:03:04,266 INFO [org.junit.Test] zero00930
2016-08-04 20:03:04,266 INFO [org.junit.Test] zero00931
2016-08-04 20:03:04,266 INFO [org.junit.Test] zero00932
2016-08-04 20:03:04,266 INFO [org.junit.Test] zero00933
2016-08-04 20:03:04,266 INFO [org.junit.Test] zero00934
2016-08-04 20:03:04,266 INFO [org.junit.Test] zero00935
2016-08-04 20:03:04,266 INFO [org.junit.Test] zero00936
2016-08-04 20:03:04,266 INFO [org.junit.Test] zero00937
2016-08-04 20:03:04,266 INFO [org.junit.Test] zero00938
2016-08-04 20:03:04,266 INFO [org.junit.Test] zero00939
2016-08-04 20:03:04,266 INFO [org.junit.Test] zero00940
2016-08-04 20:03:04,266 INFO [org.junit.Test] zero00941
2016-08-04 20:03:04,266 INFO [org.junit.Test] zero00942
2016-08-04 20:03:04,266 INFO [org.junit.Test] zero00943
2016-08-04 20:03:04,266 INFO [org.junit.Test] zero00944
2016-08-04 20:03:04,266 INFO [org.junit.Test] zero00945
2016-08-04 20:03:04,266 INFO [org.junit.Test] zero00946
2016-08-04 20:03:04,266 INFO [org.junit.Test] zero00947
2016-08-04 20:03:04,266 INFO [org.junit.Test] zero00948
2016-08-04 20:03:04,266 INFO [org.junit.Test] zero00949
2016-08-04 20:03:04,266 INFO [org.junit.Test] zero00950
2016-08-04 20:03:04,266 INFO [org.junit.Test] zero00951
2016-08-04 20:03:04,266 INFO [org.junit.Test] zero00952
2016-08-04 20:03:04,266 INFO [org.junit.Test] zero00953
2016-08-04 20:03:04,266 INFO [org.junit.Test] zero00954
2016-08-04 20:03:04,266 INFO [org.junit.Test] zero00955
2016-08-04 20:03:04,266 INFO [org.junit.Test] zero00956
2016-08-04 20:03:04,266 INFO [org.junit.Test] zero00957
2016-08-04 20:03:04,266 INFO [org.junit.Test] zero00958
2016-08-04 20:03:04,266 INFO [org.junit.Test] zero00959
2016-08-04 20:03:04,266 INFO [org.junit.Test] zero00960
2016-08-04 20:03:04,266 INFO [org.junit.Test] zero00961
2016-08-04 20:03:04,266 INFO [org.junit.Test] zero00962
2016-08-04 20:03:04,266 INFO [org.junit.Test] zero00963
2016-08-04 20:03:04,266 INFO [org.junit.Test] zero00964
2016-08-04 20:03:04,266 INFO [org.junit.Test] zero00965
2016-08-04 20:03:04,266 INFO [org.junit.Test] zero00966
2016-08-04 20:03:04,266 INFO [org.junit.Test] zero00967
2016-08-04 20:03:04,266 INFO [org.junit.Test] zero00968
2016-08-04 20:03:04,266 INFO [org.junit.Test] zero00969
2016-08-04 20:03:04,266 INFO [org.junit.Test] zero00970
2016-08-04 20:03:04,266 INFO [org.junit.Test] zero00971
2016-08-04 20:03:04,266 INFO [org.junit.Test] zero00972
2016-08-04 20:03:04,266 INFO [org.junit.Test] zero00973
2016-08-04 20:03:04,266 INFO [org.junit.Test] zero00974
2016-08-04 20:03:04,266 INFO [org.junit.Test] zero00975
2016-08-04 20:03:04,266 INFO [org.junit.Test] zero00976
2016-08-04 20:03:04,266 INFO [org.junit.Test] zero00977
2016-08-04 20:03:04,266 INFO [org.junit.Test] zero00978
2016-08-04 20:03:04,266 INFO [org.junit.Test] zero00979
2016-08-04 20:03:04,266 INFO [org.junit.Test] zero00980
2016-08-04 20:03:04,266 INFO [org.junit.Test] zero00981
2016-08-04 20:03:04,266 INFO [org.junit.Test] zero00982
2016-08-04 20:03:04,266 INFO [org.junit.Test] zero00983
2016-08-04 20:03:04,266 INFO [org.junit.Test] zero00984
2016-08-04 20:03:04,266 INFO [org.junit.Test] zero00985
2016-08-04 20:03:04,266 INFO [org.junit.Test] zero00986
2016-08-04 20:03:04,266 INFO [org.junit.Test] zero00987
2016-08-04 20:03:04,266 INFO [org.junit.Test] zero00988
2016-08-04 20:03:04,266 INFO [org.junit.Test] zero00989
2016-08-04 20:03:04,266 INFO [org.junit.Test] zero00990
2016-08-04 20:03:04,266 INFO [org.junit.Test] zero00991
2016-08-04 20:03:04,266 INFO [org.junit.Test] zero00992
2016-08-04 20:03:04,266 INFO [org.junit.Test] zero00993
2016-08-04 20:03:04,266 INFO [org.junit.Test] zero00994
2016-08-04 20:03:04,266 INFO [org.junit.Test] zero00995
2016-08-04 20:03:04,266 INFO [org.junit.Test] zero00996
2016-08-04 20:03:04,266 INFO [org.junit.Test] zero00997
2016-08-04 20:03:04,266 INFO [org.junit.Test] zero00998
2016-08-04 20:03:04,266 INFO [org.junit.Test] zero00999
2016-08-04 20:03:07,266 INFO [org.junit.Test] zero000
2016-08-04 20:03:07,266 INFO [org.junit.Test] zero001
2016-08-04 20:03:07,266 INFO [org.junit.Test] zero002
2016-08-04 20:03:07,266 INFO [org.junit.Test] zero003
2016-08-04 20:03:07,266 INFO [org.junit.Test] zero004
2016-08-04 20:03:07,266 INFO [org.junit.Test] zero005
2016-08-04 20:03:07,266 INFO [org.junit.Test] zero006
2016-08-04 20:03:07,266 INFO [org.junit.Test] zero007
2016-08-04 20:03:07,266 INFO [org.junit.Test] zero008
2016-08-04 20:03:07,266 INFO [org.junit.Test] zero009
2016-08-04 20:03:07,266 INFO [org.junit.Test] zero0010
2016-08-04 20:03:07,266 INFO [org.junit.Test] zero0011
2016-08-04 20:03:07,266 INFO [org.junit.Test] zero0012
2016-08-04 20:03:07,266 INFO [org.junit.Test] zero0013
2016-08-04 20:03:07,266 INFO [org.junit.Test] zero0014
2016-08-04 20:03:07,266 INFO [org.junit.Test] zero0015
2016-08-04 20:03:07,266 INFO [org.junit.Test] zero0016
2016-08-04 20:03:07,266 INFO [org.junit.Test] zero0017
2016-08-04 20:03:07,266 INFO [org.junit.Test] zero0018
2016-08-04 20:03:07,266 INFO [org.junit.Test] zero0019
2016-08-04 20:03:07,266 INFO [org.junit.Test] zero0020
2016-08-04 20:03:07,266 INFO [org.junit.Test] zero0021
2016-08-04 20:03:07,266 INFO [org.junit.Test] zero0022
2016-08-04 20:03:07,266 INFO [org.junit.Test] zero0023
2016-08-04 20:03:07,266 INFO [org.junit.Test] zero0024
2016-08-04 20:03:07,266 INFO [org.junit.Test] zero0025
2016-08-04 20:03:07,266 INFO [org.junit.Test] zero0026
2016-08-04 20:03:07,266 INFO [org.junit.Test] zero0027
2016-08-04 20:03:07,266 INFO [org.junit.Test] zero0028
2016-08-04 20:03:07,266 INFO [org.junit.Test] zero0029
2016-08-04 20:03:07,266 INFO [org.junit.Test] zero0030
2016-08-04 20:03:07,266 INFO [org.junit.Test] zero0031
2016-08-04 20:03:07,266 INFO [org.junit.Test] zero0032
2016-08-04 20:03:07,266 INFO [org.junit.Test] zero0033
2016-08-04 20:03:07,266 INFO [org.junit.Test] zero0034
2016-08-04 20:03:07,266 INFO [org.junit.Test] zero0035
2016-08-04 20:03:07,266 INFO [org.junit.Test] zero0036
2016-08-04 20:03:07,266 INFO [org.junit.Test] zero0037
2016-08-04 20:03:07,266 INFO [org.junit.Test] zero0038
2016-08-04 20:03:07,266 INFO [org.junit.Test] zero0039
2016-08-04 20:03:07,266 INFO [org.junit.Test] zero0040
2016-08-04 20:03:07,266 INFO [org.junit.Test] zero0041
2016-08-04 20:03:07,266 INFO [org.junit.Test] zero0042
2016-08-04 20:03:07,266 INFO [org.junit.Test] zero0043
2016-08-04 20:03:07,266 INFO [org.junit.Test] zero0044
2016-08-04 20:03:07,266 INFO [org.junit.Test] zero0045
2016-08-04 20:03:07,266 INFO [org.junit.Test] zero0046
2016-08-04 20:03:07,266 INFO [org.junit.Test] zero0047
2016-08-04 20:03:07,266 INFO [org.junit.Test] zero0048
2016-08-04 20:03:07,266 INFO [org.junit.Test] zero0049
2016-08-04 20:03:07,266 INFO [org.junit.Test] zero0050
2016-08-04 20:03:07,266 INFO [org.junit.Test] zero0051
2016-08-04 20:03:07,266 INFO [org.junit.Test] zero0052
2016-08-04 20:03:07,266 INFO [org.junit.Test] zero0053
2016-08-04 20:03:07,266 INFO [org.junit.Test] zero0054
2016-08-04 20:03:07,266 INFO [org.junit.Test] zero0055
2016-08-04 20:03:07,266 INFO [org.junit.Test] zero0056
2016-08-04 20:03:07,266 INFO [org.junit.Test] zero0057
2016-08-04 20:03:07,266 INFO [org.junit.Test] zero0058
2016-08-04 20:03:07,266 INFO [org.junit.Test] zero0059
2016-08-04 20:03:07,266 INFO [org.junit.Test] zero0060
2016-08-04 20:03:07,266 INFO [org.junit.Test] zero0061
2016-08-04 20:03:07,266 INFO [org.junit.Test] zero0062
2016-08-04 20:03:07,266 INFO [org.junit.Test] zero0063
2016-08-04 20:03:07,266 INFO [org.junit.Test] zero0064
2016-08-04 20:03:07,266 INFO [org.junit.Test] zero0065
2016-08-04 20:03:07,266 INFO [org.junit.Test] zero0066
2016-08-04 20:03:07,266 INFO [org.junit.Test] zero0067
2016-08-04 20:03:07,266 INFO [org.junit.Test] zero0068
2016-08-04 20:03:07,266 INFO [org.junit.Test] zero0069
2016-08-04 20:03:07,266 INFO [org.junit.Test] zero0070
2016-08-04 20:03:07,266 INFO [org.junit.Test] zero0071
2016-08-04 20:03:07,266 INFO [org.junit.Test] zero0072
2016-08-04 20:03:07,266 INFO [org.junit.Test] zero0073
2016-08-04 20:03:07,266 INFO [org.junit.Test] zero0074
2016-08-04 20:03:07,266 INFO [org.junit.Test] zero0075
2016-08-04 20:03:07,266 INFO [org.junit.Test] zero0076
2016-08-04 20:03:07,266 INFO [org.junit.Test] zero0077
2016-08-04 20:03:07,266 INFO [org.junit.Test] zero0078
2016-08-04 20:03:07,266 INFO [org.junit.Test] zero0079
2016-08-04 20:03:07,266 INFO [org.junit.Test] zero0080
2016-08-04 20:03:07,266 INFO [org.junit.Test] zero0081
2016-08-04 20:03:07,266 INFO [org.junit.Test] zero0082
2016-08-04 20:03:07,266 INFO [org.junit.Test] zero0083
2016-08-04 20:03:07,266 INFO [org.junit.Test] zero0084
2016-08-04 20:03:07,266 INFO [org.junit.Test] zero0085
2016-08-04 20:03:07,266 INFO [org.junit.Test] zero0086
2016-08-04 20:03:07,266 INFO [org.junit.Test] zero0087
2016-08-04 20:03:07,266 INFO [org.junit.Test] zero0088
2016-08-04 20:03:07,266 INFO [org.junit.Test] zero0089
2016-08-04 20:03:07,266 INFO [org.junit.Test] zero0090
2016-08-04 20:03:07,266 INFO [org.junit.Test] zero0091
2016-08-04 20:03:07,266 INFO [org.junit.Test] zero0092
2016-08-04 20:03:07,266 INFO [org.junit.Test] zero0093
2016-08-04 20:03:07,266 INFO [org.junit.Test] zero0094
2016-08-04 20:03:07,266 INFO [org.junit.Test] zero0095
2016-08-04 20:03:07,266 INFO [org.junit.Test] zero0096
2016-08-04 20:03:07,266 INFO [org.junit.Test] zero0097
2016-08-04 20:03:07,266 INFO [org.junit.Test] zero0098
2016-08-04 20:03:07,266 INFO [org.junit.Test] zero0099
2016-08-04 20:03:07,266 INFO [org.junit.Test] zero00100
2016-08-04 20:03:07,266 INFO [org.junit.Test] zero00101
2016-08-04 20:03:07,266 INFO [org.junit.Test] zero00102
2016-08-04 20:03:07,266 INFO [org.junit.Test] zero00103
2016-08-04 20:03:07,266 INFO [org.junit.Test] zero00104
2016-08-04 20:03:07,266 INFO [org.junit.Test] zero00105
2016-08-04 20:03:07,267 INFO [org.junit.Test] zero00106
2016-08-04 20:03:07,267 INFO [org.junit.Test] zero00107
2016-08-04 20:03:07,267 INFO [org.junit.Test] zero00108
2016-08-04 20:03:07,267 INFO [org.junit.Test] zero00109
2016-08-04 20:03:07,267 INFO [org.junit.Test] zero00110
2016-08-04 20:03:07,267 INFO [org.junit.Test] zero00111
2016-08-04 20:03:07,267 INFO [org.junit.Test] zero00112
2016-08-04 20:03:07,267 INFO [org.junit.Test] zero00113
2016-08-04 20:03:07,267 INFO [org.junit.Test] zero00114
2016-08-04 20:03:07,267 INFO [org.junit.Test] zero00115
2016-08-04 20:03:07,267 INFO [org.junit.Test] zero00116
2016-08-04 20:03:07,267 INFO [org.junit.Test] zero00117
2016-08-04 20:03:07,267 INFO [org.junit.Test] zero00118
2016-08-04 20:03:07,267 INFO [org.junit.Test] zero00119
2016-08-04 20:03:07,267 INFO [org.junit.Test] zero00120
2016-08-04 20:03:07,267 INFO [org.junit.Test] zero00121
2016-08-04 20:03:07,267 INFO [org.junit.Test] zero00122
2016-08-04 20:03:07,267 INFO [org.junit.Test] zero00123
2016-08-04 20:03:07,267 INFO [org.junit.Test] zero00124
2016-08-04 20:03:07,267 INFO [org.junit.Test] zero00125
2016-08-04 20:03:07,267 INFO [org.junit.Test] zero00126
2016-08-04 20:03:07,267 INFO [org.junit.Test] zero00127
2016-08-04 20:03:07,267 INFO [org.junit.Test] zero00128
2016-08-04 20:03:07,267 INFO [org.junit.Test] zero00129
2016-08-04 20:03:07,267 INFO [org.junit.Test] zero00130
2016-08-04 20:03:07,267 INFO [org.junit.Test] zero00131
2016-08-04 20:03:07,267 INFO [org.junit.Test] zero00132
2016-08-04 20:03:07,267 INFO [org.junit.Test] zero00133
2016-08-04 20:03:07,267 INFO [org.junit.Test] zero00134
2016-08-04 20:03:07,267 INFO [org.junit.Test] zero00135
2016-08-04 20:03:07,267 INFO [org.junit.Test] zero00136
2016-08-04 20:03:07,267 INFO [org.junit.Test] zero00137
2016-08-04 20:03:07,267 INFO [org.junit.Test] zero00138
2016-08-04 20:03:07,267 INFO [org.junit.Test] zero00139
2016-08-04 20:03:07,267 INFO [org.junit.Test] zero00140
2016-08-04 20:03:07,267 INFO [org.junit.Test] zero00141
2016-08-04 20:03:07,267 INFO [org.junit.Test] zero00142
2016-08-04 20:03:07,267 INFO [org.junit.Test] zero00143
2016-08-04 20:03:07,267 INFO [org.junit.Test] zero00144
2016-08-04 20:03:07,267 INFO [org.junit.Test] zero00145
2016-08-04 20:03:07,267 INFO [org.junit.Test] zero00146
2016-08-04 20:03:07,267 INFO [org.junit.Test] zero00147
2016-08-04 20:03:07,267 INFO [org.junit.Test] zero00148
2016-08-04 20:03:07,267 INFO [org.junit.Test] zero00149
2016-08-04 20:03:07,267 INFO [org.junit.Test] zero00150
2016-08-04 20:03:07,267 INFO [org.junit.Test] zero00151
2016-08-04 20:03:07,267 INFO [org.junit.Test] zero00152
2016-08-04 20:03:07,267 INFO [org.junit.Test] zero00153
2016-08-04 20:03:07,267 INFO [org.junit.Test] zero00154
2016-08-04 20:03:07,267 INFO [org.junit.Test] zero00155
2016-08-04 20:03:07,267 INFO [org.junit.Test] zero00156
2016-08-04 20:03:07,267 INFO [org.junit.Test] zero00157
2016-08-04 20:03:07,267 INFO [org.junit.Test] zero00158
2016-08-04 20:03:07,267 INFO [org.junit.Test] zero00159
2016-08-04 20:03:07,267 INFO [org.junit.Test] zero00160
2016-08-04 20:03:07,267 INFO [org.junit.Test] zero00161
2016-08-04 20:03:07,267 INFO [org.junit.Test] zero00162
2016-08-04 20:03:07,267 INFO [org.junit.Test] zero00163
2016-08-04 20:03:07,267 INFO [org.junit.Test] zero00164
2016-08-04 20:03:07,267 INFO [org.junit.Test] zero00165
2016-08-04 20:03:07,267 INFO [org.junit.Test] zero00166
2016-08-04 20:03:07,267 INFO [org.junit.Test] zero00167
2016-08-04 20:03:07,267 INFO [org.junit.Test] zero00168
2016-08-04 20:03:07,267 INFO [org.junit.Test] zero00169
2016-08-04 20:03:07,267 INFO [org.junit.Test] zero00170
2016-08-04 20:03:07,267 INFO [org.junit.Test] zero00171
2016-08-04 20:03:07,267 INFO [org.junit.Test] zero00172
2016-08-04 20:03:07,267 INFO [org.junit.Test] zero00173
2016-08-04 20:03:07,267 INFO [org.junit.Test] zero00174
2016-08-04 20:03:07,267 INFO [org.junit.Test] zero00175
2016-08-04 20:03:07,267 INFO [org.junit.Test] zero00176
2016-08-04 20:03:07,267 INFO [org.junit.Test] zero00177
2016-08-04 20:03:07,267 INFO [org.junit.Test] zero00178
2016-08-04 20:03:07,267 INFO [org.junit.Test] zero00179
2016-08-04 20:03:07,267 INFO [org.junit.Test] zero00180
2016-08-04 20:03:07,267 INFO [org.junit.Test] zero00181
2016-08-04 20:03:07,267 INFO [org.junit.Test] zero00182
2016-08-04 20:03:07,267 INFO [org.junit.Test] zero00183
2016-08-04 20:03:07,267 INFO [org.junit.Test] zero00184
2016-08-04 20:03:07,267 INFO [org.junit.Test] zero00185
2016-08-04 20:03:07,267 INFO [org.junit.Test] zero00186
2016-08-04 20:03:07,267 INFO [org.junit.Test] zero00187
2016-08-04 20:03:07,267 INFO [org.junit.Test] zero00188
2016-08-04 20:03:07,267 INFO [org.junit.Test] zero00189
2016-08-04 20:03:07,267 INFO [org.junit.Test] zero00190
2016-08-04 20:03:07,267 INFO [org.junit.Test] zero00191
2016-08-04 20:03:07,267 INFO [org.junit.Test] zero00192
2016-08-04 20:03:07,267 INFO [org.junit.Test] zero00193
2016-08-04 20:03:07,267 INFO [org.junit.Test] zero00194
2016-08-04 20:03:07,267 INFO [org.junit.Test] zero00195
2016-08-04 20:03:07,267 INFO [org.junit.Test] zero00196
2016-08-04 20:03:07,267 INFO [org.junit.Test] zero00197
2016-08-04 20:03:07,267 INFO [org.junit.Test] zero00198
2016-08-04 20:03:07,267 INFO [org.junit.Test] zero00199
2016-08-04 20:03:07,267 INFO [org.junit.Test] zero00200
2016-08-04 20:03:07,267 INFO [org.junit.Test] zero00201
2016-08-04 20:03:07,267 INFO [org.junit.Test] zero00202
2016-08-04 20:03:07,267 INFO [org.junit.Test] zero00203
2016-08-04 20:03:07,267 INFO [org.junit.Test] zero00204
2016-08-04 20:03:07,267 INFO [org.junit.Test] zero00205
2016-08-04 20:03:07,267 INFO [org.junit.Test] zero00206
2016-08-04 20:03:07,267 INFO [org.junit.Test] zero00207
2016-08-04 20:03:07,267 INFO [org.junit.Test] zero00208
2016-08-04 20:03:07,267 INFO [org.junit.Test] zero00209
2016-08-04 20:03:07,267 INFO [org.junit.Test] zero00210
2016-08-04 20:03:07,267 INFO [org.junit.Test] zero00211
2016-08-04 20:03:07,267 INFO [org.junit.Test] zero00212
2016-08-04 20:03:07,267 INFO [org.junit.Test] zero00213
2016-08-04 20:03:07,267 INFO [org.junit.Test] zero00214
2016-08-04 20:03:07,267 INFO [org.junit.Test] zero00215
2016-08-04 20:03:07,267 INFO [org.junit.Test] zero00216
2016-08-04 20:03:07,267 INFO [org.junit.Test] zero00217
2016-08-04 20:03:07,267 INFO [org.junit.Test] zero00218
2016-08-04 20:03:07,267 INFO [org.junit.Test] zero00219
2016-08-04 20:03:07,267 INFO [org.junit.Test] zero00220
2016-08-04 20:03:07,267 INFO [org.junit.Test] zero00221
2016-08-04 20:03:07,267 INFO [org.junit.Test] zero00222
2016-08-04 20:03:07,267 INFO [org.junit.Test] zero00223
2016-08-04 20:03:07,267 INFO [org.junit.Test] zero00224
2016-08-04 20:03:07,267 INFO [org.junit.Test] zero00225
2016-08-04 20:03:07,267 INFO [org.junit.Test] zero00226
2016-08-04 20:03:07,267 INFO [org.junit.Test] zero00227
2016-08-04 20:03:07,267 INFO [org.junit.Test] zero00228
2016-08-04 20:03:07,267 INFO [org.junit.Test] zero00229
2016-08-04 20:03:07,267 INFO [org.junit.Test] zero00230
2016-08-04 20:03:07,267 INFO [org.junit.Test] zero00231
2016-08-04 20:03:07,267 INFO [org.junit.Test] zero00232
2016-08-04 20:03:07,267 INFO [org.junit.Test] zero00233
2016-08-04 20:03:07,267 INFO [org.junit.Test] zero00234
2016-08-04 20:03:07,267 INFO [org.junit.Test] zero00235
2016-08-04 20:03:07,267 INFO [org.junit.Test] zero00236
2016-08-04 20:03:07,267 INFO [org.junit.Test] zero00237
2016-08-04 20:03:07,267 INFO [org.junit.Test] zero00238
2016-08-04 20:03:07,267 INFO [org.junit.Test] zero00239
2016-08-04 20:03:07,267 INFO [org.junit.Test] zero00240
2016-08-04 20:03:07,267 INFO [org.junit.Test] zero00241
2016-08-04 20:03:07,267 INFO [org.junit.Test] zero00242
2016-08-04 20:03:07,267 INFO [org.junit.Test] zero00243
2016-08-04 20:03:07,267 INFO [org.junit.Test] zero00244
2016-08-04 20:03:07,267 INFO [org.junit.Test] zero00245
2016-08-04 20:03:07,267 INFO [org.junit.Test] zero00246
2016-08-04 20:03:07,267 INFO [org.junit.Test] zero00247
2016-08-04 20:03:07,267 INFO [org.junit.Test] zero00248
2016-08-04 20:03:07,267 INFO [org.junit.Test] zero00249
2016-08-04 20:03:07,267 INFO [org.junit.Test] zero00250
2016-08-04 20:03:07,267 INFO [org.junit.Test] zero00251
2016-08-04 20:03:07,267 INFO [org.junit.Test] zero00252
2016-08-04 20:03:07,267 INFO [org.junit.Test] zero00253
2016-08-04 20:03:07,267 INFO [org.junit.Test] zero00254
2016-08-04 20:03:07,267 INFO [org.junit.Test] zero00255
2016-08-04 20:03:07,267 INFO [org.junit.Test] zero00256
2016-08-04 20:03:07,267 INFO [org.junit.Test] zero00257
2016-08-04 20:03:07,267 INFO [org.junit.Test] zero00258
2016-08-04 20:03:07,267 INFO [org.junit.Test] zero00259
2016-08-04 20:03:07,267 INFO [org.junit.Test] zero00260
2016-08-04 20:03:07,267 INFO [org.junit.Test] zero00261
2016-08-04 20:03:07,267 INFO [org.junit.Test] zero00262
2016-08-04 20:03:07,267 INFO [org.junit.Test] zero00263
2016-08-04 20:03:07,267 INFO [org.junit.Test] zero00264
2016-08-04 20:03:07,267 INFO [org.junit.Test] zero00265
2016-08-04 20:03:07,267 INFO [org.junit.Test] zero00266
2016-08-04 20:03:07,267 INFO [org.junit.Test] zero00267
2016-08-04 20:03:07,267 INFO [org.junit.Test] zero00268
2016-08-04 20:03:07,267 INFO [org.junit.Test] zero00269
2016-08-04 20:03:07,267 INFO [org.junit.Test] zero00270
2016-08-04 20:03:07,267 INFO [org.junit.Test] zero00271
2016-08-04 20:03:07,267 INFO [org.junit.Test] zero00272
2016-08-04 20:03:07,267 INFO [org.junit.Test] zero00273
2016-08-04 20:03:07,267 INFO [org.junit.Test] zero00274
2016-08-04 20:03:07,267 INFO [org.junit.Test] zero00275
2016-08-04 20:03:07,267 INFO [org.junit.Test] zero00276
2016-08-04 20:03:07,267 INFO [org.junit.Test] zero00277
2016-08-04 20:03:07,267 INFO [org.junit.Test] zero00278
2016-08-04 20:03:07,267 INFO [org.junit.Test] zero00279
2016-08-04 20:03:07,267 INFO [org.junit.Test] zero00280
2016-08-04 20:03:07,267 INFO [org.junit.Test] zero00281
2016-08-04 20:03:07,267 INFO [org.junit.Test] zero00282
2016-08-04 20:03:07,267 INFO [org.junit.Test] zero00283
2016-08-04 20:03:07,267 INFO [org.junit.Test] zero00284
2016-08-04 20:03:07,267 INFO [org.junit.Test] zero00285
2016-08-04 20:03:07,268 INFO [org.junit.Test] zero00286
2016-08-04 20:03:07,268 INFO [org.junit.Test] zero00287
2016-08-04 20:03:07,268 INFO [org.junit.Test] zero00288
2016-08-04 20:03:07,268 INFO [org.junit.Test] zero00289
2016-08-04 20:03:07,268 INFO [org.junit.Test] zero00290
2016-08-04 20:03:07,268 INFO [org.junit.Test] zero00291
2016-08-04 20:03:07,268 INFO [org.junit.Test] zero00292
2016-08-04 20:03:07,268 INFO [org.junit.Test] zero00293
2016-08-04 20:03:07,268 INFO [org.junit.Test] zero00294
2016-08-04 20:03:07,268 INFO [org.junit.Test] zero00295
2016-08-04 20:03:07,268 INFO [org.junit.Test] zero00296
2016-08-04 20:03:07,268 INFO [org.junit.Test] zero00297
2016-08-04 20:03:07,268 INFO [org.junit.Test] zero00298
2016-08-04 20:03:07,268 INFO [org.junit.Test] zero00299
2016-08-04 20:03:07,268 INFO [org.junit.Test] zero00300
2016-08-04 20:03:07,268 INFO [org.junit.Test] zero00301
2016-08-04 20:03:07,268 INFO [org.junit.Test] zero00302
2016-08-04 20:03:07,268 INFO [org.junit.Test] zero00303
2016-08-04 20:03:07,268 INFO [org.junit.Test] zero00304
2016-08-04 20:03:07,268 INFO [org.junit.Test] zero00305
2016-08-04 20:03:07,268 INFO [org.junit.Test] zero00306
2016-08-04 20:03:07,268 INFO [org.junit.Test] zero00307
2016-08-04 20:03:07,268 INFO [org.junit.Test] zero00308
2016-08-04 20:03:07,268 INFO [org.junit.Test] zero00309
2016-08-04 20:03:07,268 INFO [org.junit.Test] zero00310
2016-08-04 20:03:07,268 INFO [org.junit.Test] zero00311
2016-08-04 20:03:07,268 INFO [org.junit.Test] zero00312
2016-08-04 20:03:07,268 INFO [org.junit.Test] zero00313
2016-08-04 20:03:07,268 INFO [org.junit.Test] zero00314
2016-08-04 20:03:07,268 INFO [org.junit.Test] zero00315
2016-08-04 20:03:07,268 INFO [org.junit.Test] zero00316
2016-08-04 20:03:07,268 INFO [org.junit.Test] zero00317
2016-08-04 20:03:07,268 INFO [org.junit.Test] zero00318
2016-08-04 20:03:07,268 INFO [org.junit.Test] zero00319
2016-08-04 20:03:07,268 INFO [org.junit.Test] zero00320
2016-08-04 20:03:07,268 INFO [org.junit.Test] zero00321
2016-08-04 20:03:07,268 INFO [org.junit.Test] zero00322
2016-08-04 20:03:07,268 INFO [org.junit.Test] zero00323
2016-08-04 20:03:07,268 INFO [org.junit.Test] zero00324
2016-08-04 20:03:07,268 INFO [org.junit.Test] zero00325
2016-08-04 20:03:07,268 INFO [org.junit.Test] zero00326
2016-08-04 20:03:07,268 INFO [org.junit.Test] zero00327
2016-08-04 20:03:07,268 INFO [org.junit.Test] zero00328
2016-08-04 20:03:07,268 INFO [org.junit.Test] zero00329
2016-08-04 20:03:07,268 INFO [org.junit.Test] zero00330
2016-08-04 20:03:07,268 INFO [org.junit.Test] zero00331
2016-08-04 20:03:07,268 INFO [org.junit.Test] zero00332
2016-08-04 20:03:07,268 INFO [org.junit.Test] zero00333
2016-08-04 20:03:07,268 INFO [org.junit.Test] zero00334
2016-08-04 20:03:07,268 INFO [org.junit.Test] zero00335
2016-08-04 20:03:07,268 INFO [org.junit.Test] zero00336
2016-08-04 20:03:07,268 INFO [org.junit.Test] zero00337
2016-08-04 20:03:07,268 INFO [org.junit.Test] zero00338
2016-08-04 20:03:07,268 INFO [org.junit.Test] zero00339
2016-08-04 20:03:07,268 INFO [org.junit.Test] zero00340
2016-08-04 20:03:07,268 INFO [org.junit.Test] zero00341
2016-08-04 20:03:07,268 INFO [org.junit.Test] zero00342
2016-08-04 20:03:07,268 INFO [org.junit.Test] zero00343
2016-08-04 20:03:07,268 INFO [org.junit.Test] zero00344
2016-08-04 20:03:07,268 INFO [org.junit.Test] zero00345
2016-08-04 20:03:07,268 INFO [org.junit.Test] zero00346
2016-08-04 20:03:07,268 INFO [org.junit.Test] zero00347
2016-08-04 20:03:07,268 INFO [org.junit.Test] zero00348
2016-08-04 20:03:07,268 INFO [org.junit.Test] zero00349
2016-08-04 20:03:07,268 INFO [org.junit.Test] zero00350
2016-08-04 20:03:07,268 INFO [org.junit.Test] zero00351
2016-08-04 20:03:07,268 INFO [org.junit.Test] zero00352
2016-08-04 20:03:07,268 INFO [org.junit.Test] zero00353
2016-08-04 20:03:07,268 INFO [org.junit.Test] zero00354
2016-08-04 20:03:07,268 INFO [org.junit.Test] zero00355
2016-08-04 20:03:07,268 INFO [org.junit.Test] zero00356
2016-08-04 20:03:07,268 INFO [org.junit.Test] zero00357
2016-08-04 20:03:07,268 INFO [org.junit.Test] zero00358
2016-08-04 20:03:07,268 INFO [org.junit.Test] zero00359
2016-08-04 20:03:07,268 INFO [org.junit.Test] zero00360
2016-08-04 20:03:07,268 INFO [org.junit.Test] zero00361
2016-08-04 20:03:07,268 INFO [org.junit.Test] zero00362
2016-08-04 20:03:07,268 INFO [org.junit.Test] zero00363
2016-08-04 20:03:07,268 INFO [org.junit.Test] zero00364
2016-08-04 20:03:07,268 INFO [org.junit.Test] zero00365
2016-08-04 20:03:07,268 INFO [org.junit.Test] zero00366
2016-08-04 20:03:07,268 INFO [org.junit.Test] zero00367
2016-08-04 20:03:07,268 INFO [org.junit.Test] zero00368
2016-08-04 20:03:07,268 INFO [org.junit.Test] zero00369
2016-08-04 20:03:07,268 INFO [org.junit.Test] zero00370
2016-08-04 20:03:07,268 INFO [org.junit.Test] zero00371
2016-08-04 20:03:07,268 INFO [org.junit.Test] zero00372
2016-08-04 20:03:07,268 INFO [org.junit.Test] zero00373
2016-08-04 20:03:07,268 INFO [org.junit.Test] zero00374
2016-08-04 20:03:07,268 INFO [org.junit.Test] zero00375
2016-08-04 20:03:07,268 INFO [org.junit.Test] zero00376
2016-08-04 20:03:07,268 INFO [org.junit.Test] zero00377
2016-08-04 20:03:07,268 INFO [org.junit.Test] zero00378
2016-08-04 20:03:07,268 INFO [org.junit.Test] zero00379
2016-08-04 20:03:07,268 INFO [org.junit.Test] zero00380
2016-08-04 20:03:07,268 INFO [org.junit.Test] zero00381
2016-08-04 20:03:07,268 INFO [org.junit.Test] zero00382
2016-08-04 20:03:07,268 INFO [org.junit.Test] zero00383
2016-08-04 20:03:07,268 INFO [org.junit.Test] zero00384
2016-08-04 20:03:07,268 INFO [org.junit.Test] zero00385
2016-08-04 20:03:07,268 INFO [org.junit.Test] zero00386
2016-08-04 20:03:07,268 INFO [org.junit.Test] zero00387
2016-08-04 20:03:07,268 INFO [org.junit.Test] zero00388
2016-08-04 20:03:07,268 INFO [org.junit.Test] zero00389
2016-08-04 20:03:07,268 INFO [org.junit.Test] zero00390
2016-08-04 20:03:07,268 INFO [org.junit.Test] zero00391
2016-08-04 20:03:07,268 INFO [org.junit.Test] zero00392
2016-08-04 20:03:07,268 INFO [org.junit.Test] zero00393
2016-08-04 20:03:07,268 INFO [org.junit.Test] zero00394
2016-08-04 20:03:07,268 INFO [org.junit.Test] zero00395
2016-08-04 20:03:07,268 INFO [org.junit.Test] zero00396
2016-08-04 20:03:07,268 INFO [org.junit.Test] zero00397
2016-08-04 20:03:07,268 INFO [org.junit.Test] zero00398
2016-08-04 20:03:07,268 INFO [org.junit.Test] zero00399
2016-08-04 20:03:07,268 INFO [org.junit.Test] zero00400
2016-08-04 20:03:07,268 INFO [org.junit.Test] zero00401
2016-08-04 20:03:07,268 INFO [org.junit.Test] zero00402
2016-08-04 20:03:07,268 INFO [org.junit.Test] zero00403
2016-08-04 20:03:07,268 INFO [org.junit.Test] zero00404
2016-08-04 20:03:07,268 INFO [org.junit.Test] zero00405
2016-08-04 20:03:07,268 INFO [org.junit.Test] zero00406
2016-08-04 20:03:07,268 INFO [org.junit.Test] zero00407
2016-08-04 20:03:07,268 INFO [org.junit.Test] zero00408
2016-08-04 20:03:07,268 INFO [org.junit.Test] zero00409
2016-08-04 20:03:07,268 INFO [org.junit.Test] zero00410
2016-08-04 20:03:07,268 INFO [org.junit.Test] zero00411
2016-08-04 20:03:07,268 INFO [org.junit.Test] zero00412
2016-08-04 20:03:07,268 INFO [org.junit.Test] zero00413
2016-08-04 20:03:07,268 INFO [org.junit.Test] zero00414
2016-08-04 20:03:07,268 INFO [org.junit.Test] zero00415
2016-08-04 20:03:07,268 INFO [org.junit.Test] zero00416
2016-08-04 20:03:07,268 INFO [org.junit.Test] zero00417
2016-08-04 20:03:07,268 INFO [org.junit.Test] zero00418
2016-08-04 20:03:07,268 INFO [org.junit.Test] zero00419
2016-08-04 20:03:07,268 INFO [org.junit.Test] zero00420
2016-08-04 20:03:07,268 INFO [org.junit.Test] zero00421
2016-08-04 20:03:07,268 INFO [org.junit.Test] zero00422
2016-08-04 20:03:07,268 INFO [org.junit.Test] zero00423
2016-08-04 20:03:07,268 INFO [org.junit.Test] zero00424
2016-08-04 20:03:07,268 INFO [org.junit.Test] zero00425
2016-08-04 20:03:07,268 INFO [org.junit.Test] zero00426
2016-08-04 20:03:07,268 INFO [org.junit.Test] zero00427
2016-08-04 20:03:07,268 INFO [org.junit.Test] zero00428
2016-08-04 20:03:07,268 INFO [org.junit.Test] zero00429
2016-08-04 20:03:07,268 INFO [org.junit.Test] zero00430
2016-08-04 20:03:07,268 INFO [org.junit.Test] zero00431
2016-08-04 20:03:07,268 INFO [org.junit.Test] zero00432
2016-08-04 20:03:07,268 INFO [org.junit.Test] zero00433
2016-08-04 20:03:07,268 INFO [org.junit.Test] zero00434
2016-08-04 20:03:07,268 INFO [org.junit.Test] zero00435
2016-08-04 20:03:07,268 INFO [org.junit.Test] zero00436
2016-08-04 20:03:07,268 INFO [org.junit.Test] zero00437
2016-08-04 20:03:07,268 INFO [org.junit.Test] zero00438
2016-08-04 20:03:07,268 INFO [org.junit.Test] zero00439
2016-08-04 20:03:07,268 INFO [org.junit.Test] zero00440
2016-08-04 20:03:07,268 INFO [org.junit.Test] zero00441
2016-08-04 20:03:07,268 INFO [org.junit.Test] zero00442
2016-08-04 20:03:07,268 INFO [org.junit.Test] zero00443
2016-08-04 20:03:07,268 INFO [org.junit.Test] zero00444
2016-08-04 20:03:07,268 INFO [org.junit.Test] zero00445
2016-08-04 20:03:07,268 INFO [org.junit.Test] zero00446
2016-08-04 20:03:07,268 INFO [org.junit.Test] zero00447
2016-08-04 20:03:07,268 INFO [org.junit.Test] zero00448
2016-08-04 20:03:07,268 INFO [org.junit.Test] zero00449
2016-08-04 20:03:07,268 INFO [org.junit.Test] zero00450
2016-08-04 20:03:07,268 INFO [org.junit.Test] zero00451
2016-08-04 20:03:07,268 INFO [org.junit.Test] zero00452
2016-08-04 20:03:07,268 INFO [org.junit.Test] zero00453
2016-08-04 20:03:07,268 INFO [org.junit.Test] zero00454
2016-08-04 20:03:07,268 INFO [org.junit.Test] zero00455
2016-08-04 20:03:07,268 INFO [org.junit.Test] zero00456
2016-08-04 20:03:07,268 INFO [org.junit.Test] zero00457
2016-08-04 20:03:07,268 INFO [org.junit.Test] zero00458
2016-08-04 20:03:07,268 INFO [org.junit.Test] zero00459
2016-08-04 20:03:07,268 INFO [org.junit.Test] zero00460
2016-08-04 20:03:07,268 INFO [org.junit.Test] zero00461
2016-08-04 20:03:07,268 INFO [org.junit.Test] zero00462
2016-08-04 20:03:07,268 INFO [org.junit.Test] zero00463
2016-08-04 20:03:07,268 INFO [org.junit.Test] zero00464
2016-08-04 20:03:07,268 INFO [org.junit.Test] zero00465
2016-08-04 20:03:07,268 INFO [org.junit.Test] zero00466
2016-08-04 20:03:07,268 INFO [org.junit.Test] zero00467
2016-08-04 20:03:07,268 INFO [org.junit.Test] zero00468
2016-08-04 20:03:07,268 INFO [org.junit.Test] zero00469
2016-08-04 20:03:07,268 INFO [org.junit.Test] zero00470
2016-08-04 20:03:07,268 INFO [org.junit.Test] zero00471
2016-08-04 20:03:07,268 INFO [org.junit.Test] zero00472
2016-08-04 20:03:07,268 INFO [org.junit.Test] zero00473
2016-08-04 20:03:07,268 INFO [org.junit.Test] zero00474
2016-08-04 20:03:07,268 INFO [org.junit.Test] zero00475
2016-08-04 20:03:07,268 INFO [org.junit.Test] zero00476
2016-08-04 20:03:07,268 INFO [org.junit.Test] zero00477
2016-08-04 20:03:07,268 INFO [org.junit.Test] zero00478
2016-08-04 20:03:07,268 INFO [org.junit.Test] zero00479
2016-08-04 20:03:07,268 INFO [org.junit.Test] zero00480
2016-08-04 20:03:07,268 INFO [org.junit.Test] zero00481
2016-08-04 20:03:07,268 INFO [org.junit.Test] zero00482
2016-08-04 20:03:07,268 INFO [org.junit.Test] zero00483
2016-08-04 20:03:07,268 INFO [org.junit.Test] zero00484
2016-08-04 20:03:07,268 INFO [org.junit.Test] zero00485
2016-08-04 20:03:07,268 INFO [org.junit.Test] zero00486
2016-08-04 20:03:07,268 INFO [org.junit.Test] zero00487
2016-08-04 20:03:07,268 INFO [org.junit.Test] zero00488
2016-08-04 20:03:07,268 INFO [org.junit.Test] zero00489
2016-08-04 20:03:07,268 INFO [org.junit.Test] zero00490
2016-08-04 20:03:07,268 INFO [org.junit.Test] zero00491
2016-08-04 20:03:07,268 INFO [org.junit.Test] zero00492
2016-08-04 20:03:07,268 INFO [org.junit.Test] zero00493
2016-08-04 20:03:07,268 INFO [org.junit.Test] zero00494
2016-08-04 20:03:07,268 INFO [org.junit.Test] zero00495
2016-08-04 20:03:07,268 INFO [org.junit.Test] zero00496
2016-08-04 20:03:07,268 INFO [org.junit.Test] zero00497
2016-08-04 20:03:07,268 INFO [org.junit.Test] zero00498
2016-08-04 20:03:07,268 INFO [org.junit.Test] zero00499
2016-08-04 20:03:07,268 INFO [org.junit.Test] zero00500
2016-08-04 20:03:07,268 INFO [org.junit.Test] zero00501
2016-08-04 20:03:07,268 INFO [org.junit.Test] zero00502
2016-08-04 20:03:07,268 INFO [org.junit.Test] zero00503
2016-08-04 20:03:07,268 INFO [org.junit.Test] zero00504
2016-08-04 20:03:07,268 INFO [org.junit.Test] zero00505
2016-08-04 20:03:07,268 INFO [org.junit.Test] zero00506
2016-08-04 20:03:07,268 INFO [org.junit.Test] zero00507
2016-08-04 20:03:07,268 INFO [org.junit.Test] zero00508
2016-08-04 20:03:07,268 INFO [org.junit.Test] zero00509
2016-08-04 20:03:07,268 INFO [org.junit.Test] zero00510
2016-08-04 20:03:07,268 INFO [org.junit.Test] zero00511
2016-08-04 20:03:07,268 INFO [org.junit.Test] zero00512
2016-08-04 20:03:07,268 INFO [org.junit.Test] zero00513
2016-08-04 20:03:07,268 INFO [org.junit.Test] zero00514
2016-08-04 20:03:07,268 INFO [org.junit.Test] zero00515
2016-08-04 20:03:07,268 INFO [org.junit.Test] zero00516
2016-08-04 20:03:07,268 INFO [org.junit.Test] zero00517
2016-08-04 20:03:07,268 INFO [org.junit.Test] zero00518
2016-08-04 20:03:07,268 INFO [org.junit.Test] zero00519
2016-08-04 20:03:07,268 INFO [org.junit.Test] zero00520
2016-08-04 20:03:07,268 INFO [org.junit.Test] zero00521
2016-08-04 20:03:07,268 INFO [org.junit.Test] zero00522
2016-08-04 20:03:07,268 INFO [org.junit.Test] zero00523
2016-08-04 20:03:07,268 INFO [org.junit.Test] zero00524
2016-08-04 20:03:07,268 INFO [org.junit.Test] zero00525
2016-08-04 20:03:07,268 INFO [org.junit.Test] zero00526
2016-08-04 20:03:07,268 INFO [org.junit.Test] zero00527
2016-08-04 20:03:07,268 INFO [org.junit.Test] zero00528
2016-08-04 20:03:07,268 INFO [org.junit.Test] zero00529
2016-08-04 20:03:07,268 INFO [org.junit.Test] zero00530
2016-08-04 20:03:07,268 INFO [org.junit.Test] zero00531
2016-08-04 20:03:07,268 INFO [org.junit.Test] zero00532
2016-08-04 20:03:07,268 INFO [org.junit.Test] zero00533
2016-08-04 20:03:07,268 INFO [org.junit.Test] zero00534
2016-08-04 20:03:07,268 INFO [org.junit.Test] zero00535
2016-08-04 20:03:07,268 INFO [org.junit.Test] zero00536
2016-08-04 20:03:07,268 INFO [org.junit.Test] zero00537
2016-08-04 20:03:07,268 INFO [org.junit.Test] zero00538
2016-08-04 20:03:07,268 INFO [org.junit.Test] zero00539
2016-08-04 20:03:07,268 INFO [org.junit.Test] zero00540
2016-08-04 20:03:07,268 INFO [org.junit.Test] zero00541
2016-08-04 20:03:07,268 INFO [org.junit.Test] zero00542
2016-08-04 20:03:07,268 INFO [org.junit.Test] zero00543
2016-08-04 20:03:07,268 INFO [org.junit.Test] zero00544
2016-08-04 20:03:07,268 INFO [org.junit.Test] zero00545
2016-08-04 20:03:07,268 INFO [org.junit.Test] zero00546
2016-08-04 20:03:07,268 INFO [org.junit.Test] zero00547
2016-08-04 20:03:07,268 INFO [org.junit.Test] zero00548
2016-08-04 20:03:07,268 INFO [org.junit.Test] zero00549
2016-08-04 20:03:07,268 INFO [org.junit.Test] zero00550
2016-08-04 20:03:07,268 INFO [org.junit.Test] zero00551
2016-08-04 20:03:07,268 INFO [org.junit.Test] zero00552
2016-08-04 20:03:07,268 INFO [org.junit.Test] zero00553
2016-08-04 20:03:07,268 INFO [org.junit.Test] zero00554
2016-08-04 20:03:07,268 INFO [org.junit.Test] zero00555
2016-08-04 20:03:07,268 INFO [org.junit.Test] zero00556
2016-08-04 20:03:07,268 INFO [org.junit.Test] zero00557
2016-08-04 20:03:07,268 INFO [org.junit.Test] zero00558
2016-08-04 20:03:07,268 INFO [org.junit.Test] zero00559
2016-08-04 20:03:07,268 INFO [org.junit.Test] zero00560
2016-08-04 20:03:07,268 INFO [org.junit.Test] zero00561
2016-08-04 20:03:07,268 INFO [org.junit.Test] zero00562
2016-08-04 20:03:07,268 INFO [org.junit.Test] zero00563
2016-08-04 20:03:07,269 INFO [org.junit.Test] zero00564
2016-08-04 20:03:07,269 INFO [org.junit.Test] zero00565
2016-08-04 20:03:07,269 INFO [org.junit.Test] zero00566
2016-08-04 20:03:07,269 INFO [org.junit.Test] zero00567
2016-08-04 20:03:07,269 INFO [org.junit.Test] zero00568
2016-08-04 20:03:07,269 INFO [org.junit.Test] zero00569
2016-08-04 20:03:07,269 INFO [org.junit.Test] zero00570
2016-08-04 20:03:07,269 INFO [org.junit.Test] zero00571
2016-08-04 20:03:07,269 INFO [org.junit.Test] zero00572
2016-08-04 20:03:07,269 INFO [org.junit.Test] zero00573
2016-08-04 20:03:07,269 INFO [org.junit.Test] zero00574
2016-08-04 20:03:07,269 INFO [org.junit.Test] zero00575
2016-08-04 20:03:07,269 INFO [org.junit.Test] zero00576
2016-08-04 20:03:07,269 INFO [org.junit.Test] zero00577
2016-08-04 20:03:07,269 INFO [org.junit.Test] zero00578
2016-08-04 20:03:07,269 INFO [org.junit.Test] zero00579
2016-08-04 20:03:07,269 INFO [org.junit.Test] zero00580
2016-08-04 20:03:07,269 INFO [org.junit.Test] zero00581
2016-08-04 20:03:07,269 INFO [org.junit.Test] zero00582
2016-08-04 20:03:07,269 INFO [org.junit.Test] zero00583
2016-08-04 20:03:07,269 INFO [org.junit.Test] zero00584
2016-08-04 20:03:07,269 INFO [org.junit.Test] zero00585
2016-08-04 20:03:07,269 INFO [org.junit.Test] zero00586
2016-08-04 20:03:07,269 INFO [org.junit.Test] zero00587
2016-08-04 20:03:07,269 INFO [org.junit.Test] zero00588
2016-08-04 20:03:07,269 INFO [org.junit.Test] zero00589
2016-08-04 20:03:07,269 INFO [org.junit.Test] zero00590
2016-08-04 20:03:07,269 INFO [org.junit.Test] zero00591
2016-08-04 20:03:07,269 INFO [org.junit.Test] zero00592
2016-08-04 20:03:07,269 INFO [org.junit.Test] zero00593
2016-08-04 20:03:07,269 INFO [org.junit.Test] zero00594
2016-08-04 20:03:07,269 INFO [org.junit.Test] zero00595
2016-08-04 20:03:07,269 INFO [org.junit.Test] zero00596
2016-08-04 20:03:07,269 INFO [org.junit.Test] zero00597
2016-08-04 20:03:07,269 INFO [org.junit.Test] zero00598
2016-08-04 20:03:07,269 INFO [org.junit.Test] zero00599
2016-08-04 20:03:07,269 INFO [org.junit.Test] zero00600
2016-08-04 20:03:07,269 INFO [org.junit.Test] zero00601
2016-08-04 20:03:07,269 INFO [org.junit.Test] zero00602
2016-08-04 20:03:07,269 INFO [org.junit.Test] zero00603
2016-08-04 20:03:07,269 INFO [org.junit.Test] zero00604
2016-08-04 20:03:07,269 INFO [org.junit.Test] zero00605
2016-08-04 20:03:07,269 INFO [org.junit.Test] zero00606
2016-08-04 20:03:07,269 INFO [org.junit.Test] zero00607
2016-08-04 20:03:07,269 INFO [org.junit.Test] zero00608
2016-08-04 20:03:07,269 INFO [org.junit.Test] zero00609
2016-08-04 20:03:07,269 INFO [org.junit.Test] zero00610
2016-08-04 20:03:07,269 INFO [org.junit.Test] zero00611
2016-08-04 20:03:07,269 INFO [org.junit.Test] zero00612
2016-08-04 20:03:07,269 INFO [org.junit.Test] zero00613
2016-08-04 20:03:07,269 INFO [org.junit.Test] zero00614
2016-08-04 20:03:07,269 INFO [org.junit.Test] zero00615
2016-08-04 20:03:07,269 INFO [org.junit.Test] zero00616
2016-08-04 20:03:07,269 INFO [org.junit.Test] zero00617
2016-08-04 20:03:07,269 INFO [org.junit.Test] zero00618
2016-08-04 20:03:07,269 INFO [org.junit.Test] zero00619
2016-08-04 20:03:07,269 INFO [org.junit.Test] zero00620
2016-08-04 20:03:07,269 INFO [org.junit.Test] zero00621
2016-08-04 20:03:07,269 INFO [org.junit.Test] zero00622
2016-08-04 20:03:07,269 INFO [org.junit.Test] zero00623
2016-08-04 20:03:07,269 INFO [org.junit.Test] zero00624
2016-08-04 20:03:07,269 INFO [org.junit.Test] zero00625
2016-08-04 20:03:07,269 INFO [org.junit.Test] zero00626
2016-08-04 20:03:07,269 INFO [org.junit.Test] zero00627
2016-08-04 20:03:07,269 INFO [org.junit.Test] zero00628
2016-08-04 20:03:07,269 INFO [org.junit.Test] zero00629
2016-08-04 20:03:07,269 INFO [org.junit.Test] zero00630
2016-08-04 20:03:07,269 INFO [org.junit.Test] zero00631
2016-08-04 20:03:07,269 INFO [org.junit.Test] zero00632
2016-08-04 20:03:07,269 INFO [org.junit.Test] zero00633
2016-08-04 20:03:07,269 INFO [org.junit.Test] zero00634
2016-08-04 20:03:07,269 INFO [org.junit.Test] zero00635
2016-08-04 20:03:07,269 INFO [org.junit.Test] zero00636
2016-08-04 20:03:07,269 INFO [org.junit.Test] zero00637
2016-08-04 20:03:07,269 INFO [org.junit.Test] zero00638
2016-08-04 20:03:07,269 INFO [org.junit.Test] zero00639
2016-08-04 20:03:07,269 INFO [org.junit.Test] zero00640
2016-08-04 20:03:07,269 INFO [org.junit.Test] zero00641
2016-08-04 20:03:07,269 INFO [org.junit.Test] zero00642
2016-08-04 20:03:07,269 INFO [org.junit.Test] zero00643
2016-08-04 20:03:07,269 INFO [org.junit.Test] zero00644
2016-08-04 20:03:07,269 INFO [org.junit.Test] zero00645
2016-08-04 20:03:07,269 INFO [org.junit.Test] zero00646
2016-08-04 20:03:07,269 INFO [org.junit.Test] zero00647
2016-08-04 20:03:07,269 INFO [org.junit.Test] zero00648
2016-08-04 20:03:07,269 INFO [org.junit.Test] zero00649
2016-08-04 20:03:07,269 INFO [org.junit.Test] zero00650
2016-08-04 20:03:07,269 INFO [org.junit.Test] zero00651
2016-08-04 20:03:07,269 INFO [org.junit.Test] zero00652
2016-08-04 20:03:07,269 INFO [org.junit.Test] zero00653
2016-08-04 20:03:07,269 INFO [org.junit.Test] zero00654
2016-08-04 20:03:07,269 INFO [org.junit.Test] zero00655
2016-08-04 20:03:07,269 INFO [org.junit.Test] zero00656
2016-08-04 20:03:07,269 INFO [org.junit.Test] zero00657
2016-08-04 20:03:07,269 INFO [org.junit.Test] zero00658
2016-08-04 20:03:07,269 INFO [org.junit.Test] zero00659
2016-08-04 20:03:07,269 INFO [org.junit.Test] zero00660
2016-08-04 20:03:07,269 INFO [org.junit.Test] zero00661
2016-08-04 20:03:07,269 INFO [org.junit.Test] zero00662
2016-08-04 20:03:07,269 INFO [org.junit.Test] zero00663
2016-08-04 20:03:07,269 INFO [org.junit.Test] zero00664
2016-08-04 20:03:07,269 INFO [org.junit.Test] zero00665
2016-08-04 20:03:07,269 INFO [org.junit.Test] zero00666
2016-08-04 20:03:07,269 INFO [org.junit.Test] zero00667
2016-08-04 20:03:07,269 INFO [org.junit.Test] zero00668
2016-08-04 20:03:07,269 INFO [org.junit.Test] zero00669
2016-08-04 20:03:07,269 INFO [org.junit.Test] zero00670
2016-08-04 20:03:07,269 INFO [org.junit.Test] zero00671
2016-08-04 20:03:07,269 INFO [org.junit.Test] zero00672
2016-08-04 20:03:07,269 INFO [org.junit.Test] zero00673
2016-08-04 20:03:07,269 INFO [org.junit.Test] zero00674
2016-08-04 20:03:07,269 INFO [org.junit.Test] zero00675
2016-08-04 20:03:07,269 INFO [org.junit.Test] zero00676
2016-08-04 20:03:07,269 INFO [org.junit.Test] zero00677
2016-08-04 20:03:07,269 INFO [org.junit.Test] zero00678
2016-08-04 20:03:07,269 INFO [org.junit.Test] zero00679
2016-08-04 20:03:07,269 INFO [org.junit.Test] zero00680
2016-08-04 20:03:07,269 INFO [org.junit.Test] zero00681
2016-08-04 20:03:07,269 INFO [org.junit.Test] zero00682
2016-08-04 20:03:07,269 INFO [org.junit.Test] zero00683
2016-08-04 20:03:07,269 INFO [org.junit.Test] zero00684
2016-08-04 20:03:07,269 INFO [org.junit.Test] zero00685
2016-08-04 20:03:07,269 INFO [org.junit.Test] zero00686
2016-08-04 20:03:07,269 INFO [org.junit.Test] zero00687
2016-08-04 20:03:07,269 INFO [org.junit.Test] zero00688
2016-08-04 20:03:07,269 INFO [org.junit.Test] zero00689
2016-08-04 20:03:07,269 INFO [org.junit.Test] zero00690
2016-08-04 20:03:07,269 INFO [org.junit.Test] zero00691
2016-08-04 20:03:07,269 INFO [org.junit.Test] zero00692
2016-08-04 20:03:07,269 INFO [org.junit.Test] zero00693
2016-08-04 20:03:07,269 INFO [org.junit.Test] zero00694
2016-08-04 20:03:07,269 INFO [org.junit.Test] zero00695
2016-08-04 20:03:07,269 INFO [org.junit.Test] zero00696
2016-08-04 20:03:07,269 INFO [org.junit.Test] zero00697
2016-08-04 20:03:07,269 INFO [org.junit.Test] zero00698
2016-08-04 20:03:07,269 INFO [org.junit.Test] zero00699
2016-08-04 20:03:07,269 INFO [org.junit.Test] zero00700
2016-08-04 20:03:07,269 INFO [org.junit.Test] zero00701
2016-08-04 20:03:07,269 INFO [org.junit.Test] zero00702
2016-08-04 20:03:07,269 INFO [org.junit.Test] zero00703
2016-08-04 20:03:07,269 INFO [org.junit.Test] zero00704
2016-08-04 20:03:07,269 INFO [org.junit.Test] zero00705
2016-08-04 20:03:07,269 INFO [org.junit.Test] zero00706
2016-08-04 20:03:07,269 INFO [org.junit.Test] zero00707
2016-08-04 20:03:07,269 INFO [org.junit.Test] zero00708
2016-08-04 20:03:07,269 INFO [org.junit.Test] zero00709
2016-08-04 20:03:07,269 INFO [org.junit.Test] zero00710
2016-08-04 20:03:07,269 INFO [org.junit.Test] zero00711
2016-08-04 20:03:07,269 INFO [org.junit.Test] zero00712
2016-08-04 20:03:07,269 INFO [org.junit.Test] zero00713
2016-08-04 20:03:07,269 INFO [org.junit.Test] zero00714
2016-08-04 20:03:07,269 INFO [org.junit.Test] zero00715
2016-08-04 20:03:07,269 INFO [org.junit.Test] zero00716
2016-08-04 20:03:07,269 INFO [org.junit.Test] zero00717
2016-08-04 20:03:07,269 INFO [org.junit.Test] zero00718
2016-08-04 20:03:07,269 INFO [org.junit.Test] zero00719
2016-08-04 20:03:07,269 INFO [org.junit.Test] zero00720
2016-08-04 20:03:07,269 INFO [org.junit.Test] zero00721
2016-08-04 20:03:07,269 INFO [org.junit.Test] zero00722
2016-08-04 20:03:07,269 INFO [org.junit.Test] zero00723
2016-08-04 20:03:07,269 INFO [org.junit.Test] zero00724
2016-08-04 20:03:07,269 INFO [org.junit.Test] zero00725
2016-08-04 20:03:07,269 INFO [org.junit.Test] zero00726
2016-08-04 20:03:07,269 INFO [org.junit.Test] zero00727
2016-08-04 20:03:07,269 INFO [org.junit.Test] zero00728
2016-08-04 20:03:07,269 INFO [org.junit.Test] zero00729
2016-08-04 20:03:07,269 INFO [org.junit.Test] zero00730
2016-08-04 20:03:07,269 INFO [org.junit.Test] zero00731
2016-08-04 20:03:07,269 INFO [org.junit.Test] zero00732
2016-08-04 20:03:07,269 INFO [org.junit.Test] zero00733
2016-08-04 20:03:07,269 INFO [org.junit.Test] zero00734
2016-08-04 20:03:07,269 INFO [org.junit.Test] zero00735
2016-08-04 20:03:07,269 INFO [org.junit.Test] zero00736
2016-08-04 20:03:07,269 INFO [org.junit.Test] zero00737
2016-08-04 20:03:07,269 INFO [org.junit.Test] zero00738
2016-08-04 20:03:07,269 INFO [org.junit.Test] zero00739
2016-08-04 20:03:07,269 INFO [org.junit.Test] zero00740
2016-08-04 20:03:07,269 INFO [org.junit.Test] zero00741
2016-08-04 20:03:07,269 INFO [org.junit.Test] zero00742
2016-08-04 20:03:07,269 INFO [org.junit.Test] zero00743
2016-08-04 20:03:07,269 INFO [org.junit.Test] zero00744
2016-08-04 20:03:07,269 INFO [org.junit.Test] zero00745
2016-08-04 20:03:07,269 INFO [org.junit.Test] zero00746
2016-08-04 20:03:07,269 INFO [org.junit.Test] zero00747
2016-08-04 20:03:07,269 INFO [org.junit.Test] zero00748
2016-08-04 20:03:07,269 INFO [org.junit.Test] zero00749
2016-08-04 20:03:07,269 INFO [org.junit.Test] zero00750
2016-08-04 20:03:07,269 INFO [org.junit.Test] zero00751
2016-08-04 20:03:07,269 INFO [org.junit.Test] zero00752
2016-08-04 20:03:07,269 INFO [org.junit.Test] zero00753
2016-08-04 20:03:07,269 INFO [org.junit.Test] zero00754
2016-08-04 20:03:07,269 INFO [org.junit.Test] zero00755
2016-08-04 20:03:07,269 INFO [org.junit.Test] zero00756
2016-08-04 20:03:07,269 INFO [org.junit.Test] zero00757
2016-08-04 20:03:07,269 INFO [org.junit.Test] zero00758
2016-08-04 20:03:07,269 INFO [org.junit.Test] zero00759
2016-08-04 20:03:07,269 INFO [org.junit.Test] zero00760
2016-08-04 20:03:07,269 INFO [org.junit.Test] zero00761
2016-08-04 20:03:07,269 INFO [org.junit.Test] zero00762
2016-08-04 20:03:07,269 INFO [org.junit.Test] zero00763
2016-08-04 20:03:07,269 INFO [org.junit.Test] zero00764
2016-08-04 20:03:07,269 INFO [org.junit.Test] zero00765
2016-08-04 20:03:07,269 INFO [org.junit.Test] zero00766
2016-08-04 20:03:07,269 INFO [org.junit.Test] zero00767
2016-08-04 20:03:07,269 INFO [org.junit.Test] zero00768
2016-08-04 20:03:07,269 INFO [org.junit.Test] zero00769
2016-08-04 20:03:07,269 INFO [org.junit.Test] zero00770
2016-08-04 20:03:07,269 INFO [org.junit.Test] zero00771
2016-08-04 20:03:07,269 INFO [org.junit.Test] zero00772
2016-08-04 20:03:07,269 INFO [org.junit.Test] zero00773
2016-08-04 20:03:07,269 INFO [org.junit.Test] zero00774
2016-08-04 20:03:07,269 INFO [org.junit.Test] zero00775
2016-08-04 20:03:07,269 INFO [org.junit.Test] zero00776
2016-08-04 20:03:07,269 INFO [org.junit.Test] zero00777
2016-08-04 20:03:07,269 INFO [org.junit.Test] zero00778
2016-08-04 20:03:07,269 INFO [org.junit.Test] zero00779
2016-08-04 20:03:07,269 INFO [org.junit.Test] zero00780
2016-08-04 20:03:07,269 INFO [org.junit.Test] zero00781
2016-08-04 20:03:07,269 INFO [org.junit.Test] zero00782
2016-08-04 20:03:07,269 INFO [org.junit.Test] zero00783
2016-08-04 20:03:07,269 INFO [org.junit.Test] zero00784
2016-08-04 20:03:07,269 INFO [org.junit.Test] zero00785
2016-08-04 20:03:07,269 INFO [org.junit.Test] zero00786
2016-08-04 20:03:07,269 INFO [org.junit.Test] zero00787
2016-08-04 20:03:07,269 INFO [org.junit.Test] zero00788
2016-08-04 20:03:07,269 INFO [org.junit.Test] zero00789
2016-08-04 20:03:07,269 INFO [org.junit.Test] zero00790
2016-08-04 20:03:07,269 INFO [org.junit.Test] zero00791
2016-08-04 20:03:07,269 INFO [org.junit.Test] zero00792
2016-08-04 20:03:07,269 INFO [org.junit.Test] zero00793
2016-08-04 20:03:07,269 INFO [org.junit.Test] zero00794
2016-08-04 20:03:07,269 INFO [org.junit.Test] zero00795
2016-08-04 20:03:07,269 INFO [org.junit.Test] zero00796
2016-08-04 20:03:07,269 INFO [org.junit.Test] zero00797
2016-08-04 20:03:07,269 INFO [org.junit.Test] zero00798
2016-08-04 20:03:07,269 INFO [org.junit.Test] zero00799
2016-08-04 20:03:07,269 INFO [org.junit.Test] zero00800
2016-08-04 20:03:07,269 INFO [org.junit.Test] zero00801
2016-08-04 20:03:07,269 INFO [org.junit.Test] zero00802
2016-08-04 20:03:07,269 INFO [org.junit.Test] zero00803
2016-08-04 20:03:07,269 INFO [org.junit.Test] zero00804
2016-08-04 20:03:07,269 INFO [org.junit.Test] zero00805
2016-08-04 20:03:07,269 INFO [org.junit.Test] zero00806
2016-08-04 20:03:07,269 INFO [org.junit.Test] zero00807
2016-08-04 20:03:07,269 INFO [org.junit.Test] zero00808
2016-08-04 20:03:07,269 INFO [org.junit.Test] zero00809
2016-08-04 20:03:07,269 INFO [org.junit.Test] zero00810
2016-08-04 20:03:07,269 INFO [org.junit.Test] zero00811
2016-08-04 20:03:07,269 INFO [org.junit.Test] zero00812
2016-08-04 20:03:07,269 INFO [org.junit.Test] zero00813
2016-08-04 20:03:07,269 INFO [org.junit.Test] zero00814
2016-08-04 20:03:07,269 INFO [org.junit.Test] zero00815
2016-08-04 20:03:07,269 INFO [org.junit.Test] zero00816
2016-08-04 20:03:07,269 INFO [org.junit.Test] zero00817
2016-08-04 20:03:07,269 INFO [org.junit.Test] zero00818
2016-08-04 20:03:07,269 INFO [org.junit.Test] zero00819
2016-08-04 20:03:07,269 INFO [org.junit.Test] zero00820
2016-08-04 20:03:07,269 INFO [org.junit.Test] zero00821
2016-08-04 20:03:07,269 INFO [org.junit.Test] zero00822
2016-08-04 20:03:07,269 INFO [org.junit.Test] zero00823
2016-08-04 20:03:07,269 INFO [org.junit.Test] zero00824
2016-08-04 20:03:07,269 INFO [org.junit.Test] zero00825
2016-08-04 20:03:07,269 INFO [org.junit.Test] zero00826
2016-08-04 20:03:07,269 INFO [org.junit.Test] zero00827
2016-08-04 20:03:07,269 INFO [org.junit.Test] zero00828
2016-08-04 20:03:07,269 INFO [org.junit.Test] zero00829
2016-08-04 20:03:07,269 INFO [org.junit.Test] zero00830
2016-08-04 20:03:07,269 INFO [org.junit.Test] zero00831
2016-08-04 20:03:07,269 INFO [org.junit.Test] zero00832
2016-08-04 20:03:07,269 INFO [org.junit.Test] zero00833
2016-08-04 20:03:07,269 INFO [org.junit.Test] zero00834
2016-08-04 20:03:07,269 INFO [org.junit.Test] zero00835
2016-08-04 20:03:07,269 INFO [org.junit.Test] zero00836
2016-08-04 20:03:07,269 INFO [org.junit.Test] zero00837
2016-08-04 20:03:07,269 INFO [org.junit.Test] zero00838
2016-08-04 20:03:07,269 INFO [org.junit.Test] zero00839
2016-08-04 20:03:07,269 INFO [org.junit.Test] zero00840
2016-08-04 20:03:07,269 INFO [org.junit.Test] zero00841
2016-08-04 20:03:07,270 INFO [org.junit.Test] zero00842
2016-08-04 20:03:07,270 INFO [org.junit.Test] zero00843
2016-08-04 20:03:07,270 INFO [org.junit.Test] zero00844
2016-08-04 20:03:07,270 INFO [org.junit.Test] zero00845
2016-08-04 20:03:07,270 INFO [org.junit.Test] zero00846
2016-08-04 20:03:07,270 INFO [org.junit.Test] zero00847
2016-08-04 20:03:07,270 INFO [org.junit.Test] zero00848
2016-08-04 20:03:07,270 INFO [org.junit.Test] zero00849
2016-08-04 20:03:07,270 INFO [org.junit.Test] zero00850
2016-08-04 20:03:07,270 INFO [org.junit.Test] zero00851
2016-08-04 20:03:07,270 INFO [org.junit.Test] zero00852
2016-08-04 20:03:07,270 INFO [org.junit.Test] zero00853
2016-08-04 20:03:07,270 INFO [org.junit.Test] zero00854
2016-08-04 20:03:07,270 INFO [org.junit.Test] zero00855
2016-08-04 20:03:07,270 INFO [org.junit.Test] zero00856
2016-08-04 20:03:07,270 INFO [org.junit.Test] zero00857
2016-08-04 20:03:07,270 INFO [org.junit.Test] zero00858
2016-08-04 20:03:07,270 INFO [org.junit.Test] zero00859
2016-08-04 20:03:07,270 INFO [org.junit.Test] zero00860
2016-08-04 20:03:07,270 INFO [org.junit.Test] zero00861
2016-08-04 20:03:07,270 INFO [org.junit.Test] zero00862
2016-08-04 20:03:07,270 INFO [org.junit.Test] zero00863
2016-08-04 20:03:07,270 INFO [org.junit.Test] zero00864
2016-08-04 20:03:07,270 INFO [org.junit.Test] zero00865
2016-08-04 20:03:07,270 INFO [org.junit.Test] zero00866
2016-08-04 20:03:07,270 INFO [org.junit.Test] zero00867
2016-08-04 20:03:07,270 INFO [org.junit.Test] zero00868
2016-08-04 20:03:07,270 INFO [org.junit.Test] zero00869
2016-08-04 20:03:07,270 INFO [org.junit.Test] zero00870
2016-08-04 20:03:07,270 INFO [org.junit.Test] zero00871
2016-08-04 20:03:07,270 INFO [org.junit.Test] zero00872
2016-08-04 20:03:07,270 INFO [org.junit.Test] zero00873
2016-08-04 20:03:07,270 INFO [org.junit.Test] zero00874
2016-08-04 20:03:07,270 INFO [org.junit.Test] zero00875
2016-08-04 20:03:07,270 INFO [org.junit.Test] zero00876
2016-08-04 20:03:07,270 INFO [org.junit.Test] zero00877
2016-08-04 20:03:07,270 INFO [org.junit.Test] zero00878
2016-08-04 20:03:07,270 INFO [org.junit.Test] zero00879
2016-08-04 20:03:07,270 INFO [org.junit.Test] zero00880
2016-08-04 20:03:07,270 INFO [org.junit.Test] zero00881
2016-08-04 20:03:07,270 INFO [org.junit.Test] zero00882
2016-08-04 20:03:07,270 INFO [org.junit.Test] zero00883
2016-08-04 20:03:07,270 INFO [org.junit.Test] zero00884
2016-08-04 20:03:07,270 INFO [org.junit.Test] zero00885
2016-08-04 20:03:07,270 INFO [org.junit.Test] zero00886
2016-08-04 20:03:07,270 INFO [org.junit.Test] zero00887
2016-08-04 20:03:07,270 INFO [org.junit.Test] zero00888
2016-08-04 20:03:07,270 INFO [org.junit.Test] zero00889
2016-08-04 20:03:07,270 INFO [org.junit.Test] zero00890
2016-08-04 20:03:07,270 INFO [org.junit.Test] zero00891
2016-08-04 20:03:07,270 INFO [org.junit.Test] zero00892
2016-08-04 20:03:07,270 INFO [org.junit.Test] zero00893
2016-08-04 20:03:07,270 INFO [org.junit.Test] zero00894
2016-08-04 20:03:07,270 INFO [org.junit.Test] zero00895
2016-08-04 20:03:07,270 INFO [org.junit.Test] zero00896
2016-08-04 20:03:07,270 INFO [org.junit.Test] zero00897
2016-08-04 20:03:07,270 INFO [org.junit.Test] zero00898
2016-08-04 20:03:07,270 INFO [org.junit.Test] zero00899
2016-08-04 20:03:07,270 INFO [org.junit.Test] zero00900
2016-08-04 20:03:07,270 INFO [org.junit.Test] zero00901
2016-08-04 20:03:07,270 INFO [org.junit.Test] zero00902
2016-08-04 20:03:07,270 INFO [org.junit.Test] zero00903
2016-08-04 20:03:07,270 INFO [org.junit.Test] zero00904
2016-08-04 20:03:07,270 INFO [org.junit.Test] zero00905
2016-08-04 20:03:07,270 INFO [org.junit.Test] zero00906
2016-08-04 20:03:07,270 INFO [org.junit.Test] zero00907
2016-08-04 20:03:07,270 INFO [org.junit.Test] zero00908
2016-08-04 20:03:07,270 INFO [org.junit.Test] zero00909
2016-08-04 20:03:07,270 INFO [org.junit.Test] zero00910
2016-08-04 20:03:07,270 INFO [org.junit.Test] zero00911
2016-08-04 20:03:07,270 INFO [org.junit.Test] zero00912
2016-08-04 20:03:07,270 INFO [org.junit.Test] zero00913
2016-08-04 20:03:07,270 INFO [org.junit.Test] zero00914
2016-08-04 20:03:07,270 INFO [org.junit.Test] zero00915
2016-08-04 20:03:07,270 INFO [org.junit.Test] zero00916
2016-08-04 20:03:07,270 INFO [org.junit.Test] zero00917
2016-08-04 20:03:07,270 INFO [org.junit.Test] zero00918
2016-08-04 20:03:07,270 INFO [org.junit.Test] zero00919
2016-08-04 20:03:07,270 INFO [org.junit.Test] zero00920
2016-08-04 20:03:07,270 INFO [org.junit.Test] zero00921
2016-08-04 20:03:07,270 INFO [org.junit.Test] zero00922
2016-08-04 20:03:07,270 INFO [org.junit.Test] zero00923
2016-08-04 20:03:07,270 INFO [org.junit.Test] zero00924
2016-08-04 20:03:07,270 INFO [org.junit.Test] zero00925
2016-08-04 20:03:07,270 INFO [org.junit.Test] zero00926
2016-08-04 20:03:07,270 INFO [org.junit.Test] zero00927
2016-08-04 20:03:07,270 INFO [org.junit.Test] zero00928
2016-08-04 20:03:07,270 INFO [org.junit.Test] zero00929
2016-08-04 20:03:07,270 INFO [org.junit.Test] zero00930
2016-08-04 20:03:07,270 INFO [org.junit.Test] zero00931
2016-08-04 20:03:07,270 INFO [org.junit.Test] zero00932
2016-08-04 20:03:07,270 INFO [org.junit.Test] zero00933
2016-08-04 20:03:07,270 INFO [org.junit.Test] zero00934
2016-08-04 20:03:07,270 INFO [org.junit.Test] zero00935
2016-08-04 20:03:07,270 INFO [org.junit.Test] zero00936
2016-08-04 20:03:07,270 INFO [org.junit.Test] zero00937
2016-08-04 20:03:07,270 INFO [org.junit.Test] zero00938
2016-08-04 20:03:07,270 INFO [org.junit.Test] zero00939
2016-08-04 20:03:07,270 INFO [org.junit.Test] zero00940
2016-08-04 20:03:07,270 INFO [org.junit.Test] zero00941
2016-08-04 20:03:07,270 INFO [org.junit.Test] zero00942
2016-08-04 20:03:07,270 INFO [org.junit.Test] zero00943
2016-08-04 20:03:07,270 INFO [org.junit.Test] zero00944
2016-08-04 20:03:07,270 INFO [org.junit.Test] zero00945
2016-08-04 20:03:07,270 INFO [org.junit.Test] zero00946
2016-08-04 20:03:07,270 INFO [org.junit.Test] zero00947
2016-08-04 20:03:07,270 INFO [org.junit.Test] zero00948
2016-08-04 20:03:07,270 INFO [org.junit.Test] zero00949
2016-08-04 20:03:07,270 INFO [org.junit.Test] zero00950
2016-08-04 20:03:07,270 INFO [org.junit.Test] zero00951
2016-08-04 20:03:07,270 INFO [org.junit.Test] zero00952
2016-08-04 20:03:07,270 INFO [org.junit.Test] zero00953
2016-08-04 20:03:07,270 INFO [org.junit.Test] zero00954
2016-08-04 20:03:07,270 INFO [org.junit.Test] zero00955
2016-08-04 20:03:07,270 INFO [org.junit.Test] zero00956
2016-08-04 20:03:07,270 INFO [org.junit.Test] zero00957
2016-08-04 20:03:07,270 INFO [org.junit.Test] zero00958
2016-08-04 20:03:07,270 INFO [org.junit.Test] zero00959
2016-08-04 20:03:07,270 INFO [org.junit.Test] zero00960
2016-08-04 20:03:07,270 INFO [org.junit.Test] zero00961
2016-08-04 20:03:07,270 INFO [org.junit.Test] zero00962
2016-08-04 20:03:07,270 INFO [org.junit.Test] zero00963
2016-08-04 20:03:07,270 INFO [org.junit.Test] zero00964
2016-08-04 20:03:07,270 INFO [org.junit.Test] zero00965
2016-08-04 20:03:07,270 INFO [org.junit.Test] zero00966
2016-08-04 20:03:07,270 INFO [org.junit.Test] zero00967
2016-08-04 20:03:07,270 INFO [org.junit.Test] zero00968
2016-08-04 20:03:07,270 INFO [org.junit.Test] zero00969
2016-08-04 20:03:07,270 INFO [org.junit.Test] zero00970
2016-08-04 20:03:07,270 INFO [org.junit.Test] zero00971
2016-08-04 20:03:07,270 INFO [org.junit.Test] zero00972
2016-08-04 20:03:07,270 INFO [org.junit.Test] zero00973
2016-08-04 20:03:07,270 INFO [org.junit.Test] zero00974
2016-08-04 20:03:07,270 INFO [org.junit.Test] zero00975
2016-08-04 20:03:07,270 INFO [org.junit.Test] zero00976
2016-08-04 20:03:07,270 INFO [org.junit.Test] zero00977
2016-08-04 20:03:07,270 INFO [org.junit.Test] zero00978
2016-08-04 20:03:07,270 INFO [org.junit.Test] zero00979
2016-08-04 20:03:07,270 INFO [org.junit.Test] zero00980
2016-08-04 20:03:07,270 INFO [org.junit.Test] zero00981
2016-08-04 20:03:07,270 INFO [org.junit.Test] zero00982
2016-08-04 20:03:07,270 INFO [org.junit.Test] zero00983
2016-08-04 20:03:07,270 INFO [org.junit.Test] zero00984
2016-08-04 20:03:07,270 INFO [org.junit.Test] zero00985
2016-08-04 20:03:07,270 INFO [org.junit.Test] zero00986
2016-08-04 20:03:07,270 INFO [org.junit.Test] zero00987
2016-08-04 20:03:07,270 INFO [org.junit.Test] zero00988
2016-08-04 20:03:07,270 INFO [org.junit.Test] zero00989
2016-08-04 20:03:07,270 INFO [org.junit.Test] zero00990
2016-08-04 20:03:07,270 INFO [org.junit.Test] zero00991
2016-08-04 20:03:07,270 INFO [org.junit.Test] zero00992
2016-08-04 20:03:07,270 INFO [org.junit.Test] zero00993
2016-08-04 20:03:07,270 INFO [org.junit.Test] zero00994
2016-08-04 20:03:07,270 INFO [org.junit.Test] zero00995
2016-08-04 20:03:07,270 INFO [org.junit.Test] zero00996
2016-08-04 20:03:07,270 INFO [org.junit.Test] zero00997
2016-08-04 20:03:07,270 INFO [org.junit.Test] zero00998
2016-08-04 20:03:07,270 INFO [org.junit.Test] zero00999
2016-08-04 20:03:10,270 INFO [org.junit.Test] zero000
2016-08-04 20:03:10,270 INFO [org.junit.Test] zero001
2016-08-04 20:03:10,270 INFO [org.junit.Test] zero002
2016-08-04 20:03:10,270 INFO [org.junit.Test] zero003
2016-08-04 20:03:10,270 INFO [org.junit.Test] zero004
2016-08-04 20:03:10,270 INFO [org.junit.Test] zero005
2016-08-04 20:03:10,270 INFO [org.junit.Test] zero006
2016-08-04 20:03:10,270 INFO [org.junit.Test] zero007
2016-08-04 20:03:10,270 INFO [org.junit.Test] zero008
2016-08-04 20:03:10,270 INFO [org.junit.Test] zero009
2016-08-04 20:03:10,270 INFO [org.junit.Test] zero0010
2016-08-04 20:03:10,270 INFO [org.junit.Test] zero0011
2016-08-04 20:03:10,270 INFO [org.junit.Test] zero0012
2016-08-04 20:03:10,270 INFO [org.junit.Test] zero0013
2016-08-04 20:03:10,270 INFO [org.junit.Test] zero0014
2016-08-04 20:03:10,270 INFO [org.junit.Test] zero0015
2016-08-04 20:03:10,270 INFO [org.junit.Test] zero0016
2016-08-04 20:03:10,270 INFO [org.junit.Test] zero0017
2016-08-04 20:03:10,270 INFO [org.junit.Test] zero0018
2016-08-04 20:03:10,270 INFO [org.junit.Test] zero0019
2016-08-04 20:03:10,270 INFO [org.junit.Test] zero0020
2016-08-04 20:03:10,270 INFO [org.junit.Test] zero0021
2016-08-04 20:03:10,270 INFO [org.junit.Test] zero0022
2016-08-04 20:03:10,270 INFO [org.junit.Test] zero0023
2016-08-04 20:03:10,270 INFO [org.junit.Test] zero0024
2016-08-04 20:03:10,270 INFO [org.junit.Test] zero0025
2016-08-04 20:03:10,270 INFO [org.junit.Test] zero0026
2016-08-04 20:03:10,270 INFO [org.junit.Test] zero0027
2016-08-04 20:03:10,270 INFO [org.junit.Test] zero0028
2016-08-04 20:03:10,270 INFO [org.junit.Test] zero0029
2016-08-04 20:03:10,270 INFO [org.junit.Test] zero0030
2016-08-04 20:03:10,270 INFO [org.junit.Test] zero0031
2016-08-04 20:03:10,270 INFO [org.junit.Test] zero0032
2016-08-04 20:03:10,270 INFO [org.junit.Test] zero0033
2016-08-04 20:03:10,270 INFO [org.junit.Test] zero0034
2016-08-04 20:03:10,270 INFO [org.junit.Test] zero0035
2016-08-04 20:03:10,270 INFO [org.junit.Test] zero0036
2016-08-04 20:03:10,270 INFO [org.junit.Test] zero0037
2016-08-04 20:03:10,270 INFO [org.junit.Test] zero0038
2016-08-04 20:03:10,270 INFO [org.junit.Test] zero0039
2016-08-04 20:03:10,270 INFO [org.junit.Test] zero0040
2016-08-04 20:03:10,270 INFO [org.junit.Test] zero0041
2016-08-04 20:03:10,270 INFO [org.junit.Test] zero0042
2016-08-04 20:03:10,270 INFO [org.junit.Test] zero0043
2016-08-04 20:03:10,270 INFO [org.junit.Test] zero0044
2016-08-04 20:03:10,270 INFO [org.junit.Test] zero0045
2016-08-04 20:03:10,270 INFO [org.junit.Test] zero0046
2016-08-04 20:03:10,270 INFO [org.junit.Test] zero0047
2016-08-04 20:03:10,270 INFO [org.junit.Test] zero0048
2016-08-04 20:03:10,270 INFO [org.junit.Test] zero0049
2016-08-04 20:03:10,270 INFO [org.junit.Test] zero0050
2016-08-04 20:03:10,270 INFO [org.junit.Test] zero0051
2016-08-04 20:03:10,270 INFO [org.junit.Test] zero0052
2016-08-04 20:03:10,270 INFO [org.junit.Test] zero0053
2016-08-04 20:03:10,270 INFO [org.junit.Test] zero0054
2016-08-04 20:03:10,270 INFO [org.junit.Test] zero0055
2016-08-04 20:03:10,270 INFO [org.junit.Test] zero0056
2016-08-04 20:03:10,270 INFO [org.junit.Test] zero0057
2016-08-04 20:03:10,270 INFO [org.junit.Test] zero0058
2016-08-04 20:03:10,270 INFO [org.junit.Test] zero0059
2016-08-04 20:03:10,270 INFO [org.junit.Test] zero0060
2016-08-04 20:03:10,270 INFO [org.junit.Test] zero0061
2016-08-04 20:03:10,270 INFO [org.junit.Test] zero0062
2016-08-04 20:03:10,270 INFO [org.junit.Test] zero0063
2016-08-04 20:03:10,270 INFO [org.junit.Test] zero0064
2016-08-04 20:03:10,270 INFO [org.junit.Test] zero0065
2016-08-04 20:03:10,270 INFO [org.junit.Test] zero0066
2016-08-04 20:03:10,270 INFO [org.junit.Test] zero0067
2016-08-04 20:03:10,270 INFO [org.junit.Test] zero0068
2016-08-04 20:03:10,270 INFO [org.junit.Test] zero0069
2016-08-04 20:03:10,270 INFO [org.junit.Test] zero0070
2016-08-04 20:03:10,270 INFO [org.junit.Test] zero0071
2016-08-04 20:03:10,270 INFO [org.junit.Test] zero0072
2016-08-04 20:03:10,270 INFO [org.junit.Test] zero0073
2016-08-04 20:03:10,270 INFO [org.junit.Test] zero0074
2016-08-04 20:03:10,270 INFO [org.junit.Test] zero0075
2016-08-04 20:03:10,270 INFO [org.junit.Test] zero0076
2016-08-04 20:03:10,270 INFO [org.junit.Test] zero0077
2016-08-04 20:03:10,270 INFO [org.junit.Test] zero0078
2016-08-04 20:03:10,270 INFO [org.junit.Test] zero0079
2016-08-04 20:03:10,270 INFO [org.junit.Test] zero0080
2016-08-04 20:03:10,270 INFO [org.junit.Test] zero0081
2016-08-04 20:03:10,270 INFO [org.junit.Test] zero0082
2016-08-04 20:03:10,270 INFO [org.junit.Test] zero0083
2016-08-04 20:03:10,270 INFO [org.junit.Test] zero0084
2016-08-04 20:03:10,270 INFO [org.junit.Test] zero0085
2016-08-04 20:03:10,270 INFO [org.junit.Test] zero0086
2016-08-04 20:03:10,270 INFO [org.junit.Test] zero0087
2016-08-04 20:03:10,270 INFO [org.junit.Test] zero0088
2016-08-04 20:03:10,270 INFO [org.junit.Test] zero0089
2016-08-04 20:03:10,270 INFO [org.junit.Test] zero0090
2016-08-04 20:03:10,270 INFO [org.junit.Test] zero0091
2016-08-04 20:03:10,270 INFO [org.junit.Test] zero0092
2016-08-04 20:03:10,270 INFO [org.junit.Test] zero0093
2016-08-04 20:03:10,270 INFO [org.junit.Test] zero0094
2016-08-04 20:03:10,270 INFO [org.junit.Test] zero0095
2016-08-04 20:03:10,270 INFO [org.junit.Test] zero0096
2016-08-04 20:03:10,270 INFO [org.junit.Test] zero0097
2016-08-04 20:03:10,270 INFO [org.junit.Test] zero0098
2016-08-04 20:03:10,270 INFO [org.junit.Test] zero0099
2016-08-04 20:03:10,270 INFO [org.junit.Test] zero00100
2016-08-04 20:03:10,270 INFO [org.junit.Test] zero00101
2016-08-04 20:03:10,270 INFO [org.junit.Test] zero00102
2016-08-04 20:03:10,270 INFO [org.junit.Test] zero00103
2016-08-04 20:03:10,270 INFO [org.junit.Test] zero00104
2016-08-04 20:03:10,270 INFO [org.junit.Test] zero00105
2016-08-04 20:03:10,270 INFO [org.junit.Test] zero00106
2016-08-04 20:03:10,270 INFO [org.junit.Test] zero00107
2016-08-04 20:03:10,270 INFO [org.junit.Test] zero00108
2016-08-04 20:03:10,270 INFO [org.junit.Test] zero00109
2016-08-04 20:03:10,270 INFO [org.junit.Test] zero00110
2016-08-04 20:03:10,270 INFO [org.junit.Test] zero00111
2016-08-04 20:03:10,270 INFO [org.junit.Test] zero00112
2016-08-04 20:03:10,270 INFO [org.junit.Test] zero00113
2016-08-04 20:03:10,270 INFO [org.junit.Test] zero00114
2016-08-04 20:03:10,270 INFO [org.junit.Test] zero00115
2016-08-04 20:03:10,270 INFO [org.junit.Test] zero00116
2016-08-04 20:03:10,270 INFO [org.junit.Test] zero00117
2016-08-04 20:03:10,270 INFO [org.junit.Test] zero00118
2016-08-04 20:03:10,270 INFO [org.junit.Test] zero00119
2016-08-04 20:03:10,270 INFO [org.junit.Test] zero00120
2016-08-04 20:03:10,270 INFO [org.junit.Test] zero00121
2016-08-04 20:03:10,270 INFO [org.junit.Test] zero00122
2016-08-04 20:03:10,270 INFO [org.junit.Test] zero00123
2016-08-04 20:03:10,270 INFO [org.junit.Test] zero00124
2016-08-04 20:03:10,270 INFO [org.junit.Test] zero00125
2016-08-04 20:03:10,270 INFO [org.junit.Test] zero00126
2016-08-04 20:03:10,270 INFO [org.junit.Test] zero00127
2016-08-04 20:03:10,270 INFO [org.junit.Test] zero00128
2016-08-04 20:03:10,270 INFO [org.junit.Test] zero00129
2016-08-04 20:03:10,270 INFO [org.junit.Test] zero00130
2016-08-04 20:03:10,270 INFO [org.junit.Test] zero00131
2016-08-04 20:03:10,270 INFO [org.junit.Test] zero00132
2016-08-04 20:03:10,270 INFO [org.junit.Test] zero00133
2016-08-04 20:03:10,270 INFO [org.junit.Test] zero00134
2016-08-04 20:03:10,270 INFO [org.junit.Test] zero00135
2016-08-04 20:03:10,270 INFO [org.junit.Test] zero00136
2016-08-04 20:03:10,270 INFO [org.junit.Test] zero00137
2016-08-04 20:03:10,270 INFO [org.junit.Test] zero00138
2016-08-04 20:03:10,270 INFO [org.junit.Test] zero00139
2016-08-04 20:03:10,270 INFO [org.junit.Test] zero00140
2016-08-04 20:03:10,270 INFO [org.junit.Test] zero00141
2016-08-04 20:03:10,270 INFO [org.junit.Test] zero00142
2016-08-04 20:03:10,270 INFO [org.junit.Test] zero00143
2016-08-04 20:03:10,270 INFO [org.junit.Test] zero00144
2016-08-04 20:03:10,270 INFO [org.junit.Test] zero00145
2016-08-04 20:03:10,270 INFO [org.junit.Test] zero00146
2016-08-04 20:03:10,270 INFO [org.junit.Test] zero00147
2016-08-04 20:03:10,270 INFO [org.junit.Test] zero00148
2016-08-04 20:03:10,270 INFO [org.junit.Test] zero00149
2016-08-04 20:03:10,270 INFO [org.junit.Test] zero00150
2016-08-04 20:03:10,270 INFO [org.junit.Test] zero00151
2016-08-04 20:03:10,270 INFO [org.junit.Test] zero00152
2016-08-04 20:03:10,270 INFO [org.junit.Test] zero00153
2016-08-04 20:03:10,270 INFO [org.junit.Test] zero00154
2016-08-04 20:03:10,270 INFO [org.junit.Test] zero00155
2016-08-04 20:03:10,270 INFO [org.junit.Test] zero00156
2016-08-04 20:03:10,270 INFO [org.junit.Test] zero00157
2016-08-04 20:03:10,270 INFO [org.junit.Test] zero00158
2016-08-04 20:03:10,270 INFO [org.junit.Test] zero00159
2016-08-04 20:03:10,270 INFO [org.junit.Test] zero00160
2016-08-04 20:03:10,270 INFO [org.junit.Test] zero00161
2016-08-04 20:03:10,270 INFO [org.junit.Test] zero00162
2016-08-04 20:03:10,270 INFO [org.junit.Test] zero00163
2016-08-04 20:03:10,270 INFO [org.junit.Test] zero00164
2016-08-04 20:03:10,270 INFO [org.junit.Test] zero00165
2016-08-04 20:03:10,270 INFO [org.junit.Test] zero00166
2016-08-04 20:03:10,270 INFO [org.junit.Test] zero00167
2016-08-04 20:03:10,270 INFO [org.junit.Test] zero00168
2016-08-04 20:03:10,270 INFO [org.junit.Test] zero00169
2016-08-04 20:03:10,270 INFO [org.junit.Test] zero00170
2016-08-04 20:03:10,270 INFO [org.junit.Test] zero00171
2016-08-04 20:03:10,270 INFO [org.junit.Test] zero00172
2016-08-04 20:03:10,270 INFO [org.junit.Test] zero00173
2016-08-04 20:03:10,270 INFO [org.junit.Test] zero00174
2016-08-04 20:03:10,270 INFO [org.junit.Test] zero00175
2016-08-04 20:03:10,270 INFO [org.junit.Test] zero00176
2016-08-04 20:03:10,270 INFO [org.junit.Test] zero00177
2016-08-04 20:03:10,270 INFO [org.junit.Test] zero00178
2016-08-04 20:03:10,270 INFO [org.junit.Test] zero00179
2016-08-04 20:03:10,270 INFO [org.junit.Test] zero00180
2016-08-04 20:03:10,270 INFO [org.junit.Test] zero00181
2016-08-04 20:03:10,270 INFO [org.junit.Test] zero00182
2016-08-04 20:03:10,270 INFO [org.junit.Test] zero00183
2016-08-04 20:03:10,270 INFO [org.junit.Test] zero00184
2016-08-04 20:03:10,270 INFO [org.junit.Test] zero00185
2016-08-04 20:03:10,270 INFO [org.junit.Test] zero00186
2016-08-04 20:03:10,270 INFO [org.junit.Test] zero00187
2016-08-04 20:03:10,270 INFO [org.junit.Test] zero00188
2016-08-04 20:03:10,270 INFO [org.junit.Test] zero00189
2016-08-04 20:03:10,270 INFO [org.junit.Test] zero00190
2016-08-04 20:03:10,270 INFO [org.junit.Test] zero00191
2016-08-04 20:03:10,270 INFO [org.junit.Test] zero00192
2016-08-04 20:03:10,270 INFO [org.junit.Test] zero00193
2016-08-04 20:03:10,270 INFO [org.junit.Test] zero00194
2016-08-04 20:03:10,270 INFO [org.junit.Test] zero00195
2016-08-04 20:03:10,270 INFO [org.junit.Test] zero00196
2016-08-04 20:03:10,270 INFO [org.junit.Test] zero00197
2016-08-04 20:03:10,270 INFO [org.junit.Test] zero00198
2016-08-04 20:03:10,270 INFO [org.junit.Test] zero00199
2016-08-04 20:03:10,270 INFO [org.junit.Test] zero00200
2016-08-04 20:03:10,270 INFO [org.junit.Test] zero00201
2016-08-04 20:03:10,270 INFO [org.junit.Test] zero00202
2016-08-04 20:03:10,270 INFO [org.junit.Test] zero00203
2016-08-04 20:03:10,270 INFO [org.junit.Test] zero00204
2016-08-04 20:03:10,270 INFO [org.junit.Test] zero00205
2016-08-04 20:03:10,270 INFO [org.junit.Test] zero00206
2016-08-04 20:03:10,270 INFO [org.junit.Test] zero00207
2016-08-04 20:03:10,270 INFO [org.junit.Test] zero00208
2016-08-04 20:03:10,270 INFO [org.junit.Test] zero00209
2016-08-04 20:03:10,270 INFO [org.junit.Test] zero00210
2016-08-04 20:03:10,270 INFO [org.junit.Test] zero00211
2016-08-04 20:03:10,270 INFO [org.junit.Test] zero00212
2016-08-04 20:03:10,270 INFO [org.junit.Test] zero00213
2016-08-04 20:03:10,270 INFO [org.junit.Test] zero00214
2016-08-04 20:03:10,270 INFO [org.junit.Test] zero00215
2016-08-04 20:03:10,270 INFO [org.junit.Test] zero00216
2016-08-04 20:03:10,270 INFO [org.junit.Test] zero00217
2016-08-04 20:03:10,270 INFO [org.junit.Test] zero00218
2016-08-04 20:03:10,270 INFO [org.junit.Test] zero00219
2016-08-04 20:03:10,270 INFO [org.junit.Test] zero00220
2016-08-04 20:03:10,270 INFO [org.junit.Test] zero00221
2016-08-04 20:03:10,270 INFO [org.junit.Test] zero00222
2016-08-04 20:03:10,270 INFO [org.junit.Test] zero00223
2016-08-04 20:03:10,270 INFO [org.junit.Test] zero00224
2016-08-04 20:03:10,270 INFO [org.junit.Test] zero00225
2016-08-04 20:03:10,270 INFO [org.junit.Test] zero00226
2016-08-04 20:03:10,270 INFO [org.junit.Test] zero00227
2016-08-04 20:03:10,270 INFO [org.junit.Test] zero00228
2016-08-04 20:03:10,270 INFO [org.junit.Test] zero00229
2016-08-04 20:03:10,270 INFO [org.junit.Test] zero00230
2016-08-04 20:03:10,270 INFO [org.junit.Test] zero00231
2016-08-04 20:03:10,270 INFO [org.junit.Test] zero00232
2016-08-04 20:03:10,270 INFO [org.junit.Test] zero00233
2016-08-04 20:03:10,270 INFO [org.junit.Test] zero00234
2016-08-04 20:03:10,270 INFO [org.junit.Test] zero00235
2016-08-04 20:03:10,270 INFO [org.junit.Test] zero00236
2016-08-04 20:03:10,270 INFO [org.junit.Test] zero00237
2016-08-04 20:03:10,270 INFO [org.junit.Test] zero00238
2016-08-04 20:03:10,270 INFO [org.junit.Test] zero00239
2016-08-04 20:03:10,270 INFO [org.junit.Test] zero00240
2016-08-04 20:03:10,270 INFO [org.junit.Test] zero00241
2016-08-04 20:03:10,270 INFO [org.junit.Test] zero00242
2016-08-04 20:03:10,270 INFO [org.junit.Test] zero00243
2016-08-04 20:03:10,270 INFO [org.junit.Test] zero00244
2016-08-04 20:03:10,270 INFO [org.junit.Test] zero00245
2016-08-04 20:03:10,270 INFO [org.junit.Test] zero00246
2016-08-04 20:03:10,270 INFO [org.junit.Test] zero00247
2016-08-04 20:03:10,270 INFO [org.junit.Test] zero00248
2016-08-04 20:03:10,270 INFO [org.junit.Test] zero00249
2016-08-04 20:03:10,270 INFO [org.junit.Test] zero00250
2016-08-04 20:03:10,270 INFO [org.junit.Test] zero00251
2016-08-04 20:03:10,270 INFO [org.junit.Test] zero00252
2016-08-04 20:03:10,270 INFO [org.junit.Test] zero00253
2016-08-04 20:03:10,270 INFO [org.junit.Test] zero00254
2016-08-04 20:03:10,270 INFO [org.junit.Test] zero00255
2016-08-04 20:03:10,270 INFO [org.junit.Test] zero00256
2016-08-04 20:03:10,270 INFO [org.junit.Test] zero00257
2016-08-04 20:03:10,270 INFO [org.junit.Test] zero00258
2016-08-04 20:03:10,270 INFO [org.junit.Test] zero00259
2016-08-04 20:03:10,270 INFO [org.junit.Test] zero00260
2016-08-04 20:03:10,270 INFO [org.junit.Test] zero00261
2016-08-04 20:03:10,270 INFO [org.junit.Test] zero00262
2016-08-04 20:03:10,270 INFO [org.junit.Test] zero00263
2016-08-04 20:03:10,270 INFO [org.junit.Test] zero00264
2016-08-04 20:03:10,270 INFO [org.junit.Test] zero00265
2016-08-04 20:03:10,270 INFO [org.junit.Test] zero00266
2016-08-04 20:03:10,270 INFO [org.junit.Test] zero00267
2016-08-04 20:03:10,270 INFO [org.junit.Test] zero00268
2016-08-04 20:03:10,270 INFO [org.junit.Test] zero00269
2016-08-04 20:03:10,270 INFO [org.junit.Test] zero00270
2016-08-04 20:03:10,270 INFO [org.junit.Test] zero00271
2016-08-04 20:03:10,270 INFO [org.junit.Test] zero00272
2016-08-04 20:03:10,270 INFO [org.junit.Test] zero00273
2016-08-04 20:03:10,270 INFO [org.junit.Test] zero00274
2016-08-04 20:03:10,270 INFO [org.junit.Test] zero00275
2016-08-04 20:03:10,270 INFO [org.junit.Test] zero00276
2016-08-04 20:03:10,270 INFO [org.junit.Test] zero00277
2016-08-04 20:03:10,270 INFO [org.junit.Test] zero00278
2016-08-04 20:03:10,270 INFO [org.junit.Test] zero00279
2016-08-04 20:03:10,270 INFO [org.junit.Test] zero00280
2016-08-04 20:03:10,270 INFO [org.junit.Test] zero00281
2016-08-04 20:03:10,270 INFO [org.junit.Test] zero00282
2016-08-04 20:03:10,270 INFO [org.junit.Test] zero00283
2016-08-04 20:03:10,270 INFO [org.junit.Test] zero00284
2016-08-04 20:03:10,270 INFO [org.junit.Test] zero00285
2016-08-04 20:03:10,270 INFO [org.junit.Test] zero00286
2016-08-04 20:03:10,270 INFO [org.junit.Test] zero00287
2016-08-04 20:03:10,270 INFO [org.junit.Test] zero00288
2016-08-04 20:03:10,270 INFO [org.junit.Test] zero00289
2016-08-04 20:03:10,270 INFO [org.junit.Test] zero00290
2016-08-04 20:03:10,270 INFO [org.junit.Test] zero00291
2016-08-04 20:03:10,270 INFO [org.junit.Test] zero00292
2016-08-04 20:03:10,270 INFO [org.junit.Test] zero00293
2016-08-04 20:03:10,270 INFO [org.junit.Test] zero00294
2016-08-04 20:03:10,270 INFO [org.junit.Test] zero00295
2016-08-04 20:03:10,270 INFO [org.junit.Test] zero00296
2016-08-04 20:03:10,270 INFO [org.junit.Test] zero00297
2016-08-04 20:03:10,270 INFO [org.junit.Test] zero00298
2016-08-04 20:03:10,270 INFO [org.junit.Test] zero00299
2016-08-04 20:03:10,270 INFO [org.junit.Test] zero00300
2016-08-04 20:03:10,270 INFO [org.junit.Test] zero00301
2016-08-04 20:03:10,270 INFO [org.junit.Test] zero00302
2016-08-04 20:03:10,270 INFO [org.junit.Test] zero00303
2016-08-04 20:03:10,270 INFO [org.junit.Test] zero00304
2016-08-04 20:03:10,270 INFO [org.junit.Test] zero00305
2016-08-04 20:03:10,270 INFO [org.junit.Test] zero00306
2016-08-04 20:03:10,270 INFO [org.junit.Test] zero00307
2016-08-04 20:03:10,270 INFO [org.junit.Test] zero00308
2016-08-04 20:03:10,270 INFO [org.junit.Test] zero00309
2016-08-04 20:03:10,270 INFO [org.junit.Test] zero00310
2016-08-04 20:03:10,270 INFO [org.junit.Test] zero00311
2016-08-04 20:03:10,270 INFO [org.junit.Test] zero00312
2016-08-04 20:03:10,270 INFO [org.junit.Test] zero00313
2016-08-04 20:03:10,270 INFO [org.junit.Test] zero00314
2016-08-04 20:03:10,270 INFO [org.junit.Test] zero00315
2016-08-04 20:03:10,270 INFO [org.junit.Test] zero00316
2016-08-04 20:03:10,270 INFO [org.junit.Test] zero00317
2016-08-04 20:03:10,270 INFO [org.junit.Test] zero00318
2016-08-04 20:03:10,270 INFO [org.junit.Test] zero00319
2016-08-04 20:03:10,270 INFO [org.junit.Test] zero00320
2016-08-04 20:03:10,270 INFO [org.junit.Test] zero00321
2016-08-04 20:03:10,270 INFO [org.junit.Test] zero00322
2016-08-04 20:03:10,270 INFO [org.junit.Test] zero00323
2016-08-04 20:03:10,270 INFO [org.junit.Test] zero00324
2016-08-04 20:03:10,270 INFO [org.junit.Test] zero00325
2016-08-04 20:03:10,270 INFO [org.junit.Test] zero00326
2016-08-04 20:03:10,270 INFO [org.junit.Test] zero00327
2016-08-04 20:03:10,270 INFO [org.junit.Test] zero00328
2016-08-04 20:03:10,270 INFO [org.junit.Test] zero00329
2016-08-04 20:03:10,270 INFO [org.junit.Test] zero00330
2016-08-04 20:03:10,270 INFO [org.junit.Test] zero00331
2016-08-04 20:03:10,270 INFO [org.junit.Test] zero00332
2016-08-04 20:03:10,270 INFO [org.junit.Test] zero00333
2016-08-04 20:03:10,270 INFO [org.junit.Test] zero00334
2016-08-04 20:03:10,270 INFO [org.junit.Test] zero00335
2016-08-04 20:03:10,270 INFO [org.junit.Test] zero00336
2016-08-04 20:03:10,270 INFO [org.junit.Test] zero00337
2016-08-04 20:03:10,270 INFO [org.junit.Test] zero00338
2016-08-04 20:03:10,270 INFO [org.junit.Test] zero00339
2016-08-04 20:03:10,270 INFO [org.junit.Test] zero00340
2016-08-04 20:03:10,270 INFO [org.junit.Test] zero00341
2016-08-04 20:03:10,270 INFO [org.junit.Test] zero00342
2016-08-04 20:03:10,270 INFO [org.junit.Test] zero00343
2016-08-04 20:03:10,270 INFO [org.junit.Test] zero00344
2016-08-04 20:03:10,270 INFO [org.junit.Test] zero00345
2016-08-04 20:03:10,270 INFO [org.junit.Test] zero00346
2016-08-04 20:03:10,270 INFO [org.junit.Test] zero00347
2016-08-04 20:03:10,270 INFO [org.junit.Test] zero00348
2016-08-04 20:03:10,270 INFO [org.junit.Test] zero00349
2016-08-04 20:03:10,270 INFO [org.junit.Test] zero00350
2016-08-04 20:03:10,270 INFO [org.junit.Test] zero00351
2016-08-04 20:03:10,270 INFO [org.junit.Test] zero00352
2016-08-04 20:03:10,270 INFO [org.junit.Test] zero00353
2016-08-04 20:03:10,270 INFO [org.junit.Test] zero00354
2016-08-04 20:03:10,270 INFO [org.junit.Test] zero00355
2016-08-04 20:03:10,270 INFO [org.junit.Test] zero00356
2016-08-04 20:03:10,270 INFO [org.junit.Test] zero00357
2016-08-04 20:03:10,270 INFO [org.junit.Test] zero00358
2016-08-04 20:03:10,270 INFO [org.junit.Test] zero00359
2016-08-04 20:03:10,270 INFO [org.junit.Test] zero00360
2016-08-04 20:03:10,270 INFO [org.junit.Test] zero00361
2016-08-04 20:03:10,270 INFO [org.junit.Test] zero00362
2016-08-04 20:03:10,270 INFO [org.junit.Test] zero00363
2016-08-04 20:03:10,270 INFO [org.junit.Test] zero00364
2016-08-04 20:03:10,271 INFO [org.junit.Test] zero00365
2016-08-04 20:03:10,271 INFO [org.junit.Test] zero00366
2016-08-04 20:03:10,271 INFO [org.junit.Test] zero00367
2016-08-04 20:03:10,271 INFO [org.junit.Test] zero00368
2016-08-04 20:03:10,271 INFO [org.junit.Test] zero00369
2016-08-04 20:03:10,271 INFO [org.junit.Test] zero00370
2016-08-04 20:03:10,271 INFO [org.junit.Test] zero00371
2016-08-04 20:03:10,271 INFO [org.junit.Test] zero00372
2016-08-04 20:03:10,271 INFO [org.junit.Test] zero00373
2016-08-04 20:03:10,271 INFO [org.junit.Test] zero00374
2016-08-04 20:03:10,271 INFO [org.junit.Test] zero00375
2016-08-04 20:03:10,271 INFO [org.junit.Test] zero00376
2016-08-04 20:03:10,271 INFO [org.junit.Test] zero00377
2016-08-04 20:03:10,271 INFO [org.junit.Test] zero00378
2016-08-04 20:03:10,271 INFO [org.junit.Test] zero00379
2016-08-04 20:03:10,271 INFO [org.junit.Test] zero00380
2016-08-04 20:03:10,271 INFO [org.junit.Test] zero00381
2016-08-04 20:03:10,271 INFO [org.junit.Test] zero00382
2016-08-04 20:03:10,271 INFO [org.junit.Test] zero00383
2016-08-04 20:03:10,271 INFO [org.junit.Test] zero00384
2016-08-04 20:03:10,271 INFO [org.junit.Test] zero00385
2016-08-04 20:03:10,271 INFO [org.junit.Test] zero00386
2016-08-04 20:03:10,271 INFO [org.junit.Test] zero00387
2016-08-04 20:03:10,271 INFO [org.junit.Test] zero00388
2016-08-04 20:03:10,271 INFO [org.junit.Test] zero00389
2016-08-04 20:03:10,271 INFO [org.junit.Test] zero00390
2016-08-04 20:03:10,271 INFO [org.junit.Test] zero00391
2016-08-04 20:03:10,271 INFO [org.junit.Test] zero00392
2016-08-04 20:03:10,271 INFO [org.junit.Test] zero00393
2016-08-04 20:03:10,271 INFO [org.junit.Test] zero00394
2016-08-04 20:03:10,271 INFO [org.junit.Test] zero00395
2016-08-04 20:03:10,271 INFO [org.junit.Test] zero00396
2016-08-04 20:03:10,271 INFO [org.junit.Test] zero00397
2016-08-04 20:03:10,271 INFO [org.junit.Test] zero00398
2016-08-04 20:03:10,271 INFO [org.junit.Test] zero00399
2016-08-04 20:03:10,271 INFO [org.junit.Test] zero00400
2016-08-04 20:03:10,271 INFO [org.junit.Test] zero00401
2016-08-04 20:03:10,271 INFO [org.junit.Test] zero00402
2016-08-04 20:03:10,271 INFO [org.junit.Test] zero00403
2016-08-04 20:03:10,271 INFO [org.junit.Test] zero00404
2016-08-04 20:03:10,271 INFO [org.junit.Test] zero00405
2016-08-04 20:03:10,271 INFO [org.junit.Test] zero00406
2016-08-04 20:03:10,271 INFO [org.junit.Test] zero00407
2016-08-04 20:03:10,271 INFO [org.junit.Test] zero00408
2016-08-04 20:03:10,271 INFO [org.junit.Test] zero00409
2016-08-04 20:03:10,271 INFO [org.junit.Test] zero00410
2016-08-04 20:03:10,271 INFO [org.junit.Test] zero00411
2016-08-04 20:03:10,271 INFO [org.junit.Test] zero00412
2016-08-04 20:03:10,271 INFO [org.junit.Test] zero00413
2016-08-04 20:03:10,271 INFO [org.junit.Test] zero00414
2016-08-04 20:03:10,271 INFO [org.junit.Test] zero00415
2016-08-04 20:03:10,271 INFO [org.junit.Test] zero00416
2016-08-04 20:03:10,271 INFO [org.junit.Test] zero00417
2016-08-04 20:03:10,271 INFO [org.junit.Test] zero00418
2016-08-04 20:03:10,271 INFO [org.junit.Test] zero00419
2016-08-04 20:03:10,271 INFO [org.junit.Test] zero00420
2016-08-04 20:03:10,271 INFO [org.junit.Test] zero00421
2016-08-04 20:03:10,271 INFO [org.junit.Test] zero00422
2016-08-04 20:03:10,271 INFO [org.junit.Test] zero00423
2016-08-04 20:03:10,271 INFO [org.junit.Test] zero00424
2016-08-04 20:03:10,271 INFO [org.junit.Test] zero00425
2016-08-04 20:03:10,271 INFO [org.junit.Test] zero00426
2016-08-04 20:03:10,271 INFO [org.junit.Test] zero00427
2016-08-04 20:03:10,271 INFO [org.junit.Test] zero00428
2016-08-04 20:03:10,271 INFO [org.junit.Test] zero00429
2016-08-04 20:03:10,271 INFO [org.junit.Test] zero00430
2016-08-04 20:03:10,271 INFO [org.junit.Test] zero00431
2016-08-04 20:03:10,271 INFO [org.junit.Test] zero00432
2016-08-04 20:03:10,271 INFO [org.junit.Test] zero00433
2016-08-04 20:03:10,271 INFO [org.junit.Test] zero00434
2016-08-04 20:03:10,271 INFO [org.junit.Test] zero00435
2016-08-04 20:03:10,271 INFO [org.junit.Test] zero00436
2016-08-04 20:03:10,271 INFO [org.junit.Test] zero00437
2016-08-04 20:03:10,271 INFO [org.junit.Test] zero00438
2016-08-04 20:03:10,271 INFO [org.junit.Test] zero00439
2016-08-04 20:03:10,271 INFO [org.junit.Test] zero00440
2016-08-04 20:03:10,271 INFO [org.junit.Test] zero00441
2016-08-04 20:03:10,271 INFO [org.junit.Test] zero00442
2016-08-04 20:03:10,271 INFO [org.junit.Test] zero00443
2016-08-04 20:03:10,271 INFO [org.junit.Test] zero00444
2016-08-04 20:03:10,271 INFO [org.junit.Test] zero00445
2016-08-04 20:03:10,271 INFO [org.junit.Test] zero00446
2016-08-04 20:03:10,271 INFO [org.junit.Test] zero00447
2016-08-04 20:03:10,271 INFO [org.junit.Test] zero00448
2016-08-04 20:03:10,271 INFO [org.junit.Test] zero00449
2016-08-04 20:03:10,271 INFO [org.junit.Test] zero00450
2016-08-04 20:03:10,271 INFO [org.junit.Test] zero00451
2016-08-04 20:03:10,271 INFO [org.junit.Test] zero00452
2016-08-04 20:03:10,271 INFO [org.junit.Test] zero00453
2016-08-04 20:03:10,271 INFO [org.junit.Test] zero00454
2016-08-04 20:03:10,271 INFO [org.junit.Test] zero00455
2016-08-04 20:03:10,271 INFO [org.junit.Test] zero00456
2016-08-04 20:03:10,271 INFO [org.junit.Test] zero00457
2016-08-04 20:03:10,271 INFO [org.junit.Test] zero00458
2016-08-04 20:03:10,271 INFO [org.junit.Test] zero00459
2016-08-04 20:03:10,271 INFO [org.junit.Test] zero00460
2016-08-04 20:03:10,271 INFO [org.junit.Test] zero00461
2016-08-04 20:03:10,271 INFO [org.junit.Test] zero00462
2016-08-04 20:03:10,271 INFO [org.junit.Test] zero00463
2016-08-04 20:03:10,271 INFO [org.junit.Test] zero00464
2016-08-04 20:03:10,271 INFO [org.junit.Test] zero00465
2016-08-04 20:03:10,271 INFO [org.junit.Test] zero00466
2016-08-04 20:03:10,271 INFO [org.junit.Test] zero00467
2016-08-04 20:03:10,271 INFO [org.junit.Test] zero00468
2016-08-04 20:03:10,271 INFO [org.junit.Test] zero00469
2016-08-04 20:03:10,271 INFO [org.junit.Test] zero00470
2016-08-04 20:03:10,271 INFO [org.junit.Test] zero00471
2016-08-04 20:03:10,271 INFO [org.junit.Test] zero00472
2016-08-04 20:03:10,271 INFO [org.junit.Test] zero00473
2016-08-04 20:03:10,271 INFO [org.junit.Test] zero00474
2016-08-04 20:03:10,271 INFO [org.junit.Test] zero00475
2016-08-04 20:03:10,271 INFO [org.junit.Test] zero00476
2016-08-04 20:03:10,271 INFO [org.junit.Test] zero00477
2016-08-04 20:03:10,271 INFO [org.junit.Test] zero00478
2016-08-04 20:03:10,271 INFO [org.junit.Test] zero00479
2016-08-04 20:03:10,271 INFO [org.junit.Test] zero00480
2016-08-04 20:03:10,271 INFO [org.junit.Test] zero00481
2016-08-04 20:03:10,271 INFO [org.junit.Test] zero00482
2016-08-04 20:03:10,271 INFO [org.junit.Test] zero00483
2016-08-04 20:03:10,271 INFO [org.junit.Test] zero00484
2016-08-04 20:03:10,271 INFO [org.junit.Test] zero00485
2016-08-04 20:03:10,271 INFO [org.junit.Test] zero00486
2016-08-04 20:03:10,271 INFO [org.junit.Test] zero00487
2016-08-04 20:03:10,271 INFO [org.junit.Test] zero00488
2016-08-04 20:03:10,271 INFO [org.junit.Test] zero00489
2016-08-04 20:03:10,271 INFO [org.junit.Test] zero00490
2016-08-04 20:03:10,271 INFO [org.junit.Test] zero00491
2016-08-04 20:03:10,271 INFO [org.junit.Test] zero00492
2016-08-04 20:03:10,271 INFO [org.junit.Test] zero00493
2016-08-04 20:03:10,271 INFO [org.junit.Test] zero00494
2016-08-04 20:03:10,271 INFO [org.junit.Test] zero00495
2016-08-04 20:03:10,271 INFO [org.junit.Test] zero00496
2016-08-04 20:03:10,271 INFO [org.junit.Test] zero00497
2016-08-04 20:03:10,271 INFO [org.junit.Test] zero00498
2016-08-04 20:03:10,271 INFO [org.junit.Test] zero00499
2016-08-04 20:03:10,271 INFO [org.junit.Test] zero00500
2016-08-04 20:03:10,271 INFO [org.junit.Test] zero00501
2016-08-04 20:03:10,271 INFO [org.junit.Test] zero00502
2016-08-04 20:03:10,271 INFO [org.junit.Test] zero00503
2016-08-04 20:03:10,271 INFO [org.junit.Test] zero00504
2016-08-04 20:03:10,271 INFO [org.junit.Test] zero00505
2016-08-04 20:03:10,271 INFO [org.junit.Test] zero00506
2016-08-04 20:03:10,271 INFO [org.junit.Test] zero00507
2016-08-04 20:03:10,271 INFO [org.junit.Test] zero00508
2016-08-04 20:03:10,271 INFO [org.junit.Test] zero00509
2016-08-04 20:03:10,271 INFO [org.junit.Test] zero00510
2016-08-04 20:03:10,271 INFO [org.junit.Test] zero00511
2016-08-04 20:03:10,271 INFO [org.junit.Test] zero00512
2016-08-04 20:03:10,271 INFO [org.junit.Test] zero00513
2016-08-04 20:03:10,271 INFO [org.junit.Test] zero00514
2016-08-04 20:03:10,271 INFO [org.junit.Test] zero00515
2016-08-04 20:03:10,271 INFO [org.junit.Test] zero00516
2016-08-04 20:03:10,271 INFO [org.junit.Test] zero00517
2016-08-04 20:03:10,271 INFO [org.junit.Test] zero00518
2016-08-04 20:03:10,271 INFO [org.junit.Test] zero00519
2016-08-04 20:03:10,271 INFO [org.junit.Test] zero00520
2016-08-04 20:03:10,271 INFO [org.junit.Test] zero00521
2016-08-04 20:03:10,271 INFO [org.junit.Test] zero00522
2016-08-04 20:03:10,271 INFO [org.junit.Test] zero00523
2016-08-04 20:03:10,271 INFO [org.junit.Test] zero00524
2016-08-04 20:03:10,271 INFO [org.junit.Test] zero00525
2016-08-04 20:03:10,271 INFO [org.junit.Test] zero00526
2016-08-04 20:03:10,271 INFO [org.junit.Test] zero00527
2016-08-04 20:03:10,271 INFO [org.junit.Test] zero00528
2016-08-04 20:03:10,271 INFO [org.junit.Test] zero00529
2016-08-04 20:03:10,271 INFO [org.junit.Test] zero00530
2016-08-04 20:03:10,271 INFO [org.junit.Test] zero00531
2016-08-04 20:03:10,271 INFO [org.junit.Test] zero00532
2016-08-04 20:03:10,271 INFO [org.junit.Test] zero00533
2016-08-04 20:03:10,271 INFO [org.junit.Test] zero00534
2016-08-04 20:03:10,271 INFO [org.junit.Test] zero00535
2016-08-04 20:03:10,271 INFO [org.junit.Test] zero00536
2016-08-04 20:03:10,271 INFO [org.junit.Test] zero00537
2016-08-04 20:03:10,271 INFO [org.junit.Test] zero00538
2016-08-04 20:03:10,271 INFO [org.junit.Test] zero00539
2016-08-04 20:03:10,271 INFO [org.junit.Test] zero00540
2016-08-04 20:03:10,271 INFO [org.junit.Test] zero00541
2016-08-04 20:03:10,271 INFO [org.junit.Test] zero00542
2016-08-04 20:03:10,271 INFO [org.junit.Test] zero00543
2016-08-04 20:03:10,271 INFO [org.junit.Test] zero00544
2016-08-04 20:03:10,271 INFO [org.junit.Test] zero00545
2016-08-04 20:03:10,271 INFO [org.junit.Test] zero00546
2016-08-04 20:03:10,271 INFO [org.junit.Test] zero00547
2016-08-04 20:03:10,271 INFO [org.junit.Test] zero00548
2016-08-04 20:03:10,271 INFO [org.junit.Test] zero00549
2016-08-04 20:03:10,271 INFO [org.junit.Test] zero00550
2016-08-04 20:03:10,271 INFO [org.junit.Test] zero00551
2016-08-04 20:03:10,271 INFO [org.junit.Test] zero00552
2016-08-04 20:03:10,271 INFO [org.junit.Test] zero00553
2016-08-04 20:03:10,271 INFO [org.junit.Test] zero00554
2016-08-04 20:03:10,271 INFO [org.junit.Test] zero00555
2016-08-04 20:03:10,271 INFO [org.junit.Test] zero00556
2016-08-04 20:03:10,271 INFO [org.junit.Test] zero00557
2016-08-04 20:03:10,271 INFO [org.junit.Test] zero00558
2016-08-04 20:03:10,271 INFO [org.junit.Test] zero00559
2016-08-04 20:03:10,271 INFO [org.junit.Test] zero00560
2016-08-04 20:03:10,271 INFO [org.junit.Test] zero00561
2016-08-04 20:03:10,271 INFO [org.junit.Test] zero00562
2016-08-04 20:03:10,271 INFO [org.junit.Test] zero00563
2016-08-04 20:03:10,271 INFO [org.junit.Test] zero00564
2016-08-04 20:03:10,271 INFO [org.junit.Test] zero00565
2016-08-04 20:03:10,271 INFO [org.junit.Test] zero00566
2016-08-04 20:03:10,271 INFO [org.junit.Test] zero00567
2016-08-04 20:03:10,271 INFO [org.junit.Test] zero00568
2016-08-04 20:03:10,271 INFO [org.junit.Test] zero00569
2016-08-04 20:03:10,271 INFO [org.junit.Test] zero00570
2016-08-04 20:03:10,271 INFO [org.junit.Test] zero00571
2016-08-04 20:03:10,271 INFO [org.junit.Test] zero00572
2016-08-04 20:03:10,271 INFO [org.junit.Test] zero00573
2016-08-04 20:03:10,271 INFO [org.junit.Test] zero00574
2016-08-04 20:03:10,271 INFO [org.junit.Test] zero00575
2016-08-04 20:03:10,271 INFO [org.junit.Test] zero00576
2016-08-04 20:03:10,271 INFO [org.junit.Test] zero00577
2016-08-04 20:03:10,271 INFO [org.junit.Test] zero00578
2016-08-04 20:03:10,271 INFO [org.junit.Test] zero00579
2016-08-04 20:03:10,271 INFO [org.junit.Test] zero00580
2016-08-04 20:03:10,271 INFO [org.junit.Test] zero00581
2016-08-04 20:03:10,271 INFO [org.junit.Test] zero00582
2016-08-04 20:03:10,271 INFO [org.junit.Test] zero00583
2016-08-04 20:03:10,271 INFO [org.junit.Test] zero00584
2016-08-04 20:03:10,271 INFO [org.junit.Test] zero00585
2016-08-04 20:03:10,271 INFO [org.junit.Test] zero00586
2016-08-04 20:03:10,271 INFO [org.junit.Test] zero00587
2016-08-04 20:03:10,271 INFO [org.junit.Test] zero00588
2016-08-04 20:03:10,271 INFO [org.junit.Test] zero00589
2016-08-04 20:03:10,271 INFO [org.junit.Test] zero00590
2016-08-04 20:03:10,271 INFO [org.junit.Test] zero00591
2016-08-04 20:03:10,271 INFO [org.junit.Test] zero00592
2016-08-04 20:03:10,271 INFO [org.junit.Test] zero00593
2016-08-04 20:03:10,271 INFO [org.junit.Test] zero00594
2016-08-04 20:03:10,271 INFO [org.junit.Test] zero00595
2016-08-04 20:03:10,271 INFO [org.junit.Test] zero00596
2016-08-04 20:03:10,271 INFO [org.junit.Test] zero00597
2016-08-04 20:03:10,271 INFO [org.junit.Test] zero00598
2016-08-04 20:03:10,271 INFO [org.junit.Test] zero00599
2016-08-04 20:03:10,271 INFO [org.junit.Test] zero00600
2016-08-04 20:03:10,271 INFO [org.junit.Test] zero00601
2016-08-04 20:03:10,271 INFO [org.junit.Test] zero00602
2016-08-04 20:03:10,271 INFO [org.junit.Test] zero00603
2016-08-04 20:03:10,271 INFO [org.junit.Test] zero00604
2016-08-04 20:03:10,271 INFO [org.junit.Test] zero00605
2016-08-04 20:03:10,271 INFO [org.junit.Test] zero00606
2016-08-04 20:03:10,271 INFO [org.junit.Test] zero00607
2016-08-04 20:03:10,271 INFO [org.junit.Test] zero00608
2016-08-04 20:03:10,271 INFO [org.junit.Test] zero00609
2016-08-04 20:03:10,271 INFO [org.junit.Test] zero00610
2016-08-04 20:03:10,271 INFO [org.junit.Test] zero00611
2016-08-04 20:03:10,271 INFO [org.junit.Test] zero00612
2016-08-04 20:03:10,271 INFO [org.junit.Test] zero00613
2016-08-04 20:03:10,271 INFO [org.junit.Test] zero00614
2016-08-04 20:03:10,271 INFO [org.junit.Test] zero00615
2016-08-04 20:03:10,271 INFO [org.junit.Test] zero00616
2016-08-04 20:03:10,271 INFO [org.junit.Test] zero00617
2016-08-04 20:03:10,271 INFO [org.junit.Test] zero00618
2016-08-04 20:03:10,271 INFO [org.junit.Test] zero00619
2016-08-04 20:03:10,271 INFO [org.junit.Test] zero00620
2016-08-04 20:03:10,271 INFO [org.junit.Test] zero00621
2016-08-04 20:03:10,271 INFO [org.junit.Test] zero00622
2016-08-04 20:03:10,271 INFO [org.junit.Test] zero00623
2016-08-04 20:03:10,271 INFO [org.junit.Test] zero00624
2016-08-04 20:03:10,271 INFO [org.junit.Test] zero00625
2016-08-04 20:03:10,271 INFO [org.junit.Test] zero00626
2016-08-04 20:03:10,271 INFO [org.junit.Test] zero00627
2016-08-04 20:03:10,271 INFO [org.junit.Test] zero00628
2016-08-04 20:03:10,271 INFO [org.junit.Test] zero00629
2016-08-04 20:03:10,271 INFO [org.junit.Test] zero00630
2016-08-04 20:03:10,271 INFO [org.junit.Test] zero00631
2016-08-04 20:03:10,271 INFO [org.junit.Test] zero00632
2016-08-04 20:03:10,271 INFO [org.junit.Test] zero00633
2016-08-04 20:03:10,271 INFO [org.junit.Test] zero00634
2016-08-04 20:03:10,271 INFO [org.junit.Test] zero00635
2016-08-04 20:03:10,271 INFO [org.junit.Test] zero00636
2016-08-04 20:03:10,271 INFO [org.junit.Test] zero00637
2016-08-04 20:03:10,271 INFO [org.junit.Test] zero00638
2016-08-04 20:03:10,271 INFO [org.junit.Test] zero00639
2016-08-04 20:03:10,271 INFO [org.junit.Test] zero00640
2016-08-04 20:03:10,271 INFO [org.junit.Test] zero00641
2016-08-04 20:03:10,271 INFO [org.junit.Test] zero00642
2016-08-04 20:03:10,271 INFO [org.junit.Test] zero00643
2016-08-04 20:03:10,271 INFO [org.junit.Test] zero00644
2016-08-04 20:03:10,271 INFO [org.junit.Test] zero00645
2016-08-04 20:03:10,271 INFO [org.junit.Test] zero00646
2016-08-04 20:03:10,271 INFO [org.junit.Test] zero00647
2016-08-04 20:03:10,271 INFO [org.junit.Test] zero00648
2016-08-04 20:03:10,271 INFO [org.junit.Test] zero00649
2016-08-04 20:03:10,271 INFO [org.junit.Test] zero00650
2016-08-04 20:03:10,271 INFO [org.junit.Test] zero00651
2016-08-04 20:03:10,271 INFO [org.junit.Test] zero00652
2016-08-04 20:03:10,271 INFO [org.junit.Test] zero00653
2016-08-04 20:03:10,271 INFO [org.junit.Test] zero00654
2016-08-04 20:03:10,271 INFO [org.junit.Test] zero00655
2016-08-04 20:03:10,271 INFO [org.junit.Test] zero00656
2016-08-04 20:03:10,271 INFO [org.junit.Test] zero00657
2016-08-04 20:03:10,271 INFO [org.junit.Test] zero00658
2016-08-04 20:03:10,271 INFO [org.junit.Test] zero00659
2016-08-04 20:03:10,271 INFO [org.junit.Test] zero00660
2016-08-04 20:03:10,271 INFO [org.junit.Test] zero00661
2016-08-04 20:03:10,271 INFO [org.junit.Test] zero00662
2016-08-04 20:03:10,271 INFO [org.junit.Test] zero00663
2016-08-04 20:03:10,271 INFO [org.junit.Test] zero00664
2016-08-04 20:03:10,271 INFO [org.junit.Test] zero00665
2016-08-04 20:03:10,271 INFO [org.junit.Test] zero00666
2016-08-04 20:03:10,271 INFO [org.junit.Test] zero00667
2016-08-04 20:03:10,271 INFO [org.junit.Test] zero00668
2016-08-04 20:03:10,271 INFO [org.junit.Test] zero00669
2016-08-04 20:03:10,271 INFO [org.junit.Test] zero00670
2016-08-04 20:03:10,271 INFO [org.junit.Test] zero00671
2016-08-04 20:03:10,271 INFO [org.junit.Test] zero00672
2016-08-04 20:03:10,271 INFO [org.junit.Test] zero00673
2016-08-04 20:03:10,271 INFO [org.junit.Test] zero00674
2016-08-04 20:03:10,271 INFO [org.junit.Test] zero00675
2016-08-04 20:03:10,271 INFO [org.junit.Test] zero00676
2016-08-04 20:03:10,271 INFO [org.junit.Test] zero00677
2016-08-04 20:03:10,271 INFO [org.junit.Test] zero00678
2016-08-04 20:03:10,271 INFO [org.junit.Test] zero00679
2016-08-04 20:03:10,271 INFO [org.junit.Test] zero00680
2016-08-04 20:03:10,271 INFO [org.junit.Test] zero00681
2016-08-04 20:03:10,271 INFO [org.junit.Test] zero00682
2016-08-04 20:03:10,271 INFO [org.junit.Test] zero00683
2016-08-04 20:03:10,271 INFO [org.junit.Test] zero00684
2016-08-04 20:03:10,271 INFO [org.junit.Test] zero00685
2016-08-04 20:03:10,271 INFO [org.junit.Test] zero00686
2016-08-04 20:03:10,271 INFO [org.junit.Test] zero00687
2016-08-04 20:03:10,271 INFO [org.junit.Test] zero00688
2016-08-04 20:03:10,271 INFO [org.junit.Test] zero00689
2016-08-04 20:03:10,271 INFO [org.junit.Test] zero00690
2016-08-04 20:03:10,271 INFO [org.junit.Test] zero00691
2016-08-04 20:03:10,271 INFO [org.junit.Test] zero00692
2016-08-04 20:03:10,271 INFO [org.junit.Test] zero00693
2016-08-04 20:03:10,271 INFO [org.junit.Test] zero00694
2016-08-04 20:03:10,271 INFO [org.junit.Test] zero00695
2016-08-04 20:03:10,271 INFO [org.junit.Test] zero00696
2016-08-04 20:03:10,271 INFO [org.junit.Test] zero00697
2016-08-04 20:03:10,271 INFO [org.junit.Test] zero00698
2016-08-04 20:03:10,271 INFO [org.junit.Test] zero00699
2016-08-04 20:03:10,271 INFO [org.junit.Test] zero00700
2016-08-04 20:03:10,271 INFO [org.junit.Test] zero00701
2016-08-04 20:03:10,271 INFO [org.junit.Test] zero00702
2016-08-04 20:03:10,271 INFO [org.junit.Test] zero00703
2016-08-04 20:03:10,271 INFO [org.junit.Test] zero00704
2016-08-04 20:03:10,271 INFO [org.junit.Test] zero00705
2016-08-04 20:03:10,271 INFO [org.junit.Test] zero00706
2016-08-04 20:03:10,271 INFO [org.junit.Test] zero00707
2016-08-04 20:03:10,271 INFO [org.junit.Test] zero00708
2016-08-04 20:03:10,271 INFO [org.junit.Test] zero00709
2016-08-04 20:03:10,271 INFO [org.junit.Test] zero00710
2016-08-04 20:03:10,271 INFO [org.junit.Test] zero00711
2016-08-04 20:03:10,271 INFO [org.junit.Test] zero00712
2016-08-04 20:03:10,271 INFO [org.junit.Test] zero00713
2016-08-04 20:03:10,271 INFO [org.junit.Test] zero00714
2016-08-04 20:03:10,271 INFO [org.junit.Test] zero00715
2016-08-04 20:03:10,271 INFO [org.junit.Test] zero00716
2016-08-04 20:03:10,271 INFO [org.junit.Test] zero00717
2016-08-04 20:03:10,271 INFO [org.junit.Test] zero00718
2016-08-04 20:03:10,271 INFO [org.junit.Test] zero00719
2016-08-04 20:03:10,271 INFO [org.junit.Test] zero00720
2016-08-04 20:03:10,271 INFO [org.junit.Test] zero00721
2016-08-04 20:03:10,271 INFO [org.junit.Test] zero00722
2016-08-04 20:03:10,271 INFO [org.junit.Test] zero00723
2016-08-04 20:03:10,271 INFO [org.junit.Test] zero00724
2016-08-04 20:03:10,271 INFO [org.junit.Test] zero00725
2016-08-04 20:03:10,271 INFO [org.junit.Test] zero00726
2016-08-04 20:03:10,271 INFO [org.junit.Test] zero00727
2016-08-04 20:03:10,271 INFO [org.junit.Test] zero00728
2016-08-04 20:03:10,271 INFO [org.junit.Test] zero00729
2016-08-04 20:03:10,271 INFO [org.junit.Test] zero00730
2016-08-04 20:03:10,271 INFO [org.junit.Test] zero00731
2016-08-04 20:03:10,271 INFO [org.junit.Test] zero00732
2016-08-04 20:03:10,271 INFO [org.junit.Test] zero00733
2016-08-04 20:03:10,271 INFO [org.junit.Test] zero00734
2016-08-04 20:03:10,271 INFO [org.junit.Test] zero00735
2016-08-04 20:03:10,271 INFO [org.junit.Test] zero00736
2016-08-04 20:03:10,271 INFO [org.junit.Test] zero00737
2016-08-04 20:03:10,271 INFO [org.junit.Test] zero00738
2016-08-04 20:03:10,271 INFO [org.junit.Test] zero00739
2016-08-04 20:03:10,271 INFO [org.junit.Test] zero00740
2016-08-04 20:03:10,271 INFO [org.junit.Test] zero00741
2016-08-04 20:03:10,271 INFO [org.junit.Test] zero00742
2016-08-04 20:03:10,271 INFO [org.junit.Test] zero00743
2016-08-04 20:03:10,271 INFO [org.junit.Test] zero00744
2016-08-04 20:03:10,271 INFO [org.junit.Test] zero00745
2016-08-04 20:03:10,271 INFO [org.junit.Test] zero00746
2016-08-04 20:03:10,271 INFO [org.junit.Test] zero00747
2016-08-04 20:03:10,271 INFO [org.junit.Test] zero00748
2016-08-04 20:03:10,271 INFO [org.junit.Test] zero00749
2016-08-04 20:03:10,271 INFO [org.junit.Test] zero00750
2016-08-04 20:03:10,271 INFO [org.junit.Test] zero00751
2016-08-04 20:03:10,271 INFO [org.junit.Test] zero00752
2016-08-04 20:03:10,271 INFO [org.junit.Test] zero00753
2016-08-04 20:03:10,271 INFO [org.junit.Test] zero00754
2016-08-04 20:03:10,271 INFO [org.junit.Test] zero00755
2016-08-04 20:03:10,271 INFO [org.junit.Test] zero00756
2016-08-04 20:03:10,271 INFO [org.junit.Test] zero00757
2016-08-04 20:03:10,271 INFO [org.junit.Test] zero00758
2016-08-04 20:03:10,271 INFO [org.junit.Test] zero00759
2016-08-04 20:03:10,271 INFO [org.junit.Test] zero00760
2016-08-04 20:03:10,271 INFO [org.junit.Test] zero00761
2016-08-04 20:03:10,271 INFO [org.junit.Test] zero00762
2016-08-04 20:03:10,271 INFO [org.junit.Test] zero00763
2016-08-04 20:03:10,271 INFO [org.junit.Test] zero00764
2016-08-04 20:03:10,271 INFO [org.junit.Test] zero00765
2016-08-04 20:03:10,271 INFO [org.junit.Test] zero00766
2016-08-04 20:03:10,271 INFO [org.junit.Test] zero00767
2016-08-04 20:03:10,271 INFO [org.junit.Test] zero00768
2016-08-04 20:03:10,271 INFO [org.junit.Test] zero00769
2016-08-04 20:03:10,271 INFO [org.junit.Test] zero00770
2016-08-04 20:03:10,271 INFO [org.junit.Test] zero00771
2016-08-04 20:03:10,271 INFO [org.junit.Test] zero00772
2016-08-04 20:03:10,271 INFO [org.junit.Test] zero00773
2016-08-04 20:03:10,271 INFO [org.junit.Test] zero00774
2016-08-04 20:03:10,271 INFO [org.junit.Test] zero00775
2016-08-04 20:03:10,271 INFO [org.junit.Test] zero00776
2016-08-04 20:03:10,271 INFO [org.junit.Test] zero00777
2016-08-04 20:03:10,271 INFO [org.junit.Test] zero00778
2016-08-04 20:03:10,271 INFO [org.junit.Test] zero00779
2016-08-04 20:03:10,271 INFO [org.junit.Test] zero00780
2016-08-04 20:03:10,271 INFO [org.junit.Test] zero00781
2016-08-04 20:03:10,271 INFO [org.junit.Test] zero00782
2016-08-04 20:03:10,271 INFO [org.junit.Test] zero00783
2016-08-04 20:03:10,271 INFO [org.junit.Test] zero00784
2016-08-04 20:03:10,271 INFO [org.junit.Test] zero00785
2016-08-04 20:03:10,271 INFO [org.junit.Test] zero00786
2016-08-04 20:03:10,271 INFO [org.junit.Test] zero00787
2016-08-04 20:03:10,271 INFO [org.junit.Test] zero00788
2016-08-04 20:03:10,271 INFO [org.junit.Test] zero00789
2016-08-04 20:03:10,271 INFO [org.junit.Test] zero00790
2016-08-04 20:03:10,271 INFO [org.junit.Test] zero00791
2016-08-04 20:03:10,271 INFO [org.junit.Test] zero00792
2016-08-04 20:03:10,271 INFO [org.junit.Test] zero00793
2016-08-04 20:03:10,271 INFO [org.junit.Test] zero00794
2016-08-04 20:03:10,271 INFO [org.junit.Test] zero00795
2016-08-04 20:03:10,271 INFO [org.junit.Test] zero00796
2016-08-04 20:03:10,271 INFO [org.junit.Test] zero00797
2016-08-04 20:03:10,271 INFO [org.junit.Test] zero00798
2016-08-04 20:03:10,271 INFO [org.junit.Test] zero00799
2016-08-04 20:03:10,271 INFO [org.junit.Test] zero00800
2016-08-04 20:03:10,271 INFO [org.junit.Test] zero00801
2016-08-04 20:03:10,271 INFO [org.junit.Test] zero00802
2016-08-04 20:03:10,271 INFO [org.junit.Test] zero00803
2016-08-04 20:03:10,271 INFO [org.junit.Test] zero00804
2016-08-04 20:03:10,271 INFO [org.junit.Test] zero00805
2016-08-04 20:03:10,271 INFO [org.junit.Test] zero00806
2016-08-04 20:03:10,271 INFO [org.junit.Test] zero00807
2016-08-04 20:03:10,271 INFO [org.junit.Test] zero00808
2016-08-04 20:03:10,271 INFO [org.junit.Test] zero00809
2016-08-04 20:03:10,271 INFO [org.junit.Test] zero00810
2016-08-04 20:03:10,271 INFO [org.junit.Test] zero00811
2016-08-04 20:03:10,271 INFO [org.junit.Test] zero00812
2016-08-04 20:03:10,271 INFO [org.junit.Test] zero00813
2016-08-04 20:03:10,271 INFO [org.junit.Test] zero00814
2016-08-04 20:03:10,271 INFO [org.junit.Test] zero00815
2016-08-04 20:03:10,271 INFO [org.junit.Test] zero00816
2016-08-04 20:03:10,271 INFO [org.junit.Test] zero00817
2016-08-04 20:03:10,271 INFO [org.junit.Test] zero00818
2016-08-04 20:03:10,271 INFO [org.junit.Test] zero00819
2016-08-04 20:03:10,271 INFO [org.junit.Test] zero00820
2016-08-04 20:03:10,271 INFO [org.junit.Test] zero00821
2016-08-04 20:03:10,271 INFO [org.junit.Test] zero00822
2016-08-04 20:03:10,271 INFO [org.junit.Test] zero00823
2016-08-04 20:03:10,271 INFO [org.junit.Test] zero00824
2016-08-04 20:03:10,271 INFO [org.junit.Test] zero00825
2016-08-04 20:03:10,271 INFO [org.junit.Test] zero00826
2016-08-04 20:03:10,271 INFO [org.junit.Test] zero00827
2016-08-04 20:03:10,271 INFO [org.junit.Test] zero00828
2016-08-04 20:03:10,271 INFO [org.junit.Test] zero00829
2016-08-04 20:03:10,271 INFO [org.junit.Test] zero00830
2016-08-04 20:03:10,271 INFO [org.junit.Test] zero00831
2016-08-04 20:03:10,271 INFO [org.junit.Test] zero00832
2016-08-04 20:03:10,271 INFO [org.junit.Test] zero00833
2016-08-04 20:03:10,271 INFO [org.junit.Test] zero00834
2016-08-04 20:03:10,271 INFO [org.junit.Test] zero00835
2016-08-04 20:03:10,271 INFO [org.junit.Test] zero00836
2016-08-04 20:03:10,271 INFO [org.junit.Test] zero00837
2016-08-04 20:03:10,271 INFO [org.junit.Test] zero00838
2016-08-04 20:03:10,271 INFO [org.junit.Test] zero00839
2016-08-04 20:03:10,271 INFO [org.junit.Test] zero00840
2016-08-04 20:03:10,271 INFO [org.junit.Test] zero00841
2016-08-04 20:03:10,271 INFO [org.junit.Test] zero00842
2016-08-04 20:03:10,271 INFO [org.junit.Test] zero00843
2016-08-04 20:03:10,271 INFO [org.junit.Test] zero00844
2016-08-04 20:03:10,271 INFO [org.junit.Test] zero00845
2016-08-04 20:03:10,271 INFO [org.junit.Test] zero00846
2016-08-04 20:03:10,271 INFO [org.junit.Test] zero00847
2016-08-04 20:03:10,271 INFO [org.junit.Test] zero00848
2016-08-04 20:03:10,271 INFO [org.junit.Test] zero00849
2016-08-04 20:03:10,271 INFO [org.junit.Test] zero00850
2016-08-04 20:03:10,271 INFO [org.junit.Test] zero00851
2016-08-04 20:03:10,271 INFO [org.junit.Test] zero00852
2016-08-04 20:03:10,271 INFO [org.junit.Test] zero00853
2016-08-04 20:03:10,271 INFO [org.junit.Test] zero00854
2016-08-04 20:03:10,271 INFO [org.junit.Test] zero00855
2016-08-04 20:03:10,271 INFO [org.junit.Test] zero00856
2016-08-04 20:03:10,271 INFO [org.junit.Test] zero00857
2016-08-04 20:03:10,271 INFO [org.junit.Test] zero00858
2016-08-04 20:03:10,271 INFO [org.junit.Test] zero00859
2016-08-04 20:03:10,271 INFO [org.junit.Test] zero00860
2016-08-04 20:03:10,271 INFO [org.junit.Test] zero00861
2016-08-04 20:03:10,271 INFO [org.junit.Test] zero00862
2016-08-04 20:03:10,271 INFO [org.junit.Test] zero00863
2016-08-04 20:03:10,271 INFO [org.junit.Test] zero00864
2016-08-04 20:03:10,271 INFO [org.junit.Test] zero00865
2016-08-04 20:03:10,271 INFO [org.junit.Test] zero00866
2016-08-04 20:03:10,271 INFO [org.junit.Test] zero00867
2016-08-04 20:03:10,271 INFO [org.junit.Test] zero00868
2016-08-04 20:03:10,271 INFO [org.junit.Test] zero00869
2016-08-04 20:03:10,271 INFO [org.junit.Test] zero00870
2016-08-04 20:03:10,271 INFO [org.junit.Test] zero00871
2016-08-04 20:03:10,271 INFO [org.junit.Test] zero00872
2016-08-04 20:03:10,271 INFO [org.junit.Test] zero00873
2016-08-04 20:03:10,271 INFO [org.junit.Test] zero00874
2016-08-04 20:03:10,271 INFO [org.junit.Test] zero00875
2016-08-04 20:03:10,271 INFO [org.junit.Test] zero00876
2016-08-04 20:03:10,271 INFO [org.junit.Test] zero00877
2016-08-04 20:03:10,271 INFO [org.junit.Test] zero00878
2016-08-04 20:03:10,271 INFO [org.junit.Test] zero00879
2016-08-04 20:03:10,271 INFO [org.junit.Test] zero00880
2016-08-04 20:03:10,271 INFO [org.junit.Test] zero00881
2016-08-04 20:03:10,271 INFO [org.junit.Test] zero00882
2016-08-04 20:03:10,271 INFO [org.junit.Test] zero00883
2016-08-04 20:03:10,271 INFO [org.junit.Test] zero00884
2016-08-04 20:03:10,271 INFO [org.junit.Test] zero00885
2016-08-04 20:03:10,271 INFO [org.junit.Test] zero00886
2016-08-04 20:03:10,271 INFO [org.junit.Test] zero00887
2016-08-04 20:03:10,271 INFO [org.junit.Test] zero00888
2016-08-04 20:03:10,271 INFO [org.junit.Test] zero00889
2016-08-04 20:03:10,271 INFO [org.junit.Test] zero00890
2016-08-04 20:03:10,271 INFO [org.junit.Test] zero00891
2016-08-04 20:03:10,271 INFO [org.junit.Test] zero00892
2016-08-04 20:03:10,271 INFO [org.junit.Test] zero00893
2016-08-04 20:03:10,271 INFO [org.junit.Test] zero00894
2016-08-04 20:03:10,271 INFO [org.junit.Test] zero00895
2016-08-04 20:03:10,271 INFO [org.junit.Test] zero00896
2016-08-04 20:03:10,271 INFO [org.junit.Test] zero00897
2016-08-04 20:03:10,271 INFO [org.junit.Test] zero00898
2016-08-04 20:03:10,271 INFO [org.junit.Test] zero00899
2016-08-04 20:03:10,271 INFO [org.junit.Test] zero00900
2016-08-04 20:03:10,271 INFO [org.junit.Test] zero00901
2016-08-04 20:03:10,271 INFO [org.junit.Test] zero00902
2016-08-04 20:03:10,271 INFO [org.junit.Test] zero00903
2016-08-04 20:03:10,271 INFO [org.junit.Test] zero00904
2016-08-04 20:03:10,271 INFO [org.junit.Test] zero00905
2016-08-04 20:03:10,271 INFO [org.junit.Test] zero00906
2016-08-04 20:03:10,271 INFO [org.junit.Test] zero00907
2016-08-04 20:03:10,271 INFO [org.junit.Test] zero00908
2016-08-04 20:03:10,271 INFO [org.junit.Test] zero00909
2016-08-04 20:03:10,271 INFO [org.junit.Test] zero00910
2016-08-04 20:03:10,271 INFO [org.junit.Test] zero00911
2016-08-04 20:03:10,271 INFO [org.junit.Test] zero00912
2016-08-04 20:03:10,271 INFO [org.junit.Test] zero00913
2016-08-04 20:03:10,271 INFO [org.junit.Test] zero00914
2016-08-04 20:03:10,271 INFO [org.junit.Test] zero00915
2016-08-04 20:03:10,271 INFO [org.junit.Test] zero00916
2016-08-04 20:03:10,271 INFO [org.junit.Test] zero00917
2016-08-04 20:03:10,271 INFO [org.junit.Test] zero00918
2016-08-04 20:03:10,271 INFO [org.junit.Test] zero00919
2016-08-04 20:03:10,271 INFO [org.junit.Test] zero00920
2016-08-04 20:03:10,271 INFO [org.junit.Test] zero00921
2016-08-04 20:03:10,271 INFO [org.junit.Test] zero00922
2016-08-04 20:03:10,271 INFO [org.junit.Test] zero00923
2016-08-04 20:03:10,271 INFO [org.junit.Test] zero00924
2016-08-04 20:03:10,271 INFO [org.junit.Test] zero00925
2016-08-04 20:03:10,271 INFO [org.junit.Test] zero00926
2016-08-04 20:03:10,271 INFO [org.junit.Test] zero00927
2016-08-04 20:03:10,271 INFO [org.junit.Test] zero00928
2016-08-04 20:03:10,271 INFO [org.junit.Test] zero00929
2016-08-04 20:03:10,271 INFO [org.junit.Test] zero00930
2016-08-04 20:03:10,271 INFO [org.junit.Test] zero00931
2016-08-04 20:03:10,271 INFO [org.junit.Test] zero00932
2016-08-04 20:03:10,271 INFO [org.junit.Test] zero00933
2016-08-04 20:03:10,271 INFO [org.junit.Test] zero00934
2016-08-04 20:03:10,271 INFO [org.junit.Test] zero00935
2016-08-04 20:03:10,271 INFO [org.junit.Test] zero00936
2016-08-04 20:03:10,271 INFO [org.junit.Test] zero00937
2016-08-04 20:03:10,271 INFO [org.junit.Test] zero00938
2016-08-04 20:03:10,271 INFO [org.junit.Test] zero00939
2016-08-04 20:03:10,271 INFO [org.junit.Test] zero00940
2016-08-04 20:03:10,271 INFO [org.junit.Test] zero00941
2016-08-04 20:03:10,271 INFO [org.junit.Test] zero00942
2016-08-04 20:03:10,271 INFO [org.junit.Test] zero00943
2016-08-04 20:03:10,271 INFO [org.junit.Test] zero00944
2016-08-04 20:03:10,271 INFO [org.junit.Test] zero00945
2016-08-04 20:03:10,271 INFO [org.junit.Test] zero00946
2016-08-04 20:03:10,271 INFO [org.junit.Test] zero00947
2016-08-04 20:03:10,271 INFO [org.junit.Test] zero00948
2016-08-04 20:03:10,271 INFO [org.junit.Test] zero00949
2016-08-04 20:03:10,271 INFO [org.junit.Test] zero00950
2016-08-04 20:03:10,271 INFO [org.junit.Test] zero00951
2016-08-04 20:03:10,271 INFO [org.junit.Test] zero00952
2016-08-04 20:03:10,271 INFO [org.junit.Test] zero00953
2016-08-04 20:03:10,271 INFO [org.junit.Test] zero00954
2016-08-04 20:03:10,271 INFO [org.junit.Test] zero00955
2016-08-04 20:03:10,271 INFO [org.junit.Test] zero00956
2016-08-04 20:03:10,271 INFO [org.junit.Test] zero00957
2016-08-04 20:03:10,271 INFO [org.junit.Test] zero00958
2016-08-04 20:03:10,271 INFO [org.junit.Test] zero00959
2016-08-04 20:03:10,271 INFO [org.junit.Test] zero00960
2016-08-04 20:03:10,271 INFO [org.junit.Test] zero00961
2016-08-04 20:03:10,271 INFO [org.junit.Test] zero00962
2016-08-04 20:03:10,271 INFO [org.junit.Test] zero00963
2016-08-04 20:03:10,271 INFO [org.junit.Test] zero00964
2016-08-04 20:03:10,271 INFO [org.junit.Test] zero00965
2016-08-04 20:03:10,271 INFO [org.junit.Test] zero00966
2016-08-04 20:03:10,271 INFO [org.junit.Test] zero00967
2016-08-04 20:03:10,271 INFO [org.junit.Test] zero00968
2016-08-04 20:03:10,271 INFO [org.junit.Test] zero00969
2016-08-04 20:03:10,271 INFO [org.junit.Test] zero00970
2016-08-04 20:03:10,271 INFO [org.junit.Test] zero00971
2016-08-04 20:03:10,271 INFO [org.junit.Test] zero00972
2016-08-04 20:03:10,271 INFO [org.junit.Test] zero00973
2016-08-04 20:03:10,271 INFO [org.junit.Test] zero00974
2016-08-04 20:03:10,271 INFO [org.junit.Test] zero00975
2016-08-04 20:03:10,271 INFO [org.junit.Test] zero00976
2016-08-04 20:03:10,271 INFO [org.junit.Test] zero00977
2016-08-04 20:03:10,271 INFO [org.junit.Test] zero00978
2016-08-04 20:03:10,271 INFO [org.junit.Test] zero00979
2016-08-04 20:03:10,271 INFO [org.junit.Test] zero00980
2016-08-04 20:03:10,271 INFO [org.junit.Test] zero00981
2016-08-04 20:03:10,271 INFO [org.junit.Test] zero00982
2016-08-04 20:03:10,271 INFO [org.junit.Test] zero00983
2016-08-04 20:03:10,271 INFO [org.junit.Test] zero00984
2016-08-04 20:03:10,271 INFO [org.junit.Test] zero00985
2016-08-04 20:03:10,271 INFO [org.junit.Test] zero00986
2016-08-04 20:03:10,271 INFO [org.junit.Test] zero00987
2016-08-04 20:03:10,271 INFO [org.junit.Test] zero00988
2016-08-04 20:03:10,271 INFO [org.junit.Test] zero00989
2016-08-04 20:03:10,271 INFO [org.junit.Test] zero00990
2016-08-04 20:03:10,271 INFO [org.junit.Test] zero00991
2016-08-04 20:03:10,271 INFO [org.junit.Test] zero00992
2016-08-04 20:03:10,271 INFO [org.junit.Test] zero00993
2016-08-04 20:03:10,271 INFO [org.junit.Test] zero00994
2016-08-04 20:03:10,271 INFO [org.junit.Test] zero00995
2016-08-04 20:03:10,271 INFO [org.junit.Test] zero00996
2016-08-04 20:03:10,271 INFO [org.junit.Test] zero00997
2016-08-04 20:03:10,271 INFO [org.junit.Test] zero00998
2016-08-04 20:03:10,271 INFO [org.junit.Test] zero00999
2016-08-04 20:03:13,271 INFO [org.junit.Test] zero000
2016-08-04 20:03:13,271 INFO [org.junit.Test] zero001
2016-08-04 20:03:13,271 INFO [org.junit.Test] zero002
2016-08-04 20:03:13,271 INFO [org.junit.Test] zero003
2016-08-04 20:03:13,271 INFO [org.junit.Test] zero004
2016-08-04 20:03:13,271 INFO [org.junit.Test] zero005
2016-08-04 20:03:13,271 INFO [org.junit.Test] zero006
2016-08-04 20:03:13,271 INFO [org.junit.Test] zero007
2016-08-04 20:03:13,271 INFO [org.junit.Test] zero008
2016-08-04 20:03:13,271 INFO [org.junit.Test] zero009
2016-08-04 20:03:13,271 INFO [org.junit.Test] zero0010
2016-08-04 20:03:13,271 INFO [org.junit.Test] zero0011
2016-08-04 20:03:13,271 INFO [org.junit.Test] zero0012
2016-08-04 20:03:13,271 INFO [org.junit.Test] zero0013
2016-08-04 20:03:13,271 INFO [org.junit.Test] zero0014
2016-08-04 20:03:13,271 INFO [org.junit.Test] zero0015
2016-08-04 20:03:13,271 INFO [org.junit.Test] zero0016
2016-08-04 20:03:13,271 INFO [org.junit.Test] zero0017
2016-08-04 20:03:13,271 INFO [org.junit.Test] zero0018
2016-08-04 20:03:13,271 INFO [org.junit.Test] zero0019
2016-08-04 20:03:13,271 INFO [org.junit.Test] zero0020
2016-08-04 20:03:13,271 INFO [org.junit.Test] zero0021
2016-08-04 20:03:13,271 INFO [org.junit.Test] zero0022
2016-08-04 20:03:13,271 INFO [org.junit.Test] zero0023
2016-08-04 20:03:13,271 INFO [org.junit.Test] zero0024
2016-08-04 20:03:13,271 INFO [org.junit.Test] zero0025
2016-08-04 20:03:13,271 INFO [org.junit.Test] zero0026
2016-08-04 20:03:13,271 INFO [org.junit.Test] zero0027
2016-08-04 20:03:13,271 INFO [org.junit.Test] zero0028
2016-08-04 20:03:13,271 INFO [org.junit.Test] zero0029
2016-08-04 20:03:13,271 INFO [org.junit.Test] zero0030
2016-08-04 20:03:13,271 INFO [org.junit.Test] zero0031
2016-08-04 20:03:13,271 INFO [org.junit.Test] zero0032
2016-08-04 20:03:13,271 INFO [org.junit.Test] zero0033
2016-08-04 20:03:13,271 INFO [org.junit.Test] zero0034
2016-08-04 20:03:13,271 INFO [org.junit.Test] zero0035
2016-08-04 20:03:13,271 INFO [org.junit.Test] zero0036
2016-08-04 20:03:13,271 INFO [org.junit.Test] zero0037
2016-08-04 20:03:13,271 INFO [org.junit.Test] zero0038
2016-08-04 20:03:13,271 INFO [org.junit.Test] zero0039
2016-08-04 20:03:13,271 INFO [org.junit.Test] zero0040
2016-08-04 20:03:13,271 INFO [org.junit.Test] zero0041
2016-08-04 20:03:13,271 INFO [org.junit.Test] zero0042
2016-08-04 20:03:13,271 INFO [org.junit.Test] zero0043
2016-08-04 20:03:13,271 INFO [org.junit.Test] zero0044
2016-08-04 20:03:13,271 INFO [org.junit.Test] zero0045
2016-08-04 20:03:13,271 INFO [org.junit.Test] zero0046
2016-08-04 20:03:13,271 INFO [org.junit.Test] zero0047
2016-08-04 20:03:13,271 INFO [org.junit.Test] zero0048
2016-08-04 20:03:13,271 INFO [org.junit.Test] zero0049
2016-08-04 20:03:13,271 INFO [org.junit.Test] zero0050
2016-08-04 20:03:13,271 INFO [org.junit.Test] zero0051
2016-08-04 20:03:13,271 INFO [org.junit.Test] zero0052
2016-08-04 20:03:13,271 INFO [org.junit.Test] zero0053
2016-08-04 20:03:13,271 INFO [org.junit.Test] zero0054
2016-08-04 20:03:13,271 INFO [org.junit.Test] zero0055
2016-08-04 20:03:13,271 INFO [org.junit.Test] zero0056
2016-08-04 20:03:13,271 INFO [org.junit.Test] zero0057
2016-08-04 20:03:13,271 INFO [org.junit.Test] zero0058
2016-08-04 20:03:13,271 INFO [org.junit.Test] zero0059
2016-08-04 20:03:13,271 INFO [org.junit.Test] zero0060
2016-08-04 20:03:13,271 INFO [org.junit.Test] zero0061
2016-08-04 20:03:13,271 INFO [org.junit.Test] zero0062
2016-08-04 20:03:13,271 INFO [org.junit.Test] zero0063
2016-08-04 20:03:13,271 INFO [org.junit.Test] zero0064
2016-08-04 20:03:13,271 INFO [org.junit.Test] zero0065
2016-08-04 20:03:13,271 INFO [org.junit.Test] zero0066
2016-08-04 20:03:13,271 INFO [org.junit.Test] zero0067
2016-08-04 20:03:13,271 INFO [org.junit.Test] zero0068
2016-08-04 20:03:13,271 INFO [org.junit.Test] zero0069
2016-08-04 20:03:13,271 INFO [org.junit.Test] zero0070
2016-08-04 20:03:13,271 INFO [org.junit.Test] zero0071
2016-08-04 20:03:13,271 INFO [org.junit.Test] zero0072
2016-08-04 20:03:13,271 INFO [org.junit.Test] zero0073
2016-08-04 20:03:13,271 INFO [org.junit.Test] zero0074
2016-08-04 20:03:13,271 INFO [org.junit.Test] zero0075
2016-08-04 20:03:13,271 INFO [org.junit.Test] zero0076
2016-08-04 20:03:13,271 INFO [org.junit.Test] zero0077
2016-08-04 20:03:13,271 INFO [org.junit.Test] zero0078
2016-08-04 20:03:13,271 INFO [org.junit.Test] zero0079
2016-08-04 20:03:13,271 INFO [org.junit.Test] zero0080
2016-08-04 20:03:13,271 INFO [org.junit.Test] zero0081
2016-08-04 20:03:13,271 INFO [org.junit.Test] zero0082
2016-08-04 20:03:13,271 INFO [org.junit.Test] zero0083
2016-08-04 20:03:13,271 INFO [org.junit.Test] zero0084
2016-08-04 20:03:13,271 INFO [org.junit.Test] zero0085
2016-08-04 20:03:13,271 INFO [org.junit.Test] zero0086
2016-08-04 20:03:13,271 INFO [org.junit.Test] zero0087
2016-08-04 20:03:13,271 INFO [org.junit.Test] zero0088
2016-08-04 20:03:13,271 INFO [org.junit.Test] zero0089
2016-08-04 20:03:13,271 INFO [org.junit.Test] zero0090
2016-08-04 20:03:13,271 INFO [org.junit.Test] zero0091
2016-08-04 20:03:13,271 INFO [org.junit.Test] zero0092
2016-08-04 20:03:13,271 INFO [org.junit.Test] zero0093
2016-08-04 20:03:13,271 INFO [org.junit.Test] zero0094
2016-08-04 20:03:13,271 INFO [org.junit.Test] zero0095
2016-08-04 20:03:13,271 INFO [org.junit.Test] zero0096
2016-08-04 20:03:13,271 INFO [org.junit.Test] zero0097
2016-08-04 20:03:13,271 INFO [org.junit.Test] zero0098
2016-08-04 20:03:13,271 INFO [org.junit.Test] zero0099
2016-08-04 20:03:13,271 INFO [org.junit.Test] zero00100
2016-08-04 20:03:13,271 INFO [org.junit.Test] zero00101
2016-08-04 20:03:13,271 INFO [org.junit.Test] zero00102
2016-08-04 20:03:13,271 INFO [org.junit.Test] zero00103
2016-08-04 20:03:13,271 INFO [org.junit.Test] zero00104
2016-08-04 20:03:13,271 INFO [org.junit.Test] zero00105
2016-08-04 20:03:13,271 INFO [org.junit.Test] zero00106
2016-08-04 20:03:13,271 INFO [org.junit.Test] zero00107
2016-08-04 20:03:13,271 INFO [org.junit.Test] zero00108
2016-08-04 20:03:13,271 INFO [org.junit.Test] zero00109
2016-08-04 20:03:13,271 INFO [org.junit.Test] zero00110
2016-08-04 20:03:13,271 INFO [org.junit.Test] zero00111
2016-08-04 20:03:13,271 INFO [org.junit.Test] zero00112
2016-08-04 20:03:13,271 INFO [org.junit.Test] zero00113
2016-08-04 20:03:13,271 INFO [org.junit.Test] zero00114
2016-08-04 20:03:13,271 INFO [org.junit.Test] zero00115
2016-08-04 20:03:13,271 INFO [org.junit.Test] zero00116
2016-08-04 20:03:13,271 INFO [org.junit.Test] zero00117
2016-08-04 20:03:13,271 INFO [org.junit.Test] zero00118
2016-08-04 20:03:13,271 INFO [org.junit.Test] zero00119
2016-08-04 20:03:13,271 INFO [org.junit.Test] zero00120
2016-08-04 20:03:13,271 INFO [org.junit.Test] zero00121
2016-08-04 20:03:13,271 INFO [org.junit.Test] zero00122
2016-08-04 20:03:13,271 INFO [org.junit.Test] zero00123
2016-08-04 20:03:13,271 INFO [org.junit.Test] zero00124
2016-08-04 20:03:13,271 INFO [org.junit.Test] zero00125
2016-08-04 20:03:13,271 INFO [org.junit.Test] zero00126
2016-08-04 20:03:13,271 INFO [org.junit.Test] zero00127
2016-08-04 20:03:13,271 INFO [org.junit.Test] zero00128
2016-08-04 20:03:13,271 INFO [org.junit.Test] zero00129
2016-08-04 20:03:13,271 INFO [org.junit.Test] zero00130
2016-08-04 20:03:13,271 INFO [org.junit.Test] zero00131
2016-08-04 20:03:13,271 INFO [org.junit.Test] zero00132
2016-08-04 20:03:13,271 INFO [org.junit.Test] zero00133
2016-08-04 20:03:13,271 INFO [org.junit.Test] zero00134
2016-08-04 20:03:13,271 INFO [org.junit.Test] zero00135
2016-08-04 20:03:13,271 INFO [org.junit.Test] zero00136
2016-08-04 20:03:13,271 INFO [org.junit.Test] zero00137
2016-08-04 20:03:13,271 INFO [org.junit.Test] zero00138
2016-08-04 20:03:13,271 INFO [org.junit.Test] zero00139
2016-08-04 20:03:13,271 INFO [org.junit.Test] zero00140
2016-08-04 20:03:13,271 INFO [org.junit.Test] zero00141
2016-08-04 20:03:13,271 INFO [org.junit.Test] zero00142
2016-08-04 20:03:13,271 INFO [org.junit.Test] zero00143
2016-08-04 20:03:13,271 INFO [org.junit.Test] zero00144
2016-08-04 20:03:13,271 INFO [org.junit.Test] zero00145
2016-08-04 20:03:13,271 INFO [org.junit.Test] zero00146
2016-08-04 20:03:13,271 INFO [org.junit.Test] zero00147
2016-08-04 20:03:13,271 INFO [org.junit.Test] zero00148
2016-08-04 20:03:13,271 INFO [org.junit.Test] zero00149
2016-08-04 20:03:13,271 INFO [org.junit.Test] zero00150
2016-08-04 20:03:13,271 INFO [org.junit.Test] zero00151
2016-08-04 20:03:13,271 INFO [org.junit.Test] zero00152
2016-08-04 20:03:13,271 INFO [org.junit.Test] zero00153
2016-08-04 20:03:13,271 INFO [org.junit.Test] zero00154
2016-08-04 20:03:13,271 INFO [org.junit.Test] zero00155
2016-08-04 20:03:13,271 INFO [org.junit.Test] zero00156
2016-08-04 20:03:13,271 INFO [org.junit.Test] zero00157
2016-08-04 20:03:13,271 INFO [org.junit.Test] zero00158
2016-08-04 20:03:13,271 INFO [org.junit.Test] zero00159
2016-08-04 20:03:13,271 INFO [org.junit.Test] zero00160
2016-08-04 20:03:13,271 INFO [org.junit.Test] zero00161
2016-08-04 20:03:13,271 INFO [org.junit.Test] zero00162
2016-08-04 20:03:13,271 INFO [org.junit.Test] zero00163
2016-08-04 20:03:13,271 INFO [org.junit.Test] zero00164
2016-08-04 20:03:13,271 INFO [org.junit.Test] zero00165
2016-08-04 20:03:13,271 INFO [org.junit.Test] zero00166
2016-08-04 20:03:13,271 INFO [org.junit.Test] zero00167
2016-08-04 20:03:13,271 INFO [org.junit.Test] zero00168
2016-08-04 20:03:13,271 INFO [org.junit.Test] zero00169
2016-08-04 20:03:13,271 INFO [org.junit.Test] zero00170
2016-08-04 20:03:13,271 INFO [org.junit.Test] zero00171
2016-08-04 20:03:13,271 INFO [org.junit.Test] zero00172
2016-08-04 20:03:13,271 INFO [org.junit.Test] zero00173
2016-08-04 20:03:13,271 INFO [org.junit.Test] zero00174
2016-08-04 20:03:13,271 INFO [org.junit.Test] zero00175
2016-08-04 20:03:13,271 INFO [org.junit.Test] zero00176
2016-08-04 20:03:13,271 INFO [org.junit.Test] zero00177
2016-08-04 20:03:13,271 INFO [org.junit.Test] zero00178
2016-08-04 20:03:13,271 INFO [org.junit.Test] zero00179
2016-08-04 20:03:13,271 INFO [org.junit.Test] zero00180
2016-08-04 20:03:13,271 INFO [org.junit.Test] zero00181
2016-08-04 20:03:13,271 INFO [org.junit.Test] zero00182
2016-08-04 20:03:13,271 INFO [org.junit.Test] zero00183
2016-08-04 20:03:13,271 INFO [org.junit.Test] zero00184
2016-08-04 20:03:13,271 INFO [org.junit.Test] zero00185
2016-08-04 20:03:13,271 INFO [org.junit.Test] zero00186
2016-08-04 20:03:13,271 INFO [org.junit.Test] zero00187
2016-08-04 20:03:13,272 INFO [org.junit.Test] zero00188
2016-08-04 20:03:13,272 INFO [org.junit.Test] zero00189
2016-08-04 20:03:13,272 INFO [org.junit.Test] zero00190
2016-08-04 20:03:13,272 INFO [org.junit.Test] zero00191
2016-08-04 20:03:13,272 INFO [org.junit.Test] zero00192
2016-08-04 20:03:13,272 INFO [org.junit.Test] zero00193
2016-08-04 20:03:13,272 INFO [org.junit.Test] zero00194
2016-08-04 20:03:13,272 INFO [org.junit.Test] zero00195
2016-08-04 20:03:13,272 INFO [org.junit.Test] zero00196
2016-08-04 20:03:13,272 INFO [org.junit.Test] zero00197
2016-08-04 20:03:13,272 INFO [org.junit.Test] zero00198
2016-08-04 20:03:13,272 INFO [org.junit.Test] zero00199
2016-08-04 20:03:13,272 INFO [org.junit.Test] zero00200
2016-08-04 20:03:13,272 INFO [org.junit.Test] zero00201
2016-08-04 20:03:13,272 INFO [org.junit.Test] zero00202
2016-08-04 20:03:13,272 INFO [org.junit.Test] zero00203
2016-08-04 20:03:13,272 INFO [org.junit.Test] zero00204
2016-08-04 20:03:13,272 INFO [org.junit.Test] zero00205
2016-08-04 20:03:13,272 INFO [org.junit.Test] zero00206
2016-08-04 20:03:13,272 INFO [org.junit.Test] zero00207
2016-08-04 20:03:13,272 INFO [org.junit.Test] zero00208
2016-08-04 20:03:13,272 INFO [org.junit.Test] zero00209
2016-08-04 20:03:13,272 INFO [org.junit.Test] zero00210
2016-08-04 20:03:13,272 INFO [org.junit.Test] zero00211
2016-08-04 20:03:13,272 INFO [org.junit.Test] zero00212
2016-08-04 20:03:13,272 INFO [org.junit.Test] zero00213
2016-08-04 20:03:13,272 INFO [org.junit.Test] zero00214
2016-08-04 20:03:13,272 INFO [org.junit.Test] zero00215
2016-08-04 20:03:13,272 INFO [org.junit.Test] zero00216
2016-08-04 20:03:13,272 INFO [org.junit.Test] zero00217
2016-08-04 20:03:13,272 INFO [org.junit.Test] zero00218
2016-08-04 20:03:13,272 INFO [org.junit.Test] zero00219
2016-08-04 20:03:13,272 INFO [org.junit.Test] zero00220
2016-08-04 20:03:13,272 INFO [org.junit.Test] zero00221
2016-08-04 20:03:13,272 INFO [org.junit.Test] zero00222
2016-08-04 20:03:13,272 INFO [org.junit.Test] zero00223
2016-08-04 20:03:13,272 INFO [org.junit.Test] zero00224
2016-08-04 20:03:13,272 INFO [org.junit.Test] zero00225
2016-08-04 20:03:13,272 INFO [org.junit.Test] zero00226
2016-08-04 20:03:13,272 INFO [org.junit.Test] zero00227
2016-08-04 20:03:13,272 INFO [org.junit.Test] zero00228
2016-08-04 20:03:13,272 INFO [org.junit.Test] zero00229
2016-08-04 20:03:13,272 INFO [org.junit.Test] zero00230
2016-08-04 20:03:13,272 INFO [org.junit.Test] zero00231
2016-08-04 20:03:13,272 INFO [org.junit.Test] zero00232
2016-08-04 20:03:13,272 INFO [org.junit.Test] zero00233
2016-08-04 20:03:13,272 INFO [org.junit.Test] zero00234
2016-08-04 20:03:13,272 INFO [org.junit.Test] zero00235
2016-08-04 20:03:13,272 INFO [org.junit.Test] zero00236
2016-08-04 20:03:13,272 INFO [org.junit.Test] zero00237
2016-08-04 20:03:13,272 INFO [org.junit.Test] zero00238
2016-08-04 20:03:13,272 INFO [org.junit.Test] zero00239
2016-08-04 20:03:13,272 INFO [org.junit.Test] zero00240
2016-08-04 20:03:13,272 INFO [org.junit.Test] zero00241
2016-08-04 20:03:13,272 INFO [org.junit.Test] zero00242
2016-08-04 20:03:13,272 INFO [org.junit.Test] zero00243
2016-08-04 20:03:13,272 INFO [org.junit.Test] zero00244
2016-08-04 20:03:13,272 INFO [org.junit.Test] zero00245
2016-08-04 20:03:13,272 INFO [org.junit.Test] zero00246
2016-08-04 20:03:13,272 INFO [org.junit.Test] zero00247
2016-08-04 20:03:13,272 INFO [org.junit.Test] zero00248
2016-08-04 20:03:13,272 INFO [org.junit.Test] zero00249
2016-08-04 20:03:13,272 INFO [org.junit.Test] zero00250
2016-08-04 20:03:13,272 INFO [org.junit.Test] zero00251
2016-08-04 20:03:13,272 INFO [org.junit.Test] zero00252
2016-08-04 20:03:13,272 INFO [org.junit.Test] zero00253
2016-08-04 20:03:13,272 INFO [org.junit.Test] zero00254
2016-08-04 20:03:13,272 INFO [org.junit.Test] zero00255
2016-08-04 20:03:13,272 INFO [org.junit.Test] zero00256
2016-08-04 20:03:13,272 INFO [org.junit.Test] zero00257
2016-08-04 20:03:13,272 INFO [org.junit.Test] zero00258
2016-08-04 20:03:13,272 INFO [org.junit.Test] zero00259
2016-08-04 20:03:13,272 INFO [org.junit.Test] zero00260
2016-08-04 20:03:13,272 INFO [org.junit.Test] zero00261
2016-08-04 20:03:13,272 INFO [org.junit.Test] zero00262
2016-08-04 20:03:13,272 INFO [org.junit.Test] zero00263
2016-08-04 20:03:13,272 INFO [org.junit.Test] zero00264
2016-08-04 20:03:13,272 INFO [org.junit.Test] zero00265
2016-08-04 20:03:13,272 INFO [org.junit.Test] zero00266
2016-08-04 20:03:13,272 INFO [org.junit.Test] zero00267
2016-08-04 20:03:13,272 INFO [org.junit.Test] zero00268
2016-08-04 20:03:13,272 INFO [org.junit.Test] zero00269
2016-08-04 20:03:13,272 INFO [org.junit.Test] zero00270
2016-08-04 20:03:13,272 INFO [org.junit.Test] zero00271
2016-08-04 20:03:13,272 INFO [org.junit.Test] zero00272
2016-08-04 20:03:13,272 INFO [org.junit.Test] zero00273
2016-08-04 20:03:13,272 INFO [org.junit.Test] zero00274
2016-08-04 20:03:13,272 INFO [org.junit.Test] zero00275
2016-08-04 20:03:13,272 INFO [org.junit.Test] zero00276
2016-08-04 20:03:13,272 INFO [org.junit.Test] zero00277
2016-08-04 20:03:13,272 INFO [org.junit.Test] zero00278
2016-08-04 20:03:13,272 INFO [org.junit.Test] zero00279
2016-08-04 20:03:13,272 INFO [org.junit.Test] zero00280
2016-08-04 20:03:13,272 INFO [org.junit.Test] zero00281
2016-08-04 20:03:13,272 INFO [org.junit.Test] zero00282
2016-08-04 20:03:13,272 INFO [org.junit.Test] zero00283
2016-08-04 20:03:13,272 INFO [org.junit.Test] zero00284
2016-08-04 20:03:13,272 INFO [org.junit.Test] zero00285
2016-08-04 20:03:13,272 INFO [org.junit.Test] zero00286
2016-08-04 20:03:13,272 INFO [org.junit.Test] zero00287
2016-08-04 20:03:13,272 INFO [org.junit.Test] zero00288
2016-08-04 20:03:13,272 INFO [org.junit.Test] zero00289
2016-08-04 20:03:13,272 INFO [org.junit.Test] zero00290
2016-08-04 20:03:13,272 INFO [org.junit.Test] zero00291
2016-08-04 20:03:13,272 INFO [org.junit.Test] zero00292
2016-08-04 20:03:13,272 INFO [org.junit.Test] zero00293
2016-08-04 20:03:13,272 INFO [org.junit.Test] zero00294
2016-08-04 20:03:13,272 INFO [org.junit.Test] zero00295
2016-08-04 20:03:13,272 INFO [org.junit.Test] zero00296
2016-08-04 20:03:13,272 INFO [org.junit.Test] zero00297
2016-08-04 20:03:13,272 INFO [org.junit.Test] zero00298
2016-08-04 20:03:13,272 INFO [org.junit.Test] zero00299
2016-08-04 20:03:13,272 INFO [org.junit.Test] zero00300
2016-08-04 20:03:13,272 INFO [org.junit.Test] zero00301
2016-08-04 20:03:13,272 INFO [org.junit.Test] zero00302
2016-08-04 20:03:13,272 INFO [org.junit.Test] zero00303
2016-08-04 20:03:13,272 INFO [org.junit.Test] zero00304
2016-08-04 20:03:13,272 INFO [org.junit.Test] zero00305
2016-08-04 20:03:13,272 INFO [org.junit.Test] zero00306
2016-08-04 20:03:13,272 INFO [org.junit.Test] zero00307
2016-08-04 20:03:13,272 INFO [org.junit.Test] zero00308
2016-08-04 20:03:13,272 INFO [org.junit.Test] zero00309
2016-08-04 20:03:13,272 INFO [org.junit.Test] zero00310
2016-08-04 20:03:13,272 INFO [org.junit.Test] zero00311
2016-08-04 20:03:13,272 INFO [org.junit.Test] zero00312
2016-08-04 20:03:13,272 INFO [org.junit.Test] zero00313
2016-08-04 20:03:13,272 INFO [org.junit.Test] zero00314
2016-08-04 20:03:13,272 INFO [org.junit.Test] zero00315
2016-08-04 20:03:13,272 INFO [org.junit.Test] zero00316
2016-08-04 20:03:13,272 INFO [org.junit.Test] zero00317
2016-08-04 20:03:13,272 INFO [org.junit.Test] zero00318
2016-08-04 20:03:13,272 INFO [org.junit.Test] zero00319
2016-08-04 20:03:13,272 INFO [org.junit.Test] zero00320
2016-08-04 20:03:13,272 INFO [org.junit.Test] zero00321
2016-08-04 20:03:13,272 INFO [org.junit.Test] zero00322
2016-08-04 20:03:13,272 INFO [org.junit.Test] zero00323
2016-08-04 20:03:13,272 INFO [org.junit.Test] zero00324
2016-08-04 20:03:13,272 INFO [org.junit.Test] zero00325
2016-08-04 20:03:13,272 INFO [org.junit.Test] zero00326
2016-08-04 20:03:13,272 INFO [org.junit.Test] zero00327
2016-08-04 20:03:13,272 INFO [org.junit.Test] zero00328
2016-08-04 20:03:13,272 INFO [org.junit.Test] zero00329
2016-08-04 20:03:13,272 INFO [org.junit.Test] zero00330
2016-08-04 20:03:13,272 INFO [org.junit.Test] zero00331
2016-08-04 20:03:13,272 INFO [org.junit.Test] zero00332
2016-08-04 20:03:13,272 INFO [org.junit.Test] zero00333
2016-08-04 20:03:13,272 INFO [org.junit.Test] zero00334
2016-08-04 20:03:13,272 INFO [org.junit.Test] zero00335
2016-08-04 20:03:13,272 INFO [org.junit.Test] zero00336
2016-08-04 20:03:13,272 INFO [org.junit.Test] zero00337
2016-08-04 20:03:13,272 INFO [org.junit.Test] zero00338
2016-08-04 20:03:13,272 INFO [org.junit.Test] zero00339
2016-08-04 20:03:13,272 INFO [org.junit.Test] zero00340
2016-08-04 20:03:13,272 INFO [org.junit.Test] zero00341
2016-08-04 20:03:13,272 INFO [org.junit.Test] zero00342
2016-08-04 20:03:13,272 INFO [org.junit.Test] zero00343
2016-08-04 20:03:13,272 INFO [org.junit.Test] zero00344
2016-08-04 20:03:13,272 INFO [org.junit.Test] zero00345
2016-08-04 20:03:13,272 INFO [org.junit.Test] zero00346
2016-08-04 20:03:13,272 INFO [org.junit.Test] zero00347
2016-08-04 20:03:13,272 INFO [org.junit.Test] zero00348
2016-08-04 20:03:13,272 INFO [org.junit.Test] zero00349
2016-08-04 20:03:13,272 INFO [org.junit.Test] zero00350
2016-08-04 20:03:13,272 INFO [org.junit.Test] zero00351
2016-08-04 20:03:13,272 INFO [org.junit.Test] zero00352
2016-08-04 20:03:13,272 INFO [org.junit.Test] zero00353
2016-08-04 20:03:13,272 INFO [org.junit.Test] zero00354
2016-08-04 20:03:13,272 INFO [org.junit.Test] zero00355
2016-08-04 20:03:13,272 INFO [org.junit.Test] zero00356
2016-08-04 20:03:13,272 INFO [org.junit.Test] zero00357
2016-08-04 20:03:13,272 INFO [org.junit.Test] zero00358
2016-08-04 20:03:13,272 INFO [org.junit.Test] zero00359
2016-08-04 20:03:13,272 INFO [org.junit.Test] zero00360
2016-08-04 20:03:13,272 INFO [org.junit.Test] zero00361
2016-08-04 20:03:13,272 INFO [org.junit.Test] zero00362
2016-08-04 20:03:13,272 INFO [org.junit.Test] zero00363
2016-08-04 20:03:13,272 INFO [org.junit.Test] zero00364
2016-08-04 20:03:13,272 INFO [org.junit.Test] zero00365
2016-08-04 20:03:13,272 INFO [org.junit.Test] zero00366
2016-08-04 20:03:13,272 INFO [org.junit.Test] zero00367
2016-08-04 20:03:13,272 INFO [org.junit.Test] zero00368
2016-08-04 20:03:13,272 INFO [org.junit.Test] zero00369
2016-08-04 20:03:13,272 INFO [org.junit.Test] zero00370
2016-08-04 20:03:13,272 INFO [org.junit.Test] zero00371
2016-08-04 20:03:13,272 INFO [org.junit.Test] zero00372
2016-08-04 20:03:13,272 INFO [org.junit.Test] zero00373
2016-08-04 20:03:13,272 INFO [org.junit.Test] zero00374
2016-08-04 20:03:13,272 INFO [org.junit.Test] zero00375
2016-08-04 20:03:13,272 INFO [org.junit.Test] zero00376
2016-08-04 20:03:13,272 INFO [org.junit.Test] zero00377
2016-08-04 20:03:13,272 INFO [org.junit.Test] zero00378
2016-08-04 20:03:13,272 INFO [org.junit.Test] zero00379
2016-08-04 20:03:13,272 INFO [org.junit.Test] zero00380
2016-08-04 20:03:13,272 INFO [org.junit.Test] zero00381
2016-08-04 20:03:13,272 INFO [org.junit.Test] zero00382
2016-08-04 20:03:13,272 INFO [org.junit.Test] zero00383
2016-08-04 20:03:13,272 INFO [org.junit.Test] zero00384
2016-08-04 20:03:13,272 INFO [org.junit.Test] zero00385
2016-08-04 20:03:13,272 INFO [org.junit.Test] zero00386
2016-08-04 20:03:13,272 INFO [org.junit.Test] zero00387
2016-08-04 20:03:13,272 INFO [org.junit.Test] zero00388
2016-08-04 20:03:13,272 INFO [org.junit.Test] zero00389
2016-08-04 20:03:13,272 INFO [org.junit.Test] zero00390
2016-08-04 20:03:13,272 INFO [org.junit.Test] zero00391
2016-08-04 20:03:13,272 INFO [org.junit.Test] zero00392
2016-08-04 20:03:13,272 INFO [org.junit.Test] zero00393
2016-08-04 20:03:13,272 INFO [org.junit.Test] zero00394
2016-08-04 20:03:13,272 INFO [org.junit.Test] zero00395
2016-08-04 20:03:13,272 INFO [org.junit.Test] zero00396
2016-08-04 20:03:13,272 INFO [org.junit.Test] zero00397
2016-08-04 20:03:13,272 INFO [org.junit.Test] zero00398
2016-08-04 20:03:13,272 INFO [org.junit.Test] zero00399
2016-08-04 20:03:13,272 INFO [org.junit.Test] zero00400
2016-08-04 20:03:13,272 INFO [org.junit.Test] zero00401
2016-08-04 20:03:13,272 INFO [org.junit.Test] zero00402
2016-08-04 20:03:13,272 INFO [org.junit.Test] zero00403
2016-08-04 20:03:13,272 INFO [org.junit.Test] zero00404
2016-08-04 20:03:13,272 INFO [org.junit.Test] zero00405
2016-08-04 20:03:13,272 INFO [org.junit.Test] zero00406
2016-08-04 20:03:13,272 INFO [org.junit.Test] zero00407
2016-08-04 20:03:13,272 INFO [org.junit.Test] zero00408
2016-08-04 20:03:13,272 INFO [org.junit.Test] zero00409
2016-08-04 20:03:13,272 INFO [org.junit.Test] zero00410
2016-08-04 20:03:13,272 INFO [org.junit.Test] zero00411
2016-08-04 20:03:13,272 INFO [org.junit.Test] zero00412
2016-08-04 20:03:13,272 INFO [org.junit.Test] zero00413
2016-08-04 20:03:13,272 INFO [org.junit.Test] zero00414
2016-08-04 20:03:13,272 INFO [org.junit.Test] zero00415
2016-08-04 20:03:13,272 INFO [org.junit.Test] zero00416
2016-08-04 20:03:13,272 INFO [org.junit.Test] zero00417
2016-08-04 20:03:13,272 INFO [org.junit.Test] zero00418
2016-08-04 20:03:13,272 INFO [org.junit.Test] zero00419
2016-08-04 20:03:13,272 INFO [org.junit.Test] zero00420
2016-08-04 20:03:13,272 INFO [org.junit.Test] zero00421
2016-08-04 20:03:13,272 INFO [org.junit.Test] zero00422
2016-08-04 20:03:13,272 INFO [org.junit.Test] zero00423
2016-08-04 20:03:13,272 INFO [org.junit.Test] zero00424
2016-08-04 20:03:13,272 INFO [org.junit.Test] zero00425
2016-08-04 20:03:13,272 INFO [org.junit.Test] zero00426
2016-08-04 20:03:13,272 INFO [org.junit.Test] zero00427
2016-08-04 20:03:13,272 INFO [org.junit.Test] zero00428
2016-08-04 20:03:13,272 INFO [org.junit.Test] zero00429
2016-08-04 20:03:13,272 INFO [org.junit.Test] zero00430
2016-08-04 20:03:13,272 INFO [org.junit.Test] zero00431
2016-08-04 20:03:13,272 INFO [org.junit.Test] zero00432
2016-08-04 20:03:13,272 INFO [org.junit.Test] zero00433
2016-08-04 20:03:13,272 INFO [org.junit.Test] zero00434
2016-08-04 20:03:13,272 INFO [org.junit.Test] zero00435
2016-08-04 20:03:13,272 INFO [org.junit.Test] zero00436
2016-08-04 20:03:13,272 INFO [org.junit.Test] zero00437
2016-08-04 20:03:13,272 INFO [org.junit.Test] zero00438
2016-08-04 20:03:13,272 INFO [org.junit.Test] zero00439
2016-08-04 20:03:13,272 INFO [org.junit.Test] zero00440
2016-08-04 20:03:13,272 INFO [org.junit.Test] zero00441
2016-08-04 20:03:13,272 INFO [org.junit.Test] zero00442
2016-08-04 20:03:13,272 INFO [org.junit.Test] zero00443
2016-08-04 20:03:13,272 INFO [org.junit.Test] zero00444
2016-08-04 20:03:13,272 INFO [org.junit.Test] zero00445
2016-08-04 20:03:13,272 INFO [org.junit.Test] zero00446
2016-08-04 20:03:13,272 INFO [org.junit.Test] zero00447
2016-08-04 20:03:13,272 INFO [org.junit.Test] zero00448
2016-08-04 20:03:13,272 INFO [org.junit.Test] zero00449
2016-08-04 20:03:13,272 INFO [org.junit.Test] zero00450
2016-08-04 20:03:13,272 INFO [org.junit.Test] zero00451
2016-08-04 20:03:13,272 INFO [org.junit.Test] zero00452
2016-08-04 20:03:13,272 INFO [org.junit.Test] zero00453
2016-08-04 20:03:13,272 INFO [org.junit.Test] zero00454
2016-08-04 20:03:13,272 INFO [org.junit.Test] zero00455
2016-08-04 20:03:13,272 INFO [org.junit.Test] zero00456
2016-08-04 20:03:13,272 INFO [org.junit.Test] zero00457
2016-08-04 20:03:13,272 INFO [org.junit.Test] zero00458
2016-08-04 20:03:13,272 INFO [org.junit.Test] zero00459
2016-08-04 20:03:13,272 INFO [org.junit.Test] zero00460
2016-08-04 20:03:13,272 INFO [org.junit.Test] zero00461
2016-08-04 20:03:13,272 INFO [org.junit.Test] zero00462
2016-08-04 20:03:13,272 INFO [org.junit.Test] zero00463
2016-08-04 20:03:13,272 INFO [org.junit.Test] zero00464
2016-08-04 20:03:13,272 INFO [org.junit.Test] zero00465
2016-08-04 20:03:13,272 INFO [org.junit.Test] zero00466
2016-08-04 20:03:13,272 INFO [org.junit.Test] zero00467
2016-08-04 20:03:13,272 INFO [org.junit.Test] zero00468
2016-08-04 20:03:13,272 INFO [org.junit.Test] zero00469
2016-08-04 20:03:13,272 INFO [org.junit.Test] zero00470
2016-08-04 20:03:13,272 INFO [org.junit.Test] zero00471
2016-08-04 20:03:13,272 INFO [org.junit.Test] zero00472
2016-08-04 20:03:13,272 INFO [org.junit.Test] zero00473
2016-08-04 20:03:13,272 INFO [org.junit.Test] zero00474
2016-08-04 20:03:13,272 INFO [org.junit.Test] zero00475
2016-08-04 20:03:13,272 INFO [org.junit.Test] zero00476
2016-08-04 20:03:13,272 INFO [org.junit.Test] zero00477
2016-08-04 20:03:13,272 INFO [org.junit.Test] zero00478
2016-08-04 20:03:13,272 INFO [org.junit.Test] zero00479
2016-08-04 20:03:13,272 INFO [org.junit.Test] zero00480
2016-08-04 20:03:13,272 INFO [org.junit.Test] zero00481
2016-08-04 20:03:13,272 INFO [org.junit.Test] zero00482
2016-08-04 20:03:13,272 INFO [org.junit.Test] zero00483
2016-08-04 20:03:13,272 INFO [org.junit.Test] zero00484
2016-08-04 20:03:13,272 INFO [org.junit.Test] zero00485
2016-08-04 20:03:13,272 INFO [org.junit.Test] zero00486
2016-08-04 20:03:13,272 INFO [org.junit.Test] zero00487
2016-08-04 20:03:13,272 INFO [org.junit.Test] zero00488
2016-08-04 20:03:13,272 INFO [org.junit.Test] zero00489
2016-08-04 20:03:13,272 INFO [org.junit.Test] zero00490
2016-08-04 20:03:13,272 INFO [org.junit.Test] zero00491
2016-08-04 20:03:13,272 INFO [org.junit.Test] zero00492
2016-08-04 20:03:13,272 INFO [org.junit.Test] zero00493
2016-08-04 20:03:13,272 INFO [org.junit.Test] zero00494
2016-08-04 20:03:13,272 INFO [org.junit.Test] zero00495
2016-08-04 20:03:13,272 INFO [org.junit.Test] zero00496
2016-08-04 20:03:13,272 INFO [org.junit.Test] zero00497
2016-08-04 20:03:13,272 INFO [org.junit.Test] zero00498
2016-08-04 20:03:13,272 INFO [org.junit.Test] zero00499
2016-08-04 20:03:13,272 INFO [org.junit.Test] zero00500
2016-08-04 20:03:13,272 INFO [org.junit.Test] zero00501
2016-08-04 20:03:13,272 INFO [org.junit.Test] zero00502
2016-08-04 20:03:13,272 INFO [org.junit.Test] zero00503
2016-08-04 20:03:13,272 INFO [org.junit.Test] zero00504
2016-08-04 20:03:13,272 INFO [org.junit.Test] zero00505
2016-08-04 20:03:13,272 INFO [org.junit.Test] zero00506
2016-08-04 20:03:13,272 INFO [org.junit.Test] zero00507
2016-08-04 20:03:13,272 INFO [org.junit.Test] zero00508
2016-08-04 20:03:13,272 INFO [org.junit.Test] zero00509
2016-08-04 20:03:13,272 INFO [org.junit.Test] zero00510
2016-08-04 20:03:13,272 INFO [org.junit.Test] zero00511
2016-08-04 20:03:13,272 INFO [org.junit.Test] zero00512
2016-08-04 20:03:13,272 INFO [org.junit.Test] zero00513
2016-08-04 20:03:13,272 INFO [org.junit.Test] zero00514
2016-08-04 20:03:13,272 INFO [org.junit.Test] zero00515
2016-08-04 20:03:13,272 INFO [org.junit.Test] zero00516
2016-08-04 20:03:13,272 INFO [org.junit.Test] zero00517
2016-08-04 20:03:13,272 INFO [org.junit.Test] zero00518
2016-08-04 20:03:13,272 INFO [org.junit.Test] zero00519
2016-08-04 20:03:13,272 INFO [org.junit.Test] zero00520
2016-08-04 20:03:13,272 INFO [org.junit.Test] zero00521
2016-08-04 20:03:13,272 INFO [org.junit.Test] zero00522
2016-08-04 20:03:13,272 INFO [org.junit.Test] zero00523
2016-08-04 20:03:13,272 INFO [org.junit.Test] zero00524
2016-08-04 20:03:13,272 INFO [org.junit.Test] zero00525
2016-08-04 20:03:13,272 INFO [org.junit.Test] zero00526
2016-08-04 20:03:13,272 INFO [org.junit.Test] zero00527
2016-08-04 20:03:13,272 INFO [org.junit.Test] zero00528
2016-08-04 20:03:13,272 INFO [org.junit.Test] zero00529
2016-08-04 20:03:13,272 INFO [org.junit.Test] zero00530
2016-08-04 20:03:13,272 INFO [org.junit.Test] zero00531
2016-08-04 20:03:13,272 INFO [org.junit.Test] zero00532
2016-08-04 20:03:13,272 INFO [org.junit.Test] zero00533
2016-08-04 20:03:13,272 INFO [org.junit.Test] zero00534
2016-08-04 20:03:13,272 INFO [org.junit.Test] zero00535
2016-08-04 20:03:13,272 INFO [org.junit.Test] zero00536
2016-08-04 20:03:13,272 INFO [org.junit.Test] zero00537
2016-08-04 20:03:13,272 INFO [org.junit.Test] zero00538
2016-08-04 20:03:13,272 INFO [org.junit.Test] zero00539
2016-08-04 20:03:13,272 INFO [org.junit.Test] zero00540
2016-08-04 20:03:13,272 INFO [org.junit.Test] zero00541
2016-08-04 20:03:13,272 INFO [org.junit.Test] zero00542
2016-08-04 20:03:13,272 INFO [org.junit.Test] zero00543
2016-08-04 20:03:13,272 INFO [org.junit.Test] zero00544
2016-08-04 20:03:13,272 INFO [org.junit.Test] zero00545
2016-08-04 20:03:13,272 INFO [org.junit.Test] zero00546
2016-08-04 20:03:13,272 INFO [org.junit.Test] zero00547
2016-08-04 20:03:13,272 INFO [org.junit.Test] zero00548
2016-08-04 20:03:13,272 INFO [org.junit.Test] zero00549
2016-08-04 20:03:13,272 INFO [org.junit.Test] zero00550
2016-08-04 20:03:13,272 INFO [org.junit.Test] zero00551
2016-08-04 20:03:13,272 INFO [org.junit.Test] zero00552
2016-08-04 20:03:13,272 INFO [org.junit.Test] zero00553
2016-08-04 20:03:13,272 INFO [org.junit.Test] zero00554
2016-08-04 20:03:13,272 INFO [org.junit.Test] zero00555
2016-08-04 20:03:13,272 INFO [org.junit.Test] zero00556
2016-08-04 20:03:13,272 INFO [org.junit.Test] zero00557
2016-08-04 20:03:13,272 INFO [org.junit.Test] zero00558
2016-08-04 20:03:13,272 INFO [org.junit.Test] zero00559
2016-08-04 20:03:13,272 INFO [org.junit.Test] zero00560
2016-08-04 20:03:13,272 INFO [org.junit.Test] zero00561
2016-08-04 20:03:13,272 INFO [org.junit.Test] zero00562
2016-08-04 20:03:13,272 INFO [org.junit.Test] zero00563
2016-08-04 20:03:13,272 INFO [org.junit.Test] zero00564
2016-08-04 20:03:13,272 INFO [org.junit.Test] zero00565
2016-08-04 20:03:13,272 INFO [org.junit.Test] zero00566
2016-08-04 20:03:13,272 INFO [org.junit.Test] zero00567
2016-08-04 20:03:13,272 INFO [org.junit.Test] zero00568
2016-08-04 20:03:13,272 INFO [org.junit.Test] zero00569
2016-08-04 20:03:13,272 INFO [org.junit.Test] zero00570
2016-08-04 20:03:13,272 INFO [org.junit.Test] zero00571
2016-08-04 20:03:13,272 INFO [org.junit.Test] zero00572
2016-08-04 20:03:13,272 INFO [org.junit.Test] zero00573
2016-08-04 20:03:13,272 INFO [org.junit.Test] zero00574
2016-08-04 20:03:13,272 INFO [org.junit.Test] zero00575
2016-08-04 20:03:13,272 INFO [org.junit.Test] zero00576
2016-08-04 20:03:13,272 INFO [org.junit.Test] zero00577
2016-08-04 20:03:13,272 INFO [org.junit.Test] zero00578
2016-08-04 20:03:13,272 INFO [org.junit.Test] zero00579
2016-08-04 20:03:13,272 INFO [org.junit.Test] zero00580
2016-08-04 20:03:13,272 INFO [org.junit.Test] zero00581
2016-08-04 20:03:13,272 INFO [org.junit.Test] zero00582
2016-08-04 20:03:13,272 INFO [org.junit.Test] zero00583
2016-08-04 20:03:13,272 INFO [org.junit.Test] zero00584
2016-08-04 20:03:13,272 INFO [org.junit.Test] zero00585
2016-08-04 20:03:13,272 INFO [org.junit.Test] zero00586
2016-08-04 20:03:13,272 INFO [org.junit.Test] zero00587
2016-08-04 20:03:13,273 INFO [org.junit.Test] zero00588
2016-08-04 20:03:13,273 INFO [org.junit.Test] zero00589
2016-08-04 20:03:13,273 INFO [org.junit.Test] zero00590
2016-08-04 20:03:13,273 INFO [org.junit.Test] zero00591
2016-08-04 20:03:13,273 INFO [org.junit.Test] zero00592
2016-08-04 20:03:13,273 INFO [org.junit.Test] zero00593
2016-08-04 20:03:13,273 INFO [org.junit.Test] zero00594
2016-08-04 20:03:13,273 INFO [org.junit.Test] zero00595
2016-08-04 20:03:13,273 INFO [org.junit.Test] zero00596
2016-08-04 20:03:13,273 INFO [org.junit.Test] zero00597
2016-08-04 20:03:13,273 INFO [org.junit.Test] zero00598
2016-08-04 20:03:13,273 INFO [org.junit.Test] zero00599
2016-08-04 20:03:13,273 INFO [org.junit.Test] zero00600
2016-08-04 20:03:13,273 INFO [org.junit.Test] zero00601
2016-08-04 20:03:13,273 INFO [org.junit.Test] zero00602
2016-08-04 20:03:13,273 INFO [org.junit.Test] zero00603
2016-08-04 20:03:13,273 INFO [org.junit.Test] zero00604
2016-08-04 20:03:13,273 INFO [org.junit.Test] zero00605
2016-08-04 20:03:13,273 INFO [org.junit.Test] zero00606
2016-08-04 20:03:13,273 INFO [org.junit.Test] zero00607
2016-08-04 20:03:13,273 INFO [org.junit.Test] zero00608
2016-08-04 20:03:13,273 INFO [org.junit.Test] zero00609
2016-08-04 20:03:13,273 INFO [org.junit.Test] zero00610
2016-08-04 20:03:13,273 INFO [org.junit.Test] zero00611
2016-08-04 20:03:13,273 INFO [org.junit.Test] zero00612
2016-08-04 20:03:13,273 INFO [org.junit.Test] zero00613
2016-08-04 20:03:13,273 INFO [org.junit.Test] zero00614
2016-08-04 20:03:13,273 INFO [org.junit.Test] zero00615
2016-08-04 20:03:13,273 INFO [org.junit.Test] zero00616
2016-08-04 20:03:13,273 INFO [org.junit.Test] zero00617
2016-08-04 20:03:13,273 INFO [org.junit.Test] zero00618
2016-08-04 20:03:13,273 INFO [org.junit.Test] zero00619
2016-08-04 20:03:13,273 INFO [org.junit.Test] zero00620
2016-08-04 20:03:13,273 INFO [org.junit.Test] zero00621
2016-08-04 20:03:13,273 INFO [org.junit.Test] zero00622
2016-08-04 20:03:13,273 INFO [org.junit.Test] zero00623
2016-08-04 20:03:13,273 INFO [org.junit.Test] zero00624
2016-08-04 20:03:13,273 INFO [org.junit.Test] zero00625
2016-08-04 20:03:13,273 INFO [org.junit.Test] zero00626
2016-08-04 20:03:13,273 INFO [org.junit.Test] zero00627
2016-08-04 20:03:13,273 INFO [org.junit.Test] zero00628
2016-08-04 20:03:13,273 INFO [org.junit.Test] zero00629
2016-08-04 20:03:13,273 INFO [org.junit.Test] zero00630
2016-08-04 20:03:13,273 INFO [org.junit.Test] zero00631
2016-08-04 20:03:13,273 INFO [org.junit.Test] zero00632
2016-08-04 20:03:13,273 INFO [org.junit.Test] zero00633
2016-08-04 20:03:13,273 INFO [org.junit.Test] zero00634
2016-08-04 20:03:13,273 INFO [org.junit.Test] zero00635
2016-08-04 20:03:13,273 INFO [org.junit.Test] zero00636
2016-08-04 20:03:13,273 INFO [org.junit.Test] zero00637
2016-08-04 20:03:13,273 INFO [org.junit.Test] zero00638
2016-08-04 20:03:13,273 INFO [org.junit.Test] zero00639
2016-08-04 20:03:13,273 INFO [org.junit.Test] zero00640
2016-08-04 20:03:13,273 INFO [org.junit.Test] zero00641
2016-08-04 20:03:13,273 INFO [org.junit.Test] zero00642
2016-08-04 20:03:13,273 INFO [org.junit.Test] zero00643
2016-08-04 20:03:13,273 INFO [org.junit.Test] zero00644
2016-08-04 20:03:13,273 INFO [org.junit.Test] zero00645
2016-08-04 20:03:13,273 INFO [org.junit.Test] zero00646
2016-08-04 20:03:13,273 INFO [org.junit.Test] zero00647
2016-08-04 20:03:13,273 INFO [org.junit.Test] zero00648
2016-08-04 20:03:13,273 INFO [org.junit.Test] zero00649
2016-08-04 20:03:13,273 INFO [org.junit.Test] zero00650
2016-08-04 20:03:13,273 INFO [org.junit.Test] zero00651
2016-08-04 20:03:13,273 INFO [org.junit.Test] zero00652
2016-08-04 20:03:13,273 INFO [org.junit.Test] zero00653
2016-08-04 20:03:13,273 INFO [org.junit.Test] zero00654
2016-08-04 20:03:13,273 INFO [org.junit.Test] zero00655
2016-08-04 20:03:13,273 INFO [org.junit.Test] zero00656
2016-08-04 20:03:13,273 INFO [org.junit.Test] zero00657
2016-08-04 20:03:13,273 INFO [org.junit.Test] zero00658
2016-08-04 20:03:13,273 INFO [org.junit.Test] zero00659
2016-08-04 20:03:13,273 INFO [org.junit.Test] zero00660
2016-08-04 20:03:13,273 INFO [org.junit.Test] zero00661
2016-08-04 20:03:13,273 INFO [org.junit.Test] zero00662
2016-08-04 20:03:13,273 INFO [org.junit.Test] zero00663
2016-08-04 20:03:13,273 INFO [org.junit.Test] zero00664
2016-08-04 20:03:13,273 INFO [org.junit.Test] zero00665
2016-08-04 20:03:13,273 INFO [org.junit.Test] zero00666
2016-08-04 20:03:13,273 INFO [org.junit.Test] zero00667
2016-08-04 20:03:13,273 INFO [org.junit.Test] zero00668
2016-08-04 20:03:13,273 INFO [org.junit.Test] zero00669
2016-08-04 20:03:13,273 INFO [org.junit.Test] zero00670
2016-08-04 20:03:13,273 INFO [org.junit.Test] zero00671
2016-08-04 20:03:13,273 INFO [org.junit.Test] zero00672
2016-08-04 20:03:13,273 INFO [org.junit.Test] zero00673
2016-08-04 20:03:13,273 INFO [org.junit.Test] zero00674
2016-08-04 20:03:13,273 INFO [org.junit.Test] zero00675
2016-08-04 20:03:13,273 INFO [org.junit.Test] zero00676
2016-08-04 20:03:13,273 INFO [org.junit.Test] zero00677
2016-08-04 20:03:13,273 INFO [org.junit.Test] zero00678
2016-08-04 20:03:13,273 INFO [org.junit.Test] zero00679
2016-08-04 20:03:13,273 INFO [org.junit.Test] zero00680
2016-08-04 20:03:13,273 INFO [org.junit.Test] zero00681
2016-08-04 20:03:13,273 INFO [org.junit.Test] zero00682
2016-08-04 20:03:13,273 INFO [org.junit.Test] zero00683
2016-08-04 20:03:13,273 INFO [org.junit.Test] zero00684
2016-08-04 20:03:13,273 INFO [org.junit.Test] zero00685
2016-08-04 20:03:13,273 INFO [org.junit.Test] zero00686
2016-08-04 20:03:13,273 INFO [org.junit.Test] zero00687
2016-08-04 20:03:13,273 INFO [org.junit.Test] zero00688
2016-08-04 20:03:13,273 INFO [org.junit.Test] zero00689
2016-08-04 20:03:13,273 INFO [org.junit.Test] zero00690
2016-08-04 20:03:13,273 INFO [org.junit.Test] zero00691
2016-08-04 20:03:13,273 INFO [org.junit.Test] zero00692
2016-08-04 20:03:13,273 INFO [org.junit.Test] zero00693
2016-08-04 20:03:13,273 INFO [org.junit.Test] zero00694
2016-08-04 20:03:13,273 INFO [org.junit.Test] zero00695
2016-08-04 20:03:13,273 INFO [org.junit.Test] zero00696
2016-08-04 20:03:13,273 INFO [org.junit.Test] zero00697
2016-08-04 20:03:13,273 INFO [org.junit.Test] zero00698
2016-08-04 20:03:13,273 INFO [org.junit.Test] zero00699
2016-08-04 20:03:13,273 INFO [org.junit.Test] zero00700
2016-08-04 20:03:13,273 INFO [org.junit.Test] zero00701
2016-08-04 20:03:13,273 INFO [org.junit.Test] zero00702
2016-08-04 20:03:13,273 INFO [org.junit.Test] zero00703
2016-08-04 20:03:13,273 INFO [org.junit.Test] zero00704
2016-08-04 20:03:13,273 INFO [org.junit.Test] zero00705
2016-08-04 20:03:13,273 INFO [org.junit.Test] zero00706
2016-08-04 20:03:13,273 INFO [org.junit.Test] zero00707
2016-08-04 20:03:13,273 INFO [org.junit.Test] zero00708
2016-08-04 20:03:13,273 INFO [org.junit.Test] zero00709
2016-08-04 20:03:13,273 INFO [org.junit.Test] zero00710
2016-08-04 20:03:13,273 INFO [org.junit.Test] zero00711
2016-08-04 20:03:13,273 INFO [org.junit.Test] zero00712
2016-08-04 20:03:13,273 INFO [org.junit.Test] zero00713
2016-08-04 20:03:13,273 INFO [org.junit.Test] zero00714
2016-08-04 20:03:13,273 INFO [org.junit.Test] zero00715
2016-08-04 20:03:13,273 INFO [org.junit.Test] zero00716
2016-08-04 20:03:13,273 INFO [org.junit.Test] zero00717
2016-08-04 20:03:13,273 INFO [org.junit.Test] zero00718
2016-08-04 20:03:13,273 INFO [org.junit.Test] zero00719
2016-08-04 20:03:13,273 INFO [org.junit.Test] zero00720
2016-08-04 20:03:13,273 INFO [org.junit.Test] zero00721
2016-08-04 20:03:13,273 INFO [org.junit.Test] zero00722
2016-08-04 20:03:13,273 INFO [org.junit.Test] zero00723
2016-08-04 20:03:13,273 INFO [org.junit.Test] zero00724
2016-08-04 20:03:13,273 INFO [org.junit.Test] zero00725
2016-08-04 20:03:13,273 INFO [org.junit.Test] zero00726
2016-08-04 20:03:13,273 INFO [org.junit.Test] zero00727
2016-08-04 20:03:13,273 INFO [org.junit.Test] zero00728
2016-08-04 20:03:13,273 INFO [org.junit.Test] zero00729
2016-08-04 20:03:13,273 INFO [org.junit.Test] zero00730
2016-08-04 20:03:13,273 INFO [org.junit.Test] zero00731
2016-08-04 20:03:13,273 INFO [org.junit.Test] zero00732
2016-08-04 20:03:13,273 INFO [org.junit.Test] zero00733
2016-08-04 20:03:13,273 INFO [org.junit.Test] zero00734
2016-08-04 20:03:13,273 INFO [org.junit.Test] zero00735
2016-08-04 20:03:13,273 INFO [org.junit.Test] zero00736
2016-08-04 20:03:13,273 INFO [org.junit.Test] zero00737
2016-08-04 20:03:13,273 INFO [org.junit.Test] zero00738
2016-08-04 20:03:13,273 INFO [org.junit.Test] zero00739
2016-08-04 20:03:13,273 INFO [org.junit.Test] zero00740
2016-08-04 20:03:13,273 INFO [org.junit.Test] zero00741
2016-08-04 20:03:13,273 INFO [org.junit.Test] zero00742
2016-08-04 20:03:13,273 INFO [org.junit.Test] zero00743
2016-08-04 20:03:13,273 INFO [org.junit.Test] zero00744
2016-08-04 20:03:13,273 INFO [org.junit.Test] zero00745
2016-08-04 20:03:13,273 INFO [org.junit.Test] zero00746
2016-08-04 20:03:13,273 INFO [org.junit.Test] zero00747
2016-08-04 20:03:13,273 INFO [org.junit.Test] zero00748
2016-08-04 20:03:13,273 INFO [org.junit.Test] zero00749
2016-08-04 20:03:13,273 INFO [org.junit.Test] zero00750
2016-08-04 20:03:13,273 INFO [org.junit.Test] zero00751
2016-08-04 20:03:13,273 INFO [org.junit.Test] zero00752
2016-08-04 20:03:13,273 INFO [org.junit.Test] zero00753
2016-08-04 20:03:13,273 INFO [org.junit.Test] zero00754
2016-08-04 20:03:13,273 INFO [org.junit.Test] zero00755
2016-08-04 20:03:13,273 INFO [org.junit.Test] zero00756
2016-08-04 20:03:13,273 INFO [org.junit.Test] zero00757
2016-08-04 20:03:13,273 INFO [org.junit.Test] zero00758
2016-08-04 20:03:13,273 INFO [org.junit.Test] zero00759
2016-08-04 20:03:13,273 INFO [org.junit.Test] zero00760
2016-08-04 20:03:13,273 INFO [org.junit.Test] zero00761
2016-08-04 20:03:13,273 INFO [org.junit.Test] zero00762
2016-08-04 20:03:13,273 INFO [org.junit.Test] zero00763
2016-08-04 20:03:13,273 INFO [org.junit.Test] zero00764
2016-08-04 20:03:13,273 INFO [org.junit.Test] zero00765
2016-08-04 20:03:13,273 INFO [org.junit.Test] zero00766
2016-08-04 20:03:13,273 INFO [org.junit.Test] zero00767
2016-08-04 20:03:13,273 INFO [org.junit.Test] zero00768
2016-08-04 20:03:13,273 INFO [org.junit.Test] zero00769
2016-08-04 20:03:13,273 INFO [org.junit.Test] zero00770
2016-08-04 20:03:13,273 INFO [org.junit.Test] zero00771
2016-08-04 20:03:13,273 INFO [org.junit.Test] zero00772
2016-08-04 20:03:13,273 INFO [org.junit.Test] zero00773
2016-08-04 20:03:13,273 INFO [org.junit.Test] zero00774
2016-08-04 20:03:13,273 INFO [org.junit.Test] zero00775
2016-08-04 20:03:13,273 INFO [org.junit.Test] zero00776
2016-08-04 20:03:13,273 INFO [org.junit.Test] zero00777
2016-08-04 20:03:13,273 INFO [org.junit.Test] zero00778
2016-08-04 20:03:13,273 INFO [org.junit.Test] zero00779
2016-08-04 20:03:13,273 INFO [org.junit.Test] zero00780
2016-08-04 20:03:13,273 INFO [org.junit.Test] zero00781
2016-08-04 20:03:13,273 INFO [org.junit.Test] zero00782
2016-08-04 20:03:13,273 INFO [org.junit.Test] zero00783
2016-08-04 20:03:13,273 INFO [org.junit.Test] zero00784
2016-08-04 20:03:13,273 INFO [org.junit.Test] zero00785
2016-08-04 20:03:13,273 INFO [org.junit.Test] zero00786
2016-08-04 20:03:13,273 INFO [org.junit.Test] zero00787
2016-08-04 20:03:13,273 INFO [org.junit.Test] zero00788
2016-08-04 20:03:13,273 INFO [org.junit.Test] zero00789
2016-08-04 20:03:13,273 INFO [org.junit.Test] zero00790
2016-08-04 20:03:13,273 INFO [org.junit.Test] zero00791
2016-08-04 20:03:13,273 INFO [org.junit.Test] zero00792
2016-08-04 20:03:13,273 INFO [org.junit.Test] zero00793
2016-08-04 20:03:13,273 INFO [org.junit.Test] zero00794
2016-08-04 20:03:13,273 INFO [org.junit.Test] zero00795
2016-08-04 20:03:13,273 INFO [org.junit.Test] zero00796
2016-08-04 20:03:13,273 INFO [org.junit.Test] zero00797
2016-08-04 20:03:13,273 INFO [org.junit.Test] zero00798
2016-08-04 20:03:13,273 INFO [org.junit.Test] zero00799
2016-08-04 20:03:13,273 INFO [org.junit.Test] zero00800
2016-08-04 20:03:13,273 INFO [org.junit.Test] zero00801
2016-08-04 20:03:13,273 INFO [org.junit.Test] zero00802
2016-08-04 20:03:13,273 INFO [org.junit.Test] zero00803
2016-08-04 20:03:13,273 INFO [org.junit.Test] zero00804
2016-08-04 20:03:13,273 INFO [org.junit.Test] zero00805
2016-08-04 20:03:13,273 INFO [org.junit.Test] zero00806
2016-08-04 20:03:13,273 INFO [org.junit.Test] zero00807
2016-08-04 20:03:13,273 INFO [org.junit.Test] zero00808
2016-08-04 20:03:13,273 INFO [org.junit.Test] zero00809
2016-08-04 20:03:13,273 INFO [org.junit.Test] zero00810
2016-08-04 20:03:13,273 INFO [org.junit.Test] zero00811
2016-08-04 20:03:13,273 INFO [org.junit.Test] zero00812
2016-08-04 20:03:13,273 INFO [org.junit.Test] zero00813
2016-08-04 20:03:13,273 INFO [org.junit.Test] zero00814
2016-08-04 20:03:13,273 INFO [org.junit.Test] zero00815
2016-08-04 20:03:13,273 INFO [org.junit.Test] zero00816
2016-08-04 20:03:13,273 INFO [org.junit.Test] zero00817
2016-08-04 20:03:13,273 INFO [org.junit.Test] zero00818
2016-08-04 20:03:13,273 INFO [org.junit.Test] zero00819
2016-08-04 20:03:13,273 INFO [org.junit.Test] zero00820
2016-08-04 20:03:13,273 INFO [org.junit.Test] zero00821
2016-08-04 20:03:13,273 INFO [org.junit.Test] zero00822
2016-08-04 20:03:13,273 INFO [org.junit.Test] zero00823
2016-08-04 20:03:13,273 INFO [org.junit.Test] zero00824
2016-08-04 20:03:13,273 INFO [org.junit.Test] zero00825
2016-08-04 20:03:13,273 INFO [org.junit.Test] zero00826
2016-08-04 20:03:13,273 INFO [org.junit.Test] zero00827
2016-08-04 20:03:13,273 INFO [org.junit.Test] zero00828
2016-08-04 20:03:13,273 INFO [org.junit.Test] zero00829
2016-08-04 20:03:13,273 INFO [org.junit.Test] zero00830
2016-08-04 20:03:13,273 INFO [org.junit.Test] zero00831
2016-08-04 20:03:13,273 INFO [org.junit.Test] zero00832
2016-08-04 20:03:13,273 INFO [org.junit.Test] zero00833
2016-08-04 20:03:13,273 INFO [org.junit.Test] zero00834
2016-08-04 20:03:13,273 INFO [org.junit.Test] zero00835
2016-08-04 20:03:13,273 INFO [org.junit.Test] zero00836
2016-08-04 20:03:13,273 INFO [org.junit.Test] zero00837
2016-08-04 20:03:13,273 INFO [org.junit.Test] zero00838
2016-08-04 20:03:13,273 INFO [org.junit.Test] zero00839
2016-08-04 20:03:13,273 INFO [org.junit.Test] zero00840
2016-08-04 20:03:13,273 INFO [org.junit.Test] zero00841
2016-08-04 20:03:13,273 INFO [org.junit.Test] zero00842
2016-08-04 20:03:13,273 INFO [org.junit.Test] zero00843
2016-08-04 20:03:13,273 INFO [org.junit.Test] zero00844
2016-08-04 20:03:13,273 INFO [org.junit.Test] zero00845
2016-08-04 20:03:13,273 INFO [org.junit.Test] zero00846
2016-08-04 20:03:13,273 INFO [org.junit.Test] zero00847
2016-08-04 20:03:13,273 INFO [org.junit.Test] zero00848
2016-08-04 20:03:13,273 INFO [org.junit.Test] zero00849
2016-08-04 20:03:13,273 INFO [org.junit.Test] zero00850
2016-08-04 20:03:13,273 INFO [org.junit.Test] zero00851
2016-08-04 20:03:13,273 INFO [org.junit.Test] zero00852
2016-08-04 20:03:13,273 INFO [org.junit.Test] zero00853
2016-08-04 20:03:13,273 INFO [org.junit.Test] zero00854
2016-08-04 20:03:13,273 INFO [org.junit.Test] zero00855
2016-08-04 20:03:13,273 INFO [org.junit.Test] zero00856
2016-08-04 20:03:13,273 INFO [org.junit.Test] zero00857
2016-08-04 20:03:13,273 INFO [org.junit.Test] zero00858
2016-08-04 20:03:13,273 INFO [org.junit.Test] zero00859
2016-08-04 20:03:13,273 INFO [org.junit.Test] zero00860
2016-08-04 20:03:13,273 INFO [org.junit.Test] zero00861
2016-08-04 20:03:13,273 INFO [org.junit.Test] zero00862
2016-08-04 20:03:13,273 INFO [org.junit.Test] zero00863
2016-08-04 20:03:13,273 INFO [org.junit.Test] zero00864
2016-08-04 20:03:13,273 INFO [org.junit.Test] zero00865
2016-08-04 20:03:13,273 INFO [org.junit.Test] zero00866
2016-08-04 20:03:13,273 INFO [org.junit.Test] zero00867
2016-08-04 20:03:13,273 INFO [org.junit.Test] zero00868
2016-08-04 20:03:13,273 INFO [org.junit.Test] zero00869
2016-08-04 20:03:13,273 INFO [org.junit.Test] zero00870
2016-08-04 20:03:13,273 INFO [org.junit.Test] zero00871
2016-08-04 20:03:13,273 INFO [org.junit.Test] zero00872
2016-08-04 20:03:13,273 INFO [org.junit.Test] zero00873
2016-08-04 20:03:13,273 INFO [org.junit.Test] zero00874
2016-08-04 20:03:13,273 INFO [org.junit.Test] zero00875
2016-08-04 20:03:13,273 INFO [org.junit.Test] zero00876
2016-08-04 20:03:13,273 INFO [org.junit.Test] zero00877
2016-08-04 20:03:13,273 INFO [org.junit.Test] zero00878
2016-08-04 20:03:13,273 INFO [org.junit.Test] zero00879
2016-08-04 20:03:13,273 INFO [org.junit.Test] zero00880
2016-08-04 20:03:13,273 INFO [org.junit.Test] zero00881
2016-08-04 20:03:13,273 INFO [org.junit.Test] zero00882
2016-08-04 20:03:13,273 INFO [org.junit.Test] zero00883
2016-08-04 20:03:13,273 INFO [org.junit.Test] zero00884
2016-08-04 20:03:13,273 INFO [org.junit.Test] zero00885
2016-08-04 20:03:13,273 INFO [org.junit.Test] zero00886
2016-08-04 20:03:13,273 INFO [org.junit.Test] zero00887
2016-08-04 20:03:13,273 INFO [org.junit.Test] zero00888
2016-08-04 20:03:13,273 INFO [org.junit.Test] zero00889
2016-08-04 20:03:13,273 INFO [org.junit.Test] zero00890
2016-08-04 20:03:13,273 INFO [org.junit.Test] zero00891
2016-08-04 20:03:13,273 INFO [org.junit.Test] zero00892
2016-08-04 20:03:13,273 INFO [org.junit.Test] zero00893
2016-08-04 20:03:13,273 INFO [org.junit.Test] zero00894
2016-08-04 20:03:13,273 INFO [org.junit.Test] zero00895
2016-08-04 20:03:13,273 INFO [org.junit.Test] zero00896
2016-08-04 20:03:13,273 INFO [org.junit.Test] zero00897
2016-08-04 20:03:13,273 INFO [org.junit.Test] zero00898
2016-08-04 20:03:13,273 INFO [org.junit.Test] zero00899
2016-08-04 20:03:13,273 INFO [org.junit.Test] zero00900
2016-08-04 20:03:13,273 INFO [org.junit.Test] zero00901
2016-08-04 20:03:13,273 INFO [org.junit.Test] zero00902
2016-08-04 20:03:13,273 INFO [org.junit.Test] zero00903
2016-08-04 20:03:13,273 INFO [org.junit.Test] zero00904
2016-08-04 20:03:13,273 INFO [org.junit.Test] zero00905
2016-08-04 20:03:13,273 INFO [org.junit.Test] zero00906
2016-08-04 20:03:13,273 INFO [org.junit.Test] zero00907
2016-08-04 20:03:13,273 INFO [org.junit.Test] zero00908
2016-08-04 20:03:13,273 INFO [org.junit.Test] zero00909
2016-08-04 20:03:13,273 INFO [org.junit.Test] zero00910
2016-08-04 20:03:13,273 INFO [org.junit.Test] zero00911
2016-08-04 20:03:13,273 INFO [org.junit.Test] zero00912
2016-08-04 20:03:13,273 INFO [org.junit.Test] zero00913
2016-08-04 20:03:13,273 INFO [org.junit.Test] zero00914
2016-08-04 20:03:13,273 INFO [org.junit.Test] zero00915
2016-08-04 20:03:13,273 INFO [org.junit.Test] zero00916
2016-08-04 20:03:13,273 INFO [org.junit.Test] zero00917
2016-08-04 20:03:13,273 INFO [org.junit.Test] zero00918
2016-08-04 20:03:13,273 INFO [org.junit.Test] zero00919
2016-08-04 20:03:13,273 INFO [org.junit.Test] zero00920
2016-08-04 20:03:13,273 INFO [org.junit.Test] zero00921
2016-08-04 20:03:13,273 INFO [org.junit.Test] zero00922
2016-08-04 20:03:13,273 INFO [org.junit.Test] zero00923
2016-08-04 20:03:13,273 INFO [org.junit.Test] zero00924
2016-08-04 20:03:13,273 INFO [org.junit.Test] zero00925
2016-08-04 20:03:13,273 INFO [org.junit.Test] zero00926
2016-08-04 20:03:13,273 INFO [org.junit.Test] zero00927
2016-08-04 20:03:13,273 INFO [org.junit.Test] zero00928
2016-08-04 20:03:13,273 INFO [org.junit.Test] zero00929
2016-08-04 20:03:13,273 INFO [org.junit.Test] zero00930
2016-08-04 20:03:13,273 INFO [org.junit.Test] zero00931
2016-08-04 20:03:13,273 INFO [org.junit.Test] zero00932
2016-08-04 20:03:13,273 INFO [org.junit.Test] zero00933
2016-08-04 20:03:13,273 INFO [org.junit.Test] zero00934
2016-08-04 20:03:13,273 INFO [org.junit.Test] zero00935
2016-08-04 20:03:13,273 INFO [org.junit.Test] zero00936
2016-08-04 20:03:13,273 INFO [org.junit.Test] zero00937
2016-08-04 20:03:13,273 INFO [org.junit.Test] zero00938
2016-08-04 20:03:13,273 INFO [org.junit.Test] zero00939
2016-08-04 20:03:13,273 INFO [org.junit.Test] zero00940
2016-08-04 20:03:13,273 INFO [org.junit.Test] zero00941
2016-08-04 20:03:13,273 INFO [org.junit.Test] zero00942
2016-08-04 20:03:13,273 INFO [org.junit.Test] zero00943
2016-08-04 20:03:13,273 INFO [org.junit.Test] zero00944
2016-08-04 20:03:13,273 INFO [org.junit.Test] zero00945
2016-08-04 20:03:13,273 INFO [org.junit.Test] zero00946
2016-08-04 20:03:13,273 INFO [org.junit.Test] zero00947
2016-08-04 20:03:13,273 INFO [org.junit.Test] zero00948
2016-08-04 20:03:13,273 INFO [org.junit.Test] zero00949
2016-08-04 20:03:13,273 INFO [org.junit.Test] zero00950
2016-08-04 20:03:13,273 INFO [org.junit.Test] zero00951
2016-08-04 20:03:13,273 INFO [org.junit.Test] zero00952
2016-08-04 20:03:13,273 INFO [org.junit.Test] zero00953
2016-08-04 20:03:13,273 INFO [org.junit.Test] zero00954
2016-08-04 20:03:13,273 INFO [org.junit.Test] zero00955
2016-08-04 20:03:13,273 INFO [org.junit.Test] zero00956
2016-08-04 20:03:13,273 INFO [org.junit.Test] zero00957
2016-08-04 20:03:13,273 INFO [org.junit.Test] zero00958
2016-08-04 20:03:13,273 INFO [org.junit.Test] zero00959
2016-08-04 20:03:13,273 INFO [org.junit.Test] zero00960
2016-08-04 20:03:13,273 INFO [org.junit.Test] zero00961
2016-08-04 20:03:13,273 INFO [org.junit.Test] zero00962
2016-08-04 20:03:13,273 INFO [org.junit.Test] zero00963
2016-08-04 20:03:13,273 INFO [org.junit.Test] zero00964
2016-08-04 20:03:13,273 INFO [org.junit.Test] zero00965
2016-08-04 20:03:13,273 INFO [org.junit.Test] zero00966
2016-08-04 20:03:13,273 INFO [org.junit.Test] zero00967
2016-08-04 20:03:13,273 INFO [org.junit.Test] zero00968
2016-08-04 20:03:13,273 INFO [org.junit.Test] zero00969
2016-08-04 20:03:13,273 INFO [org.junit.Test] zero00970
2016-08-04 20:03:13,273 INFO [org.junit.Test] zero00971
2016-08-04 20:03:13,273 INFO [org.junit.Test] zero00972
2016-08-04 20:03:13,274 INFO [org.junit.Test] zero00973
2016-08-04 20:03:13,274 INFO [org.junit.Test] zero00974
2016-08-04 20:03:13,274 INFO [org.junit.Test] zero00975
2016-08-04 20:03:13,274 INFO [org.junit.Test] zero00976
2016-08-04 20:03:13,274 INFO [org.junit.Test] zero00977
2016-08-04 20:03:13,274 INFO [org.junit.Test] zero00978
2016-08-04 20:03:13,274 INFO [org.junit.Test] zero00979
2016-08-04 20:03:13,274 INFO [org.junit.Test] zero00980
2016-08-04 20:03:13,274 INFO [org.junit.Test] zero00981
2016-08-04 20:03:13,274 INFO [org.junit.Test] zero00982
2016-08-04 20:03:13,274 INFO [org.junit.Test] zero00983
2016-08-04 20:03:13,274 INFO [org.junit.Test] zero00984
2016-08-04 20:03:13,274 INFO [org.junit.Test] zero00985
2016-08-04 20:03:13,274 INFO [org.junit.Test] zero00986
2016-08-04 20:03:13,274 INFO [org.junit.Test] zero00987
2016-08-04 20:03:13,274 INFO [org.junit.Test] zero00988
2016-08-04 20:03:13,274 INFO [org.junit.Test] zero00989
2016-08-04 20:03:13,274 INFO [org.junit.Test] zero00990
2016-08-04 20:03:13,274 INFO [org.junit.Test] zero00991
2016-08-04 20:03:13,274 INFO [org.junit.Test] zero00992
2016-08-04 20:03:13,274 INFO [org.junit.Test] zero00993
2016-08-04 20:03:13,274 INFO [org.junit.Test] zero00994
2016-08-04 20:03:13,274 INFO [org.junit.Test] zero00995
2016-08-04 20:03:13,274 INFO [org.junit.Test] zero00996
2016-08-04 20:03:13,274 INFO [org.junit.Test] zero00997
2016-08-04 20:03:13,274 INFO [org.junit.Test] zero00998
2016-08-04 20:03:13,274 INFO [org.junit.Test] zero00999
2016-08-04 20:03:16,274 INFO [org.junit.Test] zero000
2016-08-04 20:03:16,274 INFO [org.junit.Test] zero001
2016-08-04 20:03:16,274 INFO [org.junit.Test] zero002
2016-08-04 20:03:16,274 INFO [org.junit.Test] zero003
2016-08-04 20:03:16,274 INFO [org.junit.Test] zero004
2016-08-04 20:03:16,274 INFO [org.junit.Test] zero005
2016-08-04 20:03:16,274 INFO [org.junit.Test] zero006
2016-08-04 20:03:16,274 INFO [org.junit.Test] zero007
2016-08-04 20:03:16,274 INFO [org.junit.Test] zero008
2016-08-04 20:03:16,274 INFO [org.junit.Test] zero009
2016-08-04 20:03:16,274 INFO [org.junit.Test] zero0010
2016-08-04 20:03:16,274 INFO [org.junit.Test] zero0011
2016-08-04 20:03:16,274 INFO [org.junit.Test] zero0012
2016-08-04 20:03:16,274 INFO [org.junit.Test] zero0013
2016-08-04 20:03:16,274 INFO [org.junit.Test] zero0014
2016-08-04 20:03:16,274 INFO [org.junit.Test] zero0015
2016-08-04 20:03:16,274 INFO [org.junit.Test] zero0016
2016-08-04 20:03:16,274 INFO [org.junit.Test] zero0017
2016-08-04 20:03:16,274 INFO [org.junit.Test] zero0018
2016-08-04 20:03:16,274 INFO [org.junit.Test] zero0019
2016-08-04 20:03:16,274 INFO [org.junit.Test] zero0020
2016-08-04 20:03:16,274 INFO [org.junit.Test] zero0021
2016-08-04 20:03:16,274 INFO [org.junit.Test] zero0022
2016-08-04 20:03:16,274 INFO [org.junit.Test] zero0023
2016-08-04 20:03:16,274 INFO [org.junit.Test] zero0024
2016-08-04 20:03:16,274 INFO [org.junit.Test] zero0025
2016-08-04 20:03:16,274 INFO [org.junit.Test] zero0026
2016-08-04 20:03:16,274 INFO [org.junit.Test] zero0027
2016-08-04 20:03:16,274 INFO [org.junit.Test] zero0028
2016-08-04 20:03:16,274 INFO [org.junit.Test] zero0029
2016-08-04 20:03:16,274 INFO [org.junit.Test] zero0030
2016-08-04 20:03:16,274 INFO [org.junit.Test] zero0031
2016-08-04 20:03:16,274 INFO [org.junit.Test] zero0032
2016-08-04 20:03:16,274 INFO [org.junit.Test] zero0033
2016-08-04 20:03:16,274 INFO [org.junit.Test] zero0034
2016-08-04 20:03:16,274 INFO [org.junit.Test] zero0035
2016-08-04 20:03:16,274 INFO [org.junit.Test] zero0036
2016-08-04 20:03:16,274 INFO [org.junit.Test] zero0037
2016-08-04 20:03:16,274 INFO [org.junit.Test] zero0038
2016-08-04 20:03:16,274 INFO [org.junit.Test] zero0039
2016-08-04 20:03:16,274 INFO [org.junit.Test] zero0040
2016-08-04 20:03:16,274 INFO [org.junit.Test] zero0041
2016-08-04 20:03:16,274 INFO [org.junit.Test] zero0042
2016-08-04 20:03:16,274 INFO [org.junit.Test] zero0043
2016-08-04 20:03:16,274 INFO [org.junit.Test] zero0044
2016-08-04 20:03:16,274 INFO [org.junit.Test] zero0045
2016-08-04 20:03:16,274 INFO [org.junit.Test] zero0046
2016-08-04 20:03:16,274 INFO [org.junit.Test] zero0047
2016-08-04 20:03:16,274 INFO [org.junit.Test] zero0048
2016-08-04 20:03:16,274 INFO [org.junit.Test] zero0049
2016-08-04 20:03:16,274 INFO [org.junit.Test] zero0050
2016-08-04 20:03:16,274 INFO [org.junit.Test] zero0051
2016-08-04 20:03:16,274 INFO [org.junit.Test] zero0052
2016-08-04 20:03:16,274 INFO [org.junit.Test] zero0053
2016-08-04 20:03:16,274 INFO [org.junit.Test] zero0054
2016-08-04 20:03:16,274 INFO [org.junit.Test] zero0055
2016-08-04 20:03:16,274 INFO [org.junit.Test] zero0056
2016-08-04 20:03:16,275 INFO [org.junit.Test] zero0057
2016-08-04 20:03:16,275 INFO [org.junit.Test] zero0058
2016-08-04 20:03:16,275 INFO [org.junit.Test] zero0059
2016-08-04 20:03:16,275 INFO [org.junit.Test] zero0060
2016-08-04 20:03:16,275 INFO [org.junit.Test] zero0061
2016-08-04 20:03:16,275 INFO [org.junit.Test] zero0062
2016-08-04 20:03:16,275 INFO [org.junit.Test] zero0063
2016-08-04 20:03:16,275 INFO [org.junit.Test] zero0064
2016-08-04 20:03:16,275 INFO [org.junit.Test] zero0065
2016-08-04 20:03:16,275 INFO [org.junit.Test] zero0066
2016-08-04 20:03:16,275 INFO [org.junit.Test] zero0067
2016-08-04 20:03:16,275 INFO [org.junit.Test] zero0068
2016-08-04 20:03:16,275 INFO [org.junit.Test] zero0069
2016-08-04 20:03:16,275 INFO [org.junit.Test] zero0070
2016-08-04 20:03:16,275 INFO [org.junit.Test] zero0071
2016-08-04 20:03:16,275 INFO [org.junit.Test] zero0072
2016-08-04 20:03:16,275 INFO [org.junit.Test] zero0073
2016-08-04 20:03:16,275 INFO [org.junit.Test] zero0074
2016-08-04 20:03:16,275 INFO [org.junit.Test] zero0075
2016-08-04 20:03:16,275 INFO [org.junit.Test] zero0076
2016-08-04 20:03:16,275 INFO [org.junit.Test] zero0077
2016-08-04 20:03:16,275 INFO [org.junit.Test] zero0078
2016-08-04 20:03:16,275 INFO [org.junit.Test] zero0079
2016-08-04 20:03:16,275 INFO [org.junit.Test] zero0080
2016-08-04 20:03:16,275 INFO [org.junit.Test] zero0081
2016-08-04 20:03:16,275 INFO [org.junit.Test] zero0082
2016-08-04 20:03:16,275 INFO [org.junit.Test] zero0083
2016-08-04 20:03:16,275 INFO [org.junit.Test] zero0084
2016-08-04 20:03:16,275 INFO [org.junit.Test] zero0085
2016-08-04 20:03:16,275 INFO [org.junit.Test] zero0086
2016-08-04 20:03:16,275 INFO [org.junit.Test] zero0087
2016-08-04 20:03:16,275 INFO [org.junit.Test] zero0088
2016-08-04 20:03:16,275 INFO [org.junit.Test] zero0089
2016-08-04 20:03:16,275 INFO [org.junit.Test] zero0090
2016-08-04 20:03:16,275 INFO [org.junit.Test] zero0091
2016-08-04 20:03:16,275 INFO [org.junit.Test] zero0092
2016-08-04 20:03:16,275 INFO [org.junit.Test] zero0093
2016-08-04 20:03:16,275 INFO [org.junit.Test] zero0094
2016-08-04 20:03:16,275 INFO [org.junit.Test] zero0095
2016-08-04 20:03:16,275 INFO [org.junit.Test] zero0096
2016-08-04 20:03:16,275 INFO [org.junit.Test] zero0097
2016-08-04 20:03:16,275 INFO [org.junit.Test] zero0098
2016-08-04 20:03:16,275 INFO [org.junit.Test] zero0099
2016-08-04 20:03:16,275 INFO [org.junit.Test] zero00100
2016-08-04 20:03:16,275 INFO [org.junit.Test] zero00101
2016-08-04 20:03:16,275 INFO [org.junit.Test] zero00102
2016-08-04 20:03:16,275 INFO [org.junit.Test] zero00103
2016-08-04 20:03:16,275 INFO [org.junit.Test] zero00104
2016-08-04 20:03:16,275 INFO [org.junit.Test] zero00105
2016-08-04 20:03:16,275 INFO [org.junit.Test] zero00106
2016-08-04 20:03:16,275 INFO [org.junit.Test] zero00107
2016-08-04 20:03:16,275 INFO [org.junit.Test] zero00108
2016-08-04 20:03:16,275 INFO [org.junit.Test] zero00109
2016-08-04 20:03:16,275 INFO [org.junit.Test] zero00110
2016-08-04 20:03:16,275 INFO [org.junit.Test] zero00111
2016-08-04 20:03:16,275 INFO [org.junit.Test] zero00112
2016-08-04 20:03:16,275 INFO [org.junit.Test] zero00113
2016-08-04 20:03:16,275 INFO [org.junit.Test] zero00114
2016-08-04 20:03:16,275 INFO [org.junit.Test] zero00115
2016-08-04 20:03:16,275 INFO [org.junit.Test] zero00116
2016-08-04 20:03:16,275 INFO [org.junit.Test] zero00117
2016-08-04 20:03:16,275 INFO [org.junit.Test] zero00118
2016-08-04 20:03:16,275 INFO [org.junit.Test] zero00119
2016-08-04 20:03:16,275 INFO [org.junit.Test] zero00120
2016-08-04 20:03:16,275 INFO [org.junit.Test] zero00121
2016-08-04 20:03:16,275 INFO [org.junit.Test] zero00122
2016-08-04 20:03:16,275 INFO [org.junit.Test] zero00123
2016-08-04 20:03:16,275 INFO [org.junit.Test] zero00124
2016-08-04 20:03:16,275 INFO [org.junit.Test] zero00125
2016-08-04 20:03:16,275 INFO [org.junit.Test] zero00126
2016-08-04 20:03:16,275 INFO [org.junit.Test] zero00127
2016-08-04 20:03:16,275 INFO [org.junit.Test] zero00128
2016-08-04 20:03:16,275 INFO [org.junit.Test] zero00129
2016-08-04 20:03:16,275 INFO [org.junit.Test] zero00130
2016-08-04 20:03:16,275 INFO [org.junit.Test] zero00131
2016-08-04 20:03:16,275 INFO [org.junit.Test] zero00132
2016-08-04 20:03:16,275 INFO [org.junit.Test] zero00133
2016-08-04 20:03:16,275 INFO [org.junit.Test] zero00134
2016-08-04 20:03:16,275 INFO [org.junit.Test] zero00135
2016-08-04 20:03:16,275 INFO [org.junit.Test] zero00136
2016-08-04 20:03:16,275 INFO [org.junit.Test] zero00137
2016-08-04 20:03:16,275 INFO [org.junit.Test] zero00138
2016-08-04 20:03:16,275 INFO [org.junit.Test] zero00139
2016-08-04 20:03:16,275 INFO [org.junit.Test] zero00140
2016-08-04 20:03:16,275 INFO [org.junit.Test] zero00141
2016-08-04 20:03:16,275 INFO [org.junit.Test] zero00142
2016-08-04 20:03:16,275 INFO [org.junit.Test] zero00143
2016-08-04 20:03:16,275 INFO [org.junit.Test] zero00144
2016-08-04 20:03:16,275 INFO [org.junit.Test] zero00145
2016-08-04 20:03:16,275 INFO [org.junit.Test] zero00146
2016-08-04 20:03:16,275 INFO [org.junit.Test] zero00147
2016-08-04 20:03:16,275 INFO [org.junit.Test] zero00148
2016-08-04 20:03:16,275 INFO [org.junit.Test] zero00149
2016-08-04 20:03:16,275 INFO [org.junit.Test] zero00150
2016-08-04 20:03:16,275 INFO [org.junit.Test] zero00151
2016-08-04 20:03:16,275 INFO [org.junit.Test] zero00152
2016-08-04 20:03:16,275 INFO [org.junit.Test] zero00153
2016-08-04 20:03:16,276 INFO [org.junit.Test] zero00154
2016-08-04 20:03:16,276 INFO [org.junit.Test] zero00155
2016-08-04 20:03:16,276 INFO [org.junit.Test] zero00156
2016-08-04 20:03:16,276 INFO [org.junit.Test] zero00157
2016-08-04 20:03:16,276 INFO [org.junit.Test] zero00158
2016-08-04 20:03:16,276 INFO [org.junit.Test] zero00159
2016-08-04 20:03:16,276 INFO [org.junit.Test] zero00160
2016-08-04 20:03:16,276 INFO [org.junit.Test] zero00161
2016-08-04 20:03:16,276 INFO [org.junit.Test] zero00162
2016-08-04 20:03:16,276 INFO [org.junit.Test] zero00163
2016-08-04 20:03:16,276 INFO [org.junit.Test] zero00164
2016-08-04 20:03:16,276 INFO [org.junit.Test] zero00165
2016-08-04 20:03:16,276 INFO [org.junit.Test] zero00166
2016-08-04 20:03:16,276 INFO [org.junit.Test] zero00167
2016-08-04 20:03:16,276 INFO [org.junit.Test] zero00168
2016-08-04 20:03:16,276 INFO [org.junit.Test] zero00169
2016-08-04 20:03:16,276 INFO [org.junit.Test] zero00170
2016-08-04 20:03:16,276 INFO [org.junit.Test] zero00171
2016-08-04 20:03:16,276 INFO [org.junit.Test] zero00172
2016-08-04 20:03:16,276 INFO [org.junit.Test] zero00173
2016-08-04 20:03:16,276 INFO [org.junit.Test] zero00174
2016-08-04 20:03:16,276 INFO [org.junit.Test] zero00175
2016-08-04 20:03:16,276 INFO [org.junit.Test] zero00176
2016-08-04 20:03:16,276 INFO [org.junit.Test] zero00177
2016-08-04 20:03:16,276 INFO [org.junit.Test] zero00178
2016-08-04 20:03:16,276 INFO [org.junit.Test] zero00179
2016-08-04 20:03:16,276 INFO [org.junit.Test] zero00180
2016-08-04 20:03:16,276 INFO [org.junit.Test] zero00181
2016-08-04 20:03:16,276 INFO [org.junit.Test] zero00182
2016-08-04 20:03:16,276 INFO [org.junit.Test] zero00183
2016-08-04 20:03:16,276 INFO [org.junit.Test] zero00184
2016-08-04 20:03:16,276 INFO [org.junit.Test] zero00185
2016-08-04 20:03:16,276 INFO [org.junit.Test] zero00186
2016-08-04 20:03:16,276 INFO [org.junit.Test] zero00187
2016-08-04 20:03:16,276 INFO [org.junit.Test] zero00188
2016-08-04 20:03:16,276 INFO [org.junit.Test] zero00189
2016-08-04 20:03:16,276 INFO [org.junit.Test] zero00190
2016-08-04 20:03:16,276 INFO [org.junit.Test] zero00191
2016-08-04 20:03:16,276 INFO [org.junit.Test] zero00192
2016-08-04 20:03:16,276 INFO [org.junit.Test] zero00193
2016-08-04 20:03:16,276 INFO [org.junit.Test] zero00194
2016-08-04 20:03:16,276 INFO [org.junit.Test] zero00195
2016-08-04 20:03:16,276 INFO [org.junit.Test] zero00196
2016-08-04 20:03:16,276 INFO [org.junit.Test] zero00197
2016-08-04 20:03:16,276 INFO [org.junit.Test] zero00198
2016-08-04 20:03:16,276 INFO [org.junit.Test] zero00199
2016-08-04 20:03:16,276 INFO [org.junit.Test] zero00200
2016-08-04 20:03:16,276 INFO [org.junit.Test] zero00201
2016-08-04 20:03:16,276 INFO [org.junit.Test] zero00202
2016-08-04 20:03:16,276 INFO [org.junit.Test] zero00203
2016-08-04 20:03:16,276 INFO [org.junit.Test] zero00204
2016-08-04 20:03:16,276 INFO [org.junit.Test] zero00205
2016-08-04 20:03:16,276 INFO [org.junit.Test] zero00206
2016-08-04 20:03:16,276 INFO [org.junit.Test] zero00207
2016-08-04 20:03:16,276 INFO [org.junit.Test] zero00208
2016-08-04 20:03:16,276 INFO [org.junit.Test] zero00209
2016-08-04 20:03:16,276 INFO [org.junit.Test] zero00210
2016-08-04 20:03:16,276 INFO [org.junit.Test] zero00211
2016-08-04 20:03:16,276 INFO [org.junit.Test] zero00212
2016-08-04 20:03:16,276 INFO [org.junit.Test] zero00213
2016-08-04 20:03:16,276 INFO [org.junit.Test] zero00214
2016-08-04 20:03:16,276 INFO [org.junit.Test] zero00215
2016-08-04 20:03:16,276 INFO [org.junit.Test] zero00216
2016-08-04 20:03:16,276 INFO [org.junit.Test] zero00217
2016-08-04 20:03:16,276 INFO [org.junit.Test] zero00218
2016-08-04 20:03:16,276 INFO [org.junit.Test] zero00219
2016-08-04 20:03:16,276 INFO [org.junit.Test] zero00220
2016-08-04 20:03:16,276 INFO [org.junit.Test] zero00221
2016-08-04 20:03:16,276 INFO [org.junit.Test] zero00222
2016-08-04 20:03:16,276 INFO [org.junit.Test] zero00223
2016-08-04 20:03:16,276 INFO [org.junit.Test] zero00224
2016-08-04 20:03:16,276 INFO [org.junit.Test] zero00225
2016-08-04 20:03:16,276 INFO [org.junit.Test] zero00226
2016-08-04 20:03:16,276 INFO [org.junit.Test] zero00227
2016-08-04 20:03:16,276 INFO [org.junit.Test] zero00228
2016-08-04 20:03:16,276 INFO [org.junit.Test] zero00229
2016-08-04 20:03:16,276 INFO [org.junit.Test] zero00230
2016-08-04 20:03:16,276 INFO [org.junit.Test] zero00231
2016-08-04 20:03:16,276 INFO [org.junit.Test] zero00232
2016-08-04 20:03:16,276 INFO [org.junit.Test] zero00233
2016-08-04 20:03:16,276 INFO [org.junit.Test] zero00234
2016-08-04 20:03:16,276 INFO [org.junit.Test] zero00235
2016-08-04 20:03:16,276 INFO [org.junit.Test] zero00236
2016-08-04 20:03:16,276 INFO [org.junit.Test] zero00237
2016-08-04 20:03:16,276 INFO [org.junit.Test] zero00238
2016-08-04 20:03:16,276 INFO [org.junit.Test] zero00239
2016-08-04 20:03:16,276 INFO [org.junit.Test] zero00240
2016-08-04 20:03:16,276 INFO [org.junit.Test] zero00241
2016-08-04 20:03:16,276 INFO [org.junit.Test] zero00242
2016-08-04 20:03:16,276 INFO [org.junit.Test] zero00243
2016-08-04 20:03:16,276 INFO [org.junit.Test] zero00244
2016-08-04 20:03:16,276 INFO [org.junit.Test] zero00245
2016-08-04 20:03:16,276 INFO [org.junit.Test] zero00246
2016-08-04 20:03:16,276 INFO [org.junit.Test] zero00247
2016-08-04 20:03:16,276 INFO [org.junit.Test] zero00248
2016-08-04 20:03:16,276 INFO [org.junit.Test] zero00249
2016-08-04 20:03:16,276 INFO [org.junit.Test] zero00250
2016-08-04 20:03:16,276 INFO [org.junit.Test] zero00251
2016-08-04 20:03:16,276 INFO [org.junit.Test] zero00252
2016-08-04 20:03:16,276 INFO [org.junit.Test] zero00253
2016-08-04 20:03:16,276 INFO [org.junit.Test] zero00254
2016-08-04 20:03:16,276 INFO [org.junit.Test] zero00255
2016-08-04 20:03:16,276 INFO [org.junit.Test] zero00256
2016-08-04 20:03:16,276 INFO [org.junit.Test] zero00257
2016-08-04 20:03:16,276 INFO [org.junit.Test] zero00258
2016-08-04 20:03:16,276 INFO [org.junit.Test] zero00259
2016-08-04 20:03:16,276 INFO [org.junit.Test] zero00260
2016-08-04 20:03:16,276 INFO [org.junit.Test] zero00261
2016-08-04 20:03:16,276 INFO [org.junit.Test] zero00262
2016-08-04 20:03:16,276 INFO [org.junit.Test] zero00263
2016-08-04 20:03:16,276 INFO [org.junit.Test] zero00264
2016-08-04 20:03:16,276 INFO [org.junit.Test] zero00265
2016-08-04 20:03:16,276 INFO [org.junit.Test] zero00266
2016-08-04 20:03:16,276 INFO [org.junit.Test] zero00267
2016-08-04 20:03:16,276 INFO [org.junit.Test] zero00268
2016-08-04 20:03:16,276 INFO [org.junit.Test] zero00269
2016-08-04 20:03:16,276 INFO [org.junit.Test] zero00270
2016-08-04 20:03:16,276 INFO [org.junit.Test] zero00271
2016-08-04 20:03:16,276 INFO [org.junit.Test] zero00272
2016-08-04 20:03:16,276 INFO [org.junit.Test] zero00273
2016-08-04 20:03:16,276 INFO [org.junit.Test] zero00274
2016-08-04 20:03:16,276 INFO [org.junit.Test] zero00275
2016-08-04 20:03:16,276 INFO [org.junit.Test] zero00276
2016-08-04 20:03:16,276 INFO [org.junit.Test] zero00277
2016-08-04 20:03:16,276 INFO [org.junit.Test] zero00278
2016-08-04 20:03:16,276 INFO [org.junit.Test] zero00279
2016-08-04 20:03:16,276 INFO [org.junit.Test] zero00280
2016-08-04 20:03:16,276 INFO [org.junit.Test] zero00281
2016-08-04 20:03:16,276 INFO [org.junit.Test] zero00282
2016-08-04 20:03:16,276 INFO [org.junit.Test] zero00283
2016-08-04 20:03:16,276 INFO [org.junit.Test] zero00284
2016-08-04 20:03:16,276 INFO [org.junit.Test] zero00285
2016-08-04 20:03:16,276 INFO [org.junit.Test] zero00286
2016-08-04 20:03:16,276 INFO [org.junit.Test] zero00287
2016-08-04 20:03:16,276 INFO [org.junit.Test] zero00288
2016-08-04 20:03:16,276 INFO [org.junit.Test] zero00289
2016-08-04 20:03:16,276 INFO [org.junit.Test] zero00290
2016-08-04 20:03:16,276 INFO [org.junit.Test] zero00291
2016-08-04 20:03:16,276 INFO [org.junit.Test] zero00292
2016-08-04 20:03:16,276 INFO [org.junit.Test] zero00293
2016-08-04 20:03:16,276 INFO [org.junit.Test] zero00294
2016-08-04 20:03:16,276 INFO [org.junit.Test] zero00295
2016-08-04 20:03:16,276 INFO [org.junit.Test] zero00296
2016-08-04 20:03:16,276 INFO [org.junit.Test] zero00297
2016-08-04 20:03:16,276 INFO [org.junit.Test] zero00298
2016-08-04 20:03:16,276 INFO [org.junit.Test] zero00299
2016-08-04 20:03:16,276 INFO [org.junit.Test] zero00300
2016-08-04 20:03:16,276 INFO [org.junit.Test] zero00301
2016-08-04 20:03:16,276 INFO [org.junit.Test] zero00302
2016-08-04 20:03:16,276 INFO [org.junit.Test] zero00303
2016-08-04 20:03:16,276 INFO [org.junit.Test] zero00304
2016-08-04 20:03:16,276 INFO [org.junit.Test] zero00305
2016-08-04 20:03:16,276 INFO [org.junit.Test] zero00306
2016-08-04 20:03:16,276 INFO [org.junit.Test] zero00307
2016-08-04 20:03:16,276 INFO [org.junit.Test] zero00308
2016-08-04 20:03:16,276 INFO [org.junit.Test] zero00309
2016-08-04 20:03:16,276 INFO [org.junit.Test] zero00310
2016-08-04 20:03:16,276 INFO [org.junit.Test] zero00311
2016-08-04 20:03:16,276 INFO [org.junit.Test] zero00312
2016-08-04 20:03:16,276 INFO [org.junit.Test] zero00313
2016-08-04 20:03:16,276 INFO [org.junit.Test] zero00314
2016-08-04 20:03:16,276 INFO [org.junit.Test] zero00315
2016-08-04 20:03:16,276 INFO [org.junit.Test] zero00316
2016-08-04 20:03:16,276 INFO [org.junit.Test] zero00317
2016-08-04 20:03:16,276 INFO [org.junit.Test] zero00318
2016-08-04 20:03:16,276 INFO [org.junit.Test] zero00319
2016-08-04 20:03:16,276 INFO [org.junit.Test] zero00320
2016-08-04 20:03:16,276 INFO [org.junit.Test] zero00321
2016-08-04 20:03:16,276 INFO [org.junit.Test] zero00322
2016-08-04 20:03:16,276 INFO [org.junit.Test] zero00323
2016-08-04 20:03:16,276 INFO [org.junit.Test] zero00324
2016-08-04 20:03:16,276 INFO [org.junit.Test] zero00325
2016-08-04 20:03:16,276 INFO [org.junit.Test] zero00326
2016-08-04 20:03:16,276 INFO [org.junit.Test] zero00327
2016-08-04 20:03:16,276 INFO [org.junit.Test] zero00328
2016-08-04 20:03:16,276 INFO [org.junit.Test] zero00329
2016-08-04 20:03:16,277 INFO [org.junit.Test] zero00330
2016-08-04 20:03:16,277 INFO [org.junit.Test] zero00331
2016-08-04 20:03:16,277 INFO [org.junit.Test] zero00332
2016-08-04 20:03:16,277 INFO [org.junit.Test] zero00333
2016-08-04 20:03:16,277 INFO [org.junit.Test] zero00334
2016-08-04 20:03:16,277 INFO [org.junit.Test] zero00335
2016-08-04 20:03:16,277 INFO [org.junit.Test] zero00336
2016-08-04 20:03:16,277 INFO [org.junit.Test] zero00337
2016-08-04 20:03:16,277 INFO [org.junit.Test] zero00338
2016-08-04 20:03:16,277 INFO [org.junit.Test] zero00339
2016-08-04 20:03:16,277 INFO [org.junit.Test] zero00340
2016-08-04 20:03:16,277 INFO [org.junit.Test] zero00341
2016-08-04 20:03:16,277 INFO [org.junit.Test] zero00342
2016-08-04 20:03:16,277 INFO [org.junit.Test] zero00343
2016-08-04 20:03:16,277 INFO [org.junit.Test] zero00344
2016-08-04 20:03:16,277 INFO [org.junit.Test] zero00345
2016-08-04 20:03:16,277 INFO [org.junit.Test] zero00346
2016-08-04 20:03:16,277 INFO [org.junit.Test] zero00347
2016-08-04 20:03:16,277 INFO [org.junit.Test] zero00348
2016-08-04 20:03:16,277 INFO [org.junit.Test] zero00349
2016-08-04 20:03:16,277 INFO [org.junit.Test] zero00350
2016-08-04 20:03:16,277 INFO [org.junit.Test] zero00351
2016-08-04 20:03:16,277 INFO [org.junit.Test] zero00352
2016-08-04 20:03:16,277 INFO [org.junit.Test] zero00353
2016-08-04 20:03:16,277 INFO [org.junit.Test] zero00354
2016-08-04 20:03:16,277 INFO [org.junit.Test] zero00355
2016-08-04 20:03:16,277 INFO [org.junit.Test] zero00356
2016-08-04 20:03:16,277 INFO [org.junit.Test] zero00357
2016-08-04 20:03:16,277 INFO [org.junit.Test] zero00358
2016-08-04 20:03:16,277 INFO [org.junit.Test] zero00359
2016-08-04 20:03:16,277 INFO [org.junit.Test] zero00360
2016-08-04 20:03:16,277 INFO [org.junit.Test] zero00361
2016-08-04 20:03:16,277 INFO [org.junit.Test] zero00362
2016-08-04 20:03:16,277 INFO [org.junit.Test] zero00363
2016-08-04 20:03:16,277 INFO [org.junit.Test] zero00364
2016-08-04 20:03:16,277 INFO [org.junit.Test] zero00365
2016-08-04 20:03:16,277 INFO [org.junit.Test] zero00366
2016-08-04 20:03:16,277 INFO [org.junit.Test] zero00367
2016-08-04 20:03:16,277 INFO [org.junit.Test] zero00368
2016-08-04 20:03:16,277 INFO [org.junit.Test] zero00369
2016-08-04 20:03:16,277 INFO [org.junit.Test] zero00370
2016-08-04 20:03:16,277 INFO [org.junit.Test] zero00371
2016-08-04 20:03:16,277 INFO [org.junit.Test] zero00372
2016-08-04 20:03:16,277 INFO [org.junit.Test] zero00373
2016-08-04 20:03:16,277 INFO [org.junit.Test] zero00374
2016-08-04 20:03:16,277 INFO [org.junit.Test] zero00375
2016-08-04 20:03:16,277 INFO [org.junit.Test] zero00376
2016-08-04 20:03:16,277 INFO [org.junit.Test] zero00377
2016-08-04 20:03:16,277 INFO [org.junit.Test] zero00378
2016-08-04 20:03:16,277 INFO [org.junit.Test] zero00379
2016-08-04 20:03:16,277 INFO [org.junit.Test] zero00380
2016-08-04 20:03:16,277 INFO [org.junit.Test] zero00381
2016-08-04 20:03:16,277 INFO [org.junit.Test] zero00382
2016-08-04 20:03:16,277 INFO [org.junit.Test] zero00383
2016-08-04 20:03:16,277 INFO [org.junit.Test] zero00384
2016-08-04 20:03:16,277 INFO [org.junit.Test] zero00385
2016-08-04 20:03:16,277 INFO [org.junit.Test] zero00386
2016-08-04 20:03:16,277 INFO [org.junit.Test] zero00387
2016-08-04 20:03:16,277 INFO [org.junit.Test] zero00388
2016-08-04 20:03:16,277 INFO [org.junit.Test] zero00389
2016-08-04 20:03:16,277 INFO [org.junit.Test] zero00390
2016-08-04 20:03:16,277 INFO [org.junit.Test] zero00391
2016-08-04 20:03:16,277 INFO [org.junit.Test] zero00392
2016-08-04 20:03:16,277 INFO [org.junit.Test] zero00393
2016-08-04 20:03:16,277 INFO [org.junit.Test] zero00394
2016-08-04 20:03:16,277 INFO [org.junit.Test] zero00395
2016-08-04 20:03:16,277 INFO [org.junit.Test] zero00396
2016-08-04 20:03:16,277 INFO [org.junit.Test] zero00397
2016-08-04 20:03:16,277 INFO [org.junit.Test] zero00398
2016-08-04 20:03:16,277 INFO [org.junit.Test] zero00399
2016-08-04 20:03:16,277 INFO [org.junit.Test] zero00400
2016-08-04 20:03:16,277 INFO [org.junit.Test] zero00401
2016-08-04 20:03:16,277 INFO [org.junit.Test] zero00402
2016-08-04 20:03:16,277 INFO [org.junit.Test] zero00403
2016-08-04 20:03:16,277 INFO [org.junit.Test] zero00404
2016-08-04 20:03:16,277 INFO [org.junit.Test] zero00405
2016-08-04 20:03:16,277 INFO [org.junit.Test] zero00406
2016-08-04 20:03:16,277 INFO [org.junit.Test] zero00407
2016-08-04 20:03:16,277 INFO [org.junit.Test] zero00408
2016-08-04 20:03:16,277 INFO [org.junit.Test] zero00409
2016-08-04 20:03:16,277 INFO [org.junit.Test] zero00410
2016-08-04 20:03:16,277 INFO [org.junit.Test] zero00411
2016-08-04 20:03:16,277 INFO [org.junit.Test] zero00412
2016-08-04 20:03:16,277 INFO [org.junit.Test] zero00413
2016-08-04 20:03:16,277 INFO [org.junit.Test] zero00414
2016-08-04 20:03:16,277 INFO [org.junit.Test] zero00415
2016-08-04 20:03:16,277 INFO [org.junit.Test] zero00416
2016-08-04 20:03:16,277 INFO [org.junit.Test] zero00417
2016-08-04 20:03:16,277 INFO [org.junit.Test] zero00418
2016-08-04 20:03:16,277 INFO [org.junit.Test] zero00419
2016-08-04 20:03:16,277 INFO [org.junit.Test] zero00420
2016-08-04 20:03:16,277 INFO [org.junit.Test] zero00421
2016-08-04 20:03:16,277 INFO [org.junit.Test] zero00422
2016-08-04 20:03:16,277 INFO [org.junit.Test] zero00423
2016-08-04 20:03:16,277 INFO [org.junit.Test] zero00424
2016-08-04 20:03:16,277 INFO [org.junit.Test] zero00425
2016-08-04 20:03:16,277 INFO [org.junit.Test] zero00426
2016-08-04 20:03:16,277 INFO [org.junit.Test] zero00427
2016-08-04 20:03:16,277 INFO [org.junit.Test] zero00428
2016-08-04 20:03:16,277 INFO [org.junit.Test] zero00429
2016-08-04 20:03:16,277 INFO [org.junit.Test] zero00430
2016-08-04 20:03:16,277 INFO [org.junit.Test] zero00431
2016-08-04 20:03:16,277 INFO [org.junit.Test] zero00432
2016-08-04 20:03:16,277 INFO [org.junit.Test] zero00433
2016-08-04 20:03:16,277 INFO [org.junit.Test] zero00434
2016-08-04 20:03:16,277 INFO [org.junit.Test] zero00435
2016-08-04 20:03:16,277 INFO [org.junit.Test] zero00436
2016-08-04 20:03:16,277 INFO [org.junit.Test] zero00437
2016-08-04 20:03:16,277 INFO [org.junit.Test] zero00438
2016-08-04 20:03:16,277 INFO [org.junit.Test] zero00439
2016-08-04 20:03:16,277 INFO [org.junit.Test] zero00440
2016-08-04 20:03:16,277 INFO [org.junit.Test] zero00441
2016-08-04 20:03:16,277 INFO [org.junit.Test] zero00442
2016-08-04 20:03:16,277 INFO [org.junit.Test] zero00443
2016-08-04 20:03:16,277 INFO [org.junit.Test] zero00444
2016-08-04 20:03:16,277 INFO [org.junit.Test] zero00445
2016-08-04 20:03:16,277 INFO [org.junit.Test] zero00446
2016-08-04 20:03:16,277 INFO [org.junit.Test] zero00447
2016-08-04 20:03:16,277 INFO [org.junit.Test] zero00448
2016-08-04 20:03:16,277 INFO [org.junit.Test] zero00449
2016-08-04 20:03:16,277 INFO [org.junit.Test] zero00450
2016-08-04 20:03:16,277 INFO [org.junit.Test] zero00451
2016-08-04 20:03:16,277 INFO [org.junit.Test] zero00452
2016-08-04 20:03:16,277 INFO [org.junit.Test] zero00453
2016-08-04 20:03:16,277 INFO [org.junit.Test] zero00454
2016-08-04 20:03:16,277 INFO [org.junit.Test] zero00455
2016-08-04 20:03:16,277 INFO [org.junit.Test] zero00456
2016-08-04 20:03:16,277 INFO [org.junit.Test] zero00457
2016-08-04 20:03:16,277 INFO [org.junit.Test] zero00458
2016-08-04 20:03:16,277 INFO [org.junit.Test] zero00459
2016-08-04 20:03:16,277 INFO [org.junit.Test] zero00460
2016-08-04 20:03:16,277 INFO [org.junit.Test] zero00461
2016-08-04 20:03:16,277 INFO [org.junit.Test] zero00462
2016-08-04 20:03:16,277 INFO [org.junit.Test] zero00463
2016-08-04 20:03:16,277 INFO [org.junit.Test] zero00464
2016-08-04 20:03:16,277 INFO [org.junit.Test] zero00465
2016-08-04 20:03:16,277 INFO [org.junit.Test] zero00466
2016-08-04 20:03:16,277 INFO [org.junit.Test] zero00467
2016-08-04 20:03:16,277 INFO [org.junit.Test] zero00468
2016-08-04 20:03:16,277 INFO [org.junit.Test] zero00469
2016-08-04 20:03:16,277 INFO [org.junit.Test] zero00470
2016-08-04 20:03:16,277 INFO [org.junit.Test] zero00471
2016-08-04 20:03:16,277 INFO [org.junit.Test] zero00472
2016-08-04 20:03:16,277 INFO [org.junit.Test] zero00473
2016-08-04 20:03:16,277 INFO [org.junit.Test] zero00474
2016-08-04 20:03:16,277 INFO [org.junit.Test] zero00475
2016-08-04 20:03:16,277 INFO [org.junit.Test] zero00476
2016-08-04 20:03:16,277 INFO [org.junit.Test] zero00477
2016-08-04 20:03:16,277 INFO [org.junit.Test] zero00478
2016-08-04 20:03:16,277 INFO [org.junit.Test] zero00479
2016-08-04 20:03:16,277 INFO [org.junit.Test] zero00480
2016-08-04 20:03:16,277 INFO [org.junit.Test] zero00481
2016-08-04 20:03:16,277 INFO [org.junit.Test] zero00482
2016-08-04 20:03:16,277 INFO [org.junit.Test] zero00483
2016-08-04 20:03:16,277 INFO [org.junit.Test] zero00484
2016-08-04 20:03:16,277 INFO [org.junit.Test] zero00485
2016-08-04 20:03:16,277 INFO [org.junit.Test] zero00486
2016-08-04 20:03:16,277 INFO [org.junit.Test] zero00487
2016-08-04 20:03:16,277 INFO [org.junit.Test] zero00488
2016-08-04 20:03:16,277 INFO [org.junit.Test] zero00489
2016-08-04 20:03:16,277 INFO [org.junit.Test] zero00490
2016-08-04 20:03:16,277 INFO [org.junit.Test] zero00491
2016-08-04 20:03:16,277 INFO [org.junit.Test] zero00492
2016-08-04 20:03:16,277 INFO [org.junit.Test] zero00493
2016-08-04 20:03:16,277 INFO [org.junit.Test] zero00494
2016-08-04 20:03:16,277 INFO [org.junit.Test] zero00495
2016-08-04 20:03:16,277 INFO [org.junit.Test] zero00496
2016-08-04 20:03:16,277 INFO [org.junit.Test] zero00497
2016-08-04 20:03:16,277 INFO [org.junit.Test] zero00498
2016-08-04 20:03:16,277 INFO [org.junit.Test] zero00499
2016-08-04 20:03:16,277 INFO [org.junit.Test] zero00500
2016-08-04 20:03:16,277 INFO [org.junit.Test] zero00501
2016-08-04 20:03:16,277 INFO [org.junit.Test] zero00502
2016-08-04 20:03:16,277 INFO [org.junit.Test] zero00503
2016-08-04 20:03:16,278 INFO [org.junit.Test] zero00504
2016-08-04 20:03:16,278 INFO [org.junit.Test] zero00505
2016-08-04 20:03:16,278 INFO [org.junit.Test] zero00506
2016-08-04 20:03:16,278 INFO [org.junit.Test] zero00507
2016-08-04 20:03:16,278 INFO [org.junit.Test] zero00508
2016-08-04 20:03:16,278 INFO [org.junit.Test] zero00509
2016-08-04 20:03:16,278 INFO [org.junit.Test] zero00510
2016-08-04 20:03:16,278 INFO [org.junit.Test] zero00511
2016-08-04 20:03:16,278 INFO [org.junit.Test] zero00512
2016-08-04 20:03:16,278 INFO [org.junit.Test] zero00513
2016-08-04 20:03:16,278 INFO [org.junit.Test] zero00514
2016-08-04 20:03:16,278 INFO [org.junit.Test] zero00515
2016-08-04 20:03:16,278 INFO [org.junit.Test] zero00516
2016-08-04 20:03:16,278 INFO [org.junit.Test] zero00517
2016-08-04 20:03:16,278 INFO [org.junit.Test] zero00518
2016-08-04 20:03:16,278 INFO [org.junit.Test] zero00519
2016-08-04 20:03:16,278 INFO [org.junit.Test] zero00520
2016-08-04 20:03:16,278 INFO [org.junit.Test] zero00521
2016-08-04 20:03:16,278 INFO [org.junit.Test] zero00522
2016-08-04 20:03:16,278 INFO [org.junit.Test] zero00523
2016-08-04 20:03:16,278 INFO [org.junit.Test] zero00524
2016-08-04 20:03:16,278 INFO [org.junit.Test] zero00525
2016-08-04 20:03:16,278 INFO [org.junit.Test] zero00526
2016-08-04 20:03:16,278 INFO [org.junit.Test] zero00527
2016-08-04 20:03:16,278 INFO [org.junit.Test] zero00528
2016-08-04 20:03:16,278 INFO [org.junit.Test] zero00529
2016-08-04 20:03:16,278 INFO [org.junit.Test] zero00530
2016-08-04 20:03:16,278 INFO [org.junit.Test] zero00531
2016-08-04 20:03:16,278 INFO [org.junit.Test] zero00532
2016-08-04 20:03:16,278 INFO [org.junit.Test] zero00533
2016-08-04 20:03:16,278 INFO [org.junit.Test] zero00534
2016-08-04 20:03:16,278 INFO [org.junit.Test] zero00535
2016-08-04 20:03:16,278 INFO [org.junit.Test] zero00536
2016-08-04 20:03:16,278 INFO [org.junit.Test] zero00537
2016-08-04 20:03:16,278 INFO [org.junit.Test] zero00538
2016-08-04 20:03:16,278 INFO [org.junit.Test] zero00539
2016-08-04 20:03:16,278 INFO [org.junit.Test] zero00540
2016-08-04 20:03:16,278 INFO [org.junit.Test] zero00541
2016-08-04 20:03:16,278 INFO [org.junit.Test] zero00542
2016-08-04 20:03:16,278 INFO [org.junit.Test] zero00543
2016-08-04 20:03:16,278 INFO [org.junit.Test] zero00544
2016-08-04 20:03:16,278 INFO [org.junit.Test] zero00545
2016-08-04 20:03:16,278 INFO [org.junit.Test] zero00546
2016-08-04 20:03:16,278 INFO [org.junit.Test] zero00547
2016-08-04 20:03:16,278 INFO [org.junit.Test] zero00548
2016-08-04 20:03:16,278 INFO [org.junit.Test] zero00549
2016-08-04 20:03:16,278 INFO [org.junit.Test] zero00550
2016-08-04 20:03:16,278 INFO [org.junit.Test] zero00551
2016-08-04 20:03:16,278 INFO [org.junit.Test] zero00552
2016-08-04 20:03:16,278 INFO [org.junit.Test] zero00553
2016-08-04 20:03:16,278 INFO [org.junit.Test] zero00554
2016-08-04 20:03:16,278 INFO [org.junit.Test] zero00555
2016-08-04 20:03:16,278 INFO [org.junit.Test] zero00556
2016-08-04 20:03:16,278 INFO [org.junit.Test] zero00557
2016-08-04 20:03:16,278 INFO [org.junit.Test] zero00558
2016-08-04 20:03:16,278 INFO [org.junit.Test] zero00559
2016-08-04 20:03:16,278 INFO [org.junit.Test] zero00560
2016-08-04 20:03:16,278 INFO [org.junit.Test] zero00561
2016-08-04 20:03:16,278 INFO [org.junit.Test] zero00562
2016-08-04 20:03:16,278 INFO [org.junit.Test] zero00563
2016-08-04 20:03:16,278 INFO [org.junit.Test] zero00564
2016-08-04 20:03:16,278 INFO [org.junit.Test] zero00565
2016-08-04 20:03:16,278 INFO [org.junit.Test] zero00566
2016-08-04 20:03:16,278 INFO [org.junit.Test] zero00567
2016-08-04 20:03:16,278 INFO [org.junit.Test] zero00568
2016-08-04 20:03:16,278 INFO [org.junit.Test] zero00569
2016-08-04 20:03:16,278 INFO [org.junit.Test] zero00570
2016-08-04 20:03:16,278 INFO [org.junit.Test] zero00571
2016-08-04 20:03:16,278 INFO [org.junit.Test] zero00572
2016-08-04 20:03:16,278 INFO [org.junit.Test] zero00573
2016-08-04 20:03:16,278 INFO [org.junit.Test] zero00574
2016-08-04 20:03:16,278 INFO [org.junit.Test] zero00575
2016-08-04 20:03:16,278 INFO [org.junit.Test] zero00576
2016-08-04 20:03:16,278 INFO [org.junit.Test] zero00577
2016-08-04 20:03:16,278 INFO [org.junit.Test] zero00578
2016-08-04 20:03:16,278 INFO [org.junit.Test] zero00579
2016-08-04 20:03:16,278 INFO [org.junit.Test] zero00580
2016-08-04 20:03:16,278 INFO [org.junit.Test] zero00581
2016-08-04 20:03:16,278 INFO [org.junit.Test] zero00582
2016-08-04 20:03:16,278 INFO [org.junit.Test] zero00583
2016-08-04 20:03:16,278 INFO [org.junit.Test] zero00584
2016-08-04 20:03:16,278 INFO [org.junit.Test] zero00585
2016-08-04 20:03:16,278 INFO [org.junit.Test] zero00586
2016-08-04 20:03:16,278 INFO [org.junit.Test] zero00587
2016-08-04 20:03:16,278 INFO [org.junit.Test] zero00588
2016-08-04 20:03:16,278 INFO [org.junit.Test] zero00589
2016-08-04 20:03:16,278 INFO [org.junit.Test] zero00590
2016-08-04 20:03:16,278 INFO [org.junit.Test] zero00591
2016-08-04 20:03:16,278 INFO [org.junit.Test] zero00592
2016-08-04 20:03:16,278 INFO [org.junit.Test] zero00593
2016-08-04 20:03:16,278 INFO [org.junit.Test] zero00594
2016-08-04 20:03:16,278 INFO [org.junit.Test] zero00595
2016-08-04 20:03:16,278 INFO [org.junit.Test] zero00596
2016-08-04 20:03:16,278 INFO [org.junit.Test] zero00597
2016-08-04 20:03:16,278 INFO [org.junit.Test] zero00598
2016-08-04 20:03:16,278 INFO [org.junit.Test] zero00599
2016-08-04 20:03:16,278 INFO [org.junit.Test] zero00600
2016-08-04 20:03:16,278 INFO [org.junit.Test] zero00601
2016-08-04 20:03:16,278 INFO [org.junit.Test] zero00602
2016-08-04 20:03:16,278 INFO [org.junit.Test] zero00603
2016-08-04 20:03:16,278 INFO [org.junit.Test] zero00604
2016-08-04 20:03:16,278 INFO [org.junit.Test] zero00605
2016-08-04 20:03:16,278 INFO [org.junit.Test] zero00606
2016-08-04 20:03:16,278 INFO [org.junit.Test] zero00607
2016-08-04 20:03:16,278 INFO [org.junit.Test] zero00608
2016-08-04 20:03:16,278 INFO [org.junit.Test] zero00609
2016-08-04 20:03:16,278 INFO [org.junit.Test] zero00610
2016-08-04 20:03:16,278 INFO [org.junit.Test] zero00611
2016-08-04 20:03:16,278 INFO [org.junit.Test] zero00612
2016-08-04 20:03:16,278 INFO [org.junit.Test] zero00613
2016-08-04 20:03:16,278 INFO [org.junit.Test] zero00614
2016-08-04 20:03:16,278 INFO [org.junit.Test] zero00615
2016-08-04 20:03:16,278 INFO [org.junit.Test] zero00616
2016-08-04 20:03:16,278 INFO [org.junit.Test] zero00617
2016-08-04 20:03:16,278 INFO [org.junit.Test] zero00618
2016-08-04 20:03:16,278 INFO [org.junit.Test] zero00619
2016-08-04 20:03:16,278 INFO [org.junit.Test] zero00620
2016-08-04 20:03:16,278 INFO [org.junit.Test] zero00621
2016-08-04 20:03:16,278 INFO [org.junit.Test] zero00622
2016-08-04 20:03:16,278 INFO [org.junit.Test] zero00623
2016-08-04 20:03:16,278 INFO [org.junit.Test] zero00624
2016-08-04 20:03:16,278 INFO [org.junit.Test] zero00625
2016-08-04 20:03:16,278 INFO [org.junit.Test] zero00626
2016-08-04 20:03:16,278 INFO [org.junit.Test] zero00627
2016-08-04 20:03:16,278 INFO [org.junit.Test] zero00628
2016-08-04 20:03:16,278 INFO [org.junit.Test] zero00629
2016-08-04 20:03:16,278 INFO [org.junit.Test] zero00630
2016-08-04 20:03:16,278 INFO [org.junit.Test] zero00631
2016-08-04 20:03:16,278 INFO [org.junit.Test] zero00632
2016-08-04 20:03:16,278 INFO [org.junit.Test] zero00633
2016-08-04 20:03:16,278 INFO [org.junit.Test] zero00634
2016-08-04 20:03:16,278 INFO [org.junit.Test] zero00635
2016-08-04 20:03:16,278 INFO [org.junit.Test] zero00636
2016-08-04 20:03:16,278 INFO [org.junit.Test] zero00637
2016-08-04 20:03:16,278 INFO [org.junit.Test] zero00638
2016-08-04 20:03:16,278 INFO [org.junit.Test] zero00639
2016-08-04 20:03:16,278 INFO [org.junit.Test] zero00640
2016-08-04 20:03:16,278 INFO [org.junit.Test] zero00641
2016-08-04 20:03:16,278 INFO [org.junit.Test] zero00642
2016-08-04 20:03:16,278 INFO [org.junit.Test] zero00643
2016-08-04 20:03:16,278 INFO [org.junit.Test] zero00644
2016-08-04 20:03:16,278 INFO [org.junit.Test] zero00645
2016-08-04 20:03:16,278 INFO [org.junit.Test] zero00646
2016-08-04 20:03:16,278 INFO [org.junit.Test] zero00647
2016-08-04 20:03:16,278 INFO [org.junit.Test] zero00648
2016-08-04 20:03:16,278 INFO [org.junit.Test] zero00649
2016-08-04 20:03:16,278 INFO [org.junit.Test] zero00650
2016-08-04 20:03:16,278 INFO [org.junit.Test] zero00651
2016-08-04 20:03:16,278 INFO [org.junit.Test] zero00652
2016-08-04 20:03:16,278 INFO [org.junit.Test] zero00653
2016-08-04 20:03:16,278 INFO [org.junit.Test] zero00654
2016-08-04 20:03:16,278 INFO [org.junit.Test] zero00655
2016-08-04 20:03:16,278 INFO [org.junit.Test] zero00656
2016-08-04 20:03:16,278 INFO [org.junit.Test] zero00657
2016-08-04 20:03:16,278 INFO [org.junit.Test] zero00658
2016-08-04 20:03:16,278 INFO [org.junit.Test] zero00659
2016-08-04 20:03:16,278 INFO [org.junit.Test] zero00660
2016-08-04 20:03:16,278 INFO [org.junit.Test] zero00661
2016-08-04 20:03:16,278 INFO [org.junit.Test] zero00662
2016-08-04 20:03:16,278 INFO [org.junit.Test] zero00663
2016-08-04 20:03:16,278 INFO [org.junit.Test] zero00664
2016-08-04 20:03:16,278 INFO [org.junit.Test] zero00665
2016-08-04 20:03:16,278 INFO [org.junit.Test] zero00666
2016-08-04 20:03:16,278 INFO [org.junit.Test] zero00667
2016-08-04 20:03:16,278 INFO [org.junit.Test] zero00668
2016-08-04 20:03:16,278 INFO [org.junit.Test] zero00669
2016-08-04 20:03:16,278 INFO [org.junit.Test] zero00670
2016-08-04 20:03:16,278 INFO [org.junit.Test] zero00671
2016-08-04 20:03:16,278 INFO [org.junit.Test] zero00672
2016-08-04 20:03:16,278 INFO [org.junit.Test] zero00673
2016-08-04 20:03:16,278 INFO [org.junit.Test] zero00674
2016-08-04 20:03:16,278 INFO [org.junit.Test] zero00675
2016-08-04 20:03:16,278 INFO [org.junit.Test] zero00676
2016-08-04 20:03:16,278 INFO [org.junit.Test] zero00677
2016-08-04 20:03:16,278 INFO [org.junit.Test] zero00678
2016-08-04 20:03:16,278 INFO [org.junit.Test] zero00679
2016-08-04 20:03:16,279 INFO [org.junit.Test] zero00680
2016-08-04 20:03:16,279 INFO [org.junit.Test] zero00681
2016-08-04 20:03:16,279 INFO [org.junit.Test] zero00682
2016-08-04 20:03:16,279 INFO [org.junit.Test] zero00683
2016-08-04 20:03:16,279 INFO [org.junit.Test] zero00684
2016-08-04 20:03:16,279 INFO [org.junit.Test] zero00685
2016-08-04 20:03:16,279 INFO [org.junit.Test] zero00686
2016-08-04 20:03:16,279 INFO [org.junit.Test] zero00687
2016-08-04 20:03:16,279 INFO [org.junit.Test] zero00688
2016-08-04 20:03:16,279 INFO [org.junit.Test] zero00689
2016-08-04 20:03:16,279 INFO [org.junit.Test] zero00690
2016-08-04 20:03:16,279 INFO [org.junit.Test] zero00691
2016-08-04 20:03:16,279 INFO [org.junit.Test] zero00692
2016-08-04 20:03:16,279 INFO [org.junit.Test] zero00693
2016-08-04 20:03:16,279 INFO [org.junit.Test] zero00694
2016-08-04 20:03:16,279 INFO [org.junit.Test] zero00695
2016-08-04 20:03:16,279 INFO [org.junit.Test] zero00696
2016-08-04 20:03:16,279 INFO [org.junit.Test] zero00697
2016-08-04 20:03:16,279 INFO [org.junit.Test] zero00698
2016-08-04 20:03:16,279 INFO [org.junit.Test] zero00699
2016-08-04 20:03:16,279 INFO [org.junit.Test] zero00700
2016-08-04 20:03:16,279 INFO [org.junit.Test] zero00701
2016-08-04 20:03:16,279 INFO [org.junit.Test] zero00702
2016-08-04 20:03:16,279 INFO [org.junit.Test] zero00703
2016-08-04 20:03:16,279 INFO [org.junit.Test] zero00704
2016-08-04 20:03:16,279 INFO [org.junit.Test] zero00705
2016-08-04 20:03:16,279 INFO [org.junit.Test] zero00706
2016-08-04 20:03:16,279 INFO [org.junit.Test] zero00707
2016-08-04 20:03:16,279 INFO [org.junit.Test] zero00708
2016-08-04 20:03:16,279 INFO [org.junit.Test] zero00709
2016-08-04 20:03:16,279 INFO [org.junit.Test] zero00710
2016-08-04 20:03:16,279 INFO [org.junit.Test] zero00711
2016-08-04 20:03:16,279 INFO [org.junit.Test] zero00712
2016-08-04 20:03:16,279 INFO [org.junit.Test] zero00713
2016-08-04 20:03:16,279 INFO [org.junit.Test] zero00714
2016-08-04 20:03:16,279 INFO [org.junit.Test] zero00715
2016-08-04 20:03:16,279 INFO [org.junit.Test] zero00716
2016-08-04 20:03:16,279 INFO [org.junit.Test] zero00717
2016-08-04 20:03:16,279 INFO [org.junit.Test] zero00718
2016-08-04 20:03:16,279 INFO [org.junit.Test] zero00719
2016-08-04 20:03:16,279 INFO [org.junit.Test] zero00720
2016-08-04 20:03:16,279 INFO [org.junit.Test] zero00721
2016-08-04 20:03:16,279 INFO [org.junit.Test] zero00722
2016-08-04 20:03:16,279 INFO [org.junit.Test] zero00723
2016-08-04 20:03:16,279 INFO [org.junit.Test] zero00724
2016-08-04 20:03:16,279 INFO [org.junit.Test] zero00725
2016-08-04 20:03:16,279 INFO [org.junit.Test] zero00726
2016-08-04 20:03:16,279 INFO [org.junit.Test] zero00727
2016-08-04 20:03:16,279 INFO [org.junit.Test] zero00728
2016-08-04 20:03:16,279 INFO [org.junit.Test] zero00729
2016-08-04 20:03:16,279 INFO [org.junit.Test] zero00730
2016-08-04 20:03:16,279 INFO [org.junit.Test] zero00731
2016-08-04 20:03:16,279 INFO [org.junit.Test] zero00732
2016-08-04 20:03:16,279 INFO [org.junit.Test] zero00733
2016-08-04 20:03:16,279 INFO [org.junit.Test] zero00734
2016-08-04 20:03:16,279 INFO [org.junit.Test] zero00735
2016-08-04 20:03:16,279 INFO [org.junit.Test] zero00736
2016-08-04 20:03:16,279 INFO [org.junit.Test] zero00737
2016-08-04 20:03:16,279 INFO [org.junit.Test] zero00738
2016-08-04 20:03:16,279 INFO [org.junit.Test] zero00739
2016-08-04 20:03:16,279 INFO [org.junit.Test] zero00740
2016-08-04 20:03:16,279 INFO [org.junit.Test] zero00741
2016-08-04 20:03:16,279 INFO [org.junit.Test] zero00742
2016-08-04 20:03:16,279 INFO [org.junit.Test] zero00743
2016-08-04 20:03:16,279 INFO [org.junit.Test] zero00744
2016-08-04 20:03:16,279 INFO [org.junit.Test] zero00745
2016-08-04 20:03:16,279 INFO [org.junit.Test] zero00746
2016-08-04 20:03:16,279 INFO [org.junit.Test] zero00747
2016-08-04 20:03:16,279 INFO [org.junit.Test] zero00748
2016-08-04 20:03:16,279 INFO [org.junit.Test] zero00749
2016-08-04 20:03:16,279 INFO [org.junit.Test] zero00750
2016-08-04 20:03:16,279 INFO [org.junit.Test] zero00751
2016-08-04 20:03:16,279 INFO [org.junit.Test] zero00752
2016-08-04 20:03:16,279 INFO [org.junit.Test] zero00753
2016-08-04 20:03:16,279 INFO [org.junit.Test] zero00754
2016-08-04 20:03:16,279 INFO [org.junit.Test] zero00755
2016-08-04 20:03:16,279 INFO [org.junit.Test] zero00756
2016-08-04 20:03:16,279 INFO [org.junit.Test] zero00757
2016-08-04 20:03:16,279 INFO [org.junit.Test] zero00758
2016-08-04 20:03:16,279 INFO [org.junit.Test] zero00759
2016-08-04 20:03:16,279 INFO [org.junit.Test] zero00760
2016-08-04 20:03:16,279 INFO [org.junit.Test] zero00761
2016-08-04 20:03:16,279 INFO [org.junit.Test] zero00762
2016-08-04 20:03:16,279 INFO [org.junit.Test] zero00763
2016-08-04 20:03:16,279 INFO [org.junit.Test] zero00764
2016-08-04 20:03:16,279 INFO [org.junit.Test] zero00765
2016-08-04 20:03:16,279 INFO [org.junit.Test] zero00766
2016-08-04 20:03:16,279 INFO [org.junit.Test] zero00767
2016-08-04 20:03:16,279 INFO [org.junit.Test] zero00768
2016-08-04 20:03:16,279 INFO [org.junit.Test] zero00769
2016-08-04 20:03:16,279 INFO [org.junit.Test] zero00770
2016-08-04 20:03:16,279 INFO [org.junit.Test] zero00771
2016-08-04 20:03:16,279 INFO [org.junit.Test] zero00772
2016-08-04 20:03:16,279 INFO [org.junit.Test] zero00773
2016-08-04 20:03:16,279 INFO [org.junit.Test] zero00774
2016-08-04 20:03:16,279 INFO [org.junit.Test] zero00775
2016-08-04 20:03:16,279 INFO [org.junit.Test] zero00776
2016-08-04 20:03:16,279 INFO [org.junit.Test] zero00777
2016-08-04 20:03:16,279 INFO [org.junit.Test] zero00778
2016-08-04 20:03:16,279 INFO [org.junit.Test] zero00779
2016-08-04 20:03:16,279 INFO [org.junit.Test] zero00780
2016-08-04 20:03:16,279 INFO [org.junit.Test] zero00781
2016-08-04 20:03:16,279 INFO [org.junit.Test] zero00782
2016-08-04 20:03:16,279 INFO [org.junit.Test] zero00783
2016-08-04 20:03:16,279 INFO [org.junit.Test] zero00784
2016-08-04 20:03:16,279 INFO [org.junit.Test] zero00785
2016-08-04 20:03:16,279 INFO [org.junit.Test] zero00786
2016-08-04 20:03:16,279 INFO [org.junit.Test] zero00787
2016-08-04 20:03:16,279 INFO [org.junit.Test] zero00788
2016-08-04 20:03:16,279 INFO [org.junit.Test] zero00789
2016-08-04 20:03:16,279 INFO [org.junit.Test] zero00790
2016-08-04 20:03:16,279 INFO [org.junit.Test] zero00791
2016-08-04 20:03:16,279 INFO [org.junit.Test] zero00792
2016-08-04 20:03:16,279 INFO [org.junit.Test] zero00793
2016-08-04 20:03:16,279 INFO [org.junit.Test] zero00794
2016-08-04 20:03:16,279 INFO [org.junit.Test] zero00795
2016-08-04 20:03:16,279 INFO [org.junit.Test] zero00796
2016-08-04 20:03:16,279 INFO [org.junit.Test] zero00797
2016-08-04 20:03:16,279 INFO [org.junit.Test] zero00798
2016-08-04 20:03:16,279 INFO [org.junit.Test] zero00799
2016-08-04 20:03:16,279 INFO [org.junit.Test] zero00800
2016-08-04 20:03:16,279 INFO [org.junit.Test] zero00801
2016-08-04 20:03:16,279 INFO [org.junit.Test] zero00802
2016-08-04 20:03:16,279 INFO [org.junit.Test] zero00803
2016-08-04 20:03:16,279 INFO [org.junit.Test] zero00804
2016-08-04 20:03:16,279 INFO [org.junit.Test] zero00805
2016-08-04 20:03:16,279 INFO [org.junit.Test] zero00806
2016-08-04 20:03:16,279 INFO [org.junit.Test] zero00807
2016-08-04 20:03:16,279 INFO [org.junit.Test] zero00808
2016-08-04 20:03:16,279 INFO [org.junit.Test] zero00809
2016-08-04 20:03:16,279 INFO [org.junit.Test] zero00810
2016-08-04 20:03:16,279 INFO [org.junit.Test] zero00811
2016-08-04 20:03:16,279 INFO [org.junit.Test] zero00812
2016-08-04 20:03:16,279 INFO [org.junit.Test] zero00813
2016-08-04 20:03:16,279 INFO [org.junit.Test] zero00814
2016-08-04 20:03:16,279 INFO [org.junit.Test] zero00815
2016-08-04 20:03:16,279 INFO [org.junit.Test] zero00816
2016-08-04 20:03:16,279 INFO [org.junit.Test] zero00817
2016-08-04 20:03:16,279 INFO [org.junit.Test] zero00818
2016-08-04 20:03:16,279 INFO [org.junit.Test] zero00819
2016-08-04 20:03:16,279 INFO [org.junit.Test] zero00820
2016-08-04 20:03:16,279 INFO [org.junit.Test] zero00821
2016-08-04 20:03:16,279 INFO [org.junit.Test] zero00822
2016-08-04 20:03:16,279 INFO [org.junit.Test] zero00823
2016-08-04 20:03:16,279 INFO [org.junit.Test] zero00824
2016-08-04 20:03:16,279 INFO [org.junit.Test] zero00825
2016-08-04 20:03:16,279 INFO [org.junit.Test] zero00826
2016-08-04 20:03:16,279 INFO [org.junit.Test] zero00827
2016-08-04 20:03:16,279 INFO [org.junit.Test] zero00828
2016-08-04 20:03:16,279 INFO [org.junit.Test] zero00829
2016-08-04 20:03:16,279 INFO [org.junit.Test] zero00830
2016-08-04 20:03:16,279 INFO [org.junit.Test] zero00831
2016-08-04 20:03:16,279 INFO [org.junit.Test] zero00832
2016-08-04 20:03:16,279 INFO [org.junit.Test] zero00833
2016-08-04 20:03:16,279 INFO [org.junit.Test] zero00834
2016-08-04 20:03:16,279 INFO [org.junit.Test] zero00835
2016-08-04 20:03:16,279 INFO [org.junit.Test] zero00836
2016-08-04 20:03:16,279 INFO [org.junit.Test] zero00837
2016-08-04 20:03:16,279 INFO [org.junit.Test] zero00838
2016-08-04 20:03:16,279 INFO [org.junit.Test] zero00839
2016-08-04 20:03:16,279 INFO [org.junit.Test] zero00840
2016-08-04 20:03:16,279 INFO [org.junit.Test] zero00841
2016-08-04 20:03:16,279 INFO [org.junit.Test] zero00842
2016-08-04 20:03:16,279 INFO [org.junit.Test] zero00843
2016-08-04 20:03:16,279 INFO [org.junit.Test] zero00844
2016-08-04 20:03:16,279 INFO [org.junit.Test] zero00845
2016-08-04 20:03:16,279 INFO [org.junit.Test] zero00846
2016-08-04 20:03:16,279 INFO [org.junit.Test] zero00847
2016-08-04 20:03:16,279 INFO [org.junit.Test] zero00848
2016-08-04 20:03:16,279 INFO [org.junit.Test] zero00849
2016-08-04 20:03:16,279 INFO [org.junit.Test] zero00850
2016-08-04 20:03:16,279 INFO [org.junit.Test] zero00851
2016-08-04 20:03:16,279 INFO [org.junit.Test] zero00852
2016-08-04 20:03:16,279 INFO [org.junit.Test] zero00853
2016-08-04 20:03:16,279 INFO [org.junit.Test] zero00854
2016-08-04 20:03:16,279 INFO [org.junit.Test] zero00855
2016-08-04 20:03:16,279 INFO [org.junit.Test] zero00856
2016-08-04 20:03:16,279 INFO [org.junit.Test] zero00857
2016-08-04 20:03:16,279 INFO [org.junit.Test] zero00858
2016-08-04 20:03:16,279 INFO [org.junit.Test] zero00859
2016-08-04 20:03:16,279 INFO [org.junit.Test] zero00860
2016-08-04 20:03:16,279 INFO [org.junit.Test] zero00861
2016-08-04 20:03:16,279 INFO [org.junit.Test] zero00862
2016-08-04 20:03:16,279 INFO [org.junit.Test] zero00863
2016-08-04 20:03:16,279 INFO [org.junit.Test] zero00864
2016-08-04 20:03:16,279 INFO [org.junit.Test] zero00865
2016-08-04 20:03:16,279 INFO [org.junit.Test] zero00866
2016-08-04 20:03:16,279 INFO [org.junit.Test] zero00867
2016-08-04 20:03:16,279 INFO [org.junit.Test] zero00868
2016-08-04 20:03:16,279 INFO [org.junit.Test] zero00869
2016-08-04 20:03:16,279 INFO [org.junit.Test] zero00870
2016-08-04 20:03:16,279 INFO [org.junit.Test] zero00871
2016-08-04 20:03:16,279 INFO [org.junit.Test] zero00872
2016-08-04 20:03:16,279 INFO [org.junit.Test] zero00873
2016-08-04 20:03:16,279 INFO [org.junit.Test] zero00874
2016-08-04 20:03:16,279 INFO [org.junit.Test] zero00875
2016-08-04 20:03:16,279 INFO [org.junit.Test] zero00876
2016-08-04 20:03:16,279 INFO [org.junit.Test] zero00877
2016-08-04 20:03:16,279 INFO [org.junit.Test] zero00878
2016-08-04 20:03:16,279 INFO [org.junit.Test] zero00879
2016-08-04 20:03:16,279 INFO [org.junit.Test] zero00880
2016-08-04 20:03:16,279 INFO [org.junit.Test] zero00881
2016-08-04 20:03:16,279 INFO [org.junit.Test] zero00882
2016-08-04 20:03:16,279 INFO [org.junit.Test] zero00883
2016-08-04 20:03:16,279 INFO [org.junit.Test] zero00884
2016-08-04 20:03:16,279 INFO [org.junit.Test] zero00885
2016-08-04 20:03:16,279 INFO [org.junit.Test] zero00886
2016-08-04 20:03:16,279 INFO [org.junit.Test] zero00887
2016-08-04 20:03:16,279 INFO [org.junit.Test] zero00888
2016-08-04 20:03:16,279 INFO [org.junit.Test] zero00889
2016-08-04 20:03:16,279 INFO [org.junit.Test] zero00890
2016-08-04 20:03:16,279 INFO [org.junit.Test] zero00891
2016-08-04 20:03:16,279 INFO [org.junit.Test] zero00892
2016-08-04 20:03:16,279 INFO [org.junit.Test] zero00893
2016-08-04 20:03:16,279 INFO [org.junit.Test] zero00894
2016-08-04 20:03:16,279 INFO [org.junit.Test] zero00895
2016-08-04 20:03:16,279 INFO [org.junit.Test] zero00896
2016-08-04 20:03:16,279 INFO [org.junit.Test] zero00897
2016-08-04 20:03:16,280 INFO [org.junit.Test] zero00898
2016-08-04 20:03:16,280 INFO [org.junit.Test] zero00899
2016-08-04 20:03:16,280 INFO [org.junit.Test] zero00900
2016-08-04 20:03:16,280 INFO [org.junit.Test] zero00901
2016-08-04 20:03:16,280 INFO [org.junit.Test] zero00902
2016-08-04 20:03:16,280 INFO [org.junit.Test] zero00903
2016-08-04 20:03:16,280 INFO [org.junit.Test] zero00904
2016-08-04 20:03:16,280 INFO [org.junit.Test] zero00905
2016-08-04 20:03:16,280 INFO [org.junit.Test] zero00906
2016-08-04 20:03:16,280 INFO [org.junit.Test] zero00907
2016-08-04 20:03:16,280 INFO [org.junit.Test] zero00908
2016-08-04 20:03:16,280 INFO [org.junit.Test] zero00909
2016-08-04 20:03:16,280 INFO [org.junit.Test] zero00910
2016-08-04 20:03:16,280 INFO [org.junit.Test] zero00911
2016-08-04 20:03:16,280 INFO [org.junit.Test] zero00912
2016-08-04 20:03:16,280 INFO [org.junit.Test] zero00913
2016-08-04 20:03:16,280 INFO [org.junit.Test] zero00914
2016-08-04 20:03:16,280 INFO [org.junit.Test] zero00915
2016-08-04 20:03:16,280 INFO [org.junit.Test] zero00916
2016-08-04 20:03:16,280 INFO [org.junit.Test] zero00917
2016-08-04 20:03:16,280 INFO [org.junit.Test] zero00918
2016-08-04 20:03:16,280 INFO [org.junit.Test] zero00919
2016-08-04 20:03:16,280 INFO [org.junit.Test] zero00920
2016-08-04 20:03:16,280 INFO [org.junit.Test] zero00921
2016-08-04 20:03:16,280 INFO [org.junit.Test] zero00922
2016-08-04 20:03:16,280 INFO [org.junit.Test] zero00923
2016-08-04 20:03:16,280 INFO [org.junit.Test] zero00924
2016-08-04 20:03:16,280 INFO [org.junit.Test] zero00925
2016-08-04 20:03:16,280 INFO [org.junit.Test] zero00926
2016-08-04 20:03:16,280 INFO [org.junit.Test] zero00927
2016-08-04 20:03:16,280 INFO [org.junit.Test] zero00928
2016-08-04 20:03:16,280 INFO [org.junit.Test] zero00929
2016-08-04 20:03:16,280 INFO [org.junit.Test] zero00930
2016-08-04 20:03:16,280 INFO [org.junit.Test] zero00931
2016-08-04 20:03:16,280 INFO [org.junit.Test] zero00932
2016-08-04 20:03:16,280 INFO [org.junit.Test] zero00933
2016-08-04 20:03:16,280 INFO [org.junit.Test] zero00934
2016-08-04 20:03:16,280 INFO [org.junit.Test] zero00935
2016-08-04 20:03:16,280 INFO [org.junit.Test] zero00936
2016-08-04 20:03:16,280 INFO [org.junit.Test] zero00937
2016-08-04 20:03:16,280 INFO [org.junit.Test] zero00938
2016-08-04 20:03:16,280 INFO [org.junit.Test] zero00939
2016-08-04 20:03:16,280 INFO [org.junit.Test] zero00940
2016-08-04 20:03:16,280 INFO [org.junit.Test] zero00941
2016-08-04 20:03:16,280 INFO [org.junit.Test] zero00942
2016-08-04 20:03:16,280 INFO [org.junit.Test] zero00943
2016-08-04 20:03:16,280 INFO [org.junit.Test] zero00944
2016-08-04 20:03:16,280 INFO [org.junit.Test] zero00945
2016-08-04 20:03:16,280 INFO [org.junit.Test] zero00946
2016-08-04 20:03:16,280 INFO [org.junit.Test] zero00947
2016-08-04 20:03:16,280 INFO [org.junit.Test] zero00948
2016-08-04 20:03:16,280 INFO [org.junit.Test] zero00949
2016-08-04 20:03:16,280 INFO [org.junit.Test] zero00950
2016-08-04 20:03:16,280 INFO [org.junit.Test] zero00951
2016-08-04 20:03:16,280 INFO [org.junit.Test] zero00952
2016-08-04 20:03:16,280 INFO [org.junit.Test] zero00953
2016-08-04 20:03:16,280 INFO [org.junit.Test] zero00954
2016-08-04 20:03:16,280 INFO [org.junit.Test] zero00955
2016-08-04 20:03:16,280 INFO [org.junit.Test] zero00956
2016-08-04 20:03:16,280 INFO [org.junit.Test] zero00957
2016-08-04 20:03:16,280 INFO [org.junit.Test] zero00958
2016-08-04 20:03:16,280 INFO [org.junit.Test] zero00959
2016-08-04 20:03:16,280 INFO [org.junit.Test] zero00960
2016-08-04 20:03:16,280 INFO [org.junit.Test] zero00961
2016-08-04 20:03:16,280 INFO [org.junit.Test] zero00962
2016-08-04 20:03:16,280 INFO [org.junit.Test] zero00963
2016-08-04 20:03:16,280 INFO [org.junit.Test] zero00964
2016-08-04 20:03:16,280 INFO [org.junit.Test] zero00965
2016-08-04 20:03:16,280 INFO [org.junit.Test] zero00966
2016-08-04 20:03:16,280 INFO [org.junit.Test] zero00967
2016-08-04 20:03:16,280 INFO [org.junit.Test] zero00968
2016-08-04 20:03:16,280 INFO [org.junit.Test] zero00969
2016-08-04 20:03:16,280 INFO [org.junit.Test] zero00970
2016-08-04 20:03:16,280 INFO [org.junit.Test] zero00971
2016-08-04 20:03:16,280 INFO [org.junit.Test] zero00972
2016-08-04 20:03:16,280 INFO [org.junit.Test] zero00973
2016-08-04 20:03:16,280 INFO [org.junit.Test] zero00974
2016-08-04 20:03:16,280 INFO [org.junit.Test] zero00975
2016-08-04 20:03:16,280 INFO [org.junit.Test] zero00976
2016-08-04 20:03:16,280 INFO [org.junit.Test] zero00977
2016-08-04 20:03:16,280 INFO [org.junit.Test] zero00978
2016-08-04 20:03:16,280 INFO [org.junit.Test] zero00979
2016-08-04 20:03:16,280 INFO [org.junit.Test] zero00980
2016-08-04 20:03:16,280 INFO [org.junit.Test] zero00981
2016-08-04 20:03:16,280 INFO [org.junit.Test] zero00982
2016-08-04 20:03:16,280 INFO [org.junit.Test] zero00983
2016-08-04 20:03:16,280 INFO [org.junit.Test] zero00984
2016-08-04 20:03:16,280 INFO [org.junit.Test] zero00985
2016-08-04 20:03:16,280 INFO [org.junit.Test] zero00986
2016-08-04 20:03:16,280 INFO [org.junit.Test] zero00987
2016-08-04 20:03:16,280 INFO [org.junit.Test] zero00988
2016-08-04 20:03:16,280 INFO [org.junit.Test] zero00989
2016-08-04 20:03:16,280 INFO [org.junit.Test] zero00990
2016-08-04 20:03:16,280 INFO [org.junit.Test] zero00991
2016-08-04 20:03:16,280 INFO [org.junit.Test] zero00992
2016-08-04 20:03:16,280 INFO [org.junit.Test] zero00993
2016-08-04 20:03:16,280 INFO [org.junit.Test] zero00994
2016-08-04 20:03:16,280 INFO [org.junit.Test] zero00995
2016-08-04 20:03:16,280 INFO [org.junit.Test] zero00996
2016-08-04 20:03:16,280 INFO [org.junit.Test] zero00997
2016-08-04 20:03:16,280 INFO [org.junit.Test] zero00998
2016-08-04 20:03:16,280 INFO [org.junit.Test] zero00999
2016-08-04 20:03:19,280 INFO [org.junit.Test] zero000
2016-08-04 20:03:19,280 INFO [org.junit.Test] zero001
2016-08-04 20:03:19,280 INFO [org.junit.Test] zero002
2016-08-04 20:03:19,280 INFO [org.junit.Test] zero003
2016-08-04 20:03:19,280 INFO [org.junit.Test] zero004
2016-08-04 20:03:19,280 INFO [org.junit.Test] zero005
2016-08-04 20:03:19,280 INFO [org.junit.Test] zero006
2016-08-04 20:03:19,280 INFO [org.junit.Test] zero007
2016-08-04 20:03:19,280 INFO [org.junit.Test] zero008
2016-08-04 20:03:19,280 INFO [org.junit.Test] zero009
2016-08-04 20:03:19,280 INFO [org.junit.Test] zero0010
2016-08-04 20:03:19,280 INFO [org.junit.Test] zero0011
2016-08-04 20:03:19,280 INFO [org.junit.Test] zero0012
2016-08-04 20:03:19,280 INFO [org.junit.Test] zero0013
2016-08-04 20:03:19,280 INFO [org.junit.Test] zero0014
2016-08-04 20:03:19,280 INFO [org.junit.Test] zero0015
2016-08-04 20:03:19,280 INFO [org.junit.Test] zero0016
2016-08-04 20:03:19,280 INFO [org.junit.Test] zero0017
2016-08-04 20:03:19,280 INFO [org.junit.Test] zero0018
2016-08-04 20:03:19,280 INFO [org.junit.Test] zero0019
2016-08-04 20:03:19,280 INFO [org.junit.Test] zero0020
2016-08-04 20:03:19,280 INFO [org.junit.Test] zero0021
2016-08-04 20:03:19,280 INFO [org.junit.Test] zero0022
2016-08-04 20:03:19,280 INFO [org.junit.Test] zero0023
2016-08-04 20:03:19,280 INFO [org.junit.Test] zero0024
2016-08-04 20:03:19,280 INFO [org.junit.Test] zero0025
2016-08-04 20:03:19,280 INFO [org.junit.Test] zero0026
2016-08-04 20:03:19,280 INFO [org.junit.Test] zero0027
2016-08-04 20:03:19,280 INFO [org.junit.Test] zero0028
2016-08-04 20:03:19,280 INFO [org.junit.Test] zero0029
2016-08-04 20:03:19,280 INFO [org.junit.Test] zero0030
2016-08-04 20:03:19,280 INFO [org.junit.Test] zero0031
2016-08-04 20:03:19,280 INFO [org.junit.Test] zero0032
2016-08-04 20:03:19,280 INFO [org.junit.Test] zero0033
2016-08-04 20:03:19,280 INFO [org.junit.Test] zero0034
2016-08-04 20:03:19,280 INFO [org.junit.Test] zero0035
2016-08-04 20:03:19,280 INFO [org.junit.Test] zero0036
2016-08-04 20:03:19,280 INFO [org.junit.Test] zero0037
2016-08-04 20:03:19,280 INFO [org.junit.Test] zero0038
2016-08-04 20:03:19,280 INFO [org.junit.Test] zero0039
2016-08-04 20:03:19,280 INFO [org.junit.Test] zero0040
2016-08-04 20:03:19,280 INFO [org.junit.Test] zero0041
2016-08-04 20:03:19,280 INFO [org.junit.Test] zero0042
2016-08-04 20:03:19,280 INFO [org.junit.Test] zero0043
2016-08-04 20:03:19,280 INFO [org.junit.Test] zero0044
2016-08-04 20:03:19,280 INFO [org.junit.Test] zero0045
2016-08-04 20:03:19,280 INFO [org.junit.Test] zero0046
2016-08-04 20:03:19,280 INFO [org.junit.Test] zero0047
2016-08-04 20:03:19,280 INFO [org.junit.Test] zero0048
2016-08-04 20:03:19,280 INFO [org.junit.Test] zero0049
2016-08-04 20:03:19,280 INFO [org.junit.Test] zero0050
2016-08-04 20:03:19,280 INFO [org.junit.Test] zero0051
2016-08-04 20:03:19,280 INFO [org.junit.Test] zero0052
2016-08-04 20:03:19,280 INFO [org.junit.Test] zero0053
2016-08-04 20:03:19,280 INFO [org.junit.Test] zero0054
2016-08-04 20:03:19,280 INFO [org.junit.Test] zero0055
2016-08-04 20:03:19,280 INFO [org.junit.Test] zero0056
2016-08-04 20:03:19,280 INFO [org.junit.Test] zero0057
2016-08-04 20:03:19,280 INFO [org.junit.Test] zero0058
2016-08-04 20:03:19,280 INFO [org.junit.Test] zero0059
2016-08-04 20:03:19,280 INFO [org.junit.Test] zero0060
2016-08-04 20:03:19,280 INFO [org.junit.Test] zero0061
2016-08-04 20:03:19,280 INFO [org.junit.Test] zero0062
2016-08-04 20:03:19,280 INFO [org.junit.Test] zero0063
2016-08-04 20:03:19,280 INFO [org.junit.Test] zero0064
2016-08-04 20:03:19,280 INFO [org.junit.Test] zero0065
2016-08-04 20:03:19,280 INFO [org.junit.Test] zero0066
2016-08-04 20:03:19,280 INFO [org.junit.Test] zero0067
2016-08-04 20:03:19,280 INFO [org.junit.Test] zero0068
2016-08-04 20:03:19,280 INFO [org.junit.Test] zero0069
2016-08-04 20:03:19,280 INFO [org.junit.Test] zero0070
2016-08-04 20:03:19,280 INFO [org.junit.Test] zero0071
2016-08-04 20:03:19,280 INFO [org.junit.Test] zero0072
2016-08-04 20:03:19,280 INFO [org.junit.Test] zero0073
2016-08-04 20:03:19,280 INFO [org.junit.Test] zero0074
2016-08-04 20:03:19,280 INFO [org.junit.Test] zero0075
2016-08-04 20:03:19,280 INFO [org.junit.Test] zero0076
2016-08-04 20:03:19,280 INFO [org.junit.Test] zero0077
2016-08-04 20:03:19,280 INFO [org.junit.Test] zero0078
2016-08-04 20:03:19,280 INFO [org.junit.Test] zero0079
2016-08-04 20:03:19,280 INFO [org.junit.Test] zero0080
2016-08-04 20:03:19,280 INFO [org.junit.Test] zero0081
2016-08-04 20:03:19,280 INFO [org.junit.Test] zero0082
2016-08-04 20:03:19,280 INFO [org.junit.Test] zero0083
2016-08-04 20:03:19,280 INFO [org.junit.Test] zero0084
2016-08-04 20:03:19,280 INFO [org.junit.Test] zero0085
2016-08-04 20:03:19,280 INFO [org.junit.Test] zero0086
2016-08-04 20:03:19,280 INFO [org.junit.Test] zero0087
2016-08-04 20:03:19,280 INFO [org.junit.Test] zero0088
2016-08-04 20:03:19,280 INFO [org.junit.Test] zero0089
2016-08-04 20:03:19,280 INFO [org.junit.Test] zero0090
2016-08-04 20:03:19,280 INFO [org.junit.Test] zero0091
2016-08-04 20:03:19,280 INFO [org.junit.Test] zero0092
2016-08-04 20:03:19,280 INFO [org.junit.Test] zero0093
2016-08-04 20:03:19,280 INFO [org.junit.Test] zero0094
2016-08-04 20:03:19,280 INFO [org.junit.Test] zero0095
2016-08-04 20:03:19,280 INFO [org.junit.Test] zero0096
2016-08-04 20:03:19,280 INFO [org.junit.Test] zero0097
2016-08-04 20:03:19,280 INFO [org.junit.Test] zero0098
2016-08-04 20:03:19,280 INFO [org.junit.Test] zero0099
2016-08-04 20:03:19,280 INFO [org.junit.Test] zero00100
2016-08-04 20:03:19,280 INFO [org.junit.Test] zero00101
2016-08-04 20:03:19,280 INFO [org.junit.Test] zero00102
2016-08-04 20:03:19,280 INFO [org.junit.Test] zero00103
2016-08-04 20:03:19,280 INFO [org.junit.Test] zero00104
2016-08-04 20:03:19,280 INFO [org.junit.Test] zero00105
2016-08-04 20:03:19,280 INFO [org.junit.Test] zero00106
2016-08-04 20:03:19,280 INFO [org.junit.Test] zero00107
2016-08-04 20:03:19,280 INFO [org.junit.Test] zero00108
2016-08-04 20:03:19,280 INFO [org.junit.Test] zero00109
2016-08-04 20:03:19,280 INFO [org.junit.Test] zero00110
2016-08-04 20:03:19,280 INFO [org.junit.Test] zero00111
2016-08-04 20:03:19,280 INFO [org.junit.Test] zero00112
2016-08-04 20:03:19,280 INFO [org.junit.Test] zero00113
2016-08-04 20:03:19,280 INFO [org.junit.Test] zero00114
2016-08-04 20:03:19,280 INFO [org.junit.Test] zero00115
2016-08-04 20:03:19,280 INFO [org.junit.Test] zero00116
2016-08-04 20:03:19,280 INFO [org.junit.Test] zero00117
2016-08-04 20:03:19,280 INFO [org.junit.Test] zero00118
2016-08-04 20:03:19,280 INFO [org.junit.Test] zero00119
2016-08-04 20:03:19,280 INFO [org.junit.Test] zero00120
2016-08-04 20:03:19,280 INFO [org.junit.Test] zero00121
2016-08-04 20:03:19,280 INFO [org.junit.Test] zero00122
2016-08-04 20:03:19,280 INFO [org.junit.Test] zero00123
2016-08-04 20:03:19,280 INFO [org.junit.Test] zero00124
2016-08-04 20:03:19,280 INFO [org.junit.Test] zero00125
2016-08-04 20:03:19,280 INFO [org.junit.Test] zero00126
2016-08-04 20:03:19,280 INFO [org.junit.Test] zero00127
2016-08-04 20:03:19,280 INFO [org.junit.Test] zero00128
2016-08-04 20:03:19,280 INFO [org.junit.Test] zero00129
2016-08-04 20:03:19,280 INFO [org.junit.Test] zero00130
2016-08-04 20:03:19,280 INFO [org.junit.Test] zero00131
2016-08-04 20:03:19,280 INFO [org.junit.Test] zero00132
2016-08-04 20:03:19,280 INFO [org.junit.Test] zero00133
2016-08-04 20:03:19,280 INFO [org.junit.Test] zero00134
2016-08-04 20:03:19,280 INFO [org.junit.Test] zero00135
2016-08-04 20:03:19,280 INFO [org.junit.Test] zero00136
2016-08-04 20:03:19,280 INFO [org.junit.Test] zero00137
2016-08-04 20:03:19,280 INFO [org.junit.Test] zero00138
2016-08-04 20:03:19,280 INFO [org.junit.Test] zero00139
2016-08-04 20:03:19,280 INFO [org.junit.Test] zero00140
2016-08-04 20:03:19,280 INFO [org.junit.Test] zero00141
2016-08-04 20:03:19,280 INFO [org.junit.Test] zero00142
2016-08-04 20:03:19,280 INFO [org.junit.Test] zero00143
2016-08-04 20:03:19,280 INFO [org.junit.Test] zero00144
2016-08-04 20:03:19,280 INFO [org.junit.Test] zero00145
2016-08-04 20:03:19,280 INFO [org.junit.Test] zero00146
2016-08-04 20:03:19,280 INFO [org.junit.Test] zero00147
2016-08-04 20:03:19,280 INFO [org.junit.Test] zero00148
2016-08-04 20:03:19,280 INFO [org.junit.Test] zero00149
2016-08-04 20:03:19,280 INFO [org.junit.Test] zero00150
2016-08-04 20:03:19,280 INFO [org.junit.Test] zero00151
2016-08-04 20:03:19,280 INFO [org.junit.Test] zero00152
2016-08-04 20:03:19,280 INFO [org.junit.Test] zero00153
2016-08-04 20:03:19,280 INFO [org.junit.Test] zero00154
2016-08-04 20:03:19,280 INFO [org.junit.Test] zero00155
2016-08-04 20:03:19,280 INFO [org.junit.Test] zero00156
2016-08-04 20:03:19,280 INFO [org.junit.Test] zero00157
2016-08-04 20:03:19,280 INFO [org.junit.Test] zero00158
2016-08-04 20:03:19,280 INFO [org.junit.Test] zero00159
2016-08-04 20:03:19,280 INFO [org.junit.Test] zero00160
2016-08-04 20:03:19,280 INFO [org.junit.Test] zero00161
2016-08-04 20:03:19,280 INFO [org.junit.Test] zero00162
2016-08-04 20:03:19,280 INFO [org.junit.Test] zero00163
2016-08-04 20:03:19,280 INFO [org.junit.Test] zero00164
2016-08-04 20:03:19,280 INFO [org.junit.Test] zero00165
2016-08-04 20:03:19,280 INFO [org.junit.Test] zero00166
2016-08-04 20:03:19,280 INFO [org.junit.Test] zero00167
2016-08-04 20:03:19,280 INFO [org.junit.Test] zero00168
2016-08-04 20:03:19,280 INFO [org.junit.Test] zero00169
2016-08-04 20:03:19,280 INFO [org.junit.Test] zero00170
2016-08-04 20:03:19,280 INFO [org.junit.Test] zero00171
2016-08-04 20:03:19,280 INFO [org.junit.Test] zero00172
2016-08-04 20:03:19,280 INFO [org.junit.Test] zero00173
2016-08-04 20:03:19,280 INFO [org.junit.Test] zero00174
2016-08-04 20:03:19,280 INFO [org.junit.Test] zero00175
2016-08-04 20:03:19,280 INFO [org.junit.Test] zero00176
2016-08-04 20:03:19,280 INFO [org.junit.Test] zero00177
2016-08-04 20:03:19,280 INFO [org.junit.Test] zero00178
2016-08-04 20:03:19,280 INFO [org.junit.Test] zero00179
2016-08-04 20:03:19,280 INFO [org.junit.Test] zero00180
2016-08-04 20:03:19,280 INFO [org.junit.Test] zero00181
2016-08-04 20:03:19,280 INFO [org.junit.Test] zero00182
2016-08-04 20:03:19,280 INFO [org.junit.Test] zero00183
2016-08-04 20:03:19,280 INFO [org.junit.Test] zero00184
2016-08-04 20:03:19,280 INFO [org.junit.Test] zero00185
2016-08-04 20:03:19,280 INFO [org.junit.Test] zero00186
2016-08-04 20:03:19,280 INFO [org.junit.Test] zero00187
2016-08-04 20:03:19,280 INFO [org.junit.Test] zero00188
2016-08-04 20:03:19,280 INFO [org.junit.Test] zero00189
2016-08-04 20:03:19,280 INFO [org.junit.Test] zero00190
2016-08-04 20:03:19,280 INFO [org.junit.Test] zero00191
2016-08-04 20:03:19,280 INFO [org.junit.Test] zero00192
2016-08-04 20:03:19,280 INFO [org.junit.Test] zero00193
2016-08-04 20:03:19,280 INFO [org.junit.Test] zero00194
2016-08-04 20:03:19,280 INFO [org.junit.Test] zero00195
2016-08-04 20:03:19,280 INFO [org.junit.Test] zero00196
2016-08-04 20:03:19,280 INFO [org.junit.Test] zero00197
2016-08-04 20:03:19,280 INFO [org.junit.Test] zero00198
2016-08-04 20:03:19,280 INFO [org.junit.Test] zero00199
2016-08-04 20:03:19,280 INFO [org.junit.Test] zero00200
2016-08-04 20:03:19,280 INFO [org.junit.Test] zero00201
2016-08-04 20:03:19,280 INFO [org.junit.Test] zero00202
2016-08-04 20:03:19,280 INFO [org.junit.Test] zero00203
2016-08-04 20:03:19,280 INFO [org.junit.Test] zero00204
2016-08-04 20:03:19,280 INFO [org.junit.Test] zero00205
2016-08-04 20:03:19,280 INFO [org.junit.Test] zero00206
2016-08-04 20:03:19,280 INFO [org.junit.Test] zero00207
2016-08-04 20:03:19,280 INFO [org.junit.Test] zero00208
2016-08-04 20:03:19,280 INFO [org.junit.Test] zero00209
2016-08-04 20:03:19,280 INFO [org.junit.Test] zero00210
2016-08-04 20:03:19,280 INFO [org.junit.Test] zero00211
2016-08-04 20:03:19,280 INFO [org.junit.Test] zero00212
2016-08-04 20:03:19,280 INFO [org.junit.Test] zero00213
2016-08-04 20:03:19,280 INFO [org.junit.Test] zero00214
2016-08-04 20:03:19,280 INFO [org.junit.Test] zero00215
2016-08-04 20:03:19,280 INFO [org.junit.Test] zero00216
2016-08-04 20:03:19,280 INFO [org.junit.Test] zero00217
2016-08-04 20:03:19,280 INFO [org.junit.Test] zero00218
2016-08-04 20:03:19,280 INFO [org.junit.Test] zero00219
2016-08-04 20:03:19,280 INFO [org.junit.Test] zero00220
2016-08-04 20:03:19,280 INFO [org.junit.Test] zero00221
2016-08-04 20:03:19,280 INFO [org.junit.Test] zero00222
2016-08-04 20:03:19,280 INFO [org.junit.Test] zero00223
2016-08-04 20:03:19,280 INFO [org.junit.Test] zero00224
2016-08-04 20:03:19,280 INFO [org.junit.Test] zero00225
2016-08-04 20:03:19,280 INFO [org.junit.Test] zero00226
2016-08-04 20:03:19,280 INFO [org.junit.Test] zero00227
2016-08-04 20:03:19,280 INFO [org.junit.Test] zero00228
2016-08-04 20:03:19,280 INFO [org.junit.Test] zero00229
2016-08-04 20:03:19,280 INFO [org.junit.Test] zero00230
2016-08-04 20:03:19,280 INFO [org.junit.Test] zero00231
2016-08-04 20:03:19,280 INFO [org.junit.Test] zero00232
2016-08-04 20:03:19,280 INFO [org.junit.Test] zero00233
2016-08-04 20:03:19,280 INFO [org.junit.Test] zero00234
2016-08-04 20:03:19,280 INFO [org.junit.Test] zero00235
2016-08-04 20:03:19,280 INFO [org.junit.Test] zero00236
2016-08-04 20:03:19,280 INFO [org.junit.Test] zero00237
2016-08-04 20:03:19,280 INFO [org.junit.Test] zero00238
2016-08-04 20:03:19,280 INFO [org.junit.Test] zero00239
2016-08-04 20:03:19,280 INFO [org.junit.Test] zero00240
2016-08-04 20:03:19,280 INFO [org.junit.Test] zero00241
2016-08-04 20:03:19,280 INFO [org.junit.Test] zero00242
2016-08-04 20:03:19,280 INFO [org.junit.Test] zero00243
2016-08-04 20:03:19,280 INFO [org.junit.Test] zero00244
2016-08-04 20:03:19,280 INFO [org.junit.Test] zero00245
2016-08-04 20:03:19,280 INFO [org.junit.Test] zero00246
2016-08-04 20:03:19,280 INFO [org.junit.Test] zero00247
2016-08-04 20:03:19,280 INFO [org.junit.Test] zero00248
2016-08-04 20:03:19,280 INFO [org.junit.Test] zero00249
2016-08-04 20:03:19,280 INFO [org.junit.Test] zero00250
2016-08-04 20:03:19,280 INFO [org.junit.Test] zero00251
2016-08-04 20:03:19,280 INFO [org.junit.Test] zero00252
2016-08-04 20:03:19,280 INFO [org.junit.Test] zero00253
2016-08-04 20:03:19,280 INFO [org.junit.Test] zero00254
2016-08-04 20:03:19,280 INFO [org.junit.Test] zero00255
2016-08-04 20:03:19,280 INFO [org.junit.Test] zero00256
2016-08-04 20:03:19,280 INFO [org.junit.Test] zero00257
2016-08-04 20:03:19,280 INFO [org.junit.Test] zero00258
2016-08-04 20:03:19,280 INFO [org.junit.Test] zero00259
2016-08-04 20:03:19,280 INFO [org.junit.Test] zero00260
2016-08-04 20:03:19,280 INFO [org.junit.Test] zero00261
2016-08-04 20:03:19,280 INFO [org.junit.Test] zero00262
2016-08-04 20:03:19,280 INFO [org.junit.Test] zero00263
2016-08-04 20:03:19,280 INFO [org.junit.Test] zero00264
2016-08-04 20:03:19,280 INFO [org.junit.Test] zero00265
2016-08-04 20:03:19,280 INFO [org.junit.Test] zero00266
2016-08-04 20:03:19,280 INFO [org.junit.Test] zero00267
2016-08-04 20:03:19,280 INFO [org.junit.Test] zero00268
2016-08-04 20:03:19,280 INFO [org.junit.Test] zero00269
2016-08-04 20:03:19,280 INFO [org.junit.Test] zero00270
2016-08-04 20:03:19,280 INFO [org.junit.Test] zero00271
2016-08-04 20:03:19,280 INFO [org.junit.Test] zero00272
2016-08-04 20:03:19,280 INFO [org.junit.Test] zero00273
2016-08-04 20:03:19,280 INFO [org.junit.Test] zero00274
2016-08-04 20:03:19,280 INFO [org.junit.Test] zero00275
2016-08-04 20:03:19,280 INFO [org.junit.Test] zero00276
2016-08-04 20:03:19,280 INFO [org.junit.Test] zero00277
2016-08-04 20:03:19,280 INFO [org.junit.Test] zero00278
2016-08-04 20:03:19,280 INFO [org.junit.Test] zero00279
2016-08-04 20:03:19,280 INFO [org.junit.Test] zero00280
2016-08-04 20:03:19,280 INFO [org.junit.Test] zero00281
2016-08-04 20:03:19,280 INFO [org.junit.Test] zero00282
2016-08-04 20:03:19,280 INFO [org.junit.Test] zero00283
2016-08-04 20:03:19,280 INFO [org.junit.Test] zero00284
2016-08-04 20:03:19,280 INFO [org.junit.Test] zero00285
2016-08-04 20:03:19,280 INFO [org.junit.Test] zero00286
2016-08-04 20:03:19,280 INFO [org.junit.Test] zero00287
2016-08-04 20:03:19,280 INFO [org.junit.Test] zero00288
2016-08-04 20:03:19,280 INFO [org.junit.Test] zero00289
2016-08-04 20:03:19,280 INFO [org.junit.Test] zero00290
2016-08-04 20:03:19,280 INFO [org.junit.Test] zero00291
2016-08-04 20:03:19,280 INFO [org.junit.Test] zero00292
2016-08-04 20:03:19,280 INFO [org.junit.Test] zero00293
2016-08-04 20:03:19,280 INFO [org.junit.Test] zero00294
2016-08-04 20:03:19,280 INFO [org.junit.Test] zero00295
2016-08-04 20:03:19,280 INFO [org.junit.Test] zero00296
2016-08-04 20:03:19,280 INFO [org.junit.Test] zero00297
2016-08-04 20:03:19,280 INFO [org.junit.Test] zero00298
2016-08-04 20:03:19,280 INFO [org.junit.Test] zero00299
2016-08-04 20:03:19,280 INFO [org.junit.Test] zero00300
2016-08-04 20:03:19,280 INFO [org.junit.Test] zero00301
2016-08-04 20:03:19,280 INFO [org.junit.Test] zero00302
2016-08-04 20:03:19,280 INFO [org.junit.Test] zero00303
2016-08-04 20:03:19,280 INFO [org.junit.Test] zero00304
2016-08-04 20:03:19,280 INFO [org.junit.Test] zero00305
2016-08-04 20:03:19,280 INFO [org.junit.Test] zero00306
2016-08-04 20:03:19,280 INFO [org.junit.Test] zero00307
2016-08-04 20:03:19,280 INFO [org.junit.Test] zero00308
2016-08-04 20:03:19,280 INFO [org.junit.Test] zero00309
2016-08-04 20:03:19,280 INFO [org.junit.Test] zero00310
2016-08-04 20:03:19,280 INFO [org.junit.Test] zero00311
2016-08-04 20:03:19,280 INFO [org.junit.Test] zero00312
2016-08-04 20:03:19,280 INFO [org.junit.Test] zero00313
2016-08-04 20:03:19,280 INFO [org.junit.Test] zero00314
2016-08-04 20:03:19,280 INFO [org.junit.Test] zero00315
2016-08-04 20:03:19,280 INFO [org.junit.Test] zero00316
2016-08-04 20:03:19,280 INFO [org.junit.Test] zero00317
2016-08-04 20:03:19,280 INFO [org.junit.Test] zero00318
2016-08-04 20:03:19,280 INFO [org.junit.Test] zero00319
2016-08-04 20:03:19,280 INFO [org.junit.Test] zero00320
2016-08-04 20:03:19,280 INFO [org.junit.Test] zero00321
2016-08-04 20:03:19,280 INFO [org.junit.Test] zero00322
2016-08-04 20:03:19,280 INFO [org.junit.Test] zero00323
2016-08-04 20:03:19,280 INFO [org.junit.Test] zero00324
2016-08-04 20:03:19,280 INFO [org.junit.Test] zero00325
2016-08-04 20:03:19,280 INFO [org.junit.Test] zero00326
2016-08-04 20:03:19,280 INFO [org.junit.Test] zero00327
2016-08-04 20:03:19,280 INFO [org.junit.Test] zero00328
2016-08-04 20:03:19,280 INFO [org.junit.Test] zero00329
2016-08-04 20:03:19,280 INFO [org.junit.Test] zero00330
2016-08-04 20:03:19,280 INFO [org.junit.Test] zero00331
2016-08-04 20:03:19,280 INFO [org.junit.Test] zero00332
2016-08-04 20:03:19,280 INFO [org.junit.Test] zero00333
2016-08-04 20:03:19,280 INFO [org.junit.Test] zero00334
2016-08-04 20:03:19,280 INFO [org.junit.Test] zero00335
2016-08-04 20:03:19,280 INFO [org.junit.Test] zero00336
2016-08-04 20:03:19,280 INFO [org.junit.Test] zero00337
2016-08-04 20:03:19,280 INFO [org.junit.Test] zero00338
2016-08-04 20:03:19,280 INFO [org.junit.Test] zero00339
2016-08-04 20:03:19,280 INFO [org.junit.Test] zero00340
2016-08-04 20:03:19,280 INFO [org.junit.Test] zero00341
2016-08-04 20:03:19,280 INFO [org.junit.Test] zero00342
2016-08-04 20:03:19,280 INFO [org.junit.Test] zero00343
2016-08-04 20:03:19,280 INFO [org.junit.Test] zero00344
2016-08-04 20:03:19,280 INFO [org.junit.Test] zero00345
2016-08-04 20:03:19,280 INFO [org.junit.Test] zero00346
2016-08-04 20:03:19,280 INFO [org.junit.Test] zero00347
2016-08-04 20:03:19,280 INFO [org.junit.Test] zero00348
2016-08-04 20:03:19,280 INFO [org.junit.Test] zero00349
2016-08-04 20:03:19,280 INFO [org.junit.Test] zero00350
2016-08-04 20:03:19,280 INFO [org.junit.Test] zero00351
2016-08-04 20:03:19,280 INFO [org.junit.Test] zero00352
2016-08-04 20:03:19,280 INFO [org.junit.Test] zero00353
2016-08-04 20:03:19,280 INFO [org.junit.Test] zero00354
2016-08-04 20:03:19,280 INFO [org.junit.Test] zero00355
2016-08-04 20:03:19,280 INFO [org.junit.Test] zero00356
2016-08-04 20:03:19,280 INFO [org.junit.Test] zero00357
2016-08-04 20:03:19,280 INFO [org.junit.Test] zero00358
2016-08-04 20:03:19,280 INFO [org.junit.Test] zero00359
2016-08-04 20:03:19,280 INFO [org.junit.Test] zero00360
2016-08-04 20:03:19,280 INFO [org.junit.Test] zero00361
2016-08-04 20:03:19,280 INFO [org.junit.Test] zero00362
2016-08-04 20:03:19,280 INFO [org.junit.Test] zero00363
2016-08-04 20:03:19,280 INFO [org.junit.Test] zero00364
2016-08-04 20:03:19,280 INFO [org.junit.Test] zero00365
2016-08-04 20:03:19,280 INFO [org.junit.Test] zero00366
2016-08-04 20:03:19,280 INFO [org.junit.Test] zero00367
2016-08-04 20:03:19,280 INFO [org.junit.Test] zero00368
2016-08-04 20:03:19,280 INFO [org.junit.Test] zero00369
2016-08-04 20:03:19,280 INFO [org.junit.Test] zero00370
2016-08-04 20:03:19,280 INFO [org.junit.Test] zero00371
2016-08-04 20:03:19,280 INFO [org.junit.Test] zero00372
2016-08-04 20:03:19,280 INFO [org.junit.Test] zero00373
2016-08-04 20:03:19,280 INFO [org.junit.Test] zero00374
2016-08-04 20:03:19,280 INFO [org.junit.Test] zero00375
2016-08-04 20:03:19,280 INFO [org.junit.Test] zero00376
2016-08-04 20:03:19,280 INFO [org.junit.Test] zero00377
2016-08-04 20:03:19,280 INFO [org.junit.Test] zero00378
2016-08-04 20:03:19,281 INFO [org.junit.Test] zero00379
2016-08-04 20:03:19,281 INFO [org.junit.Test] zero00380
2016-08-04 20:03:19,281 INFO [org.junit.Test] zero00381
2016-08-04 20:03:19,281 INFO [org.junit.Test] zero00382
2016-08-04 20:03:19,281 INFO [org.junit.Test] zero00383
2016-08-04 20:03:19,281 INFO [org.junit.Test] zero00384
2016-08-04 20:03:19,281 INFO [org.junit.Test] zero00385
2016-08-04 20:03:19,281 INFO [org.junit.Test] zero00386
2016-08-04 20:03:19,281 INFO [org.junit.Test] zero00387
2016-08-04 20:03:19,281 INFO [org.junit.Test] zero00388
2016-08-04 20:03:19,281 INFO [org.junit.Test] zero00389
2016-08-04 20:03:19,281 INFO [org.junit.Test] zero00390
2016-08-04 20:03:19,281 INFO [org.junit.Test] zero00391
2016-08-04 20:03:19,281 INFO [org.junit.Test] zero00392
2016-08-04 20:03:19,281 INFO [org.junit.Test] zero00393
2016-08-04 20:03:19,281 INFO [org.junit.Test] zero00394
2016-08-04 20:03:19,281 INFO [org.junit.Test] zero00395
2016-08-04 20:03:19,281 INFO [org.junit.Test] zero00396
2016-08-04 20:03:19,281 INFO [org.junit.Test] zero00397
2016-08-04 20:03:19,281 INFO [org.junit.Test] zero00398
2016-08-04 20:03:19,281 INFO [org.junit.Test] zero00399
2016-08-04 20:03:19,281 INFO [org.junit.Test] zero00400
2016-08-04 20:03:19,281 INFO [org.junit.Test] zero00401
2016-08-04 20:03:19,281 INFO [org.junit.Test] zero00402
2016-08-04 20:03:19,281 INFO [org.junit.Test] zero00403
2016-08-04 20:03:19,281 INFO [org.junit.Test] zero00404
2016-08-04 20:03:19,281 INFO [org.junit.Test] zero00405
2016-08-04 20:03:19,281 INFO [org.junit.Test] zero00406
2016-08-04 20:03:19,281 INFO [org.junit.Test] zero00407
2016-08-04 20:03:19,281 INFO [org.junit.Test] zero00408
2016-08-04 20:03:19,281 INFO [org.junit.Test] zero00409
2016-08-04 20:03:19,281 INFO [org.junit.Test] zero00410
2016-08-04 20:03:19,281 INFO [org.junit.Test] zero00411
2016-08-04 20:03:19,281 INFO [org.junit.Test] zero00412
2016-08-04 20:03:19,281 INFO [org.junit.Test] zero00413
2016-08-04 20:03:19,281 INFO [org.junit.Test] zero00414
2016-08-04 20:03:19,281 INFO [org.junit.Test] zero00415
2016-08-04 20:03:19,281 INFO [org.junit.Test] zero00416
2016-08-04 20:03:19,281 INFO [org.junit.Test] zero00417
2016-08-04 20:03:19,281 INFO [org.junit.Test] zero00418
2016-08-04 20:03:19,281 INFO [org.junit.Test] zero00419
2016-08-04 20:03:19,281 INFO [org.junit.Test] zero00420
2016-08-04 20:03:19,281 INFO [org.junit.Test] zero00421
2016-08-04 20:03:19,281 INFO [org.junit.Test] zero00422
2016-08-04 20:03:19,281 INFO [org.junit.Test] zero00423
2016-08-04 20:03:19,281 INFO [org.junit.Test] zero00424
2016-08-04 20:03:19,281 INFO [org.junit.Test] zero00425
2016-08-04 20:03:19,281 INFO [org.junit.Test] zero00426
2016-08-04 20:03:19,281 INFO [org.junit.Test] zero00427
2016-08-04 20:03:19,281 INFO [org.junit.Test] zero00428
2016-08-04 20:03:19,281 INFO [org.junit.Test] zero00429
2016-08-04 20:03:19,281 INFO [org.junit.Test] zero00430
2016-08-04 20:03:19,281 INFO [org.junit.Test] zero00431
2016-08-04 20:03:19,281 INFO [org.junit.Test] zero00432
2016-08-04 20:03:19,281 INFO [org.junit.Test] zero00433
2016-08-04 20:03:19,281 INFO [org.junit.Test] zero00434
2016-08-04 20:03:19,281 INFO [org.junit.Test] zero00435
2016-08-04 20:03:19,281 INFO [org.junit.Test] zero00436
2016-08-04 20:03:19,281 INFO [org.junit.Test] zero00437
2016-08-04 20:03:19,281 INFO [org.junit.Test] zero00438
2016-08-04 20:03:19,281 INFO [org.junit.Test] zero00439
2016-08-04 20:03:19,281 INFO [org.junit.Test] zero00440
2016-08-04 20:03:19,281 INFO [org.junit.Test] zero00441
2016-08-04 20:03:19,281 INFO [org.junit.Test] zero00442
2016-08-04 20:03:19,281 INFO [org.junit.Test] zero00443
2016-08-04 20:03:19,281 INFO [org.junit.Test] zero00444
2016-08-04 20:03:19,281 INFO [org.junit.Test] zero00445
2016-08-04 20:03:19,281 INFO [org.junit.Test] zero00446
2016-08-04 20:03:19,281 INFO [org.junit.Test] zero00447
2016-08-04 20:03:19,281 INFO [org.junit.Test] zero00448
2016-08-04 20:03:19,281 INFO [org.junit.Test] zero00449
2016-08-04 20:03:19,281 INFO [org.junit.Test] zero00450
2016-08-04 20:03:19,281 INFO [org.junit.Test] zero00451
2016-08-04 20:03:19,281 INFO [org.junit.Test] zero00452
2016-08-04 20:03:19,281 INFO [org.junit.Test] zero00453
2016-08-04 20:03:19,281 INFO [org.junit.Test] zero00454
2016-08-04 20:03:19,281 INFO [org.junit.Test] zero00455
2016-08-04 20:03:19,281 INFO [org.junit.Test] zero00456
2016-08-04 20:03:19,281 INFO [org.junit.Test] zero00457
2016-08-04 20:03:19,281 INFO [org.junit.Test] zero00458
2016-08-04 20:03:19,281 INFO [org.junit.Test] zero00459
2016-08-04 20:03:19,281 INFO [org.junit.Test] zero00460
2016-08-04 20:03:19,281 INFO [org.junit.Test] zero00461
2016-08-04 20:03:19,281 INFO [org.junit.Test] zero00462
2016-08-04 20:03:19,281 INFO [org.junit.Test] zero00463
2016-08-04 20:03:19,281 INFO [org.junit.Test] zero00464
2016-08-04 20:03:19,281 INFO [org.junit.Test] zero00465
2016-08-04 20:03:19,281 INFO [org.junit.Test] zero00466
2016-08-04 20:03:19,281 INFO [org.junit.Test] zero00467
2016-08-04 20:03:19,281 INFO [org.junit.Test] zero00468
2016-08-04 20:03:19,281 INFO [org.junit.Test] zero00469
2016-08-04 20:03:19,281 INFO [org.junit.Test] zero00470
2016-08-04 20:03:19,281 INFO [org.junit.Test] zero00471
2016-08-04 20:03:19,281 INFO [org.junit.Test] zero00472
2016-08-04 20:03:19,281 INFO [org.junit.Test] zero00473
2016-08-04 20:03:19,281 INFO [org.junit.Test] zero00474
2016-08-04 20:03:19,281 INFO [org.junit.Test] zero00475
2016-08-04 20:03:19,281 INFO [org.junit.Test] zero00476
2016-08-04 20:03:19,281 INFO [org.junit.Test] zero00477
2016-08-04 20:03:19,281 INFO [org.junit.Test] zero00478
2016-08-04 20:03:19,281 INFO [org.junit.Test] zero00479
2016-08-04 20:03:19,281 INFO [org.junit.Test] zero00480
2016-08-04 20:03:19,281 INFO [org.junit.Test] zero00481
2016-08-04 20:03:19,281 INFO [org.junit.Test] zero00482
2016-08-04 20:03:19,281 INFO [org.junit.Test] zero00483
2016-08-04 20:03:19,281 INFO [org.junit.Test] zero00484
2016-08-04 20:03:19,281 INFO [org.junit.Test] zero00485
2016-08-04 20:03:19,281 INFO [org.junit.Test] zero00486
2016-08-04 20:03:19,281 INFO [org.junit.Test] zero00487
2016-08-04 20:03:19,281 INFO [org.junit.Test] zero00488
2016-08-04 20:03:19,281 INFO [org.junit.Test] zero00489
2016-08-04 20:03:19,281 INFO [org.junit.Test] zero00490
2016-08-04 20:03:19,281 INFO [org.junit.Test] zero00491
2016-08-04 20:03:19,281 INFO [org.junit.Test] zero00492
2016-08-04 20:03:19,281 INFO [org.junit.Test] zero00493
2016-08-04 20:03:19,281 INFO [org.junit.Test] zero00494
2016-08-04 20:03:19,281 INFO [org.junit.Test] zero00495
2016-08-04 20:03:19,281 INFO [org.junit.Test] zero00496
2016-08-04 20:03:19,281 INFO [org.junit.Test] zero00497
2016-08-04 20:03:19,281 INFO [org.junit.Test] zero00498
2016-08-04 20:03:19,281 INFO [org.junit.Test] zero00499
2016-08-04 20:03:19,281 INFO [org.junit.Test] zero00500
2016-08-04 20:03:19,281 INFO [org.junit.Test] zero00501
2016-08-04 20:03:19,281 INFO [org.junit.Test] zero00502
2016-08-04 20:03:19,281 INFO [org.junit.Test] zero00503
2016-08-04 20:03:19,281 INFO [org.junit.Test] zero00504
2016-08-04 20:03:19,281 INFO [org.junit.Test] zero00505
2016-08-04 20:03:19,281 INFO [org.junit.Test] zero00506
2016-08-04 20:03:19,281 INFO [org.junit.Test] zero00507
2016-08-04 20:03:19,281 INFO [org.junit.Test] zero00508
2016-08-04 20:03:19,281 INFO [org.junit.Test] zero00509
2016-08-04 20:03:19,281 INFO [org.junit.Test] zero00510
2016-08-04 20:03:19,281 INFO [org.junit.Test] zero00511
2016-08-04 20:03:19,281 INFO [org.junit.Test] zero00512
2016-08-04 20:03:19,281 INFO [org.junit.Test] zero00513
2016-08-04 20:03:19,281 INFO [org.junit.Test] zero00514
2016-08-04 20:03:19,281 INFO [org.junit.Test] zero00515
2016-08-04 20:03:19,281 INFO [org.junit.Test] zero00516
2016-08-04 20:03:19,281 INFO [org.junit.Test] zero00517
2016-08-04 20:03:19,281 INFO [org.junit.Test] zero00518
2016-08-04 20:03:19,281 INFO [org.junit.Test] zero00519
2016-08-04 20:03:19,281 INFO [org.junit.Test] zero00520
2016-08-04 20:03:19,281 INFO [org.junit.Test] zero00521
2016-08-04 20:03:19,281 INFO [org.junit.Test] zero00522
2016-08-04 20:03:19,281 INFO [org.junit.Test] zero00523
2016-08-04 20:03:19,281 INFO [org.junit.Test] zero00524
2016-08-04 20:03:19,281 INFO [org.junit.Test] zero00525
2016-08-04 20:03:19,281 INFO [org.junit.Test] zero00526
2016-08-04 20:03:19,281 INFO [org.junit.Test] zero00527
2016-08-04 20:03:19,281 INFO [org.junit.Test] zero00528
2016-08-04 20:03:19,281 INFO [org.junit.Test] zero00529
2016-08-04 20:03:19,281 INFO [org.junit.Test] zero00530
2016-08-04 20:03:19,281 INFO [org.junit.Test] zero00531
2016-08-04 20:03:19,281 INFO [org.junit.Test] zero00532
2016-08-04 20:03:19,281 INFO [org.junit.Test] zero00533
2016-08-04 20:03:19,281 INFO [org.junit.Test] zero00534
2016-08-04 20:03:19,281 INFO [org.junit.Test] zero00535
2016-08-04 20:03:19,281 INFO [org.junit.Test] zero00536
2016-08-04 20:03:19,281 INFO [org.junit.Test] zero00537
2016-08-04 20:03:19,281 INFO [org.junit.Test] zero00538
2016-08-04 20:03:19,281 INFO [org.junit.Test] zero00539
2016-08-04 20:03:19,281 INFO [org.junit.Test] zero00540
2016-08-04 20:03:19,281 INFO [org.junit.Test] zero00541
2016-08-04 20:03:19,281 INFO [org.junit.Test] zero00542
2016-08-04 20:03:19,281 INFO [org.junit.Test] zero00543
2016-08-04 20:03:19,281 INFO [org.junit.Test] zero00544
2016-08-04 20:03:19,281 INFO [org.junit.Test] zero00545
2016-08-04 20:03:19,281 INFO [org.junit.Test] zero00546
2016-08-04 20:03:19,281 INFO [org.junit.Test] zero00547
2016-08-04 20:03:19,281 INFO [org.junit.Test] zero00548
2016-08-04 20:03:19,281 INFO [org.junit.Test] zero00549
2016-08-04 20:03:19,281 INFO [org.junit.Test] zero00550
2016-08-04 20:03:19,281 INFO [org.junit.Test] zero00551
2016-08-04 20:03:19,281 INFO [org.junit.Test] zero00552
2016-08-04 20:03:19,281 INFO [org.junit.Test] zero00553
2016-08-04 20:03:19,281 INFO [org.junit.Test] zero00554
2016-08-04 20:03:19,281 INFO [org.junit.Test] zero00555
2016-08-04 20:03:19,281 INFO [org.junit.Test] zero00556
2016-08-04 20:03:19,281 INFO [org.junit.Test] zero00557
2016-08-04 20:03:19,281 INFO [org.junit.Test] zero00558
2016-08-04 20:03:19,281 INFO [org.junit.Test] zero00559
2016-08-04 20:03:19,281 INFO [org.junit.Test] zero00560
2016-08-04 20:03:19,281 INFO [org.junit.Test] zero00561
2016-08-04 20:03:19,281 INFO [org.junit.Test] zero00562
2016-08-04 20:03:19,281 INFO [org.junit.Test] zero00563
2016-08-04 20:03:19,281 INFO [org.junit.Test] zero00564
2016-08-04 20:03:19,281 INFO [org.junit.Test] zero00565
2016-08-04 20:03:19,281 INFO [org.junit.Test] zero00566
2016-08-04 20:03:19,281 INFO [org.junit.Test] zero00567
2016-08-04 20:03:19,281 INFO [org.junit.Test] zero00568
2016-08-04 20:03:19,281 INFO [org.junit.Test] zero00569
2016-08-04 20:03:19,281 INFO [org.junit.Test] zero00570
2016-08-04 20:03:19,281 INFO [org.junit.Test] zero00571
2016-08-04 20:03:19,281 INFO [org.junit.Test] zero00572
2016-08-04 20:03:19,281 INFO [org.junit.Test] zero00573
2016-08-04 20:03:19,281 INFO [org.junit.Test] zero00574
2016-08-04 20:03:19,281 INFO [org.junit.Test] zero00575
2016-08-04 20:03:19,281 INFO [org.junit.Test] zero00576
2016-08-04 20:03:19,281 INFO [org.junit.Test] zero00577
2016-08-04 20:03:19,281 INFO [org.junit.Test] zero00578
2016-08-04 20:03:19,281 INFO [org.junit.Test] zero00579
2016-08-04 20:03:19,281 INFO [org.junit.Test] zero00580
2016-08-04 20:03:19,281 INFO [org.junit.Test] zero00581
2016-08-04 20:03:19,281 INFO [org.junit.Test] zero00582
2016-08-04 20:03:19,281 INFO [org.junit.Test] zero00583
2016-08-04 20:03:19,281 INFO [org.junit.Test] zero00584
2016-08-04 20:03:19,281 INFO [org.junit.Test] zero00585
2016-08-04 20:03:19,281 INFO [org.junit.Test] zero00586
2016-08-04 20:03:19,281 INFO [org.junit.Test] zero00587
2016-08-04 20:03:19,281 INFO [org.junit.Test] zero00588
2016-08-04 20:03:19,281 INFO [org.junit.Test] zero00589
2016-08-04 20:03:19,281 INFO [org.junit.Test] zero00590
2016-08-04 20:03:19,281 INFO [org.junit.Test] zero00591
2016-08-04 20:03:19,281 INFO [org.junit.Test] zero00592
2016-08-04 20:03:19,281 INFO [org.junit.Test] zero00593
2016-08-04 20:03:19,281 INFO [org.junit.Test] zero00594
2016-08-04 20:03:19,281 INFO [org.junit.Test] zero00595
2016-08-04 20:03:19,281 INFO [org.junit.Test] zero00596
2016-08-04 20:03:19,281 INFO [org.junit.Test] zero00597
2016-08-04 20:03:19,281 INFO [org.junit.Test] zero00598
2016-08-04 20:03:19,281 INFO [org.junit.Test] zero00599
2016-08-04 20:03:19,281 INFO [org.junit.Test] zero00600
2016-08-04 20:03:19,281 INFO [org.junit.Test] zero00601
2016-08-04 20:03:19,281 INFO [org.junit.Test] zero00602
2016-08-04 20:03:19,281 INFO [org.junit.Test] zero00603
2016-08-04 20:03:19,281 INFO [org.junit.Test] zero00604
2016-08-04 20:03:19,281 INFO [org.junit.Test] zero00605
2016-08-04 20:03:19,281 INFO [org.junit.Test] zero00606
2016-08-04 20:03:19,281 INFO [org.junit.Test] zero00607
2016-08-04 20:03:19,281 INFO [org.junit.Test] zero00608
2016-08-04 20:03:19,281 INFO [org.junit.Test] zero00609
2016-08-04 20:03:19,281 INFO [org.junit.Test] zero00610
2016-08-04 20:03:19,281 INFO [org.junit.Test] zero00611
2016-08-04 20:03:19,281 INFO [org.junit.Test] zero00612
2016-08-04 20:03:19,281 INFO [org.junit.Test] zero00613
2016-08-04 20:03:19,281 INFO [org.junit.Test] zero00614
2016-08-04 20:03:19,281 INFO [org.junit.Test] zero00615
2016-08-04 20:03:19,281 INFO [org.junit.Test] zero00616
2016-08-04 20:03:19,281 INFO [org.junit.Test] zero00617
2016-08-04 20:03:19,281 INFO [org.junit.Test] zero00618
2016-08-04 20:03:19,281 INFO [org.junit.Test] zero00619
2016-08-04 20:03:19,281 INFO [org.junit.Test] zero00620
2016-08-04 20:03:19,281 INFO [org.junit.Test] zero00621
2016-08-04 20:03:19,281 INFO [org.junit.Test] zero00622
2016-08-04 20:03:19,281 INFO [org.junit.Test] zero00623
2016-08-04 20:03:19,281 INFO [org.junit.Test] zero00624
2016-08-04 20:03:19,281 INFO [org.junit.Test] zero00625
2016-08-04 20:03:19,281 INFO [org.junit.Test] zero00626
2016-08-04 20:03:19,281 INFO [org.junit.Test] zero00627
2016-08-04 20:03:19,281 INFO [org.junit.Test] zero00628
2016-08-04 20:03:19,281 INFO [org.junit.Test] zero00629
2016-08-04 20:03:19,281 INFO [org.junit.Test] zero00630
2016-08-04 20:03:19,281 INFO [org.junit.Test] zero00631
2016-08-04 20:03:19,281 INFO [org.junit.Test] zero00632
2016-08-04 20:03:19,281 INFO [org.junit.Test] zero00633
2016-08-04 20:03:19,281 INFO [org.junit.Test] zero00634
2016-08-04 20:03:19,281 INFO [org.junit.Test] zero00635
2016-08-04 20:03:19,281 INFO [org.junit.Test] zero00636
2016-08-04 20:03:19,281 INFO [org.junit.Test] zero00637
2016-08-04 20:03:19,281 INFO [org.junit.Test] zero00638
2016-08-04 20:03:19,281 INFO [org.junit.Test] zero00639
2016-08-04 20:03:19,281 INFO [org.junit.Test] zero00640
2016-08-04 20:03:19,281 INFO [org.junit.Test] zero00641
2016-08-04 20:03:19,281 INFO [org.junit.Test] zero00642
2016-08-04 20:03:19,281 INFO [org.junit.Test] zero00643
2016-08-04 20:03:19,281 INFO [org.junit.Test] zero00644
2016-08-04 20:03:19,281 INFO [org.junit.Test] zero00645
2016-08-04 20:03:19,281 INFO [org.junit.Test] zero00646
2016-08-04 20:03:19,281 INFO [org.junit.Test] zero00647
2016-08-04 20:03:19,281 INFO [org.junit.Test] zero00648
2016-08-04 20:03:19,281 INFO [org.junit.Test] zero00649
2016-08-04 20:03:19,281 INFO [org.junit.Test] zero00650
2016-08-04 20:03:19,281 INFO [org.junit.Test] zero00651
2016-08-04 20:03:19,281 INFO [org.junit.Test] zero00652
2016-08-04 20:03:19,281 INFO [org.junit.Test] zero00653
2016-08-04 20:03:19,281 INFO [org.junit.Test] zero00654
2016-08-04 20:03:19,281 INFO [org.junit.Test] zero00655
2016-08-04 20:03:19,281 INFO [org.junit.Test] zero00656
2016-08-04 20:03:19,281 INFO [org.junit.Test] zero00657
2016-08-04 20:03:19,281 INFO [org.junit.Test] zero00658
2016-08-04 20:03:19,281 INFO [org.junit.Test] zero00659
2016-08-04 20:03:19,281 INFO [org.junit.Test] zero00660
2016-08-04 20:03:19,281 INFO [org.junit.Test] zero00661
2016-08-04 20:03:19,281 INFO [org.junit.Test] zero00662
2016-08-04 20:03:19,281 INFO [org.junit.Test] zero00663
2016-08-04 20:03:19,281 INFO [org.junit.Test] zero00664
2016-08-04 20:03:19,281 INFO [org.junit.Test] zero00665
2016-08-04 20:03:19,281 INFO [org.junit.Test] zero00666
2016-08-04 20:03:19,281 INFO [org.junit.Test] zero00667
2016-08-04 20:03:19,281 INFO [org.junit.Test] zero00668
2016-08-04 20:03:19,281 INFO [org.junit.Test] zero00669
2016-08-04 20:03:19,281 INFO [org.junit.Test] zero00670
2016-08-04 20:03:19,281 INFO [org.junit.Test] zero00671
2016-08-04 20:03:19,281 INFO [org.junit.Test] zero00672
2016-08-04 20:03:19,281 INFO [org.junit.Test] zero00673
2016-08-04 20:03:19,281 INFO [org.junit.Test] zero00674
2016-08-04 20:03:19,281 INFO [org.junit.Test] zero00675
2016-08-04 20:03:19,281 INFO [org.junit.Test] zero00676
2016-08-04 20:03:19,281 INFO [org.junit.Test] zero00677
2016-08-04 20:03:19,281 INFO [org.junit.Test] zero00678
2016-08-04 20:03:19,281 INFO [org.junit.Test] zero00679
2016-08-04 20:03:19,281 INFO [org.junit.Test] zero00680
2016-08-04 20:03:19,281 INFO [org.junit.Test] zero00681
2016-08-04 20:03:19,281 INFO [org.junit.Test] zero00682
2016-08-04 20:03:19,281 INFO [org.junit.Test] zero00683
2016-08-04 20:03:19,281 INFO [org.junit.Test] zero00684
2016-08-04 20:03:19,281 INFO [org.junit.Test] zero00685
2016-08-04 20:03:19,281 INFO [org.junit.Test] zero00686
2016-08-04 20:03:19,281 INFO [org.junit.Test] zero00687
2016-08-04 20:03:19,281 INFO [org.junit.Test] zero00688
2016-08-04 20:03:19,281 INFO [org.junit.Test] zero00689
2016-08-04 20:03:19,281 INFO [org.junit.Test] zero00690
2016-08-04 20:03:19,281 INFO [org.junit.Test] zero00691
2016-08-04 20:03:19,281 INFO [org.junit.Test] zero00692
2016-08-04 20:03:19,281 INFO [org.junit.Test] zero00693
2016-08-04 20:03:19,281 INFO [org.junit.Test] zero00694
2016-08-04 20:03:19,281 INFO [org.junit.Test] zero00695
2016-08-04 20:03:19,281 INFO [org.junit.Test] zero00696
2016-08-04 20:03:19,281 INFO [org.junit.Test] zero00697
2016-08-04 20:03:19,281 INFO [org.junit.Test] zero00698
2016-08-04 20:03:19,281 INFO [org.junit.Test] zero00699
2016-08-04 20:03:19,281 INFO [org.junit.Test] zero00700
2016-08-04 20:03:19,281 INFO [org.junit.Test] zero00701
2016-08-04 20:03:19,281 INFO [org.junit.Test] zero00702
2016-08-04 20:03:19,281 INFO [org.junit.Test] zero00703
2016-08-04 20:03:19,281 INFO [org.junit.Test] zero00704
2016-08-04 20:03:19,281 INFO [org.junit.Test] zero00705
2016-08-04 20:03:19,281 INFO [org.junit.Test] zero00706
2016-08-04 20:03:19,281 INFO [org.junit.Test] zero00707
2016-08-04 20:03:19,281 INFO [org.junit.Test] zero00708
2016-08-04 20:03:19,281 INFO [org.junit.Test] zero00709
2016-08-04 20:03:19,281 INFO [org.junit.Test] zero00710
2016-08-04 20:03:19,281 INFO [org.junit.Test] zero00711
2016-08-04 20:03:19,281 INFO [org.junit.Test] zero00712
2016-08-04 20:03:19,281 INFO [org.junit.Test] zero00713
2016-08-04 20:03:19,281 INFO [org.junit.Test] zero00714
2016-08-04 20:03:19,281 INFO [org.junit.Test] zero00715
2016-08-04 20:03:19,281 INFO [org.junit.Test] zero00716
2016-08-04 20:03:19,281 INFO [org.junit.Test] zero00717
2016-08-04 20:03:19,281 INFO [org.junit.Test] zero00718
2016-08-04 20:03:19,281 INFO [org.junit.Test] zero00719
2016-08-04 20:03:19,281 INFO [org.junit.Test] zero00720
2016-08-04 20:03:19,281 INFO [org.junit.Test] zero00721
2016-08-04 20:03:19,281 INFO [org.junit.Test] zero00722
2016-08-04 20:03:19,281 INFO [org.junit.Test] zero00723
2016-08-04 20:03:19,281 INFO [org.junit.Test] zero00724
2016-08-04 20:03:19,281 INFO [org.junit.Test] zero00725
2016-08-04 20:03:19,281 INFO [org.junit.Test] zero00726
2016-08-04 20:03:19,281 INFO [org.junit.Test] zero00727
2016-08-04 20:03:19,281 INFO [org.junit.Test] zero00728
2016-08-04 20:03:19,281 INFO [org.junit.Test] zero00729
2016-08-04 20:03:19,281 INFO [org.junit.Test] zero00730
2016-08-04 20:03:19,281 INFO [org.junit.Test] zero00731
2016-08-04 20:03:19,281 INFO [org.junit.Test] zero00732
2016-08-04 20:03:19,281 INFO [org.junit.Test] zero00733
2016-08-04 20:03:19,281 INFO [org.junit.Test] zero00734
2016-08-04 20:03:19,281 INFO [org.junit.Test] zero00735
2016-08-04 20:03:19,281 INFO [org.junit.Test] zero00736
2016-08-04 20:03:19,281 INFO [org.junit.Test] zero00737
2016-08-04 20:03:19,281 INFO [org.junit.Test] zero00738
2016-08-04 20:03:19,281 INFO [org.junit.Test] zero00739
2016-08-04 20:03:19,281 INFO [org.junit.Test] zero00740
2016-08-04 20:03:19,281 INFO [org.junit.Test] zero00741
2016-08-04 20:03:19,281 INFO [org.junit.Test] zero00742
2016-08-04 20:03:19,281 INFO [org.junit.Test] zero00743
2016-08-04 20:03:19,281 INFO [org.junit.Test] zero00744
2016-08-04 20:03:19,281 INFO [org.junit.Test] zero00745
2016-08-04 20:03:19,281 INFO [org.junit.Test] zero00746
2016-08-04 20:03:19,281 INFO [org.junit.Test] zero00747
2016-08-04 20:03:19,281 INFO [org.junit.Test] zero00748
2016-08-04 20:03:19,281 INFO [org.junit.Test] zero00749
2016-08-04 20:03:19,281 INFO [org.junit.Test] zero00750
2016-08-04 20:03:19,281 INFO [org.junit.Test] zero00751
2016-08-04 20:03:19,281 INFO [org.junit.Test] zero00752
2016-08-04 20:03:19,281 INFO [org.junit.Test] zero00753
2016-08-04 20:03:19,281 INFO [org.junit.Test] zero00754
2016-08-04 20:03:19,281 INFO [org.junit.Test] zero00755
2016-08-04 20:03:19,281 INFO [org.junit.Test] zero00756
2016-08-04 20:03:19,281 INFO [org.junit.Test] zero00757
2016-08-04 20:03:19,281 INFO [org.junit.Test] zero00758
2016-08-04 20:03:19,281 INFO [org.junit.Test] zero00759
2016-08-04 20:03:19,281 INFO [org.junit.Test] zero00760
2016-08-04 20:03:19,281 INFO [org.junit.Test] zero00761
2016-08-04 20:03:19,281 INFO [org.junit.Test] zero00762
2016-08-04 20:03:19,281 INFO [org.junit.Test] zero00763
2016-08-04 20:03:19,281 INFO [org.junit.Test] zero00764
2016-08-04 20:03:19,281 INFO [org.junit.Test] zero00765
2016-08-04 20:03:19,281 INFO [org.junit.Test] zero00766
2016-08-04 20:03:19,281 INFO [org.junit.Test] zero00767
2016-08-04 20:03:19,281 INFO [org.junit.Test] zero00768
2016-08-04 20:03:19,281 INFO [org.junit.Test] zero00769
2016-08-04 20:03:19,281 INFO [org.junit.Test] zero00770
2016-08-04 20:03:19,281 INFO [org.junit.Test] zero00771
2016-08-04 20:03:19,281 INFO [org.junit.Test] zero00772
2016-08-04 20:03:19,281 INFO [org.junit.Test] zero00773
2016-08-04 20:03:19,281 INFO [org.junit.Test] zero00774
2016-08-04 20:03:19,281 INFO [org.junit.Test] zero00775
2016-08-04 20:03:19,281 INFO [org.junit.Test] zero00776
2016-08-04 20:03:19,281 INFO [org.junit.Test] zero00777
2016-08-04 20:03:19,281 INFO [org.junit.Test] zero00778
2016-08-04 20:03:19,281 INFO [org.junit.Test] zero00779
2016-08-04 20:03:19,281 INFO [org.junit.Test] zero00780
2016-08-04 20:03:19,281 INFO [org.junit.Test] zero00781
2016-08-04 20:03:19,281 INFO [org.junit.Test] zero00782
2016-08-04 20:03:19,281 INFO [org.junit.Test] zero00783
2016-08-04 20:03:19,281 INFO [org.junit.Test] zero00784
2016-08-04 20:03:19,281 INFO [org.junit.Test] zero00785
2016-08-04 20:03:19,281 INFO [org.junit.Test] zero00786
2016-08-04 20:03:19,281 INFO [org.junit.Test] zero00787
2016-08-04 20:03:19,281 INFO [org.junit.Test] zero00788
2016-08-04 20:03:19,281 INFO [org.junit.Test] zero00789
2016-08-04 20:03:19,281 INFO [org.junit.Test] zero00790
2016-08-04 20:03:19,281 INFO [org.junit.Test] zero00791
2016-08-04 20:03:19,281 INFO [org.junit.Test] zero00792
2016-08-04 20:03:19,281 INFO [org.junit.Test] zero00793
2016-08-04 20:03:19,281 INFO [org.junit.Test] zero00794
2016-08-04 20:03:19,281 INFO [org.junit.Test] zero00795
2016-08-04 20:03:19,281 INFO [org.junit.Test] zero00796
2016-08-04 20:03:19,281 INFO [org.junit.Test] zero00797
2016-08-04 20:03:19,281 INFO [org.junit.Test] zero00798
2016-08-04 20:03:19,281 INFO [org.junit.Test] zero00799
2016-08-04 20:03:19,281 INFO [org.junit.Test] zero00800
2016-08-04 20:03:19,281 INFO [org.junit.Test] zero00801
2016-08-04 20:03:19,281 INFO [org.junit.Test] zero00802
2016-08-04 20:03:19,281 INFO [org.junit.Test] zero00803
2016-08-04 20:03:19,281 INFO [org.junit.Test] zero00804
2016-08-04 20:03:19,281 INFO [org.junit.Test] zero00805
2016-08-04 20:03:19,281 INFO [org.junit.Test] zero00806
2016-08-04 20:03:19,281 INFO [org.junit.Test] zero00807
2016-08-04 20:03:19,281 INFO [org.junit.Test] zero00808
2016-08-04 20:03:19,281 INFO [org.junit.Test] zero00809
2016-08-04 20:03:19,281 INFO [org.junit.Test] zero00810
2016-08-04 20:03:19,281 INFO [org.junit.Test] zero00811
2016-08-04 20:03:19,281 INFO [org.junit.Test] zero00812
2016-08-04 20:03:19,281 INFO [org.junit.Test] zero00813
2016-08-04 20:03:19,281 INFO [org.junit.Test] zero00814
2016-08-04 20:03:19,281 INFO [org.junit.Test] zero00815
2016-08-04 20:03:19,281 INFO [org.junit.Test] zero00816
2016-08-04 20:03:19,281 INFO [org.junit.Test] zero00817
2016-08-04 20:03:19,281 INFO [org.junit.Test] zero00818
2016-08-04 20:03:19,281 INFO [org.junit.Test] zero00819
2016-08-04 20:03:19,281 INFO [org.junit.Test] zero00820
2016-08-04 20:03:19,281 INFO [org.junit.Test] zero00821
2016-08-04 20:03:19,281 INFO [org.junit.Test] zero00822
2016-08-04 20:03:19,281 INFO [org.junit.Test] zero00823
2016-08-04 20:03:19,281 INFO [org.junit.Test] zero00824
2016-08-04 20:03:19,281 INFO [org.junit.Test] zero00825
2016-08-04 20:03:19,281 INFO [org.junit.Test] zero00826
2016-08-04 20:03:19,281 INFO [org.junit.Test] zero00827
2016-08-04 20:03:19,281 INFO [org.junit.Test] zero00828
2016-08-04 20:03:19,281 INFO [org.junit.Test] zero00829
2016-08-04 20:03:19,281 INFO [org.junit.Test] zero00830
2016-08-04 20:03:19,281 INFO [org.junit.Test] zero00831
2016-08-04 20:03:19,281 INFO [org.junit.Test] zero00832
2016-08-04 20:03:19,281 INFO [org.junit.Test] zero00833
2016-08-04 20:03:19,281 INFO [org.junit.Test] zero00834
2016-08-04 20:03:19,281 INFO [org.junit.Test] zero00835
2016-08-04 20:03:19,281 INFO [org.junit.Test] zero00836
2016-08-04 20:03:19,281 INFO [org.junit.Test] zero00837
2016-08-04 20:03:19,281 INFO [org.junit.Test] zero00838
2016-08-04 20:03:19,281 INFO [org.junit.Test] zero00839
2016-08-04 20:03:19,281 INFO [org.junit.Test] zero00840
2016-08-04 20:03:19,281 INFO [org.junit.Test] zero00841
2016-08-04 20:03:19,281 INFO [org.junit.Test] zero00842
2016-08-04 20:03:19,281 INFO [org.junit.Test] zero00843
2016-08-04 20:03:19,281 INFO [org.junit.Test] zero00844
2016-08-04 20:03:19,281 INFO [org.junit.Test] zero00845
2016-08-04 20:03:19,281 INFO [org.junit.Test] zero00846
2016-08-04 20:03:19,281 INFO [org.junit.Test] zero00847
2016-08-04 20:03:19,281 INFO [org.junit.Test] zero00848
2016-08-04 20:03:19,281 INFO [org.junit.Test] zero00849
2016-08-04 20:03:19,281 INFO [org.junit.Test] zero00850
2016-08-04 20:03:19,281 INFO [org.junit.Test] zero00851
2016-08-04 20:03:19,281 INFO [org.junit.Test] zero00852
2016-08-04 20:03:19,281 INFO [org.junit.Test] zero00853
2016-08-04 20:03:19,281 INFO [org.junit.Test] zero00854
2016-08-04 20:03:19,281 INFO [org.junit.Test] zero00855
2016-08-04 20:03:19,281 INFO [org.junit.Test] zero00856
2016-08-04 20:03:19,281 INFO [org.junit.Test] zero00857
2016-08-04 20:03:19,281 INFO [org.junit.Test] zero00858
2016-08-04 20:03:19,281 INFO [org.junit.Test] zero00859
2016-08-04 20:03:19,281 INFO [org.junit.Test] zero00860
2016-08-04 20:03:19,281 INFO [org.junit.Test] zero00861
2016-08-04 20:03:19,281 INFO [org.junit.Test] zero00862
2016-08-04 20:03:19,281 INFO [org.junit.Test] zero00863
2016-08-04 20:03:19,281 INFO [org.junit.Test] zero00864
2016-08-04 20:03:19,281 INFO [org.junit.Test] zero00865
2016-08-04 20:03:19,281 INFO [org.junit.Test] zero00866
2016-08-04 20:03:19,281 INFO [org.junit.Test] zero00867
2016-08-04 20:03:19,281 INFO [org.junit.Test] zero00868
2016-08-04 20:03:19,281 INFO [org.junit.Test] zero00869
2016-08-04 20:03:19,281 INFO [org.junit.Test] zero00870
2016-08-04 20:03:19,281 INFO [org.junit.Test] zero00871
2016-08-04 20:03:19,281 INFO [org.junit.Test] zero00872
2016-08-04 20:03:19,281 INFO [org.junit.Test] zero00873
2016-08-04 20:03:19,281 INFO [org.junit.Test] zero00874
2016-08-04 20:03:19,281 INFO [org.junit.Test] zero00875
2016-08-04 20:03:19,281 INFO [org.junit.Test] zero00876
2016-08-04 20:03:19,281 INFO [org.junit.Test] zero00877
2016-08-04 20:03:19,281 INFO [org.junit.Test] zero00878
2016-08-04 20:03:19,281 INFO [org.junit.Test] zero00879
2016-08-04 20:03:19,281 INFO [org.junit.Test] zero00880
2016-08-04 20:03:19,281 INFO [org.junit.Test] zero00881
2016-08-04 20:03:19,281 INFO [org.junit.Test] zero00882
2016-08-04 20:03:19,281 INFO [org.junit.Test] zero00883
2016-08-04 20:03:19,281 INFO [org.junit.Test] zero00884
2016-08-04 20:03:19,281 INFO [org.junit.Test] zero00885
2016-08-04 20:03:19,281 INFO [org.junit.Test] zero00886
2016-08-04 20:03:19,281 INFO [org.junit.Test] zero00887
2016-08-04 20:03:19,281 INFO [org.junit.Test] zero00888
2016-08-04 20:03:19,281 INFO [org.junit.Test] zero00889
2016-08-04 20:03:19,281 INFO [org.junit.Test] zero00890
2016-08-04 20:03:19,281 INFO [org.junit.Test] zero00891
2016-08-04 20:03:19,281 INFO [org.junit.Test] zero00892
2016-08-04 20:03:19,281 INFO [org.junit.Test] zero00893
2016-08-04 20:03:19,281 INFO [org.junit.Test] zero00894
2016-08-04 20:03:19,281 INFO [org.junit.Test] zero00895
2016-08-04 20:03:19,281 INFO [org.junit.Test] zero00896
2016-08-04 20:03:19,281 INFO [org.junit.Test] zero00897
2016-08-04 20:03:19,281 INFO [org.junit.Test] zero00898
2016-08-04 20:03:19,281 INFO [org.junit.Test] zero00899
2016-08-04 20:03:19,281 INFO [org.junit.Test] zero00900
2016-08-04 20:03:19,282 INFO [org.junit.Test] zero00901
2016-08-04 20:03:19,282 INFO [org.junit.Test] zero00902
2016-08-04 20:03:19,282 INFO [org.junit.Test] zero00903
2016-08-04 20:03:19,282 INFO [org.junit.Test] zero00904
2016-08-04 20:03:19,282 INFO [org.junit.Test] zero00905
2016-08-04 20:03:19,282 INFO [org.junit.Test] zero00906
2016-08-04 20:03:19,282 INFO [org.junit.Test] zero00907
2016-08-04 20:03:19,282 INFO [org.junit.Test] zero00908
2016-08-04 20:03:19,282 INFO [org.junit.Test] zero00909
2016-08-04 20:03:19,282 INFO [org.junit.Test] zero00910
2016-08-04 20:03:19,282 INFO [org.junit.Test] zero00911
2016-08-04 20:03:19,282 INFO [org.junit.Test] zero00912
2016-08-04 20:03:19,282 INFO [org.junit.Test] zero00913
2016-08-04 20:03:19,282 INFO [org.junit.Test] zero00914
2016-08-04 20:03:19,282 INFO [org.junit.Test] zero00915
2016-08-04 20:03:19,282 INFO [org.junit.Test] zero00916
2016-08-04 20:03:19,282 INFO [org.junit.Test] zero00917
2016-08-04 20:03:19,282 INFO [org.junit.Test] zero00918
2016-08-04 20:03:19,282 INFO [org.junit.Test] zero00919
2016-08-04 20:03:19,282 INFO [org.junit.Test] zero00920
2016-08-04 20:03:19,282 INFO [org.junit.Test] zero00921
2016-08-04 20:03:19,282 INFO [org.junit.Test] zero00922
2016-08-04 20:03:19,282 INFO [org.junit.Test] zero00923
2016-08-04 20:03:19,282 INFO [org.junit.Test] zero00924
2016-08-04 20:03:19,282 INFO [org.junit.Test] zero00925
2016-08-04 20:03:19,282 INFO [org.junit.Test] zero00926
2016-08-04 20:03:19,282 INFO [org.junit.Test] zero00927
2016-08-04 20:03:19,282 INFO [org.junit.Test] zero00928
2016-08-04 20:03:19,282 INFO [org.junit.Test] zero00929
2016-08-04 20:03:19,282 INFO [org.junit.Test] zero00930
2016-08-04 20:03:19,282 INFO [org.junit.Test] zero00931
2016-08-04 20:03:19,282 INFO [org.junit.Test] zero00932
2016-08-04 20:03:19,282 INFO [org.junit.Test] zero00933
2016-08-04 20:03:19,282 INFO [org.junit.Test] zero00934
2016-08-04 20:03:19,282 INFO [org.junit.Test] zero00935
2016-08-04 20:03:19,282 INFO [org.junit.Test] zero00936
2016-08-04 20:03:19,282 INFO [org.junit.Test] zero00937
2016-08-04 20:03:19,282 INFO [org.junit.Test] zero00938
2016-08-04 20:03:19,282 INFO [org.junit.Test] zero00939
2016-08-04 20:03:19,282 INFO [org.junit.Test] zero00940
2016-08-04 20:03:19,282 INFO [org.junit.Test] zero00941
2016-08-04 20:03:19,282 INFO [org.junit.Test] zero00942
2016-08-04 20:03:19,282 INFO [org.junit.Test] zero00943
2016-08-04 20:03:19,282 INFO [org.junit.Test] zero00944
2016-08-04 20:03:19,282 INFO [org.junit.Test] zero00945
2016-08-04 20:03:19,282 INFO [org.junit.Test] zero00946
2016-08-04 20:03:19,282 INFO [org.junit.Test] zero00947
2016-08-04 20:03:19,282 INFO [org.junit.Test] zero00948
2016-08-04 20:03:19,282 INFO [org.junit.Test] zero00949
2016-08-04 20:03:19,282 INFO [org.junit.Test] zero00950
2016-08-04 20:03:19,282 INFO [org.junit.Test] zero00951
2016-08-04 20:03:19,282 INFO [org.junit.Test] zero00952
2016-08-04 20:03:19,282 INFO [org.junit.Test] zero00953
2016-08-04 20:03:19,282 INFO [org.junit.Test] zero00954
2016-08-04 20:03:19,282 INFO [org.junit.Test] zero00955
2016-08-04 20:03:19,282 INFO [org.junit.Test] zero00956
2016-08-04 20:03:19,282 INFO [org.junit.Test] zero00957
2016-08-04 20:03:19,282 INFO [org.junit.Test] zero00958
2016-08-04 20:03:19,282 INFO [org.junit.Test] zero00959
2016-08-04 20:03:19,282 INFO [org.junit.Test] zero00960
2016-08-04 20:03:19,282 INFO [org.junit.Test] zero00961
2016-08-04 20:03:19,282 INFO [org.junit.Test] zero00962
2016-08-04 20:03:19,282 INFO [org.junit.Test] zero00963
2016-08-04 20:03:19,282 INFO [org.junit.Test] zero00964
2016-08-04 20:03:19,282 INFO [org.junit.Test] zero00965
2016-08-04 20:03:19,282 INFO [org.junit.Test] zero00966
2016-08-04 20:03:19,282 INFO [org.junit.Test] zero00967
2016-08-04 20:03:19,282 INFO [org.junit.Test] zero00968
2016-08-04 20:03:19,282 INFO [org.junit.Test] zero00969
2016-08-04 20:03:19,282 INFO [org.junit.Test] zero00970
2016-08-04 20:03:19,282 INFO [org.junit.Test] zero00971
2016-08-04 20:03:19,282 INFO [org.junit.Test] zero00972
2016-08-04 20:03:19,282 INFO [org.junit.Test] zero00973
2016-08-04 20:03:19,282 INFO [org.junit.Test] zero00974
2016-08-04 20:03:19,282 INFO [org.junit.Test] zero00975
2016-08-04 20:03:19,282 INFO [org.junit.Test] zero00976
2016-08-04 20:03:19,282 INFO [org.junit.Test] zero00977
2016-08-04 20:03:19,282 INFO [org.junit.Test] zero00978
2016-08-04 20:03:19,282 INFO [org.junit.Test] zero00979
2016-08-04 20:03:19,282 INFO [org.junit.Test] zero00980
2016-08-04 20:03:19,282 INFO [org.junit.Test] zero00981
2016-08-04 20:03:19,282 INFO [org.junit.Test] zero00982
2016-08-04 20:03:19,282 INFO [org.junit.Test] zero00983
2016-08-04 20:03:19,282 INFO [org.junit.Test] zero00984
2016-08-04 20:03:19,282 INFO [org.junit.Test] zero00985
2016-08-04 20:03:19,282 INFO [org.junit.Test] zero00986
2016-08-04 20:03:19,282 INFO [org.junit.Test] zero00987
2016-08-04 20:03:19,282 INFO [org.junit.Test] zero00988
2016-08-04 20:03:19,282 INFO [org.junit.Test] zero00989
2016-08-04 20:03:19,282 INFO [org.junit.Test] zero00990
2016-08-04 20:03:19,282 INFO [org.junit.Test] zero00991
2016-08-04 20:03:19,282 INFO [org.junit.Test] zero00992
2016-08-04 20:03:19,282 INFO [org.junit.Test] zero00993
2016-08-04 20:03:19,282 INFO [org.junit.Test] zero00994
2016-08-04 20:03:19,282 INFO [org.junit.Test] zero00995
2016-08-04 20:03:19,282 INFO [org.junit.Test] zero00996
2016-08-04 20:03:19,282 INFO [org.junit.Test] zero00997
2016-08-04 20:03:19,282 INFO [org.junit.Test] zero00998
2016-08-04 20:03:19,282 INFO [org.junit.Test] zero00999
2016-08-04 20:03:22,282 INFO [org.junit.Test] zero000
2016-08-04 20:03:22,282 INFO [org.junit.Test] zero001
2016-08-04 20:03:22,282 INFO [org.junit.Test] zero002
2016-08-04 20:03:22,282 INFO [org.junit.Test] zero003
2016-08-04 20:03:22,282 INFO [org.junit.Test] zero004
2016-08-04 20:03:22,282 INFO [org.junit.Test] zero005
2016-08-04 20:03:22,282 INFO [org.junit.Test] zero006
2016-08-04 20:03:22,282 INFO [org.junit.Test] zero007
2016-08-04 20:03:22,282 INFO [org.junit.Test] zero008
2016-08-04 20:03:22,282 INFO [org.junit.Test] zero009
2016-08-04 20:03:22,282 INFO [org.junit.Test] zero0010
2016-08-04 20:03:22,282 INFO [org.junit.Test] zero0011
2016-08-04 20:03:22,282 INFO [org.junit.Test] zero0012
2016-08-04 20:03:22,282 INFO [org.junit.Test] zero0013
2016-08-04 20:03:22,282 INFO [org.junit.Test] zero0014
2016-08-04 20:03:22,282 INFO [org.junit.Test] zero0015
2016-08-04 20:03:22,282 INFO [org.junit.Test] zero0016
2016-08-04 20:03:22,282 INFO [org.junit.Test] zero0017
2016-08-04 20:03:22,282 INFO [org.junit.Test] zero0018
2016-08-04 20:03:22,282 INFO [org.junit.Test] zero0019
2016-08-04 20:03:22,282 INFO [org.junit.Test] zero0020
2016-08-04 20:03:22,282 INFO [org.junit.Test] zero0021
2016-08-04 20:03:22,282 INFO [org.junit.Test] zero0022
2016-08-04 20:03:22,282 INFO [org.junit.Test] zero0023
2016-08-04 20:03:22,282 INFO [org.junit.Test] zero0024
2016-08-04 20:03:22,282 INFO [org.junit.Test] zero0025
2016-08-04 20:03:22,282 INFO [org.junit.Test] zero0026
2016-08-04 20:03:22,282 INFO [org.junit.Test] zero0027
2016-08-04 20:03:22,282 INFO [org.junit.Test] zero0028
2016-08-04 20:03:22,282 INFO [org.junit.Test] zero0029
2016-08-04 20:03:22,282 INFO [org.junit.Test] zero0030
2016-08-04 20:03:22,282 INFO [org.junit.Test] zero0031
2016-08-04 20:03:22,282 INFO [org.junit.Test] zero0032
2016-08-04 20:03:22,282 INFO [org.junit.Test] zero0033
2016-08-04 20:03:22,282 INFO [org.junit.Test] zero0034
2016-08-04 20:03:22,282 INFO [org.junit.Test] zero0035
2016-08-04 20:03:22,282 INFO [org.junit.Test] zero0036
2016-08-04 20:03:22,282 INFO [org.junit.Test] zero0037
2016-08-04 20:03:22,282 INFO [org.junit.Test] zero0038
2016-08-04 20:03:22,282 INFO [org.junit.Test] zero0039
2016-08-04 20:03:22,282 INFO [org.junit.Test] zero0040
2016-08-04 20:03:22,282 INFO [org.junit.Test] zero0041
2016-08-04 20:03:22,282 INFO [org.junit.Test] zero0042
2016-08-04 20:03:22,282 INFO [org.junit.Test] zero0043
2016-08-04 20:03:22,282 INFO [org.junit.Test] zero0044
2016-08-04 20:03:22,282 INFO [org.junit.Test] zero0045
2016-08-04 20:03:22,282 INFO [org.junit.Test] zero0046
2016-08-04 20:03:22,282 INFO [org.junit.Test] zero0047
2016-08-04 20:03:22,282 INFO [org.junit.Test] zero0048
2016-08-04 20:03:22,282 INFO [org.junit.Test] zero0049
2016-08-04 20:03:22,282 INFO [org.junit.Test] zero0050
2016-08-04 20:03:22,282 INFO [org.junit.Test] zero0051
2016-08-04 20:03:22,282 INFO [org.junit.Test] zero0052
2016-08-04 20:03:22,282 INFO [org.junit.Test] zero0053
2016-08-04 20:03:22,282 INFO [org.junit.Test] zero0054
2016-08-04 20:03:22,282 INFO [org.junit.Test] zero0055
2016-08-04 20:03:22,282 INFO [org.junit.Test] zero0056
2016-08-04 20:03:22,282 INFO [org.junit.Test] zero0057
2016-08-04 20:03:22,282 INFO [org.junit.Test] zero0058
2016-08-04 20:03:22,282 INFO [org.junit.Test] zero0059
2016-08-04 20:03:22,282 INFO [org.junit.Test] zero0060
2016-08-04 20:03:22,282 INFO [org.junit.Test] zero0061
2016-08-04 20:03:22,282 INFO [org.junit.Test] zero0062
2016-08-04 20:03:22,282 INFO [org.junit.Test] zero0063
2016-08-04 20:03:22,282 INFO [org.junit.Test] zero0064
2016-08-04 20:03:22,282 INFO [org.junit.Test] zero0065
2016-08-04 20:03:22,282 INFO [org.junit.Test] zero0066
2016-08-04 20:03:22,282 INFO [org.junit.Test] zero0067
2016-08-04 20:03:22,282 INFO [org.junit.Test] zero0068
2016-08-04 20:03:22,282 INFO [org.junit.Test] zero0069
2016-08-04 20:03:22,282 INFO [org.junit.Test] zero0070
2016-08-04 20:03:22,282 INFO [org.junit.Test] zero0071
2016-08-04 20:03:22,282 INFO [org.junit.Test] zero0072
2016-08-04 20:03:22,282 INFO [org.junit.Test] zero0073
2016-08-04 20:03:22,282 INFO [org.junit.Test] zero0074
2016-08-04 20:03:22,282 INFO [org.junit.Test] zero0075
2016-08-04 20:03:22,282 INFO [org.junit.Test] zero0076
2016-08-04 20:03:22,282 INFO [org.junit.Test] zero0077
2016-08-04 20:03:22,282 INFO [org.junit.Test] zero0078
2016-08-04 20:03:22,282 INFO [org.junit.Test] zero0079
2016-08-04 20:03:22,282 INFO [org.junit.Test] zero0080
2016-08-04 20:03:22,282 INFO [org.junit.Test] zero0081
2016-08-04 20:03:22,282 INFO [org.junit.Test] zero0082
2016-08-04 20:03:22,282 INFO [org.junit.Test] zero0083
2016-08-04 20:03:22,282 INFO [org.junit.Test] zero0084
2016-08-04 20:03:22,282 INFO [org.junit.Test] zero0085
2016-08-04 20:03:22,282 INFO [org.junit.Test] zero0086
2016-08-04 20:03:22,282 INFO [org.junit.Test] zero0087
2016-08-04 20:03:22,282 INFO [org.junit.Test] zero0088
2016-08-04 20:03:22,282 INFO [org.junit.Test] zero0089
2016-08-04 20:03:22,282 INFO [org.junit.Test] zero0090
2016-08-04 20:03:22,282 INFO [org.junit.Test] zero0091
2016-08-04 20:03:22,282 INFO [org.junit.Test] zero0092
2016-08-04 20:03:22,282 INFO [org.junit.Test] zero0093
2016-08-04 20:03:22,282 INFO [org.junit.Test] zero0094
2016-08-04 20:03:22,282 INFO [org.junit.Test] zero0095
2016-08-04 20:03:22,282 INFO [org.junit.Test] zero0096
2016-08-04 20:03:22,282 INFO [org.junit.Test] zero0097
2016-08-04 20:03:22,282 INFO [org.junit.Test] zero0098
2016-08-04 20:03:22,282 INFO [org.junit.Test] zero0099
2016-08-04 20:03:22,282 INFO [org.junit.Test] zero00100
2016-08-04 20:03:22,282 INFO [org.junit.Test] zero00101
2016-08-04 20:03:22,282 INFO [org.junit.Test] zero00102
2016-08-04 20:03:22,282 INFO [org.junit.Test] zero00103
2016-08-04 20:03:22,282 INFO [org.junit.Test] zero00104
2016-08-04 20:03:22,282 INFO [org.junit.Test] zero00105
2016-08-04 20:03:22,282 INFO [org.junit.Test] zero00106
2016-08-04 20:03:22,282 INFO [org.junit.Test] zero00107
2016-08-04 20:03:22,282 INFO [org.junit.Test] zero00108
2016-08-04 20:03:22,282 INFO [org.junit.Test] zero00109
2016-08-04 20:03:22,282 INFO [org.junit.Test] zero00110
2016-08-04 20:03:22,282 INFO [org.junit.Test] zero00111
2016-08-04 20:03:22,282 INFO [org.junit.Test] zero00112
2016-08-04 20:03:22,282 INFO [org.junit.Test] zero00113
2016-08-04 20:03:22,282 INFO [org.junit.Test] zero00114
2016-08-04 20:03:22,282 INFO [org.junit.Test] zero00115
2016-08-04 20:03:22,282 INFO [org.junit.Test] zero00116
2016-08-04 20:03:22,282 INFO [org.junit.Test] zero00117
2016-08-04 20:03:22,282 INFO [org.junit.Test] zero00118
2016-08-04 20:03:22,282 INFO [org.junit.Test] zero00119
2016-08-04 20:03:22,282 INFO [org.junit.Test] zero00120
2016-08-04 20:03:22,282 INFO [org.junit.Test] zero00121
2016-08-04 20:03:22,283 INFO [org.junit.Test] zero00122
2016-08-04 20:03:22,283 INFO [org.junit.Test] zero00123
2016-08-04 20:03:22,283 INFO [org.junit.Test] zero00124
2016-08-04 20:03:22,283 INFO [org.junit.Test] zero00125
2016-08-04 20:03:22,283 INFO [org.junit.Test] zero00126
2016-08-04 20:03:22,283 INFO [org.junit.Test] zero00127
2016-08-04 20:03:22,283 INFO [org.junit.Test] zero00128
2016-08-04 20:03:22,283 INFO [org.junit.Test] zero00129
2016-08-04 20:03:22,283 INFO [org.junit.Test] zero00130
2016-08-04 20:03:22,283 INFO [org.junit.Test] zero00131
2016-08-04 20:03:22,283 INFO [org.junit.Test] zero00132
2016-08-04 20:03:22,283 INFO [org.junit.Test] zero00133
2016-08-04 20:03:22,283 INFO [org.junit.Test] zero00134
2016-08-04 20:03:22,283 INFO [org.junit.Test] zero00135
2016-08-04 20:03:22,283 INFO [org.junit.Test] zero00136
2016-08-04 20:03:22,283 INFO [org.junit.Test] zero00137
2016-08-04 20:03:22,283 INFO [org.junit.Test] zero00138
2016-08-04 20:03:22,283 INFO [org.junit.Test] zero00139
2016-08-04 20:03:22,283 INFO [org.junit.Test] zero00140
2016-08-04 20:03:22,283 INFO [org.junit.Test] zero00141
2016-08-04 20:03:22,283 INFO [org.junit.Test] zero00142
2016-08-04 20:03:22,283 INFO [org.junit.Test] zero00143
2016-08-04 20:03:22,283 INFO [org.junit.Test] zero00144
2016-08-04 20:03:22,283 INFO [org.junit.Test] zero00145
2016-08-04 20:03:22,283 INFO [org.junit.Test] zero00146
2016-08-04 20:03:22,283 INFO [org.junit.Test] zero00147
2016-08-04 20:03:22,283 INFO [org.junit.Test] zero00148
2016-08-04 20:03:22,283 INFO [org.junit.Test] zero00149
2016-08-04 20:03:22,283 INFO [org.junit.Test] zero00150
2016-08-04 20:03:22,283 INFO [org.junit.Test] zero00151
2016-08-04 20:03:22,283 INFO [org.junit.Test] zero00152
2016-08-04 20:03:22,283 INFO [org.junit.Test] zero00153
2016-08-04 20:03:22,283 INFO [org.junit.Test] zero00154
2016-08-04 20:03:22,283 INFO [org.junit.Test] zero00155
2016-08-04 20:03:22,283 INFO [org.junit.Test] zero00156
2016-08-04 20:03:22,283 INFO [org.junit.Test] zero00157
2016-08-04 20:03:22,283 INFO [org.junit.Test] zero00158
2016-08-04 20:03:22,283 INFO [org.junit.Test] zero00159
2016-08-04 20:03:22,283 INFO [org.junit.Test] zero00160
2016-08-04 20:03:22,283 INFO [org.junit.Test] zero00161
2016-08-04 20:03:22,283 INFO [org.junit.Test] zero00162
2016-08-04 20:03:22,283 INFO [org.junit.Test] zero00163
2016-08-04 20:03:22,283 INFO [org.junit.Test] zero00164
2016-08-04 20:03:22,283 INFO [org.junit.Test] zero00165
2016-08-04 20:03:22,283 INFO [org.junit.Test] zero00166
2016-08-04 20:03:22,283 INFO [org.junit.Test] zero00167
2016-08-04 20:03:22,283 INFO [org.junit.Test] zero00168
2016-08-04 20:03:22,283 INFO [org.junit.Test] zero00169
2016-08-04 20:03:22,283 INFO [org.junit.Test] zero00170
2016-08-04 20:03:22,283 INFO [org.junit.Test] zero00171
2016-08-04 20:03:22,283 INFO [org.junit.Test] zero00172
2016-08-04 20:03:22,283 INFO [org.junit.Test] zero00173
2016-08-04 20:03:22,283 INFO [org.junit.Test] zero00174
2016-08-04 20:03:22,283 INFO [org.junit.Test] zero00175
2016-08-04 20:03:22,283 INFO [org.junit.Test] zero00176
2016-08-04 20:03:22,283 INFO [org.junit.Test] zero00177
2016-08-04 20:03:22,283 INFO [org.junit.Test] zero00178
2016-08-04 20:03:22,283 INFO [org.junit.Test] zero00179
2016-08-04 20:03:22,283 INFO [org.junit.Test] zero00180
2016-08-04 20:03:22,283 INFO [org.junit.Test] zero00181
2016-08-04 20:03:22,283 INFO [org.junit.Test] zero00182
2016-08-04 20:03:22,283 INFO [org.junit.Test] zero00183
2016-08-04 20:03:22,283 INFO [org.junit.Test] zero00184
2016-08-04 20:03:22,283 INFO [org.junit.Test] zero00185
2016-08-04 20:03:22,283 INFO [org.junit.Test] zero00186
2016-08-04 20:03:22,283 INFO [org.junit.Test] zero00187
2016-08-04 20:03:22,283 INFO [org.junit.Test] zero00188
2016-08-04 20:03:22,283 INFO [org.junit.Test] zero00189
2016-08-04 20:03:22,283 INFO [org.junit.Test] zero00190
2016-08-04 20:03:22,283 INFO [org.junit.Test] zero00191
2016-08-04 20:03:22,283 INFO [org.junit.Test] zero00192
2016-08-04 20:03:22,283 INFO [org.junit.Test] zero00193
2016-08-04 20:03:22,283 INFO [org.junit.Test] zero00194
2016-08-04 20:03:22,283 INFO [org.junit.Test] zero00195
2016-08-04 20:03:22,283 INFO [org.junit.Test] zero00196
2016-08-04 20:03:22,283 INFO [org.junit.Test] zero00197
2016-08-04 20:03:22,283 INFO [org.junit.Test] zero00198
2016-08-04 20:03:22,283 INFO [org.junit.Test] zero00199
2016-08-04 20:03:22,283 INFO [org.junit.Test] zero00200
2016-08-04 20:03:22,283 INFO [org.junit.Test] zero00201
2016-08-04 20:03:22,283 INFO [org.junit.Test] zero00202
2016-08-04 20:03:22,283 INFO [org.junit.Test] zero00203
2016-08-04 20:03:22,283 INFO [org.junit.Test] zero00204
2016-08-04 20:03:22,283 INFO [org.junit.Test] zero00205
2016-08-04 20:03:22,283 INFO [org.junit.Test] zero00206
2016-08-04 20:03:22,283 INFO [org.junit.Test] zero00207
2016-08-04 20:03:22,283 INFO [org.junit.Test] zero00208
2016-08-04 20:03:22,283 INFO [org.junit.Test] zero00209
2016-08-04 20:03:22,283 INFO [org.junit.Test] zero00210
2016-08-04 20:03:22,283 INFO [org.junit.Test] zero00211
2016-08-04 20:03:22,283 INFO [org.junit.Test] zero00212
2016-08-04 20:03:22,283 INFO [org.junit.Test] zero00213
2016-08-04 20:03:22,283 INFO [org.junit.Test] zero00214
2016-08-04 20:03:22,283 INFO [org.junit.Test] zero00215
2016-08-04 20:03:22,283 INFO [org.junit.Test] zero00216
2016-08-04 20:03:22,283 INFO [org.junit.Test] zero00217
2016-08-04 20:03:22,283 INFO [org.junit.Test] zero00218
2016-08-04 20:03:22,283 INFO [org.junit.Test] zero00219
2016-08-04 20:03:22,283 INFO [org.junit.Test] zero00220
2016-08-04 20:03:22,283 INFO [org.junit.Test] zero00221
2016-08-04 20:03:22,283 INFO [org.junit.Test] zero00222
2016-08-04 20:03:22,283 INFO [org.junit.Test] zero00223
2016-08-04 20:03:22,283 INFO [org.junit.Test] zero00224
2016-08-04 20:03:22,283 INFO [org.junit.Test] zero00225
2016-08-04 20:03:22,283 INFO [org.junit.Test] zero00226
2016-08-04 20:03:22,283 INFO [org.junit.Test] zero00227
2016-08-04 20:03:22,283 INFO [org.junit.Test] zero00228
2016-08-04 20:03:22,283 INFO [org.junit.Test] zero00229
2016-08-04 20:03:22,283 INFO [org.junit.Test] zero00230
2016-08-04 20:03:22,283 INFO [org.junit.Test] zero00231
2016-08-04 20:03:22,283 INFO [org.junit.Test] zero00232
2016-08-04 20:03:22,283 INFO [org.junit.Test] zero00233
2016-08-04 20:03:22,283 INFO [org.junit.Test] zero00234
2016-08-04 20:03:22,283 INFO [org.junit.Test] zero00235
2016-08-04 20:03:22,283 INFO [org.junit.Test] zero00236
2016-08-04 20:03:22,283 INFO [org.junit.Test] zero00237
2016-08-04 20:03:22,283 INFO [org.junit.Test] zero00238
2016-08-04 20:03:22,283 INFO [org.junit.Test] zero00239
2016-08-04 20:03:22,283 INFO [org.junit.Test] zero00240
2016-08-04 20:03:22,283 INFO [org.junit.Test] zero00241
2016-08-04 20:03:22,283 INFO [org.junit.Test] zero00242
2016-08-04 20:03:22,283 INFO [org.junit.Test] zero00243
2016-08-04 20:03:22,283 INFO [org.junit.Test] zero00244
2016-08-04 20:03:22,283 INFO [org.junit.Test] zero00245
2016-08-04 20:03:22,283 INFO [org.junit.Test] zero00246
2016-08-04 20:03:22,283 INFO [org.junit.Test] zero00247
2016-08-04 20:03:22,283 INFO [org.junit.Test] zero00248
2016-08-04 20:03:22,283 INFO [org.junit.Test] zero00249
2016-08-04 20:03:22,283 INFO [org.junit.Test] zero00250
2016-08-04 20:03:22,283 INFO [org.junit.Test] zero00251
2016-08-04 20:03:22,283 INFO [org.junit.Test] zero00252
2016-08-04 20:03:22,283 INFO [org.junit.Test] zero00253
2016-08-04 20:03:22,283 INFO [org.junit.Test] zero00254
2016-08-04 20:03:22,283 INFO [org.junit.Test] zero00255
2016-08-04 20:03:22,283 INFO [org.junit.Test] zero00256
2016-08-04 20:03:22,283 INFO [org.junit.Test] zero00257
2016-08-04 20:03:22,283 INFO [org.junit.Test] zero00258
2016-08-04 20:03:22,283 INFO [org.junit.Test] zero00259
2016-08-04 20:03:22,283 INFO [org.junit.Test] zero00260
2016-08-04 20:03:22,283 INFO [org.junit.Test] zero00261
2016-08-04 20:03:22,283 INFO [org.junit.Test] zero00262
2016-08-04 20:03:22,283 INFO [org.junit.Test] zero00263
2016-08-04 20:03:22,283 INFO [org.junit.Test] zero00264
2016-08-04 20:03:22,283 INFO [org.junit.Test] zero00265
2016-08-04 20:03:22,283 INFO [org.junit.Test] zero00266
2016-08-04 20:03:22,283 INFO [org.junit.Test] zero00267
2016-08-04 20:03:22,283 INFO [org.junit.Test] zero00268
2016-08-04 20:03:22,283 INFO [org.junit.Test] zero00269
2016-08-04 20:03:22,283 INFO [org.junit.Test] zero00270
2016-08-04 20:03:22,283 INFO [org.junit.Test] zero00271
2016-08-04 20:03:22,283 INFO [org.junit.Test] zero00272
2016-08-04 20:03:22,283 INFO [org.junit.Test] zero00273
2016-08-04 20:03:22,283 INFO [org.junit.Test] zero00274
2016-08-04 20:03:22,283 INFO [org.junit.Test] zero00275
2016-08-04 20:03:22,283 INFO [org.junit.Test] zero00276
2016-08-04 20:03:22,283 INFO [org.junit.Test] zero00277
2016-08-04 20:03:22,283 INFO [org.junit.Test] zero00278
2016-08-04 20:03:22,283 INFO [org.junit.Test] zero00279
2016-08-04 20:03:22,283 INFO [org.junit.Test] zero00280
2016-08-04 20:03:22,283 INFO [org.junit.Test] zero00281
2016-08-04 20:03:22,283 INFO [org.junit.Test] zero00282
2016-08-04 20:03:22,283 INFO [org.junit.Test] zero00283
2016-08-04 20:03:22,283 INFO [org.junit.Test] zero00284
2016-08-04 20:03:22,283 INFO [org.junit.Test] zero00285
2016-08-04 20:03:22,283 INFO [org.junit.Test] zero00286
2016-08-04 20:03:22,283 INFO [org.junit.Test] zero00287
2016-08-04 20:03:22,283 INFO [org.junit.Test] zero00288
2016-08-04 20:03:22,283 INFO [org.junit.Test] zero00289
2016-08-04 20:03:22,283 INFO [org.junit.Test] zero00290
2016-08-04 20:03:22,283 INFO [org.junit.Test] zero00291
2016-08-04 20:03:22,283 INFO [org.junit.Test] zero00292
2016-08-04 20:03:22,283 INFO [org.junit.Test] zero00293
2016-08-04 20:03:22,283 INFO [org.junit.Test] zero00294
2016-08-04 20:03:22,283 INFO [org.junit.Test] zero00295
2016-08-04 20:03:22,283 INFO [org.junit.Test] zero00296
2016-08-04 20:03:22,283 INFO [org.junit.Test] zero00297
2016-08-04 20:03:22,283 INFO [org.junit.Test] zero00298
2016-08-04 20:03:22,283 INFO [org.junit.Test] zero00299
2016-08-04 20:03:22,283 INFO [org.junit.Test] zero00300
2016-08-04 20:03:22,283 INFO [org.junit.Test] zero00301
2016-08-04 20:03:22,283 INFO [org.junit.Test] zero00302
2016-08-04 20:03:22,283 INFO [org.junit.Test] zero00303
2016-08-04 20:03:22,283 INFO [org.junit.Test] zero00304
2016-08-04 20:03:22,283 INFO [org.junit.Test] zero00305
2016-08-04 20:03:22,283 INFO [org.junit.Test] zero00306
2016-08-04 20:03:22,283 INFO [org.junit.Test] zero00307
2016-08-04 20:03:22,283 INFO [org.junit.Test] zero00308
2016-08-04 20:03:22,283 INFO [org.junit.Test] zero00309
2016-08-04 20:03:22,283 INFO [org.junit.Test] zero00310
2016-08-04 20:03:22,283 INFO [org.junit.Test] zero00311
2016-08-04 20:03:22,283 INFO [org.junit.Test] zero00312
2016-08-04 20:03:22,283 INFO [org.junit.Test] zero00313
2016-08-04 20:03:22,283 INFO [org.junit.Test] zero00314
2016-08-04 20:03:22,283 INFO [org.junit.Test] zero00315
2016-08-04 20:03:22,283 INFO [org.junit.Test] zero00316
2016-08-04 20:03:22,283 INFO [org.junit.Test] zero00317
2016-08-04 20:03:22,283 INFO [org.junit.Test] zero00318
2016-08-04 20:03:22,283 INFO [org.junit.Test] zero00319
2016-08-04 20:03:22,283 INFO [org.junit.Test] zero00320
2016-08-04 20:03:22,283 INFO [org.junit.Test] zero00321
2016-08-04 20:03:22,283 INFO [org.junit.Test] zero00322
2016-08-04 20:03:22,283 INFO [org.junit.Test] zero00323
2016-08-04 20:03:22,283 INFO [org.junit.Test] zero00324
2016-08-04 20:03:22,283 INFO [org.junit.Test] zero00325
2016-08-04 20:03:22,283 INFO [org.junit.Test] zero00326
2016-08-04 20:03:22,283 INFO [org.junit.Test] zero00327
2016-08-04 20:03:22,283 INFO [org.junit.Test] zero00328
2016-08-04 20:03:22,283 INFO [org.junit.Test] zero00329
2016-08-04 20:03:22,283 INFO [org.junit.Test] zero00330
2016-08-04 20:03:22,283 INFO [org.junit.Test] zero00331
2016-08-04 20:03:22,283 INFO [org.junit.Test] zero00332
2016-08-04 20:03:22,283 INFO [org.junit.Test] zero00333
2016-08-04 20:03:22,283 INFO [org.junit.Test] zero00334
2016-08-04 20:03:22,283 INFO [org.junit.Test] zero00335
2016-08-04 20:03:22,283 INFO [org.junit.Test] zero00336
2016-08-04 20:03:22,283 INFO [org.junit.Test] zero00337
2016-08-04 20:03:22,283 INFO [org.junit.Test] zero00338
2016-08-04 20:03:22,283 INFO [org.junit.Test] zero00339
2016-08-04 20:03:22,283 INFO [org.junit.Test] zero00340
2016-08-04 20:03:22,283 INFO [org.junit.Test] zero00341
2016-08-04 20:03:22,283 INFO [org.junit.Test] zero00342
2016-08-04 20:03:22,283 INFO [org.junit.Test] zero00343
2016-08-04 20:03:22,283 INFO [org.junit.Test] zero00344
2016-08-04 20:03:22,283 INFO [org.junit.Test] zero00345
2016-08-04 20:03:22,283 INFO [org.junit.Test] zero00346
2016-08-04 20:03:22,283 INFO [org.junit.Test] zero00347
2016-08-04 20:03:22,283 INFO [org.junit.Test] zero00348
2016-08-04 20:03:22,283 INFO [org.junit.Test] zero00349
2016-08-04 20:03:22,283 INFO [org.junit.Test] zero00350
2016-08-04 20:03:22,283 INFO [org.junit.Test] zero00351
2016-08-04 20:03:22,283 INFO [org.junit.Test] zero00352
2016-08-04 20:03:22,283 INFO [org.junit.Test] zero00353
2016-08-04 20:03:22,283 INFO [org.junit.Test] zero00354
2016-08-04 20:03:22,283 INFO [org.junit.Test] zero00355
2016-08-04 20:03:22,283 INFO [org.junit.Test] zero00356
2016-08-04 20:03:22,283 INFO [org.junit.Test] zero00357
2016-08-04 20:03:22,283 INFO [org.junit.Test] zero00358
2016-08-04 20:03:22,283 INFO [org.junit.Test] zero00359
2016-08-04 20:03:22,283 INFO [org.junit.Test] zero00360
2016-08-04 20:03:22,283 INFO [org.junit.Test] zero00361
2016-08-04 20:03:22,283 INFO [org.junit.Test] zero00362
2016-08-04 20:03:22,283 INFO [org.junit.Test] zero00363
2016-08-04 20:03:22,283 INFO [org.junit.Test] zero00364
2016-08-04 20:03:22,283 INFO [org.junit.Test] zero00365
2016-08-04 20:03:22,283 INFO [org.junit.Test] zero00366
2016-08-04 20:03:22,283 INFO [org.junit.Test] zero00367
2016-08-04 20:03:22,283 INFO [org.junit.Test] zero00368
2016-08-04 20:03:22,283 INFO [org.junit.Test] zero00369
2016-08-04 20:03:22,283 INFO [org.junit.Test] zero00370
2016-08-04 20:03:22,283 INFO [org.junit.Test] zero00371
2016-08-04 20:03:22,283 INFO [org.junit.Test] zero00372
2016-08-04 20:03:22,283 INFO [org.junit.Test] zero00373
2016-08-04 20:03:22,283 INFO [org.junit.Test] zero00374
2016-08-04 20:03:22,283 INFO [org.junit.Test] zero00375
2016-08-04 20:03:22,283 INFO [org.junit.Test] zero00376
2016-08-04 20:03:22,283 INFO [org.junit.Test] zero00377
2016-08-04 20:03:22,283 INFO [org.junit.Test] zero00378
2016-08-04 20:03:22,283 INFO [org.junit.Test] zero00379
2016-08-04 20:03:22,283 INFO [org.junit.Test] zero00380
2016-08-04 20:03:22,283 INFO [org.junit.Test] zero00381
2016-08-04 20:03:22,283 INFO [org.junit.Test] zero00382
2016-08-04 20:03:22,283 INFO [org.junit.Test] zero00383
2016-08-04 20:03:22,283 INFO [org.junit.Test] zero00384
2016-08-04 20:03:22,283 INFO [org.junit.Test] zero00385
2016-08-04 20:03:22,283 INFO [org.junit.Test] zero00386
2016-08-04 20:03:22,283 INFO [org.junit.Test] zero00387
2016-08-04 20:03:22,283 INFO [org.junit.Test] zero00388
2016-08-04 20:03:22,283 INFO [org.junit.Test] zero00389
2016-08-04 20:03:22,283 INFO [org.junit.Test] zero00390
2016-08-04 20:03:22,283 INFO [org.junit.Test] zero00391
2016-08-04 20:03:22,283 INFO [org.junit.Test] zero00392
2016-08-04 20:03:22,283 INFO [org.junit.Test] zero00393
2016-08-04 20:03:22,283 INFO [org.junit.Test] zero00394
2016-08-04 20:03:22,283 INFO [org.junit.Test] zero00395
2016-08-04 20:03:22,283 INFO [org.junit.Test] zero00396
2016-08-04 20:03:22,283 INFO [org.junit.Test] zero00397
2016-08-04 20:03:22,283 INFO [org.junit.Test] zero00398
2016-08-04 20:03:22,283 INFO [org.junit.Test] zero00399
2016-08-04 20:03:22,283 INFO [org.junit.Test] zero00400
2016-08-04 20:03:22,283 INFO [org.junit.Test] zero00401
2016-08-04 20:03:22,283 INFO [org.junit.Test] zero00402
2016-08-04 20:03:22,283 INFO [org.junit.Test] zero00403
2016-08-04 20:03:22,283 INFO [org.junit.Test] zero00404
2016-08-04 20:03:22,283 INFO [org.junit.Test] zero00405
2016-08-04 20:03:22,283 INFO [org.junit.Test] zero00406
2016-08-04 20:03:22,283 INFO [org.junit.Test] zero00407
2016-08-04 20:03:22,283 INFO [org.junit.Test] zero00408
2016-08-04 20:03:22,284 INFO [org.junit.Test] zero00409
2016-08-04 20:03:22,284 INFO [org.junit.Test] zero00410
2016-08-04 20:03:22,284 INFO [org.junit.Test] zero00411
2016-08-04 20:03:22,284 INFO [org.junit.Test] zero00412
2016-08-04 20:03:22,284 INFO [org.junit.Test] zero00413
2016-08-04 20:03:22,284 INFO [org.junit.Test] zero00414
2016-08-04 20:03:22,284 INFO [org.junit.Test] zero00415
2016-08-04 20:03:22,284 INFO [org.junit.Test] zero00416
2016-08-04 20:03:22,284 INFO [org.junit.Test] zero00417
2016-08-04 20:03:22,284 INFO [org.junit.Test] zero00418
2016-08-04 20:03:22,284 INFO [org.junit.Test] zero00419
2016-08-04 20:03:22,284 INFO [org.junit.Test] zero00420
2016-08-04 20:03:22,284 INFO [org.junit.Test] zero00421
2016-08-04 20:03:22,284 INFO [org.junit.Test] zero00422
2016-08-04 20:03:22,284 INFO [org.junit.Test] zero00423
2016-08-04 20:03:22,284 INFO [org.junit.Test] zero00424
2016-08-04 20:03:22,284 INFO [org.junit.Test] zero00425
2016-08-04 20:03:22,284 INFO [org.junit.Test] zero00426
2016-08-04 20:03:22,284 INFO [org.junit.Test] zero00427
2016-08-04 20:03:22,284 INFO [org.junit.Test] zero00428
2016-08-04 20:03:22,284 INFO [org.junit.Test] zero00429
2016-08-04 20:03:22,284 INFO [org.junit.Test] zero00430
2016-08-04 20:03:22,284 INFO [org.junit.Test] zero00431
2016-08-04 20:03:22,284 INFO [org.junit.Test] zero00432
2016-08-04 20:03:22,284 INFO [org.junit.Test] zero00433
2016-08-04 20:03:22,284 INFO [org.junit.Test] zero00434
2016-08-04 20:03:22,284 INFO [org.junit.Test] zero00435
2016-08-04 20:03:22,284 INFO [org.junit.Test] zero00436
2016-08-04 20:03:22,284 INFO [org.junit.Test] zero00437
2016-08-04 20:03:22,284 INFO [org.junit.Test] zero00438
2016-08-04 20:03:22,284 INFO [org.junit.Test] zero00439
2016-08-04 20:03:22,284 INFO [org.junit.Test] zero00440
2016-08-04 20:03:22,284 INFO [org.junit.Test] zero00441
2016-08-04 20:03:22,284 INFO [org.junit.Test] zero00442
2016-08-04 20:03:22,284 INFO [org.junit.Test] zero00443
2016-08-04 20:03:22,284 INFO [org.junit.Test] zero00444
2016-08-04 20:03:22,284 INFO [org.junit.Test] zero00445
2016-08-04 20:03:22,284 INFO [org.junit.Test] zero00446
2016-08-04 20:03:22,284 INFO [org.junit.Test] zero00447
2016-08-04 20:03:22,284 INFO [org.junit.Test] zero00448
2016-08-04 20:03:22,284 INFO [org.junit.Test] zero00449
2016-08-04 20:03:22,284 INFO [org.junit.Test] zero00450
2016-08-04 20:03:22,284 INFO [org.junit.Test] zero00451
2016-08-04 20:03:22,284 INFO [org.junit.Test] zero00452
2016-08-04 20:03:22,284 INFO [org.junit.Test] zero00453
2016-08-04 20:03:22,284 INFO [org.junit.Test] zero00454
2016-08-04 20:03:22,284 INFO [org.junit.Test] zero00455
2016-08-04 20:03:22,284 INFO [org.junit.Test] zero00456
2016-08-04 20:03:22,284 INFO [org.junit.Test] zero00457
2016-08-04 20:03:22,284 INFO [org.junit.Test] zero00458
2016-08-04 20:03:22,284 INFO [org.junit.Test] zero00459
2016-08-04 20:03:22,284 INFO [org.junit.Test] zero00460
2016-08-04 20:03:22,284 INFO [org.junit.Test] zero00461
2016-08-04 20:03:22,284 INFO [org.junit.Test] zero00462
2016-08-04 20:03:22,284 INFO [org.junit.Test] zero00463
2016-08-04 20:03:22,284 INFO [org.junit.Test] zero00464
2016-08-04 20:03:22,284 INFO [org.junit.Test] zero00465
2016-08-04 20:03:22,284 INFO [org.junit.Test] zero00466
2016-08-04 20:03:22,284 INFO [org.junit.Test] zero00467
2016-08-04 20:03:22,284 INFO [org.junit.Test] zero00468
2016-08-04 20:03:22,284 INFO [org.junit.Test] zero00469
2016-08-04 20:03:22,284 INFO [org.junit.Test] zero00470
2016-08-04 20:03:22,284 INFO [org.junit.Test] zero00471
2016-08-04 20:03:22,284 INFO [org.junit.Test] zero00472
2016-08-04 20:03:22,284 INFO [org.junit.Test] zero00473
2016-08-04 20:03:22,284 INFO [org.junit.Test] zero00474
2016-08-04 20:03:22,284 INFO [org.junit.Test] zero00475
2016-08-04 20:03:22,284 INFO [org.junit.Test] zero00476
2016-08-04 20:03:22,284 INFO [org.junit.Test] zero00477
2016-08-04 20:03:22,284 INFO [org.junit.Test] zero00478
2016-08-04 20:03:22,284 INFO [org.junit.Test] zero00479
2016-08-04 20:03:22,284 INFO [org.junit.Test] zero00480
2016-08-04 20:03:22,284 INFO [org.junit.Test] zero00481
2016-08-04 20:03:22,284 INFO [org.junit.Test] zero00482
2016-08-04 20:03:22,284 INFO [org.junit.Test] zero00483
2016-08-04 20:03:22,284 INFO [org.junit.Test] zero00484
2016-08-04 20:03:22,284 INFO [org.junit.Test] zero00485
2016-08-04 20:03:22,284 INFO [org.junit.Test] zero00486
2016-08-04 20:03:22,284 INFO [org.junit.Test] zero00487
2016-08-04 20:03:22,284 INFO [org.junit.Test] zero00488
2016-08-04 20:03:22,284 INFO [org.junit.Test] zero00489
2016-08-04 20:03:22,284 INFO [org.junit.Test] zero00490
2016-08-04 20:03:22,284 INFO [org.junit.Test] zero00491
2016-08-04 20:03:22,284 INFO [org.junit.Test] zero00492
2016-08-04 20:03:22,284 INFO [org.junit.Test] zero00493
2016-08-04 20:03:22,284 INFO [org.junit.Test] zero00494
2016-08-04 20:03:22,284 INFO [org.junit.Test] zero00495
2016-08-04 20:03:22,284 INFO [org.junit.Test] zero00496
2016-08-04 20:03:22,284 INFO [org.junit.Test] zero00497
2016-08-04 20:03:22,284 INFO [org.junit.Test] zero00498
2016-08-04 20:03:22,284 INFO [org.junit.Test] zero00499
2016-08-04 20:03:22,284 INFO [org.junit.Test] zero00500
2016-08-04 20:03:22,284 INFO [org.junit.Test] zero00501
2016-08-04 20:03:22,284 INFO [org.junit.Test] zero00502
2016-08-04 20:03:22,284 INFO [org.junit.Test] zero00503
2016-08-04 20:03:22,284 INFO [org.junit.Test] zero00504
2016-08-04 20:03:22,284 INFO [org.junit.Test] zero00505
2016-08-04 20:03:22,284 INFO [org.junit.Test] zero00506
2016-08-04 20:03:22,284 INFO [org.junit.Test] zero00507
2016-08-04 20:03:22,284 INFO [org.junit.Test] zero00508
2016-08-04 20:03:22,284 INFO [org.junit.Test] zero00509
2016-08-04 20:03:22,284 INFO [org.junit.Test] zero00510
2016-08-04 20:03:22,284 INFO [org.junit.Test] zero00511
2016-08-04 20:03:22,284 INFO [org.junit.Test] zero00512
2016-08-04 20:03:22,284 INFO [org.junit.Test] zero00513
2016-08-04 20:03:22,284 INFO [org.junit.Test] zero00514
2016-08-04 20:03:22,284 INFO [org.junit.Test] zero00515
2016-08-04 20:03:22,284 INFO [org.junit.Test] zero00516
2016-08-04 20:03:22,284 INFO [org.junit.Test] zero00517
2016-08-04 20:03:22,284 INFO [org.junit.Test] zero00518
2016-08-04 20:03:22,284 INFO [org.junit.Test] zero00519
2016-08-04 20:03:22,284 INFO [org.junit.Test] zero00520
2016-08-04 20:03:22,284 INFO [org.junit.Test] zero00521
2016-08-04 20:03:22,284 INFO [org.junit.Test] zero00522
2016-08-04 20:03:22,284 INFO [org.junit.Test] zero00523
2016-08-04 20:03:22,284 INFO [org.junit.Test] zero00524
2016-08-04 20:03:22,284 INFO [org.junit.Test] zero00525
2016-08-04 20:03:22,284 INFO [org.junit.Test] zero00526
2016-08-04 20:03:22,284 INFO [org.junit.Test] zero00527
2016-08-04 20:03:22,284 INFO [org.junit.Test] zero00528
2016-08-04 20:03:22,284 INFO [org.junit.Test] zero00529
2016-08-04 20:03:22,284 INFO [org.junit.Test] zero00530
2016-08-04 20:03:22,284 INFO [org.junit.Test] zero00531
2016-08-04 20:03:22,284 INFO [org.junit.Test] zero00532
2016-08-04 20:03:22,284 INFO [org.junit.Test] zero00533
2016-08-04 20:03:22,284 INFO [org.junit.Test] zero00534
2016-08-04 20:03:22,284 INFO [org.junit.Test] zero00535
2016-08-04 20:03:22,284 INFO [org.junit.Test] zero00536
2016-08-04 20:03:22,284 INFO [org.junit.Test] zero00537
2016-08-04 20:03:22,284 INFO [org.junit.Test] zero00538
2016-08-04 20:03:22,284 INFO [org.junit.Test] zero00539
2016-08-04 20:03:22,284 INFO [org.junit.Test] zero00540
2016-08-04 20:03:22,284 INFO [org.junit.Test] zero00541
2016-08-04 20:03:22,284 INFO [org.junit.Test] zero00542
2016-08-04 20:03:22,284 INFO [org.junit.Test] zero00543
2016-08-04 20:03:22,284 INFO [org.junit.Test] zero00544
2016-08-04 20:03:22,284 INFO [org.junit.Test] zero00545
2016-08-04 20:03:22,284 INFO [org.junit.Test] zero00546
2016-08-04 20:03:22,284 INFO [org.junit.Test] zero00547
2016-08-04 20:03:22,284 INFO [org.junit.Test] zero00548
2016-08-04 20:03:22,284 INFO [org.junit.Test] zero00549
2016-08-04 20:03:22,284 INFO [org.junit.Test] zero00550
2016-08-04 20:03:22,284 INFO [org.junit.Test] zero00551
2016-08-04 20:03:22,284 INFO [org.junit.Test] zero00552
2016-08-04 20:03:22,284 INFO [org.junit.Test] zero00553
2016-08-04 20:03:22,284 INFO [org.junit.Test] zero00554
2016-08-04 20:03:22,284 INFO [org.junit.Test] zero00555
2016-08-04 20:03:22,284 INFO [org.junit.Test] zero00556
2016-08-04 20:03:22,284 INFO [org.junit.Test] zero00557
2016-08-04 20:03:22,284 INFO [org.junit.Test] zero00558
2016-08-04 20:03:22,284 INFO [org.junit.Test] zero00559
2016-08-04 20:03:22,284 INFO [org.junit.Test] zero00560
2016-08-04 20:03:22,284 INFO [org.junit.Test] zero00561
2016-08-04 20:03:22,284 INFO [org.junit.Test] zero00562
2016-08-04 20:03:22,284 INFO [org.junit.Test] zero00563
2016-08-04 20:03:22,284 INFO [org.junit.Test] zero00564
2016-08-04 20:03:22,284 INFO [org.junit.Test] zero00565
2016-08-04 20:03:22,284 INFO [org.junit.Test] zero00566
2016-08-04 20:03:22,284 INFO [org.junit.Test] zero00567
2016-08-04 20:03:22,284 INFO [org.junit.Test] zero00568
2016-08-04 20:03:22,284 INFO [org.junit.Test] zero00569
2016-08-04 20:03:22,284 INFO [org.junit.Test] zero00570
2016-08-04 20:03:22,284 INFO [org.junit.Test] zero00571
2016-08-04 20:03:22,284 INFO [org.junit.Test] zero00572
2016-08-04 20:03:22,284 INFO [org.junit.Test] zero00573
2016-08-04 20:03:22,284 INFO [org.junit.Test] zero00574
2016-08-04 20:03:22,284 INFO [org.junit.Test] zero00575
2016-08-04 20:03:22,284 INFO [org.junit.Test] zero00576
2016-08-04 20:03:22,284 INFO [org.junit.Test] zero00577
2016-08-04 20:03:22,284 INFO [org.junit.Test] zero00578
2016-08-04 20:03:22,284 INFO [org.junit.Test] zero00579
2016-08-04 20:03:22,284 INFO [org.junit.Test] zero00580
2016-08-04 20:03:22,284 INFO [org.junit.Test] zero00581
2016-08-04 20:03:22,284 INFO [org.junit.Test] zero00582
2016-08-04 20:03:22,284 INFO [org.junit.Test] zero00583
2016-08-04 20:03:22,284 INFO [org.junit.Test] zero00584
2016-08-04 20:03:22,284 INFO [org.junit.Test] zero00585
2016-08-04 20:03:22,284 INFO [org.junit.Test] zero00586
2016-08-04 20:03:22,284 INFO [org.junit.Test] zero00587
2016-08-04 20:03:22,284 INFO [org.junit.Test] zero00588
2016-08-04 20:03:22,284 INFO [org.junit.Test] zero00589
2016-08-04 20:03:22,284 INFO [org.junit.Test] zero00590
2016-08-04 20:03:22,284 INFO [org.junit.Test] zero00591
2016-08-04 20:03:22,284 INFO [org.junit.Test] zero00592
2016-08-04 20:03:22,284 INFO [org.junit.Test] zero00593
2016-08-04 20:03:22,284 INFO [org.junit.Test] zero00594
2016-08-04 20:03:22,284 INFO [org.junit.Test] zero00595
2016-08-04 20:03:22,284 INFO [org.junit.Test] zero00596
2016-08-04 20:03:22,284 INFO [org.junit.Test] zero00597
2016-08-04 20:03:22,284 INFO [org.junit.Test] zero00598
2016-08-04 20:03:22,284 INFO [org.junit.Test] zero00599
2016-08-04 20:03:22,284 INFO [org.junit.Test] zero00600
2016-08-04 20:03:22,284 INFO [org.junit.Test] zero00601
2016-08-04 20:03:22,284 INFO [org.junit.Test] zero00602
2016-08-04 20:03:22,284 INFO [org.junit.Test] zero00603
2016-08-04 20:03:22,284 INFO [org.junit.Test] zero00604
2016-08-04 20:03:22,284 INFO [org.junit.Test] zero00605
2016-08-04 20:03:22,284 INFO [org.junit.Test] zero00606
2016-08-04 20:03:22,284 INFO [org.junit.Test] zero00607
2016-08-04 20:03:22,284 INFO [org.junit.Test] zero00608
2016-08-04 20:03:22,284 INFO [org.junit.Test] zero00609
2016-08-04 20:03:22,284 INFO [org.junit.Test] zero00610
2016-08-04 20:03:22,284 INFO [org.junit.Test] zero00611
2016-08-04 20:03:22,284 INFO [org.junit.Test] zero00612
2016-08-04 20:03:22,284 INFO [org.junit.Test] zero00613
2016-08-04 20:03:22,284 INFO [org.junit.Test] zero00614
2016-08-04 20:03:22,284 INFO [org.junit.Test] zero00615
2016-08-04 20:03:22,284 INFO [org.junit.Test] zero00616
2016-08-04 20:03:22,284 INFO [org.junit.Test] zero00617
2016-08-04 20:03:22,284 INFO [org.junit.Test] zero00618
2016-08-04 20:03:22,284 INFO [org.junit.Test] zero00619
2016-08-04 20:03:22,284 INFO [org.junit.Test] zero00620
2016-08-04 20:03:22,284 INFO [org.junit.Test] zero00621
2016-08-04 20:03:22,284 INFO [org.junit.Test] zero00622
2016-08-04 20:03:22,284 INFO [org.junit.Test] zero00623
2016-08-04 20:03:22,284 INFO [org.junit.Test] zero00624
2016-08-04 20:03:22,284 INFO [org.junit.Test] zero00625
2016-08-04 20:03:22,284 INFO [org.junit.Test] zero00626
2016-08-04 20:03:22,284 INFO [org.junit.Test] zero00627
2016-08-04 20:03:22,284 INFO [org.junit.Test] zero00628
2016-08-04 20:03:22,284 INFO [org.junit.Test] zero00629
2016-08-04 20:03:22,284 INFO [org.junit.Test] zero00630
2016-08-04 20:03:22,284 INFO [org.junit.Test] zero00631
2016-08-04 20:03:22,284 INFO [org.junit.Test] zero00632
2016-08-04 20:03:22,284 INFO [org.junit.Test] zero00633
2016-08-04 20:03:22,284 INFO [org.junit.Test] zero00634
2016-08-04 20:03:22,284 INFO [org.junit.Test] zero00635
2016-08-04 20:03:22,284 INFO [org.junit.Test] zero00636
2016-08-04 20:03:22,284 INFO [org.junit.Test] zero00637
2016-08-04 20:03:22,284 INFO [org.junit.Test] zero00638
2016-08-04 20:03:22,285 INFO [org.junit.Test] zero00639
2016-08-04 20:03:22,285 INFO [org.junit.Test] zero00640
2016-08-04 20:03:22,285 INFO [org.junit.Test] zero00641
2016-08-04 20:03:22,285 INFO [org.junit.Test] zero00642
2016-08-04 20:03:22,285 INFO [org.junit.Test] zero00643
2016-08-04 20:03:22,285 INFO [org.junit.Test] zero00644
2016-08-04 20:03:22,285 INFO [org.junit.Test] zero00645
2016-08-04 20:03:22,285 INFO [org.junit.Test] zero00646
2016-08-04 20:03:22,285 INFO [org.junit.Test] zero00647
2016-08-04 20:03:22,285 INFO [org.junit.Test] zero00648
2016-08-04 20:03:22,285 INFO [org.junit.Test] zero00649
2016-08-04 20:03:22,285 INFO [org.junit.Test] zero00650
2016-08-04 20:03:22,285 INFO [org.junit.Test] zero00651
2016-08-04 20:03:22,285 INFO [org.junit.Test] zero00652
2016-08-04 20:03:22,285 INFO [org.junit.Test] zero00653
2016-08-04 20:03:22,285 INFO [org.junit.Test] zero00654
2016-08-04 20:03:22,285 INFO [org.junit.Test] zero00655
2016-08-04 20:03:22,285 INFO [org.junit.Test] zero00656
2016-08-04 20:03:22,285 INFO [org.junit.Test] zero00657
2016-08-04 20:03:22,285 INFO [org.junit.Test] zero00658
2016-08-04 20:03:22,285 INFO [org.junit.Test] zero00659
2016-08-04 20:03:22,285 INFO [org.junit.Test] zero00660
2016-08-04 20:03:22,285 INFO [org.junit.Test] zero00661
2016-08-04 20:03:22,285 INFO [org.junit.Test] zero00662
2016-08-04 20:03:22,285 INFO [org.junit.Test] zero00663
2016-08-04 20:03:22,285 INFO [org.junit.Test] zero00664
2016-08-04 20:03:22,285 INFO [org.junit.Test] zero00665
2016-08-04 20:03:22,285 INFO [org.junit.Test] zero00666
2016-08-04 20:03:22,285 INFO [org.junit.Test] zero00667
2016-08-04 20:03:22,285 INFO [org.junit.Test] zero00668
2016-08-04 20:03:22,285 INFO [org.junit.Test] zero00669
2016-08-04 20:03:22,285 INFO [org.junit.Test] zero00670
2016-08-04 20:03:22,285 INFO [org.junit.Test] zero00671
2016-08-04 20:03:22,285 INFO [org.junit.Test] zero00672
2016-08-04 20:03:22,285 INFO [org.junit.Test] zero00673
2016-08-04 20:03:22,285 INFO [org.junit.Test] zero00674
2016-08-04 20:03:22,285 INFO [org.junit.Test] zero00675
2016-08-04 20:03:22,285 INFO [org.junit.Test] zero00676
2016-08-04 20:03:22,285 INFO [org.junit.Test] zero00677
2016-08-04 20:03:22,285 INFO [org.junit.Test] zero00678
2016-08-04 20:03:22,285 INFO [org.junit.Test] zero00679
2016-08-04 20:03:22,285 INFO [org.junit.Test] zero00680
2016-08-04 20:03:22,285 INFO [org.junit.Test] zero00681
2016-08-04 20:03:22,285 INFO [org.junit.Test] zero00682
2016-08-04 20:03:22,285 INFO [org.junit.Test] zero00683
2016-08-04 20:03:22,285 INFO [org.junit.Test] zero00684
2016-08-04 20:03:22,285 INFO [org.junit.Test] zero00685
2016-08-04 20:03:22,285 INFO [org.junit.Test] zero00686
2016-08-04 20:03:22,285 INFO [org.junit.Test] zero00687
2016-08-04 20:03:22,285 INFO [org.junit.Test] zero00688
2016-08-04 20:03:22,285 INFO [org.junit.Test] zero00689
2016-08-04 20:03:22,285 INFO [org.junit.Test] zero00690
2016-08-04 20:03:22,285 INFO [org.junit.Test] zero00691
2016-08-04 20:03:22,285 INFO [org.junit.Test] zero00692
2016-08-04 20:03:22,285 INFO [org.junit.Test] zero00693
2016-08-04 20:03:22,285 INFO [org.junit.Test] zero00694
2016-08-04 20:03:22,285 INFO [org.junit.Test] zero00695
2016-08-04 20:03:22,285 INFO [org.junit.Test] zero00696
2016-08-04 20:03:22,285 INFO [org.junit.Test] zero00697
2016-08-04 20:03:22,285 INFO [org.junit.Test] zero00698
2016-08-04 20:03:22,285 INFO [org.junit.Test] zero00699
2016-08-04 20:03:22,285 INFO [org.junit.Test] zero00700
2016-08-04 20:03:22,285 INFO [org.junit.Test] zero00701
2016-08-04 20:03:22,285 INFO [org.junit.Test] zero00702
2016-08-04 20:03:22,285 INFO [org.junit.Test] zero00703
2016-08-04 20:03:22,285 INFO [org.junit.Test] zero00704
2016-08-04 20:03:22,285 INFO [org.junit.Test] zero00705
2016-08-04 20:03:22,285 INFO [org.junit.Test] zero00706
2016-08-04 20:03:22,285 INFO [org.junit.Test] zero00707
2016-08-04 20:03:22,285 INFO [org.junit.Test] zero00708
2016-08-04 20:03:22,285 INFO [org.junit.Test] zero00709
2016-08-04 20:03:22,285 INFO [org.junit.Test] zero00710
2016-08-04 20:03:22,285 INFO [org.junit.Test] zero00711
2016-08-04 20:03:22,285 INFO [org.junit.Test] zero00712
2016-08-04 20:03:22,285 INFO [org.junit.Test] zero00713
2016-08-04 20:03:22,285 INFO [org.junit.Test] zero00714
2016-08-04 20:03:22,285 INFO [org.junit.Test] zero00715
2016-08-04 20:03:22,285 INFO [org.junit.Test] zero00716
2016-08-04 20:03:22,285 INFO [org.junit.Test] zero00717
2016-08-04 20:03:22,285 INFO [org.junit.Test] zero00718
2016-08-04 20:03:22,285 INFO [org.junit.Test] zero00719
2016-08-04 20:03:22,285 INFO [org.junit.Test] zero00720
2016-08-04 20:03:22,285 INFO [org.junit.Test] zero00721
2016-08-04 20:03:22,285 INFO [org.junit.Test] zero00722
2016-08-04 20:03:22,285 INFO [org.junit.Test] zero00723
2016-08-04 20:03:22,285 INFO [org.junit.Test] zero00724
2016-08-04 20:03:22,285 INFO [org.junit.Test] zero00725
2016-08-04 20:03:22,285 INFO [org.junit.Test] zero00726
2016-08-04 20:03:22,285 INFO [org.junit.Test] zero00727
2016-08-04 20:03:22,285 INFO [org.junit.Test] zero00728
2016-08-04 20:03:22,285 INFO [org.junit.Test] zero00729
2016-08-04 20:03:22,285 INFO [org.junit.Test] zero00730
2016-08-04 20:03:22,285 INFO [org.junit.Test] zero00731
2016-08-04 20:03:22,285 INFO [org.junit.Test] zero00732
2016-08-04 20:03:22,285 INFO [org.junit.Test] zero00733
2016-08-04 20:03:22,285 INFO [org.junit.Test] zero00734
2016-08-04 20:03:22,285 INFO [org.junit.Test] zero00735
2016-08-04 20:03:22,285 INFO [org.junit.Test] zero00736
2016-08-04 20:03:22,285 INFO [org.junit.Test] zero00737
2016-08-04 20:03:22,285 INFO [org.junit.Test] zero00738
2016-08-04 20:03:22,285 INFO [org.junit.Test] zero00739
2016-08-04 20:03:22,285 INFO [org.junit.Test] zero00740
2016-08-04 20:03:22,285 INFO [org.junit.Test] zero00741
2016-08-04 20:03:22,285 INFO [org.junit.Test] zero00742
2016-08-04 20:03:22,285 INFO [org.junit.Test] zero00743
2016-08-04 20:03:22,285 INFO [org.junit.Test] zero00744
2016-08-04 20:03:22,285 INFO [org.junit.Test] zero00745
2016-08-04 20:03:22,285 INFO [org.junit.Test] zero00746
2016-08-04 20:03:22,285 INFO [org.junit.Test] zero00747
2016-08-04 20:03:22,285 INFO [org.junit.Test] zero00748
2016-08-04 20:03:22,285 INFO [org.junit.Test] zero00749
2016-08-04 20:03:22,285 INFO [org.junit.Test] zero00750
2016-08-04 20:03:22,285 INFO [org.junit.Test] zero00751
2016-08-04 20:03:22,285 INFO [org.junit.Test] zero00752
2016-08-04 20:03:22,285 INFO [org.junit.Test] zero00753
2016-08-04 20:03:22,285 INFO [org.junit.Test] zero00754
2016-08-04 20:03:22,285 INFO [org.junit.Test] zero00755
2016-08-04 20:03:22,285 INFO [org.junit.Test] zero00756
2016-08-04 20:03:22,285 INFO [org.junit.Test] zero00757
2016-08-04 20:03:22,285 INFO [org.junit.Test] zero00758
2016-08-04 20:03:22,285 INFO [org.junit.Test] zero00759
2016-08-04 20:03:22,285 INFO [org.junit.Test] zero00760
2016-08-04 20:03:22,285 INFO [org.junit.Test] zero00761
2016-08-04 20:03:22,285 INFO [org.junit.Test] zero00762
2016-08-04 20:03:22,285 INFO [org.junit.Test] zero00763
2016-08-04 20:03:22,285 INFO [org.junit.Test] zero00764
2016-08-04 20:03:22,285 INFO [org.junit.Test] zero00765
2016-08-04 20:03:22,285 INFO [org.junit.Test] zero00766
2016-08-04 20:03:22,285 INFO [org.junit.Test] zero00767
2016-08-04 20:03:22,285 INFO [org.junit.Test] zero00768
2016-08-04 20:03:22,285 INFO [org.junit.Test] zero00769
2016-08-04 20:03:22,285 INFO [org.junit.Test] zero00770
2016-08-04 20:03:22,285 INFO [org.junit.Test] zero00771
2016-08-04 20:03:22,285 INFO [org.junit.Test] zero00772
2016-08-04 20:03:22,285 INFO [org.junit.Test] zero00773
2016-08-04 20:03:22,285 INFO [org.junit.Test] zero00774
2016-08-04 20:03:22,285 INFO [org.junit.Test] zero00775
2016-08-04 20:03:22,285 INFO [org.junit.Test] zero00776
2016-08-04 20:03:22,285 INFO [org.junit.Test] zero00777
2016-08-04 20:03:22,285 INFO [org.junit.Test] zero00778
2016-08-04 20:03:22,285 INFO [org.junit.Test] zero00779
2016-08-04 20:03:22,285 INFO [org.junit.Test] zero00780
2016-08-04 20:03:22,285 INFO [org.junit.Test] zero00781
2016-08-04 20:03:22,285 INFO [org.junit.Test] zero00782
2016-08-04 20:03:22,285 INFO [org.junit.Test] zero00783
2016-08-04 20:03:22,285 INFO [org.junit.Test] zero00784
2016-08-04 20:03:22,285 INFO [org.junit.Test] zero00785
2016-08-04 20:03:22,285 INFO [org.junit.Test] zero00786
2016-08-04 20:03:22,285 INFO [org.junit.Test] zero00787
2016-08-04 20:03:22,285 INFO [org.junit.Test] zero00788
2016-08-04 20:03:22,285 INFO [org.junit.Test] zero00789
2016-08-04 20:03:22,285 INFO [org.junit.Test] zero00790
2016-08-04 20:03:22,285 INFO [org.junit.Test] zero00791
2016-08-04 20:03:22,285 INFO [org.junit.Test] zero00792
2016-08-04 20:03:22,285 INFO [org.junit.Test] zero00793
2016-08-04 20:03:22,285 INFO [org.junit.Test] zero00794
2016-08-04 20:03:22,285 INFO [org.junit.Test] zero00795
2016-08-04 20:03:22,285 INFO [org.junit.Test] zero00796
2016-08-04 20:03:22,285 INFO [org.junit.Test] zero00797
2016-08-04 20:03:22,285 INFO [org.junit.Test] zero00798
2016-08-04 20:03:22,285 INFO [org.junit.Test] zero00799
2016-08-04 20:03:22,285 INFO [org.junit.Test] zero00800
2016-08-04 20:03:22,285 INFO [org.junit.Test] zero00801
2016-08-04 20:03:22,285 INFO [org.junit.Test] zero00802
2016-08-04 20:03:22,285 INFO [org.junit.Test] zero00803
2016-08-04 20:03:22,285 INFO [org.junit.Test] zero00804
2016-08-04 20:03:22,285 INFO [org.junit.Test] zero00805
2016-08-04 20:03:22,285 INFO [org.junit.Test] zero00806
2016-08-04 20:03:22,285 INFO [org.junit.Test] zero00807
2016-08-04 20:03:22,285 INFO [org.junit.Test] zero00808
2016-08-04 20:03:22,285 INFO [org.junit.Test] zero00809
2016-08-04 20:03:22,285 INFO [org.junit.Test] zero00810
2016-08-04 20:03:22,285 INFO [org.junit.Test] zero00811
2016-08-04 20:03:22,285 INFO [org.junit.Test] zero00812
2016-08-04 20:03:22,285 INFO [org.junit.Test] zero00813
2016-08-04 20:03:22,285 INFO [org.junit.Test] zero00814
2016-08-04 20:03:22,285 INFO [org.junit.Test] zero00815
2016-08-04 20:03:22,285 INFO [org.junit.Test] zero00816
2016-08-04 20:03:22,285 INFO [org.junit.Test] zero00817
2016-08-04 20:03:22,285 INFO [org.junit.Test] zero00818
2016-08-04 20:03:22,285 INFO [org.junit.Test] zero00819
2016-08-04 20:03:22,285 INFO [org.junit.Test] zero00820
2016-08-04 20:03:22,285 INFO [org.junit.Test] zero00821
2016-08-04 20:03:22,285 INFO [org.junit.Test] zero00822
2016-08-04 20:03:22,285 INFO [org.junit.Test] zero00823
2016-08-04 20:03:22,285 INFO [org.junit.Test] zero00824
2016-08-04 20:03:22,285 INFO [org.junit.Test] zero00825
2016-08-04 20:03:22,285 INFO [org.junit.Test] zero00826
2016-08-04 20:03:22,285 INFO [org.junit.Test] zero00827
2016-08-04 20:03:22,285 INFO [org.junit.Test] zero00828
2016-08-04 20:03:22,285 INFO [org.junit.Test] zero00829
2016-08-04 20:03:22,285 INFO [org.junit.Test] zero00830
2016-08-04 20:03:22,285 INFO [org.junit.Test] zero00831
2016-08-04 20:03:22,285 INFO [org.junit.Test] zero00832
2016-08-04 20:03:22,285 INFO [org.junit.Test] zero00833
2016-08-04 20:03:22,285 INFO [org.junit.Test] zero00834
2016-08-04 20:03:22,285 INFO [org.junit.Test] zero00835
2016-08-04 20:03:22,285 INFO [org.junit.Test] zero00836
2016-08-04 20:03:22,285 INFO [org.junit.Test] zero00837
2016-08-04 20:03:22,285 INFO [org.junit.Test] zero00838
2016-08-04 20:03:22,285 INFO [org.junit.Test] zero00839
2016-08-04 20:03:22,285 INFO [org.junit.Test] zero00840
2016-08-04 20:03:22,285 INFO [org.junit.Test] zero00841
2016-08-04 20:03:22,285 INFO [org.junit.Test] zero00842
2016-08-04 20:03:22,285 INFO [org.junit.Test] zero00843
2016-08-04 20:03:22,285 INFO [org.junit.Test] zero00844
2016-08-04 20:03:22,285 INFO [org.junit.Test] zero00845
2016-08-04 20:03:22,285 INFO [org.junit.Test] zero00846
2016-08-04 20:03:22,285 INFO [org.junit.Test] zero00847
2016-08-04 20:03:22,285 INFO [org.junit.Test] zero00848
2016-08-04 20:03:22,285 INFO [org.junit.Test] zero00849
2016-08-04 20:03:22,285 INFO [org.junit.Test] zero00850
2016-08-04 20:03:22,285 INFO [org.junit.Test] zero00851
2016-08-04 20:03:22,285 INFO [org.junit.Test] zero00852
2016-08-04 20:03:22,285 INFO [org.junit.Test] zero00853
2016-08-04 20:03:22,285 INFO [org.junit.Test] zero00854
2016-08-04 20:03:22,285 INFO [org.junit.Test] zero00855
2016-08-04 20:03:22,285 INFO [org.junit.Test] zero00856
2016-08-04 20:03:22,285 INFO [org.junit.Test] zero00857
2016-08-04 20:03:22,285 INFO [org.junit.Test] zero00858
2016-08-04 20:03:22,285 INFO [org.junit.Test] zero00859
2016-08-04 20:03:22,285 INFO [org.junit.Test] zero00860
2016-08-04 20:03:22,285 INFO [org.junit.Test] zero00861
2016-08-04 20:03:22,286 INFO [org.junit.Test] zero00862
2016-08-04 20:03:22,286 INFO [org.junit.Test] zero00863
2016-08-04 20:03:22,286 INFO [org.junit.Test] zero00864
2016-08-04 20:03:22,286 INFO [org.junit.Test] zero00865
2016-08-04 20:03:22,286 INFO [org.junit.Test] zero00866
2016-08-04 20:03:22,286 INFO [org.junit.Test] zero00867
2016-08-04 20:03:22,286 INFO [org.junit.Test] zero00868
2016-08-04 20:03:22,286 INFO [org.junit.Test] zero00869
2016-08-04 20:03:22,286 INFO [org.junit.Test] zero00870
2016-08-04 20:03:22,286 INFO [org.junit.Test] zero00871
2016-08-04 20:03:22,286 INFO [org.junit.Test] zero00872
2016-08-04 20:03:22,286 INFO [org.junit.Test] zero00873
2016-08-04 20:03:22,286 INFO [org.junit.Test] zero00874
2016-08-04 20:03:22,286 INFO [org.junit.Test] zero00875
2016-08-04 20:03:22,286 INFO [org.junit.Test] zero00876
2016-08-04 20:03:22,286 INFO [org.junit.Test] zero00877
2016-08-04 20:03:22,286 INFO [org.junit.Test] zero00878
2016-08-04 20:03:22,286 INFO [org.junit.Test] zero00879
2016-08-04 20:03:22,286 INFO [org.junit.Test] zero00880
2016-08-04 20:03:22,286 INFO [org.junit.Test] zero00881
2016-08-04 20:03:22,286 INFO [org.junit.Test] zero00882
2016-08-04 20:03:22,286 INFO [org.junit.Test] zero00883
2016-08-04 20:03:22,286 INFO [org.junit.Test] zero00884
2016-08-04 20:03:22,286 INFO [org.junit.Test] zero00885
2016-08-04 20:03:22,286 INFO [org.junit.Test] zero00886
2016-08-04 20:03:22,286 INFO [org.junit.Test] zero00887
2016-08-04 20:03:22,286 INFO [org.junit.Test] zero00888
2016-08-04 20:03:22,286 INFO [org.junit.Test] zero00889
2016-08-04 20:03:22,286 INFO [org.junit.Test] zero00890
2016-08-04 20:03:22,286 INFO [org.junit.Test] zero00891
2016-08-04 20:03:22,286 INFO [org.junit.Test] zero00892
2016-08-04 20:03:22,286 INFO [org.junit.Test] zero00893
2016-08-04 20:03:22,286 INFO [org.junit.Test] zero00894
2016-08-04 20:03:22,286 INFO [org.junit.Test] zero00895
2016-08-04 20:03:22,286 INFO [org.junit.Test] zero00896
2016-08-04 20:03:22,286 INFO [org.junit.Test] zero00897
2016-08-04 20:03:22,286 INFO [org.junit.Test] zero00898
2016-08-04 20:03:22,286 INFO [org.junit.Test] zero00899
2016-08-04 20:03:22,286 INFO [org.junit.Test] zero00900
2016-08-04 20:03:22,286 INFO [org.junit.Test] zero00901
2016-08-04 20:03:22,286 INFO [org.junit.Test] zero00902
2016-08-04 20:03:22,286 INFO [org.junit.Test] zero00903
2016-08-04 20:03:22,286 INFO [org.junit.Test] zero00904
2016-08-04 20:03:22,286 INFO [org.junit.Test] zero00905
2016-08-04 20:03:22,286 INFO [org.junit.Test] zero00906
2016-08-04 20:03:22,286 INFO [org.junit.Test] zero00907
2016-08-04 20:03:22,286 INFO [org.junit.Test] zero00908
2016-08-04 20:03:22,286 INFO [org.junit.Test] zero00909
2016-08-04 20:03:22,286 INFO [org.junit.Test] zero00910
2016-08-04 20:03:22,286 INFO [org.junit.Test] zero00911
2016-08-04 20:03:22,286 INFO [org.junit.Test] zero00912
2016-08-04 20:03:22,286 INFO [org.junit.Test] zero00913
2016-08-04 20:03:22,286 INFO [org.junit.Test] zero00914
2016-08-04 20:03:22,286 INFO [org.junit.Test] zero00915
2016-08-04 20:03:22,286 INFO [org.junit.Test] zero00916
2016-08-04 20:03:22,286 INFO [org.junit.Test] zero00917
2016-08-04 20:03:22,286 INFO [org.junit.Test] zero00918
2016-08-04 20:03:22,286 INFO [org.junit.Test] zero00919
2016-08-04 20:03:22,286 INFO [org.junit.Test] zero00920
2016-08-04 20:03:22,286 INFO [org.junit.Test] zero00921
2016-08-04 20:03:22,286 INFO [org.junit.Test] zero00922
2016-08-04 20:03:22,286 INFO [org.junit.Test] zero00923
2016-08-04 20:03:22,286 INFO [org.junit.Test] zero00924
2016-08-04 20:03:22,286 INFO [org.junit.Test] zero00925
2016-08-04 20:03:22,286 INFO [org.junit.Test] zero00926
2016-08-04 20:03:22,286 INFO [org.junit.Test] zero00927
2016-08-04 20:03:22,286 INFO [org.junit.Test] zero00928
2016-08-04 20:03:22,286 INFO [org.junit.Test] zero00929
2016-08-04 20:03:22,286 INFO [org.junit.Test] zero00930
2016-08-04 20:03:22,286 INFO [org.junit.Test] zero00931
2016-08-04 20:03:22,286 INFO [org.junit.Test] zero00932
2016-08-04 20:03:22,286 INFO [org.junit.Test] zero00933
2016-08-04 20:03:22,286 INFO [org.junit.Test] zero00934
2016-08-04 20:03:22,286 INFO [org.junit.Test] zero00935
2016-08-04 20:03:22,286 INFO [org.junit.Test] zero00936
2016-08-04 20:03:22,286 INFO [org.junit.Test] zero00937
2016-08-04 20:03:22,286 INFO [org.junit.Test] zero00938
2016-08-04 20:03:22,286 INFO [org.junit.Test] zero00939
2016-08-04 20:03:22,286 INFO [org.junit.Test] zero00940
2016-08-04 20:03:22,286 INFO [org.junit.Test] zero00941
2016-08-04 20:03:22,286 INFO [org.junit.Test] zero00942
2016-08-04 20:03:22,286 INFO [org.junit.Test] zero00943
2016-08-04 20:03:22,286 INFO [org.junit.Test] zero00944
2016-08-04 20:03:22,286 INFO [org.junit.Test] zero00945
2016-08-04 20:03:22,286 INFO [org.junit.Test] zero00946
2016-08-04 20:03:22,286 INFO [org.junit.Test] zero00947
2016-08-04 20:03:22,286 INFO [org.junit.Test] zero00948
2016-08-04 20:03:22,286 INFO [org.junit.Test] zero00949
2016-08-04 20:03:22,286 INFO [org.junit.Test] zero00950
2016-08-04 20:03:22,286 INFO [org.junit.Test] zero00951
2016-08-04 20:03:22,286 INFO [org.junit.Test] zero00952
2016-08-04 20:03:22,286 INFO [org.junit.Test] zero00953
2016-08-04 20:03:22,286 INFO [org.junit.Test] zero00954
2016-08-04 20:03:22,286 INFO [org.junit.Test] zero00955
2016-08-04 20:03:22,286 INFO [org.junit.Test] zero00956
2016-08-04 20:03:22,286 INFO [org.junit.Test] zero00957
2016-08-04 20:03:22,286 INFO [org.junit.Test] zero00958
2016-08-04 20:03:22,286 INFO [org.junit.Test] zero00959
2016-08-04 20:03:22,287 INFO [org.junit.Test] zero00960
2016-08-04 20:03:22,287 INFO [org.junit.Test] zero00961
2016-08-04 20:03:22,287 INFO [org.junit.Test] zero00962
2016-08-04 20:03:22,287 INFO [org.junit.Test] zero00963
2016-08-04 20:03:22,287 INFO [org.junit.Test] zero00964
2016-08-04 20:03:22,287 INFO [org.junit.Test] zero00965
2016-08-04 20:03:22,287 INFO [org.junit.Test] zero00966
2016-08-04 20:03:22,287 INFO [org.junit.Test] zero00967
2016-08-04 20:03:22,287 INFO [org.junit.Test] zero00968
2016-08-04 20:03:22,287 INFO [org.junit.Test] zero00969
2016-08-04 20:03:22,287 INFO [org.junit.Test] zero00970
2016-08-04 20:03:22,287 INFO [org.junit.Test] zero00971
2016-08-04 20:03:22,287 INFO [org.junit.Test] zero00972
2016-08-04 20:03:22,287 INFO [org.junit.Test] zero00973
2016-08-04 20:03:22,287 INFO [org.junit.Test] zero00974
2016-08-04 20:03:22,287 INFO [org.junit.Test] zero00975
2016-08-04 20:03:22,287 INFO [org.junit.Test] zero00976
2016-08-04 20:03:22,287 INFO [org.junit.Test] zero00977
2016-08-04 20:03:22,287 INFO [org.junit.Test] zero00978
2016-08-04 20:03:22,287 INFO [org.junit.Test] zero00979
2016-08-04 20:03:22,287 INFO [org.junit.Test] zero00980
2016-08-04 20:03:22,287 INFO [org.junit.Test] zero00981
2016-08-04 20:03:22,287 INFO [org.junit.Test] zero00982
2016-08-04 20:03:22,287 INFO [org.junit.Test] zero00983
2016-08-04 20:03:22,287 INFO [org.junit.Test] zero00984
2016-08-04 20:03:22,287 INFO [org.junit.Test] zero00985
2016-08-04 20:03:22,287 INFO [org.junit.Test] zero00986
2016-08-04 20:03:22,287 INFO [org.junit.Test] zero00987
2016-08-04 20:03:22,287 INFO [org.junit.Test] zero00988
2016-08-04 20:03:22,287 INFO [org.junit.Test] zero00989
2016-08-04 20:03:22,287 INFO [org.junit.Test] zero00990
2016-08-04 20:03:22,287 INFO [org.junit.Test] zero00991
2016-08-04 20:03:22,287 INFO [org.junit.Test] zero00992
2016-08-04 20:03:22,287 INFO [org.junit.Test] zero00993
2016-08-04 20:03:22,287 INFO [org.junit.Test] zero00994
2016-08-04 20:03:22,287 INFO [org.junit.Test] zero00995
2016-08-04 20:03:22,287 INFO [org.junit.Test] zero00996
2016-08-04 20:03:22,287 INFO [org.junit.Test] zero00997
2016-08-04 20:03:22,287 INFO [org.junit.Test] zero00998
2016-08-04 20:03:22,287 INFO [org.junit.Test] zero00999
2016-08-04 20:03:25,287 INFO [org.junit.Test] zero000
2016-08-04 20:03:25,287 INFO [org.junit.Test] zero001
2016-08-04 20:03:25,287 INFO [org.junit.Test] zero002
2016-08-04 20:03:25,287 INFO [org.junit.Test] zero003
2016-08-04 20:03:25,287 INFO [org.junit.Test] zero004
2016-08-04 20:03:25,287 INFO [org.junit.Test] zero005
2016-08-04 20:03:25,287 INFO [org.junit.Test] zero006
2016-08-04 20:03:25,287 INFO [org.junit.Test] zero007
2016-08-04 20:03:25,287 INFO [org.junit.Test] zero008
2016-08-04 20:03:25,287 INFO [org.junit.Test] zero009
2016-08-04 20:03:25,287 INFO [org.junit.Test] zero0010
2016-08-04 20:03:25,287 INFO [org.junit.Test] zero0011
2016-08-04 20:03:25,287 INFO [org.junit.Test] zero0012
2016-08-04 20:03:25,287 INFO [org.junit.Test] zero0013
2016-08-04 20:03:25,287 INFO [org.junit.Test] zero0014
2016-08-04 20:03:25,287 INFO [org.junit.Test] zero0015
2016-08-04 20:03:25,287 INFO [org.junit.Test] zero0016
2016-08-04 20:03:25,287 INFO [org.junit.Test] zero0017
2016-08-04 20:03:25,287 INFO [org.junit.Test] zero0018
2016-08-04 20:03:25,287 INFO [org.junit.Test] zero0019
2016-08-04 20:03:25,287 INFO [org.junit.Test] zero0020
2016-08-04 20:03:25,287 INFO [org.junit.Test] zero0021
2016-08-04 20:03:25,287 INFO [org.junit.Test] zero0022
2016-08-04 20:03:25,287 INFO [org.junit.Test] zero0023
2016-08-04 20:03:25,287 INFO [org.junit.Test] zero0024
2016-08-04 20:03:25,287 INFO [org.junit.Test] zero0025
2016-08-04 20:03:25,287 INFO [org.junit.Test] zero0026
2016-08-04 20:03:25,287 INFO [org.junit.Test] zero0027
2016-08-04 20:03:25,287 INFO [org.junit.Test] zero0028
2016-08-04 20:03:25,287 INFO [org.junit.Test] zero0029
2016-08-04 20:03:25,287 INFO [org.junit.Test] zero0030
2016-08-04 20:03:25,287 INFO [org.junit.Test] zero0031
2016-08-04 20:03:25,287 INFO [org.junit.Test] zero0032
2016-08-04 20:03:25,287 INFO [org.junit.Test] zero0033
2016-08-04 20:03:25,287 INFO [org.junit.Test] zero0034
2016-08-04 20:03:25,287 INFO [org.junit.Test] zero0035
2016-08-04 20:03:25,287 INFO [org.junit.Test] zero0036
2016-08-04 20:03:25,287 INFO [org.junit.Test] zero0037
2016-08-04 20:03:25,287 INFO [org.junit.Test] zero0038
2016-08-04 20:03:25,287 INFO [org.junit.Test] zero0039
2016-08-04 20:03:25,287 INFO [org.junit.Test] zero0040
2016-08-04 20:03:25,287 INFO [org.junit.Test] zero0041
2016-08-04 20:03:25,287 INFO [org.junit.Test] zero0042
2016-08-04 20:03:25,287 INFO [org.junit.Test] zero0043
2016-08-04 20:03:25,287 INFO [org.junit.Test] zero0044
2016-08-04 20:03:25,287 INFO [org.junit.Test] zero0045
2016-08-04 20:03:25,287 INFO [org.junit.Test] zero0046
2016-08-04 20:03:25,287 INFO [org.junit.Test] zero0047
2016-08-04 20:03:25,287 INFO [org.junit.Test] zero0048
2016-08-04 20:03:25,287 INFO [org.junit.Test] zero0049
2016-08-04 20:03:25,287 INFO [org.junit.Test] zero0050
2016-08-04 20:03:25,287 INFO [org.junit.Test] zero0051
2016-08-04 20:03:25,287 INFO [org.junit.Test] zero0052
2016-08-04 20:03:25,287 INFO [org.junit.Test] zero0053
2016-08-04 20:03:25,287 INFO [org.junit.Test] zero0054
2016-08-04 20:03:25,287 INFO [org.junit.Test] zero0055
2016-08-04 20:03:25,287 INFO [org.junit.Test] zero0056
2016-08-04 20:03:25,287 INFO [org.junit.Test] zero0057
2016-08-04 20:03:25,287 INFO [org.junit.Test] zero0058
2016-08-04 20:03:25,287 INFO [org.junit.Test] zero0059
2016-08-04 20:03:25,287 INFO [org.junit.Test] zero0060
2016-08-04 20:03:25,287 INFO [org.junit.Test] zero0061
2016-08-04 20:03:25,287 INFO [org.junit.Test] zero0062
2016-08-04 20:03:25,287 INFO [org.junit.Test] zero0063
2016-08-04 20:03:25,287 INFO [org.junit.Test] zero0064
2016-08-04 20:03:25,287 INFO [org.junit.Test] zero0065
2016-08-04 20:03:25,287 INFO [org.junit.Test] zero0066
2016-08-04 20:03:25,287 INFO [org.junit.Test] zero0067
2016-08-04 20:03:25,287 INFO [org.junit.Test] zero0068
2016-08-04 20:03:25,287 INFO [org.junit.Test] zero0069
2016-08-04 20:03:25,287 INFO [org.junit.Test] zero0070
2016-08-04 20:03:25,287 INFO [org.junit.Test] zero0071
2016-08-04 20:03:25,287 INFO [org.junit.Test] zero0072
2016-08-04 20:03:25,287 INFO [org.junit.Test] zero0073
2016-08-04 20:03:25,287 INFO [org.junit.Test] zero0074
2016-08-04 20:03:25,287 INFO [org.junit.Test] zero0075
2016-08-04 20:03:25,287 INFO [org.junit.Test] zero0076
2016-08-04 20:03:25,287 INFO [org.junit.Test] zero0077
2016-08-04 20:03:25,287 INFO [org.junit.Test] zero0078
2016-08-04 20:03:25,287 INFO [org.junit.Test] zero0079
2016-08-04 20:03:25,287 INFO [org.junit.Test] zero0080
2016-08-04 20:03:25,287 INFO [org.junit.Test] zero0081
2016-08-04 20:03:25,287 INFO [org.junit.Test] zero0082
2016-08-04 20:03:25,287 INFO [org.junit.Test] zero0083
2016-08-04 20:03:25,287 INFO [org.junit.Test] zero0084
2016-08-04 20:03:25,287 INFO [org.junit.Test] zero0085
2016-08-04 20:03:25,287 INFO [org.junit.Test] zero0086
2016-08-04 20:03:25,287 INFO [org.junit.Test] zero0087
2016-08-04 20:03:25,287 INFO [org.junit.Test] zero0088
2016-08-04 20:03:25,287 INFO [org.junit.Test] zero0089
2016-08-04 20:03:25,287 INFO [org.junit.Test] zero0090
2016-08-04 20:03:25,287 INFO [org.junit.Test] zero0091
2016-08-04 20:03:25,287 INFO [org.junit.Test] zero0092
2016-08-04 20:03:25,287 INFO [org.junit.Test] zero0093
2016-08-04 20:03:25,287 INFO [org.junit.Test] zero0094
2016-08-04 20:03:25,287 INFO [org.junit.Test] zero0095
2016-08-04 20:03:25,287 INFO [org.junit.Test] zero0096
2016-08-04 20:03:25,287 INFO [org.junit.Test] zero0097
2016-08-04 20:03:25,287 INFO [org.junit.Test] zero0098
2016-08-04 20:03:25,287 INFO [org.junit.Test] zero0099
2016-08-04 20:03:25,287 INFO [org.junit.Test] zero00100
2016-08-04 20:03:25,287 INFO [org.junit.Test] zero00101
2016-08-04 20:03:25,287 INFO [org.junit.Test] zero00102
2016-08-04 20:03:25,287 INFO [org.junit.Test] zero00103
2016-08-04 20:03:25,287 INFO [org.junit.Test] zero00104
2016-08-04 20:03:25,287 INFO [org.junit.Test] zero00105
2016-08-04 20:03:25,287 INFO [org.junit.Test] zero00106
2016-08-04 20:03:25,287 INFO [org.junit.Test] zero00107
2016-08-04 20:03:25,287 INFO [org.junit.Test] zero00108
2016-08-04 20:03:25,287 INFO [org.junit.Test] zero00109
2016-08-04 20:03:25,287 INFO [org.junit.Test] zero00110
2016-08-04 20:03:25,287 INFO [org.junit.Test] zero00111
2016-08-04 20:03:25,287 INFO [org.junit.Test] zero00112
2016-08-04 20:03:25,287 INFO [org.junit.Test] zero00113
2016-08-04 20:03:25,287 INFO [org.junit.Test] zero00114
2016-08-04 20:03:25,287 INFO [org.junit.Test] zero00115
2016-08-04 20:03:25,287 INFO [org.junit.Test] zero00116
2016-08-04 20:03:25,287 INFO [org.junit.Test] zero00117
2016-08-04 20:03:25,287 INFO [org.junit.Test] zero00118
2016-08-04 20:03:25,287 INFO [org.junit.Test] zero00119
2016-08-04 20:03:25,287 INFO [org.junit.Test] zero00120
2016-08-04 20:03:25,287 INFO [org.junit.Test] zero00121
2016-08-04 20:03:25,287 INFO [org.junit.Test] zero00122
2016-08-04 20:03:25,287 INFO [org.junit.Test] zero00123
2016-08-04 20:03:25,287 INFO [org.junit.Test] zero00124
2016-08-04 20:03:25,287 INFO [org.junit.Test] zero00125
2016-08-04 20:03:25,287 INFO [org.junit.Test] zero00126
2016-08-04 20:03:25,287 INFO [org.junit.Test] zero00127
2016-08-04 20:03:25,287 INFO [org.junit.Test] zero00128
2016-08-04 20:03:25,287 INFO [org.junit.Test] zero00129
2016-08-04 20:03:25,287 INFO [org.junit.Test] zero00130
2016-08-04 20:03:25,287 INFO [org.junit.Test] zero00131
2016-08-04 20:03:25,287 INFO [org.junit.Test] zero00132
2016-08-04 20:03:25,287 INFO [org.junit.Test] zero00133
2016-08-04 20:03:25,287 INFO [org.junit.Test] zero00134
2016-08-04 20:03:25,287 INFO [org.junit.Test] zero00135
2016-08-04 20:03:25,287 INFO [org.junit.Test] zero00136
2016-08-04 20:03:25,287 INFO [org.junit.Test] zero00137
2016-08-04 20:03:25,287 INFO [org.junit.Test] zero00138
2016-08-04 20:03:25,287 INFO [org.junit.Test] zero00139
2016-08-04 20:03:25,287 INFO [org.junit.Test] zero00140
2016-08-04 20:03:25,287 INFO [org.junit.Test] zero00141
2016-08-04 20:03:25,287 INFO [org.junit.Test] zero00142
2016-08-04 20:03:25,287 INFO [org.junit.Test] zero00143
2016-08-04 20:03:25,287 INFO [org.junit.Test] zero00144
2016-08-04 20:03:25,287 INFO [org.junit.Test] zero00145
2016-08-04 20:03:25,287 INFO [org.junit.Test] zero00146
2016-08-04 20:03:25,287 INFO [org.junit.Test] zero00147
2016-08-04 20:03:25,287 INFO [org.junit.Test] zero00148
2016-08-04 20:03:25,287 INFO [org.junit.Test] zero00149
2016-08-04 20:03:25,287 INFO [org.junit.Test] zero00150
2016-08-04 20:03:25,287 INFO [org.junit.Test] zero00151
2016-08-04 20:03:25,287 INFO [org.junit.Test] zero00152
2016-08-04 20:03:25,287 INFO [org.junit.Test] zero00153
2016-08-04 20:03:25,287 INFO [org.junit.Test] zero00154
2016-08-04 20:03:25,287 INFO [org.junit.Test] zero00155
2016-08-04 20:03:25,287 INFO [org.junit.Test] zero00156
2016-08-04 20:03:25,287 INFO [org.junit.Test] zero00157
2016-08-04 20:03:25,287 INFO [org.junit.Test] zero00158
2016-08-04 20:03:25,287 INFO [org.junit.Test] zero00159
2016-08-04 20:03:25,287 INFO [org.junit.Test] zero00160
2016-08-04 20:03:25,287 INFO [org.junit.Test] zero00161
2016-08-04 20:03:25,287 INFO [org.junit.Test] zero00162
2016-08-04 20:03:25,287 INFO [org.junit.Test] zero00163
2016-08-04 20:03:25,287 INFO [org.junit.Test] zero00164
2016-08-04 20:03:25,287 INFO [org.junit.Test] zero00165
2016-08-04 20:03:25,287 INFO [org.junit.Test] zero00166
2016-08-04 20:03:25,287 INFO [org.junit.Test] zero00167
2016-08-04 20:03:25,287 INFO [org.junit.Test] zero00168
2016-08-04 20:03:25,287 INFO [org.junit.Test] zero00169
2016-08-04 20:03:25,287 INFO [org.junit.Test] zero00170
2016-08-04 20:03:25,287 INFO [org.junit.Test] zero00171
2016-08-04 20:03:25,287 INFO [org.junit.Test] zero00172
2016-08-04 20:03:25,287 INFO [org.junit.Test] zero00173
2016-08-04 20:03:25,287 INFO [org.junit.Test] zero00174
2016-08-04 20:03:25,287 INFO [org.junit.Test] zero00175
2016-08-04 20:03:25,287 INFO [org.junit.Test] zero00176
2016-08-04 20:03:25,287 INFO [org.junit.Test] zero00177
2016-08-04 20:03:25,287 INFO [org.junit.Test] zero00178
2016-08-04 20:03:25,287 INFO [org.junit.Test] zero00179
2016-08-04 20:03:25,287 INFO [org.junit.Test] zero00180
2016-08-04 20:03:25,287 INFO [org.junit.Test] zero00181
2016-08-04 20:03:25,287 INFO [org.junit.Test] zero00182
2016-08-04 20:03:25,287 INFO [org.junit.Test] zero00183
2016-08-04 20:03:25,287 INFO [org.junit.Test] zero00184
2016-08-04 20:03:25,287 INFO [org.junit.Test] zero00185
2016-08-04 20:03:25,287 INFO [org.junit.Test] zero00186
2016-08-04 20:03:25,287 INFO [org.junit.Test] zero00187
2016-08-04 20:03:25,287 INFO [org.junit.Test] zero00188
2016-08-04 20:03:25,287 INFO [org.junit.Test] zero00189
2016-08-04 20:03:25,287 INFO [org.junit.Test] zero00190
2016-08-04 20:03:25,287 INFO [org.junit.Test] zero00191
2016-08-04 20:03:25,287 INFO [org.junit.Test] zero00192
2016-08-04 20:03:25,287 INFO [org.junit.Test] zero00193
2016-08-04 20:03:25,287 INFO [org.junit.Test] zero00194
2016-08-04 20:03:25,287 INFO [org.junit.Test] zero00195
2016-08-04 20:03:25,287 INFO [org.junit.Test] zero00196
2016-08-04 20:03:25,287 INFO [org.junit.Test] zero00197
2016-08-04 20:03:25,287 INFO [org.junit.Test] zero00198
2016-08-04 20:03:25,287 INFO [org.junit.Test] zero00199
2016-08-04 20:03:25,287 INFO [org.junit.Test] zero00200
2016-08-04 20:03:25,287 INFO [org.junit.Test] zero00201
2016-08-04 20:03:25,287 INFO [org.junit.Test] zero00202
2016-08-04 20:03:25,287 INFO [org.junit.Test] zero00203
2016-08-04 20:03:25,287 INFO [org.junit.Test] zero00204
2016-08-04 20:03:25,287 INFO [org.junit.Test] zero00205
2016-08-04 20:03:25,287 INFO [org.junit.Test] zero00206
2016-08-04 20:03:25,287 INFO [org.junit.Test] zero00207
2016-08-04 20:03:25,287 INFO [org.junit.Test] zero00208
2016-08-04 20:03:25,287 INFO [org.junit.Test] zero00209
2016-08-04 20:03:25,287 INFO [org.junit.Test] zero00210
2016-08-04 20:03:25,287 INFO [org.junit.Test] zero00211
2016-08-04 20:03:25,287 INFO [org.junit.Test] zero00212
2016-08-04 20:03:25,287 INFO [org.junit.Test] zero00213
2016-08-04 20:03:25,287 INFO [org.junit.Test] zero00214
2016-08-04 20:03:25,287 INFO [org.junit.Test] zero00215
2016-08-04 20:03:25,287 INFO [org.junit.Test] zero00216
2016-08-04 20:03:25,287 INFO [org.junit.Test] zero00217
2016-08-04 20:03:25,287 INFO [org.junit.Test] zero00218
2016-08-04 20:03:25,287 INFO [org.junit.Test] zero00219
2016-08-04 20:03:25,287 INFO [org.junit.Test] zero00220
2016-08-04 20:03:25,287 INFO [org.junit.Test] zero00221
2016-08-04 20:03:25,287 INFO [org.junit.Test] zero00222
2016-08-04 20:03:25,287 INFO [org.junit.Test] zero00223
2016-08-04 20:03:25,287 INFO [org.junit.Test] zero00224
2016-08-04 20:03:25,287 INFO [org.junit.Test] zero00225
2016-08-04 20:03:25,287 INFO [org.junit.Test] zero00226
2016-08-04 20:03:25,287 INFO [org.junit.Test] zero00227
2016-08-04 20:03:25,287 INFO [org.junit.Test] zero00228
2016-08-04 20:03:25,287 INFO [org.junit.Test] zero00229
2016-08-04 20:03:25,287 INFO [org.junit.Test] zero00230
2016-08-04 20:03:25,287 INFO [org.junit.Test] zero00231
2016-08-04 20:03:25,287 INFO [org.junit.Test] zero00232
2016-08-04 20:03:25,287 INFO [org.junit.Test] zero00233
2016-08-04 20:03:25,287 INFO [org.junit.Test] zero00234
2016-08-04 20:03:25,287 INFO [org.junit.Test] zero00235
2016-08-04 20:03:25,287 INFO [org.junit.Test] zero00236
2016-08-04 20:03:25,287 INFO [org.junit.Test] zero00237
2016-08-04 20:03:25,287 INFO [org.junit.Test] zero00238
2016-08-04 20:03:25,287 INFO [org.junit.Test] zero00239
2016-08-04 20:03:25,287 INFO [org.junit.Test] zero00240
2016-08-04 20:03:25,287 INFO [org.junit.Test] zero00241
2016-08-04 20:03:25,287 INFO [org.junit.Test] zero00242
2016-08-04 20:03:25,287 INFO [org.junit.Test] zero00243
2016-08-04 20:03:25,287 INFO [org.junit.Test] zero00244
2016-08-04 20:03:25,287 INFO [org.junit.Test] zero00245
2016-08-04 20:03:25,287 INFO [org.junit.Test] zero00246
2016-08-04 20:03:25,287 INFO [org.junit.Test] zero00247
2016-08-04 20:03:25,287 INFO [org.junit.Test] zero00248
2016-08-04 20:03:25,287 INFO [org.junit.Test] zero00249
2016-08-04 20:03:25,287 INFO [org.junit.Test] zero00250
2016-08-04 20:03:25,287 INFO [org.junit.Test] zero00251
2016-08-04 20:03:25,287 INFO [org.junit.Test] zero00252
2016-08-04 20:03:25,287 INFO [org.junit.Test] zero00253
2016-08-04 20:03:25,287 INFO [org.junit.Test] zero00254
2016-08-04 20:03:25,287 INFO [org.junit.Test] zero00255
2016-08-04 20:03:25,287 INFO [org.junit.Test] zero00256
2016-08-04 20:03:25,287 INFO [org.junit.Test] zero00257
2016-08-04 20:03:25,287 INFO [org.junit.Test] zero00258
2016-08-04 20:03:25,287 INFO [org.junit.Test] zero00259
2016-08-04 20:03:25,287 INFO [org.junit.Test] zero00260
2016-08-04 20:03:25,287 INFO [org.junit.Test] zero00261
2016-08-04 20:03:25,287 INFO [org.junit.Test] zero00262
2016-08-04 20:03:25,287 INFO [org.junit.Test] zero00263
2016-08-04 20:03:25,287 INFO [org.junit.Test] zero00264
2016-08-04 20:03:25,287 INFO [org.junit.Test] zero00265
2016-08-04 20:03:25,287 INFO [org.junit.Test] zero00266
2016-08-04 20:03:25,287 INFO [org.junit.Test] zero00267
2016-08-04 20:03:25,287 INFO [org.junit.Test] zero00268
2016-08-04 20:03:25,287 INFO [org.junit.Test] zero00269
2016-08-04 20:03:25,287 INFO [org.junit.Test] zero00270
2016-08-04 20:03:25,287 INFO [org.junit.Test] zero00271
2016-08-04 20:03:25,287 INFO [org.junit.Test] zero00272
2016-08-04 20:03:25,287 INFO [org.junit.Test] zero00273
2016-08-04 20:03:25,287 INFO [org.junit.Test] zero00274
2016-08-04 20:03:25,287 INFO [org.junit.Test] zero00275
2016-08-04 20:03:25,287 INFO [org.junit.Test] zero00276
2016-08-04 20:03:25,287 INFO [org.junit.Test] zero00277
2016-08-04 20:03:25,287 INFO [org.junit.Test] zero00278
2016-08-04 20:03:25,287 INFO [org.junit.Test] zero00279
2016-08-04 20:03:25,287 INFO [org.junit.Test] zero00280
2016-08-04 20:03:25,287 INFO [org.junit.Test] zero00281
2016-08-04 20:03:25,287 INFO [org.junit.Test] zero00282
2016-08-04 20:03:25,287 INFO [org.junit.Test] zero00283
2016-08-04 20:03:25,287 INFO [org.junit.Test] zero00284
2016-08-04 20:03:25,287 INFO [org.junit.Test] zero00285
2016-08-04 20:03:25,287 INFO [org.junit.Test] zero00286
2016-08-04 20:03:25,287 INFO [org.junit.Test] zero00287
2016-08-04 20:03:25,287 INFO [org.junit.Test] zero00288
2016-08-04 20:03:25,287 INFO [org.junit.Test] zero00289
2016-08-04 20:03:25,287 INFO [org.junit.Test] zero00290
2016-08-04 20:03:25,287 INFO [org.junit.Test] zero00291
2016-08-04 20:03:25,287 INFO [org.junit.Test] zero00292
2016-08-04 20:03:25,287 INFO [org.junit.Test] zero00293
2016-08-04 20:03:25,287 INFO [org.junit.Test] zero00294
2016-08-04 20:03:25,287 INFO [org.junit.Test] zero00295
2016-08-04 20:03:25,287 INFO [org.junit.Test] zero00296
2016-08-04 20:03:25,287 INFO [org.junit.Test] zero00297
2016-08-04 20:03:25,287 INFO [org.junit.Test] zero00298
2016-08-04 20:03:25,287 INFO [org.junit.Test] zero00299
2016-08-04 20:03:25,287 INFO [org.junit.Test] zero00300
2016-08-04 20:03:25,287 INFO [org.junit.Test] zero00301
2016-08-04 20:03:25,287 INFO [org.junit.Test] zero00302
2016-08-04 20:03:25,287 INFO [org.junit.Test] zero00303
2016-08-04 20:03:25,287 INFO [org.junit.Test] zero00304
2016-08-04 20:03:25,287 INFO [org.junit.Test] zero00305
2016-08-04 20:03:25,287 INFO [org.junit.Test] zero00306
2016-08-04 20:03:25,287 INFO [org.junit.Test] zero00307
2016-08-04 20:03:25,287 INFO [org.junit.Test] zero00308
2016-08-04 20:03:25,287 INFO [org.junit.Test] zero00309
2016-08-04 20:03:25,287 INFO [org.junit.Test] zero00310
2016-08-04 20:03:25,287 INFO [org.junit.Test] zero00311
2016-08-04 20:03:25,287 INFO [org.junit.Test] zero00312
2016-08-04 20:03:25,287 INFO [org.junit.Test] zero00313
2016-08-04 20:03:25,287 INFO [org.junit.Test] zero00314
2016-08-04 20:03:25,287 INFO [org.junit.Test] zero00315
2016-08-04 20:03:25,287 INFO [org.junit.Test] zero00316
2016-08-04 20:03:25,287 INFO [org.junit.Test] zero00317
2016-08-04 20:03:25,287 INFO [org.junit.Test] zero00318
2016-08-04 20:03:25,287 INFO [org.junit.Test] zero00319
2016-08-04 20:03:25,287 INFO [org.junit.Test] zero00320
2016-08-04 20:03:25,287 INFO [org.junit.Test] zero00321
2016-08-04 20:03:25,287 INFO [org.junit.Test] zero00322
2016-08-04 20:03:25,287 INFO [org.junit.Test] zero00323
2016-08-04 20:03:25,287 INFO [org.junit.Test] zero00324
2016-08-04 20:03:25,287 INFO [org.junit.Test] zero00325
2016-08-04 20:03:25,287 INFO [org.junit.Test] zero00326
2016-08-04 20:03:25,287 INFO [org.junit.Test] zero00327
2016-08-04 20:03:25,287 INFO [org.junit.Test] zero00328
2016-08-04 20:03:25,287 INFO [org.junit.Test] zero00329
2016-08-04 20:03:25,287 INFO [org.junit.Test] zero00330
2016-08-04 20:03:25,287 INFO [org.junit.Test] zero00331
2016-08-04 20:03:25,287 INFO [org.junit.Test] zero00332
2016-08-04 20:03:25,287 INFO [org.junit.Test] zero00333
2016-08-04 20:03:25,287 INFO [org.junit.Test] zero00334
2016-08-04 20:03:25,287 INFO [org.junit.Test] zero00335
2016-08-04 20:03:25,287 INFO [org.junit.Test] zero00336
2016-08-04 20:03:25,287 INFO [org.junit.Test] zero00337
2016-08-04 20:03:25,287 INFO [org.junit.Test] zero00338
2016-08-04 20:03:25,287 INFO [org.junit.Test] zero00339
2016-08-04 20:03:25,287 INFO [org.junit.Test] zero00340
2016-08-04 20:03:25,287 INFO [org.junit.Test] zero00341
2016-08-04 20:03:25,287 INFO [org.junit.Test] zero00342
2016-08-04 20:03:25,287 INFO [org.junit.Test] zero00343
2016-08-04 20:03:25,287 INFO [org.junit.Test] zero00344
2016-08-04 20:03:25,287 INFO [org.junit.Test] zero00345
2016-08-04 20:03:25,287 INFO [org.junit.Test] zero00346
2016-08-04 20:03:25,287 INFO [org.junit.Test] zero00347
2016-08-04 20:03:25,287 INFO [org.junit.Test] zero00348
2016-08-04 20:03:25,287 INFO [org.junit.Test] zero00349
2016-08-04 20:03:25,287 INFO [org.junit.Test] zero00350
2016-08-04 20:03:25,287 INFO [org.junit.Test] zero00351
2016-08-04 20:03:25,287 INFO [org.junit.Test] zero00352
2016-08-04 20:03:25,287 INFO [org.junit.Test] zero00353
2016-08-04 20:03:25,287 INFO [org.junit.Test] zero00354
2016-08-04 20:03:25,287 INFO [org.junit.Test] zero00355
2016-08-04 20:03:25,287 INFO [org.junit.Test] zero00356
2016-08-04 20:03:25,287 INFO [org.junit.Test] zero00357
2016-08-04 20:03:25,287 INFO [org.junit.Test] zero00358
2016-08-04 20:03:25,287 INFO [org.junit.Test] zero00359
2016-08-04 20:03:25,287 INFO [org.junit.Test] zero00360
2016-08-04 20:03:25,287 INFO [org.junit.Test] zero00361
2016-08-04 20:03:25,287 INFO [org.junit.Test] zero00362
2016-08-04 20:03:25,287 INFO [org.junit.Test] zero00363
2016-08-04 20:03:25,287 INFO [org.junit.Test] zero00364
2016-08-04 20:03:25,287 INFO [org.junit.Test] zero00365
2016-08-04 20:03:25,287 INFO [org.junit.Test] zero00366
2016-08-04 20:03:25,287 INFO [org.junit.Test] zero00367
2016-08-04 20:03:25,287 INFO [org.junit.Test] zero00368
2016-08-04 20:03:25,287 INFO [org.junit.Test] zero00369
2016-08-04 20:03:25,287 INFO [org.junit.Test] zero00370
2016-08-04 20:03:25,287 INFO [org.junit.Test] zero00371
2016-08-04 20:03:25,287 INFO [org.junit.Test] zero00372
2016-08-04 20:03:25,287 INFO [org.junit.Test] zero00373
2016-08-04 20:03:25,287 INFO [org.junit.Test] zero00374
2016-08-04 20:03:25,287 INFO [org.junit.Test] zero00375
2016-08-04 20:03:25,287 INFO [org.junit.Test] zero00376
2016-08-04 20:03:25,287 INFO [org.junit.Test] zero00377
2016-08-04 20:03:25,287 INFO [org.junit.Test] zero00378
2016-08-04 20:03:25,287 INFO [org.junit.Test] zero00379
2016-08-04 20:03:25,287 INFO [org.junit.Test] zero00380
2016-08-04 20:03:25,287 INFO [org.junit.Test] zero00381
2016-08-04 20:03:25,287 INFO [org.junit.Test] zero00382
2016-08-04 20:03:25,287 INFO [org.junit.Test] zero00383
2016-08-04 20:03:25,287 INFO [org.junit.Test] zero00384
2016-08-04 20:03:25,287 INFO [org.junit.Test] zero00385
2016-08-04 20:03:25,287 INFO [org.junit.Test] zero00386
2016-08-04 20:03:25,287 INFO [org.junit.Test] zero00387
2016-08-04 20:03:25,287 INFO [org.junit.Test] zero00388
2016-08-04 20:03:25,287 INFO [org.junit.Test] zero00389
2016-08-04 20:03:25,287 INFO [org.junit.Test] zero00390
2016-08-04 20:03:25,287 INFO [org.junit.Test] zero00391
2016-08-04 20:03:25,287 INFO [org.junit.Test] zero00392
2016-08-04 20:03:25,287 INFO [org.junit.Test] zero00393
2016-08-04 20:03:25,287 INFO [org.junit.Test] zero00394
2016-08-04 20:03:25,287 INFO [org.junit.Test] zero00395
2016-08-04 20:03:25,287 INFO [org.junit.Test] zero00396
2016-08-04 20:03:25,287 INFO [org.junit.Test] zero00397
2016-08-04 20:03:25,287 INFO [org.junit.Test] zero00398
2016-08-04 20:03:25,287 INFO [org.junit.Test] zero00399
2016-08-04 20:03:25,287 INFO [org.junit.Test] zero00400
2016-08-04 20:03:25,287 INFO [org.junit.Test] zero00401
2016-08-04 20:03:25,287 INFO [org.junit.Test] zero00402
2016-08-04 20:03:25,287 INFO [org.junit.Test] zero00403
2016-08-04 20:03:25,287 INFO [org.junit.Test] zero00404
2016-08-04 20:03:25,287 INFO [org.junit.Test] zero00405
2016-08-04 20:03:25,287 INFO [org.junit.Test] zero00406
2016-08-04 20:03:25,287 INFO [org.junit.Test] zero00407
2016-08-04 20:03:25,287 INFO [org.junit.Test] zero00408
2016-08-04 20:03:25,287 INFO [org.junit.Test] zero00409
2016-08-04 20:03:25,287 INFO [org.junit.Test] zero00410
2016-08-04 20:03:25,287 INFO [org.junit.Test] zero00411
2016-08-04 20:03:25,287 INFO [org.junit.Test] zero00412
2016-08-04 20:03:25,287 INFO [org.junit.Test] zero00413
2016-08-04 20:03:25,287 INFO [org.junit.Test] zero00414
2016-08-04 20:03:25,287 INFO [org.junit.Test] zero00415
2016-08-04 20:03:25,287 INFO [org.junit.Test] zero00416
2016-08-04 20:03:25,287 INFO [org.junit.Test] zero00417
2016-08-04 20:03:25,287 INFO [org.junit.Test] zero00418
2016-08-04 20:03:25,287 INFO [org.junit.Test] zero00419
2016-08-04 20:03:25,287 INFO [org.junit.Test] zero00420
2016-08-04 20:03:25,287 INFO [org.junit.Test] zero00421
2016-08-04 20:03:25,287 INFO [org.junit.Test] zero00422
2016-08-04 20:03:25,287 INFO [org.junit.Test] zero00423
2016-08-04 20:03:25,287 INFO [org.junit.Test] zero00424
2016-08-04 20:03:25,287 INFO [org.junit.Test] zero00425
2016-08-04 20:03:25,287 INFO [org.junit.Test] zero00426
2016-08-04 20:03:25,287 INFO [org.junit.Test] zero00427
2016-08-04 20:03:25,287 INFO [org.junit.Test] zero00428
2016-08-04 20:03:25,287 INFO [org.junit.Test] zero00429
2016-08-04 20:03:25,287 INFO [org.junit.Test] zero00430
2016-08-04 20:03:25,287 INFO [org.junit.Test] zero00431
2016-08-04 20:03:25,287 INFO [org.junit.Test] zero00432
2016-08-04 20:03:25,287 INFO [org.junit.Test] zero00433
2016-08-04 20:03:25,287 INFO [org.junit.Test] zero00434
2016-08-04 20:03:25,287 INFO [org.junit.Test] zero00435
2016-08-04 20:03:25,287 INFO [org.junit.Test] zero00436
2016-08-04 20:03:25,287 INFO [org.junit.Test] zero00437
2016-08-04 20:03:25,287 INFO [org.junit.Test] zero00438
2016-08-04 20:03:25,287 INFO [org.junit.Test] zero00439
2016-08-04 20:03:25,287 INFO [org.junit.Test] zero00440
2016-08-04 20:03:25,287 INFO [org.junit.Test] zero00441
2016-08-04 20:03:25,287 INFO [org.junit.Test] zero00442
2016-08-04 20:03:25,287 INFO [org.junit.Test] zero00443
2016-08-04 20:03:25,287 INFO [org.junit.Test] zero00444
2016-08-04 20:03:25,287 INFO [org.junit.Test] zero00445
2016-08-04 20:03:25,287 INFO [org.junit.Test] zero00446
2016-08-04 20:03:25,287 INFO [org.junit.Test] zero00447
2016-08-04 20:03:25,287 INFO [org.junit.Test] zero00448
2016-08-04 20:03:25,287 INFO [org.junit.Test] zero00449
2016-08-04 20:03:25,287 INFO [org.junit.Test] zero00450
2016-08-04 20:03:25,287 INFO [org.junit.Test] zero00451
2016-08-04 20:03:25,287 INFO [org.junit.Test] zero00452
2016-08-04 20:03:25,287 INFO [org.junit.Test] zero00453
2016-08-04 20:03:25,287 INFO [org.junit.Test] zero00454
2016-08-04 20:03:25,287 INFO [org.junit.Test] zero00455
2016-08-04 20:03:25,287 INFO [org.junit.Test] zero00456
2016-08-04 20:03:25,287 INFO [org.junit.Test] zero00457
2016-08-04 20:03:25,287 INFO [org.junit.Test] zero00458
2016-08-04 20:03:25,287 INFO [org.junit.Test] zero00459
2016-08-04 20:03:25,287 INFO [org.junit.Test] zero00460
2016-08-04 20:03:25,287 INFO [org.junit.Test] zero00461
2016-08-04 20:03:25,287 INFO [org.junit.Test] zero00462
2016-08-04 20:03:25,287 INFO [org.junit.Test] zero00463
2016-08-04 20:03:25,287 INFO [org.junit.Test] zero00464
2016-08-04 20:03:25,287 INFO [org.junit.Test] zero00465
2016-08-04 20:03:25,287 INFO [org.junit.Test] zero00466
2016-08-04 20:03:25,287 INFO [org.junit.Test] zero00467
2016-08-04 20:03:25,287 INFO [org.junit.Test] zero00468
2016-08-04 20:03:25,287 INFO [org.junit.Test] zero00469
2016-08-04 20:03:25,287 INFO [org.junit.Test] zero00470
2016-08-04 20:03:25,287 INFO [org.junit.Test] zero00471
2016-08-04 20:03:25,287 INFO [org.junit.Test] zero00472
2016-08-04 20:03:25,287 INFO [org.junit.Test] zero00473
2016-08-04 20:03:25,287 INFO [org.junit.Test] zero00474
2016-08-04 20:03:25,287 INFO [org.junit.Test] zero00475
2016-08-04 20:03:25,287 INFO [org.junit.Test] zero00476
2016-08-04 20:03:25,287 INFO [org.junit.Test] zero00477
2016-08-04 20:03:25,287 INFO [org.junit.Test] zero00478
2016-08-04 20:03:25,287 INFO [org.junit.Test] zero00479
2016-08-04 20:03:25,287 INFO [org.junit.Test] zero00480
2016-08-04 20:03:25,287 INFO [org.junit.Test] zero00481
2016-08-04 20:03:25,287 INFO [org.junit.Test] zero00482
2016-08-04 20:03:25,287 INFO [org.junit.Test] zero00483
2016-08-04 20:03:25,287 INFO [org.junit.Test] zero00484
2016-08-04 20:03:25,287 INFO [org.junit.Test] zero00485
2016-08-04 20:03:25,287 INFO [org.junit.Test] zero00486
2016-08-04 20:03:25,287 INFO [org.junit.Test] zero00487
2016-08-04 20:03:25,287 INFO [org.junit.Test] zero00488
2016-08-04 20:03:25,287 INFO [org.junit.Test] zero00489
2016-08-04 20:03:25,287 INFO [org.junit.Test] zero00490
2016-08-04 20:03:25,287 INFO [org.junit.Test] zero00491
2016-08-04 20:03:25,287 INFO [org.junit.Test] zero00492
2016-08-04 20:03:25,287 INFO [org.junit.Test] zero00493
2016-08-04 20:03:25,287 INFO [org.junit.Test] zero00494
2016-08-04 20:03:25,287 INFO [org.junit.Test] zero00495
2016-08-04 20:03:25,287 INFO [org.junit.Test] zero00496
2016-08-04 20:03:25,287 INFO [org.junit.Test] zero00497
2016-08-04 20:03:25,287 INFO [org.junit.Test] zero00498
2016-08-04 20:03:25,287 INFO [org.junit.Test] zero00499
2016-08-04 20:03:25,287 INFO [org.junit.Test] zero00500
2016-08-04 20:03:25,287 INFO [org.junit.Test] zero00501
2016-08-04 20:03:25,287 INFO [org.junit.Test] zero00502
2016-08-04 20:03:25,287 INFO [org.junit.Test] zero00503
2016-08-04 20:03:25,287 INFO [org.junit.Test] zero00504
2016-08-04 20:03:25,287 INFO [org.junit.Test] zero00505
2016-08-04 20:03:25,287 INFO [org.junit.Test] zero00506
2016-08-04 20:03:25,287 INFO [org.junit.Test] zero00507
2016-08-04 20:03:25,287 INFO [org.junit.Test] zero00508
2016-08-04 20:03:25,287 INFO [org.junit.Test] zero00509
2016-08-04 20:03:25,287 INFO [org.junit.Test] zero00510
2016-08-04 20:03:25,287 INFO [org.junit.Test] zero00511
2016-08-04 20:03:25,287 INFO [org.junit.Test] zero00512
2016-08-04 20:03:25,287 INFO [org.junit.Test] zero00513
2016-08-04 20:03:25,287 INFO [org.junit.Test] zero00514
2016-08-04 20:03:25,287 INFO [org.junit.Test] zero00515
2016-08-04 20:03:25,287 INFO [org.junit.Test] zero00516
2016-08-04 20:03:25,287 INFO [org.junit.Test] zero00517
2016-08-04 20:03:25,287 INFO [org.junit.Test] zero00518
2016-08-04 20:03:25,287 INFO [org.junit.Test] zero00519
2016-08-04 20:03:25,287 INFO [org.junit.Test] zero00520
2016-08-04 20:03:25,287 INFO [org.junit.Test] zero00521
2016-08-04 20:03:25,287 INFO [org.junit.Test] zero00522
2016-08-04 20:03:25,287 INFO [org.junit.Test] zero00523
2016-08-04 20:03:25,287 INFO [org.junit.Test] zero00524
2016-08-04 20:03:25,287 INFO [org.junit.Test] zero00525
2016-08-04 20:03:25,287 INFO [org.junit.Test] zero00526
2016-08-04 20:03:25,287 INFO [org.junit.Test] zero00527
2016-08-04 20:03:25,287 INFO [org.junit.Test] zero00528
2016-08-04 20:03:25,287 INFO [org.junit.Test] zero00529
2016-08-04 20:03:25,287 INFO [org.junit.Test] zero00530
2016-08-04 20:03:25,287 INFO [org.junit.Test] zero00531
2016-08-04 20:03:25,287 INFO [org.junit.Test] zero00532
2016-08-04 20:03:25,287 INFO [org.junit.Test] zero00533
2016-08-04 20:03:25,287 INFO [org.junit.Test] zero00534
2016-08-04 20:03:25,287 INFO [org.junit.Test] zero00535
2016-08-04 20:03:25,287 INFO [org.junit.Test] zero00536
2016-08-04 20:03:25,287 INFO [org.junit.Test] zero00537
2016-08-04 20:03:25,287 INFO [org.junit.Test] zero00538
2016-08-04 20:03:25,287 INFO [org.junit.Test] zero00539
2016-08-04 20:03:25,287 INFO [org.junit.Test] zero00540
2016-08-04 20:03:25,287 INFO [org.junit.Test] zero00541
2016-08-04 20:03:25,287 INFO [org.junit.Test] zero00542
2016-08-04 20:03:25,287 INFO [org.junit.Test] zero00543
2016-08-04 20:03:25,287 INFO [org.junit.Test] zero00544
2016-08-04 20:03:25,287 INFO [org.junit.Test] zero00545
2016-08-04 20:03:25,287 INFO [org.junit.Test] zero00546
2016-08-04 20:03:25,287 INFO [org.junit.Test] zero00547
2016-08-04 20:03:25,287 INFO [org.junit.Test] zero00548
2016-08-04 20:03:25,287 INFO [org.junit.Test] zero00549
2016-08-04 20:03:25,287 INFO [org.junit.Test] zero00550
2016-08-04 20:03:25,287 INFO [org.junit.Test] zero00551
2016-08-04 20:03:25,287 INFO [org.junit.Test] zero00552
2016-08-04 20:03:25,287 INFO [org.junit.Test] zero00553
2016-08-04 20:03:25,287 INFO [org.junit.Test] zero00554
2016-08-04 20:03:25,287 INFO [org.junit.Test] zero00555
2016-08-04 20:03:25,287 INFO [org.junit.Test] zero00556
2016-08-04 20:03:25,287 INFO [org.junit.Test] zero00557
2016-08-04 20:03:25,287 INFO [org.junit.Test] zero00558
2016-08-04 20:03:25,287 INFO [org.junit.Test] zero00559
2016-08-04 20:03:25,287 INFO [org.junit.Test] zero00560
2016-08-04 20:03:25,287 INFO [org.junit.Test] zero00561
2016-08-04 20:03:25,287 INFO [org.junit.Test] zero00562
2016-08-04 20:03:25,287 INFO [org.junit.Test] zero00563
2016-08-04 20:03:25,287 INFO [org.junit.Test] zero00564
2016-08-04 20:03:25,287 INFO [org.junit.Test] zero00565
2016-08-04 20:03:25,287 INFO [org.junit.Test] zero00566
2016-08-04 20:03:25,287 INFO [org.junit.Test] zero00567
2016-08-04 20:03:25,287 INFO [org.junit.Test] zero00568
2016-08-04 20:03:25,287 INFO [org.junit.Test] zero00569
2016-08-04 20:03:25,287 INFO [org.junit.Test] zero00570
2016-08-04 20:03:25,287 INFO [org.junit.Test] zero00571
2016-08-04 20:03:25,287 INFO [org.junit.Test] zero00572
2016-08-04 20:03:25,287 INFO [org.junit.Test] zero00573
2016-08-04 20:03:25,287 INFO [org.junit.Test] zero00574
2016-08-04 20:03:25,287 INFO [org.junit.Test] zero00575
2016-08-04 20:03:25,287 INFO [org.junit.Test] zero00576
2016-08-04 20:03:25,287 INFO [org.junit.Test] zero00577
2016-08-04 20:03:25,287 INFO [org.junit.Test] zero00578
2016-08-04 20:03:25,287 INFO [org.junit.Test] zero00579
2016-08-04 20:03:25,287 INFO [org.junit.Test] zero00580
2016-08-04 20:03:25,287 INFO [org.junit.Test] zero00581
2016-08-04 20:03:25,287 INFO [org.junit.Test] zero00582
2016-08-04 20:03:25,287 INFO [org.junit.Test] zero00583
2016-08-04 20:03:25,287 INFO [org.junit.Test] zero00584
2016-08-04 20:03:25,287 INFO [org.junit.Test] zero00585
2016-08-04 20:03:25,287 INFO [org.junit.Test] zero00586
2016-08-04 20:03:25,287 INFO [org.junit.Test] zero00587
2016-08-04 20:03:25,287 INFO [org.junit.Test] zero00588
2016-08-04 20:03:25,287 INFO [org.junit.Test] zero00589
2016-08-04 20:03:25,287 INFO [org.junit.Test] zero00590
2016-08-04 20:03:25,287 INFO [org.junit.Test] zero00591
2016-08-04 20:03:25,287 INFO [org.junit.Test] zero00592
2016-08-04 20:03:25,287 INFO [org.junit.Test] zero00593
2016-08-04 20:03:25,287 INFO [org.junit.Test] zero00594
2016-08-04 20:03:25,287 INFO [org.junit.Test] zero00595
2016-08-04 20:03:25,287 INFO [org.junit.Test] zero00596
2016-08-04 20:03:25,287 INFO [org.junit.Test] zero00597
2016-08-04 20:03:25,287 INFO [org.junit.Test] zero00598
2016-08-04 20:03:25,287 INFO [org.junit.Test] zero00599
2016-08-04 20:03:25,287 INFO [org.junit.Test] zero00600
2016-08-04 20:03:25,287 INFO [org.junit.Test] zero00601
2016-08-04 20:03:25,287 INFO [org.junit.Test] zero00602
2016-08-04 20:03:25,287 INFO [org.junit.Test] zero00603
2016-08-04 20:03:25,287 INFO [org.junit.Test] zero00604
2016-08-04 20:03:25,287 INFO [org.junit.Test] zero00605
2016-08-04 20:03:25,287 INFO [org.junit.Test] zero00606
2016-08-04 20:03:25,287 INFO [org.junit.Test] zero00607
2016-08-04 20:03:25,287 INFO [org.junit.Test] zero00608
2016-08-04 20:03:25,287 INFO [org.junit.Test] zero00609
2016-08-04 20:03:25,287 INFO [org.junit.Test] zero00610
2016-08-04 20:03:25,287 INFO [org.junit.Test] zero00611
2016-08-04 20:03:25,287 INFO [org.junit.Test] zero00612
2016-08-04 20:03:25,287 INFO [org.junit.Test] zero00613
2016-08-04 20:03:25,287 INFO [org.junit.Test] zero00614
2016-08-04 20:03:25,287 INFO [org.junit.Test] zero00615
2016-08-04 20:03:25,287 INFO [org.junit.Test] zero00616
2016-08-04 20:03:25,287 INFO [org.junit.Test] zero00617
2016-08-04 20:03:25,287 INFO [org.junit.Test] zero00618
2016-08-04 20:03:25,287 INFO [org.junit.Test] zero00619
2016-08-04 20:03:25,287 INFO [org.junit.Test] zero00620
2016-08-04 20:03:25,287 INFO [org.junit.Test] zero00621
2016-08-04 20:03:25,287 INFO [org.junit.Test] zero00622
2016-08-04 20:03:25,287 INFO [org.junit.Test] zero00623
2016-08-04 20:03:25,287 INFO [org.junit.Test] zero00624
2016-08-04 20:03:25,287 INFO [org.junit.Test] zero00625
2016-08-04 20:03:25,287 INFO [org.junit.Test] zero00626
2016-08-04 20:03:25,287 INFO [org.junit.Test] zero00627
2016-08-04 20:03:25,287 INFO [org.junit.Test] zero00628
2016-08-04 20:03:25,287 INFO [org.junit.Test] zero00629
2016-08-04 20:03:25,287 INFO [org.junit.Test] zero00630
2016-08-04 20:03:25,287 INFO [org.junit.Test] zero00631
2016-08-04 20:03:25,287 INFO [org.junit.Test] zero00632
2016-08-04 20:03:25,287 INFO [org.junit.Test] zero00633
2016-08-04 20:03:25,287 INFO [org.junit.Test] zero00634
2016-08-04 20:03:25,287 INFO [org.junit.Test] zero00635
2016-08-04 20:03:25,287 INFO [org.junit.Test] zero00636
2016-08-04 20:03:25,287 INFO [org.junit.Test] zero00637
2016-08-04 20:03:25,287 INFO [org.junit.Test] zero00638
2016-08-04 20:03:25,287 INFO [org.junit.Test] zero00639
2016-08-04 20:03:25,287 INFO [org.junit.Test] zero00640
2016-08-04 20:03:25,287 INFO [org.junit.Test] zero00641
2016-08-04 20:03:25,287 INFO [org.junit.Test] zero00642
2016-08-04 20:03:25,287 INFO [org.junit.Test] zero00643
2016-08-04 20:03:25,287 INFO [org.junit.Test] zero00644
2016-08-04 20:03:25,287 INFO [org.junit.Test] zero00645
2016-08-04 20:03:25,287 INFO [org.junit.Test] zero00646
2016-08-04 20:03:25,287 INFO [org.junit.Test] zero00647
2016-08-04 20:03:25,287 INFO [org.junit.Test] zero00648
2016-08-04 20:03:25,287 INFO [org.junit.Test] zero00649
2016-08-04 20:03:25,287 INFO [org.junit.Test] zero00650
2016-08-04 20:03:25,287 INFO [org.junit.Test] zero00651
2016-08-04 20:03:25,287 INFO [org.junit.Test] zero00652
2016-08-04 20:03:25,287 INFO [org.junit.Test] zero00653
2016-08-04 20:03:25,287 INFO [org.junit.Test] zero00654
2016-08-04 20:03:25,287 INFO [org.junit.Test] zero00655
2016-08-04 20:03:25,287 INFO [org.junit.Test] zero00656
2016-08-04 20:03:25,287 INFO [org.junit.Test] zero00657
2016-08-04 20:03:25,287 INFO [org.junit.Test] zero00658
2016-08-04 20:03:25,287 INFO [org.junit.Test] zero00659
2016-08-04 20:03:25,287 INFO [org.junit.Test] zero00660
2016-08-04 20:03:25,287 INFO [org.junit.Test] zero00661
2016-08-04 20:03:25,287 INFO [org.junit.Test] zero00662
2016-08-04 20:03:25,287 INFO [org.junit.Test] zero00663
2016-08-04 20:03:25,287 INFO [org.junit.Test] zero00664
2016-08-04 20:03:25,287 INFO [org.junit.Test] zero00665
2016-08-04 20:03:25,287 INFO [org.junit.Test] zero00666
2016-08-04 20:03:25,287 INFO [org.junit.Test] zero00667
2016-08-04 20:03:25,287 INFO [org.junit.Test] zero00668
2016-08-04 20:03:25,287 INFO [org.junit.Test] zero00669
2016-08-04 20:03:25,287 INFO [org.junit.Test] zero00670
2016-08-04 20:03:25,287 INFO [org.junit.Test] zero00671
2016-08-04 20:03:25,287 INFO [org.junit.Test] zero00672
2016-08-04 20:03:25,287 INFO [org.junit.Test] zero00673
2016-08-04 20:03:25,287 INFO [org.junit.Test] zero00674
2016-08-04 20:03:25,287 INFO [org.junit.Test] zero00675
2016-08-04 20:03:25,287 INFO [org.junit.Test] zero00676
2016-08-04 20:03:25,287 INFO [org.junit.Test] zero00677
2016-08-04 20:03:25,287 INFO [org.junit.Test] zero00678
2016-08-04 20:03:25,287 INFO [org.junit.Test] zero00679
2016-08-04 20:03:25,287 INFO [org.junit.Test] zero00680
2016-08-04 20:03:25,287 INFO [org.junit.Test] zero00681
2016-08-04 20:03:25,287 INFO [org.junit.Test] zero00682
2016-08-04 20:03:25,287 INFO [org.junit.Test] zero00683
2016-08-04 20:03:25,287 INFO [org.junit.Test] zero00684
2016-08-04 20:03:25,287 INFO [org.junit.Test] zero00685
2016-08-04 20:03:25,287 INFO [org.junit.Test] zero00686
2016-08-04 20:03:25,287 INFO [org.junit.Test] zero00687
2016-08-04 20:03:25,287 INFO [org.junit.Test] zero00688
2016-08-04 20:03:25,287 INFO [org.junit.Test] zero00689
2016-08-04 20:03:25,287 INFO [org.junit.Test] zero00690
2016-08-04 20:03:25,287 INFO [org.junit.Test] zero00691
2016-08-04 20:03:25,287 INFO [org.junit.Test] zero00692
2016-08-04 20:03:25,287 INFO [org.junit.Test] zero00693
2016-08-04 20:03:25,287 INFO [org.junit.Test] zero00694
2016-08-04 20:03:25,287 INFO [org.junit.Test] zero00695
2016-08-04 20:03:25,287 INFO [org.junit.Test] zero00696
2016-08-04 20:03:25,287 INFO [org.junit.Test] zero00697
2016-08-04 20:03:25,287 INFO [org.junit.Test] zero00698
2016-08-04 20:03:25,287 INFO [org.junit.Test] zero00699
2016-08-04 20:03:25,287 INFO [org.junit.Test] zero00700
2016-08-04 20:03:25,287 INFO [org.junit.Test] zero00701
2016-08-04 20:03:25,287 INFO [org.junit.Test] zero00702
2016-08-04 20:03:25,287 INFO [org.junit.Test] zero00703
2016-08-04 20:03:25,287 INFO [org.junit.Test] zero00704
2016-08-04 20:03:25,287 INFO [org.junit.Test] zero00705
2016-08-04 20:03:25,287 INFO [org.junit.Test] zero00706
2016-08-04 20:03:25,287 INFO [org.junit.Test] zero00707
2016-08-04 20:03:25,287 INFO [org.junit.Test] zero00708
2016-08-04 20:03:25,287 INFO [org.junit.Test] zero00709
2016-08-04 20:03:25,287 INFO [org.junit.Test] zero00710
2016-08-04 20:03:25,287 INFO [org.junit.Test] zero00711
2016-08-04 20:03:25,287 INFO [org.junit.Test] zero00712
2016-08-04 20:03:25,287 INFO [org.junit.Test] zero00713
2016-08-04 20:03:25,287 INFO [org.junit.Test] zero00714
2016-08-04 20:03:25,287 INFO [org.junit.Test] zero00715
2016-08-04 20:03:25,287 INFO [org.junit.Test] zero00716
2016-08-04 20:03:25,287 INFO [org.junit.Test] zero00717
2016-08-04 20:03:25,287 INFO [org.junit.Test] zero00718
2016-08-04 20:03:25,287 INFO [org.junit.Test] zero00719
2016-08-04 20:03:25,287 INFO [org.junit.Test] zero00720
2016-08-04 20:03:25,287 INFO [org.junit.Test] zero00721
2016-08-04 20:03:25,287 INFO [org.junit.Test] zero00722
2016-08-04 20:03:25,287 INFO [org.junit.Test] zero00723
2016-08-04 20:03:25,287 INFO [org.junit.Test] zero00724
2016-08-04 20:03:25,287 INFO [org.junit.Test] zero00725
2016-08-04 20:03:25,287 INFO [org.junit.Test] zero00726
2016-08-04 20:03:25,287 INFO [org.junit.Test] zero00727
2016-08-04 20:03:25,287 INFO [org.junit.Test] zero00728
2016-08-04 20:03:25,287 INFO [org.junit.Test] zero00729
2016-08-04 20:03:25,287 INFO [org.junit.Test] zero00730
2016-08-04 20:03:25,287 INFO [org.junit.Test] zero00731
2016-08-04 20:03:25,287 INFO [org.junit.Test] zero00732
2016-08-04 20:03:25,287 INFO [org.junit.Test] zero00733
2016-08-04 20:03:25,287 INFO [org.junit.Test] zero00734
2016-08-04 20:03:25,287 INFO [org.junit.Test] zero00735
2016-08-04 20:03:25,287 INFO [org.junit.Test] zero00736
2016-08-04 20:03:25,287 INFO [org.junit.Test] zero00737
2016-08-04 20:03:25,287 INFO [org.junit.Test] zero00738
2016-08-04 20:03:25,287 INFO [org.junit.Test] zero00739
2016-08-04 20:03:25,287 INFO [org.junit.Test] zero00740
2016-08-04 20:03:25,287 INFO [org.junit.Test] zero00741
2016-08-04 20:03:25,287 INFO [org.junit.Test] zero00742
2016-08-04 20:03:25,287 INFO [org.junit.Test] zero00743
2016-08-04 20:03:25,287 INFO [org.junit.Test] zero00744
2016-08-04 20:03:25,287 INFO [org.junit.Test] zero00745
2016-08-04 20:03:25,287 INFO [org.junit.Test] zero00746
2016-08-04 20:03:25,287 INFO [org.junit.Test] zero00747
2016-08-04 20:03:25,287 INFO [org.junit.Test] zero00748
2016-08-04 20:03:25,287 INFO [org.junit.Test] zero00749
2016-08-04 20:03:25,287 INFO [org.junit.Test] zero00750
2016-08-04 20:03:25,287 INFO [org.junit.Test] zero00751
2016-08-04 20:03:25,287 INFO [org.junit.Test] zero00752
2016-08-04 20:03:25,287 INFO [org.junit.Test] zero00753
2016-08-04 20:03:25,287 INFO [org.junit.Test] zero00754
2016-08-04 20:03:25,287 INFO [org.junit.Test] zero00755
2016-08-04 20:03:25,287 INFO [org.junit.Test] zero00756
2016-08-04 20:03:25,287 INFO [org.junit.Test] zero00757
2016-08-04 20:03:25,287 INFO [org.junit.Test] zero00758
2016-08-04 20:03:25,287 INFO [org.junit.Test] zero00759
2016-08-04 20:03:25,287 INFO [org.junit.Test] zero00760
2016-08-04 20:03:25,287 INFO [org.junit.Test] zero00761
2016-08-04 20:03:25,287 INFO [org.junit.Test] zero00762
2016-08-04 20:03:25,287 INFO [org.junit.Test] zero00763
2016-08-04 20:03:25,287 INFO [org.junit.Test] zero00764
2016-08-04 20:03:25,287 INFO [org.junit.Test] zero00765
2016-08-04 20:03:25,287 INFO [org.junit.Test] zero00766
2016-08-04 20:03:25,287 INFO [org.junit.Test] zero00767
2016-08-04 20:03:25,287 INFO [org.junit.Test] zero00768
2016-08-04 20:03:25,287 INFO [org.junit.Test] zero00769
2016-08-04 20:03:25,287 INFO [org.junit.Test] zero00770
2016-08-04 20:03:25,287 INFO [org.junit.Test] zero00771
2016-08-04 20:03:25,287 INFO [org.junit.Test] zero00772
2016-08-04 20:03:25,287 INFO [org.junit.Test] zero00773
2016-08-04 20:03:25,287 INFO [org.junit.Test] zero00774
2016-08-04 20:03:25,287 INFO [org.junit.Test] zero00775
2016-08-04 20:03:25,287 INFO [org.junit.Test] zero00776
2016-08-04 20:03:25,287 INFO [org.junit.Test] zero00777
2016-08-04 20:03:25,287 INFO [org.junit.Test] zero00778
2016-08-04 20:03:25,287 INFO [org.junit.Test] zero00779
2016-08-04 20:03:25,287 INFO [org.junit.Test] zero00780
2016-08-04 20:03:25,287 INFO [org.junit.Test] zero00781
2016-08-04 20:03:25,287 INFO [org.junit.Test] zero00782
2016-08-04 20:03:25,287 INFO [org.junit.Test] zero00783
2016-08-04 20:03:25,287 INFO [org.junit.Test] zero00784
2016-08-04 20:03:25,287 INFO [org.junit.Test] zero00785
2016-08-04 20:03:25,287 INFO [org.junit.Test] zero00786
2016-08-04 20:03:25,287 INFO [org.junit.Test] zero00787
2016-08-04 20:03:25,287 INFO [org.junit.Test] zero00788
2016-08-04 20:03:25,287 INFO [org.junit.Test] zero00789
2016-08-04 20:03:25,287 INFO [org.junit.Test] zero00790
2016-08-04 20:03:25,287 INFO [org.junit.Test] zero00791
2016-08-04 20:03:25,287 INFO [org.junit.Test] zero00792
2016-08-04 20:03:25,287 INFO [org.junit.Test] zero00793
2016-08-04 20:03:25,287 INFO [org.junit.Test] zero00794
2016-08-04 20:03:25,287 INFO [org.junit.Test] zero00795
2016-08-04 20:03:25,287 INFO [org.junit.Test] zero00796
2016-08-04 20:03:25,287 INFO [org.junit.Test] zero00797
2016-08-04 20:03:25,287 INFO [org.junit.Test] zero00798
2016-08-04 20:03:25,287 INFO [org.junit.Test] zero00799
2016-08-04 20:03:25,287 INFO [org.junit.Test] zero00800
2016-08-04 20:03:25,287 INFO [org.junit.Test] zero00801
2016-08-04 20:03:25,287 INFO [org.junit.Test] zero00802
2016-08-04 20:03:25,287 INFO [org.junit.Test] zero00803
2016-08-04 20:03:25,287 INFO [org.junit.Test] zero00804
2016-08-04 20:03:25,287 INFO [org.junit.Test] zero00805
2016-08-04 20:03:25,287 INFO [org.junit.Test] zero00806
2016-08-04 20:03:25,287 INFO [org.junit.Test] zero00807
2016-08-04 20:03:25,287 INFO [org.junit.Test] zero00808
2016-08-04 20:03:25,287 INFO [org.junit.Test] zero00809
2016-08-04 20:03:25,287 INFO [org.junit.Test] zero00810
2016-08-04 20:03:25,287 INFO [org.junit.Test] zero00811
2016-08-04 20:03:25,287 INFO [org.junit.Test] zero00812
2016-08-04 20:03:25,287 INFO [org.junit.Test] zero00813
2016-08-04 20:03:25,287 INFO [org.junit.Test] zero00814
2016-08-04 20:03:25,287 INFO [org.junit.Test] zero00815
2016-08-04 20:03:25,287 INFO [org.junit.Test] zero00816
2016-08-04 20:03:25,287 INFO [org.junit.Test] zero00817
2016-08-04 20:03:25,287 INFO [org.junit.Test] zero00818
2016-08-04 20:03:25,287 INFO [org.junit.Test] zero00819
2016-08-04 20:03:25,287 INFO [org.junit.Test] zero00820
2016-08-04 20:03:25,287 INFO [org.junit.Test] zero00821
2016-08-04 20:03:25,287 INFO [org.junit.Test] zero00822
2016-08-04 20:03:25,287 INFO [org.junit.Test] zero00823
2016-08-04 20:03:25,287 INFO [org.junit.Test] zero00824
2016-08-04 20:03:25,287 INFO [org.junit.Test] zero00825
2016-08-04 20:03:25,287 INFO [org.junit.Test] zero00826
2016-08-04 20:03:25,287 INFO [org.junit.Test] zero00827
2016-08-04 20:03:25,287 INFO [org.junit.Test] zero00828
2016-08-04 20:03:25,287 INFO [org.junit.Test] zero00829
2016-08-04 20:03:25,287 INFO [org.junit.Test] zero00830
2016-08-04 20:03:25,287 INFO [org.junit.Test] zero00831
2016-08-04 20:03:25,287 INFO [org.junit.Test] zero00832
2016-08-04 20:03:25,287 INFO [org.junit.Test] zero00833
2016-08-04 20:03:25,287 INFO [org.junit.Test] zero00834
2016-08-04 20:03:25,287 INFO [org.junit.Test] zero00835
2016-08-04 20:03:25,287 INFO [org.junit.Test] zero00836
2016-08-04 20:03:25,287 INFO [org.junit.Test] zero00837
2016-08-04 20:03:25,287 INFO [org.junit.Test] zero00838
2016-08-04 20:03:25,287 INFO [org.junit.Test] zero00839
2016-08-04 20:03:25,287 INFO [org.junit.Test] zero00840
2016-08-04 20:03:25,287 INFO [org.junit.Test] zero00841
2016-08-04 20:03:25,287 INFO [org.junit.Test] zero00842
2016-08-04 20:03:25,287 INFO [org.junit.Test] zero00843
2016-08-04 20:03:25,287 INFO [org.junit.Test] zero00844
2016-08-04 20:03:25,287 INFO [org.junit.Test] zero00845
2016-08-04 20:03:25,287 INFO [org.junit.Test] zero00846
2016-08-04 20:03:25,287 INFO [org.junit.Test] zero00847
2016-08-04 20:03:25,287 INFO [org.junit.Test] zero00848
2016-08-04 20:03:25,287 INFO [org.junit.Test] zero00849
2016-08-04 20:03:25,287 INFO [org.junit.Test] zero00850
2016-08-04 20:03:25,287 INFO [org.junit.Test] zero00851
2016-08-04 20:03:25,287 INFO [org.junit.Test] zero00852
2016-08-04 20:03:25,287 INFO [org.junit.Test] zero00853
2016-08-04 20:03:25,287 INFO [org.junit.Test] zero00854
2016-08-04 20:03:25,287 INFO [org.junit.Test] zero00855
2016-08-04 20:03:25,287 INFO [org.junit.Test] zero00856
2016-08-04 20:03:25,287 INFO [org.junit.Test] zero00857
2016-08-04 20:03:25,287 INFO [org.junit.Test] zero00858
2016-08-04 20:03:25,287 INFO [org.junit.Test] zero00859
2016-08-04 20:03:25,287 INFO [org.junit.Test] zero00860
2016-08-04 20:03:25,287 INFO [org.junit.Test] zero00861
2016-08-04 20:03:25,287 INFO [org.junit.Test] zero00862
2016-08-04 20:03:25,287 INFO [org.junit.Test] zero00863
2016-08-04 20:03:25,287 INFO [org.junit.Test] zero00864
2016-08-04 20:03:25,287 INFO [org.junit.Test] zero00865
2016-08-04 20:03:25,287 INFO [org.junit.Test] zero00866
2016-08-04 20:03:25,287 INFO [org.junit.Test] zero00867
2016-08-04 20:03:25,287 INFO [org.junit.Test] zero00868
2016-08-04 20:03:25,287 INFO [org.junit.Test] zero00869
2016-08-04 20:03:25,287 INFO [org.junit.Test] zero00870
2016-08-04 20:03:25,287 INFO [org.junit.Test] zero00871
2016-08-04 20:03:25,287 INFO [org.junit.Test] zero00872
2016-08-04 20:03:25,287 INFO [org.junit.Test] zero00873
2016-08-04 20:03:25,287 INFO [org.junit.Test] zero00874
2016-08-04 20:03:25,287 INFO [org.junit.Test] zero00875
2016-08-04 20:03:25,287 INFO [org.junit.Test] zero00876
2016-08-04 20:03:25,287 INFO [org.junit.Test] zero00877
2016-08-04 20:03:25,287 INFO [org.junit.Test] zero00878
2016-08-04 20:03:25,287 INFO [org.junit.Test] zero00879
2016-08-04 20:03:25,287 INFO [org.junit.Test] zero00880
2016-08-04 20:03:25,287 INFO [org.junit.Test] zero00881
2016-08-04 20:03:25,287 INFO [org.junit.Test] zero00882
2016-08-04 20:03:25,287 INFO [org.junit.Test] zero00883
2016-08-04 20:03:25,287 INFO [org.junit.Test] zero00884
2016-08-04 20:03:25,287 INFO [org.junit.Test] zero00885
2016-08-04 20:03:25,287 INFO [org.junit.Test] zero00886
2016-08-04 20:03:25,287 INFO [org.junit.Test] zero00887
2016-08-04 20:03:25,287 INFO [org.junit.Test] zero00888
2016-08-04 20:03:25,287 INFO [org.junit.Test] zero00889
2016-08-04 20:03:25,287 INFO [org.junit.Test] zero00890
2016-08-04 20:03:25,287 INFO [org.junit.Test] zero00891
2016-08-04 20:03:25,287 INFO [org.junit.Test] zero00892
2016-08-04 20:03:25,287 INFO [org.junit.Test] zero00893
2016-08-04 20:03:25,287 INFO [org.junit.Test] zero00894
2016-08-04 20:03:25,287 INFO [org.junit.Test] zero00895
2016-08-04 20:03:25,287 INFO [org.junit.Test] zero00896
2016-08-04 20:03:25,287 INFO [org.junit.Test] zero00897
2016-08-04 20:03:25,287 INFO [org.junit.Test] zero00898
2016-08-04 20:03:25,287 INFO [org.junit.Test] zero00899
2016-08-04 20:03:25,287 INFO [org.junit.Test] zero00900
2016-08-04 20:03:25,287 INFO [org.junit.Test] zero00901
2016-08-04 20:03:25,287 INFO [org.junit.Test] zero00902
2016-08-04 20:03:25,287 INFO [org.junit.Test] zero00903
2016-08-04 20:03:25,287 INFO [org.junit.Test] zero00904
2016-08-04 20:03:25,287 INFO [org.junit.Test] zero00905
2016-08-04 20:03:25,287 INFO [org.junit.Test] zero00906
2016-08-04 20:03:25,287 INFO [org.junit.Test] zero00907
2016-08-04 20:03:25,287 INFO [org.junit.Test] zero00908
2016-08-04 20:03:25,287 INFO [org.junit.Test] zero00909
2016-08-04 20:03:25,287 INFO [org.junit.Test] zero00910
2016-08-04 20:03:25,287 INFO [org.junit.Test] zero00911
2016-08-04 20:03:25,287 INFO [org.junit.Test] zero00912
2016-08-04 20:03:25,287 INFO [org.junit.Test] zero00913
2016-08-04 20:03:25,287 INFO [org.junit.Test] zero00914
2016-08-04 20:03:25,287 INFO [org.junit.Test] zero00915
2016-08-04 20:03:25,287 INFO [org.junit.Test] zero00916
2016-08-04 20:03:25,287 INFO [org.junit.Test] zero00917
2016-08-04 20:03:25,287 INFO [org.junit.Test] zero00918
2016-08-04 20:03:25,287 INFO [org.junit.Test] zero00919
2016-08-04 20:03:25,287 INFO [org.junit.Test] zero00920
2016-08-04 20:03:25,287 INFO [org.junit.Test] zero00921
2016-08-04 20:03:25,287 INFO [org.junit.Test] zero00922
2016-08-04 20:03:25,287 INFO [org.junit.Test] zero00923
2016-08-04 20:03:25,287 INFO [org.junit.Test] zero00924
2016-08-04 20:03:25,287 INFO [org.junit.Test] zero00925
2016-08-04 20:03:25,287 INFO [org.junit.Test] zero00926
2016-08-04 20:03:25,287 INFO [org.junit.Test] zero00927
2016-08-04 20:03:25,287 INFO [org.junit.Test] zero00928
2016-08-04 20:03:25,287 INFO [org.junit.Test] zero00929
2016-08-04 20:03:25,287 INFO [org.junit.Test] zero00930
2016-08-04 20:03:25,287 INFO [org.junit.Test] zero00931
2016-08-04 20:03:25,287 INFO [org.junit.Test] zero00932
2016-08-04 20:03:25,287 INFO [org.junit.Test] zero00933
2016-08-04 20:03:25,287 INFO [org.junit.Test] zero00934
2016-08-04 20:03:25,287 INFO [org.junit.Test] zero00935
2016-08-04 20:03:25,287 INFO [org.junit.Test] zero00936
2016-08-04 20:03:25,287 INFO [org.junit.Test] zero00937
2016-08-04 20:03:25,287 INFO [org.junit.Test] zero00938
2016-08-04 20:03:25,287 INFO [org.junit.Test] zero00939
2016-08-04 20:03:25,287 INFO [org.junit.Test] zero00940
2016-08-04 20:03:25,287 INFO [org.junit.Test] zero00941
2016-08-04 20:03:25,287 INFO [org.junit.Test] zero00942
2016-08-04 20:03:25,287 INFO [org.junit.Test] zero00943
2016-08-04 20:03:25,287 INFO [org.junit.Test] zero00944
2016-08-04 20:03:25,287 INFO [org.junit.Test] zero00945
2016-08-04 20:03:25,287 INFO [org.junit.Test] zero00946
2016-08-04 20:03:25,287 INFO [org.junit.Test] zero00947
2016-08-04 20:03:25,287 INFO [org.junit.Test] zero00948
2016-08-04 20:03:25,287 INFO [org.junit.Test] zero00949
2016-08-04 20:03:25,287 INFO [org.junit.Test] zero00950
2016-08-04 20:03:25,287 INFO [org.junit.Test] zero00951
2016-08-04 20:03:25,287 INFO [org.junit.Test] zero00952
2016-08-04 20:03:25,287 INFO [org.junit.Test] zero00953
2016-08-04 20:03:25,287 INFO [org.junit.Test] zero00954
2016-08-04 20:03:25,287 INFO [org.junit.Test] zero00955
2016-08-04 20:03:25,287 INFO [org.junit.Test] zero00956
2016-08-04 20:03:25,287 INFO [org.junit.Test] zero00957
2016-08-04 20:03:25,287 INFO [org.junit.Test] zero00958
2016-08-04 20:03:25,287 INFO [org.junit.Test] zero00959
2016-08-04 20:03:25,287 INFO [org.junit.Test] zero00960
2016-08-04 20:03:25,287 INFO [org.junit.Test] zero00961
2016-08-04 20:03:25,287 INFO [org.junit.Test] zero00962
2016-08-04 20:03:25,287 INFO [org.junit.Test] zero00963
2016-08-04 20:03:25,287 INFO [org.junit.Test] zero00964
2016-08-04 20:03:25,287 INFO [org.junit.Test] zero00965
2016-08-04 20:03:25,287 INFO [org.junit.Test] zero00966
2016-08-04 20:03:25,287 INFO [org.junit.Test] zero00967
2016-08-04 20:03:25,287 INFO [org.junit.Test] zero00968
2016-08-04 20:03:25,287 INFO [org.junit.Test] zero00969
2016-08-04 20:03:25,287 INFO [org.junit.Test] zero00970
2016-08-04 20:03:25,287 INFO [org.junit.Test] zero00971
2016-08-04 20:03:25,287 INFO [org.junit.Test] zero00972
2016-08-04 20:03:25,287 INFO [org.junit.Test] zero00973
2016-08-04 20:03:25,287 INFO [org.junit.Test] zero00974
2016-08-04 20:03:25,287 INFO [org.junit.Test] zero00975
2016-08-04 20:03:25,287 INFO [org.junit.Test] zero00976
2016-08-04 20:03:25,287 INFO [org.junit.Test] zero00977
2016-08-04 20:03:25,287 INFO [org.junit.Test] zero00978
2016-08-04 20:03:25,287 INFO [org.junit.Test] zero00979
2016-08-04 20:03:25,287 INFO [org.junit.Test] zero00980
2016-08-04 20:03:25,287 INFO [org.junit.Test] zero00981
2016-08-04 20:03:25,287 INFO [org.junit.Test] zero00982
2016-08-04 20:03:25,287 INFO [org.junit.Test] zero00983
2016-08-04 20:03:25,287 INFO [org.junit.Test] zero00984
2016-08-04 20:03:25,287 INFO [org.junit.Test] zero00985
2016-08-04 20:03:25,287 INFO [org.junit.Test] zero00986
2016-08-04 20:03:25,287 INFO [org.junit.Test] zero00987
2016-08-04 20:03:25,287 INFO [org.junit.Test] zero00988
2016-08-04 20:03:25,287 INFO [org.junit.Test] zero00989
2016-08-04 20:03:25,287 INFO [org.junit.Test] zero00990
2016-08-04 20:03:25,287 INFO [org.junit.Test] zero00991
2016-08-04 20:03:25,287 INFO [org.junit.Test] zero00992
2016-08-04 20:03:25,287 INFO [org.junit.Test] zero00993
2016-08-04 20:03:25,287 INFO [org.junit.Test] zero00994
2016-08-04 20:03:25,288 INFO [org.junit.Test] zero00995
2016-08-04 20:03:25,288 INFO [org.junit.Test] zero00996
2016-08-04 20:03:25,288 INFO [org.junit.Test] zero00997
2016-08-04 20:03:25,288 INFO [org.junit.Test] zero00998
2016-08-04 20:03:25,288 INFO [org.junit.Test] zero00999
2016-08-04 20:03:28,288 INFO [org.junit.Test] zero000
2016-08-04 20:03:28,288 INFO [org.junit.Test] zero001
2016-08-04 20:03:28,288 INFO [org.junit.Test] zero002
2016-08-04 20:03:28,288 INFO [org.junit.Test] zero003
2016-08-04 20:03:28,288 INFO [org.junit.Test] zero004
2016-08-04 20:03:28,288 INFO [org.junit.Test] zero005
2016-08-04 20:03:28,288 INFO [org.junit.Test] zero006
2016-08-04 20:03:28,288 INFO [org.junit.Test] zero007
2016-08-04 20:03:28,288 INFO [org.junit.Test] zero008
2016-08-04 20:03:28,288 INFO [org.junit.Test] zero009
2016-08-04 20:03:28,288 INFO [org.junit.Test] zero0010
2016-08-04 20:03:28,288 INFO [org.junit.Test] zero0011
2016-08-04 20:03:28,288 INFO [org.junit.Test] zero0012
2016-08-04 20:03:28,288 INFO [org.junit.Test] zero0013
2016-08-04 20:03:28,288 INFO [org.junit.Test] zero0014
2016-08-04 20:03:28,288 INFO [org.junit.Test] zero0015
2016-08-04 20:03:28,288 INFO [org.junit.Test] zero0016
2016-08-04 20:03:28,288 INFO [org.junit.Test] zero0017
2016-08-04 20:03:28,288 INFO [org.junit.Test] zero0018
2016-08-04 20:03:28,288 INFO [org.junit.Test] zero0019
2016-08-04 20:03:28,288 INFO [org.junit.Test] zero0020
2016-08-04 20:03:28,288 INFO [org.junit.Test] zero0021
2016-08-04 20:03:28,288 INFO [org.junit.Test] zero0022
2016-08-04 20:03:28,288 INFO [org.junit.Test] zero0023
2016-08-04 20:03:28,288 INFO [org.junit.Test] zero0024
2016-08-04 20:03:28,288 INFO [org.junit.Test] zero0025
2016-08-04 20:03:28,288 INFO [org.junit.Test] zero0026
2016-08-04 20:03:28,288 INFO [org.junit.Test] zero0027
2016-08-04 20:03:28,288 INFO [org.junit.Test] zero0028
2016-08-04 20:03:28,288 INFO [org.junit.Test] zero0029
2016-08-04 20:03:28,288 INFO [org.junit.Test] zero0030
2016-08-04 20:03:28,288 INFO [org.junit.Test] zero0031
2016-08-04 20:03:28,288 INFO [org.junit.Test] zero0032
2016-08-04 20:03:28,288 INFO [org.junit.Test] zero0033
2016-08-04 20:03:28,288 INFO [org.junit.Test] zero0034
2016-08-04 20:03:28,288 INFO [org.junit.Test] zero0035
2016-08-04 20:03:28,288 INFO [org.junit.Test] zero0036
2016-08-04 20:03:28,288 INFO [org.junit.Test] zero0037
2016-08-04 20:03:28,288 INFO [org.junit.Test] zero0038
2016-08-04 20:03:28,288 INFO [org.junit.Test] zero0039
2016-08-04 20:03:28,288 INFO [org.junit.Test] zero0040
2016-08-04 20:03:28,288 INFO [org.junit.Test] zero0041
2016-08-04 20:03:28,288 INFO [org.junit.Test] zero0042
2016-08-04 20:03:28,288 INFO [org.junit.Test] zero0043
2016-08-04 20:03:28,288 INFO [org.junit.Test] zero0044
2016-08-04 20:03:28,288 INFO [org.junit.Test] zero0045
2016-08-04 20:03:28,288 INFO [org.junit.Test] zero0046
2016-08-04 20:03:28,288 INFO [org.junit.Test] zero0047
2016-08-04 20:03:28,288 INFO [org.junit.Test] zero0048
2016-08-04 20:03:28,288 INFO [org.junit.Test] zero0049
2016-08-04 20:03:28,288 INFO [org.junit.Test] zero0050
2016-08-04 20:03:28,288 INFO [org.junit.Test] zero0051
2016-08-04 20:03:28,288 INFO [org.junit.Test] zero0052
2016-08-04 20:03:28,288 INFO [org.junit.Test] zero0053
2016-08-04 20:03:28,288 INFO [org.junit.Test] zero0054
2016-08-04 20:03:28,288 INFO [org.junit.Test] zero0055
2016-08-04 20:03:28,288 INFO [org.junit.Test] zero0056
2016-08-04 20:03:28,288 INFO [org.junit.Test] zero0057
2016-08-04 20:03:28,288 INFO [org.junit.Test] zero0058
2016-08-04 20:03:28,288 INFO [org.junit.Test] zero0059
2016-08-04 20:03:28,288 INFO [org.junit.Test] zero0060
2016-08-04 20:03:28,288 INFO [org.junit.Test] zero0061
2016-08-04 20:03:28,288 INFO [org.junit.Test] zero0062
2016-08-04 20:03:28,288 INFO [org.junit.Test] zero0063
2016-08-04 20:03:28,288 INFO [org.junit.Test] zero0064
2016-08-04 20:03:28,288 INFO [org.junit.Test] zero0065
2016-08-04 20:03:28,288 INFO [org.junit.Test] zero0066
2016-08-04 20:03:28,288 INFO [org.junit.Test] zero0067
2016-08-04 20:03:28,288 INFO [org.junit.Test] zero0068
2016-08-04 20:03:28,288 INFO [org.junit.Test] zero0069
2016-08-04 20:03:28,288 INFO [org.junit.Test] zero0070
2016-08-04 20:03:28,288 INFO [org.junit.Test] zero0071
2016-08-04 20:03:28,288 INFO [org.junit.Test] zero0072
2016-08-04 20:03:28,288 INFO [org.junit.Test] zero0073
2016-08-04 20:03:28,288 INFO [org.junit.Test] zero0074
2016-08-04 20:03:28,288 INFO [org.junit.Test] zero0075
2016-08-04 20:03:28,288 INFO [org.junit.Test] zero0076
2016-08-04 20:03:28,288 INFO [org.junit.Test] zero0077
2016-08-04 20:03:28,288 INFO [org.junit.Test] zero0078
2016-08-04 20:03:28,288 INFO [org.junit.Test] zero0079
2016-08-04 20:03:28,288 INFO [org.junit.Test] zero0080
2016-08-04 20:03:28,288 INFO [org.junit.Test] zero0081
2016-08-04 20:03:28,288 INFO [org.junit.Test] zero0082
2016-08-04 20:03:28,288 INFO [org.junit.Test] zero0083
2016-08-04 20:03:28,288 INFO [org.junit.Test] zero0084
2016-08-04 20:03:28,288 INFO [org.junit.Test] zero0085
2016-08-04 20:03:28,288 INFO [org.junit.Test] zero0086
2016-08-04 20:03:28,288 INFO [org.junit.Test] zero0087
2016-08-04 20:03:28,288 INFO [org.junit.Test] zero0088
2016-08-04 20:03:28,288 INFO [org.junit.Test] zero0089
2016-08-04 20:03:28,288 INFO [org.junit.Test] zero0090
2016-08-04 20:03:28,288 INFO [org.junit.Test] zero0091
2016-08-04 20:03:28,288 INFO [org.junit.Test] zero0092
2016-08-04 20:03:28,288 INFO [org.junit.Test] zero0093
2016-08-04 20:03:28,288 INFO [org.junit.Test] zero0094
2016-08-04 20:03:28,288 INFO [org.junit.Test] zero0095
2016-08-04 20:03:28,288 INFO [org.junit.Test] zero0096
2016-08-04 20:03:28,288 INFO [org.junit.Test] zero0097
2016-08-04 20:03:28,288 INFO [org.junit.Test] zero0098
2016-08-04 20:03:28,288 INFO [org.junit.Test] zero0099
2016-08-04 20:03:28,288 INFO [org.junit.Test] zero00100
2016-08-04 20:03:28,288 INFO [org.junit.Test] zero00101
2016-08-04 20:03:28,288 INFO [org.junit.Test] zero00102
2016-08-04 20:03:28,288 INFO [org.junit.Test] zero00103
2016-08-04 20:03:28,288 INFO [org.junit.Test] zero00104
2016-08-04 20:03:28,288 INFO [org.junit.Test] zero00105
2016-08-04 20:03:28,288 INFO [org.junit.Test] zero00106
2016-08-04 20:03:28,288 INFO [org.junit.Test] zero00107
2016-08-04 20:03:28,288 INFO [org.junit.Test] zero00108
2016-08-04 20:03:28,288 INFO [org.junit.Test] zero00109
2016-08-04 20:03:28,288 INFO [org.junit.Test] zero00110
2016-08-04 20:03:28,288 INFO [org.junit.Test] zero00111
2016-08-04 20:03:28,288 INFO [org.junit.Test] zero00112
2016-08-04 20:03:28,288 INFO [org.junit.Test] zero00113
2016-08-04 20:03:28,288 INFO [org.junit.Test] zero00114
2016-08-04 20:03:28,288 INFO [org.junit.Test] zero00115
2016-08-04 20:03:28,288 INFO [org.junit.Test] zero00116
2016-08-04 20:03:28,288 INFO [org.junit.Test] zero00117
2016-08-04 20:03:28,288 INFO [org.junit.Test] zero00118
2016-08-04 20:03:28,288 INFO [org.junit.Test] zero00119
2016-08-04 20:03:28,288 INFO [org.junit.Test] zero00120
2016-08-04 20:03:28,288 INFO [org.junit.Test] zero00121
2016-08-04 20:03:28,288 INFO [org.junit.Test] zero00122
2016-08-04 20:03:28,288 INFO [org.junit.Test] zero00123
2016-08-04 20:03:28,288 INFO [org.junit.Test] zero00124
2016-08-04 20:03:28,288 INFO [org.junit.Test] zero00125
2016-08-04 20:03:28,288 INFO [org.junit.Test] zero00126
2016-08-04 20:03:28,288 INFO [org.junit.Test] zero00127
2016-08-04 20:03:28,288 INFO [org.junit.Test] zero00128
2016-08-04 20:03:28,288 INFO [org.junit.Test] zero00129
2016-08-04 20:03:28,288 INFO [org.junit.Test] zero00130
2016-08-04 20:03:28,288 INFO [org.junit.Test] zero00131
2016-08-04 20:03:28,288 INFO [org.junit.Test] zero00132
2016-08-04 20:03:28,288 INFO [org.junit.Test] zero00133
2016-08-04 20:03:28,288 INFO [org.junit.Test] zero00134
2016-08-04 20:03:28,289 INFO [org.junit.Test] zero00135
2016-08-04 20:03:28,289 INFO [org.junit.Test] zero00136
2016-08-04 20:03:28,289 INFO [org.junit.Test] zero00137
2016-08-04 20:03:28,289 INFO [org.junit.Test] zero00138
2016-08-04 20:03:28,289 INFO [org.junit.Test] zero00139
2016-08-04 20:03:28,289 INFO [org.junit.Test] zero00140
2016-08-04 20:03:28,289 INFO [org.junit.Test] zero00141
2016-08-04 20:03:28,289 INFO [org.junit.Test] zero00142
2016-08-04 20:03:28,289 INFO [org.junit.Test] zero00143
2016-08-04 20:03:28,289 INFO [org.junit.Test] zero00144
2016-08-04 20:03:28,289 INFO [org.junit.Test] zero00145
2016-08-04 20:03:28,289 INFO [org.junit.Test] zero00146
2016-08-04 20:03:28,289 INFO [org.junit.Test] zero00147
2016-08-04 20:03:28,289 INFO [org.junit.Test] zero00148
2016-08-04 20:03:28,289 INFO [org.junit.Test] zero00149
2016-08-04 20:03:28,289 INFO [org.junit.Test] zero00150
2016-08-04 20:03:28,289 INFO [org.junit.Test] zero00151
2016-08-04 20:03:28,289 INFO [org.junit.Test] zero00152
2016-08-04 20:03:28,289 INFO [org.junit.Test] zero00153
2016-08-04 20:03:28,289 INFO [org.junit.Test] zero00154
2016-08-04 20:03:28,289 INFO [org.junit.Test] zero00155
2016-08-04 20:03:28,289 INFO [org.junit.Test] zero00156
2016-08-04 20:03:28,289 INFO [org.junit.Test] zero00157
2016-08-04 20:03:28,289 INFO [org.junit.Test] zero00158
2016-08-04 20:03:28,289 INFO [org.junit.Test] zero00159
2016-08-04 20:03:28,289 INFO [org.junit.Test] zero00160
2016-08-04 20:03:28,289 INFO [org.junit.Test] zero00161
2016-08-04 20:03:28,289 INFO [org.junit.Test] zero00162
2016-08-04 20:03:28,289 INFO [org.junit.Test] zero00163
2016-08-04 20:03:28,289 INFO [org.junit.Test] zero00164
2016-08-04 20:03:28,289 INFO [org.junit.Test] zero00165
2016-08-04 20:03:28,289 INFO [org.junit.Test] zero00166
2016-08-04 20:03:28,289 INFO [org.junit.Test] zero00167
2016-08-04 20:03:28,289 INFO [org.junit.Test] zero00168
2016-08-04 20:03:28,289 INFO [org.junit.Test] zero00169
2016-08-04 20:03:28,289 INFO [org.junit.Test] zero00170
2016-08-04 20:03:28,289 INFO [org.junit.Test] zero00171
2016-08-04 20:03:28,289 INFO [org.junit.Test] zero00172
2016-08-04 20:03:28,289 INFO [org.junit.Test] zero00173
2016-08-04 20:03:28,289 INFO [org.junit.Test] zero00174
2016-08-04 20:03:28,289 INFO [org.junit.Test] zero00175
2016-08-04 20:03:28,289 INFO [org.junit.Test] zero00176
2016-08-04 20:03:28,289 INFO [org.junit.Test] zero00177
2016-08-04 20:03:28,289 INFO [org.junit.Test] zero00178
2016-08-04 20:03:28,289 INFO [org.junit.Test] zero00179
2016-08-04 20:03:28,289 INFO [org.junit.Test] zero00180
2016-08-04 20:03:28,289 INFO [org.junit.Test] zero00181
2016-08-04 20:03:28,289 INFO [org.junit.Test] zero00182
2016-08-04 20:03:28,289 INFO [org.junit.Test] zero00183
2016-08-04 20:03:28,289 INFO [org.junit.Test] zero00184
2016-08-04 20:03:28,289 INFO [org.junit.Test] zero00185
2016-08-04 20:03:28,289 INFO [org.junit.Test] zero00186
2016-08-04 20:03:28,289 INFO [org.junit.Test] zero00187
2016-08-04 20:03:28,289 INFO [org.junit.Test] zero00188
2016-08-04 20:03:28,289 INFO [org.junit.Test] zero00189
2016-08-04 20:03:28,289 INFO [org.junit.Test] zero00190
2016-08-04 20:03:28,289 INFO [org.junit.Test] zero00191
2016-08-04 20:03:28,289 INFO [org.junit.Test] zero00192
2016-08-04 20:03:28,289 INFO [org.junit.Test] zero00193
2016-08-04 20:03:28,289 INFO [org.junit.Test] zero00194
2016-08-04 20:03:28,289 INFO [org.junit.Test] zero00195
2016-08-04 20:03:28,289 INFO [org.junit.Test] zero00196
2016-08-04 20:03:28,289 INFO [org.junit.Test] zero00197
2016-08-04 20:03:28,289 INFO [org.junit.Test] zero00198
2016-08-04 20:03:28,289 INFO [org.junit.Test] zero00199
2016-08-04 20:03:28,289 INFO [org.junit.Test] zero00200
2016-08-04 20:03:28,289 INFO [org.junit.Test] zero00201
2016-08-04 20:03:28,289 INFO [org.junit.Test] zero00202
2016-08-04 20:03:28,289 INFO [org.junit.Test] zero00203
2016-08-04 20:03:28,289 INFO [org.junit.Test] zero00204
2016-08-04 20:03:28,289 INFO [org.junit.Test] zero00205
2016-08-04 20:03:28,289 INFO [org.junit.Test] zero00206
2016-08-04 20:03:28,289 INFO [org.junit.Test] zero00207
2016-08-04 20:03:28,289 INFO [org.junit.Test] zero00208
2016-08-04 20:03:28,289 INFO [org.junit.Test] zero00209
2016-08-04 20:03:28,289 INFO [org.junit.Test] zero00210
2016-08-04 20:03:28,289 INFO [org.junit.Test] zero00211
2016-08-04 20:03:28,289 INFO [org.junit.Test] zero00212
2016-08-04 20:03:28,289 INFO [org.junit.Test] zero00213
2016-08-04 20:03:28,289 INFO [org.junit.Test] zero00214
2016-08-04 20:03:28,289 INFO [org.junit.Test] zero00215
2016-08-04 20:03:28,289 INFO [org.junit.Test] zero00216
2016-08-04 20:03:28,289 INFO [org.junit.Test] zero00217
2016-08-04 20:03:28,289 INFO [org.junit.Test] zero00218
2016-08-04 20:03:28,289 INFO [org.junit.Test] zero00219
2016-08-04 20:03:28,289 INFO [org.junit.Test] zero00220
2016-08-04 20:03:28,289 INFO [org.junit.Test] zero00221
2016-08-04 20:03:28,289 INFO [org.junit.Test] zero00222
2016-08-04 20:03:28,289 INFO [org.junit.Test] zero00223
2016-08-04 20:03:28,289 INFO [org.junit.Test] zero00224
2016-08-04 20:03:28,289 INFO [org.junit.Test] zero00225
2016-08-04 20:03:28,289 INFO [org.junit.Test] zero00226
2016-08-04 20:03:28,289 INFO [org.junit.Test] zero00227
2016-08-04 20:03:28,289 INFO [org.junit.Test] zero00228
2016-08-04 20:03:28,289 INFO [org.junit.Test] zero00229
2016-08-04 20:03:28,289 INFO [org.junit.Test] zero00230
2016-08-04 20:03:28,289 INFO [org.junit.Test] zero00231
2016-08-04 20:03:28,289 INFO [org.junit.Test] zero00232
2016-08-04 20:03:28,289 INFO [org.junit.Test] zero00233
2016-08-04 20:03:28,289 INFO [org.junit.Test] zero00234
2016-08-04 20:03:28,289 INFO [org.junit.Test] zero00235
2016-08-04 20:03:28,289 INFO [org.junit.Test] zero00236
2016-08-04 20:03:28,289 INFO [org.junit.Test] zero00237
2016-08-04 20:03:28,289 INFO [org.junit.Test] zero00238
2016-08-04 20:03:28,289 INFO [org.junit.Test] zero00239
2016-08-04 20:03:28,289 INFO [org.junit.Test] zero00240
2016-08-04 20:03:28,289 INFO [org.junit.Test] zero00241
2016-08-04 20:03:28,289 INFO [org.junit.Test] zero00242
2016-08-04 20:03:28,289 INFO [org.junit.Test] zero00243
2016-08-04 20:03:28,289 INFO [org.junit.Test] zero00244
2016-08-04 20:03:28,289 INFO [org.junit.Test] zero00245
2016-08-04 20:03:28,289 INFO [org.junit.Test] zero00246
2016-08-04 20:03:28,289 INFO [org.junit.Test] zero00247
2016-08-04 20:03:28,289 INFO [org.junit.Test] zero00248
2016-08-04 20:03:28,289 INFO [org.junit.Test] zero00249
2016-08-04 20:03:28,289 INFO [org.junit.Test] zero00250
2016-08-04 20:03:28,289 INFO [org.junit.Test] zero00251
2016-08-04 20:03:28,289 INFO [org.junit.Test] zero00252
2016-08-04 20:03:28,289 INFO [org.junit.Test] zero00253
2016-08-04 20:03:28,289 INFO [org.junit.Test] zero00254
2016-08-04 20:03:28,289 INFO [org.junit.Test] zero00255
2016-08-04 20:03:28,289 INFO [org.junit.Test] zero00256
2016-08-04 20:03:28,289 INFO [org.junit.Test] zero00257
2016-08-04 20:03:28,289 INFO [org.junit.Test] zero00258
2016-08-04 20:03:28,289 INFO [org.junit.Test] zero00259
2016-08-04 20:03:28,289 INFO [org.junit.Test] zero00260
2016-08-04 20:03:28,289 INFO [org.junit.Test] zero00261
2016-08-04 20:03:28,289 INFO [org.junit.Test] zero00262
2016-08-04 20:03:28,289 INFO [org.junit.Test] zero00263
2016-08-04 20:03:28,289 INFO [org.junit.Test] zero00264
2016-08-04 20:03:28,289 INFO [org.junit.Test] zero00265
2016-08-04 20:03:28,289 INFO [org.junit.Test] zero00266
2016-08-04 20:03:28,289 INFO [org.junit.Test] zero00267
2016-08-04 20:03:28,289 INFO [org.junit.Test] zero00268
2016-08-04 20:03:28,289 INFO [org.junit.Test] zero00269
2016-08-04 20:03:28,289 INFO [org.junit.Test] zero00270
2016-08-04 20:03:28,289 INFO [org.junit.Test] zero00271
2016-08-04 20:03:28,289 INFO [org.junit.Test] zero00272
2016-08-04 20:03:28,289 INFO [org.junit.Test] zero00273
2016-08-04 20:03:28,289 INFO [org.junit.Test] zero00274
2016-08-04 20:03:28,289 INFO [org.junit.Test] zero00275
2016-08-04 20:03:28,289 INFO [org.junit.Test] zero00276
2016-08-04 20:03:28,289 INFO [org.junit.Test] zero00277
2016-08-04 20:03:28,289 INFO [org.junit.Test] zero00278
2016-08-04 20:03:28,289 INFO [org.junit.Test] zero00279
2016-08-04 20:03:28,289 INFO [org.junit.Test] zero00280
2016-08-04 20:03:28,289 INFO [org.junit.Test] zero00281
2016-08-04 20:03:28,289 INFO [org.junit.Test] zero00282
2016-08-04 20:03:28,289 INFO [org.junit.Test] zero00283
2016-08-04 20:03:28,289 INFO [org.junit.Test] zero00284
2016-08-04 20:03:28,289 INFO [org.junit.Test] zero00285
2016-08-04 20:03:28,289 INFO [org.junit.Test] zero00286
2016-08-04 20:03:28,289 INFO [org.junit.Test] zero00287
2016-08-04 20:03:28,289 INFO [org.junit.Test] zero00288
2016-08-04 20:03:28,289 INFO [org.junit.Test] zero00289
2016-08-04 20:03:28,289 INFO [org.junit.Test] zero00290
2016-08-04 20:03:28,289 INFO [org.junit.Test] zero00291
2016-08-04 20:03:28,289 INFO [org.junit.Test] zero00292
2016-08-04 20:03:28,289 INFO [org.junit.Test] zero00293
2016-08-04 20:03:28,289 INFO [org.junit.Test] zero00294
2016-08-04 20:03:28,289 INFO [org.junit.Test] zero00295
2016-08-04 20:03:28,289 INFO [org.junit.Test] zero00296
2016-08-04 20:03:28,289 INFO [org.junit.Test] zero00297
2016-08-04 20:03:28,289 INFO [org.junit.Test] zero00298
2016-08-04 20:03:28,289 INFO [org.junit.Test] zero00299
2016-08-04 20:03:28,289 INFO [org.junit.Test] zero00300
2016-08-04 20:03:28,289 INFO [org.junit.Test] zero00301
2016-08-04 20:03:28,289 INFO [org.junit.Test] zero00302
2016-08-04 20:03:28,289 INFO [org.junit.Test] zero00303
2016-08-04 20:03:28,289 INFO [org.junit.Test] zero00304
2016-08-04 20:03:28,289 INFO [org.junit.Test] zero00305
2016-08-04 20:03:28,289 INFO [org.junit.Test] zero00306
2016-08-04 20:03:28,289 INFO [org.junit.Test] zero00307
2016-08-04 20:03:28,289 INFO [org.junit.Test] zero00308
2016-08-04 20:03:28,289 INFO [org.junit.Test] zero00309
2016-08-04 20:03:28,289 INFO [org.junit.Test] zero00310
2016-08-04 20:03:28,289 INFO [org.junit.Test] zero00311
2016-08-04 20:03:28,289 INFO [org.junit.Test] zero00312
2016-08-04 20:03:28,289 INFO [org.junit.Test] zero00313
2016-08-04 20:03:28,289 INFO [org.junit.Test] zero00314
2016-08-04 20:03:28,289 INFO [org.junit.Test] zero00315
2016-08-04 20:03:28,289 INFO [org.junit.Test] zero00316
2016-08-04 20:03:28,289 INFO [org.junit.Test] zero00317
2016-08-04 20:03:28,289 INFO [org.junit.Test] zero00318
2016-08-04 20:03:28,289 INFO [org.junit.Test] zero00319
2016-08-04 20:03:28,289 INFO [org.junit.Test] zero00320
2016-08-04 20:03:28,289 INFO [org.junit.Test] zero00321
2016-08-04 20:03:28,289 INFO [org.junit.Test] zero00322
2016-08-04 20:03:28,289 INFO [org.junit.Test] zero00323
2016-08-04 20:03:28,289 INFO [org.junit.Test] zero00324
2016-08-04 20:03:28,289 INFO [org.junit.Test] zero00325
2016-08-04 20:03:28,289 INFO [org.junit.Test] zero00326
2016-08-04 20:03:28,289 INFO [org.junit.Test] zero00327
2016-08-04 20:03:28,289 INFO [org.junit.Test] zero00328
2016-08-04 20:03:28,289 INFO [org.junit.Test] zero00329
2016-08-04 20:03:28,289 INFO [org.junit.Test] zero00330
2016-08-04 20:03:28,289 INFO [org.junit.Test] zero00331
2016-08-04 20:03:28,289 INFO [org.junit.Test] zero00332
2016-08-04 20:03:28,289 INFO [org.junit.Test] zero00333
2016-08-04 20:03:28,289 INFO [org.junit.Test] zero00334
2016-08-04 20:03:28,289 INFO [org.junit.Test] zero00335
2016-08-04 20:03:28,289 INFO [org.junit.Test] zero00336
2016-08-04 20:03:28,289 INFO [org.junit.Test] zero00337
2016-08-04 20:03:28,289 INFO [org.junit.Test] zero00338
2016-08-04 20:03:28,289 INFO [org.junit.Test] zero00339
2016-08-04 20:03:28,289 INFO [org.junit.Test] zero00340
2016-08-04 20:03:28,289 INFO [org.junit.Test] zero00341
2016-08-04 20:03:28,289 INFO [org.junit.Test] zero00342
2016-08-04 20:03:28,289 INFO [org.junit.Test] zero00343
2016-08-04 20:03:28,289 INFO [org.junit.Test] zero00344
2016-08-04 20:03:28,289 INFO [org.junit.Test] zero00345
2016-08-04 20:03:28,289 INFO [org.junit.Test] zero00346
2016-08-04 20:03:28,289 INFO [org.junit.Test] zero00347
2016-08-04 20:03:28,289 INFO [org.junit.Test] zero00348
2016-08-04 20:03:28,289 INFO [org.junit.Test] zero00349
2016-08-04 20:03:28,289 INFO [org.junit.Test] zero00350
2016-08-04 20:03:28,289 INFO [org.junit.Test] zero00351
2016-08-04 20:03:28,289 INFO [org.junit.Test] zero00352
2016-08-04 20:03:28,289 INFO [org.junit.Test] zero00353
2016-08-04 20:03:28,289 INFO [org.junit.Test] zero00354
2016-08-04 20:03:28,289 INFO [org.junit.Test] zero00355
2016-08-04 20:03:28,289 INFO [org.junit.Test] zero00356
2016-08-04 20:03:28,289 INFO [org.junit.Test] zero00357
2016-08-04 20:03:28,289 INFO [org.junit.Test] zero00358
2016-08-04 20:03:28,289 INFO [org.junit.Test] zero00359
2016-08-04 20:03:28,289 INFO [org.junit.Test] zero00360
2016-08-04 20:03:28,289 INFO [org.junit.Test] zero00361
2016-08-04 20:03:28,289 INFO [org.junit.Test] zero00362
2016-08-04 20:03:28,289 INFO [org.junit.Test] zero00363
2016-08-04 20:03:28,289 INFO [org.junit.Test] zero00364
2016-08-04 20:03:28,289 INFO [org.junit.Test] zero00365
2016-08-04 20:03:28,289 INFO [org.junit.Test] zero00366
2016-08-04 20:03:28,289 INFO [org.junit.Test] zero00367
2016-08-04 20:03:28,289 INFO [org.junit.Test] zero00368
2016-08-04 20:03:28,289 INFO [org.junit.Test] zero00369
2016-08-04 20:03:28,289 INFO [org.junit.Test] zero00370
2016-08-04 20:03:28,289 INFO [org.junit.Test] zero00371
2016-08-04 20:03:28,289 INFO [org.junit.Test] zero00372
2016-08-04 20:03:28,289 INFO [org.junit.Test] zero00373
2016-08-04 20:03:28,289 INFO [org.junit.Test] zero00374
2016-08-04 20:03:28,289 INFO [org.junit.Test] zero00375
2016-08-04 20:03:28,289 INFO [org.junit.Test] zero00376
2016-08-04 20:03:28,289 INFO [org.junit.Test] zero00377
2016-08-04 20:03:28,289 INFO [org.junit.Test] zero00378
2016-08-04 20:03:28,289 INFO [org.junit.Test] zero00379
2016-08-04 20:03:28,289 INFO [org.junit.Test] zero00380
2016-08-04 20:03:28,289 INFO [org.junit.Test] zero00381
2016-08-04 20:03:28,289 INFO [org.junit.Test] zero00382
2016-08-04 20:03:28,289 INFO [org.junit.Test] zero00383
2016-08-04 20:03:28,289 INFO [org.junit.Test] zero00384
2016-08-04 20:03:28,289 INFO [org.junit.Test] zero00385
2016-08-04 20:03:28,289 INFO [org.junit.Test] zero00386
2016-08-04 20:03:28,289 INFO [org.junit.Test] zero00387
2016-08-04 20:03:28,289 INFO [org.junit.Test] zero00388
2016-08-04 20:03:28,289 INFO [org.junit.Test] zero00389
2016-08-04 20:03:28,289 INFO [org.junit.Test] zero00390
2016-08-04 20:03:28,289 INFO [org.junit.Test] zero00391
2016-08-04 20:03:28,289 INFO [org.junit.Test] zero00392
2016-08-04 20:03:28,289 INFO [org.junit.Test] zero00393
2016-08-04 20:03:28,289 INFO [org.junit.Test] zero00394
2016-08-04 20:03:28,289 INFO [org.junit.Test] zero00395
2016-08-04 20:03:28,289 INFO [org.junit.Test] zero00396
2016-08-04 20:03:28,289 INFO [org.junit.Test] zero00397
2016-08-04 20:03:28,289 INFO [org.junit.Test] zero00398
2016-08-04 20:03:28,289 INFO [org.junit.Test] zero00399
2016-08-04 20:03:28,289 INFO [org.junit.Test] zero00400
2016-08-04 20:03:28,289 INFO [org.junit.Test] zero00401
2016-08-04 20:03:28,289 INFO [org.junit.Test] zero00402
2016-08-04 20:03:28,289 INFO [org.junit.Test] zero00403
2016-08-04 20:03:28,289 INFO [org.junit.Test] zero00404
2016-08-04 20:03:28,289 INFO [org.junit.Test] zero00405
2016-08-04 20:03:28,289 INFO [org.junit.Test] zero00406
2016-08-04 20:03:28,289 INFO [org.junit.Test] zero00407
2016-08-04 20:03:28,289 INFO [org.junit.Test] zero00408
2016-08-04 20:03:28,289 INFO [org.junit.Test] zero00409
2016-08-04 20:03:28,289 INFO [org.junit.Test] zero00410
2016-08-04 20:03:28,289 INFO [org.junit.Test] zero00411
2016-08-04 20:03:28,289 INFO [org.junit.Test] zero00412
2016-08-04 20:03:28,289 INFO [org.junit.Test] zero00413
2016-08-04 20:03:28,289 INFO [org.junit.Test] zero00414
2016-08-04 20:03:28,289 INFO [org.junit.Test] zero00415
2016-08-04 20:03:28,289 INFO [org.junit.Test] zero00416
2016-08-04 20:03:28,289 INFO [org.junit.Test] zero00417
2016-08-04 20:03:28,289 INFO [org.junit.Test] zero00418
2016-08-04 20:03:28,289 INFO [org.junit.Test] zero00419
2016-08-04 20:03:28,289 INFO [org.junit.Test] zero00420
2016-08-04 20:03:28,289 INFO [org.junit.Test] zero00421
2016-08-04 20:03:28,289 INFO [org.junit.Test] zero00422
2016-08-04 20:03:28,289 INFO [org.junit.Test] zero00423
2016-08-04 20:03:28,289 INFO [org.junit.Test] zero00424
2016-08-04 20:03:28,289 INFO [org.junit.Test] zero00425
2016-08-04 20:03:28,289 INFO [org.junit.Test] zero00426
2016-08-04 20:03:28,290 INFO [org.junit.Test] zero00427
2016-08-04 20:03:28,290 INFO [org.junit.Test] zero00428
2016-08-04 20:03:28,290 INFO [org.junit.Test] zero00429
2016-08-04 20:03:28,290 INFO [org.junit.Test] zero00430
2016-08-04 20:03:28,290 INFO [org.junit.Test] zero00431
2016-08-04 20:03:28,290 INFO [org.junit.Test] zero00432
2016-08-04 20:03:28,290 INFO [org.junit.Test] zero00433
2016-08-04 20:03:28,290 INFO [org.junit.Test] zero00434
2016-08-04 20:03:28,290 INFO [org.junit.Test] zero00435
2016-08-04 20:03:28,290 INFO [org.junit.Test] zero00436
2016-08-04 20:03:28,290 INFO [org.junit.Test] zero00437
2016-08-04 20:03:28,290 INFO [org.junit.Test] zero00438
2016-08-04 20:03:28,290 INFO [org.junit.Test] zero00439
2016-08-04 20:03:28,290 INFO [org.junit.Test] zero00440
2016-08-04 20:03:28,290 INFO [org.junit.Test] zero00441
2016-08-04 20:03:28,290 INFO [org.junit.Test] zero00442
2016-08-04 20:03:28,290 INFO [org.junit.Test] zero00443
2016-08-04 20:03:28,290 INFO [org.junit.Test] zero00444
2016-08-04 20:03:28,290 INFO [org.junit.Test] zero00445
2016-08-04 20:03:28,290 INFO [org.junit.Test] zero00446
2016-08-04 20:03:28,290 INFO [org.junit.Test] zero00447
2016-08-04 20:03:28,290 INFO [org.junit.Test] zero00448
2016-08-04 20:03:28,290 INFO [org.junit.Test] zero00449
2016-08-04 20:03:28,290 INFO [org.junit.Test] zero00450
2016-08-04 20:03:28,290 INFO [org.junit.Test] zero00451
2016-08-04 20:03:28,290 INFO [org.junit.Test] zero00452
2016-08-04 20:03:28,290 INFO [org.junit.Test] zero00453
2016-08-04 20:03:28,290 INFO [org.junit.Test] zero00454
2016-08-04 20:03:28,290 INFO [org.junit.Test] zero00455
2016-08-04 20:03:28,290 INFO [org.junit.Test] zero00456
2016-08-04 20:03:28,290 INFO [org.junit.Test] zero00457
2016-08-04 20:03:28,290 INFO [org.junit.Test] zero00458
2016-08-04 20:03:28,290 INFO [org.junit.Test] zero00459
2016-08-04 20:03:28,290 INFO [org.junit.Test] zero00460
2016-08-04 20:03:28,290 INFO [org.junit.Test] zero00461
2016-08-04 20:03:28,290 INFO [org.junit.Test] zero00462
2016-08-04 20:03:28,290 INFO [org.junit.Test] zero00463
2016-08-04 20:03:28,290 INFO [org.junit.Test] zero00464
2016-08-04 20:03:28,290 INFO [org.junit.Test] zero00465
2016-08-04 20:03:28,290 INFO [org.junit.Test] zero00466
2016-08-04 20:03:28,290 INFO [org.junit.Test] zero00467
2016-08-04 20:03:28,290 INFO [org.junit.Test] zero00468
2016-08-04 20:03:28,290 INFO [org.junit.Test] zero00469
2016-08-04 20:03:28,290 INFO [org.junit.Test] zero00470
2016-08-04 20:03:28,290 INFO [org.junit.Test] zero00471
2016-08-04 20:03:28,290 INFO [org.junit.Test] zero00472
2016-08-04 20:03:28,290 INFO [org.junit.Test] zero00473
2016-08-04 20:03:28,290 INFO [org.junit.Test] zero00474
2016-08-04 20:03:28,290 INFO [org.junit.Test] zero00475
2016-08-04 20:03:28,290 INFO [org.junit.Test] zero00476
2016-08-04 20:03:28,290 INFO [org.junit.Test] zero00477
2016-08-04 20:03:28,290 INFO [org.junit.Test] zero00478
2016-08-04 20:03:28,290 INFO [org.junit.Test] zero00479
2016-08-04 20:03:28,290 INFO [org.junit.Test] zero00480
2016-08-04 20:03:28,290 INFO [org.junit.Test] zero00481
2016-08-04 20:03:28,290 INFO [org.junit.Test] zero00482
2016-08-04 20:03:28,290 INFO [org.junit.Test] zero00483
2016-08-04 20:03:28,290 INFO [org.junit.Test] zero00484
2016-08-04 20:03:28,290 INFO [org.junit.Test] zero00485
2016-08-04 20:03:28,290 INFO [org.junit.Test] zero00486
2016-08-04 20:03:28,290 INFO [org.junit.Test] zero00487
2016-08-04 20:03:28,290 INFO [org.junit.Test] zero00488
2016-08-04 20:03:28,290 INFO [org.junit.Test] zero00489
2016-08-04 20:03:28,290 INFO [org.junit.Test] zero00490
2016-08-04 20:03:28,290 INFO [org.junit.Test] zero00491
2016-08-04 20:03:28,290 INFO [org.junit.Test] zero00492
2016-08-04 20:03:28,290 INFO [org.junit.Test] zero00493
2016-08-04 20:03:28,290 INFO [org.junit.Test] zero00494
2016-08-04 20:03:28,290 INFO [org.junit.Test] zero00495
2016-08-04 20:03:28,290 INFO [org.junit.Test] zero00496
2016-08-04 20:03:28,290 INFO [org.junit.Test] zero00497
2016-08-04 20:03:28,290 INFO [org.junit.Test] zero00498
2016-08-04 20:03:28,290 INFO [org.junit.Test] zero00499
2016-08-04 20:03:28,290 INFO [org.junit.Test] zero00500
2016-08-04 20:03:28,290 INFO [org.junit.Test] zero00501
2016-08-04 20:03:28,290 INFO [org.junit.Test] zero00502
2016-08-04 20:03:28,290 INFO [org.junit.Test] zero00503
2016-08-04 20:03:28,290 INFO [org.junit.Test] zero00504
2016-08-04 20:03:28,290 INFO [org.junit.Test] zero00505
2016-08-04 20:03:28,290 INFO [org.junit.Test] zero00506
2016-08-04 20:03:28,290 INFO [org.junit.Test] zero00507
2016-08-04 20:03:28,290 INFO [org.junit.Test] zero00508
2016-08-04 20:03:28,290 INFO [org.junit.Test] zero00509
2016-08-04 20:03:28,290 INFO [org.junit.Test] zero00510
2016-08-04 20:03:28,290 INFO [org.junit.Test] zero00511
2016-08-04 20:03:28,290 INFO [org.junit.Test] zero00512
2016-08-04 20:03:28,290 INFO [org.junit.Test] zero00513
2016-08-04 20:03:28,290 INFO [org.junit.Test] zero00514
2016-08-04 20:03:28,290 INFO [org.junit.Test] zero00515
2016-08-04 20:03:28,290 INFO [org.junit.Test] zero00516
2016-08-04 20:03:28,290 INFO [org.junit.Test] zero00517
2016-08-04 20:03:28,290 INFO [org.junit.Test] zero00518
2016-08-04 20:03:28,290 INFO [org.junit.Test] zero00519
2016-08-04 20:03:28,290 INFO [org.junit.Test] zero00520
2016-08-04 20:03:28,290 INFO [org.junit.Test] zero00521
2016-08-04 20:03:28,290 INFO [org.junit.Test] zero00522
2016-08-04 20:03:28,290 INFO [org.junit.Test] zero00523
2016-08-04 20:03:28,290 INFO [org.junit.Test] zero00524
2016-08-04 20:03:28,290 INFO [org.junit.Test] zero00525
2016-08-04 20:03:28,290 INFO [org.junit.Test] zero00526
2016-08-04 20:03:28,290 INFO [org.junit.Test] zero00527
2016-08-04 20:03:28,290 INFO [org.junit.Test] zero00528
2016-08-04 20:03:28,290 INFO [org.junit.Test] zero00529
2016-08-04 20:03:28,290 INFO [org.junit.Test] zero00530
2016-08-04 20:03:28,290 INFO [org.junit.Test] zero00531
2016-08-04 20:03:28,290 INFO [org.junit.Test] zero00532
2016-08-04 20:03:28,290 INFO [org.junit.Test] zero00533
2016-08-04 20:03:28,290 INFO [org.junit.Test] zero00534
2016-08-04 20:03:28,290 INFO [org.junit.Test] zero00535
2016-08-04 20:03:28,290 INFO [org.junit.Test] zero00536
2016-08-04 20:03:28,290 INFO [org.junit.Test] zero00537
2016-08-04 20:03:28,290 INFO [org.junit.Test] zero00538
2016-08-04 20:03:28,290 INFO [org.junit.Test] zero00539
2016-08-04 20:03:28,290 INFO [org.junit.Test] zero00540
2016-08-04 20:03:28,290 INFO [org.junit.Test] zero00541
2016-08-04 20:03:28,290 INFO [org.junit.Test] zero00542
2016-08-04 20:03:28,290 INFO [org.junit.Test] zero00543
2016-08-04 20:03:28,290 INFO [org.junit.Test] zero00544
2016-08-04 20:03:28,290 INFO [org.junit.Test] zero00545
2016-08-04 20:03:28,290 INFO [org.junit.Test] zero00546
2016-08-04 20:03:28,290 INFO [org.junit.Test] zero00547
2016-08-04 20:03:28,290 INFO [org.junit.Test] zero00548
2016-08-04 20:03:28,290 INFO [org.junit.Test] zero00549
2016-08-04 20:03:28,290 INFO [org.junit.Test] zero00550
2016-08-04 20:03:28,290 INFO [org.junit.Test] zero00551
2016-08-04 20:03:28,290 INFO [org.junit.Test] zero00552
2016-08-04 20:03:28,290 INFO [org.junit.Test] zero00553
2016-08-04 20:03:28,290 INFO [org.junit.Test] zero00554
2016-08-04 20:03:28,290 INFO [org.junit.Test] zero00555
2016-08-04 20:03:28,290 INFO [org.junit.Test] zero00556
2016-08-04 20:03:28,290 INFO [org.junit.Test] zero00557
2016-08-04 20:03:28,290 INFO [org.junit.Test] zero00558
2016-08-04 20:03:28,290 INFO [org.junit.Test] zero00559
2016-08-04 20:03:28,290 INFO [org.junit.Test] zero00560
2016-08-04 20:03:28,290 INFO [org.junit.Test] zero00561
2016-08-04 20:03:28,290 INFO [org.junit.Test] zero00562
2016-08-04 20:03:28,290 INFO [org.junit.Test] zero00563
2016-08-04 20:03:28,290 INFO [org.junit.Test] zero00564
2016-08-04 20:03:28,290 INFO [org.junit.Test] zero00565
2016-08-04 20:03:28,290 INFO [org.junit.Test] zero00566
2016-08-04 20:03:28,290 INFO [org.junit.Test] zero00567
2016-08-04 20:03:28,290 INFO [org.junit.Test] zero00568
2016-08-04 20:03:28,290 INFO [org.junit.Test] zero00569
2016-08-04 20:03:28,290 INFO [org.junit.Test] zero00570
2016-08-04 20:03:28,290 INFO [org.junit.Test] zero00571
2016-08-04 20:03:28,290 INFO [org.junit.Test] zero00572
2016-08-04 20:03:28,290 INFO [org.junit.Test] zero00573
2016-08-04 20:03:28,290 INFO [org.junit.Test] zero00574
2016-08-04 20:03:28,290 INFO [org.junit.Test] zero00575
2016-08-04 20:03:28,290 INFO [org.junit.Test] zero00576
2016-08-04 20:03:28,290 INFO [org.junit.Test] zero00577
2016-08-04 20:03:28,290 INFO [org.junit.Test] zero00578
2016-08-04 20:03:28,290 INFO [org.junit.Test] zero00579
2016-08-04 20:03:28,290 INFO [org.junit.Test] zero00580
2016-08-04 20:03:28,290 INFO [org.junit.Test] zero00581
2016-08-04 20:03:28,290 INFO [org.junit.Test] zero00582
2016-08-04 20:03:28,290 INFO [org.junit.Test] zero00583
2016-08-04 20:03:28,290 INFO [org.junit.Test] zero00584
2016-08-04 20:03:28,290 INFO [org.junit.Test] zero00585
2016-08-04 20:03:28,290 INFO [org.junit.Test] zero00586
2016-08-04 20:03:28,290 INFO [org.junit.Test] zero00587
2016-08-04 20:03:28,290 INFO [org.junit.Test] zero00588
2016-08-04 20:03:28,290 INFO [org.junit.Test] zero00589
2016-08-04 20:03:28,290 INFO [org.junit.Test] zero00590
2016-08-04 20:03:28,290 INFO [org.junit.Test] zero00591
2016-08-04 20:03:28,290 INFO [org.junit.Test] zero00592
2016-08-04 20:03:28,290 INFO [org.junit.Test] zero00593
2016-08-04 20:03:28,290 INFO [org.junit.Test] zero00594
2016-08-04 20:03:28,290 INFO [org.junit.Test] zero00595
2016-08-04 20:03:28,290 INFO [org.junit.Test] zero00596
2016-08-04 20:03:28,290 INFO [org.junit.Test] zero00597
2016-08-04 20:03:28,290 INFO [org.junit.Test] zero00598
2016-08-04 20:03:28,290 INFO [org.junit.Test] zero00599
2016-08-04 20:03:28,290 INFO [org.junit.Test] zero00600
2016-08-04 20:03:28,290 INFO [org.junit.Test] zero00601
2016-08-04 20:03:28,290 INFO [org.junit.Test] zero00602
2016-08-04 20:03:28,290 INFO [org.junit.Test] zero00603
2016-08-04 20:03:28,290 INFO [org.junit.Test] zero00604
2016-08-04 20:03:28,290 INFO [org.junit.Test] zero00605
2016-08-04 20:03:28,290 INFO [org.junit.Test] zero00606
2016-08-04 20:03:28,290 INFO [org.junit.Test] zero00607
2016-08-04 20:03:28,290 INFO [org.junit.Test] zero00608
2016-08-04 20:03:28,290 INFO [org.junit.Test] zero00609
2016-08-04 20:03:28,290 INFO [org.junit.Test] zero00610
2016-08-04 20:03:28,290 INFO [org.junit.Test] zero00611
2016-08-04 20:03:28,290 INFO [org.junit.Test] zero00612
2016-08-04 20:03:28,290 INFO [org.junit.Test] zero00613
2016-08-04 20:03:28,290 INFO [org.junit.Test] zero00614
2016-08-04 20:03:28,290 INFO [org.junit.Test] zero00615
2016-08-04 20:03:28,290 INFO [org.junit.Test] zero00616
2016-08-04 20:03:28,290 INFO [org.junit.Test] zero00617
2016-08-04 20:03:28,290 INFO [org.junit.Test] zero00618
2016-08-04 20:03:28,290 INFO [org.junit.Test] zero00619
2016-08-04 20:03:28,290 INFO [org.junit.Test] zero00620
2016-08-04 20:03:28,290 INFO [org.junit.Test] zero00621
2016-08-04 20:03:28,290 INFO [org.junit.Test] zero00622
2016-08-04 20:03:28,290 INFO [org.junit.Test] zero00623
2016-08-04 20:03:28,290 INFO [org.junit.Test] zero00624
2016-08-04 20:03:28,290 INFO [org.junit.Test] zero00625
2016-08-04 20:03:28,290 INFO [org.junit.Test] zero00626
2016-08-04 20:03:28,290 INFO [org.junit.Test] zero00627
2016-08-04 20:03:28,290 INFO [org.junit.Test] zero00628
2016-08-04 20:03:28,290 INFO [org.junit.Test] zero00629
2016-08-04 20:03:28,290 INFO [org.junit.Test] zero00630
2016-08-04 20:03:28,290 INFO [org.junit.Test] zero00631
2016-08-04 20:03:28,290 INFO [org.junit.Test] zero00632
2016-08-04 20:03:28,290 INFO [org.junit.Test] zero00633
2016-08-04 20:03:28,290 INFO [org.junit.Test] zero00634
2016-08-04 20:03:28,290 INFO [org.junit.Test] zero00635
2016-08-04 20:03:28,290 INFO [org.junit.Test] zero00636
2016-08-04 20:03:28,290 INFO [org.junit.Test] zero00637
2016-08-04 20:03:28,290 INFO [org.junit.Test] zero00638
2016-08-04 20:03:28,290 INFO [org.junit.Test] zero00639
2016-08-04 20:03:28,290 INFO [org.junit.Test] zero00640
2016-08-04 20:03:28,290 INFO [org.junit.Test] zero00641
2016-08-04 20:03:28,290 INFO [org.junit.Test] zero00642
2016-08-04 20:03:28,290 INFO [org.junit.Test] zero00643
2016-08-04 20:03:28,290 INFO [org.junit.Test] zero00644
2016-08-04 20:03:28,290 INFO [org.junit.Test] zero00645
2016-08-04 20:03:28,290 INFO [org.junit.Test] zero00646
2016-08-04 20:03:28,290 INFO [org.junit.Test] zero00647
2016-08-04 20:03:28,290 INFO [org.junit.Test] zero00648
2016-08-04 20:03:28,290 INFO [org.junit.Test] zero00649
2016-08-04 20:03:28,290 INFO [org.junit.Test] zero00650
2016-08-04 20:03:28,290 INFO [org.junit.Test] zero00651
2016-08-04 20:03:28,290 INFO [org.junit.Test] zero00652
2016-08-04 20:03:28,290 INFO [org.junit.Test] zero00653
2016-08-04 20:03:28,290 INFO [org.junit.Test] zero00654
2016-08-04 20:03:28,290 INFO [org.junit.Test] zero00655
2016-08-04 20:03:28,290 INFO [org.junit.Test] zero00656
2016-08-04 20:03:28,290 INFO [org.junit.Test] zero00657
2016-08-04 20:03:28,290 INFO [org.junit.Test] zero00658
2016-08-04 20:03:28,290 INFO [org.junit.Test] zero00659
2016-08-04 20:03:28,290 INFO [org.junit.Test] zero00660
2016-08-04 20:03:28,290 INFO [org.junit.Test] zero00661
2016-08-04 20:03:28,290 INFO [org.junit.Test] zero00662
2016-08-04 20:03:28,290 INFO [org.junit.Test] zero00663
2016-08-04 20:03:28,290 INFO [org.junit.Test] zero00664
2016-08-04 20:03:28,290 INFO [org.junit.Test] zero00665
2016-08-04 20:03:28,290 INFO [org.junit.Test] zero00666
2016-08-04 20:03:28,290 INFO [org.junit.Test] zero00667
2016-08-04 20:03:28,290 INFO [org.junit.Test] zero00668
2016-08-04 20:03:28,290 INFO [org.junit.Test] zero00669
2016-08-04 20:03:28,290 INFO [org.junit.Test] zero00670
2016-08-04 20:03:28,290 INFO [org.junit.Test] zero00671
2016-08-04 20:03:28,290 INFO [org.junit.Test] zero00672
2016-08-04 20:03:28,290 INFO [org.junit.Test] zero00673
2016-08-04 20:03:28,290 INFO [org.junit.Test] zero00674
2016-08-04 20:03:28,290 INFO [org.junit.Test] zero00675
2016-08-04 20:03:28,290 INFO [org.junit.Test] zero00676
2016-08-04 20:03:28,290 INFO [org.junit.Test] zero00677
2016-08-04 20:03:28,290 INFO [org.junit.Test] zero00678
2016-08-04 20:03:28,290 INFO [org.junit.Test] zero00679
2016-08-04 20:03:28,290 INFO [org.junit.Test] zero00680
2016-08-04 20:03:28,290 INFO [org.junit.Test] zero00681
2016-08-04 20:03:28,290 INFO [org.junit.Test] zero00682
2016-08-04 20:03:28,290 INFO [org.junit.Test] zero00683
2016-08-04 20:03:28,290 INFO [org.junit.Test] zero00684
2016-08-04 20:03:28,290 INFO [org.junit.Test] zero00685
2016-08-04 20:03:28,290 INFO [org.junit.Test] zero00686
2016-08-04 20:03:28,290 INFO [org.junit.Test] zero00687
2016-08-04 20:03:28,290 INFO [org.junit.Test] zero00688
2016-08-04 20:03:28,290 INFO [org.junit.Test] zero00689
2016-08-04 20:03:28,290 INFO [org.junit.Test] zero00690
2016-08-04 20:03:28,290 INFO [org.junit.Test] zero00691
2016-08-04 20:03:28,290 INFO [org.junit.Test] zero00692
2016-08-04 20:03:28,290 INFO [org.junit.Test] zero00693
2016-08-04 20:03:28,290 INFO [org.junit.Test] zero00694
2016-08-04 20:03:28,290 INFO [org.junit.Test] zero00695
2016-08-04 20:03:28,290 INFO [org.junit.Test] zero00696
2016-08-04 20:03:28,290 INFO [org.junit.Test] zero00697
2016-08-04 20:03:28,290 INFO [org.junit.Test] zero00698
2016-08-04 20:03:28,290 INFO [org.junit.Test] zero00699
2016-08-04 20:03:28,290 INFO [org.junit.Test] zero00700
2016-08-04 20:03:28,290 INFO [org.junit.Test] zero00701
2016-08-04 20:03:28,290 INFO [org.junit.Test] zero00702
2016-08-04 20:03:28,290 INFO [org.junit.Test] zero00703
2016-08-04 20:03:28,290 INFO [org.junit.Test] zero00704
2016-08-04 20:03:28,290 INFO [org.junit.Test] zero00705
2016-08-04 20:03:28,290 INFO [org.junit.Test] zero00706
2016-08-04 20:03:28,290 INFO [org.junit.Test] zero00707
2016-08-04 20:03:28,290 INFO [org.junit.Test] zero00708
2016-08-04 20:03:28,290 INFO [org.junit.Test] zero00709
2016-08-04 20:03:28,290 INFO [org.junit.Test] zero00710
2016-08-04 20:03:28,290 INFO [org.junit.Test] zero00711
2016-08-04 20:03:28,290 INFO [org.junit.Test] zero00712
2016-08-04 20:03:28,290 INFO [org.junit.Test] zero00713
2016-08-04 20:03:28,290 INFO [org.junit.Test] zero00714
2016-08-04 20:03:28,290 INFO [org.junit.Test] zero00715
2016-08-04 20:03:28,290 INFO [org.junit.Test] zero00716
2016-08-04 20:03:28,290 INFO [org.junit.Test] zero00717
2016-08-04 20:03:28,290 INFO [org.junit.Test] zero00718
2016-08-04 20:03:28,290 INFO [org.junit.Test] zero00719
2016-08-04 20:03:28,290 INFO [org.junit.Test] zero00720
2016-08-04 20:03:28,290 INFO [org.junit.Test] zero00721
2016-08-04 20:03:28,290 INFO [org.junit.Test] zero00722
2016-08-04 20:03:28,290 INFO [org.junit.Test] zero00723
2016-08-04 20:03:28,290 INFO [org.junit.Test] zero00724
2016-08-04 20:03:28,290 INFO [org.junit.Test] zero00725
2016-08-04 20:03:28,290 INFO [org.junit.Test] zero00726
2016-08-04 20:03:28,290 INFO [org.junit.Test] zero00727
2016-08-04 20:03:28,290 INFO [org.junit.Test] zero00728
2016-08-04 20:03:28,290 INFO [org.junit.Test] zero00729
2016-08-04 20:03:28,291 INFO [org.junit.Test] zero00730
2016-08-04 20:03:28,291 INFO [org.junit.Test] zero00731
2016-08-04 20:03:28,291 INFO [org.junit.Test] zero00732
2016-08-04 20:03:28,291 INFO [org.junit.Test] zero00733
2016-08-04 20:03:28,291 INFO [org.junit.Test] zero00734
2016-08-04 20:03:28,291 INFO [org.junit.Test] zero00735
2016-08-04 20:03:28,291 INFO [org.junit.Test] zero00736
2016-08-04 20:03:28,291 INFO [org.junit.Test] zero00737
2016-08-04 20:03:28,291 INFO [org.junit.Test] zero00738
2016-08-04 20:03:28,291 INFO [org.junit.Test] zero00739
2016-08-04 20:03:28,291 INFO [org.junit.Test] zero00740
2016-08-04 20:03:28,291 INFO [org.junit.Test] zero00741
2016-08-04 20:03:28,291 INFO [org.junit.Test] zero00742
2016-08-04 20:03:28,291 INFO [org.junit.Test] zero00743
2016-08-04 20:03:28,291 INFO [org.junit.Test] zero00744
2016-08-04 20:03:28,291 INFO [org.junit.Test] zero00745
2016-08-04 20:03:28,291 INFO [org.junit.Test] zero00746
2016-08-04 20:03:28,291 INFO [org.junit.Test] zero00747
2016-08-04 20:03:28,291 INFO [org.junit.Test] zero00748
2016-08-04 20:03:28,291 INFO [org.junit.Test] zero00749
2016-08-04 20:03:28,291 INFO [org.junit.Test] zero00750
2016-08-04 20:03:28,291 INFO [org.junit.Test] zero00751
2016-08-04 20:03:28,291 INFO [org.junit.Test] zero00752
2016-08-04 20:03:28,291 INFO [org.junit.Test] zero00753
2016-08-04 20:03:28,291 INFO [org.junit.Test] zero00754
2016-08-04 20:03:28,291 INFO [org.junit.Test] zero00755
2016-08-04 20:03:28,291 INFO [org.junit.Test] zero00756
2016-08-04 20:03:28,291 INFO [org.junit.Test] zero00757
2016-08-04 20:03:28,291 INFO [org.junit.Test] zero00758
2016-08-04 20:03:28,291 INFO [org.junit.Test] zero00759
2016-08-04 20:03:28,291 INFO [org.junit.Test] zero00760
2016-08-04 20:03:28,291 INFO [org.junit.Test] zero00761
2016-08-04 20:03:28,291 INFO [org.junit.Test] zero00762
2016-08-04 20:03:28,291 INFO [org.junit.Test] zero00763
2016-08-04 20:03:28,291 INFO [org.junit.Test] zero00764
2016-08-04 20:03:28,291 INFO [org.junit.Test] zero00765
2016-08-04 20:03:28,291 INFO [org.junit.Test] zero00766
2016-08-04 20:03:28,291 INFO [org.junit.Test] zero00767
2016-08-04 20:03:28,291 INFO [org.junit.Test] zero00768
2016-08-04 20:03:28,291 INFO [org.junit.Test] zero00769
2016-08-04 20:03:28,291 INFO [org.junit.Test] zero00770
2016-08-04 20:03:28,291 INFO [org.junit.Test] zero00771
2016-08-04 20:03:28,291 INFO [org.junit.Test] zero00772
2016-08-04 20:03:28,291 INFO [org.junit.Test] zero00773
2016-08-04 20:03:28,291 INFO [org.junit.Test] zero00774
2016-08-04 20:03:28,291 INFO [org.junit.Test] zero00775
2016-08-04 20:03:28,291 INFO [org.junit.Test] zero00776
2016-08-04 20:03:28,291 INFO [org.junit.Test] zero00777
2016-08-04 20:03:28,291 INFO [org.junit.Test] zero00778
2016-08-04 20:03:28,291 INFO [org.junit.Test] zero00779
2016-08-04 20:03:28,291 INFO [org.junit.Test] zero00780
2016-08-04 20:03:28,291 INFO [org.junit.Test] zero00781
2016-08-04 20:03:28,291 INFO [org.junit.Test] zero00782
2016-08-04 20:03:28,291 INFO [org.junit.Test] zero00783
2016-08-04 20:03:28,291 INFO [org.junit.Test] zero00784
2016-08-04 20:03:28,291 INFO [org.junit.Test] zero00785
2016-08-04 20:03:28,291 INFO [org.junit.Test] zero00786
2016-08-04 20:03:28,291 INFO [org.junit.Test] zero00787
2016-08-04 20:03:28,291 INFO [org.junit.Test] zero00788
2016-08-04 20:03:28,291 INFO [org.junit.Test] zero00789
2016-08-04 20:03:28,291 INFO [org.junit.Test] zero00790
2016-08-04 20:03:28,291 INFO [org.junit.Test] zero00791
2016-08-04 20:03:28,291 INFO [org.junit.Test] zero00792
2016-08-04 20:03:28,291 INFO [org.junit.Test] zero00793
2016-08-04 20:03:28,291 INFO [org.junit.Test] zero00794
2016-08-04 20:03:28,291 INFO [org.junit.Test] zero00795
2016-08-04 20:03:28,291 INFO [org.junit.Test] zero00796
2016-08-04 20:03:28,291 INFO [org.junit.Test] zero00797
2016-08-04 20:03:28,291 INFO [org.junit.Test] zero00798
2016-08-04 20:03:28,291 INFO [org.junit.Test] zero00799
2016-08-04 20:03:28,291 INFO [org.junit.Test] zero00800
2016-08-04 20:03:28,291 INFO [org.junit.Test] zero00801
2016-08-04 20:03:28,291 INFO [org.junit.Test] zero00802
2016-08-04 20:03:28,291 INFO [org.junit.Test] zero00803
2016-08-04 20:03:28,291 INFO [org.junit.Test] zero00804
2016-08-04 20:03:28,291 INFO [org.junit.Test] zero00805
2016-08-04 20:03:28,291 INFO [org.junit.Test] zero00806
2016-08-04 20:03:28,291 INFO [org.junit.Test] zero00807
2016-08-04 20:03:28,291 INFO [org.junit.Test] zero00808
2016-08-04 20:03:28,291 INFO [org.junit.Test] zero00809
2016-08-04 20:03:28,291 INFO [org.junit.Test] zero00810
2016-08-04 20:03:28,291 INFO [org.junit.Test] zero00811
2016-08-04 20:03:28,291 INFO [org.junit.Test] zero00812
2016-08-04 20:03:28,291 INFO [org.junit.Test] zero00813
2016-08-04 20:03:28,291 INFO [org.junit.Test] zero00814
2016-08-04 20:03:28,291 INFO [org.junit.Test] zero00815
2016-08-04 20:03:28,291 INFO [org.junit.Test] zero00816
2016-08-04 20:03:28,291 INFO [org.junit.Test] zero00817
2016-08-04 20:03:28,291 INFO [org.junit.Test] zero00818
2016-08-04 20:03:28,291 INFO [org.junit.Test] zero00819
2016-08-04 20:03:28,291 INFO [org.junit.Test] zero00820
2016-08-04 20:03:28,291 INFO [org.junit.Test] zero00821
2016-08-04 20:03:28,291 INFO [org.junit.Test] zero00822
2016-08-04 20:03:28,291 INFO [org.junit.Test] zero00823
2016-08-04 20:03:28,291 INFO [org.junit.Test] zero00824
2016-08-04 20:03:28,291 INFO [org.junit.Test] zero00825
2016-08-04 20:03:28,291 INFO [org.junit.Test] zero00826
2016-08-04 20:03:28,291 INFO [org.junit.Test] zero00827
2016-08-04 20:03:28,291 INFO [org.junit.Test] zero00828
2016-08-04 20:03:28,291 INFO [org.junit.Test] zero00829
2016-08-04 20:03:28,291 INFO [org.junit.Test] zero00830
2016-08-04 20:03:28,291 INFO [org.junit.Test] zero00831
2016-08-04 20:03:28,291 INFO [org.junit.Test] zero00832
2016-08-04 20:03:28,291 INFO [org.junit.Test] zero00833
2016-08-04 20:03:28,291 INFO [org.junit.Test] zero00834
2016-08-04 20:03:28,291 INFO [org.junit.Test] zero00835
2016-08-04 20:03:28,291 INFO [org.junit.Test] zero00836
2016-08-04 20:03:28,291 INFO [org.junit.Test] zero00837
2016-08-04 20:03:28,291 INFO [org.junit.Test] zero00838
2016-08-04 20:03:28,291 INFO [org.junit.Test] zero00839
2016-08-04 20:03:28,291 INFO [org.junit.Test] zero00840
2016-08-04 20:03:28,291 INFO [org.junit.Test] zero00841
2016-08-04 20:03:28,291 INFO [org.junit.Test] zero00842
2016-08-04 20:03:28,291 INFO [org.junit.Test] zero00843
2016-08-04 20:03:28,291 INFO [org.junit.Test] zero00844
2016-08-04 20:03:28,291 INFO [org.junit.Test] zero00845
2016-08-04 20:03:28,291 INFO [org.junit.Test] zero00846
2016-08-04 20:03:28,291 INFO [org.junit.Test] zero00847
2016-08-04 20:03:28,291 INFO [org.junit.Test] zero00848
2016-08-04 20:03:28,291 INFO [org.junit.Test] zero00849
2016-08-04 20:03:28,291 INFO [org.junit.Test] zero00850
2016-08-04 20:03:28,291 INFO [org.junit.Test] zero00851
2016-08-04 20:03:28,291 INFO [org.junit.Test] zero00852
2016-08-04 20:03:28,291 INFO [org.junit.Test] zero00853
2016-08-04 20:03:28,291 INFO [org.junit.Test] zero00854
2016-08-04 20:03:28,291 INFO [org.junit.Test] zero00855
2016-08-04 20:03:28,291 INFO [org.junit.Test] zero00856
2016-08-04 20:03:28,291 INFO [org.junit.Test] zero00857
2016-08-04 20:03:28,291 INFO [org.junit.Test] zero00858
2016-08-04 20:03:28,291 INFO [org.junit.Test] zero00859
2016-08-04 20:03:28,291 INFO [org.junit.Test] zero00860
2016-08-04 20:03:28,291 INFO [org.junit.Test] zero00861
2016-08-04 20:03:28,291 INFO [org.junit.Test] zero00862
2016-08-04 20:03:28,291 INFO [org.junit.Test] zero00863
2016-08-04 20:03:28,291 INFO [org.junit.Test] zero00864
2016-08-04 20:03:28,291 INFO [org.junit.Test] zero00865
2016-08-04 20:03:28,291 INFO [org.junit.Test] zero00866
2016-08-04 20:03:28,291 INFO [org.junit.Test] zero00867
2016-08-04 20:03:28,291 INFO [org.junit.Test] zero00868
2016-08-04 20:03:28,291 INFO [org.junit.Test] zero00869
2016-08-04 20:03:28,291 INFO [org.junit.Test] zero00870
2016-08-04 20:03:28,291 INFO [org.junit.Test] zero00871
2016-08-04 20:03:28,291 INFO [org.junit.Test] zero00872
2016-08-04 20:03:28,291 INFO [org.junit.Test] zero00873
2016-08-04 20:03:28,291 INFO [org.junit.Test] zero00874
2016-08-04 20:03:28,291 INFO [org.junit.Test] zero00875
2016-08-04 20:03:28,291 INFO [org.junit.Test] zero00876
2016-08-04 20:03:28,291 INFO [org.junit.Test] zero00877
2016-08-04 20:03:28,291 INFO [org.junit.Test] zero00878
2016-08-04 20:03:28,291 INFO [org.junit.Test] zero00879
2016-08-04 20:03:28,291 INFO [org.junit.Test] zero00880
2016-08-04 20:03:28,291 INFO [org.junit.Test] zero00881
2016-08-04 20:03:28,291 INFO [org.junit.Test] zero00882
2016-08-04 20:03:28,291 INFO [org.junit.Test] zero00883
2016-08-04 20:03:28,291 INFO [org.junit.Test] zero00884
2016-08-04 20:03:28,291 INFO [org.junit.Test] zero00885
2016-08-04 20:03:28,291 INFO [org.junit.Test] zero00886
2016-08-04 20:03:28,291 INFO [org.junit.Test] zero00887
2016-08-04 20:03:28,291 INFO [org.junit.Test] zero00888
2016-08-04 20:03:28,291 INFO [org.junit.Test] zero00889
2016-08-04 20:03:28,291 INFO [org.junit.Test] zero00890
2016-08-04 20:03:28,291 INFO [org.junit.Test] zero00891
2016-08-04 20:03:28,291 INFO [org.junit.Test] zero00892
2016-08-04 20:03:28,291 INFO [org.junit.Test] zero00893
2016-08-04 20:03:28,291 INFO [org.junit.Test] zero00894
2016-08-04 20:03:28,291 INFO [org.junit.Test] zero00895
2016-08-04 20:03:28,291 INFO [org.junit.Test] zero00896
2016-08-04 20:03:28,291 INFO [org.junit.Test] zero00897
2016-08-04 20:03:28,291 INFO [org.junit.Test] zero00898
2016-08-04 20:03:28,291 INFO [org.junit.Test] zero00899
2016-08-04 20:03:28,291 INFO [org.junit.Test] zero00900
2016-08-04 20:03:28,291 INFO [org.junit.Test] zero00901
2016-08-04 20:03:28,291 INFO [org.junit.Test] zero00902
2016-08-04 20:03:28,291 INFO [org.junit.Test] zero00903
2016-08-04 20:03:28,291 INFO [org.junit.Test] zero00904
2016-08-04 20:03:28,291 INFO [org.junit.Test] zero00905
2016-08-04 20:03:28,291 INFO [org.junit.Test] zero00906
2016-08-04 20:03:28,291 INFO [org.junit.Test] zero00907
2016-08-04 20:03:28,291 INFO [org.junit.Test] zero00908
2016-08-04 20:03:28,291 INFO [org.junit.Test] zero00909
2016-08-04 20:03:28,291 INFO [org.junit.Test] zero00910
2016-08-04 20:03:28,291 INFO [org.junit.Test] zero00911
2016-08-04 20:03:28,291 INFO [org.junit.Test] zero00912
2016-08-04 20:03:28,291 INFO [org.junit.Test] zero00913
2016-08-04 20:03:28,291 INFO [org.junit.Test] zero00914
2016-08-04 20:03:28,291 INFO [org.junit.Test] zero00915
2016-08-04 20:03:28,291 INFO [org.junit.Test] zero00916
2016-08-04 20:03:28,291 INFO [org.junit.Test] zero00917
2016-08-04 20:03:28,291 INFO [org.junit.Test] zero00918
2016-08-04 20:03:28,291 INFO [org.junit.Test] zero00919
2016-08-04 20:03:28,291 INFO [org.junit.Test] zero00920
2016-08-04 20:03:28,291 INFO [org.junit.Test] zero00921
2016-08-04 20:03:28,291 INFO [org.junit.Test] zero00922
2016-08-04 20:03:28,291 INFO [org.junit.Test] zero00923
2016-08-04 20:03:28,291 INFO [org.junit.Test] zero00924
2016-08-04 20:03:28,291 INFO [org.junit.Test] zero00925
2016-08-04 20:03:28,291 INFO [org.junit.Test] zero00926
2016-08-04 20:03:28,291 INFO [org.junit.Test] zero00927
2016-08-04 20:03:28,291 INFO [org.junit.Test] zero00928
2016-08-04 20:03:28,291 INFO [org.junit.Test] zero00929
2016-08-04 20:03:28,291 INFO [org.junit.Test] zero00930
2016-08-04 20:03:28,291 INFO [org.junit.Test] zero00931
2016-08-04 20:03:28,291 INFO [org.junit.Test] zero00932
2016-08-04 20:03:28,291 INFO [org.junit.Test] zero00933
2016-08-04 20:03:28,291 INFO [org.junit.Test] zero00934
2016-08-04 20:03:28,291 INFO [org.junit.Test] zero00935
2016-08-04 20:03:28,291 INFO [org.junit.Test] zero00936
2016-08-04 20:03:28,291 INFO [org.junit.Test] zero00937
2016-08-04 20:03:28,291 INFO [org.junit.Test] zero00938
2016-08-04 20:03:28,291 INFO [org.junit.Test] zero00939
2016-08-04 20:03:28,291 INFO [org.junit.Test] zero00940
2016-08-04 20:03:28,291 INFO [org.junit.Test] zero00941
2016-08-04 20:03:28,291 INFO [org.junit.Test] zero00942
2016-08-04 20:03:28,291 INFO [org.junit.Test] zero00943
2016-08-04 20:03:28,291 INFO [org.junit.Test] zero00944
2016-08-04 20:03:28,291 INFO [org.junit.Test] zero00945
2016-08-04 20:03:28,291 INFO [org.junit.Test] zero00946
2016-08-04 20:03:28,291 INFO [org.junit.Test] zero00947
2016-08-04 20:03:28,291 INFO [org.junit.Test] zero00948
2016-08-04 20:03:28,291 INFO [org.junit.Test] zero00949
2016-08-04 20:03:28,291 INFO [org.junit.Test] zero00950
2016-08-04 20:03:28,291 INFO [org.junit.Test] zero00951
2016-08-04 20:03:28,291 INFO [org.junit.Test] zero00952
2016-08-04 20:03:28,291 INFO [org.junit.Test] zero00953
2016-08-04 20:03:28,291 INFO [org.junit.Test] zero00954
2016-08-04 20:03:28,291 INFO [org.junit.Test] zero00955
2016-08-04 20:03:28,291 INFO [org.junit.Test] zero00956
2016-08-04 20:03:28,291 INFO [org.junit.Test] zero00957
2016-08-04 20:03:28,291 INFO [org.junit.Test] zero00958
2016-08-04 20:03:28,291 INFO [org.junit.Test] zero00959
2016-08-04 20:03:28,291 INFO [org.junit.Test] zero00960
2016-08-04 20:03:28,291 INFO [org.junit.Test] zero00961
2016-08-04 20:03:28,291 INFO [org.junit.Test] zero00962
2016-08-04 20:03:28,291 INFO [org.junit.Test] zero00963
2016-08-04 20:03:28,291 INFO [org.junit.Test] zero00964
2016-08-04 20:03:28,291 INFO [org.junit.Test] zero00965
2016-08-04 20:03:28,291 INFO [org.junit.Test] zero00966
2016-08-04 20:03:28,291 INFO [org.junit.Test] zero00967
2016-08-04 20:03:28,291 INFO [org.junit.Test] zero00968
2016-08-04 20:03:28,291 INFO [org.junit.Test] zero00969
2016-08-04 20:03:28,291 INFO [org.junit.Test] zero00970
2016-08-04 20:03:28,291 INFO [org.junit.Test] zero00971
2016-08-04 20:03:28,291 INFO [org.junit.Test] zero00972
2016-08-04 20:03:28,291 INFO [org.junit.Test] zero00973
2016-08-04 20:03:28,291 INFO [org.junit.Test] zero00974
2016-08-04 20:03:28,291 INFO [org.junit.Test] zero00975
2016-08-04 20:03:28,291 INFO [org.junit.Test] zero00976
2016-08-04 20:03:28,291 INFO [org.junit.Test] zero00977
2016-08-04 20:03:28,291 INFO [org.junit.Test] zero00978
2016-08-04 20:03:28,291 INFO [org.junit.Test] zero00979
2016-08-04 20:03:28,291 INFO [org.junit.Test] zero00980
2016-08-04 20:03:28,291 INFO [org.junit.Test] zero00981
2016-08-04 20:03:28,291 INFO [org.junit.Test] zero00982
2016-08-04 20:03:28,291 INFO [org.junit.Test] zero00983
2016-08-04 20:03:28,291 INFO [org.junit.Test] zero00984
2016-08-04 20:03:28,291 INFO [org.junit.Test] zero00985
2016-08-04 20:03:28,291 INFO [org.junit.Test] zero00986
2016-08-04 20:03:28,291 INFO [org.junit.Test] zero00987
2016-08-04 20:03:28,291 INFO [org.junit.Test] zero00988
2016-08-04 20:03:28,291 INFO [org.junit.Test] zero00989
2016-08-04 20:03:28,292 INFO [org.junit.Test] zero00990
2016-08-04 20:03:28,292 INFO [org.junit.Test] zero00991
2016-08-04 20:03:28,292 INFO [org.junit.Test] zero00992
2016-08-04 20:03:28,292 INFO [org.junit.Test] zero00993
2016-08-04 20:03:28,292 INFO [org.junit.Test] zero00994
2016-08-04 20:03:28,292 INFO [org.junit.Test] zero00995
2016-08-04 20:03:28,292 INFO [org.junit.Test] zero00996
2016-08-04 20:03:28,292 INFO [org.junit.Test] zero00997
2016-08-04 20:03:28,292 INFO [org.junit.Test] zero00998
2016-08-04 20:03:28,292 INFO [org.junit.Test] zero00999
2016-08-04 20:03:31,292 INFO [org.junit.Test] zero000
2016-08-04 20:03:31,292 INFO [org.junit.Test] zero001
2016-08-04 20:03:31,292 INFO [org.junit.Test] zero002
2016-08-04 20:03:31,292 INFO [org.junit.Test] zero003
2016-08-04 20:03:31,292 INFO [org.junit.Test] zero004
2016-08-04 20:03:31,292 INFO [org.junit.Test] zero005
2016-08-04 20:03:31,292 INFO [org.junit.Test] zero006
2016-08-04 20:03:31,292 INFO [org.junit.Test] zero007
2016-08-04 20:03:31,292 INFO [org.junit.Test] zero008
2016-08-04 20:03:31,292 INFO [org.junit.Test] zero009
2016-08-04 20:03:31,292 INFO [org.junit.Test] zero0010
2016-08-04 20:03:31,292 INFO [org.junit.Test] zero0011
2016-08-04 20:03:31,292 INFO [org.junit.Test] zero0012
2016-08-04 20:03:31,292 INFO [org.junit.Test] zero0013
2016-08-04 20:03:31,292 INFO [org.junit.Test] zero0014
2016-08-04 20:03:31,292 INFO [org.junit.Test] zero0015
2016-08-04 20:03:31,292 INFO [org.junit.Test] zero0016
2016-08-04 20:03:31,292 INFO [org.junit.Test] zero0017
2016-08-04 20:03:31,292 INFO [org.junit.Test] zero0018
2016-08-04 20:03:31,292 INFO [org.junit.Test] zero0019
2016-08-04 20:03:31,292 INFO [org.junit.Test] zero0020
2016-08-04 20:03:31,292 INFO [org.junit.Test] zero0021
2016-08-04 20:03:31,292 INFO [org.junit.Test] zero0022
2016-08-04 20:03:31,292 INFO [org.junit.Test] zero0023
2016-08-04 20:03:31,292 INFO [org.junit.Test] zero0024
2016-08-04 20:03:31,292 INFO [org.junit.Test] zero0025
2016-08-04 20:03:31,292 INFO [org.junit.Test] zero0026
2016-08-04 20:03:31,292 INFO [org.junit.Test] zero0027
2016-08-04 20:03:31,292 INFO [org.junit.Test] zero0028
2016-08-04 20:03:31,292 INFO [org.junit.Test] zero0029
2016-08-04 20:03:31,292 INFO [org.junit.Test] zero0030
2016-08-04 20:03:31,292 INFO [org.junit.Test] zero0031
2016-08-04 20:03:31,292 INFO [org.junit.Test] zero0032
2016-08-04 20:03:31,292 INFO [org.junit.Test] zero0033
2016-08-04 20:03:31,292 INFO [org.junit.Test] zero0034
2016-08-04 20:03:31,292 INFO [org.junit.Test] zero0035
2016-08-04 20:03:31,292 INFO [org.junit.Test] zero0036
2016-08-04 20:03:31,292 INFO [org.junit.Test] zero0037
2016-08-04 20:03:31,292 INFO [org.junit.Test] zero0038
2016-08-04 20:03:31,292 INFO [org.junit.Test] zero0039
2016-08-04 20:03:31,292 INFO [org.junit.Test] zero0040
2016-08-04 20:03:31,292 INFO [org.junit.Test] zero0041
2016-08-04 20:03:31,292 INFO [org.junit.Test] zero0042
2016-08-04 20:03:31,292 INFO [org.junit.Test] zero0043
2016-08-04 20:03:31,292 INFO [org.junit.Test] zero0044
2016-08-04 20:03:31,292 INFO [org.junit.Test] zero0045
2016-08-04 20:03:31,292 INFO [org.junit.Test] zero0046
2016-08-04 20:03:31,292 INFO [org.junit.Test] zero0047
2016-08-04 20:03:31,292 INFO [org.junit.Test] zero0048
2016-08-04 20:03:31,292 INFO [org.junit.Test] zero0049
2016-08-04 20:03:31,292 INFO [org.junit.Test] zero0050
2016-08-04 20:03:31,292 INFO [org.junit.Test] zero0051
2016-08-04 20:03:31,292 INFO [org.junit.Test] zero0052
2016-08-04 20:03:31,292 INFO [org.junit.Test] zero0053
2016-08-04 20:03:31,292 INFO [org.junit.Test] zero0054
2016-08-04 20:03:31,292 INFO [org.junit.Test] zero0055
2016-08-04 20:03:31,292 INFO [org.junit.Test] zero0056
2016-08-04 20:03:31,292 INFO [org.junit.Test] zero0057
2016-08-04 20:03:31,292 INFO [org.junit.Test] zero0058
2016-08-04 20:03:31,292 INFO [org.junit.Test] zero0059
2016-08-04 20:03:31,292 INFO [org.junit.Test] zero0060
2016-08-04 20:03:31,292 INFO [org.junit.Test] zero0061
2016-08-04 20:03:31,292 INFO [org.junit.Test] zero0062
2016-08-04 20:03:31,292 INFO [org.junit.Test] zero0063
2016-08-04 20:03:31,292 INFO [org.junit.Test] zero0064
2016-08-04 20:03:31,292 INFO [org.junit.Test] zero0065
2016-08-04 20:03:31,292 INFO [org.junit.Test] zero0066
2016-08-04 20:03:31,292 INFO [org.junit.Test] zero0067
2016-08-04 20:03:31,292 INFO [org.junit.Test] zero0068
2016-08-04 20:03:31,292 INFO [org.junit.Test] zero0069
2016-08-04 20:03:31,292 INFO [org.junit.Test] zero0070
2016-08-04 20:03:31,292 INFO [org.junit.Test] zero0071
2016-08-04 20:03:31,292 INFO [org.junit.Test] zero0072
2016-08-04 20:03:31,292 INFO [org.junit.Test] zero0073
2016-08-04 20:03:31,292 INFO [org.junit.Test] zero0074
2016-08-04 20:03:31,292 INFO [org.junit.Test] zero0075
2016-08-04 20:03:31,292 INFO [org.junit.Test] zero0076
2016-08-04 20:03:31,292 INFO [org.junit.Test] zero0077
2016-08-04 20:03:31,292 INFO [org.junit.Test] zero0078
2016-08-04 20:03:31,292 INFO [org.junit.Test] zero0079
2016-08-04 20:03:31,292 INFO [org.junit.Test] zero0080
2016-08-04 20:03:31,292 INFO [org.junit.Test] zero0081
2016-08-04 20:03:31,292 INFO [org.junit.Test] zero0082
2016-08-04 20:03:31,292 INFO [org.junit.Test] zero0083
2016-08-04 20:03:31,292 INFO [org.junit.Test] zero0084
2016-08-04 20:03:31,292 INFO [org.junit.Test] zero0085
2016-08-04 20:03:31,292 INFO [org.junit.Test] zero0086
2016-08-04 20:03:31,292 INFO [org.junit.Test] zero0087
2016-08-04 20:03:31,292 INFO [org.junit.Test] zero0088
2016-08-04 20:03:31,292 INFO [org.junit.Test] zero0089
2016-08-04 20:03:31,292 INFO [org.junit.Test] zero0090
2016-08-04 20:03:31,292 INFO [org.junit.Test] zero0091
2016-08-04 20:03:31,292 INFO [org.junit.Test] zero0092
2016-08-04 20:03:31,292 INFO [org.junit.Test] zero0093
2016-08-04 20:03:31,292 INFO [org.junit.Test] zero0094
2016-08-04 20:03:31,292 INFO [org.junit.Test] zero0095
2016-08-04 20:03:31,292 INFO [org.junit.Test] zero0096
2016-08-04 20:03:31,292 INFO [org.junit.Test] zero0097
2016-08-04 20:03:31,292 INFO [org.junit.Test] zero0098
2016-08-04 20:03:31,292 INFO [org.junit.Test] zero0099
2016-08-04 20:03:31,292 INFO [org.junit.Test] zero00100
2016-08-04 20:03:31,292 INFO [org.junit.Test] zero00101
2016-08-04 20:03:31,292 INFO [org.junit.Test] zero00102
2016-08-04 20:03:31,292 INFO [org.junit.Test] zero00103
2016-08-04 20:03:31,292 INFO [org.junit.Test] zero00104
2016-08-04 20:03:31,292 INFO [org.junit.Test] zero00105
2016-08-04 20:03:31,292 INFO [org.junit.Test] zero00106
2016-08-04 20:03:31,292 INFO [org.junit.Test] zero00107
2016-08-04 20:03:31,292 INFO [org.junit.Test] zero00108
2016-08-04 20:03:31,292 INFO [org.junit.Test] zero00109
2016-08-04 20:03:31,292 INFO [org.junit.Test] zero00110
2016-08-04 20:03:31,292 INFO [org.junit.Test] zero00111
2016-08-04 20:03:31,292 INFO [org.junit.Test] zero00112
2016-08-04 20:03:31,292 INFO [org.junit.Test] zero00113
2016-08-04 20:03:31,292 INFO [org.junit.Test] zero00114
2016-08-04 20:03:31,292 INFO [org.junit.Test] zero00115
2016-08-04 20:03:31,292 INFO [org.junit.Test] zero00116
2016-08-04 20:03:31,292 INFO [org.junit.Test] zero00117
2016-08-04 20:03:31,292 INFO [org.junit.Test] zero00118
2016-08-04 20:03:31,292 INFO [org.junit.Test] zero00119
2016-08-04 20:03:31,292 INFO [org.junit.Test] zero00120
2016-08-04 20:03:31,292 INFO [org.junit.Test] zero00121
2016-08-04 20:03:31,292 INFO [org.junit.Test] zero00122
2016-08-04 20:03:31,292 INFO [org.junit.Test] zero00123
2016-08-04 20:03:31,292 INFO [org.junit.Test] zero00124
2016-08-04 20:03:31,293 INFO [org.junit.Test] zero00125
2016-08-04 20:03:31,293 INFO [org.junit.Test] zero00126
2016-08-04 20:03:31,293 INFO [org.junit.Test] zero00127
2016-08-04 20:03:31,293 INFO [org.junit.Test] zero00128
2016-08-04 20:03:31,293 INFO [org.junit.Test] zero00129
2016-08-04 20:03:31,293 INFO [org.junit.Test] zero00130
2016-08-04 20:03:31,293 INFO [org.junit.Test] zero00131
2016-08-04 20:03:31,293 INFO [org.junit.Test] zero00132
2016-08-04 20:03:31,293 INFO [org.junit.Test] zero00133
2016-08-04 20:03:31,293 INFO [org.junit.Test] zero00134
2016-08-04 20:03:31,293 INFO [org.junit.Test] zero00135
2016-08-04 20:03:31,293 INFO [org.junit.Test] zero00136
2016-08-04 20:03:31,293 INFO [org.junit.Test] zero00137
2016-08-04 20:03:31,293 INFO [org.junit.Test] zero00138
2016-08-04 20:03:31,293 INFO [org.junit.Test] zero00139
2016-08-04 20:03:31,293 INFO [org.junit.Test] zero00140
2016-08-04 20:03:31,293 INFO [org.junit.Test] zero00141
2016-08-04 20:03:31,293 INFO [org.junit.Test] zero00142
2016-08-04 20:03:31,293 INFO [org.junit.Test] zero00143
2016-08-04 20:03:31,293 INFO [org.junit.Test] zero00144
2016-08-04 20:03:31,293 INFO [org.junit.Test] zero00145
2016-08-04 20:03:31,293 INFO [org.junit.Test] zero00146
2016-08-04 20:03:31,293 INFO [org.junit.Test] zero00147
2016-08-04 20:03:31,293 INFO [org.junit.Test] zero00148
2016-08-04 20:03:31,293 INFO [org.junit.Test] zero00149
2016-08-04 20:03:31,293 INFO [org.junit.Test] zero00150
2016-08-04 20:03:31,293 INFO [org.junit.Test] zero00151
2016-08-04 20:03:31,293 INFO [org.junit.Test] zero00152
2016-08-04 20:03:31,293 INFO [org.junit.Test] zero00153
2016-08-04 20:03:31,293 INFO [org.junit.Test] zero00154
2016-08-04 20:03:31,293 INFO [org.junit.Test] zero00155
2016-08-04 20:03:31,293 INFO [org.junit.Test] zero00156
2016-08-04 20:03:31,293 INFO [org.junit.Test] zero00157
2016-08-04 20:03:31,293 INFO [org.junit.Test] zero00158
2016-08-04 20:03:31,293 INFO [org.junit.Test] zero00159
2016-08-04 20:03:31,293 INFO [org.junit.Test] zero00160
2016-08-04 20:03:31,293 INFO [org.junit.Test] zero00161
2016-08-04 20:03:31,293 INFO [org.junit.Test] zero00162
2016-08-04 20:03:31,293 INFO [org.junit.Test] zero00163
2016-08-04 20:03:31,293 INFO [org.junit.Test] zero00164
2016-08-04 20:03:31,293 INFO [org.junit.Test] zero00165
2016-08-04 20:03:31,293 INFO [org.junit.Test] zero00166
2016-08-04 20:03:31,293 INFO [org.junit.Test] zero00167
2016-08-04 20:03:31,293 INFO [org.junit.Test] zero00168
2016-08-04 20:03:31,293 INFO [org.junit.Test] zero00169
2016-08-04 20:03:31,293 INFO [org.junit.Test] zero00170
2016-08-04 20:03:31,293 INFO [org.junit.Test] zero00171
2016-08-04 20:03:31,293 INFO [org.junit.Test] zero00172
2016-08-04 20:03:31,293 INFO [org.junit.Test] zero00173
2016-08-04 20:03:31,293 INFO [org.junit.Test] zero00174
2016-08-04 20:03:31,293 INFO [org.junit.Test] zero00175
2016-08-04 20:03:31,293 INFO [org.junit.Test] zero00176
2016-08-04 20:03:31,293 INFO [org.junit.Test] zero00177
2016-08-04 20:03:31,293 INFO [org.junit.Test] zero00178
2016-08-04 20:03:31,293 INFO [org.junit.Test] zero00179
2016-08-04 20:03:31,293 INFO [org.junit.Test] zero00180
2016-08-04 20:03:31,293 INFO [org.junit.Test] zero00181
2016-08-04 20:03:31,293 INFO [org.junit.Test] zero00182
2016-08-04 20:03:31,293 INFO [org.junit.Test] zero00183
2016-08-04 20:03:31,293 INFO [org.junit.Test] zero00184
2016-08-04 20:03:31,293 INFO [org.junit.Test] zero00185
2016-08-04 20:03:31,293 INFO [org.junit.Test] zero00186
2016-08-04 20:03:31,293 INFO [org.junit.Test] zero00187
2016-08-04 20:03:31,293 INFO [org.junit.Test] zero00188
2016-08-04 20:03:31,293 INFO [org.junit.Test] zero00189
2016-08-04 20:03:31,293 INFO [org.junit.Test] zero00190
2016-08-04 20:03:31,293 INFO [org.junit.Test] zero00191
2016-08-04 20:03:31,293 INFO [org.junit.Test] zero00192
2016-08-04 20:03:31,293 INFO [org.junit.Test] zero00193
2016-08-04 20:03:31,293 INFO [org.junit.Test] zero00194
2016-08-04 20:03:31,293 INFO [org.junit.Test] zero00195
2016-08-04 20:03:31,293 INFO [org.junit.Test] zero00196
2016-08-04 20:03:31,293 INFO [org.junit.Test] zero00197
2016-08-04 20:03:31,293 INFO [org.junit.Test] zero00198
2016-08-04 20:03:31,293 INFO [org.junit.Test] zero00199
2016-08-04 20:03:31,293 INFO [org.junit.Test] zero00200
2016-08-04 20:03:31,293 INFO [org.junit.Test] zero00201
2016-08-04 20:03:31,293 INFO [org.junit.Test] zero00202
2016-08-04 20:03:31,293 INFO [org.junit.Test] zero00203
2016-08-04 20:03:31,293 INFO [org.junit.Test] zero00204
2016-08-04 20:03:31,293 INFO [org.junit.Test] zero00205
2016-08-04 20:03:31,293 INFO [org.junit.Test] zero00206
2016-08-04 20:03:31,293 INFO [org.junit.Test] zero00207
2016-08-04 20:03:31,293 INFO [org.junit.Test] zero00208
2016-08-04 20:03:31,293 INFO [org.junit.Test] zero00209
2016-08-04 20:03:31,293 INFO [org.junit.Test] zero00210
2016-08-04 20:03:31,293 INFO [org.junit.Test] zero00211
2016-08-04 20:03:31,293 INFO [org.junit.Test] zero00212
2016-08-04 20:03:31,293 INFO [org.junit.Test] zero00213
2016-08-04 20:03:31,293 INFO [org.junit.Test] zero00214
2016-08-04 20:03:31,293 INFO [org.junit.Test] zero00215
2016-08-04 20:03:31,293 INFO [org.junit.Test] zero00216
2016-08-04 20:03:31,293 INFO [org.junit.Test] zero00217
2016-08-04 20:03:31,293 INFO [org.junit.Test] zero00218
2016-08-04 20:03:31,293 INFO [org.junit.Test] zero00219
2016-08-04 20:03:31,293 INFO [org.junit.Test] zero00220
2016-08-04 20:03:31,293 INFO [org.junit.Test] zero00221
2016-08-04 20:03:31,293 INFO [org.junit.Test] zero00222
2016-08-04 20:03:31,293 INFO [org.junit.Test] zero00223
2016-08-04 20:03:31,293 INFO [org.junit.Test] zero00224
2016-08-04 20:03:31,293 INFO [org.junit.Test] zero00225
2016-08-04 20:03:31,293 INFO [org.junit.Test] zero00226
2016-08-04 20:03:31,293 INFO [org.junit.Test] zero00227
2016-08-04 20:03:31,293 INFO [org.junit.Test] zero00228
2016-08-04 20:03:31,293 INFO [org.junit.Test] zero00229
2016-08-04 20:03:31,293 INFO [org.junit.Test] zero00230
2016-08-04 20:03:31,293 INFO [org.junit.Test] zero00231
2016-08-04 20:03:31,293 INFO [org.junit.Test] zero00232
2016-08-04 20:03:31,293 INFO [org.junit.Test] zero00233
2016-08-04 20:03:31,293 INFO [org.junit.Test] zero00234
2016-08-04 20:03:31,293 INFO [org.junit.Test] zero00235
2016-08-04 20:03:31,293 INFO [org.junit.Test] zero00236
2016-08-04 20:03:31,293 INFO [org.junit.Test] zero00237
2016-08-04 20:03:31,293 INFO [org.junit.Test] zero00238
2016-08-04 20:03:31,293 INFO [org.junit.Test] zero00239
2016-08-04 20:03:31,293 INFO [org.junit.Test] zero00240
2016-08-04 20:03:31,293 INFO [org.junit.Test] zero00241
2016-08-04 20:03:31,293 INFO [org.junit.Test] zero00242
2016-08-04 20:03:31,293 INFO [org.junit.Test] zero00243
2016-08-04 20:03:31,293 INFO [org.junit.Test] zero00244
2016-08-04 20:03:31,293 INFO [org.junit.Test] zero00245
2016-08-04 20:03:31,293 INFO [org.junit.Test] zero00246
2016-08-04 20:03:31,293 INFO [org.junit.Test] zero00247
2016-08-04 20:03:31,293 INFO [org.junit.Test] zero00248
2016-08-04 20:03:31,293 INFO [org.junit.Test] zero00249
2016-08-04 20:03:31,293 INFO [org.junit.Test] zero00250
2016-08-04 20:03:31,293 INFO [org.junit.Test] zero00251
2016-08-04 20:03:31,293 INFO [org.junit.Test] zero00252
2016-08-04 20:03:31,293 INFO [org.junit.Test] zero00253
2016-08-04 20:03:31,293 INFO [org.junit.Test] zero00254
2016-08-04 20:03:31,293 INFO [org.junit.Test] zero00255
2016-08-04 20:03:31,293 INFO [org.junit.Test] zero00256
2016-08-04 20:03:31,293 INFO [org.junit.Test] zero00257
2016-08-04 20:03:31,293 INFO [org.junit.Test] zero00258
2016-08-04 20:03:31,293 INFO [org.junit.Test] zero00259
2016-08-04 20:03:31,293 INFO [org.junit.Test] zero00260
2016-08-04 20:03:31,293 INFO [org.junit.Test] zero00261
2016-08-04 20:03:31,293 INFO [org.junit.Test] zero00262
2016-08-04 20:03:31,293 INFO [org.junit.Test] zero00263
2016-08-04 20:03:31,293 INFO [org.junit.Test] zero00264
2016-08-04 20:03:31,293 INFO [org.junit.Test] zero00265
2016-08-04 20:03:31,293 INFO [org.junit.Test] zero00266
2016-08-04 20:03:31,293 INFO [org.junit.Test] zero00267
2016-08-04 20:03:31,293 INFO [org.junit.Test] zero00268
2016-08-04 20:03:31,293 INFO [org.junit.Test] zero00269
2016-08-04 20:03:31,293 INFO [org.junit.Test] zero00270
2016-08-04 20:03:31,293 INFO [org.junit.Test] zero00271
2016-08-04 20:03:31,293 INFO [org.junit.Test] zero00272
2016-08-04 20:03:31,293 INFO [org.junit.Test] zero00273
2016-08-04 20:03:31,293 INFO [org.junit.Test] zero00274
2016-08-04 20:03:31,293 INFO [org.junit.Test] zero00275
2016-08-04 20:03:31,293 INFO [org.junit.Test] zero00276
2016-08-04 20:03:31,293 INFO [org.junit.Test] zero00277
2016-08-04 20:03:31,293 INFO [org.junit.Test] zero00278
2016-08-04 20:03:31,293 INFO [org.junit.Test] zero00279
2016-08-04 20:03:31,293 INFO [org.junit.Test] zero00280
2016-08-04 20:03:31,293 INFO [org.junit.Test] zero00281
2016-08-04 20:03:31,293 INFO [org.junit.Test] zero00282
2016-08-04 20:03:31,293 INFO [org.junit.Test] zero00283
2016-08-04 20:03:31,293 INFO [org.junit.Test] zero00284
2016-08-04 20:03:31,293 INFO [org.junit.Test] zero00285
2016-08-04 20:03:31,293 INFO [org.junit.Test] zero00286
2016-08-04 20:03:31,293 INFO [org.junit.Test] zero00287
2016-08-04 20:03:31,293 INFO [org.junit.Test] zero00288
2016-08-04 20:03:31,293 INFO [org.junit.Test] zero00289
2016-08-04 20:03:31,293 INFO [org.junit.Test] zero00290
2016-08-04 20:03:31,293 INFO [org.junit.Test] zero00291
2016-08-04 20:03:31,293 INFO [org.junit.Test] zero00292
2016-08-04 20:03:31,293 INFO [org.junit.Test] zero00293
2016-08-04 20:03:31,293 INFO [org.junit.Test] zero00294
2016-08-04 20:03:31,293 INFO [org.junit.Test] zero00295
2016-08-04 20:03:31,293 INFO [org.junit.Test] zero00296
2016-08-04 20:03:31,293 INFO [org.junit.Test] zero00297
2016-08-04 20:03:31,293 INFO [org.junit.Test] zero00298
2016-08-04 20:03:31,293 INFO [org.junit.Test] zero00299
2016-08-04 20:03:31,293 INFO [org.junit.Test] zero00300
2016-08-04 20:03:31,293 INFO [org.junit.Test] zero00301
2016-08-04 20:03:31,293 INFO [org.junit.Test] zero00302
2016-08-04 20:03:31,293 INFO [org.junit.Test] zero00303
2016-08-04 20:03:31,293 INFO [org.junit.Test] zero00304
2016-08-04 20:03:31,293 INFO [org.junit.Test] zero00305
2016-08-04 20:03:31,293 INFO [org.junit.Test] zero00306
2016-08-04 20:03:31,293 INFO [org.junit.Test] zero00307
2016-08-04 20:03:31,293 INFO [org.junit.Test] zero00308
2016-08-04 20:03:31,293 INFO [org.junit.Test] zero00309
2016-08-04 20:03:31,293 INFO [org.junit.Test] zero00310
2016-08-04 20:03:31,293 INFO [org.junit.Test] zero00311
2016-08-04 20:03:31,293 INFO [org.junit.Test] zero00312
2016-08-04 20:03:31,293 INFO [org.junit.Test] zero00313
2016-08-04 20:03:31,293 INFO [org.junit.Test] zero00314
2016-08-04 20:03:31,293 INFO [org.junit.Test] zero00315
2016-08-04 20:03:31,293 INFO [org.junit.Test] zero00316
2016-08-04 20:03:31,293 INFO [org.junit.Test] zero00317
2016-08-04 20:03:31,293 INFO [org.junit.Test] zero00318
2016-08-04 20:03:31,293 INFO [org.junit.Test] zero00319
2016-08-04 20:03:31,293 INFO [org.junit.Test] zero00320
2016-08-04 20:03:31,293 INFO [org.junit.Test] zero00321
2016-08-04 20:03:31,293 INFO [org.junit.Test] zero00322
2016-08-04 20:03:31,293 INFO [org.junit.Test] zero00323
2016-08-04 20:03:31,293 INFO [org.junit.Test] zero00324
2016-08-04 20:03:31,293 INFO [org.junit.Test] zero00325
2016-08-04 20:03:31,293 INFO [org.junit.Test] zero00326
2016-08-04 20:03:31,293 INFO [org.junit.Test] zero00327
2016-08-04 20:03:31,293 INFO [org.junit.Test] zero00328
2016-08-04 20:03:31,293 INFO [org.junit.Test] zero00329
2016-08-04 20:03:31,293 INFO [org.junit.Test] zero00330
2016-08-04 20:03:31,293 INFO [org.junit.Test] zero00331
2016-08-04 20:03:31,293 INFO [org.junit.Test] zero00332
2016-08-04 20:03:31,293 INFO [org.junit.Test] zero00333
2016-08-04 20:03:31,293 INFO [org.junit.Test] zero00334
2016-08-04 20:03:31,293 INFO [org.junit.Test] zero00335
2016-08-04 20:03:31,293 INFO [org.junit.Test] zero00336
2016-08-04 20:03:31,293 INFO [org.junit.Test] zero00337
2016-08-04 20:03:31,293 INFO [org.junit.Test] zero00338
2016-08-04 20:03:31,293 INFO [org.junit.Test] zero00339
2016-08-04 20:03:31,293 INFO [org.junit.Test] zero00340
2016-08-04 20:03:31,293 INFO [org.junit.Test] zero00341
2016-08-04 20:03:31,293 INFO [org.junit.Test] zero00342
2016-08-04 20:03:31,293 INFO [org.junit.Test] zero00343
2016-08-04 20:03:31,293 INFO [org.junit.Test] zero00344
2016-08-04 20:03:31,293 INFO [org.junit.Test] zero00345
2016-08-04 20:03:31,293 INFO [org.junit.Test] zero00346
2016-08-04 20:03:31,293 INFO [org.junit.Test] zero00347
2016-08-04 20:03:31,293 INFO [org.junit.Test] zero00348
2016-08-04 20:03:31,293 INFO [org.junit.Test] zero00349
2016-08-04 20:03:31,293 INFO [org.junit.Test] zero00350
2016-08-04 20:03:31,293 INFO [org.junit.Test] zero00351
2016-08-04 20:03:31,293 INFO [org.junit.Test] zero00352
2016-08-04 20:03:31,293 INFO [org.junit.Test] zero00353
2016-08-04 20:03:31,293 INFO [org.junit.Test] zero00354
2016-08-04 20:03:31,293 INFO [org.junit.Test] zero00355
2016-08-04 20:03:31,293 INFO [org.junit.Test] zero00356
2016-08-04 20:03:31,293 INFO [org.junit.Test] zero00357
2016-08-04 20:03:31,293 INFO [org.junit.Test] zero00358
2016-08-04 20:03:31,293 INFO [org.junit.Test] zero00359
2016-08-04 20:03:31,293 INFO [org.junit.Test] zero00360
2016-08-04 20:03:31,293 INFO [org.junit.Test] zero00361
2016-08-04 20:03:31,293 INFO [org.junit.Test] zero00362
2016-08-04 20:03:31,293 INFO [org.junit.Test] zero00363
2016-08-04 20:03:31,293 INFO [org.junit.Test] zero00364
2016-08-04 20:03:31,293 INFO [org.junit.Test] zero00365
2016-08-04 20:03:31,293 INFO [org.junit.Test] zero00366
2016-08-04 20:03:31,293 INFO [org.junit.Test] zero00367
2016-08-04 20:03:31,293 INFO [org.junit.Test] zero00368
2016-08-04 20:03:31,293 INFO [org.junit.Test] zero00369
2016-08-04 20:03:31,293 INFO [org.junit.Test] zero00370
2016-08-04 20:03:31,293 INFO [org.junit.Test] zero00371
2016-08-04 20:03:31,293 INFO [org.junit.Test] zero00372
2016-08-04 20:03:31,293 INFO [org.junit.Test] zero00373
2016-08-04 20:03:31,293 INFO [org.junit.Test] zero00374
2016-08-04 20:03:31,293 INFO [org.junit.Test] zero00375
2016-08-04 20:03:31,293 INFO [org.junit.Test] zero00376
2016-08-04 20:03:31,293 INFO [org.junit.Test] zero00377
2016-08-04 20:03:31,293 INFO [org.junit.Test] zero00378
2016-08-04 20:03:31,293 INFO [org.junit.Test] zero00379
2016-08-04 20:03:31,293 INFO [org.junit.Test] zero00380
2016-08-04 20:03:31,293 INFO [org.junit.Test] zero00381
2016-08-04 20:03:31,293 INFO [org.junit.Test] zero00382
2016-08-04 20:03:31,293 INFO [org.junit.Test] zero00383
2016-08-04 20:03:31,293 INFO [org.junit.Test] zero00384
2016-08-04 20:03:31,293 INFO [org.junit.Test] zero00385
2016-08-04 20:03:31,293 INFO [org.junit.Test] zero00386
2016-08-04 20:03:31,293 INFO [org.junit.Test] zero00387
2016-08-04 20:03:31,293 INFO [org.junit.Test] zero00388
2016-08-04 20:03:31,293 INFO [org.junit.Test] zero00389
2016-08-04 20:03:31,293 INFO [org.junit.Test] zero00390
2016-08-04 20:03:31,293 INFO [org.junit.Test] zero00391
2016-08-04 20:03:31,293 INFO [org.junit.Test] zero00392
2016-08-04 20:03:31,293 INFO [org.junit.Test] zero00393
2016-08-04 20:03:31,293 INFO [org.junit.Test] zero00394
2016-08-04 20:03:31,293 INFO [org.junit.Test] zero00395
2016-08-04 20:03:31,293 INFO [org.junit.Test] zero00396
2016-08-04 20:03:31,293 INFO [org.junit.Test] zero00397
2016-08-04 20:03:31,293 INFO [org.junit.Test] zero00398
2016-08-04 20:03:31,293 INFO [org.junit.Test] zero00399
2016-08-04 20:03:31,293 INFO [org.junit.Test] zero00400
2016-08-04 20:03:31,293 INFO [org.junit.Test] zero00401
2016-08-04 20:03:31,293 INFO [org.junit.Test] zero00402
2016-08-04 20:03:31,293 INFO [org.junit.Test] zero00403
2016-08-04 20:03:31,293 INFO [org.junit.Test] zero00404
2016-08-04 20:03:31,293 INFO [org.junit.Test] zero00405
2016-08-04 20:03:31,293 INFO [org.junit.Test] zero00406
2016-08-04 20:03:31,293 INFO [org.junit.Test] zero00407
2016-08-04 20:03:31,293 INFO [org.junit.Test] zero00408
2016-08-04 20:03:31,293 INFO [org.junit.Test] zero00409
2016-08-04 20:03:31,293 INFO [org.junit.Test] zero00410
2016-08-04 20:03:31,293 INFO [org.junit.Test] zero00411
2016-08-04 20:03:31,293 INFO [org.junit.Test] zero00412
2016-08-04 20:03:31,293 INFO [org.junit.Test] zero00413
2016-08-04 20:03:31,293 INFO [org.junit.Test] zero00414
2016-08-04 20:03:31,293 INFO [org.junit.Test] zero00415
2016-08-04 20:03:31,293 INFO [org.junit.Test] zero00416
2016-08-04 20:03:31,293 INFO [org.junit.Test] zero00417
2016-08-04 20:03:31,293 INFO [org.junit.Test] zero00418
2016-08-04 20:03:31,293 INFO [org.junit.Test] zero00419
2016-08-04 20:03:31,293 INFO [org.junit.Test] zero00420
2016-08-04 20:03:31,293 INFO [org.junit.Test] zero00421
2016-08-04 20:03:31,294 INFO [org.junit.Test] zero00422
2016-08-04 20:03:31,294 INFO [org.junit.Test] zero00423
2016-08-04 20:03:31,294 INFO [org.junit.Test] zero00424
2016-08-04 20:03:31,294 INFO [org.junit.Test] zero00425
2016-08-04 20:03:31,294 INFO [org.junit.Test] zero00426
2016-08-04 20:03:31,294 INFO [org.junit.Test] zero00427
2016-08-04 20:03:31,294 INFO [org.junit.Test] zero00428
2016-08-04 20:03:31,294 INFO [org.junit.Test] zero00429
2016-08-04 20:03:31,294 INFO [org.junit.Test] zero00430
2016-08-04 20:03:31,294 INFO [org.junit.Test] zero00431
2016-08-04 20:03:31,294 INFO [org.junit.Test] zero00432
2016-08-04 20:03:31,294 INFO [org.junit.Test] zero00433
2016-08-04 20:03:31,294 INFO [org.junit.Test] zero00434
2016-08-04 20:03:31,294 INFO [org.junit.Test] zero00435
2016-08-04 20:03:31,294 INFO [org.junit.Test] zero00436
2016-08-04 20:03:31,294 INFO [org.junit.Test] zero00437
2016-08-04 20:03:31,294 INFO [org.junit.Test] zero00438
2016-08-04 20:03:31,294 INFO [org.junit.Test] zero00439
2016-08-04 20:03:31,294 INFO [org.junit.Test] zero00440
2016-08-04 20:03:31,294 INFO [org.junit.Test] zero00441
2016-08-04 20:03:31,294 INFO [org.junit.Test] zero00442
2016-08-04 20:03:31,294 INFO [org.junit.Test] zero00443
2016-08-04 20:03:31,294 INFO [org.junit.Test] zero00444
2016-08-04 20:03:31,294 INFO [org.junit.Test] zero00445
2016-08-04 20:03:31,294 INFO [org.junit.Test] zero00446
2016-08-04 20:03:31,294 INFO [org.junit.Test] zero00447
2016-08-04 20:03:31,294 INFO [org.junit.Test] zero00448
2016-08-04 20:03:31,294 INFO [org.junit.Test] zero00449
2016-08-04 20:03:31,294 INFO [org.junit.Test] zero00450
2016-08-04 20:03:31,294 INFO [org.junit.Test] zero00451
2016-08-04 20:03:31,294 INFO [org.junit.Test] zero00452
2016-08-04 20:03:31,294 INFO [org.junit.Test] zero00453
2016-08-04 20:03:31,294 INFO [org.junit.Test] zero00454
2016-08-04 20:03:31,294 INFO [org.junit.Test] zero00455
2016-08-04 20:03:31,294 INFO [org.junit.Test] zero00456
2016-08-04 20:03:31,294 INFO [org.junit.Test] zero00457
2016-08-04 20:03:31,294 INFO [org.junit.Test] zero00458
2016-08-04 20:03:31,294 INFO [org.junit.Test] zero00459
2016-08-04 20:03:31,294 INFO [org.junit.Test] zero00460
2016-08-04 20:03:31,294 INFO [org.junit.Test] zero00461
2016-08-04 20:03:31,294 INFO [org.junit.Test] zero00462
2016-08-04 20:03:31,294 INFO [org.junit.Test] zero00463
2016-08-04 20:03:31,294 INFO [org.junit.Test] zero00464
2016-08-04 20:03:31,294 INFO [org.junit.Test] zero00465
2016-08-04 20:03:31,294 INFO [org.junit.Test] zero00466
2016-08-04 20:03:31,294 INFO [org.junit.Test] zero00467
2016-08-04 20:03:31,294 INFO [org.junit.Test] zero00468
2016-08-04 20:03:31,294 INFO [org.junit.Test] zero00469
2016-08-04 20:03:31,294 INFO [org.junit.Test] zero00470
2016-08-04 20:03:31,294 INFO [org.junit.Test] zero00471
2016-08-04 20:03:31,294 INFO [org.junit.Test] zero00472
2016-08-04 20:03:31,294 INFO [org.junit.Test] zero00473
2016-08-04 20:03:31,294 INFO [org.junit.Test] zero00474
2016-08-04 20:03:31,294 INFO [org.junit.Test] zero00475
2016-08-04 20:03:31,294 INFO [org.junit.Test] zero00476
2016-08-04 20:03:31,294 INFO [org.junit.Test] zero00477
2016-08-04 20:03:31,294 INFO [org.junit.Test] zero00478
2016-08-04 20:03:31,294 INFO [org.junit.Test] zero00479
2016-08-04 20:03:31,294 INFO [org.junit.Test] zero00480
2016-08-04 20:03:31,294 INFO [org.junit.Test] zero00481
2016-08-04 20:03:31,294 INFO [org.junit.Test] zero00482
2016-08-04 20:03:31,294 INFO [org.junit.Test] zero00483
2016-08-04 20:03:31,294 INFO [org.junit.Test] zero00484
2016-08-04 20:03:31,294 INFO [org.junit.Test] zero00485
2016-08-04 20:03:31,294 INFO [org.junit.Test] zero00486
2016-08-04 20:03:31,294 INFO [org.junit.Test] zero00487
2016-08-04 20:03:31,294 INFO [org.junit.Test] zero00488
2016-08-04 20:03:31,294 INFO [org.junit.Test] zero00489
2016-08-04 20:03:31,294 INFO [org.junit.Test] zero00490
2016-08-04 20:03:31,294 INFO [org.junit.Test] zero00491
2016-08-04 20:03:31,294 INFO [org.junit.Test] zero00492
2016-08-04 20:03:31,294 INFO [org.junit.Test] zero00493
2016-08-04 20:03:31,294 INFO [org.junit.Test] zero00494
2016-08-04 20:03:31,294 INFO [org.junit.Test] zero00495
2016-08-04 20:03:31,294 INFO [org.junit.Test] zero00496
2016-08-04 20:03:31,294 INFO [org.junit.Test] zero00497
2016-08-04 20:03:31,294 INFO [org.junit.Test] zero00498
2016-08-04 20:03:31,294 INFO [org.junit.Test] zero00499
2016-08-04 20:03:31,294 INFO [org.junit.Test] zero00500
2016-08-04 20:03:31,294 INFO [org.junit.Test] zero00501
2016-08-04 20:03:31,294 INFO [org.junit.Test] zero00502
2016-08-04 20:03:31,294 INFO [org.junit.Test] zero00503
2016-08-04 20:03:31,294 INFO [org.junit.Test] zero00504
2016-08-04 20:03:31,294 INFO [org.junit.Test] zero00505
2016-08-04 20:03:31,294 INFO [org.junit.Test] zero00506
2016-08-04 20:03:31,294 INFO [org.junit.Test] zero00507
2016-08-04 20:03:31,294 INFO [org.junit.Test] zero00508
2016-08-04 20:03:31,294 INFO [org.junit.Test] zero00509
2016-08-04 20:03:31,294 INFO [org.junit.Test] zero00510
2016-08-04 20:03:31,294 INFO [org.junit.Test] zero00511
2016-08-04 20:03:31,294 INFO [org.junit.Test] zero00512
2016-08-04 20:03:31,294 INFO [org.junit.Test] zero00513
2016-08-04 20:03:31,294 INFO [org.junit.Test] zero00514
2016-08-04 20:03:31,294 INFO [org.junit.Test] zero00515
2016-08-04 20:03:31,294 INFO [org.junit.Test] zero00516
2016-08-04 20:03:31,294 INFO [org.junit.Test] zero00517
2016-08-04 20:03:31,294 INFO [org.junit.Test] zero00518
2016-08-04 20:03:31,294 INFO [org.junit.Test] zero00519
2016-08-04 20:03:31,294 INFO [org.junit.Test] zero00520
2016-08-04 20:03:31,294 INFO [org.junit.Test] zero00521
2016-08-04 20:03:31,294 INFO [org.junit.Test] zero00522
2016-08-04 20:03:31,294 INFO [org.junit.Test] zero00523
2016-08-04 20:03:31,294 INFO [org.junit.Test] zero00524
2016-08-04 20:03:31,294 INFO [org.junit.Test] zero00525
2016-08-04 20:03:31,294 INFO [org.junit.Test] zero00526
2016-08-04 20:03:31,294 INFO [org.junit.Test] zero00527
2016-08-04 20:03:31,294 INFO [org.junit.Test] zero00528
2016-08-04 20:03:31,294 INFO [org.junit.Test] zero00529
2016-08-04 20:03:31,294 INFO [org.junit.Test] zero00530
2016-08-04 20:03:31,294 INFO [org.junit.Test] zero00531
2016-08-04 20:03:31,294 INFO [org.junit.Test] zero00532
2016-08-04 20:03:31,294 INFO [org.junit.Test] zero00533
2016-08-04 20:03:31,294 INFO [org.junit.Test] zero00534
2016-08-04 20:03:31,294 INFO [org.junit.Test] zero00535
2016-08-04 20:03:31,294 INFO [org.junit.Test] zero00536
2016-08-04 20:03:31,294 INFO [org.junit.Test] zero00537
2016-08-04 20:03:31,294 INFO [org.junit.Test] zero00538
2016-08-04 20:03:31,294 INFO [org.junit.Test] zero00539
2016-08-04 20:03:31,294 INFO [org.junit.Test] zero00540
2016-08-04 20:03:31,294 INFO [org.junit.Test] zero00541
2016-08-04 20:03:31,294 INFO [org.junit.Test] zero00542
2016-08-04 20:03:31,294 INFO [org.junit.Test] zero00543
2016-08-04 20:03:31,294 INFO [org.junit.Test] zero00544
2016-08-04 20:03:31,294 INFO [org.junit.Test] zero00545
2016-08-04 20:03:31,294 INFO [org.junit.Test] zero00546
2016-08-04 20:03:31,294 INFO [org.junit.Test] zero00547
2016-08-04 20:03:31,294 INFO [org.junit.Test] zero00548
2016-08-04 20:03:31,294 INFO [org.junit.Test] zero00549
2016-08-04 20:03:31,294 INFO [org.junit.Test] zero00550
2016-08-04 20:03:31,294 INFO [org.junit.Test] zero00551
2016-08-04 20:03:31,294 INFO [org.junit.Test] zero00552
2016-08-04 20:03:31,294 INFO [org.junit.Test] zero00553
2016-08-04 20:03:31,294 INFO [org.junit.Test] zero00554
2016-08-04 20:03:31,294 INFO [org.junit.Test] zero00555
2016-08-04 20:03:31,294 INFO [org.junit.Test] zero00556
2016-08-04 20:03:31,294 INFO [org.junit.Test] zero00557
2016-08-04 20:03:31,294 INFO [org.junit.Test] zero00558
2016-08-04 20:03:31,294 INFO [org.junit.Test] zero00559
2016-08-04 20:03:31,294 INFO [org.junit.Test] zero00560
2016-08-04 20:03:31,294 INFO [org.junit.Test] zero00561
2016-08-04 20:03:31,294 INFO [org.junit.Test] zero00562
2016-08-04 20:03:31,294 INFO [org.junit.Test] zero00563
2016-08-04 20:03:31,294 INFO [org.junit.Test] zero00564
2016-08-04 20:03:31,294 INFO [org.junit.Test] zero00565
2016-08-04 20:03:31,294 INFO [org.junit.Test] zero00566
2016-08-04 20:03:31,294 INFO [org.junit.Test] zero00567
2016-08-04 20:03:31,294 INFO [org.junit.Test] zero00568
2016-08-04 20:03:31,294 INFO [org.junit.Test] zero00569
2016-08-04 20:03:31,294 INFO [org.junit.Test] zero00570
2016-08-04 20:03:31,294 INFO [org.junit.Test] zero00571
2016-08-04 20:03:31,294 INFO [org.junit.Test] zero00572
2016-08-04 20:03:31,294 INFO [org.junit.Test] zero00573
2016-08-04 20:03:31,294 INFO [org.junit.Test] zero00574
2016-08-04 20:03:31,294 INFO [org.junit.Test] zero00575
2016-08-04 20:03:31,294 INFO [org.junit.Test] zero00576
2016-08-04 20:03:31,294 INFO [org.junit.Test] zero00577
2016-08-04 20:03:31,294 INFO [org.junit.Test] zero00578
2016-08-04 20:03:31,294 INFO [org.junit.Test] zero00579
2016-08-04 20:03:31,294 INFO [org.junit.Test] zero00580
2016-08-04 20:03:31,294 INFO [org.junit.Test] zero00581
2016-08-04 20:03:31,294 INFO [org.junit.Test] zero00582
2016-08-04 20:03:31,294 INFO [org.junit.Test] zero00583
2016-08-04 20:03:31,294 INFO [org.junit.Test] zero00584
2016-08-04 20:03:31,294 INFO [org.junit.Test] zero00585
2016-08-04 20:03:31,294 INFO [org.junit.Test] zero00586
2016-08-04 20:03:31,294 INFO [org.junit.Test] zero00587
2016-08-04 20:03:31,294 INFO [org.junit.Test] zero00588
2016-08-04 20:03:31,294 INFO [org.junit.Test] zero00589
2016-08-04 20:03:31,294 INFO [org.junit.Test] zero00590
2016-08-04 20:03:31,294 INFO [org.junit.Test] zero00591
2016-08-04 20:03:31,294 INFO [org.junit.Test] zero00592
2016-08-04 20:03:31,294 INFO [org.junit.Test] zero00593
2016-08-04 20:03:31,294 INFO [org.junit.Test] zero00594
2016-08-04 20:03:31,294 INFO [org.junit.Test] zero00595
2016-08-04 20:03:31,294 INFO [org.junit.Test] zero00596
2016-08-04 20:03:31,294 INFO [org.junit.Test] zero00597
2016-08-04 20:03:31,294 INFO [org.junit.Test] zero00598
2016-08-04 20:03:31,294 INFO [org.junit.Test] zero00599
2016-08-04 20:03:31,294 INFO [org.junit.Test] zero00600
2016-08-04 20:03:31,294 INFO [org.junit.Test] zero00601
2016-08-04 20:03:31,294 INFO [org.junit.Test] zero00602
2016-08-04 20:03:31,294 INFO [org.junit.Test] zero00603
2016-08-04 20:03:31,294 INFO [org.junit.Test] zero00604
2016-08-04 20:03:31,294 INFO [org.junit.Test] zero00605
2016-08-04 20:03:31,294 INFO [org.junit.Test] zero00606
2016-08-04 20:03:31,294 INFO [org.junit.Test] zero00607
2016-08-04 20:03:31,294 INFO [org.junit.Test] zero00608
2016-08-04 20:03:31,294 INFO [org.junit.Test] zero00609
2016-08-04 20:03:31,294 INFO [org.junit.Test] zero00610
2016-08-04 20:03:31,294 INFO [org.junit.Test] zero00611
2016-08-04 20:03:31,294 INFO [org.junit.Test] zero00612
2016-08-04 20:03:31,294 INFO [org.junit.Test] zero00613
2016-08-04 20:03:31,294 INFO [org.junit.Test] zero00614
2016-08-04 20:03:31,294 INFO [org.junit.Test] zero00615
2016-08-04 20:03:31,294 INFO [org.junit.Test] zero00616
2016-08-04 20:03:31,294 INFO [org.junit.Test] zero00617
2016-08-04 20:03:31,294 INFO [org.junit.Test] zero00618
2016-08-04 20:03:31,294 INFO [org.junit.Test] zero00619
2016-08-04 20:03:31,294 INFO [org.junit.Test] zero00620
2016-08-04 20:03:31,294 INFO [org.junit.Test] zero00621
2016-08-04 20:03:31,294 INFO [org.junit.Test] zero00622
2016-08-04 20:03:31,294 INFO [org.junit.Test] zero00623
2016-08-04 20:03:31,294 INFO [org.junit.Test] zero00624
2016-08-04 20:03:31,294 INFO [org.junit.Test] zero00625
2016-08-04 20:03:31,294 INFO [org.junit.Test] zero00626
2016-08-04 20:03:31,294 INFO [org.junit.Test] zero00627
2016-08-04 20:03:31,294 INFO [org.junit.Test] zero00628
2016-08-04 20:03:31,294 INFO [org.junit.Test] zero00629
2016-08-04 20:03:31,294 INFO [org.junit.Test] zero00630
2016-08-04 20:03:31,294 INFO [org.junit.Test] zero00631
2016-08-04 20:03:31,294 INFO [org.junit.Test] zero00632
2016-08-04 20:03:31,294 INFO [org.junit.Test] zero00633
2016-08-04 20:03:31,294 INFO [org.junit.Test] zero00634
2016-08-04 20:03:31,294 INFO [org.junit.Test] zero00635
2016-08-04 20:03:31,294 INFO [org.junit.Test] zero00636
2016-08-04 20:03:31,294 INFO [org.junit.Test] zero00637
2016-08-04 20:03:31,294 INFO [org.junit.Test] zero00638
2016-08-04 20:03:31,294 INFO [org.junit.Test] zero00639
2016-08-04 20:03:31,294 INFO [org.junit.Test] zero00640
2016-08-04 20:03:31,294 INFO [org.junit.Test] zero00641
2016-08-04 20:03:31,294 INFO [org.junit.Test] zero00642
2016-08-04 20:03:31,294 INFO [org.junit.Test] zero00643
2016-08-04 20:03:31,294 INFO [org.junit.Test] zero00644
2016-08-04 20:03:31,294 INFO [org.junit.Test] zero00645
2016-08-04 20:03:31,294 INFO [org.junit.Test] zero00646
2016-08-04 20:03:31,294 INFO [org.junit.Test] zero00647
2016-08-04 20:03:31,294 INFO [org.junit.Test] zero00648
2016-08-04 20:03:31,294 INFO [org.junit.Test] zero00649
2016-08-04 20:03:31,294 INFO [org.junit.Test] zero00650
2016-08-04 20:03:31,294 INFO [org.junit.Test] zero00651
2016-08-04 20:03:31,294 INFO [org.junit.Test] zero00652
2016-08-04 20:03:31,294 INFO [org.junit.Test] zero00653
2016-08-04 20:03:31,294 INFO [org.junit.Test] zero00654
2016-08-04 20:03:31,294 INFO [org.junit.Test] zero00655
2016-08-04 20:03:31,294 INFO [org.junit.Test] zero00656
2016-08-04 20:03:31,294 INFO [org.junit.Test] zero00657
2016-08-04 20:03:31,294 INFO [org.junit.Test] zero00658
2016-08-04 20:03:31,294 INFO [org.junit.Test] zero00659
2016-08-04 20:03:31,294 INFO [org.junit.Test] zero00660
2016-08-04 20:03:31,294 INFO [org.junit.Test] zero00661
2016-08-04 20:03:31,294 INFO [org.junit.Test] zero00662
2016-08-04 20:03:31,294 INFO [org.junit.Test] zero00663
2016-08-04 20:03:31,294 INFO [org.junit.Test] zero00664
2016-08-04 20:03:31,294 INFO [org.junit.Test] zero00665
2016-08-04 20:03:31,294 INFO [org.junit.Test] zero00666
2016-08-04 20:03:31,294 INFO [org.junit.Test] zero00667
2016-08-04 20:03:31,294 INFO [org.junit.Test] zero00668
2016-08-04 20:03:31,294 INFO [org.junit.Test] zero00669
2016-08-04 20:03:31,294 INFO [org.junit.Test] zero00670
2016-08-04 20:03:31,294 INFO [org.junit.Test] zero00671
2016-08-04 20:03:31,294 INFO [org.junit.Test] zero00672
2016-08-04 20:03:31,294 INFO [org.junit.Test] zero00673
2016-08-04 20:03:31,294 INFO [org.junit.Test] zero00674
2016-08-04 20:03:31,294 INFO [org.junit.Test] zero00675
2016-08-04 20:03:31,294 INFO [org.junit.Test] zero00676
2016-08-04 20:03:31,294 INFO [org.junit.Test] zero00677
2016-08-04 20:03:31,294 INFO [org.junit.Test] zero00678
2016-08-04 20:03:31,294 INFO [org.junit.Test] zero00679
2016-08-04 20:03:31,294 INFO [org.junit.Test] zero00680
2016-08-04 20:03:31,294 INFO [org.junit.Test] zero00681
2016-08-04 20:03:31,294 INFO [org.junit.Test] zero00682
2016-08-04 20:03:31,294 INFO [org.junit.Test] zero00683
2016-08-04 20:03:31,294 INFO [org.junit.Test] zero00684
2016-08-04 20:03:31,294 INFO [org.junit.Test] zero00685
2016-08-04 20:03:31,294 INFO [org.junit.Test] zero00686
2016-08-04 20:03:31,294 INFO [org.junit.Test] zero00687
2016-08-04 20:03:31,294 INFO [org.junit.Test] zero00688
2016-08-04 20:03:31,294 INFO [org.junit.Test] zero00689
2016-08-04 20:03:31,294 INFO [org.junit.Test] zero00690
2016-08-04 20:03:31,294 INFO [org.junit.Test] zero00691
2016-08-04 20:03:31,294 INFO [org.junit.Test] zero00692
2016-08-04 20:03:31,294 INFO [org.junit.Test] zero00693
2016-08-04 20:03:31,294 INFO [org.junit.Test] zero00694
2016-08-04 20:03:31,294 INFO [org.junit.Test] zero00695
2016-08-04 20:03:31,294 INFO [org.junit.Test] zero00696
2016-08-04 20:03:31,294 INFO [org.junit.Test] zero00697
2016-08-04 20:03:31,294 INFO [org.junit.Test] zero00698
2016-08-04 20:03:31,294 INFO [org.junit.Test] zero00699
2016-08-04 20:03:31,294 INFO [org.junit.Test] zero00700
2016-08-04 20:03:31,294 INFO [org.junit.Test] zero00701
2016-08-04 20:03:31,294 INFO [org.junit.Test] zero00702
2016-08-04 20:03:31,294 INFO [org.junit.Test] zero00703
2016-08-04 20:03:31,294 INFO [org.junit.Test] zero00704
2016-08-04 20:03:31,294 INFO [org.junit.Test] zero00705
2016-08-04 20:03:31,294 INFO [org.junit.Test] zero00706
2016-08-04 20:03:31,294 INFO [org.junit.Test] zero00707
2016-08-04 20:03:31,294 INFO [org.junit.Test] zero00708
2016-08-04 20:03:31,294 INFO [org.junit.Test] zero00709
2016-08-04 20:03:31,294 INFO [org.junit.Test] zero00710
2016-08-04 20:03:31,294 INFO [org.junit.Test] zero00711
2016-08-04 20:03:31,294 INFO [org.junit.Test] zero00712
2016-08-04 20:03:31,294 INFO [org.junit.Test] zero00713
2016-08-04 20:03:31,294 INFO [org.junit.Test] zero00714
2016-08-04 20:03:31,294 INFO [org.junit.Test] zero00715
2016-08-04 20:03:31,294 INFO [org.junit.Test] zero00716
2016-08-04 20:03:31,294 INFO [org.junit.Test] zero00717
2016-08-04 20:03:31,294 INFO [org.junit.Test] zero00718
2016-08-04 20:03:31,294 INFO [org.junit.Test] zero00719
2016-08-04 20:03:31,294 INFO [org.junit.Test] zero00720
2016-08-04 20:03:31,294 INFO [org.junit.Test] zero00721
2016-08-04 20:03:31,294 INFO [org.junit.Test] zero00722
2016-08-04 20:03:31,294 INFO [org.junit.Test] zero00723
2016-08-04 20:03:31,294 INFO [org.junit.Test] zero00724
2016-08-04 20:03:31,295 INFO [org.junit.Test] zero00725
2016-08-04 20:03:31,295 INFO [org.junit.Test] zero00726
2016-08-04 20:03:31,295 INFO [org.junit.Test] zero00727
2016-08-04 20:03:31,295 INFO [org.junit.Test] zero00728
2016-08-04 20:03:31,295 INFO [org.junit.Test] zero00729
2016-08-04 20:03:31,295 INFO [org.junit.Test] zero00730
2016-08-04 20:03:31,295 INFO [org.junit.Test] zero00731
2016-08-04 20:03:31,295 INFO [org.junit.Test] zero00732
2016-08-04 20:03:31,295 INFO [org.junit.Test] zero00733
2016-08-04 20:03:31,295 INFO [org.junit.Test] zero00734
2016-08-04 20:03:31,295 INFO [org.junit.Test] zero00735
2016-08-04 20:03:31,295 INFO [org.junit.Test] zero00736
2016-08-04 20:03:31,295 INFO [org.junit.Test] zero00737
2016-08-04 20:03:31,295 INFO [org.junit.Test] zero00738
2016-08-04 20:03:31,295 INFO [org.junit.Test] zero00739
2016-08-04 20:03:31,295 INFO [org.junit.Test] zero00740
2016-08-04 20:03:31,295 INFO [org.junit.Test] zero00741
2016-08-04 20:03:31,295 INFO [org.junit.Test] zero00742
2016-08-04 20:03:31,295 INFO [org.junit.Test] zero00743
2016-08-04 20:03:31,295 INFO [org.junit.Test] zero00744
2016-08-04 20:03:31,295 INFO [org.junit.Test] zero00745
2016-08-04 20:03:31,295 INFO [org.junit.Test] zero00746
2016-08-04 20:03:31,295 INFO [org.junit.Test] zero00747
2016-08-04 20:03:31,295 INFO [org.junit.Test] zero00748
2016-08-04 20:03:31,295 INFO [org.junit.Test] zero00749
2016-08-04 20:03:31,295 INFO [org.junit.Test] zero00750
2016-08-04 20:03:31,295 INFO [org.junit.Test] zero00751
2016-08-04 20:03:31,295 INFO [org.junit.Test] zero00752
2016-08-04 20:03:31,295 INFO [org.junit.Test] zero00753
2016-08-04 20:03:31,295 INFO [org.junit.Test] zero00754
2016-08-04 20:03:31,295 INFO [org.junit.Test] zero00755
2016-08-04 20:03:31,295 INFO [org.junit.Test] zero00756
2016-08-04 20:03:31,295 INFO [org.junit.Test] zero00757
2016-08-04 20:03:31,295 INFO [org.junit.Test] zero00758
2016-08-04 20:03:31,295 INFO [org.junit.Test] zero00759
2016-08-04 20:03:31,295 INFO [org.junit.Test] zero00760
2016-08-04 20:03:31,295 INFO [org.junit.Test] zero00761
2016-08-04 20:03:31,295 INFO [org.junit.Test] zero00762
2016-08-04 20:03:31,295 INFO [org.junit.Test] zero00763
2016-08-04 20:03:31,295 INFO [org.junit.Test] zero00764
2016-08-04 20:03:31,295 INFO [org.junit.Test] zero00765
2016-08-04 20:03:31,295 INFO [org.junit.Test] zero00766
2016-08-04 20:03:31,295 INFO [org.junit.Test] zero00767
2016-08-04 20:03:31,295 INFO [org.junit.Test] zero00768
2016-08-04 20:03:31,295 INFO [org.junit.Test] zero00769
2016-08-04 20:03:31,295 INFO [org.junit.Test] zero00770
2016-08-04 20:03:31,295 INFO [org.junit.Test] zero00771
2016-08-04 20:03:31,295 INFO [org.junit.Test] zero00772
2016-08-04 20:03:31,295 INFO [org.junit.Test] zero00773
2016-08-04 20:03:31,295 INFO [org.junit.Test] zero00774
2016-08-04 20:03:31,295 INFO [org.junit.Test] zero00775
2016-08-04 20:03:31,295 INFO [org.junit.Test] zero00776
2016-08-04 20:03:31,295 INFO [org.junit.Test] zero00777
2016-08-04 20:03:31,295 INFO [org.junit.Test] zero00778
2016-08-04 20:03:31,295 INFO [org.junit.Test] zero00779
2016-08-04 20:03:31,295 INFO [org.junit.Test] zero00780
2016-08-04 20:03:31,295 INFO [org.junit.Test] zero00781
2016-08-04 20:03:31,295 INFO [org.junit.Test] zero00782
2016-08-04 20:03:31,295 INFO [org.junit.Test] zero00783
2016-08-04 20:03:31,295 INFO [org.junit.Test] zero00784
2016-08-04 20:03:31,295 INFO [org.junit.Test] zero00785
2016-08-04 20:03:31,295 INFO [org.junit.Test] zero00786
2016-08-04 20:03:31,295 INFO [org.junit.Test] zero00787
2016-08-04 20:03:31,295 INFO [org.junit.Test] zero00788
2016-08-04 20:03:31,295 INFO [org.junit.Test] zero00789
2016-08-04 20:03:31,295 INFO [org.junit.Test] zero00790
2016-08-04 20:03:31,295 INFO [org.junit.Test] zero00791
2016-08-04 20:03:31,295 INFO [org.junit.Test] zero00792
2016-08-04 20:03:31,295 INFO [org.junit.Test] zero00793
2016-08-04 20:03:31,295 INFO [org.junit.Test] zero00794
2016-08-04 20:03:31,295 INFO [org.junit.Test] zero00795
2016-08-04 20:03:31,295 INFO [org.junit.Test] zero00796
2016-08-04 20:03:31,295 INFO [org.junit.Test] zero00797
2016-08-04 20:03:31,295 INFO [org.junit.Test] zero00798
2016-08-04 20:03:31,295 INFO [org.junit.Test] zero00799
2016-08-04 20:03:31,295 INFO [org.junit.Test] zero00800
2016-08-04 20:03:31,295 INFO [org.junit.Test] zero00801
2016-08-04 20:03:31,295 INFO [org.junit.Test] zero00802
2016-08-04 20:03:31,295 INFO [org.junit.Test] zero00803
2016-08-04 20:03:31,295 INFO [org.junit.Test] zero00804
2016-08-04 20:03:31,295 INFO [org.junit.Test] zero00805
2016-08-04 20:03:31,295 INFO [org.junit.Test] zero00806
2016-08-04 20:03:31,295 INFO [org.junit.Test] zero00807
2016-08-04 20:03:31,295 INFO [org.junit.Test] zero00808
2016-08-04 20:03:31,295 INFO [org.junit.Test] zero00809
2016-08-04 20:03:31,295 INFO [org.junit.Test] zero00810
2016-08-04 20:03:31,295 INFO [org.junit.Test] zero00811
2016-08-04 20:03:31,295 INFO [org.junit.Test] zero00812
2016-08-04 20:03:31,295 INFO [org.junit.Test] zero00813
2016-08-04 20:03:31,295 INFO [org.junit.Test] zero00814
2016-08-04 20:03:31,295 INFO [org.junit.Test] zero00815
2016-08-04 20:03:31,295 INFO [org.junit.Test] zero00816
2016-08-04 20:03:31,295 INFO [org.junit.Test] zero00817
2016-08-04 20:03:31,295 INFO [org.junit.Test] zero00818
2016-08-04 20:03:31,295 INFO [org.junit.Test] zero00819
2016-08-04 20:03:31,295 INFO [org.junit.Test] zero00820
2016-08-04 20:03:31,295 INFO [org.junit.Test] zero00821
2016-08-04 20:03:31,295 INFO [org.junit.Test] zero00822
2016-08-04 20:03:31,295 INFO [org.junit.Test] zero00823
2016-08-04 20:03:31,295 INFO [org.junit.Test] zero00824
2016-08-04 20:03:31,295 INFO [org.junit.Test] zero00825
2016-08-04 20:03:31,295 INFO [org.junit.Test] zero00826
2016-08-04 20:03:31,295 INFO [org.junit.Test] zero00827
2016-08-04 20:03:31,295 INFO [org.junit.Test] zero00828
2016-08-04 20:03:31,295 INFO [org.junit.Test] zero00829
2016-08-04 20:03:31,295 INFO [org.junit.Test] zero00830
2016-08-04 20:03:31,295 INFO [org.junit.Test] zero00831
2016-08-04 20:03:31,295 INFO [org.junit.Test] zero00832
2016-08-04 20:03:31,295 INFO [org.junit.Test] zero00833
2016-08-04 20:03:31,295 INFO [org.junit.Test] zero00834
2016-08-04 20:03:31,295 INFO [org.junit.Test] zero00835
2016-08-04 20:03:31,295 INFO [org.junit.Test] zero00836
2016-08-04 20:03:31,295 INFO [org.junit.Test] zero00837
2016-08-04 20:03:31,295 INFO [org.junit.Test] zero00838
2016-08-04 20:03:31,295 INFO [org.junit.Test] zero00839
2016-08-04 20:03:31,295 INFO [org.junit.Test] zero00840
2016-08-04 20:03:31,295 INFO [org.junit.Test] zero00841
2016-08-04 20:03:31,295 INFO [org.junit.Test] zero00842
2016-08-04 20:03:31,295 INFO [org.junit.Test] zero00843
2016-08-04 20:03:31,295 INFO [org.junit.Test] zero00844
2016-08-04 20:03:31,295 INFO [org.junit.Test] zero00845
2016-08-04 20:03:31,295 INFO [org.junit.Test] zero00846
2016-08-04 20:03:31,295 INFO [org.junit.Test] zero00847
2016-08-04 20:03:31,295 INFO [org.junit.Test] zero00848
2016-08-04 20:03:31,295 INFO [org.junit.Test] zero00849
2016-08-04 20:03:31,295 INFO [org.junit.Test] zero00850
2016-08-04 20:03:31,295 INFO [org.junit.Test] zero00851
2016-08-04 20:03:31,295 INFO [org.junit.Test] zero00852
2016-08-04 20:03:31,295 INFO [org.junit.Test] zero00853
2016-08-04 20:03:31,295 INFO [org.junit.Test] zero00854
2016-08-04 20:03:31,295 INFO [org.junit.Test] zero00855
2016-08-04 20:03:31,295 INFO [org.junit.Test] zero00856
2016-08-04 20:03:31,295 INFO [org.junit.Test] zero00857
2016-08-04 20:03:31,295 INFO [org.junit.Test] zero00858
2016-08-04 20:03:31,295 INFO [org.junit.Test] zero00859
2016-08-04 20:03:31,295 INFO [org.junit.Test] zero00860
2016-08-04 20:03:31,295 INFO [org.junit.Test] zero00861
2016-08-04 20:03:31,295 INFO [org.junit.Test] zero00862
2016-08-04 20:03:31,295 INFO [org.junit.Test] zero00863
2016-08-04 20:03:31,295 INFO [org.junit.Test] zero00864
2016-08-04 20:03:31,295 INFO [org.junit.Test] zero00865
2016-08-04 20:03:31,295 INFO [org.junit.Test] zero00866
2016-08-04 20:03:31,295 INFO [org.junit.Test] zero00867
2016-08-04 20:03:31,295 INFO [org.junit.Test] zero00868
2016-08-04 20:03:31,295 INFO [org.junit.Test] zero00869
2016-08-04 20:03:31,295 INFO [org.junit.Test] zero00870
2016-08-04 20:03:31,295 INFO [org.junit.Test] zero00871
2016-08-04 20:03:31,295 INFO [org.junit.Test] zero00872
2016-08-04 20:03:31,295 INFO [org.junit.Test] zero00873
2016-08-04 20:03:31,295 INFO [org.junit.Test] zero00874
2016-08-04 20:03:31,295 INFO [org.junit.Test] zero00875
2016-08-04 20:03:31,295 INFO [org.junit.Test] zero00876
2016-08-04 20:03:31,295 INFO [org.junit.Test] zero00877
2016-08-04 20:03:31,295 INFO [org.junit.Test] zero00878
2016-08-04 20:03:31,295 INFO [org.junit.Test] zero00879
2016-08-04 20:03:31,295 INFO [org.junit.Test] zero00880
2016-08-04 20:03:31,295 INFO [org.junit.Test] zero00881
2016-08-04 20:03:31,295 INFO [org.junit.Test] zero00882
2016-08-04 20:03:31,295 INFO [org.junit.Test] zero00883
2016-08-04 20:03:31,295 INFO [org.junit.Test] zero00884
2016-08-04 20:03:31,295 INFO [org.junit.Test] zero00885
2016-08-04 20:03:31,295 INFO [org.junit.Test] zero00886
2016-08-04 20:03:31,295 INFO [org.junit.Test] zero00887
2016-08-04 20:03:31,295 INFO [org.junit.Test] zero00888
2016-08-04 20:03:31,295 INFO [org.junit.Test] zero00889
2016-08-04 20:03:31,295 INFO [org.junit.Test] zero00890
2016-08-04 20:03:31,295 INFO [org.junit.Test] zero00891
2016-08-04 20:03:31,295 INFO [org.junit.Test] zero00892
2016-08-04 20:03:31,295 INFO [org.junit.Test] zero00893
2016-08-04 20:03:31,295 INFO [org.junit.Test] zero00894
2016-08-04 20:03:31,295 INFO [org.junit.Test] zero00895
2016-08-04 20:03:31,295 INFO [org.junit.Test] zero00896
2016-08-04 20:03:31,295 INFO [org.junit.Test] zero00897
2016-08-04 20:03:31,295 INFO [org.junit.Test] zero00898
2016-08-04 20:03:31,295 INFO [org.junit.Test] zero00899
2016-08-04 20:03:31,295 INFO [org.junit.Test] zero00900
2016-08-04 20:03:31,295 INFO [org.junit.Test] zero00901
2016-08-04 20:03:31,295 INFO [org.junit.Test] zero00902
2016-08-04 20:03:31,295 INFO [org.junit.Test] zero00903
2016-08-04 20:03:31,295 INFO [org.junit.Test] zero00904
2016-08-04 20:03:31,295 INFO [org.junit.Test] zero00905
2016-08-04 20:03:31,295 INFO [org.junit.Test] zero00906
2016-08-04 20:03:31,295 INFO [org.junit.Test] zero00907
2016-08-04 20:03:31,295 INFO [org.junit.Test] zero00908
2016-08-04 20:03:31,295 INFO [org.junit.Test] zero00909
2016-08-04 20:03:31,295 INFO [org.junit.Test] zero00910
2016-08-04 20:03:31,295 INFO [org.junit.Test] zero00911
2016-08-04 20:03:31,295 INFO [org.junit.Test] zero00912
2016-08-04 20:03:31,295 INFO [org.junit.Test] zero00913
2016-08-04 20:03:31,295 INFO [org.junit.Test] zero00914
2016-08-04 20:03:31,295 INFO [org.junit.Test] zero00915
2016-08-04 20:03:31,295 INFO [org.junit.Test] zero00916
2016-08-04 20:03:31,295 INFO [org.junit.Test] zero00917
2016-08-04 20:03:31,295 INFO [org.junit.Test] zero00918
2016-08-04 20:03:31,295 INFO [org.junit.Test] zero00919
2016-08-04 20:03:31,295 INFO [org.junit.Test] zero00920
2016-08-04 20:03:31,295 INFO [org.junit.Test] zero00921
2016-08-04 20:03:31,295 INFO [org.junit.Test] zero00922
2016-08-04 20:03:31,295 INFO [org.junit.Test] zero00923
2016-08-04 20:03:31,295 INFO [org.junit.Test] zero00924
2016-08-04 20:03:31,295 INFO [org.junit.Test] zero00925
2016-08-04 20:03:31,295 INFO [org.junit.Test] zero00926
2016-08-04 20:03:31,295 INFO [org.junit.Test] zero00927
2016-08-04 20:03:31,295 INFO [org.junit.Test] zero00928
2016-08-04 20:03:31,295 INFO [org.junit.Test] zero00929
2016-08-04 20:03:31,295 INFO [org.junit.Test] zero00930
2016-08-04 20:03:31,295 INFO [org.junit.Test] zero00931
2016-08-04 20:03:31,295 INFO [org.junit.Test] zero00932
2016-08-04 20:03:31,295 INFO [org.junit.Test] zero00933
2016-08-04 20:03:31,295 INFO [org.junit.Test] zero00934
2016-08-04 20:03:31,295 INFO [org.junit.Test] zero00935
2016-08-04 20:03:31,295 INFO [org.junit.Test] zero00936
2016-08-04 20:03:31,295 INFO [org.junit.Test] zero00937
2016-08-04 20:03:31,295 INFO [org.junit.Test] zero00938
2016-08-04 20:03:31,295 INFO [org.junit.Test] zero00939
2016-08-04 20:03:31,295 INFO [org.junit.Test] zero00940
2016-08-04 20:03:31,295 INFO [org.junit.Test] zero00941
2016-08-04 20:03:31,295 INFO [org.junit.Test] zero00942
2016-08-04 20:03:31,295 INFO [org.junit.Test] zero00943
2016-08-04 20:03:31,295 INFO [org.junit.Test] zero00944
2016-08-04 20:03:31,295 INFO [org.junit.Test] zero00945
2016-08-04 20:03:31,295 INFO [org.junit.Test] zero00946
2016-08-04 20:03:31,295 INFO [org.junit.Test] zero00947
2016-08-04 20:03:31,295 INFO [org.junit.Test] zero00948
2016-08-04 20:03:31,295 INFO [org.junit.Test] zero00949
2016-08-04 20:03:31,295 INFO [org.junit.Test] zero00950
2016-08-04 20:03:31,295 INFO [org.junit.Test] zero00951
2016-08-04 20:03:31,295 INFO [org.junit.Test] zero00952
2016-08-04 20:03:31,295 INFO [org.junit.Test] zero00953
2016-08-04 20:03:31,295 INFO [org.junit.Test] zero00954
2016-08-04 20:03:31,295 INFO [org.junit.Test] zero00955
2016-08-04 20:03:31,295 INFO [org.junit.Test] zero00956
2016-08-04 20:03:31,295 INFO [org.junit.Test] zero00957
2016-08-04 20:03:31,295 INFO [org.junit.Test] zero00958
2016-08-04 20:03:31,295 INFO [org.junit.Test] zero00959
2016-08-04 20:03:31,295 INFO [org.junit.Test] zero00960
2016-08-04 20:03:31,295 INFO [org.junit.Test] zero00961
2016-08-04 20:03:31,295 INFO [org.junit.Test] zero00962
2016-08-04 20:03:31,295 INFO [org.junit.Test] zero00963
2016-08-04 20:03:31,295 INFO [org.junit.Test] zero00964
2016-08-04 20:03:31,295 INFO [org.junit.Test] zero00965
2016-08-04 20:03:31,295 INFO [org.junit.Test] zero00966
2016-08-04 20:03:31,295 INFO [org.junit.Test] zero00967
2016-08-04 20:03:31,295 INFO [org.junit.Test] zero00968
2016-08-04 20:03:31,295 INFO [org.junit.Test] zero00969
2016-08-04 20:03:31,295 INFO [org.junit.Test] zero00970
2016-08-04 20:03:31,295 INFO [org.junit.Test] zero00971
2016-08-04 20:03:31,295 INFO [org.junit.Test] zero00972
2016-08-04 20:03:31,295 INFO [org.junit.Test] zero00973
2016-08-04 20:03:31,295 INFO [org.junit.Test] zero00974
2016-08-04 20:03:31,295 INFO [org.junit.Test] zero00975
2016-08-04 20:03:31,295 INFO [org.junit.Test] zero00976
2016-08-04 20:03:31,295 INFO [org.junit.Test] zero00977
2016-08-04 20:03:31,295 INFO [org.junit.Test] zero00978
2016-08-04 20:03:31,295 INFO [org.junit.Test] zero00979
2016-08-04 20:03:31,295 INFO [org.junit.Test] zero00980
2016-08-04 20:03:31,295 INFO [org.junit.Test] zero00981
2016-08-04 20:03:31,295 INFO [org.junit.Test] zero00982
2016-08-04 20:03:31,295 INFO [org.junit.Test] zero00983
2016-08-04 20:03:31,295 INFO [org.junit.Test] zero00984
2016-08-04 20:03:31,295 INFO [org.junit.Test] zero00985
2016-08-04 20:03:31,295 INFO [org.junit.Test] zero00986
2016-08-04 20:03:31,295 INFO [org.junit.Test] zero00987
2016-08-04 20:03:31,295 INFO [org.junit.Test] zero00988
2016-08-04 20:03:31,295 INFO [org.junit.Test] zero00989
2016-08-04 20:03:31,295 INFO [org.junit.Test] zero00990
2016-08-04 20:03:31,295 INFO [org.junit.Test] zero00991
2016-08-04 20:03:31,295 INFO [org.junit.Test] zero00992
2016-08-04 20:03:31,295 INFO [org.junit.Test] zero00993
2016-08-04 20:03:31,295 INFO [org.junit.Test] zero00994
2016-08-04 20:03:31,295 INFO [org.junit.Test] zero00995
2016-08-04 20:03:31,295 INFO [org.junit.Test] zero00996
2016-08-04 20:03:31,295 INFO [org.junit.Test] zero00997
2016-08-04 20:03:31,295 INFO [org.junit.Test] zero00998
2016-08-04 20:03:31,295 INFO [org.junit.Test] zero00999
2016-08-04 20:03:34,295 INFO [org.junit.Test] zero000
2016-08-04 20:03:34,295 INFO [org.junit.Test] zero001
2016-08-04 20:03:34,295 INFO [org.junit.Test] zero002
2016-08-04 20:03:34,295 INFO [org.junit.Test] zero003
2016-08-04 20:03:34,295 INFO [org.junit.Test] zero004
2016-08-04 20:03:34,295 INFO [org.junit.Test] zero005
2016-08-04 20:03:34,295 INFO [org.junit.Test] zero006
2016-08-04 20:03:34,295 INFO [org.junit.Test] zero007
2016-08-04 20:03:34,295 INFO [org.junit.Test] zero008
2016-08-04 20:03:34,295 INFO [org.junit.Test] zero009
2016-08-04 20:03:34,295 INFO [org.junit.Test] zero0010
2016-08-04 20:03:34,295 INFO [org.junit.Test] zero0011
2016-08-04 20:03:34,295 INFO [org.junit.Test] zero0012
2016-08-04 20:03:34,295 INFO [org.junit.Test] zero0013
2016-08-04 20:03:34,295 INFO [org.junit.Test] zero0014
2016-08-04 20:03:34,295 INFO [org.junit.Test] zero0015
2016-08-04 20:03:34,295 INFO [org.junit.Test] zero0016
2016-08-04 20:03:34,295 INFO [org.junit.Test] zero0017
2016-08-04 20:03:34,295 INFO [org.junit.Test] zero0018
2016-08-04 20:03:34,295 INFO [org.junit.Test] zero0019
2016-08-04 20:03:34,295 INFO [org.junit.Test] zero0020
2016-08-04 20:03:34,295 INFO [org.junit.Test] zero0021
2016-08-04 20:03:34,295 INFO [org.junit.Test] zero0022
2016-08-04 20:03:34,295 INFO [org.junit.Test] zero0023
2016-08-04 20:03:34,295 INFO [org.junit.Test] zero0024
2016-08-04 20:03:34,295 INFO [org.junit.Test] zero0025
2016-08-04 20:03:34,295 INFO [org.junit.Test] zero0026
2016-08-04 20:03:34,295 INFO [org.junit.Test] zero0027
2016-08-04 20:03:34,295 INFO [org.junit.Test] zero0028
2016-08-04 20:03:34,295 INFO [org.junit.Test] zero0029
2016-08-04 20:03:34,295 INFO [org.junit.Test] zero0030
2016-08-04 20:03:34,295 INFO [org.junit.Test] zero0031
2016-08-04 20:03:34,295 INFO [org.junit.Test] zero0032
2016-08-04 20:03:34,295 INFO [org.junit.Test] zero0033
2016-08-04 20:03:34,295 INFO [org.junit.Test] zero0034
2016-08-04 20:03:34,295 INFO [org.junit.Test] zero0035
2016-08-04 20:03:34,295 INFO [org.junit.Test] zero0036
2016-08-04 20:03:34,295 INFO [org.junit.Test] zero0037
2016-08-04 20:03:34,295 INFO [org.junit.Test] zero0038
2016-08-04 20:03:34,295 INFO [org.junit.Test] zero0039
2016-08-04 20:03:34,295 INFO [org.junit.Test] zero0040
2016-08-04 20:03:34,295 INFO [org.junit.Test] zero0041
2016-08-04 20:03:34,295 INFO [org.junit.Test] zero0042
2016-08-04 20:03:34,295 INFO [org.junit.Test] zero0043
2016-08-04 20:03:34,295 INFO [org.junit.Test] zero0044
2016-08-04 20:03:34,295 INFO [org.junit.Test] zero0045
2016-08-04 20:03:34,295 INFO [org.junit.Test] zero0046
2016-08-04 20:03:34,295 INFO [org.junit.Test] zero0047
2016-08-04 20:03:34,295 INFO [org.junit.Test] zero0048
2016-08-04 20:03:34,295 INFO [org.junit.Test] zero0049
2016-08-04 20:03:34,295 INFO [org.junit.Test] zero0050
2016-08-04 20:03:34,295 INFO [org.junit.Test] zero0051
2016-08-04 20:03:34,295 INFO [org.junit.Test] zero0052
2016-08-04 20:03:34,295 INFO [org.junit.Test] zero0053
2016-08-04 20:03:34,295 INFO [org.junit.Test] zero0054
2016-08-04 20:03:34,295 INFO [org.junit.Test] zero0055
2016-08-04 20:03:34,295 INFO [org.junit.Test] zero0056
2016-08-04 20:03:34,295 INFO [org.junit.Test] zero0057
2016-08-04 20:03:34,295 INFO [org.junit.Test] zero0058
2016-08-04 20:03:34,295 INFO [org.junit.Test] zero0059
2016-08-04 20:03:34,295 INFO [org.junit.Test] zero0060
2016-08-04 20:03:34,295 INFO [org.junit.Test] zero0061
2016-08-04 20:03:34,295 INFO [org.junit.Test] zero0062
2016-08-04 20:03:34,295 INFO [org.junit.Test] zero0063
2016-08-04 20:03:34,295 INFO [org.junit.Test] zero0064
2016-08-04 20:03:34,295 INFO [org.junit.Test] zero0065
2016-08-04 20:03:34,295 INFO [org.junit.Test] zero0066
2016-08-04 20:03:34,295 INFO [org.junit.Test] zero0067
2016-08-04 20:03:34,295 INFO [org.junit.Test] zero0068
2016-08-04 20:03:34,295 INFO [org.junit.Test] zero0069
2016-08-04 20:03:34,295 INFO [org.junit.Test] zero0070
2016-08-04 20:03:34,295 INFO [org.junit.Test] zero0071
2016-08-04 20:03:34,295 INFO [org.junit.Test] zero0072
2016-08-04 20:03:34,295 INFO [org.junit.Test] zero0073
2016-08-04 20:03:34,295 INFO [org.junit.Test] zero0074
2016-08-04 20:03:34,295 INFO [org.junit.Test] zero0075
2016-08-04 20:03:34,295 INFO [org.junit.Test] zero0076
2016-08-04 20:03:34,295 INFO [org.junit.Test] zero0077
2016-08-04 20:03:34,295 INFO [org.junit.Test] zero0078
2016-08-04 20:03:34,295 INFO [org.junit.Test] zero0079
2016-08-04 20:03:34,295 INFO [org.junit.Test] zero0080
2016-08-04 20:03:34,295 INFO [org.junit.Test] zero0081
2016-08-04 20:03:34,295 INFO [org.junit.Test] zero0082
2016-08-04 20:03:34,296 INFO [org.junit.Test] zero0083
2016-08-04 20:03:34,296 INFO [org.junit.Test] zero0084
2016-08-04 20:03:34,296 INFO [org.junit.Test] zero0085
2016-08-04 20:03:34,296 INFO [org.junit.Test] zero0086
2016-08-04 20:03:34,296 INFO [org.junit.Test] zero0087
2016-08-04 20:03:34,296 INFO [org.junit.Test] zero0088
2016-08-04 20:03:34,296 INFO [org.junit.Test] zero0089
2016-08-04 20:03:34,296 INFO [org.junit.Test] zero0090
2016-08-04 20:03:34,296 INFO [org.junit.Test] zero0091
2016-08-04 20:03:34,296 INFO [org.junit.Test] zero0092
2016-08-04 20:03:34,296 INFO [org.junit.Test] zero0093
2016-08-04 20:03:34,296 INFO [org.junit.Test] zero0094
2016-08-04 20:03:34,296 INFO [org.junit.Test] zero0095
2016-08-04 20:03:34,296 INFO [org.junit.Test] zero0096
2016-08-04 20:03:34,296 INFO [org.junit.Test] zero0097
2016-08-04 20:03:34,296 INFO [org.junit.Test] zero0098
2016-08-04 20:03:34,296 INFO [org.junit.Test] zero0099
2016-08-04 20:03:34,296 INFO [org.junit.Test] zero00100
2016-08-04 20:03:34,296 INFO [org.junit.Test] zero00101
2016-08-04 20:03:34,296 INFO [org.junit.Test] zero00102
2016-08-04 20:03:34,296 INFO [org.junit.Test] zero00103
2016-08-04 20:03:34,296 INFO [org.junit.Test] zero00104
2016-08-04 20:03:34,296 INFO [org.junit.Test] zero00105
2016-08-04 20:03:34,296 INFO [org.junit.Test] zero00106
2016-08-04 20:03:34,296 INFO [org.junit.Test] zero00107
2016-08-04 20:03:34,296 INFO [org.junit.Test] zero00108
2016-08-04 20:03:34,296 INFO [org.junit.Test] zero00109
2016-08-04 20:03:34,296 INFO [org.junit.Test] zero00110
2016-08-04 20:03:34,296 INFO [org.junit.Test] zero00111
2016-08-04 20:03:34,296 INFO [org.junit.Test] zero00112
2016-08-04 20:03:34,296 INFO [org.junit.Test] zero00113
2016-08-04 20:03:34,296 INFO [org.junit.Test] zero00114
2016-08-04 20:03:34,296 INFO [org.junit.Test] zero00115
2016-08-04 20:03:34,296 INFO [org.junit.Test] zero00116
2016-08-04 20:03:34,296 INFO [org.junit.Test] zero00117
2016-08-04 20:03:34,296 INFO [org.junit.Test] zero00118
2016-08-04 20:03:34,296 INFO [org.junit.Test] zero00119
2016-08-04 20:03:34,296 INFO [org.junit.Test] zero00120
2016-08-04 20:03:34,296 INFO [org.junit.Test] zero00121
2016-08-04 20:03:34,296 INFO [org.junit.Test] zero00122
2016-08-04 20:03:34,296 INFO [org.junit.Test] zero00123
2016-08-04 20:03:34,296 INFO [org.junit.Test] zero00124
2016-08-04 20:03:34,296 INFO [org.junit.Test] zero00125
2016-08-04 20:03:34,296 INFO [org.junit.Test] zero00126
2016-08-04 20:03:34,296 INFO [org.junit.Test] zero00127
2016-08-04 20:03:34,296 INFO [org.junit.Test] zero00128
2016-08-04 20:03:34,296 INFO [org.junit.Test] zero00129
2016-08-04 20:03:34,296 INFO [org.junit.Test] zero00130
2016-08-04 20:03:34,296 INFO [org.junit.Test] zero00131
2016-08-04 20:03:34,296 INFO [org.junit.Test] zero00132
2016-08-04 20:03:34,296 INFO [org.junit.Test] zero00133
2016-08-04 20:03:34,296 INFO [org.junit.Test] zero00134
2016-08-04 20:03:34,296 INFO [org.junit.Test] zero00135
2016-08-04 20:03:34,296 INFO [org.junit.Test] zero00136
2016-08-04 20:03:34,296 INFO [org.junit.Test] zero00137
2016-08-04 20:03:34,296 INFO [org.junit.Test] zero00138
2016-08-04 20:03:34,296 INFO [org.junit.Test] zero00139
2016-08-04 20:03:34,296 INFO [org.junit.Test] zero00140
2016-08-04 20:03:34,296 INFO [org.junit.Test] zero00141
2016-08-04 20:03:34,296 INFO [org.junit.Test] zero00142
2016-08-04 20:03:34,296 INFO [org.junit.Test] zero00143
2016-08-04 20:03:34,296 INFO [org.junit.Test] zero00144
2016-08-04 20:03:34,296 INFO [org.junit.Test] zero00145
2016-08-04 20:03:34,296 INFO [org.junit.Test] zero00146
2016-08-04 20:03:34,296 INFO [org.junit.Test] zero00147
2016-08-04 20:03:34,296 INFO [org.junit.Test] zero00148
2016-08-04 20:03:34,296 INFO [org.junit.Test] zero00149
2016-08-04 20:03:34,296 INFO [org.junit.Test] zero00150
2016-08-04 20:03:34,296 INFO [org.junit.Test] zero00151
2016-08-04 20:03:34,296 INFO [org.junit.Test] zero00152
2016-08-04 20:03:34,296 INFO [org.junit.Test] zero00153
2016-08-04 20:03:34,296 INFO [org.junit.Test] zero00154
2016-08-04 20:03:34,296 INFO [org.junit.Test] zero00155
2016-08-04 20:03:34,296 INFO [org.junit.Test] zero00156
2016-08-04 20:03:34,296 INFO [org.junit.Test] zero00157
2016-08-04 20:03:34,296 INFO [org.junit.Test] zero00158
2016-08-04 20:03:34,296 INFO [org.junit.Test] zero00159
2016-08-04 20:03:34,296 INFO [org.junit.Test] zero00160
2016-08-04 20:03:34,296 INFO [org.junit.Test] zero00161
2016-08-04 20:03:34,296 INFO [org.junit.Test] zero00162
2016-08-04 20:03:34,296 INFO [org.junit.Test] zero00163
2016-08-04 20:03:34,296 INFO [org.junit.Test] zero00164
2016-08-04 20:03:34,296 INFO [org.junit.Test] zero00165
2016-08-04 20:03:34,296 INFO [org.junit.Test] zero00166
2016-08-04 20:03:34,296 INFO [org.junit.Test] zero00167
2016-08-04 20:03:34,296 INFO [org.junit.Test] zero00168
2016-08-04 20:03:34,296 INFO [org.junit.Test] zero00169
2016-08-04 20:03:34,296 INFO [org.junit.Test] zero00170
2016-08-04 20:03:34,296 INFO [org.junit.Test] zero00171
2016-08-04 20:03:34,296 INFO [org.junit.Test] zero00172
2016-08-04 20:03:34,296 INFO [org.junit.Test] zero00173
2016-08-04 20:03:34,296 INFO [org.junit.Test] zero00174
2016-08-04 20:03:34,296 INFO [org.junit.Test] zero00175
2016-08-04 20:03:34,296 INFO [org.junit.Test] zero00176
2016-08-04 20:03:34,296 INFO [org.junit.Test] zero00177
2016-08-04 20:03:34,296 INFO [org.junit.Test] zero00178
2016-08-04 20:03:34,296 INFO [org.junit.Test] zero00179
2016-08-04 20:03:34,296 INFO [org.junit.Test] zero00180
2016-08-04 20:03:34,296 INFO [org.junit.Test] zero00181
2016-08-04 20:03:34,296 INFO [org.junit.Test] zero00182
2016-08-04 20:03:34,296 INFO [org.junit.Test] zero00183
2016-08-04 20:03:34,296 INFO [org.junit.Test] zero00184
2016-08-04 20:03:34,296 INFO [org.junit.Test] zero00185
2016-08-04 20:03:34,296 INFO [org.junit.Test] zero00186
2016-08-04 20:03:34,296 INFO [org.junit.Test] zero00187
2016-08-04 20:03:34,296 INFO [org.junit.Test] zero00188
2016-08-04 20:03:34,296 INFO [org.junit.Test] zero00189
2016-08-04 20:03:34,296 INFO [org.junit.Test] zero00190
2016-08-04 20:03:34,296 INFO [org.junit.Test] zero00191
2016-08-04 20:03:34,296 INFO [org.junit.Test] zero00192
2016-08-04 20:03:34,296 INFO [org.junit.Test] zero00193
2016-08-04 20:03:34,296 INFO [org.junit.Test] zero00194
2016-08-04 20:03:34,296 INFO [org.junit.Test] zero00195
2016-08-04 20:03:34,296 INFO [org.junit.Test] zero00196
2016-08-04 20:03:34,296 INFO [org.junit.Test] zero00197
2016-08-04 20:03:34,296 INFO [org.junit.Test] zero00198
2016-08-04 20:03:34,296 INFO [org.junit.Test] zero00199
2016-08-04 20:03:34,296 INFO [org.junit.Test] zero00200
2016-08-04 20:03:34,296 INFO [org.junit.Test] zero00201
2016-08-04 20:03:34,296 INFO [org.junit.Test] zero00202
2016-08-04 20:03:34,296 INFO [org.junit.Test] zero00203
2016-08-04 20:03:34,296 INFO [org.junit.Test] zero00204
2016-08-04 20:03:34,296 INFO [org.junit.Test] zero00205
2016-08-04 20:03:34,296 INFO [org.junit.Test] zero00206
2016-08-04 20:03:34,296 INFO [org.junit.Test] zero00207
2016-08-04 20:03:34,296 INFO [org.junit.Test] zero00208
2016-08-04 20:03:34,296 INFO [org.junit.Test] zero00209
2016-08-04 20:03:34,296 INFO [org.junit.Test] zero00210
2016-08-04 20:03:34,296 INFO [org.junit.Test] zero00211
2016-08-04 20:03:34,296 INFO [org.junit.Test] zero00212
2016-08-04 20:03:34,296 INFO [org.junit.Test] zero00213
2016-08-04 20:03:34,296 INFO [org.junit.Test] zero00214
2016-08-04 20:03:34,296 INFO [org.junit.Test] zero00215
2016-08-04 20:03:34,296 INFO [org.junit.Test] zero00216
2016-08-04 20:03:34,296 INFO [org.junit.Test] zero00217
2016-08-04 20:03:34,296 INFO [org.junit.Test] zero00218
2016-08-04 20:03:34,296 INFO [org.junit.Test] zero00219
2016-08-04 20:03:34,296 INFO [org.junit.Test] zero00220
2016-08-04 20:03:34,296 INFO [org.junit.Test] zero00221
2016-08-04 20:03:34,296 INFO [org.junit.Test] zero00222
2016-08-04 20:03:34,296 INFO [org.junit.Test] zero00223
2016-08-04 20:03:34,296 INFO [org.junit.Test] zero00224
2016-08-04 20:03:34,296 INFO [org.junit.Test] zero00225
2016-08-04 20:03:34,296 INFO [org.junit.Test] zero00226
2016-08-04 20:03:34,296 INFO [org.junit.Test] zero00227
2016-08-04 20:03:34,296 INFO [org.junit.Test] zero00228
2016-08-04 20:03:34,296 INFO [org.junit.Test] zero00229
2016-08-04 20:03:34,296 INFO [org.junit.Test] zero00230
2016-08-04 20:03:34,296 INFO [org.junit.Test] zero00231
2016-08-04 20:03:34,296 INFO [org.junit.Test] zero00232
2016-08-04 20:03:34,296 INFO [org.junit.Test] zero00233
2016-08-04 20:03:34,296 INFO [org.junit.Test] zero00234
2016-08-04 20:03:34,296 INFO [org.junit.Test] zero00235
2016-08-04 20:03:34,296 INFO [org.junit.Test] zero00236
2016-08-04 20:03:34,296 INFO [org.junit.Test] zero00237
2016-08-04 20:03:34,296 INFO [org.junit.Test] zero00238
2016-08-04 20:03:34,296 INFO [org.junit.Test] zero00239
2016-08-04 20:03:34,296 INFO [org.junit.Test] zero00240
2016-08-04 20:03:34,296 INFO [org.junit.Test] zero00241
2016-08-04 20:03:34,296 INFO [org.junit.Test] zero00242
2016-08-04 20:03:34,296 INFO [org.junit.Test] zero00243
2016-08-04 20:03:34,296 INFO [org.junit.Test] zero00244
2016-08-04 20:03:34,296 INFO [org.junit.Test] zero00245
2016-08-04 20:03:34,296 INFO [org.junit.Test] zero00246
2016-08-04 20:03:34,296 INFO [org.junit.Test] zero00247
2016-08-04 20:03:34,296 INFO [org.junit.Test] zero00248
2016-08-04 20:03:34,296 INFO [org.junit.Test] zero00249
2016-08-04 20:03:34,296 INFO [org.junit.Test] zero00250
2016-08-04 20:03:34,296 INFO [org.junit.Test] zero00251
2016-08-04 20:03:34,296 INFO [org.junit.Test] zero00252
2016-08-04 20:03:34,296 INFO [org.junit.Test] zero00253
2016-08-04 20:03:34,296 INFO [org.junit.Test] zero00254
2016-08-04 20:03:34,296 INFO [org.junit.Test] zero00255
2016-08-04 20:03:34,296 INFO [org.junit.Test] zero00256
2016-08-04 20:03:34,296 INFO [org.junit.Test] zero00257
2016-08-04 20:03:34,296 INFO [org.junit.Test] zero00258
2016-08-04 20:03:34,296 INFO [org.junit.Test] zero00259
2016-08-04 20:03:34,296 INFO [org.junit.Test] zero00260
2016-08-04 20:03:34,296 INFO [org.junit.Test] zero00261
2016-08-04 20:03:34,296 INFO [org.junit.Test] zero00262
2016-08-04 20:03:34,296 INFO [org.junit.Test] zero00263
2016-08-04 20:03:34,296 INFO [org.junit.Test] zero00264
2016-08-04 20:03:34,296 INFO [org.junit.Test] zero00265
2016-08-04 20:03:34,296 INFO [org.junit.Test] zero00266
2016-08-04 20:03:34,296 INFO [org.junit.Test] zero00267
2016-08-04 20:03:34,296 INFO [org.junit.Test] zero00268
2016-08-04 20:03:34,297 INFO [org.junit.Test] zero00269
2016-08-04 20:03:34,297 INFO [org.junit.Test] zero00270
2016-08-04 20:03:34,297 INFO [org.junit.Test] zero00271
2016-08-04 20:03:34,297 INFO [org.junit.Test] zero00272
2016-08-04 20:03:34,297 INFO [org.junit.Test] zero00273
2016-08-04 20:03:34,297 INFO [org.junit.Test] zero00274
2016-08-04 20:03:34,297 INFO [org.junit.Test] zero00275
2016-08-04 20:03:34,297 INFO [org.junit.Test] zero00276
2016-08-04 20:03:34,297 INFO [org.junit.Test] zero00277
2016-08-04 20:03:34,297 INFO [org.junit.Test] zero00278
2016-08-04 20:03:34,297 INFO [org.junit.Test] zero00279
2016-08-04 20:03:34,297 INFO [org.junit.Test] zero00280
2016-08-04 20:03:34,297 INFO [org.junit.Test] zero00281
2016-08-04 20:03:34,297 INFO [org.junit.Test] zero00282
2016-08-04 20:03:34,297 INFO [org.junit.Test] zero00283
2016-08-04 20:03:34,297 INFO [org.junit.Test] zero00284
2016-08-04 20:03:34,297 INFO [org.junit.Test] zero00285
2016-08-04 20:03:34,297 INFO [org.junit.Test] zero00286
2016-08-04 20:03:34,297 INFO [org.junit.Test] zero00287
2016-08-04 20:03:34,297 INFO [org.junit.Test] zero00288
2016-08-04 20:03:34,297 INFO [org.junit.Test] zero00289
2016-08-04 20:03:34,297 INFO [org.junit.Test] zero00290
2016-08-04 20:03:34,297 INFO [org.junit.Test] zero00291
2016-08-04 20:03:34,297 INFO [org.junit.Test] zero00292
2016-08-04 20:03:34,297 INFO [org.junit.Test] zero00293
2016-08-04 20:03:34,297 INFO [org.junit.Test] zero00294
2016-08-04 20:03:34,297 INFO [org.junit.Test] zero00295
2016-08-04 20:03:34,297 INFO [org.junit.Test] zero00296
2016-08-04 20:03:34,297 INFO [org.junit.Test] zero00297
2016-08-04 20:03:34,297 INFO [org.junit.Test] zero00298
2016-08-04 20:03:34,297 INFO [org.junit.Test] zero00299
2016-08-04 20:03:34,297 INFO [org.junit.Test] zero00300
2016-08-04 20:03:34,297 INFO [org.junit.Test] zero00301
2016-08-04 20:03:34,297 INFO [org.junit.Test] zero00302
2016-08-04 20:03:34,297 INFO [org.junit.Test] zero00303
2016-08-04 20:03:34,297 INFO [org.junit.Test] zero00304
2016-08-04 20:03:34,297 INFO [org.junit.Test] zero00305
2016-08-04 20:03:34,297 INFO [org.junit.Test] zero00306
2016-08-04 20:03:34,297 INFO [org.junit.Test] zero00307
2016-08-04 20:03:34,297 INFO [org.junit.Test] zero00308
2016-08-04 20:03:34,297 INFO [org.junit.Test] zero00309
2016-08-04 20:03:34,297 INFO [org.junit.Test] zero00310
2016-08-04 20:03:34,297 INFO [org.junit.Test] zero00311
2016-08-04 20:03:34,297 INFO [org.junit.Test] zero00312
2016-08-04 20:03:34,297 INFO [org.junit.Test] zero00313
2016-08-04 20:03:34,297 INFO [org.junit.Test] zero00314
2016-08-04 20:03:34,297 INFO [org.junit.Test] zero00315
2016-08-04 20:03:34,297 INFO [org.junit.Test] zero00316
2016-08-04 20:03:34,297 INFO [org.junit.Test] zero00317
2016-08-04 20:03:34,297 INFO [org.junit.Test] zero00318
2016-08-04 20:03:34,297 INFO [org.junit.Test] zero00319
2016-08-04 20:03:34,297 INFO [org.junit.Test] zero00320
2016-08-04 20:03:34,297 INFO [org.junit.Test] zero00321
2016-08-04 20:03:34,297 INFO [org.junit.Test] zero00322
2016-08-04 20:03:34,297 INFO [org.junit.Test] zero00323
2016-08-04 20:03:34,297 INFO [org.junit.Test] zero00324
2016-08-04 20:03:34,297 INFO [org.junit.Test] zero00325
2016-08-04 20:03:34,297 INFO [org.junit.Test] zero00326
2016-08-04 20:03:34,297 INFO [org.junit.Test] zero00327
2016-08-04 20:03:34,297 INFO [org.junit.Test] zero00328
2016-08-04 20:03:34,297 INFO [org.junit.Test] zero00329
2016-08-04 20:03:34,297 INFO [org.junit.Test] zero00330
2016-08-04 20:03:34,297 INFO [org.junit.Test] zero00331
2016-08-04 20:03:34,297 INFO [org.junit.Test] zero00332
2016-08-04 20:03:34,297 INFO [org.junit.Test] zero00333
2016-08-04 20:03:34,297 INFO [org.junit.Test] zero00334
2016-08-04 20:03:34,297 INFO [org.junit.Test] zero00335
2016-08-04 20:03:34,297 INFO [org.junit.Test] zero00336
2016-08-04 20:03:34,297 INFO [org.junit.Test] zero00337
2016-08-04 20:03:34,297 INFO [org.junit.Test] zero00338
2016-08-04 20:03:34,297 INFO [org.junit.Test] zero00339
2016-08-04 20:03:34,297 INFO [org.junit.Test] zero00340
2016-08-04 20:03:34,297 INFO [org.junit.Test] zero00341
2016-08-04 20:03:34,297 INFO [org.junit.Test] zero00342
2016-08-04 20:03:34,297 INFO [org.junit.Test] zero00343
2016-08-04 20:03:34,297 INFO [org.junit.Test] zero00344
2016-08-04 20:03:34,297 INFO [org.junit.Test] zero00345
2016-08-04 20:03:34,297 INFO [org.junit.Test] zero00346
2016-08-04 20:03:34,297 INFO [org.junit.Test] zero00347
2016-08-04 20:03:34,297 INFO [org.junit.Test] zero00348
2016-08-04 20:03:34,297 INFO [org.junit.Test] zero00349
2016-08-04 20:03:34,297 INFO [org.junit.Test] zero00350
2016-08-04 20:03:34,297 INFO [org.junit.Test] zero00351
2016-08-04 20:03:34,297 INFO [org.junit.Test] zero00352
2016-08-04 20:03:34,297 INFO [org.junit.Test] zero00353
2016-08-04 20:03:34,297 INFO [org.junit.Test] zero00354
2016-08-04 20:03:34,297 INFO [org.junit.Test] zero00355
2016-08-04 20:03:34,297 INFO [org.junit.Test] zero00356
2016-08-04 20:03:34,297 INFO [org.junit.Test] zero00357
2016-08-04 20:03:34,297 INFO [org.junit.Test] zero00358
2016-08-04 20:03:34,297 INFO [org.junit.Test] zero00359
2016-08-04 20:03:34,297 INFO [org.junit.Test] zero00360
2016-08-04 20:03:34,297 INFO [org.junit.Test] zero00361
2016-08-04 20:03:34,297 INFO [org.junit.Test] zero00362
2016-08-04 20:03:34,297 INFO [org.junit.Test] zero00363
2016-08-04 20:03:34,297 INFO [org.junit.Test] zero00364
2016-08-04 20:03:34,297 INFO [org.junit.Test] zero00365
2016-08-04 20:03:34,297 INFO [org.junit.Test] zero00366
2016-08-04 20:03:34,297 INFO [org.junit.Test] zero00367
2016-08-04 20:03:34,297 INFO [org.junit.Test] zero00368
2016-08-04 20:03:34,297 INFO [org.junit.Test] zero00369
2016-08-04 20:03:34,297 INFO [org.junit.Test] zero00370
2016-08-04 20:03:34,297 INFO [org.junit.Test] zero00371
2016-08-04 20:03:34,297 INFO [org.junit.Test] zero00372
2016-08-04 20:03:34,297 INFO [org.junit.Test] zero00373
2016-08-04 20:03:34,297 INFO [org.junit.Test] zero00374
2016-08-04 20:03:34,297 INFO [org.junit.Test] zero00375
2016-08-04 20:03:34,297 INFO [org.junit.Test] zero00376
2016-08-04 20:03:34,297 INFO [org.junit.Test] zero00377
2016-08-04 20:03:34,297 INFO [org.junit.Test] zero00378
2016-08-04 20:03:34,297 INFO [org.junit.Test] zero00379
2016-08-04 20:03:34,297 INFO [org.junit.Test] zero00380
2016-08-04 20:03:34,297 INFO [org.junit.Test] zero00381
2016-08-04 20:03:34,297 INFO [org.junit.Test] zero00382
2016-08-04 20:03:34,297 INFO [org.junit.Test] zero00383
2016-08-04 20:03:34,297 INFO [org.junit.Test] zero00384
2016-08-04 20:03:34,297 INFO [org.junit.Test] zero00385
2016-08-04 20:03:34,297 INFO [org.junit.Test] zero00386
2016-08-04 20:03:34,297 INFO [org.junit.Test] zero00387
2016-08-04 20:03:34,297 INFO [org.junit.Test] zero00388
2016-08-04 20:03:34,297 INFO [org.junit.Test] zero00389
2016-08-04 20:03:34,297 INFO [org.junit.Test] zero00390
2016-08-04 20:03:34,297 INFO [org.junit.Test] zero00391
2016-08-04 20:03:34,297 INFO [org.junit.Test] zero00392
2016-08-04 20:03:34,297 INFO [org.junit.Test] zero00393
2016-08-04 20:03:34,297 INFO [org.junit.Test] zero00394
2016-08-04 20:03:34,297 INFO [org.junit.Test] zero00395
2016-08-04 20:03:34,297 INFO [org.junit.Test] zero00396
2016-08-04 20:03:34,297 INFO [org.junit.Test] zero00397
2016-08-04 20:03:34,297 INFO [org.junit.Test] zero00398
2016-08-04 20:03:34,297 INFO [org.junit.Test] zero00399
2016-08-04 20:03:34,297 INFO [org.junit.Test] zero00400
2016-08-04 20:03:34,297 INFO [org.junit.Test] zero00401
2016-08-04 20:03:34,297 INFO [org.junit.Test] zero00402
2016-08-04 20:03:34,297 INFO [org.junit.Test] zero00403
2016-08-04 20:03:34,297 INFO [org.junit.Test] zero00404
2016-08-04 20:03:34,297 INFO [org.junit.Test] zero00405
2016-08-04 20:03:34,297 INFO [org.junit.Test] zero00406
2016-08-04 20:03:34,297 INFO [org.junit.Test] zero00407
2016-08-04 20:03:34,297 INFO [org.junit.Test] zero00408
2016-08-04 20:03:34,297 INFO [org.junit.Test] zero00409
2016-08-04 20:03:34,297 INFO [org.junit.Test] zero00410
2016-08-04 20:03:34,297 INFO [org.junit.Test] zero00411
2016-08-04 20:03:34,297 INFO [org.junit.Test] zero00412
2016-08-04 20:03:34,297 INFO [org.junit.Test] zero00413
2016-08-04 20:03:34,297 INFO [org.junit.Test] zero00414
2016-08-04 20:03:34,297 INFO [org.junit.Test] zero00415
2016-08-04 20:03:34,297 INFO [org.junit.Test] zero00416
2016-08-04 20:03:34,297 INFO [org.junit.Test] zero00417
2016-08-04 20:03:34,297 INFO [org.junit.Test] zero00418
2016-08-04 20:03:34,297 INFO [org.junit.Test] zero00419
2016-08-04 20:03:34,297 INFO [org.junit.Test] zero00420
2016-08-04 20:03:34,297 INFO [org.junit.Test] zero00421
2016-08-04 20:03:34,297 INFO [org.junit.Test] zero00422
2016-08-04 20:03:34,297 INFO [org.junit.Test] zero00423
2016-08-04 20:03:34,297 INFO [org.junit.Test] zero00424
2016-08-04 20:03:34,297 INFO [org.junit.Test] zero00425
2016-08-04 20:03:34,297 INFO [org.junit.Test] zero00426
2016-08-04 20:03:34,297 INFO [org.junit.Test] zero00427
2016-08-04 20:03:34,297 INFO [org.junit.Test] zero00428
2016-08-04 20:03:34,297 INFO [org.junit.Test] zero00429
2016-08-04 20:03:34,297 INFO [org.junit.Test] zero00430
2016-08-04 20:03:34,297 INFO [org.junit.Test] zero00431
2016-08-04 20:03:34,297 INFO [org.junit.Test] zero00432
2016-08-04 20:03:34,297 INFO [org.junit.Test] zero00433
2016-08-04 20:03:34,297 INFO [org.junit.Test] zero00434
2016-08-04 20:03:34,297 INFO [org.junit.Test] zero00435
2016-08-04 20:03:34,297 INFO [org.junit.Test] zero00436
2016-08-04 20:03:34,297 INFO [org.junit.Test] zero00437
2016-08-04 20:03:34,297 INFO [org.junit.Test] zero00438
2016-08-04 20:03:34,297 INFO [org.junit.Test] zero00439
2016-08-04 20:03:34,297 INFO [org.junit.Test] zero00440
2016-08-04 20:03:34,297 INFO [org.junit.Test] zero00441
2016-08-04 20:03:34,297 INFO [org.junit.Test] zero00442
2016-08-04 20:03:34,297 INFO [org.junit.Test] zero00443
2016-08-04 20:03:34,297 INFO [org.junit.Test] zero00444
2016-08-04 20:03:34,297 INFO [org.junit.Test] zero00445
2016-08-04 20:03:34,297 INFO [org.junit.Test] zero00446
2016-08-04 20:03:34,297 INFO [org.junit.Test] zero00447
2016-08-04 20:03:34,298 INFO [org.junit.Test] zero00448
2016-08-04 20:03:34,298 INFO [org.junit.Test] zero00449
2016-08-04 20:03:34,298 INFO [org.junit.Test] zero00450
2016-08-04 20:03:34,298 INFO [org.junit.Test] zero00451
2016-08-04 20:03:34,298 INFO [org.junit.Test] zero00452
2016-08-04 20:03:34,298 INFO [org.junit.Test] zero00453
2016-08-04 20:03:34,298 INFO [org.junit.Test] zero00454
2016-08-04 20:03:34,298 INFO [org.junit.Test] zero00455
2016-08-04 20:03:34,298 INFO [org.junit.Test] zero00456
2016-08-04 20:03:34,298 INFO [org.junit.Test] zero00457
2016-08-04 20:03:34,298 INFO [org.junit.Test] zero00458
2016-08-04 20:03:34,298 INFO [org.junit.Test] zero00459
2016-08-04 20:03:34,298 INFO [org.junit.Test] zero00460
2016-08-04 20:03:34,298 INFO [org.junit.Test] zero00461
2016-08-04 20:03:34,298 INFO [org.junit.Test] zero00462
2016-08-04 20:03:34,298 INFO [org.junit.Test] zero00463
2016-08-04 20:03:34,298 INFO [org.junit.Test] zero00464
2016-08-04 20:03:34,298 INFO [org.junit.Test] zero00465
2016-08-04 20:03:34,298 INFO [org.junit.Test] zero00466
2016-08-04 20:03:34,298 INFO [org.junit.Test] zero00467
2016-08-04 20:03:34,298 INFO [org.junit.Test] zero00468
2016-08-04 20:03:34,298 INFO [org.junit.Test] zero00469
2016-08-04 20:03:34,298 INFO [org.junit.Test] zero00470
2016-08-04 20:03:34,298 INFO [org.junit.Test] zero00471
2016-08-04 20:03:34,298 INFO [org.junit.Test] zero00472
2016-08-04 20:03:34,298 INFO [org.junit.Test] zero00473
2016-08-04 20:03:34,298 INFO [org.junit.Test] zero00474
2016-08-04 20:03:34,298 INFO [org.junit.Test] zero00475
2016-08-04 20:03:34,298 INFO [org.junit.Test] zero00476
2016-08-04 20:03:34,298 INFO [org.junit.Test] zero00477
2016-08-04 20:03:34,298 INFO [org.junit.Test] zero00478
2016-08-04 20:03:34,298 INFO [org.junit.Test] zero00479
2016-08-04 20:03:34,298 INFO [org.junit.Test] zero00480
2016-08-04 20:03:34,298 INFO [org.junit.Test] zero00481
2016-08-04 20:03:34,298 INFO [org.junit.Test] zero00482
2016-08-04 20:03:34,298 INFO [org.junit.Test] zero00483
2016-08-04 20:03:34,298 INFO [org.junit.Test] zero00484
2016-08-04 20:03:34,298 INFO [org.junit.Test] zero00485
2016-08-04 20:03:34,298 INFO [org.junit.Test] zero00486
2016-08-04 20:03:34,298 INFO [org.junit.Test] zero00487
2016-08-04 20:03:34,298 INFO [org.junit.Test] zero00488
2016-08-04 20:03:34,298 INFO [org.junit.Test] zero00489
2016-08-04 20:03:34,298 INFO [org.junit.Test] zero00490
2016-08-04 20:03:34,298 INFO [org.junit.Test] zero00491
2016-08-04 20:03:34,298 INFO [org.junit.Test] zero00492
2016-08-04 20:03:34,298 INFO [org.junit.Test] zero00493
2016-08-04 20:03:34,298 INFO [org.junit.Test] zero00494
2016-08-04 20:03:34,298 INFO [org.junit.Test] zero00495
2016-08-04 20:03:34,298 INFO [org.junit.Test] zero00496
2016-08-04 20:03:34,298 INFO [org.junit.Test] zero00497
2016-08-04 20:03:34,298 INFO [org.junit.Test] zero00498
2016-08-04 20:03:34,298 INFO [org.junit.Test] zero00499
2016-08-04 20:03:34,298 INFO [org.junit.Test] zero00500
2016-08-04 20:03:34,298 INFO [org.junit.Test] zero00501
2016-08-04 20:03:34,298 INFO [org.junit.Test] zero00502
2016-08-04 20:03:34,298 INFO [org.junit.Test] zero00503
2016-08-04 20:03:34,298 INFO [org.junit.Test] zero00504
2016-08-04 20:03:34,298 INFO [org.junit.Test] zero00505
2016-08-04 20:03:34,298 INFO [org.junit.Test] zero00506
2016-08-04 20:03:34,298 INFO [org.junit.Test] zero00507
2016-08-04 20:03:34,298 INFO [org.junit.Test] zero00508
2016-08-04 20:03:34,298 INFO [org.junit.Test] zero00509
2016-08-04 20:03:34,298 INFO [org.junit.Test] zero00510
2016-08-04 20:03:34,298 INFO [org.junit.Test] zero00511
2016-08-04 20:03:34,298 INFO [org.junit.Test] zero00512
2016-08-04 20:03:34,298 INFO [org.junit.Test] zero00513
2016-08-04 20:03:34,298 INFO [org.junit.Test] zero00514
2016-08-04 20:03:34,298 INFO [org.junit.Test] zero00515
2016-08-04 20:03:34,298 INFO [org.junit.Test] zero00516
2016-08-04 20:03:34,298 INFO [org.junit.Test] zero00517
2016-08-04 20:03:34,298 INFO [org.junit.Test] zero00518
2016-08-04 20:03:34,298 INFO [org.junit.Test] zero00519
2016-08-04 20:03:34,298 INFO [org.junit.Test] zero00520
2016-08-04 20:03:34,298 INFO [org.junit.Test] zero00521
2016-08-04 20:03:34,298 INFO [org.junit.Test] zero00522
2016-08-04 20:03:34,298 INFO [org.junit.Test] zero00523
2016-08-04 20:03:34,298 INFO [org.junit.Test] zero00524
2016-08-04 20:03:34,298 INFO [org.junit.Test] zero00525
2016-08-04 20:03:34,298 INFO [org.junit.Test] zero00526
2016-08-04 20:03:34,298 INFO [org.junit.Test] zero00527
2016-08-04 20:03:34,298 INFO [org.junit.Test] zero00528
2016-08-04 20:03:34,298 INFO [org.junit.Test] zero00529
2016-08-04 20:03:34,298 INFO [org.junit.Test] zero00530
2016-08-04 20:03:34,298 INFO [org.junit.Test] zero00531
2016-08-04 20:03:34,298 INFO [org.junit.Test] zero00532
2016-08-04 20:03:34,298 INFO [org.junit.Test] zero00533
2016-08-04 20:03:34,298 INFO [org.junit.Test] zero00534
2016-08-04 20:03:34,298 INFO [org.junit.Test] zero00535
2016-08-04 20:03:34,298 INFO [org.junit.Test] zero00536
2016-08-04 20:03:34,298 INFO [org.junit.Test] zero00537
2016-08-04 20:03:34,298 INFO [org.junit.Test] zero00538
2016-08-04 20:03:34,298 INFO [org.junit.Test] zero00539
2016-08-04 20:03:34,298 INFO [org.junit.Test] zero00540
2016-08-04 20:03:34,298 INFO [org.junit.Test] zero00541
2016-08-04 20:03:34,298 INFO [org.junit.Test] zero00542
2016-08-04 20:03:34,298 INFO [org.junit.Test] zero00543
2016-08-04 20:03:34,298 INFO [org.junit.Test] zero00544
2016-08-04 20:03:34,298 INFO [org.junit.Test] zero00545
2016-08-04 20:03:34,298 INFO [org.junit.Test] zero00546
2016-08-04 20:03:34,298 INFO [org.junit.Test] zero00547
2016-08-04 20:03:34,298 INFO [org.junit.Test] zero00548
2016-08-04 20:03:34,298 INFO [org.junit.Test] zero00549
2016-08-04 20:03:34,298 INFO [org.junit.Test] zero00550
2016-08-04 20:03:34,298 INFO [org.junit.Test] zero00551
2016-08-04 20:03:34,298 INFO [org.junit.Test] zero00552
2016-08-04 20:03:34,298 INFO [org.junit.Test] zero00553
2016-08-04 20:03:34,298 INFO [org.junit.Test] zero00554
2016-08-04 20:03:34,298 INFO [org.junit.Test] zero00555
2016-08-04 20:03:34,298 INFO [org.junit.Test] zero00556
2016-08-04 20:03:34,298 INFO [org.junit.Test] zero00557
2016-08-04 20:03:34,298 INFO [org.junit.Test] zero00558
2016-08-04 20:03:34,298 INFO [org.junit.Test] zero00559
2016-08-04 20:03:34,298 INFO [org.junit.Test] zero00560
2016-08-04 20:03:34,298 INFO [org.junit.Test] zero00561
2016-08-04 20:03:34,298 INFO [org.junit.Test] zero00562
2016-08-04 20:03:34,298 INFO [org.junit.Test] zero00563
2016-08-04 20:03:34,298 INFO [org.junit.Test] zero00564
2016-08-04 20:03:34,298 INFO [org.junit.Test] zero00565
2016-08-04 20:03:34,298 INFO [org.junit.Test] zero00566
2016-08-04 20:03:34,298 INFO [org.junit.Test] zero00567
2016-08-04 20:03:34,298 INFO [org.junit.Test] zero00568
2016-08-04 20:03:34,298 INFO [org.junit.Test] zero00569
2016-08-04 20:03:34,298 INFO [org.junit.Test] zero00570
2016-08-04 20:03:34,298 INFO [org.junit.Test] zero00571
2016-08-04 20:03:34,298 INFO [org.junit.Test] zero00572
2016-08-04 20:03:34,298 INFO [org.junit.Test] zero00573
2016-08-04 20:03:34,298 INFO [org.junit.Test] zero00574
2016-08-04 20:03:34,298 INFO [org.junit.Test] zero00575
2016-08-04 20:03:34,298 INFO [org.junit.Test] zero00576
2016-08-04 20:03:34,298 INFO [org.junit.Test] zero00577
2016-08-04 20:03:34,298 INFO [org.junit.Test] zero00578
2016-08-04 20:03:34,298 INFO [org.junit.Test] zero00579
2016-08-04 20:03:34,298 INFO [org.junit.Test] zero00580
2016-08-04 20:03:34,298 INFO [org.junit.Test] zero00581
2016-08-04 20:03:34,298 INFO [org.junit.Test] zero00582
2016-08-04 20:03:34,298 INFO [org.junit.Test] zero00583
2016-08-04 20:03:34,298 INFO [org.junit.Test] zero00584
2016-08-04 20:03:34,298 INFO [org.junit.Test] zero00585
2016-08-04 20:03:34,298 INFO [org.junit.Test] zero00586
2016-08-04 20:03:34,298 INFO [org.junit.Test] zero00587
2016-08-04 20:03:34,298 INFO [org.junit.Test] zero00588
2016-08-04 20:03:34,298 INFO [org.junit.Test] zero00589
2016-08-04 20:03:34,298 INFO [org.junit.Test] zero00590
2016-08-04 20:03:34,298 INFO [org.junit.Test] zero00591
2016-08-04 20:03:34,298 INFO [org.junit.Test] zero00592
2016-08-04 20:03:34,298 INFO [org.junit.Test] zero00593
2016-08-04 20:03:34,298 INFO [org.junit.Test] zero00594
2016-08-04 20:03:34,298 INFO [org.junit.Test] zero00595
2016-08-04 20:03:34,298 INFO [org.junit.Test] zero00596
2016-08-04 20:03:34,298 INFO [org.junit.Test] zero00597
2016-08-04 20:03:34,298 INFO [org.junit.Test] zero00598
2016-08-04 20:03:34,298 INFO [org.junit.Test] zero00599
2016-08-04 20:03:34,298 INFO [org.junit.Test] zero00600
2016-08-04 20:03:34,298 INFO [org.junit.Test] zero00601
2016-08-04 20:03:34,298 INFO [org.junit.Test] zero00602
2016-08-04 20:03:34,298 INFO [org.junit.Test] zero00603
2016-08-04 20:03:34,298 INFO [org.junit.Test] zero00604
2016-08-04 20:03:34,298 INFO [org.junit.Test] zero00605
2016-08-04 20:03:34,298 INFO [org.junit.Test] zero00606
2016-08-04 20:03:34,298 INFO [org.junit.Test] zero00607
2016-08-04 20:03:34,298 INFO [org.junit.Test] zero00608
2016-08-04 20:03:34,298 INFO [org.junit.Test] zero00609
2016-08-04 20:03:34,298 INFO [org.junit.Test] zero00610
2016-08-04 20:03:34,298 INFO [org.junit.Test] zero00611
2016-08-04 20:03:34,298 INFO [org.junit.Test] zero00612
2016-08-04 20:03:34,298 INFO [org.junit.Test] zero00613
2016-08-04 20:03:34,298 INFO [org.junit.Test] zero00614
2016-08-04 20:03:34,298 INFO [org.junit.Test] zero00615
2016-08-04 20:03:34,298 INFO [org.junit.Test] zero00616
2016-08-04 20:03:34,298 INFO [org.junit.Test] zero00617
2016-08-04 20:03:34,298 INFO [org.junit.Test] zero00618
2016-08-04 20:03:34,298 INFO [org.junit.Test] zero00619
2016-08-04 20:03:34,298 INFO [org.junit.Test] zero00620
2016-08-04 20:03:34,298 INFO [org.junit.Test] zero00621
2016-08-04 20:03:34,298 INFO [org.junit.Test] zero00622
2016-08-04 20:03:34,299 INFO [org.junit.Test] zero00623
2016-08-04 20:03:34,299 INFO [org.junit.Test] zero00624
2016-08-04 20:03:34,299 INFO [org.junit.Test] zero00625
2016-08-04 20:03:34,299 INFO [org.junit.Test] zero00626
2016-08-04 20:03:34,299 INFO [org.junit.Test] zero00627
2016-08-04 20:03:34,299 INFO [org.junit.Test] zero00628
2016-08-04 20:03:34,299 INFO [org.junit.Test] zero00629
2016-08-04 20:03:34,299 INFO [org.junit.Test] zero00630
2016-08-04 20:03:34,299 INFO [org.junit.Test] zero00631
2016-08-04 20:03:34,299 INFO [org.junit.Test] zero00632
2016-08-04 20:03:34,299 INFO [org.junit.Test] zero00633
2016-08-04 20:03:34,299 INFO [org.junit.Test] zero00634
2016-08-04 20:03:34,299 INFO [org.junit.Test] zero00635
2016-08-04 20:03:34,299 INFO [org.junit.Test] zero00636
2016-08-04 20:03:34,299 INFO [org.junit.Test] zero00637
2016-08-04 20:03:34,299 INFO [org.junit.Test] zero00638
2016-08-04 20:03:34,299 INFO [org.junit.Test] zero00639
2016-08-04 20:03:34,299 INFO [org.junit.Test] zero00640
2016-08-04 20:03:34,299 INFO [org.junit.Test] zero00641
2016-08-04 20:03:34,299 INFO [org.junit.Test] zero00642
2016-08-04 20:03:34,299 INFO [org.junit.Test] zero00643
2016-08-04 20:03:34,299 INFO [org.junit.Test] zero00644
2016-08-04 20:03:34,299 INFO [org.junit.Test] zero00645
2016-08-04 20:03:34,299 INFO [org.junit.Test] zero00646
2016-08-04 20:03:34,299 INFO [org.junit.Test] zero00647
2016-08-04 20:03:34,299 INFO [org.junit.Test] zero00648
2016-08-04 20:03:34,299 INFO [org.junit.Test] zero00649
2016-08-04 20:03:34,299 INFO [org.junit.Test] zero00650
2016-08-04 20:03:34,299 INFO [org.junit.Test] zero00651
2016-08-04 20:03:34,299 INFO [org.junit.Test] zero00652
2016-08-04 20:03:34,299 INFO [org.junit.Test] zero00653
2016-08-04 20:03:34,299 INFO [org.junit.Test] zero00654
2016-08-04 20:03:34,299 INFO [org.junit.Test] zero00655
2016-08-04 20:03:34,299 INFO [org.junit.Test] zero00656
2016-08-04 20:03:34,299 INFO [org.junit.Test] zero00657
2016-08-04 20:03:34,299 INFO [org.junit.Test] zero00658
2016-08-04 20:03:34,299 INFO [org.junit.Test] zero00659
2016-08-04 20:03:34,299 INFO [org.junit.Test] zero00660
2016-08-04 20:03:34,299 INFO [org.junit.Test] zero00661
2016-08-04 20:03:34,299 INFO [org.junit.Test] zero00662
2016-08-04 20:03:34,299 INFO [org.junit.Test] zero00663
2016-08-04 20:03:34,299 INFO [org.junit.Test] zero00664
2016-08-04 20:03:34,299 INFO [org.junit.Test] zero00665
2016-08-04 20:03:34,299 INFO [org.junit.Test] zero00666
2016-08-04 20:03:34,299 INFO [org.junit.Test] zero00667
2016-08-04 20:03:34,299 INFO [org.junit.Test] zero00668
2016-08-04 20:03:34,299 INFO [org.junit.Test] zero00669
2016-08-04 20:03:34,299 INFO [org.junit.Test] zero00670
2016-08-04 20:03:34,299 INFO [org.junit.Test] zero00671
2016-08-04 20:03:34,299 INFO [org.junit.Test] zero00672
2016-08-04 20:03:34,299 INFO [org.junit.Test] zero00673
2016-08-04 20:03:34,299 INFO [org.junit.Test] zero00674
2016-08-04 20:03:34,299 INFO [org.junit.Test] zero00675
2016-08-04 20:03:34,299 INFO [org.junit.Test] zero00676
2016-08-04 20:03:34,299 INFO [org.junit.Test] zero00677
2016-08-04 20:03:34,299 INFO [org.junit.Test] zero00678
2016-08-04 20:03:34,299 INFO [org.junit.Test] zero00679
2016-08-04 20:03:34,299 INFO [org.junit.Test] zero00680
2016-08-04 20:03:34,299 INFO [org.junit.Test] zero00681
2016-08-04 20:03:34,299 INFO [org.junit.Test] zero00682
2016-08-04 20:03:34,299 INFO [org.junit.Test] zero00683
2016-08-04 20:03:34,299 INFO [org.junit.Test] zero00684
2016-08-04 20:03:34,299 INFO [org.junit.Test] zero00685
2016-08-04 20:03:34,299 INFO [org.junit.Test] zero00686
2016-08-04 20:03:34,299 INFO [org.junit.Test] zero00687
2016-08-04 20:03:34,299 INFO [org.junit.Test] zero00688
2016-08-04 20:03:34,299 INFO [org.junit.Test] zero00689
2016-08-04 20:03:34,299 INFO [org.junit.Test] zero00690
2016-08-04 20:03:34,299 INFO [org.junit.Test] zero00691
2016-08-04 20:03:34,299 INFO [org.junit.Test] zero00692
2016-08-04 20:03:34,299 INFO [org.junit.Test] zero00693
2016-08-04 20:03:34,299 INFO [org.junit.Test] zero00694
2016-08-04 20:03:34,299 INFO [org.junit.Test] zero00695
2016-08-04 20:03:34,299 INFO [org.junit.Test] zero00696
2016-08-04 20:03:34,299 INFO [org.junit.Test] zero00697
2016-08-04 20:03:34,299 INFO [org.junit.Test] zero00698
2016-08-04 20:03:34,299 INFO [org.junit.Test] zero00699
2016-08-04 20:03:34,299 INFO [org.junit.Test] zero00700
2016-08-04 20:03:34,299 INFO [org.junit.Test] zero00701
2016-08-04 20:03:34,299 INFO [org.junit.Test] zero00702
2016-08-04 20:03:34,299 INFO [org.junit.Test] zero00703
2016-08-04 20:03:34,299 INFO [org.junit.Test] zero00704
2016-08-04 20:03:34,299 INFO [org.junit.Test] zero00705
2016-08-04 20:03:34,299 INFO [org.junit.Test] zero00706
2016-08-04 20:03:34,299 INFO [org.junit.Test] zero00707
2016-08-04 20:03:34,299 INFO [org.junit.Test] zero00708
2016-08-04 20:03:34,299 INFO [org.junit.Test] zero00709
2016-08-04 20:03:34,299 INFO [org.junit.Test] zero00710
2016-08-04 20:03:34,299 INFO [org.junit.Test] zero00711
2016-08-04 20:03:34,299 INFO [org.junit.Test] zero00712
2016-08-04 20:03:34,299 INFO [org.junit.Test] zero00713
2016-08-04 20:03:34,299 INFO [org.junit.Test] zero00714
2016-08-04 20:03:34,299 INFO [org.junit.Test] zero00715
2016-08-04 20:03:34,299 INFO [org.junit.Test] zero00716
2016-08-04 20:03:34,299 INFO [org.junit.Test] zero00717
2016-08-04 20:03:34,299 INFO [org.junit.Test] zero00718
2016-08-04 20:03:34,299 INFO [org.junit.Test] zero00719
2016-08-04 20:03:34,299 INFO [org.junit.Test] zero00720
2016-08-04 20:03:34,299 INFO [org.junit.Test] zero00721
2016-08-04 20:03:34,299 INFO [org.junit.Test] zero00722
2016-08-04 20:03:34,299 INFO [org.junit.Test] zero00723
2016-08-04 20:03:34,299 INFO [org.junit.Test] zero00724
2016-08-04 20:03:34,299 INFO [org.junit.Test] zero00725
2016-08-04 20:03:34,299 INFO [org.junit.Test] zero00726
2016-08-04 20:03:34,299 INFO [org.junit.Test] zero00727
2016-08-04 20:03:34,299 INFO [org.junit.Test] zero00728
2016-08-04 20:03:34,299 INFO [org.junit.Test] zero00729
2016-08-04 20:03:34,299 INFO [org.junit.Test] zero00730
2016-08-04 20:03:34,299 INFO [org.junit.Test] zero00731
2016-08-04 20:03:34,299 INFO [org.junit.Test] zero00732
2016-08-04 20:03:34,299 INFO [org.junit.Test] zero00733
2016-08-04 20:03:34,299 INFO [org.junit.Test] zero00734
2016-08-04 20:03:34,299 INFO [org.junit.Test] zero00735
2016-08-04 20:03:34,299 INFO [org.junit.Test] zero00736
2016-08-04 20:03:34,299 INFO [org.junit.Test] zero00737
2016-08-04 20:03:34,299 INFO [org.junit.Test] zero00738
2016-08-04 20:03:34,299 INFO [org.junit.Test] zero00739
2016-08-04 20:03:34,299 INFO [org.junit.Test] zero00740
2016-08-04 20:03:34,299 INFO [org.junit.Test] zero00741
2016-08-04 20:03:34,299 INFO [org.junit.Test] zero00742
2016-08-04 20:03:34,299 INFO [org.junit.Test] zero00743
2016-08-04 20:03:34,299 INFO [org.junit.Test] zero00744
2016-08-04 20:03:34,299 INFO [org.junit.Test] zero00745
2016-08-04 20:03:34,299 INFO [org.junit.Test] zero00746
2016-08-04 20:03:34,299 INFO [org.junit.Test] zero00747
2016-08-04 20:03:34,299 INFO [org.junit.Test] zero00748
2016-08-04 20:03:34,299 INFO [org.junit.Test] zero00749
2016-08-04 20:03:34,299 INFO [org.junit.Test] zero00750
2016-08-04 20:03:34,299 INFO [org.junit.Test] zero00751
2016-08-04 20:03:34,299 INFO [org.junit.Test] zero00752
2016-08-04 20:03:34,299 INFO [org.junit.Test] zero00753
2016-08-04 20:03:34,299 INFO [org.junit.Test] zero00754
2016-08-04 20:03:34,299 INFO [org.junit.Test] zero00755
2016-08-04 20:03:34,299 INFO [org.junit.Test] zero00756
2016-08-04 20:03:34,299 INFO [org.junit.Test] zero00757
2016-08-04 20:03:34,299 INFO [org.junit.Test] zero00758
2016-08-04 20:03:34,299 INFO [org.junit.Test] zero00759
2016-08-04 20:03:34,299 INFO [org.junit.Test] zero00760
2016-08-04 20:03:34,299 INFO [org.junit.Test] zero00761
2016-08-04 20:03:34,299 INFO [org.junit.Test] zero00762
2016-08-04 20:03:34,299 INFO [org.junit.Test] zero00763
2016-08-04 20:03:34,299 INFO [org.junit.Test] zero00764
2016-08-04 20:03:34,299 INFO [org.junit.Test] zero00765
2016-08-04 20:03:34,299 INFO [org.junit.Test] zero00766
2016-08-04 20:03:34,299 INFO [org.junit.Test] zero00767
2016-08-04 20:03:34,299 INFO [org.junit.Test] zero00768
2016-08-04 20:03:34,299 INFO [org.junit.Test] zero00769
2016-08-04 20:03:34,299 INFO [org.junit.Test] zero00770
2016-08-04 20:03:34,299 INFO [org.junit.Test] zero00771
2016-08-04 20:03:34,299 INFO [org.junit.Test] zero00772
2016-08-04 20:03:34,299 INFO [org.junit.Test] zero00773
2016-08-04 20:03:34,299 INFO [org.junit.Test] zero00774
2016-08-04 20:03:34,299 INFO [org.junit.Test] zero00775
2016-08-04 20:03:34,299 INFO [org.junit.Test] zero00776
2016-08-04 20:03:34,299 INFO [org.junit.Test] zero00777
2016-08-04 20:03:34,299 INFO [org.junit.Test] zero00778
2016-08-04 20:03:34,299 INFO [org.junit.Test] zero00779
2016-08-04 20:03:34,299 INFO [org.junit.Test] zero00780
2016-08-04 20:03:34,299 INFO [org.junit.Test] zero00781
2016-08-04 20:03:34,299 INFO [org.junit.Test] zero00782
2016-08-04 20:03:34,299 INFO [org.junit.Test] zero00783
2016-08-04 20:03:34,299 INFO [org.junit.Test] zero00784
2016-08-04 20:03:34,299 INFO [org.junit.Test] zero00785
2016-08-04 20:03:34,299 INFO [org.junit.Test] zero00786
2016-08-04 20:03:34,299 INFO [org.junit.Test] zero00787
2016-08-04 20:03:34,299 INFO [org.junit.Test] zero00788
2016-08-04 20:03:34,299 INFO [org.junit.Test] zero00789
2016-08-04 20:03:34,299 INFO [org.junit.Test] zero00790
2016-08-04 20:03:34,299 INFO [org.junit.Test] zero00791
2016-08-04 20:03:34,299 INFO [org.junit.Test] zero00792
2016-08-04 20:03:34,299 INFO [org.junit.Test] zero00793
2016-08-04 20:03:34,299 INFO [org.junit.Test] zero00794
2016-08-04 20:03:34,299 INFO [org.junit.Test] zero00795
2016-08-04 20:03:34,299 INFO [org.junit.Test] zero00796
2016-08-04 20:03:34,299 INFO [org.junit.Test] zero00797
2016-08-04 20:03:34,299 INFO [org.junit.Test] zero00798
2016-08-04 20:03:34,299 INFO [org.junit.Test] zero00799
2016-08-04 20:03:34,299 INFO [org.junit.Test] zero00800
2016-08-04 20:03:34,299 INFO [org.junit.Test] zero00801
2016-08-04 20:03:34,299 INFO [org.junit.Test] zero00802
2016-08-04 20:03:34,299 INFO [org.junit.Test] zero00803
2016-08-04 20:03:34,299 INFO [org.junit.Test] zero00804
2016-08-04 20:03:34,300 INFO [org.junit.Test] zero00805
2016-08-04 20:03:34,300 INFO [org.junit.Test] zero00806
2016-08-04 20:03:34,300 INFO [org.junit.Test] zero00807
2016-08-04 20:03:34,300 INFO [org.junit.Test] zero00808
2016-08-04 20:03:34,300 INFO [org.junit.Test] zero00809
2016-08-04 20:03:34,300 INFO [org.junit.Test] zero00810
2016-08-04 20:03:34,300 INFO [org.junit.Test] zero00811
2016-08-04 20:03:34,300 INFO [org.junit.Test] zero00812
2016-08-04 20:03:34,300 INFO [org.junit.Test] zero00813
2016-08-04 20:03:34,300 INFO [org.junit.Test] zero00814
2016-08-04 20:03:34,300 INFO [org.junit.Test] zero00815
2016-08-04 20:03:34,300 INFO [org.junit.Test] zero00816
2016-08-04 20:03:34,300 INFO [org.junit.Test] zero00817
2016-08-04 20:03:34,300 INFO [org.junit.Test] zero00818
2016-08-04 20:03:34,300 INFO [org.junit.Test] zero00819
2016-08-04 20:03:34,300 INFO [org.junit.Test] zero00820
2016-08-04 20:03:34,300 INFO [org.junit.Test] zero00821
2016-08-04 20:03:34,300 INFO [org.junit.Test] zero00822
2016-08-04 20:03:34,300 INFO [org.junit.Test] zero00823
2016-08-04 20:03:34,300 INFO [org.junit.Test] zero00824
2016-08-04 20:03:34,300 INFO [org.junit.Test] zero00825
2016-08-04 20:03:34,300 INFO [org.junit.Test] zero00826
2016-08-04 20:03:34,300 INFO [org.junit.Test] zero00827
2016-08-04 20:03:34,300 INFO [org.junit.Test] zero00828
2016-08-04 20:03:34,300 INFO [org.junit.Test] zero00829
2016-08-04 20:03:34,300 INFO [org.junit.Test] zero00830
2016-08-04 20:03:34,300 INFO [org.junit.Test] zero00831
2016-08-04 20:03:34,300 INFO [org.junit.Test] zero00832
2016-08-04 20:03:34,300 INFO [org.junit.Test] zero00833
2016-08-04 20:03:34,300 INFO [org.junit.Test] zero00834
2016-08-04 20:03:34,300 INFO [org.junit.Test] zero00835
2016-08-04 20:03:34,300 INFO [org.junit.Test] zero00836
2016-08-04 20:03:34,300 INFO [org.junit.Test] zero00837
2016-08-04 20:03:34,300 INFO [org.junit.Test] zero00838
2016-08-04 20:03:34,300 INFO [org.junit.Test] zero00839
2016-08-04 20:03:34,300 INFO [org.junit.Test] zero00840
2016-08-04 20:03:34,300 INFO [org.junit.Test] zero00841
2016-08-04 20:03:34,300 INFO [org.junit.Test] zero00842
2016-08-04 20:03:34,300 INFO [org.junit.Test] zero00843
2016-08-04 20:03:34,300 INFO [org.junit.Test] zero00844
2016-08-04 20:03:34,300 INFO [org.junit.Test] zero00845
2016-08-04 20:03:34,300 INFO [org.junit.Test] zero00846
2016-08-04 20:03:34,300 INFO [org.junit.Test] zero00847
2016-08-04 20:03:34,300 INFO [org.junit.Test] zero00848
2016-08-04 20:03:34,300 INFO [org.junit.Test] zero00849
2016-08-04 20:03:34,300 INFO [org.junit.Test] zero00850
2016-08-04 20:03:34,300 INFO [org.junit.Test] zero00851
2016-08-04 20:03:34,300 INFO [org.junit.Test] zero00852
2016-08-04 20:03:34,300 INFO [org.junit.Test] zero00853
2016-08-04 20:03:34,300 INFO [org.junit.Test] zero00854
2016-08-04 20:03:34,300 INFO [org.junit.Test] zero00855
2016-08-04 20:03:34,300 INFO [org.junit.Test] zero00856
2016-08-04 20:03:34,300 INFO [org.junit.Test] zero00857
2016-08-04 20:03:34,300 INFO [org.junit.Test] zero00858
2016-08-04 20:03:34,300 INFO [org.junit.Test] zero00859
2016-08-04 20:03:34,300 INFO [org.junit.Test] zero00860
2016-08-04 20:03:34,300 INFO [org.junit.Test] zero00861
2016-08-04 20:03:34,300 INFO [org.junit.Test] zero00862
2016-08-04 20:03:34,300 INFO [org.junit.Test] zero00863
2016-08-04 20:03:34,300 INFO [org.junit.Test] zero00864
2016-08-04 20:03:34,300 INFO [org.junit.Test] zero00865
2016-08-04 20:03:34,300 INFO [org.junit.Test] zero00866
2016-08-04 20:03:34,300 INFO [org.junit.Test] zero00867
2016-08-04 20:03:34,300 INFO [org.junit.Test] zero00868
2016-08-04 20:03:34,300 INFO [org.junit.Test] zero00869
2016-08-04 20:03:34,300 INFO [org.junit.Test] zero00870
2016-08-04 20:03:34,300 INFO [org.junit.Test] zero00871
2016-08-04 20:03:34,300 INFO [org.junit.Test] zero00872
2016-08-04 20:03:34,300 INFO [org.junit.Test] zero00873
2016-08-04 20:03:34,300 INFO [org.junit.Test] zero00874
2016-08-04 20:03:34,300 INFO [org.junit.Test] zero00875
2016-08-04 20:03:34,300 INFO [org.junit.Test] zero00876
2016-08-04 20:03:34,300 INFO [org.junit.Test] zero00877
2016-08-04 20:03:34,300 INFO [org.junit.Test] zero00878
2016-08-04 20:03:34,300 INFO [org.junit.Test] zero00879
2016-08-04 20:03:34,300 INFO [org.junit.Test] zero00880
2016-08-04 20:03:34,300 INFO [org.junit.Test] zero00881
2016-08-04 20:03:34,300 INFO [org.junit.Test] zero00882
2016-08-04 20:03:34,300 INFO [org.junit.Test] zero00883
2016-08-04 20:03:34,300 INFO [org.junit.Test] zero00884
2016-08-04 20:03:34,300 INFO [org.junit.Test] zero00885
2016-08-04 20:03:34,300 INFO [org.junit.Test] zero00886
2016-08-04 20:03:34,300 INFO [org.junit.Test] zero00887
2016-08-04 20:03:34,300 INFO [org.junit.Test] zero00888
2016-08-04 20:03:34,300 INFO [org.junit.Test] zero00889
2016-08-04 20:03:34,300 INFO [org.junit.Test] zero00890
2016-08-04 20:03:34,300 INFO [org.junit.Test] zero00891
2016-08-04 20:03:34,300 INFO [org.junit.Test] zero00892
2016-08-04 20:03:34,300 INFO [org.junit.Test] zero00893
2016-08-04 20:03:34,300 INFO [org.junit.Test] zero00894
2016-08-04 20:03:34,300 INFO [org.junit.Test] zero00895
2016-08-04 20:03:34,300 INFO [org.junit.Test] zero00896
2016-08-04 20:03:34,300 INFO [org.junit.Test] zero00897
2016-08-04 20:03:34,300 INFO [org.junit.Test] zero00898
2016-08-04 20:03:34,300 INFO [org.junit.Test] zero00899
2016-08-04 20:03:34,300 INFO [org.junit.Test] zero00900
2016-08-04 20:03:34,300 INFO [org.junit.Test] zero00901
2016-08-04 20:03:34,300 INFO [org.junit.Test] zero00902
2016-08-04 20:03:34,300 INFO [org.junit.Test] zero00903
2016-08-04 20:03:34,300 INFO [org.junit.Test] zero00904
2016-08-04 20:03:34,300 INFO [org.junit.Test] zero00905
2016-08-04 20:03:34,300 INFO [org.junit.Test] zero00906
2016-08-04 20:03:34,300 INFO [org.junit.Test] zero00907
2016-08-04 20:03:34,300 INFO [org.junit.Test] zero00908
2016-08-04 20:03:34,300 INFO [org.junit.Test] zero00909
2016-08-04 20:03:34,300 INFO [org.junit.Test] zero00910
2016-08-04 20:03:34,300 INFO [org.junit.Test] zero00911
2016-08-04 20:03:34,300 INFO [org.junit.Test] zero00912
2016-08-04 20:03:34,300 INFO [org.junit.Test] zero00913
2016-08-04 20:03:34,300 INFO [org.junit.Test] zero00914
2016-08-04 20:03:34,300 INFO [org.junit.Test] zero00915
2016-08-04 20:03:34,300 INFO [org.junit.Test] zero00916
2016-08-04 20:03:34,300 INFO [org.junit.Test] zero00917
2016-08-04 20:03:34,300 INFO [org.junit.Test] zero00918
2016-08-04 20:03:34,300 INFO [org.junit.Test] zero00919
2016-08-04 20:03:34,300 INFO [org.junit.Test] zero00920
2016-08-04 20:03:34,300 INFO [org.junit.Test] zero00921
2016-08-04 20:03:34,300 INFO [org.junit.Test] zero00922
2016-08-04 20:03:34,300 INFO [org.junit.Test] zero00923
2016-08-04 20:03:34,300 INFO [org.junit.Test] zero00924
2016-08-04 20:03:34,300 INFO [org.junit.Test] zero00925
2016-08-04 20:03:34,300 INFO [org.junit.Test] zero00926
2016-08-04 20:03:34,300 INFO [org.junit.Test] zero00927
2016-08-04 20:03:34,300 INFO [org.junit.Test] zero00928
2016-08-04 20:03:34,300 INFO [org.junit.Test] zero00929
2016-08-04 20:03:34,300 INFO [org.junit.Test] zero00930
2016-08-04 20:03:34,300 INFO [org.junit.Test] zero00931
2016-08-04 20:03:34,300 INFO [org.junit.Test] zero00932
2016-08-04 20:03:34,300 INFO [org.junit.Test] zero00933
2016-08-04 20:03:34,300 INFO [org.junit.Test] zero00934
2016-08-04 20:03:34,300 INFO [org.junit.Test] zero00935
2016-08-04 20:03:34,300 INFO [org.junit.Test] zero00936
2016-08-04 20:03:34,300 INFO [org.junit.Test] zero00937
2016-08-04 20:03:34,300 INFO [org.junit.Test] zero00938
2016-08-04 20:03:34,300 INFO [org.junit.Test] zero00939
2016-08-04 20:03:34,300 INFO [org.junit.Test] zero00940
2016-08-04 20:03:34,300 INFO [org.junit.Test] zero00941
2016-08-04 20:03:34,300 INFO [org.junit.Test] zero00942
2016-08-04 20:03:34,300 INFO [org.junit.Test] zero00943
2016-08-04 20:03:34,300 INFO [org.junit.Test] zero00944
2016-08-04 20:03:34,300 INFO [org.junit.Test] zero00945
2016-08-04 20:03:34,300 INFO [org.junit.Test] zero00946
2016-08-04 20:03:34,300 INFO [org.junit.Test] zero00947
2016-08-04 20:03:34,300 INFO [org.junit.Test] zero00948
2016-08-04 20:03:34,300 INFO [org.junit.Test] zero00949
2016-08-04 20:03:34,300 INFO [org.junit.Test] zero00950
2016-08-04 20:03:34,300 INFO [org.junit.Test] zero00951
2016-08-04 20:03:34,300 INFO [org.junit.Test] zero00952
2016-08-04 20:03:34,300 INFO [org.junit.Test] zero00953
2016-08-04 20:03:34,300 INFO [org.junit.Test] zero00954
2016-08-04 20:03:34,300 INFO [org.junit.Test] zero00955
2016-08-04 20:03:34,300 INFO [org.junit.Test] zero00956
2016-08-04 20:03:34,300 INFO [org.junit.Test] zero00957
2016-08-04 20:03:34,300 INFO [org.junit.Test] zero00958
2016-08-04 20:03:34,300 INFO [org.junit.Test] zero00959
2016-08-04 20:03:34,300 INFO [org.junit.Test] zero00960
2016-08-04 20:03:34,300 INFO [org.junit.Test] zero00961
2016-08-04 20:03:34,300 INFO [org.junit.Test] zero00962
2016-08-04 20:03:34,300 INFO [org.junit.Test] zero00963
2016-08-04 20:03:34,300 INFO [org.junit.Test] zero00964
2016-08-04 20:03:34,300 INFO [org.junit.Test] zero00965
2016-08-04 20:03:34,300 INFO [org.junit.Test] zero00966
2016-08-04 20:03:34,300 INFO [org.junit.Test] zero00967
2016-08-04 20:03:34,300 INFO [org.junit.Test] zero00968
2016-08-04 20:03:34,300 INFO [org.junit.Test] zero00969
2016-08-04 20:03:34,300 INFO [org.junit.Test] zero00970
2016-08-04 20:03:34,300 INFO [org.junit.Test] zero00971
2016-08-04 20:03:34,300 INFO [org.junit.Test] zero00972
2016-08-04 20:03:34,300 INFO [org.junit.Test] zero00973
2016-08-04 20:03:34,300 INFO [org.junit.Test] zero00974
2016-08-04 20:03:34,300 INFO [org.junit.Test] zero00975
2016-08-04 20:03:34,300 INFO [org.junit.Test] zero00976
2016-08-04 20:03:34,300 INFO [org.junit.Test] zero00977
2016-08-04 20:03:34,300 INFO [org.junit.Test] zero00978
2016-08-04 20:03:34,300 INFO [org.junit.Test] zero00979
2016-08-04 20:03:34,300 INFO [org.junit.Test] zero00980
2016-08-04 20:03:34,300 INFO [org.junit.Test] zero00981
2016-08-04 20:03:34,300 INFO [org.junit.Test] zero00982
2016-08-04 20:03:34,300 INFO [org.junit.Test] zero00983
2016-08-04 20:03:34,300 INFO [org.junit.Test] zero00984
2016-08-04 20:03:34,300 INFO [org.junit.Test] zero00985
2016-08-04 20:03:34,300 INFO [org.junit.Test] zero00986
2016-08-04 20:03:34,300 INFO [org.junit.Test] zero00987
2016-08-04 20:03:34,300 INFO [org.junit.Test] zero00988
2016-08-04 20:03:34,300 INFO [org.junit.Test] zero00989
2016-08-04 20:03:34,300 INFO [org.junit.Test] zero00990
2016-08-04 20:03:34,301 INFO [org.junit.Test] zero00991
2016-08-04 20:03:34,301 INFO [org.junit.Test] zero00992
2016-08-04 20:03:34,301 INFO [org.junit.Test] zero00993
2016-08-04 20:03:34,301 INFO [org.junit.Test] zero00994
2016-08-04 20:03:34,301 INFO [org.junit.Test] zero00995
2016-08-04 20:03:34,301 INFO [org.junit.Test] zero00996
2016-08-04 20:03:34,301 INFO [org.junit.Test] zero00997
2016-08-04 20:03:34,301 INFO [org.junit.Test] zero00998
2016-08-04 20:03:34,301 INFO [org.junit.Test] zero00999
2016-08-04 20:03:37,301 INFO [org.junit.Test] zero000
2016-08-04 20:03:37,301 INFO [org.junit.Test] zero001
2016-08-04 20:03:37,301 INFO [org.junit.Test] zero002
2016-08-04 20:03:37,301 INFO [org.junit.Test] zero003
2016-08-04 20:03:37,301 INFO [org.junit.Test] zero004
2016-08-04 20:03:37,301 INFO [org.junit.Test] zero005
2016-08-04 20:03:37,301 INFO [org.junit.Test] zero006
2016-08-04 20:03:37,301 INFO [org.junit.Test] zero007
2016-08-04 20:03:37,301 INFO [org.junit.Test] zero008
2016-08-04 20:03:37,301 INFO [org.junit.Test] zero009
2016-08-04 20:03:37,301 INFO [org.junit.Test] zero0010
2016-08-04 20:03:37,301 INFO [org.junit.Test] zero0011
2016-08-04 20:03:37,301 INFO [org.junit.Test] zero0012
2016-08-04 20:03:37,301 INFO [org.junit.Test] zero0013
2016-08-04 20:03:37,301 INFO [org.junit.Test] zero0014
2016-08-04 20:03:37,301 INFO [org.junit.Test] zero0015
2016-08-04 20:03:37,301 INFO [org.junit.Test] zero0016
2016-08-04 20:03:37,301 INFO [org.junit.Test] zero0017
2016-08-04 20:03:37,301 INFO [org.junit.Test] zero0018
2016-08-04 20:03:37,301 INFO [org.junit.Test] zero0019
2016-08-04 20:03:37,301 INFO [org.junit.Test] zero0020
2016-08-04 20:03:37,301 INFO [org.junit.Test] zero0021
2016-08-04 20:03:37,301 INFO [org.junit.Test] zero0022
2016-08-04 20:03:37,301 INFO [org.junit.Test] zero0023
2016-08-04 20:03:37,301 INFO [org.junit.Test] zero0024
2016-08-04 20:03:37,301 INFO [org.junit.Test] zero0025
2016-08-04 20:03:37,301 INFO [org.junit.Test] zero0026
2016-08-04 20:03:37,301 INFO [org.junit.Test] zero0027
2016-08-04 20:03:37,301 INFO [org.junit.Test] zero0028
2016-08-04 20:03:37,301 INFO [org.junit.Test] zero0029
2016-08-04 20:03:37,301 INFO [org.junit.Test] zero0030
2016-08-04 20:03:37,301 INFO [org.junit.Test] zero0031
2016-08-04 20:03:37,301 INFO [org.junit.Test] zero0032
2016-08-04 20:03:37,301 INFO [org.junit.Test] zero0033
2016-08-04 20:03:37,301 INFO [org.junit.Test] zero0034
2016-08-04 20:03:37,301 INFO [org.junit.Test] zero0035
2016-08-04 20:03:37,301 INFO [org.junit.Test] zero0036
2016-08-04 20:03:37,301 INFO [org.junit.Test] zero0037
2016-08-04 20:03:37,301 INFO [org.junit.Test] zero0038
2016-08-04 20:03:37,301 INFO [org.junit.Test] zero0039
2016-08-04 20:03:37,301 INFO [org.junit.Test] zero0040
2016-08-04 20:03:37,301 INFO [org.junit.Test] zero0041
2016-08-04 20:03:37,301 INFO [org.junit.Test] zero0042
2016-08-04 20:03:37,301 INFO [org.junit.Test] zero0043
2016-08-04 20:03:37,301 INFO [org.junit.Test] zero0044
2016-08-04 20:03:37,301 INFO [org.junit.Test] zero0045
2016-08-04 20:03:37,301 INFO [org.junit.Test] zero0046
2016-08-04 20:03:37,301 INFO [org.junit.Test] zero0047
2016-08-04 20:03:37,301 INFO [org.junit.Test] zero0048
2016-08-04 20:03:37,301 INFO [org.junit.Test] zero0049
2016-08-04 20:03:37,301 INFO [org.junit.Test] zero0050
2016-08-04 20:03:37,301 INFO [org.junit.Test] zero0051
2016-08-04 20:03:37,301 INFO [org.junit.Test] zero0052
2016-08-04 20:03:37,301 INFO [org.junit.Test] zero0053
2016-08-04 20:03:37,301 INFO [org.junit.Test] zero0054
2016-08-04 20:03:37,301 INFO [org.junit.Test] zero0055
2016-08-04 20:03:37,301 INFO [org.junit.Test] zero0056
2016-08-04 20:03:37,301 INFO [org.junit.Test] zero0057
2016-08-04 20:03:37,301 INFO [org.junit.Test] zero0058
2016-08-04 20:03:37,301 INFO [org.junit.Test] zero0059
2016-08-04 20:03:37,301 INFO [org.junit.Test] zero0060
2016-08-04 20:03:37,301 INFO [org.junit.Test] zero0061
2016-08-04 20:03:37,301 INFO [org.junit.Test] zero0062
2016-08-04 20:03:37,301 INFO [org.junit.Test] zero0063
2016-08-04 20:03:37,301 INFO [org.junit.Test] zero0064
2016-08-04 20:03:37,301 INFO [org.junit.Test] zero0065
2016-08-04 20:03:37,301 INFO [org.junit.Test] zero0066
2016-08-04 20:03:37,301 INFO [org.junit.Test] zero0067
2016-08-04 20:03:37,301 INFO [org.junit.Test] zero0068
2016-08-04 20:03:37,301 INFO [org.junit.Test] zero0069
2016-08-04 20:03:37,301 INFO [org.junit.Test] zero0070
2016-08-04 20:03:37,301 INFO [org.junit.Test] zero0071
2016-08-04 20:03:37,301 INFO [org.junit.Test] zero0072
2016-08-04 20:03:37,301 INFO [org.junit.Test] zero0073
2016-08-04 20:03:37,301 INFO [org.junit.Test] zero0074
2016-08-04 20:03:37,301 INFO [org.junit.Test] zero0075
2016-08-04 20:03:37,301 INFO [org.junit.Test] zero0076
2016-08-04 20:03:37,301 INFO [org.junit.Test] zero0077
2016-08-04 20:03:37,301 INFO [org.junit.Test] zero0078
2016-08-04 20:03:37,301 INFO [org.junit.Test] zero0079
2016-08-04 20:03:37,301 INFO [org.junit.Test] zero0080
2016-08-04 20:03:37,301 INFO [org.junit.Test] zero0081
2016-08-04 20:03:37,301 INFO [org.junit.Test] zero0082
2016-08-04 20:03:37,301 INFO [org.junit.Test] zero0083
2016-08-04 20:03:37,301 INFO [org.junit.Test] zero0084
2016-08-04 20:03:37,301 INFO [org.junit.Test] zero0085
2016-08-04 20:03:37,301 INFO [org.junit.Test] zero0086
2016-08-04 20:03:37,301 INFO [org.junit.Test] zero0087
2016-08-04 20:03:37,301 INFO [org.junit.Test] zero0088
2016-08-04 20:03:37,301 INFO [org.junit.Test] zero0089
2016-08-04 20:03:37,301 INFO [org.junit.Test] zero0090
2016-08-04 20:03:37,301 INFO [org.junit.Test] zero0091
2016-08-04 20:03:37,301 INFO [org.junit.Test] zero0092
2016-08-04 20:03:37,301 INFO [org.junit.Test] zero0093
2016-08-04 20:03:37,301 INFO [org.junit.Test] zero0094
2016-08-04 20:03:37,301 INFO [org.junit.Test] zero0095
2016-08-04 20:03:37,301 INFO [org.junit.Test] zero0096
2016-08-04 20:03:37,301 INFO [org.junit.Test] zero0097
2016-08-04 20:03:37,301 INFO [org.junit.Test] zero0098
2016-08-04 20:03:37,301 INFO [org.junit.Test] zero0099
2016-08-04 20:03:37,301 INFO [org.junit.Test] zero00100
2016-08-04 20:03:37,301 INFO [org.junit.Test] zero00101
2016-08-04 20:03:37,301 INFO [org.junit.Test] zero00102
2016-08-04 20:03:37,301 INFO [org.junit.Test] zero00103
2016-08-04 20:03:37,301 INFO [org.junit.Test] zero00104
2016-08-04 20:03:37,301 INFO [org.junit.Test] zero00105
2016-08-04 20:03:37,301 INFO [org.junit.Test] zero00106
2016-08-04 20:03:37,301 INFO [org.junit.Test] zero00107
2016-08-04 20:03:37,301 INFO [org.junit.Test] zero00108
2016-08-04 20:03:37,301 INFO [org.junit.Test] zero00109
2016-08-04 20:03:37,301 INFO [org.junit.Test] zero00110
2016-08-04 20:03:37,301 INFO [org.junit.Test] zero00111
2016-08-04 20:03:37,301 INFO [org.junit.Test] zero00112
2016-08-04 20:03:37,301 INFO [org.junit.Test] zero00113
2016-08-04 20:03:37,301 INFO [org.junit.Test] zero00114
2016-08-04 20:03:37,301 INFO [org.junit.Test] zero00115
2016-08-04 20:03:37,301 INFO [org.junit.Test] zero00116
2016-08-04 20:03:37,301 INFO [org.junit.Test] zero00117
2016-08-04 20:03:37,302 INFO [org.junit.Test] zero00118
2016-08-04 20:03:37,302 INFO [org.junit.Test] zero00119
2016-08-04 20:03:37,302 INFO [org.junit.Test] zero00120
2016-08-04 20:03:37,302 INFO [org.junit.Test] zero00121
2016-08-04 20:03:37,302 INFO [org.junit.Test] zero00122
2016-08-04 20:03:37,302 INFO [org.junit.Test] zero00123
2016-08-04 20:03:37,302 INFO [org.junit.Test] zero00124
2016-08-04 20:03:37,302 INFO [org.junit.Test] zero00125
2016-08-04 20:03:37,302 INFO [org.junit.Test] zero00126
2016-08-04 20:03:37,302 INFO [org.junit.Test] zero00127
2016-08-04 20:03:37,302 INFO [org.junit.Test] zero00128
2016-08-04 20:03:37,302 INFO [org.junit.Test] zero00129
2016-08-04 20:03:37,302 INFO [org.junit.Test] zero00130
2016-08-04 20:03:37,302 INFO [org.junit.Test] zero00131
2016-08-04 20:03:37,302 INFO [org.junit.Test] zero00132
2016-08-04 20:03:37,302 INFO [org.junit.Test] zero00133
2016-08-04 20:03:37,302 INFO [org.junit.Test] zero00134
2016-08-04 20:03:37,302 INFO [org.junit.Test] zero00135
2016-08-04 20:03:37,302 INFO [org.junit.Test] zero00136
2016-08-04 20:03:37,302 INFO [org.junit.Test] zero00137
2016-08-04 20:03:37,302 INFO [org.junit.Test] zero00138
2016-08-04 20:03:37,302 INFO [org.junit.Test] zero00139
2016-08-04 20:03:37,302 INFO [org.junit.Test] zero00140
2016-08-04 20:03:37,302 INFO [org.junit.Test] zero00141
2016-08-04 20:03:37,302 INFO [org.junit.Test] zero00142
2016-08-04 20:03:37,302 INFO [org.junit.Test] zero00143
2016-08-04 20:03:37,302 INFO [org.junit.Test] zero00144
2016-08-04 20:03:37,302 INFO [org.junit.Test] zero00145
2016-08-04 20:03:37,302 INFO [org.junit.Test] zero00146
2016-08-04 20:03:37,302 INFO [org.junit.Test] zero00147
2016-08-04 20:03:37,302 INFO [org.junit.Test] zero00148
2016-08-04 20:03:37,302 INFO [org.junit.Test] zero00149
2016-08-04 20:03:37,302 INFO [org.junit.Test] zero00150
2016-08-04 20:03:37,302 INFO [org.junit.Test] zero00151
2016-08-04 20:03:37,302 INFO [org.junit.Test] zero00152
2016-08-04 20:03:37,302 INFO [org.junit.Test] zero00153
2016-08-04 20:03:37,302 INFO [org.junit.Test] zero00154
2016-08-04 20:03:37,302 INFO [org.junit.Test] zero00155
2016-08-04 20:03:37,302 INFO [org.junit.Test] zero00156
2016-08-04 20:03:37,302 INFO [org.junit.Test] zero00157
2016-08-04 20:03:37,302 INFO [org.junit.Test] zero00158
2016-08-04 20:03:37,302 INFO [org.junit.Test] zero00159
2016-08-04 20:03:37,302 INFO [org.junit.Test] zero00160
2016-08-04 20:03:37,302 INFO [org.junit.Test] zero00161
2016-08-04 20:03:37,302 INFO [org.junit.Test] zero00162
2016-08-04 20:03:37,302 INFO [org.junit.Test] zero00163
2016-08-04 20:03:37,302 INFO [org.junit.Test] zero00164
2016-08-04 20:03:37,302 INFO [org.junit.Test] zero00165
2016-08-04 20:03:37,302 INFO [org.junit.Test] zero00166
2016-08-04 20:03:37,302 INFO [org.junit.Test] zero00167
2016-08-04 20:03:37,302 INFO [org.junit.Test] zero00168
2016-08-04 20:03:37,302 INFO [org.junit.Test] zero00169
2016-08-04 20:03:37,302 INFO [org.junit.Test] zero00170
2016-08-04 20:03:37,302 INFO [org.junit.Test] zero00171
2016-08-04 20:03:37,302 INFO [org.junit.Test] zero00172
2016-08-04 20:03:37,302 INFO [org.junit.Test] zero00173
2016-08-04 20:03:37,302 INFO [org.junit.Test] zero00174
2016-08-04 20:03:37,302 INFO [org.junit.Test] zero00175
2016-08-04 20:03:37,302 INFO [org.junit.Test] zero00176
2016-08-04 20:03:37,302 INFO [org.junit.Test] zero00177
2016-08-04 20:03:37,302 INFO [org.junit.Test] zero00178
2016-08-04 20:03:37,302 INFO [org.junit.Test] zero00179
2016-08-04 20:03:37,302 INFO [org.junit.Test] zero00180
2016-08-04 20:03:37,302 INFO [org.junit.Test] zero00181
2016-08-04 20:03:37,302 INFO [org.junit.Test] zero00182
2016-08-04 20:03:37,302 INFO [org.junit.Test] zero00183
2016-08-04 20:03:37,302 INFO [org.junit.Test] zero00184
2016-08-04 20:03:37,302 INFO [org.junit.Test] zero00185
2016-08-04 20:03:37,302 INFO [org.junit.Test] zero00186
2016-08-04 20:03:37,302 INFO [org.junit.Test] zero00187
2016-08-04 20:03:37,302 INFO [org.junit.Test] zero00188
2016-08-04 20:03:37,302 INFO [org.junit.Test] zero00189
2016-08-04 20:03:37,302 INFO [org.junit.Test] zero00190
2016-08-04 20:03:37,302 INFO [org.junit.Test] zero00191
2016-08-04 20:03:37,302 INFO [org.junit.Test] zero00192
2016-08-04 20:03:37,302 INFO [org.junit.Test] zero00193
2016-08-04 20:03:37,302 INFO [org.junit.Test] zero00194
2016-08-04 20:03:37,302 INFO [org.junit.Test] zero00195
2016-08-04 20:03:37,302 INFO [org.junit.Test] zero00196
2016-08-04 20:03:37,302 INFO [org.junit.Test] zero00197
2016-08-04 20:03:37,302 INFO [org.junit.Test] zero00198
2016-08-04 20:03:37,302 INFO [org.junit.Test] zero00199
2016-08-04 20:03:37,302 INFO [org.junit.Test] zero00200
2016-08-04 20:03:37,302 INFO [org.junit.Test] zero00201
2016-08-04 20:03:37,302 INFO [org.junit.Test] zero00202
2016-08-04 20:03:37,302 INFO [org.junit.Test] zero00203
2016-08-04 20:03:37,302 INFO [org.junit.Test] zero00204
2016-08-04 20:03:37,302 INFO [org.junit.Test] zero00205
2016-08-04 20:03:37,302 INFO [org.junit.Test] zero00206
2016-08-04 20:03:37,302 INFO [org.junit.Test] zero00207
2016-08-04 20:03:37,302 INFO [org.junit.Test] zero00208
2016-08-04 20:03:37,302 INFO [org.junit.Test] zero00209
2016-08-04 20:03:37,302 INFO [org.junit.Test] zero00210
2016-08-04 20:03:37,302 INFO [org.junit.Test] zero00211
2016-08-04 20:03:37,302 INFO [org.junit.Test] zero00212
2016-08-04 20:03:37,302 INFO [org.junit.Test] zero00213
2016-08-04 20:03:37,302 INFO [org.junit.Test] zero00214
2016-08-04 20:03:37,302 INFO [org.junit.Test] zero00215
2016-08-04 20:03:37,302 INFO [org.junit.Test] zero00216
2016-08-04 20:03:37,302 INFO [org.junit.Test] zero00217
2016-08-04 20:03:37,302 INFO [org.junit.Test] zero00218
2016-08-04 20:03:37,302 INFO [org.junit.Test] zero00219
2016-08-04 20:03:37,302 INFO [org.junit.Test] zero00220
2016-08-04 20:03:37,302 INFO [org.junit.Test] zero00221
2016-08-04 20:03:37,302 INFO [org.junit.Test] zero00222
2016-08-04 20:03:37,302 INFO [org.junit.Test] zero00223
2016-08-04 20:03:37,302 INFO [org.junit.Test] zero00224
2016-08-04 20:03:37,302 INFO [org.junit.Test] zero00225
2016-08-04 20:03:37,302 INFO [org.junit.Test] zero00226
2016-08-04 20:03:37,302 INFO [org.junit.Test] zero00227
2016-08-04 20:03:37,302 INFO [org.junit.Test] zero00228
2016-08-04 20:03:37,302 INFO [org.junit.Test] zero00229
2016-08-04 20:03:37,302 INFO [org.junit.Test] zero00230
2016-08-04 20:03:37,302 INFO [org.junit.Test] zero00231
2016-08-04 20:03:37,302 INFO [org.junit.Test] zero00232
2016-08-04 20:03:37,302 INFO [org.junit.Test] zero00233
2016-08-04 20:03:37,302 INFO [org.junit.Test] zero00234
2016-08-04 20:03:37,302 INFO [org.junit.Test] zero00235
2016-08-04 20:03:37,302 INFO [org.junit.Test] zero00236
2016-08-04 20:03:37,302 INFO [org.junit.Test] zero00237
2016-08-04 20:03:37,302 INFO [org.junit.Test] zero00238
2016-08-04 20:03:37,302 INFO [org.junit.Test] zero00239
2016-08-04 20:03:37,302 INFO [org.junit.Test] zero00240
2016-08-04 20:03:37,302 INFO [org.junit.Test] zero00241
2016-08-04 20:03:37,302 INFO [org.junit.Test] zero00242
2016-08-04 20:03:37,302 INFO [org.junit.Test] zero00243
2016-08-04 20:03:37,302 INFO [org.junit.Test] zero00244
2016-08-04 20:03:37,302 INFO [org.junit.Test] zero00245
2016-08-04 20:03:37,302 INFO [org.junit.Test] zero00246
2016-08-04 20:03:37,302 INFO [org.junit.Test] zero00247
2016-08-04 20:03:37,302 INFO [org.junit.Test] zero00248
2016-08-04 20:03:37,302 INFO [org.junit.Test] zero00249
2016-08-04 20:03:37,302 INFO [org.junit.Test] zero00250
2016-08-04 20:03:37,302 INFO [org.junit.Test] zero00251
2016-08-04 20:03:37,302 INFO [org.junit.Test] zero00252
2016-08-04 20:03:37,302 INFO [org.junit.Test] zero00253
2016-08-04 20:03:37,302 INFO [org.junit.Test] zero00254
2016-08-04 20:03:37,302 INFO [org.junit.Test] zero00255
2016-08-04 20:03:37,302 INFO [org.junit.Test] zero00256
2016-08-04 20:03:37,302 INFO [org.junit.Test] zero00257
2016-08-04 20:03:37,302 INFO [org.junit.Test] zero00258
2016-08-04 20:03:37,302 INFO [org.junit.Test] zero00259
2016-08-04 20:03:37,302 INFO [org.junit.Test] zero00260
2016-08-04 20:03:37,302 INFO [org.junit.Test] zero00261
2016-08-04 20:03:37,302 INFO [org.junit.Test] zero00262
2016-08-04 20:03:37,302 INFO [org.junit.Test] zero00263
2016-08-04 20:03:37,302 INFO [org.junit.Test] zero00264
2016-08-04 20:03:37,302 INFO [org.junit.Test] zero00265
2016-08-04 20:03:37,302 INFO [org.junit.Test] zero00266
2016-08-04 20:03:37,302 INFO [org.junit.Test] zero00267
2016-08-04 20:03:37,302 INFO [org.junit.Test] zero00268
2016-08-04 20:03:37,302 INFO [org.junit.Test] zero00269
2016-08-04 20:03:37,302 INFO [org.junit.Test] zero00270
2016-08-04 20:03:37,302 INFO [org.junit.Test] zero00271
2016-08-04 20:03:37,302 INFO [org.junit.Test] zero00272
2016-08-04 20:03:37,302 INFO [org.junit.Test] zero00273
2016-08-04 20:03:37,302 INFO [org.junit.Test] zero00274
2016-08-04 20:03:37,302 INFO [org.junit.Test] zero00275
2016-08-04 20:03:37,302 INFO [org.junit.Test] zero00276
2016-08-04 20:03:37,303 INFO [org.junit.Test] zero00277
2016-08-04 20:03:37,303 INFO [org.junit.Test] zero00278
2016-08-04 20:03:37,303 INFO [org.junit.Test] zero00279
2016-08-04 20:03:37,303 INFO [org.junit.Test] zero00280
2016-08-04 20:03:37,303 INFO [org.junit.Test] zero00281
2016-08-04 20:03:37,303 INFO [org.junit.Test] zero00282
2016-08-04 20:03:37,303 INFO [org.junit.Test] zero00283
2016-08-04 20:03:37,303 INFO [org.junit.Test] zero00284
2016-08-04 20:03:37,303 INFO [org.junit.Test] zero00285
2016-08-04 20:03:37,303 INFO [org.junit.Test] zero00286
2016-08-04 20:03:37,303 INFO [org.junit.Test] zero00287
2016-08-04 20:03:37,303 INFO [org.junit.Test] zero00288
2016-08-04 20:03:37,303 INFO [org.junit.Test] zero00289
2016-08-04 20:03:37,303 INFO [org.junit.Test] zero00290
2016-08-04 20:03:37,303 INFO [org.junit.Test] zero00291
2016-08-04 20:03:37,303 INFO [org.junit.Test] zero00292
2016-08-04 20:03:37,303 INFO [org.junit.Test] zero00293
2016-08-04 20:03:37,303 INFO [org.junit.Test] zero00294
2016-08-04 20:03:37,303 INFO [org.junit.Test] zero00295
2016-08-04 20:03:37,303 INFO [org.junit.Test] zero00296
2016-08-04 20:03:37,303 INFO [org.junit.Test] zero00297
2016-08-04 20:03:37,303 INFO [org.junit.Test] zero00298
2016-08-04 20:03:37,303 INFO [org.junit.Test] zero00299
2016-08-04 20:03:37,303 INFO [org.junit.Test] zero00300
2016-08-04 20:03:37,303 INFO [org.junit.Test] zero00301
2016-08-04 20:03:37,303 INFO [org.junit.Test] zero00302
2016-08-04 20:03:37,303 INFO [org.junit.Test] zero00303
2016-08-04 20:03:37,303 INFO [org.junit.Test] zero00304
2016-08-04 20:03:37,303 INFO [org.junit.Test] zero00305
2016-08-04 20:03:37,303 INFO [org.junit.Test] zero00306
2016-08-04 20:03:37,303 INFO [org.junit.Test] zero00307
2016-08-04 20:03:37,303 INFO [org.junit.Test] zero00308
2016-08-04 20:03:37,303 INFO [org.junit.Test] zero00309
2016-08-04 20:03:37,303 INFO [org.junit.Test] zero00310
2016-08-04 20:03:37,303 INFO [org.junit.Test] zero00311
2016-08-04 20:03:37,303 INFO [org.junit.Test] zero00312
2016-08-04 20:03:37,303 INFO [org.junit.Test] zero00313
2016-08-04 20:03:37,303 INFO [org.junit.Test] zero00314
2016-08-04 20:03:37,303 INFO [org.junit.Test] zero00315
2016-08-04 20:03:37,303 INFO [org.junit.Test] zero00316
2016-08-04 20:03:37,303 INFO [org.junit.Test] zero00317
2016-08-04 20:03:37,303 INFO [org.junit.Test] zero00318
2016-08-04 20:03:37,303 INFO [org.junit.Test] zero00319
2016-08-04 20:03:37,303 INFO [org.junit.Test] zero00320
2016-08-04 20:03:37,303 INFO [org.junit.Test] zero00321
2016-08-04 20:03:37,303 INFO [org.junit.Test] zero00322
2016-08-04 20:03:37,303 INFO [org.junit.Test] zero00323
2016-08-04 20:03:37,303 INFO [org.junit.Test] zero00324
2016-08-04 20:03:37,303 INFO [org.junit.Test] zero00325
2016-08-04 20:03:37,303 INFO [org.junit.Test] zero00326
2016-08-04 20:03:37,303 INFO [org.junit.Test] zero00327
2016-08-04 20:03:37,303 INFO [org.junit.Test] zero00328
2016-08-04 20:03:37,303 INFO [org.junit.Test] zero00329
2016-08-04 20:03:37,303 INFO [org.junit.Test] zero00330
2016-08-04 20:03:37,303 INFO [org.junit.Test] zero00331
2016-08-04 20:03:37,303 INFO [org.junit.Test] zero00332
2016-08-04 20:03:37,303 INFO [org.junit.Test] zero00333
2016-08-04 20:03:37,303 INFO [org.junit.Test] zero00334
2016-08-04 20:03:37,303 INFO [org.junit.Test] zero00335
2016-08-04 20:03:37,303 INFO [org.junit.Test] zero00336
2016-08-04 20:03:37,303 INFO [org.junit.Test] zero00337
2016-08-04 20:03:37,303 INFO [org.junit.Test] zero00338
2016-08-04 20:03:37,303 INFO [org.junit.Test] zero00339
2016-08-04 20:03:37,303 INFO [org.junit.Test] zero00340
2016-08-04 20:03:37,303 INFO [org.junit.Test] zero00341
2016-08-04 20:03:37,303 INFO [org.junit.Test] zero00342
2016-08-04 20:03:37,303 INFO [org.junit.Test] zero00343
2016-08-04 20:03:37,303 INFO [org.junit.Test] zero00344
2016-08-04 20:03:37,303 INFO [org.junit.Test] zero00345
2016-08-04 20:03:37,303 INFO [org.junit.Test] zero00346
2016-08-04 20:03:37,303 INFO [org.junit.Test] zero00347
2016-08-04 20:03:37,303 INFO [org.junit.Test] zero00348
2016-08-04 20:03:37,303 INFO [org.junit.Test] zero00349
2016-08-04 20:03:37,303 INFO [org.junit.Test] zero00350
2016-08-04 20:03:37,303 INFO [org.junit.Test] zero00351
2016-08-04 20:03:37,303 INFO [org.junit.Test] zero00352
2016-08-04 20:03:37,303 INFO [org.junit.Test] zero00353
2016-08-04 20:03:37,303 INFO [org.junit.Test] zero00354
2016-08-04 20:03:37,303 INFO [org.junit.Test] zero00355
2016-08-04 20:03:37,303 INFO [org.junit.Test] zero00356
2016-08-04 20:03:37,303 INFO [org.junit.Test] zero00357
2016-08-04 20:03:37,303 INFO [org.junit.Test] zero00358
2016-08-04 20:03:37,303 INFO [org.junit.Test] zero00359
2016-08-04 20:03:37,303 INFO [org.junit.Test] zero00360
2016-08-04 20:03:37,303 INFO [org.junit.Test] zero00361
2016-08-04 20:03:37,303 INFO [org.junit.Test] zero00362
2016-08-04 20:03:37,303 INFO [org.junit.Test] zero00363
2016-08-04 20:03:37,303 INFO [org.junit.Test] zero00364
2016-08-04 20:03:37,303 INFO [org.junit.Test] zero00365
2016-08-04 20:03:37,303 INFO [org.junit.Test] zero00366
2016-08-04 20:03:37,303 INFO [org.junit.Test] zero00367
2016-08-04 20:03:37,303 INFO [org.junit.Test] zero00368
2016-08-04 20:03:37,303 INFO [org.junit.Test] zero00369
2016-08-04 20:03:37,303 INFO [org.junit.Test] zero00370
2016-08-04 20:03:37,303 INFO [org.junit.Test] zero00371
2016-08-04 20:03:37,303 INFO [org.junit.Test] zero00372
2016-08-04 20:03:37,303 INFO [org.junit.Test] zero00373
2016-08-04 20:03:37,303 INFO [org.junit.Test] zero00374
2016-08-04 20:03:37,303 INFO [org.junit.Test] zero00375
2016-08-04 20:03:37,303 INFO [org.junit.Test] zero00376
2016-08-04 20:03:37,303 INFO [org.junit.Test] zero00377
2016-08-04 20:03:37,303 INFO [org.junit.Test] zero00378
2016-08-04 20:03:37,303 INFO [org.junit.Test] zero00379
2016-08-04 20:03:37,303 INFO [org.junit.Test] zero00380
2016-08-04 20:03:37,303 INFO [org.junit.Test] zero00381
2016-08-04 20:03:37,303 INFO [org.junit.Test] zero00382
2016-08-04 20:03:37,303 INFO [org.junit.Test] zero00383
2016-08-04 20:03:37,303 INFO [org.junit.Test] zero00384
2016-08-04 20:03:37,303 INFO [org.junit.Test] zero00385
2016-08-04 20:03:37,303 INFO [org.junit.Test] zero00386
2016-08-04 20:03:37,303 INFO [org.junit.Test] zero00387
2016-08-04 20:03:37,303 INFO [org.junit.Test] zero00388
2016-08-04 20:03:37,303 INFO [org.junit.Test] zero00389
2016-08-04 20:03:37,303 INFO [org.junit.Test] zero00390
2016-08-04 20:03:37,303 INFO [org.junit.Test] zero00391
2016-08-04 20:03:37,303 INFO [org.junit.Test] zero00392
2016-08-04 20:03:37,303 INFO [org.junit.Test] zero00393
2016-08-04 20:03:37,303 INFO [org.junit.Test] zero00394
2016-08-04 20:03:37,303 INFO [org.junit.Test] zero00395
2016-08-04 20:03:37,303 INFO [org.junit.Test] zero00396
2016-08-04 20:03:37,303 INFO [org.junit.Test] zero00397
2016-08-04 20:03:37,303 INFO [org.junit.Test] zero00398
2016-08-04 20:03:37,303 INFO [org.junit.Test] zero00399
2016-08-04 20:03:37,303 INFO [org.junit.Test] zero00400
2016-08-04 20:03:37,303 INFO [org.junit.Test] zero00401
2016-08-04 20:03:37,303 INFO [org.junit.Test] zero00402
2016-08-04 20:03:37,303 INFO [org.junit.Test] zero00403
2016-08-04 20:03:37,303 INFO [org.junit.Test] zero00404
2016-08-04 20:03:37,303 INFO [org.junit.Test] zero00405
2016-08-04 20:03:37,303 INFO [org.junit.Test] zero00406
2016-08-04 20:03:37,303 INFO [org.junit.Test] zero00407
2016-08-04 20:03:37,303 INFO [org.junit.Test] zero00408
2016-08-04 20:03:37,303 INFO [org.junit.Test] zero00409
2016-08-04 20:03:37,303 INFO [org.junit.Test] zero00410
2016-08-04 20:03:37,303 INFO [org.junit.Test] zero00411
2016-08-04 20:03:37,303 INFO [org.junit.Test] zero00412
2016-08-04 20:03:37,303 INFO [org.junit.Test] zero00413
2016-08-04 20:03:37,303 INFO [org.junit.Test] zero00414
2016-08-04 20:03:37,303 INFO [org.junit.Test] zero00415
2016-08-04 20:03:37,303 INFO [org.junit.Test] zero00416
2016-08-04 20:03:37,303 INFO [org.junit.Test] zero00417
2016-08-04 20:03:37,303 INFO [org.junit.Test] zero00418
2016-08-04 20:03:37,303 INFO [org.junit.Test] zero00419
2016-08-04 20:03:37,303 INFO [org.junit.Test] zero00420
2016-08-04 20:03:37,303 INFO [org.junit.Test] zero00421
2016-08-04 20:03:37,303 INFO [org.junit.Test] zero00422
2016-08-04 20:03:37,303 INFO [org.junit.Test] zero00423
2016-08-04 20:03:37,303 INFO [org.junit.Test] zero00424
2016-08-04 20:03:37,303 INFO [org.junit.Test] zero00425
2016-08-04 20:03:37,303 INFO [org.junit.Test] zero00426
2016-08-04 20:03:37,303 INFO [org.junit.Test] zero00427
2016-08-04 20:03:37,303 INFO [org.junit.Test] zero00428
2016-08-04 20:03:37,303 INFO [org.junit.Test] zero00429
2016-08-04 20:03:37,303 INFO [org.junit.Test] zero00430
2016-08-04 20:03:37,303 INFO [org.junit.Test] zero00431
2016-08-04 20:03:37,303 INFO [org.junit.Test] zero00432
2016-08-04 20:03:37,303 INFO [org.junit.Test] zero00433
2016-08-04 20:03:37,303 INFO [org.junit.Test] zero00434
2016-08-04 20:03:37,303 INFO [org.junit.Test] zero00435
2016-08-04 20:03:37,303 INFO [org.junit.Test] zero00436
2016-08-04 20:03:37,303 INFO [org.junit.Test] zero00437
2016-08-04 20:03:37,303 INFO [org.junit.Test] zero00438
2016-08-04 20:03:37,303 INFO [org.junit.Test] zero00439
2016-08-04 20:03:37,303 INFO [org.junit.Test] zero00440
2016-08-04 20:03:37,303 INFO [org.junit.Test] zero00441
2016-08-04 20:03:37,303 INFO [org.junit.Test] zero00442
2016-08-04 20:03:37,303 INFO [org.junit.Test] zero00443
2016-08-04 20:03:37,303 INFO [org.junit.Test] zero00444
2016-08-04 20:03:37,303 INFO [org.junit.Test] zero00445
2016-08-04 20:03:37,303 INFO [org.junit.Test] zero00446
2016-08-04 20:03:37,303 INFO [org.junit.Test] zero00447
2016-08-04 20:03:37,303 INFO [org.junit.Test] zero00448
2016-08-04 20:03:37,303 INFO [org.junit.Test] zero00449
2016-08-04 20:03:37,303 INFO [org.junit.Test] zero00450
2016-08-04 20:03:37,303 INFO [org.junit.Test] zero00451
2016-08-04 20:03:37,303 INFO [org.junit.Test] zero00452
2016-08-04 20:03:37,303 INFO [org.junit.Test] zero00453
2016-08-04 20:03:37,303 INFO [org.junit.Test] zero00454
2016-08-04 20:03:37,303 INFO [org.junit.Test] zero00455
2016-08-04 20:03:37,303 INFO [org.junit.Test] zero00456
2016-08-04 20:03:37,303 INFO [org.junit.Test] zero00457
2016-08-04 20:03:37,303 INFO [org.junit.Test] zero00458
2016-08-04 20:03:37,303 INFO [org.junit.Test] zero00459
2016-08-04 20:03:37,303 INFO [org.junit.Test] zero00460
2016-08-04 20:03:37,303 INFO [org.junit.Test] zero00461
2016-08-04 20:03:37,303 INFO [org.junit.Test] zero00462
2016-08-04 20:03:37,303 INFO [org.junit.Test] zero00463
2016-08-04 20:03:37,303 INFO [org.junit.Test] zero00464
2016-08-04 20:03:37,303 INFO [org.junit.Test] zero00465
2016-08-04 20:03:37,303 INFO [org.junit.Test] zero00466
2016-08-04 20:03:37,303 INFO [org.junit.Test] zero00467
2016-08-04 20:03:37,303 INFO [org.junit.Test] zero00468
2016-08-04 20:03:37,303 INFO [org.junit.Test] zero00469
2016-08-04 20:03:37,303 INFO [org.junit.Test] zero00470
2016-08-04 20:03:37,303 INFO [org.junit.Test] zero00471
2016-08-04 20:03:37,303 INFO [org.junit.Test] zero00472
2016-08-04 20:03:37,303 INFO [org.junit.Test] zero00473
2016-08-04 20:03:37,303 INFO [org.junit.Test] zero00474
2016-08-04 20:03:37,303 INFO [org.junit.Test] zero00475
2016-08-04 20:03:37,303 INFO [org.junit.Test] zero00476
2016-08-04 20:03:37,303 INFO [org.junit.Test] zero00477
2016-08-04 20:03:37,303 INFO [org.junit.Test] zero00478
2016-08-04 20:03:37,303 INFO [org.junit.Test] zero00479
2016-08-04 20:03:37,303 INFO [org.junit.Test] zero00480
2016-08-04 20:03:37,303 INFO [org.junit.Test] zero00481
2016-08-04 20:03:37,303 INFO [org.junit.Test] zero00482
2016-08-04 20:03:37,303 INFO [org.junit.Test] zero00483
2016-08-04 20:03:37,303 INFO [org.junit.Test] zero00484
2016-08-04 20:03:37,303 INFO [org.junit.Test] zero00485
2016-08-04 20:03:37,303 INFO [org.junit.Test] zero00486
2016-08-04 20:03:37,303 INFO [org.junit.Test] zero00487
2016-08-04 20:03:37,303 INFO [org.junit.Test] zero00488
2016-08-04 20:03:37,303 INFO [org.junit.Test] zero00489
2016-08-04 20:03:37,303 INFO [org.junit.Test] zero00490
2016-08-04 20:03:37,303 INFO [org.junit.Test] zero00491
2016-08-04 20:03:37,303 INFO [org.junit.Test] zero00492
2016-08-04 20:03:37,303 INFO [org.junit.Test] zero00493
2016-08-04 20:03:37,303 INFO [org.junit.Test] zero00494
2016-08-04 20:03:37,303 INFO [org.junit.Test] zero00495
2016-08-04 20:03:37,303 INFO [org.junit.Test] zero00496
2016-08-04 20:03:37,303 INFO [org.junit.Test] zero00497
2016-08-04 20:03:37,303 INFO [org.junit.Test] zero00498
2016-08-04 20:03:37,303 INFO [org.junit.Test] zero00499
2016-08-04 20:03:37,303 INFO [org.junit.Test] zero00500
2016-08-04 20:03:37,303 INFO [org.junit.Test] zero00501
2016-08-04 20:03:37,303 INFO [org.junit.Test] zero00502
2016-08-04 20:03:37,303 INFO [org.junit.Test] zero00503
2016-08-04 20:03:37,303 INFO [org.junit.Test] zero00504
2016-08-04 20:03:37,303 INFO [org.junit.Test] zero00505
2016-08-04 20:03:37,303 INFO [org.junit.Test] zero00506
2016-08-04 20:03:37,303 INFO [org.junit.Test] zero00507
2016-08-04 20:03:37,303 INFO [org.junit.Test] zero00508
2016-08-04 20:03:37,303 INFO [org.junit.Test] zero00509
2016-08-04 20:03:37,303 INFO [org.junit.Test] zero00510
2016-08-04 20:03:37,303 INFO [org.junit.Test] zero00511
2016-08-04 20:03:37,303 INFO [org.junit.Test] zero00512
2016-08-04 20:03:37,303 INFO [org.junit.Test] zero00513
2016-08-04 20:03:37,303 INFO [org.junit.Test] zero00514
2016-08-04 20:03:37,303 INFO [org.junit.Test] zero00515
2016-08-04 20:03:37,303 INFO [org.junit.Test] zero00516
2016-08-04 20:03:37,303 INFO [org.junit.Test] zero00517
2016-08-04 20:03:37,303 INFO [org.junit.Test] zero00518
2016-08-04 20:03:37,303 INFO [org.junit.Test] zero00519
2016-08-04 20:03:37,303 INFO [org.junit.Test] zero00520
2016-08-04 20:03:37,303 INFO [org.junit.Test] zero00521
2016-08-04 20:03:37,303 INFO [org.junit.Test] zero00522
2016-08-04 20:03:37,303 INFO [org.junit.Test] zero00523
2016-08-04 20:03:37,303 INFO [org.junit.Test] zero00524
2016-08-04 20:03:37,303 INFO [org.junit.Test] zero00525
2016-08-04 20:03:37,303 INFO [org.junit.Test] zero00526
2016-08-04 20:03:37,303 INFO [org.junit.Test] zero00527
2016-08-04 20:03:37,303 INFO [org.junit.Test] zero00528
2016-08-04 20:03:37,303 INFO [org.junit.Test] zero00529
2016-08-04 20:03:37,303 INFO [org.junit.Test] zero00530
2016-08-04 20:03:37,303 INFO [org.junit.Test] zero00531
2016-08-04 20:03:37,303 INFO [org.junit.Test] zero00532
2016-08-04 20:03:37,303 INFO [org.junit.Test] zero00533
2016-08-04 20:03:37,303 INFO [org.junit.Test] zero00534
2016-08-04 20:03:37,303 INFO [org.junit.Test] zero00535
2016-08-04 20:03:37,303 INFO [org.junit.Test] zero00536
2016-08-04 20:03:37,303 INFO [org.junit.Test] zero00537
2016-08-04 20:03:37,303 INFO [org.junit.Test] zero00538
2016-08-04 20:03:37,303 INFO [org.junit.Test] zero00539
2016-08-04 20:03:37,303 INFO [org.junit.Test] zero00540
2016-08-04 20:03:37,303 INFO [org.junit.Test] zero00541
2016-08-04 20:03:37,303 INFO [org.junit.Test] zero00542
2016-08-04 20:03:37,303 INFO [org.junit.Test] zero00543
2016-08-04 20:03:37,303 INFO [org.junit.Test] zero00544
2016-08-04 20:03:37,303 INFO [org.junit.Test] zero00545
2016-08-04 20:03:37,303 INFO [org.junit.Test] zero00546
2016-08-04 20:03:37,303 INFO [org.junit.Test] zero00547
2016-08-04 20:03:37,303 INFO [org.junit.Test] zero00548
2016-08-04 20:03:37,303 INFO [org.junit.Test] zero00549
2016-08-04 20:03:37,303 INFO [org.junit.Test] zero00550
2016-08-04 20:03:37,303 INFO [org.junit.Test] zero00551
2016-08-04 20:03:37,303 INFO [org.junit.Test] zero00552
2016-08-04 20:03:37,303 INFO [org.junit.Test] zero00553
2016-08-04 20:03:37,303 INFO [org.junit.Test] zero00554
2016-08-04 20:03:37,303 INFO [org.junit.Test] zero00555
2016-08-04 20:03:37,303 INFO [org.junit.Test] zero00556
2016-08-04 20:03:37,303 INFO [org.junit.Test] zero00557
2016-08-04 20:03:37,303 INFO [org.junit.Test] zero00558
2016-08-04 20:03:37,303 INFO [org.junit.Test] zero00559
2016-08-04 20:03:37,303 INFO [org.junit.Test] zero00560
2016-08-04 20:03:37,303 INFO [org.junit.Test] zero00561
2016-08-04 20:03:37,303 INFO [org.junit.Test] zero00562
2016-08-04 20:03:37,303 INFO [org.junit.Test] zero00563
2016-08-04 20:03:37,303 INFO [org.junit.Test] zero00564
2016-08-04 20:03:37,303 INFO [org.junit.Test] zero00565
2016-08-04 20:03:37,303 INFO [org.junit.Test] zero00566
2016-08-04 20:03:37,303 INFO [org.junit.Test] zero00567
2016-08-04 20:03:37,303 INFO [org.junit.Test] zero00568
2016-08-04 20:03:37,303 INFO [org.junit.Test] zero00569
2016-08-04 20:03:37,303 INFO [org.junit.Test] zero00570
2016-08-04 20:03:37,303 INFO [org.junit.Test] zero00571
2016-08-04 20:03:37,303 INFO [org.junit.Test] zero00572
2016-08-04 20:03:37,304 INFO [org.junit.Test] zero00573
2016-08-04 20:03:37,304 INFO [org.junit.Test] zero00574
2016-08-04 20:03:37,304 INFO [org.junit.Test] zero00575
2016-08-04 20:03:37,304 INFO [org.junit.Test] zero00576
2016-08-04 20:03:37,304 INFO [org.junit.Test] zero00577
2016-08-04 20:03:37,304 INFO [org.junit.Test] zero00578
2016-08-04 20:03:37,304 INFO [org.junit.Test] zero00579
2016-08-04 20:03:37,304 INFO [org.junit.Test] zero00580
2016-08-04 20:03:37,304 INFO [org.junit.Test] zero00581
2016-08-04 20:03:37,304 INFO [org.junit.Test] zero00582
2016-08-04 20:03:37,304 INFO [org.junit.Test] zero00583
2016-08-04 20:03:37,304 INFO [org.junit.Test] zero00584
2016-08-04 20:03:37,304 INFO [org.junit.Test] zero00585
2016-08-04 20:03:37,304 INFO [org.junit.Test] zero00586
2016-08-04 20:03:37,304 INFO [org.junit.Test] zero00587
2016-08-04 20:03:37,304 INFO [org.junit.Test] zero00588
2016-08-04 20:03:37,304 INFO [org.junit.Test] zero00589
2016-08-04 20:03:37,304 INFO [org.junit.Test] zero00590
2016-08-04 20:03:37,304 INFO [org.junit.Test] zero00591
2016-08-04 20:03:37,304 INFO [org.junit.Test] zero00592
2016-08-04 20:03:37,304 INFO [org.junit.Test] zero00593
2016-08-04 20:03:37,304 INFO [org.junit.Test] zero00594
2016-08-04 20:03:37,304 INFO [org.junit.Test] zero00595
2016-08-04 20:03:37,304 INFO [org.junit.Test] zero00596
2016-08-04 20:03:37,304 INFO [org.junit.Test] zero00597
2016-08-04 20:03:37,304 INFO [org.junit.Test] zero00598
2016-08-04 20:03:37,304 INFO [org.junit.Test] zero00599
2016-08-04 20:03:37,304 INFO [org.junit.Test] zero00600
2016-08-04 20:03:37,304 INFO [org.junit.Test] zero00601
2016-08-04 20:03:37,304 INFO [org.junit.Test] zero00602
2016-08-04 20:03:37,304 INFO [org.junit.Test] zero00603
2016-08-04 20:03:37,304 INFO [org.junit.Test] zero00604
2016-08-04 20:03:37,304 INFO [org.junit.Test] zero00605
2016-08-04 20:03:37,304 INFO [org.junit.Test] zero00606
2016-08-04 20:03:37,304 INFO [org.junit.Test] zero00607
2016-08-04 20:03:37,304 INFO [org.junit.Test] zero00608
2016-08-04 20:03:37,304 INFO [org.junit.Test] zero00609
2016-08-04 20:03:37,304 INFO [org.junit.Test] zero00610
2016-08-04 20:03:37,304 INFO [org.junit.Test] zero00611
2016-08-04 20:03:37,304 INFO [org.junit.Test] zero00612
2016-08-04 20:03:37,304 INFO [org.junit.Test] zero00613
2016-08-04 20:03:37,304 INFO [org.junit.Test] zero00614
2016-08-04 20:03:37,304 INFO [org.junit.Test] zero00615
2016-08-04 20:03:37,304 INFO [org.junit.Test] zero00616
2016-08-04 20:03:37,304 INFO [org.junit.Test] zero00617
2016-08-04 20:03:37,304 INFO [org.junit.Test] zero00618
2016-08-04 20:03:37,304 INFO [org.junit.Test] zero00619
2016-08-04 20:03:37,304 INFO [org.junit.Test] zero00620
2016-08-04 20:03:37,304 INFO [org.junit.Test] zero00621
2016-08-04 20:03:37,304 INFO [org.junit.Test] zero00622
2016-08-04 20:03:37,304 INFO [org.junit.Test] zero00623
2016-08-04 20:03:37,304 INFO [org.junit.Test] zero00624
2016-08-04 20:03:37,304 INFO [org.junit.Test] zero00625
2016-08-04 20:03:37,304 INFO [org.junit.Test] zero00626
2016-08-04 20:03:37,304 INFO [org.junit.Test] zero00627
2016-08-04 20:03:37,304 INFO [org.junit.Test] zero00628
2016-08-04 20:03:37,304 INFO [org.junit.Test] zero00629
2016-08-04 20:03:37,304 INFO [org.junit.Test] zero00630
2016-08-04 20:03:37,304 INFO [org.junit.Test] zero00631
2016-08-04 20:03:37,304 INFO [org.junit.Test] zero00632
2016-08-04 20:03:37,304 INFO [org.junit.Test] zero00633
2016-08-04 20:03:37,304 INFO [org.junit.Test] zero00634
2016-08-04 20:03:37,304 INFO [org.junit.Test] zero00635
2016-08-04 20:03:37,304 INFO [org.junit.Test] zero00636
2016-08-04 20:03:37,304 INFO [org.junit.Test] zero00637
2016-08-04 20:03:37,304 INFO [org.junit.Test] zero00638
2016-08-04 20:03:37,304 INFO [org.junit.Test] zero00639
2016-08-04 20:03:37,304 INFO [org.junit.Test] zero00640
2016-08-04 20:03:37,304 INFO [org.junit.Test] zero00641
2016-08-04 20:03:37,304 INFO [org.junit.Test] zero00642
2016-08-04 20:03:37,304 INFO [org.junit.Test] zero00643
2016-08-04 20:03:37,304 INFO [org.junit.Test] zero00644
2016-08-04 20:03:37,304 INFO [org.junit.Test] zero00645
2016-08-04 20:03:37,304 INFO [org.junit.Test] zero00646
2016-08-04 20:03:37,304 INFO [org.junit.Test] zero00647
2016-08-04 20:03:37,304 INFO [org.junit.Test] zero00648
2016-08-04 20:03:37,304 INFO [org.junit.Test] zero00649
2016-08-04 20:03:37,304 INFO [org.junit.Test] zero00650
2016-08-04 20:03:37,304 INFO [org.junit.Test] zero00651
2016-08-04 20:03:37,304 INFO [org.junit.Test] zero00652
2016-08-04 20:03:37,304 INFO [org.junit.Test] zero00653
2016-08-04 20:03:37,304 INFO [org.junit.Test] zero00654
2016-08-04 20:03:37,304 INFO [org.junit.Test] zero00655
2016-08-04 20:03:37,304 INFO [org.junit.Test] zero00656
2016-08-04 20:03:37,304 INFO [org.junit.Test] zero00657
2016-08-04 20:03:37,304 INFO [org.junit.Test] zero00658
2016-08-04 20:03:37,304 INFO [org.junit.Test] zero00659
2016-08-04 20:03:37,304 INFO [org.junit.Test] zero00660
2016-08-04 20:03:37,304 INFO [org.junit.Test] zero00661
2016-08-04 20:03:37,304 INFO [org.junit.Test] zero00662
2016-08-04 20:03:37,304 INFO [org.junit.Test] zero00663
2016-08-04 20:03:37,304 INFO [org.junit.Test] zero00664
2016-08-04 20:03:37,304 INFO [org.junit.Test] zero00665
2016-08-04 20:03:37,304 INFO [org.junit.Test] zero00666
2016-08-04 20:03:37,304 INFO [org.junit.Test] zero00667
2016-08-04 20:03:37,304 INFO [org.junit.Test] zero00668
2016-08-04 20:03:37,304 INFO [org.junit.Test] zero00669
2016-08-04 20:03:37,304 INFO [org.junit.Test] zero00670
2016-08-04 20:03:37,304 INFO [org.junit.Test] zero00671
2016-08-04 20:03:37,304 INFO [org.junit.Test] zero00672
2016-08-04 20:03:37,304 INFO [org.junit.Test] zero00673
2016-08-04 20:03:37,304 INFO [org.junit.Test] zero00674
2016-08-04 20:03:37,304 INFO [org.junit.Test] zero00675
2016-08-04 20:03:37,304 INFO [org.junit.Test] zero00676
2016-08-04 20:03:37,304 INFO [org.junit.Test] zero00677
2016-08-04 20:03:37,304 INFO [org.junit.Test] zero00678
2016-08-04 20:03:37,304 INFO [org.junit.Test] zero00679
2016-08-04 20:03:37,304 INFO [org.junit.Test] zero00680
2016-08-04 20:03:37,304 INFO [org.junit.Test] zero00681
2016-08-04 20:03:37,304 INFO [org.junit.Test] zero00682
2016-08-04 20:03:37,304 INFO [org.junit.Test] zero00683
2016-08-04 20:03:37,304 INFO [org.junit.Test] zero00684
2016-08-04 20:03:37,304 INFO [org.junit.Test] zero00685
2016-08-04 20:03:37,304 INFO [org.junit.Test] zero00686
2016-08-04 20:03:37,304 INFO [org.junit.Test] zero00687
2016-08-04 20:03:37,304 INFO [org.junit.Test] zero00688
2016-08-04 20:03:37,304 INFO [org.junit.Test] zero00689
2016-08-04 20:03:37,304 INFO [org.junit.Test] zero00690
2016-08-04 20:03:37,304 INFO [org.junit.Test] zero00691
2016-08-04 20:03:37,304 INFO [org.junit.Test] zero00692
2016-08-04 20:03:37,304 INFO [org.junit.Test] zero00693
2016-08-04 20:03:37,304 INFO [org.junit.Test] zero00694
2016-08-04 20:03:37,304 INFO [org.junit.Test] zero00695
2016-08-04 20:03:37,304 INFO [org.junit.Test] zero00696
2016-08-04 20:03:37,304 INFO [org.junit.Test] zero00697
2016-08-04 20:03:37,304 INFO [org.junit.Test] zero00698
2016-08-04 20:03:37,304 INFO [org.junit.Test] zero00699
2016-08-04 20:03:37,304 INFO [org.junit.Test] zero00700
2016-08-04 20:03:37,304 INFO [org.junit.Test] zero00701
2016-08-04 20:03:37,304 INFO [org.junit.Test] zero00702
2016-08-04 20:03:37,304 INFO [org.junit.Test] zero00703
2016-08-04 20:03:37,304 INFO [org.junit.Test] zero00704
2016-08-04 20:03:37,304 INFO [org.junit.Test] zero00705
2016-08-04 20:03:37,304 INFO [org.junit.Test] zero00706
2016-08-04 20:03:37,304 INFO [org.junit.Test] zero00707
2016-08-04 20:03:37,304 INFO [org.junit.Test] zero00708
2016-08-04 20:03:37,304 INFO [org.junit.Test] zero00709
2016-08-04 20:03:37,304 INFO [org.junit.Test] zero00710
2016-08-04 20:03:37,304 INFO [org.junit.Test] zero00711
2016-08-04 20:03:37,304 INFO [org.junit.Test] zero00712
2016-08-04 20:03:37,304 INFO [org.junit.Test] zero00713
2016-08-04 20:03:37,304 INFO [org.junit.Test] zero00714
2016-08-04 20:03:37,304 INFO [org.junit.Test] zero00715
2016-08-04 20:03:37,304 INFO [org.junit.Test] zero00716
2016-08-04 20:03:37,304 INFO [org.junit.Test] zero00717
2016-08-04 20:03:37,304 INFO [org.junit.Test] zero00718
2016-08-04 20:03:37,304 INFO [org.junit.Test] zero00719
2016-08-04 20:03:37,304 INFO [org.junit.Test] zero00720
2016-08-04 20:03:37,304 INFO [org.junit.Test] zero00721
2016-08-04 20:03:37,304 INFO [org.junit.Test] zero00722
2016-08-04 20:03:37,304 INFO [org.junit.Test] zero00723
2016-08-04 20:03:37,304 INFO [org.junit.Test] zero00724
2016-08-04 20:03:37,304 INFO [org.junit.Test] zero00725
2016-08-04 20:03:37,304 INFO [org.junit.Test] zero00726
2016-08-04 20:03:37,304 INFO [org.junit.Test] zero00727
2016-08-04 20:03:37,304 INFO [org.junit.Test] zero00728
2016-08-04 20:03:37,304 INFO [org.junit.Test] zero00729
2016-08-04 20:03:37,304 INFO [org.junit.Test] zero00730
2016-08-04 20:03:37,304 INFO [org.junit.Test] zero00731
2016-08-04 20:03:37,304 INFO [org.junit.Test] zero00732
2016-08-04 20:03:37,304 INFO [org.junit.Test] zero00733
2016-08-04 20:03:37,304 INFO [org.junit.Test] zero00734
2016-08-04 20:03:37,304 INFO [org.junit.Test] zero00735
2016-08-04 20:03:37,304 INFO [org.junit.Test] zero00736
2016-08-04 20:03:37,304 INFO [org.junit.Test] zero00737
2016-08-04 20:03:37,304 INFO [org.junit.Test] zero00738
2016-08-04 20:03:37,304 INFO [org.junit.Test] zero00739
2016-08-04 20:03:37,304 INFO [org.junit.Test] zero00740
2016-08-04 20:03:37,304 INFO [org.junit.Test] zero00741
2016-08-04 20:03:37,304 INFO [org.junit.Test] zero00742
2016-08-04 20:03:37,304 INFO [org.junit.Test] zero00743
2016-08-04 20:03:37,304 INFO [org.junit.Test] zero00744
2016-08-04 20:03:37,304 INFO [org.junit.Test] zero00745
2016-08-04 20:03:37,304 INFO [org.junit.Test] zero00746
2016-08-04 20:03:37,304 INFO [org.junit.Test] zero00747
2016-08-04 20:03:37,304 INFO [org.junit.Test] zero00748
2016-08-04 20:03:37,304 INFO [org.junit.Test] zero00749
2016-08-04 20:03:37,304 INFO [org.junit.Test] zero00750
2016-08-04 20:03:37,304 INFO [org.junit.Test] zero00751
2016-08-04 20:03:37,304 INFO [org.junit.Test] zero00752
2016-08-04 20:03:37,304 INFO [org.junit.Test] zero00753
2016-08-04 20:03:37,304 INFO [org.junit.Test] zero00754
2016-08-04 20:03:37,304 INFO [org.junit.Test] zero00755
2016-08-04 20:03:37,304 INFO [org.junit.Test] zero00756
2016-08-04 20:03:37,304 INFO [org.junit.Test] zero00757
2016-08-04 20:03:37,304 INFO [org.junit.Test] zero00758
2016-08-04 20:03:37,304 INFO [org.junit.Test] zero00759
2016-08-04 20:03:37,304 INFO [org.junit.Test] zero00760
2016-08-04 20:03:37,304 INFO [org.junit.Test] zero00761
2016-08-04 20:03:37,304 INFO [org.junit.Test] zero00762
2016-08-04 20:03:37,304 INFO [org.junit.Test] zero00763
2016-08-04 20:03:37,304 INFO [org.junit.Test] zero00764
2016-08-04 20:03:37,304 INFO [org.junit.Test] zero00765
2016-08-04 20:03:37,304 INFO [org.junit.Test] zero00766
2016-08-04 20:03:37,304 INFO [org.junit.Test] zero00767
2016-08-04 20:03:37,304 INFO [org.junit.Test] zero00768
2016-08-04 20:03:37,304 INFO [org.junit.Test] zero00769
2016-08-04 20:03:37,304 INFO [org.junit.Test] zero00770
2016-08-04 20:03:37,304 INFO [org.junit.Test] zero00771
2016-08-04 20:03:37,304 INFO [org.junit.Test] zero00772
2016-08-04 20:03:37,304 INFO [org.junit.Test] zero00773
2016-08-04 20:03:37,304 INFO [org.junit.Test] zero00774
2016-08-04 20:03:37,304 INFO [org.junit.Test] zero00775
2016-08-04 20:03:37,304 INFO [org.junit.Test] zero00776
2016-08-04 20:03:37,304 INFO [org.junit.Test] zero00777
2016-08-04 20:03:37,304 INFO [org.junit.Test] zero00778
2016-08-04 20:03:37,304 INFO [org.junit.Test] zero00779
2016-08-04 20:03:37,304 INFO [org.junit.Test] zero00780
2016-08-04 20:03:37,304 INFO [org.junit.Test] zero00781
2016-08-04 20:03:37,304 INFO [org.junit.Test] zero00782
2016-08-04 20:03:37,304 INFO [org.junit.Test] zero00783
2016-08-04 20:03:37,304 INFO [org.junit.Test] zero00784
2016-08-04 20:03:37,304 INFO [org.junit.Test] zero00785
2016-08-04 20:03:37,304 INFO [org.junit.Test] zero00786
2016-08-04 20:03:37,304 INFO [org.junit.Test] zero00787
2016-08-04 20:03:37,304 INFO [org.junit.Test] zero00788
2016-08-04 20:03:37,304 INFO [org.junit.Test] zero00789
2016-08-04 20:03:37,304 INFO [org.junit.Test] zero00790
2016-08-04 20:03:37,304 INFO [org.junit.Test] zero00791
2016-08-04 20:03:37,304 INFO [org.junit.Test] zero00792
2016-08-04 20:03:37,304 INFO [org.junit.Test] zero00793
2016-08-04 20:03:37,304 INFO [org.junit.Test] zero00794
2016-08-04 20:03:37,304 INFO [org.junit.Test] zero00795
2016-08-04 20:03:37,304 INFO [org.junit.Test] zero00796
2016-08-04 20:03:37,304 INFO [org.junit.Test] zero00797
2016-08-04 20:03:37,304 INFO [org.junit.Test] zero00798
2016-08-04 20:03:37,304 INFO [org.junit.Test] zero00799
2016-08-04 20:03:37,304 INFO [org.junit.Test] zero00800
2016-08-04 20:03:37,304 INFO [org.junit.Test] zero00801
2016-08-04 20:03:37,304 INFO [org.junit.Test] zero00802
2016-08-04 20:03:37,304 INFO [org.junit.Test] zero00803
2016-08-04 20:03:37,304 INFO [org.junit.Test] zero00804
2016-08-04 20:03:37,304 INFO [org.junit.Test] zero00805
2016-08-04 20:03:37,304 INFO [org.junit.Test] zero00806
2016-08-04 20:03:37,304 INFO [org.junit.Test] zero00807
2016-08-04 20:03:37,304 INFO [org.junit.Test] zero00808
2016-08-04 20:03:37,304 INFO [org.junit.Test] zero00809
2016-08-04 20:03:37,304 INFO [org.junit.Test] zero00810
2016-08-04 20:03:37,304 INFO [org.junit.Test] zero00811
2016-08-04 20:03:37,304 INFO [org.junit.Test] zero00812
2016-08-04 20:03:37,304 INFO [org.junit.Test] zero00813
2016-08-04 20:03:37,304 INFO [org.junit.Test] zero00814
2016-08-04 20:03:37,304 INFO [org.junit.Test] zero00815
2016-08-04 20:03:37,304 INFO [org.junit.Test] zero00816
2016-08-04 20:03:37,304 INFO [org.junit.Test] zero00817
2016-08-04 20:03:37,304 INFO [org.junit.Test] zero00818
2016-08-04 20:03:37,304 INFO [org.junit.Test] zero00819
2016-08-04 20:03:37,304 INFO [org.junit.Test] zero00820
2016-08-04 20:03:37,304 INFO [org.junit.Test] zero00821
2016-08-04 20:03:37,304 INFO [org.junit.Test] zero00822
2016-08-04 20:03:37,304 INFO [org.junit.Test] zero00823
2016-08-04 20:03:37,304 INFO [org.junit.Test] zero00824
2016-08-04 20:03:37,304 INFO [org.junit.Test] zero00825
2016-08-04 20:03:37,304 INFO [org.junit.Test] zero00826
2016-08-04 20:03:37,304 INFO [org.junit.Test] zero00827
2016-08-04 20:03:37,304 INFO [org.junit.Test] zero00828
2016-08-04 20:03:37,304 INFO [org.junit.Test] zero00829
2016-08-04 20:03:37,304 INFO [org.junit.Test] zero00830
2016-08-04 20:03:37,304 INFO [org.junit.Test] zero00831
2016-08-04 20:03:37,304 INFO [org.junit.Test] zero00832
2016-08-04 20:03:37,304 INFO [org.junit.Test] zero00833
2016-08-04 20:03:37,304 INFO [org.junit.Test] zero00834
2016-08-04 20:03:37,304 INFO [org.junit.Test] zero00835
2016-08-04 20:03:37,304 INFO [org.junit.Test] zero00836
2016-08-04 20:03:37,304 INFO [org.junit.Test] zero00837
2016-08-04 20:03:37,304 INFO [org.junit.Test] zero00838
2016-08-04 20:03:37,304 INFO [org.junit.Test] zero00839
2016-08-04 20:03:37,304 INFO [org.junit.Test] zero00840
2016-08-04 20:03:37,304 INFO [org.junit.Test] zero00841
2016-08-04 20:03:37,304 INFO [org.junit.Test] zero00842
2016-08-04 20:03:37,304 INFO [org.junit.Test] zero00843
2016-08-04 20:03:37,304 INFO [org.junit.Test] zero00844
2016-08-04 20:03:37,304 INFO [org.junit.Test] zero00845
2016-08-04 20:03:37,304 INFO [org.junit.Test] zero00846
2016-08-04 20:03:37,304 INFO [org.junit.Test] zero00847
2016-08-04 20:03:37,304 INFO [org.junit.Test] zero00848
2016-08-04 20:03:37,304 INFO [org.junit.Test] zero00849
2016-08-04 20:03:37,304 INFO [org.junit.Test] zero00850
2016-08-04 20:03:37,304 INFO [org.junit.Test] zero00851
2016-08-04 20:03:37,304 INFO [org.junit.Test] zero00852
2016-08-04 20:03:37,304 INFO [org.junit.Test] zero00853
2016-08-04 20:03:37,304 INFO [org.junit.Test] zero00854
2016-08-04 20:03:37,304 INFO [org.junit.Test] zero00855
2016-08-04 20:03:37,304 INFO [org.junit.Test] zero00856
2016-08-04 20:03:37,304 INFO [org.junit.Test] zero00857
2016-08-04 20:03:37,304 INFO [org.junit.Test] zero00858
2016-08-04 20:03:37,304 INFO [org.junit.Test] zero00859
2016-08-04 20:03:37,304 INFO [org.junit.Test] zero00860
2016-08-04 20:03:37,304 INFO [org.junit.Test] zero00861
2016-08-04 20:03:37,304 INFO [org.junit.Test] zero00862
2016-08-04 20:03:37,304 INFO [org.junit.Test] zero00863
2016-08-04 20:03:37,304 INFO [org.junit.Test] zero00864
2016-08-04 20:03:37,304 INFO [org.junit.Test] zero00865
2016-08-04 20:03:37,304 INFO [org.junit.Test] zero00866
2016-08-04 20:03:37,304 INFO [org.junit.Test] zero00867
2016-08-04 20:03:37,304 INFO [org.junit.Test] zero00868
2016-08-04 20:03:37,304 INFO [org.junit.Test] zero00869
2016-08-04 20:03:37,304 INFO [org.junit.Test] zero00870
2016-08-04 20:03:37,304 INFO [org.junit.Test] zero00871
2016-08-04 20:03:37,304 INFO [org.junit.Test] zero00872
2016-08-04 20:03:37,304 INFO [org.junit.Test] zero00873
2016-08-04 20:03:37,305 INFO [org.junit.Test] zero00874
2016-08-04 20:03:37,305 INFO [org.junit.Test] zero00875
2016-08-04 20:03:37,305 INFO [org.junit.Test] zero00876
2016-08-04 20:03:37,305 INFO [org.junit.Test] zero00877
2016-08-04 20:03:37,305 INFO [org.junit.Test] zero00878
2016-08-04 20:03:37,305 INFO [org.junit.Test] zero00879
2016-08-04 20:03:37,305 INFO [org.junit.Test] zero00880
2016-08-04 20:03:37,305 INFO [org.junit.Test] zero00881
2016-08-04 20:03:37,305 INFO [org.junit.Test] zero00882
2016-08-04 20:03:37,305 INFO [org.junit.Test] zero00883
2016-08-04 20:03:37,305 INFO [org.junit.Test] zero00884
2016-08-04 20:03:37,305 INFO [org.junit.Test] zero00885
2016-08-04 20:03:37,305 INFO [org.junit.Test] zero00886
2016-08-04 20:03:37,305 INFO [org.junit.Test] zero00887
2016-08-04 20:03:37,305 INFO [org.junit.Test] zero00888
2016-08-04 20:03:37,305 INFO [org.junit.Test] zero00889
2016-08-04 20:03:37,305 INFO [org.junit.Test] zero00890
2016-08-04 20:03:37,305 INFO [org.junit.Test] zero00891
2016-08-04 20:03:37,305 INFO [org.junit.Test] zero00892
2016-08-04 20:03:37,305 INFO [org.junit.Test] zero00893
2016-08-04 20:03:37,305 INFO [org.junit.Test] zero00894
2016-08-04 20:03:37,305 INFO [org.junit.Test] zero00895
2016-08-04 20:03:37,305 INFO [org.junit.Test] zero00896
2016-08-04 20:03:37,305 INFO [org.junit.Test] zero00897
2016-08-04 20:03:37,305 INFO [org.junit.Test] zero00898
2016-08-04 20:03:37,305 INFO [org.junit.Test] zero00899
2016-08-04 20:03:37,305 INFO [org.junit.Test] zero00900
2016-08-04 20:03:37,305 INFO [org.junit.Test] zero00901
2016-08-04 20:03:37,305 INFO [org.junit.Test] zero00902
2016-08-04 20:03:37,305 INFO [org.junit.Test] zero00903
2016-08-04 20:03:37,305 INFO [org.junit.Test] zero00904
2016-08-04 20:03:37,305 INFO [org.junit.Test] zero00905
2016-08-04 20:03:37,305 INFO [org.junit.Test] zero00906
2016-08-04 20:03:37,305 INFO [org.junit.Test] zero00907
2016-08-04 20:03:37,305 INFO [org.junit.Test] zero00908
2016-08-04 20:03:37,305 INFO [org.junit.Test] zero00909
2016-08-04 20:03:37,305 INFO [org.junit.Test] zero00910
2016-08-04 20:03:37,305 INFO [org.junit.Test] zero00911
2016-08-04 20:03:37,305 INFO [org.junit.Test] zero00912
2016-08-04 20:03:37,305 INFO [org.junit.Test] zero00913
2016-08-04 20:03:37,305 INFO [org.junit.Test] zero00914
2016-08-04 20:03:37,305 INFO [org.junit.Test] zero00915
2016-08-04 20:03:37,305 INFO [org.junit.Test] zero00916
2016-08-04 20:03:37,305 INFO [org.junit.Test] zero00917
2016-08-04 20:03:37,305 INFO [org.junit.Test] zero00918
2016-08-04 20:03:37,305 INFO [org.junit.Test] zero00919
2016-08-04 20:03:37,305 INFO [org.junit.Test] zero00920
2016-08-04 20:03:37,305 INFO [org.junit.Test] zero00921
2016-08-04 20:03:37,305 INFO [org.junit.Test] zero00922
2016-08-04 20:03:37,305 INFO [org.junit.Test] zero00923
2016-08-04 20:03:37,305 INFO [org.junit.Test] zero00924
2016-08-04 20:03:37,305 INFO [org.junit.Test] zero00925
2016-08-04 20:03:37,305 INFO [org.junit.Test] zero00926
2016-08-04 20:03:37,305 INFO [org.junit.Test] zero00927
2016-08-04 20:03:37,305 INFO [org.junit.Test] zero00928
2016-08-04 20:03:37,305 INFO [org.junit.Test] zero00929
2016-08-04 20:03:37,305 INFO [org.junit.Test] zero00930
2016-08-04 20:03:37,305 INFO [org.junit.Test] zero00931
2016-08-04 20:03:37,305 INFO [org.junit.Test] zero00932
2016-08-04 20:03:37,305 INFO [org.junit.Test] zero00933
2016-08-04 20:03:37,305 INFO [org.junit.Test] zero00934
2016-08-04 20:03:37,305 INFO [org.junit.Test] zero00935
2016-08-04 20:03:37,305 INFO [org.junit.Test] zero00936
2016-08-04 20:03:37,305 INFO [org.junit.Test] zero00937
2016-08-04 20:03:37,305 INFO [org.junit.Test] zero00938
2016-08-04 20:03:37,305 INFO [org.junit.Test] zero00939
2016-08-04 20:03:37,305 INFO [org.junit.Test] zero00940
2016-08-04 20:03:37,305 INFO [org.junit.Test] zero00941
2016-08-04 20:03:37,305 INFO [org.junit.Test] zero00942
2016-08-04 20:03:37,305 INFO [org.junit.Test] zero00943
2016-08-04 20:03:37,305 INFO [org.junit.Test] zero00944
2016-08-04 20:03:37,305 INFO [org.junit.Test] zero00945
2016-08-04 20:03:37,305 INFO [org.junit.Test] zero00946
2016-08-04 20:03:37,305 INFO [org.junit.Test] zero00947
2016-08-04 20:03:37,305 INFO [org.junit.Test] zero00948
2016-08-04 20:03:37,305 INFO [org.junit.Test] zero00949
2016-08-04 20:03:37,305 INFO [org.junit.Test] zero00950
2016-08-04 20:03:37,305 INFO [org.junit.Test] zero00951
2016-08-04 20:03:37,305 INFO [org.junit.Test] zero00952
2016-08-04 20:03:37,305 INFO [org.junit.Test] zero00953
2016-08-04 20:03:37,305 INFO [org.junit.Test] zero00954
2016-08-04 20:03:37,305 INFO [org.junit.Test] zero00955
2016-08-04 20:03:37,305 INFO [org.junit.Test] zero00956
2016-08-04 20:03:37,305 INFO [org.junit.Test] zero00957
2016-08-04 20:03:37,305 INFO [org.junit.Test] zero00958
2016-08-04 20:03:37,305 INFO [org.junit.Test] zero00959
2016-08-04 20:03:37,305 INFO [org.junit.Test] zero00960
2016-08-04 20:03:37,305 INFO [org.junit.Test] zero00961
2016-08-04 20:03:37,305 INFO [org.junit.Test] zero00962
2016-08-04 20:03:37,305 INFO [org.junit.Test] zero00963
2016-08-04 20:03:37,305 INFO [org.junit.Test] zero00964
2016-08-04 20:03:37,305 INFO [org.junit.Test] zero00965
2016-08-04 20:03:37,305 INFO [org.junit.Test] zero00966
2016-08-04 20:03:37,305 INFO [org.junit.Test] zero00967
2016-08-04 20:03:37,305 INFO [org.junit.Test] zero00968
2016-08-04 20:03:37,305 INFO [org.junit.Test] zero00969
2016-08-04 20:03:37,305 INFO [org.junit.Test] zero00970
2016-08-04 20:03:37,305 INFO [org.junit.Test] zero00971
2016-08-04 20:03:37,305 INFO [org.junit.Test] zero00972
2016-08-04 20:03:37,305 INFO [org.junit.Test] zero00973
2016-08-04 20:03:37,305 INFO [org.junit.Test] zero00974
2016-08-04 20:03:37,305 INFO [org.junit.Test] zero00975
2016-08-04 20:03:37,305 INFO [org.junit.Test] zero00976
2016-08-04 20:03:37,305 INFO [org.junit.Test] zero00977
2016-08-04 20:03:37,305 INFO [org.junit.Test] zero00978
2016-08-04 20:03:37,305 INFO [org.junit.Test] zero00979
2016-08-04 20:03:37,305 INFO [org.junit.Test] zero00980
2016-08-04 20:03:37,305 INFO [org.junit.Test] zero00981
2016-08-04 20:03:37,305 INFO [org.junit.Test] zero00982
2016-08-04 20:03:37,305 INFO [org.junit.Test] zero00983
2016-08-04 20:03:37,305 INFO [org.junit.Test] zero00984
2016-08-04 20:03:37,305 INFO [org.junit.Test] zero00985
2016-08-04 20:03:37,305 INFO [org.junit.Test] zero00986
2016-08-04 20:03:37,305 INFO [org.junit.Test] zero00987
2016-08-04 20:03:37,305 INFO [org.junit.Test] zero00988
2016-08-04 20:03:37,305 INFO [org.junit.Test] zero00989
2016-08-04 20:03:37,305 INFO [org.junit.Test] zero00990
2016-08-04 20:03:37,305 INFO [org.junit.Test] zero00991
2016-08-04 20:03:37,305 INFO [org.junit.Test] zero00992
2016-08-04 20:03:37,305 INFO [org.junit.Test] zero00993
2016-08-04 20:03:37,305 INFO [org.junit.Test] zero00994
2016-08-04 20:03:37,305 INFO [org.junit.Test] zero00995
2016-08-04 20:03:37,305 INFO [org.junit.Test] zero00996
2016-08-04 20:03:37,305 INFO [org.junit.Test] zero00997
2016-08-04 20:03:37,305 INFO [org.junit.Test] zero00998
2016-08-04 20:03:37,305 INFO [org.junit.Test] zero00999
2016-08-04 20:03:40,305 INFO [org.junit.Test] zero000
2016-08-04 20:03:40,305 INFO [org.junit.Test] zero001
2016-08-04 20:03:40,305 INFO [org.junit.Test] zero002
2016-08-04 20:03:40,305 INFO [org.junit.Test] zero003
2016-08-04 20:03:40,305 INFO [org.junit.Test] zero004
2016-08-04 20:03:40,305 INFO [org.junit.Test] zero005
2016-08-04 20:03:40,305 INFO [org.junit.Test] zero006
2016-08-04 20:03:40,305 INFO [org.junit.Test] zero007
2016-08-04 20:03:40,305 INFO [org.junit.Test] zero008
2016-08-04 20:03:40,305 INFO [org.junit.Test] zero009
2016-08-04 20:03:40,305 INFO [org.junit.Test] zero0010
2016-08-04 20:03:40,305 INFO [org.junit.Test] zero0011
2016-08-04 20:03:40,305 INFO [org.junit.Test] zero0012
2016-08-04 20:03:40,305 INFO [org.junit.Test] zero0013
2016-08-04 20:03:40,305 INFO [org.junit.Test] zero0014
2016-08-04 20:03:40,305 INFO [org.junit.Test] zero0015
2016-08-04 20:03:40,305 INFO [org.junit.Test] zero0016
2016-08-04 20:03:40,305 INFO [org.junit.Test] zero0017
2016-08-04 20:03:40,305 INFO [org.junit.Test] zero0018
2016-08-04 20:03:40,305 INFO [org.junit.Test] zero0019
2016-08-04 20:03:40,305 INFO [org.junit.Test] zero0020
2016-08-04 20:03:40,305 INFO [org.junit.Test] zero0021
2016-08-04 20:03:40,305 INFO [org.junit.Test] zero0022
2016-08-04 20:03:40,305 INFO [org.junit.Test] zero0023
2016-08-04 20:03:40,305 INFO [org.junit.Test] zero0024
2016-08-04 20:03:40,305 INFO [org.junit.Test] zero0025
2016-08-04 20:03:40,305 INFO [org.junit.Test] zero0026
2016-08-04 20:03:40,305 INFO [org.junit.Test] zero0027
2016-08-04 20:03:40,305 INFO [org.junit.Test] zero0028
2016-08-04 20:03:40,305 INFO [org.junit.Test] zero0029
2016-08-04 20:03:40,305 INFO [org.junit.Test] zero0030
2016-08-04 20:03:40,305 INFO [org.junit.Test] zero0031
2016-08-04 20:03:40,305 INFO [org.junit.Test] zero0032
2016-08-04 20:03:40,305 INFO [org.junit.Test] zero0033
2016-08-04 20:03:40,305 INFO [org.junit.Test] zero0034
2016-08-04 20:03:40,305 INFO [org.junit.Test] zero0035
2016-08-04 20:03:40,305 INFO [org.junit.Test] zero0036
2016-08-04 20:03:40,305 INFO [org.junit.Test] zero0037
2016-08-04 20:03:40,305 INFO [org.junit.Test] zero0038
2016-08-04 20:03:40,305 INFO [org.junit.Test] zero0039
2016-08-04 20:03:40,305 INFO [org.junit.Test] zero0040
2016-08-04 20:03:40,305 INFO [org.junit.Test] zero0041
2016-08-04 20:03:40,305 INFO [org.junit.Test] zero0042
2016-08-04 20:03:40,305 INFO [org.junit.Test] zero0043
2016-08-04 20:03:40,305 INFO [org.junit.Test] zero0044
2016-08-04 20:03:40,305 INFO [org.junit.Test] zero0045
2016-08-04 20:03:40,305 INFO [org.junit.Test] zero0046
2016-08-04 20:03:40,305 INFO [org.junit.Test] zero0047
2016-08-04 20:03:40,305 INFO [org.junit.Test] zero0048
2016-08-04 20:03:40,305 INFO [org.junit.Test] zero0049
2016-08-04 20:03:40,305 INFO [org.junit.Test] zero0050
2016-08-04 20:03:40,305 INFO [org.junit.Test] zero0051
2016-08-04 20:03:40,305 INFO [org.junit.Test] zero0052
2016-08-04 20:03:40,305 INFO [org.junit.Test] zero0053
2016-08-04 20:03:40,305 INFO [org.junit.Test] zero0054
2016-08-04 20:03:40,305 INFO [org.junit.Test] zero0055
2016-08-04 20:03:40,305 INFO [org.junit.Test] zero0056
2016-08-04 20:03:40,305 INFO [org.junit.Test] zero0057
2016-08-04 20:03:40,305 INFO [org.junit.Test] zero0058
2016-08-04 20:03:40,305 INFO [org.junit.Test] zero0059
2016-08-04 20:03:40,305 INFO [org.junit.Test] zero0060
2016-08-04 20:03:40,305 INFO [org.junit.Test] zero0061
2016-08-04 20:03:40,305 INFO [org.junit.Test] zero0062
2016-08-04 20:03:40,305 INFO [org.junit.Test] zero0063
2016-08-04 20:03:40,305 INFO [org.junit.Test] zero0064
2016-08-04 20:03:40,305 INFO [org.junit.Test] zero0065
2016-08-04 20:03:40,305 INFO [org.junit.Test] zero0066
2016-08-04 20:03:40,305 INFO [org.junit.Test] zero0067
2016-08-04 20:03:40,305 INFO [org.junit.Test] zero0068
2016-08-04 20:03:40,305 INFO [org.junit.Test] zero0069
2016-08-04 20:03:40,305 INFO [org.junit.Test] zero0070
2016-08-04 20:03:40,305 INFO [org.junit.Test] zero0071
2016-08-04 20:03:40,305 INFO [org.junit.Test] zero0072
2016-08-04 20:03:40,305 INFO [org.junit.Test] zero0073
2016-08-04 20:03:40,305 INFO [org.junit.Test] zero0074
2016-08-04 20:03:40,305 INFO [org.junit.Test] zero0075
2016-08-04 20:03:40,305 INFO [org.junit.Test] zero0076
2016-08-04 20:03:40,305 INFO [org.junit.Test] zero0077
2016-08-04 20:03:40,305 INFO [org.junit.Test] zero0078
2016-08-04 20:03:40,305 INFO [org.junit.Test] zero0079
2016-08-04 20:03:40,305 INFO [org.junit.Test] zero0080
2016-08-04 20:03:40,305 INFO [org.junit.Test] zero0081
2016-08-04 20:03:40,305 INFO [org.junit.Test] zero0082
2016-08-04 20:03:40,305 INFO [org.junit.Test] zero0083
2016-08-04 20:03:40,305 INFO [org.junit.Test] zero0084
2016-08-04 20:03:40,305 INFO [org.junit.Test] zero0085
2016-08-04 20:03:40,305 INFO [org.junit.Test] zero0086
2016-08-04 20:03:40,305 INFO [org.junit.Test] zero0087
2016-08-04 20:03:40,305 INFO [org.junit.Test] zero0088
2016-08-04 20:03:40,305 INFO [org.junit.Test] zero0089
2016-08-04 20:03:40,305 INFO [org.junit.Test] zero0090
2016-08-04 20:03:40,305 INFO [org.junit.Test] zero0091
2016-08-04 20:03:40,305 INFO [org.junit.Test] zero0092
2016-08-04 20:03:40,305 INFO [org.junit.Test] zero0093
2016-08-04 20:03:40,305 INFO [org.junit.Test] zero0094
2016-08-04 20:03:40,305 INFO [org.junit.Test] zero0095
2016-08-04 20:03:40,305 INFO [org.junit.Test] zero0096
2016-08-04 20:03:40,305 INFO [org.junit.Test] zero0097
2016-08-04 20:03:40,305 INFO [org.junit.Test] zero0098
2016-08-04 20:03:40,305 INFO [org.junit.Test] zero0099
2016-08-04 20:03:40,305 INFO [org.junit.Test] zero00100
2016-08-04 20:03:40,305 INFO [org.junit.Test] zero00101
2016-08-04 20:03:40,305 INFO [org.junit.Test] zero00102
2016-08-04 20:03:40,305 INFO [org.junit.Test] zero00103
2016-08-04 20:03:40,305 INFO [org.junit.Test] zero00104
2016-08-04 20:03:40,305 INFO [org.junit.Test] zero00105
2016-08-04 20:03:40,305 INFO [org.junit.Test] zero00106
2016-08-04 20:03:40,305 INFO [org.junit.Test] zero00107
2016-08-04 20:03:40,305 INFO [org.junit.Test] zero00108
2016-08-04 20:03:40,305 INFO [org.junit.Test] zero00109
2016-08-04 20:03:40,305 INFO [org.junit.Test] zero00110
2016-08-04 20:03:40,305 INFO [org.junit.Test] zero00111
2016-08-04 20:03:40,305 INFO [org.junit.Test] zero00112
2016-08-04 20:03:40,305 INFO [org.junit.Test] zero00113
2016-08-04 20:03:40,305 INFO [org.junit.Test] zero00114
2016-08-04 20:03:40,305 INFO [org.junit.Test] zero00115
2016-08-04 20:03:40,305 INFO [org.junit.Test] zero00116
2016-08-04 20:03:40,305 INFO [org.junit.Test] zero00117
2016-08-04 20:03:40,305 INFO [org.junit.Test] zero00118
2016-08-04 20:03:40,305 INFO [org.junit.Test] zero00119
2016-08-04 20:03:40,305 INFO [org.junit.Test] zero00120
2016-08-04 20:03:40,305 INFO [org.junit.Test] zero00121
2016-08-04 20:03:40,305 INFO [org.junit.Test] zero00122
2016-08-04 20:03:40,305 INFO [org.junit.Test] zero00123
2016-08-04 20:03:40,305 INFO [org.junit.Test] zero00124
2016-08-04 20:03:40,305 INFO [org.junit.Test] zero00125
2016-08-04 20:03:40,306 INFO [org.junit.Test] zero00126
2016-08-04 20:03:40,306 INFO [org.junit.Test] zero00127
2016-08-04 20:03:40,306 INFO [org.junit.Test] zero00128
2016-08-04 20:03:40,306 INFO [org.junit.Test] zero00129
2016-08-04 20:03:40,306 INFO [org.junit.Test] zero00130
2016-08-04 20:03:40,306 INFO [org.junit.Test] zero00131
2016-08-04 20:03:40,306 INFO [org.junit.Test] zero00132
2016-08-04 20:03:40,306 INFO [org.junit.Test] zero00133
2016-08-04 20:03:40,306 INFO [org.junit.Test] zero00134
2016-08-04 20:03:40,306 INFO [org.junit.Test] zero00135
2016-08-04 20:03:40,306 INFO [org.junit.Test] zero00136
2016-08-04 20:03:40,306 INFO [org.junit.Test] zero00137
2016-08-04 20:03:40,306 INFO [org.junit.Test] zero00138
2016-08-04 20:03:40,306 INFO [org.junit.Test] zero00139
2016-08-04 20:03:40,306 INFO [org.junit.Test] zero00140
2016-08-04 20:03:40,306 INFO [org.junit.Test] zero00141
2016-08-04 20:03:40,306 INFO [org.junit.Test] zero00142
2016-08-04 20:03:40,306 INFO [org.junit.Test] zero00143
2016-08-04 20:03:40,306 INFO [org.junit.Test] zero00144
2016-08-04 20:03:40,306 INFO [org.junit.Test] zero00145
2016-08-04 20:03:40,306 INFO [org.junit.Test] zero00146
2016-08-04 20:03:40,306 INFO [org.junit.Test] zero00147
2016-08-04 20:03:40,306 INFO [org.junit.Test] zero00148
2016-08-04 20:03:40,306 INFO [org.junit.Test] zero00149
2016-08-04 20:03:40,306 INFO [org.junit.Test] zero00150
2016-08-04 20:03:40,306 INFO [org.junit.Test] zero00151
2016-08-04 20:03:40,306 INFO [org.junit.Test] zero00152
2016-08-04 20:03:40,306 INFO [org.junit.Test] zero00153
2016-08-04 20:03:40,306 INFO [org.junit.Test] zero00154
2016-08-04 20:03:40,306 INFO [org.junit.Test] zero00155
2016-08-04 20:03:40,306 INFO [org.junit.Test] zero00156
2016-08-04 20:03:40,306 INFO [org.junit.Test] zero00157
2016-08-04 20:03:40,306 INFO [org.junit.Test] zero00158
2016-08-04 20:03:40,306 INFO [org.junit.Test] zero00159
2016-08-04 20:03:40,306 INFO [org.junit.Test] zero00160
2016-08-04 20:03:40,306 INFO [org.junit.Test] zero00161
2016-08-04 20:03:40,306 INFO [org.junit.Test] zero00162
2016-08-04 20:03:40,306 INFO [org.junit.Test] zero00163
2016-08-04 20:03:40,306 INFO [org.junit.Test] zero00164
2016-08-04 20:03:40,306 INFO [org.junit.Test] zero00165
2016-08-04 20:03:40,306 INFO [org.junit.Test] zero00166
2016-08-04 20:03:40,306 INFO [org.junit.Test] zero00167
2016-08-04 20:03:40,306 INFO [org.junit.Test] zero00168
2016-08-04 20:03:40,306 INFO [org.junit.Test] zero00169
2016-08-04 20:03:40,306 INFO [org.junit.Test] zero00170
2016-08-04 20:03:40,306 INFO [org.junit.Test] zero00171
2016-08-04 20:03:40,306 INFO [org.junit.Test] zero00172
2016-08-04 20:03:40,306 INFO [org.junit.Test] zero00173
2016-08-04 20:03:40,306 INFO [org.junit.Test] zero00174
2016-08-04 20:03:40,306 INFO [org.junit.Test] zero00175
2016-08-04 20:03:40,306 INFO [org.junit.Test] zero00176
2016-08-04 20:03:40,306 INFO [org.junit.Test] zero00177
2016-08-04 20:03:40,306 INFO [org.junit.Test] zero00178
2016-08-04 20:03:40,306 INFO [org.junit.Test] zero00179
2016-08-04 20:03:40,306 INFO [org.junit.Test] zero00180
2016-08-04 20:03:40,306 INFO [org.junit.Test] zero00181
2016-08-04 20:03:40,306 INFO [org.junit.Test] zero00182
2016-08-04 20:03:40,306 INFO [org.junit.Test] zero00183
2016-08-04 20:03:40,306 INFO [org.junit.Test] zero00184
2016-08-04 20:03:40,306 INFO [org.junit.Test] zero00185
2016-08-04 20:03:40,306 INFO [org.junit.Test] zero00186
2016-08-04 20:03:40,306 INFO [org.junit.Test] zero00187
2016-08-04 20:03:40,306 INFO [org.junit.Test] zero00188
2016-08-04 20:03:40,306 INFO [org.junit.Test] zero00189
2016-08-04 20:03:40,306 INFO [org.junit.Test] zero00190
2016-08-04 20:03:40,306 INFO [org.junit.Test] zero00191
2016-08-04 20:03:40,306 INFO [org.junit.Test] zero00192
2016-08-04 20:03:40,306 INFO [org.junit.Test] zero00193
2016-08-04 20:03:40,306 INFO [org.junit.Test] zero00194
2016-08-04 20:03:40,306 INFO [org.junit.Test] zero00195
2016-08-04 20:03:40,306 INFO [org.junit.Test] zero00196
2016-08-04 20:03:40,306 INFO [org.junit.Test] zero00197
2016-08-04 20:03:40,306 INFO [org.junit.Test] zero00198
2016-08-04 20:03:40,306 INFO [org.junit.Test] zero00199
2016-08-04 20:03:40,306 INFO [org.junit.Test] zero00200
2016-08-04 20:03:40,306 INFO [org.junit.Test] zero00201
2016-08-04 20:03:40,306 INFO [org.junit.Test] zero00202
2016-08-04 20:03:40,306 INFO [org.junit.Test] zero00203
2016-08-04 20:03:40,306 INFO [org.junit.Test] zero00204
2016-08-04 20:03:40,306 INFO [org.junit.Test] zero00205
2016-08-04 20:03:40,306 INFO [org.junit.Test] zero00206
2016-08-04 20:03:40,306 INFO [org.junit.Test] zero00207
2016-08-04 20:03:40,306 INFO [org.junit.Test] zero00208
2016-08-04 20:03:40,306 INFO [org.junit.Test] zero00209
2016-08-04 20:03:40,306 INFO [org.junit.Test] zero00210
2016-08-04 20:03:40,306 INFO [org.junit.Test] zero00211
2016-08-04 20:03:40,306 INFO [org.junit.Test] zero00212
2016-08-04 20:03:40,306 INFO [org.junit.Test] zero00213
2016-08-04 20:03:40,306 INFO [org.junit.Test] zero00214
2016-08-04 20:03:40,306 INFO [org.junit.Test] zero00215
2016-08-04 20:03:40,306 INFO [org.junit.Test] zero00216
2016-08-04 20:03:40,306 INFO [org.junit.Test] zero00217
2016-08-04 20:03:40,306 INFO [org.junit.Test] zero00218
2016-08-04 20:03:40,306 INFO [org.junit.Test] zero00219
2016-08-04 20:03:40,306 INFO [org.junit.Test] zero00220
2016-08-04 20:03:40,306 INFO [org.junit.Test] zero00221
2016-08-04 20:03:40,306 INFO [org.junit.Test] zero00222
2016-08-04 20:03:40,306 INFO [org.junit.Test] zero00223
2016-08-04 20:03:40,306 INFO [org.junit.Test] zero00224
2016-08-04 20:03:40,306 INFO [org.junit.Test] zero00225
2016-08-04 20:03:40,306 INFO [org.junit.Test] zero00226
2016-08-04 20:03:40,306 INFO [org.junit.Test] zero00227
2016-08-04 20:03:40,306 INFO [org.junit.Test] zero00228
2016-08-04 20:03:40,306 INFO [org.junit.Test] zero00229
2016-08-04 20:03:40,306 INFO [org.junit.Test] zero00230
2016-08-04 20:03:40,306 INFO [org.junit.Test] zero00231
2016-08-04 20:03:40,306 INFO [org.junit.Test] zero00232
2016-08-04 20:03:40,306 INFO [org.junit.Test] zero00233
2016-08-04 20:03:40,306 INFO [org.junit.Test] zero00234
2016-08-04 20:03:40,306 INFO [org.junit.Test] zero00235
2016-08-04 20:03:40,306 INFO [org.junit.Test] zero00236
2016-08-04 20:03:40,306 INFO [org.junit.Test] zero00237
2016-08-04 20:03:40,306 INFO [org.junit.Test] zero00238
2016-08-04 20:03:40,306 INFO [org.junit.Test] zero00239
2016-08-04 20:03:40,306 INFO [org.junit.Test] zero00240
2016-08-04 20:03:40,306 INFO [org.junit.Test] zero00241
2016-08-04 20:03:40,306 INFO [org.junit.Test] zero00242
2016-08-04 20:03:40,306 INFO [org.junit.Test] zero00243
2016-08-04 20:03:40,306 INFO [org.junit.Test] zero00244
2016-08-04 20:03:40,306 INFO [org.junit.Test] zero00245
2016-08-04 20:03:40,306 INFO [org.junit.Test] zero00246
2016-08-04 20:03:40,306 INFO [org.junit.Test] zero00247
2016-08-04 20:03:40,306 INFO [org.junit.Test] zero00248
2016-08-04 20:03:40,306 INFO [org.junit.Test] zero00249
2016-08-04 20:03:40,306 INFO [org.junit.Test] zero00250
2016-08-04 20:03:40,306 INFO [org.junit.Test] zero00251
2016-08-04 20:03:40,306 INFO [org.junit.Test] zero00252
2016-08-04 20:03:40,306 INFO [org.junit.Test] zero00253
2016-08-04 20:03:40,306 INFO [org.junit.Test] zero00254
2016-08-04 20:03:40,306 INFO [org.junit.Test] zero00255
2016-08-04 20:03:40,306 INFO [org.junit.Test] zero00256
2016-08-04 20:03:40,306 INFO [org.junit.Test] zero00257
2016-08-04 20:03:40,306 INFO [org.junit.Test] zero00258
2016-08-04 20:03:40,306 INFO [org.junit.Test] zero00259
2016-08-04 20:03:40,306 INFO [org.junit.Test] zero00260
2016-08-04 20:03:40,306 INFO [org.junit.Test] zero00261
2016-08-04 20:03:40,306 INFO [org.junit.Test] zero00262
2016-08-04 20:03:40,306 INFO [org.junit.Test] zero00263
2016-08-04 20:03:40,306 INFO [org.junit.Test] zero00264
2016-08-04 20:03:40,306 INFO [org.junit.Test] zero00265
2016-08-04 20:03:40,306 INFO [org.junit.Test] zero00266
2016-08-04 20:03:40,306 INFO [org.junit.Test] zero00267
2016-08-04 20:03:40,306 INFO [org.junit.Test] zero00268
2016-08-04 20:03:40,306 INFO [org.junit.Test] zero00269
2016-08-04 20:03:40,306 INFO [org.junit.Test] zero00270
2016-08-04 20:03:40,306 INFO [org.junit.Test] zero00271
2016-08-04 20:03:40,306 INFO [org.junit.Test] zero00272
2016-08-04 20:03:40,306 INFO [org.junit.Test] zero00273
2016-08-04 20:03:40,306 INFO [org.junit.Test] zero00274
2016-08-04 20:03:40,306 INFO [org.junit.Test] zero00275
2016-08-04 20:03:40,306 INFO [org.junit.Test] zero00276
2016-08-04 20:03:40,306 INFO [org.junit.Test] zero00277
2016-08-04 20:03:40,306 INFO [org.junit.Test] zero00278
2016-08-04 20:03:40,306 INFO [org.junit.Test] zero00279
2016-08-04 20:03:40,306 INFO [org.junit.Test] zero00280
2016-08-04 20:03:40,306 INFO [org.junit.Test] zero00281
2016-08-04 20:03:40,306 INFO [org.junit.Test] zero00282
2016-08-04 20:03:40,306 INFO [org.junit.Test] zero00283
2016-08-04 20:03:40,306 INFO [org.junit.Test] zero00284
2016-08-04 20:03:40,306 INFO [org.junit.Test] zero00285
2016-08-04 20:03:40,306 INFO [org.junit.Test] zero00286
2016-08-04 20:03:40,306 INFO [org.junit.Test] zero00287
2016-08-04 20:03:40,306 INFO [org.junit.Test] zero00288
2016-08-04 20:03:40,306 INFO [org.junit.Test] zero00289
2016-08-04 20:03:40,306 INFO [org.junit.Test] zero00290
2016-08-04 20:03:40,306 INFO [org.junit.Test] zero00291
2016-08-04 20:03:40,306 INFO [org.junit.Test] zero00292
2016-08-04 20:03:40,306 INFO [org.junit.Test] zero00293
2016-08-04 20:03:40,306 INFO [org.junit.Test] zero00294
2016-08-04 20:03:40,306 INFO [org.junit.Test] zero00295
2016-08-04 20:03:40,306 INFO [org.junit.Test] zero00296
2016-08-04 20:03:40,306 INFO [org.junit.Test] zero00297
2016-08-04 20:03:40,306 INFO [org.junit.Test] zero00298
2016-08-04 20:03:40,306 INFO [org.junit.Test] zero00299
2016-08-04 20:03:40,306 INFO [org.junit.Test] zero00300
2016-08-04 20:03:40,306 INFO [org.junit.Test] zero00301
2016-08-04 20:03:40,306 INFO [org.junit.Test] zero00302
2016-08-04 20:03:40,306 INFO [org.junit.Test] zero00303
2016-08-04 20:03:40,306 INFO [org.junit.Test] zero00304
2016-08-04 20:03:40,306 INFO [org.junit.Test] zero00305
2016-08-04 20:03:40,306 INFO [org.junit.Test] zero00306
2016-08-04 20:03:40,306 INFO [org.junit.Test] zero00307
2016-08-04 20:03:40,306 INFO [org.junit.Test] zero00308
2016-08-04 20:03:40,306 INFO [org.junit.Test] zero00309
2016-08-04 20:03:40,306 INFO [org.junit.Test] zero00310
2016-08-04 20:03:40,306 INFO [org.junit.Test] zero00311
2016-08-04 20:03:40,306 INFO [org.junit.Test] zero00312
2016-08-04 20:03:40,307 INFO [org.junit.Test] zero00313
2016-08-04 20:03:40,307 INFO [org.junit.Test] zero00314
2016-08-04 20:03:40,307 INFO [org.junit.Test] zero00315
2016-08-04 20:03:40,307 INFO [org.junit.Test] zero00316
2016-08-04 20:03:40,307 INFO [org.junit.Test] zero00317
2016-08-04 20:03:40,307 INFO [org.junit.Test] zero00318
2016-08-04 20:03:40,307 INFO [org.junit.Test] zero00319
2016-08-04 20:03:40,307 INFO [org.junit.Test] zero00320
2016-08-04 20:03:40,307 INFO [org.junit.Test] zero00321
2016-08-04 20:03:40,307 INFO [org.junit.Test] zero00322
2016-08-04 20:03:40,307 INFO [org.junit.Test] zero00323
2016-08-04 20:03:40,307 INFO [org.junit.Test] zero00324
2016-08-04 20:03:40,307 INFO [org.junit.Test] zero00325
2016-08-04 20:03:40,307 INFO [org.junit.Test] zero00326
2016-08-04 20:03:40,307 INFO [org.junit.Test] zero00327
2016-08-04 20:03:40,307 INFO [org.junit.Test] zero00328
2016-08-04 20:03:40,307 INFO [org.junit.Test] zero00329
2016-08-04 20:03:40,307 INFO [org.junit.Test] zero00330
2016-08-04 20:03:40,307 INFO [org.junit.Test] zero00331
2016-08-04 20:03:40,307 INFO [org.junit.Test] zero00332
2016-08-04 20:03:40,307 INFO [org.junit.Test] zero00333
2016-08-04 20:03:40,307 INFO [org.junit.Test] zero00334
2016-08-04 20:03:40,307 INFO [org.junit.Test] zero00335
2016-08-04 20:03:40,307 INFO [org.junit.Test] zero00336
2016-08-04 20:03:40,307 INFO [org.junit.Test] zero00337
2016-08-04 20:03:40,307 INFO [org.junit.Test] zero00338
2016-08-04 20:03:40,307 INFO [org.junit.Test] zero00339
2016-08-04 20:03:40,307 INFO [org.junit.Test] zero00340
2016-08-04 20:03:40,307 INFO [org.junit.Test] zero00341
2016-08-04 20:03:40,307 INFO [org.junit.Test] zero00342
2016-08-04 20:03:40,307 INFO [org.junit.Test] zero00343
2016-08-04 20:03:40,307 INFO [org.junit.Test] zero00344
2016-08-04 20:03:40,307 INFO [org.junit.Test] zero00345
2016-08-04 20:03:40,307 INFO [org.junit.Test] zero00346
2016-08-04 20:03:40,307 INFO [org.junit.Test] zero00347
2016-08-04 20:03:40,307 INFO [org.junit.Test] zero00348
2016-08-04 20:03:40,307 INFO [org.junit.Test] zero00349
2016-08-04 20:03:40,307 INFO [org.junit.Test] zero00350
2016-08-04 20:03:40,307 INFO [org.junit.Test] zero00351
2016-08-04 20:03:40,307 INFO [org.junit.Test] zero00352
2016-08-04 20:03:40,307 INFO [org.junit.Test] zero00353
2016-08-04 20:03:40,307 INFO [org.junit.Test] zero00354
2016-08-04 20:03:40,307 INFO [org.junit.Test] zero00355
2016-08-04 20:03:40,307 INFO [org.junit.Test] zero00356
2016-08-04 20:03:40,307 INFO [org.junit.Test] zero00357
2016-08-04 20:03:40,307 INFO [org.junit.Test] zero00358
2016-08-04 20:03:40,307 INFO [org.junit.Test] zero00359
2016-08-04 20:03:40,307 INFO [org.junit.Test] zero00360
2016-08-04 20:03:40,307 INFO [org.junit.Test] zero00361
2016-08-04 20:03:40,307 INFO [org.junit.Test] zero00362
2016-08-04 20:03:40,307 INFO [org.junit.Test] zero00363
2016-08-04 20:03:40,307 INFO [org.junit.Test] zero00364
2016-08-04 20:03:40,307 INFO [org.junit.Test] zero00365
2016-08-04 20:03:40,307 INFO [org.junit.Test] zero00366
2016-08-04 20:03:40,307 INFO [org.junit.Test] zero00367
2016-08-04 20:03:40,307 INFO [org.junit.Test] zero00368
2016-08-04 20:03:40,307 INFO [org.junit.Test] zero00369
2016-08-04 20:03:40,307 INFO [org.junit.Test] zero00370
2016-08-04 20:03:40,307 INFO [org.junit.Test] zero00371
2016-08-04 20:03:40,307 INFO [org.junit.Test] zero00372
2016-08-04 20:03:40,307 INFO [org.junit.Test] zero00373
2016-08-04 20:03:40,307 INFO [org.junit.Test] zero00374
2016-08-04 20:03:40,307 INFO [org.junit.Test] zero00375
2016-08-04 20:03:40,307 INFO [org.junit.Test] zero00376
2016-08-04 20:03:40,307 INFO [org.junit.Test] zero00377
2016-08-04 20:03:40,307 INFO [org.junit.Test] zero00378
2016-08-04 20:03:40,307 INFO [org.junit.Test] zero00379
2016-08-04 20:03:40,307 INFO [org.junit.Test] zero00380
2016-08-04 20:03:40,307 INFO [org.junit.Test] zero00381
2016-08-04 20:03:40,307 INFO [org.junit.Test] zero00382
2016-08-04 20:03:40,307 INFO [org.junit.Test] zero00383
2016-08-04 20:03:40,307 INFO [org.junit.Test] zero00384
2016-08-04 20:03:40,307 INFO [org.junit.Test] zero00385
2016-08-04 20:03:40,307 INFO [org.junit.Test] zero00386
2016-08-04 20:03:40,307 INFO [org.junit.Test] zero00387
2016-08-04 20:03:40,307 INFO [org.junit.Test] zero00388
2016-08-04 20:03:40,307 INFO [org.junit.Test] zero00389
2016-08-04 20:03:40,307 INFO [org.junit.Test] zero00390
2016-08-04 20:03:40,307 INFO [org.junit.Test] zero00391
2016-08-04 20:03:40,307 INFO [org.junit.Test] zero00392
2016-08-04 20:03:40,307 INFO [org.junit.Test] zero00393
2016-08-04 20:03:40,307 INFO [org.junit.Test] zero00394
2016-08-04 20:03:40,307 INFO [org.junit.Test] zero00395
2016-08-04 20:03:40,307 INFO [org.junit.Test] zero00396
2016-08-04 20:03:40,307 INFO [org.junit.Test] zero00397
2016-08-04 20:03:40,307 INFO [org.junit.Test] zero00398
2016-08-04 20:03:40,307 INFO [org.junit.Test] zero00399
2016-08-04 20:03:40,307 INFO [org.junit.Test] zero00400
2016-08-04 20:03:40,307 INFO [org.junit.Test] zero00401
2016-08-04 20:03:40,307 INFO [org.junit.Test] zero00402
2016-08-04 20:03:40,307 INFO [org.junit.Test] zero00403
2016-08-04 20:03:40,307 INFO [org.junit.Test] zero00404
2016-08-04 20:03:40,307 INFO [org.junit.Test] zero00405
2016-08-04 20:03:40,307 INFO [org.junit.Test] zero00406
2016-08-04 20:03:40,307 INFO [org.junit.Test] zero00407
2016-08-04 20:03:40,307 INFO [org.junit.Test] zero00408
2016-08-04 20:03:40,307 INFO [org.junit.Test] zero00409
2016-08-04 20:03:40,307 INFO [org.junit.Test] zero00410
2016-08-04 20:03:40,307 INFO [org.junit.Test] zero00411
2016-08-04 20:03:40,307 INFO [org.junit.Test] zero00412
2016-08-04 20:03:40,307 INFO [org.junit.Test] zero00413
2016-08-04 20:03:40,307 INFO [org.junit.Test] zero00414
2016-08-04 20:03:40,307 INFO [org.junit.Test] zero00415
2016-08-04 20:03:40,307 INFO [org.junit.Test] zero00416
2016-08-04 20:03:40,307 INFO [org.junit.Test] zero00417
2016-08-04 20:03:40,307 INFO [org.junit.Test] zero00418
2016-08-04 20:03:40,307 INFO [org.junit.Test] zero00419
2016-08-04 20:03:40,307 INFO [org.junit.Test] zero00420
2016-08-04 20:03:40,307 INFO [org.junit.Test] zero00421
2016-08-04 20:03:40,307 INFO [org.junit.Test] zero00422
2016-08-04 20:03:40,307 INFO [org.junit.Test] zero00423
2016-08-04 20:03:40,307 INFO [org.junit.Test] zero00424
2016-08-04 20:03:40,307 INFO [org.junit.Test] zero00425
2016-08-04 20:03:40,307 INFO [org.junit.Test] zero00426
2016-08-04 20:03:40,307 INFO [org.junit.Test] zero00427
2016-08-04 20:03:40,307 INFO [org.junit.Test] zero00428
2016-08-04 20:03:40,307 INFO [org.junit.Test] zero00429
2016-08-04 20:03:40,307 INFO [org.junit.Test] zero00430
2016-08-04 20:03:40,307 INFO [org.junit.Test] zero00431
2016-08-04 20:03:40,307 INFO [org.junit.Test] zero00432
2016-08-04 20:03:40,307 INFO [org.junit.Test] zero00433
2016-08-04 20:03:40,307 INFO [org.junit.Test] zero00434
2016-08-04 20:03:40,307 INFO [org.junit.Test] zero00435
2016-08-04 20:03:40,307 INFO [org.junit.Test] zero00436
2016-08-04 20:03:40,307 INFO [org.junit.Test] zero00437
2016-08-04 20:03:40,307 INFO [org.junit.Test] zero00438
2016-08-04 20:03:40,307 INFO [org.junit.Test] zero00439
2016-08-04 20:03:40,307 INFO [org.junit.Test] zero00440
2016-08-04 20:03:40,307 INFO [org.junit.Test] zero00441
2016-08-04 20:03:40,307 INFO [org.junit.Test] zero00442
2016-08-04 20:03:40,307 INFO [org.junit.Test] zero00443
2016-08-04 20:03:40,307 INFO [org.junit.Test] zero00444
2016-08-04 20:03:40,307 INFO [org.junit.Test] zero00445
2016-08-04 20:03:40,307 INFO [org.junit.Test] zero00446
2016-08-04 20:03:40,307 INFO [org.junit.Test] zero00447
2016-08-04 20:03:40,307 INFO [org.junit.Test] zero00448
2016-08-04 20:03:40,307 INFO [org.junit.Test] zero00449
2016-08-04 20:03:40,307 INFO [org.junit.Test] zero00450
2016-08-04 20:03:40,307 INFO [org.junit.Test] zero00451
2016-08-04 20:03:40,307 INFO [org.junit.Test] zero00452
2016-08-04 20:03:40,307 INFO [org.junit.Test] zero00453
2016-08-04 20:03:40,307 INFO [org.junit.Test] zero00454
2016-08-04 20:03:40,307 INFO [org.junit.Test] zero00455
2016-08-04 20:03:40,307 INFO [org.junit.Test] zero00456
2016-08-04 20:03:40,307 INFO [org.junit.Test] zero00457
2016-08-04 20:03:40,307 INFO [org.junit.Test] zero00458
2016-08-04 20:03:40,307 INFO [org.junit.Test] zero00459
2016-08-04 20:03:40,307 INFO [org.junit.Test] zero00460
2016-08-04 20:03:40,307 INFO [org.junit.Test] zero00461
2016-08-04 20:03:40,307 INFO [org.junit.Test] zero00462
2016-08-04 20:03:40,307 INFO [org.junit.Test] zero00463
2016-08-04 20:03:40,307 INFO [org.junit.Test] zero00464
2016-08-04 20:03:40,307 INFO [org.junit.Test] zero00465
2016-08-04 20:03:40,307 INFO [org.junit.Test] zero00466
2016-08-04 20:03:40,307 INFO [org.junit.Test] zero00467
2016-08-04 20:03:40,307 INFO [org.junit.Test] zero00468
2016-08-04 20:03:40,307 INFO [org.junit.Test] zero00469
2016-08-04 20:03:40,307 INFO [org.junit.Test] zero00470
2016-08-04 20:03:40,307 INFO [org.junit.Test] zero00471
2016-08-04 20:03:40,307 INFO [org.junit.Test] zero00472
2016-08-04 20:03:40,307 INFO [org.junit.Test] zero00473
2016-08-04 20:03:40,307 INFO [org.junit.Test] zero00474
2016-08-04 20:03:40,307 INFO [org.junit.Test] zero00475
2016-08-04 20:03:40,307 INFO [org.junit.Test] zero00476
2016-08-04 20:03:40,307 INFO [org.junit.Test] zero00477
2016-08-04 20:03:40,307 INFO [org.junit.Test] zero00478
2016-08-04 20:03:40,307 INFO [org.junit.Test] zero00479
2016-08-04 20:03:40,307 INFO [org.junit.Test] zero00480
2016-08-04 20:03:40,307 INFO [org.junit.Test] zero00481
2016-08-04 20:03:40,307 INFO [org.junit.Test] zero00482
2016-08-04 20:03:40,307 INFO [org.junit.Test] zero00483
2016-08-04 20:03:40,307 INFO [org.junit.Test] zero00484
2016-08-04 20:03:40,307 INFO [org.junit.Test] zero00485
2016-08-04 20:03:40,307 INFO [org.junit.Test] zero00486
2016-08-04 20:03:40,307 INFO [org.junit.Test] zero00487
2016-08-04 20:03:40,307 INFO [org.junit.Test] zero00488
2016-08-04 20:03:40,307 INFO [org.junit.Test] zero00489
2016-08-04 20:03:40,307 INFO [org.junit.Test] zero00490
2016-08-04 20:03:40,308 INFO [org.junit.Test] zero00491
2016-08-04 20:03:40,308 INFO [org.junit.Test] zero00492
2016-08-04 20:03:40,308 INFO [org.junit.Test] zero00493
2016-08-04 20:03:40,308 INFO [org.junit.Test] zero00494
2016-08-04 20:03:40,308 INFO [org.junit.Test] zero00495
2016-08-04 20:03:40,308 INFO [org.junit.Test] zero00496
2016-08-04 20:03:40,308 INFO [org.junit.Test] zero00497
2016-08-04 20:03:40,308 INFO [org.junit.Test] zero00498
2016-08-04 20:03:40,308 INFO [org.junit.Test] zero00499
2016-08-04 20:03:40,308 INFO [org.junit.Test] zero00500
2016-08-04 20:03:40,308 INFO [org.junit.Test] zero00501
2016-08-04 20:03:40,308 INFO [org.junit.Test] zero00502
2016-08-04 20:03:40,308 INFO [org.junit.Test] zero00503
2016-08-04 20:03:40,308 INFO [org.junit.Test] zero00504
2016-08-04 20:03:40,308 INFO [org.junit.Test] zero00505
2016-08-04 20:03:40,308 INFO [org.junit.Test] zero00506
2016-08-04 20:03:40,308 INFO [org.junit.Test] zero00507
2016-08-04 20:03:40,308 INFO [org.junit.Test] zero00508
2016-08-04 20:03:40,308 INFO [org.junit.Test] zero00509
2016-08-04 20:03:40,308 INFO [org.junit.Test] zero00510
2016-08-04 20:03:40,308 INFO [org.junit.Test] zero00511
2016-08-04 20:03:40,308 INFO [org.junit.Test] zero00512
2016-08-04 20:03:40,308 INFO [org.junit.Test] zero00513
2016-08-04 20:03:40,308 INFO [org.junit.Test] zero00514
2016-08-04 20:03:40,308 INFO [org.junit.Test] zero00515
2016-08-04 20:03:40,308 INFO [org.junit.Test] zero00516
2016-08-04 20:03:40,308 INFO [org.junit.Test] zero00517
2016-08-04 20:03:40,308 INFO [org.junit.Test] zero00518
2016-08-04 20:03:40,308 INFO [org.junit.Test] zero00519
2016-08-04 20:03:40,308 INFO [org.junit.Test] zero00520
2016-08-04 20:03:40,308 INFO [org.junit.Test] zero00521
2016-08-04 20:03:40,308 INFO [org.junit.Test] zero00522
2016-08-04 20:03:40,308 INFO [org.junit.Test] zero00523
2016-08-04 20:03:40,308 INFO [org.junit.Test] zero00524
2016-08-04 20:03:40,308 INFO [org.junit.Test] zero00525
2016-08-04 20:03:40,308 INFO [org.junit.Test] zero00526
2016-08-04 20:03:40,308 INFO [org.junit.Test] zero00527
2016-08-04 20:03:40,308 INFO [org.junit.Test] zero00528
2016-08-04 20:03:40,308 INFO [org.junit.Test] zero00529
2016-08-04 20:03:40,308 INFO [org.junit.Test] zero00530
2016-08-04 20:03:40,308 INFO [org.junit.Test] zero00531
2016-08-04 20:03:40,308 INFO [org.junit.Test] zero00532
2016-08-04 20:03:40,308 INFO [org.junit.Test] zero00533
2016-08-04 20:03:40,308 INFO [org.junit.Test] zero00534
2016-08-04 20:03:40,308 INFO [org.junit.Test] zero00535
2016-08-04 20:03:40,308 INFO [org.junit.Test] zero00536
2016-08-04 20:03:40,308 INFO [org.junit.Test] zero00537
2016-08-04 20:03:40,308 INFO [org.junit.Test] zero00538
2016-08-04 20:03:40,308 INFO [org.junit.Test] zero00539
2016-08-04 20:03:40,308 INFO [org.junit.Test] zero00540
2016-08-04 20:03:40,308 INFO [org.junit.Test] zero00541
2016-08-04 20:03:40,308 INFO [org.junit.Test] zero00542
2016-08-04 20:03:40,308 INFO [org.junit.Test] zero00543
2016-08-04 20:03:40,308 INFO [org.junit.Test] zero00544
2016-08-04 20:03:40,308 INFO [org.junit.Test] zero00545
2016-08-04 20:03:40,308 INFO [org.junit.Test] zero00546
2016-08-04 20:03:40,308 INFO [org.junit.Test] zero00547
2016-08-04 20:03:40,308 INFO [org.junit.Test] zero00548
2016-08-04 20:03:40,308 INFO [org.junit.Test] zero00549
2016-08-04 20:03:40,308 INFO [org.junit.Test] zero00550
2016-08-04 20:03:40,308 INFO [org.junit.Test] zero00551
2016-08-04 20:03:40,308 INFO [org.junit.Test] zero00552
2016-08-04 20:03:40,308 INFO [org.junit.Test] zero00553
2016-08-04 20:03:40,308 INFO [org.junit.Test] zero00554
2016-08-04 20:03:40,308 INFO [org.junit.Test] zero00555
2016-08-04 20:03:40,308 INFO [org.junit.Test] zero00556
2016-08-04 20:03:40,308 INFO [org.junit.Test] zero00557
2016-08-04 20:03:40,308 INFO [org.junit.Test] zero00558
2016-08-04 20:03:40,308 INFO [org.junit.Test] zero00559
2016-08-04 20:03:40,308 INFO [org.junit.Test] zero00560
2016-08-04 20:03:40,308 INFO [org.junit.Test] zero00561
2016-08-04 20:03:40,308 INFO [org.junit.Test] zero00562
2016-08-04 20:03:40,308 INFO [org.junit.Test] zero00563
2016-08-04 20:03:40,308 INFO [org.junit.Test] zero00564
2016-08-04 20:03:40,308 INFO [org.junit.Test] zero00565
2016-08-04 20:03:40,308 INFO [org.junit.Test] zero00566
2016-08-04 20:03:40,308 INFO [org.junit.Test] zero00567
2016-08-04 20:03:40,308 INFO [org.junit.Test] zero00568
2016-08-04 20:03:40,308 INFO [org.junit.Test] zero00569
2016-08-04 20:03:40,308 INFO [org.junit.Test] zero00570
2016-08-04 20:03:40,308 INFO [org.junit.Test] zero00571
2016-08-04 20:03:40,308 INFO [org.junit.Test] zero00572
2016-08-04 20:03:40,308 INFO [org.junit.Test] zero00573
2016-08-04 20:03:40,308 INFO [org.junit.Test] zero00574
2016-08-04 20:03:40,308 INFO [org.junit.Test] zero00575
2016-08-04 20:03:40,308 INFO [org.junit.Test] zero00576
2016-08-04 20:03:40,308 INFO [org.junit.Test] zero00577
2016-08-04 20:03:40,308 INFO [org.junit.Test] zero00578
2016-08-04 20:03:40,308 INFO [org.junit.Test] zero00579
2016-08-04 20:03:40,308 INFO [org.junit.Test] zero00580
2016-08-04 20:03:40,308 INFO [org.junit.Test] zero00581
2016-08-04 20:03:40,308 INFO [org.junit.Test] zero00582
2016-08-04 20:03:40,308 INFO [org.junit.Test] zero00583
2016-08-04 20:03:40,308 INFO [org.junit.Test] zero00584
2016-08-04 20:03:40,308 INFO [org.junit.Test] zero00585
2016-08-04 20:03:40,308 INFO [org.junit.Test] zero00586
2016-08-04 20:03:40,308 INFO [org.junit.Test] zero00587
2016-08-04 20:03:40,308 INFO [org.junit.Test] zero00588
2016-08-04 20:03:40,308 INFO [org.junit.Test] zero00589
2016-08-04 20:03:40,308 INFO [org.junit.Test] zero00590
2016-08-04 20:03:40,308 INFO [org.junit.Test] zero00591
2016-08-04 20:03:40,308 INFO [org.junit.Test] zero00592
2016-08-04 20:03:40,308 INFO [org.junit.Test] zero00593
2016-08-04 20:03:40,308 INFO [org.junit.Test] zero00594
2016-08-04 20:03:40,308 INFO [org.junit.Test] zero00595
2016-08-04 20:03:40,308 INFO [org.junit.Test] zero00596
2016-08-04 20:03:40,308 INFO [org.junit.Test] zero00597
2016-08-04 20:03:40,308 INFO [org.junit.Test] zero00598
2016-08-04 20:03:40,308 INFO [org.junit.Test] zero00599
2016-08-04 20:03:40,308 INFO [org.junit.Test] zero00600
2016-08-04 20:03:40,308 INFO [org.junit.Test] zero00601
2016-08-04 20:03:40,308 INFO [org.junit.Test] zero00602
2016-08-04 20:03:40,308 INFO [org.junit.Test] zero00603
2016-08-04 20:03:40,308 INFO [org.junit.Test] zero00604
2016-08-04 20:03:40,308 INFO [org.junit.Test] zero00605
2016-08-04 20:03:40,308 INFO [org.junit.Test] zero00606
2016-08-04 20:03:40,308 INFO [org.junit.Test] zero00607
2016-08-04 20:03:40,308 INFO [org.junit.Test] zero00608
2016-08-04 20:03:40,308 INFO [org.junit.Test] zero00609
2016-08-04 20:03:40,308 INFO [org.junit.Test] zero00610
2016-08-04 20:03:40,308 INFO [org.junit.Test] zero00611
2016-08-04 20:03:40,308 INFO [org.junit.Test] zero00612
2016-08-04 20:03:40,308 INFO [org.junit.Test] zero00613
2016-08-04 20:03:40,308 INFO [org.junit.Test] zero00614
2016-08-04 20:03:40,308 INFO [org.junit.Test] zero00615
2016-08-04 20:03:40,308 INFO [org.junit.Test] zero00616
2016-08-04 20:03:40,308 INFO [org.junit.Test] zero00617
2016-08-04 20:03:40,308 INFO [org.junit.Test] zero00618
2016-08-04 20:03:40,308 INFO [org.junit.Test] zero00619
2016-08-04 20:03:40,308 INFO [org.junit.Test] zero00620
2016-08-04 20:03:40,308 INFO [org.junit.Test] zero00621
2016-08-04 20:03:40,308 INFO [org.junit.Test] zero00622
2016-08-04 20:03:40,308 INFO [org.junit.Test] zero00623
2016-08-04 20:03:40,308 INFO [org.junit.Test] zero00624
2016-08-04 20:03:40,308 INFO [org.junit.Test] zero00625
2016-08-04 20:03:40,308 INFO [org.junit.Test] zero00626
2016-08-04 20:03:40,308 INFO [org.junit.Test] zero00627
2016-08-04 20:03:40,308 INFO [org.junit.Test] zero00628
2016-08-04 20:03:40,308 INFO [org.junit.Test] zero00629
2016-08-04 20:03:40,308 INFO [org.junit.Test] zero00630
2016-08-04 20:03:40,308 INFO [org.junit.Test] zero00631
2016-08-04 20:03:40,308 INFO [org.junit.Test] zero00632
2016-08-04 20:03:40,308 INFO [org.junit.Test] zero00633
2016-08-04 20:03:40,308 INFO [org.junit.Test] zero00634
2016-08-04 20:03:40,308 INFO [org.junit.Test] zero00635
2016-08-04 20:03:40,308 INFO [org.junit.Test] zero00636
2016-08-04 20:03:40,308 INFO [org.junit.Test] zero00637
2016-08-04 20:03:40,308 INFO [org.junit.Test] zero00638
2016-08-04 20:03:40,308 INFO [org.junit.Test] zero00639
2016-08-04 20:03:40,308 INFO [org.junit.Test] zero00640
2016-08-04 20:03:40,308 INFO [org.junit.Test] zero00641
2016-08-04 20:03:40,308 INFO [org.junit.Test] zero00642
2016-08-04 20:03:40,308 INFO [org.junit.Test] zero00643
2016-08-04 20:03:40,308 INFO [org.junit.Test] zero00644
2016-08-04 20:03:40,308 INFO [org.junit.Test] zero00645
2016-08-04 20:03:40,308 INFO [org.junit.Test] zero00646
2016-08-04 20:03:40,308 INFO [org.junit.Test] zero00647
2016-08-04 20:03:40,308 INFO [org.junit.Test] zero00648
2016-08-04 20:03:40,308 INFO [org.junit.Test] zero00649
2016-08-04 20:03:40,308 INFO [org.junit.Test] zero00650
2016-08-04 20:03:40,308 INFO [org.junit.Test] zero00651
2016-08-04 20:03:40,308 INFO [org.junit.Test] zero00652
2016-08-04 20:03:40,308 INFO [org.junit.Test] zero00653
2016-08-04 20:03:40,308 INFO [org.junit.Test] zero00654
2016-08-04 20:03:40,308 INFO [org.junit.Test] zero00655
2016-08-04 20:03:40,308 INFO [org.junit.Test] zero00656
2016-08-04 20:03:40,308 INFO [org.junit.Test] zero00657
2016-08-04 20:03:40,308 INFO [org.junit.Test] zero00658
2016-08-04 20:03:40,308 INFO [org.junit.Test] zero00659
2016-08-04 20:03:40,308 INFO [org.junit.Test] zero00660
2016-08-04 20:03:40,308 INFO [org.junit.Test] zero00661
2016-08-04 20:03:40,308 INFO [org.junit.Test] zero00662
2016-08-04 20:03:40,308 INFO [org.junit.Test] zero00663
2016-08-04 20:03:40,308 INFO [org.junit.Test] zero00664
2016-08-04 20:03:40,308 INFO [org.junit.Test] zero00665
2016-08-04 20:03:40,308 INFO [org.junit.Test] zero00666
2016-08-04 20:03:40,308 INFO [org.junit.Test] zero00667
2016-08-04 20:03:40,309 INFO [org.junit.Test] zero00668
2016-08-04 20:03:40,309 INFO [org.junit.Test] zero00669
2016-08-04 20:03:40,309 INFO [org.junit.Test] zero00670
2016-08-04 20:03:40,309 INFO [org.junit.Test] zero00671
2016-08-04 20:03:40,309 INFO [org.junit.Test] zero00672
2016-08-04 20:03:40,309 INFO [org.junit.Test] zero00673
2016-08-04 20:03:40,309 INFO [org.junit.Test] zero00674
2016-08-04 20:03:40,309 INFO [org.junit.Test] zero00675
2016-08-04 20:03:40,309 INFO [org.junit.Test] zero00676
2016-08-04 20:03:40,309 INFO [org.junit.Test] zero00677
2016-08-04 20:03:40,309 INFO [org.junit.Test] zero00678
2016-08-04 20:03:40,309 INFO [org.junit.Test] zero00679
2016-08-04 20:03:40,309 INFO [org.junit.Test] zero00680
2016-08-04 20:03:40,309 INFO [org.junit.Test] zero00681
2016-08-04 20:03:40,309 INFO [org.junit.Test] zero00682
2016-08-04 20:03:40,309 INFO [org.junit.Test] zero00683
2016-08-04 20:03:40,309 INFO [org.junit.Test] zero00684
2016-08-04 20:03:40,309 INFO [org.junit.Test] zero00685
2016-08-04 20:03:40,309 INFO [org.junit.Test] zero00686
2016-08-04 20:03:40,309 INFO [org.junit.Test] zero00687
2016-08-04 20:03:40,309 INFO [org.junit.Test] zero00688
2016-08-04 20:03:40,309 INFO [org.junit.Test] zero00689
2016-08-04 20:03:40,309 INFO [org.junit.Test] zero00690
2016-08-04 20:03:40,309 INFO [org.junit.Test] zero00691
2016-08-04 20:03:40,309 INFO [org.junit.Test] zero00692
2016-08-04 20:03:40,309 INFO [org.junit.Test] zero00693
2016-08-04 20:03:40,309 INFO [org.junit.Test] zero00694
2016-08-04 20:03:40,309 INFO [org.junit.Test] zero00695
2016-08-04 20:03:40,309 INFO [org.junit.Test] zero00696
2016-08-04 20:03:40,309 INFO [org.junit.Test] zero00697
2016-08-04 20:03:40,309 INFO [org.junit.Test] zero00698
2016-08-04 20:03:40,309 INFO [org.junit.Test] zero00699
2016-08-04 20:03:40,309 INFO [org.junit.Test] zero00700
2016-08-04 20:03:40,309 INFO [org.junit.Test] zero00701
2016-08-04 20:03:40,309 INFO [org.junit.Test] zero00702
2016-08-04 20:03:40,309 INFO [org.junit.Test] zero00703
2016-08-04 20:03:40,309 INFO [org.junit.Test] zero00704
2016-08-04 20:03:40,309 INFO [org.junit.Test] zero00705
2016-08-04 20:03:40,309 INFO [org.junit.Test] zero00706
2016-08-04 20:03:40,309 INFO [org.junit.Test] zero00707
2016-08-04 20:03:40,309 INFO [org.junit.Test] zero00708
2016-08-04 20:03:40,309 INFO [org.junit.Test] zero00709
2016-08-04 20:03:40,309 INFO [org.junit.Test] zero00710
2016-08-04 20:03:40,309 INFO [org.junit.Test] zero00711
2016-08-04 20:03:40,309 INFO [org.junit.Test] zero00712
2016-08-04 20:03:40,309 INFO [org.junit.Test] zero00713
2016-08-04 20:03:40,309 INFO [org.junit.Test] zero00714
2016-08-04 20:03:40,309 INFO [org.junit.Test] zero00715
2016-08-04 20:03:40,309 INFO [org.junit.Test] zero00716
2016-08-04 20:03:40,309 INFO [org.junit.Test] zero00717
2016-08-04 20:03:40,309 INFO [org.junit.Test] zero00718
2016-08-04 20:03:40,309 INFO [org.junit.Test] zero00719
2016-08-04 20:03:40,309 INFO [org.junit.Test] zero00720
2016-08-04 20:03:40,309 INFO [org.junit.Test] zero00721
2016-08-04 20:03:40,309 INFO [org.junit.Test] zero00722
2016-08-04 20:03:40,309 INFO [org.junit.Test] zero00723
2016-08-04 20:03:40,309 INFO [org.junit.Test] zero00724
2016-08-04 20:03:40,309 INFO [org.junit.Test] zero00725
2016-08-04 20:03:40,309 INFO [org.junit.Test] zero00726
2016-08-04 20:03:40,309 INFO [org.junit.Test] zero00727
2016-08-04 20:03:40,309 INFO [org.junit.Test] zero00728
2016-08-04 20:03:40,309 INFO [org.junit.Test] zero00729
2016-08-04 20:03:40,309 INFO [org.junit.Test] zero00730
2016-08-04 20:03:40,309 INFO [org.junit.Test] zero00731
2016-08-04 20:03:40,309 INFO [org.junit.Test] zero00732
2016-08-04 20:03:40,309 INFO [org.junit.Test] zero00733
2016-08-04 20:03:40,309 INFO [org.junit.Test] zero00734
2016-08-04 20:03:40,309 INFO [org.junit.Test] zero00735
2016-08-04 20:03:40,309 INFO [org.junit.Test] zero00736
2016-08-04 20:03:40,309 INFO [org.junit.Test] zero00737
2016-08-04 20:03:40,309 INFO [org.junit.Test] zero00738
2016-08-04 20:03:40,309 INFO [org.junit.Test] zero00739
2016-08-04 20:03:40,309 INFO [org.junit.Test] zero00740
2016-08-04 20:03:40,309 INFO [org.junit.Test] zero00741
2016-08-04 20:03:40,309 INFO [org.junit.Test] zero00742
2016-08-04 20:03:40,309 INFO [org.junit.Test] zero00743
2016-08-04 20:03:40,309 INFO [org.junit.Test] zero00744
2016-08-04 20:03:40,309 INFO [org.junit.Test] zero00745
2016-08-04 20:03:40,309 INFO [org.junit.Test] zero00746
2016-08-04 20:03:40,309 INFO [org.junit.Test] zero00747
2016-08-04 20:03:40,309 INFO [org.junit.Test] zero00748
2016-08-04 20:03:40,309 INFO [org.junit.Test] zero00749
2016-08-04 20:03:40,309 INFO [org.junit.Test] zero00750
2016-08-04 20:03:40,309 INFO [org.junit.Test] zero00751
2016-08-04 20:03:40,309 INFO [org.junit.Test] zero00752
2016-08-04 20:03:40,309 INFO [org.junit.Test] zero00753
2016-08-04 20:03:40,309 INFO [org.junit.Test] zero00754
2016-08-04 20:03:40,309 INFO [org.junit.Test] zero00755
2016-08-04 20:03:40,309 INFO [org.junit.Test] zero00756
2016-08-04 20:03:40,309 INFO [org.junit.Test] zero00757
2016-08-04 20:03:40,309 INFO [org.junit.Test] zero00758
2016-08-04 20:03:40,309 INFO [org.junit.Test] zero00759
2016-08-04 20:03:40,309 INFO [org.junit.Test] zero00760
2016-08-04 20:03:40,309 INFO [org.junit.Test] zero00761
2016-08-04 20:03:40,309 INFO [org.junit.Test] zero00762
2016-08-04 20:03:40,309 INFO [org.junit.Test] zero00763
2016-08-04 20:03:40,309 INFO [org.junit.Test] zero00764
2016-08-04 20:03:40,309 INFO [org.junit.Test] zero00765
2016-08-04 20:03:40,309 INFO [org.junit.Test] zero00766
2016-08-04 20:03:40,309 INFO [org.junit.Test] zero00767
2016-08-04 20:03:40,309 INFO [org.junit.Test] zero00768
2016-08-04 20:03:40,309 INFO [org.junit.Test] zero00769
2016-08-04 20:03:40,309 INFO [org.junit.Test] zero00770
2016-08-04 20:03:40,309 INFO [org.junit.Test] zero00771
2016-08-04 20:03:40,309 INFO [org.junit.Test] zero00772
2016-08-04 20:03:40,309 INFO [org.junit.Test] zero00773
2016-08-04 20:03:40,309 INFO [org.junit.Test] zero00774
2016-08-04 20:03:40,309 INFO [org.junit.Test] zero00775
2016-08-04 20:03:40,309 INFO [org.junit.Test] zero00776
2016-08-04 20:03:40,309 INFO [org.junit.Test] zero00777
2016-08-04 20:03:40,309 INFO [org.junit.Test] zero00778
2016-08-04 20:03:40,309 INFO [org.junit.Test] zero00779
2016-08-04 20:03:40,309 INFO [org.junit.Test] zero00780
2016-08-04 20:03:40,309 INFO [org.junit.Test] zero00781
2016-08-04 20:03:40,309 INFO [org.junit.Test] zero00782
2016-08-04 20:03:40,309 INFO [org.junit.Test] zero00783
2016-08-04 20:03:40,309 INFO [org.junit.Test] zero00784
2016-08-04 20:03:40,309 INFO [org.junit.Test] zero00785
2016-08-04 20:03:40,309 INFO [org.junit.Test] zero00786
2016-08-04 20:03:40,309 INFO [org.junit.Test] zero00787
2016-08-04 20:03:40,309 INFO [org.junit.Test] zero00788
2016-08-04 20:03:40,309 INFO [org.junit.Test] zero00789
2016-08-04 20:03:40,309 INFO [org.junit.Test] zero00790
2016-08-04 20:03:40,309 INFO [org.junit.Test] zero00791
2016-08-04 20:03:40,309 INFO [org.junit.Test] zero00792
2016-08-04 20:03:40,309 INFO [org.junit.Test] zero00793
2016-08-04 20:03:40,309 INFO [org.junit.Test] zero00794
2016-08-04 20:03:40,309 INFO [org.junit.Test] zero00795
2016-08-04 20:03:40,309 INFO [org.junit.Test] zero00796
2016-08-04 20:03:40,309 INFO [org.junit.Test] zero00797
2016-08-04 20:03:40,309 INFO [org.junit.Test] zero00798
2016-08-04 20:03:40,309 INFO [org.junit.Test] zero00799
2016-08-04 20:03:40,309 INFO [org.junit.Test] zero00800
2016-08-04 20:03:40,309 INFO [org.junit.Test] zero00801
2016-08-04 20:03:40,309 INFO [org.junit.Test] zero00802
2016-08-04 20:03:40,309 INFO [org.junit.Test] zero00803
2016-08-04 20:03:40,309 INFO [org.junit.Test] zero00804
2016-08-04 20:03:40,309 INFO [org.junit.Test] zero00805
2016-08-04 20:03:40,309 INFO [org.junit.Test] zero00806
2016-08-04 20:03:40,309 INFO [org.junit.Test] zero00807
2016-08-04 20:03:40,309 INFO [org.junit.Test] zero00808
2016-08-04 20:03:40,309 INFO [org.junit.Test] zero00809
2016-08-04 20:03:40,309 INFO [org.junit.Test] zero00810
2016-08-04 20:03:40,309 INFO [org.junit.Test] zero00811
2016-08-04 20:03:40,309 INFO [org.junit.Test] zero00812
2016-08-04 20:03:40,309 INFO [org.junit.Test] zero00813
2016-08-04 20:03:40,309 INFO [org.junit.Test] zero00814
2016-08-04 20:03:40,309 INFO [org.junit.Test] zero00815
2016-08-04 20:03:40,309 INFO [org.junit.Test] zero00816
2016-08-04 20:03:40,309 INFO [org.junit.Test] zero00817
2016-08-04 20:03:40,309 INFO [org.junit.Test] zero00818
2016-08-04 20:03:40,309 INFO [org.junit.Test] zero00819
2016-08-04 20:03:40,309 INFO [org.junit.Test] zero00820
2016-08-04 20:03:40,309 INFO [org.junit.Test] zero00821
2016-08-04 20:03:40,309 INFO [org.junit.Test] zero00822
2016-08-04 20:03:40,309 INFO [org.junit.Test] zero00823
2016-08-04 20:03:40,309 INFO [org.junit.Test] zero00824
2016-08-04 20:03:40,309 INFO [org.junit.Test] zero00825
2016-08-04 20:03:40,309 INFO [org.junit.Test] zero00826
2016-08-04 20:03:40,309 INFO [org.junit.Test] zero00827
2016-08-04 20:03:40,309 INFO [org.junit.Test] zero00828
2016-08-04 20:03:40,309 INFO [org.junit.Test] zero00829
2016-08-04 20:03:40,309 INFO [org.junit.Test] zero00830
2016-08-04 20:03:40,309 INFO [org.junit.Test] zero00831
2016-08-04 20:03:40,309 INFO [org.junit.Test] zero00832
2016-08-04 20:03:40,309 INFO [org.junit.Test] zero00833
2016-08-04 20:03:40,309 INFO [org.junit.Test] zero00834
2016-08-04 20:03:40,309 INFO [org.junit.Test] zero00835
2016-08-04 20:03:40,309 INFO [org.junit.Test] zero00836
2016-08-04 20:03:40,309 INFO [org.junit.Test] zero00837
2016-08-04 20:03:40,309 INFO [org.junit.Test] zero00838
2016-08-04 20:03:40,309 INFO [org.junit.Test] zero00839
2016-08-04 20:03:40,309 INFO [org.junit.Test] zero00840
2016-08-04 20:03:40,309 INFO [org.junit.Test] zero00841
2016-08-04 20:03:40,309 INFO [org.junit.Test] zero00842
2016-08-04 20:03:40,309 INFO [org.junit.Test] zero00843
2016-08-04 20:03:40,309 INFO [org.junit.Test] zero00844
2016-08-04 20:03:40,310 INFO [org.junit.Test] zero00845
2016-08-04 20:03:40,310 INFO [org.junit.Test] zero00846
2016-08-04 20:03:40,310 INFO [org.junit.Test] zero00847
2016-08-04 20:03:40,310 INFO [org.junit.Test] zero00848
2016-08-04 20:03:40,310 INFO [org.junit.Test] zero00849
2016-08-04 20:03:40,310 INFO [org.junit.Test] zero00850
2016-08-04 20:03:40,310 INFO [org.junit.Test] zero00851
2016-08-04 20:03:40,310 INFO [org.junit.Test] zero00852
2016-08-04 20:03:40,310 INFO [org.junit.Test] zero00853
2016-08-04 20:03:40,310 INFO [org.junit.Test] zero00854
2016-08-04 20:03:40,310 INFO [org.junit.Test] zero00855
2016-08-04 20:03:40,310 INFO [org.junit.Test] zero00856
2016-08-04 20:03:40,310 INFO [org.junit.Test] zero00857
2016-08-04 20:03:40,310 INFO [org.junit.Test] zero00858
2016-08-04 20:03:40,310 INFO [org.junit.Test] zero00859
2016-08-04 20:03:40,310 INFO [org.junit.Test] zero00860
2016-08-04 20:03:40,310 INFO [org.junit.Test] zero00861
2016-08-04 20:03:40,310 INFO [org.junit.Test] zero00862
2016-08-04 20:03:40,310 INFO [org.junit.Test] zero00863
2016-08-04 20:03:40,310 INFO [org.junit.Test] zero00864
2016-08-04 20:03:40,310 INFO [org.junit.Test] zero00865
2016-08-04 20:03:40,310 INFO [org.junit.Test] zero00866
2016-08-04 20:03:40,310 INFO [org.junit.Test] zero00867
2016-08-04 20:03:40,310 INFO [org.junit.Test] zero00868
2016-08-04 20:03:40,310 INFO [org.junit.Test] zero00869
2016-08-04 20:03:40,310 INFO [org.junit.Test] zero00870
2016-08-04 20:03:40,310 INFO [org.junit.Test] zero00871
2016-08-04 20:03:40,310 INFO [org.junit.Test] zero00872
2016-08-04 20:03:40,310 INFO [org.junit.Test] zero00873
2016-08-04 20:03:40,310 INFO [org.junit.Test] zero00874
2016-08-04 20:03:40,310 INFO [org.junit.Test] zero00875
2016-08-04 20:03:40,310 INFO [org.junit.Test] zero00876
2016-08-04 20:03:40,310 INFO [org.junit.Test] zero00877
2016-08-04 20:03:40,310 INFO [org.junit.Test] zero00878
2016-08-04 20:03:40,310 INFO [org.junit.Test] zero00879
2016-08-04 20:03:40,310 INFO [org.junit.Test] zero00880
2016-08-04 20:03:40,310 INFO [org.junit.Test] zero00881
2016-08-04 20:03:40,310 INFO [org.junit.Test] zero00882
2016-08-04 20:03:40,310 INFO [org.junit.Test] zero00883
2016-08-04 20:03:40,310 INFO [org.junit.Test] zero00884
2016-08-04 20:03:40,310 INFO [org.junit.Test] zero00885
2016-08-04 20:03:40,310 INFO [org.junit.Test] zero00886
2016-08-04 20:03:40,310 INFO [org.junit.Test] zero00887
2016-08-04 20:03:40,310 INFO [org.junit.Test] zero00888
2016-08-04 20:03:40,310 INFO [org.junit.Test] zero00889
2016-08-04 20:03:40,310 INFO [org.junit.Test] zero00890
2016-08-04 20:03:40,310 INFO [org.junit.Test] zero00891
2016-08-04 20:03:40,310 INFO [org.junit.Test] zero00892
2016-08-04 20:03:40,310 INFO [org.junit.Test] zero00893
2016-08-04 20:03:40,310 INFO [org.junit.Test] zero00894
2016-08-04 20:03:40,310 INFO [org.junit.Test] zero00895
2016-08-04 20:03:40,310 INFO [org.junit.Test] zero00896
2016-08-04 20:03:40,310 INFO [org.junit.Test] zero00897
2016-08-04 20:03:40,310 INFO [org.junit.Test] zero00898
2016-08-04 20:03:40,310 INFO [org.junit.Test] zero00899
2016-08-04 20:03:40,310 INFO [org.junit.Test] zero00900
2016-08-04 20:03:40,310 INFO [org.junit.Test] zero00901
2016-08-04 20:03:40,310 INFO [org.junit.Test] zero00902
2016-08-04 20:03:40,310 INFO [org.junit.Test] zero00903
2016-08-04 20:03:40,310 INFO [org.junit.Test] zero00904
2016-08-04 20:03:40,310 INFO [org.junit.Test] zero00905
2016-08-04 20:03:40,310 INFO [org.junit.Test] zero00906
2016-08-04 20:03:40,310 INFO [org.junit.Test] zero00907
2016-08-04 20:03:40,310 INFO [org.junit.Test] zero00908
2016-08-04 20:03:40,310 INFO [org.junit.Test] zero00909
2016-08-04 20:03:40,310 INFO [org.junit.Test] zero00910
2016-08-04 20:03:40,310 INFO [org.junit.Test] zero00911
2016-08-04 20:03:40,310 INFO [org.junit.Test] zero00912
2016-08-04 20:03:40,310 INFO [org.junit.Test] zero00913
2016-08-04 20:03:40,310 INFO [org.junit.Test] zero00914
2016-08-04 20:03:40,310 INFO [org.junit.Test] zero00915
2016-08-04 20:03:40,310 INFO [org.junit.Test] zero00916
2016-08-04 20:03:40,310 INFO [org.junit.Test] zero00917
2016-08-04 20:03:40,310 INFO [org.junit.Test] zero00918
2016-08-04 20:03:40,310 INFO [org.junit.Test] zero00919
2016-08-04 20:03:40,310 INFO [org.junit.Test] zero00920
2016-08-04 20:03:40,310 INFO [org.junit.Test] zero00921
2016-08-04 20:03:40,310 INFO [org.junit.Test] zero00922
2016-08-04 20:03:40,310 INFO [org.junit.Test] zero00923
2016-08-04 20:03:40,310 INFO [org.junit.Test] zero00924
2016-08-04 20:03:40,310 INFO [org.junit.Test] zero00925
2016-08-04 20:03:40,310 INFO [org.junit.Test] zero00926
2016-08-04 20:03:40,310 INFO [org.junit.Test] zero00927
2016-08-04 20:03:40,310 INFO [org.junit.Test] zero00928
2016-08-04 20:03:40,310 INFO [org.junit.Test] zero00929
2016-08-04 20:03:40,310 INFO [org.junit.Test] zero00930
2016-08-04 20:03:40,310 INFO [org.junit.Test] zero00931
2016-08-04 20:03:40,310 INFO [org.junit.Test] zero00932
2016-08-04 20:03:40,310 INFO [org.junit.Test] zero00933
2016-08-04 20:03:40,310 INFO [org.junit.Test] zero00934
2016-08-04 20:03:40,310 INFO [org.junit.Test] zero00935
2016-08-04 20:03:40,310 INFO [org.junit.Test] zero00936
2016-08-04 20:03:40,310 INFO [org.junit.Test] zero00937
2016-08-04 20:03:40,310 INFO [org.junit.Test] zero00938
2016-08-04 20:03:40,310 INFO [org.junit.Test] zero00939
2016-08-04 20:03:40,310 INFO [org.junit.Test] zero00940
2016-08-04 20:03:40,310 INFO [org.junit.Test] zero00941
2016-08-04 20:03:40,310 INFO [org.junit.Test] zero00942
2016-08-04 20:03:40,310 INFO [org.junit.Test] zero00943
2016-08-04 20:03:40,310 INFO [org.junit.Test] zero00944
2016-08-04 20:03:40,310 INFO [org.junit.Test] zero00945
2016-08-04 20:03:40,310 INFO [org.junit.Test] zero00946
2016-08-04 20:03:40,310 INFO [org.junit.Test] zero00947
2016-08-04 20:03:40,310 INFO [org.junit.Test] zero00948
2016-08-04 20:03:40,310 INFO [org.junit.Test] zero00949
2016-08-04 20:03:40,310 INFO [org.junit.Test] zero00950
2016-08-04 20:03:40,310 INFO [org.junit.Test] zero00951
2016-08-04 20:03:40,310 INFO [org.junit.Test] zero00952
2016-08-04 20:03:40,310 INFO [org.junit.Test] zero00953
2016-08-04 20:03:40,310 INFO [org.junit.Test] zero00954
2016-08-04 20:03:40,310 INFO [org.junit.Test] zero00955
2016-08-04 20:03:40,310 INFO [org.junit.Test] zero00956
2016-08-04 20:03:40,310 INFO [org.junit.Test] zero00957
2016-08-04 20:03:40,310 INFO [org.junit.Test] zero00958
2016-08-04 20:03:40,310 INFO [org.junit.Test] zero00959
2016-08-04 20:03:40,310 INFO [org.junit.Test] zero00960
2016-08-04 20:03:40,310 INFO [org.junit.Test] zero00961
2016-08-04 20:03:40,310 INFO [org.junit.Test] zero00962
2016-08-04 20:03:40,310 INFO [org.junit.Test] zero00963
2016-08-04 20:03:40,310 INFO [org.junit.Test] zero00964
2016-08-04 20:03:40,310 INFO [org.junit.Test] zero00965
2016-08-04 20:03:40,310 INFO [org.junit.Test] zero00966
2016-08-04 20:03:40,310 INFO [org.junit.Test] zero00967
2016-08-04 20:03:40,310 INFO [org.junit.Test] zero00968
2016-08-04 20:03:40,310 INFO [org.junit.Test] zero00969
2016-08-04 20:03:40,310 INFO [org.junit.Test] zero00970
2016-08-04 20:03:40,310 INFO [org.junit.Test] zero00971
2016-08-04 20:03:40,310 INFO [org.junit.Test] zero00972
2016-08-04 20:03:40,310 INFO [org.junit.Test] zero00973
2016-08-04 20:03:40,310 INFO [org.junit.Test] zero00974
2016-08-04 20:03:40,310 INFO [org.junit.Test] zero00975
2016-08-04 20:03:40,310 INFO [org.junit.Test] zero00976
2016-08-04 20:03:40,310 INFO [org.junit.Test] zero00977
2016-08-04 20:03:40,310 INFO [org.junit.Test] zero00978
2016-08-04 20:03:40,310 INFO [org.junit.Test] zero00979
2016-08-04 20:03:40,310 INFO [org.junit.Test] zero00980
2016-08-04 20:03:40,310 INFO [org.junit.Test] zero00981
2016-08-04 20:03:40,310 INFO [org.junit.Test] zero00982
2016-08-04 20:03:40,310 INFO [org.junit.Test] zero00983
2016-08-04 20:03:40,310 INFO [org.junit.Test] zero00984
2016-08-04 20:03:40,310 INFO [org.junit.Test] zero00985
2016-08-04 20:03:40,310 INFO [org.junit.Test] zero00986
2016-08-04 20:03:40,310 INFO [org.junit.Test] zero00987
2016-08-04 20:03:40,310 INFO [org.junit.Test] zero00988
2016-08-04 20:03:40,310 INFO [org.junit.Test] zero00989
2016-08-04 20:03:40,310 INFO [org.junit.Test] zero00990
2016-08-04 20:03:40,310 INFO [org.junit.Test] zero00991
2016-08-04 20:03:40,310 INFO [org.junit.Test] zero00992
2016-08-04 20:03:40,310 INFO [org.junit.Test] zero00993
2016-08-04 20:03:40,310 INFO [org.junit.Test] zero00994
2016-08-04 20:03:40,310 INFO [org.junit.Test] zero00995
2016-08-04 20:03:40,310 INFO [org.junit.Test] zero00996
2016-08-04 20:03:40,310 INFO [org.junit.Test] zero00997
2016-08-04 20:03:40,310 INFO [org.junit.Test] zero00998
2016-08-04 20:03:40,310 INFO [org.junit.Test] zero00999
2016-08-04 20:03:43,311 INFO [org.junit.Test] zero000
2016-08-04 20:03:43,311 INFO [org.junit.Test] zero001
2016-08-04 20:03:43,311 INFO [org.junit.Test] zero002
2016-08-04 20:03:43,311 INFO [org.junit.Test] zero003
2016-08-04 20:03:43,311 INFO [org.junit.Test] zero004
2016-08-04 20:03:43,311 INFO [org.junit.Test] zero005
2016-08-04 20:03:43,311 INFO [org.junit.Test] zero006
2016-08-04 20:03:43,311 INFO [org.junit.Test] zero007
2016-08-04 20:03:43,311 INFO [org.junit.Test] zero008
2016-08-04 20:03:43,311 INFO [org.junit.Test] zero009
2016-08-04 20:03:43,311 INFO [org.junit.Test] zero0010
2016-08-04 20:03:43,311 INFO [org.junit.Test] zero0011
2016-08-04 20:03:43,311 INFO [org.junit.Test] zero0012
2016-08-04 20:03:43,311 INFO [org.junit.Test] zero0013
2016-08-04 20:03:43,311 INFO [org.junit.Test] zero0014
2016-08-04 20:03:43,311 INFO [org.junit.Test] zero0015
2016-08-04 20:03:43,311 INFO [org.junit.Test] zero0016
2016-08-04 20:03:43,311 INFO [org.junit.Test] zero0017
2016-08-04 20:03:43,311 INFO [org.junit.Test] zero0018
2016-08-04 20:03:43,311 INFO [org.junit.Test] zero0019
2016-08-04 20:03:43,311 INFO [org.junit.Test] zero0020
2016-08-04 20:03:43,311 INFO [org.junit.Test] zero0021
2016-08-04 20:03:43,311 INFO [org.junit.Test] zero0022
2016-08-04 20:03:43,311 INFO [org.junit.Test] zero0023
2016-08-04 20:03:43,311 INFO [org.junit.Test] zero0024
2016-08-04 20:03:43,311 INFO [org.junit.Test] zero0025
2016-08-04 20:03:43,311 INFO [org.junit.Test] zero0026
2016-08-04 20:03:43,311 INFO [org.junit.Test] zero0027
2016-08-04 20:03:43,311 INFO [org.junit.Test] zero0028
2016-08-04 20:03:43,311 INFO [org.junit.Test] zero0029
2016-08-04 20:03:43,311 INFO [org.junit.Test] zero0030
2016-08-04 20:03:43,311 INFO [org.junit.Test] zero0031
2016-08-04 20:03:43,311 INFO [org.junit.Test] zero0032
2016-08-04 20:03:43,311 INFO [org.junit.Test] zero0033
2016-08-04 20:03:43,311 INFO [org.junit.Test] zero0034
2016-08-04 20:03:43,311 INFO [org.junit.Test] zero0035
2016-08-04 20:03:43,311 INFO [org.junit.Test] zero0036
2016-08-04 20:03:43,311 INFO [org.junit.Test] zero0037
2016-08-04 20:03:43,311 INFO [org.junit.Test] zero0038
2016-08-04 20:03:43,311 INFO [org.junit.Test] zero0039
2016-08-04 20:03:43,311 INFO [org.junit.Test] zero0040
2016-08-04 20:03:43,311 INFO [org.junit.Test] zero0041
2016-08-04 20:03:43,311 INFO [org.junit.Test] zero0042
2016-08-04 20:03:43,311 INFO [org.junit.Test] zero0043
2016-08-04 20:03:43,311 INFO [org.junit.Test] zero0044
2016-08-04 20:03:43,311 INFO [org.junit.Test] zero0045
2016-08-04 20:03:43,311 INFO [org.junit.Test] zero0046
2016-08-04 20:03:43,311 INFO [org.junit.Test] zero0047
2016-08-04 20:03:43,311 INFO [org.junit.Test] zero0048
2016-08-04 20:03:43,311 INFO [org.junit.Test] zero0049
2016-08-04 20:03:43,311 INFO [org.junit.Test] zero0050
2016-08-04 20:03:43,311 INFO [org.junit.Test] zero0051
2016-08-04 20:03:43,311 INFO [org.junit.Test] zero0052
2016-08-04 20:03:43,311 INFO [org.junit.Test] zero0053
2016-08-04 20:03:43,311 INFO [org.junit.Test] zero0054
2016-08-04 20:03:43,311 INFO [org.junit.Test] zero0055
2016-08-04 20:03:43,311 INFO [org.junit.Test] zero0056
2016-08-04 20:03:43,311 INFO [org.junit.Test] zero0057
2016-08-04 20:03:43,311 INFO [org.junit.Test] zero0058
2016-08-04 20:03:43,311 INFO [org.junit.Test] zero0059
2016-08-04 20:03:43,311 INFO [org.junit.Test] zero0060
2016-08-04 20:03:43,311 INFO [org.junit.Test] zero0061
2016-08-04 20:03:43,311 INFO [org.junit.Test] zero0062
2016-08-04 20:03:43,311 INFO [org.junit.Test] zero0063
2016-08-04 20:03:43,311 INFO [org.junit.Test] zero0064
2016-08-04 20:03:43,311 INFO [org.junit.Test] zero0065
2016-08-04 20:03:43,311 INFO [org.junit.Test] zero0066
2016-08-04 20:03:43,311 INFO [org.junit.Test] zero0067
2016-08-04 20:03:43,311 INFO [org.junit.Test] zero0068
2016-08-04 20:03:43,311 INFO [org.junit.Test] zero0069
2016-08-04 20:03:43,311 INFO [org.junit.Test] zero0070
2016-08-04 20:03:43,311 INFO [org.junit.Test] zero0071
2016-08-04 20:03:43,311 INFO [org.junit.Test] zero0072
2016-08-04 20:03:43,311 INFO [org.junit.Test] zero0073
2016-08-04 20:03:43,311 INFO [org.junit.Test] zero0074
2016-08-04 20:03:43,311 INFO [org.junit.Test] zero0075
2016-08-04 20:03:43,311 INFO [org.junit.Test] zero0076
2016-08-04 20:03:43,311 INFO [org.junit.Test] zero0077
2016-08-04 20:03:43,311 INFO [org.junit.Test] zero0078
2016-08-04 20:03:43,311 INFO [org.junit.Test] zero0079
2016-08-04 20:03:43,311 INFO [org.junit.Test] zero0080
2016-08-04 20:03:43,311 INFO [org.junit.Test] zero0081
2016-08-04 20:03:43,311 INFO [org.junit.Test] zero0082
2016-08-04 20:03:43,311 INFO [org.junit.Test] zero0083
2016-08-04 20:03:43,311 INFO [org.junit.Test] zero0084
2016-08-04 20:03:43,311 INFO [org.junit.Test] zero0085
2016-08-04 20:03:43,311 INFO [org.junit.Test] zero0086
2016-08-04 20:03:43,311 INFO [org.junit.Test] zero0087
2016-08-04 20:03:43,311 INFO [org.junit.Test] zero0088
2016-08-04 20:03:43,311 INFO [org.junit.Test] zero0089
2016-08-04 20:03:43,311 INFO [org.junit.Test] zero0090
2016-08-04 20:03:43,311 INFO [org.junit.Test] zero0091
2016-08-04 20:03:43,311 INFO [org.junit.Test] zero0092
2016-08-04 20:03:43,311 INFO [org.junit.Test] zero0093
2016-08-04 20:03:43,311 INFO [org.junit.Test] zero0094
2016-08-04 20:03:43,311 INFO [org.junit.Test] zero0095
2016-08-04 20:03:43,311 INFO [org.junit.Test] zero0096
2016-08-04 20:03:43,311 INFO [org.junit.Test] zero0097
2016-08-04 20:03:43,311 INFO [org.junit.Test] zero0098
2016-08-04 20:03:43,311 INFO [org.junit.Test] zero0099
2016-08-04 20:03:43,311 INFO [org.junit.Test] zero00100
2016-08-04 20:03:43,311 INFO [org.junit.Test] zero00101
2016-08-04 20:03:43,311 INFO [org.junit.Test] zero00102
2016-08-04 20:03:43,311 INFO [org.junit.Test] zero00103
2016-08-04 20:03:43,311 INFO [org.junit.Test] zero00104
2016-08-04 20:03:43,311 INFO [org.junit.Test] zero00105
2016-08-04 20:03:43,311 INFO [org.junit.Test] zero00106
2016-08-04 20:03:43,311 INFO [org.junit.Test] zero00107
2016-08-04 20:03:43,311 INFO [org.junit.Test] zero00108
2016-08-04 20:03:43,311 INFO [org.junit.Test] zero00109
2016-08-04 20:03:43,311 INFO [org.junit.Test] zero00110
2016-08-04 20:03:43,311 INFO [org.junit.Test] zero00111
2016-08-04 20:03:43,311 INFO [org.junit.Test] zero00112
2016-08-04 20:03:43,311 INFO [org.junit.Test] zero00113
2016-08-04 20:03:43,311 INFO [org.junit.Test] zero00114
2016-08-04 20:03:43,311 INFO [org.junit.Test] zero00115
2016-08-04 20:03:43,311 INFO [org.junit.Test] zero00116
2016-08-04 20:03:43,311 INFO [org.junit.Test] zero00117
2016-08-04 20:03:43,311 INFO [org.junit.Test] zero00118
2016-08-04 20:03:43,311 INFO [org.junit.Test] zero00119
2016-08-04 20:03:43,311 INFO [org.junit.Test] zero00120
2016-08-04 20:03:43,311 INFO [org.junit.Test] zero00121
2016-08-04 20:03:43,311 INFO [org.junit.Test] zero00122
2016-08-04 20:03:43,311 INFO [org.junit.Test] zero00123
2016-08-04 20:03:43,311 INFO [org.junit.Test] zero00124
2016-08-04 20:03:43,311 INFO [org.junit.Test] zero00125
2016-08-04 20:03:43,311 INFO [org.junit.Test] zero00126
2016-08-04 20:03:43,311 INFO [org.junit.Test] zero00127
2016-08-04 20:03:43,311 INFO [org.junit.Test] zero00128
2016-08-04 20:03:43,311 INFO [org.junit.Test] zero00129
2016-08-04 20:03:43,311 INFO [org.junit.Test] zero00130
2016-08-04 20:03:43,311 INFO [org.junit.Test] zero00131
2016-08-04 20:03:43,311 INFO [org.junit.Test] zero00132
2016-08-04 20:03:43,311 INFO [org.junit.Test] zero00133
2016-08-04 20:03:43,311 INFO [org.junit.Test] zero00134
2016-08-04 20:03:43,311 INFO [org.junit.Test] zero00135
2016-08-04 20:03:43,311 INFO [org.junit.Test] zero00136
2016-08-04 20:03:43,311 INFO [org.junit.Test] zero00137
2016-08-04 20:03:43,311 INFO [org.junit.Test] zero00138
2016-08-04 20:03:43,311 INFO [org.junit.Test] zero00139
2016-08-04 20:03:43,311 INFO [org.junit.Test] zero00140
2016-08-04 20:03:43,311 INFO [org.junit.Test] zero00141
2016-08-04 20:03:43,311 INFO [org.junit.Test] zero00142
2016-08-04 20:03:43,311 INFO [org.junit.Test] zero00143
2016-08-04 20:03:43,311 INFO [org.junit.Test] zero00144
2016-08-04 20:03:43,311 INFO [org.junit.Test] zero00145
2016-08-04 20:03:43,311 INFO [org.junit.Test] zero00146
2016-08-04 20:03:43,311 INFO [org.junit.Test] zero00147
2016-08-04 20:03:43,311 INFO [org.junit.Test] zero00148
2016-08-04 20:03:43,311 INFO [org.junit.Test] zero00149
2016-08-04 20:03:43,311 INFO [org.junit.Test] zero00150
2016-08-04 20:03:43,311 INFO [org.junit.Test] zero00151
2016-08-04 20:03:43,311 INFO [org.junit.Test] zero00152
2016-08-04 20:03:43,311 INFO [org.junit.Test] zero00153
2016-08-04 20:03:43,311 INFO [org.junit.Test] zero00154
2016-08-04 20:03:43,311 INFO [org.junit.Test] zero00155
2016-08-04 20:03:43,311 INFO [org.junit.Test] zero00156
2016-08-04 20:03:43,311 INFO [org.junit.Test] zero00157
2016-08-04 20:03:43,311 INFO [org.junit.Test] zero00158
2016-08-04 20:03:43,311 INFO [org.junit.Test] zero00159
2016-08-04 20:03:43,311 INFO [org.junit.Test] zero00160
2016-08-04 20:03:43,311 INFO [org.junit.Test] zero00161
2016-08-04 20:03:43,311 INFO [org.junit.Test] zero00162
2016-08-04 20:03:43,311 INFO [org.junit.Test] zero00163
2016-08-04 20:03:43,311 INFO [org.junit.Test] zero00164
2016-08-04 20:03:43,311 INFO [org.junit.Test] zero00165
2016-08-04 20:03:43,311 INFO [org.junit.Test] zero00166
2016-08-04 20:03:43,311 INFO [org.junit.Test] zero00167
2016-08-04 20:03:43,311 INFO [org.junit.Test] zero00168
2016-08-04 20:03:43,311 INFO [org.junit.Test] zero00169
2016-08-04 20:03:43,311 INFO [org.junit.Test] zero00170
2016-08-04 20:03:43,311 INFO [org.junit.Test] zero00171
2016-08-04 20:03:43,311 INFO [org.junit.Test] zero00172
2016-08-04 20:03:43,311 INFO [org.junit.Test] zero00173
2016-08-04 20:03:43,311 INFO [org.junit.Test] zero00174
2016-08-04 20:03:43,311 INFO [org.junit.Test] zero00175
2016-08-04 20:03:43,311 INFO [org.junit.Test] zero00176
2016-08-04 20:03:43,311 INFO [org.junit.Test] zero00177
2016-08-04 20:03:43,311 INFO [org.junit.Test] zero00178
2016-08-04 20:03:43,311 INFO [org.junit.Test] zero00179
2016-08-04 20:03:43,311 INFO [org.junit.Test] zero00180
2016-08-04 20:03:43,311 INFO [org.junit.Test] zero00181
2016-08-04 20:03:43,311 INFO [org.junit.Test] zero00182
2016-08-04 20:03:43,311 INFO [org.junit.Test] zero00183
2016-08-04 20:03:43,311 INFO [org.junit.Test] zero00184
2016-08-04 20:03:43,311 INFO [org.junit.Test] zero00185
2016-08-04 20:03:43,311 INFO [org.junit.Test] zero00186
2016-08-04 20:03:43,311 INFO [org.junit.Test] zero00187
2016-08-04 20:03:43,311 INFO [org.junit.Test] zero00188
2016-08-04 20:03:43,311 INFO [org.junit.Test] zero00189
2016-08-04 20:03:43,311 INFO [org.junit.Test] zero00190
2016-08-04 20:03:43,311 INFO [org.junit.Test] zero00191
2016-08-04 20:03:43,311 INFO [org.junit.Test] zero00192
2016-08-04 20:03:43,311 INFO [org.junit.Test] zero00193
2016-08-04 20:03:43,311 INFO [org.junit.Test] zero00194
2016-08-04 20:03:43,311 INFO [org.junit.Test] zero00195
2016-08-04 20:03:43,311 INFO [org.junit.Test] zero00196
2016-08-04 20:03:43,311 INFO [org.junit.Test] zero00197
2016-08-04 20:03:43,311 INFO [org.junit.Test] zero00198
2016-08-04 20:03:43,311 INFO [org.junit.Test] zero00199
2016-08-04 20:03:43,311 INFO [org.junit.Test] zero00200
2016-08-04 20:03:43,311 INFO [org.junit.Test] zero00201
2016-08-04 20:03:43,311 INFO [org.junit.Test] zero00202
2016-08-04 20:03:43,311 INFO [org.junit.Test] zero00203
2016-08-04 20:03:43,311 INFO [org.junit.Test] zero00204
2016-08-04 20:03:43,311 INFO [org.junit.Test] zero00205
2016-08-04 20:03:43,311 INFO [org.junit.Test] zero00206
2016-08-04 20:03:43,311 INFO [org.junit.Test] zero00207
2016-08-04 20:03:43,311 INFO [org.junit.Test] zero00208
2016-08-04 20:03:43,311 INFO [org.junit.Test] zero00209
2016-08-04 20:03:43,311 INFO [org.junit.Test] zero00210
2016-08-04 20:03:43,311 INFO [org.junit.Test] zero00211
2016-08-04 20:03:43,311 INFO [org.junit.Test] zero00212
2016-08-04 20:03:43,311 INFO [org.junit.Test] zero00213
2016-08-04 20:03:43,311 INFO [org.junit.Test] zero00214
2016-08-04 20:03:43,311 INFO [org.junit.Test] zero00215
2016-08-04 20:03:43,311 INFO [org.junit.Test] zero00216
2016-08-04 20:03:43,311 INFO [org.junit.Test] zero00217
2016-08-04 20:03:43,311 INFO [org.junit.Test] zero00218
2016-08-04 20:03:43,311 INFO [org.junit.Test] zero00219
2016-08-04 20:03:43,311 INFO [org.junit.Test] zero00220
2016-08-04 20:03:43,311 INFO [org.junit.Test] zero00221
2016-08-04 20:03:43,311 INFO [org.junit.Test] zero00222
2016-08-04 20:03:43,311 INFO [org.junit.Test] zero00223
2016-08-04 20:03:43,311 INFO [org.junit.Test] zero00224
2016-08-04 20:03:43,311 INFO [org.junit.Test] zero00225
2016-08-04 20:03:43,311 INFO [org.junit.Test] zero00226
2016-08-04 20:03:43,311 INFO [org.junit.Test] zero00227
2016-08-04 20:03:43,311 INFO [org.junit.Test] zero00228
2016-08-04 20:03:43,311 INFO [org.junit.Test] zero00229
2016-08-04 20:03:43,311 INFO [org.junit.Test] zero00230
2016-08-04 20:03:43,311 INFO [org.junit.Test] zero00231
2016-08-04 20:03:43,311 INFO [org.junit.Test] zero00232
2016-08-04 20:03:43,311 INFO [org.junit.Test] zero00233
2016-08-04 20:03:43,311 INFO [org.junit.Test] zero00234
2016-08-04 20:03:43,311 INFO [org.junit.Test] zero00235
2016-08-04 20:03:43,311 INFO [org.junit.Test] zero00236
2016-08-04 20:03:43,311 INFO [org.junit.Test] zero00237
2016-08-04 20:03:43,311 INFO [org.junit.Test] zero00238
2016-08-04 20:03:43,311 INFO [org.junit.Test] zero00239
2016-08-04 20:03:43,311 INFO [org.junit.Test] zero00240
2016-08-04 20:03:43,311 INFO [org.junit.Test] zero00241
2016-08-04 20:03:43,311 INFO [org.junit.Test] zero00242
2016-08-04 20:03:43,311 INFO [org.junit.Test] zero00243
2016-08-04 20:03:43,311 INFO [org.junit.Test] zero00244
2016-08-04 20:03:43,311 INFO [org.junit.Test] zero00245
2016-08-04 20:03:43,311 INFO [org.junit.Test] zero00246
2016-08-04 20:03:43,311 INFO [org.junit.Test] zero00247
2016-08-04 20:03:43,311 INFO [org.junit.Test] zero00248
2016-08-04 20:03:43,311 INFO [org.junit.Test] zero00249
2016-08-04 20:03:43,311 INFO [org.junit.Test] zero00250
2016-08-04 20:03:43,311 INFO [org.junit.Test] zero00251
2016-08-04 20:03:43,311 INFO [org.junit.Test] zero00252
2016-08-04 20:03:43,311 INFO [org.junit.Test] zero00253
2016-08-04 20:03:43,311 INFO [org.junit.Test] zero00254
2016-08-04 20:03:43,311 INFO [org.junit.Test] zero00255
2016-08-04 20:03:43,311 INFO [org.junit.Test] zero00256
2016-08-04 20:03:43,311 INFO [org.junit.Test] zero00257
2016-08-04 20:03:43,311 INFO [org.junit.Test] zero00258
2016-08-04 20:03:43,311 INFO [org.junit.Test] zero00259
2016-08-04 20:03:43,311 INFO [org.junit.Test] zero00260
2016-08-04 20:03:43,311 INFO [org.junit.Test] zero00261
2016-08-04 20:03:43,311 INFO [org.junit.Test] zero00262
2016-08-04 20:03:43,311 INFO [org.junit.Test] zero00263
2016-08-04 20:03:43,311 INFO [org.junit.Test] zero00264
2016-08-04 20:03:43,311 INFO [org.junit.Test] zero00265
2016-08-04 20:03:43,311 INFO [org.junit.Test] zero00266
2016-08-04 20:03:43,311 INFO [org.junit.Test] zero00267
2016-08-04 20:03:43,311 INFO [org.junit.Test] zero00268
2016-08-04 20:03:43,311 INFO [org.junit.Test] zero00269
2016-08-04 20:03:43,311 INFO [org.junit.Test] zero00270
2016-08-04 20:03:43,311 INFO [org.junit.Test] zero00271
2016-08-04 20:03:43,311 INFO [org.junit.Test] zero00272
2016-08-04 20:03:43,311 INFO [org.junit.Test] zero00273
2016-08-04 20:03:43,311 INFO [org.junit.Test] zero00274
2016-08-04 20:03:43,312 INFO [org.junit.Test] zero00275
2016-08-04 20:03:43,312 INFO [org.junit.Test] zero00276
2016-08-04 20:03:43,312 INFO [org.junit.Test] zero00277
2016-08-04 20:03:43,312 INFO [org.junit.Test] zero00278
2016-08-04 20:03:43,312 INFO [org.junit.Test] zero00279
2016-08-04 20:03:43,312 INFO [org.junit.Test] zero00280
2016-08-04 20:03:43,312 INFO [org.junit.Test] zero00281
2016-08-04 20:03:43,312 INFO [org.junit.Test] zero00282
2016-08-04 20:03:43,312 INFO [org.junit.Test] zero00283
2016-08-04 20:03:43,312 INFO [org.junit.Test] zero00284
2016-08-04 20:03:43,312 INFO [org.junit.Test] zero00285
2016-08-04 20:03:43,312 INFO [org.junit.Test] zero00286
2016-08-04 20:03:43,312 INFO [org.junit.Test] zero00287
2016-08-04 20:03:43,312 INFO [org.junit.Test] zero00288
2016-08-04 20:03:43,312 INFO [org.junit.Test] zero00289
2016-08-04 20:03:43,312 INFO [org.junit.Test] zero00290
2016-08-04 20:03:43,312 INFO [org.junit.Test] zero00291
2016-08-04 20:03:43,312 INFO [org.junit.Test] zero00292
2016-08-04 20:03:43,312 INFO [org.junit.Test] zero00293
2016-08-04 20:03:43,312 INFO [org.junit.Test] zero00294
2016-08-04 20:03:43,312 INFO [org.junit.Test] zero00295
2016-08-04 20:03:43,312 INFO [org.junit.Test] zero00296
2016-08-04 20:03:43,312 INFO [org.junit.Test] zero00297
2016-08-04 20:03:43,312 INFO [org.junit.Test] zero00298
2016-08-04 20:03:43,312 INFO [org.junit.Test] zero00299
2016-08-04 20:03:43,312 INFO [org.junit.Test] zero00300
2016-08-04 20:03:43,312 INFO [org.junit.Test] zero00301
2016-08-04 20:03:43,312 INFO [org.junit.Test] zero00302
2016-08-04 20:03:43,312 INFO [org.junit.Test] zero00303
2016-08-04 20:03:43,312 INFO [org.junit.Test] zero00304
2016-08-04 20:03:43,312 INFO [org.junit.Test] zero00305
2016-08-04 20:03:43,312 INFO [org.junit.Test] zero00306
2016-08-04 20:03:43,312 INFO [org.junit.Test] zero00307
2016-08-04 20:03:43,312 INFO [org.junit.Test] zero00308
2016-08-04 20:03:43,312 INFO [org.junit.Test] zero00309
2016-08-04 20:03:43,312 INFO [org.junit.Test] zero00310
2016-08-04 20:03:43,312 INFO [org.junit.Test] zero00311
2016-08-04 20:03:43,312 INFO [org.junit.Test] zero00312
2016-08-04 20:03:43,312 INFO [org.junit.Test] zero00313
2016-08-04 20:03:43,312 INFO [org.junit.Test] zero00314
2016-08-04 20:03:43,312 INFO [org.junit.Test] zero00315
2016-08-04 20:03:43,312 INFO [org.junit.Test] zero00316
2016-08-04 20:03:43,312 INFO [org.junit.Test] zero00317
2016-08-04 20:03:43,312 INFO [org.junit.Test] zero00318
2016-08-04 20:03:43,312 INFO [org.junit.Test] zero00319
2016-08-04 20:03:43,312 INFO [org.junit.Test] zero00320
2016-08-04 20:03:43,312 INFO [org.junit.Test] zero00321
2016-08-04 20:03:43,312 INFO [org.junit.Test] zero00322
2016-08-04 20:03:43,312 INFO [org.junit.Test] zero00323
2016-08-04 20:03:43,312 INFO [org.junit.Test] zero00324
2016-08-04 20:03:43,312 INFO [org.junit.Test] zero00325
2016-08-04 20:03:43,312 INFO [org.junit.Test] zero00326
2016-08-04 20:03:43,312 INFO [org.junit.Test] zero00327
2016-08-04 20:03:43,312 INFO [org.junit.Test] zero00328
2016-08-04 20:03:43,312 INFO [org.junit.Test] zero00329
2016-08-04 20:03:43,312 INFO [org.junit.Test] zero00330
2016-08-04 20:03:43,312 INFO [org.junit.Test] zero00331
2016-08-04 20:03:43,312 INFO [org.junit.Test] zero00332
2016-08-04 20:03:43,312 INFO [org.junit.Test] zero00333
2016-08-04 20:03:43,312 INFO [org.junit.Test] zero00334
2016-08-04 20:03:43,312 INFO [org.junit.Test] zero00335
2016-08-04 20:03:43,312 INFO [org.junit.Test] zero00336
2016-08-04 20:03:43,312 INFO [org.junit.Test] zero00337
2016-08-04 20:03:43,312 INFO [org.junit.Test] zero00338
2016-08-04 20:03:43,312 INFO [org.junit.Test] zero00339
2016-08-04 20:03:43,312 INFO [org.junit.Test] zero00340
2016-08-04 20:03:43,312 INFO [org.junit.Test] zero00341
2016-08-04 20:03:43,312 INFO [org.junit.Test] zero00342
2016-08-04 20:03:43,312 INFO [org.junit.Test] zero00343
2016-08-04 20:03:43,312 INFO [org.junit.Test] zero00344
2016-08-04 20:03:43,312 INFO [org.junit.Test] zero00345
2016-08-04 20:03:43,312 INFO [org.junit.Test] zero00346
2016-08-04 20:03:43,312 INFO [org.junit.Test] zero00347
2016-08-04 20:03:43,312 INFO [org.junit.Test] zero00348
2016-08-04 20:03:43,312 INFO [org.junit.Test] zero00349
2016-08-04 20:03:43,312 INFO [org.junit.Test] zero00350
2016-08-04 20:03:43,312 INFO [org.junit.Test] zero00351
2016-08-04 20:03:43,312 INFO [org.junit.Test] zero00352
2016-08-04 20:03:43,312 INFO [org.junit.Test] zero00353
2016-08-04 20:03:43,312 INFO [org.junit.Test] zero00354
2016-08-04 20:03:43,312 INFO [org.junit.Test] zero00355
2016-08-04 20:03:43,312 INFO [org.junit.Test] zero00356
2016-08-04 20:03:43,312 INFO [org.junit.Test] zero00357
2016-08-04 20:03:43,312 INFO [org.junit.Test] zero00358
2016-08-04 20:03:43,312 INFO [org.junit.Test] zero00359
2016-08-04 20:03:43,312 INFO [org.junit.Test] zero00360
2016-08-04 20:03:43,312 INFO [org.junit.Test] zero00361
2016-08-04 20:03:43,312 INFO [org.junit.Test] zero00362
2016-08-04 20:03:43,312 INFO [org.junit.Test] zero00363
2016-08-04 20:03:43,312 INFO [org.junit.Test] zero00364
2016-08-04 20:03:43,312 INFO [org.junit.Test] zero00365
2016-08-04 20:03:43,312 INFO [org.junit.Test] zero00366
2016-08-04 20:03:43,312 INFO [org.junit.Test] zero00367
2016-08-04 20:03:43,312 INFO [org.junit.Test] zero00368
2016-08-04 20:03:43,312 INFO [org.junit.Test] zero00369
2016-08-04 20:03:43,312 INFO [org.junit.Test] zero00370
2016-08-04 20:03:43,312 INFO [org.junit.Test] zero00371
2016-08-04 20:03:43,312 INFO [org.junit.Test] zero00372
2016-08-04 20:03:43,312 INFO [org.junit.Test] zero00373
2016-08-04 20:03:43,312 INFO [org.junit.Test] zero00374
2016-08-04 20:03:43,312 INFO [org.junit.Test] zero00375
2016-08-04 20:03:43,312 INFO [org.junit.Test] zero00376
2016-08-04 20:03:43,312 INFO [org.junit.Test] zero00377
2016-08-04 20:03:43,312 INFO [org.junit.Test] zero00378
2016-08-04 20:03:43,312 INFO [org.junit.Test] zero00379
2016-08-04 20:03:43,312 INFO [org.junit.Test] zero00380
2016-08-04 20:03:43,312 INFO [org.junit.Test] zero00381
2016-08-04 20:03:43,312 INFO [org.junit.Test] zero00382
2016-08-04 20:03:43,312 INFO [org.junit.Test] zero00383
2016-08-04 20:03:43,312 INFO [org.junit.Test] zero00384
2016-08-04 20:03:43,312 INFO [org.junit.Test] zero00385
2016-08-04 20:03:43,312 INFO [org.junit.Test] zero00386
2016-08-04 20:03:43,312 INFO [org.junit.Test] zero00387
2016-08-04 20:03:43,312 INFO [org.junit.Test] zero00388
2016-08-04 20:03:43,312 INFO [org.junit.Test] zero00389
2016-08-04 20:03:43,312 INFO [org.junit.Test] zero00390
2016-08-04 20:03:43,312 INFO [org.junit.Test] zero00391
2016-08-04 20:03:43,312 INFO [org.junit.Test] zero00392
2016-08-04 20:03:43,312 INFO [org.junit.Test] zero00393
2016-08-04 20:03:43,312 INFO [org.junit.Test] zero00394
2016-08-04 20:03:43,312 INFO [org.junit.Test] zero00395
2016-08-04 20:03:43,312 INFO [org.junit.Test] zero00396
2016-08-04 20:03:43,312 INFO [org.junit.Test] zero00397
2016-08-04 20:03:43,312 INFO [org.junit.Test] zero00398
2016-08-04 20:03:43,312 INFO [org.junit.Test] zero00399
2016-08-04 20:03:43,312 INFO [org.junit.Test] zero00400
2016-08-04 20:03:43,312 INFO [org.junit.Test] zero00401
2016-08-04 20:03:43,312 INFO [org.junit.Test] zero00402
2016-08-04 20:03:43,312 INFO [org.junit.Test] zero00403
2016-08-04 20:03:43,312 INFO [org.junit.Test] zero00404
2016-08-04 20:03:43,312 INFO [org.junit.Test] zero00405
2016-08-04 20:03:43,312 INFO [org.junit.Test] zero00406
2016-08-04 20:03:43,312 INFO [org.junit.Test] zero00407
2016-08-04 20:03:43,312 INFO [org.junit.Test] zero00408
2016-08-04 20:03:43,312 INFO [org.junit.Test] zero00409
2016-08-04 20:03:43,312 INFO [org.junit.Test] zero00410
2016-08-04 20:03:43,312 INFO [org.junit.Test] zero00411
2016-08-04 20:03:43,312 INFO [org.junit.Test] zero00412
2016-08-04 20:03:43,312 INFO [org.junit.Test] zero00413
2016-08-04 20:03:43,312 INFO [org.junit.Test] zero00414
2016-08-04 20:03:43,312 INFO [org.junit.Test] zero00415
2016-08-04 20:03:43,312 INFO [org.junit.Test] zero00416
2016-08-04 20:03:43,312 INFO [org.junit.Test] zero00417
2016-08-04 20:03:43,312 INFO [org.junit.Test] zero00418
2016-08-04 20:03:43,312 INFO [org.junit.Test] zero00419
2016-08-04 20:03:43,312 INFO [org.junit.Test] zero00420
2016-08-04 20:03:43,312 INFO [org.junit.Test] zero00421
2016-08-04 20:03:43,312 INFO [org.junit.Test] zero00422
2016-08-04 20:03:43,312 INFO [org.junit.Test] zero00423
2016-08-04 20:03:43,312 INFO [org.junit.Test] zero00424
2016-08-04 20:03:43,312 INFO [org.junit.Test] zero00425
2016-08-04 20:03:43,312 INFO [org.junit.Test] zero00426
2016-08-04 20:03:43,312 INFO [org.junit.Test] zero00427
2016-08-04 20:03:43,312 INFO [org.junit.Test] zero00428
2016-08-04 20:03:43,312 INFO [org.junit.Test] zero00429
2016-08-04 20:03:43,312 INFO [org.junit.Test] zero00430
2016-08-04 20:03:43,312 INFO [org.junit.Test] zero00431
2016-08-04 20:03:43,312 INFO [org.junit.Test] zero00432
2016-08-04 20:03:43,312 INFO [org.junit.Test] zero00433
2016-08-04 20:03:43,312 INFO [org.junit.Test] zero00434
2016-08-04 20:03:43,312 INFO [org.junit.Test] zero00435
2016-08-04 20:03:43,312 INFO [org.junit.Test] zero00436
2016-08-04 20:03:43,312 INFO [org.junit.Test] zero00437
2016-08-04 20:03:43,312 INFO [org.junit.Test] zero00438
2016-08-04 20:03:43,312 INFO [org.junit.Test] zero00439
2016-08-04 20:03:43,312 INFO [org.junit.Test] zero00440
2016-08-04 20:03:43,312 INFO [org.junit.Test] zero00441
2016-08-04 20:03:43,312 INFO [org.junit.Test] zero00442
2016-08-04 20:03:43,312 INFO [org.junit.Test] zero00443
2016-08-04 20:03:43,312 INFO [org.junit.Test] zero00444
2016-08-04 20:03:43,312 INFO [org.junit.Test] zero00445
2016-08-04 20:03:43,312 INFO [org.junit.Test] zero00446
2016-08-04 20:03:43,312 INFO [org.junit.Test] zero00447
2016-08-04 20:03:43,312 INFO [org.junit.Test] zero00448
2016-08-04 20:03:43,312 INFO [org.junit.Test] zero00449
2016-08-04 20:03:43,312 INFO [org.junit.Test] zero00450
2016-08-04 20:03:43,312 INFO [org.junit.Test] zero00451
2016-08-04 20:03:43,312 INFO [org.junit.Test] zero00452
2016-08-04 20:03:43,312 INFO [org.junit.Test] zero00453
2016-08-04 20:03:43,312 INFO [org.junit.Test] zero00454
2016-08-04 20:03:43,312 INFO [org.junit.Test] zero00455
2016-08-04 20:03:43,312 INFO [org.junit.Test] zero00456
2016-08-04 20:03:43,312 INFO [org.junit.Test] zero00457
2016-08-04 20:03:43,312 INFO [org.junit.Test] zero00458
2016-08-04 20:03:43,312 INFO [org.junit.Test] zero00459
2016-08-04 20:03:43,312 INFO [org.junit.Test] zero00460
2016-08-04 20:03:43,312 INFO [org.junit.Test] zero00461
2016-08-04 20:03:43,312 INFO [org.junit.Test] zero00462
2016-08-04 20:03:43,312 INFO [org.junit.Test] zero00463
2016-08-04 20:03:43,312 INFO [org.junit.Test] zero00464
2016-08-04 20:03:43,312 INFO [org.junit.Test] zero00465
2016-08-04 20:03:43,312 INFO [org.junit.Test] zero00466
2016-08-04 20:03:43,312 INFO [org.junit.Test] zero00467
2016-08-04 20:03:43,312 INFO [org.junit.Test] zero00468
2016-08-04 20:03:43,312 INFO [org.junit.Test] zero00469
2016-08-04 20:03:43,312 INFO [org.junit.Test] zero00470
2016-08-04 20:03:43,312 INFO [org.junit.Test] zero00471
2016-08-04 20:03:43,312 INFO [org.junit.Test] zero00472
2016-08-04 20:03:43,312 INFO [org.junit.Test] zero00473
2016-08-04 20:03:43,312 INFO [org.junit.Test] zero00474
2016-08-04 20:03:43,312 INFO [org.junit.Test] zero00475
2016-08-04 20:03:43,312 INFO [org.junit.Test] zero00476
2016-08-04 20:03:43,312 INFO [org.junit.Test] zero00477
2016-08-04 20:03:43,312 INFO [org.junit.Test] zero00478
2016-08-04 20:03:43,312 INFO [org.junit.Test] zero00479
2016-08-04 20:03:43,312 INFO [org.junit.Test] zero00480
2016-08-04 20:03:43,312 INFO [org.junit.Test] zero00481
2016-08-04 20:03:43,312 INFO [org.junit.Test] zero00482
2016-08-04 20:03:43,312 INFO [org.junit.Test] zero00483
2016-08-04 20:03:43,312 INFO [org.junit.Test] zero00484
2016-08-04 20:03:43,312 INFO [org.junit.Test] zero00485
2016-08-04 20:03:43,312 INFO [org.junit.Test] zero00486
2016-08-04 20:03:43,312 INFO [org.junit.Test] zero00487
2016-08-04 20:03:43,312 INFO [org.junit.Test] zero00488
2016-08-04 20:03:43,312 INFO [org.junit.Test] zero00489
2016-08-04 20:03:43,312 INFO [org.junit.Test] zero00490
2016-08-04 20:03:43,312 INFO [org.junit.Test] zero00491
2016-08-04 20:03:43,312 INFO [org.junit.Test] zero00492
2016-08-04 20:03:43,312 INFO [org.junit.Test] zero00493
2016-08-04 20:03:43,312 INFO [org.junit.Test] zero00494
2016-08-04 20:03:43,312 INFO [org.junit.Test] zero00495
2016-08-04 20:03:43,312 INFO [org.junit.Test] zero00496
2016-08-04 20:03:43,312 INFO [org.junit.Test] zero00497
2016-08-04 20:03:43,312 INFO [org.junit.Test] zero00498
2016-08-04 20:03:43,312 INFO [org.junit.Test] zero00499
2016-08-04 20:03:43,312 INFO [org.junit.Test] zero00500
2016-08-04 20:03:43,312 INFO [org.junit.Test] zero00501
2016-08-04 20:03:43,312 INFO [org.junit.Test] zero00502
2016-08-04 20:03:43,312 INFO [org.junit.Test] zero00503
2016-08-04 20:03:43,312 INFO [org.junit.Test] zero00504
2016-08-04 20:03:43,312 INFO [org.junit.Test] zero00505
2016-08-04 20:03:43,312 INFO [org.junit.Test] zero00506
2016-08-04 20:03:43,312 INFO [org.junit.Test] zero00507
2016-08-04 20:03:43,312 INFO [org.junit.Test] zero00508
2016-08-04 20:03:43,312 INFO [org.junit.Test] zero00509
2016-08-04 20:03:43,312 INFO [org.junit.Test] zero00510
2016-08-04 20:03:43,312 INFO [org.junit.Test] zero00511
2016-08-04 20:03:43,312 INFO [org.junit.Test] zero00512
2016-08-04 20:03:43,312 INFO [org.junit.Test] zero00513
2016-08-04 20:03:43,312 INFO [org.junit.Test] zero00514
2016-08-04 20:03:43,312 INFO [org.junit.Test] zero00515
2016-08-04 20:03:43,312 INFO [org.junit.Test] zero00516
2016-08-04 20:03:43,312 INFO [org.junit.Test] zero00517
2016-08-04 20:03:43,312 INFO [org.junit.Test] zero00518
2016-08-04 20:03:43,312 INFO [org.junit.Test] zero00519
2016-08-04 20:03:43,312 INFO [org.junit.Test] zero00520
2016-08-04 20:03:43,312 INFO [org.junit.Test] zero00521
2016-08-04 20:03:43,312 INFO [org.junit.Test] zero00522
2016-08-04 20:03:43,312 INFO [org.junit.Test] zero00523
2016-08-04 20:03:43,312 INFO [org.junit.Test] zero00524
2016-08-04 20:03:43,312 INFO [org.junit.Test] zero00525
2016-08-04 20:03:43,312 INFO [org.junit.Test] zero00526
2016-08-04 20:03:43,312 INFO [org.junit.Test] zero00527
2016-08-04 20:03:43,312 INFO [org.junit.Test] zero00528
2016-08-04 20:03:43,312 INFO [org.junit.Test] zero00529
2016-08-04 20:03:43,312 INFO [org.junit.Test] zero00530
2016-08-04 20:03:43,312 INFO [org.junit.Test] zero00531
2016-08-04 20:03:43,312 INFO [org.junit.Test] zero00532
2016-08-04 20:03:43,312 INFO [org.junit.Test] zero00533
2016-08-04 20:03:43,312 INFO [org.junit.Test] zero00534
2016-08-04 20:03:43,312 INFO [org.junit.Test] zero00535
2016-08-04 20:03:43,312 INFO [org.junit.Test] zero00536
2016-08-04 20:03:43,312 INFO [org.junit.Test] zero00537
2016-08-04 20:03:43,312 INFO [org.junit.Test] zero00538
2016-08-04 20:03:43,312 INFO [org.junit.Test] zero00539
2016-08-04 20:03:43,312 INFO [org.junit.Test] zero00540
2016-08-04 20:03:43,312 INFO [org.junit.Test] zero00541
2016-08-04 20:03:43,312 INFO [org.junit.Test] zero00542
2016-08-04 20:03:43,312 INFO [org.junit.Test] zero00543
2016-08-04 20:03:43,312 INFO [org.junit.Test] zero00544
2016-08-04 20:03:43,312 INFO [org.junit.Test] zero00545
2016-08-04 20:03:43,312 INFO [org.junit.Test] zero00546
2016-08-04 20:03:43,312 INFO [org.junit.Test] zero00547
2016-08-04 20:03:43,312 INFO [org.junit.Test] zero00548
2016-08-04 20:03:43,312 INFO [org.junit.Test] zero00549
2016-08-04 20:03:43,312 INFO [org.junit.Test] zero00550
2016-08-04 20:03:43,312 INFO [org.junit.Test] zero00551
2016-08-04 20:03:43,312 INFO [org.junit.Test] zero00552
2016-08-04 20:03:43,312 INFO [org.junit.Test] zero00553
2016-08-04 20:03:43,312 INFO [org.junit.Test] zero00554
2016-08-04 20:03:43,312 INFO [org.junit.Test] zero00555
2016-08-04 20:03:43,312 INFO [org.junit.Test] zero00556
2016-08-04 20:03:43,312 INFO [org.junit.Test] zero00557
2016-08-04 20:03:43,312 INFO [org.junit.Test] zero00558
2016-08-04 20:03:43,312 INFO [org.junit.Test] zero00559
2016-08-04 20:03:43,312 INFO [org.junit.Test] zero00560
2016-08-04 20:03:43,312 INFO [org.junit.Test] zero00561
2016-08-04 20:03:43,312 INFO [org.junit.Test] zero00562
2016-08-04 20:03:43,312 INFO [org.junit.Test] zero00563
2016-08-04 20:03:43,312 INFO [org.junit.Test] zero00564
2016-08-04 20:03:43,312 INFO [org.junit.Test] zero00565
2016-08-04 20:03:43,312 INFO [org.junit.Test] zero00566
2016-08-04 20:03:43,312 INFO [org.junit.Test] zero00567
2016-08-04 20:03:43,312 INFO [org.junit.Test] zero00568
2016-08-04 20:03:43,312 INFO [org.junit.Test] zero00569
2016-08-04 20:03:43,312 INFO [org.junit.Test] zero00570
2016-08-04 20:03:43,312 INFO [org.junit.Test] zero00571
2016-08-04 20:03:43,312 INFO [org.junit.Test] zero00572
2016-08-04 20:03:43,312 INFO [org.junit.Test] zero00573
2016-08-04 20:03:43,312 INFO [org.junit.Test] zero00574
2016-08-04 20:03:43,312 INFO [org.junit.Test] zero00575
2016-08-04 20:03:43,313 INFO [org.junit.Test] zero00576
2016-08-04 20:03:43,313 INFO [org.junit.Test] zero00577
2016-08-04 20:03:43,313 INFO [org.junit.Test] zero00578
2016-08-04 20:03:43,313 INFO [org.junit.Test] zero00579
2016-08-04 20:03:43,313 INFO [org.junit.Test] zero00580
2016-08-04 20:03:43,313 INFO [org.junit.Test] zero00581
2016-08-04 20:03:43,313 INFO [org.junit.Test] zero00582
2016-08-04 20:03:43,313 INFO [org.junit.Test] zero00583
2016-08-04 20:03:43,313 INFO [org.junit.Test] zero00584
2016-08-04 20:03:43,313 INFO [org.junit.Test] zero00585
2016-08-04 20:03:43,313 INFO [org.junit.Test] zero00586
2016-08-04 20:03:43,313 INFO [org.junit.Test] zero00587
2016-08-04 20:03:43,313 INFO [org.junit.Test] zero00588
2016-08-04 20:03:43,313 INFO [org.junit.Test] zero00589
2016-08-04 20:03:43,313 INFO [org.junit.Test] zero00590
2016-08-04 20:03:43,313 INFO [org.junit.Test] zero00591
2016-08-04 20:03:43,313 INFO [org.junit.Test] zero00592
2016-08-04 20:03:43,313 INFO [org.junit.Test] zero00593
2016-08-04 20:03:43,313 INFO [org.junit.Test] zero00594
2016-08-04 20:03:43,313 INFO [org.junit.Test] zero00595
2016-08-04 20:03:43,313 INFO [org.junit.Test] zero00596
2016-08-04 20:03:43,313 INFO [org.junit.Test] zero00597
2016-08-04 20:03:43,313 INFO [org.junit.Test] zero00598
2016-08-04 20:03:43,313 INFO [org.junit.Test] zero00599
2016-08-04 20:03:43,313 INFO [org.junit.Test] zero00600
2016-08-04 20:03:43,313 INFO [org.junit.Test] zero00601
2016-08-04 20:03:43,313 INFO [org.junit.Test] zero00602
2016-08-04 20:03:43,313 INFO [org.junit.Test] zero00603
2016-08-04 20:03:43,313 INFO [org.junit.Test] zero00604
2016-08-04 20:03:43,313 INFO [org.junit.Test] zero00605
2016-08-04 20:03:43,313 INFO [org.junit.Test] zero00606
2016-08-04 20:03:43,313 INFO [org.junit.Test] zero00607
2016-08-04 20:03:43,313 INFO [org.junit.Test] zero00608
2016-08-04 20:03:43,313 INFO [org.junit.Test] zero00609
2016-08-04 20:03:43,313 INFO [org.junit.Test] zero00610
2016-08-04 20:03:43,313 INFO [org.junit.Test] zero00611
2016-08-04 20:03:43,313 INFO [org.junit.Test] zero00612
2016-08-04 20:03:43,313 INFO [org.junit.Test] zero00613
2016-08-04 20:03:43,313 INFO [org.junit.Test] zero00614
2016-08-04 20:03:43,313 INFO [org.junit.Test] zero00615
2016-08-04 20:03:43,313 INFO [org.junit.Test] zero00616
2016-08-04 20:03:43,313 INFO [org.junit.Test] zero00617
2016-08-04 20:03:43,313 INFO [org.junit.Test] zero00618
2016-08-04 20:03:43,313 INFO [org.junit.Test] zero00619
2016-08-04 20:03:43,313 INFO [org.junit.Test] zero00620
2016-08-04 20:03:43,313 INFO [org.junit.Test] zero00621
2016-08-04 20:03:43,313 INFO [org.junit.Test] zero00622
2016-08-04 20:03:43,313 INFO [org.junit.Test] zero00623
2016-08-04 20:03:43,313 INFO [org.junit.Test] zero00624
2016-08-04 20:03:43,313 INFO [org.junit.Test] zero00625
2016-08-04 20:03:43,313 INFO [org.junit.Test] zero00626
2016-08-04 20:03:43,313 INFO [org.junit.Test] zero00627
2016-08-04 20:03:43,313 INFO [org.junit.Test] zero00628
2016-08-04 20:03:43,313 INFO [org.junit.Test] zero00629
2016-08-04 20:03:43,313 INFO [org.junit.Test] zero00630
2016-08-04 20:03:43,313 INFO [org.junit.Test] zero00631
2016-08-04 20:03:43,313 INFO [org.junit.Test] zero00632
2016-08-04 20:03:43,313 INFO [org.junit.Test] zero00633
2016-08-04 20:03:43,313 INFO [org.junit.Test] zero00634
2016-08-04 20:03:43,313 INFO [org.junit.Test] zero00635
2016-08-04 20:03:43,313 INFO [org.junit.Test] zero00636
2016-08-04 20:03:43,313 INFO [org.junit.Test] zero00637
2016-08-04 20:03:43,313 INFO [org.junit.Test] zero00638
2016-08-04 20:03:43,313 INFO [org.junit.Test] zero00639
2016-08-04 20:03:43,313 INFO [org.junit.Test] zero00640
2016-08-04 20:03:43,313 INFO [org.junit.Test] zero00641
2016-08-04 20:03:43,313 INFO [org.junit.Test] zero00642
2016-08-04 20:03:43,313 INFO [org.junit.Test] zero00643
2016-08-04 20:03:43,313 INFO [org.junit.Test] zero00644
2016-08-04 20:03:43,313 INFO [org.junit.Test] zero00645
2016-08-04 20:03:43,313 INFO [org.junit.Test] zero00646
2016-08-04 20:03:43,313 INFO [org.junit.Test] zero00647
2016-08-04 20:03:43,313 INFO [org.junit.Test] zero00648
2016-08-04 20:03:43,313 INFO [org.junit.Test] zero00649
2016-08-04 20:03:43,313 INFO [org.junit.Test] zero00650
2016-08-04 20:03:43,313 INFO [org.junit.Test] zero00651
2016-08-04 20:03:43,313 INFO [org.junit.Test] zero00652
2016-08-04 20:03:43,313 INFO [org.junit.Test] zero00653
2016-08-04 20:03:43,313 INFO [org.junit.Test] zero00654
2016-08-04 20:03:43,313 INFO [org.junit.Test] zero00655
2016-08-04 20:03:43,313 INFO [org.junit.Test] zero00656
2016-08-04 20:03:43,313 INFO [org.junit.Test] zero00657
2016-08-04 20:03:43,313 INFO [org.junit.Test] zero00658
2016-08-04 20:03:43,313 INFO [org.junit.Test] zero00659
2016-08-04 20:03:43,313 INFO [org.junit.Test] zero00660
2016-08-04 20:03:43,313 INFO [org.junit.Test] zero00661
2016-08-04 20:03:43,313 INFO [org.junit.Test] zero00662
2016-08-04 20:03:43,313 INFO [org.junit.Test] zero00663
2016-08-04 20:03:43,313 INFO [org.junit.Test] zero00664
2016-08-04 20:03:43,313 INFO [org.junit.Test] zero00665
2016-08-04 20:03:43,313 INFO [org.junit.Test] zero00666
2016-08-04 20:03:43,313 INFO [org.junit.Test] zero00667
2016-08-04 20:03:43,313 INFO [org.junit.Test] zero00668
2016-08-04 20:03:43,313 INFO [org.junit.Test] zero00669
2016-08-04 20:03:43,313 INFO [org.junit.Test] zero00670
2016-08-04 20:03:43,313 INFO [org.junit.Test] zero00671
2016-08-04 20:03:43,313 INFO [org.junit.Test] zero00672
2016-08-04 20:03:43,313 INFO [org.junit.Test] zero00673
2016-08-04 20:03:43,313 INFO [org.junit.Test] zero00674
2016-08-04 20:03:43,313 INFO [org.junit.Test] zero00675
2016-08-04 20:03:43,313 INFO [org.junit.Test] zero00676
2016-08-04 20:03:43,313 INFO [org.junit.Test] zero00677
2016-08-04 20:03:43,313 INFO [org.junit.Test] zero00678
2016-08-04 20:03:43,313 INFO [org.junit.Test] zero00679
2016-08-04 20:03:43,313 INFO [org.junit.Test] zero00680
2016-08-04 20:03:43,313 INFO [org.junit.Test] zero00681
2016-08-04 20:03:43,313 INFO [org.junit.Test] zero00682
2016-08-04 20:03:43,313 INFO [org.junit.Test] zero00683
2016-08-04 20:03:43,313 INFO [org.junit.Test] zero00684
2016-08-04 20:03:43,313 INFO [org.junit.Test] zero00685
2016-08-04 20:03:43,313 INFO [org.junit.Test] zero00686
2016-08-04 20:03:43,313 INFO [org.junit.Test] zero00687
2016-08-04 20:03:43,313 INFO [org.junit.Test] zero00688
2016-08-04 20:03:43,313 INFO [org.junit.Test] zero00689
2016-08-04 20:03:43,313 INFO [org.junit.Test] zero00690
2016-08-04 20:03:43,313 INFO [org.junit.Test] zero00691
2016-08-04 20:03:43,313 INFO [org.junit.Test] zero00692
2016-08-04 20:03:43,313 INFO [org.junit.Test] zero00693
2016-08-04 20:03:43,313 INFO [org.junit.Test] zero00694
2016-08-04 20:03:43,313 INFO [org.junit.Test] zero00695
2016-08-04 20:03:43,313 INFO [org.junit.Test] zero00696
2016-08-04 20:03:43,313 INFO [org.junit.Test] zero00697
2016-08-04 20:03:43,313 INFO [org.junit.Test] zero00698
2016-08-04 20:03:43,313 INFO [org.junit.Test] zero00699
2016-08-04 20:03:43,313 INFO [org.junit.Test] zero00700
2016-08-04 20:03:43,313 INFO [org.junit.Test] zero00701
2016-08-04 20:03:43,313 INFO [org.junit.Test] zero00702
2016-08-04 20:03:43,313 INFO [org.junit.Test] zero00703
2016-08-04 20:03:43,313 INFO [org.junit.Test] zero00704
2016-08-04 20:03:43,313 INFO [org.junit.Test] zero00705
2016-08-04 20:03:43,313 INFO [org.junit.Test] zero00706
2016-08-04 20:03:43,313 INFO [org.junit.Test] zero00707
2016-08-04 20:03:43,313 INFO [org.junit.Test] zero00708
2016-08-04 20:03:43,313 INFO [org.junit.Test] zero00709
2016-08-04 20:03:43,313 INFO [org.junit.Test] zero00710
2016-08-04 20:03:43,313 INFO [org.junit.Test] zero00711
2016-08-04 20:03:43,313 INFO [org.junit.Test] zero00712
2016-08-04 20:03:43,313 INFO [org.junit.Test] zero00713
2016-08-04 20:03:43,313 INFO [org.junit.Test] zero00714
2016-08-04 20:03:43,313 INFO [org.junit.Test] zero00715
2016-08-04 20:03:43,313 INFO [org.junit.Test] zero00716
2016-08-04 20:03:43,313 INFO [org.junit.Test] zero00717
2016-08-04 20:03:43,313 INFO [org.junit.Test] zero00718
2016-08-04 20:03:43,313 INFO [org.junit.Test] zero00719
2016-08-04 20:03:43,313 INFO [org.junit.Test] zero00720
2016-08-04 20:03:43,313 INFO [org.junit.Test] zero00721
2016-08-04 20:03:43,313 INFO [org.junit.Test] zero00722
2016-08-04 20:03:43,313 INFO [org.junit.Test] zero00723
2016-08-04 20:03:43,313 INFO [org.junit.Test] zero00724
2016-08-04 20:03:43,313 INFO [org.junit.Test] zero00725
2016-08-04 20:03:43,313 INFO [org.junit.Test] zero00726
2016-08-04 20:03:43,313 INFO [org.junit.Test] zero00727
2016-08-04 20:03:43,313 INFO [org.junit.Test] zero00728
2016-08-04 20:03:43,313 INFO [org.junit.Test] zero00729
2016-08-04 20:03:43,313 INFO [org.junit.Test] zero00730
2016-08-04 20:03:43,313 INFO [org.junit.Test] zero00731
2016-08-04 20:03:43,313 INFO [org.junit.Test] zero00732
2016-08-04 20:03:43,313 INFO [org.junit.Test] zero00733
2016-08-04 20:03:43,313 INFO [org.junit.Test] zero00734
2016-08-04 20:03:43,313 INFO [org.junit.Test] zero00735
2016-08-04 20:03:43,313 INFO [org.junit.Test] zero00736
2016-08-04 20:03:43,313 INFO [org.junit.Test] zero00737
2016-08-04 20:03:43,313 INFO [org.junit.Test] zero00738
2016-08-04 20:03:43,313 INFO [org.junit.Test] zero00739
2016-08-04 20:03:43,313 INFO [org.junit.Test] zero00740
2016-08-04 20:03:43,313 INFO [org.junit.Test] zero00741
2016-08-04 20:03:43,313 INFO [org.junit.Test] zero00742
2016-08-04 20:03:43,313 INFO [org.junit.Test] zero00743
2016-08-04 20:03:43,313 INFO [org.junit.Test] zero00744
2016-08-04 20:03:43,313 INFO [org.junit.Test] zero00745
2016-08-04 20:03:43,313 INFO [org.junit.Test] zero00746
2016-08-04 20:03:43,313 INFO [org.junit.Test] zero00747
2016-08-04 20:03:43,313 INFO [org.junit.Test] zero00748
2016-08-04 20:03:43,313 INFO [org.junit.Test] zero00749
2016-08-04 20:03:43,313 INFO [org.junit.Test] zero00750
2016-08-04 20:03:43,313 INFO [org.junit.Test] zero00751
2016-08-04 20:03:43,313 INFO [org.junit.Test] zero00752
2016-08-04 20:03:43,313 INFO [org.junit.Test] zero00753
2016-08-04 20:03:43,313 INFO [org.junit.Test] zero00754
2016-08-04 20:03:43,313 INFO [org.junit.Test] zero00755
2016-08-04 20:03:43,313 INFO [org.junit.Test] zero00756
2016-08-04 20:03:43,313 INFO [org.junit.Test] zero00757
2016-08-04 20:03:43,313 INFO [org.junit.Test] zero00758
2016-08-04 20:03:43,313 INFO [org.junit.Test] zero00759
2016-08-04 20:03:43,313 INFO [org.junit.Test] zero00760
2016-08-04 20:03:43,313 INFO [org.junit.Test] zero00761
2016-08-04 20:03:43,313 INFO [org.junit.Test] zero00762
2016-08-04 20:03:43,313 INFO [org.junit.Test] zero00763
2016-08-04 20:03:43,313 INFO [org.junit.Test] zero00764
2016-08-04 20:03:43,313 INFO [org.junit.Test] zero00765
2016-08-04 20:03:43,313 INFO [org.junit.Test] zero00766
2016-08-04 20:03:43,313 INFO [org.junit.Test] zero00767
2016-08-04 20:03:43,313 INFO [org.junit.Test] zero00768
2016-08-04 20:03:43,313 INFO [org.junit.Test] zero00769
2016-08-04 20:03:43,313 INFO [org.junit.Test] zero00770
2016-08-04 20:03:43,313 INFO [org.junit.Test] zero00771
2016-08-04 20:03:43,313 INFO [org.junit.Test] zero00772
2016-08-04 20:03:43,313 INFO [org.junit.Test] zero00773
2016-08-04 20:03:43,313 INFO [org.junit.Test] zero00774
2016-08-04 20:03:43,313 INFO [org.junit.Test] zero00775
2016-08-04 20:03:43,313 INFO [org.junit.Test] zero00776
2016-08-04 20:03:43,313 INFO [org.junit.Test] zero00777
2016-08-04 20:03:43,313 INFO [org.junit.Test] zero00778
2016-08-04 20:03:43,313 INFO [org.junit.Test] zero00779
2016-08-04 20:03:43,313 INFO [org.junit.Test] zero00780
2016-08-04 20:03:43,313 INFO [org.junit.Test] zero00781
2016-08-04 20:03:43,313 INFO [org.junit.Test] zero00782
2016-08-04 20:03:43,313 INFO [org.junit.Test] zero00783
2016-08-04 20:03:43,313 INFO [org.junit.Test] zero00784
2016-08-04 20:03:43,313 INFO [org.junit.Test] zero00785
2016-08-04 20:03:43,313 INFO [org.junit.Test] zero00786
2016-08-04 20:03:43,313 INFO [org.junit.Test] zero00787
2016-08-04 20:03:43,313 INFO [org.junit.Test] zero00788
2016-08-04 20:03:43,313 INFO [org.junit.Test] zero00789
2016-08-04 20:03:43,313 INFO [org.junit.Test] zero00790
2016-08-04 20:03:43,313 INFO [org.junit.Test] zero00791
2016-08-04 20:03:43,313 INFO [org.junit.Test] zero00792
2016-08-04 20:03:43,313 INFO [org.junit.Test] zero00793
2016-08-04 20:03:43,313 INFO [org.junit.Test] zero00794
2016-08-04 20:03:43,313 INFO [org.junit.Test] zero00795
2016-08-04 20:03:43,313 INFO [org.junit.Test] zero00796
2016-08-04 20:03:43,313 INFO [org.junit.Test] zero00797
2016-08-04 20:03:43,313 INFO [org.junit.Test] zero00798
2016-08-04 20:03:43,313 INFO [org.junit.Test] zero00799
2016-08-04 20:03:43,313 INFO [org.junit.Test] zero00800
2016-08-04 20:03:43,313 INFO [org.junit.Test] zero00801
2016-08-04 20:03:43,313 INFO [org.junit.Test] zero00802
2016-08-04 20:03:43,313 INFO [org.junit.Test] zero00803
2016-08-04 20:03:43,313 INFO [org.junit.Test] zero00804
2016-08-04 20:03:43,313 INFO [org.junit.Test] zero00805
2016-08-04 20:03:43,313 INFO [org.junit.Test] zero00806
2016-08-04 20:03:43,313 INFO [org.junit.Test] zero00807
2016-08-04 20:03:43,313 INFO [org.junit.Test] zero00808
2016-08-04 20:03:43,313 INFO [org.junit.Test] zero00809
2016-08-04 20:03:43,313 INFO [org.junit.Test] zero00810
2016-08-04 20:03:43,313 INFO [org.junit.Test] zero00811
2016-08-04 20:03:43,313 INFO [org.junit.Test] zero00812
2016-08-04 20:03:43,313 INFO [org.junit.Test] zero00813
2016-08-04 20:03:43,313 INFO [org.junit.Test] zero00814
2016-08-04 20:03:43,313 INFO [org.junit.Test] zero00815
2016-08-04 20:03:43,313 INFO [org.junit.Test] zero00816
2016-08-04 20:03:43,313 INFO [org.junit.Test] zero00817
2016-08-04 20:03:43,313 INFO [org.junit.Test] zero00818
2016-08-04 20:03:43,313 INFO [org.junit.Test] zero00819
2016-08-04 20:03:43,313 INFO [org.junit.Test] zero00820
2016-08-04 20:03:43,313 INFO [org.junit.Test] zero00821
2016-08-04 20:03:43,313 INFO [org.junit.Test] zero00822
2016-08-04 20:03:43,313 INFO [org.junit.Test] zero00823
2016-08-04 20:03:43,313 INFO [org.junit.Test] zero00824
2016-08-04 20:03:43,313 INFO [org.junit.Test] zero00825
2016-08-04 20:03:43,313 INFO [org.junit.Test] zero00826
2016-08-04 20:03:43,313 INFO [org.junit.Test] zero00827
2016-08-04 20:03:43,313 INFO [org.junit.Test] zero00828
2016-08-04 20:03:43,313 INFO [org.junit.Test] zero00829
2016-08-04 20:03:43,313 INFO [org.junit.Test] zero00830
2016-08-04 20:03:43,313 INFO [org.junit.Test] zero00831
2016-08-04 20:03:43,313 INFO [org.junit.Test] zero00832
2016-08-04 20:03:43,313 INFO [org.junit.Test] zero00833
2016-08-04 20:03:43,313 INFO [org.junit.Test] zero00834
2016-08-04 20:03:43,313 INFO [org.junit.Test] zero00835
2016-08-04 20:03:43,313 INFO [org.junit.Test] zero00836
2016-08-04 20:03:43,313 INFO [org.junit.Test] zero00837
2016-08-04 20:03:43,313 INFO [org.junit.Test] zero00838
2016-08-04 20:03:43,313 INFO [org.junit.Test] zero00839
2016-08-04 20:03:43,313 INFO [org.junit.Test] zero00840
2016-08-04 20:03:43,313 INFO [org.junit.Test] zero00841
2016-08-04 20:03:43,313 INFO [org.junit.Test] zero00842
2016-08-04 20:03:43,313 INFO [org.junit.Test] zero00843
2016-08-04 20:03:43,313 INFO [org.junit.Test] zero00844
2016-08-04 20:03:43,313 INFO [org.junit.Test] zero00845
2016-08-04 20:03:43,313 INFO [org.junit.Test] zero00846
2016-08-04 20:03:43,313 INFO [org.junit.Test] zero00847
2016-08-04 20:03:43,313 INFO [org.junit.Test] zero00848
2016-08-04 20:03:43,313 INFO [org.junit.Test] zero00849
2016-08-04 20:03:43,313 INFO [org.junit.Test] zero00850
2016-08-04 20:03:43,313 INFO [org.junit.Test] zero00851
2016-08-04 20:03:43,313 INFO [org.junit.Test] zero00852
2016-08-04 20:03:43,313 INFO [org.junit.Test] zero00853
2016-08-04 20:03:43,313 INFO [org.junit.Test] zero00854
2016-08-04 20:03:43,313 INFO [org.junit.Test] zero00855
2016-08-04 20:03:43,313 INFO [org.junit.Test] zero00856
2016-08-04 20:03:43,313 INFO [org.junit.Test] zero00857
2016-08-04 20:03:43,313 INFO [org.junit.Test] zero00858
2016-08-04 20:03:43,313 INFO [org.junit.Test] zero00859
2016-08-04 20:03:43,313 INFO [org.junit.Test] zero00860
2016-08-04 20:03:43,313 INFO [org.junit.Test] zero00861
2016-08-04 20:03:43,313 INFO [org.junit.Test] zero00862
2016-08-04 20:03:43,313 INFO [org.junit.Test] zero00863
2016-08-04 20:03:43,313 INFO [org.junit.Test] zero00864
2016-08-04 20:03:43,313 INFO [org.junit.Test] zero00865
2016-08-04 20:03:43,313 INFO [org.junit.Test] zero00866
2016-08-04 20:03:43,313 INFO [org.junit.Test] zero00867
2016-08-04 20:03:43,313 INFO [org.junit.Test] zero00868
2016-08-04 20:03:43,313 INFO [org.junit.Test] zero00869
2016-08-04 20:03:43,313 INFO [org.junit.Test] zero00870
2016-08-04 20:03:43,313 INFO [org.junit.Test] zero00871
2016-08-04 20:03:43,313 INFO [org.junit.Test] zero00872
2016-08-04 20:03:43,313 INFO [org.junit.Test] zero00873
2016-08-04 20:03:43,313 INFO [org.junit.Test] zero00874
2016-08-04 20:03:43,313 INFO [org.junit.Test] zero00875
2016-08-04 20:03:43,313 INFO [org.junit.Test] zero00876
2016-08-04 20:03:43,313 INFO [org.junit.Test] zero00877
2016-08-04 20:03:43,313 INFO [org.junit.Test] zero00878
2016-08-04 20:03:43,313 INFO [org.junit.Test] zero00879
2016-08-04 20:03:43,314 INFO [org.junit.Test] zero00880
2016-08-04 20:03:43,314 INFO [org.junit.Test] zero00881
2016-08-04 20:03:43,314 INFO [org.junit.Test] zero00882
2016-08-04 20:03:43,314 INFO [org.junit.Test] zero00883
2016-08-04 20:03:43,314 INFO [org.junit.Test] zero00884
2016-08-04 20:03:43,314 INFO [org.junit.Test] zero00885
2016-08-04 20:03:43,314 INFO [org.junit.Test] zero00886
2016-08-04 20:03:43,314 INFO [org.junit.Test] zero00887
2016-08-04 20:03:43,314 INFO [org.junit.Test] zero00888
2016-08-04 20:03:43,314 INFO [org.junit.Test] zero00889
2016-08-04 20:03:43,314 INFO [org.junit.Test] zero00890
2016-08-04 20:03:43,314 INFO [org.junit.Test] zero00891
2016-08-04 20:03:43,314 INFO [org.junit.Test] zero00892
2016-08-04 20:03:43,314 INFO [org.junit.Test] zero00893
2016-08-04 20:03:43,314 INFO [org.junit.Test] zero00894
2016-08-04 20:03:43,314 INFO [org.junit.Test] zero00895
2016-08-04 20:03:43,314 INFO [org.junit.Test] zero00896
2016-08-04 20:03:43,314 INFO [org.junit.Test] zero00897
2016-08-04 20:03:43,314 INFO [org.junit.Test] zero00898
2016-08-04 20:03:43,314 INFO [org.junit.Test] zero00899
2016-08-04 20:03:43,314 INFO [org.junit.Test] zero00900
2016-08-04 20:03:43,314 INFO [org.junit.Test] zero00901
2016-08-04 20:03:43,314 INFO [org.junit.Test] zero00902
2016-08-04 20:03:43,314 INFO [org.junit.Test] zero00903
2016-08-04 20:03:43,314 INFO [org.junit.Test] zero00904
2016-08-04 20:03:43,314 INFO [org.junit.Test] zero00905
2016-08-04 20:03:43,314 INFO [org.junit.Test] zero00906
2016-08-04 20:03:43,314 INFO [org.junit.Test] zero00907
2016-08-04 20:03:43,314 INFO [org.junit.Test] zero00908
2016-08-04 20:03:43,314 INFO [org.junit.Test] zero00909
2016-08-04 20:03:43,314 INFO [org.junit.Test] zero00910
2016-08-04 20:03:43,314 INFO [org.junit.Test] zero00911
2016-08-04 20:03:43,314 INFO [org.junit.Test] zero00912
2016-08-04 20:03:43,314 INFO [org.junit.Test] zero00913
2016-08-04 20:03:43,314 INFO [org.junit.Test] zero00914
2016-08-04 20:03:43,314 INFO [org.junit.Test] zero00915
2016-08-04 20:03:43,314 INFO [org.junit.Test] zero00916
2016-08-04 20:03:43,314 INFO [org.junit.Test] zero00917
2016-08-04 20:03:43,314 INFO [org.junit.Test] zero00918
2016-08-04 20:03:43,314 INFO [org.junit.Test] zero00919
2016-08-04 20:03:43,314 INFO [org.junit.Test] zero00920
2016-08-04 20:03:43,314 INFO [org.junit.Test] zero00921
2016-08-04 20:03:43,314 INFO [org.junit.Test] zero00922
2016-08-04 20:03:43,314 INFO [org.junit.Test] zero00923
2016-08-04 20:03:43,314 INFO [org.junit.Test] zero00924
2016-08-04 20:03:43,314 INFO [org.junit.Test] zero00925
2016-08-04 20:03:43,314 INFO [org.junit.Test] zero00926
2016-08-04 20:03:43,314 INFO [org.junit.Test] zero00927
2016-08-04 20:03:43,314 INFO [org.junit.Test] zero00928
2016-08-04 20:03:43,314 INFO [org.junit.Test] zero00929
2016-08-04 20:03:43,314 INFO [org.junit.Test] zero00930
2016-08-04 20:03:43,314 INFO [org.junit.Test] zero00931
2016-08-04 20:03:43,314 INFO [org.junit.Test] zero00932
2016-08-04 20:03:43,314 INFO [org.junit.Test] zero00933
2016-08-04 20:03:43,314 INFO [org.junit.Test] zero00934
2016-08-04 20:03:43,314 INFO [org.junit.Test] zero00935
2016-08-04 20:03:43,314 INFO [org.junit.Test] zero00936
2016-08-04 20:03:43,314 INFO [org.junit.Test] zero00937
2016-08-04 20:03:43,314 INFO [org.junit.Test] zero00938
2016-08-04 20:03:43,314 INFO [org.junit.Test] zero00939
2016-08-04 20:03:43,314 INFO [org.junit.Test] zero00940
2016-08-04 20:03:43,314 INFO [org.junit.Test] zero00941
2016-08-04 20:03:43,314 INFO [org.junit.Test] zero00942
2016-08-04 20:03:43,314 INFO [org.junit.Test] zero00943
2016-08-04 20:03:43,314 INFO [org.junit.Test] zero00944
2016-08-04 20:03:43,314 INFO [org.junit.Test] zero00945
2016-08-04 20:03:43,314 INFO [org.junit.Test] zero00946
2016-08-04 20:03:43,314 INFO [org.junit.Test] zero00947
2016-08-04 20:03:43,314 INFO [org.junit.Test] zero00948
2016-08-04 20:03:43,314 INFO [org.junit.Test] zero00949
2016-08-04 20:03:43,314 INFO [org.junit.Test] zero00950
2016-08-04 20:03:43,314 INFO [org.junit.Test] zero00951
2016-08-04 20:03:43,314 INFO [org.junit.Test] zero00952
2016-08-04 20:03:43,314 INFO [org.junit.Test] zero00953
2016-08-04 20:03:43,314 INFO [org.junit.Test] zero00954
2016-08-04 20:03:43,314 INFO [org.junit.Test] zero00955
2016-08-04 20:03:43,314 INFO [org.junit.Test] zero00956
2016-08-04 20:03:43,314 INFO [org.junit.Test] zero00957
2016-08-04 20:03:43,314 INFO [org.junit.Test] zero00958
2016-08-04 20:03:43,314 INFO [org.junit.Test] zero00959
2016-08-04 20:03:43,314 INFO [org.junit.Test] zero00960
2016-08-04 20:03:43,314 INFO [org.junit.Test] zero00961
2016-08-04 20:03:43,314 INFO [org.junit.Test] zero00962
2016-08-04 20:03:43,314 INFO [org.junit.Test] zero00963
2016-08-04 20:03:43,314 INFO [org.junit.Test] zero00964
2016-08-04 20:03:43,314 INFO [org.junit.Test] zero00965
2016-08-04 20:03:43,314 INFO [org.junit.Test] zero00966
2016-08-04 20:03:43,314 INFO [org.junit.Test] zero00967
2016-08-04 20:03:43,314 INFO [org.junit.Test] zero00968
2016-08-04 20:03:43,314 INFO [org.junit.Test] zero00969
2016-08-04 20:03:43,314 INFO [org.junit.Test] zero00970
2016-08-04 20:03:43,314 INFO [org.junit.Test] zero00971
2016-08-04 20:03:43,314 INFO [org.junit.Test] zero00972
2016-08-04 20:03:43,314 INFO [org.junit.Test] zero00973
2016-08-04 20:03:43,314 INFO [org.junit.Test] zero00974
2016-08-04 20:03:43,314 INFO [org.junit.Test] zero00975
2016-08-04 20:03:43,314 INFO [org.junit.Test] zero00976
2016-08-04 20:03:43,314 INFO [org.junit.Test] zero00977
2016-08-04 20:03:43,314 INFO [org.junit.Test] zero00978
2016-08-04 20:03:43,314 INFO [org.junit.Test] zero00979
2016-08-04 20:03:43,314 INFO [org.junit.Test] zero00980
2016-08-04 20:03:43,314 INFO [org.junit.Test] zero00981
2016-08-04 20:03:43,314 INFO [org.junit.Test] zero00982
2016-08-04 20:03:43,314 INFO [org.junit.Test] zero00983
2016-08-04 20:03:43,314 INFO [org.junit.Test] zero00984
2016-08-04 20:03:43,314 INFO [org.junit.Test] zero00985
2016-08-04 20:03:43,314 INFO [org.junit.Test] zero00986
2016-08-04 20:03:43,314 INFO [org.junit.Test] zero00987
2016-08-04 20:03:43,314 INFO [org.junit.Test] zero00988
2016-08-04 20:03:43,314 INFO [org.junit.Test] zero00989
2016-08-04 20:03:43,314 INFO [org.junit.Test] zero00990
2016-08-04 20:03:43,314 INFO [org.junit.Test] zero00991
2016-08-04 20:03:43,314 INFO [org.junit.Test] zero00992
2016-08-04 20:03:43,314 INFO [org.junit.Test] zero00993
2016-08-04 20:03:43,314 INFO [org.junit.Test] zero00994
2016-08-04 20:03:43,314 INFO [org.junit.Test] zero00995
2016-08-04 20:03:43,314 INFO [org.junit.Test] zero00996
2016-08-04 20:03:43,314 INFO [org.junit.Test] zero00997
2016-08-04 20:03:43,314 INFO [org.junit.Test] zero00998
2016-08-04 20:03:43,314 INFO [org.junit.Test] zero00999
2016-08-04 20:03:46,314 INFO [org.junit.Test] zero000
2016-08-04 20:03:46,314 INFO [org.junit.Test] zero001
2016-08-04 20:03:46,314 INFO [org.junit.Test] zero002
2016-08-04 20:03:46,314 INFO [org.junit.Test] zero003
2016-08-04 20:03:46,314 INFO [org.junit.Test] zero004
2016-08-04 20:03:46,314 INFO [org.junit.Test] zero005
2016-08-04 20:03:46,314 INFO [org.junit.Test] zero006
2016-08-04 20:03:46,314 INFO [org.junit.Test] zero007
2016-08-04 20:03:46,314 INFO [org.junit.Test] zero008
2016-08-04 20:03:46,314 INFO [org.junit.Test] zero009
2016-08-04 20:03:46,314 INFO [org.junit.Test] zero0010
2016-08-04 20:03:46,314 INFO [org.junit.Test] zero0011
2016-08-04 20:03:46,314 INFO [org.junit.Test] zero0012
2016-08-04 20:03:46,314 INFO [org.junit.Test] zero0013
2016-08-04 20:03:46,314 INFO [org.junit.Test] zero0014
2016-08-04 20:03:46,314 INFO [org.junit.Test] zero0015
2016-08-04 20:03:46,314 INFO [org.junit.Test] zero0016
2016-08-04 20:03:46,314 INFO [org.junit.Test] zero0017
2016-08-04 20:03:46,314 INFO [org.junit.Test] zero0018
2016-08-04 20:03:46,314 INFO [org.junit.Test] zero0019
2016-08-04 20:03:46,314 INFO [org.junit.Test] zero0020
2016-08-04 20:03:46,314 INFO [org.junit.Test] zero0021
2016-08-04 20:03:46,314 INFO [org.junit.Test] zero0022
2016-08-04 20:03:46,314 INFO [org.junit.Test] zero0023
2016-08-04 20:03:46,314 INFO [org.junit.Test] zero0024
2016-08-04 20:03:46,314 INFO [org.junit.Test] zero0025
2016-08-04 20:03:46,314 INFO [org.junit.Test] zero0026
2016-08-04 20:03:46,314 INFO [org.junit.Test] zero0027
2016-08-04 20:03:46,314 INFO [org.junit.Test] zero0028
2016-08-04 20:03:46,314 INFO [org.junit.Test] zero0029
2016-08-04 20:03:46,314 INFO [org.junit.Test] zero0030
2016-08-04 20:03:46,314 INFO [org.junit.Test] zero0031
2016-08-04 20:03:46,314 INFO [org.junit.Test] zero0032
2016-08-04 20:03:46,314 INFO [org.junit.Test] zero0033
2016-08-04 20:03:46,314 INFO [org.junit.Test] zero0034
2016-08-04 20:03:46,314 INFO [org.junit.Test] zero0035
2016-08-04 20:03:46,314 INFO [org.junit.Test] zero0036
2016-08-04 20:03:46,314 INFO [org.junit.Test] zero0037
2016-08-04 20:03:46,314 INFO [org.junit.Test] zero0038
2016-08-04 20:03:46,314 INFO [org.junit.Test] zero0039
2016-08-04 20:03:46,314 INFO [org.junit.Test] zero0040
2016-08-04 20:03:46,314 INFO [org.junit.Test] zero0041
2016-08-04 20:03:46,314 INFO [org.junit.Test] zero0042
2016-08-04 20:03:46,314 INFO [org.junit.Test] zero0043
2016-08-04 20:03:46,314 INFO [org.junit.Test] zero0044
2016-08-04 20:03:46,314 INFO [org.junit.Test] zero0045
2016-08-04 20:03:46,314 INFO [org.junit.Test] zero0046
2016-08-04 20:03:46,314 INFO [org.junit.Test] zero0047
2016-08-04 20:03:46,314 INFO [org.junit.Test] zero0048
2016-08-04 20:03:46,314 INFO [org.junit.Test] zero0049
2016-08-04 20:03:46,314 INFO [org.junit.Test] zero0050
2016-08-04 20:03:46,314 INFO [org.junit.Test] zero0051
2016-08-04 20:03:46,314 INFO [org.junit.Test] zero0052
2016-08-04 20:03:46,314 INFO [org.junit.Test] zero0053
2016-08-04 20:03:46,314 INFO [org.junit.Test] zero0054
2016-08-04 20:03:46,314 INFO [org.junit.Test] zero0055
2016-08-04 20:03:46,314 INFO [org.junit.Test] zero0056
2016-08-04 20:03:46,314 INFO [org.junit.Test] zero0057
2016-08-04 20:03:46,314 INFO [org.junit.Test] zero0058
2016-08-04 20:03:46,314 INFO [org.junit.Test] zero0059
2016-08-04 20:03:46,314 INFO [org.junit.Test] zero0060
2016-08-04 20:03:46,314 INFO [org.junit.Test] zero0061
2016-08-04 20:03:46,314 INFO [org.junit.Test] zero0062
2016-08-04 20:03:46,314 INFO [org.junit.Test] zero0063
2016-08-04 20:03:46,314 INFO [org.junit.Test] zero0064
2016-08-04 20:03:46,314 INFO [org.junit.Test] zero0065
2016-08-04 20:03:46,314 INFO [org.junit.Test] zero0066
2016-08-04 20:03:46,314 INFO [org.junit.Test] zero0067
2016-08-04 20:03:46,314 INFO [org.junit.Test] zero0068
2016-08-04 20:03:46,314 INFO [org.junit.Test] zero0069
2016-08-04 20:03:46,314 INFO [org.junit.Test] zero0070
2016-08-04 20:03:46,314 INFO [org.junit.Test] zero0071
2016-08-04 20:03:46,314 INFO [org.junit.Test] zero0072
2016-08-04 20:03:46,314 INFO [org.junit.Test] zero0073
2016-08-04 20:03:46,314 INFO [org.junit.Test] zero0074
2016-08-04 20:03:46,314 INFO [org.junit.Test] zero0075
2016-08-04 20:03:46,314 INFO [org.junit.Test] zero0076
2016-08-04 20:03:46,314 INFO [org.junit.Test] zero0077
2016-08-04 20:03:46,314 INFO [org.junit.Test] zero0078
2016-08-04 20:03:46,314 INFO [org.junit.Test] zero0079
2016-08-04 20:03:46,314 INFO [org.junit.Test] zero0080
2016-08-04 20:03:46,314 INFO [org.junit.Test] zero0081
2016-08-04 20:03:46,314 INFO [org.junit.Test] zero0082
2016-08-04 20:03:46,314 INFO [org.junit.Test] zero0083
2016-08-04 20:03:46,314 INFO [org.junit.Test] zero0084
2016-08-04 20:03:46,314 INFO [org.junit.Test] zero0085
2016-08-04 20:03:46,314 INFO [org.junit.Test] zero0086
2016-08-04 20:03:46,314 INFO [org.junit.Test] zero0087
2016-08-04 20:03:46,314 INFO [org.junit.Test] zero0088
2016-08-04 20:03:46,314 INFO [org.junit.Test] zero0089
2016-08-04 20:03:46,314 INFO [org.junit.Test] zero0090
2016-08-04 20:03:46,314 INFO [org.junit.Test] zero0091
2016-08-04 20:03:46,314 INFO [org.junit.Test] zero0092
2016-08-04 20:03:46,314 INFO [org.junit.Test] zero0093
2016-08-04 20:03:46,314 INFO [org.junit.Test] zero0094
2016-08-04 20:03:46,314 INFO [org.junit.Test] zero0095
2016-08-04 20:03:46,314 INFO [org.junit.Test] zero0096
2016-08-04 20:03:46,314 INFO [org.junit.Test] zero0097
2016-08-04 20:03:46,314 INFO [org.junit.Test] zero0098
2016-08-04 20:03:46,314 INFO [org.junit.Test] zero0099
2016-08-04 20:03:46,314 INFO [org.junit.Test] zero00100
2016-08-04 20:03:46,314 INFO [org.junit.Test] zero00101
2016-08-04 20:03:46,314 INFO [org.junit.Test] zero00102
2016-08-04 20:03:46,314 INFO [org.junit.Test] zero00103
2016-08-04 20:03:46,314 INFO [org.junit.Test] zero00104
2016-08-04 20:03:46,314 INFO [org.junit.Test] zero00105
2016-08-04 20:03:46,314 INFO [org.junit.Test] zero00106
2016-08-04 20:03:46,314 INFO [org.junit.Test] zero00107
2016-08-04 20:03:46,314 INFO [org.junit.Test] zero00108
2016-08-04 20:03:46,314 INFO [org.junit.Test] zero00109
2016-08-04 20:03:46,314 INFO [org.junit.Test] zero00110
2016-08-04 20:03:46,314 INFO [org.junit.Test] zero00111
2016-08-04 20:03:46,314 INFO [org.junit.Test] zero00112
2016-08-04 20:03:46,314 INFO [org.junit.Test] zero00113
2016-08-04 20:03:46,314 INFO [org.junit.Test] zero00114
2016-08-04 20:03:46,314 INFO [org.junit.Test] zero00115
2016-08-04 20:03:46,314 INFO [org.junit.Test] zero00116
2016-08-04 20:03:46,314 INFO [org.junit.Test] zero00117
2016-08-04 20:03:46,314 INFO [org.junit.Test] zero00118
2016-08-04 20:03:46,314 INFO [org.junit.Test] zero00119
2016-08-04 20:03:46,314 INFO [org.junit.Test] zero00120
2016-08-04 20:03:46,314 INFO [org.junit.Test] zero00121
2016-08-04 20:03:46,314 INFO [org.junit.Test] zero00122
2016-08-04 20:03:46,314 INFO [org.junit.Test] zero00123
2016-08-04 20:03:46,314 INFO [org.junit.Test] zero00124
2016-08-04 20:03:46,314 INFO [org.junit.Test] zero00125
2016-08-04 20:03:46,314 INFO [org.junit.Test] zero00126
2016-08-04 20:03:46,314 INFO [org.junit.Test] zero00127
2016-08-04 20:03:46,314 INFO [org.junit.Test] zero00128
2016-08-04 20:03:46,314 INFO [org.junit.Test] zero00129
2016-08-04 20:03:46,314 INFO [org.junit.Test] zero00130
2016-08-04 20:03:46,314 INFO [org.junit.Test] zero00131
2016-08-04 20:03:46,314 INFO [org.junit.Test] zero00132
2016-08-04 20:03:46,314 INFO [org.junit.Test] zero00133
2016-08-04 20:03:46,314 INFO [org.junit.Test] zero00134
2016-08-04 20:03:46,314 INFO [org.junit.Test] zero00135
2016-08-04 20:03:46,314 INFO [org.junit.Test] zero00136
2016-08-04 20:03:46,314 INFO [org.junit.Test] zero00137
2016-08-04 20:03:46,314 INFO [org.junit.Test] zero00138
2016-08-04 20:03:46,314 INFO [org.junit.Test] zero00139
2016-08-04 20:03:46,314 INFO [org.junit.Test] zero00140
2016-08-04 20:03:46,314 INFO [org.junit.Test] zero00141
2016-08-04 20:03:46,314 INFO [org.junit.Test] zero00142
2016-08-04 20:03:46,314 INFO [org.junit.Test] zero00143
2016-08-04 20:03:46,314 INFO [org.junit.Test] zero00144
2016-08-04 20:03:46,314 INFO [org.junit.Test] zero00145
2016-08-04 20:03:46,314 INFO [org.junit.Test] zero00146
2016-08-04 20:03:46,314 INFO [org.junit.Test] zero00147
2016-08-04 20:03:46,314 INFO [org.junit.Test] zero00148
2016-08-04 20:03:46,314 INFO [org.junit.Test] zero00149
2016-08-04 20:03:46,314 INFO [org.junit.Test] zero00150
2016-08-04 20:03:46,314 INFO [org.junit.Test] zero00151
2016-08-04 20:03:46,314 INFO [org.junit.Test] zero00152
2016-08-04 20:03:46,314 INFO [org.junit.Test] zero00153
2016-08-04 20:03:46,314 INFO [org.junit.Test] zero00154
2016-08-04 20:03:46,314 INFO [org.junit.Test] zero00155
2016-08-04 20:03:46,314 INFO [org.junit.Test] zero00156
2016-08-04 20:03:46,314 INFO [org.junit.Test] zero00157
2016-08-04 20:03:46,314 INFO [org.junit.Test] zero00158
2016-08-04 20:03:46,314 INFO [org.junit.Test] zero00159
2016-08-04 20:03:46,314 INFO [org.junit.Test] zero00160
2016-08-04 20:03:46,314 INFO [org.junit.Test] zero00161
2016-08-04 20:03:46,314 INFO [org.junit.Test] zero00162
2016-08-04 20:03:46,314 INFO [org.junit.Test] zero00163
2016-08-04 20:03:46,314 INFO [org.junit.Test] zero00164
2016-08-04 20:03:46,314 INFO [org.junit.Test] zero00165
2016-08-04 20:03:46,314 INFO [org.junit.Test] zero00166
2016-08-04 20:03:46,314 INFO [org.junit.Test] zero00167
2016-08-04 20:03:46,314 INFO [org.junit.Test] zero00168
2016-08-04 20:03:46,314 INFO [org.junit.Test] zero00169
2016-08-04 20:03:46,314 INFO [org.junit.Test] zero00170
2016-08-04 20:03:46,314 INFO [org.junit.Test] zero00171
2016-08-04 20:03:46,314 INFO [org.junit.Test] zero00172
2016-08-04 20:03:46,314 INFO [org.junit.Test] zero00173
2016-08-04 20:03:46,314 INFO [org.junit.Test] zero00174
2016-08-04 20:03:46,314 INFO [org.junit.Test] zero00175
2016-08-04 20:03:46,314 INFO [org.junit.Test] zero00176
2016-08-04 20:03:46,314 INFO [org.junit.Test] zero00177
2016-08-04 20:03:46,314 INFO [org.junit.Test] zero00178
2016-08-04 20:03:46,314 INFO [org.junit.Test] zero00179
2016-08-04 20:03:46,314 INFO [org.junit.Test] zero00180
2016-08-04 20:03:46,314 INFO [org.junit.Test] zero00181
2016-08-04 20:03:46,314 INFO [org.junit.Test] zero00182
2016-08-04 20:03:46,314 INFO [org.junit.Test] zero00183
2016-08-04 20:03:46,314 INFO [org.junit.Test] zero00184
2016-08-04 20:03:46,314 INFO [org.junit.Test] zero00185
2016-08-04 20:03:46,314 INFO [org.junit.Test] zero00186
2016-08-04 20:03:46,314 INFO [org.junit.Test] zero00187
2016-08-04 20:03:46,314 INFO [org.junit.Test] zero00188
2016-08-04 20:03:46,314 INFO [org.junit.Test] zero00189
2016-08-04 20:03:46,314 INFO [org.junit.Test] zero00190
2016-08-04 20:03:46,314 INFO [org.junit.Test] zero00191
2016-08-04 20:03:46,314 INFO [org.junit.Test] zero00192
2016-08-04 20:03:46,314 INFO [org.junit.Test] zero00193
2016-08-04 20:03:46,314 INFO [org.junit.Test] zero00194
2016-08-04 20:03:46,314 INFO [org.junit.Test] zero00195
2016-08-04 20:03:46,314 INFO [org.junit.Test] zero00196
2016-08-04 20:03:46,314 INFO [org.junit.Test] zero00197
2016-08-04 20:03:46,314 INFO [org.junit.Test] zero00198
2016-08-04 20:03:46,314 INFO [org.junit.Test] zero00199
2016-08-04 20:03:46,314 INFO [org.junit.Test] zero00200
2016-08-04 20:03:46,314 INFO [org.junit.Test] zero00201
2016-08-04 20:03:46,314 INFO [org.junit.Test] zero00202
2016-08-04 20:03:46,314 INFO [org.junit.Test] zero00203
2016-08-04 20:03:46,314 INFO [org.junit.Test] zero00204
2016-08-04 20:03:46,314 INFO [org.junit.Test] zero00205
2016-08-04 20:03:46,314 INFO [org.junit.Test] zero00206
2016-08-04 20:03:46,314 INFO [org.junit.Test] zero00207
2016-08-04 20:03:46,314 INFO [org.junit.Test] zero00208
2016-08-04 20:03:46,314 INFO [org.junit.Test] zero00209
2016-08-04 20:03:46,314 INFO [org.junit.Test] zero00210
2016-08-04 20:03:46,314 INFO [org.junit.Test] zero00211
2016-08-04 20:03:46,314 INFO [org.junit.Test] zero00212
2016-08-04 20:03:46,314 INFO [org.junit.Test] zero00213
2016-08-04 20:03:46,314 INFO [org.junit.Test] zero00214
2016-08-04 20:03:46,314 INFO [org.junit.Test] zero00215
2016-08-04 20:03:46,314 INFO [org.junit.Test] zero00216
2016-08-04 20:03:46,314 INFO [org.junit.Test] zero00217
2016-08-04 20:03:46,314 INFO [org.junit.Test] zero00218
2016-08-04 20:03:46,314 INFO [org.junit.Test] zero00219
2016-08-04 20:03:46,314 INFO [org.junit.Test] zero00220
2016-08-04 20:03:46,314 INFO [org.junit.Test] zero00221
2016-08-04 20:03:46,314 INFO [org.junit.Test] zero00222
2016-08-04 20:03:46,314 INFO [org.junit.Test] zero00223
2016-08-04 20:03:46,314 INFO [org.junit.Test] zero00224
2016-08-04 20:03:46,314 INFO [org.junit.Test] zero00225
2016-08-04 20:03:46,314 INFO [org.junit.Test] zero00226
2016-08-04 20:03:46,314 INFO [org.junit.Test] zero00227
2016-08-04 20:03:46,314 INFO [org.junit.Test] zero00228
2016-08-04 20:03:46,314 INFO [org.junit.Test] zero00229
2016-08-04 20:03:46,314 INFO [org.junit.Test] zero00230
2016-08-04 20:03:46,314 INFO [org.junit.Test] zero00231
2016-08-04 20:03:46,314 INFO [org.junit.Test] zero00232
2016-08-04 20:03:46,314 INFO [org.junit.Test] zero00233
2016-08-04 20:03:46,314 INFO [org.junit.Test] zero00234
2016-08-04 20:03:46,314 INFO [org.junit.Test] zero00235
2016-08-04 20:03:46,314 INFO [org.junit.Test] zero00236
2016-08-04 20:03:46,314 INFO [org.junit.Test] zero00237
2016-08-04 20:03:46,314 INFO [org.junit.Test] zero00238
2016-08-04 20:03:46,314 INFO [org.junit.Test] zero00239
2016-08-04 20:03:46,314 INFO [org.junit.Test] zero00240
2016-08-04 20:03:46,314 INFO [org.junit.Test] zero00241
2016-08-04 20:03:46,314 INFO [org.junit.Test] zero00242
2016-08-04 20:03:46,314 INFO [org.junit.Test] zero00243
2016-08-04 20:03:46,314 INFO [org.junit.Test] zero00244
2016-08-04 20:03:46,314 INFO [org.junit.Test] zero00245
2016-08-04 20:03:46,314 INFO [org.junit.Test] zero00246
2016-08-04 20:03:46,314 INFO [org.junit.Test] zero00247
2016-08-04 20:03:46,314 INFO [org.junit.Test] zero00248
2016-08-04 20:03:46,314 INFO [org.junit.Test] zero00249
2016-08-04 20:03:46,314 INFO [org.junit.Test] zero00250
2016-08-04 20:03:46,314 INFO [org.junit.Test] zero00251
2016-08-04 20:03:46,314 INFO [org.junit.Test] zero00252
2016-08-04 20:03:46,314 INFO [org.junit.Test] zero00253
2016-08-04 20:03:46,314 INFO [org.junit.Test] zero00254
2016-08-04 20:03:46,314 INFO [org.junit.Test] zero00255
2016-08-04 20:03:46,314 INFO [org.junit.Test] zero00256
2016-08-04 20:03:46,314 INFO [org.junit.Test] zero00257
2016-08-04 20:03:46,314 INFO [org.junit.Test] zero00258
2016-08-04 20:03:46,314 INFO [org.junit.Test] zero00259
2016-08-04 20:03:46,314 INFO [org.junit.Test] zero00260
2016-08-04 20:03:46,314 INFO [org.junit.Test] zero00261
2016-08-04 20:03:46,314 INFO [org.junit.Test] zero00262
2016-08-04 20:03:46,314 INFO [org.junit.Test] zero00263
2016-08-04 20:03:46,314 INFO [org.junit.Test] zero00264
2016-08-04 20:03:46,314 INFO [org.junit.Test] zero00265
2016-08-04 20:03:46,314 INFO [org.junit.Test] zero00266
2016-08-04 20:03:46,314 INFO [org.junit.Test] zero00267
2016-08-04 20:03:46,314 INFO [org.junit.Test] zero00268
2016-08-04 20:03:46,314 INFO [org.junit.Test] zero00269
2016-08-04 20:03:46,314 INFO [org.junit.Test] zero00270
2016-08-04 20:03:46,314 INFO [org.junit.Test] zero00271
2016-08-04 20:03:46,314 INFO [org.junit.Test] zero00272
2016-08-04 20:03:46,314 INFO [org.junit.Test] zero00273
2016-08-04 20:03:46,314 INFO [org.junit.Test] zero00274
2016-08-04 20:03:46,314 INFO [org.junit.Test] zero00275
2016-08-04 20:03:46,314 INFO [org.junit.Test] zero00276
2016-08-04 20:03:46,314 INFO [org.junit.Test] zero00277
2016-08-04 20:03:46,314 INFO [org.junit.Test] zero00278
2016-08-04 20:03:46,315 INFO [org.junit.Test] zero00279
2016-08-04 20:03:46,315 INFO [org.junit.Test] zero00280
2016-08-04 20:03:46,315 INFO [org.junit.Test] zero00281
2016-08-04 20:03:46,315 INFO [org.junit.Test] zero00282
2016-08-04 20:03:46,315 INFO [org.junit.Test] zero00283
2016-08-04 20:03:46,315 INFO [org.junit.Test] zero00284
2016-08-04 20:03:46,315 INFO [org.junit.Test] zero00285
2016-08-04 20:03:46,315 INFO [org.junit.Test] zero00286
2016-08-04 20:03:46,315 INFO [org.junit.Test] zero00287
2016-08-04 20:03:46,315 INFO [org.junit.Test] zero00288
2016-08-04 20:03:46,315 INFO [org.junit.Test] zero00289
2016-08-04 20:03:46,315 INFO [org.junit.Test] zero00290
2016-08-04 20:03:46,315 INFO [org.junit.Test] zero00291
2016-08-04 20:03:46,315 INFO [org.junit.Test] zero00292
2016-08-04 20:03:46,315 INFO [org.junit.Test] zero00293
2016-08-04 20:03:46,315 INFO [org.junit.Test] zero00294
2016-08-04 20:03:46,315 INFO [org.junit.Test] zero00295
2016-08-04 20:03:46,315 INFO [org.junit.Test] zero00296
2016-08-04 20:03:46,315 INFO [org.junit.Test] zero00297
2016-08-04 20:03:46,315 INFO [org.junit.Test] zero00298
2016-08-04 20:03:46,315 INFO [org.junit.Test] zero00299
2016-08-04 20:03:46,315 INFO [org.junit.Test] zero00300
2016-08-04 20:03:46,315 INFO [org.junit.Test] zero00301
2016-08-04 20:03:46,315 INFO [org.junit.Test] zero00302
2016-08-04 20:03:46,315 INFO [org.junit.Test] zero00303
2016-08-04 20:03:46,315 INFO [org.junit.Test] zero00304
2016-08-04 20:03:46,315 INFO [org.junit.Test] zero00305
2016-08-04 20:03:46,315 INFO [org.junit.Test] zero00306
2016-08-04 20:03:46,315 INFO [org.junit.Test] zero00307
2016-08-04 20:03:46,315 INFO [org.junit.Test] zero00308
2016-08-04 20:03:46,315 INFO [org.junit.Test] zero00309
2016-08-04 20:03:46,315 INFO [org.junit.Test] zero00310
2016-08-04 20:03:46,315 INFO [org.junit.Test] zero00311
2016-08-04 20:03:46,315 INFO [org.junit.Test] zero00312
2016-08-04 20:03:46,315 INFO [org.junit.Test] zero00313
2016-08-04 20:03:46,315 INFO [org.junit.Test] zero00314
2016-08-04 20:03:46,315 INFO [org.junit.Test] zero00315
2016-08-04 20:03:46,315 INFO [org.junit.Test] zero00316
2016-08-04 20:03:46,315 INFO [org.junit.Test] zero00317
2016-08-04 20:03:46,315 INFO [org.junit.Test] zero00318
2016-08-04 20:03:46,315 INFO [org.junit.Test] zero00319
2016-08-04 20:03:46,315 INFO [org.junit.Test] zero00320
2016-08-04 20:03:46,315 INFO [org.junit.Test] zero00321
2016-08-04 20:03:46,315 INFO [org.junit.Test] zero00322
2016-08-04 20:03:46,315 INFO [org.junit.Test] zero00323
2016-08-04 20:03:46,315 INFO [org.junit.Test] zero00324
2016-08-04 20:03:46,315 INFO [org.junit.Test] zero00325
2016-08-04 20:03:46,315 INFO [org.junit.Test] zero00326
2016-08-04 20:03:46,315 INFO [org.junit.Test] zero00327
2016-08-04 20:03:46,315 INFO [org.junit.Test] zero00328
2016-08-04 20:03:46,315 INFO [org.junit.Test] zero00329
2016-08-04 20:03:46,315 INFO [org.junit.Test] zero00330
2016-08-04 20:03:46,315 INFO [org.junit.Test] zero00331
2016-08-04 20:03:46,315 INFO [org.junit.Test] zero00332
2016-08-04 20:03:46,315 INFO [org.junit.Test] zero00333
2016-08-04 20:03:46,315 INFO [org.junit.Test] zero00334
2016-08-04 20:03:46,315 INFO [org.junit.Test] zero00335
2016-08-04 20:03:46,315 INFO [org.junit.Test] zero00336
2016-08-04 20:03:46,315 INFO [org.junit.Test] zero00337
2016-08-04 20:03:46,315 INFO [org.junit.Test] zero00338
2016-08-04 20:03:46,315 INFO [org.junit.Test] zero00339
2016-08-04 20:03:46,315 INFO [org.junit.Test] zero00340
2016-08-04 20:03:46,315 INFO [org.junit.Test] zero00341
2016-08-04 20:03:46,315 INFO [org.junit.Test] zero00342
2016-08-04 20:03:46,315 INFO [org.junit.Test] zero00343
2016-08-04 20:03:46,315 INFO [org.junit.Test] zero00344
2016-08-04 20:03:46,315 INFO [org.junit.Test] zero00345
2016-08-04 20:03:46,315 INFO [org.junit.Test] zero00346
2016-08-04 20:03:46,315 INFO [org.junit.Test] zero00347
2016-08-04 20:03:46,315 INFO [org.junit.Test] zero00348
2016-08-04 20:03:46,315 INFO [org.junit.Test] zero00349
2016-08-04 20:03:46,315 INFO [org.junit.Test] zero00350
2016-08-04 20:03:46,315 INFO [org.junit.Test] zero00351
2016-08-04 20:03:46,315 INFO [org.junit.Test] zero00352
2016-08-04 20:03:46,315 INFO [org.junit.Test] zero00353
2016-08-04 20:03:46,315 INFO [org.junit.Test] zero00354
2016-08-04 20:03:46,315 INFO [org.junit.Test] zero00355
2016-08-04 20:03:46,315 INFO [org.junit.Test] zero00356
2016-08-04 20:03:46,315 INFO [org.junit.Test] zero00357
2016-08-04 20:03:46,315 INFO [org.junit.Test] zero00358
2016-08-04 20:03:46,315 INFO [org.junit.Test] zero00359
2016-08-04 20:03:46,315 INFO [org.junit.Test] zero00360
2016-08-04 20:03:46,315 INFO [org.junit.Test] zero00361
2016-08-04 20:03:46,315 INFO [org.junit.Test] zero00362
2016-08-04 20:03:46,315 INFO [org.junit.Test] zero00363
2016-08-04 20:03:46,315 INFO [org.junit.Test] zero00364
2016-08-04 20:03:46,315 INFO [org.junit.Test] zero00365
2016-08-04 20:03:46,315 INFO [org.junit.Test] zero00366
2016-08-04 20:03:46,315 INFO [org.junit.Test] zero00367
2016-08-04 20:03:46,315 INFO [org.junit.Test] zero00368
2016-08-04 20:03:46,315 INFO [org.junit.Test] zero00369
2016-08-04 20:03:46,315 INFO [org.junit.Test] zero00370
2016-08-04 20:03:46,315 INFO [org.junit.Test] zero00371
2016-08-04 20:03:46,315 INFO [org.junit.Test] zero00372
2016-08-04 20:03:46,315 INFO [org.junit.Test] zero00373
2016-08-04 20:03:46,315 INFO [org.junit.Test] zero00374
2016-08-04 20:03:46,315 INFO [org.junit.Test] zero00375
2016-08-04 20:03:46,315 INFO [org.junit.Test] zero00376
2016-08-04 20:03:46,315 INFO [org.junit.Test] zero00377
2016-08-04 20:03:46,315 INFO [org.junit.Test] zero00378
2016-08-04 20:03:46,315 INFO [org.junit.Test] zero00379
2016-08-04 20:03:46,315 INFO [org.junit.Test] zero00380
2016-08-04 20:03:46,315 INFO [org.junit.Test] zero00381
2016-08-04 20:03:46,315 INFO [org.junit.Test] zero00382
2016-08-04 20:03:46,315 INFO [org.junit.Test] zero00383
2016-08-04 20:03:46,315 INFO [org.junit.Test] zero00384
2016-08-04 20:03:46,315 INFO [org.junit.Test] zero00385
2016-08-04 20:03:46,315 INFO [org.junit.Test] zero00386
2016-08-04 20:03:46,315 INFO [org.junit.Test] zero00387
2016-08-04 20:03:46,315 INFO [org.junit.Test] zero00388
2016-08-04 20:03:46,315 INFO [org.junit.Test] zero00389
2016-08-04 20:03:46,315 INFO [org.junit.Test] zero00390
2016-08-04 20:03:46,315 INFO [org.junit.Test] zero00391
2016-08-04 20:03:46,315 INFO [org.junit.Test] zero00392
2016-08-04 20:03:46,315 INFO [org.junit.Test] zero00393
2016-08-04 20:03:46,315 INFO [org.junit.Test] zero00394
2016-08-04 20:03:46,315 INFO [org.junit.Test] zero00395
2016-08-04 20:03:46,315 INFO [org.junit.Test] zero00396
2016-08-04 20:03:46,315 INFO [org.junit.Test] zero00397
2016-08-04 20:03:46,315 INFO [org.junit.Test] zero00398
2016-08-04 20:03:46,315 INFO [org.junit.Test] zero00399
2016-08-04 20:03:46,315 INFO [org.junit.Test] zero00400
2016-08-04 20:03:46,315 INFO [org.junit.Test] zero00401
2016-08-04 20:03:46,315 INFO [org.junit.Test] zero00402
2016-08-04 20:03:46,315 INFO [org.junit.Test] zero00403
2016-08-04 20:03:46,315 INFO [org.junit.Test] zero00404
2016-08-04 20:03:46,315 INFO [org.junit.Test] zero00405
2016-08-04 20:03:46,315 INFO [org.junit.Test] zero00406
2016-08-04 20:03:46,315 INFO [org.junit.Test] zero00407
2016-08-04 20:03:46,315 INFO [org.junit.Test] zero00408
2016-08-04 20:03:46,315 INFO [org.junit.Test] zero00409
2016-08-04 20:03:46,315 INFO [org.junit.Test] zero00410
2016-08-04 20:03:46,315 INFO [org.junit.Test] zero00411
2016-08-04 20:03:46,315 INFO [org.junit.Test] zero00412
2016-08-04 20:03:46,315 INFO [org.junit.Test] zero00413
2016-08-04 20:03:46,315 INFO [org.junit.Test] zero00414
2016-08-04 20:03:46,315 INFO [org.junit.Test] zero00415
2016-08-04 20:03:46,315 INFO [org.junit.Test] zero00416
2016-08-04 20:03:46,315 INFO [org.junit.Test] zero00417
2016-08-04 20:03:46,315 INFO [org.junit.Test] zero00418
2016-08-04 20:03:46,315 INFO [org.junit.Test] zero00419
2016-08-04 20:03:46,315 INFO [org.junit.Test] zero00420
2016-08-04 20:03:46,315 INFO [org.junit.Test] zero00421
2016-08-04 20:03:46,315 INFO [org.junit.Test] zero00422
2016-08-04 20:03:46,315 INFO [org.junit.Test] zero00423
2016-08-04 20:03:46,315 INFO [org.junit.Test] zero00424
2016-08-04 20:03:46,315 INFO [org.junit.Test] zero00425
2016-08-04 20:03:46,315 INFO [org.junit.Test] zero00426
2016-08-04 20:03:46,315 INFO [org.junit.Test] zero00427
2016-08-04 20:03:46,315 INFO [org.junit.Test] zero00428
2016-08-04 20:03:46,315 INFO [org.junit.Test] zero00429
2016-08-04 20:03:46,315 INFO [org.junit.Test] zero00430
2016-08-04 20:03:46,315 INFO [org.junit.Test] zero00431
2016-08-04 20:03:46,315 INFO [org.junit.Test] zero00432
2016-08-04 20:03:46,315 INFO [org.junit.Test] zero00433
2016-08-04 20:03:46,315 INFO [org.junit.Test] zero00434
2016-08-04 20:03:46,315 INFO [org.junit.Test] zero00435
2016-08-04 20:03:46,315 INFO [org.junit.Test] zero00436
2016-08-04 20:03:46,315 INFO [org.junit.Test] zero00437
2016-08-04 20:03:46,315 INFO [org.junit.Test] zero00438
2016-08-04 20:03:46,315 INFO [org.junit.Test] zero00439
2016-08-04 20:03:46,315 INFO [org.junit.Test] zero00440
2016-08-04 20:03:46,315 INFO [org.junit.Test] zero00441
2016-08-04 20:03:46,315 INFO [org.junit.Test] zero00442
2016-08-04 20:03:46,315 INFO [org.junit.Test] zero00443
2016-08-04 20:03:46,315 INFO [org.junit.Test] zero00444
2016-08-04 20:03:46,315 INFO [org.junit.Test] zero00445
2016-08-04 20:03:46,315 INFO [org.junit.Test] zero00446
2016-08-04 20:03:46,315 INFO [org.junit.Test] zero00447
2016-08-04 20:03:46,315 INFO [org.junit.Test] zero00448
2016-08-04 20:03:46,315 INFO [org.junit.Test] zero00449
2016-08-04 20:03:46,315 INFO [org.junit.Test] zero00450
2016-08-04 20:03:46,315 INFO [org.junit.Test] zero00451
2016-08-04 20:03:46,315 INFO [org.junit.Test] zero00452
2016-08-04 20:03:46,315 INFO [org.junit.Test] zero00453
2016-08-04 20:03:46,315 INFO [org.junit.Test] zero00454
2016-08-04 20:03:46,315 INFO [org.junit.Test] zero00455
2016-08-04 20:03:46,315 INFO [org.junit.Test] zero00456
2016-08-04 20:03:46,315 INFO [org.junit.Test] zero00457
2016-08-04 20:03:46,315 INFO [org.junit.Test] zero00458
2016-08-04 20:03:46,315 INFO [org.junit.Test] zero00459
2016-08-04 20:03:46,315 INFO [org.junit.Test] zero00460
2016-08-04 20:03:46,315 INFO [org.junit.Test] zero00461
2016-08-04 20:03:46,315 INFO [org.junit.Test] zero00462
2016-08-04 20:03:46,315 INFO [org.junit.Test] zero00463
2016-08-04 20:03:46,315 INFO [org.junit.Test] zero00464
2016-08-04 20:03:46,315 INFO [org.junit.Test] zero00465
2016-08-04 20:03:46,315 INFO [org.junit.Test] zero00466
2016-08-04 20:03:46,315 INFO [org.junit.Test] zero00467
2016-08-04 20:03:46,315 INFO [org.junit.Test] zero00468
2016-08-04 20:03:46,315 INFO [org.junit.Test] zero00469
2016-08-04 20:03:46,315 INFO [org.junit.Test] zero00470
2016-08-04 20:03:46,315 INFO [org.junit.Test] zero00471
2016-08-04 20:03:46,315 INFO [org.junit.Test] zero00472
2016-08-04 20:03:46,315 INFO [org.junit.Test] zero00473
2016-08-04 20:03:46,315 INFO [org.junit.Test] zero00474
2016-08-04 20:03:46,315 INFO [org.junit.Test] zero00475
2016-08-04 20:03:46,315 INFO [org.junit.Test] zero00476
2016-08-04 20:03:46,315 INFO [org.junit.Test] zero00477
2016-08-04 20:03:46,315 INFO [org.junit.Test] zero00478
2016-08-04 20:03:46,315 INFO [org.junit.Test] zero00479
2016-08-04 20:03:46,315 INFO [org.junit.Test] zero00480
2016-08-04 20:03:46,315 INFO [org.junit.Test] zero00481
2016-08-04 20:03:46,315 INFO [org.junit.Test] zero00482
2016-08-04 20:03:46,315 INFO [org.junit.Test] zero00483
2016-08-04 20:03:46,315 INFO [org.junit.Test] zero00484
2016-08-04 20:03:46,315 INFO [org.junit.Test] zero00485
2016-08-04 20:03:46,315 INFO [org.junit.Test] zero00486
2016-08-04 20:03:46,315 INFO [org.junit.Test] zero00487
2016-08-04 20:03:46,315 INFO [org.junit.Test] zero00488
2016-08-04 20:03:46,315 INFO [org.junit.Test] zero00489
2016-08-04 20:03:46,315 INFO [org.junit.Test] zero00490
2016-08-04 20:03:46,315 INFO [org.junit.Test] zero00491
2016-08-04 20:03:46,315 INFO [org.junit.Test] zero00492
2016-08-04 20:03:46,315 INFO [org.junit.Test] zero00493
2016-08-04 20:03:46,315 INFO [org.junit.Test] zero00494
2016-08-04 20:03:46,315 INFO [org.junit.Test] zero00495
2016-08-04 20:03:46,315 INFO [org.junit.Test] zero00496
2016-08-04 20:03:46,315 INFO [org.junit.Test] zero00497
2016-08-04 20:03:46,315 INFO [org.junit.Test] zero00498
2016-08-04 20:03:46,315 INFO [org.junit.Test] zero00499
2016-08-04 20:03:46,315 INFO [org.junit.Test] zero00500
2016-08-04 20:03:46,315 INFO [org.junit.Test] zero00501
2016-08-04 20:03:46,315 INFO [org.junit.Test] zero00502
2016-08-04 20:03:46,315 INFO [org.junit.Test] zero00503
2016-08-04 20:03:46,315 INFO [org.junit.Test] zero00504
2016-08-04 20:03:46,315 INFO [org.junit.Test] zero00505
2016-08-04 20:03:46,315 INFO [org.junit.Test] zero00506
2016-08-04 20:03:46,315 INFO [org.junit.Test] zero00507
2016-08-04 20:03:46,315 INFO [org.junit.Test] zero00508
2016-08-04 20:03:46,315 INFO [org.junit.Test] zero00509
2016-08-04 20:03:46,315 INFO [org.junit.Test] zero00510
2016-08-04 20:03:46,315 INFO [org.junit.Test] zero00511
2016-08-04 20:03:46,315 INFO [org.junit.Test] zero00512
2016-08-04 20:03:46,315 INFO [org.junit.Test] zero00513
2016-08-04 20:03:46,315 INFO [org.junit.Test] zero00514
2016-08-04 20:03:46,315 INFO [org.junit.Test] zero00515
2016-08-04 20:03:46,315 INFO [org.junit.Test] zero00516
2016-08-04 20:03:46,315 INFO [org.junit.Test] zero00517
2016-08-04 20:03:46,315 INFO [org.junit.Test] zero00518
2016-08-04 20:03:46,315 INFO [org.junit.Test] zero00519
2016-08-04 20:03:46,315 INFO [org.junit.Test] zero00520
2016-08-04 20:03:46,315 INFO [org.junit.Test] zero00521
2016-08-04 20:03:46,315 INFO [org.junit.Test] zero00522
2016-08-04 20:03:46,315 INFO [org.junit.Test] zero00523
2016-08-04 20:03:46,315 INFO [org.junit.Test] zero00524
2016-08-04 20:03:46,315 INFO [org.junit.Test] zero00525
2016-08-04 20:03:46,315 INFO [org.junit.Test] zero00526
2016-08-04 20:03:46,315 INFO [org.junit.Test] zero00527
2016-08-04 20:03:46,315 INFO [org.junit.Test] zero00528
2016-08-04 20:03:46,315 INFO [org.junit.Test] zero00529
2016-08-04 20:03:46,315 INFO [org.junit.Test] zero00530
2016-08-04 20:03:46,315 INFO [org.junit.Test] zero00531
2016-08-04 20:03:46,315 INFO [org.junit.Test] zero00532
2016-08-04 20:03:46,315 INFO [org.junit.Test] zero00533
2016-08-04 20:03:46,315 INFO [org.junit.Test] zero00534
2016-08-04 20:03:46,315 INFO [org.junit.Test] zero00535
2016-08-04 20:03:46,315 INFO [org.junit.Test] zero00536
2016-08-04 20:03:46,315 INFO [org.junit.Test] zero00537
2016-08-04 20:03:46,315 INFO [org.junit.Test] zero00538
2016-08-04 20:03:46,315 INFO [org.junit.Test] zero00539
2016-08-04 20:03:46,315 INFO [org.junit.Test] zero00540
2016-08-04 20:03:46,315 INFO [org.junit.Test] zero00541
2016-08-04 20:03:46,315 INFO [org.junit.Test] zero00542
2016-08-04 20:03:46,315 INFO [org.junit.Test] zero00543
2016-08-04 20:03:46,315 INFO [org.junit.Test] zero00544
2016-08-04 20:03:46,315 INFO [org.junit.Test] zero00545
2016-08-04 20:03:46,315 INFO [org.junit.Test] zero00546
2016-08-04 20:03:46,315 INFO [org.junit.Test] zero00547
2016-08-04 20:03:46,315 INFO [org.junit.Test] zero00548
2016-08-04 20:03:46,315 INFO [org.junit.Test] zero00549
2016-08-04 20:03:46,315 INFO [org.junit.Test] zero00550
2016-08-04 20:03:46,315 INFO [org.junit.Test] zero00551
2016-08-04 20:03:46,315 INFO [org.junit.Test] zero00552
2016-08-04 20:03:46,315 INFO [org.junit.Test] zero00553
2016-08-04 20:03:46,315 INFO [org.junit.Test] zero00554
2016-08-04 20:03:46,315 INFO [org.junit.Test] zero00555
2016-08-04 20:03:46,315 INFO [org.junit.Test] zero00556
2016-08-04 20:03:46,315 INFO [org.junit.Test] zero00557
2016-08-04 20:03:46,315 INFO [org.junit.Test] zero00558
2016-08-04 20:03:46,316 INFO [org.junit.Test] zero00559
2016-08-04 20:03:46,316 INFO [org.junit.Test] zero00560
2016-08-04 20:03:46,316 INFO [org.junit.Test] zero00561
2016-08-04 20:03:46,316 INFO [org.junit.Test] zero00562
2016-08-04 20:03:46,316 INFO [org.junit.Test] zero00563
2016-08-04 20:03:46,316 INFO [org.junit.Test] zero00564
2016-08-04 20:03:46,316 INFO [org.junit.Test] zero00565
2016-08-04 20:03:46,316 INFO [org.junit.Test] zero00566
2016-08-04 20:03:46,316 INFO [org.junit.Test] zero00567
2016-08-04 20:03:46,316 INFO [org.junit.Test] zero00568
2016-08-04 20:03:46,316 INFO [org.junit.Test] zero00569
2016-08-04 20:03:46,316 INFO [org.junit.Test] zero00570
2016-08-04 20:03:46,316 INFO [org.junit.Test] zero00571
2016-08-04 20:03:46,316 INFO [org.junit.Test] zero00572
2016-08-04 20:03:46,316 INFO [org.junit.Test] zero00573
2016-08-04 20:03:46,316 INFO [org.junit.Test] zero00574
2016-08-04 20:03:46,316 INFO [org.junit.Test] zero00575
2016-08-04 20:03:46,316 INFO [org.junit.Test] zero00576
2016-08-04 20:03:46,316 INFO [org.junit.Test] zero00577
2016-08-04 20:03:46,316 INFO [org.junit.Test] zero00578
2016-08-04 20:03:46,316 INFO [org.junit.Test] zero00579
2016-08-04 20:03:46,316 INFO [org.junit.Test] zero00580
2016-08-04 20:03:46,316 INFO [org.junit.Test] zero00581
2016-08-04 20:03:46,316 INFO [org.junit.Test] zero00582
2016-08-04 20:03:46,316 INFO [org.junit.Test] zero00583
2016-08-04 20:03:46,316 INFO [org.junit.Test] zero00584
2016-08-04 20:03:46,316 INFO [org.junit.Test] zero00585
2016-08-04 20:03:46,316 INFO [org.junit.Test] zero00586
2016-08-04 20:03:46,316 INFO [org.junit.Test] zero00587
2016-08-04 20:03:46,316 INFO [org.junit.Test] zero00588
2016-08-04 20:03:46,316 INFO [org.junit.Test] zero00589
2016-08-04 20:03:46,316 INFO [org.junit.Test] zero00590
2016-08-04 20:03:46,316 INFO [org.junit.Test] zero00591
2016-08-04 20:03:46,316 INFO [org.junit.Test] zero00592
2016-08-04 20:03:46,316 INFO [org.junit.Test] zero00593
2016-08-04 20:03:46,316 INFO [org.junit.Test] zero00594
2016-08-04 20:03:46,316 INFO [org.junit.Test] zero00595
2016-08-04 20:03:46,316 INFO [org.junit.Test] zero00596
2016-08-04 20:03:46,316 INFO [org.junit.Test] zero00597
2016-08-04 20:03:46,316 INFO [org.junit.Test] zero00598
2016-08-04 20:03:46,316 INFO [org.junit.Test] zero00599
2016-08-04 20:03:46,316 INFO [org.junit.Test] zero00600
2016-08-04 20:03:46,316 INFO [org.junit.Test] zero00601
2016-08-04 20:03:46,316 INFO [org.junit.Test] zero00602
2016-08-04 20:03:46,316 INFO [org.junit.Test] zero00603
2016-08-04 20:03:46,316 INFO [org.junit.Test] zero00604
2016-08-04 20:03:46,316 INFO [org.junit.Test] zero00605
2016-08-04 20:03:46,316 INFO [org.junit.Test] zero00606
2016-08-04 20:03:46,316 INFO [org.junit.Test] zero00607
2016-08-04 20:03:46,316 INFO [org.junit.Test] zero00608
2016-08-04 20:03:46,316 INFO [org.junit.Test] zero00609
2016-08-04 20:03:46,316 INFO [org.junit.Test] zero00610
2016-08-04 20:03:46,316 INFO [org.junit.Test] zero00611
2016-08-04 20:03:46,316 INFO [org.junit.Test] zero00612
2016-08-04 20:03:46,316 INFO [org.junit.Test] zero00613
2016-08-04 20:03:46,316 INFO [org.junit.Test] zero00614
2016-08-04 20:03:46,316 INFO [org.junit.Test] zero00615
2016-08-04 20:03:46,316 INFO [org.junit.Test] zero00616
2016-08-04 20:03:46,316 INFO [org.junit.Test] zero00617
2016-08-04 20:03:46,316 INFO [org.junit.Test] zero00618
2016-08-04 20:03:46,316 INFO [org.junit.Test] zero00619
2016-08-04 20:03:46,316 INFO [org.junit.Test] zero00620
2016-08-04 20:03:46,316 INFO [org.junit.Test] zero00621
2016-08-04 20:03:46,316 INFO [org.junit.Test] zero00622
2016-08-04 20:03:46,316 INFO [org.junit.Test] zero00623
2016-08-04 20:03:46,316 INFO [org.junit.Test] zero00624
2016-08-04 20:03:46,316 INFO [org.junit.Test] zero00625
2016-08-04 20:03:46,316 INFO [org.junit.Test] zero00626
2016-08-04 20:03:46,316 INFO [org.junit.Test] zero00627
2016-08-04 20:03:46,316 INFO [org.junit.Test] zero00628
2016-08-04 20:03:46,316 INFO [org.junit.Test] zero00629
2016-08-04 20:03:46,316 INFO [org.junit.Test] zero00630
2016-08-04 20:03:46,316 INFO [org.junit.Test] zero00631
2016-08-04 20:03:46,316 INFO [org.junit.Test] zero00632
2016-08-04 20:03:46,316 INFO [org.junit.Test] zero00633
2016-08-04 20:03:46,316 INFO [org.junit.Test] zero00634
2016-08-04 20:03:46,316 INFO [org.junit.Test] zero00635
2016-08-04 20:03:46,316 INFO [org.junit.Test] zero00636
2016-08-04 20:03:46,316 INFO [org.junit.Test] zero00637
2016-08-04 20:03:46,316 INFO [org.junit.Test] zero00638
2016-08-04 20:03:46,316 INFO [org.junit.Test] zero00639
2016-08-04 20:03:46,316 INFO [org.junit.Test] zero00640
2016-08-04 20:03:46,316 INFO [org.junit.Test] zero00641
2016-08-04 20:03:46,316 INFO [org.junit.Test] zero00642
2016-08-04 20:03:46,316 INFO [org.junit.Test] zero00643
2016-08-04 20:03:46,316 INFO [org.junit.Test] zero00644
2016-08-04 20:03:46,316 INFO [org.junit.Test] zero00645
2016-08-04 20:03:46,316 INFO [org.junit.Test] zero00646
2016-08-04 20:03:46,316 INFO [org.junit.Test] zero00647
2016-08-04 20:03:46,316 INFO [org.junit.Test] zero00648
2016-08-04 20:03:46,316 INFO [org.junit.Test] zero00649
2016-08-04 20:03:46,316 INFO [org.junit.Test] zero00650
2016-08-04 20:03:46,316 INFO [org.junit.Test] zero00651
2016-08-04 20:03:46,316 INFO [org.junit.Test] zero00652
2016-08-04 20:03:46,316 INFO [org.junit.Test] zero00653
2016-08-04 20:03:46,316 INFO [org.junit.Test] zero00654
2016-08-04 20:03:46,316 INFO [org.junit.Test] zero00655
2016-08-04 20:03:46,316 INFO [org.junit.Test] zero00656
2016-08-04 20:03:46,316 INFO [org.junit.Test] zero00657
2016-08-04 20:03:46,316 INFO [org.junit.Test] zero00658
2016-08-04 20:03:46,316 INFO [org.junit.Test] zero00659
2016-08-04 20:03:46,316 INFO [org.junit.Test] zero00660
2016-08-04 20:03:46,316 INFO [org.junit.Test] zero00661
2016-08-04 20:03:46,316 INFO [org.junit.Test] zero00662
2016-08-04 20:03:46,316 INFO [org.junit.Test] zero00663
2016-08-04 20:03:46,316 INFO [org.junit.Test] zero00664
2016-08-04 20:03:46,316 INFO [org.junit.Test] zero00665
2016-08-04 20:03:46,316 INFO [org.junit.Test] zero00666
2016-08-04 20:03:46,316 INFO [org.junit.Test] zero00667
2016-08-04 20:03:46,316 INFO [org.junit.Test] zero00668
2016-08-04 20:03:46,316 INFO [org.junit.Test] zero00669
2016-08-04 20:03:46,316 INFO [org.junit.Test] zero00670
2016-08-04 20:03:46,316 INFO [org.junit.Test] zero00671
2016-08-04 20:03:46,316 INFO [org.junit.Test] zero00672
2016-08-04 20:03:46,316 INFO [org.junit.Test] zero00673
2016-08-04 20:03:46,316 INFO [org.junit.Test] zero00674
2016-08-04 20:03:46,316 INFO [org.junit.Test] zero00675
2016-08-04 20:03:46,316 INFO [org.junit.Test] zero00676
2016-08-04 20:03:46,316 INFO [org.junit.Test] zero00677
2016-08-04 20:03:46,316 INFO [org.junit.Test] zero00678
2016-08-04 20:03:46,316 INFO [org.junit.Test] zero00679
2016-08-04 20:03:46,316 INFO [org.junit.Test] zero00680
2016-08-04 20:03:46,316 INFO [org.junit.Test] zero00681
2016-08-04 20:03:46,316 INFO [org.junit.Test] zero00682
2016-08-04 20:03:46,316 INFO [org.junit.Test] zero00683
2016-08-04 20:03:46,316 INFO [org.junit.Test] zero00684
2016-08-04 20:03:46,316 INFO [org.junit.Test] zero00685
2016-08-04 20:03:46,316 INFO [org.junit.Test] zero00686
2016-08-04 20:03:46,316 INFO [org.junit.Test] zero00687
2016-08-04 20:03:46,316 INFO [org.junit.Test] zero00688
2016-08-04 20:03:46,316 INFO [org.junit.Test] zero00689
2016-08-04 20:03:46,316 INFO [org.junit.Test] zero00690
2016-08-04 20:03:46,316 INFO [org.junit.Test] zero00691
2016-08-04 20:03:46,316 INFO [org.junit.Test] zero00692
2016-08-04 20:03:46,316 INFO [org.junit.Test] zero00693
2016-08-04 20:03:46,316 INFO [org.junit.Test] zero00694
2016-08-04 20:03:46,316 INFO [org.junit.Test] zero00695
2016-08-04 20:03:46,316 INFO [org.junit.Test] zero00696
2016-08-04 20:03:46,316 INFO [org.junit.Test] zero00697
2016-08-04 20:03:46,316 INFO [org.junit.Test] zero00698
2016-08-04 20:03:46,316 INFO [org.junit.Test] zero00699
2016-08-04 20:03:46,316 INFO [org.junit.Test] zero00700
2016-08-04 20:03:46,316 INFO [org.junit.Test] zero00701
2016-08-04 20:03:46,316 INFO [org.junit.Test] zero00702
2016-08-04 20:03:46,316 INFO [org.junit.Test] zero00703
2016-08-04 20:03:46,316 INFO [org.junit.Test] zero00704
2016-08-04 20:03:46,316 INFO [org.junit.Test] zero00705
2016-08-04 20:03:46,316 INFO [org.junit.Test] zero00706
2016-08-04 20:03:46,316 INFO [org.junit.Test] zero00707
2016-08-04 20:03:46,316 INFO [org.junit.Test] zero00708
2016-08-04 20:03:46,316 INFO [org.junit.Test] zero00709
2016-08-04 20:03:46,316 INFO [org.junit.Test] zero00710
2016-08-04 20:03:46,316 INFO [org.junit.Test] zero00711
2016-08-04 20:03:46,316 INFO [org.junit.Test] zero00712
2016-08-04 20:03:46,316 INFO [org.junit.Test] zero00713
2016-08-04 20:03:46,316 INFO [org.junit.Test] zero00714
2016-08-04 20:03:46,316 INFO [org.junit.Test] zero00715
2016-08-04 20:03:46,316 INFO [org.junit.Test] zero00716
2016-08-04 20:03:46,316 INFO [org.junit.Test] zero00717
2016-08-04 20:03:46,316 INFO [org.junit.Test] zero00718
2016-08-04 20:03:46,316 INFO [org.junit.Test] zero00719
2016-08-04 20:03:46,316 INFO [org.junit.Test] zero00720
2016-08-04 20:03:46,316 INFO [org.junit.Test] zero00721
2016-08-04 20:03:46,316 INFO [org.junit.Test] zero00722
2016-08-04 20:03:46,316 INFO [org.junit.Test] zero00723
2016-08-04 20:03:46,316 INFO [org.junit.Test] zero00724
2016-08-04 20:03:46,316 INFO [org.junit.Test] zero00725
2016-08-04 20:03:46,316 INFO [org.junit.Test] zero00726
2016-08-04 20:03:46,316 INFO [org.junit.Test] zero00727
2016-08-04 20:03:46,316 INFO [org.junit.Test] zero00728
2016-08-04 20:03:46,316 INFO [org.junit.Test] zero00729
2016-08-04 20:03:46,316 INFO [org.junit.Test] zero00730
2016-08-04 20:03:46,316 INFO [org.junit.Test] zero00731
2016-08-04 20:03:46,316 INFO [org.junit.Test] zero00732
2016-08-04 20:03:46,316 INFO [org.junit.Test] zero00733
2016-08-04 20:03:46,316 INFO [org.junit.Test] zero00734
2016-08-04 20:03:46,316 INFO [org.junit.Test] zero00735
2016-08-04 20:03:46,316 INFO [org.junit.Test] zero00736
2016-08-04 20:03:46,316 INFO [org.junit.Test] zero00737
2016-08-04 20:03:46,316 INFO [org.junit.Test] zero00738
2016-08-04 20:03:46,316 INFO [org.junit.Test] zero00739
2016-08-04 20:03:46,316 INFO [org.junit.Test] zero00740
2016-08-04 20:03:46,316 INFO [org.junit.Test] zero00741
2016-08-04 20:03:46,316 INFO [org.junit.Test] zero00742
2016-08-04 20:03:46,316 INFO [org.junit.Test] zero00743
2016-08-04 20:03:46,316 INFO [org.junit.Test] zero00744
2016-08-04 20:03:46,316 INFO [org.junit.Test] zero00745
2016-08-04 20:03:46,316 INFO [org.junit.Test] zero00746
2016-08-04 20:03:46,316 INFO [org.junit.Test] zero00747
2016-08-04 20:03:46,316 INFO [org.junit.Test] zero00748
2016-08-04 20:03:46,316 INFO [org.junit.Test] zero00749
2016-08-04 20:03:46,316 INFO [org.junit.Test] zero00750
2016-08-04 20:03:46,316 INFO [org.junit.Test] zero00751
2016-08-04 20:03:46,316 INFO [org.junit.Test] zero00752
2016-08-04 20:03:46,316 INFO [org.junit.Test] zero00753
2016-08-04 20:03:46,316 INFO [org.junit.Test] zero00754
2016-08-04 20:03:46,316 INFO [org.junit.Test] zero00755
2016-08-04 20:03:46,316 INFO [org.junit.Test] zero00756
2016-08-04 20:03:46,316 INFO [org.junit.Test] zero00757
2016-08-04 20:03:46,316 INFO [org.junit.Test] zero00758
2016-08-04 20:03:46,316 INFO [org.junit.Test] zero00759
2016-08-04 20:03:46,316 INFO [org.junit.Test] zero00760
2016-08-04 20:03:46,316 INFO [org.junit.Test] zero00761
2016-08-04 20:03:46,316 INFO [org.junit.Test] zero00762
2016-08-04 20:03:46,316 INFO [org.junit.Test] zero00763
2016-08-04 20:03:46,316 INFO [org.junit.Test] zero00764
2016-08-04 20:03:46,316 INFO [org.junit.Test] zero00765
2016-08-04 20:03:46,316 INFO [org.junit.Test] zero00766
2016-08-04 20:03:46,316 INFO [org.junit.Test] zero00767
2016-08-04 20:03:46,316 INFO [org.junit.Test] zero00768
2016-08-04 20:03:46,316 INFO [org.junit.Test] zero00769
2016-08-04 20:03:46,316 INFO [org.junit.Test] zero00770
2016-08-04 20:03:46,316 INFO [org.junit.Test] zero00771
2016-08-04 20:03:46,316 INFO [org.junit.Test] zero00772
2016-08-04 20:03:46,316 INFO [org.junit.Test] zero00773
2016-08-04 20:03:46,316 INFO [org.junit.Test] zero00774
2016-08-04 20:03:46,316 INFO [org.junit.Test] zero00775
2016-08-04 20:03:46,316 INFO [org.junit.Test] zero00776
2016-08-04 20:03:46,316 INFO [org.junit.Test] zero00777
2016-08-04 20:03:46,316 INFO [org.junit.Test] zero00778
2016-08-04 20:03:46,316 INFO [org.junit.Test] zero00779
2016-08-04 20:03:46,316 INFO [org.junit.Test] zero00780
2016-08-04 20:03:46,316 INFO [org.junit.Test] zero00781
2016-08-04 20:03:46,316 INFO [org.junit.Test] zero00782
2016-08-04 20:03:46,316 INFO [org.junit.Test] zero00783
2016-08-04 20:03:46,316 INFO [org.junit.Test] zero00784
2016-08-04 20:03:46,316 INFO [org.junit.Test] zero00785
2016-08-04 20:03:46,316 INFO [org.junit.Test] zero00786
2016-08-04 20:03:46,316 INFO [org.junit.Test] zero00787
2016-08-04 20:03:46,316 INFO [org.junit.Test] zero00788
2016-08-04 20:03:46,316 INFO [org.junit.Test] zero00789
2016-08-04 20:03:46,316 INFO [org.junit.Test] zero00790
2016-08-04 20:03:46,316 INFO [org.junit.Test] zero00791
2016-08-04 20:03:46,316 INFO [org.junit.Test] zero00792
2016-08-04 20:03:46,316 INFO [org.junit.Test] zero00793
2016-08-04 20:03:46,316 INFO [org.junit.Test] zero00794
2016-08-04 20:03:46,316 INFO [org.junit.Test] zero00795
2016-08-04 20:03:46,316 INFO [org.junit.Test] zero00796
2016-08-04 20:03:46,316 INFO [org.junit.Test] zero00797
2016-08-04 20:03:46,316 INFO [org.junit.Test] zero00798
2016-08-04 20:03:46,316 INFO [org.junit.Test] zero00799
2016-08-04 20:03:46,316 INFO [org.junit.Test] zero00800
2016-08-04 20:03:46,316 INFO [org.junit.Test] zero00801
2016-08-04 20:03:46,316 INFO [org.junit.Test] zero00802
2016-08-04 20:03:46,316 INFO [org.junit.Test] zero00803
2016-08-04 20:03:46,316 INFO [org.junit.Test] zero00804
2016-08-04 20:03:46,316 INFO [org.junit.Test] zero00805
2016-08-04 20:03:46,316 INFO [org.junit.Test] zero00806
2016-08-04 20:03:46,316 INFO [org.junit.Test] zero00807
2016-08-04 20:03:46,316 INFO [org.junit.Test] zero00808
2016-08-04 20:03:46,316 INFO [org.junit.Test] zero00809
2016-08-04 20:03:46,316 INFO [org.junit.Test] zero00810
2016-08-04 20:03:46,316 INFO [org.junit.Test] zero00811
2016-08-04 20:03:46,316 INFO [org.junit.Test] zero00812
2016-08-04 20:03:46,316 INFO [org.junit.Test] zero00813
2016-08-04 20:03:46,316 INFO [org.junit.Test] zero00814
2016-08-04 20:03:46,316 INFO [org.junit.Test] zero00815
2016-08-04 20:03:46,316 INFO [org.junit.Test] zero00816
2016-08-04 20:03:46,316 INFO [org.junit.Test] zero00817
2016-08-04 20:03:46,316 INFO [org.junit.Test] zero00818
2016-08-04 20:03:46,316 INFO [org.junit.Test] zero00819
2016-08-04 20:03:46,316 INFO [org.junit.Test] zero00820
2016-08-04 20:03:46,316 INFO [org.junit.Test] zero00821
2016-08-04 20:03:46,316 INFO [org.junit.Test] zero00822
2016-08-04 20:03:46,316 INFO [org.junit.Test] zero00823
2016-08-04 20:03:46,316 INFO [org.junit.Test] zero00824
2016-08-04 20:03:46,316 INFO [org.junit.Test] zero00825
2016-08-04 20:03:46,316 INFO [org.junit.Test] zero00826
2016-08-04 20:03:46,316 INFO [org.junit.Test] zero00827
2016-08-04 20:03:46,316 INFO [org.junit.Test] zero00828
2016-08-04 20:03:46,316 INFO [org.junit.Test] zero00829
2016-08-04 20:03:46,316 INFO [org.junit.Test] zero00830
2016-08-04 20:03:46,316 INFO [org.junit.Test] zero00831
2016-08-04 20:03:46,316 INFO [org.junit.Test] zero00832
2016-08-04 20:03:46,317 INFO [org.junit.Test] zero00833
2016-08-04 20:03:46,317 INFO [org.junit.Test] zero00834
2016-08-04 20:03:46,317 INFO [org.junit.Test] zero00835
2016-08-04 20:03:46,317 INFO [org.junit.Test] zero00836
2016-08-04 20:03:46,317 INFO [org.junit.Test] zero00837
2016-08-04 20:03:46,317 INFO [org.junit.Test] zero00838
2016-08-04 20:03:46,317 INFO [org.junit.Test] zero00839
2016-08-04 20:03:46,317 INFO [org.junit.Test] zero00840
2016-08-04 20:03:46,317 INFO [org.junit.Test] zero00841
2016-08-04 20:03:46,317 INFO [org.junit.Test] zero00842
2016-08-04 20:03:46,317 INFO [org.junit.Test] zero00843
2016-08-04 20:03:46,317 INFO [org.junit.Test] zero00844
2016-08-04 20:03:46,317 INFO [org.junit.Test] zero00845
2016-08-04 20:03:46,317 INFO [org.junit.Test] zero00846
2016-08-04 20:03:46,317 INFO [org.junit.Test] zero00847
2016-08-04 20:03:46,317 INFO [org.junit.Test] zero00848
2016-08-04 20:03:46,317 INFO [org.junit.Test] zero00849
2016-08-04 20:03:46,317 INFO [org.junit.Test] zero00850
2016-08-04 20:03:46,317 INFO [org.junit.Test] zero00851
2016-08-04 20:03:46,317 INFO [org.junit.Test] zero00852
2016-08-04 20:03:46,317 INFO [org.junit.Test] zero00853
2016-08-04 20:03:46,317 INFO [org.junit.Test] zero00854
2016-08-04 20:03:46,317 INFO [org.junit.Test] zero00855
2016-08-04 20:03:46,317 INFO [org.junit.Test] zero00856
2016-08-04 20:03:46,317 INFO [org.junit.Test] zero00857
2016-08-04 20:03:46,317 INFO [org.junit.Test] zero00858
2016-08-04 20:03:46,317 INFO [org.junit.Test] zero00859
2016-08-04 20:03:46,317 INFO [org.junit.Test] zero00860
2016-08-04 20:03:46,317 INFO [org.junit.Test] zero00861
2016-08-04 20:03:46,317 INFO [org.junit.Test] zero00862
2016-08-04 20:03:46,317 INFO [org.junit.Test] zero00863
2016-08-04 20:03:46,317 INFO [org.junit.Test] zero00864
2016-08-04 20:03:46,317 INFO [org.junit.Test] zero00865
2016-08-04 20:03:46,317 INFO [org.junit.Test] zero00866
2016-08-04 20:03:46,317 INFO [org.junit.Test] zero00867
2016-08-04 20:03:46,317 INFO [org.junit.Test] zero00868
2016-08-04 20:03:46,317 INFO [org.junit.Test] zero00869
2016-08-04 20:03:46,317 INFO [org.junit.Test] zero00870
2016-08-04 20:03:46,317 INFO [org.junit.Test] zero00871
2016-08-04 20:03:46,317 INFO [org.junit.Test] zero00872
2016-08-04 20:03:46,317 INFO [org.junit.Test] zero00873
2016-08-04 20:03:46,317 INFO [org.junit.Test] zero00874
2016-08-04 20:03:46,317 INFO [org.junit.Test] zero00875
2016-08-04 20:03:46,317 INFO [org.junit.Test] zero00876
2016-08-04 20:03:46,317 INFO [org.junit.Test] zero00877
2016-08-04 20:03:46,317 INFO [org.junit.Test] zero00878
2016-08-04 20:03:46,317 INFO [org.junit.Test] zero00879
2016-08-04 20:03:46,317 INFO [org.junit.Test] zero00880
2016-08-04 20:03:46,317 INFO [org.junit.Test] zero00881
2016-08-04 20:03:46,317 INFO [org.junit.Test] zero00882
2016-08-04 20:03:46,317 INFO [org.junit.Test] zero00883
2016-08-04 20:03:46,317 INFO [org.junit.Test] zero00884
2016-08-04 20:03:46,317 INFO [org.junit.Test] zero00885
2016-08-04 20:03:46,317 INFO [org.junit.Test] zero00886
2016-08-04 20:03:46,317 INFO [org.junit.Test] zero00887
2016-08-04 20:03:46,317 INFO [org.junit.Test] zero00888
2016-08-04 20:03:46,317 INFO [org.junit.Test] zero00889
2016-08-04 20:03:46,317 INFO [org.junit.Test] zero00890
2016-08-04 20:03:46,317 INFO [org.junit.Test] zero00891
2016-08-04 20:03:46,317 INFO [org.junit.Test] zero00892
2016-08-04 20:03:46,317 INFO [org.junit.Test] zero00893
2016-08-04 20:03:46,317 INFO [org.junit.Test] zero00894
2016-08-04 20:03:46,317 INFO [org.junit.Test] zero00895
2016-08-04 20:03:46,317 INFO [org.junit.Test] zero00896
2016-08-04 20:03:46,317 INFO [org.junit.Test] zero00897
2016-08-04 20:03:46,317 INFO [org.junit.Test] zero00898
2016-08-04 20:03:46,317 INFO [org.junit.Test] zero00899
2016-08-04 20:03:46,317 INFO [org.junit.Test] zero00900
2016-08-04 20:03:46,317 INFO [org.junit.Test] zero00901
2016-08-04 20:03:46,317 INFO [org.junit.Test] zero00902
2016-08-04 20:03:46,317 INFO [org.junit.Test] zero00903
2016-08-04 20:03:46,317 INFO [org.junit.Test] zero00904
2016-08-04 20:03:46,317 INFO [org.junit.Test] zero00905
2016-08-04 20:03:46,317 INFO [org.junit.Test] zero00906
2016-08-04 20:03:46,317 INFO [org.junit.Test] zero00907
2016-08-04 20:03:46,317 INFO [org.junit.Test] zero00908
2016-08-04 20:03:46,317 INFO [org.junit.Test] zero00909
2016-08-04 20:03:46,317 INFO [org.junit.Test] zero00910
2016-08-04 20:03:46,317 INFO [org.junit.Test] zero00911
2016-08-04 20:03:46,317 INFO [org.junit.Test] zero00912
2016-08-04 20:03:46,317 INFO [org.junit.Test] zero00913
2016-08-04 20:03:46,317 INFO [org.junit.Test] zero00914
2016-08-04 20:03:46,317 INFO [org.junit.Test] zero00915
2016-08-04 20:03:46,317 INFO [org.junit.Test] zero00916
2016-08-04 20:03:46,317 INFO [org.junit.Test] zero00917
2016-08-04 20:03:46,317 INFO [org.junit.Test] zero00918
2016-08-04 20:03:46,317 INFO [org.junit.Test] zero00919
2016-08-04 20:03:46,317 INFO [org.junit.Test] zero00920
2016-08-04 20:03:46,317 INFO [org.junit.Test] zero00921
2016-08-04 20:03:46,317 INFO [org.junit.Test] zero00922
2016-08-04 20:03:46,317 INFO [org.junit.Test] zero00923
2016-08-04 20:03:46,317 INFO [org.junit.Test] zero00924
2016-08-04 20:03:46,317 INFO [org.junit.Test] zero00925
2016-08-04 20:03:46,317 INFO [org.junit.Test] zero00926
2016-08-04 20:03:46,317 INFO [org.junit.Test] zero00927
2016-08-04 20:03:46,317 INFO [org.junit.Test] zero00928
2016-08-04 20:03:46,317 INFO [org.junit.Test] zero00929
2016-08-04 20:03:46,317 INFO [org.junit.Test] zero00930
2016-08-04 20:03:46,317 INFO [org.junit.Test] zero00931
2016-08-04 20:03:46,317 INFO [org.junit.Test] zero00932
2016-08-04 20:03:46,317 INFO [org.junit.Test] zero00933
2016-08-04 20:03:46,317 INFO [org.junit.Test] zero00934
2016-08-04 20:03:46,317 INFO [org.junit.Test] zero00935
2016-08-04 20:03:46,317 INFO [org.junit.Test] zero00936
2016-08-04 20:03:46,317 INFO [org.junit.Test] zero00937
2016-08-04 20:03:46,317 INFO [org.junit.Test] zero00938
2016-08-04 20:03:46,317 INFO [org.junit.Test] zero00939
2016-08-04 20:03:46,317 INFO [org.junit.Test] zero00940
2016-08-04 20:03:46,317 INFO [org.junit.Test] zero00941
2016-08-04 20:03:46,317 INFO [org.junit.Test] zero00942
2016-08-04 20:03:46,317 INFO [org.junit.Test] zero00943
2016-08-04 20:03:46,317 INFO [org.junit.Test] zero00944
2016-08-04 20:03:46,317 INFO [org.junit.Test] zero00945
2016-08-04 20:03:46,317 INFO [org.junit.Test] zero00946
2016-08-04 20:03:46,317 INFO [org.junit.Test] zero00947
2016-08-04 20:03:46,317 INFO [org.junit.Test] zero00948
2016-08-04 20:03:46,317 INFO [org.junit.Test] zero00949
2016-08-04 20:03:46,317 INFO [org.junit.Test] zero00950
2016-08-04 20:03:46,317 INFO [org.junit.Test] zero00951
2016-08-04 20:03:46,317 INFO [org.junit.Test] zero00952
2016-08-04 20:03:46,317 INFO [org.junit.Test] zero00953
2016-08-04 20:03:46,317 INFO [org.junit.Test] zero00954
2016-08-04 20:03:46,317 INFO [org.junit.Test] zero00955
2016-08-04 20:03:46,317 INFO [org.junit.Test] zero00956
2016-08-04 20:03:46,317 INFO [org.junit.Test] zero00957
2016-08-04 20:03:46,317 INFO [org.junit.Test] zero00958
2016-08-04 20:03:46,317 INFO [org.junit.Test] zero00959
2016-08-04 20:03:46,317 INFO [org.junit.Test] zero00960
2016-08-04 20:03:46,317 INFO [org.junit.Test] zero00961
2016-08-04 20:03:46,317 INFO [org.junit.Test] zero00962
2016-08-04 20:03:46,317 INFO [org.junit.Test] zero00963
2016-08-04 20:03:46,317 INFO [org.junit.Test] zero00964
2016-08-04 20:03:46,317 INFO [org.junit.Test] zero00965
2016-08-04 20:03:46,317 INFO [org.junit.Test] zero00966
2016-08-04 20:03:46,317 INFO [org.junit.Test] zero00967
2016-08-04 20:03:46,317 INFO [org.junit.Test] zero00968
2016-08-04 20:03:46,317 INFO [org.junit.Test] zero00969
2016-08-04 20:03:46,317 INFO [org.junit.Test] zero00970
2016-08-04 20:03:46,317 INFO [org.junit.Test] zero00971
2016-08-04 20:03:46,317 INFO [org.junit.Test] zero00972
2016-08-04 20:03:46,317 INFO [org.junit.Test] zero00973
2016-08-04 20:03:46,317 INFO [org.junit.Test] zero00974
2016-08-04 20:03:46,317 INFO [org.junit.Test] zero00975
2016-08-04 20:03:46,317 INFO [org.junit.Test] zero00976
2016-08-04 20:03:46,317 INFO [org.junit.Test] zero00977
2016-08-04 20:03:46,317 INFO [org.junit.Test] zero00978
2016-08-04 20:03:46,317 INFO [org.junit.Test] zero00979
2016-08-04 20:03:46,317 INFO [org.junit.Test] zero00980
2016-08-04 20:03:46,317 INFO [org.junit.Test] zero00981
2016-08-04 20:03:46,317 INFO [org.junit.Test] zero00982
2016-08-04 20:03:46,317 INFO [org.junit.Test] zero00983
2016-08-04 20:03:46,317 INFO [org.junit.Test] zero00984
2016-08-04 20:03:46,317 INFO [org.junit.Test] zero00985
2016-08-04 20:03:46,317 INFO [org.junit.Test] zero00986
2016-08-04 20:03:46,317 INFO [org.junit.Test] zero00987
2016-08-04 20:03:46,317 INFO [org.junit.Test] zero00988
2016-08-04 20:03:46,317 INFO [org.junit.Test] zero00989
2016-08-04 20:03:46,317 INFO [org.junit.Test] zero00990
2016-08-04 20:03:46,317 INFO [org.junit.Test] zero00991
2016-08-04 20:03:46,317 INFO [org.junit.Test] zero00992
2016-08-04 20:03:46,317 INFO [org.junit.Test] zero00993
2016-08-04 20:03:46,317 INFO [org.junit.Test] zero00994
2016-08-04 20:03:46,317 INFO [org.junit.Test] zero00995
2016-08-04 20:03:46,317 INFO [org.junit.Test] zero00996
2016-08-04 20:03:46,317 INFO [org.junit.Test] zero00997
2016-08-04 20:03:46,317 INFO [org.junit.Test] zero00998
2016-08-04 20:03:46,317 INFO [org.junit.Test] zero00999
2016-08-04 20:03:49,318 INFO [org.junit.Test] zero000
2016-08-04 20:03:49,318 INFO [org.junit.Test] zero001
2016-08-04 20:03:49,318 INFO [org.junit.Test] zero002
2016-08-04 20:03:49,318 INFO [org.junit.Test] zero003
2016-08-04 20:03:49,318 INFO [org.junit.Test] zero004
2016-08-04 20:03:49,318 INFO [org.junit.Test] zero005
2016-08-04 20:03:49,318 INFO [org.junit.Test] zero006
2016-08-04 20:03:49,318 INFO [org.junit.Test] zero007
2016-08-04 20:03:49,318 INFO [org.junit.Test] zero008
2016-08-04 20:03:49,318 INFO [org.junit.Test] zero009
2016-08-04 20:03:49,318 INFO [org.junit.Test] zero0010
2016-08-04 20:03:49,318 INFO [org.junit.Test] zero0011
2016-08-04 20:03:49,318 INFO [org.junit.Test] zero0012
2016-08-04 20:03:49,318 INFO [org.junit.Test] zero0013
2016-08-04 20:03:49,318 INFO [org.junit.Test] zero0014
2016-08-04 20:03:49,318 INFO [org.junit.Test] zero0015
2016-08-04 20:03:49,318 INFO [org.junit.Test] zero0016
2016-08-04 20:03:49,318 INFO [org.junit.Test] zero0017
2016-08-04 20:03:49,318 INFO [org.junit.Test] zero0018
2016-08-04 20:03:49,318 INFO [org.junit.Test] zero0019
2016-08-04 20:03:49,318 INFO [org.junit.Test] zero0020
2016-08-04 20:03:49,318 INFO [org.junit.Test] zero0021
2016-08-04 20:03:49,318 INFO [org.junit.Test] zero0022
2016-08-04 20:03:49,318 INFO [org.junit.Test] zero0023
2016-08-04 20:03:49,318 INFO [org.junit.Test] zero0024
2016-08-04 20:03:49,318 INFO [org.junit.Test] zero0025
2016-08-04 20:03:49,318 INFO [org.junit.Test] zero0026
2016-08-04 20:03:49,318 INFO [org.junit.Test] zero0027
2016-08-04 20:03:49,318 INFO [org.junit.Test] zero0028
2016-08-04 20:03:49,318 INFO [org.junit.Test] zero0029
2016-08-04 20:03:49,318 INFO [org.junit.Test] zero0030
2016-08-04 20:03:49,318 INFO [org.junit.Test] zero0031
2016-08-04 20:03:49,318 INFO [org.junit.Test] zero0032
2016-08-04 20:03:49,318 INFO [org.junit.Test] zero0033
2016-08-04 20:03:49,318 INFO [org.junit.Test] zero0034
2016-08-04 20:03:49,318 INFO [org.junit.Test] zero0035
2016-08-04 20:03:49,318 INFO [org.junit.Test] zero0036
2016-08-04 20:03:49,318 INFO [org.junit.Test] zero0037
2016-08-04 20:03:49,318 INFO [org.junit.Test] zero0038
2016-08-04 20:03:49,318 INFO [org.junit.Test] zero0039
2016-08-04 20:03:49,318 INFO [org.junit.Test] zero0040
2016-08-04 20:03:49,318 INFO [org.junit.Test] zero0041
2016-08-04 20:03:49,318 INFO [org.junit.Test] zero0042
2016-08-04 20:03:49,318 INFO [org.junit.Test] zero0043
2016-08-04 20:03:49,318 INFO [org.junit.Test] zero0044
2016-08-04 20:03:49,318 INFO [org.junit.Test] zero0045
2016-08-04 20:03:49,318 INFO [org.junit.Test] zero0046
2016-08-04 20:03:49,318 INFO [org.junit.Test] zero0047
2016-08-04 20:03:49,318 INFO [org.junit.Test] zero0048
2016-08-04 20:03:49,318 INFO [org.junit.Test] zero0049
2016-08-04 20:03:49,318 INFO [org.junit.Test] zero0050
2016-08-04 20:03:49,318 INFO [org.junit.Test] zero0051
2016-08-04 20:03:49,318 INFO [org.junit.Test] zero0052
2016-08-04 20:03:49,318 INFO [org.junit.Test] zero0053
2016-08-04 20:03:49,318 INFO [org.junit.Test] zero0054
2016-08-04 20:03:49,318 INFO [org.junit.Test] zero0055
2016-08-04 20:03:49,318 INFO [org.junit.Test] zero0056
2016-08-04 20:03:49,318 INFO [org.junit.Test] zero0057
2016-08-04 20:03:49,318 INFO [org.junit.Test] zero0058
2016-08-04 20:03:49,318 INFO [org.junit.Test] zero0059
2016-08-04 20:03:49,318 INFO [org.junit.Test] zero0060
2016-08-04 20:03:49,318 INFO [org.junit.Test] zero0061
2016-08-04 20:03:49,318 INFO [org.junit.Test] zero0062
2016-08-04 20:03:49,318 INFO [org.junit.Test] zero0063
2016-08-04 20:03:49,318 INFO [org.junit.Test] zero0064
2016-08-04 20:03:49,318 INFO [org.junit.Test] zero0065
2016-08-04 20:03:49,318 INFO [org.junit.Test] zero0066
2016-08-04 20:03:49,318 INFO [org.junit.Test] zero0067
2016-08-04 20:03:49,318 INFO [org.junit.Test] zero0068
2016-08-04 20:03:49,318 INFO [org.junit.Test] zero0069
2016-08-04 20:03:49,318 INFO [org.junit.Test] zero0070
2016-08-04 20:03:49,318 INFO [org.junit.Test] zero0071
2016-08-04 20:03:49,318 INFO [org.junit.Test] zero0072
2016-08-04 20:03:49,318 INFO [org.junit.Test] zero0073
2016-08-04 20:03:49,318 INFO [org.junit.Test] zero0074
2016-08-04 20:03:49,318 INFO [org.junit.Test] zero0075
2016-08-04 20:03:49,318 INFO [org.junit.Test] zero0076
2016-08-04 20:03:49,318 INFO [org.junit.Test] zero0077
2016-08-04 20:03:49,318 INFO [org.junit.Test] zero0078
2016-08-04 20:03:49,318 INFO [org.junit.Test] zero0079
2016-08-04 20:03:49,318 INFO [org.junit.Test] zero0080
2016-08-04 20:03:49,318 INFO [org.junit.Test] zero0081
2016-08-04 20:03:49,318 INFO [org.junit.Test] zero0082
2016-08-04 20:03:49,318 INFO [org.junit.Test] zero0083
2016-08-04 20:03:49,318 INFO [org.junit.Test] zero0084
2016-08-04 20:03:49,318 INFO [org.junit.Test] zero0085
2016-08-04 20:03:49,318 INFO [org.junit.Test] zero0086
2016-08-04 20:03:49,318 INFO [org.junit.Test] zero0087
2016-08-04 20:03:49,318 INFO [org.junit.Test] zero0088
2016-08-04 20:03:49,318 INFO [org.junit.Test] zero0089
2016-08-04 20:03:49,318 INFO [org.junit.Test] zero0090
2016-08-04 20:03:49,318 INFO [org.junit.Test] zero0091
2016-08-04 20:03:49,318 INFO [org.junit.Test] zero0092
2016-08-04 20:03:49,318 INFO [org.junit.Test] zero0093
2016-08-04 20:03:49,318 INFO [org.junit.Test] zero0094
2016-08-04 20:03:49,318 INFO [org.junit.Test] zero0095
2016-08-04 20:03:49,318 INFO [org.junit.Test] zero0096
2016-08-04 20:03:49,318 INFO [org.junit.Test] zero0097
2016-08-04 20:03:49,318 INFO [org.junit.Test] zero0098
2016-08-04 20:03:49,318 INFO [org.junit.Test] zero0099
2016-08-04 20:03:49,318 INFO [org.junit.Test] zero00100
2016-08-04 20:03:49,318 INFO [org.junit.Test] zero00101
2016-08-04 20:03:49,318 INFO [org.junit.Test] zero00102
2016-08-04 20:03:49,318 INFO [org.junit.Test] zero00103
2016-08-04 20:03:49,318 INFO [org.junit.Test] zero00104
2016-08-04 20:03:49,318 INFO [org.junit.Test] zero00105
2016-08-04 20:03:49,318 INFO [org.junit.Test] zero00106
2016-08-04 20:03:49,318 INFO [org.junit.Test] zero00107
2016-08-04 20:03:49,318 INFO [org.junit.Test] zero00108
2016-08-04 20:03:49,318 INFO [org.junit.Test] zero00109
2016-08-04 20:03:49,318 INFO [org.junit.Test] zero00110
2016-08-04 20:03:49,318 INFO [org.junit.Test] zero00111
2016-08-04 20:03:49,318 INFO [org.junit.Test] zero00112
2016-08-04 20:03:49,318 INFO [org.junit.Test] zero00113
2016-08-04 20:03:49,318 INFO [org.junit.Test] zero00114
2016-08-04 20:03:49,318 INFO [org.junit.Test] zero00115
2016-08-04 20:03:49,318 INFO [org.junit.Test] zero00116
2016-08-04 20:03:49,318 INFO [org.junit.Test] zero00117
2016-08-04 20:03:49,318 INFO [org.junit.Test] zero00118
2016-08-04 20:03:49,318 INFO [org.junit.Test] zero00119
2016-08-04 20:03:49,318 INFO [org.junit.Test] zero00120
2016-08-04 20:03:49,318 INFO [org.junit.Test] zero00121
2016-08-04 20:03:49,318 INFO [org.junit.Test] zero00122
2016-08-04 20:03:49,318 INFO [org.junit.Test] zero00123
2016-08-04 20:03:49,318 INFO [org.junit.Test] zero00124
2016-08-04 20:03:49,318 INFO [org.junit.Test] zero00125
2016-08-04 20:03:49,318 INFO [org.junit.Test] zero00126
2016-08-04 20:03:49,318 INFO [org.junit.Test] zero00127
2016-08-04 20:03:49,318 INFO [org.junit.Test] zero00128
2016-08-04 20:03:49,318 INFO [org.junit.Test] zero00129
2016-08-04 20:03:49,318 INFO [org.junit.Test] zero00130
2016-08-04 20:03:49,318 INFO [org.junit.Test] zero00131
2016-08-04 20:03:49,318 INFO [org.junit.Test] zero00132
2016-08-04 20:03:49,318 INFO [org.junit.Test] zero00133
2016-08-04 20:03:49,318 INFO [org.junit.Test] zero00134
2016-08-04 20:03:49,318 INFO [org.junit.Test] zero00135
2016-08-04 20:03:49,318 INFO [org.junit.Test] zero00136
2016-08-04 20:03:49,318 INFO [org.junit.Test] zero00137
2016-08-04 20:03:49,318 INFO [org.junit.Test] zero00138
2016-08-04 20:03:49,318 INFO [org.junit.Test] zero00139
2016-08-04 20:03:49,318 INFO [org.junit.Test] zero00140
2016-08-04 20:03:49,318 INFO [org.junit.Test] zero00141
2016-08-04 20:03:49,318 INFO [org.junit.Test] zero00142
2016-08-04 20:03:49,318 INFO [org.junit.Test] zero00143
2016-08-04 20:03:49,318 INFO [org.junit.Test] zero00144
2016-08-04 20:03:49,318 INFO [org.junit.Test] zero00145
2016-08-04 20:03:49,318 INFO [org.junit.Test] zero00146
2016-08-04 20:03:49,318 INFO [org.junit.Test] zero00147
2016-08-04 20:03:49,318 INFO [org.junit.Test] zero00148
2016-08-04 20:03:49,318 INFO [org.junit.Test] zero00149
2016-08-04 20:03:49,318 INFO [org.junit.Test] zero00150
2016-08-04 20:03:49,318 INFO [org.junit.Test] zero00151
2016-08-04 20:03:49,318 INFO [org.junit.Test] zero00152
2016-08-04 20:03:49,318 INFO [org.junit.Test] zero00153
2016-08-04 20:03:49,318 INFO [org.junit.Test] zero00154
2016-08-04 20:03:49,318 INFO [org.junit.Test] zero00155
2016-08-04 20:03:49,318 INFO [org.junit.Test] zero00156
2016-08-04 20:03:49,318 INFO [org.junit.Test] zero00157
2016-08-04 20:03:49,318 INFO [org.junit.Test] zero00158
2016-08-04 20:03:49,318 INFO [org.junit.Test] zero00159
2016-08-04 20:03:49,318 INFO [org.junit.Test] zero00160
2016-08-04 20:03:49,318 INFO [org.junit.Test] zero00161
2016-08-04 20:03:49,318 INFO [org.junit.Test] zero00162
2016-08-04 20:03:49,318 INFO [org.junit.Test] zero00163
2016-08-04 20:03:49,318 INFO [org.junit.Test] zero00164
2016-08-04 20:03:49,318 INFO [org.junit.Test] zero00165
2016-08-04 20:03:49,318 INFO [org.junit.Test] zero00166
2016-08-04 20:03:49,318 INFO [org.junit.Test] zero00167
2016-08-04 20:03:49,318 INFO [org.junit.Test] zero00168
2016-08-04 20:03:49,318 INFO [org.junit.Test] zero00169
2016-08-04 20:03:49,318 INFO [org.junit.Test] zero00170
2016-08-04 20:03:49,318 INFO [org.junit.Test] zero00171
2016-08-04 20:03:49,318 INFO [org.junit.Test] zero00172
2016-08-04 20:03:49,318 INFO [org.junit.Test] zero00173
2016-08-04 20:03:49,318 INFO [org.junit.Test] zero00174
2016-08-04 20:03:49,318 INFO [org.junit.Test] zero00175
2016-08-04 20:03:49,318 INFO [org.junit.Test] zero00176
2016-08-04 20:03:49,318 INFO [org.junit.Test] zero00177
2016-08-04 20:03:49,318 INFO [org.junit.Test] zero00178
2016-08-04 20:03:49,318 INFO [org.junit.Test] zero00179
2016-08-04 20:03:49,318 INFO [org.junit.Test] zero00180
2016-08-04 20:03:49,318 INFO [org.junit.Test] zero00181
2016-08-04 20:03:49,318 INFO [org.junit.Test] zero00182
2016-08-04 20:03:49,318 INFO [org.junit.Test] zero00183
2016-08-04 20:03:49,318 INFO [org.junit.Test] zero00184
2016-08-04 20:03:49,318 INFO [org.junit.Test] zero00185
2016-08-04 20:03:49,318 INFO [org.junit.Test] zero00186
2016-08-04 20:03:49,318 INFO [org.junit.Test] zero00187
2016-08-04 20:03:49,318 INFO [org.junit.Test] zero00188
2016-08-04 20:03:49,318 INFO [org.junit.Test] zero00189
2016-08-04 20:03:49,318 INFO [org.junit.Test] zero00190
2016-08-04 20:03:49,318 INFO [org.junit.Test] zero00191
2016-08-04 20:03:49,318 INFO [org.junit.Test] zero00192
2016-08-04 20:03:49,318 INFO [org.junit.Test] zero00193
2016-08-04 20:03:49,318 INFO [org.junit.Test] zero00194
2016-08-04 20:03:49,318 INFO [org.junit.Test] zero00195
2016-08-04 20:03:49,318 INFO [org.junit.Test] zero00196
2016-08-04 20:03:49,318 INFO [org.junit.Test] zero00197
2016-08-04 20:03:49,318 INFO [org.junit.Test] zero00198
2016-08-04 20:03:49,318 INFO [org.junit.Test] zero00199
2016-08-04 20:03:49,318 INFO [org.junit.Test] zero00200
2016-08-04 20:03:49,318 INFO [org.junit.Test] zero00201
2016-08-04 20:03:49,318 INFO [org.junit.Test] zero00202
2016-08-04 20:03:49,318 INFO [org.junit.Test] zero00203
2016-08-04 20:03:49,318 INFO [org.junit.Test] zero00204
2016-08-04 20:03:49,318 INFO [org.junit.Test] zero00205
2016-08-04 20:03:49,318 INFO [org.junit.Test] zero00206
2016-08-04 20:03:49,318 INFO [org.junit.Test] zero00207
2016-08-04 20:03:49,318 INFO [org.junit.Test] zero00208
2016-08-04 20:03:49,318 INFO [org.junit.Test] zero00209
2016-08-04 20:03:49,318 INFO [org.junit.Test] zero00210
2016-08-04 20:03:49,318 INFO [org.junit.Test] zero00211
2016-08-04 20:03:49,318 INFO [org.junit.Test] zero00212
2016-08-04 20:03:49,318 INFO [org.junit.Test] zero00213
2016-08-04 20:03:49,318 INFO [org.junit.Test] zero00214
2016-08-04 20:03:49,318 INFO [org.junit.Test] zero00215
2016-08-04 20:03:49,318 INFO [org.junit.Test] zero00216
2016-08-04 20:03:49,318 INFO [org.junit.Test] zero00217
2016-08-04 20:03:49,318 INFO [org.junit.Test] zero00218
2016-08-04 20:03:49,318 INFO [org.junit.Test] zero00219
2016-08-04 20:03:49,318 INFO [org.junit.Test] zero00220
2016-08-04 20:03:49,318 INFO [org.junit.Test] zero00221
2016-08-04 20:03:49,318 INFO [org.junit.Test] zero00222
2016-08-04 20:03:49,318 INFO [org.junit.Test] zero00223
2016-08-04 20:03:49,318 INFO [org.junit.Test] zero00224
2016-08-04 20:03:49,318 INFO [org.junit.Test] zero00225
2016-08-04 20:03:49,318 INFO [org.junit.Test] zero00226
2016-08-04 20:03:49,318 INFO [org.junit.Test] zero00227
2016-08-04 20:03:49,318 INFO [org.junit.Test] zero00228
2016-08-04 20:03:49,318 INFO [org.junit.Test] zero00229
2016-08-04 20:03:49,318 INFO [org.junit.Test] zero00230
2016-08-04 20:03:49,318 INFO [org.junit.Test] zero00231
2016-08-04 20:03:49,318 INFO [org.junit.Test] zero00232
2016-08-04 20:03:49,318 INFO [org.junit.Test] zero00233
2016-08-04 20:03:49,318 INFO [org.junit.Test] zero00234
2016-08-04 20:03:49,318 INFO [org.junit.Test] zero00235
2016-08-04 20:03:49,318 INFO [org.junit.Test] zero00236
2016-08-04 20:03:49,318 INFO [org.junit.Test] zero00237
2016-08-04 20:03:49,318 INFO [org.junit.Test] zero00238
2016-08-04 20:03:49,318 INFO [org.junit.Test] zero00239
2016-08-04 20:03:49,318 INFO [org.junit.Test] zero00240
2016-08-04 20:03:49,318 INFO [org.junit.Test] zero00241
2016-08-04 20:03:49,318 INFO [org.junit.Test] zero00242
2016-08-04 20:03:49,318 INFO [org.junit.Test] zero00243
2016-08-04 20:03:49,318 INFO [org.junit.Test] zero00244
2016-08-04 20:03:49,318 INFO [org.junit.Test] zero00245
2016-08-04 20:03:49,318 INFO [org.junit.Test] zero00246
2016-08-04 20:03:49,318 INFO [org.junit.Test] zero00247
2016-08-04 20:03:49,318 INFO [org.junit.Test] zero00248
2016-08-04 20:03:49,318 INFO [org.junit.Test] zero00249
2016-08-04 20:03:49,318 INFO [org.junit.Test] zero00250
2016-08-04 20:03:49,318 INFO [org.junit.Test] zero00251
2016-08-04 20:03:49,318 INFO [org.junit.Test] zero00252
2016-08-04 20:03:49,318 INFO [org.junit.Test] zero00253
2016-08-04 20:03:49,318 INFO [org.junit.Test] zero00254
2016-08-04 20:03:49,318 INFO [org.junit.Test] zero00255
2016-08-04 20:03:49,318 INFO [org.junit.Test] zero00256
2016-08-04 20:03:49,318 INFO [org.junit.Test] zero00257
2016-08-04 20:03:49,318 INFO [org.junit.Test] zero00258
2016-08-04 20:03:49,318 INFO [org.junit.Test] zero00259
2016-08-04 20:03:49,318 INFO [org.junit.Test] zero00260
2016-08-04 20:03:49,318 INFO [org.junit.Test] zero00261
2016-08-04 20:03:49,318 INFO [org.junit.Test] zero00262
2016-08-04 20:03:49,318 INFO [org.junit.Test] zero00263
2016-08-04 20:03:49,318 INFO [org.junit.Test] zero00264
2016-08-04 20:03:49,318 INFO [org.junit.Test] zero00265
2016-08-04 20:03:49,318 INFO [org.junit.Test] zero00266
2016-08-04 20:03:49,318 INFO [org.junit.Test] zero00267
2016-08-04 20:03:49,318 INFO [org.junit.Test] zero00268
2016-08-04 20:03:49,318 INFO [org.junit.Test] zero00269
2016-08-04 20:03:49,318 INFO [org.junit.Test] zero00270
2016-08-04 20:03:49,318 INFO [org.junit.Test] zero00271
2016-08-04 20:03:49,318 INFO [org.junit.Test] zero00272
2016-08-04 20:03:49,318 INFO [org.junit.Test] zero00273
2016-08-04 20:03:49,318 INFO [org.junit.Test] zero00274
2016-08-04 20:03:49,318 INFO [org.junit.Test] zero00275
2016-08-04 20:03:49,318 INFO [org.junit.Test] zero00276
2016-08-04 20:03:49,318 INFO [org.junit.Test] zero00277
2016-08-04 20:03:49,318 INFO [org.junit.Test] zero00278
2016-08-04 20:03:49,318 INFO [org.junit.Test] zero00279
2016-08-04 20:03:49,318 INFO [org.junit.Test] zero00280
2016-08-04 20:03:49,318 INFO [org.junit.Test] zero00281
2016-08-04 20:03:49,318 INFO [org.junit.Test] zero00282
2016-08-04 20:03:49,318 INFO [org.junit.Test] zero00283
2016-08-04 20:03:49,318 INFO [org.junit.Test] zero00284
2016-08-04 20:03:49,318 INFO [org.junit.Test] zero00285
2016-08-04 20:03:49,318 INFO [org.junit.Test] zero00286
2016-08-04 20:03:49,318 INFO [org.junit.Test] zero00287
2016-08-04 20:03:49,318 INFO [org.junit.Test] zero00288
2016-08-04 20:03:49,318 INFO [org.junit.Test] zero00289
2016-08-04 20:03:49,318 INFO [org.junit.Test] zero00290
2016-08-04 20:03:49,318 INFO [org.junit.Test] zero00291
2016-08-04 20:03:49,318 INFO [org.junit.Test] zero00292
2016-08-04 20:03:49,318 INFO [org.junit.Test] zero00293
2016-08-04 20:03:49,318 INFO [org.junit.Test] zero00294
2016-08-04 20:03:49,318 INFO [org.junit.Test] zero00295
2016-08-04 20:03:49,318 INFO [org.junit.Test] zero00296
2016-08-04 20:03:49,318 INFO [org.junit.Test] zero00297
2016-08-04 20:03:49,318 INFO [org.junit.Test] zero00298
2016-08-04 20:03:49,318 INFO [org.junit.Test] zero00299
2016-08-04 20:03:49,318 INFO [org.junit.Test] zero00300
2016-08-04 20:03:49,318 INFO [org.junit.Test] zero00301
2016-08-04 20:03:49,318 INFO [org.junit.Test] zero00302
2016-08-04 20:03:49,318 INFO [org.junit.Test] zero00303
2016-08-04 20:03:49,318 INFO [org.junit.Test] zero00304
2016-08-04 20:03:49,318 INFO [org.junit.Test] zero00305
2016-08-04 20:03:49,318 INFO [org.junit.Test] zero00306
2016-08-04 20:03:49,318 INFO [org.junit.Test] zero00307
2016-08-04 20:03:49,318 INFO [org.junit.Test] zero00308
2016-08-04 20:03:49,318 INFO [org.junit.Test] zero00309
2016-08-04 20:03:49,318 INFO [org.junit.Test] zero00310
2016-08-04 20:03:49,318 INFO [org.junit.Test] zero00311
2016-08-04 20:03:49,318 INFO [org.junit.Test] zero00312
2016-08-04 20:03:49,318 INFO [org.junit.Test] zero00313
2016-08-04 20:03:49,318 INFO [org.junit.Test] zero00314
2016-08-04 20:03:49,318 INFO [org.junit.Test] zero00315
2016-08-04 20:03:49,318 INFO [org.junit.Test] zero00316
2016-08-04 20:03:49,318 INFO [org.junit.Test] zero00317
2016-08-04 20:03:49,318 INFO [org.junit.Test] zero00318
2016-08-04 20:03:49,318 INFO [org.junit.Test] zero00319
2016-08-04 20:03:49,318 INFO [org.junit.Test] zero00320
2016-08-04 20:03:49,318 INFO [org.junit.Test] zero00321
2016-08-04 20:03:49,318 INFO [org.junit.Test] zero00322
2016-08-04 20:03:49,318 INFO [org.junit.Test] zero00323
2016-08-04 20:03:49,318 INFO [org.junit.Test] zero00324
2016-08-04 20:03:49,318 INFO [org.junit.Test] zero00325
2016-08-04 20:03:49,318 INFO [org.junit.Test] zero00326
2016-08-04 20:03:49,318 INFO [org.junit.Test] zero00327
2016-08-04 20:03:49,318 INFO [org.junit.Test] zero00328
2016-08-04 20:03:49,318 INFO [org.junit.Test] zero00329
2016-08-04 20:03:49,318 INFO [org.junit.Test] zero00330
2016-08-04 20:03:49,318 INFO [org.junit.Test] zero00331
2016-08-04 20:03:49,318 INFO [org.junit.Test] zero00332
2016-08-04 20:03:49,318 INFO [org.junit.Test] zero00333
2016-08-04 20:03:49,318 INFO [org.junit.Test] zero00334
2016-08-04 20:03:49,318 INFO [org.junit.Test] zero00335
2016-08-04 20:03:49,318 INFO [org.junit.Test] zero00336
2016-08-04 20:03:49,318 INFO [org.junit.Test] zero00337
2016-08-04 20:03:49,318 INFO [org.junit.Test] zero00338
2016-08-04 20:03:49,318 INFO [org.junit.Test] zero00339
2016-08-04 20:03:49,318 INFO [org.junit.Test] zero00340
2016-08-04 20:03:49,318 INFO [org.junit.Test] zero00341
2016-08-04 20:03:49,318 INFO [org.junit.Test] zero00342
2016-08-04 20:03:49,318 INFO [org.junit.Test] zero00343
2016-08-04 20:03:49,318 INFO [org.junit.Test] zero00344
2016-08-04 20:03:49,318 INFO [org.junit.Test] zero00345
2016-08-04 20:03:49,318 INFO [org.junit.Test] zero00346
2016-08-04 20:03:49,318 INFO [org.junit.Test] zero00347
2016-08-04 20:03:49,318 INFO [org.junit.Test] zero00348
2016-08-04 20:03:49,318 INFO [org.junit.Test] zero00349
2016-08-04 20:03:49,318 INFO [org.junit.Test] zero00350
2016-08-04 20:03:49,318 INFO [org.junit.Test] zero00351
2016-08-04 20:03:49,318 INFO [org.junit.Test] zero00352
2016-08-04 20:03:49,318 INFO [org.junit.Test] zero00353
2016-08-04 20:03:49,318 INFO [org.junit.Test] zero00354
2016-08-04 20:03:49,318 INFO [org.junit.Test] zero00355
2016-08-04 20:03:49,318 INFO [org.junit.Test] zero00356
2016-08-04 20:03:49,318 INFO [org.junit.Test] zero00357
2016-08-04 20:03:49,318 INFO [org.junit.Test] zero00358
2016-08-04 20:03:49,318 INFO [org.junit.Test] zero00359
2016-08-04 20:03:49,318 INFO [org.junit.Test] zero00360
2016-08-04 20:03:49,318 INFO [org.junit.Test] zero00361
2016-08-04 20:03:49,318 INFO [org.junit.Test] zero00362
2016-08-04 20:03:49,318 INFO [org.junit.Test] zero00363
2016-08-04 20:03:49,318 INFO [org.junit.Test] zero00364
2016-08-04 20:03:49,318 INFO [org.junit.Test] zero00365
2016-08-04 20:03:49,318 INFO [org.junit.Test] zero00366
2016-08-04 20:03:49,318 INFO [org.junit.Test] zero00367
2016-08-04 20:03:49,318 INFO [org.junit.Test] zero00368
2016-08-04 20:03:49,318 INFO [org.junit.Test] zero00369
2016-08-04 20:03:49,318 INFO [org.junit.Test] zero00370
2016-08-04 20:03:49,318 INFO [org.junit.Test] zero00371
2016-08-04 20:03:49,318 INFO [org.junit.Test] zero00372
2016-08-04 20:03:49,318 INFO [org.junit.Test] zero00373
2016-08-04 20:03:49,318 INFO [org.junit.Test] zero00374
2016-08-04 20:03:49,318 INFO [org.junit.Test] zero00375
2016-08-04 20:03:49,318 INFO [org.junit.Test] zero00376
2016-08-04 20:03:49,318 INFO [org.junit.Test] zero00377
2016-08-04 20:03:49,318 INFO [org.junit.Test] zero00378
2016-08-04 20:03:49,318 INFO [org.junit.Test] zero00379
2016-08-04 20:03:49,318 INFO [org.junit.Test] zero00380
2016-08-04 20:03:49,318 INFO [org.junit.Test] zero00381
2016-08-04 20:03:49,318 INFO [org.junit.Test] zero00382
2016-08-04 20:03:49,318 INFO [org.junit.Test] zero00383
2016-08-04 20:03:49,318 INFO [org.junit.Test] zero00384
2016-08-04 20:03:49,318 INFO [org.junit.Test] zero00385
2016-08-04 20:03:49,318 INFO [org.junit.Test] zero00386
2016-08-04 20:03:49,318 INFO [org.junit.Test] zero00387
2016-08-04 20:03:49,318 INFO [org.junit.Test] zero00388
2016-08-04 20:03:49,318 INFO [org.junit.Test] zero00389
2016-08-04 20:03:49,318 INFO [org.junit.Test] zero00390
2016-08-04 20:03:49,318 INFO [org.junit.Test] zero00391
2016-08-04 20:03:49,318 INFO [org.junit.Test] zero00392
2016-08-04 20:03:49,318 INFO [org.junit.Test] zero00393
2016-08-04 20:03:49,318 INFO [org.junit.Test] zero00394
2016-08-04 20:03:49,318 INFO [org.junit.Test] zero00395
2016-08-04 20:03:49,318 INFO [org.junit.Test] zero00396
2016-08-04 20:03:49,318 INFO [org.junit.Test] zero00397
2016-08-04 20:03:49,318 INFO [org.junit.Test] zero00398
2016-08-04 20:03:49,318 INFO [org.junit.Test] zero00399
2016-08-04 20:03:49,318 INFO [org.junit.Test] zero00400
2016-08-04 20:03:49,318 INFO [org.junit.Test] zero00401
2016-08-04 20:03:49,318 INFO [org.junit.Test] zero00402
2016-08-04 20:03:49,318 INFO [org.junit.Test] zero00403
2016-08-04 20:03:49,318 INFO [org.junit.Test] zero00404
2016-08-04 20:03:49,318 INFO [org.junit.Test] zero00405
2016-08-04 20:03:49,318 INFO [org.junit.Test] zero00406
2016-08-04 20:03:49,318 INFO [org.junit.Test] zero00407
2016-08-04 20:03:49,318 INFO [org.junit.Test] zero00408
2016-08-04 20:03:49,318 INFO [org.junit.Test] zero00409
2016-08-04 20:03:49,318 INFO [org.junit.Test] zero00410
2016-08-04 20:03:49,318 INFO [org.junit.Test] zero00411
2016-08-04 20:03:49,318 INFO [org.junit.Test] zero00412
2016-08-04 20:03:49,318 INFO [org.junit.Test] zero00413
2016-08-04 20:03:49,318 INFO [org.junit.Test] zero00414
2016-08-04 20:03:49,318 INFO [org.junit.Test] zero00415
2016-08-04 20:03:49,318 INFO [org.junit.Test] zero00416
2016-08-04 20:03:49,318 INFO [org.junit.Test] zero00417
2016-08-04 20:03:49,318 INFO [org.junit.Test] zero00418
2016-08-04 20:03:49,318 INFO [org.junit.Test] zero00419
2016-08-04 20:03:49,318 INFO [org.junit.Test] zero00420
2016-08-04 20:03:49,318 INFO [org.junit.Test] zero00421
2016-08-04 20:03:49,318 INFO [org.junit.Test] zero00422
2016-08-04 20:03:49,318 INFO [org.junit.Test] zero00423
2016-08-04 20:03:49,318 INFO [org.junit.Test] zero00424
2016-08-04 20:03:49,318 INFO [org.junit.Test] zero00425
2016-08-04 20:03:49,318 INFO [org.junit.Test] zero00426
2016-08-04 20:03:49,318 INFO [org.junit.Test] zero00427
2016-08-04 20:03:49,318 INFO [org.junit.Test] zero00428
2016-08-04 20:03:49,318 INFO [org.junit.Test] zero00429
2016-08-04 20:03:49,318 INFO [org.junit.Test] zero00430
2016-08-04 20:03:49,318 INFO [org.junit.Test] zero00431
2016-08-04 20:03:49,318 INFO [org.junit.Test] zero00432
2016-08-04 20:03:49,318 INFO [org.junit.Test] zero00433
2016-08-04 20:03:49,318 INFO [org.junit.Test] zero00434
2016-08-04 20:03:49,318 INFO [org.junit.Test] zero00435
2016-08-04 20:03:49,318 INFO [org.junit.Test] zero00436
2016-08-04 20:03:49,318 INFO [org.junit.Test] zero00437
2016-08-04 20:03:49,318 INFO [org.junit.Test] zero00438
2016-08-04 20:03:49,318 INFO [org.junit.Test] zero00439
2016-08-04 20:03:49,318 INFO [org.junit.Test] zero00440
2016-08-04 20:03:49,318 INFO [org.junit.Test] zero00441
2016-08-04 20:03:49,318 INFO [org.junit.Test] zero00442
2016-08-04 20:03:49,318 INFO [org.junit.Test] zero00443
2016-08-04 20:03:49,318 INFO [org.junit.Test] zero00444
2016-08-04 20:03:49,318 INFO [org.junit.Test] zero00445
2016-08-04 20:03:49,318 INFO [org.junit.Test] zero00446
2016-08-04 20:03:49,318 INFO [org.junit.Test] zero00447
2016-08-04 20:03:49,318 INFO [org.junit.Test] zero00448
2016-08-04 20:03:49,318 INFO [org.junit.Test] zero00449
2016-08-04 20:03:49,318 INFO [org.junit.Test] zero00450
2016-08-04 20:03:49,318 INFO [org.junit.Test] zero00451
2016-08-04 20:03:49,318 INFO [org.junit.Test] zero00452
2016-08-04 20:03:49,318 INFO [org.junit.Test] zero00453
2016-08-04 20:03:49,318 INFO [org.junit.Test] zero00454
2016-08-04 20:03:49,318 INFO [org.junit.Test] zero00455
2016-08-04 20:03:49,318 INFO [org.junit.Test] zero00456
2016-08-04 20:03:49,318 INFO [org.junit.Test] zero00457
2016-08-04 20:03:49,318 INFO [org.junit.Test] zero00458
2016-08-04 20:03:49,318 INFO [org.junit.Test] zero00459
2016-08-04 20:03:49,318 INFO [org.junit.Test] zero00460
2016-08-04 20:03:49,318 INFO [org.junit.Test] zero00461
2016-08-04 20:03:49,318 INFO [org.junit.Test] zero00462
2016-08-04 20:03:49,318 INFO [org.junit.Test] zero00463
2016-08-04 20:03:49,318 INFO [org.junit.Test] zero00464
2016-08-04 20:03:49,318 INFO [org.junit.Test] zero00465
2016-08-04 20:03:49,318 INFO [org.junit.Test] zero00466
2016-08-04 20:03:49,318 INFO [org.junit.Test] zero00467
2016-08-04 20:03:49,318 INFO [org.junit.Test] zero00468
2016-08-04 20:03:49,318 INFO [org.junit.Test] zero00469
2016-08-04 20:03:49,318 INFO [org.junit.Test] zero00470
2016-08-04 20:03:49,318 INFO [org.junit.Test] zero00471
2016-08-04 20:03:49,318 INFO [org.junit.Test] zero00472
2016-08-04 20:03:49,318 INFO [org.junit.Test] zero00473
2016-08-04 20:03:49,318 INFO [org.junit.Test] zero00474
2016-08-04 20:03:49,318 INFO [org.junit.Test] zero00475
2016-08-04 20:03:49,318 INFO [org.junit.Test] zero00476
2016-08-04 20:03:49,318 INFO [org.junit.Test] zero00477
2016-08-04 20:03:49,318 INFO [org.junit.Test] zero00478
2016-08-04 20:03:49,318 INFO [org.junit.Test] zero00479
2016-08-04 20:03:49,318 INFO [org.junit.Test] zero00480
2016-08-04 20:03:49,318 INFO [org.junit.Test] zero00481
2016-08-04 20:03:49,318 INFO [org.junit.Test] zero00482
2016-08-04 20:03:49,318 INFO [org.junit.Test] zero00483
2016-08-04 20:03:49,318 INFO [org.junit.Test] zero00484
2016-08-04 20:03:49,318 INFO [org.junit.Test] zero00485
2016-08-04 20:03:49,318 INFO [org.junit.Test] zero00486
2016-08-04 20:03:49,318 INFO [org.junit.Test] zero00487
2016-08-04 20:03:49,318 INFO [org.junit.Test] zero00488
2016-08-04 20:03:49,318 INFO [org.junit.Test] zero00489
2016-08-04 20:03:49,318 INFO [org.junit.Test] zero00490
2016-08-04 20:03:49,318 INFO [org.junit.Test] zero00491
2016-08-04 20:03:49,318 INFO [org.junit.Test] zero00492
2016-08-04 20:03:49,318 INFO [org.junit.Test] zero00493
2016-08-04 20:03:49,318 INFO [org.junit.Test] zero00494
2016-08-04 20:03:49,318 INFO [org.junit.Test] zero00495
2016-08-04 20:03:49,318 INFO [org.junit.Test] zero00496
2016-08-04 20:03:49,318 INFO [org.junit.Test] zero00497
2016-08-04 20:03:49,318 INFO [org.junit.Test] zero00498
2016-08-04 20:03:49,318 INFO [org.junit.Test] zero00499
2016-08-04 20:03:49,318 INFO [org.junit.Test] zero00500
2016-08-04 20:03:49,318 INFO [org.junit.Test] zero00501
2016-08-04 20:03:49,318 INFO [org.junit.Test] zero00502
2016-08-04 20:03:49,318 INFO [org.junit.Test] zero00503
2016-08-04 20:03:49,318 INFO [org.junit.Test] zero00504
2016-08-04 20:03:49,318 INFO [org.junit.Test] zero00505
2016-08-04 20:03:49,318 INFO [org.junit.Test] zero00506
2016-08-04 20:03:49,318 INFO [org.junit.Test] zero00507
2016-08-04 20:03:49,318 INFO [org.junit.Test] zero00508
2016-08-04 20:03:49,318 INFO [org.junit.Test] zero00509
2016-08-04 20:03:49,318 INFO [org.junit.Test] zero00510
2016-08-04 20:03:49,318 INFO [org.junit.Test] zero00511
2016-08-04 20:03:49,318 INFO [org.junit.Test] zero00512
2016-08-04 20:03:49,318 INFO [org.junit.Test] zero00513
2016-08-04 20:03:49,318 INFO [org.junit.Test] zero00514
2016-08-04 20:03:49,318 INFO [org.junit.Test] zero00515
2016-08-04 20:03:49,318 INFO [org.junit.Test] zero00516
2016-08-04 20:03:49,318 INFO [org.junit.Test] zero00517
2016-08-04 20:03:49,318 INFO [org.junit.Test] zero00518
2016-08-04 20:03:49,318 INFO [org.junit.Test] zero00519
2016-08-04 20:03:49,318 INFO [org.junit.Test] zero00520
2016-08-04 20:03:49,318 INFO [org.junit.Test] zero00521
2016-08-04 20:03:49,318 INFO [org.junit.Test] zero00522
2016-08-04 20:03:49,318 INFO [org.junit.Test] zero00523
2016-08-04 20:03:49,318 INFO [org.junit.Test] zero00524
2016-08-04 20:03:49,318 INFO [org.junit.Test] zero00525
2016-08-04 20:03:49,318 INFO [org.junit.Test] zero00526
2016-08-04 20:03:49,318 INFO [org.junit.Test] zero00527
2016-08-04 20:03:49,318 INFO [org.junit.Test] zero00528
2016-08-04 20:03:49,318 INFO [org.junit.Test] zero00529
2016-08-04 20:03:49,318 INFO [org.junit.Test] zero00530
2016-08-04 20:03:49,318 INFO [org.junit.Test] zero00531
2016-08-04 20:03:49,318 INFO [org.junit.Test] zero00532
2016-08-04 20:03:49,318 INFO [org.junit.Test] zero00533
2016-08-04 20:03:49,318 INFO [org.junit.Test] zero00534
2016-08-04 20:03:49,318 INFO [org.junit.Test] zero00535
2016-08-04 20:03:49,318 INFO [org.junit.Test] zero00536
2016-08-04 20:03:49,318 INFO [org.junit.Test] zero00537
2016-08-04 20:03:49,318 INFO [org.junit.Test] zero00538
2016-08-04 20:03:49,318 INFO [org.junit.Test] zero00539
2016-08-04 20:03:49,318 INFO [org.junit.Test] zero00540
2016-08-04 20:03:49,318 INFO [org.junit.Test] zero00541
2016-08-04 20:03:49,318 INFO [org.junit.Test] zero00542
2016-08-04 20:03:49,318 INFO [org.junit.Test] zero00543
2016-08-04 20:03:49,318 INFO [org.junit.Test] zero00544
2016-08-04 20:03:49,318 INFO [org.junit.Test] zero00545
2016-08-04 20:03:49,318 INFO [org.junit.Test] zero00546
2016-08-04 20:03:49,318 INFO [org.junit.Test] zero00547
2016-08-04 20:03:49,318 INFO [org.junit.Test] zero00548
2016-08-04 20:03:49,318 INFO [org.junit.Test] zero00549
2016-08-04 20:03:49,318 INFO [org.junit.Test] zero00550
2016-08-04 20:03:49,318 INFO [org.junit.Test] zero00551
2016-08-04 20:03:49,318 INFO [org.junit.Test] zero00552
2016-08-04 20:03:49,318 INFO [org.junit.Test] zero00553
2016-08-04 20:03:49,318 INFO [org.junit.Test] zero00554
2016-08-04 20:03:49,318 INFO [org.junit.Test] zero00555
2016-08-04 20:03:49,318 INFO [org.junit.Test] zero00556
2016-08-04 20:03:49,318 INFO [org.junit.Test] zero00557
2016-08-04 20:03:49,318 INFO [org.junit.Test] zero00558
2016-08-04 20:03:49,318 INFO [org.junit.Test] zero00559
2016-08-04 20:03:49,318 INFO [org.junit.Test] zero00560
2016-08-04 20:03:49,318 INFO [org.junit.Test] zero00561
2016-08-04 20:03:49,318 INFO [org.junit.Test] zero00562
2016-08-04 20:03:49,318 INFO [org.junit.Test] zero00563
2016-08-04 20:03:49,318 INFO [org.junit.Test] zero00564
2016-08-04 20:03:49,318 INFO [org.junit.Test] zero00565
2016-08-04 20:03:49,318 INFO [org.junit.Test] zero00566
2016-08-04 20:03:49,318 INFO [org.junit.Test] zero00567
2016-08-04 20:03:49,318 INFO [org.junit.Test] zero00568
2016-08-04 20:03:49,318 INFO [org.junit.Test] zero00569
2016-08-04 20:03:49,318 INFO [org.junit.Test] zero00570
2016-08-04 20:03:49,318 INFO [org.junit.Test] zero00571
2016-08-04 20:03:49,318 INFO [org.junit.Test] zero00572
2016-08-04 20:03:49,318 INFO [org.junit.Test] zero00573
2016-08-04 20:03:49,318 INFO [org.junit.Test] zero00574
2016-08-04 20:03:49,318 INFO [org.junit.Test] zero00575
2016-08-04 20:03:49,318 INFO [org.junit.Test] zero00576
2016-08-04 20:03:49,318 INFO [org.junit.Test] zero00577
2016-08-04 20:03:49,318 INFO [org.junit.Test] zero00578
2016-08-04 20:03:49,318 INFO [org.junit.Test] zero00579
2016-08-04 20:03:49,318 INFO [org.junit.Test] zero00580
2016-08-04 20:03:49,318 INFO [org.junit.Test] zero00581
2016-08-04 20:03:49,318 INFO [org.junit.Test] zero00582
2016-08-04 20:03:49,318 INFO [org.junit.Test] zero00583
2016-08-04 20:03:49,318 INFO [org.junit.Test] zero00584
2016-08-04 20:03:49,318 INFO [org.junit.Test] zero00585
2016-08-04 20:03:49,318 INFO [org.junit.Test] zero00586
2016-08-04 20:03:49,318 INFO [org.junit.Test] zero00587
2016-08-04 20:03:49,318 INFO [org.junit.Test] zero00588
2016-08-04 20:03:49,318 INFO [org.junit.Test] zero00589
2016-08-04 20:03:49,318 INFO [org.junit.Test] zero00590
2016-08-04 20:03:49,318 INFO [org.junit.Test] zero00591
2016-08-04 20:03:49,318 INFO [org.junit.Test] zero00592
2016-08-04 20:03:49,318 INFO [org.junit.Test] zero00593
2016-08-04 20:03:49,318 INFO [org.junit.Test] zero00594
2016-08-04 20:03:49,318 INFO [org.junit.Test] zero00595
2016-08-04 20:03:49,318 INFO [org.junit.Test] zero00596
2016-08-04 20:03:49,318 INFO [org.junit.Test] zero00597
2016-08-04 20:03:49,318 INFO [org.junit.Test] zero00598
2016-08-04 20:03:49,318 INFO [org.junit.Test] zero00599
2016-08-04 20:03:49,318 INFO [org.junit.Test] zero00600
2016-08-04 20:03:49,318 INFO [org.junit.Test] zero00601
2016-08-04 20:03:49,318 INFO [org.junit.Test] zero00602
2016-08-04 20:03:49,318 INFO [org.junit.Test] zero00603
2016-08-04 20:03:49,318 INFO [org.junit.Test] zero00604
2016-08-04 20:03:49,318 INFO [org.junit.Test] zero00605
2016-08-04 20:03:49,318 INFO [org.junit.Test] zero00606
2016-08-04 20:03:49,318 INFO [org.junit.Test] zero00607
2016-08-04 20:03:49,318 INFO [org.junit.Test] zero00608
2016-08-04 20:03:49,318 INFO [org.junit.Test] zero00609
2016-08-04 20:03:49,318 INFO [org.junit.Test] zero00610
2016-08-04 20:03:49,318 INFO [org.junit.Test] zero00611
2016-08-04 20:03:49,318 INFO [org.junit.Test] zero00612
2016-08-04 20:03:49,318 INFO [org.junit.Test] zero00613
2016-08-04 20:03:49,318 INFO [org.junit.Test] zero00614
2016-08-04 20:03:49,318 INFO [org.junit.Test] zero00615
2016-08-04 20:03:49,318 INFO [org.junit.Test] zero00616
2016-08-04 20:03:49,318 INFO [org.junit.Test] zero00617
2016-08-04 20:03:49,318 INFO [org.junit.Test] zero00618
2016-08-04 20:03:49,318 INFO [org.junit.Test] zero00619
2016-08-04 20:03:49,318 INFO [org.junit.Test] zero00620
2016-08-04 20:03:49,318 INFO [org.junit.Test] zero00621
2016-08-04 20:03:49,318 INFO [org.junit.Test] zero00622
2016-08-04 20:03:49,318 INFO [org.junit.Test] zero00623
2016-08-04 20:03:49,318 INFO [org.junit.Test] zero00624
2016-08-04 20:03:49,318 INFO [org.junit.Test] zero00625
2016-08-04 20:03:49,318 INFO [org.junit.Test] zero00626
2016-08-04 20:03:49,318 INFO [org.junit.Test] zero00627
2016-08-04 20:03:49,318 INFO [org.junit.Test] zero00628
2016-08-04 20:03:49,318 INFO [org.junit.Test] zero00629
2016-08-04 20:03:49,318 INFO [org.junit.Test] zero00630
2016-08-04 20:03:49,318 INFO [org.junit.Test] zero00631
2016-08-04 20:03:49,318 INFO [org.junit.Test] zero00632
2016-08-04 20:03:49,318 INFO [org.junit.Test] zero00633
2016-08-04 20:03:49,318 INFO [org.junit.Test] zero00634
2016-08-04 20:03:49,318 INFO [org.junit.Test] zero00635
2016-08-04 20:03:49,318 INFO [org.junit.Test] zero00636
2016-08-04 20:03:49,318 INFO [org.junit.Test] zero00637
2016-08-04 20:03:49,318 INFO [org.junit.Test] zero00638
2016-08-04 20:03:49,318 INFO [org.junit.Test] zero00639
2016-08-04 20:03:49,318 INFO [org.junit.Test] zero00640
2016-08-04 20:03:49,318 INFO [org.junit.Test] zero00641
2016-08-04 20:03:49,318 INFO [org.junit.Test] zero00642
2016-08-04 20:03:49,318 INFO [org.junit.Test] zero00643
2016-08-04 20:03:49,318 INFO [org.junit.Test] zero00644
2016-08-04 20:03:49,318 INFO [org.junit.Test] zero00645
2016-08-04 20:03:49,318 INFO [org.junit.Test] zero00646
2016-08-04 20:03:49,318 INFO [org.junit.Test] zero00647
2016-08-04 20:03:49,318 INFO [org.junit.Test] zero00648
2016-08-04 20:03:49,318 INFO [org.junit.Test] zero00649
2016-08-04 20:03:49,318 INFO [org.junit.Test] zero00650
2016-08-04 20:03:49,318 INFO [org.junit.Test] zero00651
2016-08-04 20:03:49,318 INFO [org.junit.Test] zero00652
2016-08-04 20:03:49,318 INFO [org.junit.Test] zero00653
2016-08-04 20:03:49,318 INFO [org.junit.Test] zero00654
2016-08-04 20:03:49,318 INFO [org.junit.Test] zero00655
2016-08-04 20:03:49,318 INFO [org.junit.Test] zero00656
2016-08-04 20:03:49,318 INFO [org.junit.Test] zero00657
2016-08-04 20:03:49,318 INFO [org.junit.Test] zero00658
2016-08-04 20:03:49,318 INFO [org.junit.Test] zero00659
2016-08-04 20:03:49,318 INFO [org.junit.Test] zero00660
2016-08-04 20:03:49,318 INFO [org.junit.Test] zero00661
2016-08-04 20:03:49,318 INFO [org.junit.Test] zero00662
2016-08-04 20:03:49,318 INFO [org.junit.Test] zero00663
2016-08-04 20:03:49,318 INFO [org.junit.Test] zero00664
2016-08-04 20:03:49,318 INFO [org.junit.Test] zero00665
2016-08-04 20:03:49,318 INFO [org.junit.Test] zero00666
2016-08-04 20:03:49,318 INFO [org.junit.Test] zero00667
2016-08-04 20:03:49,318 INFO [org.junit.Test] zero00668
2016-08-04 20:03:49,318 INFO [org.junit.Test] zero00669
2016-08-04 20:03:49,318 INFO [org.junit.Test] zero00670
2016-08-04 20:03:49,318 INFO [org.junit.Test] zero00671
2016-08-04 20:03:49,318 INFO [org.junit.Test] zero00672
2016-08-04 20:03:49,318 INFO [org.junit.Test] zero00673
2016-08-04 20:03:49,318 INFO [org.junit.Test] zero00674
2016-08-04 20:03:49,318 INFO [org.junit.Test] zero00675
2016-08-04 20:03:49,318 INFO [org.junit.Test] zero00676
2016-08-04 20:03:49,318 INFO [org.junit.Test] zero00677
2016-08-04 20:03:49,318 INFO [org.junit.Test] zero00678
2016-08-04 20:03:49,318 INFO [org.junit.Test] zero00679
2016-08-04 20:03:49,318 INFO [org.junit.Test] zero00680
2016-08-04 20:03:49,318 INFO [org.junit.Test] zero00681
2016-08-04 20:03:49,318 INFO [org.junit.Test] zero00682
2016-08-04 20:03:49,318 INFO [org.junit.Test] zero00683
2016-08-04 20:03:49,318 INFO [org.junit.Test] zero00684
2016-08-04 20:03:49,318 INFO [org.junit.Test] zero00685
2016-08-04 20:03:49,318 INFO [org.junit.Test] zero00686
2016-08-04 20:03:49,318 INFO [org.junit.Test] zero00687
2016-08-04 20:03:49,318 INFO [org.junit.Test] zero00688
2016-08-04 20:03:49,318 INFO [org.junit.Test] zero00689
2016-08-04 20:03:49,318 INFO [org.junit.Test] zero00690
2016-08-04 20:03:49,318 INFO [org.junit.Test] zero00691
2016-08-04 20:03:49,318 INFO [org.junit.Test] zero00692
2016-08-04 20:03:49,318 INFO [org.junit.Test] zero00693
2016-08-04 20:03:49,318 INFO [org.junit.Test] zero00694
2016-08-04 20:03:49,318 INFO [org.junit.Test] zero00695
2016-08-04 20:03:49,318 INFO [org.junit.Test] zero00696
2016-08-04 20:03:49,318 INFO [org.junit.Test] zero00697
2016-08-04 20:03:49,318 INFO [org.junit.Test] zero00698
2016-08-04 20:03:49,318 INFO [org.junit.Test] zero00699
2016-08-04 20:03:49,318 INFO [org.junit.Test] zero00700
2016-08-04 20:03:49,318 INFO [org.junit.Test] zero00701
2016-08-04 20:03:49,318 INFO [org.junit.Test] zero00702
2016-08-04 20:03:49,318 INFO [org.junit.Test] zero00703
2016-08-04 20:03:49,318 INFO [org.junit.Test] zero00704
2016-08-04 20:03:49,318 INFO [org.junit.Test] zero00705
2016-08-04 20:03:49,318 INFO [org.junit.Test] zero00706
2016-08-04 20:03:49,318 INFO [org.junit.Test] zero00707
2016-08-04 20:03:49,318 INFO [org.junit.Test] zero00708
2016-08-04 20:03:49,318 INFO [org.junit.Test] zero00709
2016-08-04 20:03:49,318 INFO [org.junit.Test] zero00710
2016-08-04 20:03:49,318 INFO [org.junit.Test] zero00711
2016-08-04 20:03:49,318 INFO [org.junit.Test] zero00712
2016-08-04 20:03:49,318 INFO [org.junit.Test] zero00713
2016-08-04 20:03:49,318 INFO [org.junit.Test] zero00714
2016-08-04 20:03:49,318 INFO [org.junit.Test] zero00715
2016-08-04 20:03:49,318 INFO [org.junit.Test] zero00716
2016-08-04 20:03:49,318 INFO [org.junit.Test] zero00717
2016-08-04 20:03:49,318 INFO [org.junit.Test] zero00718
2016-08-04 20:03:49,318 INFO [org.junit.Test] zero00719
2016-08-04 20:03:49,318 INFO [org.junit.Test] zero00720
2016-08-04 20:03:49,318 INFO [org.junit.Test] zero00721
2016-08-04 20:03:49,318 INFO [org.junit.Test] zero00722
2016-08-04 20:03:49,318 INFO [org.junit.Test] zero00723
2016-08-04 20:03:49,318 INFO [org.junit.Test] zero00724
2016-08-04 20:03:49,318 INFO [org.junit.Test] zero00725
2016-08-04 20:03:49,318 INFO [org.junit.Test] zero00726
2016-08-04 20:03:49,318 INFO [org.junit.Test] zero00727
2016-08-04 20:03:49,318 INFO [org.junit.Test] zero00728
2016-08-04 20:03:49,318 INFO [org.junit.Test] zero00729
2016-08-04 20:03:49,318 INFO [org.junit.Test] zero00730
2016-08-04 20:03:49,318 INFO [org.junit.Test] zero00731
2016-08-04 20:03:49,318 INFO [org.junit.Test] zero00732
2016-08-04 20:03:49,318 INFO [org.junit.Test] zero00733
2016-08-04 20:03:49,318 INFO [org.junit.Test] zero00734
2016-08-04 20:03:49,318 INFO [org.junit.Test] zero00735
2016-08-04 20:03:49,318 INFO [org.junit.Test] zero00736
2016-08-04 20:03:49,318 INFO [org.junit.Test] zero00737
2016-08-04 20:03:49,318 INFO [org.junit.Test] zero00738
2016-08-04 20:03:49,318 INFO [org.junit.Test] zero00739
2016-08-04 20:03:49,318 INFO [org.junit.Test] zero00740
2016-08-04 20:03:49,318 INFO [org.junit.Test] zero00741
2016-08-04 20:03:49,318 INFO [org.junit.Test] zero00742
2016-08-04 20:03:49,318 INFO [org.junit.Test] zero00743
2016-08-04 20:03:49,318 INFO [org.junit.Test] zero00744
2016-08-04 20:03:49,318 INFO [org.junit.Test] zero00745
2016-08-04 20:03:49,318 INFO [org.junit.Test] zero00746
2016-08-04 20:03:49,318 INFO [org.junit.Test] zero00747
2016-08-04 20:03:49,318 INFO [org.junit.Test] zero00748
2016-08-04 20:03:49,318 INFO [org.junit.Test] zero00749
2016-08-04 20:03:49,318 INFO [org.junit.Test] zero00750
2016-08-04 20:03:49,318 INFO [org.junit.Test] zero00751
2016-08-04 20:03:49,318 INFO [org.junit.Test] zero00752
2016-08-04 20:03:49,318 INFO [org.junit.Test] zero00753
2016-08-04 20:03:49,318 INFO [org.junit.Test] zero00754
2016-08-04 20:03:49,318 INFO [org.junit.Test] zero00755
2016-08-04 20:03:49,318 INFO [org.junit.Test] zero00756
2016-08-04 20:03:49,318 INFO [org.junit.Test] zero00757
2016-08-04 20:03:49,318 INFO [org.junit.Test] zero00758
2016-08-04 20:03:49,318 INFO [org.junit.Test] zero00759
2016-08-04 20:03:49,318 INFO [org.junit.Test] zero00760
2016-08-04 20:03:49,318 INFO [org.junit.Test] zero00761
2016-08-04 20:03:49,318 INFO [org.junit.Test] zero00762
2016-08-04 20:03:49,318 INFO [org.junit.Test] zero00763
2016-08-04 20:03:49,318 INFO [org.junit.Test] zero00764
2016-08-04 20:03:49,318 INFO [org.junit.Test] zero00765
2016-08-04 20:03:49,318 INFO [org.junit.Test] zero00766
2016-08-04 20:03:49,318 INFO [org.junit.Test] zero00767
2016-08-04 20:03:49,318 INFO [org.junit.Test] zero00768
2016-08-04 20:03:49,318 INFO [org.junit.Test] zero00769
2016-08-04 20:03:49,318 INFO [org.junit.Test] zero00770
2016-08-04 20:03:49,318 INFO [org.junit.Test] zero00771
2016-08-04 20:03:49,318 INFO [org.junit.Test] zero00772
2016-08-04 20:03:49,318 INFO [org.junit.Test] zero00773
2016-08-04 20:03:49,318 INFO [org.junit.Test] zero00774
2016-08-04 20:03:49,318 INFO [org.junit.Test] zero00775
2016-08-04 20:03:49,318 INFO [org.junit.Test] zero00776
2016-08-04 20:03:49,318 INFO [org.junit.Test] zero00777
2016-08-04 20:03:49,318 INFO [org.junit.Test] zero00778
2016-08-04 20:03:49,318 INFO [org.junit.Test] zero00779
2016-08-04 20:03:49,318 INFO [org.junit.Test] zero00780
2016-08-04 20:03:49,318 INFO [org.junit.Test] zero00781
2016-08-04 20:03:49,318 INFO [org.junit.Test] zero00782
2016-08-04 20:03:49,318 INFO [org.junit.Test] zero00783
2016-08-04 20:03:49,318 INFO [org.junit.Test] zero00784
2016-08-04 20:03:49,318 INFO [org.junit.Test] zero00785
2016-08-04 20:03:49,318 INFO [org.junit.Test] zero00786
2016-08-04 20:03:49,318 INFO [org.junit.Test] zero00787
2016-08-04 20:03:49,318 INFO [org.junit.Test] zero00788
2016-08-04 20:03:49,318 INFO [org.junit.Test] zero00789
2016-08-04 20:03:49,318 INFO [org.junit.Test] zero00790
2016-08-04 20:03:49,318 INFO [org.junit.Test] zero00791
2016-08-04 20:03:49,318 INFO [org.junit.Test] zero00792
2016-08-04 20:03:49,318 INFO [org.junit.Test] zero00793
2016-08-04 20:03:49,318 INFO [org.junit.Test] zero00794
2016-08-04 20:03:49,318 INFO [org.junit.Test] zero00795
2016-08-04 20:03:49,318 INFO [org.junit.Test] zero00796
2016-08-04 20:03:49,318 INFO [org.junit.Test] zero00797
2016-08-04 20:03:49,318 INFO [org.junit.Test] zero00798
2016-08-04 20:03:49,318 INFO [org.junit.Test] zero00799
2016-08-04 20:03:49,318 INFO [org.junit.Test] zero00800
2016-08-04 20:03:49,318 INFO [org.junit.Test] zero00801
2016-08-04 20:03:49,318 INFO [org.junit.Test] zero00802
2016-08-04 20:03:49,318 INFO [org.junit.Test] zero00803
2016-08-04 20:03:49,318 INFO [org.junit.Test] zero00804
2016-08-04 20:03:49,318 INFO [org.junit.Test] zero00805
2016-08-04 20:03:49,318 INFO [org.junit.Test] zero00806
2016-08-04 20:03:49,318 INFO [org.junit.Test] zero00807
2016-08-04 20:03:49,318 INFO [org.junit.Test] zero00808
2016-08-04 20:03:49,318 INFO [org.junit.Test] zero00809
2016-08-04 20:03:49,318 INFO [org.junit.Test] zero00810
2016-08-04 20:03:49,318 INFO [org.junit.Test] zero00811
2016-08-04 20:03:49,318 INFO [org.junit.Test] zero00812
2016-08-04 20:03:49,318 INFO [org.junit.Test] zero00813
2016-08-04 20:03:49,318 INFO [org.junit.Test] zero00814
2016-08-04 20:03:49,318 INFO [org.junit.Test] zero00815
2016-08-04 20:03:49,318 INFO [org.junit.Test] zero00816
2016-08-04 20:03:49,318 INFO [org.junit.Test] zero00817
2016-08-04 20:03:49,318 INFO [org.junit.Test] zero00818
2016-08-04 20:03:49,318 INFO [org.junit.Test] zero00819
2016-08-04 20:03:49,318 INFO [org.junit.Test] zero00820
2016-08-04 20:03:49,318 INFO [org.junit.Test] zero00821
2016-08-04 20:03:49,318 INFO [org.junit.Test] zero00822
2016-08-04 20:03:49,318 INFO [org.junit.Test] zero00823
2016-08-04 20:03:49,318 INFO [org.junit.Test] zero00824
2016-08-04 20:03:49,318 INFO [org.junit.Test] zero00825
2016-08-04 20:03:49,318 INFO [org.junit.Test] zero00826
2016-08-04 20:03:49,318 INFO [org.junit.Test] zero00827
2016-08-04 20:03:49,318 INFO [org.junit.Test] zero00828
2016-08-04 20:03:49,318 INFO [org.junit.Test] zero00829
2016-08-04 20:03:49,318 INFO [org.junit.Test] zero00830
2016-08-04 20:03:49,318 INFO [org.junit.Test] zero00831
2016-08-04 20:03:49,318 INFO [org.junit.Test] zero00832
2016-08-04 20:03:49,318 INFO [org.junit.Test] zero00833
2016-08-04 20:03:49,318 INFO [org.junit.Test] zero00834
2016-08-04 20:03:49,318 INFO [org.junit.Test] zero00835
2016-08-04 20:03:49,318 INFO [org.junit.Test] zero00836
2016-08-04 20:03:49,318 INFO [org.junit.Test] zero00837
2016-08-04 20:03:49,318 INFO [org.junit.Test] zero00838
2016-08-04 20:03:49,318 INFO [org.junit.Test] zero00839
2016-08-04 20:03:49,318 INFO [org.junit.Test] zero00840
2016-08-04 20:03:49,318 INFO [org.junit.Test] zero00841
2016-08-04 20:03:49,318 INFO [org.junit.Test] zero00842
2016-08-04 20:03:49,318 INFO [org.junit.Test] zero00843
2016-08-04 20:03:49,318 INFO [org.junit.Test] zero00844
2016-08-04 20:03:49,318 INFO [org.junit.Test] zero00845
2016-08-04 20:03:49,318 INFO [org.junit.Test] zero00846
2016-08-04 20:03:49,318 INFO [org.junit.Test] zero00847
2016-08-04 20:03:49,318 INFO [org.junit.Test] zero00848
2016-08-04 20:03:49,318 INFO [org.junit.Test] zero00849
2016-08-04 20:03:49,318 INFO [org.junit.Test] zero00850
2016-08-04 20:03:49,318 INFO [org.junit.Test] zero00851
2016-08-04 20:03:49,318 INFO [org.junit.Test] zero00852
2016-08-04 20:03:49,318 INFO [org.junit.Test] zero00853
2016-08-04 20:03:49,318 INFO [org.junit.Test] zero00854
2016-08-04 20:03:49,318 INFO [org.junit.Test] zero00855
2016-08-04 20:03:49,318 INFO [org.junit.Test] zero00856
2016-08-04 20:03:49,318 INFO [org.junit.Test] zero00857
2016-08-04 20:03:49,318 INFO [org.junit.Test] zero00858
2016-08-04 20:03:49,318 INFO [org.junit.Test] zero00859
2016-08-04 20:03:49,318 INFO [org.junit.Test] zero00860
2016-08-04 20:03:49,318 INFO [org.junit.Test] zero00861
2016-08-04 20:03:49,318 INFO [org.junit.Test] zero00862
2016-08-04 20:03:49,318 INFO [org.junit.Test] zero00863
2016-08-04 20:03:49,318 INFO [org.junit.Test] zero00864
2016-08-04 20:03:49,318 INFO [org.junit.Test] zero00865
2016-08-04 20:03:49,318 INFO [org.junit.Test] zero00866
2016-08-04 20:03:49,318 INFO [org.junit.Test] zero00867
2016-08-04 20:03:49,318 INFO [org.junit.Test] zero00868
2016-08-04 20:03:49,318 INFO [org.junit.Test] zero00869
2016-08-04 20:03:49,318 INFO [org.junit.Test] zero00870
2016-08-04 20:03:49,318 INFO [org.junit.Test] zero00871
2016-08-04 20:03:49,318 INFO [org.junit.Test] zero00872
2016-08-04 20:03:49,318 INFO [org.junit.Test] zero00873
2016-08-04 20:03:49,318 INFO [org.junit.Test] zero00874
2016-08-04 20:03:49,318 INFO [org.junit.Test] zero00875
2016-08-04 20:03:49,318 INFO [org.junit.Test] zero00876
2016-08-04 20:03:49,318 INFO [org.junit.Test] zero00877
2016-08-04 20:03:49,318 INFO [org.junit.Test] zero00878
2016-08-04 20:03:49,318 INFO [org.junit.Test] zero00879
2016-08-04 20:03:49,318 INFO [org.junit.Test] zero00880
2016-08-04 20:03:49,318 INFO [org.junit.Test] zero00881
2016-08-04 20:03:49,318 INFO [org.junit.Test] zero00882
2016-08-04 20:03:49,318 INFO [org.junit.Test] zero00883
2016-08-04 20:03:49,318 INFO [org.junit.Test] zero00884
2016-08-04 20:03:49,318 INFO [org.junit.Test] zero00885
2016-08-04 20:03:49,318 INFO [org.junit.Test] zero00886
2016-08-04 20:03:49,318 INFO [org.junit.Test] zero00887
2016-08-04 20:03:49,318 INFO [org.junit.Test] zero00888
2016-08-04 20:03:49,318 INFO [org.junit.Test] zero00889
2016-08-04 20:03:49,318 INFO [org.junit.Test] zero00890
2016-08-04 20:03:49,318 INFO [org.junit.Test] zero00891
2016-08-04 20:03:49,318 INFO [org.junit.Test] zero00892
2016-08-04 20:03:49,318 INFO [org.junit.Test] zero00893
2016-08-04 20:03:49,318 INFO [org.junit.Test] zero00894
2016-08-04 20:03:49,318 INFO [org.junit.Test] zero00895
2016-08-04 20:03:49,318 INFO [org.junit.Test] zero00896
2016-08-04 20:03:49,318 INFO [org.junit.Test] zero00897
2016-08-04 20:03:49,318 INFO [org.junit.Test] zero00898
2016-08-04 20:03:49,318 INFO [org.junit.Test] zero00899
2016-08-04 20:03:49,318 INFO [org.junit.Test] zero00900
2016-08-04 20:03:49,318 INFO [org.junit.Test] zero00901
2016-08-04 20:03:49,318 INFO [org.junit.Test] zero00902
2016-08-04 20:03:49,318 INFO [org.junit.Test] zero00903
2016-08-04 20:03:49,318 INFO [org.junit.Test] zero00904
2016-08-04 20:03:49,318 INFO [org.junit.Test] zero00905
2016-08-04 20:03:49,318 INFO [org.junit.Test] zero00906
2016-08-04 20:03:49,318 INFO [org.junit.Test] zero00907
2016-08-04 20:03:49,318 INFO [org.junit.Test] zero00908
2016-08-04 20:03:49,318 INFO [org.junit.Test] zero00909
2016-08-04 20:03:49,318 INFO [org.junit.Test] zero00910
2016-08-04 20:03:49,318 INFO [org.junit.Test] zero00911
2016-08-04 20:03:49,318 INFO [org.junit.Test] zero00912
2016-08-04 20:03:49,318 INFO [org.junit.Test] zero00913
2016-08-04 20:03:49,318 INFO [org.junit.Test] zero00914
2016-08-04 20:03:49,318 INFO [org.junit.Test] zero00915
2016-08-04 20:03:49,318 INFO [org.junit.Test] zero00916
2016-08-04 20:03:49,318 INFO [org.junit.Test] zero00917
2016-08-04 20:03:49,318 INFO [org.junit.Test] zero00918
2016-08-04 20:03:49,318 INFO [org.junit.Test] zero00919
2016-08-04 20:03:49,318 INFO [org.junit.Test] zero00920
2016-08-04 20:03:49,318 INFO [org.junit.Test] zero00921
2016-08-04 20:03:49,318 INFO [org.junit.Test] zero00922
2016-08-04 20:03:49,318 INFO [org.junit.Test] zero00923
2016-08-04 20:03:49,318 INFO [org.junit.Test] zero00924
2016-08-04 20:03:49,318 INFO [org.junit.Test] zero00925
2016-08-04 20:03:49,318 INFO [org.junit.Test] zero00926
2016-08-04 20:03:49,318 INFO [org.junit.Test] zero00927
2016-08-04 20:03:49,318 INFO [org.junit.Test] zero00928
2016-08-04 20:03:49,318 INFO [org.junit.Test] zero00929
2016-08-04 20:03:49,318 INFO [org.junit.Test] zero00930
2016-08-04 20:03:49,318 INFO [org.junit.Test] zero00931
2016-08-04 20:03:49,318 INFO [org.junit.Test] zero00932
2016-08-04 20:03:49,318 INFO [org.junit.Test] zero00933
2016-08-04 20:03:49,318 INFO [org.junit.Test] zero00934
2016-08-04 20:03:49,318 INFO [org.junit.Test] zero00935
2016-08-04 20:03:49,318 INFO [org.junit.Test] zero00936
2016-08-04 20:03:49,318 INFO [org.junit.Test] zero00937
2016-08-04 20:03:49,318 INFO [org.junit.Test] zero00938
2016-08-04 20:03:49,318 INFO [org.junit.Test] zero00939
2016-08-04 20:03:49,318 INFO [org.junit.Test] zero00940
2016-08-04 20:03:49,318 INFO [org.junit.Test] zero00941
2016-08-04 20:03:49,318 INFO [org.junit.Test] zero00942
2016-08-04 20:03:49,318 INFO [org.junit.Test] zero00943
2016-08-04 20:03:49,318 INFO [org.junit.Test] zero00944
2016-08-04 20:03:49,318 INFO [org.junit.Test] zero00945
2016-08-04 20:03:49,318 INFO [org.junit.Test] zero00946
2016-08-04 20:03:49,318 INFO [org.junit.Test] zero00947
2016-08-04 20:03:49,318 INFO [org.junit.Test] zero00948
2016-08-04 20:03:49,318 INFO [org.junit.Test] zero00949
2016-08-04 20:03:49,318 INFO [org.junit.Test] zero00950
2016-08-04 20:03:49,318 INFO [org.junit.Test] zero00951
2016-08-04 20:03:49,318 INFO [org.junit.Test] zero00952
2016-08-04 20:03:49,318 INFO [org.junit.Test] zero00953
2016-08-04 20:03:49,318 INFO [org.junit.Test] zero00954
2016-08-04 20:03:49,318 INFO [org.junit.Test] zero00955
2016-08-04 20:03:49,318 INFO [org.junit.Test] zero00956
2016-08-04 20:03:49,318 INFO [org.junit.Test] zero00957
2016-08-04 20:03:49,318 INFO [org.junit.Test] zero00958
2016-08-04 20:03:49,318 INFO [org.junit.Test] zero00959
2016-08-04 20:03:49,318 INFO [org.junit.Test] zero00960
2016-08-04 20:03:49,318 INFO [org.junit.Test] zero00961
2016-08-04 20:03:49,318 INFO [org.junit.Test] zero00962
2016-08-04 20:03:49,318 INFO [org.junit.Test] zero00963
2016-08-04 20:03:49,318 INFO [org.junit.Test] zero00964
2016-08-04 20:03:49,318 INFO [org.junit.Test] zero00965
2016-08-04 20:03:49,318 INFO [org.junit.Test] zero00966
2016-08-04 20:03:49,318 INFO [org.junit.Test] zero00967
2016-08-04 20:03:49,318 INFO [org.junit.Test] zero00968
2016-08-04 20:03:49,318 INFO [org.junit.Test] zero00969
2016-08-04 20:03:49,318 INFO [org.junit.Test] zero00970
2016-08-04 20:03:49,318 INFO [org.junit.Test] zero00971
2016-08-04 20:03:49,318 INFO [org.junit.Test] zero00972
2016-08-04 20:03:49,318 INFO [org.junit.Test] zero00973
2016-08-04 20:03:49,318 INFO [org.junit.Test] zero00974
2016-08-04 20:03:49,318 INFO [org.junit.Test] zero00975
2016-08-04 20:03:49,318 INFO [org.junit.Test] zero00976
2016-08-04 20:03:49,318 INFO [org.junit.Test] zero00977
2016-08-04 20:03:49,318 INFO [org.junit.Test] zero00978
2016-08-04 20:03:49,318 INFO [org.junit.Test] zero00979
2016-08-04 20:03:49,318 INFO [org.junit.Test] zero00980
2016-08-04 20:03:49,318 INFO [org.junit.Test] zero00981
2016-08-04 20:03:49,318 INFO [org.junit.Test] zero00982
2016-08-04 20:03:49,318 INFO [org.junit.Test] zero00983
2016-08-04 20:03:49,318 INFO [org.junit.Test] zero00984
2016-08-04 20:03:49,318 INFO [org.junit.Test] zero00985
2016-08-04 20:03:49,318 INFO [org.junit.Test] zero00986
2016-08-04 20:03:49,318 INFO [org.junit.Test] zero00987
2016-08-04 20:03:49,318 INFO [org.junit.Test] zero00988
2016-08-04 20:03:49,318 INFO [org.junit.Test] zero00989
2016-08-04 20:03:49,318 INFO [org.junit.Test] zero00990
2016-08-04 20:03:49,318 INFO [org.junit.Test] zero00991
2016-08-04 20:03:49,318 INFO [org.junit.Test] zero00992
2016-08-04 20:03:49,318 INFO [org.junit.Test] zero00993
2016-08-04 20:03:49,318 INFO [org.junit.Test] zero00994
2016-08-04 20:03:49,318 INFO [org.junit.Test] zero00995
2016-08-04 20:03:49,318 INFO [org.junit.Test] zero00996
2016-08-04 20:03:49,318 INFO [org.junit.Test] zero00997
2016-08-04 20:03:49,318 INFO [org.junit.Test] zero00998
2016-08-04 20:03:49,318 INFO [org.junit.Test] zero00999
2016-08-04 20:03:52,319 INFO [org.junit.Test] zero000
2016-08-04 20:03:52,319 INFO [org.junit.Test] zero001
2016-08-04 20:03:52,319 INFO [org.junit.Test] zero002
2016-08-04 20:03:52,319 INFO [org.junit.Test] zero003
2016-08-04 20:03:52,319 INFO [org.junit.Test] zero004
2016-08-04 20:03:52,319 INFO [org.junit.Test] zero005
2016-08-04 20:03:52,319 INFO [org.junit.Test] zero006
2016-08-04 20:03:52,319 INFO [org.junit.Test] zero007
2016-08-04 20:03:52,319 INFO [org.junit.Test] zero008
2016-08-04 20:03:52,319 INFO [org.junit.Test] zero009
2016-08-04 20:03:52,319 INFO [org.junit.Test] zero0010
2016-08-04 20:03:52,319 INFO [org.junit.Test] zero0011
2016-08-04 20:03:52,319 INFO [org.junit.Test] zero0012
2016-08-04 20:03:52,319 INFO [org.junit.Test] zero0013
2016-08-04 20:03:52,319 INFO [org.junit.Test] zero0014
2016-08-04 20:03:52,319 INFO [org.junit.Test] zero0015
2016-08-04 20:03:52,319 INFO [org.junit.Test] zero0016
2016-08-04 20:03:52,319 INFO [org.junit.Test] zero0017
2016-08-04 20:03:52,319 INFO [org.junit.Test] zero0018
2016-08-04 20:03:52,319 INFO [org.junit.Test] zero0019
2016-08-04 20:03:52,319 INFO [org.junit.Test] zero0020
2016-08-04 20:03:52,319 INFO [org.junit.Test] zero0021
2016-08-04 20:03:52,319 INFO [org.junit.Test] zero0022
2016-08-04 20:03:52,319 INFO [org.junit.Test] zero0023
2016-08-04 20:03:52,319 INFO [org.junit.Test] zero0024
2016-08-04 20:03:52,319 INFO [org.junit.Test] zero0025
2016-08-04 20:03:52,319 INFO [org.junit.Test] zero0026
2016-08-04 20:03:52,319 INFO [org.junit.Test] zero0027
2016-08-04 20:03:52,319 INFO [org.junit.Test] zero0028
2016-08-04 20:03:52,319 INFO [org.junit.Test] zero0029
2016-08-04 20:03:52,319 INFO [org.junit.Test] zero0030
2016-08-04 20:03:52,319 INFO [org.junit.Test] zero0031
2016-08-04 20:03:52,319 INFO [org.junit.Test] zero0032
2016-08-04 20:03:52,319 INFO [org.junit.Test] zero0033
2016-08-04 20:03:52,319 INFO [org.junit.Test] zero0034
2016-08-04 20:03:52,319 INFO [org.junit.Test] zero0035
2016-08-04 20:03:52,319 INFO [org.junit.Test] zero0036
2016-08-04 20:03:52,319 INFO [org.junit.Test] zero0037
2016-08-04 20:03:52,319 INFO [org.junit.Test] zero0038
2016-08-04 20:03:52,319 INFO [org.junit.Test] zero0039
2016-08-04 20:03:52,319 INFO [org.junit.Test] zero0040
2016-08-04 20:03:52,319 INFO [org.junit.Test] zero0041
2016-08-04 20:03:52,319 INFO [org.junit.Test] zero0042
2016-08-04 20:03:52,319 INFO [org.junit.Test] zero0043
2016-08-04 20:03:52,319 INFO [org.junit.Test] zero0044
2016-08-04 20:03:52,319 INFO [org.junit.Test] zero0045
2016-08-04 20:03:52,319 INFO [org.junit.Test] zero0046
2016-08-04 20:03:52,319 INFO [org.junit.Test] zero0047
2016-08-04 20:03:52,319 INFO [org.junit.Test] zero0048
2016-08-04 20:03:52,319 INFO [org.junit.Test] zero0049
2016-08-04 20:03:52,319 INFO [org.junit.Test] zero0050
2016-08-04 20:03:52,319 INFO [org.junit.Test] zero0051
2016-08-04 20:03:52,319 INFO [org.junit.Test] zero0052
2016-08-04 20:03:52,319 INFO [org.junit.Test] zero0053
2016-08-04 20:03:52,319 INFO [org.junit.Test] zero0054
2016-08-04 20:03:52,319 INFO [org.junit.Test] zero0055
2016-08-04 20:03:52,319 INFO [org.junit.Test] zero0056
2016-08-04 20:03:52,319 INFO [org.junit.Test] zero0057
2016-08-04 20:03:52,319 INFO [org.junit.Test] zero0058
2016-08-04 20:03:52,319 INFO [org.junit.Test] zero0059
2016-08-04 20:03:52,319 INFO [org.junit.Test] zero0060
2016-08-04 20:03:52,319 INFO [org.junit.Test] zero0061
2016-08-04 20:03:52,319 INFO [org.junit.Test] zero0062
2016-08-04 20:03:52,319 INFO [org.junit.Test] zero0063
2016-08-04 20:03:52,319 INFO [org.junit.Test] zero0064
2016-08-04 20:03:52,319 INFO [org.junit.Test] zero0065
2016-08-04 20:03:52,319 INFO [org.junit.Test] zero0066
2016-08-04 20:03:52,319 INFO [org.junit.Test] zero0067
2016-08-04 20:03:52,319 INFO [org.junit.Test] zero0068
2016-08-04 20:03:52,319 INFO [org.junit.Test] zero0069
2016-08-04 20:03:52,319 INFO [org.junit.Test] zero0070
2016-08-04 20:03:52,319 INFO [org.junit.Test] zero0071
2016-08-04 20:03:52,319 INFO [org.junit.Test] zero0072
2016-08-04 20:03:52,319 INFO [org.junit.Test] zero0073
2016-08-04 20:03:52,319 INFO [org.junit.Test] zero0074
2016-08-04 20:03:52,319 INFO [org.junit.Test] zero0075
2016-08-04 20:03:52,319 INFO [org.junit.Test] zero0076
2016-08-04 20:03:52,319 INFO [org.junit.Test] zero0077
2016-08-04 20:03:52,319 INFO [org.junit.Test] zero0078
2016-08-04 20:03:52,319 INFO [org.junit.Test] zero0079
2016-08-04 20:03:52,319 INFO [org.junit.Test] zero0080
2016-08-04 20:03:52,319 INFO [org.junit.Test] zero0081
2016-08-04 20:03:52,319 INFO [org.junit.Test] zero0082
2016-08-04 20:03:52,319 INFO [org.junit.Test] zero0083
2016-08-04 20:03:52,319 INFO [org.junit.Test] zero0084
2016-08-04 20:03:52,319 INFO [org.junit.Test] zero0085
2016-08-04 20:03:52,319 INFO [org.junit.Test] zero0086
2016-08-04 20:03:52,319 INFO [org.junit.Test] zero0087
2016-08-04 20:03:52,319 INFO [org.junit.Test] zero0088
2016-08-04 20:03:52,319 INFO [org.junit.Test] zero0089
2016-08-04 20:03:52,319 INFO [org.junit.Test] zero0090
2016-08-04 20:03:52,319 INFO [org.junit.Test] zero0091
2016-08-04 20:03:52,319 INFO [org.junit.Test] zero0092
2016-08-04 20:03:52,319 INFO [org.junit.Test] zero0093
2016-08-04 20:03:52,319 INFO [org.junit.Test] zero0094
2016-08-04 20:03:52,319 INFO [org.junit.Test] zero0095
2016-08-04 20:03:52,319 INFO [org.junit.Test] zero0096
2016-08-04 20:03:52,319 INFO [org.junit.Test] zero0097
2016-08-04 20:03:52,319 INFO [org.junit.Test] zero0098
2016-08-04 20:03:52,319 INFO [org.junit.Test] zero0099
2016-08-04 20:03:52,319 INFO [org.junit.Test] zero00100
2016-08-04 20:03:52,319 INFO [org.junit.Test] zero00101
2016-08-04 20:03:52,319 INFO [org.junit.Test] zero00102
2016-08-04 20:03:52,319 INFO [org.junit.Test] zero00103
2016-08-04 20:03:52,319 INFO [org.junit.Test] zero00104
2016-08-04 20:03:52,319 INFO [org.junit.Test] zero00105
2016-08-04 20:03:52,319 INFO [org.junit.Test] zero00106
2016-08-04 20:03:52,319 INFO [org.junit.Test] zero00107
2016-08-04 20:03:52,319 INFO [org.junit.Test] zero00108
2016-08-04 20:03:52,319 INFO [org.junit.Test] zero00109
2016-08-04 20:03:52,319 INFO [org.junit.Test] zero00110
2016-08-04 20:03:52,319 INFO [org.junit.Test] zero00111
2016-08-04 20:03:52,319 INFO [org.junit.Test] zero00112
2016-08-04 20:03:52,319 INFO [org.junit.Test] zero00113
2016-08-04 20:03:52,319 INFO [org.junit.Test] zero00114
2016-08-04 20:03:52,319 INFO [org.junit.Test] zero00115
2016-08-04 20:03:52,319 INFO [org.junit.Test] zero00116
2016-08-04 20:03:52,319 INFO [org.junit.Test] zero00117
2016-08-04 20:03:52,319 INFO [org.junit.Test] zero00118
2016-08-04 20:03:52,319 INFO [org.junit.Test] zero00119
2016-08-04 20:03:52,319 INFO [org.junit.Test] zero00120
2016-08-04 20:03:52,319 INFO [org.junit.Test] zero00121
2016-08-04 20:03:52,319 INFO [org.junit.Test] zero00122
2016-08-04 20:03:52,319 INFO [org.junit.Test] zero00123
2016-08-04 20:03:52,319 INFO [org.junit.Test] zero00124
2016-08-04 20:03:52,319 INFO [org.junit.Test] zero00125
2016-08-04 20:03:52,319 INFO [org.junit.Test] zero00126
2016-08-04 20:03:52,319 INFO [org.junit.Test] zero00127
2016-08-04 20:03:52,319 INFO [org.junit.Test] zero00128
2016-08-04 20:03:52,319 INFO [org.junit.Test] zero00129
2016-08-04 20:03:52,319 INFO [org.junit.Test] zero00130
2016-08-04 20:03:52,319 INFO [org.junit.Test] zero00131
2016-08-04 20:03:52,319 INFO [org.junit.Test] zero00132
2016-08-04 20:03:52,319 INFO [org.junit.Test] zero00133
2016-08-04 20:03:52,319 INFO [org.junit.Test] zero00134
2016-08-04 20:03:52,319 INFO [org.junit.Test] zero00135
2016-08-04 20:03:52,319 INFO [org.junit.Test] zero00136
2016-08-04 20:03:52,319 INFO [org.junit.Test] zero00137
2016-08-04 20:03:52,319 INFO [org.junit.Test] zero00138
2016-08-04 20:03:52,319 INFO [org.junit.Test] zero00139
2016-08-04 20:03:52,319 INFO [org.junit.Test] zero00140
2016-08-04 20:03:52,319 INFO [org.junit.Test] zero00141
2016-08-04 20:03:52,319 INFO [org.junit.Test] zero00142
2016-08-04 20:03:52,319 INFO [org.junit.Test] zero00143
2016-08-04 20:03:52,319 INFO [org.junit.Test] zero00144
2016-08-04 20:03:52,319 INFO [org.junit.Test] zero00145
2016-08-04 20:03:52,319 INFO [org.junit.Test] zero00146
2016-08-04 20:03:52,319 INFO [org.junit.Test] zero00147
2016-08-04 20:03:52,319 INFO [org.junit.Test] zero00148
2016-08-04 20:03:52,319 INFO [org.junit.Test] zero00149
2016-08-04 20:03:52,319 INFO [org.junit.Test] zero00150
2016-08-04 20:03:52,319 INFO [org.junit.Test] zero00151
2016-08-04 20:03:52,319 INFO [org.junit.Test] zero00152
2016-08-04 20:03:52,319 INFO [org.junit.Test] zero00153
2016-08-04 20:03:52,319 INFO [org.junit.Test] zero00154
2016-08-04 20:03:52,319 INFO [org.junit.Test] zero00155
2016-08-04 20:03:52,319 INFO [org.junit.Test] zero00156
2016-08-04 20:03:52,319 INFO [org.junit.Test] zero00157
2016-08-04 20:03:52,319 INFO [org.junit.Test] zero00158
2016-08-04 20:03:52,319 INFO [org.junit.Test] zero00159
2016-08-04 20:03:52,319 INFO [org.junit.Test] zero00160
2016-08-04 20:03:52,319 INFO [org.junit.Test] zero00161
2016-08-04 20:03:52,319 INFO [org.junit.Test] zero00162
2016-08-04 20:03:52,319 INFO [org.junit.Test] zero00163
2016-08-04 20:03:52,319 INFO [org.junit.Test] zero00164
2016-08-04 20:03:52,319 INFO [org.junit.Test] zero00165
2016-08-04 20:03:52,319 INFO [org.junit.Test] zero00166
2016-08-04 20:03:52,319 INFO [org.junit.Test] zero00167
2016-08-04 20:03:52,319 INFO [org.junit.Test] zero00168
2016-08-04 20:03:52,319 INFO [org.junit.Test] zero00169
2016-08-04 20:03:52,319 INFO [org.junit.Test] zero00170
2016-08-04 20:03:52,319 INFO [org.junit.Test] zero00171
2016-08-04 20:03:52,319 INFO [org.junit.Test] zero00172
2016-08-04 20:03:52,319 INFO [org.junit.Test] zero00173
2016-08-04 20:03:52,319 INFO [org.junit.Test] zero00174
2016-08-04 20:03:52,319 INFO [org.junit.Test] zero00175
2016-08-04 20:03:52,319 INFO [org.junit.Test] zero00176
2016-08-04 20:03:52,319 INFO [org.junit.Test] zero00177
2016-08-04 20:03:52,319 INFO [org.junit.Test] zero00178
2016-08-04 20:03:52,319 INFO [org.junit.Test] zero00179
2016-08-04 20:03:52,319 INFO [org.junit.Test] zero00180
2016-08-04 20:03:52,319 INFO [org.junit.Test] zero00181
2016-08-04 20:03:52,319 INFO [org.junit.Test] zero00182
2016-08-04 20:03:52,319 INFO [org.junit.Test] zero00183
2016-08-04 20:03:52,319 INFO [org.junit.Test] zero00184
2016-08-04 20:03:52,319 INFO [org.junit.Test] zero00185
2016-08-04 20:03:52,319 INFO [org.junit.Test] zero00186
2016-08-04 20:03:52,319 INFO [org.junit.Test] zero00187
2016-08-04 20:03:52,319 INFO [org.junit.Test] zero00188
2016-08-04 20:03:52,319 INFO [org.junit.Test] zero00189
2016-08-04 20:03:52,319 INFO [org.junit.Test] zero00190
2016-08-04 20:03:52,319 INFO [org.junit.Test] zero00191
2016-08-04 20:03:52,319 INFO [org.junit.Test] zero00192
2016-08-04 20:03:52,319 INFO [org.junit.Test] zero00193
2016-08-04 20:03:52,319 INFO [org.junit.Test] zero00194
2016-08-04 20:03:52,319 INFO [org.junit.Test] zero00195
2016-08-04 20:03:52,319 INFO [org.junit.Test] zero00196
2016-08-04 20:03:52,319 INFO [org.junit.Test] zero00197
2016-08-04 20:03:52,319 INFO [org.junit.Test] zero00198
2016-08-04 20:03:52,319 INFO [org.junit.Test] zero00199
2016-08-04 20:03:52,319 INFO [org.junit.Test] zero00200
2016-08-04 20:03:52,319 INFO [org.junit.Test] zero00201
2016-08-04 20:03:52,319 INFO [org.junit.Test] zero00202
2016-08-04 20:03:52,319 INFO [org.junit.Test] zero00203
2016-08-04 20:03:52,319 INFO [org.junit.Test] zero00204
2016-08-04 20:03:52,319 INFO [org.junit.Test] zero00205
2016-08-04 20:03:52,319 INFO [org.junit.Test] zero00206
2016-08-04 20:03:52,319 INFO [org.junit.Test] zero00207
2016-08-04 20:03:52,319 INFO [org.junit.Test] zero00208
2016-08-04 20:03:52,319 INFO [org.junit.Test] zero00209
2016-08-04 20:03:52,319 INFO [org.junit.Test] zero00210
2016-08-04 20:03:52,319 INFO [org.junit.Test] zero00211
2016-08-04 20:03:52,319 INFO [org.junit.Test] zero00212
2016-08-04 20:03:52,319 INFO [org.junit.Test] zero00213
2016-08-04 20:03:52,319 INFO [org.junit.Test] zero00214
2016-08-04 20:03:52,319 INFO [org.junit.Test] zero00215
2016-08-04 20:03:52,319 INFO [org.junit.Test] zero00216
2016-08-04 20:03:52,319 INFO [org.junit.Test] zero00217
2016-08-04 20:03:52,319 INFO [org.junit.Test] zero00218
2016-08-04 20:03:52,319 INFO [org.junit.Test] zero00219
2016-08-04 20:03:52,319 INFO [org.junit.Test] zero00220
2016-08-04 20:03:52,319 INFO [org.junit.Test] zero00221
2016-08-04 20:03:52,319 INFO [org.junit.Test] zero00222
2016-08-04 20:03:52,319 INFO [org.junit.Test] zero00223
2016-08-04 20:03:52,319 INFO [org.junit.Test] zero00224
2016-08-04 20:03:52,319 INFO [org.junit.Test] zero00225
2016-08-04 20:03:52,319 INFO [org.junit.Test] zero00226
2016-08-04 20:03:52,319 INFO [org.junit.Test] zero00227
2016-08-04 20:03:52,319 INFO [org.junit.Test] zero00228
2016-08-04 20:03:52,319 INFO [org.junit.Test] zero00229
2016-08-04 20:03:52,319 INFO [org.junit.Test] zero00230
2016-08-04 20:03:52,319 INFO [org.junit.Test] zero00231
2016-08-04 20:03:52,319 INFO [org.junit.Test] zero00232
2016-08-04 20:03:52,319 INFO [org.junit.Test] zero00233
2016-08-04 20:03:52,319 INFO [org.junit.Test] zero00234
2016-08-04 20:03:52,319 INFO [org.junit.Test] zero00235
2016-08-04 20:03:52,319 INFO [org.junit.Test] zero00236
2016-08-04 20:03:52,319 INFO [org.junit.Test] zero00237
2016-08-04 20:03:52,319 INFO [org.junit.Test] zero00238
2016-08-04 20:03:52,319 INFO [org.junit.Test] zero00239
2016-08-04 20:03:52,319 INFO [org.junit.Test] zero00240
2016-08-04 20:03:52,319 INFO [org.junit.Test] zero00241
2016-08-04 20:03:52,319 INFO [org.junit.Test] zero00242
2016-08-04 20:03:52,319 INFO [org.junit.Test] zero00243
2016-08-04 20:03:52,319 INFO [org.junit.Test] zero00244
2016-08-04 20:03:52,319 INFO [org.junit.Test] zero00245
2016-08-04 20:03:52,319 INFO [org.junit.Test] zero00246
2016-08-04 20:03:52,319 INFO [org.junit.Test] zero00247
2016-08-04 20:03:52,319 INFO [org.junit.Test] zero00248
2016-08-04 20:03:52,319 INFO [org.junit.Test] zero00249
2016-08-04 20:03:52,319 INFO [org.junit.Test] zero00250
2016-08-04 20:03:52,319 INFO [org.junit.Test] zero00251
2016-08-04 20:03:52,319 INFO [org.junit.Test] zero00252
2016-08-04 20:03:52,319 INFO [org.junit.Test] zero00253
2016-08-04 20:03:52,319 INFO [org.junit.Test] zero00254
2016-08-04 20:03:52,319 INFO [org.junit.Test] zero00255
2016-08-04 20:03:52,319 INFO [org.junit.Test] zero00256
2016-08-04 20:03:52,319 INFO [org.junit.Test] zero00257
2016-08-04 20:03:52,319 INFO [org.junit.Test] zero00258
2016-08-04 20:03:52,319 INFO [org.junit.Test] zero00259
2016-08-04 20:03:52,319 INFO [org.junit.Test] zero00260
2016-08-04 20:03:52,319 INFO [org.junit.Test] zero00261
2016-08-04 20:03:52,319 INFO [org.junit.Test] zero00262
2016-08-04 20:03:52,319 INFO [org.junit.Test] zero00263
2016-08-04 20:03:52,319 INFO [org.junit.Test] zero00264
2016-08-04 20:03:52,319 INFO [org.junit.Test] zero00265
2016-08-04 20:03:52,319 INFO [org.junit.Test] zero00266
2016-08-04 20:03:52,319 INFO [org.junit.Test] zero00267
2016-08-04 20:03:52,319 INFO [org.junit.Test] zero00268
2016-08-04 20:03:52,319 INFO [org.junit.Test] zero00269
2016-08-04 20:03:52,319 INFO [org.junit.Test] zero00270
2016-08-04 20:03:52,319 INFO [org.junit.Test] zero00271
2016-08-04 20:03:52,319 INFO [org.junit.Test] zero00272
2016-08-04 20:03:52,319 INFO [org.junit.Test] zero00273
2016-08-04 20:03:52,319 INFO [org.junit.Test] zero00274
2016-08-04 20:03:52,319 INFO [org.junit.Test] zero00275
2016-08-04 20:03:52,319 INFO [org.junit.Test] zero00276
2016-08-04 20:03:52,319 INFO [org.junit.Test] zero00277
2016-08-04 20:03:52,319 INFO [org.junit.Test] zero00278
2016-08-04 20:03:52,319 INFO [org.junit.Test] zero00279
2016-08-04 20:03:52,319 INFO [org.junit.Test] zero00280
2016-08-04 20:03:52,319 INFO [org.junit.Test] zero00281
2016-08-04 20:03:52,319 INFO [org.junit.Test] zero00282
2016-08-04 20:03:52,319 INFO [org.junit.Test] zero00283
2016-08-04 20:03:52,319 INFO [org.junit.Test] zero00284
2016-08-04 20:03:52,319 INFO [org.junit.Test] zero00285
2016-08-04 20:03:52,319 INFO [org.junit.Test] zero00286
2016-08-04 20:03:52,319 INFO [org.junit.Test] zero00287
2016-08-04 20:03:52,319 INFO [org.junit.Test] zero00288
2016-08-04 20:03:52,319 INFO [org.junit.Test] zero00289
2016-08-04 20:03:52,319 INFO [org.junit.Test] zero00290
2016-08-04 20:03:52,319 INFO [org.junit.Test] zero00291
2016-08-04 20:03:52,319 INFO [org.junit.Test] zero00292
2016-08-04 20:03:52,319 INFO [org.junit.Test] zero00293
2016-08-04 20:03:52,319 INFO [org.junit.Test] zero00294
2016-08-04 20:03:52,319 INFO [org.junit.Test] zero00295
2016-08-04 20:03:52,319 INFO [org.junit.Test] zero00296
2016-08-04 20:03:52,319 INFO [org.junit.Test] zero00297
2016-08-04 20:03:52,319 INFO [org.junit.Test] zero00298
2016-08-04 20:03:52,319 INFO [org.junit.Test] zero00299
2016-08-04 20:03:52,319 INFO [org.junit.Test] zero00300
2016-08-04 20:03:52,319 INFO [org.junit.Test] zero00301
2016-08-04 20:03:52,319 INFO [org.junit.Test] zero00302
2016-08-04 20:03:52,319 INFO [org.junit.Test] zero00303
2016-08-04 20:03:52,319 INFO [org.junit.Test] zero00304
2016-08-04 20:03:52,319 INFO [org.junit.Test] zero00305
2016-08-04 20:03:52,319 INFO [org.junit.Test] zero00306
2016-08-04 20:03:52,319 INFO [org.junit.Test] zero00307
2016-08-04 20:03:52,319 INFO [org.junit.Test] zero00308
2016-08-04 20:03:52,319 INFO [org.junit.Test] zero00309
2016-08-04 20:03:52,319 INFO [org.junit.Test] zero00310
2016-08-04 20:03:52,319 INFO [org.junit.Test] zero00311
2016-08-04 20:03:52,319 INFO [org.junit.Test] zero00312
2016-08-04 20:03:52,319 INFO [org.junit.Test] zero00313
2016-08-04 20:03:52,319 INFO [org.junit.Test] zero00314
2016-08-04 20:03:52,319 INFO [org.junit.Test] zero00315
2016-08-04 20:03:52,319 INFO [org.junit.Test] zero00316
2016-08-04 20:03:52,319 INFO [org.junit.Test] zero00317
2016-08-04 20:03:52,319 INFO [org.junit.Test] zero00318
2016-08-04 20:03:52,319 INFO [org.junit.Test] zero00319
2016-08-04 20:03:52,319 INFO [org.junit.Test] zero00320
2016-08-04 20:03:52,319 INFO [org.junit.Test] zero00321
2016-08-04 20:03:52,319 INFO [org.junit.Test] zero00322
2016-08-04 20:03:52,319 INFO [org.junit.Test] zero00323
2016-08-04 20:03:52,319 INFO [org.junit.Test] zero00324
2016-08-04 20:03:52,319 INFO [org.junit.Test] zero00325
2016-08-04 20:03:52,319 INFO [org.junit.Test] zero00326
2016-08-04 20:03:52,319 INFO [org.junit.Test] zero00327
2016-08-04 20:03:52,319 INFO [org.junit.Test] zero00328
2016-08-04 20:03:52,319 INFO [org.junit.Test] zero00329
2016-08-04 20:03:52,319 INFO [org.junit.Test] zero00330
2016-08-04 20:03:52,319 INFO [org.junit.Test] zero00331
2016-08-04 20:03:52,319 INFO [org.junit.Test] zero00332
2016-08-04 20:03:52,319 INFO [org.junit.Test] zero00333
2016-08-04 20:03:52,319 INFO [org.junit.Test] zero00334
2016-08-04 20:03:52,319 INFO [org.junit.Test] zero00335
2016-08-04 20:03:52,319 INFO [org.junit.Test] zero00336
2016-08-04 20:03:52,319 INFO [org.junit.Test] zero00337
2016-08-04 20:03:52,319 INFO [org.junit.Test] zero00338
2016-08-04 20:03:52,319 INFO [org.junit.Test] zero00339
2016-08-04 20:03:52,319 INFO [org.junit.Test] zero00340
2016-08-04 20:03:52,319 INFO [org.junit.Test] zero00341
2016-08-04 20:03:52,319 INFO [org.junit.Test] zero00342
2016-08-04 20:03:52,319 INFO [org.junit.Test] zero00343
2016-08-04 20:03:52,319 INFO [org.junit.Test] zero00344
2016-08-04 20:03:52,319 INFO [org.junit.Test] zero00345
2016-08-04 20:03:52,319 INFO [org.junit.Test] zero00346
2016-08-04 20:03:52,319 INFO [org.junit.Test] zero00347
2016-08-04 20:03:52,319 INFO [org.junit.Test] zero00348
2016-08-04 20:03:52,319 INFO [org.junit.Test] zero00349
2016-08-04 20:03:52,319 INFO [org.junit.Test] zero00350
2016-08-04 20:03:52,319 INFO [org.junit.Test] zero00351
2016-08-04 20:03:52,319 INFO [org.junit.Test] zero00352
2016-08-04 20:03:52,319 INFO [org.junit.Test] zero00353
2016-08-04 20:03:52,319 INFO [org.junit.Test] zero00354
2016-08-04 20:03:52,319 INFO [org.junit.Test] zero00355
2016-08-04 20:03:52,319 INFO [org.junit.Test] zero00356
2016-08-04 20:03:52,319 INFO [org.junit.Test] zero00357
2016-08-04 20:03:52,319 INFO [org.junit.Test] zero00358
2016-08-04 20:03:52,319 INFO [org.junit.Test] zero00359
2016-08-04 20:03:52,319 INFO [org.junit.Test] zero00360
2016-08-04 20:03:52,319 INFO [org.junit.Test] zero00361
2016-08-04 20:03:52,319 INFO [org.junit.Test] zero00362
2016-08-04 20:03:52,319 INFO [org.junit.Test] zero00363
2016-08-04 20:03:52,319 INFO [org.junit.Test] zero00364
2016-08-04 20:03:52,319 INFO [org.junit.Test] zero00365
2016-08-04 20:03:52,319 INFO [org.junit.Test] zero00366
2016-08-04 20:03:52,319 INFO [org.junit.Test] zero00367
2016-08-04 20:03:52,319 INFO [org.junit.Test] zero00368
2016-08-04 20:03:52,319 INFO [org.junit.Test] zero00369
2016-08-04 20:03:52,319 INFO [org.junit.Test] zero00370
2016-08-04 20:03:52,319 INFO [org.junit.Test] zero00371
2016-08-04 20:03:52,319 INFO [org.junit.Test] zero00372
2016-08-04 20:03:52,319 INFO [org.junit.Test] zero00373
2016-08-04 20:03:52,319 INFO [org.junit.Test] zero00374
2016-08-04 20:03:52,319 INFO [org.junit.Test] zero00375
2016-08-04 20:03:52,319 INFO [org.junit.Test] zero00376
2016-08-04 20:03:52,319 INFO [org.junit.Test] zero00377
2016-08-04 20:03:52,319 INFO [org.junit.Test] zero00378
2016-08-04 20:03:52,319 INFO [org.junit.Test] zero00379
2016-08-04 20:03:52,319 INFO [org.junit.Test] zero00380
2016-08-04 20:03:52,319 INFO [org.junit.Test] zero00381
2016-08-04 20:03:52,319 INFO [org.junit.Test] zero00382
2016-08-04 20:03:52,319 INFO [org.junit.Test] zero00383
2016-08-04 20:03:52,319 INFO [org.junit.Test] zero00384
2016-08-04 20:03:52,319 INFO [org.junit.Test] zero00385
2016-08-04 20:03:52,319 INFO [org.junit.Test] zero00386
2016-08-04 20:03:52,319 INFO [org.junit.Test] zero00387
2016-08-04 20:03:52,319 INFO [org.junit.Test] zero00388
2016-08-04 20:03:52,319 INFO [org.junit.Test] zero00389
2016-08-04 20:03:52,319 INFO [org.junit.Test] zero00390
2016-08-04 20:03:52,319 INFO [org.junit.Test] zero00391
2016-08-04 20:03:52,319 INFO [org.junit.Test] zero00392
2016-08-04 20:03:52,319 INFO [org.junit.Test] zero00393
2016-08-04 20:03:52,319 INFO [org.junit.Test] zero00394
2016-08-04 20:03:52,319 INFO [org.junit.Test] zero00395
2016-08-04 20:03:52,319 INFO [org.junit.Test] zero00396
2016-08-04 20:03:52,319 INFO [org.junit.Test] zero00397
2016-08-04 20:03:52,319 INFO [org.junit.Test] zero00398
2016-08-04 20:03:52,319 INFO [org.junit.Test] zero00399
2016-08-04 20:03:52,319 INFO [org.junit.Test] zero00400
2016-08-04 20:03:52,319 INFO [org.junit.Test] zero00401
2016-08-04 20:03:52,319 INFO [org.junit.Test] zero00402
2016-08-04 20:03:52,319 INFO [org.junit.Test] zero00403
2016-08-04 20:03:52,319 INFO [org.junit.Test] zero00404
2016-08-04 20:03:52,319 INFO [org.junit.Test] zero00405
2016-08-04 20:03:52,319 INFO [org.junit.Test] zero00406
2016-08-04 20:03:52,319 INFO [org.junit.Test] zero00407
2016-08-04 20:03:52,319 INFO [org.junit.Test] zero00408
2016-08-04 20:03:52,319 INFO [org.junit.Test] zero00409
2016-08-04 20:03:52,319 INFO [org.junit.Test] zero00410
2016-08-04 20:03:52,319 INFO [org.junit.Test] zero00411
2016-08-04 20:03:52,319 INFO [org.junit.Test] zero00412
2016-08-04 20:03:52,319 INFO [org.junit.Test] zero00413
2016-08-04 20:03:52,319 INFO [org.junit.Test] zero00414
2016-08-04 20:03:52,319 INFO [org.junit.Test] zero00415
2016-08-04 20:03:52,319 INFO [org.junit.Test] zero00416
2016-08-04 20:03:52,319 INFO [org.junit.Test] zero00417
2016-08-04 20:03:52,319 INFO [org.junit.Test] zero00418
2016-08-04 20:03:52,319 INFO [org.junit.Test] zero00419
2016-08-04 20:03:52,319 INFO [org.junit.Test] zero00420
2016-08-04 20:03:52,319 INFO [org.junit.Test] zero00421
2016-08-04 20:03:52,319 INFO [org.junit.Test] zero00422
2016-08-04 20:03:52,319 INFO [org.junit.Test] zero00423
2016-08-04 20:03:52,319 INFO [org.junit.Test] zero00424
2016-08-04 20:03:52,319 INFO [org.junit.Test] zero00425
2016-08-04 20:03:52,319 INFO [org.junit.Test] zero00426
2016-08-04 20:03:52,319 INFO [org.junit.Test] zero00427
2016-08-04 20:03:52,319 INFO [org.junit.Test] zero00428
2016-08-04 20:03:52,319 INFO [org.junit.Test] zero00429
2016-08-04 20:03:52,319 INFO [org.junit.Test] zero00430
2016-08-04 20:03:52,319 INFO [org.junit.Test] zero00431
2016-08-04 20:03:52,319 INFO [org.junit.Test] zero00432
2016-08-04 20:03:52,319 INFO [org.junit.Test] zero00433
2016-08-04 20:03:52,319 INFO [org.junit.Test] zero00434
2016-08-04 20:03:52,319 INFO [org.junit.Test] zero00435
2016-08-04 20:03:52,319 INFO [org.junit.Test] zero00436
2016-08-04 20:03:52,319 INFO [org.junit.Test] zero00437
2016-08-04 20:03:52,319 INFO [org.junit.Test] zero00438
2016-08-04 20:03:52,319 INFO [org.junit.Test] zero00439
2016-08-04 20:03:52,319 INFO [org.junit.Test] zero00440
2016-08-04 20:03:52,319 INFO [org.junit.Test] zero00441
2016-08-04 20:03:52,319 INFO [org.junit.Test] zero00442
2016-08-04 20:03:52,319 INFO [org.junit.Test] zero00443
2016-08-04 20:03:52,319 INFO [org.junit.Test] zero00444
2016-08-04 20:03:52,319 INFO [org.junit.Test] zero00445
2016-08-04 20:03:52,319 INFO [org.junit.Test] zero00446
2016-08-04 20:03:52,319 INFO [org.junit.Test] zero00447
2016-08-04 20:03:52,319 INFO [org.junit.Test] zero00448
2016-08-04 20:03:52,319 INFO [org.junit.Test] zero00449
2016-08-04 20:03:52,319 INFO [org.junit.Test] zero00450
2016-08-04 20:03:52,319 INFO [org.junit.Test] zero00451
2016-08-04 20:03:52,319 INFO [org.junit.Test] zero00452
2016-08-04 20:03:52,319 INFO [org.junit.Test] zero00453
2016-08-04 20:03:52,319 INFO [org.junit.Test] zero00454
2016-08-04 20:03:52,319 INFO [org.junit.Test] zero00455
2016-08-04 20:03:52,319 INFO [org.junit.Test] zero00456
2016-08-04 20:03:52,319 INFO [org.junit.Test] zero00457
2016-08-04 20:03:52,319 INFO [org.junit.Test] zero00458
2016-08-04 20:03:52,319 INFO [org.junit.Test] zero00459
2016-08-04 20:03:52,319 INFO [org.junit.Test] zero00460
2016-08-04 20:03:52,319 INFO [org.junit.Test] zero00461
2016-08-04 20:03:52,319 INFO [org.junit.Test] zero00462
2016-08-04 20:03:52,319 INFO [org.junit.Test] zero00463
2016-08-04 20:03:52,319 INFO [org.junit.Test] zero00464
2016-08-04 20:03:52,319 INFO [org.junit.Test] zero00465
2016-08-04 20:03:52,319 INFO [org.junit.Test] zero00466
2016-08-04 20:03:52,319 INFO [org.junit.Test] zero00467
2016-08-04 20:03:52,319 INFO [org.junit.Test] zero00468
2016-08-04 20:03:52,319 INFO [org.junit.Test] zero00469
2016-08-04 20:03:52,319 INFO [org.junit.Test] zero00470
2016-08-04 20:03:52,319 INFO [org.junit.Test] zero00471
2016-08-04 20:03:52,319 INFO [org.junit.Test] zero00472
2016-08-04 20:03:52,319 INFO [org.junit.Test] zero00473
2016-08-04 20:03:52,319 INFO [org.junit.Test] zero00474
2016-08-04 20:03:52,319 INFO [org.junit.Test] zero00475
2016-08-04 20:03:52,319 INFO [org.junit.Test] zero00476
2016-08-04 20:03:52,319 INFO [org.junit.Test] zero00477
2016-08-04 20:03:52,319 INFO [org.junit.Test] zero00478
2016-08-04 20:03:52,319 INFO [org.junit.Test] zero00479
2016-08-04 20:03:52,319 INFO [org.junit.Test] zero00480
2016-08-04 20:03:52,319 INFO [org.junit.Test] zero00481
2016-08-04 20:03:52,319 INFO [org.junit.Test] zero00482
2016-08-04 20:03:52,319 INFO [org.junit.Test] zero00483
2016-08-04 20:03:52,319 INFO [org.junit.Test] zero00484
2016-08-04 20:03:52,319 INFO [org.junit.Test] zero00485
2016-08-04 20:03:52,319 INFO [org.junit.Test] zero00486
2016-08-04 20:03:52,319 INFO [org.junit.Test] zero00487
2016-08-04 20:03:52,319 INFO [org.junit.Test] zero00488
2016-08-04 20:03:52,319 INFO [org.junit.Test] zero00489
2016-08-04 20:03:52,319 INFO [org.junit.Test] zero00490
2016-08-04 20:03:52,319 INFO [org.junit.Test] zero00491
2016-08-04 20:03:52,319 INFO [org.junit.Test] zero00492
2016-08-04 20:03:52,319 INFO [org.junit.Test] zero00493
2016-08-04 20:03:52,319 INFO [org.junit.Test] zero00494
2016-08-04 20:03:52,319 INFO [org.junit.Test] zero00495
2016-08-04 20:03:52,319 INFO [org.junit.Test] zero00496
2016-08-04 20:03:52,319 INFO [org.junit.Test] zero00497
2016-08-04 20:03:52,319 INFO [org.junit.Test] zero00498
2016-08-04 20:03:52,319 INFO [org.junit.Test] zero00499
2016-08-04 20:03:52,319 INFO [org.junit.Test] zero00500
2016-08-04 20:03:52,319 INFO [org.junit.Test] zero00501
2016-08-04 20:03:52,319 INFO [org.junit.Test] zero00502
2016-08-04 20:03:52,319 INFO [org.junit.Test] zero00503
2016-08-04 20:03:52,319 INFO [org.junit.Test] zero00504
2016-08-04 20:03:52,319 INFO [org.junit.Test] zero00505
2016-08-04 20:03:52,319 INFO [org.junit.Test] zero00506
2016-08-04 20:03:52,319 INFO [org.junit.Test] zero00507
2016-08-04 20:03:52,319 INFO [org.junit.Test] zero00508
2016-08-04 20:03:52,319 INFO [org.junit.Test] zero00509
2016-08-04 20:03:52,319 INFO [org.junit.Test] zero00510
2016-08-04 20:03:52,319 INFO [org.junit.Test] zero00511
2016-08-04 20:03:52,319 INFO [org.junit.Test] zero00512
2016-08-04 20:03:52,319 INFO [org.junit.Test] zero00513
2016-08-04 20:03:52,319 INFO [org.junit.Test] zero00514
2016-08-04 20:03:52,319 INFO [org.junit.Test] zero00515
2016-08-04 20:03:52,319 INFO [org.junit.Test] zero00516
2016-08-04 20:03:52,319 INFO [org.junit.Test] zero00517
2016-08-04 20:03:52,319 INFO [org.junit.Test] zero00518
2016-08-04 20:03:52,319 INFO [org.junit.Test] zero00519
2016-08-04 20:03:52,319 INFO [org.junit.Test] zero00520
2016-08-04 20:03:52,319 INFO [org.junit.Test] zero00521
2016-08-04 20:03:52,319 INFO [org.junit.Test] zero00522
2016-08-04 20:03:52,319 INFO [org.junit.Test] zero00523
2016-08-04 20:03:52,319 INFO [org.junit.Test] zero00524
2016-08-04 20:03:52,319 INFO [org.junit.Test] zero00525
2016-08-04 20:03:52,319 INFO [org.junit.Test] zero00526
2016-08-04 20:03:52,319 INFO [org.junit.Test] zero00527
2016-08-04 20:03:52,319 INFO [org.junit.Test] zero00528
2016-08-04 20:03:52,319 INFO [org.junit.Test] zero00529
2016-08-04 20:03:52,319 INFO [org.junit.Test] zero00530
2016-08-04 20:03:52,319 INFO [org.junit.Test] zero00531
2016-08-04 20:03:52,319 INFO [org.junit.Test] zero00532
2016-08-04 20:03:52,319 INFO [org.junit.Test] zero00533
2016-08-04 20:03:52,319 INFO [org.junit.Test] zero00534
2016-08-04 20:03:52,319 INFO [org.junit.Test] zero00535
2016-08-04 20:03:52,319 INFO [org.junit.Test] zero00536
2016-08-04 20:03:52,319 INFO [org.junit.Test] zero00537
2016-08-04 20:03:52,319 INFO [org.junit.Test] zero00538
2016-08-04 20:03:52,319 INFO [org.junit.Test] zero00539
2016-08-04 20:03:52,319 INFO [org.junit.Test] zero00540
2016-08-04 20:03:52,319 INFO [org.junit.Test] zero00541
2016-08-04 20:03:52,319 INFO [org.junit.Test] zero00542
2016-08-04 20:03:52,319 INFO [org.junit.Test] zero00543
2016-08-04 20:03:52,319 INFO [org.junit.Test] zero00544
2016-08-04 20:03:52,319 INFO [org.junit.Test] zero00545
2016-08-04 20:03:52,319 INFO [org.junit.Test] zero00546
2016-08-04 20:03:52,319 INFO [org.junit.Test] zero00547
2016-08-04 20:03:52,319 INFO [org.junit.Test] zero00548
2016-08-04 20:03:52,319 INFO [org.junit.Test] zero00549
2016-08-04 20:03:52,319 INFO [org.junit.Test] zero00550
2016-08-04 20:03:52,319 INFO [org.junit.Test] zero00551
2016-08-04 20:03:52,319 INFO [org.junit.Test] zero00552
2016-08-04 20:03:52,319 INFO [org.junit.Test] zero00553
2016-08-04 20:03:52,319 INFO [org.junit.Test] zero00554
2016-08-04 20:03:52,319 INFO [org.junit.Test] zero00555
2016-08-04 20:03:52,319 INFO [org.junit.Test] zero00556
2016-08-04 20:03:52,319 INFO [org.junit.Test] zero00557
2016-08-04 20:03:52,319 INFO [org.junit.Test] zero00558
2016-08-04 20:03:52,319 INFO [org.junit.Test] zero00559
2016-08-04 20:03:52,319 INFO [org.junit.Test] zero00560
2016-08-04 20:03:52,319 INFO [org.junit.Test] zero00561
2016-08-04 20:03:52,319 INFO [org.junit.Test] zero00562
2016-08-04 20:03:52,319 INFO [org.junit.Test] zero00563
2016-08-04 20:03:52,319 INFO [org.junit.Test] zero00564
2016-08-04 20:03:52,319 INFO [org.junit.Test] zero00565
2016-08-04 20:03:52,319 INFO [org.junit.Test] zero00566
2016-08-04 20:03:52,319 INFO [org.junit.Test] zero00567
2016-08-04 20:03:52,319 INFO [org.junit.Test] zero00568
2016-08-04 20:03:52,319 INFO [org.junit.Test] zero00569
2016-08-04 20:03:52,319 INFO [org.junit.Test] zero00570
2016-08-04 20:03:52,319 INFO [org.junit.Test] zero00571
2016-08-04 20:03:52,319 INFO [org.junit.Test] zero00572
2016-08-04 20:03:52,319 INFO [org.junit.Test] zero00573
2016-08-04 20:03:52,319 INFO [org.junit.Test] zero00574
2016-08-04 20:03:52,319 INFO [org.junit.Test] zero00575
2016-08-04 20:03:52,319 INFO [org.junit.Test] zero00576
2016-08-04 20:03:52,319 INFO [org.junit.Test] zero00577
2016-08-04 20:03:52,319 INFO [org.junit.Test] zero00578
2016-08-04 20:03:52,319 INFO [org.junit.Test] zero00579
2016-08-04 20:03:52,319 INFO [org.junit.Test] zero00580
2016-08-04 20:03:52,319 INFO [org.junit.Test] zero00581
2016-08-04 20:03:52,319 INFO [org.junit.Test] zero00582
2016-08-04 20:03:52,319 INFO [org.junit.Test] zero00583
2016-08-04 20:03:52,319 INFO [org.junit.Test] zero00584
2016-08-04 20:03:52,319 INFO [org.junit.Test] zero00585
2016-08-04 20:03:52,319 INFO [org.junit.Test] zero00586
2016-08-04 20:03:52,319 INFO [org.junit.Test] zero00587
2016-08-04 20:03:52,319 INFO [org.junit.Test] zero00588
2016-08-04 20:03:52,319 INFO [org.junit.Test] zero00589
2016-08-04 20:03:52,319 INFO [org.junit.Test] zero00590
2016-08-04 20:03:52,319 INFO [org.junit.Test] zero00591
2016-08-04 20:03:52,319 INFO [org.junit.Test] zero00592
2016-08-04 20:03:52,319 INFO [org.junit.Test] zero00593
2016-08-04 20:03:52,319 INFO [org.junit.Test] zero00594
2016-08-04 20:03:52,319 INFO [org.junit.Test] zero00595
2016-08-04 20:03:52,319 INFO [org.junit.Test] zero00596
2016-08-04 20:03:52,319 INFO [org.junit.Test] zero00597
2016-08-04 20:03:52,319 INFO [org.junit.Test] zero00598
2016-08-04 20:03:52,319 INFO [org.junit.Test] zero00599
2016-08-04 20:03:52,319 INFO [org.junit.Test] zero00600
2016-08-04 20:03:52,319 INFO [org.junit.Test] zero00601
2016-08-04 20:03:52,319 INFO [org.junit.Test] zero00602
2016-08-04 20:03:52,319 INFO [org.junit.Test] zero00603
2016-08-04 20:03:52,319 INFO [org.junit.Test] zero00604
2016-08-04 20:03:52,319 INFO [org.junit.Test] zero00605
2016-08-04 20:03:52,319 INFO [org.junit.Test] zero00606
2016-08-04 20:03:52,319 INFO [org.junit.Test] zero00607
2016-08-04 20:03:52,319 INFO [org.junit.Test] zero00608
2016-08-04 20:03:52,319 INFO [org.junit.Test] zero00609
2016-08-04 20:03:52,319 INFO [org.junit.Test] zero00610
2016-08-04 20:03:52,319 INFO [org.junit.Test] zero00611
2016-08-04 20:03:52,319 INFO [org.junit.Test] zero00612
2016-08-04 20:03:52,319 INFO [org.junit.Test] zero00613
2016-08-04 20:03:52,319 INFO [org.junit.Test] zero00614
2016-08-04 20:03:52,319 INFO [org.junit.Test] zero00615
2016-08-04 20:03:52,319 INFO [org.junit.Test] zero00616
2016-08-04 20:03:52,319 INFO [org.junit.Test] zero00617
2016-08-04 20:03:52,319 INFO [org.junit.Test] zero00618
2016-08-04 20:03:52,319 INFO [org.junit.Test] zero00619
2016-08-04 20:03:52,319 INFO [org.junit.Test] zero00620
2016-08-04 20:03:52,319 INFO [org.junit.Test] zero00621
2016-08-04 20:03:52,319 INFO [org.junit.Test] zero00622
2016-08-04 20:03:52,319 INFO [org.junit.Test] zero00623
2016-08-04 20:03:52,319 INFO [org.junit.Test] zero00624
2016-08-04 20:03:52,319 INFO [org.junit.Test] zero00625
2016-08-04 20:03:52,319 INFO [org.junit.Test] zero00626
2016-08-04 20:03:52,319 INFO [org.junit.Test] zero00627
2016-08-04 20:03:52,319 INFO [org.junit.Test] zero00628
2016-08-04 20:03:52,319 INFO [org.junit.Test] zero00629
2016-08-04 20:03:52,319 INFO [org.junit.Test] zero00630
2016-08-04 20:03:52,319 INFO [org.junit.Test] zero00631
2016-08-04 20:03:52,319 INFO [org.junit.Test] zero00632
2016-08-04 20:03:52,319 INFO [org.junit.Test] zero00633
2016-08-04 20:03:52,319 INFO [org.junit.Test] zero00634
2016-08-04 20:03:52,319 INFO [org.junit.Test] zero00635
2016-08-04 20:03:52,319 INFO [org.junit.Test] zero00636
2016-08-04 20:03:52,319 INFO [org.junit.Test] zero00637
2016-08-04 20:03:52,319 INFO [org.junit.Test] zero00638
2016-08-04 20:03:52,319 INFO [org.junit.Test] zero00639
2016-08-04 20:03:52,319 INFO [org.junit.Test] zero00640
2016-08-04 20:03:52,319 INFO [org.junit.Test] zero00641
2016-08-04 20:03:52,319 INFO [org.junit.Test] zero00642
2016-08-04 20:03:52,319 INFO [org.junit.Test] zero00643
2016-08-04 20:03:52,319 INFO [org.junit.Test] zero00644
2016-08-04 20:03:52,319 INFO [org.junit.Test] zero00645
2016-08-04 20:03:52,319 INFO [org.junit.Test] zero00646
2016-08-04 20:03:52,319 INFO [org.junit.Test] zero00647
2016-08-04 20:03:52,319 INFO [org.junit.Test] zero00648
2016-08-04 20:03:52,319 INFO [org.junit.Test] zero00649
2016-08-04 20:03:52,319 INFO [org.junit.Test] zero00650
2016-08-04 20:03:52,319 INFO [org.junit.Test] zero00651
2016-08-04 20:03:52,319 INFO [org.junit.Test] zero00652
2016-08-04 20:03:52,319 INFO [org.junit.Test] zero00653
2016-08-04 20:03:52,319 INFO [org.junit.Test] zero00654
2016-08-04 20:03:52,319 INFO [org.junit.Test] zero00655
2016-08-04 20:03:52,319 INFO [org.junit.Test] zero00656
2016-08-04 20:03:52,319 INFO [org.junit.Test] zero00657
2016-08-04 20:03:52,319 INFO [org.junit.Test] zero00658
2016-08-04 20:03:52,319 INFO [org.junit.Test] zero00659
2016-08-04 20:03:52,319 INFO [org.junit.Test] zero00660
2016-08-04 20:03:52,319 INFO [org.junit.Test] zero00661
2016-08-04 20:03:52,319 INFO [org.junit.Test] zero00662
2016-08-04 20:03:52,319 INFO [org.junit.Test] zero00663
2016-08-04 20:03:52,319 INFO [org.junit.Test] zero00664
2016-08-04 20:03:52,319 INFO [org.junit.Test] zero00665
2016-08-04 20:03:52,319 INFO [org.junit.Test] zero00666
2016-08-04 20:03:52,319 INFO [org.junit.Test] zero00667
2016-08-04 20:03:52,319 INFO [org.junit.Test] zero00668
2016-08-04 20:03:52,319 INFO [org.junit.Test] zero00669
2016-08-04 20:03:52,319 INFO [org.junit.Test] zero00670
2016-08-04 20:03:52,319 INFO [org.junit.Test] zero00671
2016-08-04 20:03:52,319 INFO [org.junit.Test] zero00672
2016-08-04 20:03:52,319 INFO [org.junit.Test] zero00673
2016-08-04 20:03:52,319 INFO [org.junit.Test] zero00674
2016-08-04 20:03:52,319 INFO [org.junit.Test] zero00675
2016-08-04 20:03:52,319 INFO [org.junit.Test] zero00676
2016-08-04 20:03:52,319 INFO [org.junit.Test] zero00677
2016-08-04 20:03:52,319 INFO [org.junit.Test] zero00678
2016-08-04 20:03:52,319 INFO [org.junit.Test] zero00679
2016-08-04 20:03:52,319 INFO [org.junit.Test] zero00680
2016-08-04 20:03:52,319 INFO [org.junit.Test] zero00681
2016-08-04 20:03:52,319 INFO [org.junit.Test] zero00682
2016-08-04 20:03:52,319 INFO [org.junit.Test] zero00683
2016-08-04 20:03:52,319 INFO [org.junit.Test] zero00684
2016-08-04 20:03:52,319 INFO [org.junit.Test] zero00685
2016-08-04 20:03:52,319 INFO [org.junit.Test] zero00686
2016-08-04 20:03:52,319 INFO [org.junit.Test] zero00687
2016-08-04 20:03:52,319 INFO [org.junit.Test] zero00688
2016-08-04 20:03:52,319 INFO [org.junit.Test] zero00689
2016-08-04 20:03:52,319 INFO [org.junit.Test] zero00690
2016-08-04 20:03:52,319 INFO [org.junit.Test] zero00691
2016-08-04 20:03:52,319 INFO [org.junit.Test] zero00692
2016-08-04 20:03:52,319 INFO [org.junit.Test] zero00693
2016-08-04 20:03:52,319 INFO [org.junit.Test] zero00694
2016-08-04 20:03:52,319 INFO [org.junit.Test] zero00695
2016-08-04 20:03:52,319 INFO [org.junit.Test] zero00696
2016-08-04 20:03:52,319 INFO [org.junit.Test] zero00697
2016-08-04 20:03:52,319 INFO [org.junit.Test] zero00698
2016-08-04 20:03:52,319 INFO [org.junit.Test] zero00699
2016-08-04 20:03:52,319 INFO [org.junit.Test] zero00700
2016-08-04 20:03:52,319 INFO [org.junit.Test] zero00701
2016-08-04 20:03:52,319 INFO [org.junit.Test] zero00702
2016-08-04 20:03:52,319 INFO [org.junit.Test] zero00703
2016-08-04 20:03:52,319 INFO [org.junit.Test] zero00704
2016-08-04 20:03:52,319 INFO [org.junit.Test] zero00705
2016-08-04 20:03:52,319 INFO [org.junit.Test] zero00706
2016-08-04 20:03:52,319 INFO [org.junit.Test] zero00707
2016-08-04 20:03:52,319 INFO [org.junit.Test] zero00708
2016-08-04 20:03:52,319 INFO [org.junit.Test] zero00709
2016-08-04 20:03:52,319 INFO [org.junit.Test] zero00710
2016-08-04 20:03:52,319 INFO [org.junit.Test] zero00711
2016-08-04 20:03:52,319 INFO [org.junit.Test] zero00712
2016-08-04 20:03:52,319 INFO [org.junit.Test] zero00713
2016-08-04 20:03:52,319 INFO [org.junit.Test] zero00714
2016-08-04 20:03:52,319 INFO [org.junit.Test] zero00715
2016-08-04 20:03:52,319 INFO [org.junit.Test] zero00716
2016-08-04 20:03:52,319 INFO [org.junit.Test] zero00717
2016-08-04 20:03:52,319 INFO [org.junit.Test] zero00718
2016-08-04 20:03:52,319 INFO [org.junit.Test] zero00719
2016-08-04 20:03:52,319 INFO [org.junit.Test] zero00720
2016-08-04 20:03:52,319 INFO [org.junit.Test] zero00721
2016-08-04 20:03:52,319 INFO [org.junit.Test] zero00722
2016-08-04 20:03:52,319 INFO [org.junit.Test] zero00723
2016-08-04 20:03:52,319 INFO [org.junit.Test] zero00724
2016-08-04 20:03:52,319 INFO [org.junit.Test] zero00725
2016-08-04 20:03:52,319 INFO [org.junit.Test] zero00726
2016-08-04 20:03:52,319 INFO [org.junit.Test] zero00727
2016-08-04 20:03:52,319 INFO [org.junit.Test] zero00728
2016-08-04 20:03:52,319 INFO [org.junit.Test] zero00729
2016-08-04 20:03:52,319 INFO [org.junit.Test] zero00730
2016-08-04 20:03:52,319 INFO [org.junit.Test] zero00731
2016-08-04 20:03:52,319 INFO [org.junit.Test] zero00732
2016-08-04 20:03:52,319 INFO [org.junit.Test] zero00733
2016-08-04 20:03:52,319 INFO [org.junit.Test] zero00734
2016-08-04 20:03:52,319 INFO [org.junit.Test] zero00735
2016-08-04 20:03:52,319 INFO [org.junit.Test] zero00736
2016-08-04 20:03:52,319 INFO [org.junit.Test] zero00737
2016-08-04 20:03:52,319 INFO [org.junit.Test] zero00738
2016-08-04 20:03:52,319 INFO [org.junit.Test] zero00739
2016-08-04 20:03:52,319 INFO [org.junit.Test] zero00740
2016-08-04 20:03:52,319 INFO [org.junit.Test] zero00741
2016-08-04 20:03:52,319 INFO [org.junit.Test] zero00742
2016-08-04 20:03:52,319 INFO [org.junit.Test] zero00743
2016-08-04 20:03:52,319 INFO [org.junit.Test] zero00744
2016-08-04 20:03:52,319 INFO [org.junit.Test] zero00745
2016-08-04 20:03:52,319 INFO [org.junit.Test] zero00746
2016-08-04 20:03:52,319 INFO [org.junit.Test] zero00747
2016-08-04 20:03:52,319 INFO [org.junit.Test] zero00748
2016-08-04 20:03:52,319 INFO [org.junit.Test] zero00749
2016-08-04 20:03:52,319 INFO [org.junit.Test] zero00750
2016-08-04 20:03:52,319 INFO [org.junit.Test] zero00751
2016-08-04 20:03:52,319 INFO [org.junit.Test] zero00752
2016-08-04 20:03:52,319 INFO [org.junit.Test] zero00753
2016-08-04 20:03:52,319 INFO [org.junit.Test] zero00754
2016-08-04 20:03:52,319 INFO [org.junit.Test] zero00755
2016-08-04 20:03:52,319 INFO [org.junit.Test] zero00756
2016-08-04 20:03:52,319 INFO [org.junit.Test] zero00757
2016-08-04 20:03:52,319 INFO [org.junit.Test] zero00758
2016-08-04 20:03:52,319 INFO [org.junit.Test] zero00759
2016-08-04 20:03:52,319 INFO [org.junit.Test] zero00760
2016-08-04 20:03:52,319 INFO [org.junit.Test] zero00761
2016-08-04 20:03:52,319 INFO [org.junit.Test] zero00762
2016-08-04 20:03:52,319 INFO [org.junit.Test] zero00763
2016-08-04 20:03:52,319 INFO [org.junit.Test] zero00764
2016-08-04 20:03:52,319 INFO [org.junit.Test] zero00765
2016-08-04 20:03:52,319 INFO [org.junit.Test] zero00766
2016-08-04 20:03:52,319 INFO [org.junit.Test] zero00767
2016-08-04 20:03:52,319 INFO [org.junit.Test] zero00768
2016-08-04 20:03:52,319 INFO [org.junit.Test] zero00769
2016-08-04 20:03:52,319 INFO [org.junit.Test] zero00770
2016-08-04 20:03:52,319 INFO [org.junit.Test] zero00771
2016-08-04 20:03:52,319 INFO [org.junit.Test] zero00772
2016-08-04 20:03:52,319 INFO [org.junit.Test] zero00773
2016-08-04 20:03:52,319 INFO [org.junit.Test] zero00774
2016-08-04 20:03:52,319 INFO [org.junit.Test] zero00775
2016-08-04 20:03:52,319 INFO [org.junit.Test] zero00776
2016-08-04 20:03:52,319 INFO [org.junit.Test] zero00777
2016-08-04 20:03:52,319 INFO [org.junit.Test] zero00778
2016-08-04 20:03:52,319 INFO [org.junit.Test] zero00779
2016-08-04 20:03:52,319 INFO [org.junit.Test] zero00780
2016-08-04 20:03:52,319 INFO [org.junit.Test] zero00781
2016-08-04 20:03:52,319 INFO [org.junit.Test] zero00782
2016-08-04 20:03:52,319 INFO [org.junit.Test] zero00783
2016-08-04 20:03:52,319 INFO [org.junit.Test] zero00784
2016-08-04 20:03:52,319 INFO [org.junit.Test] zero00785
2016-08-04 20:03:52,319 INFO [org.junit.Test] zero00786
2016-08-04 20:03:52,319 INFO [org.junit.Test] zero00787
2016-08-04 20:03:52,319 INFO [org.junit.Test] zero00788
2016-08-04 20:03:52,319 INFO [org.junit.Test] zero00789
2016-08-04 20:03:52,319 INFO [org.junit.Test] zero00790
2016-08-04 20:03:52,319 INFO [org.junit.Test] zero00791
2016-08-04 20:03:52,319 INFO [org.junit.Test] zero00792
2016-08-04 20:03:52,319 INFO [org.junit.Test] zero00793
2016-08-04 20:03:52,319 INFO [org.junit.Test] zero00794
2016-08-04 20:03:52,319 INFO [org.junit.Test] zero00795
2016-08-04 20:03:52,319 INFO [org.junit.Test] zero00796
2016-08-04 20:03:52,319 INFO [org.junit.Test] zero00797
2016-08-04 20:03:52,319 INFO [org.junit.Test] zero00798
2016-08-04 20:03:52,319 INFO [org.junit.Test] zero00799
2016-08-04 20:03:52,319 INFO [org.junit.Test] zero00800
2016-08-04 20:03:52,319 INFO [org.junit.Test] zero00801
2016-08-04 20:03:52,319 INFO [org.junit.Test] zero00802
2016-08-04 20:03:52,319 INFO [org.junit.Test] zero00803
2016-08-04 20:03:52,319 INFO [org.junit.Test] zero00804
2016-08-04 20:03:52,319 INFO [org.junit.Test] zero00805
2016-08-04 20:03:52,319 INFO [org.junit.Test] zero00806
2016-08-04 20:03:52,319 INFO [org.junit.Test] zero00807
2016-08-04 20:03:52,319 INFO [org.junit.Test] zero00808
2016-08-04 20:03:52,319 INFO [org.junit.Test] zero00809
2016-08-04 20:03:52,319 INFO [org.junit.Test] zero00810
2016-08-04 20:03:52,319 INFO [org.junit.Test] zero00811
2016-08-04 20:03:52,319 INFO [org.junit.Test] zero00812
2016-08-04 20:03:52,319 INFO [org.junit.Test] zero00813
2016-08-04 20:03:52,319 INFO [org.junit.Test] zero00814
2016-08-04 20:03:52,319 INFO [org.junit.Test] zero00815
2016-08-04 20:03:52,319 INFO [org.junit.Test] zero00816
2016-08-04 20:03:52,319 INFO [org.junit.Test] zero00817
2016-08-04 20:03:52,319 INFO [org.junit.Test] zero00818
2016-08-04 20:03:52,319 INFO [org.junit.Test] zero00819
2016-08-04 20:03:52,319 INFO [org.junit.Test] zero00820
2016-08-04 20:03:52,319 INFO [org.junit.Test] zero00821
2016-08-04 20:03:52,319 INFO [org.junit.Test] zero00822
2016-08-04 20:03:52,319 INFO [org.junit.Test] zero00823
2016-08-04 20:03:52,319 INFO [org.junit.Test] zero00824
2016-08-04 20:03:52,319 INFO [org.junit.Test] zero00825
2016-08-04 20:03:52,319 INFO [org.junit.Test] zero00826
2016-08-04 20:03:52,319 INFO [org.junit.Test] zero00827
2016-08-04 20:03:52,319 INFO [org.junit.Test] zero00828
2016-08-04 20:03:52,319 INFO [org.junit.Test] zero00829
2016-08-04 20:03:52,319 INFO [org.junit.Test] zero00830
2016-08-04 20:03:52,319 INFO [org.junit.Test] zero00831
2016-08-04 20:03:52,319 INFO [org.junit.Test] zero00832
2016-08-04 20:03:52,319 INFO [org.junit.Test] zero00833
2016-08-04 20:03:52,319 INFO [org.junit.Test] zero00834
2016-08-04 20:03:52,319 INFO [org.junit.Test] zero00835
2016-08-04 20:03:52,319 INFO [org.junit.Test] zero00836
2016-08-04 20:03:52,319 INFO [org.junit.Test] zero00837
2016-08-04 20:03:52,319 INFO [org.junit.Test] zero00838
2016-08-04 20:03:52,319 INFO [org.junit.Test] zero00839
2016-08-04 20:03:52,319 INFO [org.junit.Test] zero00840
2016-08-04 20:03:52,319 INFO [org.junit.Test] zero00841
2016-08-04 20:03:52,319 INFO [org.junit.Test] zero00842
2016-08-04 20:03:52,319 INFO [org.junit.Test] zero00843
2016-08-04 20:03:52,319 INFO [org.junit.Test] zero00844
2016-08-04 20:03:52,319 INFO [org.junit.Test] zero00845
2016-08-04 20:03:52,319 INFO [org.junit.Test] zero00846
2016-08-04 20:03:52,319 INFO [org.junit.Test] zero00847
2016-08-04 20:03:52,319 INFO [org.junit.Test] zero00848
2016-08-04 20:03:52,319 INFO [org.junit.Test] zero00849
2016-08-04 20:03:52,319 INFO [org.junit.Test] zero00850
2016-08-04 20:03:52,319 INFO [org.junit.Test] zero00851
2016-08-04 20:03:52,319 INFO [org.junit.Test] zero00852
2016-08-04 20:03:52,319 INFO [org.junit.Test] zero00853
2016-08-04 20:03:52,319 INFO [org.junit.Test] zero00854
2016-08-04 20:03:52,319 INFO [org.junit.Test] zero00855
2016-08-04 20:03:52,319 INFO [org.junit.Test] zero00856
2016-08-04 20:03:52,319 INFO [org.junit.Test] zero00857
2016-08-04 20:03:52,319 INFO [org.junit.Test] zero00858
2016-08-04 20:03:52,319 INFO [org.junit.Test] zero00859
2016-08-04 20:03:52,319 INFO [org.junit.Test] zero00860
2016-08-04 20:03:52,319 INFO [org.junit.Test] zero00861
2016-08-04 20:03:52,319 INFO [org.junit.Test] zero00862
2016-08-04 20:03:52,319 INFO [org.junit.Test] zero00863
2016-08-04 20:03:52,319 INFO [org.junit.Test] zero00864
2016-08-04 20:03:52,319 INFO [org.junit.Test] zero00865
2016-08-04 20:03:52,319 INFO [org.junit.Test] zero00866
2016-08-04 20:03:52,319 INFO [org.junit.Test] zero00867
2016-08-04 20:03:52,319 INFO [org.junit.Test] zero00868
2016-08-04 20:03:52,319 INFO [org.junit.Test] zero00869
2016-08-04 20:03:52,319 INFO [org.junit.Test] zero00870
2016-08-04 20:03:52,319 INFO [org.junit.Test] zero00871
2016-08-04 20:03:52,319 INFO [org.junit.Test] zero00872
2016-08-04 20:03:52,319 INFO [org.junit.Test] zero00873
2016-08-04 20:03:52,319 INFO [org.junit.Test] zero00874
2016-08-04 20:03:52,319 INFO [org.junit.Test] zero00875
2016-08-04 20:03:52,319 INFO [org.junit.Test] zero00876
2016-08-04 20:03:52,319 INFO [org.junit.Test] zero00877
2016-08-04 20:03:52,319 INFO [org.junit.Test] zero00878
2016-08-04 20:03:52,319 INFO [org.junit.Test] zero00879
2016-08-04 20:03:52,319 INFO [org.junit.Test] zero00880
2016-08-04 20:03:52,319 INFO [org.junit.Test] zero00881
2016-08-04 20:03:52,319 INFO [org.junit.Test] zero00882
2016-08-04 20:03:52,319 INFO [org.junit.Test] zero00883
2016-08-04 20:03:52,319 INFO [org.junit.Test] zero00884
2016-08-04 20:03:52,319 INFO [org.junit.Test] zero00885
2016-08-04 20:03:52,319 INFO [org.junit.Test] zero00886
2016-08-04 20:03:52,319 INFO [org.junit.Test] zero00887
2016-08-04 20:03:52,319 INFO [org.junit.Test] zero00888
2016-08-04 20:03:52,319 INFO [org.junit.Test] zero00889
2016-08-04 20:03:52,319 INFO [org.junit.Test] zero00890
2016-08-04 20:03:52,319 INFO [org.junit.Test] zero00891
2016-08-04 20:03:52,319 INFO [org.junit.Test] zero00892
2016-08-04 20:03:52,319 INFO [org.junit.Test] zero00893
2016-08-04 20:03:52,319 INFO [org.junit.Test] zero00894
2016-08-04 20:03:52,319 INFO [org.junit.Test] zero00895
2016-08-04 20:03:52,319 INFO [org.junit.Test] zero00896
2016-08-04 20:03:52,320 INFO [org.junit.Test] zero00897
2016-08-04 20:03:52,320 INFO [org.junit.Test] zero00898
2016-08-04 20:03:52,320 INFO [org.junit.Test] zero00899
2016-08-04 20:03:52,320 INFO [org.junit.Test] zero00900
2016-08-04 20:03:52,320 INFO [org.junit.Test] zero00901
2016-08-04 20:03:52,320 INFO [org.junit.Test] zero00902
2016-08-04 20:03:52,320 INFO [org.junit.Test] zero00903
2016-08-04 20:03:52,320 INFO [org.junit.Test] zero00904
2016-08-04 20:03:52,320 INFO [org.junit.Test] zero00905
2016-08-04 20:03:52,320 INFO [org.junit.Test] zero00906
2016-08-04 20:03:52,320 INFO [org.junit.Test] zero00907
2016-08-04 20:03:52,320 INFO [org.junit.Test] zero00908
2016-08-04 20:03:52,320 INFO [org.junit.Test] zero00909
2016-08-04 20:03:52,320 INFO [org.junit.Test] zero00910
2016-08-04 20:03:52,320 INFO [org.junit.Test] zero00911
2016-08-04 20:03:52,320 INFO [org.junit.Test] zero00912
2016-08-04 20:03:52,320 INFO [org.junit.Test] zero00913
2016-08-04 20:03:52,320 INFO [org.junit.Test] zero00914
2016-08-04 20:03:52,320 INFO [org.junit.Test] zero00915
2016-08-04 20:03:52,320 INFO [org.junit.Test] zero00916
2016-08-04 20:03:52,320 INFO [org.junit.Test] zero00917
2016-08-04 20:03:52,320 INFO [org.junit.Test] zero00918
2016-08-04 20:03:52,320 INFO [org.junit.Test] zero00919
2016-08-04 20:03:52,320 INFO [org.junit.Test] zero00920
2016-08-04 20:03:52,320 INFO [org.junit.Test] zero00921
2016-08-04 20:03:52,320 INFO [org.junit.Test] zero00922
2016-08-04 20:03:52,320 INFO [org.junit.Test] zero00923
2016-08-04 20:03:52,320 INFO [org.junit.Test] zero00924
2016-08-04 20:03:52,320 INFO [org.junit.Test] zero00925
2016-08-04 20:03:52,320 INFO [org.junit.Test] zero00926
2016-08-04 20:03:52,320 INFO [org.junit.Test] zero00927
2016-08-04 20:03:52,320 INFO [org.junit.Test] zero00928
2016-08-04 20:03:52,320 INFO [org.junit.Test] zero00929
2016-08-04 20:03:52,320 INFO [org.junit.Test] zero00930
2016-08-04 20:03:52,320 INFO [org.junit.Test] zero00931
2016-08-04 20:03:52,320 INFO [org.junit.Test] zero00932
2016-08-04 20:03:52,320 INFO [org.junit.Test] zero00933
2016-08-04 20:03:52,320 INFO [org.junit.Test] zero00934
2016-08-04 20:03:52,320 INFO [org.junit.Test] zero00935
2016-08-04 20:03:52,320 INFO [org.junit.Test] zero00936
2016-08-04 20:03:52,320 INFO [org.junit.Test] zero00937
2016-08-04 20:03:52,320 INFO [org.junit.Test] zero00938
2016-08-04 20:03:52,320 INFO [org.junit.Test] zero00939
2016-08-04 20:03:52,320 INFO [org.junit.Test] zero00940
2016-08-04 20:03:52,320 INFO [org.junit.Test] zero00941
2016-08-04 20:03:52,320 INFO [org.junit.Test] zero00942
2016-08-04 20:03:52,320 INFO [org.junit.Test] zero00943
2016-08-04 20:03:52,320 INFO [org.junit.Test] zero00944
2016-08-04 20:03:52,320 INFO [org.junit.Test] zero00945
2016-08-04 20:03:52,320 INFO [org.junit.Test] zero00946
2016-08-04 20:03:52,320 INFO [org.junit.Test] zero00947
2016-08-04 20:03:52,320 INFO [org.junit.Test] zero00948
2016-08-04 20:03:52,320 INFO [org.junit.Test] zero00949
2016-08-04 20:03:52,320 INFO [org.junit.Test] zero00950
2016-08-04 20:03:52,320 INFO [org.junit.Test] zero00951
2016-08-04 20:03:52,320 INFO [org.junit.Test] zero00952
2016-08-04 20:03:52,320 INFO [org.junit.Test] zero00953
2016-08-04 20:03:52,320 INFO [org.junit.Test] zero00954
2016-08-04 20:03:52,320 INFO [org.junit.Test] zero00955
2016-08-04 20:03:52,320 INFO [org.junit.Test] zero00956
2016-08-04 20:03:52,320 INFO [org.junit.Test] zero00957
2016-08-04 20:03:52,320 INFO [org.junit.Test] zero00958
2016-08-04 20:03:52,320 INFO [org.junit.Test] zero00959
2016-08-04 20:03:52,320 INFO [org.junit.Test] zero00960
2016-08-04 20:03:52,320 INFO [org.junit.Test] zero00961
2016-08-04 20:03:52,320 INFO [org.junit.Test] zero00962
2016-08-04 20:03:52,320 INFO [org.junit.Test] zero00963
2016-08-04 20:03:52,320 INFO [org.junit.Test] zero00964
2016-08-04 20:03:52,320 INFO [org.junit.Test] zero00965
2016-08-04 20:03:52,320 INFO [org.junit.Test] zero00966
2016-08-04 20:03:52,320 INFO [org.junit.Test] zero00967
2016-08-04 20:03:52,320 INFO [org.junit.Test] zero00968
2016-08-04 20:03:52,320 INFO [org.junit.Test] zero00969
2016-08-04 20:03:52,320 INFO [org.junit.Test] zero00970
2016-08-04 20:03:52,320 INFO [org.junit.Test] zero00971
2016-08-04 20:03:52,320 INFO [org.junit.Test] zero00972
2016-08-04 20:03:52,320 INFO [org.junit.Test] zero00973
2016-08-04 20:03:52,320 INFO [org.junit.Test] zero00974
2016-08-04 20:03:52,320 INFO [org.junit.Test] zero00975
2016-08-04 20:03:52,320 INFO [org.junit.Test] zero00976
2016-08-04 20:03:52,320 INFO [org.junit.Test] zero00977
2016-08-04 20:03:52,320 INFO [org.junit.Test] zero00978
2016-08-04 20:03:52,320 INFO [org.junit.Test] zero00979
2016-08-04 20:03:52,320 INFO [org.junit.Test] zero00980
2016-08-04 20:03:52,320 INFO [org.junit.Test] zero00981
2016-08-04 20:03:52,320 INFO [org.junit.Test] zero00982
2016-08-04 20:03:52,320 INFO [org.junit.Test] zero00983
2016-08-04 20:03:52,320 INFO [org.junit.Test] zero00984
2016-08-04 20:03:52,320 INFO [org.junit.Test] zero00985
2016-08-04 20:03:52,320 INFO [org.junit.Test] zero00986
2016-08-04 20:03:52,320 INFO [org.junit.Test] zero00987
2016-08-04 20:03:52,320 INFO [org.junit.Test] zero00988
2016-08-04 20:03:52,320 INFO [org.junit.Test] zero00989
2016-08-04 20:03:52,320 INFO [org.junit.Test] zero00990
2016-08-04 20:03:52,320 INFO [org.junit.Test] zero00991
2016-08-04 20:03:52,320 INFO [org.junit.Test] zero00992
2016-08-04 20:03:52,320 INFO [org.junit.Test] zero00993
2016-08-04 20:03:52,320 INFO [org.junit.Test] zero00994
2016-08-04 20:03:52,320 INFO [org.junit.Test] zero00995
2016-08-04 20:03:52,320 INFO [org.junit.Test] zero00996
2016-08-04 20:03:52,320 INFO [org.junit.Test] zero00997
2016-08-04 20:03:52,320 INFO [org.junit.Test] zero00998
2016-08-04 20:03:52,320 INFO [org.junit.Test] zero00999
2016-08-04 20:03:55,320 INFO [org.junit.Test] zero000
2016-08-04 20:03:55,320 INFO [org.junit.Test] zero001
2016-08-04 20:03:55,320 INFO [org.junit.Test] zero002
2016-08-04 20:03:55,320 INFO [org.junit.Test] zero003
2016-08-04 20:03:55,320 INFO [org.junit.Test] zero004
2016-08-04 20:03:55,320 INFO [org.junit.Test] zero005
2016-08-04 20:03:55,320 INFO [org.junit.Test] zero006
2016-08-04 20:03:55,320 INFO [org.junit.Test] zero007
2016-08-04 20:03:55,320 INFO [org.junit.Test] zero008
2016-08-04 20:03:55,320 INFO [org.junit.Test] zero009
2016-08-04 20:03:55,320 INFO [org.junit.Test] zero0010
2016-08-04 20:03:55,320 INFO [org.junit.Test] zero0011
2016-08-04 20:03:55,320 INFO [org.junit.Test] zero0012
2016-08-04 20:03:55,320 INFO [org.junit.Test] zero0013
2016-08-04 20:03:55,320 INFO [org.junit.Test] zero0014
2016-08-04 20:03:55,320 INFO [org.junit.Test] zero0015
2016-08-04 20:03:55,320 INFO [org.junit.Test] zero0016
2016-08-04 20:03:55,320 INFO [org.junit.Test] zero0017
2016-08-04 20:03:55,320 INFO [org.junit.Test] zero0018
2016-08-04 20:03:55,320 INFO [org.junit.Test] zero0019
2016-08-04 20:03:55,320 INFO [org.junit.Test] zero0020
2016-08-04 20:03:55,320 INFO [org.junit.Test] zero0021
2016-08-04 20:03:55,320 INFO [org.junit.Test] zero0022
2016-08-04 20:03:55,320 INFO [org.junit.Test] zero0023
2016-08-04 20:03:55,320 INFO [org.junit.Test] zero0024
2016-08-04 20:03:55,320 INFO [org.junit.Test] zero0025
2016-08-04 20:03:55,320 INFO [org.junit.Test] zero0026
2016-08-04 20:03:55,320 INFO [org.junit.Test] zero0027
2016-08-04 20:03:55,320 INFO [org.junit.Test] zero0028
2016-08-04 20:03:55,320 INFO [org.junit.Test] zero0029
2016-08-04 20:03:55,320 INFO [org.junit.Test] zero0030
2016-08-04 20:03:55,320 INFO [org.junit.Test] zero0031
2016-08-04 20:03:55,320 INFO [org.junit.Test] zero0032
2016-08-04 20:03:55,320 INFO [org.junit.Test] zero0033
2016-08-04 20:03:55,320 INFO [org.junit.Test] zero0034
2016-08-04 20:03:55,320 INFO [org.junit.Test] zero0035
2016-08-04 20:03:55,320 INFO [org.junit.Test] zero0036
2016-08-04 20:03:55,320 INFO [org.junit.Test] zero0037
2016-08-04 20:03:55,320 INFO [org.junit.Test] zero0038
2016-08-04 20:03:55,320 INFO [org.junit.Test] zero0039
2016-08-04 20:03:55,320 INFO [org.junit.Test] zero0040
2016-08-04 20:03:55,320 INFO [org.junit.Test] zero0041
2016-08-04 20:03:55,320 INFO [org.junit.Test] zero0042
2016-08-04 20:03:55,320 INFO [org.junit.Test] zero0043
2016-08-04 20:03:55,320 INFO [org.junit.Test] zero0044
2016-08-04 20:03:55,320 INFO [org.junit.Test] zero0045
2016-08-04 20:03:55,320 INFO [org.junit.Test] zero0046
2016-08-04 20:03:55,320 INFO [org.junit.Test] zero0047
2016-08-04 20:03:55,320 INFO [org.junit.Test] zero0048
2016-08-04 20:03:55,320 INFO [org.junit.Test] zero0049
2016-08-04 20:03:55,320 INFO [org.junit.Test] zero0050
2016-08-04 20:03:55,320 INFO [org.junit.Test] zero0051
2016-08-04 20:03:55,320 INFO [org.junit.Test] zero0052
2016-08-04 20:03:55,320 INFO [org.junit.Test] zero0053
2016-08-04 20:03:55,320 INFO [org.junit.Test] zero0054
2016-08-04 20:03:55,320 INFO [org.junit.Test] zero0055
2016-08-04 20:03:55,320 INFO [org.junit.Test] zero0056
2016-08-04 20:03:55,320 INFO [org.junit.Test] zero0057
2016-08-04 20:03:55,320 INFO [org.junit.Test] zero0058
2016-08-04 20:03:55,320 INFO [org.junit.Test] zero0059
2016-08-04 20:03:55,320 INFO [org.junit.Test] zero0060
2016-08-04 20:03:55,320 INFO [org.junit.Test] zero0061
2016-08-04 20:03:55,321 INFO [org.junit.Test] zero0062
2016-08-04 20:03:55,321 INFO [org.junit.Test] zero0063
2016-08-04 20:03:55,321 INFO [org.junit.Test] zero0064
2016-08-04 20:03:55,321 INFO [org.junit.Test] zero0065
2016-08-04 20:03:55,321 INFO [org.junit.Test] zero0066
2016-08-04 20:03:55,321 INFO [org.junit.Test] zero0067
2016-08-04 20:03:55,321 INFO [org.junit.Test] zero0068
2016-08-04 20:03:55,321 INFO [org.junit.Test] zero0069
2016-08-04 20:03:55,321 INFO [org.junit.Test] zero0070
2016-08-04 20:03:55,321 INFO [org.junit.Test] zero0071
2016-08-04 20:03:55,321 INFO [org.junit.Test] zero0072
2016-08-04 20:03:55,321 INFO [org.junit.Test] zero0073
2016-08-04 20:03:55,321 INFO [org.junit.Test] zero0074
2016-08-04 20:03:55,321 INFO [org.junit.Test] zero0075
2016-08-04 20:03:55,321 INFO [org.junit.Test] zero0076
2016-08-04 20:03:55,321 INFO [org.junit.Test] zero0077
2016-08-04 20:03:55,321 INFO [org.junit.Test] zero0078
2016-08-04 20:03:55,321 INFO [org.junit.Test] zero0079
2016-08-04 20:03:55,321 INFO [org.junit.Test] zero0080
2016-08-04 20:03:55,321 INFO [org.junit.Test] zero0081
2016-08-04 20:03:55,321 INFO [org.junit.Test] zero0082
2016-08-04 20:03:55,321 INFO [org.junit.Test] zero0083
2016-08-04 20:03:55,321 INFO [org.junit.Test] zero0084
2016-08-04 20:03:55,321 INFO [org.junit.Test] zero0085
2016-08-04 20:03:55,321 INFO [org.junit.Test] zero0086
2016-08-04 20:03:55,321 INFO [org.junit.Test] zero0087
2016-08-04 20:03:55,321 INFO [org.junit.Test] zero0088
2016-08-04 20:03:55,321 INFO [org.junit.Test] zero0089
2016-08-04 20:03:55,321 INFO [org.junit.Test] zero0090
2016-08-04 20:03:55,321 INFO [org.junit.Test] zero0091
2016-08-04 20:03:55,321 INFO [org.junit.Test] zero0092
2016-08-04 20:03:55,321 INFO [org.junit.Test] zero0093
2016-08-04 20:03:55,321 INFO [org.junit.Test] zero0094
2016-08-04 20:03:55,321 INFO [org.junit.Test] zero0095
2016-08-04 20:03:55,321 INFO [org.junit.Test] zero0096
2016-08-04 20:03:55,321 INFO [org.junit.Test] zero0097
2016-08-04 20:03:55,321 INFO [org.junit.Test] zero0098
2016-08-04 20:03:55,321 INFO [org.junit.Test] zero0099
2016-08-04 20:03:55,321 INFO [org.junit.Test] zero00100
2016-08-04 20:03:55,321 INFO [org.junit.Test] zero00101
2016-08-04 20:03:55,321 INFO [org.junit.Test] zero00102
2016-08-04 20:03:55,321 INFO [org.junit.Test] zero00103
2016-08-04 20:03:55,321 INFO [org.junit.Test] zero00104
2016-08-04 20:03:55,321 INFO [org.junit.Test] zero00105
2016-08-04 20:03:55,321 INFO [org.junit.Test] zero00106
2016-08-04 20:03:55,321 INFO [org.junit.Test] zero00107
2016-08-04 20:03:55,321 INFO [org.junit.Test] zero00108
2016-08-04 20:03:55,321 INFO [org.junit.Test] zero00109
2016-08-04 20:03:55,321 INFO [org.junit.Test] zero00110
2016-08-04 20:03:55,321 INFO [org.junit.Test] zero00111
2016-08-04 20:03:55,321 INFO [org.junit.Test] zero00112
2016-08-04 20:03:55,321 INFO [org.junit.Test] zero00113
2016-08-04 20:03:55,321 INFO [org.junit.Test] zero00114
2016-08-04 20:03:55,321 INFO [org.junit.Test] zero00115
2016-08-04 20:03:55,321 INFO [org.junit.Test] zero00116
2016-08-04 20:03:55,321 INFO [org.junit.Test] zero00117
2016-08-04 20:03:55,321 INFO [org.junit.Test] zero00118
2016-08-04 20:03:55,321 INFO [org.junit.Test] zero00119
2016-08-04 20:03:55,321 INFO [org.junit.Test] zero00120
2016-08-04 20:03:55,321 INFO [org.junit.Test] zero00121
2016-08-04 20:03:55,321 INFO [org.junit.Test] zero00122
2016-08-04 20:03:55,321 INFO [org.junit.Test] zero00123
2016-08-04 20:03:55,321 INFO [org.junit.Test] zero00124
2016-08-04 20:03:55,321 INFO [org.junit.Test] zero00125
2016-08-04 20:03:55,321 INFO [org.junit.Test] zero00126
2016-08-04 20:03:55,321 INFO [org.junit.Test] zero00127
2016-08-04 20:03:55,321 INFO [org.junit.Test] zero00128
2016-08-04 20:03:55,321 INFO [org.junit.Test] zero00129
2016-08-04 20:03:55,321 INFO [org.junit.Test] zero00130
2016-08-04 20:03:55,321 INFO [org.junit.Test] zero00131
2016-08-04 20:03:55,321 INFO [org.junit.Test] zero00132
2016-08-04 20:03:55,321 INFO [org.junit.Test] zero00133
2016-08-04 20:03:55,321 INFO [org.junit.Test] zero00134
2016-08-04 20:03:55,321 INFO [org.junit.Test] zero00135
2016-08-04 20:03:55,321 INFO [org.junit.Test] zero00136
2016-08-04 20:03:55,321 INFO [org.junit.Test] zero00137
2016-08-04 20:03:55,321 INFO [org.junit.Test] zero00138
2016-08-04 20:03:55,321 INFO [org.junit.Test] zero00139
2016-08-04 20:03:55,321 INFO [org.junit.Test] zero00140
2016-08-04 20:03:55,321 INFO [org.junit.Test] zero00141
2016-08-04 20:03:55,321 INFO [org.junit.Test] zero00142
2016-08-04 20:03:55,321 INFO [org.junit.Test] zero00143
2016-08-04 20:03:55,321 INFO [org.junit.Test] zero00144
2016-08-04 20:03:55,321 INFO [org.junit.Test] zero00145
2016-08-04 20:03:55,321 INFO [org.junit.Test] zero00146
2016-08-04 20:03:55,321 INFO [org.junit.Test] zero00147
2016-08-04 20:03:55,321 INFO [org.junit.Test] zero00148
2016-08-04 20:03:55,321 INFO [org.junit.Test] zero00149
2016-08-04 20:03:55,321 INFO [org.junit.Test] zero00150
2016-08-04 20:03:55,321 INFO [org.junit.Test] zero00151
2016-08-04 20:03:55,321 INFO [org.junit.Test] zero00152
2016-08-04 20:03:55,321 INFO [org.junit.Test] zero00153
2016-08-04 20:03:55,321 INFO [org.junit.Test] zero00154
2016-08-04 20:03:55,321 INFO [org.junit.Test] zero00155
2016-08-04 20:03:55,321 INFO [org.junit.Test] zero00156
2016-08-04 20:03:55,321 INFO [org.junit.Test] zero00157
2016-08-04 20:03:55,321 INFO [org.junit.Test] zero00158
2016-08-04 20:03:55,321 INFO [org.junit.Test] zero00159
2016-08-04 20:03:55,321 INFO [org.junit.Test] zero00160
2016-08-04 20:03:55,321 INFO [org.junit.Test] zero00161
2016-08-04 20:03:55,321 INFO [org.junit.Test] zero00162
2016-08-04 20:03:55,321 INFO [org.junit.Test] zero00163
2016-08-04 20:03:55,321 INFO [org.junit.Test] zero00164
2016-08-04 20:03:55,321 INFO [org.junit.Test] zero00165
2016-08-04 20:03:55,321 INFO [org.junit.Test] zero00166
2016-08-04 20:03:55,321 INFO [org.junit.Test] zero00167
2016-08-04 20:03:55,321 INFO [org.junit.Test] zero00168
2016-08-04 20:03:55,321 INFO [org.junit.Test] zero00169
2016-08-04 20:03:55,321 INFO [org.junit.Test] zero00170
2016-08-04 20:03:55,321 INFO [org.junit.Test] zero00171
2016-08-04 20:03:55,321 INFO [org.junit.Test] zero00172
2016-08-04 20:03:55,321 INFO [org.junit.Test] zero00173
2016-08-04 20:03:55,321 INFO [org.junit.Test] zero00174
2016-08-04 20:03:55,321 INFO [org.junit.Test] zero00175
2016-08-04 20:03:55,321 INFO [org.junit.Test] zero00176
2016-08-04 20:03:55,321 INFO [org.junit.Test] zero00177
2016-08-04 20:03:55,321 INFO [org.junit.Test] zero00178
2016-08-04 20:03:55,321 INFO [org.junit.Test] zero00179
2016-08-04 20:03:55,321 INFO [org.junit.Test] zero00180
2016-08-04 20:03:55,321 INFO [org.junit.Test] zero00181
2016-08-04 20:03:55,321 INFO [org.junit.Test] zero00182
2016-08-04 20:03:55,321 INFO [org.junit.Test] zero00183
2016-08-04 20:03:55,321 INFO [org.junit.Test] zero00184
2016-08-04 20:03:55,321 INFO [org.junit.Test] zero00185
2016-08-04 20:03:55,321 INFO [org.junit.Test] zero00186
2016-08-04 20:03:55,321 INFO [org.junit.Test] zero00187
2016-08-04 20:03:55,321 INFO [org.junit.Test] zero00188
2016-08-04 20:03:55,321 INFO [org.junit.Test] zero00189
2016-08-04 20:03:55,321 INFO [org.junit.Test] zero00190
2016-08-04 20:03:55,321 INFO [org.junit.Test] zero00191
2016-08-04 20:03:55,321 INFO [org.junit.Test] zero00192
2016-08-04 20:03:55,321 INFO [org.junit.Test] zero00193
2016-08-04 20:03:55,321 INFO [org.junit.Test] zero00194
2016-08-04 20:03:55,321 INFO [org.junit.Test] zero00195
2016-08-04 20:03:55,321 INFO [org.junit.Test] zero00196
2016-08-04 20:03:55,321 INFO [org.junit.Test] zero00197
2016-08-04 20:03:55,321 INFO [org.junit.Test] zero00198
2016-08-04 20:03:55,321 INFO [org.junit.Test] zero00199
2016-08-04 20:03:55,321 INFO [org.junit.Test] zero00200
2016-08-04 20:03:55,321 INFO [org.junit.Test] zero00201
2016-08-04 20:03:55,321 INFO [org.junit.Test] zero00202
2016-08-04 20:03:55,321 INFO [org.junit.Test] zero00203
2016-08-04 20:03:55,321 INFO [org.junit.Test] zero00204
2016-08-04 20:03:55,321 INFO [org.junit.Test] zero00205
2016-08-04 20:03:55,321 INFO [org.junit.Test] zero00206
2016-08-04 20:03:55,321 INFO [org.junit.Test] zero00207
2016-08-04 20:03:55,321 INFO [org.junit.Test] zero00208
2016-08-04 20:03:55,321 INFO [org.junit.Test] zero00209
2016-08-04 20:03:55,321 INFO [org.junit.Test] zero00210
2016-08-04 20:03:55,321 INFO [org.junit.Test] zero00211
2016-08-04 20:03:55,321 INFO [org.junit.Test] zero00212
2016-08-04 20:03:55,321 INFO [org.junit.Test] zero00213
2016-08-04 20:03:55,321 INFO [org.junit.Test] zero00214
2016-08-04 20:03:55,321 INFO [org.junit.Test] zero00215
2016-08-04 20:03:55,321 INFO [org.junit.Test] zero00216
2016-08-04 20:03:55,321 INFO [org.junit.Test] zero00217
2016-08-04 20:03:55,321 INFO [org.junit.Test] zero00218
2016-08-04 20:03:55,321 INFO [org.junit.Test] zero00219
2016-08-04 20:03:55,321 INFO [org.junit.Test] zero00220
2016-08-04 20:03:55,321 INFO [org.junit.Test] zero00221
2016-08-04 20:03:55,321 INFO [org.junit.Test] zero00222
2016-08-04 20:03:55,321 INFO [org.junit.Test] zero00223
2016-08-04 20:03:55,321 INFO [org.junit.Test] zero00224
2016-08-04 20:03:55,321 INFO [org.junit.Test] zero00225
2016-08-04 20:03:55,321 INFO [org.junit.Test] zero00226
2016-08-04 20:03:55,321 INFO [org.junit.Test] zero00227
2016-08-04 20:03:55,321 INFO [org.junit.Test] zero00228
2016-08-04 20:03:55,321 INFO [org.junit.Test] zero00229
2016-08-04 20:03:55,321 INFO [org.junit.Test] zero00230
2016-08-04 20:03:55,321 INFO [org.junit.Test] zero00231
2016-08-04 20:03:55,321 INFO [org.junit.Test] zero00232
2016-08-04 20:03:55,321 INFO [org.junit.Test] zero00233
2016-08-04 20:03:55,321 INFO [org.junit.Test] zero00234
2016-08-04 20:03:55,321 INFO [org.junit.Test] zero00235
2016-08-04 20:03:55,321 INFO [org.junit.Test] zero00236
2016-08-04 20:03:55,321 INFO [org.junit.Test] zero00237
2016-08-04 20:03:55,321 INFO [org.junit.Test] zero00238
2016-08-04 20:03:55,321 INFO [org.junit.Test] zero00239
2016-08-04 20:03:55,321 INFO [org.junit.Test] zero00240
2016-08-04 20:03:55,321 INFO [org.junit.Test] zero00241
2016-08-04 20:03:55,321 INFO [org.junit.Test] zero00242
2016-08-04 20:03:55,321 INFO [org.junit.Test] zero00243
2016-08-04 20:03:55,321 INFO [org.junit.Test] zero00244
2016-08-04 20:03:55,321 INFO [org.junit.Test] zero00245
2016-08-04 20:03:55,321 INFO [org.junit.Test] zero00246
2016-08-04 20:03:55,321 INFO [org.junit.Test] zero00247
2016-08-04 20:03:55,321 INFO [org.junit.Test] zero00248
2016-08-04 20:03:55,321 INFO [org.junit.Test] zero00249
2016-08-04 20:03:55,321 INFO [org.junit.Test] zero00250
2016-08-04 20:03:55,321 INFO [org.junit.Test] zero00251
2016-08-04 20:03:55,321 INFO [org.junit.Test] zero00252
2016-08-04 20:03:55,321 INFO [org.junit.Test] zero00253
2016-08-04 20:03:55,321 INFO [org.junit.Test] zero00254
2016-08-04 20:03:55,321 INFO [org.junit.Test] zero00255
2016-08-04 20:03:55,321 INFO [org.junit.Test] zero00256
2016-08-04 20:03:55,321 INFO [org.junit.Test] zero00257
2016-08-04 20:03:55,321 INFO [org.junit.Test] zero00258
2016-08-04 20:03:55,321 INFO [org.junit.Test] zero00259
2016-08-04 20:03:55,321 INFO [org.junit.Test] zero00260
2016-08-04 20:03:55,321 INFO [org.junit.Test] zero00261
2016-08-04 20:03:55,321 INFO [org.junit.Test] zero00262
2016-08-04 20:03:55,321 INFO [org.junit.Test] zero00263
2016-08-04 20:03:55,321 INFO [org.junit.Test] zero00264
2016-08-04 20:03:55,321 INFO [org.junit.Test] zero00265
2016-08-04 20:03:55,321 INFO [org.junit.Test] zero00266
2016-08-04 20:03:55,321 INFO [org.junit.Test] zero00267
2016-08-04 20:03:55,321 INFO [org.junit.Test] zero00268
2016-08-04 20:03:55,321 INFO [org.junit.Test] zero00269
2016-08-04 20:03:55,321 INFO [org.junit.Test] zero00270
2016-08-04 20:03:55,321 INFO [org.junit.Test] zero00271
2016-08-04 20:03:55,321 INFO [org.junit.Test] zero00272
2016-08-04 20:03:55,321 INFO [org.junit.Test] zero00273
2016-08-04 20:03:55,321 INFO [org.junit.Test] zero00274
2016-08-04 20:03:55,321 INFO [org.junit.Test] zero00275
2016-08-04 20:03:55,321 INFO [org.junit.Test] zero00276
2016-08-04 20:03:55,321 INFO [org.junit.Test] zero00277
2016-08-04 20:03:55,321 INFO [org.junit.Test] zero00278
2016-08-04 20:03:55,321 INFO [org.junit.Test] zero00279
2016-08-04 20:03:55,321 INFO [org.junit.Test] zero00280
2016-08-04 20:03:55,321 INFO [org.junit.Test] zero00281
2016-08-04 20:03:55,321 INFO [org.junit.Test] zero00282
2016-08-04 20:03:55,321 INFO [org.junit.Test] zero00283
2016-08-04 20:03:55,321 INFO [org.junit.Test] zero00284
2016-08-04 20:03:55,321 INFO [org.junit.Test] zero00285
2016-08-04 20:03:55,321 INFO [org.junit.Test] zero00286
2016-08-04 20:03:55,321 INFO [org.junit.Test] zero00287
2016-08-04 20:03:55,321 INFO [org.junit.Test] zero00288
2016-08-04 20:03:55,321 INFO [org.junit.Test] zero00289
2016-08-04 20:03:55,321 INFO [org.junit.Test] zero00290
2016-08-04 20:03:55,321 INFO [org.junit.Test] zero00291
2016-08-04 20:03:55,321 INFO [org.junit.Test] zero00292
2016-08-04 20:03:55,321 INFO [org.junit.Test] zero00293
2016-08-04 20:03:55,321 INFO [org.junit.Test] zero00294
2016-08-04 20:03:55,321 INFO [org.junit.Test] zero00295
2016-08-04 20:03:55,321 INFO [org.junit.Test] zero00296
2016-08-04 20:03:55,321 INFO [org.junit.Test] zero00297
2016-08-04 20:03:55,321 INFO [org.junit.Test] zero00298
2016-08-04 20:03:55,321 INFO [org.junit.Test] zero00299
2016-08-04 20:03:55,321 INFO [org.junit.Test] zero00300
2016-08-04 20:03:55,321 INFO [org.junit.Test] zero00301
2016-08-04 20:03:55,321 INFO [org.junit.Test] zero00302
2016-08-04 20:03:55,321 INFO [org.junit.Test] zero00303
2016-08-04 20:03:55,321 INFO [org.junit.Test] zero00304
2016-08-04 20:03:55,321 INFO [org.junit.Test] zero00305
2016-08-04 20:03:55,321 INFO [org.junit.Test] zero00306
2016-08-04 20:03:55,321 INFO [org.junit.Test] zero00307
2016-08-04 20:03:55,321 INFO [org.junit.Test] zero00308
2016-08-04 20:03:55,321 INFO [org.junit.Test] zero00309
2016-08-04 20:03:55,321 INFO [org.junit.Test] zero00310
2016-08-04 20:03:55,321 INFO [org.junit.Test] zero00311
2016-08-04 20:03:55,321 INFO [org.junit.Test] zero00312
2016-08-04 20:03:55,321 INFO [org.junit.Test] zero00313
2016-08-04 20:03:55,321 INFO [org.junit.Test] zero00314
2016-08-04 20:03:55,321 INFO [org.junit.Test] zero00315
2016-08-04 20:03:55,321 INFO [org.junit.Test] zero00316
2016-08-04 20:03:55,321 INFO [org.junit.Test] zero00317
2016-08-04 20:03:55,321 INFO [org.junit.Test] zero00318
2016-08-04 20:03:55,321 INFO [org.junit.Test] zero00319
2016-08-04 20:03:55,321 INFO [org.junit.Test] zero00320
2016-08-04 20:03:55,321 INFO [org.junit.Test] zero00321
2016-08-04 20:03:55,321 INFO [org.junit.Test] zero00322
2016-08-04 20:03:55,321 INFO [org.junit.Test] zero00323
2016-08-04 20:03:55,321 INFO [org.junit.Test] zero00324
2016-08-04 20:03:55,321 INFO [org.junit.Test] zero00325
2016-08-04 20:03:55,321 INFO [org.junit.Test] zero00326
2016-08-04 20:03:55,321 INFO [org.junit.Test] zero00327
2016-08-04 20:03:55,321 INFO [org.junit.Test] zero00328
2016-08-04 20:03:55,321 INFO [org.junit.Test] zero00329
2016-08-04 20:03:55,321 INFO [org.junit.Test] zero00330
2016-08-04 20:03:55,321 INFO [org.junit.Test] zero00331
2016-08-04 20:03:55,321 INFO [org.junit.Test] zero00332
2016-08-04 20:03:55,321 INFO [org.junit.Test] zero00333
2016-08-04 20:03:55,321 INFO [org.junit.Test] zero00334
2016-08-04 20:03:55,321 INFO [org.junit.Test] zero00335
2016-08-04 20:03:55,321 INFO [org.junit.Test] zero00336
2016-08-04 20:03:55,321 INFO [org.junit.Test] zero00337
2016-08-04 20:03:55,321 INFO [org.junit.Test] zero00338
2016-08-04 20:03:55,321 INFO [org.junit.Test] zero00339
2016-08-04 20:03:55,321 INFO [org.junit.Test] zero00340
2016-08-04 20:03:55,321 INFO [org.junit.Test] zero00341
2016-08-04 20:03:55,321 INFO [org.junit.Test] zero00342
2016-08-04 20:03:55,321 INFO [org.junit.Test] zero00343
2016-08-04 20:03:55,321 INFO [org.junit.Test] zero00344
2016-08-04 20:03:55,321 INFO [org.junit.Test] zero00345
2016-08-04 20:03:55,321 INFO [org.junit.Test] zero00346
2016-08-04 20:03:55,321 INFO [org.junit.Test] zero00347
2016-08-04 20:03:55,321 INFO [org.junit.Test] zero00348
2016-08-04 20:03:55,321 INFO [org.junit.Test] zero00349
2016-08-04 20:03:55,321 INFO [org.junit.Test] zero00350
2016-08-04 20:03:55,321 INFO [org.junit.Test] zero00351
2016-08-04 20:03:55,321 INFO [org.junit.Test] zero00352
2016-08-04 20:03:55,321 INFO [org.junit.Test] zero00353
2016-08-04 20:03:55,321 INFO [org.junit.Test] zero00354
2016-08-04 20:03:55,321 INFO [org.junit.Test] zero00355
2016-08-04 20:03:55,322 INFO [org.junit.Test] zero00356
2016-08-04 20:03:55,322 INFO [org.junit.Test] zero00357
2016-08-04 20:03:55,322 INFO [org.junit.Test] zero00358
2016-08-04 20:03:55,322 INFO [org.junit.Test] zero00359
2016-08-04 20:03:55,322 INFO [org.junit.Test] zero00360
2016-08-04 20:03:55,322 INFO [org.junit.Test] zero00361
2016-08-04 20:03:55,322 INFO [org.junit.Test] zero00362
2016-08-04 20:03:55,322 INFO [org.junit.Test] zero00363
2016-08-04 20:03:55,322 INFO [org.junit.Test] zero00364
2016-08-04 20:03:55,322 INFO [org.junit.Test] zero00365
2016-08-04 20:03:55,322 INFO [org.junit.Test] zero00366
2016-08-04 20:03:55,322 INFO [org.junit.Test] zero00367
2016-08-04 20:03:55,322 INFO [org.junit.Test] zero00368
2016-08-04 20:03:55,322 INFO [org.junit.Test] zero00369
2016-08-04 20:03:55,322 INFO [org.junit.Test] zero00370
2016-08-04 20:03:55,322 INFO [org.junit.Test] zero00371
2016-08-04 20:03:55,322 INFO [org.junit.Test] zero00372
2016-08-04 20:03:55,322 INFO [org.junit.Test] zero00373
2016-08-04 20:03:55,322 INFO [org.junit.Test] zero00374
2016-08-04 20:03:55,322 INFO [org.junit.Test] zero00375
2016-08-04 20:03:55,322 INFO [org.junit.Test] zero00376
2016-08-04 20:03:55,322 INFO [org.junit.Test] zero00377
2016-08-04 20:03:55,322 INFO [org.junit.Test] zero00378
2016-08-04 20:03:55,322 INFO [org.junit.Test] zero00379
2016-08-04 20:03:55,322 INFO [org.junit.Test] zero00380
2016-08-04 20:03:55,322 INFO [org.junit.Test] zero00381
2016-08-04 20:03:55,322 INFO [org.junit.Test] zero00382
2016-08-04 20:03:55,322 INFO [org.junit.Test] zero00383
2016-08-04 20:03:55,322 INFO [org.junit.Test] zero00384
2016-08-04 20:03:55,322 INFO [org.junit.Test] zero00385
2016-08-04 20:03:55,322 INFO [org.junit.Test] zero00386
2016-08-04 20:03:55,322 INFO [org.junit.Test] zero00387
2016-08-04 20:03:55,322 INFO [org.junit.Test] zero00388
2016-08-04 20:03:55,322 INFO [org.junit.Test] zero00389
2016-08-04 20:03:55,322 INFO [org.junit.Test] zero00390
2016-08-04 20:03:55,322 INFO [org.junit.Test] zero00391
2016-08-04 20:03:55,322 INFO [org.junit.Test] zero00392
2016-08-04 20:03:55,322 INFO [org.junit.Test] zero00393
2016-08-04 20:03:55,322 INFO [org.junit.Test] zero00394
2016-08-04 20:03:55,322 INFO [org.junit.Test] zero00395
2016-08-04 20:03:55,322 INFO [org.junit.Test] zero00396
2016-08-04 20:03:55,322 INFO [org.junit.Test] zero00397
2016-08-04 20:03:55,322 INFO [org.junit.Test] zero00398
2016-08-04 20:03:55,322 INFO [org.junit.Test] zero00399
2016-08-04 20:03:55,322 INFO [org.junit.Test] zero00400
2016-08-04 20:03:55,322 INFO [org.junit.Test] zero00401
2016-08-04 20:03:55,322 INFO [org.junit.Test] zero00402
2016-08-04 20:03:55,322 INFO [org.junit.Test] zero00403
2016-08-04 20:03:55,322 INFO [org.junit.Test] zero00404
2016-08-04 20:03:55,322 INFO [org.junit.Test] zero00405
2016-08-04 20:03:55,322 INFO [org.junit.Test] zero00406
2016-08-04 20:03:55,322 INFO [org.junit.Test] zero00407
2016-08-04 20:03:55,322 INFO [org.junit.Test] zero00408
2016-08-04 20:03:55,322 INFO [org.junit.Test] zero00409
2016-08-04 20:03:55,322 INFO [org.junit.Test] zero00410
2016-08-04 20:03:55,322 INFO [org.junit.Test] zero00411
2016-08-04 20:03:55,322 INFO [org.junit.Test] zero00412
2016-08-04 20:03:55,322 INFO [org.junit.Test] zero00413
2016-08-04 20:03:55,322 INFO [org.junit.Test] zero00414
2016-08-04 20:03:55,322 INFO [org.junit.Test] zero00415
2016-08-04 20:03:55,322 INFO [org.junit.Test] zero00416
2016-08-04 20:03:55,322 INFO [org.junit.Test] zero00417
2016-08-04 20:03:55,322 INFO [org.junit.Test] zero00418
2016-08-04 20:03:55,322 INFO [org.junit.Test] zero00419
2016-08-04 20:03:55,322 INFO [org.junit.Test] zero00420
2016-08-04 20:03:55,322 INFO [org.junit.Test] zero00421
2016-08-04 20:03:55,322 INFO [org.junit.Test] zero00422
2016-08-04 20:03:55,322 INFO [org.junit.Test] zero00423
2016-08-04 20:03:55,322 INFO [org.junit.Test] zero00424
2016-08-04 20:03:55,322 INFO [org.junit.Test] zero00425
2016-08-04 20:03:55,322 INFO [org.junit.Test] zero00426
2016-08-04 20:03:55,322 INFO [org.junit.Test] zero00427
2016-08-04 20:03:55,322 INFO [org.junit.Test] zero00428
2016-08-04 20:03:55,322 INFO [org.junit.Test] zero00429
2016-08-04 20:03:55,322 INFO [org.junit.Test] zero00430
2016-08-04 20:03:55,322 INFO [org.junit.Test] zero00431
2016-08-04 20:03:55,322 INFO [org.junit.Test] zero00432
2016-08-04 20:03:55,322 INFO [org.junit.Test] zero00433
2016-08-04 20:03:55,322 INFO [org.junit.Test] zero00434
2016-08-04 20:03:55,322 INFO [org.junit.Test] zero00435
2016-08-04 20:03:55,322 INFO [org.junit.Test] zero00436
2016-08-04 20:03:55,322 INFO [org.junit.Test] zero00437
2016-08-04 20:03:55,322 INFO [org.junit.Test] zero00438
2016-08-04 20:03:55,322 INFO [org.junit.Test] zero00439
2016-08-04 20:03:55,322 INFO [org.junit.Test] zero00440
2016-08-04 20:03:55,322 INFO [org.junit.Test] zero00441
2016-08-04 20:03:55,322 INFO [org.junit.Test] zero00442
2016-08-04 20:03:55,322 INFO [org.junit.Test] zero00443
2016-08-04 20:03:55,322 INFO [org.junit.Test] zero00444
2016-08-04 20:03:55,322 INFO [org.junit.Test] zero00445
2016-08-04 20:03:55,322 INFO [org.junit.Test] zero00446
2016-08-04 20:03:55,322 INFO [org.junit.Test] zero00447
2016-08-04 20:03:55,322 INFO [org.junit.Test] zero00448
2016-08-04 20:03:55,322 INFO [org.junit.Test] zero00449
2016-08-04 20:03:55,322 INFO [org.junit.Test] zero00450
2016-08-04 20:03:55,322 INFO [org.junit.Test] zero00451
2016-08-04 20:03:55,322 INFO [org.junit.Test] zero00452
2016-08-04 20:03:55,322 INFO [org.junit.Test] zero00453
2016-08-04 20:03:55,322 INFO [org.junit.Test] zero00454
2016-08-04 20:03:55,322 INFO [org.junit.Test] zero00455
2016-08-04 20:03:55,322 INFO [org.junit.Test] zero00456
2016-08-04 20:03:55,322 INFO [org.junit.Test] zero00457
2016-08-04 20:03:55,322 INFO [org.junit.Test] zero00458
2016-08-04 20:03:55,322 INFO [org.junit.Test] zero00459
2016-08-04 20:03:55,322 INFO [org.junit.Test] zero00460
2016-08-04 20:03:55,322 INFO [org.junit.Test] zero00461
2016-08-04 20:03:55,322 INFO [org.junit.Test] zero00462
2016-08-04 20:03:55,322 INFO [org.junit.Test] zero00463
2016-08-04 20:03:55,322 INFO [org.junit.Test] zero00464
2016-08-04 20:03:55,322 INFO [org.junit.Test] zero00465
2016-08-04 20:03:55,322 INFO [org.junit.Test] zero00466
2016-08-04 20:03:55,322 INFO [org.junit.Test] zero00467
2016-08-04 20:03:55,322 INFO [org.junit.Test] zero00468
2016-08-04 20:03:55,322 INFO [org.junit.Test] zero00469
2016-08-04 20:03:55,322 INFO [org.junit.Test] zero00470
2016-08-04 20:03:55,322 INFO [org.junit.Test] zero00471
2016-08-04 20:03:55,322 INFO [org.junit.Test] zero00472
2016-08-04 20:03:55,322 INFO [org.junit.Test] zero00473
2016-08-04 20:03:55,322 INFO [org.junit.Test] zero00474
2016-08-04 20:03:55,322 INFO [org.junit.Test] zero00475
2016-08-04 20:03:55,322 INFO [org.junit.Test] zero00476
2016-08-04 20:03:55,322 INFO [org.junit.Test] zero00477
2016-08-04 20:03:55,322 INFO [org.junit.Test] zero00478
2016-08-04 20:03:55,322 INFO [org.junit.Test] zero00479
2016-08-04 20:03:55,322 INFO [org.junit.Test] zero00480
2016-08-04 20:03:55,322 INFO [org.junit.Test] zero00481
2016-08-04 20:03:55,322 INFO [org.junit.Test] zero00482
2016-08-04 20:03:55,322 INFO [org.junit.Test] zero00483
2016-08-04 20:03:55,322 INFO [org.junit.Test] zero00484
2016-08-04 20:03:55,322 INFO [org.junit.Test] zero00485
2016-08-04 20:03:55,322 INFO [org.junit.Test] zero00486
2016-08-04 20:03:55,322 INFO [org.junit.Test] zero00487
2016-08-04 20:03:55,322 INFO [org.junit.Test] zero00488
2016-08-04 20:03:55,322 INFO [org.junit.Test] zero00489
2016-08-04 20:03:55,322 INFO [org.junit.Test] zero00490
2016-08-04 20:03:55,322 INFO [org.junit.Test] zero00491
2016-08-04 20:03:55,322 INFO [org.junit.Test] zero00492
2016-08-04 20:03:55,322 INFO [org.junit.Test] zero00493
2016-08-04 20:03:55,322 INFO [org.junit.Test] zero00494
2016-08-04 20:03:55,322 INFO [org.junit.Test] zero00495
2016-08-04 20:03:55,322 INFO [org.junit.Test] zero00496
2016-08-04 20:03:55,322 INFO [org.junit.Test] zero00497
2016-08-04 20:03:55,322 INFO [org.junit.Test] zero00498
2016-08-04 20:03:55,322 INFO [org.junit.Test] zero00499
2016-08-04 20:03:55,322 INFO [org.junit.Test] zero00500
2016-08-04 20:03:55,322 INFO [org.junit.Test] zero00501
2016-08-04 20:03:55,322 INFO [org.junit.Test] zero00502
2016-08-04 20:03:55,322 INFO [org.junit.Test] zero00503
2016-08-04 20:03:55,322 INFO [org.junit.Test] zero00504
2016-08-04 20:03:55,322 INFO [org.junit.Test] zero00505
2016-08-04 20:03:55,322 INFO [org.junit.Test] zero00506
2016-08-04 20:03:55,322 INFO [org.junit.Test] zero00507
2016-08-04 20:03:55,322 INFO [org.junit.Test] zero00508
2016-08-04 20:03:55,322 INFO [org.junit.Test] zero00509
2016-08-04 20:03:55,322 INFO [org.junit.Test] zero00510
2016-08-04 20:03:55,322 INFO [org.junit.Test] zero00511
2016-08-04 20:03:55,322 INFO [org.junit.Test] zero00512
2016-08-04 20:03:55,322 INFO [org.junit.Test] zero00513
2016-08-04 20:03:55,322 INFO [org.junit.Test] zero00514
2016-08-04 20:03:55,322 INFO [org.junit.Test] zero00515
2016-08-04 20:03:55,322 INFO [org.junit.Test] zero00516
2016-08-04 20:03:55,322 INFO [org.junit.Test] zero00517
2016-08-04 20:03:55,322 INFO [org.junit.Test] zero00518
2016-08-04 20:03:55,322 INFO [org.junit.Test] zero00519
2016-08-04 20:03:55,322 INFO [org.junit.Test] zero00520
2016-08-04 20:03:55,322 INFO [org.junit.Test] zero00521
2016-08-04 20:03:55,322 INFO [org.junit.Test] zero00522
2016-08-04 20:03:55,322 INFO [org.junit.Test] zero00523
2016-08-04 20:03:55,322 INFO [org.junit.Test] zero00524
2016-08-04 20:03:55,322 INFO [org.junit.Test] zero00525
2016-08-04 20:03:55,322 INFO [org.junit.Test] zero00526
2016-08-04 20:03:55,322 INFO [org.junit.Test] zero00527
2016-08-04 20:03:55,322 INFO [org.junit.Test] zero00528
2016-08-04 20:03:55,322 INFO [org.junit.Test] zero00529
2016-08-04 20:03:55,322 INFO [org.junit.Test] zero00530
2016-08-04 20:03:55,322 INFO [org.junit.Test] zero00531
2016-08-04 20:03:55,322 INFO [org.junit.Test] zero00532
2016-08-04 20:03:55,322 INFO [org.junit.Test] zero00533
2016-08-04 20:03:55,322 INFO [org.junit.Test] zero00534
2016-08-04 20:03:55,322 INFO [org.junit.Test] zero00535
2016-08-04 20:03:55,322 INFO [org.junit.Test] zero00536
2016-08-04 20:03:55,322 INFO [org.junit.Test] zero00537
2016-08-04 20:03:55,322 INFO [org.junit.Test] zero00538
2016-08-04 20:03:55,322 INFO [org.junit.Test] zero00539
2016-08-04 20:03:55,322 INFO [org.junit.Test] zero00540
2016-08-04 20:03:55,322 INFO [org.junit.Test] zero00541
2016-08-04 20:03:55,322 INFO [org.junit.Test] zero00542
2016-08-04 20:03:55,322 INFO [org.junit.Test] zero00543
2016-08-04 20:03:55,322 INFO [org.junit.Test] zero00544
2016-08-04 20:03:55,322 INFO [org.junit.Test] zero00545
2016-08-04 20:03:55,322 INFO [org.junit.Test] zero00546
2016-08-04 20:03:55,322 INFO [org.junit.Test] zero00547
2016-08-04 20:03:55,322 INFO [org.junit.Test] zero00548
2016-08-04 20:03:55,322 INFO [org.junit.Test] zero00549
2016-08-04 20:03:55,322 INFO [org.junit.Test] zero00550
2016-08-04 20:03:55,322 INFO [org.junit.Test] zero00551
2016-08-04 20:03:55,322 INFO [org.junit.Test] zero00552
2016-08-04 20:03:55,322 INFO [org.junit.Test] zero00553
2016-08-04 20:03:55,322 INFO [org.junit.Test] zero00554
2016-08-04 20:03:55,322 INFO [org.junit.Test] zero00555
2016-08-04 20:03:55,322 INFO [org.junit.Test] zero00556
2016-08-04 20:03:55,322 INFO [org.junit.Test] zero00557
2016-08-04 20:03:55,322 INFO [org.junit.Test] zero00558
2016-08-04 20:03:55,322 INFO [org.junit.Test] zero00559
2016-08-04 20:03:55,322 INFO [org.junit.Test] zero00560
2016-08-04 20:03:55,322 INFO [org.junit.Test] zero00561
2016-08-04 20:03:55,322 INFO [org.junit.Test] zero00562
2016-08-04 20:03:55,322 INFO [org.junit.Test] zero00563
2016-08-04 20:03:55,322 INFO [org.junit.Test] zero00564
2016-08-04 20:03:55,322 INFO [org.junit.Test] zero00565
2016-08-04 20:03:55,322 INFO [org.junit.Test] zero00566
2016-08-04 20:03:55,322 INFO [org.junit.Test] zero00567
2016-08-04 20:03:55,322 INFO [org.junit.Test] zero00568
2016-08-04 20:03:55,322 INFO [org.junit.Test] zero00569
2016-08-04 20:03:55,322 INFO [org.junit.Test] zero00570
2016-08-04 20:03:55,322 INFO [org.junit.Test] zero00571
2016-08-04 20:03:55,322 INFO [org.junit.Test] zero00572
2016-08-04 20:03:55,322 INFO [org.junit.Test] zero00573
2016-08-04 20:03:55,322 INFO [org.junit.Test] zero00574
2016-08-04 20:03:55,322 INFO [org.junit.Test] zero00575
2016-08-04 20:03:55,322 INFO [org.junit.Test] zero00576
2016-08-04 20:03:55,322 INFO [org.junit.Test] zero00577
2016-08-04 20:03:55,322 INFO [org.junit.Test] zero00578
2016-08-04 20:03:55,322 INFO [org.junit.Test] zero00579
2016-08-04 20:03:55,322 INFO [org.junit.Test] zero00580
2016-08-04 20:03:55,322 INFO [org.junit.Test] zero00581
2016-08-04 20:03:55,322 INFO [org.junit.Test] zero00582
2016-08-04 20:03:55,322 INFO [org.junit.Test] zero00583
2016-08-04 20:03:55,322 INFO [org.junit.Test] zero00584
2016-08-04 20:03:55,322 INFO [org.junit.Test] zero00585
2016-08-04 20:03:55,322 INFO [org.junit.Test] zero00586
2016-08-04 20:03:55,322 INFO [org.junit.Test] zero00587
2016-08-04 20:03:55,322 INFO [org.junit.Test] zero00588
2016-08-04 20:03:55,322 INFO [org.junit.Test] zero00589
2016-08-04 20:03:55,322 INFO [org.junit.Test] zero00590
2016-08-04 20:03:55,322 INFO [org.junit.Test] zero00591
2016-08-04 20:03:55,322 INFO [org.junit.Test] zero00592
2016-08-04 20:03:55,322 INFO [org.junit.Test] zero00593
2016-08-04 20:03:55,322 INFO [org.junit.Test] zero00594
2016-08-04 20:03:55,322 INFO [org.junit.Test] zero00595
2016-08-04 20:03:55,322 INFO [org.junit.Test] zero00596
2016-08-04 20:03:55,322 INFO [org.junit.Test] zero00597
2016-08-04 20:03:55,322 INFO [org.junit.Test] zero00598
2016-08-04 20:03:55,322 INFO [org.junit.Test] zero00599
2016-08-04 20:03:55,322 INFO [org.junit.Test] zero00600
2016-08-04 20:03:55,322 INFO [org.junit.Test] zero00601
2016-08-04 20:03:55,322 INFO [org.junit.Test] zero00602
2016-08-04 20:03:55,322 INFO [org.junit.Test] zero00603
2016-08-04 20:03:55,322 INFO [org.junit.Test] zero00604
2016-08-04 20:03:55,322 INFO [org.junit.Test] zero00605
2016-08-04 20:03:55,322 INFO [org.junit.Test] zero00606
2016-08-04 20:03:55,322 INFO [org.junit.Test] zero00607
2016-08-04 20:03:55,322 INFO [org.junit.Test] zero00608
2016-08-04 20:03:55,322 INFO [org.junit.Test] zero00609
2016-08-04 20:03:55,322 INFO [org.junit.Test] zero00610
2016-08-04 20:03:55,322 INFO [org.junit.Test] zero00611
2016-08-04 20:03:55,322 INFO [org.junit.Test] zero00612
2016-08-04 20:03:55,322 INFO [org.junit.Test] zero00613
2016-08-04 20:03:55,322 INFO [org.junit.Test] zero00614
2016-08-04 20:03:55,322 INFO [org.junit.Test] zero00615
2016-08-04 20:03:55,322 INFO [org.junit.Test] zero00616
2016-08-04 20:03:55,322 INFO [org.junit.Test] zero00617
2016-08-04 20:03:55,322 INFO [org.junit.Test] zero00618
2016-08-04 20:03:55,322 INFO [org.junit.Test] zero00619
2016-08-04 20:03:55,322 INFO [org.junit.Test] zero00620
2016-08-04 20:03:55,322 INFO [org.junit.Test] zero00621
2016-08-04 20:03:55,322 INFO [org.junit.Test] zero00622
2016-08-04 20:03:55,322 INFO [org.junit.Test] zero00623
2016-08-04 20:03:55,322 INFO [org.junit.Test] zero00624
2016-08-04 20:03:55,322 INFO [org.junit.Test] zero00625
2016-08-04 20:03:55,322 INFO [org.junit.Test] zero00626
2016-08-04 20:03:55,322 INFO [org.junit.Test] zero00627
2016-08-04 20:03:55,322 INFO [org.junit.Test] zero00628
2016-08-04 20:03:55,322 INFO [org.junit.Test] zero00629
2016-08-04 20:03:55,322 INFO [org.junit.Test] zero00630
2016-08-04 20:03:55,322 INFO [org.junit.Test] zero00631
2016-08-04 20:03:55,322 INFO [org.junit.Test] zero00632
2016-08-04 20:03:55,322 INFO [org.junit.Test] zero00633
2016-08-04 20:03:55,322 INFO [org.junit.Test] zero00634
2016-08-04 20:03:55,322 INFO [org.junit.Test] zero00635
2016-08-04 20:03:55,322 INFO [org.junit.Test] zero00636
2016-08-04 20:03:55,322 INFO [org.junit.Test] zero00637
2016-08-04 20:03:55,322 INFO [org.junit.Test] zero00638
2016-08-04 20:03:55,322 INFO [org.junit.Test] zero00639
2016-08-04 20:03:55,322 INFO [org.junit.Test] zero00640
2016-08-04 20:03:55,322 INFO [org.junit.Test] zero00641
2016-08-04 20:03:55,322 INFO [org.junit.Test] zero00642
2016-08-04 20:03:55,322 INFO [org.junit.Test] zero00643
2016-08-04 20:03:55,322 INFO [org.junit.Test] zero00644
2016-08-04 20:03:55,322 INFO [org.junit.Test] zero00645
2016-08-04 20:03:55,322 INFO [org.junit.Test] zero00646
2016-08-04 20:03:55,322 INFO [org.junit.Test] zero00647
2016-08-04 20:03:55,322 INFO [org.junit.Test] zero00648
2016-08-04 20:03:55,322 INFO [org.junit.Test] zero00649
2016-08-04 20:03:55,322 INFO [org.junit.Test] zero00650
2016-08-04 20:03:55,322 INFO [org.junit.Test] zero00651
2016-08-04 20:03:55,323 INFO [org.junit.Test] zero00652
2016-08-04 20:03:55,323 INFO [org.junit.Test] zero00653
2016-08-04 20:03:55,323 INFO [org.junit.Test] zero00654
2016-08-04 20:03:55,323 INFO [org.junit.Test] zero00655
2016-08-04 20:03:55,323 INFO [org.junit.Test] zero00656
2016-08-04 20:03:55,323 INFO [org.junit.Test] zero00657
2016-08-04 20:03:55,323 INFO [org.junit.Test] zero00658
2016-08-04 20:03:55,323 INFO [org.junit.Test] zero00659
2016-08-04 20:03:55,323 INFO [org.junit.Test] zero00660
2016-08-04 20:03:55,323 INFO [org.junit.Test] zero00661
2016-08-04 20:03:55,323 INFO [org.junit.Test] zero00662
2016-08-04 20:03:55,323 INFO [org.junit.Test] zero00663
2016-08-04 20:03:55,323 INFO [org.junit.Test] zero00664
2016-08-04 20:03:55,323 INFO [org.junit.Test] zero00665
2016-08-04 20:03:55,323 INFO [org.junit.Test] zero00666
2016-08-04 20:03:55,323 INFO [org.junit.Test] zero00667
2016-08-04 20:03:55,323 INFO [org.junit.Test] zero00668
2016-08-04 20:03:55,323 INFO [org.junit.Test] zero00669
2016-08-04 20:03:55,323 INFO [org.junit.Test] zero00670
2016-08-04 20:03:55,323 INFO [org.junit.Test] zero00671
2016-08-04 20:03:55,323 INFO [org.junit.Test] zero00672
2016-08-04 20:03:55,323 INFO [org.junit.Test] zero00673
2016-08-04 20:03:55,323 INFO [org.junit.Test] zero00674
2016-08-04 20:03:55,323 INFO [org.junit.Test] zero00675
2016-08-04 20:03:55,323 INFO [org.junit.Test] zero00676
2016-08-04 20:03:55,323 INFO [org.junit.Test] zero00677
2016-08-04 20:03:55,323 INFO [org.junit.Test] zero00678
2016-08-04 20:03:55,323 INFO [org.junit.Test] zero00679
2016-08-04 20:03:55,323 INFO [org.junit.Test] zero00680
2016-08-04 20:03:55,323 INFO [org.junit.Test] zero00681
2016-08-04 20:03:55,323 INFO [org.junit.Test] zero00682
2016-08-04 20:03:55,323 INFO [org.junit.Test] zero00683
2016-08-04 20:03:55,323 INFO [org.junit.Test] zero00684
2016-08-04 20:03:55,323 INFO [org.junit.Test] zero00685
2016-08-04 20:03:55,323 INFO [org.junit.Test] zero00686
2016-08-04 20:03:55,323 INFO [org.junit.Test] zero00687
2016-08-04 20:03:55,323 INFO [org.junit.Test] zero00688
2016-08-04 20:03:55,323 INFO [org.junit.Test] zero00689
2016-08-04 20:03:55,323 INFO [org.junit.Test] zero00690
2016-08-04 20:03:55,323 INFO [org.junit.Test] zero00691
2016-08-04 20:03:55,323 INFO [org.junit.Test] zero00692
2016-08-04 20:03:55,323 INFO [org.junit.Test] zero00693
2016-08-04 20:03:55,323 INFO [org.junit.Test] zero00694
2016-08-04 20:03:55,323 INFO [org.junit.Test] zero00695
2016-08-04 20:03:55,323 INFO [org.junit.Test] zero00696
2016-08-04 20:03:55,323 INFO [org.junit.Test] zero00697
2016-08-04 20:03:55,323 INFO [org.junit.Test] zero00698
2016-08-04 20:03:55,323 INFO [org.junit.Test] zero00699
2016-08-04 20:03:55,323 INFO [org.junit.Test] zero00700
2016-08-04 20:03:55,323 INFO [org.junit.Test] zero00701
2016-08-04 20:03:55,323 INFO [org.junit.Test] zero00702
2016-08-04 20:03:55,323 INFO [org.junit.Test] zero00703
2016-08-04 20:03:55,323 INFO [org.junit.Test] zero00704
2016-08-04 20:03:55,323 INFO [org.junit.Test] zero00705
2016-08-04 20:03:55,323 INFO [org.junit.Test] zero00706
2016-08-04 20:03:55,323 INFO [org.junit.Test] zero00707
2016-08-04 20:03:55,323 INFO [org.junit.Test] zero00708
2016-08-04 20:03:55,323 INFO [org.junit.Test] zero00709
2016-08-04 20:03:55,323 INFO [org.junit.Test] zero00710
2016-08-04 20:03:55,323 INFO [org.junit.Test] zero00711
2016-08-04 20:03:55,323 INFO [org.junit.Test] zero00712
2016-08-04 20:03:55,323 INFO [org.junit.Test] zero00713
2016-08-04 20:03:55,323 INFO [org.junit.Test] zero00714
2016-08-04 20:03:55,323 INFO [org.junit.Test] zero00715
2016-08-04 20:03:55,323 INFO [org.junit.Test] zero00716
2016-08-04 20:03:55,323 INFO [org.junit.Test] zero00717
2016-08-04 20:03:55,323 INFO [org.junit.Test] zero00718
2016-08-04 20:03:55,323 INFO [org.junit.Test] zero00719
2016-08-04 20:03:55,323 INFO [org.junit.Test] zero00720
2016-08-04 20:03:55,323 INFO [org.junit.Test] zero00721
2016-08-04 20:03:55,323 INFO [org.junit.Test] zero00722
2016-08-04 20:03:55,323 INFO [org.junit.Test] zero00723
2016-08-04 20:03:55,323 INFO [org.junit.Test] zero00724
2016-08-04 20:03:55,323 INFO [org.junit.Test] zero00725
2016-08-04 20:03:55,323 INFO [org.junit.Test] zero00726
2016-08-04 20:03:55,323 INFO [org.junit.Test] zero00727
2016-08-04 20:03:55,323 INFO [org.junit.Test] zero00728
2016-08-04 20:03:55,323 INFO [org.junit.Test] zero00729
2016-08-04 20:03:55,323 INFO [org.junit.Test] zero00730
2016-08-04 20:03:55,323 INFO [org.junit.Test] zero00731
2016-08-04 20:03:55,323 INFO [org.junit.Test] zero00732
2016-08-04 20:03:55,323 INFO [org.junit.Test] zero00733
2016-08-04 20:03:55,323 INFO [org.junit.Test] zero00734
2016-08-04 20:03:55,323 INFO [org.junit.Test] zero00735
2016-08-04 20:03:55,323 INFO [org.junit.Test] zero00736
2016-08-04 20:03:55,323 INFO [org.junit.Test] zero00737
2016-08-04 20:03:55,323 INFO [org.junit.Test] zero00738
2016-08-04 20:03:55,323 INFO [org.junit.Test] zero00739
2016-08-04 20:03:55,323 INFO [org.junit.Test] zero00740
2016-08-04 20:03:55,323 INFO [org.junit.Test] zero00741
2016-08-04 20:03:55,323 INFO [org.junit.Test] zero00742
2016-08-04 20:03:55,323 INFO [org.junit.Test] zero00743
2016-08-04 20:03:55,323 INFO [org.junit.Test] zero00744
2016-08-04 20:03:55,323 INFO [org.junit.Test] zero00745
2016-08-04 20:03:55,323 INFO [org.junit.Test] zero00746
2016-08-04 20:03:55,323 INFO [org.junit.Test] zero00747
2016-08-04 20:03:55,323 INFO [org.junit.Test] zero00748
2016-08-04 20:03:55,323 INFO [org.junit.Test] zero00749
2016-08-04 20:03:55,323 INFO [org.junit.Test] zero00750
2016-08-04 20:03:55,323 INFO [org.junit.Test] zero00751
2016-08-04 20:03:55,323 INFO [org.junit.Test] zero00752
2016-08-04 20:03:55,323 INFO [org.junit.Test] zero00753
2016-08-04 20:03:55,323 INFO [org.junit.Test] zero00754
2016-08-04 20:03:55,323 INFO [org.junit.Test] zero00755
2016-08-04 20:03:55,323 INFO [org.junit.Test] zero00756
2016-08-04 20:03:55,323 INFO [org.junit.Test] zero00757
2016-08-04 20:03:55,323 INFO [org.junit.Test] zero00758
2016-08-04 20:03:55,323 INFO [org.junit.Test] zero00759
2016-08-04 20:03:55,323 INFO [org.junit.Test] zero00760
2016-08-04 20:03:55,323 INFO [org.junit.Test] zero00761
2016-08-04 20:03:55,323 INFO [org.junit.Test] zero00762
2016-08-04 20:03:55,323 INFO [org.junit.Test] zero00763
2016-08-04 20:03:55,323 INFO [org.junit.Test] zero00764
2016-08-04 20:03:55,323 INFO [org.junit.Test] zero00765
2016-08-04 20:03:55,323 INFO [org.junit.Test] zero00766
2016-08-04 20:03:55,323 INFO [org.junit.Test] zero00767
2016-08-04 20:03:55,323 INFO [org.junit.Test] zero00768
2016-08-04 20:03:55,323 INFO [org.junit.Test] zero00769
2016-08-04 20:03:55,323 INFO [org.junit.Test] zero00770
2016-08-04 20:03:55,323 INFO [org.junit.Test] zero00771
2016-08-04 20:03:55,323 INFO [org.junit.Test] zero00772
2016-08-04 20:03:55,323 INFO [org.junit.Test] zero00773
2016-08-04 20:03:55,323 INFO [org.junit.Test] zero00774
2016-08-04 20:03:55,323 INFO [org.junit.Test] zero00775
2016-08-04 20:03:55,323 INFO [org.junit.Test] zero00776
2016-08-04 20:03:55,323 INFO [org.junit.Test] zero00777
2016-08-04 20:03:55,323 INFO [org.junit.Test] zero00778
2016-08-04 20:03:55,323 INFO [org.junit.Test] zero00779
2016-08-04 20:03:55,323 INFO [org.junit.Test] zero00780
2016-08-04 20:03:55,323 INFO [org.junit.Test] zero00781
2016-08-04 20:03:55,323 INFO [org.junit.Test] zero00782
2016-08-04 20:03:55,323 INFO [org.junit.Test] zero00783
2016-08-04 20:03:55,323 INFO [org.junit.Test] zero00784
2016-08-04 20:03:55,323 INFO [org.junit.Test] zero00785
2016-08-04 20:03:55,323 INFO [org.junit.Test] zero00786
2016-08-04 20:03:55,323 INFO [org.junit.Test] zero00787
2016-08-04 20:03:55,323 INFO [org.junit.Test] zero00788
2016-08-04 20:03:55,323 INFO [org.junit.Test] zero00789
2016-08-04 20:03:55,323 INFO [org.junit.Test] zero00790
2016-08-04 20:03:55,323 INFO [org.junit.Test] zero00791
2016-08-04 20:03:55,323 INFO [org.junit.Test] zero00792
2016-08-04 20:03:55,323 INFO [org.junit.Test] zero00793
2016-08-04 20:03:55,323 INFO [org.junit.Test] zero00794
2016-08-04 20:03:55,323 INFO [org.junit.Test] zero00795
2016-08-04 20:03:55,323 INFO [org.junit.Test] zero00796
2016-08-04 20:03:55,323 INFO [org.junit.Test] zero00797
2016-08-04 20:03:55,323 INFO [org.junit.Test] zero00798
2016-08-04 20:03:55,323 INFO [org.junit.Test] zero00799
2016-08-04 20:03:55,323 INFO [org.junit.Test] zero00800
2016-08-04 20:03:55,323 INFO [org.junit.Test] zero00801
2016-08-04 20:03:55,323 INFO [org.junit.Test] zero00802
2016-08-04 20:03:55,323 INFO [org.junit.Test] zero00803
2016-08-04 20:03:55,323 INFO [org.junit.Test] zero00804
2016-08-04 20:03:55,323 INFO [org.junit.Test] zero00805
2016-08-04 20:03:55,323 INFO [org.junit.Test] zero00806
2016-08-04 20:03:55,323 INFO [org.junit.Test] zero00807
2016-08-04 20:03:55,323 INFO [org.junit.Test] zero00808
2016-08-04 20:03:55,323 INFO [org.junit.Test] zero00809
2016-08-04 20:03:55,323 INFO [org.junit.Test] zero00810
2016-08-04 20:03:55,323 INFO [org.junit.Test] zero00811
2016-08-04 20:03:55,323 INFO [org.junit.Test] zero00812
2016-08-04 20:03:55,323 INFO [org.junit.Test] zero00813
2016-08-04 20:03:55,323 INFO [org.junit.Test] zero00814
2016-08-04 20:03:55,323 INFO [org.junit.Test] zero00815
2016-08-04 20:03:55,323 INFO [org.junit.Test] zero00816
2016-08-04 20:03:55,323 INFO [org.junit.Test] zero00817
2016-08-04 20:03:55,323 INFO [org.junit.Test] zero00818
2016-08-04 20:03:55,323 INFO [org.junit.Test] zero00819
2016-08-04 20:03:55,323 INFO [org.junit.Test] zero00820
2016-08-04 20:03:55,323 INFO [org.junit.Test] zero00821
2016-08-04 20:03:55,323 INFO [org.junit.Test] zero00822
2016-08-04 20:03:55,323 INFO [org.junit.Test] zero00823
2016-08-04 20:03:55,323 INFO [org.junit.Test] zero00824
2016-08-04 20:03:55,323 INFO [org.junit.Test] zero00825
2016-08-04 20:03:55,323 INFO [org.junit.Test] zero00826
2016-08-04 20:03:55,323 INFO [org.junit.Test] zero00827
2016-08-04 20:03:55,323 INFO [org.junit.Test] zero00828
2016-08-04 20:03:55,323 INFO [org.junit.Test] zero00829
2016-08-04 20:03:55,323 INFO [org.junit.Test] zero00830
2016-08-04 20:03:55,323 INFO [org.junit.Test] zero00831
2016-08-04 20:03:55,323 INFO [org.junit.Test] zero00832
2016-08-04 20:03:55,323 INFO [org.junit.Test] zero00833
2016-08-04 20:03:55,323 INFO [org.junit.Test] zero00834
2016-08-04 20:03:55,323 INFO [org.junit.Test] zero00835
2016-08-04 20:03:55,323 INFO [org.junit.Test] zero00836
2016-08-04 20:03:55,323 INFO [org.junit.Test] zero00837
2016-08-04 20:03:55,323 INFO [org.junit.Test] zero00838
2016-08-04 20:03:55,323 INFO [org.junit.Test] zero00839
2016-08-04 20:03:55,323 INFO [org.junit.Test] zero00840
2016-08-04 20:03:55,323 INFO [org.junit.Test] zero00841
2016-08-04 20:03:55,323 INFO [org.junit.Test] zero00842
2016-08-04 20:03:55,323 INFO [org.junit.Test] zero00843
2016-08-04 20:03:55,323 INFO [org.junit.Test] zero00844
2016-08-04 20:03:55,323 INFO [org.junit.Test] zero00845
2016-08-04 20:03:55,323 INFO [org.junit.Test] zero00846
2016-08-04 20:03:55,323 INFO [org.junit.Test] zero00847
2016-08-04 20:03:55,323 INFO [org.junit.Test] zero00848
2016-08-04 20:03:55,323 INFO [org.junit.Test] zero00849
2016-08-04 20:03:55,323 INFO [org.junit.Test] zero00850
2016-08-04 20:03:55,323 INFO [org.junit.Test] zero00851
2016-08-04 20:03:55,323 INFO [org.junit.Test] zero00852
2016-08-04 20:03:55,323 INFO [org.junit.Test] zero00853
2016-08-04 20:03:55,323 INFO [org.junit.Test] zero00854
2016-08-04 20:03:55,323 INFO [org.junit.Test] zero00855
2016-08-04 20:03:55,323 INFO [org.junit.Test] zero00856
2016-08-04 20:03:55,323 INFO [org.junit.Test] zero00857
2016-08-04 20:03:55,323 INFO [org.junit.Test] zero00858
2016-08-04 20:03:55,323 INFO [org.junit.Test] zero00859
2016-08-04 20:03:55,323 INFO [org.junit.Test] zero00860
2016-08-04 20:03:55,323 INFO [org.junit.Test] zero00861
2016-08-04 20:03:55,323 INFO [org.junit.Test] zero00862
2016-08-04 20:03:55,323 INFO [org.junit.Test] zero00863
2016-08-04 20:03:55,323 INFO [org.junit.Test] zero00864
2016-08-04 20:03:55,323 INFO [org.junit.Test] zero00865
2016-08-04 20:03:55,323 INFO [org.junit.Test] zero00866
2016-08-04 20:03:55,323 INFO [org.junit.Test] zero00867
2016-08-04 20:03:55,323 INFO [org.junit.Test] zero00868
2016-08-04 20:03:55,323 INFO [org.junit.Test] zero00869
2016-08-04 20:03:55,323 INFO [org.junit.Test] zero00870
2016-08-04 20:03:55,323 INFO [org.junit.Test] zero00871
2016-08-04 20:03:55,323 INFO [org.junit.Test] zero00872
2016-08-04 20:03:55,323 INFO [org.junit.Test] zero00873
2016-08-04 20:03:55,323 INFO [org.junit.Test] zero00874
2016-08-04 20:03:55,323 INFO [org.junit.Test] zero00875
2016-08-04 20:03:55,323 INFO [org.junit.Test] zero00876
2016-08-04 20:03:55,323 INFO [org.junit.Test] zero00877
2016-08-04 20:03:55,323 INFO [org.junit.Test] zero00878
2016-08-04 20:03:55,323 INFO [org.junit.Test] zero00879
2016-08-04 20:03:55,323 INFO [org.junit.Test] zero00880
2016-08-04 20:03:55,323 INFO [org.junit.Test] zero00881
2016-08-04 20:03:55,323 INFO [org.junit.Test] zero00882
2016-08-04 20:03:55,323 INFO [org.junit.Test] zero00883
2016-08-04 20:03:55,323 INFO [org.junit.Test] zero00884
2016-08-04 20:03:55,323 INFO [org.junit.Test] zero00885
2016-08-04 20:03:55,323 INFO [org.junit.Test] zero00886
2016-08-04 20:03:55,323 INFO [org.junit.Test] zero00887
2016-08-04 20:03:55,323 INFO [org.junit.Test] zero00888
2016-08-04 20:03:55,323 INFO [org.junit.Test] zero00889
2016-08-04 20:03:55,323 INFO [org.junit.Test] zero00890
2016-08-04 20:03:55,323 INFO [org.junit.Test] zero00891
2016-08-04 20:03:55,323 INFO [org.junit.Test] zero00892
2016-08-04 20:03:55,323 INFO [org.junit.Test] zero00893
2016-08-04 20:03:55,323 INFO [org.junit.Test] zero00894
2016-08-04 20:03:55,323 INFO [org.junit.Test] zero00895
2016-08-04 20:03:55,323 INFO [org.junit.Test] zero00896
2016-08-04 20:03:55,323 INFO [org.junit.Test] zero00897
2016-08-04 20:03:55,323 INFO [org.junit.Test] zero00898
2016-08-04 20:03:55,323 INFO [org.junit.Test] zero00899
2016-08-04 20:03:55,323 INFO [org.junit.Test] zero00900
2016-08-04 20:03:55,323 INFO [org.junit.Test] zero00901
2016-08-04 20:03:55,323 INFO [org.junit.Test] zero00902
2016-08-04 20:03:55,323 INFO [org.junit.Test] zero00903
2016-08-04 20:03:55,323 INFO [org.junit.Test] zero00904
2016-08-04 20:03:55,323 INFO [org.junit.Test] zero00905
2016-08-04 20:03:55,323 INFO [org.junit.Test] zero00906
2016-08-04 20:03:55,323 INFO [org.junit.Test] zero00907
2016-08-04 20:03:55,323 INFO [org.junit.Test] zero00908
2016-08-04 20:03:55,323 INFO [org.junit.Test] zero00909
2016-08-04 20:03:55,323 INFO [org.junit.Test] zero00910
2016-08-04 20:03:55,323 INFO [org.junit.Test] zero00911
2016-08-04 20:03:55,323 INFO [org.junit.Test] zero00912
2016-08-04 20:03:55,323 INFO [org.junit.Test] zero00913
2016-08-04 20:03:55,323 INFO [org.junit.Test] zero00914
2016-08-04 20:03:55,323 INFO [org.junit.Test] zero00915
2016-08-04 20:03:55,323 INFO [org.junit.Test] zero00916
2016-08-04 20:03:55,323 INFO [org.junit.Test] zero00917
2016-08-04 20:03:55,323 INFO [org.junit.Test] zero00918
2016-08-04 20:03:55,323 INFO [org.junit.Test] zero00919
2016-08-04 20:03:55,323 INFO [org.junit.Test] zero00920
2016-08-04 20:03:55,323 INFO [org.junit.Test] zero00921
2016-08-04 20:03:55,323 INFO [org.junit.Test] zero00922
2016-08-04 20:03:55,323 INFO [org.junit.Test] zero00923
2016-08-04 20:03:55,323 INFO [org.junit.Test] zero00924
2016-08-04 20:03:55,323 INFO [org.junit.Test] zero00925
2016-08-04 20:03:55,323 INFO [org.junit.Test] zero00926
2016-08-04 20:03:55,323 INFO [org.junit.Test] zero00927
2016-08-04 20:03:55,323 INFO [org.junit.Test] zero00928
2016-08-04 20:03:55,323 INFO [org.junit.Test] zero00929
2016-08-04 20:03:55,323 INFO [org.junit.Test] zero00930
2016-08-04 20:03:55,323 INFO [org.junit.Test] zero00931
2016-08-04 20:03:55,323 INFO [org.junit.Test] zero00932
2016-08-04 20:03:55,323 INFO [org.junit.Test] zero00933
2016-08-04 20:03:55,323 INFO [org.junit.Test] zero00934
2016-08-04 20:03:55,323 INFO [org.junit.Test] zero00935
2016-08-04 20:03:55,323 INFO [org.junit.Test] zero00936
2016-08-04 20:03:55,323 INFO [org.junit.Test] zero00937
2016-08-04 20:03:55,323 INFO [org.junit.Test] zero00938
2016-08-04 20:03:55,323 INFO [org.junit.Test] zero00939
2016-08-04 20:03:55,323 INFO [org.junit.Test] zero00940
2016-08-04 20:03:55,323 INFO [org.junit.Test] zero00941
2016-08-04 20:03:55,323 INFO [org.junit.Test] zero00942
2016-08-04 20:03:55,323 INFO [org.junit.Test] zero00943
2016-08-04 20:03:55,323 INFO [org.junit.Test] zero00944
2016-08-04 20:03:55,323 INFO [org.junit.Test] zero00945
2016-08-04 20:03:55,323 INFO [org.junit.Test] zero00946
2016-08-04 20:03:55,324 INFO [org.junit.Test] zero00947
2016-08-04 20:03:55,324 INFO [org.junit.Test] zero00948
2016-08-04 20:03:55,324 INFO [org.junit.Test] zero00949
2016-08-04 20:03:55,324 INFO [org.junit.Test] zero00950
2016-08-04 20:03:55,324 INFO [org.junit.Test] zero00951
2016-08-04 20:03:55,324 INFO [org.junit.Test] zero00952
2016-08-04 20:03:55,324 INFO [org.junit.Test] zero00953
2016-08-04 20:03:55,324 INFO [org.junit.Test] zero00954
2016-08-04 20:03:55,324 INFO [org.junit.Test] zero00955
2016-08-04 20:03:55,324 INFO [org.junit.Test] zero00956
2016-08-04 20:03:55,324 INFO [org.junit.Test] zero00957
2016-08-04 20:03:55,324 INFO [org.junit.Test] zero00958
2016-08-04 20:03:55,324 INFO [org.junit.Test] zero00959
2016-08-04 20:03:55,324 INFO [org.junit.Test] zero00960
2016-08-04 20:03:55,324 INFO [org.junit.Test] zero00961
2016-08-04 20:03:55,324 INFO [org.junit.Test] zero00962
2016-08-04 20:03:55,324 INFO [org.junit.Test] zero00963
2016-08-04 20:03:55,324 INFO [org.junit.Test] zero00964
2016-08-04 20:03:55,324 INFO [org.junit.Test] zero00965
2016-08-04 20:03:55,324 INFO [org.junit.Test] zero00966
2016-08-04 20:03:55,324 INFO [org.junit.Test] zero00967
2016-08-04 20:03:55,324 INFO [org.junit.Test] zero00968
2016-08-04 20:03:55,324 INFO [org.junit.Test] zero00969
2016-08-04 20:03:55,324 INFO [org.junit.Test] zero00970
2016-08-04 20:03:55,324 INFO [org.junit.Test] zero00971
2016-08-04 20:03:55,324 INFO [org.junit.Test] zero00972
2016-08-04 20:03:55,324 INFO [org.junit.Test] zero00973
2016-08-04 20:03:55,324 INFO [org.junit.Test] zero00974
2016-08-04 20:03:55,324 INFO [org.junit.Test] zero00975
2016-08-04 20:03:55,324 INFO [org.junit.Test] zero00976
2016-08-04 20:03:55,324 INFO [org.junit.Test] zero00977
2016-08-04 20:03:55,324 INFO [org.junit.Test] zero00978
2016-08-04 20:03:55,324 INFO [org.junit.Test] zero00979
2016-08-04 20:03:55,324 INFO [org.junit.Test] zero00980
2016-08-04 20:03:55,324 INFO [org.junit.Test] zero00981
2016-08-04 20:03:55,324 INFO [org.junit.Test] zero00982
2016-08-04 20:03:55,324 INFO [org.junit.Test] zero00983
2016-08-04 20:03:55,324 INFO [org.junit.Test] zero00984
2016-08-04 20:03:55,324 INFO [org.junit.Test] zero00985
2016-08-04 20:03:55,324 INFO [org.junit.Test] zero00986
2016-08-04 20:03:55,324 INFO [org.junit.Test] zero00987
2016-08-04 20:03:55,324 INFO [org.junit.Test] zero00988
2016-08-04 20:03:55,324 INFO [org.junit.Test] zero00989
2016-08-04 20:03:55,324 INFO [org.junit.Test] zero00990
2016-08-04 20:03:55,324 INFO [org.junit.Test] zero00991
2016-08-04 20:03:55,324 INFO [org.junit.Test] zero00992
2016-08-04 20:03:55,324 INFO [org.junit.Test] zero00993
2016-08-04 20:03:55,324 INFO [org.junit.Test] zero00994
2016-08-04 20:03:55,324 INFO [org.junit.Test] zero00995
2016-08-04 20:03:55,324 INFO [org.junit.Test] zero00996
2016-08-04 20:03:55,324 INFO [org.junit.Test] zero00997
2016-08-04 20:03:55,324 INFO [org.junit.Test] zero00998
2016-08-04 20:03:55,324 INFO [org.junit.Test] zero00999
2016-08-04 20:03:58,324 INFO [org.junit.Test] zero000
2016-08-04 20:03:58,324 INFO [org.junit.Test] zero001
2016-08-04 20:03:58,324 INFO [org.junit.Test] zero002
2016-08-04 20:03:58,324 INFO [org.junit.Test] zero003
2016-08-04 20:03:58,324 INFO [org.junit.Test] zero004
2016-08-04 20:03:58,324 INFO [org.junit.Test] zero005
2016-08-04 20:03:58,324 INFO [org.junit.Test] zero006
2016-08-04 20:03:58,324 INFO [org.junit.Test] zero007
2016-08-04 20:03:58,324 INFO [org.junit.Test] zero008
2016-08-04 20:03:58,324 INFO [org.junit.Test] zero009
2016-08-04 20:03:58,324 INFO [org.junit.Test] zero0010
2016-08-04 20:03:58,324 INFO [org.junit.Test] zero0011
2016-08-04 20:03:58,324 INFO [org.junit.Test] zero0012
2016-08-04 20:03:58,324 INFO [org.junit.Test] zero0013
2016-08-04 20:03:58,324 INFO [org.junit.Test] zero0014
2016-08-04 20:03:58,324 INFO [org.junit.Test] zero0015
2016-08-04 20:03:58,324 INFO [org.junit.Test] zero0016
2016-08-04 20:03:58,324 INFO [org.junit.Test] zero0017
2016-08-04 20:03:58,324 INFO [org.junit.Test] zero0018
2016-08-04 20:03:58,324 INFO [org.junit.Test] zero0019
2016-08-04 20:03:58,324 INFO [org.junit.Test] zero0020
2016-08-04 20:03:58,324 INFO [org.junit.Test] zero0021
2016-08-04 20:03:58,324 INFO [org.junit.Test] zero0022
2016-08-04 20:03:58,324 INFO [org.junit.Test] zero0023
2016-08-04 20:03:58,324 INFO [org.junit.Test] zero0024
2016-08-04 20:03:58,324 INFO [org.junit.Test] zero0025
2016-08-04 20:03:58,324 INFO [org.junit.Test] zero0026
2016-08-04 20:03:58,324 INFO [org.junit.Test] zero0027
2016-08-04 20:03:58,324 INFO [org.junit.Test] zero0028
2016-08-04 20:03:58,324 INFO [org.junit.Test] zero0029
2016-08-04 20:03:58,324 INFO [org.junit.Test] zero0030
2016-08-04 20:03:58,324 INFO [org.junit.Test] zero0031
2016-08-04 20:03:58,324 INFO [org.junit.Test] zero0032
2016-08-04 20:03:58,324 INFO [org.junit.Test] zero0033
2016-08-04 20:03:58,324 INFO [org.junit.Test] zero0034
2016-08-04 20:03:58,324 INFO [org.junit.Test] zero0035
2016-08-04 20:03:58,324 INFO [org.junit.Test] zero0036
2016-08-04 20:03:58,324 INFO [org.junit.Test] zero0037
2016-08-04 20:03:58,324 INFO [org.junit.Test] zero0038
2016-08-04 20:03:58,324 INFO [org.junit.Test] zero0039
2016-08-04 20:03:58,324 INFO [org.junit.Test] zero0040
2016-08-04 20:03:58,324 INFO [org.junit.Test] zero0041
2016-08-04 20:03:58,324 INFO [org.junit.Test] zero0042
2016-08-04 20:03:58,324 INFO [org.junit.Test] zero0043
2016-08-04 20:03:58,324 INFO [org.junit.Test] zero0044
2016-08-04 20:03:58,324 INFO [org.junit.Test] zero0045
2016-08-04 20:03:58,324 INFO [org.junit.Test] zero0046
2016-08-04 20:03:58,324 INFO [org.junit.Test] zero0047
2016-08-04 20:03:58,324 INFO [org.junit.Test] zero0048
2016-08-04 20:03:58,324 INFO [org.junit.Test] zero0049
2016-08-04 20:03:58,324 INFO [org.junit.Test] zero0050
2016-08-04 20:03:58,324 INFO [org.junit.Test] zero0051
2016-08-04 20:03:58,324 INFO [org.junit.Test] zero0052
2016-08-04 20:03:58,324 INFO [org.junit.Test] zero0053
2016-08-04 20:03:58,324 INFO [org.junit.Test] zero0054
2016-08-04 20:03:58,324 INFO [org.junit.Test] zero0055
2016-08-04 20:03:58,324 INFO [org.junit.Test] zero0056
2016-08-04 20:03:58,324 INFO [org.junit.Test] zero0057
2016-08-04 20:03:58,324 INFO [org.junit.Test] zero0058
2016-08-04 20:03:58,324 INFO [org.junit.Test] zero0059
2016-08-04 20:03:58,324 INFO [org.junit.Test] zero0060
2016-08-04 20:03:58,324 INFO [org.junit.Test] zero0061
2016-08-04 20:03:58,324 INFO [org.junit.Test] zero0062
2016-08-04 20:03:58,324 INFO [org.junit.Test] zero0063
2016-08-04 20:03:58,324 INFO [org.junit.Test] zero0064
2016-08-04 20:03:58,324 INFO [org.junit.Test] zero0065
2016-08-04 20:03:58,324 INFO [org.junit.Test] zero0066
2016-08-04 20:03:58,324 INFO [org.junit.Test] zero0067
2016-08-04 20:03:58,324 INFO [org.junit.Test] zero0068
2016-08-04 20:03:58,324 INFO [org.junit.Test] zero0069
2016-08-04 20:03:58,324 INFO [org.junit.Test] zero0070
2016-08-04 20:03:58,324 INFO [org.junit.Test] zero0071
2016-08-04 20:03:58,324 INFO [org.junit.Test] zero0072
2016-08-04 20:03:58,324 INFO [org.junit.Test] zero0073
2016-08-04 20:03:58,324 INFO [org.junit.Test] zero0074
2016-08-04 20:03:58,324 INFO [org.junit.Test] zero0075
2016-08-04 20:03:58,324 INFO [org.junit.Test] zero0076
2016-08-04 20:03:58,324 INFO [org.junit.Test] zero0077
2016-08-04 20:03:58,324 INFO [org.junit.Test] zero0078
2016-08-04 20:03:58,324 INFO [org.junit.Test] zero0079
2016-08-04 20:03:58,324 INFO [org.junit.Test] zero0080
2016-08-04 20:03:58,324 INFO [org.junit.Test] zero0081
2016-08-04 20:03:58,324 INFO [org.junit.Test] zero0082
2016-08-04 20:03:58,324 INFO [org.junit.Test] zero0083
2016-08-04 20:03:58,324 INFO [org.junit.Test] zero0084
2016-08-04 20:03:58,324 INFO [org.junit.Test] zero0085
2016-08-04 20:03:58,324 INFO [org.junit.Test] zero0086
2016-08-04 20:03:58,324 INFO [org.junit.Test] zero0087
2016-08-04 20:03:58,324 INFO [org.junit.Test] zero0088
2016-08-04 20:03:58,324 INFO [org.junit.Test] zero0089
2016-08-04 20:03:58,324 INFO [org.junit.Test] zero0090
2016-08-04 20:03:58,324 INFO [org.junit.Test] zero0091
2016-08-04 20:03:58,324 INFO [org.junit.Test] zero0092
2016-08-04 20:03:58,324 INFO [org.junit.Test] zero0093
2016-08-04 20:03:58,324 INFO [org.junit.Test] zero0094
2016-08-04 20:03:58,324 INFO [org.junit.Test] zero0095
2016-08-04 20:03:58,324 INFO [org.junit.Test] zero0096
2016-08-04 20:03:58,324 INFO [org.junit.Test] zero0097
2016-08-04 20:03:58,324 INFO [org.junit.Test] zero0098
2016-08-04 20:03:58,324 INFO [org.junit.Test] zero0099
2016-08-04 20:03:58,324 INFO [org.junit.Test] zero00100
2016-08-04 20:03:58,324 INFO [org.junit.Test] zero00101
2016-08-04 20:03:58,324 INFO [org.junit.Test] zero00102
2016-08-04 20:03:58,324 INFO [org.junit.Test] zero00103
2016-08-04 20:03:58,324 INFO [org.junit.Test] zero00104
2016-08-04 20:03:58,324 INFO [org.junit.Test] zero00105
2016-08-04 20:03:58,324 INFO [org.junit.Test] zero00106
2016-08-04 20:03:58,324 INFO [org.junit.Test] zero00107
2016-08-04 20:03:58,324 INFO [org.junit.Test] zero00108
2016-08-04 20:03:58,324 INFO [org.junit.Test] zero00109
2016-08-04 20:03:58,324 INFO [org.junit.Test] zero00110
2016-08-04 20:03:58,324 INFO [org.junit.Test] zero00111
2016-08-04 20:03:58,324 INFO [org.junit.Test] zero00112
2016-08-04 20:03:58,324 INFO [org.junit.Test] zero00113
2016-08-04 20:03:58,324 INFO [org.junit.Test] zero00114
2016-08-04 20:03:58,324 INFO [org.junit.Test] zero00115
2016-08-04 20:03:58,324 INFO [org.junit.Test] zero00116
2016-08-04 20:03:58,324 INFO [org.junit.Test] zero00117
2016-08-04 20:03:58,324 INFO [org.junit.Test] zero00118
2016-08-04 20:03:58,324 INFO [org.junit.Test] zero00119
2016-08-04 20:03:58,324 INFO [org.junit.Test] zero00120
2016-08-04 20:03:58,324 INFO [org.junit.Test] zero00121
2016-08-04 20:03:58,324 INFO [org.junit.Test] zero00122
2016-08-04 20:03:58,324 INFO [org.junit.Test] zero00123
2016-08-04 20:03:58,324 INFO [org.junit.Test] zero00124
2016-08-04 20:03:58,324 INFO [org.junit.Test] zero00125
2016-08-04 20:03:58,324 INFO [org.junit.Test] zero00126
2016-08-04 20:03:58,324 INFO [org.junit.Test] zero00127
2016-08-04 20:03:58,324 INFO [org.junit.Test] zero00128
2016-08-04 20:03:58,324 INFO [org.junit.Test] zero00129
2016-08-04 20:03:58,324 INFO [org.junit.Test] zero00130
2016-08-04 20:03:58,324 INFO [org.junit.Test] zero00131
2016-08-04 20:03:58,324 INFO [org.junit.Test] zero00132
2016-08-04 20:03:58,324 INFO [org.junit.Test] zero00133
2016-08-04 20:03:58,324 INFO [org.junit.Test] zero00134
2016-08-04 20:03:58,324 INFO [org.junit.Test] zero00135
2016-08-04 20:03:58,324 INFO [org.junit.Test] zero00136
2016-08-04 20:03:58,324 INFO [org.junit.Test] zero00137
2016-08-04 20:03:58,324 INFO [org.junit.Test] zero00138
2016-08-04 20:03:58,324 INFO [org.junit.Test] zero00139
2016-08-04 20:03:58,324 INFO [org.junit.Test] zero00140
2016-08-04 20:03:58,324 INFO [org.junit.Test] zero00141
2016-08-04 20:03:58,324 INFO [org.junit.Test] zero00142
2016-08-04 20:03:58,324 INFO [org.junit.Test] zero00143
2016-08-04 20:03:58,324 INFO [org.junit.Test] zero00144
2016-08-04 20:03:58,324 INFO [org.junit.Test] zero00145
2016-08-04 20:03:58,324 INFO [org.junit.Test] zero00146
2016-08-04 20:03:58,324 INFO [org.junit.Test] zero00147
2016-08-04 20:03:58,324 INFO [org.junit.Test] zero00148
2016-08-04 20:03:58,324 INFO [org.junit.Test] zero00149
2016-08-04 20:03:58,324 INFO [org.junit.Test] zero00150
2016-08-04 20:03:58,324 INFO [org.junit.Test] zero00151
2016-08-04 20:03:58,324 INFO [org.junit.Test] zero00152
2016-08-04 20:03:58,324 INFO [org.junit.Test] zero00153
2016-08-04 20:03:58,324 INFO [org.junit.Test] zero00154
2016-08-04 20:03:58,324 INFO [org.junit.Test] zero00155
2016-08-04 20:03:58,324 INFO [org.junit.Test] zero00156
2016-08-04 20:03:58,324 INFO [org.junit.Test] zero00157
2016-08-04 20:03:58,324 INFO [org.junit.Test] zero00158
2016-08-04 20:03:58,324 INFO [org.junit.Test] zero00159
2016-08-04 20:03:58,324 INFO [org.junit.Test] zero00160
2016-08-04 20:03:58,324 INFO [org.junit.Test] zero00161
2016-08-04 20:03:58,324 INFO [org.junit.Test] zero00162
2016-08-04 20:03:58,324 INFO [org.junit.Test] zero00163
2016-08-04 20:03:58,324 INFO [org.junit.Test] zero00164
2016-08-04 20:03:58,324 INFO [org.junit.Test] zero00165
2016-08-04 20:03:58,324 INFO [org.junit.Test] zero00166
2016-08-04 20:03:58,324 INFO [org.junit.Test] zero00167
2016-08-04 20:03:58,324 INFO [org.junit.Test] zero00168
2016-08-04 20:03:58,324 INFO [org.junit.Test] zero00169
2016-08-04 20:03:58,324 INFO [org.junit.Test] zero00170
2016-08-04 20:03:58,324 INFO [org.junit.Test] zero00171
2016-08-04 20:03:58,324 INFO [org.junit.Test] zero00172
2016-08-04 20:03:58,324 INFO [org.junit.Test] zero00173
2016-08-04 20:03:58,324 INFO [org.junit.Test] zero00174
2016-08-04 20:03:58,324 INFO [org.junit.Test] zero00175
2016-08-04 20:03:58,324 INFO [org.junit.Test] zero00176
2016-08-04 20:03:58,324 INFO [org.junit.Test] zero00177
2016-08-04 20:03:58,324 INFO [org.junit.Test] zero00178
2016-08-04 20:03:58,324 INFO [org.junit.Test] zero00179
2016-08-04 20:03:58,324 INFO [org.junit.Test] zero00180
2016-08-04 20:03:58,324 INFO [org.junit.Test] zero00181
2016-08-04 20:03:58,324 INFO [org.junit.Test] zero00182
2016-08-04 20:03:58,324 INFO [org.junit.Test] zero00183
2016-08-04 20:03:58,324 INFO [org.junit.Test] zero00184
2016-08-04 20:03:58,324 INFO [org.junit.Test] zero00185
2016-08-04 20:03:58,324 INFO [org.junit.Test] zero00186
2016-08-04 20:03:58,324 INFO [org.junit.Test] zero00187
2016-08-04 20:03:58,324 INFO [org.junit.Test] zero00188
2016-08-04 20:03:58,324 INFO [org.junit.Test] zero00189
2016-08-04 20:03:58,324 INFO [org.junit.Test] zero00190
2016-08-04 20:03:58,324 INFO [org.junit.Test] zero00191
2016-08-04 20:03:58,324 INFO [org.junit.Test] zero00192
2016-08-04 20:03:58,324 INFO [org.junit.Test] zero00193
2016-08-04 20:03:58,324 INFO [org.junit.Test] zero00194
2016-08-04 20:03:58,324 INFO [org.junit.Test] zero00195
2016-08-04 20:03:58,324 INFO [org.junit.Test] zero00196
2016-08-04 20:03:58,324 INFO [org.junit.Test] zero00197
2016-08-04 20:03:58,324 INFO [org.junit.Test] zero00198
2016-08-04 20:03:58,324 INFO [org.junit.Test] zero00199
2016-08-04 20:03:58,324 INFO [org.junit.Test] zero00200
2016-08-04 20:03:58,324 INFO [org.junit.Test] zero00201
2016-08-04 20:03:58,324 INFO [org.junit.Test] zero00202
2016-08-04 20:03:58,324 INFO [org.junit.Test] zero00203
2016-08-04 20:03:58,324 INFO [org.junit.Test] zero00204
2016-08-04 20:03:58,324 INFO [org.junit.Test] zero00205
2016-08-04 20:03:58,324 INFO [org.junit.Test] zero00206
2016-08-04 20:03:58,324 INFO [org.junit.Test] zero00207
2016-08-04 20:03:58,324 INFO [org.junit.Test] zero00208
2016-08-04 20:03:58,324 INFO [org.junit.Test] zero00209
2016-08-04 20:03:58,324 INFO [org.junit.Test] zero00210
2016-08-04 20:03:58,324 INFO [org.junit.Test] zero00211
2016-08-04 20:03:58,324 INFO [org.junit.Test] zero00212
2016-08-04 20:03:58,324 INFO [org.junit.Test] zero00213
2016-08-04 20:03:58,324 INFO [org.junit.Test] zero00214
2016-08-04 20:03:58,324 INFO [org.junit.Test] zero00215
2016-08-04 20:03:58,324 INFO [org.junit.Test] zero00216
2016-08-04 20:03:58,324 INFO [org.junit.Test] zero00217
2016-08-04 20:03:58,324 INFO [org.junit.Test] zero00218
2016-08-04 20:03:58,324 INFO [org.junit.Test] zero00219
2016-08-04 20:03:58,324 INFO [org.junit.Test] zero00220
2016-08-04 20:03:58,324 INFO [org.junit.Test] zero00221
2016-08-04 20:03:58,324 INFO [org.junit.Test] zero00222
2016-08-04 20:03:58,324 INFO [org.junit.Test] zero00223
2016-08-04 20:03:58,324 INFO [org.junit.Test] zero00224
2016-08-04 20:03:58,324 INFO [org.junit.Test] zero00225
2016-08-04 20:03:58,324 INFO [org.junit.Test] zero00226
2016-08-04 20:03:58,324 INFO [org.junit.Test] zero00227
2016-08-04 20:03:58,324 INFO [org.junit.Test] zero00228
2016-08-04 20:03:58,324 INFO [org.junit.Test] zero00229
2016-08-04 20:03:58,324 INFO [org.junit.Test] zero00230
2016-08-04 20:03:58,324 INFO [org.junit.Test] zero00231
2016-08-04 20:03:58,324 INFO [org.junit.Test] zero00232
2016-08-04 20:03:58,324 INFO [org.junit.Test] zero00233
2016-08-04 20:03:58,324 INFO [org.junit.Test] zero00234
2016-08-04 20:03:58,324 INFO [org.junit.Test] zero00235
2016-08-04 20:03:58,324 INFO [org.junit.Test] zero00236
2016-08-04 20:03:58,324 INFO [org.junit.Test] zero00237
2016-08-04 20:03:58,324 INFO [org.junit.Test] zero00238
2016-08-04 20:03:58,324 INFO [org.junit.Test] zero00239
2016-08-04 20:03:58,324 INFO [org.junit.Test] zero00240
2016-08-04 20:03:58,324 INFO [org.junit.Test] zero00241
2016-08-04 20:03:58,324 INFO [org.junit.Test] zero00242
2016-08-04 20:03:58,324 INFO [org.junit.Test] zero00243
2016-08-04 20:03:58,324 INFO [org.junit.Test] zero00244
2016-08-04 20:03:58,324 INFO [org.junit.Test] zero00245
2016-08-04 20:03:58,324 INFO [org.junit.Test] zero00246
2016-08-04 20:03:58,324 INFO [org.junit.Test] zero00247
2016-08-04 20:03:58,324 INFO [org.junit.Test] zero00248
2016-08-04 20:03:58,324 INFO [org.junit.Test] zero00249
2016-08-04 20:03:58,324 INFO [org.junit.Test] zero00250
2016-08-04 20:03:58,324 INFO [org.junit.Test] zero00251
2016-08-04 20:03:58,324 INFO [org.junit.Test] zero00252
2016-08-04 20:03:58,324 INFO [org.junit.Test] zero00253
2016-08-04 20:03:58,324 INFO [org.junit.Test] zero00254
2016-08-04 20:03:58,324 INFO [org.junit.Test] zero00255
2016-08-04 20:03:58,324 INFO [org.junit.Test] zero00256
2016-08-04 20:03:58,324 INFO [org.junit.Test] zero00257
2016-08-04 20:03:58,324 INFO [org.junit.Test] zero00258
2016-08-04 20:03:58,324 INFO [org.junit.Test] zero00259
2016-08-04 20:03:58,325 INFO [org.junit.Test] zero00260
2016-08-04 20:03:58,325 INFO [org.junit.Test] zero00261
2016-08-04 20:03:58,325 INFO [org.junit.Test] zero00262
2016-08-04 20:03:58,325 INFO [org.junit.Test] zero00263
2016-08-04 20:03:58,325 INFO [org.junit.Test] zero00264
2016-08-04 20:03:58,325 INFO [org.junit.Test] zero00265
2016-08-04 20:03:58,325 INFO [org.junit.Test] zero00266
2016-08-04 20:03:58,325 INFO [org.junit.Test] zero00267
2016-08-04 20:03:58,325 INFO [org.junit.Test] zero00268
2016-08-04 20:03:58,325 INFO [org.junit.Test] zero00269
2016-08-04 20:03:58,325 INFO [org.junit.Test] zero00270
2016-08-04 20:03:58,325 INFO [org.junit.Test] zero00271
2016-08-04 20:03:58,325 INFO [org.junit.Test] zero00272
2016-08-04 20:03:58,325 INFO [org.junit.Test] zero00273
2016-08-04 20:03:58,325 INFO [org.junit.Test] zero00274
2016-08-04 20:03:58,325 INFO [org.junit.Test] zero00275
2016-08-04 20:03:58,325 INFO [org.junit.Test] zero00276
2016-08-04 20:03:58,325 INFO [org.junit.Test] zero00277
2016-08-04 20:03:58,325 INFO [org.junit.Test] zero00278
2016-08-04 20:03:58,325 INFO [org.junit.Test] zero00279
2016-08-04 20:03:58,325 INFO [org.junit.Test] zero00280
2016-08-04 20:03:58,325 INFO [org.junit.Test] zero00281
2016-08-04 20:03:58,325 INFO [org.junit.Test] zero00282
2016-08-04 20:03:58,325 INFO [org.junit.Test] zero00283
2016-08-04 20:03:58,325 INFO [org.junit.Test] zero00284
2016-08-04 20:03:58,325 INFO [org.junit.Test] zero00285
2016-08-04 20:03:58,325 INFO [org.junit.Test] zero00286
2016-08-04 20:03:58,325 INFO [org.junit.Test] zero00287
2016-08-04 20:03:58,325 INFO [org.junit.Test] zero00288
2016-08-04 20:03:58,325 INFO [org.junit.Test] zero00289
2016-08-04 20:03:58,325 INFO [org.junit.Test] zero00290
2016-08-04 20:03:58,325 INFO [org.junit.Test] zero00291
2016-08-04 20:03:58,325 INFO [org.junit.Test] zero00292
2016-08-04 20:03:58,325 INFO [org.junit.Test] zero00293
2016-08-04 20:03:58,325 INFO [org.junit.Test] zero00294
2016-08-04 20:03:58,325 INFO [org.junit.Test] zero00295
2016-08-04 20:03:58,325 INFO [org.junit.Test] zero00296
2016-08-04 20:03:58,325 INFO [org.junit.Test] zero00297
2016-08-04 20:03:58,325 INFO [org.junit.Test] zero00298
2016-08-04 20:03:58,325 INFO [org.junit.Test] zero00299
2016-08-04 20:03:58,325 INFO [org.junit.Test] zero00300
2016-08-04 20:03:58,325 INFO [org.junit.Test] zero00301
2016-08-04 20:03:58,325 INFO [org.junit.Test] zero00302
2016-08-04 20:03:58,325 INFO [org.junit.Test] zero00303
2016-08-04 20:03:58,325 INFO [org.junit.Test] zero00304
2016-08-04 20:03:58,325 INFO [org.junit.Test] zero00305
2016-08-04 20:03:58,325 INFO [org.junit.Test] zero00306
2016-08-04 20:03:58,325 INFO [org.junit.Test] zero00307
2016-08-04 20:03:58,325 INFO [org.junit.Test] zero00308
2016-08-04 20:03:58,325 INFO [org.junit.Test] zero00309
2016-08-04 20:03:58,325 INFO [org.junit.Test] zero00310
2016-08-04 20:03:58,325 INFO [org.junit.Test] zero00311
2016-08-04 20:03:58,325 INFO [org.junit.Test] zero00312
2016-08-04 20:03:58,325 INFO [org.junit.Test] zero00313
2016-08-04 20:03:58,325 INFO [org.junit.Test] zero00314
2016-08-04 20:03:58,325 INFO [org.junit.Test] zero00315
2016-08-04 20:03:58,325 INFO [org.junit.Test] zero00316
2016-08-04 20:03:58,325 INFO [org.junit.Test] zero00317
2016-08-04 20:03:58,325 INFO [org.junit.Test] zero00318
2016-08-04 20:03:58,325 INFO [org.junit.Test] zero00319
2016-08-04 20:03:58,325 INFO [org.junit.Test] zero00320
2016-08-04 20:03:58,325 INFO [org.junit.Test] zero00321
2016-08-04 20:03:58,325 INFO [org.junit.Test] zero00322
2016-08-04 20:03:58,325 INFO [org.junit.Test] zero00323
2016-08-04 20:03:58,325 INFO [org.junit.Test] zero00324
2016-08-04 20:03:58,325 INFO [org.junit.Test] zero00325
2016-08-04 20:03:58,325 INFO [org.junit.Test] zero00326
2016-08-04 20:03:58,325 INFO [org.junit.Test] zero00327
2016-08-04 20:03:58,325 INFO [org.junit.Test] zero00328
2016-08-04 20:03:58,325 INFO [org.junit.Test] zero00329
2016-08-04 20:03:58,325 INFO [org.junit.Test] zero00330
2016-08-04 20:03:58,325 INFO [org.junit.Test] zero00331
2016-08-04 20:03:58,325 INFO [org.junit.Test] zero00332
2016-08-04 20:03:58,325 INFO [org.junit.Test] zero00333
2016-08-04 20:03:58,325 INFO [org.junit.Test] zero00334
2016-08-04 20:03:58,325 INFO [org.junit.Test] zero00335
2016-08-04 20:03:58,325 INFO [org.junit.Test] zero00336
2016-08-04 20:03:58,325 INFO [org.junit.Test] zero00337
2016-08-04 20:03:58,325 INFO [org.junit.Test] zero00338
2016-08-04 20:03:58,325 INFO [org.junit.Test] zero00339
2016-08-04 20:03:58,325 INFO [org.junit.Test] zero00340
2016-08-04 20:03:58,325 INFO [org.junit.Test] zero00341
2016-08-04 20:03:58,325 INFO [org.junit.Test] zero00342
2016-08-04 20:03:58,325 INFO [org.junit.Test] zero00343
2016-08-04 20:03:58,325 INFO [org.junit.Test] zero00344
2016-08-04 20:03:58,325 INFO [org.junit.Test] zero00345
2016-08-04 20:03:58,325 INFO [org.junit.Test] zero00346
2016-08-04 20:03:58,325 INFO [org.junit.Test] zero00347
2016-08-04 20:03:58,325 INFO [org.junit.Test] zero00348
2016-08-04 20:03:58,325 INFO [org.junit.Test] zero00349
2016-08-04 20:03:58,325 INFO [org.junit.Test] zero00350
2016-08-04 20:03:58,325 INFO [org.junit.Test] zero00351
2016-08-04 20:03:58,325 INFO [org.junit.Test] zero00352
2016-08-04 20:03:58,325 INFO [org.junit.Test] zero00353
2016-08-04 20:03:58,325 INFO [org.junit.Test] zero00354
2016-08-04 20:03:58,325 INFO [org.junit.Test] zero00355
2016-08-04 20:03:58,325 INFO [org.junit.Test] zero00356
2016-08-04 20:03:58,325 INFO [org.junit.Test] zero00357
2016-08-04 20:03:58,325 INFO [org.junit.Test] zero00358
2016-08-04 20:03:58,325 INFO [org.junit.Test] zero00359
2016-08-04 20:03:58,325 INFO [org.junit.Test] zero00360
2016-08-04 20:03:58,325 INFO [org.junit.Test] zero00361
2016-08-04 20:03:58,325 INFO [org.junit.Test] zero00362
2016-08-04 20:03:58,325 INFO [org.junit.Test] zero00363
2016-08-04 20:03:58,325 INFO [org.junit.Test] zero00364
2016-08-04 20:03:58,325 INFO [org.junit.Test] zero00365
2016-08-04 20:03:58,325 INFO [org.junit.Test] zero00366
2016-08-04 20:03:58,325 INFO [org.junit.Test] zero00367
2016-08-04 20:03:58,325 INFO [org.junit.Test] zero00368
2016-08-04 20:03:58,325 INFO [org.junit.Test] zero00369
2016-08-04 20:03:58,325 INFO [org.junit.Test] zero00370
2016-08-04 20:03:58,325 INFO [org.junit.Test] zero00371
2016-08-04 20:03:58,325 INFO [org.junit.Test] zero00372
2016-08-04 20:03:58,325 INFO [org.junit.Test] zero00373
2016-08-04 20:03:58,325 INFO [org.junit.Test] zero00374
2016-08-04 20:03:58,325 INFO [org.junit.Test] zero00375
2016-08-04 20:03:58,325 INFO [org.junit.Test] zero00376
2016-08-04 20:03:58,325 INFO [org.junit.Test] zero00377
2016-08-04 20:03:58,325 INFO [org.junit.Test] zero00378
2016-08-04 20:03:58,325 INFO [org.junit.Test] zero00379
2016-08-04 20:03:58,325 INFO [org.junit.Test] zero00380
2016-08-04 20:03:58,325 INFO [org.junit.Test] zero00381
2016-08-04 20:03:58,325 INFO [org.junit.Test] zero00382
2016-08-04 20:03:58,325 INFO [org.junit.Test] zero00383
2016-08-04 20:03:58,325 INFO [org.junit.Test] zero00384
2016-08-04 20:03:58,325 INFO [org.junit.Test] zero00385
2016-08-04 20:03:58,325 INFO [org.junit.Test] zero00386
2016-08-04 20:03:58,325 INFO [org.junit.Test] zero00387
2016-08-04 20:03:58,325 INFO [org.junit.Test] zero00388
2016-08-04 20:03:58,325 INFO [org.junit.Test] zero00389
2016-08-04 20:03:58,325 INFO [org.junit.Test] zero00390
2016-08-04 20:03:58,325 INFO [org.junit.Test] zero00391
2016-08-04 20:03:58,325 INFO [org.junit.Test] zero00392
2016-08-04 20:03:58,325 INFO [org.junit.Test] zero00393
2016-08-04 20:03:58,325 INFO [org.junit.Test] zero00394
2016-08-04 20:03:58,325 INFO [org.junit.Test] zero00395
2016-08-04 20:03:58,325 INFO [org.junit.Test] zero00396
2016-08-04 20:03:58,325 INFO [org.junit.Test] zero00397
2016-08-04 20:03:58,325 INFO [org.junit.Test] zero00398
2016-08-04 20:03:58,325 INFO [org.junit.Test] zero00399
2016-08-04 20:03:58,325 INFO [org.junit.Test] zero00400
2016-08-04 20:03:58,325 INFO [org.junit.Test] zero00401
2016-08-04 20:03:58,325 INFO [org.junit.Test] zero00402
2016-08-04 20:03:58,325 INFO [org.junit.Test] zero00403
2016-08-04 20:03:58,325 INFO [org.junit.Test] zero00404
2016-08-04 20:03:58,325 INFO [org.junit.Test] zero00405
2016-08-04 20:03:58,325 INFO [org.junit.Test] zero00406
2016-08-04 20:03:58,325 INFO [org.junit.Test] zero00407
2016-08-04 20:03:58,325 INFO [org.junit.Test] zero00408
2016-08-04 20:03:58,325 INFO [org.junit.Test] zero00409
2016-08-04 20:03:58,325 INFO [org.junit.Test] zero00410
2016-08-04 20:03:58,325 INFO [org.junit.Test] zero00411
2016-08-04 20:03:58,325 INFO [org.junit.Test] zero00412
2016-08-04 20:03:58,325 INFO [org.junit.Test] zero00413
2016-08-04 20:03:58,325 INFO [org.junit.Test] zero00414
2016-08-04 20:03:58,325 INFO [org.junit.Test] zero00415
2016-08-04 20:03:58,325 INFO [org.junit.Test] zero00416
2016-08-04 20:03:58,325 INFO [org.junit.Test] zero00417
2016-08-04 20:03:58,325 INFO [org.junit.Test] zero00418
2016-08-04 20:03:58,325 INFO [org.junit.Test] zero00419
2016-08-04 20:03:58,325 INFO [org.junit.Test] zero00420
2016-08-04 20:03:58,325 INFO [org.junit.Test] zero00421
2016-08-04 20:03:58,325 INFO [org.junit.Test] zero00422
2016-08-04 20:03:58,325 INFO [org.junit.Test] zero00423
2016-08-04 20:03:58,325 INFO [org.junit.Test] zero00424
2016-08-04 20:03:58,325 INFO [org.junit.Test] zero00425
2016-08-04 20:03:58,325 INFO [org.junit.Test] zero00426
2016-08-04 20:03:58,325 INFO [org.junit.Test] zero00427
2016-08-04 20:03:58,325 INFO [org.junit.Test] zero00428
2016-08-04 20:03:58,325 INFO [org.junit.Test] zero00429
2016-08-04 20:03:58,325 INFO [org.junit.Test] zero00430
2016-08-04 20:03:58,325 INFO [org.junit.Test] zero00431
2016-08-04 20:03:58,325 INFO [org.junit.Test] zero00432
2016-08-04 20:03:58,325 INFO [org.junit.Test] zero00433
2016-08-04 20:03:58,325 INFO [org.junit.Test] zero00434
2016-08-04 20:03:58,325 INFO [org.junit.Test] zero00435
2016-08-04 20:03:58,325 INFO [org.junit.Test] zero00436
2016-08-04 20:03:58,325 INFO [org.junit.Test] zero00437
2016-08-04 20:03:58,325 INFO [org.junit.Test] zero00438
2016-08-04 20:03:58,325 INFO [org.junit.Test] zero00439
2016-08-04 20:03:58,325 INFO [org.junit.Test] zero00440
2016-08-04 20:03:58,325 INFO [org.junit.Test] zero00441
2016-08-04 20:03:58,325 INFO [org.junit.Test] zero00442
2016-08-04 20:03:58,325 INFO [org.junit.Test] zero00443
2016-08-04 20:03:58,325 INFO [org.junit.Test] zero00444
2016-08-04 20:03:58,325 INFO [org.junit.Test] zero00445
2016-08-04 20:03:58,325 INFO [org.junit.Test] zero00446
2016-08-04 20:03:58,325 INFO [org.junit.Test] zero00447
2016-08-04 20:03:58,325 INFO [org.junit.Test] zero00448
2016-08-04 20:03:58,325 INFO [org.junit.Test] zero00449
2016-08-04 20:03:58,325 INFO [org.junit.Test] zero00450
2016-08-04 20:03:58,325 INFO [org.junit.Test] zero00451
2016-08-04 20:03:58,325 INFO [org.junit.Test] zero00452
2016-08-04 20:03:58,325 INFO [org.junit.Test] zero00453
2016-08-04 20:03:58,325 INFO [org.junit.Test] zero00454
2016-08-04 20:03:58,325 INFO [org.junit.Test] zero00455
2016-08-04 20:03:58,325 INFO [org.junit.Test] zero00456
2016-08-04 20:03:58,325 INFO [org.junit.Test] zero00457
2016-08-04 20:03:58,325 INFO [org.junit.Test] zero00458
2016-08-04 20:03:58,325 INFO [org.junit.Test] zero00459
2016-08-04 20:03:58,325 INFO [org.junit.Test] zero00460
2016-08-04 20:03:58,325 INFO [org.junit.Test] zero00461
2016-08-04 20:03:58,325 INFO [org.junit.Test] zero00462
2016-08-04 20:03:58,325 INFO [org.junit.Test] zero00463
2016-08-04 20:03:58,325 INFO [org.junit.Test] zero00464
2016-08-04 20:03:58,325 INFO [org.junit.Test] zero00465
2016-08-04 20:03:58,325 INFO [org.junit.Test] zero00466
2016-08-04 20:03:58,325 INFO [org.junit.Test] zero00467
2016-08-04 20:03:58,325 INFO [org.junit.Test] zero00468
2016-08-04 20:03:58,325 INFO [org.junit.Test] zero00469
2016-08-04 20:03:58,325 INFO [org.junit.Test] zero00470
2016-08-04 20:03:58,325 INFO [org.junit.Test] zero00471
2016-08-04 20:03:58,325 INFO [org.junit.Test] zero00472
2016-08-04 20:03:58,325 INFO [org.junit.Test] zero00473
2016-08-04 20:03:58,325 INFO [org.junit.Test] zero00474
2016-08-04 20:03:58,325 INFO [org.junit.Test] zero00475
2016-08-04 20:03:58,325 INFO [org.junit.Test] zero00476
2016-08-04 20:03:58,325 INFO [org.junit.Test] zero00477
2016-08-04 20:03:58,325 INFO [org.junit.Test] zero00478
2016-08-04 20:03:58,325 INFO [org.junit.Test] zero00479
2016-08-04 20:03:58,325 INFO [org.junit.Test] zero00480
2016-08-04 20:03:58,325 INFO [org.junit.Test] zero00481
2016-08-04 20:03:58,325 INFO [org.junit.Test] zero00482
2016-08-04 20:03:58,325 INFO [org.junit.Test] zero00483
2016-08-04 20:03:58,325 INFO [org.junit.Test] zero00484
2016-08-04 20:03:58,325 INFO [org.junit.Test] zero00485
2016-08-04 20:03:58,325 INFO [org.junit.Test] zero00486
2016-08-04 20:03:58,325 INFO [org.junit.Test] zero00487
2016-08-04 20:03:58,325 INFO [org.junit.Test] zero00488
2016-08-04 20:03:58,325 INFO [org.junit.Test] zero00489
2016-08-04 20:03:58,325 INFO [org.junit.Test] zero00490
2016-08-04 20:03:58,325 INFO [org.junit.Test] zero00491
2016-08-04 20:03:58,325 INFO [org.junit.Test] zero00492
2016-08-04 20:03:58,325 INFO [org.junit.Test] zero00493
2016-08-04 20:03:58,325 INFO [org.junit.Test] zero00494
2016-08-04 20:03:58,325 INFO [org.junit.Test] zero00495
2016-08-04 20:03:58,325 INFO [org.junit.Test] zero00496
2016-08-04 20:03:58,325 INFO [org.junit.Test] zero00497
2016-08-04 20:03:58,325 INFO [org.junit.Test] zero00498
2016-08-04 20:03:58,325 INFO [org.junit.Test] zero00499
2016-08-04 20:03:58,325 INFO [org.junit.Test] zero00500
2016-08-04 20:03:58,325 INFO [org.junit.Test] zero00501
2016-08-04 20:03:58,325 INFO [org.junit.Test] zero00502
2016-08-04 20:03:58,325 INFO [org.junit.Test] zero00503
2016-08-04 20:03:58,325 INFO [org.junit.Test] zero00504
2016-08-04 20:03:58,325 INFO [org.junit.Test] zero00505
2016-08-04 20:03:58,325 INFO [org.junit.Test] zero00506
2016-08-04 20:03:58,325 INFO [org.junit.Test] zero00507
2016-08-04 20:03:58,325 INFO [org.junit.Test] zero00508
2016-08-04 20:03:58,325 INFO [org.junit.Test] zero00509
2016-08-04 20:03:58,325 INFO [org.junit.Test] zero00510
2016-08-04 20:03:58,325 INFO [org.junit.Test] zero00511
2016-08-04 20:03:58,325 INFO [org.junit.Test] zero00512
2016-08-04 20:03:58,325 INFO [org.junit.Test] zero00513
2016-08-04 20:03:58,325 INFO [org.junit.Test] zero00514
2016-08-04 20:03:58,325 INFO [org.junit.Test] zero00515
2016-08-04 20:03:58,325 INFO [org.junit.Test] zero00516
2016-08-04 20:03:58,325 INFO [org.junit.Test] zero00517
2016-08-04 20:03:58,325 INFO [org.junit.Test] zero00518
2016-08-04 20:03:58,325 INFO [org.junit.Test] zero00519
2016-08-04 20:03:58,325 INFO [org.junit.Test] zero00520
2016-08-04 20:03:58,325 INFO [org.junit.Test] zero00521
2016-08-04 20:03:58,325 INFO [org.junit.Test] zero00522
2016-08-04 20:03:58,325 INFO [org.junit.Test] zero00523
2016-08-04 20:03:58,325 INFO [org.junit.Test] zero00524
2016-08-04 20:03:58,325 INFO [org.junit.Test] zero00525
2016-08-04 20:03:58,325 INFO [org.junit.Test] zero00526
2016-08-04 20:03:58,325 INFO [org.junit.Test] zero00527
2016-08-04 20:03:58,325 INFO [org.junit.Test] zero00528
2016-08-04 20:03:58,325 INFO [org.junit.Test] zero00529
2016-08-04 20:03:58,325 INFO [org.junit.Test] zero00530
2016-08-04 20:03:58,325 INFO [org.junit.Test] zero00531
2016-08-04 20:03:58,325 INFO [org.junit.Test] zero00532
2016-08-04 20:03:58,325 INFO [org.junit.Test] zero00533
2016-08-04 20:03:58,325 INFO [org.junit.Test] zero00534
2016-08-04 20:03:58,325 INFO [org.junit.Test] zero00535
2016-08-04 20:03:58,325 INFO [org.junit.Test] zero00536
2016-08-04 20:03:58,325 INFO [org.junit.Test] zero00537
2016-08-04 20:03:58,325 INFO [org.junit.Test] zero00538
2016-08-04 20:03:58,325 INFO [org.junit.Test] zero00539
2016-08-04 20:03:58,325 INFO [org.junit.Test] zero00540
2016-08-04 20:03:58,325 INFO [org.junit.Test] zero00541
2016-08-04 20:03:58,325 INFO [org.junit.Test] zero00542
2016-08-04 20:03:58,325 INFO [org.junit.Test] zero00543
2016-08-04 20:03:58,325 INFO [org.junit.Test] zero00544
2016-08-04 20:03:58,325 INFO [org.junit.Test] zero00545
2016-08-04 20:03:58,325 INFO [org.junit.Test] zero00546
2016-08-04 20:03:58,325 INFO [org.junit.Test] zero00547
2016-08-04 20:03:58,325 INFO [org.junit.Test] zero00548
2016-08-04 20:03:58,325 INFO [org.junit.Test] zero00549
2016-08-04 20:03:58,325 INFO [org.junit.Test] zero00550
2016-08-04 20:03:58,325 INFO [org.junit.Test] zero00551
2016-08-04 20:03:58,325 INFO [org.junit.Test] zero00552
2016-08-04 20:03:58,325 INFO [org.junit.Test] zero00553
2016-08-04 20:03:58,325 INFO [org.junit.Test] zero00554
2016-08-04 20:03:58,325 INFO [org.junit.Test] zero00555
2016-08-04 20:03:58,325 INFO [org.junit.Test] zero00556
2016-08-04 20:03:58,325 INFO [org.junit.Test] zero00557
2016-08-04 20:03:58,325 INFO [org.junit.Test] zero00558
2016-08-04 20:03:58,325 INFO [org.junit.Test] zero00559
2016-08-04 20:03:58,325 INFO [org.junit.Test] zero00560
2016-08-04 20:03:58,325 INFO [org.junit.Test] zero00561
2016-08-04 20:03:58,325 INFO [org.junit.Test] zero00562
2016-08-04 20:03:58,325 INFO [org.junit.Test] zero00563
2016-08-04 20:03:58,325 INFO [org.junit.Test] zero00564
2016-08-04 20:03:58,325 INFO [org.junit.Test] zero00565
2016-08-04 20:03:58,326 INFO [org.junit.Test] zero00566
2016-08-04 20:03:58,326 INFO [org.junit.Test] zero00567
2016-08-04 20:03:58,326 INFO [org.junit.Test] zero00568
2016-08-04 20:03:58,326 INFO [org.junit.Test] zero00569
2016-08-04 20:03:58,326 INFO [org.junit.Test] zero00570
2016-08-04 20:03:58,326 INFO [org.junit.Test] zero00571
2016-08-04 20:03:58,326 INFO [org.junit.Test] zero00572
2016-08-04 20:03:58,326 INFO [org.junit.Test] zero00573
2016-08-04 20:03:58,326 INFO [org.junit.Test] zero00574
2016-08-04 20:03:58,326 INFO [org.junit.Test] zero00575
2016-08-04 20:03:58,326 INFO [org.junit.Test] zero00576
2016-08-04 20:03:58,326 INFO [org.junit.Test] zero00577
2016-08-04 20:03:58,326 INFO [org.junit.Test] zero00578
2016-08-04 20:03:58,326 INFO [org.junit.Test] zero00579
2016-08-04 20:03:58,326 INFO [org.junit.Test] zero00580
2016-08-04 20:03:58,326 INFO [org.junit.Test] zero00581
2016-08-04 20:03:58,326 INFO [org.junit.Test] zero00582
2016-08-04 20:03:58,326 INFO [org.junit.Test] zero00583
2016-08-04 20:03:58,326 INFO [org.junit.Test] zero00584
2016-08-04 20:03:58,326 INFO [org.junit.Test] zero00585
2016-08-04 20:03:58,326 INFO [org.junit.Test] zero00586
2016-08-04 20:03:58,326 INFO [org.junit.Test] zero00587
2016-08-04 20:03:58,326 INFO [org.junit.Test] zero00588
2016-08-04 20:03:58,326 INFO [org.junit.Test] zero00589
2016-08-04 20:03:58,326 INFO [org.junit.Test] zero00590
2016-08-04 20:03:58,326 INFO [org.junit.Test] zero00591
2016-08-04 20:03:58,326 INFO [org.junit.Test] zero00592
2016-08-04 20:03:58,326 INFO [org.junit.Test] zero00593
2016-08-04 20:03:58,326 INFO [org.junit.Test] zero00594
2016-08-04 20:03:58,326 INFO [org.junit.Test] zero00595
2016-08-04 20:03:58,326 INFO [org.junit.Test] zero00596
2016-08-04 20:03:58,326 INFO [org.junit.Test] zero00597
2016-08-04 20:03:58,326 INFO [org.junit.Test] zero00598
2016-08-04 20:03:58,326 INFO [org.junit.Test] zero00599
2016-08-04 20:03:58,326 INFO [org.junit.Test] zero00600
2016-08-04 20:03:58,326 INFO [org.junit.Test] zero00601
2016-08-04 20:03:58,326 INFO [org.junit.Test] zero00602
2016-08-04 20:03:58,326 INFO [org.junit.Test] zero00603
2016-08-04 20:03:58,326 INFO [org.junit.Test] zero00604
2016-08-04 20:03:58,326 INFO [org.junit.Test] zero00605
2016-08-04 20:03:58,326 INFO [org.junit.Test] zero00606
2016-08-04 20:03:58,326 INFO [org.junit.Test] zero00607
2016-08-04 20:03:58,326 INFO [org.junit.Test] zero00608
2016-08-04 20:03:58,326 INFO [org.junit.Test] zero00609
2016-08-04 20:03:58,326 INFO [org.junit.Test] zero00610
2016-08-04 20:03:58,326 INFO [org.junit.Test] zero00611
2016-08-04 20:03:58,326 INFO [org.junit.Test] zero00612
2016-08-04 20:03:58,326 INFO [org.junit.Test] zero00613
2016-08-04 20:03:58,326 INFO [org.junit.Test] zero00614
2016-08-04 20:03:58,326 INFO [org.junit.Test] zero00615
2016-08-04 20:03:58,326 INFO [org.junit.Test] zero00616
2016-08-04 20:03:58,326 INFO [org.junit.Test] zero00617
2016-08-04 20:03:58,326 INFO [org.junit.Test] zero00618
2016-08-04 20:03:58,326 INFO [org.junit.Test] zero00619
2016-08-04 20:03:58,326 INFO [org.junit.Test] zero00620
2016-08-04 20:03:58,326 INFO [org.junit.Test] zero00621
2016-08-04 20:03:58,326 INFO [org.junit.Test] zero00622
2016-08-04 20:03:58,326 INFO [org.junit.Test] zero00623
2016-08-04 20:03:58,326 INFO [org.junit.Test] zero00624
2016-08-04 20:03:58,326 INFO [org.junit.Test] zero00625
2016-08-04 20:03:58,326 INFO [org.junit.Test] zero00626
2016-08-04 20:03:58,326 INFO [org.junit.Test] zero00627
2016-08-04 20:03:58,326 INFO [org.junit.Test] zero00628
2016-08-04 20:03:58,326 INFO [org.junit.Test] zero00629
2016-08-04 20:03:58,326 INFO [org.junit.Test] zero00630
2016-08-04 20:03:58,326 INFO [org.junit.Test] zero00631
2016-08-04 20:03:58,326 INFO [org.junit.Test] zero00632
2016-08-04 20:03:58,326 INFO [org.junit.Test] zero00633
2016-08-04 20:03:58,326 INFO [org.junit.Test] zero00634
2016-08-04 20:03:58,326 INFO [org.junit.Test] zero00635
2016-08-04 20:03:58,326 INFO [org.junit.Test] zero00636
2016-08-04 20:03:58,326 INFO [org.junit.Test] zero00637
2016-08-04 20:03:58,326 INFO [org.junit.Test] zero00638
2016-08-04 20:03:58,326 INFO [org.junit.Test] zero00639
2016-08-04 20:03:58,326 INFO [org.junit.Test] zero00640
2016-08-04 20:03:58,326 INFO [org.junit.Test] zero00641
2016-08-04 20:03:58,326 INFO [org.junit.Test] zero00642
2016-08-04 20:03:58,326 INFO [org.junit.Test] zero00643
2016-08-04 20:03:58,326 INFO [org.junit.Test] zero00644
2016-08-04 20:03:58,326 INFO [org.junit.Test] zero00645
2016-08-04 20:03:58,326 INFO [org.junit.Test] zero00646
2016-08-04 20:03:58,326 INFO [org.junit.Test] zero00647
2016-08-04 20:03:58,326 INFO [org.junit.Test] zero00648
2016-08-04 20:03:58,326 INFO [org.junit.Test] zero00649
2016-08-04 20:03:58,326 INFO [org.junit.Test] zero00650
2016-08-04 20:03:58,326 INFO [org.junit.Test] zero00651
2016-08-04 20:03:58,326 INFO [org.junit.Test] zero00652
2016-08-04 20:03:58,326 INFO [org.junit.Test] zero00653
2016-08-04 20:03:58,326 INFO [org.junit.Test] zero00654
2016-08-04 20:03:58,326 INFO [org.junit.Test] zero00655
2016-08-04 20:03:58,326 INFO [org.junit.Test] zero00656
2016-08-04 20:03:58,326 INFO [org.junit.Test] zero00657
2016-08-04 20:03:58,326 INFO [org.junit.Test] zero00658
2016-08-04 20:03:58,326 INFO [org.junit.Test] zero00659
2016-08-04 20:03:58,326 INFO [org.junit.Test] zero00660
2016-08-04 20:03:58,326 INFO [org.junit.Test] zero00661
2016-08-04 20:03:58,326 INFO [org.junit.Test] zero00662
2016-08-04 20:03:58,326 INFO [org.junit.Test] zero00663
2016-08-04 20:03:58,326 INFO [org.junit.Test] zero00664
2016-08-04 20:03:58,326 INFO [org.junit.Test] zero00665
2016-08-04 20:03:58,326 INFO [org.junit.Test] zero00666
2016-08-04 20:03:58,326 INFO [org.junit.Test] zero00667
2016-08-04 20:03:58,326 INFO [org.junit.Test] zero00668
2016-08-04 20:03:58,326 INFO [org.junit.Test] zero00669
2016-08-04 20:03:58,326 INFO [org.junit.Test] zero00670
2016-08-04 20:03:58,326 INFO [org.junit.Test] zero00671
2016-08-04 20:03:58,326 INFO [org.junit.Test] zero00672
2016-08-04 20:03:58,326 INFO [org.junit.Test] zero00673
2016-08-04 20:03:58,326 INFO [org.junit.Test] zero00674
2016-08-04 20:03:58,326 INFO [org.junit.Test] zero00675
2016-08-04 20:03:58,326 INFO [org.junit.Test] zero00676
2016-08-04 20:03:58,326 INFO [org.junit.Test] zero00677
2016-08-04 20:03:58,326 INFO [org.junit.Test] zero00678
2016-08-04 20:03:58,326 INFO [org.junit.Test] zero00679
2016-08-04 20:03:58,326 INFO [org.junit.Test] zero00680
2016-08-04 20:03:58,326 INFO [org.junit.Test] zero00681
2016-08-04 20:03:58,326 INFO [org.junit.Test] zero00682
2016-08-04 20:03:58,326 INFO [org.junit.Test] zero00683
2016-08-04 20:03:58,326 INFO [org.junit.Test] zero00684
2016-08-04 20:03:58,326 INFO [org.junit.Test] zero00685
2016-08-04 20:03:58,326 INFO [org.junit.Test] zero00686
2016-08-04 20:03:58,326 INFO [org.junit.Test] zero00687
2016-08-04 20:03:58,326 INFO [org.junit.Test] zero00688
2016-08-04 20:03:58,326 INFO [org.junit.Test] zero00689
2016-08-04 20:03:58,326 INFO [org.junit.Test] zero00690
2016-08-04 20:03:58,326 INFO [org.junit.Test] zero00691
2016-08-04 20:03:58,326 INFO [org.junit.Test] zero00692
2016-08-04 20:03:58,326 INFO [org.junit.Test] zero00693
2016-08-04 20:03:58,326 INFO [org.junit.Test] zero00694
2016-08-04 20:03:58,326 INFO [org.junit.Test] zero00695
2016-08-04 20:03:58,326 INFO [org.junit.Test] zero00696
2016-08-04 20:03:58,326 INFO [org.junit.Test] zero00697
2016-08-04 20:03:58,326 INFO [org.junit.Test] zero00698
2016-08-04 20:03:58,326 INFO [org.junit.Test] zero00699
2016-08-04 20:03:58,326 INFO [org.junit.Test] zero00700
2016-08-04 20:03:58,326 INFO [org.junit.Test] zero00701
2016-08-04 20:03:58,326 INFO [org.junit.Test] zero00702
2016-08-04 20:03:58,326 INFO [org.junit.Test] zero00703
2016-08-04 20:03:58,326 INFO [org.junit.Test] zero00704
2016-08-04 20:03:58,326 INFO [org.junit.Test] zero00705
2016-08-04 20:03:58,326 INFO [org.junit.Test] zero00706
2016-08-04 20:03:58,326 INFO [org.junit.Test] zero00707
2016-08-04 20:03:58,326 INFO [org.junit.Test] zero00708
2016-08-04 20:03:58,326 INFO [org.junit.Test] zero00709
2016-08-04 20:03:58,326 INFO [org.junit.Test] zero00710
2016-08-04 20:03:58,326 INFO [org.junit.Test] zero00711
2016-08-04 20:03:58,326 INFO [org.junit.Test] zero00712
2016-08-04 20:03:58,326 INFO [org.junit.Test] zero00713
2016-08-04 20:03:58,326 INFO [org.junit.Test] zero00714
2016-08-04 20:03:58,326 INFO [org.junit.Test] zero00715
2016-08-04 20:03:58,326 INFO [org.junit.Test] zero00716
2016-08-04 20:03:58,326 INFO [org.junit.Test] zero00717
2016-08-04 20:03:58,326 INFO [org.junit.Test] zero00718
2016-08-04 20:03:58,326 INFO [org.junit.Test] zero00719
2016-08-04 20:03:58,326 INFO [org.junit.Test] zero00720
2016-08-04 20:03:58,326 INFO [org.junit.Test] zero00721
2016-08-04 20:03:58,326 INFO [org.junit.Test] zero00722
2016-08-04 20:03:58,326 INFO [org.junit.Test] zero00723
2016-08-04 20:03:58,326 INFO [org.junit.Test] zero00724
2016-08-04 20:03:58,326 INFO [org.junit.Test] zero00725
2016-08-04 20:03:58,326 INFO [org.junit.Test] zero00726
2016-08-04 20:03:58,326 INFO [org.junit.Test] zero00727
2016-08-04 20:03:58,326 INFO [org.junit.Test] zero00728
2016-08-04 20:03:58,326 INFO [org.junit.Test] zero00729
2016-08-04 20:03:58,326 INFO [org.junit.Test] zero00730
2016-08-04 20:03:58,326 INFO [org.junit.Test] zero00731
2016-08-04 20:03:58,326 INFO [org.junit.Test] zero00732
2016-08-04 20:03:58,326 INFO [org.junit.Test] zero00733
2016-08-04 20:03:58,326 INFO [org.junit.Test] zero00734
2016-08-04 20:03:58,326 INFO [org.junit.Test] zero00735
2016-08-04 20:03:58,326 INFO [org.junit.Test] zero00736
2016-08-04 20:03:58,326 INFO [org.junit.Test] zero00737
2016-08-04 20:03:58,326 INFO [org.junit.Test] zero00738
2016-08-04 20:03:58,326 INFO [org.junit.Test] zero00739
2016-08-04 20:03:58,326 INFO [org.junit.Test] zero00740
2016-08-04 20:03:58,326 INFO [org.junit.Test] zero00741
2016-08-04 20:03:58,326 INFO [org.junit.Test] zero00742
2016-08-04 20:03:58,326 INFO [org.junit.Test] zero00743
2016-08-04 20:03:58,326 INFO [org.junit.Test] zero00744
2016-08-04 20:03:58,326 INFO [org.junit.Test] zero00745
2016-08-04 20:03:58,326 INFO [org.junit.Test] zero00746
2016-08-04 20:03:58,326 INFO [org.junit.Test] zero00747
2016-08-04 20:03:58,326 INFO [org.junit.Test] zero00748
2016-08-04 20:03:58,326 INFO [org.junit.Test] zero00749
2016-08-04 20:03:58,326 INFO [org.junit.Test] zero00750
2016-08-04 20:03:58,326 INFO [org.junit.Test] zero00751
2016-08-04 20:03:58,326 INFO [org.junit.Test] zero00752
2016-08-04 20:03:58,326 INFO [org.junit.Test] zero00753
2016-08-04 20:03:58,326 INFO [org.junit.Test] zero00754
2016-08-04 20:03:58,326 INFO [org.junit.Test] zero00755
2016-08-04 20:03:58,326 INFO [org.junit.Test] zero00756
2016-08-04 20:03:58,326 INFO [org.junit.Test] zero00757
2016-08-04 20:03:58,326 INFO [org.junit.Test] zero00758
2016-08-04 20:03:58,326 INFO [org.junit.Test] zero00759
2016-08-04 20:03:58,326 INFO [org.junit.Test] zero00760
2016-08-04 20:03:58,326 INFO [org.junit.Test] zero00761
2016-08-04 20:03:58,326 INFO [org.junit.Test] zero00762
2016-08-04 20:03:58,326 INFO [org.junit.Test] zero00763
2016-08-04 20:03:58,326 INFO [org.junit.Test] zero00764
2016-08-04 20:03:58,326 INFO [org.junit.Test] zero00765
2016-08-04 20:03:58,326 INFO [org.junit.Test] zero00766
2016-08-04 20:03:58,326 INFO [org.junit.Test] zero00767
2016-08-04 20:03:58,326 INFO [org.junit.Test] zero00768
2016-08-04 20:03:58,326 INFO [org.junit.Test] zero00769
2016-08-04 20:03:58,326 INFO [org.junit.Test] zero00770
2016-08-04 20:03:58,326 INFO [org.junit.Test] zero00771
2016-08-04 20:03:58,326 INFO [org.junit.Test] zero00772
2016-08-04 20:03:58,326 INFO [org.junit.Test] zero00773
2016-08-04 20:03:58,326 INFO [org.junit.Test] zero00774
2016-08-04 20:03:58,326 INFO [org.junit.Test] zero00775
2016-08-04 20:03:58,326 INFO [org.junit.Test] zero00776
2016-08-04 20:03:58,326 INFO [org.junit.Test] zero00777
2016-08-04 20:03:58,326 INFO [org.junit.Test] zero00778
2016-08-04 20:03:58,326 INFO [org.junit.Test] zero00779
2016-08-04 20:03:58,326 INFO [org.junit.Test] zero00780
2016-08-04 20:03:58,326 INFO [org.junit.Test] zero00781
2016-08-04 20:03:58,326 INFO [org.junit.Test] zero00782
2016-08-04 20:03:58,326 INFO [org.junit.Test] zero00783
2016-08-04 20:03:58,326 INFO [org.junit.Test] zero00784
2016-08-04 20:03:58,326 INFO [org.junit.Test] zero00785
2016-08-04 20:03:58,326 INFO [org.junit.Test] zero00786
2016-08-04 20:03:58,326 INFO [org.junit.Test] zero00787
2016-08-04 20:03:58,326 INFO [org.junit.Test] zero00788
2016-08-04 20:03:58,326 INFO [org.junit.Test] zero00789
2016-08-04 20:03:58,326 INFO [org.junit.Test] zero00790
2016-08-04 20:03:58,326 INFO [org.junit.Test] zero00791
2016-08-04 20:03:58,326 INFO [org.junit.Test] zero00792
2016-08-04 20:03:58,326 INFO [org.junit.Test] zero00793
2016-08-04 20:03:58,326 INFO [org.junit.Test] zero00794
2016-08-04 20:03:58,326 INFO [org.junit.Test] zero00795
2016-08-04 20:03:58,326 INFO [org.junit.Test] zero00796
2016-08-04 20:03:58,326 INFO [org.junit.Test] zero00797
2016-08-04 20:03:58,326 INFO [org.junit.Test] zero00798
2016-08-04 20:03:58,326 INFO [org.junit.Test] zero00799
2016-08-04 20:03:58,326 INFO [org.junit.Test] zero00800
2016-08-04 20:03:58,326 INFO [org.junit.Test] zero00801
2016-08-04 20:03:58,326 INFO [org.junit.Test] zero00802
2016-08-04 20:03:58,326 INFO [org.junit.Test] zero00803
2016-08-04 20:03:58,326 INFO [org.junit.Test] zero00804
2016-08-04 20:03:58,326 INFO [org.junit.Test] zero00805
2016-08-04 20:03:58,326 INFO [org.junit.Test] zero00806
2016-08-04 20:03:58,326 INFO [org.junit.Test] zero00807
2016-08-04 20:03:58,326 INFO [org.junit.Test] zero00808
2016-08-04 20:03:58,326 INFO [org.junit.Test] zero00809
2016-08-04 20:03:58,326 INFO [org.junit.Test] zero00810
2016-08-04 20:03:58,326 INFO [org.junit.Test] zero00811
2016-08-04 20:03:58,326 INFO [org.junit.Test] zero00812
2016-08-04 20:03:58,326 INFO [org.junit.Test] zero00813
2016-08-04 20:03:58,326 INFO [org.junit.Test] zero00814
2016-08-04 20:03:58,326 INFO [org.junit.Test] zero00815
2016-08-04 20:03:58,326 INFO [org.junit.Test] zero00816
2016-08-04 20:03:58,326 INFO [org.junit.Test] zero00817
2016-08-04 20:03:58,326 INFO [org.junit.Test] zero00818
2016-08-04 20:03:58,326 INFO [org.junit.Test] zero00819
2016-08-04 20:03:58,326 INFO [org.junit.Test] zero00820
2016-08-04 20:03:58,326 INFO [org.junit.Test] zero00821
2016-08-04 20:03:58,326 INFO [org.junit.Test] zero00822
2016-08-04 20:03:58,326 INFO [org.junit.Test] zero00823
2016-08-04 20:03:58,326 INFO [org.junit.Test] zero00824
2016-08-04 20:03:58,326 INFO [org.junit.Test] zero00825
2016-08-04 20:03:58,326 INFO [org.junit.Test] zero00826
2016-08-04 20:03:58,326 INFO [org.junit.Test] zero00827
2016-08-04 20:03:58,326 INFO [org.junit.Test] zero00828
2016-08-04 20:03:58,326 INFO [org.junit.Test] zero00829
2016-08-04 20:03:58,326 INFO [org.junit.Test] zero00830
2016-08-04 20:03:58,326 INFO [org.junit.Test] zero00831
2016-08-04 20:03:58,326 INFO [org.junit.Test] zero00832
2016-08-04 20:03:58,326 INFO [org.junit.Test] zero00833
2016-08-04 20:03:58,326 INFO [org.junit.Test] zero00834
2016-08-04 20:03:58,326 INFO [org.junit.Test] zero00835
2016-08-04 20:03:58,326 INFO [org.junit.Test] zero00836
2016-08-04 20:03:58,326 INFO [org.junit.Test] zero00837
2016-08-04 20:03:58,326 INFO [org.junit.Test] zero00838
2016-08-04 20:03:58,326 INFO [org.junit.Test] zero00839
2016-08-04 20:03:58,326 INFO [org.junit.Test] zero00840
2016-08-04 20:03:58,326 INFO [org.junit.Test] zero00841
2016-08-04 20:03:58,326 INFO [org.junit.Test] zero00842
2016-08-04 20:03:58,326 INFO [org.junit.Test] zero00843
2016-08-04 20:03:58,326 INFO [org.junit.Test] zero00844
2016-08-04 20:03:58,326 INFO [org.junit.Test] zero00845
2016-08-04 20:03:58,327 INFO [org.junit.Test] zero00846
2016-08-04 20:03:58,327 INFO [org.junit.Test] zero00847
2016-08-04 20:03:58,327 INFO [org.junit.Test] zero00848
2016-08-04 20:03:58,327 INFO [org.junit.Test] zero00849
2016-08-04 20:03:58,327 INFO [org.junit.Test] zero00850
2016-08-04 20:03:58,327 INFO [org.junit.Test] zero00851
2016-08-04 20:03:58,327 INFO [org.junit.Test] zero00852
2016-08-04 20:03:58,327 INFO [org.junit.Test] zero00853
2016-08-04 20:03:58,327 INFO [org.junit.Test] zero00854
2016-08-04 20:03:58,327 INFO [org.junit.Test] zero00855
2016-08-04 20:03:58,327 INFO [org.junit.Test] zero00856
2016-08-04 20:03:58,327 INFO [org.junit.Test] zero00857
2016-08-04 20:03:58,327 INFO [org.junit.Test] zero00858
2016-08-04 20:03:58,327 INFO [org.junit.Test] zero00859
2016-08-04 20:03:58,327 INFO [org.junit.Test] zero00860
2016-08-04 20:03:58,327 INFO [org.junit.Test] zero00861
2016-08-04 20:03:58,327 INFO [org.junit.Test] zero00862
2016-08-04 20:03:58,327 INFO [org.junit.Test] zero00863
2016-08-04 20:03:58,327 INFO [org.junit.Test] zero00864
2016-08-04 20:03:58,327 INFO [org.junit.Test] zero00865
2016-08-04 20:03:58,327 INFO [org.junit.Test] zero00866
2016-08-04 20:03:58,327 INFO [org.junit.Test] zero00867
2016-08-04 20:03:58,327 INFO [org.junit.Test] zero00868
2016-08-04 20:03:58,327 INFO [org.junit.Test] zero00869
2016-08-04 20:03:58,327 INFO [org.junit.Test] zero00870
2016-08-04 20:03:58,327 INFO [org.junit.Test] zero00871
2016-08-04 20:03:58,327 INFO [org.junit.Test] zero00872
2016-08-04 20:03:58,327 INFO [org.junit.Test] zero00873
2016-08-04 20:03:58,327 INFO [org.junit.Test] zero00874
2016-08-04 20:03:58,327 INFO [org.junit.Test] zero00875
2016-08-04 20:03:58,327 INFO [org.junit.Test] zero00876
2016-08-04 20:03:58,327 INFO [org.junit.Test] zero00877
2016-08-04 20:03:58,327 INFO [org.junit.Test] zero00878
2016-08-04 20:03:58,327 INFO [org.junit.Test] zero00879
2016-08-04 20:03:58,327 INFO [org.junit.Test] zero00880
2016-08-04 20:03:58,327 INFO [org.junit.Test] zero00881
2016-08-04 20:03:58,327 INFO [org.junit.Test] zero00882
2016-08-04 20:03:58,327 INFO [org.junit.Test] zero00883
2016-08-04 20:03:58,327 INFO [org.junit.Test] zero00884
2016-08-04 20:03:58,327 INFO [org.junit.Test] zero00885
2016-08-04 20:03:58,327 INFO [org.junit.Test] zero00886
2016-08-04 20:03:58,327 INFO [org.junit.Test] zero00887
2016-08-04 20:03:58,327 INFO [org.junit.Test] zero00888
2016-08-04 20:03:58,327 INFO [org.junit.Test] zero00889
2016-08-04 20:03:58,327 INFO [org.junit.Test] zero00890
2016-08-04 20:03:58,327 INFO [org.junit.Test] zero00891
2016-08-04 20:03:58,327 INFO [org.junit.Test] zero00892
2016-08-04 20:03:58,327 INFO [org.junit.Test] zero00893
2016-08-04 20:03:58,327 INFO [org.junit.Test] zero00894
2016-08-04 20:03:58,327 INFO [org.junit.Test] zero00895
2016-08-04 20:03:58,327 INFO [org.junit.Test] zero00896
2016-08-04 20:03:58,327 INFO [org.junit.Test] zero00897
2016-08-04 20:03:58,327 INFO [org.junit.Test] zero00898
2016-08-04 20:03:58,327 INFO [org.junit.Test] zero00899
2016-08-04 20:03:58,327 INFO [org.junit.Test] zero00900
2016-08-04 20:03:58,327 INFO [org.junit.Test] zero00901
2016-08-04 20:03:58,327 INFO [org.junit.Test] zero00902
2016-08-04 20:03:58,327 INFO [org.junit.Test] zero00903
2016-08-04 20:03:58,327 INFO [org.junit.Test] zero00904
2016-08-04 20:03:58,327 INFO [org.junit.Test] zero00905
2016-08-04 20:03:58,327 INFO [org.junit.Test] zero00906
2016-08-04 20:03:58,327 INFO [org.junit.Test] zero00907
2016-08-04 20:03:58,327 INFO [org.junit.Test] zero00908
2016-08-04 20:03:58,327 INFO [org.junit.Test] zero00909
2016-08-04 20:03:58,327 INFO [org.junit.Test] zero00910
2016-08-04 20:03:58,327 INFO [org.junit.Test] zero00911
2016-08-04 20:03:58,327 INFO [org.junit.Test] zero00912
2016-08-04 20:03:58,327 INFO [org.junit.Test] zero00913
2016-08-04 20:03:58,327 INFO [org.junit.Test] zero00914
2016-08-04 20:03:58,327 INFO [org.junit.Test] zero00915
2016-08-04 20:03:58,327 INFO [org.junit.Test] zero00916
2016-08-04 20:03:58,327 INFO [org.junit.Test] zero00917
2016-08-04 20:03:58,327 INFO [org.junit.Test] zero00918
2016-08-04 20:03:58,327 INFO [org.junit.Test] zero00919
2016-08-04 20:03:58,327 INFO [org.junit.Test] zero00920
2016-08-04 20:03:58,327 INFO [org.junit.Test] zero00921
2016-08-04 20:03:58,327 INFO [org.junit.Test] zero00922
2016-08-04 20:03:58,327 INFO [org.junit.Test] zero00923
2016-08-04 20:03:58,327 INFO [org.junit.Test] zero00924
2016-08-04 20:03:58,327 INFO [org.junit.Test] zero00925
2016-08-04 20:03:58,327 INFO [org.junit.Test] zero00926
2016-08-04 20:03:58,327 INFO [org.junit.Test] zero00927
2016-08-04 20:03:58,327 INFO [org.junit.Test] zero00928
2016-08-04 20:03:58,327 INFO [org.junit.Test] zero00929
2016-08-04 20:03:58,327 INFO [org.junit.Test] zero00930
2016-08-04 20:03:58,327 INFO [org.junit.Test] zero00931
2016-08-04 20:03:58,327 INFO [org.junit.Test] zero00932
2016-08-04 20:03:58,327 INFO [org.junit.Test] zero00933
2016-08-04 20:03:58,327 INFO [org.junit.Test] zero00934
2016-08-04 20:03:58,327 INFO [org.junit.Test] zero00935
2016-08-04 20:03:58,327 INFO [org.junit.Test] zero00936
2016-08-04 20:03:58,327 INFO [org.junit.Test] zero00937
2016-08-04 20:03:58,327 INFO [org.junit.Test] zero00938
2016-08-04 20:03:58,327 INFO [org.junit.Test] zero00939
2016-08-04 20:03:58,327 INFO [org.junit.Test] zero00940
2016-08-04 20:03:58,327 INFO [org.junit.Test] zero00941
2016-08-04 20:03:58,327 INFO [org.junit.Test] zero00942
2016-08-04 20:03:58,327 INFO [org.junit.Test] zero00943
2016-08-04 20:03:58,327 INFO [org.junit.Test] zero00944
2016-08-04 20:03:58,327 INFO [org.junit.Test] zero00945
2016-08-04 20:03:58,327 INFO [org.junit.Test] zero00946
2016-08-04 20:03:58,327 INFO [org.junit.Test] zero00947
2016-08-04 20:03:58,327 INFO [org.junit.Test] zero00948
2016-08-04 20:03:58,327 INFO [org.junit.Test] zero00949
2016-08-04 20:03:58,327 INFO [org.junit.Test] zero00950
2016-08-04 20:03:58,327 INFO [org.junit.Test] zero00951
2016-08-04 20:03:58,327 INFO [org.junit.Test] zero00952
2016-08-04 20:03:58,327 INFO [org.junit.Test] zero00953
2016-08-04 20:03:58,327 INFO [org.junit.Test] zero00954
2016-08-04 20:03:58,327 INFO [org.junit.Test] zero00955
2016-08-04 20:03:58,327 INFO [org.junit.Test] zero00956
2016-08-04 20:03:58,327 INFO [org.junit.Test] zero00957
2016-08-04 20:03:58,327 INFO [org.junit.Test] zero00958
2016-08-04 20:03:58,327 INFO [org.junit.Test] zero00959
2016-08-04 20:03:58,327 INFO [org.junit.Test] zero00960
2016-08-04 20:03:58,327 INFO [org.junit.Test] zero00961
2016-08-04 20:03:58,327 INFO [org.junit.Test] zero00962
2016-08-04 20:03:58,327 INFO [org.junit.Test] zero00963
2016-08-04 20:03:58,327 INFO [org.junit.Test] zero00964
2016-08-04 20:03:58,327 INFO [org.junit.Test] zero00965
2016-08-04 20:03:58,327 INFO [org.junit.Test] zero00966
2016-08-04 20:03:58,327 INFO [org.junit.Test] zero00967
2016-08-04 20:03:58,327 INFO [org.junit.Test] zero00968
2016-08-04 20:03:58,327 INFO [org.junit.Test] zero00969
2016-08-04 20:03:58,327 INFO [org.junit.Test] zero00970
2016-08-04 20:03:58,327 INFO [org.junit.Test] zero00971
2016-08-04 20:03:58,327 INFO [org.junit.Test] zero00972
2016-08-04 20:03:58,327 INFO [org.junit.Test] zero00973
2016-08-04 20:03:58,327 INFO [org.junit.Test] zero00974
2016-08-04 20:03:58,327 INFO [org.junit.Test] zero00975
2016-08-04 20:03:58,327 INFO [org.junit.Test] zero00976
2016-08-04 20:03:58,327 INFO [org.junit.Test] zero00977
2016-08-04 20:03:58,327 INFO [org.junit.Test] zero00978
2016-08-04 20:03:58,327 INFO [org.junit.Test] zero00979
2016-08-04 20:03:58,327 INFO [org.junit.Test] zero00980
2016-08-04 20:03:58,327 INFO [org.junit.Test] zero00981
2016-08-04 20:03:58,327 INFO [org.junit.Test] zero00982
2016-08-04 20:03:58,327 INFO [org.junit.Test] zero00983
2016-08-04 20:03:58,327 INFO [org.junit.Test] zero00984
2016-08-04 20:03:58,327 INFO [org.junit.Test] zero00985
2016-08-04 20:03:58,327 INFO [org.junit.Test] zero00986
2016-08-04 20:03:58,327 INFO [org.junit.Test] zero00987
2016-08-04 20:03:58,327 INFO [org.junit.Test] zero00988
2016-08-04 20:03:58,327 INFO [org.junit.Test] zero00989
2016-08-04 20:03:58,327 INFO [org.junit.Test] zero00990
2016-08-04 20:03:58,327 INFO [org.junit.Test] zero00991
2016-08-04 20:03:58,327 INFO [org.junit.Test] zero00992
2016-08-04 20:03:58,327 INFO [org.junit.Test] zero00993
2016-08-04 20:03:58,327 INFO [org.junit.Test] zero00994
2016-08-04 20:03:58,327 INFO [org.junit.Test] zero00995
2016-08-04 20:03:58,327 INFO [org.junit.Test] zero00996
2016-08-04 20:03:58,327 INFO [org.junit.Test] zero00997
2016-08-04 20:03:58,327 INFO [org.junit.Test] zero00998
2016-08-04 20:03:58,327 INFO [org.junit.Test] zero00999
2016-08-04 20:04:01,327 INFO [org.junit.Test] zero000
2016-08-04 20:04:01,327 INFO [org.junit.Test] zero001
2016-08-04 20:04:01,327 INFO [org.junit.Test] zero002
2016-08-04 20:04:01,327 INFO [org.junit.Test] zero003
2016-08-04 20:04:01,327 INFO [org.junit.Test] zero004
2016-08-04 20:04:01,327 INFO [org.junit.Test] zero005
2016-08-04 20:04:01,327 INFO [org.junit.Test] zero006
2016-08-04 20:04:01,327 INFO [org.junit.Test] zero007
2016-08-04 20:04:01,327 INFO [org.junit.Test] zero008
2016-08-04 20:04:01,327 INFO [org.junit.Test] zero009
2016-08-04 20:04:01,327 INFO [org.junit.Test] zero0010
2016-08-04 20:04:01,327 INFO [org.junit.Test] zero0011
2016-08-04 20:04:01,327 INFO [org.junit.Test] zero0012
2016-08-04 20:04:01,327 INFO [org.junit.Test] zero0013
2016-08-04 20:04:01,327 INFO [org.junit.Test] zero0014
2016-08-04 20:04:01,327 INFO [org.junit.Test] zero0015
2016-08-04 20:04:01,327 INFO [org.junit.Test] zero0016
2016-08-04 20:04:01,327 INFO [org.junit.Test] zero0017
2016-08-04 20:04:01,327 INFO [org.junit.Test] zero0018
2016-08-04 20:04:01,327 INFO [org.junit.Test] zero0019
2016-08-04 20:04:01,327 INFO [org.junit.Test] zero0020
2016-08-04 20:04:01,327 INFO [org.junit.Test] zero0021
2016-08-04 20:04:01,327 INFO [org.junit.Test] zero0022
2016-08-04 20:04:01,327 INFO [org.junit.Test] zero0023
2016-08-04 20:04:01,327 INFO [org.junit.Test] zero0024
2016-08-04 20:04:01,327 INFO [org.junit.Test] zero0025
2016-08-04 20:04:01,327 INFO [org.junit.Test] zero0026
2016-08-04 20:04:01,327 INFO [org.junit.Test] zero0027
2016-08-04 20:04:01,327 INFO [org.junit.Test] zero0028
2016-08-04 20:04:01,327 INFO [org.junit.Test] zero0029
2016-08-04 20:04:01,327 INFO [org.junit.Test] zero0030
2016-08-04 20:04:01,327 INFO [org.junit.Test] zero0031
2016-08-04 20:04:01,327 INFO [org.junit.Test] zero0032
2016-08-04 20:04:01,327 INFO [org.junit.Test] zero0033
2016-08-04 20:04:01,327 INFO [org.junit.Test] zero0034
2016-08-04 20:04:01,327 INFO [org.junit.Test] zero0035
2016-08-04 20:04:01,327 INFO [org.junit.Test] zero0036
2016-08-04 20:04:01,327 INFO [org.junit.Test] zero0037
2016-08-04 20:04:01,327 INFO [org.junit.Test] zero0038
2016-08-04 20:04:01,327 INFO [org.junit.Test] zero0039
2016-08-04 20:04:01,327 INFO [org.junit.Test] zero0040
2016-08-04 20:04:01,327 INFO [org.junit.Test] zero0041
2016-08-04 20:04:01,327 INFO [org.junit.Test] zero0042
2016-08-04 20:04:01,327 INFO [org.junit.Test] zero0043
2016-08-04 20:04:01,327 INFO [org.junit.Test] zero0044
2016-08-04 20:04:01,327 INFO [org.junit.Test] zero0045
2016-08-04 20:04:01,327 INFO [org.junit.Test] zero0046
2016-08-04 20:04:01,327 INFO [org.junit.Test] zero0047
2016-08-04 20:04:01,327 INFO [org.junit.Test] zero0048
2016-08-04 20:04:01,327 INFO [org.junit.Test] zero0049
2016-08-04 20:04:01,327 INFO [org.junit.Test] zero0050
2016-08-04 20:04:01,327 INFO [org.junit.Test] zero0051
2016-08-04 20:04:01,327 INFO [org.junit.Test] zero0052
2016-08-04 20:04:01,327 INFO [org.junit.Test] zero0053
2016-08-04 20:04:01,327 INFO [org.junit.Test] zero0054
2016-08-04 20:04:01,327 INFO [org.junit.Test] zero0055
2016-08-04 20:04:01,327 INFO [org.junit.Test] zero0056
2016-08-04 20:04:01,327 INFO [org.junit.Test] zero0057
2016-08-04 20:04:01,327 INFO [org.junit.Test] zero0058
2016-08-04 20:04:01,327 INFO [org.junit.Test] zero0059
2016-08-04 20:04:01,327 INFO [org.junit.Test] zero0060
2016-08-04 20:04:01,327 INFO [org.junit.Test] zero0061
2016-08-04 20:04:01,327 INFO [org.junit.Test] zero0062
2016-08-04 20:04:01,327 INFO [org.junit.Test] zero0063
2016-08-04 20:04:01,327 INFO [org.junit.Test] zero0064
2016-08-04 20:04:01,327 INFO [org.junit.Test] zero0065
2016-08-04 20:04:01,327 INFO [org.junit.Test] zero0066
2016-08-04 20:04:01,327 INFO [org.junit.Test] zero0067
2016-08-04 20:04:01,327 INFO [org.junit.Test] zero0068
2016-08-04 20:04:01,327 INFO [org.junit.Test] zero0069
2016-08-04 20:04:01,327 INFO [org.junit.Test] zero0070
2016-08-04 20:04:01,327 INFO [org.junit.Test] zero0071
2016-08-04 20:04:01,327 INFO [org.junit.Test] zero0072
2016-08-04 20:04:01,327 INFO [org.junit.Test] zero0073
2016-08-04 20:04:01,327 INFO [org.junit.Test] zero0074
2016-08-04 20:04:01,327 INFO [org.junit.Test] zero0075
2016-08-04 20:04:01,327 INFO [org.junit.Test] zero0076
2016-08-04 20:04:01,327 INFO [org.junit.Test] zero0077
2016-08-04 20:04:01,327 INFO [org.junit.Test] zero0078
2016-08-04 20:04:01,327 INFO [org.junit.Test] zero0079
2016-08-04 20:04:01,327 INFO [org.junit.Test] zero0080
2016-08-04 20:04:01,327 INFO [org.junit.Test] zero0081
2016-08-04 20:04:01,327 INFO [org.junit.Test] zero0082
2016-08-04 20:04:01,327 INFO [org.junit.Test] zero0083
2016-08-04 20:04:01,327 INFO [org.junit.Test] zero0084
2016-08-04 20:04:01,327 INFO [org.junit.Test] zero0085
2016-08-04 20:04:01,327 INFO [org.junit.Test] zero0086
2016-08-04 20:04:01,327 INFO [org.junit.Test] zero0087
2016-08-04 20:04:01,327 INFO [org.junit.Test] zero0088
2016-08-04 20:04:01,327 INFO [org.junit.Test] zero0089
2016-08-04 20:04:01,327 INFO [org.junit.Test] zero0090
2016-08-04 20:04:01,327 INFO [org.junit.Test] zero0091
2016-08-04 20:04:01,327 INFO [org.junit.Test] zero0092
2016-08-04 20:04:01,327 INFO [org.junit.Test] zero0093
2016-08-04 20:04:01,327 INFO [org.junit.Test] zero0094
2016-08-04 20:04:01,327 INFO [org.junit.Test] zero0095
2016-08-04 20:04:01,327 INFO [org.junit.Test] zero0096
2016-08-04 20:04:01,327 INFO [org.junit.Test] zero0097
2016-08-04 20:04:01,327 INFO [org.junit.Test] zero0098
2016-08-04 20:04:01,327 INFO [org.junit.Test] zero0099
2016-08-04 20:04:01,327 INFO [org.junit.Test] zero00100
2016-08-04 20:04:01,327 INFO [org.junit.Test] zero00101
2016-08-04 20:04:01,327 INFO [org.junit.Test] zero00102
2016-08-04 20:04:01,327 INFO [org.junit.Test] zero00103
2016-08-04 20:04:01,327 INFO [org.junit.Test] zero00104
2016-08-04 20:04:01,327 INFO [org.junit.Test] zero00105
2016-08-04 20:04:01,327 INFO [org.junit.Test] zero00106
2016-08-04 20:04:01,327 INFO [org.junit.Test] zero00107
2016-08-04 20:04:01,327 INFO [org.junit.Test] zero00108
2016-08-04 20:04:01,327 INFO [org.junit.Test] zero00109
2016-08-04 20:04:01,327 INFO [org.junit.Test] zero00110
2016-08-04 20:04:01,327 INFO [org.junit.Test] zero00111
2016-08-04 20:04:01,327 INFO [org.junit.Test] zero00112
2016-08-04 20:04:01,327 INFO [org.junit.Test] zero00113
2016-08-04 20:04:01,327 INFO [org.junit.Test] zero00114
2016-08-04 20:04:01,327 INFO [org.junit.Test] zero00115
2016-08-04 20:04:01,327 INFO [org.junit.Test] zero00116
2016-08-04 20:04:01,327 INFO [org.junit.Test] zero00117
2016-08-04 20:04:01,327 INFO [org.junit.Test] zero00118
2016-08-04 20:04:01,327 INFO [org.junit.Test] zero00119
2016-08-04 20:04:01,327 INFO [org.junit.Test] zero00120
2016-08-04 20:04:01,327 INFO [org.junit.Test] zero00121
2016-08-04 20:04:01,327 INFO [org.junit.Test] zero00122
2016-08-04 20:04:01,327 INFO [org.junit.Test] zero00123
2016-08-04 20:04:01,327 INFO [org.junit.Test] zero00124
2016-08-04 20:04:01,327 INFO [org.junit.Test] zero00125
2016-08-04 20:04:01,327 INFO [org.junit.Test] zero00126
2016-08-04 20:04:01,327 INFO [org.junit.Test] zero00127
2016-08-04 20:04:01,327 INFO [org.junit.Test] zero00128
2016-08-04 20:04:01,327 INFO [org.junit.Test] zero00129
2016-08-04 20:04:01,327 INFO [org.junit.Test] zero00130
2016-08-04 20:04:01,327 INFO [org.junit.Test] zero00131
2016-08-04 20:04:01,327 INFO [org.junit.Test] zero00132
2016-08-04 20:04:01,327 INFO [org.junit.Test] zero00133
2016-08-04 20:04:01,327 INFO [org.junit.Test] zero00134
2016-08-04 20:04:01,327 INFO [org.junit.Test] zero00135
2016-08-04 20:04:01,327 INFO [org.junit.Test] zero00136
2016-08-04 20:04:01,327 INFO [org.junit.Test] zero00137
2016-08-04 20:04:01,327 INFO [org.junit.Test] zero00138
2016-08-04 20:04:01,327 INFO [org.junit.Test] zero00139
2016-08-04 20:04:01,327 INFO [org.junit.Test] zero00140
2016-08-04 20:04:01,327 INFO [org.junit.Test] zero00141
2016-08-04 20:04:01,327 INFO [org.junit.Test] zero00142
2016-08-04 20:04:01,327 INFO [org.junit.Test] zero00143
2016-08-04 20:04:01,327 INFO [org.junit.Test] zero00144
2016-08-04 20:04:01,327 INFO [org.junit.Test] zero00145
2016-08-04 20:04:01,327 INFO [org.junit.Test] zero00146
2016-08-04 20:04:01,327 INFO [org.junit.Test] zero00147
2016-08-04 20:04:01,327 INFO [org.junit.Test] zero00148
2016-08-04 20:04:01,327 INFO [org.junit.Test] zero00149
2016-08-04 20:04:01,327 INFO [org.junit.Test] zero00150
2016-08-04 20:04:01,327 INFO [org.junit.Test] zero00151
2016-08-04 20:04:01,327 INFO [org.junit.Test] zero00152
2016-08-04 20:04:01,327 INFO [org.junit.Test] zero00153
2016-08-04 20:04:01,327 INFO [org.junit.Test] zero00154
2016-08-04 20:04:01,327 INFO [org.junit.Test] zero00155
2016-08-04 20:04:01,327 INFO [org.junit.Test] zero00156
2016-08-04 20:04:01,327 INFO [org.junit.Test] zero00157
2016-08-04 20:04:01,327 INFO [org.junit.Test] zero00158
2016-08-04 20:04:01,327 INFO [org.junit.Test] zero00159
2016-08-04 20:04:01,327 INFO [org.junit.Test] zero00160
2016-08-04 20:04:01,327 INFO [org.junit.Test] zero00161
2016-08-04 20:04:01,327 INFO [org.junit.Test] zero00162
2016-08-04 20:04:01,327 INFO [org.junit.Test] zero00163
2016-08-04 20:04:01,327 INFO [org.junit.Test] zero00164
2016-08-04 20:04:01,327 INFO [org.junit.Test] zero00165
2016-08-04 20:04:01,327 INFO [org.junit.Test] zero00166
2016-08-04 20:04:01,327 INFO [org.junit.Test] zero00167
2016-08-04 20:04:01,327 INFO [org.junit.Test] zero00168
2016-08-04 20:04:01,327 INFO [org.junit.Test] zero00169
2016-08-04 20:04:01,327 INFO [org.junit.Test] zero00170
2016-08-04 20:04:01,327 INFO [org.junit.Test] zero00171
2016-08-04 20:04:01,327 INFO [org.junit.Test] zero00172
2016-08-04 20:04:01,327 INFO [org.junit.Test] zero00173
2016-08-04 20:04:01,327 INFO [org.junit.Test] zero00174
2016-08-04 20:04:01,327 INFO [org.junit.Test] zero00175
2016-08-04 20:04:01,327 INFO [org.junit.Test] zero00176
2016-08-04 20:04:01,327 INFO [org.junit.Test] zero00177
2016-08-04 20:04:01,327 INFO [org.junit.Test] zero00178
2016-08-04 20:04:01,327 INFO [org.junit.Test] zero00179
2016-08-04 20:04:01,327 INFO [org.junit.Test] zero00180
2016-08-04 20:04:01,327 INFO [org.junit.Test] zero00181
2016-08-04 20:04:01,327 INFO [org.junit.Test] zero00182
2016-08-04 20:04:01,327 INFO [org.junit.Test] zero00183
2016-08-04 20:04:01,327 INFO [org.junit.Test] zero00184
2016-08-04 20:04:01,327 INFO [org.junit.Test] zero00185
2016-08-04 20:04:01,327 INFO [org.junit.Test] zero00186
2016-08-04 20:04:01,327 INFO [org.junit.Test] zero00187
2016-08-04 20:04:01,327 INFO [org.junit.Test] zero00188
2016-08-04 20:04:01,327 INFO [org.junit.Test] zero00189
2016-08-04 20:04:01,327 INFO [org.junit.Test] zero00190
2016-08-04 20:04:01,327 INFO [org.junit.Test] zero00191
2016-08-04 20:04:01,327 INFO [org.junit.Test] zero00192
2016-08-04 20:04:01,327 INFO [org.junit.Test] zero00193
2016-08-04 20:04:01,327 INFO [org.junit.Test] zero00194
2016-08-04 20:04:01,327 INFO [org.junit.Test] zero00195
2016-08-04 20:04:01,327 INFO [org.junit.Test] zero00196
2016-08-04 20:04:01,327 INFO [org.junit.Test] zero00197
2016-08-04 20:04:01,327 INFO [org.junit.Test] zero00198
2016-08-04 20:04:01,327 INFO [org.junit.Test] zero00199
2016-08-04 20:04:01,327 INFO [org.junit.Test] zero00200
2016-08-04 20:04:01,327 INFO [org.junit.Test] zero00201
2016-08-04 20:04:01,327 INFO [org.junit.Test] zero00202
2016-08-04 20:04:01,327 INFO [org.junit.Test] zero00203
2016-08-04 20:04:01,327 INFO [org.junit.Test] zero00204
2016-08-04 20:04:01,327 INFO [org.junit.Test] zero00205
2016-08-04 20:04:01,327 INFO [org.junit.Test] zero00206
2016-08-04 20:04:01,328 INFO [org.junit.Test] zero00207
2016-08-04 20:04:01,328 INFO [org.junit.Test] zero00208
2016-08-04 20:04:01,328 INFO [org.junit.Test] zero00209
2016-08-04 20:04:01,328 INFO [org.junit.Test] zero00210
2016-08-04 20:04:01,328 INFO [org.junit.Test] zero00211
2016-08-04 20:04:01,328 INFO [org.junit.Test] zero00212
2016-08-04 20:04:01,328 INFO [org.junit.Test] zero00213
2016-08-04 20:04:01,328 INFO [org.junit.Test] zero00214
2016-08-04 20:04:01,328 INFO [org.junit.Test] zero00215
2016-08-04 20:04:01,328 INFO [org.junit.Test] zero00216
2016-08-04 20:04:01,328 INFO [org.junit.Test] zero00217
2016-08-04 20:04:01,328 INFO [org.junit.Test] zero00218
2016-08-04 20:04:01,328 INFO [org.junit.Test] zero00219
2016-08-04 20:04:01,328 INFO [org.junit.Test] zero00220
2016-08-04 20:04:01,328 INFO [org.junit.Test] zero00221
2016-08-04 20:04:01,328 INFO [org.junit.Test] zero00222
2016-08-04 20:04:01,328 INFO [org.junit.Test] zero00223
2016-08-04 20:04:01,328 INFO [org.junit.Test] zero00224
2016-08-04 20:04:01,328 INFO [org.junit.Test] zero00225
2016-08-04 20:04:01,328 INFO [org.junit.Test] zero00226
2016-08-04 20:04:01,328 INFO [org.junit.Test] zero00227
2016-08-04 20:04:01,328 INFO [org.junit.Test] zero00228
2016-08-04 20:04:01,328 INFO [org.junit.Test] zero00229
2016-08-04 20:04:01,328 INFO [org.junit.Test] zero00230
2016-08-04 20:04:01,328 INFO [org.junit.Test] zero00231
2016-08-04 20:04:01,328 INFO [org.junit.Test] zero00232
2016-08-04 20:04:01,328 INFO [org.junit.Test] zero00233
2016-08-04 20:04:01,328 INFO [org.junit.Test] zero00234
2016-08-04 20:04:01,328 INFO [org.junit.Test] zero00235
2016-08-04 20:04:01,328 INFO [org.junit.Test] zero00236
2016-08-04 20:04:01,328 INFO [org.junit.Test] zero00237
2016-08-04 20:04:01,328 INFO [org.junit.Test] zero00238
2016-08-04 20:04:01,328 INFO [org.junit.Test] zero00239
2016-08-04 20:04:01,328 INFO [org.junit.Test] zero00240
2016-08-04 20:04:01,328 INFO [org.junit.Test] zero00241
2016-08-04 20:04:01,328 INFO [org.junit.Test] zero00242
2016-08-04 20:04:01,328 INFO [org.junit.Test] zero00243
2016-08-04 20:04:01,328 INFO [org.junit.Test] zero00244
2016-08-04 20:04:01,328 INFO [org.junit.Test] zero00245
2016-08-04 20:04:01,328 INFO [org.junit.Test] zero00246
2016-08-04 20:04:01,328 INFO [org.junit.Test] zero00247
2016-08-04 20:04:01,328 INFO [org.junit.Test] zero00248
2016-08-04 20:04:01,328 INFO [org.junit.Test] zero00249
2016-08-04 20:04:01,328 INFO [org.junit.Test] zero00250
2016-08-04 20:04:01,328 INFO [org.junit.Test] zero00251
2016-08-04 20:04:01,328 INFO [org.junit.Test] zero00252
2016-08-04 20:04:01,328 INFO [org.junit.Test] zero00253
2016-08-04 20:04:01,328 INFO [org.junit.Test] zero00254
2016-08-04 20:04:01,328 INFO [org.junit.Test] zero00255
2016-08-04 20:04:01,328 INFO [org.junit.Test] zero00256
2016-08-04 20:04:01,328 INFO [org.junit.Test] zero00257
2016-08-04 20:04:01,328 INFO [org.junit.Test] zero00258
2016-08-04 20:04:01,328 INFO [org.junit.Test] zero00259
2016-08-04 20:04:01,328 INFO [org.junit.Test] zero00260
2016-08-04 20:04:01,328 INFO [org.junit.Test] zero00261
2016-08-04 20:04:01,328 INFO [org.junit.Test] zero00262
2016-08-04 20:04:01,328 INFO [org.junit.Test] zero00263
2016-08-04 20:04:01,328 INFO [org.junit.Test] zero00264
2016-08-04 20:04:01,328 INFO [org.junit.Test] zero00265
2016-08-04 20:04:01,328 INFO [org.junit.Test] zero00266
2016-08-04 20:04:01,328 INFO [org.junit.Test] zero00267
2016-08-04 20:04:01,328 INFO [org.junit.Test] zero00268
2016-08-04 20:04:01,328 INFO [org.junit.Test] zero00269
2016-08-04 20:04:01,328 INFO [org.junit.Test] zero00270
2016-08-04 20:04:01,328 INFO [org.junit.Test] zero00271
2016-08-04 20:04:01,328 INFO [org.junit.Test] zero00272
2016-08-04 20:04:01,328 INFO [org.junit.Test] zero00273
2016-08-04 20:04:01,328 INFO [org.junit.Test] zero00274
2016-08-04 20:04:01,328 INFO [org.junit.Test] zero00275
2016-08-04 20:04:01,328 INFO [org.junit.Test] zero00276
2016-08-04 20:04:01,328 INFO [org.junit.Test] zero00277
2016-08-04 20:04:01,328 INFO [org.junit.Test] zero00278
2016-08-04 20:04:01,328 INFO [org.junit.Test] zero00279
2016-08-04 20:04:01,328 INFO [org.junit.Test] zero00280
2016-08-04 20:04:01,328 INFO [org.junit.Test] zero00281
2016-08-04 20:04:01,328 INFO [org.junit.Test] zero00282
2016-08-04 20:04:01,328 INFO [org.junit.Test] zero00283
2016-08-04 20:04:01,328 INFO [org.junit.Test] zero00284
2016-08-04 20:04:01,328 INFO [org.junit.Test] zero00285
2016-08-04 20:04:01,328 INFO [org.junit.Test] zero00286
2016-08-04 20:04:01,328 INFO [org.junit.Test] zero00287
2016-08-04 20:04:01,328 INFO [org.junit.Test] zero00288
2016-08-04 20:04:01,328 INFO [org.junit.Test] zero00289
2016-08-04 20:04:01,328 INFO [org.junit.Test] zero00290
2016-08-04 20:04:01,328 INFO [org.junit.Test] zero00291
2016-08-04 20:04:01,328 INFO [org.junit.Test] zero00292
2016-08-04 20:04:01,328 INFO [org.junit.Test] zero00293
2016-08-04 20:04:01,328 INFO [org.junit.Test] zero00294
2016-08-04 20:04:01,328 INFO [org.junit.Test] zero00295
2016-08-04 20:04:01,328 INFO [org.junit.Test] zero00296
2016-08-04 20:04:01,328 INFO [org.junit.Test] zero00297
2016-08-04 20:04:01,328 INFO [org.junit.Test] zero00298
2016-08-04 20:04:01,328 INFO [org.junit.Test] zero00299
2016-08-04 20:04:01,328 INFO [org.junit.Test] zero00300
2016-08-04 20:04:01,328 INFO [org.junit.Test] zero00301
2016-08-04 20:04:01,328 INFO [org.junit.Test] zero00302
2016-08-04 20:04:01,328 INFO [org.junit.Test] zero00303
2016-08-04 20:04:01,328 INFO [org.junit.Test] zero00304
2016-08-04 20:04:01,328 INFO [org.junit.Test] zero00305
2016-08-04 20:04:01,328 INFO [org.junit.Test] zero00306
2016-08-04 20:04:01,328 INFO [org.junit.Test] zero00307
2016-08-04 20:04:01,328 INFO [org.junit.Test] zero00308
2016-08-04 20:04:01,328 INFO [org.junit.Test] zero00309
2016-08-04 20:04:01,328 INFO [org.junit.Test] zero00310
2016-08-04 20:04:01,328 INFO [org.junit.Test] zero00311
2016-08-04 20:04:01,328 INFO [org.junit.Test] zero00312
2016-08-04 20:04:01,328 INFO [org.junit.Test] zero00313
2016-08-04 20:04:01,328 INFO [org.junit.Test] zero00314
2016-08-04 20:04:01,328 INFO [org.junit.Test] zero00315
2016-08-04 20:04:01,328 INFO [org.junit.Test] zero00316
2016-08-04 20:04:01,328 INFO [org.junit.Test] zero00317
2016-08-04 20:04:01,328 INFO [org.junit.Test] zero00318
2016-08-04 20:04:01,328 INFO [org.junit.Test] zero00319
2016-08-04 20:04:01,328 INFO [org.junit.Test] zero00320
2016-08-04 20:04:01,328 INFO [org.junit.Test] zero00321
2016-08-04 20:04:01,328 INFO [org.junit.Test] zero00322
2016-08-04 20:04:01,328 INFO [org.junit.Test] zero00323
2016-08-04 20:04:01,328 INFO [org.junit.Test] zero00324
2016-08-04 20:04:01,328 INFO [org.junit.Test] zero00325
2016-08-04 20:04:01,328 INFO [org.junit.Test] zero00326
2016-08-04 20:04:01,328 INFO [org.junit.Test] zero00327
2016-08-04 20:04:01,328 INFO [org.junit.Test] zero00328
2016-08-04 20:04:01,328 INFO [org.junit.Test] zero00329
2016-08-04 20:04:01,328 INFO [org.junit.Test] zero00330
2016-08-04 20:04:01,328 INFO [org.junit.Test] zero00331
2016-08-04 20:04:01,328 INFO [org.junit.Test] zero00332
2016-08-04 20:04:01,328 INFO [org.junit.Test] zero00333
2016-08-04 20:04:01,328 INFO [org.junit.Test] zero00334
2016-08-04 20:04:01,328 INFO [org.junit.Test] zero00335
2016-08-04 20:04:01,328 INFO [org.junit.Test] zero00336
2016-08-04 20:04:01,328 INFO [org.junit.Test] zero00337
2016-08-04 20:04:01,328 INFO [org.junit.Test] zero00338
2016-08-04 20:04:01,328 INFO [org.junit.Test] zero00339
2016-08-04 20:04:01,328 INFO [org.junit.Test] zero00340
2016-08-04 20:04:01,328 INFO [org.junit.Test] zero00341
2016-08-04 20:04:01,328 INFO [org.junit.Test] zero00342
2016-08-04 20:04:01,328 INFO [org.junit.Test] zero00343
2016-08-04 20:04:01,328 INFO [org.junit.Test] zero00344
2016-08-04 20:04:01,328 INFO [org.junit.Test] zero00345
2016-08-04 20:04:01,328 INFO [org.junit.Test] zero00346
2016-08-04 20:04:01,328 INFO [org.junit.Test] zero00347
2016-08-04 20:04:01,328 INFO [org.junit.Test] zero00348
2016-08-04 20:04:01,328 INFO [org.junit.Test] zero00349
2016-08-04 20:04:01,328 INFO [org.junit.Test] zero00350
2016-08-04 20:04:01,328 INFO [org.junit.Test] zero00351
2016-08-04 20:04:01,328 INFO [org.junit.Test] zero00352
2016-08-04 20:04:01,328 INFO [org.junit.Test] zero00353
2016-08-04 20:04:01,328 INFO [org.junit.Test] zero00354
2016-08-04 20:04:01,328 INFO [org.junit.Test] zero00355
2016-08-04 20:04:01,328 INFO [org.junit.Test] zero00356
2016-08-04 20:04:01,328 INFO [org.junit.Test] zero00357
2016-08-04 20:04:01,328 INFO [org.junit.Test] zero00358
2016-08-04 20:04:01,328 INFO [org.junit.Test] zero00359
2016-08-04 20:04:01,328 INFO [org.junit.Test] zero00360
2016-08-04 20:04:01,328 INFO [org.junit.Test] zero00361
2016-08-04 20:04:01,328 INFO [org.junit.Test] zero00362
2016-08-04 20:04:01,328 INFO [org.junit.Test] zero00363
2016-08-04 20:04:01,328 INFO [org.junit.Test] zero00364
2016-08-04 20:04:01,328 INFO [org.junit.Test] zero00365
2016-08-04 20:04:01,328 INFO [org.junit.Test] zero00366
2016-08-04 20:04:01,328 INFO [org.junit.Test] zero00367
2016-08-04 20:04:01,328 INFO [org.junit.Test] zero00368
2016-08-04 20:04:01,328 INFO [org.junit.Test] zero00369
2016-08-04 20:04:01,328 INFO [org.junit.Test] zero00370
2016-08-04 20:04:01,328 INFO [org.junit.Test] zero00371
2016-08-04 20:04:01,328 INFO [org.junit.Test] zero00372
2016-08-04 20:04:01,328 INFO [org.junit.Test] zero00373
2016-08-04 20:04:01,328 INFO [org.junit.Test] zero00374
2016-08-04 20:04:01,328 INFO [org.junit.Test] zero00375
2016-08-04 20:04:01,328 INFO [org.junit.Test] zero00376
2016-08-04 20:04:01,328 INFO [org.junit.Test] zero00377
2016-08-04 20:04:01,328 INFO [org.junit.Test] zero00378
2016-08-04 20:04:01,328 INFO [org.junit.Test] zero00379
2016-08-04 20:04:01,328 INFO [org.junit.Test] zero00380
2016-08-04 20:04:01,328 INFO [org.junit.Test] zero00381
2016-08-04 20:04:01,328 INFO [org.junit.Test] zero00382
2016-08-04 20:04:01,328 INFO [org.junit.Test] zero00383
2016-08-04 20:04:01,328 INFO [org.junit.Test] zero00384
2016-08-04 20:04:01,328 INFO [org.junit.Test] zero00385
2016-08-04 20:04:01,328 INFO [org.junit.Test] zero00386
2016-08-04 20:04:01,328 INFO [org.junit.Test] zero00387
2016-08-04 20:04:01,328 INFO [org.junit.Test] zero00388
2016-08-04 20:04:01,328 INFO [org.junit.Test] zero00389
2016-08-04 20:04:01,328 INFO [org.junit.Test] zero00390
2016-08-04 20:04:01,328 INFO [org.junit.Test] zero00391
2016-08-04 20:04:01,328 INFO [org.junit.Test] zero00392
2016-08-04 20:04:01,328 INFO [org.junit.Test] zero00393
2016-08-04 20:04:01,328 INFO [org.junit.Test] zero00394
2016-08-04 20:04:01,328 INFO [org.junit.Test] zero00395
2016-08-04 20:04:01,328 INFO [org.junit.Test] zero00396
2016-08-04 20:04:01,328 INFO [org.junit.Test] zero00397
2016-08-04 20:04:01,328 INFO [org.junit.Test] zero00398
2016-08-04 20:04:01,328 INFO [org.junit.Test] zero00399
2016-08-04 20:04:01,328 INFO [org.junit.Test] zero00400
2016-08-04 20:04:01,328 INFO [org.junit.Test] zero00401
2016-08-04 20:04:01,328 INFO [org.junit.Test] zero00402
2016-08-04 20:04:01,328 INFO [org.junit.Test] zero00403
2016-08-04 20:04:01,328 INFO [org.junit.Test] zero00404
2016-08-04 20:04:01,328 INFO [org.junit.Test] zero00405
2016-08-04 20:04:01,328 INFO [org.junit.Test] zero00406
2016-08-04 20:04:01,328 INFO [org.junit.Test] zero00407
2016-08-04 20:04:01,328 INFO [org.junit.Test] zero00408
2016-08-04 20:04:01,328 INFO [org.junit.Test] zero00409
2016-08-04 20:04:01,328 INFO [org.junit.Test] zero00410
2016-08-04 20:04:01,328 INFO [org.junit.Test] zero00411
2016-08-04 20:04:01,328 INFO [org.junit.Test] zero00412
2016-08-04 20:04:01,328 INFO [org.junit.Test] zero00413
2016-08-04 20:04:01,328 INFO [org.junit.Test] zero00414
2016-08-04 20:04:01,328 INFO [org.junit.Test] zero00415
2016-08-04 20:04:01,328 INFO [org.junit.Test] zero00416
2016-08-04 20:04:01,328 INFO [org.junit.Test] zero00417
2016-08-04 20:04:01,328 INFO [org.junit.Test] zero00418
2016-08-04 20:04:01,328 INFO [org.junit.Test] zero00419
2016-08-04 20:04:01,328 INFO [org.junit.Test] zero00420
2016-08-04 20:04:01,328 INFO [org.junit.Test] zero00421
2016-08-04 20:04:01,328 INFO [org.junit.Test] zero00422
2016-08-04 20:04:01,328 INFO [org.junit.Test] zero00423
2016-08-04 20:04:01,328 INFO [org.junit.Test] zero00424
2016-08-04 20:04:01,328 INFO [org.junit.Test] zero00425
2016-08-04 20:04:01,328 INFO [org.junit.Test] zero00426
2016-08-04 20:04:01,328 INFO [org.junit.Test] zero00427
2016-08-04 20:04:01,328 INFO [org.junit.Test] zero00428
2016-08-04 20:04:01,328 INFO [org.junit.Test] zero00429
2016-08-04 20:04:01,328 INFO [org.junit.Test] zero00430
2016-08-04 20:04:01,328 INFO [org.junit.Test] zero00431
2016-08-04 20:04:01,328 INFO [org.junit.Test] zero00432
2016-08-04 20:04:01,328 INFO [org.junit.Test] zero00433
2016-08-04 20:04:01,328 INFO [org.junit.Test] zero00434
2016-08-04 20:04:01,328 INFO [org.junit.Test] zero00435
2016-08-04 20:04:01,328 INFO [org.junit.Test] zero00436
2016-08-04 20:04:01,328 INFO [org.junit.Test] zero00437
2016-08-04 20:04:01,328 INFO [org.junit.Test] zero00438
2016-08-04 20:04:01,328 INFO [org.junit.Test] zero00439
2016-08-04 20:04:01,328 INFO [org.junit.Test] zero00440
2016-08-04 20:04:01,328 INFO [org.junit.Test] zero00441
2016-08-04 20:04:01,328 INFO [org.junit.Test] zero00442
2016-08-04 20:04:01,328 INFO [org.junit.Test] zero00443
2016-08-04 20:04:01,328 INFO [org.junit.Test] zero00444
2016-08-04 20:04:01,328 INFO [org.junit.Test] zero00445
2016-08-04 20:04:01,328 INFO [org.junit.Test] zero00446
2016-08-04 20:04:01,328 INFO [org.junit.Test] zero00447
2016-08-04 20:04:01,328 INFO [org.junit.Test] zero00448
2016-08-04 20:04:01,328 INFO [org.junit.Test] zero00449
2016-08-04 20:04:01,328 INFO [org.junit.Test] zero00450
2016-08-04 20:04:01,328 INFO [org.junit.Test] zero00451
2016-08-04 20:04:01,328 INFO [org.junit.Test] zero00452
2016-08-04 20:04:01,328 INFO [org.junit.Test] zero00453
2016-08-04 20:04:01,328 INFO [org.junit.Test] zero00454
2016-08-04 20:04:01,328 INFO [org.junit.Test] zero00455
2016-08-04 20:04:01,328 INFO [org.junit.Test] zero00456
2016-08-04 20:04:01,328 INFO [org.junit.Test] zero00457
2016-08-04 20:04:01,328 INFO [org.junit.Test] zero00458
2016-08-04 20:04:01,328 INFO [org.junit.Test] zero00459
2016-08-04 20:04:01,328 INFO [org.junit.Test] zero00460
2016-08-04 20:04:01,328 INFO [org.junit.Test] zero00461
2016-08-04 20:04:01,328 INFO [org.junit.Test] zero00462
2016-08-04 20:04:01,328 INFO [org.junit.Test] zero00463
2016-08-04 20:04:01,328 INFO [org.junit.Test] zero00464
2016-08-04 20:04:01,328 INFO [org.junit.Test] zero00465
2016-08-04 20:04:01,328 INFO [org.junit.Test] zero00466
2016-08-04 20:04:01,328 INFO [org.junit.Test] zero00467
2016-08-04 20:04:01,328 INFO [org.junit.Test] zero00468
2016-08-04 20:04:01,328 INFO [org.junit.Test] zero00469
2016-08-04 20:04:01,328 INFO [org.junit.Test] zero00470
2016-08-04 20:04:01,328 INFO [org.junit.Test] zero00471
2016-08-04 20:04:01,328 INFO [org.junit.Test] zero00472
2016-08-04 20:04:01,328 INFO [org.junit.Test] zero00473
2016-08-04 20:04:01,328 INFO [org.junit.Test] zero00474
2016-08-04 20:04:01,328 INFO [org.junit.Test] zero00475
2016-08-04 20:04:01,328 INFO [org.junit.Test] zero00476
2016-08-04 20:04:01,328 INFO [org.junit.Test] zero00477
2016-08-04 20:04:01,328 INFO [org.junit.Test] zero00478
2016-08-04 20:04:01,328 INFO [org.junit.Test] zero00479
2016-08-04 20:04:01,328 INFO [org.junit.Test] zero00480
2016-08-04 20:04:01,328 INFO [org.junit.Test] zero00481
2016-08-04 20:04:01,328 INFO [org.junit.Test] zero00482
2016-08-04 20:04:01,328 INFO [org.junit.Test] zero00483
2016-08-04 20:04:01,328 INFO [org.junit.Test] zero00484
2016-08-04 20:04:01,328 INFO [org.junit.Test] zero00485
2016-08-04 20:04:01,328 INFO [org.junit.Test] zero00486
2016-08-04 20:04:01,328 INFO [org.junit.Test] zero00487
2016-08-04 20:04:01,328 INFO [org.junit.Test] zero00488
2016-08-04 20:04:01,328 INFO [org.junit.Test] zero00489
2016-08-04 20:04:01,328 INFO [org.junit.Test] zero00490
2016-08-04 20:04:01,328 INFO [org.junit.Test] zero00491
2016-08-04 20:04:01,328 INFO [org.junit.Test] zero00492
2016-08-04 20:04:01,328 INFO [org.junit.Test] zero00493
2016-08-04 20:04:01,328 INFO [org.junit.Test] zero00494
2016-08-04 20:04:01,328 INFO [org.junit.Test] zero00495
2016-08-04 20:04:01,328 INFO [org.junit.Test] zero00496
2016-08-04 20:04:01,328 INFO [org.junit.Test] zero00497
2016-08-04 20:04:01,328 INFO [org.junit.Test] zero00498
2016-08-04 20:04:01,328 INFO [org.junit.Test] zero00499
2016-08-04 20:04:01,328 INFO [org.junit.Test] zero00500
2016-08-04 20:04:01,328 INFO [org.junit.Test] zero00501
2016-08-04 20:04:01,328 INFO [org.junit.Test] zero00502
2016-08-04 20:04:01,328 INFO [org.junit.Test] zero00503
2016-08-04 20:04:01,328 INFO [org.junit.Test] zero00504
2016-08-04 20:04:01,328 INFO [org.junit.Test] zero00505
2016-08-04 20:04:01,328 INFO [org.junit.Test] zero00506
2016-08-04 20:04:01,328 INFO [org.junit.Test] zero00507
2016-08-04 20:04:01,328 INFO [org.junit.Test] zero00508
2016-08-04 20:04:01,328 INFO [org.junit.Test] zero00509
2016-08-04 20:04:01,328 INFO [org.junit.Test] zero00510
2016-08-04 20:04:01,328 INFO [org.junit.Test] zero00511
2016-08-04 20:04:01,328 INFO [org.junit.Test] zero00512
2016-08-04 20:04:01,328 INFO [org.junit.Test] zero00513
2016-08-04 20:04:01,328 INFO [org.junit.Test] zero00514
2016-08-04 20:04:01,328 INFO [org.junit.Test] zero00515
2016-08-04 20:04:01,328 INFO [org.junit.Test] zero00516
2016-08-04 20:04:01,328 INFO [org.junit.Test] zero00517
2016-08-04 20:04:01,328 INFO [org.junit.Test] zero00518
2016-08-04 20:04:01,328 INFO [org.junit.Test] zero00519
2016-08-04 20:04:01,328 INFO [org.junit.Test] zero00520
2016-08-04 20:04:01,328 INFO [org.junit.Test] zero00521
2016-08-04 20:04:01,328 INFO [org.junit.Test] zero00522
2016-08-04 20:04:01,328 INFO [org.junit.Test] zero00523
2016-08-04 20:04:01,328 INFO [org.junit.Test] zero00524
2016-08-04 20:04:01,328 INFO [org.junit.Test] zero00525
2016-08-04 20:04:01,328 INFO [org.junit.Test] zero00526
2016-08-04 20:04:01,328 INFO [org.junit.Test] zero00527
2016-08-04 20:04:01,328 INFO [org.junit.Test] zero00528
2016-08-04 20:04:01,328 INFO [org.junit.Test] zero00529
2016-08-04 20:04:01,328 INFO [org.junit.Test] zero00530
2016-08-04 20:04:01,328 INFO [org.junit.Test] zero00531
2016-08-04 20:04:01,328 INFO [org.junit.Test] zero00532
2016-08-04 20:04:01,328 INFO [org.junit.Test] zero00533
2016-08-04 20:04:01,328 INFO [org.junit.Test] zero00534
2016-08-04 20:04:01,328 INFO [org.junit.Test] zero00535
2016-08-04 20:04:01,328 INFO [org.junit.Test] zero00536
2016-08-04 20:04:01,328 INFO [org.junit.Test] zero00537
2016-08-04 20:04:01,328 INFO [org.junit.Test] zero00538
2016-08-04 20:04:01,328 INFO [org.junit.Test] zero00539
2016-08-04 20:04:01,328 INFO [org.junit.Test] zero00540
2016-08-04 20:04:01,328 INFO [org.junit.Test] zero00541
2016-08-04 20:04:01,328 INFO [org.junit.Test] zero00542
2016-08-04 20:04:01,328 INFO [org.junit.Test] zero00543
2016-08-04 20:04:01,328 INFO [org.junit.Test] zero00544
2016-08-04 20:04:01,328 INFO [org.junit.Test] zero00545
2016-08-04 20:04:01,328 INFO [org.junit.Test] zero00546
2016-08-04 20:04:01,328 INFO [org.junit.Test] zero00547
2016-08-04 20:04:01,328 INFO [org.junit.Test] zero00548
2016-08-04 20:04:01,328 INFO [org.junit.Test] zero00549
2016-08-04 20:04:01,328 INFO [org.junit.Test] zero00550
2016-08-04 20:04:01,328 INFO [org.junit.Test] zero00551
2016-08-04 20:04:01,328 INFO [org.junit.Test] zero00552
2016-08-04 20:04:01,328 INFO [org.junit.Test] zero00553
2016-08-04 20:04:01,328 INFO [org.junit.Test] zero00554
2016-08-04 20:04:01,328 INFO [org.junit.Test] zero00555
2016-08-04 20:04:01,328 INFO [org.junit.Test] zero00556
2016-08-04 20:04:01,328 INFO [org.junit.Test] zero00557
2016-08-04 20:04:01,328 INFO [org.junit.Test] zero00558
2016-08-04 20:04:01,328 INFO [org.junit.Test] zero00559
2016-08-04 20:04:01,328 INFO [org.junit.Test] zero00560
2016-08-04 20:04:01,328 INFO [org.junit.Test] zero00561
2016-08-04 20:04:01,328 INFO [org.junit.Test] zero00562
2016-08-04 20:04:01,328 INFO [org.junit.Test] zero00563
2016-08-04 20:04:01,328 INFO [org.junit.Test] zero00564
2016-08-04 20:04:01,328 INFO [org.junit.Test] zero00565
2016-08-04 20:04:01,328 INFO [org.junit.Test] zero00566
2016-08-04 20:04:01,328 INFO [org.junit.Test] zero00567
2016-08-04 20:04:01,328 INFO [org.junit.Test] zero00568
2016-08-04 20:04:01,328 INFO [org.junit.Test] zero00569
2016-08-04 20:04:01,328 INFO [org.junit.Test] zero00570
2016-08-04 20:04:01,328 INFO [org.junit.Test] zero00571
2016-08-04 20:04:01,328 INFO [org.junit.Test] zero00572
2016-08-04 20:04:01,328 INFO [org.junit.Test] zero00573
2016-08-04 20:04:01,328 INFO [org.junit.Test] zero00574
2016-08-04 20:04:01,328 INFO [org.junit.Test] zero00575
2016-08-04 20:04:01,328 INFO [org.junit.Test] zero00576
2016-08-04 20:04:01,328 INFO [org.junit.Test] zero00577
2016-08-04 20:04:01,328 INFO [org.junit.Test] zero00578
2016-08-04 20:04:01,328 INFO [org.junit.Test] zero00579
2016-08-04 20:04:01,328 INFO [org.junit.Test] zero00580
2016-08-04 20:04:01,328 INFO [org.junit.Test] zero00581
2016-08-04 20:04:01,328 INFO [org.junit.Test] zero00582
2016-08-04 20:04:01,328 INFO [org.junit.Test] zero00583
2016-08-04 20:04:01,328 INFO [org.junit.Test] zero00584
2016-08-04 20:04:01,328 INFO [org.junit.Test] zero00585
2016-08-04 20:04:01,328 INFO [org.junit.Test] zero00586
2016-08-04 20:04:01,328 INFO [org.junit.Test] zero00587
2016-08-04 20:04:01,328 INFO [org.junit.Test] zero00588
2016-08-04 20:04:01,328 INFO [org.junit.Test] zero00589
2016-08-04 20:04:01,328 INFO [org.junit.Test] zero00590
2016-08-04 20:04:01,328 INFO [org.junit.Test] zero00591
2016-08-04 20:04:01,328 INFO [org.junit.Test] zero00592
2016-08-04 20:04:01,328 INFO [org.junit.Test] zero00593
2016-08-04 20:04:01,328 INFO [org.junit.Test] zero00594
2016-08-04 20:04:01,328 INFO [org.junit.Test] zero00595
2016-08-04 20:04:01,328 INFO [org.junit.Test] zero00596
2016-08-04 20:04:01,328 INFO [org.junit.Test] zero00597
2016-08-04 20:04:01,328 INFO [org.junit.Test] zero00598
2016-08-04 20:04:01,328 INFO [org.junit.Test] zero00599
2016-08-04 20:04:01,328 INFO [org.junit.Test] zero00600
2016-08-04 20:04:01,328 INFO [org.junit.Test] zero00601
2016-08-04 20:04:01,328 INFO [org.junit.Test] zero00602
2016-08-04 20:04:01,328 INFO [org.junit.Test] zero00603
2016-08-04 20:04:01,328 INFO [org.junit.Test] zero00604
2016-08-04 20:04:01,328 INFO [org.junit.Test] zero00605
2016-08-04 20:04:01,328 INFO [org.junit.Test] zero00606
2016-08-04 20:04:01,328 INFO [org.junit.Test] zero00607
2016-08-04 20:04:01,328 INFO [org.junit.Test] zero00608
2016-08-04 20:04:01,328 INFO [org.junit.Test] zero00609
2016-08-04 20:04:01,328 INFO [org.junit.Test] zero00610
2016-08-04 20:04:01,328 INFO [org.junit.Test] zero00611
2016-08-04 20:04:01,328 INFO [org.junit.Test] zero00612
2016-08-04 20:04:01,328 INFO [org.junit.Test] zero00613
2016-08-04 20:04:01,328 INFO [org.junit.Test] zero00614
2016-08-04 20:04:01,328 INFO [org.junit.Test] zero00615
2016-08-04 20:04:01,328 INFO [org.junit.Test] zero00616
2016-08-04 20:04:01,328 INFO [org.junit.Test] zero00617
2016-08-04 20:04:01,328 INFO [org.junit.Test] zero00618
2016-08-04 20:04:01,328 INFO [org.junit.Test] zero00619
2016-08-04 20:04:01,328 INFO [org.junit.Test] zero00620
2016-08-04 20:04:01,328 INFO [org.junit.Test] zero00621
2016-08-04 20:04:01,328 INFO [org.junit.Test] zero00622
2016-08-04 20:04:01,328 INFO [org.junit.Test] zero00623
2016-08-04 20:04:01,328 INFO [org.junit.Test] zero00624
2016-08-04 20:04:01,328 INFO [org.junit.Test] zero00625
2016-08-04 20:04:01,328 INFO [org.junit.Test] zero00626
2016-08-04 20:04:01,328 INFO [org.junit.Test] zero00627
2016-08-04 20:04:01,328 INFO [org.junit.Test] zero00628
2016-08-04 20:04:01,328 INFO [org.junit.Test] zero00629
2016-08-04 20:04:01,328 INFO [org.junit.Test] zero00630
2016-08-04 20:04:01,328 INFO [org.junit.Test] zero00631
2016-08-04 20:04:01,328 INFO [org.junit.Test] zero00632
2016-08-04 20:04:01,328 INFO [org.junit.Test] zero00633
2016-08-04 20:04:01,328 INFO [org.junit.Test] zero00634
2016-08-04 20:04:01,328 INFO [org.junit.Test] zero00635
2016-08-04 20:04:01,328 INFO [org.junit.Test] zero00636
2016-08-04 20:04:01,328 INFO [org.junit.Test] zero00637
2016-08-04 20:04:01,328 INFO [org.junit.Test] zero00638
2016-08-04 20:04:01,328 INFO [org.junit.Test] zero00639
2016-08-04 20:04:01,328 INFO [org.junit.Test] zero00640
2016-08-04 20:04:01,328 INFO [org.junit.Test] zero00641
2016-08-04 20:04:01,328 INFO [org.junit.Test] zero00642
2016-08-04 20:04:01,328 INFO [org.junit.Test] zero00643
2016-08-04 20:04:01,328 INFO [org.junit.Test] zero00644
2016-08-04 20:04:01,328 INFO [org.junit.Test] zero00645
2016-08-04 20:04:01,328 INFO [org.junit.Test] zero00646
2016-08-04 20:04:01,328 INFO [org.junit.Test] zero00647
2016-08-04 20:04:01,328 INFO [org.junit.Test] zero00648
2016-08-04 20:04:01,328 INFO [org.junit.Test] zero00649
2016-08-04 20:04:01,328 INFO [org.junit.Test] zero00650
2016-08-04 20:04:01,328 INFO [org.junit.Test] zero00651
2016-08-04 20:04:01,328 INFO [org.junit.Test] zero00652
2016-08-04 20:04:01,328 INFO [org.junit.Test] zero00653
2016-08-04 20:04:01,328 INFO [org.junit.Test] zero00654
2016-08-04 20:04:01,328 INFO [org.junit.Test] zero00655
2016-08-04 20:04:01,328 INFO [org.junit.Test] zero00656
2016-08-04 20:04:01,328 INFO [org.junit.Test] zero00657
2016-08-04 20:04:01,328 INFO [org.junit.Test] zero00658
2016-08-04 20:04:01,328 INFO [org.junit.Test] zero00659
2016-08-04 20:04:01,328 INFO [org.junit.Test] zero00660
2016-08-04 20:04:01,328 INFO [org.junit.Test] zero00661
2016-08-04 20:04:01,328 INFO [org.junit.Test] zero00662
2016-08-04 20:04:01,328 INFO [org.junit.Test] zero00663
2016-08-04 20:04:01,328 INFO [org.junit.Test] zero00664
2016-08-04 20:04:01,328 INFO [org.junit.Test] zero00665
2016-08-04 20:04:01,328 INFO [org.junit.Test] zero00666
2016-08-04 20:04:01,328 INFO [org.junit.Test] zero00667
2016-08-04 20:04:01,328 INFO [org.junit.Test] zero00668
2016-08-04 20:04:01,328 INFO [org.junit.Test] zero00669
2016-08-04 20:04:01,328 INFO [org.junit.Test] zero00670
2016-08-04 20:04:01,328 INFO [org.junit.Test] zero00671
2016-08-04 20:04:01,328 INFO [org.junit.Test] zero00672
2016-08-04 20:04:01,328 INFO [org.junit.Test] zero00673
2016-08-04 20:04:01,328 INFO [org.junit.Test] zero00674
2016-08-04 20:04:01,328 INFO [org.junit.Test] zero00675
2016-08-04 20:04:01,328 INFO [org.junit.Test] zero00676
2016-08-04 20:04:01,328 INFO [org.junit.Test] zero00677
2016-08-04 20:04:01,328 INFO [org.junit.Test] zero00678
2016-08-04 20:04:01,328 INFO [org.junit.Test] zero00679
2016-08-04 20:04:01,328 INFO [org.junit.Test] zero00680
2016-08-04 20:04:01,328 INFO [org.junit.Test] zero00681
2016-08-04 20:04:01,328 INFO [org.junit.Test] zero00682
2016-08-04 20:04:01,328 INFO [org.junit.Test] zero00683
2016-08-04 20:04:01,328 INFO [org.junit.Test] zero00684
2016-08-04 20:04:01,328 INFO [org.junit.Test] zero00685
2016-08-04 20:04:01,328 INFO [org.junit.Test] zero00686
2016-08-04 20:04:01,328 INFO [org.junit.Test] zero00687
2016-08-04 20:04:01,328 INFO [org.junit.Test] zero00688
2016-08-04 20:04:01,328 INFO [org.junit.Test] zero00689
2016-08-04 20:04:01,328 INFO [org.junit.Test] zero00690
2016-08-04 20:04:01,328 INFO [org.junit.Test] zero00691
2016-08-04 20:04:01,328 INFO [org.junit.Test] zero00692
2016-08-04 20:04:01,328 INFO [org.junit.Test] zero00693
2016-08-04 20:04:01,328 INFO [org.junit.Test] zero00694
2016-08-04 20:04:01,328 INFO [org.junit.Test] zero00695
2016-08-04 20:04:01,328 INFO [org.junit.Test] zero00696
2016-08-04 20:04:01,328 INFO [org.junit.Test] zero00697
2016-08-04 20:04:01,328 INFO [org.junit.Test] zero00698
2016-08-04 20:04:01,328 INFO [org.junit.Test] zero00699
2016-08-04 20:04:01,328 INFO [org.junit.Test] zero00700
2016-08-04 20:04:01,328 INFO [org.junit.Test] zero00701
2016-08-04 20:04:01,328 INFO [org.junit.Test] zero00702
2016-08-04 20:04:01,328 INFO [org.junit.Test] zero00703
2016-08-04 20:04:01,328 INFO [org.junit.Test] zero00704
2016-08-04 20:04:01,328 INFO [org.junit.Test] zero00705
2016-08-04 20:04:01,328 INFO [org.junit.Test] zero00706
2016-08-04 20:04:01,328 INFO [org.junit.Test] zero00707
2016-08-04 20:04:01,328 INFO [org.junit.Test] zero00708
2016-08-04 20:04:01,328 INFO [org.junit.Test] zero00709
2016-08-04 20:04:01,328 INFO [org.junit.Test] zero00710
2016-08-04 20:04:01,328 INFO [org.junit.Test] zero00711
2016-08-04 20:04:01,328 INFO [org.junit.Test] zero00712
2016-08-04 20:04:01,328 INFO [org.junit.Test] zero00713
2016-08-04 20:04:01,328 INFO [org.junit.Test] zero00714
2016-08-04 20:04:01,328 INFO [org.junit.Test] zero00715
2016-08-04 20:04:01,328 INFO [org.junit.Test] zero00716
2016-08-04 20:04:01,328 INFO [org.junit.Test] zero00717
2016-08-04 20:04:01,328 INFO [org.junit.Test] zero00718
2016-08-04 20:04:01,328 INFO [org.junit.Test] zero00719
2016-08-04 20:04:01,328 INFO [org.junit.Test] zero00720
2016-08-04 20:04:01,328 INFO [org.junit.Test] zero00721
2016-08-04 20:04:01,328 INFO [org.junit.Test] zero00722
2016-08-04 20:04:01,328 INFO [org.junit.Test] zero00723
2016-08-04 20:04:01,328 INFO [org.junit.Test] zero00724
2016-08-04 20:04:01,328 INFO [org.junit.Test] zero00725
2016-08-04 20:04:01,328 INFO [org.junit.Test] zero00726
2016-08-04 20:04:01,328 INFO [org.junit.Test] zero00727
2016-08-04 20:04:01,328 INFO [org.junit.Test] zero00728
2016-08-04 20:04:01,328 INFO [org.junit.Test] zero00729
2016-08-04 20:04:01,328 INFO [org.junit.Test] zero00730
2016-08-04 20:04:01,328 INFO [org.junit.Test] zero00731
2016-08-04 20:04:01,328 INFO [org.junit.Test] zero00732
2016-08-04 20:04:01,329 INFO [org.junit.Test] zero00733
2016-08-04 20:04:01,329 INFO [org.junit.Test] zero00734
2016-08-04 20:04:01,329 INFO [org.junit.Test] zero00735
2016-08-04 20:04:01,329 INFO [org.junit.Test] zero00736
2016-08-04 20:04:01,329 INFO [org.junit.Test] zero00737
2016-08-04 20:04:01,329 INFO [org.junit.Test] zero00738
2016-08-04 20:04:01,329 INFO [org.junit.Test] zero00739
2016-08-04 20:04:01,329 INFO [org.junit.Test] zero00740
2016-08-04 20:04:01,329 INFO [org.junit.Test] zero00741
2016-08-04 20:04:01,329 INFO [org.junit.Test] zero00742
2016-08-04 20:04:01,329 INFO [org.junit.Test] zero00743
2016-08-04 20:04:01,329 INFO [org.junit.Test] zero00744
2016-08-04 20:04:01,329 INFO [org.junit.Test] zero00745
2016-08-04 20:04:01,329 INFO [org.junit.Test] zero00746
2016-08-04 20:04:01,329 INFO [org.junit.Test] zero00747
2016-08-04 20:04:01,329 INFO [org.junit.Test] zero00748
2016-08-04 20:04:01,329 INFO [org.junit.Test] zero00749
2016-08-04 20:04:01,329 INFO [org.junit.Test] zero00750
2016-08-04 20:04:01,329 INFO [org.junit.Test] zero00751
2016-08-04 20:04:01,329 INFO [org.junit.Test] zero00752
2016-08-04 20:04:01,329 INFO [org.junit.Test] zero00753
2016-08-04 20:04:01,329 INFO [org.junit.Test] zero00754
2016-08-04 20:04:01,329 INFO [org.junit.Test] zero00755
2016-08-04 20:04:01,329 INFO [org.junit.Test] zero00756
2016-08-04 20:04:01,329 INFO [org.junit.Test] zero00757
2016-08-04 20:04:01,329 INFO [org.junit.Test] zero00758
2016-08-04 20:04:01,329 INFO [org.junit.Test] zero00759
2016-08-04 20:04:01,329 INFO [org.junit.Test] zero00760
2016-08-04 20:04:01,329 INFO [org.junit.Test] zero00761
2016-08-04 20:04:01,329 INFO [org.junit.Test] zero00762
2016-08-04 20:04:01,329 INFO [org.junit.Test] zero00763
2016-08-04 20:04:01,329 INFO [org.junit.Test] zero00764
2016-08-04 20:04:01,329 INFO [org.junit.Test] zero00765
2016-08-04 20:04:01,329 INFO [org.junit.Test] zero00766
2016-08-04 20:04:01,329 INFO [org.junit.Test] zero00767
2016-08-04 20:04:01,329 INFO [org.junit.Test] zero00768
2016-08-04 20:04:01,329 INFO [org.junit.Test] zero00769
2016-08-04 20:04:01,329 INFO [org.junit.Test] zero00770
2016-08-04 20:04:01,329 INFO [org.junit.Test] zero00771
2016-08-04 20:04:01,329 INFO [org.junit.Test] zero00772
2016-08-04 20:04:01,329 INFO [org.junit.Test] zero00773
2016-08-04 20:04:01,329 INFO [org.junit.Test] zero00774
2016-08-04 20:04:01,329 INFO [org.junit.Test] zero00775
2016-08-04 20:04:01,329 INFO [org.junit.Test] zero00776
2016-08-04 20:04:01,329 INFO [org.junit.Test] zero00777
2016-08-04 20:04:01,329 INFO [org.junit.Test] zero00778
2016-08-04 20:04:01,329 INFO [org.junit.Test] zero00779
2016-08-04 20:04:01,329 INFO [org.junit.Test] zero00780
2016-08-04 20:04:01,329 INFO [org.junit.Test] zero00781
2016-08-04 20:04:01,329 INFO [org.junit.Test] zero00782
2016-08-04 20:04:01,329 INFO [org.junit.Test] zero00783
2016-08-04 20:04:01,329 INFO [org.junit.Test] zero00784
2016-08-04 20:04:01,329 INFO [org.junit.Test] zero00785
2016-08-04 20:04:01,329 INFO [org.junit.Test] zero00786
2016-08-04 20:04:01,329 INFO [org.junit.Test] zero00787
2016-08-04 20:04:01,329 INFO [org.junit.Test] zero00788
2016-08-04 20:04:01,329 INFO [org.junit.Test] zero00789
2016-08-04 20:04:01,329 INFO [org.junit.Test] zero00790
2016-08-04 20:04:01,329 INFO [org.junit.Test] zero00791
2016-08-04 20:04:01,329 INFO [org.junit.Test] zero00792
2016-08-04 20:04:01,329 INFO [org.junit.Test] zero00793
2016-08-04 20:04:01,329 INFO [org.junit.Test] zero00794
2016-08-04 20:04:01,329 INFO [org.junit.Test] zero00795
2016-08-04 20:04:01,329 INFO [org.junit.Test] zero00796
2016-08-04 20:04:01,329 INFO [org.junit.Test] zero00797
2016-08-04 20:04:01,329 INFO [org.junit.Test] zero00798
2016-08-04 20:04:01,329 INFO [org.junit.Test] zero00799
2016-08-04 20:04:01,329 INFO [org.junit.Test] zero00800
2016-08-04 20:04:01,329 INFO [org.junit.Test] zero00801
2016-08-04 20:04:01,329 INFO [org.junit.Test] zero00802
2016-08-04 20:04:01,329 INFO [org.junit.Test] zero00803
2016-08-04 20:04:01,329 INFO [org.junit.Test] zero00804
2016-08-04 20:04:01,329 INFO [org.junit.Test] zero00805
2016-08-04 20:04:01,329 INFO [org.junit.Test] zero00806
2016-08-04 20:04:01,329 INFO [org.junit.Test] zero00807
2016-08-04 20:04:01,329 INFO [org.junit.Test] zero00808
2016-08-04 20:04:01,329 INFO [org.junit.Test] zero00809
2016-08-04 20:04:01,329 INFO [org.junit.Test] zero00810
2016-08-04 20:04:01,329 INFO [org.junit.Test] zero00811
2016-08-04 20:04:01,329 INFO [org.junit.Test] zero00812
2016-08-04 20:04:01,329 INFO [org.junit.Test] zero00813
2016-08-04 20:04:01,329 INFO [org.junit.Test] zero00814
2016-08-04 20:04:01,329 INFO [org.junit.Test] zero00815
2016-08-04 20:04:01,329 INFO [org.junit.Test] zero00816
2016-08-04 20:04:01,329 INFO [org.junit.Test] zero00817
2016-08-04 20:04:01,329 INFO [org.junit.Test] zero00818
2016-08-04 20:04:01,329 INFO [org.junit.Test] zero00819
2016-08-04 20:04:01,329 INFO [org.junit.Test] zero00820
2016-08-04 20:04:01,329 INFO [org.junit.Test] zero00821
2016-08-04 20:04:01,329 INFO [org.junit.Test] zero00822
2016-08-04 20:04:01,329 INFO [org.junit.Test] zero00823
2016-08-04 20:04:01,329 INFO [org.junit.Test] zero00824
2016-08-04 20:04:01,329 INFO [org.junit.Test] zero00825
2016-08-04 20:04:01,329 INFO [org.junit.Test] zero00826
2016-08-04 20:04:01,329 INFO [org.junit.Test] zero00827
2016-08-04 20:04:01,329 INFO [org.junit.Test] zero00828
2016-08-04 20:04:01,329 INFO [org.junit.Test] zero00829
2016-08-04 20:04:01,329 INFO [org.junit.Test] zero00830
2016-08-04 20:04:01,329 INFO [org.junit.Test] zero00831
2016-08-04 20:04:01,329 INFO [org.junit.Test] zero00832
2016-08-04 20:04:01,329 INFO [org.junit.Test] zero00833
2016-08-04 20:04:01,329 INFO [org.junit.Test] zero00834
2016-08-04 20:04:01,329 INFO [org.junit.Test] zero00835
2016-08-04 20:04:01,329 INFO [org.junit.Test] zero00836
2016-08-04 20:04:01,329 INFO [org.junit.Test] zero00837
2016-08-04 20:04:01,329 INFO [org.junit.Test] zero00838
2016-08-04 20:04:01,329 INFO [org.junit.Test] zero00839
2016-08-04 20:04:01,329 INFO [org.junit.Test] zero00840
2016-08-04 20:04:01,329 INFO [org.junit.Test] zero00841
2016-08-04 20:04:01,329 INFO [org.junit.Test] zero00842
2016-08-04 20:04:01,329 INFO [org.junit.Test] zero00843
2016-08-04 20:04:01,329 INFO [org.junit.Test] zero00844
2016-08-04 20:04:01,329 INFO [org.junit.Test] zero00845
2016-08-04 20:04:01,329 INFO [org.junit.Test] zero00846
2016-08-04 20:04:01,329 INFO [org.junit.Test] zero00847
2016-08-04 20:04:01,329 INFO [org.junit.Test] zero00848
2016-08-04 20:04:01,329 INFO [org.junit.Test] zero00849
2016-08-04 20:04:01,329 INFO [org.junit.Test] zero00850
2016-08-04 20:04:01,329 INFO [org.junit.Test] zero00851
2016-08-04 20:04:01,329 INFO [org.junit.Test] zero00852
2016-08-04 20:04:01,329 INFO [org.junit.Test] zero00853
2016-08-04 20:04:01,329 INFO [org.junit.Test] zero00854
2016-08-04 20:04:01,329 INFO [org.junit.Test] zero00855
2016-08-04 20:04:01,329 INFO [org.junit.Test] zero00856
2016-08-04 20:04:01,329 INFO [org.junit.Test] zero00857
2016-08-04 20:04:01,329 INFO [org.junit.Test] zero00858
2016-08-04 20:04:01,329 INFO [org.junit.Test] zero00859
2016-08-04 20:04:01,329 INFO [org.junit.Test] zero00860
2016-08-04 20:04:01,329 INFO [org.junit.Test] zero00861
2016-08-04 20:04:01,329 INFO [org.junit.Test] zero00862
2016-08-04 20:04:01,329 INFO [org.junit.Test] zero00863
2016-08-04 20:04:01,329 INFO [org.junit.Test] zero00864
2016-08-04 20:04:01,329 INFO [org.junit.Test] zero00865
2016-08-04 20:04:01,329 INFO [org.junit.Test] zero00866
2016-08-04 20:04:01,329 INFO [org.junit.Test] zero00867
2016-08-04 20:04:01,329 INFO [org.junit.Test] zero00868
2016-08-04 20:04:01,329 INFO [org.junit.Test] zero00869
2016-08-04 20:04:01,329 INFO [org.junit.Test] zero00870
2016-08-04 20:04:01,329 INFO [org.junit.Test] zero00871
2016-08-04 20:04:01,329 INFO [org.junit.Test] zero00872
2016-08-04 20:04:01,329 INFO [org.junit.Test] zero00873
2016-08-04 20:04:01,329 INFO [org.junit.Test] zero00874
2016-08-04 20:04:01,329 INFO [org.junit.Test] zero00875
2016-08-04 20:04:01,329 INFO [org.junit.Test] zero00876
2016-08-04 20:04:01,329 INFO [org.junit.Test] zero00877
2016-08-04 20:04:01,329 INFO [org.junit.Test] zero00878
2016-08-04 20:04:01,329 INFO [org.junit.Test] zero00879
2016-08-04 20:04:01,329 INFO [org.junit.Test] zero00880
2016-08-04 20:04:01,329 INFO [org.junit.Test] zero00881
2016-08-04 20:04:01,329 INFO [org.junit.Test] zero00882
2016-08-04 20:04:01,329 INFO [org.junit.Test] zero00883
2016-08-04 20:04:01,329 INFO [org.junit.Test] zero00884
2016-08-04 20:04:01,329 INFO [org.junit.Test] zero00885
2016-08-04 20:04:01,329 INFO [org.junit.Test] zero00886
2016-08-04 20:04:01,329 INFO [org.junit.Test] zero00887
2016-08-04 20:04:01,329 INFO [org.junit.Test] zero00888
2016-08-04 20:04:01,329 INFO [org.junit.Test] zero00889
2016-08-04 20:04:01,329 INFO [org.junit.Test] zero00890
2016-08-04 20:04:01,329 INFO [org.junit.Test] zero00891
2016-08-04 20:04:01,329 INFO [org.junit.Test] zero00892
2016-08-04 20:04:01,329 INFO [org.junit.Test] zero00893
2016-08-04 20:04:01,329 INFO [org.junit.Test] zero00894
2016-08-04 20:04:01,329 INFO [org.junit.Test] zero00895
2016-08-04 20:04:01,329 INFO [org.junit.Test] zero00896
2016-08-04 20:04:01,329 INFO [org.junit.Test] zero00897
2016-08-04 20:04:01,329 INFO [org.junit.Test] zero00898
2016-08-04 20:04:01,329 INFO [org.junit.Test] zero00899
2016-08-04 20:04:01,329 INFO [org.junit.Test] zero00900
2016-08-04 20:04:01,329 INFO [org.junit.Test] zero00901
2016-08-04 20:04:01,329 INFO [org.junit.Test] zero00902
2016-08-04 20:04:01,329 INFO [org.junit.Test] zero00903
2016-08-04 20:04:01,329 INFO [org.junit.Test] zero00904
2016-08-04 20:04:01,329 INFO [org.junit.Test] zero00905
2016-08-04 20:04:01,329 INFO [org.junit.Test] zero00906
2016-08-04 20:04:01,329 INFO [org.junit.Test] zero00907
2016-08-04 20:04:01,329 INFO [org.junit.Test] zero00908
2016-08-04 20:04:01,329 INFO [org.junit.Test] zero00909
2016-08-04 20:04:01,329 INFO [org.junit.Test] zero00910
2016-08-04 20:04:01,329 INFO [org.junit.Test] zero00911
2016-08-04 20:04:01,329 INFO [org.junit.Test] zero00912
2016-08-04 20:04:01,329 INFO [org.junit.Test] zero00913
2016-08-04 20:04:01,329 INFO [org.junit.Test] zero00914
2016-08-04 20:04:01,329 INFO [org.junit.Test] zero00915
2016-08-04 20:04:01,329 INFO [org.junit.Test] zero00916
2016-08-04 20:04:01,329 INFO [org.junit.Test] zero00917
2016-08-04 20:04:01,329 INFO [org.junit.Test] zero00918
2016-08-04 20:04:01,329 INFO [org.junit.Test] zero00919
2016-08-04 20:04:01,329 INFO [org.junit.Test] zero00920
2016-08-04 20:04:01,329 INFO [org.junit.Test] zero00921
2016-08-04 20:04:01,329 INFO [org.junit.Test] zero00922
2016-08-04 20:04:01,329 INFO [org.junit.Test] zero00923
2016-08-04 20:04:01,329 INFO [org.junit.Test] zero00924
2016-08-04 20:04:01,329 INFO [org.junit.Test] zero00925
2016-08-04 20:04:01,329 INFO [org.junit.Test] zero00926
2016-08-04 20:04:01,329 INFO [org.junit.Test] zero00927
2016-08-04 20:04:01,329 INFO [org.junit.Test] zero00928
2016-08-04 20:04:01,329 INFO [org.junit.Test] zero00929
2016-08-04 20:04:01,329 INFO [org.junit.Test] zero00930
2016-08-04 20:04:01,329 INFO [org.junit.Test] zero00931
2016-08-04 20:04:01,329 INFO [org.junit.Test] zero00932
2016-08-04 20:04:01,329 INFO [org.junit.Test] zero00933
2016-08-04 20:04:01,329 INFO [org.junit.Test] zero00934
2016-08-04 20:04:01,329 INFO [org.junit.Test] zero00935
2016-08-04 20:04:01,329 INFO [org.junit.Test] zero00936
2016-08-04 20:04:01,329 INFO [org.junit.Test] zero00937
2016-08-04 20:04:01,329 INFO [org.junit.Test] zero00938
2016-08-04 20:04:01,329 INFO [org.junit.Test] zero00939
2016-08-04 20:04:01,329 INFO [org.junit.Test] zero00940
2016-08-04 20:04:01,329 INFO [org.junit.Test] zero00941
2016-08-04 20:04:01,329 INFO [org.junit.Test] zero00942
2016-08-04 20:04:01,329 INFO [org.junit.Test] zero00943
2016-08-04 20:04:01,329 INFO [org.junit.Test] zero00944
2016-08-04 20:04:01,329 INFO [org.junit.Test] zero00945
2016-08-04 20:04:01,329 INFO [org.junit.Test] zero00946
2016-08-04 20:04:01,329 INFO [org.junit.Test] zero00947
2016-08-04 20:04:01,329 INFO [org.junit.Test] zero00948
2016-08-04 20:04:01,329 INFO [org.junit.Test] zero00949
2016-08-04 20:04:01,329 INFO [org.junit.Test] zero00950
2016-08-04 20:04:01,329 INFO [org.junit.Test] zero00951
2016-08-04 20:04:01,329 INFO [org.junit.Test] zero00952
2016-08-04 20:04:01,329 INFO [org.junit.Test] zero00953
2016-08-04 20:04:01,329 INFO [org.junit.Test] zero00954
2016-08-04 20:04:01,329 INFO [org.junit.Test] zero00955
2016-08-04 20:04:01,329 INFO [org.junit.Test] zero00956
2016-08-04 20:04:01,329 INFO [org.junit.Test] zero00957
2016-08-04 20:04:01,329 INFO [org.junit.Test] zero00958
2016-08-04 20:04:01,329 INFO [org.junit.Test] zero00959
2016-08-04 20:04:01,329 INFO [org.junit.Test] zero00960
2016-08-04 20:04:01,329 INFO [org.junit.Test] zero00961
2016-08-04 20:04:01,329 INFO [org.junit.Test] zero00962
2016-08-04 20:04:01,329 INFO [org.junit.Test] zero00963
2016-08-04 20:04:01,329 INFO [org.junit.Test] zero00964
2016-08-04 20:04:01,329 INFO [org.junit.Test] zero00965
2016-08-04 20:04:01,329 INFO [org.junit.Test] zero00966
2016-08-04 20:04:01,329 INFO [org.junit.Test] zero00967
2016-08-04 20:04:01,329 INFO [org.junit.Test] zero00968
2016-08-04 20:04:01,329 INFO [org.junit.Test] zero00969
2016-08-04 20:04:01,329 INFO [org.junit.Test] zero00970
2016-08-04 20:04:01,329 INFO [org.junit.Test] zero00971
2016-08-04 20:04:01,329 INFO [org.junit.Test] zero00972
2016-08-04 20:04:01,329 INFO [org.junit.Test] zero00973
2016-08-04 20:04:01,329 INFO [org.junit.Test] zero00974
2016-08-04 20:04:01,329 INFO [org.junit.Test] zero00975
2016-08-04 20:04:01,329 INFO [org.junit.Test] zero00976
2016-08-04 20:04:01,329 INFO [org.junit.Test] zero00977
2016-08-04 20:04:01,329 INFO [org.junit.Test] zero00978
2016-08-04 20:04:01,329 INFO [org.junit.Test] zero00979
2016-08-04 20:04:01,329 INFO [org.junit.Test] zero00980
2016-08-04 20:04:01,329 INFO [org.junit.Test] zero00981
2016-08-04 20:04:01,329 INFO [org.junit.Test] zero00982
2016-08-04 20:04:01,329 INFO [org.junit.Test] zero00983
2016-08-04 20:04:01,329 INFO [org.junit.Test] zero00984
2016-08-04 20:04:01,329 INFO [org.junit.Test] zero00985
2016-08-04 20:04:01,329 INFO [org.junit.Test] zero00986
2016-08-04 20:04:01,329 INFO [org.junit.Test] zero00987
2016-08-04 20:04:01,329 INFO [org.junit.Test] zero00988
2016-08-04 20:04:01,329 INFO [org.junit.Test] zero00989
2016-08-04 20:04:01,329 INFO [org.junit.Test] zero00990
2016-08-04 20:04:01,329 INFO [org.junit.Test] zero00991
2016-08-04 20:04:01,329 INFO [org.junit.Test] zero00992
2016-08-04 20:04:01,329 INFO [org.junit.Test] zero00993
2016-08-04 20:04:01,329 INFO [org.junit.Test] zero00994
2016-08-04 20:04:01,329 INFO [org.junit.Test] zero00995
2016-08-04 20:04:01,329 INFO [org.junit.Test] zero00996
2016-08-04 20:04:01,329 INFO [org.junit.Test] zero00997
2016-08-04 20:04:01,329 INFO [org.junit.Test] zero00998
2016-08-04 20:04:01,329 INFO [org.junit.Test] zero00999
2016-08-04 20:04:04,330 INFO [org.junit.Test] zero000
2016-08-04 20:04:04,330 INFO [org.junit.Test] zero001
2016-08-04 20:04:04,330 INFO [org.junit.Test] zero002
2016-08-04 20:04:04,330 INFO [org.junit.Test] zero003
2016-08-04 20:04:04,330 INFO [org.junit.Test] zero004
2016-08-04 20:04:04,330 INFO [org.junit.Test] zero005
2016-08-04 20:04:04,330 INFO [org.junit.Test] zero006
2016-08-04 20:04:04,330 INFO [org.junit.Test] zero007
2016-08-04 20:04:04,330 INFO [org.junit.Test] zero008
2016-08-04 20:04:04,330 INFO [org.junit.Test] zero009
2016-08-04 20:04:04,330 INFO [org.junit.Test] zero0010
2016-08-04 20:04:04,330 INFO [org.junit.Test] zero0011
2016-08-04 20:04:04,330 INFO [org.junit.Test] zero0012
2016-08-04 20:04:04,330 INFO [org.junit.Test] zero0013
2016-08-04 20:04:04,330 INFO [org.junit.Test] zero0014
2016-08-04 20:04:04,330 INFO [org.junit.Test] zero0015
2016-08-04 20:04:04,330 INFO [org.junit.Test] zero0016
2016-08-04 20:04:04,330 INFO [org.junit.Test] zero0017
2016-08-04 20:04:04,330 INFO [org.junit.Test] zero0018
2016-08-04 20:04:04,330 INFO [org.junit.Test] zero0019
2016-08-04 20:04:04,330 INFO [org.junit.Test] zero0020
2016-08-04 20:04:04,330 INFO [org.junit.Test] zero0021
2016-08-04 20:04:04,330 INFO [org.junit.Test] zero0022
2016-08-04 20:04:04,330 INFO [org.junit.Test] zero0023
2016-08-04 20:04:04,330 INFO [org.junit.Test] zero0024
2016-08-04 20:04:04,330 INFO [org.junit.Test] zero0025
2016-08-04 20:04:04,330 INFO [org.junit.Test] zero0026
2016-08-04 20:04:04,330 INFO [org.junit.Test] zero0027
2016-08-04 20:04:04,330 INFO [org.junit.Test] zero0028
2016-08-04 20:04:04,330 INFO [org.junit.Test] zero0029
2016-08-04 20:04:04,330 INFO [org.junit.Test] zero0030
2016-08-04 20:04:04,330 INFO [org.junit.Test] zero0031
2016-08-04 20:04:04,330 INFO [org.junit.Test] zero0032
2016-08-04 20:04:04,330 INFO [org.junit.Test] zero0033
2016-08-04 20:04:04,330 INFO [org.junit.Test] zero0034
2016-08-04 20:04:04,330 INFO [org.junit.Test] zero0035
2016-08-04 20:04:04,330 INFO [org.junit.Test] zero0036
2016-08-04 20:04:04,330 INFO [org.junit.Test] zero0037
2016-08-04 20:04:04,330 INFO [org.junit.Test] zero0038
2016-08-04 20:04:04,330 INFO [org.junit.Test] zero0039
2016-08-04 20:04:04,330 INFO [org.junit.Test] zero0040
2016-08-04 20:04:04,330 INFO [org.junit.Test] zero0041
2016-08-04 20:04:04,330 INFO [org.junit.Test] zero0042
2016-08-04 20:04:04,330 INFO [org.junit.Test] zero0043
2016-08-04 20:04:04,330 INFO [org.junit.Test] zero0044
2016-08-04 20:04:04,330 INFO [org.junit.Test] zero0045
2016-08-04 20:04:04,330 INFO [org.junit.Test] zero0046
2016-08-04 20:04:04,330 INFO [org.junit.Test] zero0047
2016-08-04 20:04:04,330 INFO [org.junit.Test] zero0048
2016-08-04 20:04:04,330 INFO [org.junit.Test] zero0049
2016-08-04 20:04:04,330 INFO [org.junit.Test] zero0050
2016-08-04 20:04:04,330 INFO [org.junit.Test] zero0051
2016-08-04 20:04:04,330 INFO [org.junit.Test] zero0052
2016-08-04 20:04:04,330 INFO [org.junit.Test] zero0053
2016-08-04 20:04:04,330 INFO [org.junit.Test] zero0054
2016-08-04 20:04:04,330 INFO [org.junit.Test] zero0055
2016-08-04 20:04:04,330 INFO [org.junit.Test] zero0056
2016-08-04 20:04:04,330 INFO [org.junit.Test] zero0057
2016-08-04 20:04:04,330 INFO [org.junit.Test] zero0058
2016-08-04 20:04:04,330 INFO [org.junit.Test] zero0059
2016-08-04 20:04:04,330 INFO [org.junit.Test] zero0060
2016-08-04 20:04:04,330 INFO [org.junit.Test] zero0061
2016-08-04 20:04:04,330 INFO [org.junit.Test] zero0062
2016-08-04 20:04:04,330 INFO [org.junit.Test] zero0063
2016-08-04 20:04:04,330 INFO [org.junit.Test] zero0064
2016-08-04 20:04:04,330 INFO [org.junit.Test] zero0065
2016-08-04 20:04:04,330 INFO [org.junit.Test] zero0066
2016-08-04 20:04:04,330 INFO [org.junit.Test] zero0067
2016-08-04 20:04:04,330 INFO [org.junit.Test] zero0068
2016-08-04 20:04:04,330 INFO [org.junit.Test] zero0069
2016-08-04 20:04:04,330 INFO [org.junit.Test] zero0070
2016-08-04 20:04:04,330 INFO [org.junit.Test] zero0071
2016-08-04 20:04:04,330 INFO [org.junit.Test] zero0072
2016-08-04 20:04:04,330 INFO [org.junit.Test] zero0073
2016-08-04 20:04:04,330 INFO [org.junit.Test] zero0074
2016-08-04 20:04:04,330 INFO [org.junit.Test] zero0075
2016-08-04 20:04:04,330 INFO [org.junit.Test] zero0076
2016-08-04 20:04:04,330 INFO [org.junit.Test] zero0077
2016-08-04 20:04:04,330 INFO [org.junit.Test] zero0078
2016-08-04 20:04:04,330 INFO [org.junit.Test] zero0079
2016-08-04 20:04:04,330 INFO [org.junit.Test] zero0080
2016-08-04 20:04:04,330 INFO [org.junit.Test] zero0081
2016-08-04 20:04:04,330 INFO [org.junit.Test] zero0082
2016-08-04 20:04:04,330 INFO [org.junit.Test] zero0083
2016-08-04 20:04:04,330 INFO [org.junit.Test] zero0084
2016-08-04 20:04:04,330 INFO [org.junit.Test] zero0085
2016-08-04 20:04:04,330 INFO [org.junit.Test] zero0086
2016-08-04 20:04:04,330 INFO [org.junit.Test] zero0087
2016-08-04 20:04:04,330 INFO [org.junit.Test] zero0088
2016-08-04 20:04:04,330 INFO [org.junit.Test] zero0089
2016-08-04 20:04:04,330 INFO [org.junit.Test] zero0090
2016-08-04 20:04:04,330 INFO [org.junit.Test] zero0091
2016-08-04 20:04:04,330 INFO [org.junit.Test] zero0092
2016-08-04 20:04:04,330 INFO [org.junit.Test] zero0093
2016-08-04 20:04:04,330 INFO [org.junit.Test] zero0094
2016-08-04 20:04:04,330 INFO [org.junit.Test] zero0095
2016-08-04 20:04:04,330 INFO [org.junit.Test] zero0096
2016-08-04 20:04:04,330 INFO [org.junit.Test] zero0097
2016-08-04 20:04:04,330 INFO [org.junit.Test] zero0098
2016-08-04 20:04:04,330 INFO [org.junit.Test] zero0099
2016-08-04 20:04:04,330 INFO [org.junit.Test] zero00100
2016-08-04 20:04:04,330 INFO [org.junit.Test] zero00101
2016-08-04 20:04:04,330 INFO [org.junit.Test] zero00102
2016-08-04 20:04:04,330 INFO [org.junit.Test] zero00103
2016-08-04 20:04:04,330 INFO [org.junit.Test] zero00104
2016-08-04 20:04:04,330 INFO [org.junit.Test] zero00105
2016-08-04 20:04:04,330 INFO [org.junit.Test] zero00106
2016-08-04 20:04:04,330 INFO [org.junit.Test] zero00107
2016-08-04 20:04:04,330 INFO [org.junit.Test] zero00108
2016-08-04 20:04:04,330 INFO [org.junit.Test] zero00109
2016-08-04 20:04:04,330 INFO [org.junit.Test] zero00110
2016-08-04 20:04:04,330 INFO [org.junit.Test] zero00111
2016-08-04 20:04:04,330 INFO [org.junit.Test] zero00112
2016-08-04 20:04:04,330 INFO [org.junit.Test] zero00113
2016-08-04 20:04:04,330 INFO [org.junit.Test] zero00114
2016-08-04 20:04:04,330 INFO [org.junit.Test] zero00115
2016-08-04 20:04:04,330 INFO [org.junit.Test] zero00116
2016-08-04 20:04:04,330 INFO [org.junit.Test] zero00117
2016-08-04 20:04:04,330 INFO [org.junit.Test] zero00118
2016-08-04 20:04:04,330 INFO [org.junit.Test] zero00119
2016-08-04 20:04:04,330 INFO [org.junit.Test] zero00120
2016-08-04 20:04:04,330 INFO [org.junit.Test] zero00121
2016-08-04 20:04:04,330 INFO [org.junit.Test] zero00122
2016-08-04 20:04:04,330 INFO [org.junit.Test] zero00123
2016-08-04 20:04:04,330 INFO [org.junit.Test] zero00124
2016-08-04 20:04:04,330 INFO [org.junit.Test] zero00125
2016-08-04 20:04:04,330 INFO [org.junit.Test] zero00126
2016-08-04 20:04:04,330 INFO [org.junit.Test] zero00127
2016-08-04 20:04:04,330 INFO [org.junit.Test] zero00128
2016-08-04 20:04:04,330 INFO [org.junit.Test] zero00129
2016-08-04 20:04:04,330 INFO [org.junit.Test] zero00130
2016-08-04 20:04:04,330 INFO [org.junit.Test] zero00131
2016-08-04 20:04:04,330 INFO [org.junit.Test] zero00132
2016-08-04 20:04:04,330 INFO [org.junit.Test] zero00133
2016-08-04 20:04:04,330 INFO [org.junit.Test] zero00134
2016-08-04 20:04:04,330 INFO [org.junit.Test] zero00135
2016-08-04 20:04:04,330 INFO [org.junit.Test] zero00136
2016-08-04 20:04:04,330 INFO [org.junit.Test] zero00137
2016-08-04 20:04:04,330 INFO [org.junit.Test] zero00138
2016-08-04 20:04:04,330 INFO [org.junit.Test] zero00139
2016-08-04 20:04:04,330 INFO [org.junit.Test] zero00140
2016-08-04 20:04:04,330 INFO [org.junit.Test] zero00141
2016-08-04 20:04:04,330 INFO [org.junit.Test] zero00142
2016-08-04 20:04:04,330 INFO [org.junit.Test] zero00143
2016-08-04 20:04:04,330 INFO [org.junit.Test] zero00144
2016-08-04 20:04:04,330 INFO [org.junit.Test] zero00145
2016-08-04 20:04:04,330 INFO [org.junit.Test] zero00146
2016-08-04 20:04:04,330 INFO [org.junit.Test] zero00147
2016-08-04 20:04:04,330 INFO [org.junit.Test] zero00148
2016-08-04 20:04:04,330 INFO [org.junit.Test] zero00149
2016-08-04 20:04:04,330 INFO [org.junit.Test] zero00150
2016-08-04 20:04:04,330 INFO [org.junit.Test] zero00151
2016-08-04 20:04:04,330 INFO [org.junit.Test] zero00152
2016-08-04 20:04:04,330 INFO [org.junit.Test] zero00153
2016-08-04 20:04:04,330 INFO [org.junit.Test] zero00154
2016-08-04 20:04:04,330 INFO [org.junit.Test] zero00155
2016-08-04 20:04:04,330 INFO [org.junit.Test] zero00156
2016-08-04 20:04:04,330 INFO [org.junit.Test] zero00157
2016-08-04 20:04:04,330 INFO [org.junit.Test] zero00158
2016-08-04 20:04:04,330 INFO [org.junit.Test] zero00159
2016-08-04 20:04:04,330 INFO [org.junit.Test] zero00160
2016-08-04 20:04:04,330 INFO [org.junit.Test] zero00161
2016-08-04 20:04:04,330 INFO [org.junit.Test] zero00162
2016-08-04 20:04:04,330 INFO [org.junit.Test] zero00163
2016-08-04 20:04:04,330 INFO [org.junit.Test] zero00164
2016-08-04 20:04:04,330 INFO [org.junit.Test] zero00165
2016-08-04 20:04:04,330 INFO [org.junit.Test] zero00166
2016-08-04 20:04:04,330 INFO [org.junit.Test] zero00167
2016-08-04 20:04:04,330 INFO [org.junit.Test] zero00168
2016-08-04 20:04:04,330 INFO [org.junit.Test] zero00169
2016-08-04 20:04:04,330 INFO [org.junit.Test] zero00170
2016-08-04 20:04:04,330 INFO [org.junit.Test] zero00171
2016-08-04 20:04:04,330 INFO [org.junit.Test] zero00172
2016-08-04 20:04:04,330 INFO [org.junit.Test] zero00173
2016-08-04 20:04:04,330 INFO [org.junit.Test] zero00174
2016-08-04 20:04:04,330 INFO [org.junit.Test] zero00175
2016-08-04 20:04:04,330 INFO [org.junit.Test] zero00176
2016-08-04 20:04:04,330 INFO [org.junit.Test] zero00177
2016-08-04 20:04:04,330 INFO [org.junit.Test] zero00178
2016-08-04 20:04:04,330 INFO [org.junit.Test] zero00179
2016-08-04 20:04:04,330 INFO [org.junit.Test] zero00180
2016-08-04 20:04:04,330 INFO [org.junit.Test] zero00181
2016-08-04 20:04:04,330 INFO [org.junit.Test] zero00182
2016-08-04 20:04:04,330 INFO [org.junit.Test] zero00183
2016-08-04 20:04:04,330 INFO [org.junit.Test] zero00184
2016-08-04 20:04:04,330 INFO [org.junit.Test] zero00185
2016-08-04 20:04:04,330 INFO [org.junit.Test] zero00186
2016-08-04 20:04:04,330 INFO [org.junit.Test] zero00187
2016-08-04 20:04:04,330 INFO [org.junit.Test] zero00188
2016-08-04 20:04:04,330 INFO [org.junit.Test] zero00189
2016-08-04 20:04:04,330 INFO [org.junit.Test] zero00190
2016-08-04 20:04:04,330 INFO [org.junit.Test] zero00191
2016-08-04 20:04:04,330 INFO [org.junit.Test] zero00192
2016-08-04 20:04:04,330 INFO [org.junit.Test] zero00193
2016-08-04 20:04:04,330 INFO [org.junit.Test] zero00194
2016-08-04 20:04:04,330 INFO [org.junit.Test] zero00195
2016-08-04 20:04:04,330 INFO [org.junit.Test] zero00196
2016-08-04 20:04:04,330 INFO [org.junit.Test] zero00197
2016-08-04 20:04:04,330 INFO [org.junit.Test] zero00198
2016-08-04 20:04:04,330 INFO [org.junit.Test] zero00199
2016-08-04 20:04:04,330 INFO [org.junit.Test] zero00200
2016-08-04 20:04:04,330 INFO [org.junit.Test] zero00201
2016-08-04 20:04:04,330 INFO [org.junit.Test] zero00202
2016-08-04 20:04:04,330 INFO [org.junit.Test] zero00203
2016-08-04 20:04:04,330 INFO [org.junit.Test] zero00204
2016-08-04 20:04:04,330 INFO [org.junit.Test] zero00205
2016-08-04 20:04:04,330 INFO [org.junit.Test] zero00206
2016-08-04 20:04:04,330 INFO [org.junit.Test] zero00207
2016-08-04 20:04:04,330 INFO [org.junit.Test] zero00208
2016-08-04 20:04:04,330 INFO [org.junit.Test] zero00209
2016-08-04 20:04:04,330 INFO [org.junit.Test] zero00210
2016-08-04 20:04:04,330 INFO [org.junit.Test] zero00211
2016-08-04 20:04:04,330 INFO [org.junit.Test] zero00212
2016-08-04 20:04:04,330 INFO [org.junit.Test] zero00213
2016-08-04 20:04:04,330 INFO [org.junit.Test] zero00214
2016-08-04 20:04:04,330 INFO [org.junit.Test] zero00215
2016-08-04 20:04:04,330 INFO [org.junit.Test] zero00216
2016-08-04 20:04:04,330 INFO [org.junit.Test] zero00217
2016-08-04 20:04:04,330 INFO [org.junit.Test] zero00218
2016-08-04 20:04:04,330 INFO [org.junit.Test] zero00219
2016-08-04 20:04:04,330 INFO [org.junit.Test] zero00220
2016-08-04 20:04:04,330 INFO [org.junit.Test] zero00221
2016-08-04 20:04:04,330 INFO [org.junit.Test] zero00222
2016-08-04 20:04:04,330 INFO [org.junit.Test] zero00223
2016-08-04 20:04:04,330 INFO [org.junit.Test] zero00224
2016-08-04 20:04:04,330 INFO [org.junit.Test] zero00225
2016-08-04 20:04:04,330 INFO [org.junit.Test] zero00226
2016-08-04 20:04:04,330 INFO [org.junit.Test] zero00227
2016-08-04 20:04:04,330 INFO [org.junit.Test] zero00228
2016-08-04 20:04:04,330 INFO [org.junit.Test] zero00229
2016-08-04 20:04:04,330 INFO [org.junit.Test] zero00230
2016-08-04 20:04:04,330 INFO [org.junit.Test] zero00231
2016-08-04 20:04:04,330 INFO [org.junit.Test] zero00232
2016-08-04 20:04:04,330 INFO [org.junit.Test] zero00233
2016-08-04 20:04:04,330 INFO [org.junit.Test] zero00234
2016-08-04 20:04:04,330 INFO [org.junit.Test] zero00235
2016-08-04 20:04:04,330 INFO [org.junit.Test] zero00236
2016-08-04 20:04:04,330 INFO [org.junit.Test] zero00237
2016-08-04 20:04:04,330 INFO [org.junit.Test] zero00238
2016-08-04 20:04:04,330 INFO [org.junit.Test] zero00239
2016-08-04 20:04:04,330 INFO [org.junit.Test] zero00240
2016-08-04 20:04:04,330 INFO [org.junit.Test] zero00241
2016-08-04 20:04:04,330 INFO [org.junit.Test] zero00242
2016-08-04 20:04:04,330 INFO [org.junit.Test] zero00243
2016-08-04 20:04:04,330 INFO [org.junit.Test] zero00244
2016-08-04 20:04:04,330 INFO [org.junit.Test] zero00245
2016-08-04 20:04:04,330 INFO [org.junit.Test] zero00246
2016-08-04 20:04:04,330 INFO [org.junit.Test] zero00247
2016-08-04 20:04:04,330 INFO [org.junit.Test] zero00248
2016-08-04 20:04:04,330 INFO [org.junit.Test] zero00249
2016-08-04 20:04:04,330 INFO [org.junit.Test] zero00250
2016-08-04 20:04:04,330 INFO [org.junit.Test] zero00251
2016-08-04 20:04:04,330 INFO [org.junit.Test] zero00252
2016-08-04 20:04:04,330 INFO [org.junit.Test] zero00253
2016-08-04 20:04:04,330 INFO [org.junit.Test] zero00254
2016-08-04 20:04:04,330 INFO [org.junit.Test] zero00255
2016-08-04 20:04:04,330 INFO [org.junit.Test] zero00256
2016-08-04 20:04:04,330 INFO [org.junit.Test] zero00257
2016-08-04 20:04:04,330 INFO [org.junit.Test] zero00258
2016-08-04 20:04:04,330 INFO [org.junit.Test] zero00259
2016-08-04 20:04:04,330 INFO [org.junit.Test] zero00260
2016-08-04 20:04:04,330 INFO [org.junit.Test] zero00261
2016-08-04 20:04:04,330 INFO [org.junit.Test] zero00262
2016-08-04 20:04:04,330 INFO [org.junit.Test] zero00263
2016-08-04 20:04:04,330 INFO [org.junit.Test] zero00264
2016-08-04 20:04:04,330 INFO [org.junit.Test] zero00265
2016-08-04 20:04:04,330 INFO [org.junit.Test] zero00266
2016-08-04 20:04:04,330 INFO [org.junit.Test] zero00267
2016-08-04 20:04:04,330 INFO [org.junit.Test] zero00268
2016-08-04 20:04:04,330 INFO [org.junit.Test] zero00269
2016-08-04 20:04:04,330 INFO [org.junit.Test] zero00270
2016-08-04 20:04:04,330 INFO [org.junit.Test] zero00271
2016-08-04 20:04:04,330 INFO [org.junit.Test] zero00272
2016-08-04 20:04:04,330 INFO [org.junit.Test] zero00273
2016-08-04 20:04:04,330 INFO [org.junit.Test] zero00274
2016-08-04 20:04:04,330 INFO [org.junit.Test] zero00275
2016-08-04 20:04:04,330 INFO [org.junit.Test] zero00276
2016-08-04 20:04:04,330 INFO [org.junit.Test] zero00277
2016-08-04 20:04:04,330 INFO [org.junit.Test] zero00278
2016-08-04 20:04:04,330 INFO [org.junit.Test] zero00279
2016-08-04 20:04:04,330 INFO [org.junit.Test] zero00280
2016-08-04 20:04:04,330 INFO [org.junit.Test] zero00281
2016-08-04 20:04:04,330 INFO [org.junit.Test] zero00282
2016-08-04 20:04:04,330 INFO [org.junit.Test] zero00283
2016-08-04 20:04:04,330 INFO [org.junit.Test] zero00284
2016-08-04 20:04:04,330 INFO [org.junit.Test] zero00285
2016-08-04 20:04:04,330 INFO [org.junit.Test] zero00286
2016-08-04 20:04:04,330 INFO [org.junit.Test] zero00287
2016-08-04 20:04:04,330 INFO [org.junit.Test] zero00288
2016-08-04 20:04:04,330 INFO [org.junit.Test] zero00289
2016-08-04 20:04:04,330 INFO [org.junit.Test] zero00290
2016-08-04 20:04:04,330 INFO [org.junit.Test] zero00291
2016-08-04 20:04:04,330 INFO [org.junit.Test] zero00292
2016-08-04 20:04:04,330 INFO [org.junit.Test] zero00293
2016-08-04 20:04:04,330 INFO [org.junit.Test] zero00294
2016-08-04 20:04:04,330 INFO [org.junit.Test] zero00295
2016-08-04 20:04:04,330 INFO [org.junit.Test] zero00296
2016-08-04 20:04:04,330 INFO [org.junit.Test] zero00297
2016-08-04 20:04:04,330 INFO [org.junit.Test] zero00298
2016-08-04 20:04:04,330 INFO [org.junit.Test] zero00299
2016-08-04 20:04:04,330 INFO [org.junit.Test] zero00300
2016-08-04 20:04:04,330 INFO [org.junit.Test] zero00301
2016-08-04 20:04:04,330 INFO [org.junit.Test] zero00302
2016-08-04 20:04:04,330 INFO [org.junit.Test] zero00303
2016-08-04 20:04:04,330 INFO [org.junit.Test] zero00304
2016-08-04 20:04:04,330 INFO [org.junit.Test] zero00305
2016-08-04 20:04:04,330 INFO [org.junit.Test] zero00306
2016-08-04 20:04:04,330 INFO [org.junit.Test] zero00307
2016-08-04 20:04:04,330 INFO [org.junit.Test] zero00308
2016-08-04 20:04:04,330 INFO [org.junit.Test] zero00309
2016-08-04 20:04:04,330 INFO [org.junit.Test] zero00310
2016-08-04 20:04:04,330 INFO [org.junit.Test] zero00311
2016-08-04 20:04:04,330 INFO [org.junit.Test] zero00312
2016-08-04 20:04:04,330 INFO [org.junit.Test] zero00313
2016-08-04 20:04:04,330 INFO [org.junit.Test] zero00314
2016-08-04 20:04:04,330 INFO [org.junit.Test] zero00315
2016-08-04 20:04:04,330 INFO [org.junit.Test] zero00316
2016-08-04 20:04:04,330 INFO [org.junit.Test] zero00317
2016-08-04 20:04:04,330 INFO [org.junit.Test] zero00318
2016-08-04 20:04:04,330 INFO [org.junit.Test] zero00319
2016-08-04 20:04:04,330 INFO [org.junit.Test] zero00320
2016-08-04 20:04:04,330 INFO [org.junit.Test] zero00321
2016-08-04 20:04:04,330 INFO [org.junit.Test] zero00322
2016-08-04 20:04:04,330 INFO [org.junit.Test] zero00323
2016-08-04 20:04:04,330 INFO [org.junit.Test] zero00324
2016-08-04 20:04:04,330 INFO [org.junit.Test] zero00325
2016-08-04 20:04:04,330 INFO [org.junit.Test] zero00326
2016-08-04 20:04:04,330 INFO [org.junit.Test] zero00327
2016-08-04 20:04:04,330 INFO [org.junit.Test] zero00328
2016-08-04 20:04:04,330 INFO [org.junit.Test] zero00329
2016-08-04 20:04:04,330 INFO [org.junit.Test] zero00330
2016-08-04 20:04:04,330 INFO [org.junit.Test] zero00331
2016-08-04 20:04:04,330 INFO [org.junit.Test] zero00332
2016-08-04 20:04:04,330 INFO [org.junit.Test] zero00333
2016-08-04 20:04:04,330 INFO [org.junit.Test] zero00334
2016-08-04 20:04:04,330 INFO [org.junit.Test] zero00335
2016-08-04 20:04:04,330 INFO [org.junit.Test] zero00336
2016-08-04 20:04:04,330 INFO [org.junit.Test] zero00337
2016-08-04 20:04:04,330 INFO [org.junit.Test] zero00338
2016-08-04 20:04:04,330 INFO [org.junit.Test] zero00339
2016-08-04 20:04:04,330 INFO [org.junit.Test] zero00340
2016-08-04 20:04:04,330 INFO [org.junit.Test] zero00341
2016-08-04 20:04:04,330 INFO [org.junit.Test] zero00342
2016-08-04 20:04:04,330 INFO [org.junit.Test] zero00343
2016-08-04 20:04:04,330 INFO [org.junit.Test] zero00344
2016-08-04 20:04:04,330 INFO [org.junit.Test] zero00345
2016-08-04 20:04:04,330 INFO [org.junit.Test] zero00346
2016-08-04 20:04:04,330 INFO [org.junit.Test] zero00347
2016-08-04 20:04:04,330 INFO [org.junit.Test] zero00348
2016-08-04 20:04:04,330 INFO [org.junit.Test] zero00349
2016-08-04 20:04:04,330 INFO [org.junit.Test] zero00350
2016-08-04 20:04:04,330 INFO [org.junit.Test] zero00351
2016-08-04 20:04:04,330 INFO [org.junit.Test] zero00352
2016-08-04 20:04:04,330 INFO [org.junit.Test] zero00353
2016-08-04 20:04:04,330 INFO [org.junit.Test] zero00354
2016-08-04 20:04:04,330 INFO [org.junit.Test] zero00355
2016-08-04 20:04:04,330 INFO [org.junit.Test] zero00356
2016-08-04 20:04:04,330 INFO [org.junit.Test] zero00357
2016-08-04 20:04:04,330 INFO [org.junit.Test] zero00358
2016-08-04 20:04:04,330 INFO [org.junit.Test] zero00359
2016-08-04 20:04:04,330 INFO [org.junit.Test] zero00360
2016-08-04 20:04:04,330 INFO [org.junit.Test] zero00361
2016-08-04 20:04:04,330 INFO [org.junit.Test] zero00362
2016-08-04 20:04:04,330 INFO [org.junit.Test] zero00363
2016-08-04 20:04:04,330 INFO [org.junit.Test] zero00364
2016-08-04 20:04:04,330 INFO [org.junit.Test] zero00365
2016-08-04 20:04:04,330 INFO [org.junit.Test] zero00366
2016-08-04 20:04:04,330 INFO [org.junit.Test] zero00367
2016-08-04 20:04:04,330 INFO [org.junit.Test] zero00368
2016-08-04 20:04:04,330 INFO [org.junit.Test] zero00369
2016-08-04 20:04:04,330 INFO [org.junit.Test] zero00370
2016-08-04 20:04:04,330 INFO [org.junit.Test] zero00371
2016-08-04 20:04:04,330 INFO [org.junit.Test] zero00372
2016-08-04 20:04:04,330 INFO [org.junit.Test] zero00373
2016-08-04 20:04:04,330 INFO [org.junit.Test] zero00374
2016-08-04 20:04:04,330 INFO [org.junit.Test] zero00375
2016-08-04 20:04:04,330 INFO [org.junit.Test] zero00376
2016-08-04 20:04:04,330 INFO [org.junit.Test] zero00377
2016-08-04 20:04:04,330 INFO [org.junit.Test] zero00378
2016-08-04 20:04:04,330 INFO [org.junit.Test] zero00379
2016-08-04 20:04:04,330 INFO [org.junit.Test] zero00380
2016-08-04 20:04:04,330 INFO [org.junit.Test] zero00381
2016-08-04 20:04:04,330 INFO [org.junit.Test] zero00382
2016-08-04 20:04:04,330 INFO [org.junit.Test] zero00383
2016-08-04 20:04:04,330 INFO [org.junit.Test] zero00384
2016-08-04 20:04:04,330 INFO [org.junit.Test] zero00385
2016-08-04 20:04:04,330 INFO [org.junit.Test] zero00386
2016-08-04 20:04:04,330 INFO [org.junit.Test] zero00387
2016-08-04 20:04:04,330 INFO [org.junit.Test] zero00388
2016-08-04 20:04:04,330 INFO [org.junit.Test] zero00389
2016-08-04 20:04:04,330 INFO [org.junit.Test] zero00390
2016-08-04 20:04:04,330 INFO [org.junit.Test] zero00391
2016-08-04 20:04:04,330 INFO [org.junit.Test] zero00392
2016-08-04 20:04:04,330 INFO [org.junit.Test] zero00393
2016-08-04 20:04:04,330 INFO [org.junit.Test] zero00394
2016-08-04 20:04:04,330 INFO [org.junit.Test] zero00395
2016-08-04 20:04:04,330 INFO [org.junit.Test] zero00396
2016-08-04 20:04:04,330 INFO [org.junit.Test] zero00397
2016-08-04 20:04:04,330 INFO [org.junit.Test] zero00398
2016-08-04 20:04:04,330 INFO [org.junit.Test] zero00399
2016-08-04 20:04:04,330 INFO [org.junit.Test] zero00400
2016-08-04 20:04:04,330 INFO [org.junit.Test] zero00401
2016-08-04 20:04:04,330 INFO [org.junit.Test] zero00402
2016-08-04 20:04:04,330 INFO [org.junit.Test] zero00403
2016-08-04 20:04:04,330 INFO [org.junit.Test] zero00404
2016-08-04 20:04:04,330 INFO [org.junit.Test] zero00405
2016-08-04 20:04:04,330 INFO [org.junit.Test] zero00406
2016-08-04 20:04:04,330 INFO [org.junit.Test] zero00407
2016-08-04 20:04:04,330 INFO [org.junit.Test] zero00408
2016-08-04 20:04:04,330 INFO [org.junit.Test] zero00409
2016-08-04 20:04:04,330 INFO [org.junit.Test] zero00410
2016-08-04 20:04:04,330 INFO [org.junit.Test] zero00411
2016-08-04 20:04:04,330 INFO [org.junit.Test] zero00412
2016-08-04 20:04:04,330 INFO [org.junit.Test] zero00413
2016-08-04 20:04:04,330 INFO [org.junit.Test] zero00414
2016-08-04 20:04:04,330 INFO [org.junit.Test] zero00415
2016-08-04 20:04:04,330 INFO [org.junit.Test] zero00416
2016-08-04 20:04:04,330 INFO [org.junit.Test] zero00417
2016-08-04 20:04:04,330 INFO [org.junit.Test] zero00418
2016-08-04 20:04:04,330 INFO [org.junit.Test] zero00419
2016-08-04 20:04:04,330 INFO [org.junit.Test] zero00420
2016-08-04 20:04:04,330 INFO [org.junit.Test] zero00421
2016-08-04 20:04:04,330 INFO [org.junit.Test] zero00422
2016-08-04 20:04:04,330 INFO [org.junit.Test] zero00423
2016-08-04 20:04:04,330 INFO [org.junit.Test] zero00424
2016-08-04 20:04:04,330 INFO [org.junit.Test] zero00425
2016-08-04 20:04:04,330 INFO [org.junit.Test] zero00426
2016-08-04 20:04:04,330 INFO [org.junit.Test] zero00427
2016-08-04 20:04:04,330 INFO [org.junit.Test] zero00428
2016-08-04 20:04:04,330 INFO [org.junit.Test] zero00429
2016-08-04 20:04:04,330 INFO [org.junit.Test] zero00430
2016-08-04 20:04:04,330 INFO [org.junit.Test] zero00431
2016-08-04 20:04:04,330 INFO [org.junit.Test] zero00432
2016-08-04 20:04:04,330 INFO [org.junit.Test] zero00433
2016-08-04 20:04:04,330 INFO [org.junit.Test] zero00434
2016-08-04 20:04:04,330 INFO [org.junit.Test] zero00435
2016-08-04 20:04:04,330 INFO [org.junit.Test] zero00436
2016-08-04 20:04:04,330 INFO [org.junit.Test] zero00437
2016-08-04 20:04:04,330 INFO [org.junit.Test] zero00438
2016-08-04 20:04:04,330 INFO [org.junit.Test] zero00439
2016-08-04 20:04:04,330 INFO [org.junit.Test] zero00440
2016-08-04 20:04:04,330 INFO [org.junit.Test] zero00441
2016-08-04 20:04:04,330 INFO [org.junit.Test] zero00442
2016-08-04 20:04:04,330 INFO [org.junit.Test] zero00443
2016-08-04 20:04:04,330 INFO [org.junit.Test] zero00444
2016-08-04 20:04:04,330 INFO [org.junit.Test] zero00445
2016-08-04 20:04:04,330 INFO [org.junit.Test] zero00446
2016-08-04 20:04:04,330 INFO [org.junit.Test] zero00447
2016-08-04 20:04:04,330 INFO [org.junit.Test] zero00448
2016-08-04 20:04:04,330 INFO [org.junit.Test] zero00449
2016-08-04 20:04:04,330 INFO [org.junit.Test] zero00450
2016-08-04 20:04:04,330 INFO [org.junit.Test] zero00451
2016-08-04 20:04:04,330 INFO [org.junit.Test] zero00452
2016-08-04 20:04:04,330 INFO [org.junit.Test] zero00453
2016-08-04 20:04:04,330 INFO [org.junit.Test] zero00454
2016-08-04 20:04:04,330 INFO [org.junit.Test] zero00455
2016-08-04 20:04:04,330 INFO [org.junit.Test] zero00456
2016-08-04 20:04:04,330 INFO [org.junit.Test] zero00457
2016-08-04 20:04:04,330 INFO [org.junit.Test] zero00458
2016-08-04 20:04:04,330 INFO [org.junit.Test] zero00459
2016-08-04 20:04:04,330 INFO [org.junit.Test] zero00460
2016-08-04 20:04:04,330 INFO [org.junit.Test] zero00461
2016-08-04 20:04:04,330 INFO [org.junit.Test] zero00462
2016-08-04 20:04:04,330 INFO [org.junit.Test] zero00463
2016-08-04 20:04:04,330 INFO [org.junit.Test] zero00464
2016-08-04 20:04:04,330 INFO [org.junit.Test] zero00465
2016-08-04 20:04:04,330 INFO [org.junit.Test] zero00466
2016-08-04 20:04:04,330 INFO [org.junit.Test] zero00467
2016-08-04 20:04:04,330 INFO [org.junit.Test] zero00468
2016-08-04 20:04:04,330 INFO [org.junit.Test] zero00469
2016-08-04 20:04:04,330 INFO [org.junit.Test] zero00470
2016-08-04 20:04:04,330 INFO [org.junit.Test] zero00471
2016-08-04 20:04:04,330 INFO [org.junit.Test] zero00472
2016-08-04 20:04:04,331 INFO [org.junit.Test] zero00473
2016-08-04 20:04:04,331 INFO [org.junit.Test] zero00474
2016-08-04 20:04:04,331 INFO [org.junit.Test] zero00475
2016-08-04 20:04:04,331 INFO [org.junit.Test] zero00476
2016-08-04 20:04:04,331 INFO [org.junit.Test] zero00477
2016-08-04 20:04:04,331 INFO [org.junit.Test] zero00478
2016-08-04 20:04:04,331 INFO [org.junit.Test] zero00479
2016-08-04 20:04:04,331 INFO [org.junit.Test] zero00480
2016-08-04 20:04:04,331 INFO [org.junit.Test] zero00481
2016-08-04 20:04:04,331 INFO [org.junit.Test] zero00482
2016-08-04 20:04:04,331 INFO [org.junit.Test] zero00483
2016-08-04 20:04:04,331 INFO [org.junit.Test] zero00484
2016-08-04 20:04:04,331 INFO [org.junit.Test] zero00485
2016-08-04 20:04:04,331 INFO [org.junit.Test] zero00486
2016-08-04 20:04:04,331 INFO [org.junit.Test] zero00487
2016-08-04 20:04:04,331 INFO [org.junit.Test] zero00488
2016-08-04 20:04:04,331 INFO [org.junit.Test] zero00489
2016-08-04 20:04:04,331 INFO [org.junit.Test] zero00490
2016-08-04 20:04:04,331 INFO [org.junit.Test] zero00491
2016-08-04 20:04:04,331 INFO [org.junit.Test] zero00492
2016-08-04 20:04:04,331 INFO [org.junit.Test] zero00493
2016-08-04 20:04:04,331 INFO [org.junit.Test] zero00494
2016-08-04 20:04:04,331 INFO [org.junit.Test] zero00495
2016-08-04 20:04:04,331 INFO [org.junit.Test] zero00496
2016-08-04 20:04:04,331 INFO [org.junit.Test] zero00497
2016-08-04 20:04:04,331 INFO [org.junit.Test] zero00498
2016-08-04 20:04:04,331 INFO [org.junit.Test] zero00499
2016-08-04 20:04:04,331 INFO [org.junit.Test] zero00500
2016-08-04 20:04:04,331 INFO [org.junit.Test] zero00501
2016-08-04 20:04:04,331 INFO [org.junit.Test] zero00502
2016-08-04 20:04:04,331 INFO [org.junit.Test] zero00503
2016-08-04 20:04:04,331 INFO [org.junit.Test] zero00504
2016-08-04 20:04:04,331 INFO [org.junit.Test] zero00505
2016-08-04 20:04:04,331 INFO [org.junit.Test] zero00506
2016-08-04 20:04:04,331 INFO [org.junit.Test] zero00507
2016-08-04 20:04:04,331 INFO [org.junit.Test] zero00508
2016-08-04 20:04:04,331 INFO [org.junit.Test] zero00509
2016-08-04 20:04:04,331 INFO [org.junit.Test] zero00510
2016-08-04 20:04:04,331 INFO [org.junit.Test] zero00511
2016-08-04 20:04:04,331 INFO [org.junit.Test] zero00512
2016-08-04 20:04:04,331 INFO [org.junit.Test] zero00513
2016-08-04 20:04:04,331 INFO [org.junit.Test] zero00514
2016-08-04 20:04:04,331 INFO [org.junit.Test] zero00515
2016-08-04 20:04:04,331 INFO [org.junit.Test] zero00516
2016-08-04 20:04:04,331 INFO [org.junit.Test] zero00517
2016-08-04 20:04:04,331 INFO [org.junit.Test] zero00518
2016-08-04 20:04:04,331 INFO [org.junit.Test] zero00519
2016-08-04 20:04:04,331 INFO [org.junit.Test] zero00520
2016-08-04 20:04:04,331 INFO [org.junit.Test] zero00521
2016-08-04 20:04:04,331 INFO [org.junit.Test] zero00522
2016-08-04 20:04:04,331 INFO [org.junit.Test] zero00523
2016-08-04 20:04:04,331 INFO [org.junit.Test] zero00524
2016-08-04 20:04:04,331 INFO [org.junit.Test] zero00525
2016-08-04 20:04:04,331 INFO [org.junit.Test] zero00526
2016-08-04 20:04:04,331 INFO [org.junit.Test] zero00527
2016-08-04 20:04:04,331 INFO [org.junit.Test] zero00528
2016-08-04 20:04:04,331 INFO [org.junit.Test] zero00529
2016-08-04 20:04:04,331 INFO [org.junit.Test] zero00530
2016-08-04 20:04:04,331 INFO [org.junit.Test] zero00531
2016-08-04 20:04:04,331 INFO [org.junit.Test] zero00532
2016-08-04 20:04:04,331 INFO [org.junit.Test] zero00533
2016-08-04 20:04:04,331 INFO [org.junit.Test] zero00534
2016-08-04 20:04:04,331 INFO [org.junit.Test] zero00535
2016-08-04 20:04:04,331 INFO [org.junit.Test] zero00536
2016-08-04 20:04:04,331 INFO [org.junit.Test] zero00537
2016-08-04 20:04:04,331 INFO [org.junit.Test] zero00538
2016-08-04 20:04:04,331 INFO [org.junit.Test] zero00539
2016-08-04 20:04:04,331 INFO [org.junit.Test] zero00540
2016-08-04 20:04:04,331 INFO [org.junit.Test] zero00541
2016-08-04 20:04:04,331 INFO [org.junit.Test] zero00542
2016-08-04 20:04:04,331 INFO [org.junit.Test] zero00543
2016-08-04 20:04:04,331 INFO [org.junit.Test] zero00544
2016-08-04 20:04:04,331 INFO [org.junit.Test] zero00545
2016-08-04 20:04:04,331 INFO [org.junit.Test] zero00546
2016-08-04 20:04:04,331 INFO [org.junit.Test] zero00547
2016-08-04 20:04:04,331 INFO [org.junit.Test] zero00548
2016-08-04 20:04:04,331 INFO [org.junit.Test] zero00549
2016-08-04 20:04:04,331 INFO [org.junit.Test] zero00550
2016-08-04 20:04:04,331 INFO [org.junit.Test] zero00551
2016-08-04 20:04:04,331 INFO [org.junit.Test] zero00552
2016-08-04 20:04:04,331 INFO [org.junit.Test] zero00553
2016-08-04 20:04:04,331 INFO [org.junit.Test] zero00554
2016-08-04 20:04:04,331 INFO [org.junit.Test] zero00555
2016-08-04 20:04:04,331 INFO [org.junit.Test] zero00556
2016-08-04 20:04:04,331 INFO [org.junit.Test] zero00557
2016-08-04 20:04:04,331 INFO [org.junit.Test] zero00558
2016-08-04 20:04:04,331 INFO [org.junit.Test] zero00559
2016-08-04 20:04:04,331 INFO [org.junit.Test] zero00560
2016-08-04 20:04:04,331 INFO [org.junit.Test] zero00561
2016-08-04 20:04:04,331 INFO [org.junit.Test] zero00562
2016-08-04 20:04:04,331 INFO [org.junit.Test] zero00563
2016-08-04 20:04:04,331 INFO [org.junit.Test] zero00564
2016-08-04 20:04:04,331 INFO [org.junit.Test] zero00565
2016-08-04 20:04:04,331 INFO [org.junit.Test] zero00566
2016-08-04 20:04:04,331 INFO [org.junit.Test] zero00567
2016-08-04 20:04:04,331 INFO [org.junit.Test] zero00568
2016-08-04 20:04:04,331 INFO [org.junit.Test] zero00569
2016-08-04 20:04:04,331 INFO [org.junit.Test] zero00570
2016-08-04 20:04:04,331 INFO [org.junit.Test] zero00571
2016-08-04 20:04:04,331 INFO [org.junit.Test] zero00572
2016-08-04 20:04:04,331 INFO [org.junit.Test] zero00573
2016-08-04 20:04:04,331 INFO [org.junit.Test] zero00574
2016-08-04 20:04:04,331 INFO [org.junit.Test] zero00575
2016-08-04 20:04:04,331 INFO [org.junit.Test] zero00576
2016-08-04 20:04:04,331 INFO [org.junit.Test] zero00577
2016-08-04 20:04:04,331 INFO [org.junit.Test] zero00578
2016-08-04 20:04:04,331 INFO [org.junit.Test] zero00579
2016-08-04 20:04:04,331 INFO [org.junit.Test] zero00580
2016-08-04 20:04:04,331 INFO [org.junit.Test] zero00581
2016-08-04 20:04:04,331 INFO [org.junit.Test] zero00582
2016-08-04 20:04:04,331 INFO [org.junit.Test] zero00583
2016-08-04 20:04:04,331 INFO [org.junit.Test] zero00584
2016-08-04 20:04:04,331 INFO [org.junit.Test] zero00585
2016-08-04 20:04:04,331 INFO [org.junit.Test] zero00586
2016-08-04 20:04:04,331 INFO [org.junit.Test] zero00587
2016-08-04 20:04:04,331 INFO [org.junit.Test] zero00588
2016-08-04 20:04:04,331 INFO [org.junit.Test] zero00589
2016-08-04 20:04:04,331 INFO [org.junit.Test] zero00590
2016-08-04 20:04:04,331 INFO [org.junit.Test] zero00591
2016-08-04 20:04:04,331 INFO [org.junit.Test] zero00592
2016-08-04 20:04:04,331 INFO [org.junit.Test] zero00593
2016-08-04 20:04:04,331 INFO [org.junit.Test] zero00594
2016-08-04 20:04:04,331 INFO [org.junit.Test] zero00595
2016-08-04 20:04:04,331 INFO [org.junit.Test] zero00596
2016-08-04 20:04:04,331 INFO [org.junit.Test] zero00597
2016-08-04 20:04:04,331 INFO [org.junit.Test] zero00598
2016-08-04 20:04:04,331 INFO [org.junit.Test] zero00599
2016-08-04 20:04:04,331 INFO [org.junit.Test] zero00600
2016-08-04 20:04:04,331 INFO [org.junit.Test] zero00601
2016-08-04 20:04:04,331 INFO [org.junit.Test] zero00602
2016-08-04 20:04:04,331 INFO [org.junit.Test] zero00603
2016-08-04 20:04:04,331 INFO [org.junit.Test] zero00604
2016-08-04 20:04:04,331 INFO [org.junit.Test] zero00605
2016-08-04 20:04:04,331 INFO [org.junit.Test] zero00606
2016-08-04 20:04:04,331 INFO [org.junit.Test] zero00607
2016-08-04 20:04:04,331 INFO [org.junit.Test] zero00608
2016-08-04 20:04:04,331 INFO [org.junit.Test] zero00609
2016-08-04 20:04:04,331 INFO [org.junit.Test] zero00610
2016-08-04 20:04:04,331 INFO [org.junit.Test] zero00611
2016-08-04 20:04:04,331 INFO [org.junit.Test] zero00612
2016-08-04 20:04:04,331 INFO [org.junit.Test] zero00613
2016-08-04 20:04:04,331 INFO [org.junit.Test] zero00614
2016-08-04 20:04:04,331 INFO [org.junit.Test] zero00615
2016-08-04 20:04:04,331 INFO [org.junit.Test] zero00616
2016-08-04 20:04:04,331 INFO [org.junit.Test] zero00617
2016-08-04 20:04:04,331 INFO [org.junit.Test] zero00618
2016-08-04 20:04:04,331 INFO [org.junit.Test] zero00619
2016-08-04 20:04:04,331 INFO [org.junit.Test] zero00620
2016-08-04 20:04:04,331 INFO [org.junit.Test] zero00621
2016-08-04 20:04:04,331 INFO [org.junit.Test] zero00622
2016-08-04 20:04:04,331 INFO [org.junit.Test] zero00623
2016-08-04 20:04:04,331 INFO [org.junit.Test] zero00624
2016-08-04 20:04:04,331 INFO [org.junit.Test] zero00625
2016-08-04 20:04:04,331 INFO [org.junit.Test] zero00626
2016-08-04 20:04:04,331 INFO [org.junit.Test] zero00627
2016-08-04 20:04:04,331 INFO [org.junit.Test] zero00628
2016-08-04 20:04:04,331 INFO [org.junit.Test] zero00629
2016-08-04 20:04:04,331 INFO [org.junit.Test] zero00630
2016-08-04 20:04:04,331 INFO [org.junit.Test] zero00631
2016-08-04 20:04:04,331 INFO [org.junit.Test] zero00632
2016-08-04 20:04:04,331 INFO [org.junit.Test] zero00633
2016-08-04 20:04:04,331 INFO [org.junit.Test] zero00634
2016-08-04 20:04:04,331 INFO [org.junit.Test] zero00635
2016-08-04 20:04:04,331 INFO [org.junit.Test] zero00636
2016-08-04 20:04:04,331 INFO [org.junit.Test] zero00637
2016-08-04 20:04:04,331 INFO [org.junit.Test] zero00638
2016-08-04 20:04:04,331 INFO [org.junit.Test] zero00639
2016-08-04 20:04:04,331 INFO [org.junit.Test] zero00640
2016-08-04 20:04:04,331 INFO [org.junit.Test] zero00641
2016-08-04 20:04:04,331 INFO [org.junit.Test] zero00642
2016-08-04 20:04:04,331 INFO [org.junit.Test] zero00643
2016-08-04 20:04:04,331 INFO [org.junit.Test] zero00644
2016-08-04 20:04:04,331 INFO [org.junit.Test] zero00645
2016-08-04 20:04:04,331 INFO [org.junit.Test] zero00646
2016-08-04 20:04:04,331 INFO [org.junit.Test] zero00647
2016-08-04 20:04:04,331 INFO [org.junit.Test] zero00648
2016-08-04 20:04:04,331 INFO [org.junit.Test] zero00649
2016-08-04 20:04:04,331 INFO [org.junit.Test] zero00650
2016-08-04 20:04:04,331 INFO [org.junit.Test] zero00651
2016-08-04 20:04:04,331 INFO [org.junit.Test] zero00652
2016-08-04 20:04:04,331 INFO [org.junit.Test] zero00653
2016-08-04 20:04:04,331 INFO [org.junit.Test] zero00654
2016-08-04 20:04:04,331 INFO [org.junit.Test] zero00655
2016-08-04 20:04:04,331 INFO [org.junit.Test] zero00656
2016-08-04 20:04:04,331 INFO [org.junit.Test] zero00657
2016-08-04 20:04:04,331 INFO [org.junit.Test] zero00658
2016-08-04 20:04:04,331 INFO [org.junit.Test] zero00659
2016-08-04 20:04:04,331 INFO [org.junit.Test] zero00660
2016-08-04 20:04:04,331 INFO [org.junit.Test] zero00661
2016-08-04 20:04:04,331 INFO [org.junit.Test] zero00662
2016-08-04 20:04:04,331 INFO [org.junit.Test] zero00663
2016-08-04 20:04:04,331 INFO [org.junit.Test] zero00664
2016-08-04 20:04:04,331 INFO [org.junit.Test] zero00665
2016-08-04 20:04:04,331 INFO [org.junit.Test] zero00666
2016-08-04 20:04:04,331 INFO [org.junit.Test] zero00667
2016-08-04 20:04:04,331 INFO [org.junit.Test] zero00668
2016-08-04 20:04:04,331 INFO [org.junit.Test] zero00669
2016-08-04 20:04:04,331 INFO [org.junit.Test] zero00670
2016-08-04 20:04:04,331 INFO [org.junit.Test] zero00671
2016-08-04 20:04:04,331 INFO [org.junit.Test] zero00672
2016-08-04 20:04:04,331 INFO [org.junit.Test] zero00673
2016-08-04 20:04:04,331 INFO [org.junit.Test] zero00674
2016-08-04 20:04:04,331 INFO [org.junit.Test] zero00675
2016-08-04 20:04:04,331 INFO [org.junit.Test] zero00676
2016-08-04 20:04:04,331 INFO [org.junit.Test] zero00677
2016-08-04 20:04:04,331 INFO [org.junit.Test] zero00678
2016-08-04 20:04:04,331 INFO [org.junit.Test] zero00679
2016-08-04 20:04:04,331 INFO [org.junit.Test] zero00680
2016-08-04 20:04:04,331 INFO [org.junit.Test] zero00681
2016-08-04 20:04:04,331 INFO [org.junit.Test] zero00682
2016-08-04 20:04:04,331 INFO [org.junit.Test] zero00683
2016-08-04 20:04:04,331 INFO [org.junit.Test] zero00684
2016-08-04 20:04:04,331 INFO [org.junit.Test] zero00685
2016-08-04 20:04:04,331 INFO [org.junit.Test] zero00686
2016-08-04 20:04:04,331 INFO [org.junit.Test] zero00687
2016-08-04 20:04:04,331 INFO [org.junit.Test] zero00688
2016-08-04 20:04:04,331 INFO [org.junit.Test] zero00689
2016-08-04 20:04:04,331 INFO [org.junit.Test] zero00690
2016-08-04 20:04:04,331 INFO [org.junit.Test] zero00691
2016-08-04 20:04:04,331 INFO [org.junit.Test] zero00692
2016-08-04 20:04:04,331 INFO [org.junit.Test] zero00693
2016-08-04 20:04:04,331 INFO [org.junit.Test] zero00694
2016-08-04 20:04:04,331 INFO [org.junit.Test] zero00695
2016-08-04 20:04:04,331 INFO [org.junit.Test] zero00696
2016-08-04 20:04:04,331 INFO [org.junit.Test] zero00697
2016-08-04 20:04:04,331 INFO [org.junit.Test] zero00698
2016-08-04 20:04:04,331 INFO [org.junit.Test] zero00699
2016-08-04 20:04:04,331 INFO [org.junit.Test] zero00700
2016-08-04 20:04:04,331 INFO [org.junit.Test] zero00701
2016-08-04 20:04:04,331 INFO [org.junit.Test] zero00702
2016-08-04 20:04:04,331 INFO [org.junit.Test] zero00703
2016-08-04 20:04:04,331 INFO [org.junit.Test] zero00704
2016-08-04 20:04:04,331 INFO [org.junit.Test] zero00705
2016-08-04 20:04:04,331 INFO [org.junit.Test] zero00706
2016-08-04 20:04:04,331 INFO [org.junit.Test] zero00707
2016-08-04 20:04:04,331 INFO [org.junit.Test] zero00708
2016-08-04 20:04:04,331 INFO [org.junit.Test] zero00709
2016-08-04 20:04:04,331 INFO [org.junit.Test] zero00710
2016-08-04 20:04:04,331 INFO [org.junit.Test] zero00711
2016-08-04 20:04:04,331 INFO [org.junit.Test] zero00712
2016-08-04 20:04:04,331 INFO [org.junit.Test] zero00713
2016-08-04 20:04:04,331 INFO [org.junit.Test] zero00714
2016-08-04 20:04:04,331 INFO [org.junit.Test] zero00715
2016-08-04 20:04:04,331 INFO [org.junit.Test] zero00716
2016-08-04 20:04:04,331 INFO [org.junit.Test] zero00717
2016-08-04 20:04:04,331 INFO [org.junit.Test] zero00718
2016-08-04 20:04:04,331 INFO [org.junit.Test] zero00719
2016-08-04 20:04:04,331 INFO [org.junit.Test] zero00720
2016-08-04 20:04:04,331 INFO [org.junit.Test] zero00721
2016-08-04 20:04:04,331 INFO [org.junit.Test] zero00722
2016-08-04 20:04:04,331 INFO [org.junit.Test] zero00723
2016-08-04 20:04:04,331 INFO [org.junit.Test] zero00724
2016-08-04 20:04:04,331 INFO [org.junit.Test] zero00725
2016-08-04 20:04:04,331 INFO [org.junit.Test] zero00726
2016-08-04 20:04:04,331 INFO [org.junit.Test] zero00727
2016-08-04 20:04:04,331 INFO [org.junit.Test] zero00728
2016-08-04 20:04:04,331 INFO [org.junit.Test] zero00729
2016-08-04 20:04:04,331 INFO [org.junit.Test] zero00730
2016-08-04 20:04:04,331 INFO [org.junit.Test] zero00731
2016-08-04 20:04:04,331 INFO [org.junit.Test] zero00732
2016-08-04 20:04:04,331 INFO [org.junit.Test] zero00733
2016-08-04 20:04:04,331 INFO [org.junit.Test] zero00734
2016-08-04 20:04:04,331 INFO [org.junit.Test] zero00735
2016-08-04 20:04:04,331 INFO [org.junit.Test] zero00736
2016-08-04 20:04:04,331 INFO [org.junit.Test] zero00737
2016-08-04 20:04:04,331 INFO [org.junit.Test] zero00738
2016-08-04 20:04:04,331 INFO [org.junit.Test] zero00739
2016-08-04 20:04:04,331 INFO [org.junit.Test] zero00740
2016-08-04 20:04:04,331 INFO [org.junit.Test] zero00741
2016-08-04 20:04:04,331 INFO [org.junit.Test] zero00742
2016-08-04 20:04:04,331 INFO [org.junit.Test] zero00743
2016-08-04 20:04:04,331 INFO [org.junit.Test] zero00744
2016-08-04 20:04:04,331 INFO [org.junit.Test] zero00745
2016-08-04 20:04:04,331 INFO [org.junit.Test] zero00746
2016-08-04 20:04:04,331 INFO [org.junit.Test] zero00747
2016-08-04 20:04:04,331 INFO [org.junit.Test] zero00748
2016-08-04 20:04:04,331 INFO [org.junit.Test] zero00749
2016-08-04 20:04:04,331 INFO [org.junit.Test] zero00750
2016-08-04 20:04:04,331 INFO [org.junit.Test] zero00751
2016-08-04 20:04:04,331 INFO [org.junit.Test] zero00752
2016-08-04 20:04:04,331 INFO [org.junit.Test] zero00753
2016-08-04 20:04:04,331 INFO [org.junit.Test] zero00754
2016-08-04 20:04:04,331 INFO [org.junit.Test] zero00755
2016-08-04 20:04:04,331 INFO [org.junit.Test] zero00756
2016-08-04 20:04:04,331 INFO [org.junit.Test] zero00757
2016-08-04 20:04:04,331 INFO [org.junit.Test] zero00758
2016-08-04 20:04:04,331 INFO [org.junit.Test] zero00759
2016-08-04 20:04:04,331 INFO [org.junit.Test] zero00760
2016-08-04 20:04:04,331 INFO [org.junit.Test] zero00761
2016-08-04 20:04:04,331 INFO [org.junit.Test] zero00762
2016-08-04 20:04:04,331 INFO [org.junit.Test] zero00763
2016-08-04 20:04:04,331 INFO [org.junit.Test] zero00764
2016-08-04 20:04:04,331 INFO [org.junit.Test] zero00765
2016-08-04 20:04:04,331 INFO [org.junit.Test] zero00766
2016-08-04 20:04:04,331 INFO [org.junit.Test] zero00767
2016-08-04 20:04:04,331 INFO [org.junit.Test] zero00768
2016-08-04 20:04:04,331 INFO [org.junit.Test] zero00769
2016-08-04 20:04:04,331 INFO [org.junit.Test] zero00770
2016-08-04 20:04:04,331 INFO [org.junit.Test] zero00771
2016-08-04 20:04:04,331 INFO [org.junit.Test] zero00772
2016-08-04 20:04:04,331 INFO [org.junit.Test] zero00773
2016-08-04 20:04:04,331 INFO [org.junit.Test] zero00774
2016-08-04 20:04:04,331 INFO [org.junit.Test] zero00775
2016-08-04 20:04:04,331 INFO [org.junit.Test] zero00776
2016-08-04 20:04:04,331 INFO [org.junit.Test] zero00777
2016-08-04 20:04:04,331 INFO [org.junit.Test] zero00778
2016-08-04 20:04:04,331 INFO [org.junit.Test] zero00779
2016-08-04 20:04:04,331 INFO [org.junit.Test] zero00780
2016-08-04 20:04:04,331 INFO [org.junit.Test] zero00781
2016-08-04 20:04:04,331 INFO [org.junit.Test] zero00782
2016-08-04 20:04:04,331 INFO [org.junit.Test] zero00783
2016-08-04 20:04:04,331 INFO [org.junit.Test] zero00784
2016-08-04 20:04:04,331 INFO [org.junit.Test] zero00785
2016-08-04 20:04:04,331 INFO [org.junit.Test] zero00786
2016-08-04 20:04:04,331 INFO [org.junit.Test] zero00787
2016-08-04 20:04:04,331 INFO [org.junit.Test] zero00788
2016-08-04 20:04:04,331 INFO [org.junit.Test] zero00789
2016-08-04 20:04:04,331 INFO [org.junit.Test] zero00790
2016-08-04 20:04:04,331 INFO [org.junit.Test] zero00791
2016-08-04 20:04:04,331 INFO [org.junit.Test] zero00792
2016-08-04 20:04:04,331 INFO [org.junit.Test] zero00793
2016-08-04 20:04:04,331 INFO [org.junit.Test] zero00794
2016-08-04 20:04:04,331 INFO [org.junit.Test] zero00795
2016-08-04 20:04:04,331 INFO [org.junit.Test] zero00796
2016-08-04 20:04:04,331 INFO [org.junit.Test] zero00797
2016-08-04 20:04:04,331 INFO [org.junit.Test] zero00798
2016-08-04 20:04:04,331 INFO [org.junit.Test] zero00799
2016-08-04 20:04:04,331 INFO [org.junit.Test] zero00800
2016-08-04 20:04:04,331 INFO [org.junit.Test] zero00801
2016-08-04 20:04:04,331 INFO [org.junit.Test] zero00802
2016-08-04 20:04:04,331 INFO [org.junit.Test] zero00803
2016-08-04 20:04:04,331 INFO [org.junit.Test] zero00804
2016-08-04 20:04:04,331 INFO [org.junit.Test] zero00805
2016-08-04 20:04:04,331 INFO [org.junit.Test] zero00806
2016-08-04 20:04:04,331 INFO [org.junit.Test] zero00807
2016-08-04 20:04:04,331 INFO [org.junit.Test] zero00808
2016-08-04 20:04:04,331 INFO [org.junit.Test] zero00809
2016-08-04 20:04:04,331 INFO [org.junit.Test] zero00810
2016-08-04 20:04:04,331 INFO [org.junit.Test] zero00811
2016-08-04 20:04:04,331 INFO [org.junit.Test] zero00812
2016-08-04 20:04:04,331 INFO [org.junit.Test] zero00813
2016-08-04 20:04:04,331 INFO [org.junit.Test] zero00814
2016-08-04 20:04:04,331 INFO [org.junit.Test] zero00815
2016-08-04 20:04:04,331 INFO [org.junit.Test] zero00816
2016-08-04 20:04:04,331 INFO [org.junit.Test] zero00817
2016-08-04 20:04:04,331 INFO [org.junit.Test] zero00818
2016-08-04 20:04:04,331 INFO [org.junit.Test] zero00819
2016-08-04 20:04:04,331 INFO [org.junit.Test] zero00820
2016-08-04 20:04:04,331 INFO [org.junit.Test] zero00821
2016-08-04 20:04:04,331 INFO [org.junit.Test] zero00822
2016-08-04 20:04:04,331 INFO [org.junit.Test] zero00823
2016-08-04 20:04:04,331 INFO [org.junit.Test] zero00824
2016-08-04 20:04:04,331 INFO [org.junit.Test] zero00825
2016-08-04 20:04:04,331 INFO [org.junit.Test] zero00826
2016-08-04 20:04:04,331 INFO [org.junit.Test] zero00827
2016-08-04 20:04:04,331 INFO [org.junit.Test] zero00828
2016-08-04 20:04:04,331 INFO [org.junit.Test] zero00829
2016-08-04 20:04:04,331 INFO [org.junit.Test] zero00830
2016-08-04 20:04:04,331 INFO [org.junit.Test] zero00831
2016-08-04 20:04:04,331 INFO [org.junit.Test] zero00832
2016-08-04 20:04:04,331 INFO [org.junit.Test] zero00833
2016-08-04 20:04:04,331 INFO [org.junit.Test] zero00834
2016-08-04 20:04:04,331 INFO [org.junit.Test] zero00835
2016-08-04 20:04:04,331 INFO [org.junit.Test] zero00836
2016-08-04 20:04:04,331 INFO [org.junit.Test] zero00837
2016-08-04 20:04:04,331 INFO [org.junit.Test] zero00838
2016-08-04 20:04:04,331 INFO [org.junit.Test] zero00839
2016-08-04 20:04:04,331 INFO [org.junit.Test] zero00840
2016-08-04 20:04:04,331 INFO [org.junit.Test] zero00841
2016-08-04 20:04:04,331 INFO [org.junit.Test] zero00842
2016-08-04 20:04:04,331 INFO [org.junit.Test] zero00843
2016-08-04 20:04:04,331 INFO [org.junit.Test] zero00844
2016-08-04 20:04:04,331 INFO [org.junit.Test] zero00845
2016-08-04 20:04:04,331 INFO [org.junit.Test] zero00846
2016-08-04 20:04:04,331 INFO [org.junit.Test] zero00847
2016-08-04 20:04:04,331 INFO [org.junit.Test] zero00848
2016-08-04 20:04:04,331 INFO [org.junit.Test] zero00849
2016-08-04 20:04:04,331 INFO [org.junit.Test] zero00850
2016-08-04 20:04:04,331 INFO [org.junit.Test] zero00851
2016-08-04 20:04:04,331 INFO [org.junit.Test] zero00852
2016-08-04 20:04:04,331 INFO [org.junit.Test] zero00853
2016-08-04 20:04:04,331 INFO [org.junit.Test] zero00854
2016-08-04 20:04:04,331 INFO [org.junit.Test] zero00855
2016-08-04 20:04:04,331 INFO [org.junit.Test] zero00856
2016-08-04 20:04:04,331 INFO [org.junit.Test] zero00857
2016-08-04 20:04:04,331 INFO [org.junit.Test] zero00858
2016-08-04 20:04:04,331 INFO [org.junit.Test] zero00859
2016-08-04 20:04:04,331 INFO [org.junit.Test] zero00860
2016-08-04 20:04:04,331 INFO [org.junit.Test] zero00861
2016-08-04 20:04:04,331 INFO [org.junit.Test] zero00862
2016-08-04 20:04:04,331 INFO [org.junit.Test] zero00863
2016-08-04 20:04:04,331 INFO [org.junit.Test] zero00864
2016-08-04 20:04:04,331 INFO [org.junit.Test] zero00865
2016-08-04 20:04:04,331 INFO [org.junit.Test] zero00866
2016-08-04 20:04:04,331 INFO [org.junit.Test] zero00867
2016-08-04 20:04:04,331 INFO [org.junit.Test] zero00868
2016-08-04 20:04:04,331 INFO [org.junit.Test] zero00869
2016-08-04 20:04:04,331 INFO [org.junit.Test] zero00870
2016-08-04 20:04:04,331 INFO [org.junit.Test] zero00871
2016-08-04 20:04:04,331 INFO [org.junit.Test] zero00872
2016-08-04 20:04:04,331 INFO [org.junit.Test] zero00873
2016-08-04 20:04:04,331 INFO [org.junit.Test] zero00874
2016-08-04 20:04:04,331 INFO [org.junit.Test] zero00875
2016-08-04 20:04:04,331 INFO [org.junit.Test] zero00876
2016-08-04 20:04:04,331 INFO [org.junit.Test] zero00877
2016-08-04 20:04:04,331 INFO [org.junit.Test] zero00878
2016-08-04 20:04:04,331 INFO [org.junit.Test] zero00879
2016-08-04 20:04:04,331 INFO [org.junit.Test] zero00880
2016-08-04 20:04:04,331 INFO [org.junit.Test] zero00881
2016-08-04 20:04:04,331 INFO [org.junit.Test] zero00882
2016-08-04 20:04:04,331 INFO [org.junit.Test] zero00883
2016-08-04 20:04:04,331 INFO [org.junit.Test] zero00884
2016-08-04 20:04:04,331 INFO [org.junit.Test] zero00885
2016-08-04 20:04:04,331 INFO [org.junit.Test] zero00886
2016-08-04 20:04:04,331 INFO [org.junit.Test] zero00887
2016-08-04 20:04:04,331 INFO [org.junit.Test] zero00888
2016-08-04 20:04:04,331 INFO [org.junit.Test] zero00889
2016-08-04 20:04:04,331 INFO [org.junit.Test] zero00890
2016-08-04 20:04:04,331 INFO [org.junit.Test] zero00891
2016-08-04 20:04:04,331 INFO [org.junit.Test] zero00892
2016-08-04 20:04:04,331 INFO [org.junit.Test] zero00893
2016-08-04 20:04:04,331 INFO [org.junit.Test] zero00894
2016-08-04 20:04:04,331 INFO [org.junit.Test] zero00895
2016-08-04 20:04:04,331 INFO [org.junit.Test] zero00896
2016-08-04 20:04:04,331 INFO [org.junit.Test] zero00897
2016-08-04 20:04:04,331 INFO [org.junit.Test] zero00898
2016-08-04 20:04:04,331 INFO [org.junit.Test] zero00899
2016-08-04 20:04:04,331 INFO [org.junit.Test] zero00900
2016-08-04 20:04:04,331 INFO [org.junit.Test] zero00901
2016-08-04 20:04:04,331 INFO [org.junit.Test] zero00902
2016-08-04 20:04:04,331 INFO [org.junit.Test] zero00903
2016-08-04 20:04:04,331 INFO [org.junit.Test] zero00904
2016-08-04 20:04:04,331 INFO [org.junit.Test] zero00905
2016-08-04 20:04:04,331 INFO [org.junit.Test] zero00906
2016-08-04 20:04:04,331 INFO [org.junit.Test] zero00907
2016-08-04 20:04:04,331 INFO [org.junit.Test] zero00908
2016-08-04 20:04:04,331 INFO [org.junit.Test] zero00909
2016-08-04 20:04:04,331 INFO [org.junit.Test] zero00910
2016-08-04 20:04:04,331 INFO [org.junit.Test] zero00911
2016-08-04 20:04:04,331 INFO [org.junit.Test] zero00912
2016-08-04 20:04:04,331 INFO [org.junit.Test] zero00913
2016-08-04 20:04:04,331 INFO [org.junit.Test] zero00914
2016-08-04 20:04:04,331 INFO [org.junit.Test] zero00915
2016-08-04 20:04:04,331 INFO [org.junit.Test] zero00916
2016-08-04 20:04:04,331 INFO [org.junit.Test] zero00917
2016-08-04 20:04:04,331 INFO [org.junit.Test] zero00918
2016-08-04 20:04:04,331 INFO [org.junit.Test] zero00919
2016-08-04 20:04:04,331 INFO [org.junit.Test] zero00920
2016-08-04 20:04:04,331 INFO [org.junit.Test] zero00921
2016-08-04 20:04:04,331 INFO [org.junit.Test] zero00922
2016-08-04 20:04:04,331 INFO [org.junit.Test] zero00923
2016-08-04 20:04:04,331 INFO [org.junit.Test] zero00924
2016-08-04 20:04:04,331 INFO [org.junit.Test] zero00925
2016-08-04 20:04:04,331 INFO [org.junit.Test] zero00926
2016-08-04 20:04:04,331 INFO [org.junit.Test] zero00927
2016-08-04 20:04:04,331 INFO [org.junit.Test] zero00928
2016-08-04 20:04:04,331 INFO [org.junit.Test] zero00929
2016-08-04 20:04:04,331 INFO [org.junit.Test] zero00930
2016-08-04 20:04:04,331 INFO [org.junit.Test] zero00931
2016-08-04 20:04:04,331 INFO [org.junit.Test] zero00932
2016-08-04 20:04:04,331 INFO [org.junit.Test] zero00933
2016-08-04 20:04:04,331 INFO [org.junit.Test] zero00934
2016-08-04 20:04:04,331 INFO [org.junit.Test] zero00935
2016-08-04 20:04:04,331 INFO [org.junit.Test] zero00936
2016-08-04 20:04:04,331 INFO [org.junit.Test] zero00937
2016-08-04 20:04:04,331 INFO [org.junit.Test] zero00938
2016-08-04 20:04:04,331 INFO [org.junit.Test] zero00939
2016-08-04 20:04:04,331 INFO [org.junit.Test] zero00940
2016-08-04 20:04:04,331 INFO [org.junit.Test] zero00941
2016-08-04 20:04:04,331 INFO [org.junit.Test] zero00942
2016-08-04 20:04:04,331 INFO [org.junit.Test] zero00943
2016-08-04 20:04:04,331 INFO [org.junit.Test] zero00944
2016-08-04 20:04:04,331 INFO [org.junit.Test] zero00945
2016-08-04 20:04:04,331 INFO [org.junit.Test] zero00946
2016-08-04 20:04:04,331 INFO [org.junit.Test] zero00947
2016-08-04 20:04:04,331 INFO [org.junit.Test] zero00948
2016-08-04 20:04:04,331 INFO [org.junit.Test] zero00949
2016-08-04 20:04:04,331 INFO [org.junit.Test] zero00950
2016-08-04 20:04:04,331 INFO [org.junit.Test] zero00951
2016-08-04 20:04:04,331 INFO [org.junit.Test] zero00952
2016-08-04 20:04:04,331 INFO [org.junit.Test] zero00953
2016-08-04 20:04:04,331 INFO [org.junit.Test] zero00954
2016-08-04 20:04:04,331 INFO [org.junit.Test] zero00955
2016-08-04 20:04:04,331 INFO [org.junit.Test] zero00956
2016-08-04 20:04:04,331 INFO [org.junit.Test] zero00957
2016-08-04 20:04:04,331 INFO [org.junit.Test] zero00958
2016-08-04 20:04:04,331 INFO [org.junit.Test] zero00959
2016-08-04 20:04:04,331 INFO [org.junit.Test] zero00960
2016-08-04 20:04:04,331 INFO [org.junit.Test] zero00961
2016-08-04 20:04:04,331 INFO [org.junit.Test] zero00962
2016-08-04 20:04:04,331 INFO [org.junit.Test] zero00963
2016-08-04 20:04:04,331 INFO [org.junit.Test] zero00964
2016-08-04 20:04:04,331 INFO [org.junit.Test] zero00965
2016-08-04 20:04:04,331 INFO [org.junit.Test] zero00966
2016-08-04 20:04:04,331 INFO [org.junit.Test] zero00967
2016-08-04 20:04:04,331 INFO [org.junit.Test] zero00968
2016-08-04 20:04:04,331 INFO [org.junit.Test] zero00969
2016-08-04 20:04:04,331 INFO [org.junit.Test] zero00970
2016-08-04 20:04:04,331 INFO [org.junit.Test] zero00971
2016-08-04 20:04:04,331 INFO [org.junit.Test] zero00972
2016-08-04 20:04:04,331 INFO [org.junit.Test] zero00973
2016-08-04 20:04:04,331 INFO [org.junit.Test] zero00974
2016-08-04 20:04:04,331 INFO [org.junit.Test] zero00975
2016-08-04 20:04:04,331 INFO [org.junit.Test] zero00976
2016-08-04 20:04:04,331 INFO [org.junit.Test] zero00977
2016-08-04 20:04:04,331 INFO [org.junit.Test] zero00978
2016-08-04 20:04:04,331 INFO [org.junit.Test] zero00979
2016-08-04 20:04:04,331 INFO [org.junit.Test] zero00980
2016-08-04 20:04:04,331 INFO [org.junit.Test] zero00981
2016-08-04 20:04:04,331 INFO [org.junit.Test] zero00982
2016-08-04 20:04:04,331 INFO [org.junit.Test] zero00983
2016-08-04 20:04:04,331 INFO [org.junit.Test] zero00984
2016-08-04 20:04:04,331 INFO [org.junit.Test] zero00985
2016-08-04 20:04:04,331 INFO [org.junit.Test] zero00986
2016-08-04 20:04:04,331 INFO [org.junit.Test] zero00987
2016-08-04 20:04:04,331 INFO [org.junit.Test] zero00988
2016-08-04 20:04:04,331 INFO [org.junit.Test] zero00989
2016-08-04 20:04:04,331 INFO [org.junit.Test] zero00990
2016-08-04 20:04:04,331 INFO [org.junit.Test] zero00991
2016-08-04 20:04:04,331 INFO [org.junit.Test] zero00992
2016-08-04 20:04:04,331 INFO [org.junit.Test] zero00993
2016-08-04 20:04:04,331 INFO [org.junit.Test] zero00994
2016-08-04 20:04:04,331 INFO [org.junit.Test] zero00995
2016-08-04 20:04:04,331 INFO [org.junit.Test] zero00996
2016-08-04 20:04:04,331 INFO [org.junit.Test] zero00997
2016-08-04 20:04:04,331 INFO [org.junit.Test] zero00998
2016-08-04 20:04:04,331 INFO [org.junit.Test] zero00999
2016-08-04 20:04:07,332 INFO [org.junit.Test] zero000
2016-08-04 20:04:07,332 INFO [org.junit.Test] zero001
2016-08-04 20:04:07,332 INFO [org.junit.Test] zero002
2016-08-04 20:04:07,332 INFO [org.junit.Test] zero003
2016-08-04 20:04:07,332 INFO [org.junit.Test] zero004
2016-08-04 20:04:07,332 INFO [org.junit.Test] zero005
2016-08-04 20:04:07,332 INFO [org.junit.Test] zero006
2016-08-04 20:04:07,332 INFO [org.junit.Test] zero007
2016-08-04 20:04:07,332 INFO [org.junit.Test] zero008
2016-08-04 20:04:07,332 INFO [org.junit.Test] zero009
2016-08-04 20:04:07,332 INFO [org.junit.Test] zero0010
2016-08-04 20:04:07,332 INFO [org.junit.Test] zero0011
2016-08-04 20:04:07,332 INFO [org.junit.Test] zero0012
2016-08-04 20:04:07,332 INFO [org.junit.Test] zero0013
2016-08-04 20:04:07,332 INFO [org.junit.Test] zero0014
2016-08-04 20:04:07,332 INFO [org.junit.Test] zero0015
2016-08-04 20:04:07,332 INFO [org.junit.Test] zero0016
2016-08-04 20:04:07,332 INFO [org.junit.Test] zero0017
2016-08-04 20:04:07,332 INFO [org.junit.Test] zero0018
2016-08-04 20:04:07,332 INFO [org.junit.Test] zero0019
2016-08-04 20:04:07,332 INFO [org.junit.Test] zero0020
2016-08-04 20:04:07,332 INFO [org.junit.Test] zero0021
2016-08-04 20:04:07,332 INFO [org.junit.Test] zero0022
2016-08-04 20:04:07,332 INFO [org.junit.Test] zero0023
2016-08-04 20:04:07,332 INFO [org.junit.Test] zero0024
2016-08-04 20:04:07,332 INFO [org.junit.Test] zero0025
2016-08-04 20:04:07,332 INFO [org.junit.Test] zero0026
2016-08-04 20:04:07,332 INFO [org.junit.Test] zero0027
2016-08-04 20:04:07,332 INFO [org.junit.Test] zero0028
2016-08-04 20:04:07,332 INFO [org.junit.Test] zero0029
2016-08-04 20:04:07,332 INFO [org.junit.Test] zero0030
2016-08-04 20:04:07,332 INFO [org.junit.Test] zero0031
2016-08-04 20:04:07,332 INFO [org.junit.Test] zero0032
2016-08-04 20:04:07,332 INFO [org.junit.Test] zero0033
2016-08-04 20:04:07,332 INFO [org.junit.Test] zero0034
2016-08-04 20:04:07,332 INFO [org.junit.Test] zero0035
2016-08-04 20:04:07,332 INFO [org.junit.Test] zero0036
2016-08-04 20:04:07,332 INFO [org.junit.Test] zero0037
2016-08-04 20:04:07,332 INFO [org.junit.Test] zero0038
2016-08-04 20:04:07,332 INFO [org.junit.Test] zero0039
2016-08-04 20:04:07,332 INFO [org.junit.Test] zero0040
2016-08-04 20:04:07,332 INFO [org.junit.Test] zero0041
2016-08-04 20:04:07,332 INFO [org.junit.Test] zero0042
2016-08-04 20:04:07,332 INFO [org.junit.Test] zero0043
2016-08-04 20:04:07,332 INFO [org.junit.Test] zero0044
2016-08-04 20:04:07,332 INFO [org.junit.Test] zero0045
2016-08-04 20:04:07,332 INFO [org.junit.Test] zero0046
2016-08-04 20:04:07,332 INFO [org.junit.Test] zero0047
2016-08-04 20:04:07,332 INFO [org.junit.Test] zero0048
2016-08-04 20:04:07,332 INFO [org.junit.Test] zero0049
2016-08-04 20:04:07,332 INFO [org.junit.Test] zero0050
2016-08-04 20:04:07,332 INFO [org.junit.Test] zero0051
2016-08-04 20:04:07,332 INFO [org.junit.Test] zero0052
2016-08-04 20:04:07,332 INFO [org.junit.Test] zero0053
2016-08-04 20:04:07,332 INFO [org.junit.Test] zero0054
2016-08-04 20:04:07,332 INFO [org.junit.Test] zero0055
2016-08-04 20:04:07,332 INFO [org.junit.Test] zero0056
2016-08-04 20:04:07,332 INFO [org.junit.Test] zero0057
2016-08-04 20:04:07,332 INFO [org.junit.Test] zero0058
2016-08-04 20:04:07,332 INFO [org.junit.Test] zero0059
2016-08-04 20:04:07,332 INFO [org.junit.Test] zero0060
2016-08-04 20:04:07,332 INFO [org.junit.Test] zero0061
2016-08-04 20:04:07,332 INFO [org.junit.Test] zero0062
2016-08-04 20:04:07,332 INFO [org.junit.Test] zero0063
2016-08-04 20:04:07,332 INFO [org.junit.Test] zero0064
2016-08-04 20:04:07,332 INFO [org.junit.Test] zero0065
2016-08-04 20:04:07,332 INFO [org.junit.Test] zero0066
2016-08-04 20:04:07,332 INFO [org.junit.Test] zero0067
2016-08-04 20:04:07,332 INFO [org.junit.Test] zero0068
2016-08-04 20:04:07,332 INFO [org.junit.Test] zero0069
2016-08-04 20:04:07,332 INFO [org.junit.Test] zero0070
2016-08-04 20:04:07,332 INFO [org.junit.Test] zero0071
2016-08-04 20:04:07,332 INFO [org.junit.Test] zero0072
2016-08-04 20:04:07,332 INFO [org.junit.Test] zero0073
2016-08-04 20:04:07,332 INFO [org.junit.Test] zero0074
2016-08-04 20:04:07,332 INFO [org.junit.Test] zero0075
2016-08-04 20:04:07,332 INFO [org.junit.Test] zero0076
2016-08-04 20:04:07,332 INFO [org.junit.Test] zero0077
2016-08-04 20:04:07,332 INFO [org.junit.Test] zero0078
2016-08-04 20:04:07,332 INFO [org.junit.Test] zero0079
2016-08-04 20:04:07,332 INFO [org.junit.Test] zero0080
2016-08-04 20:04:07,332 INFO [org.junit.Test] zero0081
2016-08-04 20:04:07,332 INFO [org.junit.Test] zero0082
2016-08-04 20:04:07,332 INFO [org.junit.Test] zero0083
2016-08-04 20:04:07,332 INFO [org.junit.Test] zero0084
2016-08-04 20:04:07,332 INFO [org.junit.Test] zero0085
2016-08-04 20:04:07,332 INFO [org.junit.Test] zero0086
2016-08-04 20:04:07,332 INFO [org.junit.Test] zero0087
2016-08-04 20:04:07,332 INFO [org.junit.Test] zero0088
2016-08-04 20:04:07,332 INFO [org.junit.Test] zero0089
2016-08-04 20:04:07,332 INFO [org.junit.Test] zero0090
2016-08-04 20:04:07,332 INFO [org.junit.Test] zero0091
2016-08-04 20:04:07,332 INFO [org.junit.Test] zero0092
2016-08-04 20:04:07,332 INFO [org.junit.Test] zero0093
2016-08-04 20:04:07,332 INFO [org.junit.Test] zero0094
2016-08-04 20:04:07,332 INFO [org.junit.Test] zero0095
2016-08-04 20:04:07,332 INFO [org.junit.Test] zero0096
2016-08-04 20:04:07,332 INFO [org.junit.Test] zero0097
2016-08-04 20:04:07,332 INFO [org.junit.Test] zero0098
2016-08-04 20:04:07,332 INFO [org.junit.Test] zero0099
2016-08-04 20:04:07,332 INFO [org.junit.Test] zero00100
2016-08-04 20:04:07,332 INFO [org.junit.Test] zero00101
2016-08-04 20:04:07,332 INFO [org.junit.Test] zero00102
2016-08-04 20:04:07,332 INFO [org.junit.Test] zero00103
2016-08-04 20:04:07,332 INFO [org.junit.Test] zero00104
2016-08-04 20:04:07,332 INFO [org.junit.Test] zero00105
2016-08-04 20:04:07,332 INFO [org.junit.Test] zero00106
2016-08-04 20:04:07,332 INFO [org.junit.Test] zero00107
2016-08-04 20:04:07,332 INFO [org.junit.Test] zero00108
2016-08-04 20:04:07,332 INFO [org.junit.Test] zero00109
2016-08-04 20:04:07,332 INFO [org.junit.Test] zero00110
2016-08-04 20:04:07,332 INFO [org.junit.Test] zero00111
2016-08-04 20:04:07,332 INFO [org.junit.Test] zero00112
2016-08-04 20:04:07,332 INFO [org.junit.Test] zero00113
2016-08-04 20:04:07,332 INFO [org.junit.Test] zero00114
2016-08-04 20:04:07,332 INFO [org.junit.Test] zero00115
2016-08-04 20:04:07,332 INFO [org.junit.Test] zero00116
2016-08-04 20:04:07,332 INFO [org.junit.Test] zero00117
2016-08-04 20:04:07,332 INFO [org.junit.Test] zero00118
2016-08-04 20:04:07,332 INFO [org.junit.Test] zero00119
2016-08-04 20:04:07,332 INFO [org.junit.Test] zero00120
2016-08-04 20:04:07,332 INFO [org.junit.Test] zero00121
2016-08-04 20:04:07,332 INFO [org.junit.Test] zero00122
2016-08-04 20:04:07,332 INFO [org.junit.Test] zero00123
2016-08-04 20:04:07,332 INFO [org.junit.Test] zero00124
2016-08-04 20:04:07,332 INFO [org.junit.Test] zero00125
2016-08-04 20:04:07,332 INFO [org.junit.Test] zero00126
2016-08-04 20:04:07,332 INFO [org.junit.Test] zero00127
2016-08-04 20:04:07,332 INFO [org.junit.Test] zero00128
2016-08-04 20:04:07,332 INFO [org.junit.Test] zero00129
2016-08-04 20:04:07,332 INFO [org.junit.Test] zero00130
2016-08-04 20:04:07,332 INFO [org.junit.Test] zero00131
2016-08-04 20:04:07,332 INFO [org.junit.Test] zero00132
2016-08-04 20:04:07,332 INFO [org.junit.Test] zero00133
2016-08-04 20:04:07,332 INFO [org.junit.Test] zero00134
2016-08-04 20:04:07,332 INFO [org.junit.Test] zero00135
2016-08-04 20:04:07,332 INFO [org.junit.Test] zero00136
2016-08-04 20:04:07,332 INFO [org.junit.Test] zero00137
2016-08-04 20:04:07,332 INFO [org.junit.Test] zero00138
2016-08-04 20:04:07,332 INFO [org.junit.Test] zero00139
2016-08-04 20:04:07,332 INFO [org.junit.Test] zero00140
2016-08-04 20:04:07,332 INFO [org.junit.Test] zero00141
2016-08-04 20:04:07,332 INFO [org.junit.Test] zero00142
2016-08-04 20:04:07,332 INFO [org.junit.Test] zero00143
2016-08-04 20:04:07,332 INFO [org.junit.Test] zero00144
2016-08-04 20:04:07,332 INFO [org.junit.Test] zero00145
2016-08-04 20:04:07,332 INFO [org.junit.Test] zero00146
2016-08-04 20:04:07,332 INFO [org.junit.Test] zero00147
2016-08-04 20:04:07,332 INFO [org.junit.Test] zero00148
2016-08-04 20:04:07,332 INFO [org.junit.Test] zero00149
2016-08-04 20:04:07,332 INFO [org.junit.Test] zero00150
2016-08-04 20:04:07,332 INFO [org.junit.Test] zero00151
2016-08-04 20:04:07,332 INFO [org.junit.Test] zero00152
2016-08-04 20:04:07,332 INFO [org.junit.Test] zero00153
2016-08-04 20:04:07,332 INFO [org.junit.Test] zero00154
2016-08-04 20:04:07,332 INFO [org.junit.Test] zero00155
2016-08-04 20:04:07,332 INFO [org.junit.Test] zero00156
2016-08-04 20:04:07,332 INFO [org.junit.Test] zero00157
2016-08-04 20:04:07,332 INFO [org.junit.Test] zero00158
2016-08-04 20:04:07,332 INFO [org.junit.Test] zero00159
2016-08-04 20:04:07,332 INFO [org.junit.Test] zero00160
2016-08-04 20:04:07,332 INFO [org.junit.Test] zero00161
2016-08-04 20:04:07,332 INFO [org.junit.Test] zero00162
2016-08-04 20:04:07,332 INFO [org.junit.Test] zero00163
2016-08-04 20:04:07,332 INFO [org.junit.Test] zero00164
2016-08-04 20:04:07,332 INFO [org.junit.Test] zero00165
2016-08-04 20:04:07,332 INFO [org.junit.Test] zero00166
2016-08-04 20:04:07,332 INFO [org.junit.Test] zero00167
2016-08-04 20:04:07,332 INFO [org.junit.Test] zero00168
2016-08-04 20:04:07,332 INFO [org.junit.Test] zero00169
2016-08-04 20:04:07,332 INFO [org.junit.Test] zero00170
2016-08-04 20:04:07,332 INFO [org.junit.Test] zero00171
2016-08-04 20:04:07,332 INFO [org.junit.Test] zero00172
2016-08-04 20:04:07,332 INFO [org.junit.Test] zero00173
2016-08-04 20:04:07,332 INFO [org.junit.Test] zero00174
2016-08-04 20:04:07,332 INFO [org.junit.Test] zero00175
2016-08-04 20:04:07,332 INFO [org.junit.Test] zero00176
2016-08-04 20:04:07,332 INFO [org.junit.Test] zero00177
2016-08-04 20:04:07,332 INFO [org.junit.Test] zero00178
2016-08-04 20:04:07,332 INFO [org.junit.Test] zero00179
2016-08-04 20:04:07,332 INFO [org.junit.Test] zero00180
2016-08-04 20:04:07,332 INFO [org.junit.Test] zero00181
2016-08-04 20:04:07,332 INFO [org.junit.Test] zero00182
2016-08-04 20:04:07,332 INFO [org.junit.Test] zero00183
2016-08-04 20:04:07,332 INFO [org.junit.Test] zero00184
2016-08-04 20:04:07,332 INFO [org.junit.Test] zero00185
2016-08-04 20:04:07,332 INFO [org.junit.Test] zero00186
2016-08-04 20:04:07,332 INFO [org.junit.Test] zero00187
2016-08-04 20:04:07,332 INFO [org.junit.Test] zero00188
2016-08-04 20:04:07,332 INFO [org.junit.Test] zero00189
2016-08-04 20:04:07,332 INFO [org.junit.Test] zero00190
2016-08-04 20:04:07,332 INFO [org.junit.Test] zero00191
2016-08-04 20:04:07,332 INFO [org.junit.Test] zero00192
2016-08-04 20:04:07,332 INFO [org.junit.Test] zero00193
2016-08-04 20:04:07,332 INFO [org.junit.Test] zero00194
2016-08-04 20:04:07,332 INFO [org.junit.Test] zero00195
2016-08-04 20:04:07,332 INFO [org.junit.Test] zero00196
2016-08-04 20:04:07,332 INFO [org.junit.Test] zero00197
2016-08-04 20:04:07,332 INFO [org.junit.Test] zero00198
2016-08-04 20:04:07,332 INFO [org.junit.Test] zero00199
2016-08-04 20:04:07,332 INFO [org.junit.Test] zero00200
2016-08-04 20:04:07,332 INFO [org.junit.Test] zero00201
2016-08-04 20:04:07,332 INFO [org.junit.Test] zero00202
2016-08-04 20:04:07,332 INFO [org.junit.Test] zero00203
2016-08-04 20:04:07,332 INFO [org.junit.Test] zero00204
2016-08-04 20:04:07,332 INFO [org.junit.Test] zero00205
2016-08-04 20:04:07,332 INFO [org.junit.Test] zero00206
2016-08-04 20:04:07,332 INFO [org.junit.Test] zero00207
2016-08-04 20:04:07,332 INFO [org.junit.Test] zero00208
2016-08-04 20:04:07,332 INFO [org.junit.Test] zero00209
2016-08-04 20:04:07,332 INFO [org.junit.Test] zero00210
2016-08-04 20:04:07,332 INFO [org.junit.Test] zero00211
2016-08-04 20:04:07,332 INFO [org.junit.Test] zero00212
2016-08-04 20:04:07,332 INFO [org.junit.Test] zero00213
2016-08-04 20:04:07,332 INFO [org.junit.Test] zero00214
2016-08-04 20:04:07,332 INFO [org.junit.Test] zero00215
2016-08-04 20:04:07,332 INFO [org.junit.Test] zero00216
2016-08-04 20:04:07,332 INFO [org.junit.Test] zero00217
2016-08-04 20:04:07,332 INFO [org.junit.Test] zero00218
2016-08-04 20:04:07,332 INFO [org.junit.Test] zero00219
2016-08-04 20:04:07,332 INFO [org.junit.Test] zero00220
2016-08-04 20:04:07,332 INFO [org.junit.Test] zero00221
2016-08-04 20:04:07,332 INFO [org.junit.Test] zero00222
2016-08-04 20:04:07,332 INFO [org.junit.Test] zero00223
2016-08-04 20:04:07,332 INFO [org.junit.Test] zero00224
2016-08-04 20:04:07,332 INFO [org.junit.Test] zero00225
2016-08-04 20:04:07,332 INFO [org.junit.Test] zero00226
2016-08-04 20:04:07,332 INFO [org.junit.Test] zero00227
2016-08-04 20:04:07,332 INFO [org.junit.Test] zero00228
2016-08-04 20:04:07,332 INFO [org.junit.Test] zero00229
2016-08-04 20:04:07,332 INFO [org.junit.Test] zero00230
2016-08-04 20:04:07,332 INFO [org.junit.Test] zero00231
2016-08-04 20:04:07,332 INFO [org.junit.Test] zero00232
2016-08-04 20:04:07,332 INFO [org.junit.Test] zero00233
2016-08-04 20:04:07,332 INFO [org.junit.Test] zero00234
2016-08-04 20:04:07,332 INFO [org.junit.Test] zero00235
2016-08-04 20:04:07,332 INFO [org.junit.Test] zero00236
2016-08-04 20:04:07,332 INFO [org.junit.Test] zero00237
2016-08-04 20:04:07,332 INFO [org.junit.Test] zero00238
2016-08-04 20:04:07,332 INFO [org.junit.Test] zero00239
2016-08-04 20:04:07,332 INFO [org.junit.Test] zero00240
2016-08-04 20:04:07,332 INFO [org.junit.Test] zero00241
2016-08-04 20:04:07,332 INFO [org.junit.Test] zero00242
2016-08-04 20:04:07,332 INFO [org.junit.Test] zero00243
2016-08-04 20:04:07,332 INFO [org.junit.Test] zero00244
2016-08-04 20:04:07,332 INFO [org.junit.Test] zero00245
2016-08-04 20:04:07,332 INFO [org.junit.Test] zero00246
2016-08-04 20:04:07,332 INFO [org.junit.Test] zero00247
2016-08-04 20:04:07,332 INFO [org.junit.Test] zero00248
2016-08-04 20:04:07,332 INFO [org.junit.Test] zero00249
2016-08-04 20:04:07,332 INFO [org.junit.Test] zero00250
2016-08-04 20:04:07,332 INFO [org.junit.Test] zero00251
2016-08-04 20:04:07,332 INFO [org.junit.Test] zero00252
2016-08-04 20:04:07,332 INFO [org.junit.Test] zero00253
2016-08-04 20:04:07,332 INFO [org.junit.Test] zero00254
2016-08-04 20:04:07,332 INFO [org.junit.Test] zero00255
2016-08-04 20:04:07,332 INFO [org.junit.Test] zero00256
2016-08-04 20:04:07,333 INFO [org.junit.Test] zero00257
2016-08-04 20:04:07,333 INFO [org.junit.Test] zero00258
2016-08-04 20:04:07,333 INFO [org.junit.Test] zero00259
2016-08-04 20:04:07,333 INFO [org.junit.Test] zero00260
2016-08-04 20:04:07,333 INFO [org.junit.Test] zero00261
2016-08-04 20:04:07,333 INFO [org.junit.Test] zero00262
2016-08-04 20:04:07,333 INFO [org.junit.Test] zero00263
2016-08-04 20:04:07,333 INFO [org.junit.Test] zero00264
2016-08-04 20:04:07,333 INFO [org.junit.Test] zero00265
2016-08-04 20:04:07,333 INFO [org.junit.Test] zero00266
2016-08-04 20:04:07,333 INFO [org.junit.Test] zero00267
2016-08-04 20:04:07,333 INFO [org.junit.Test] zero00268
2016-08-04 20:04:07,333 INFO [org.junit.Test] zero00269
2016-08-04 20:04:07,333 INFO [org.junit.Test] zero00270
2016-08-04 20:04:07,333 INFO [org.junit.Test] zero00271
2016-08-04 20:04:07,333 INFO [org.junit.Test] zero00272
2016-08-04 20:04:07,333 INFO [org.junit.Test] zero00273
2016-08-04 20:04:07,333 INFO [org.junit.Test] zero00274
2016-08-04 20:04:07,333 INFO [org.junit.Test] zero00275
2016-08-04 20:04:07,333 INFO [org.junit.Test] zero00276
2016-08-04 20:04:07,333 INFO [org.junit.Test] zero00277
2016-08-04 20:04:07,333 INFO [org.junit.Test] zero00278
2016-08-04 20:04:07,333 INFO [org.junit.Test] zero00279
2016-08-04 20:04:07,333 INFO [org.junit.Test] zero00280
2016-08-04 20:04:07,333 INFO [org.junit.Test] zero00281
2016-08-04 20:04:07,333 INFO [org.junit.Test] zero00282
2016-08-04 20:04:07,333 INFO [org.junit.Test] zero00283
2016-08-04 20:04:07,333 INFO [org.junit.Test] zero00284
2016-08-04 20:04:07,333 INFO [org.junit.Test] zero00285
2016-08-04 20:04:07,333 INFO [org.junit.Test] zero00286
2016-08-04 20:04:07,333 INFO [org.junit.Test] zero00287
2016-08-04 20:04:07,333 INFO [org.junit.Test] zero00288
2016-08-04 20:04:07,333 INFO [org.junit.Test] zero00289
2016-08-04 20:04:07,333 INFO [org.junit.Test] zero00290
2016-08-04 20:04:07,333 INFO [org.junit.Test] zero00291
2016-08-04 20:04:07,333 INFO [org.junit.Test] zero00292
2016-08-04 20:04:07,333 INFO [org.junit.Test] zero00293
2016-08-04 20:04:07,333 INFO [org.junit.Test] zero00294
2016-08-04 20:04:07,333 INFO [org.junit.Test] zero00295
2016-08-04 20:04:07,333 INFO [org.junit.Test] zero00296
2016-08-04 20:04:07,333 INFO [org.junit.Test] zero00297
2016-08-04 20:04:07,333 INFO [org.junit.Test] zero00298
2016-08-04 20:04:07,333 INFO [org.junit.Test] zero00299
2016-08-04 20:04:07,333 INFO [org.junit.Test] zero00300
2016-08-04 20:04:07,333 INFO [org.junit.Test] zero00301
2016-08-04 20:04:07,333 INFO [org.junit.Test] zero00302
2016-08-04 20:04:07,333 INFO [org.junit.Test] zero00303
2016-08-04 20:04:07,333 INFO [org.junit.Test] zero00304
2016-08-04 20:04:07,333 INFO [org.junit.Test] zero00305
2016-08-04 20:04:07,333 INFO [org.junit.Test] zero00306
2016-08-04 20:04:07,333 INFO [org.junit.Test] zero00307
2016-08-04 20:04:07,333 INFO [org.junit.Test] zero00308
2016-08-04 20:04:07,333 INFO [org.junit.Test] zero00309
2016-08-04 20:04:07,333 INFO [org.junit.Test] zero00310
2016-08-04 20:04:07,333 INFO [org.junit.Test] zero00311
2016-08-04 20:04:07,333 INFO [org.junit.Test] zero00312
2016-08-04 20:04:07,333 INFO [org.junit.Test] zero00313
2016-08-04 20:04:07,333 INFO [org.junit.Test] zero00314
2016-08-04 20:04:07,333 INFO [org.junit.Test] zero00315
2016-08-04 20:04:07,333 INFO [org.junit.Test] zero00316
2016-08-04 20:04:07,333 INFO [org.junit.Test] zero00317
2016-08-04 20:04:07,333 INFO [org.junit.Test] zero00318
2016-08-04 20:04:07,333 INFO [org.junit.Test] zero00319
2016-08-04 20:04:07,333 INFO [org.junit.Test] zero00320
2016-08-04 20:04:07,333 INFO [org.junit.Test] zero00321
2016-08-04 20:04:07,333 INFO [org.junit.Test] zero00322
2016-08-04 20:04:07,333 INFO [org.junit.Test] zero00323
2016-08-04 20:04:07,333 INFO [org.junit.Test] zero00324
2016-08-04 20:04:07,333 INFO [org.junit.Test] zero00325
2016-08-04 20:04:07,333 INFO [org.junit.Test] zero00326
2016-08-04 20:04:07,333 INFO [org.junit.Test] zero00327
2016-08-04 20:04:07,333 INFO [org.junit.Test] zero00328
2016-08-04 20:04:07,333 INFO [org.junit.Test] zero00329
2016-08-04 20:04:07,333 INFO [org.junit.Test] zero00330
2016-08-04 20:04:07,333 INFO [org.junit.Test] zero00331
2016-08-04 20:04:07,333 INFO [org.junit.Test] zero00332
2016-08-04 20:04:07,333 INFO [org.junit.Test] zero00333
2016-08-04 20:04:07,333 INFO [org.junit.Test] zero00334
2016-08-04 20:04:07,333 INFO [org.junit.Test] zero00335
2016-08-04 20:04:07,333 INFO [org.junit.Test] zero00336
2016-08-04 20:04:07,333 INFO [org.junit.Test] zero00337
2016-08-04 20:04:07,333 INFO [org.junit.Test] zero00338
2016-08-04 20:04:07,333 INFO [org.junit.Test] zero00339
2016-08-04 20:04:07,333 INFO [org.junit.Test] zero00340
2016-08-04 20:04:07,333 INFO [org.junit.Test] zero00341
2016-08-04 20:04:07,333 INFO [org.junit.Test] zero00342
2016-08-04 20:04:07,333 INFO [org.junit.Test] zero00343
2016-08-04 20:04:07,333 INFO [org.junit.Test] zero00344
2016-08-04 20:04:07,333 INFO [org.junit.Test] zero00345
2016-08-04 20:04:07,333 INFO [org.junit.Test] zero00346
2016-08-04 20:04:07,333 INFO [org.junit.Test] zero00347
2016-08-04 20:04:07,333 INFO [org.junit.Test] zero00348
2016-08-04 20:04:07,333 INFO [org.junit.Test] zero00349
2016-08-04 20:04:07,333 INFO [org.junit.Test] zero00350
2016-08-04 20:04:07,333 INFO [org.junit.Test] zero00351
2016-08-04 20:04:07,333 INFO [org.junit.Test] zero00352
2016-08-04 20:04:07,333 INFO [org.junit.Test] zero00353
2016-08-04 20:04:07,333 INFO [org.junit.Test] zero00354
2016-08-04 20:04:07,333 INFO [org.junit.Test] zero00355
2016-08-04 20:04:07,333 INFO [org.junit.Test] zero00356
2016-08-04 20:04:07,333 INFO [org.junit.Test] zero00357
2016-08-04 20:04:07,333 INFO [org.junit.Test] zero00358
2016-08-04 20:04:07,333 INFO [org.junit.Test] zero00359
2016-08-04 20:04:07,333 INFO [org.junit.Test] zero00360
2016-08-04 20:04:07,333 INFO [org.junit.Test] zero00361
2016-08-04 20:04:07,333 INFO [org.junit.Test] zero00362
2016-08-04 20:04:07,333 INFO [org.junit.Test] zero00363
2016-08-04 20:04:07,333 INFO [org.junit.Test] zero00364
2016-08-04 20:04:07,333 INFO [org.junit.Test] zero00365
2016-08-04 20:04:07,333 INFO [org.junit.Test] zero00366
2016-08-04 20:04:07,333 INFO [org.junit.Test] zero00367
2016-08-04 20:04:07,333 INFO [org.junit.Test] zero00368
2016-08-04 20:04:07,333 INFO [org.junit.Test] zero00369
2016-08-04 20:04:07,333 INFO [org.junit.Test] zero00370
2016-08-04 20:04:07,333 INFO [org.junit.Test] zero00371
2016-08-04 20:04:07,333 INFO [org.junit.Test] zero00372
2016-08-04 20:04:07,333 INFO [org.junit.Test] zero00373
2016-08-04 20:04:07,333 INFO [org.junit.Test] zero00374
2016-08-04 20:04:07,333 INFO [org.junit.Test] zero00375
2016-08-04 20:04:07,333 INFO [org.junit.Test] zero00376
2016-08-04 20:04:07,333 INFO [org.junit.Test] zero00377
2016-08-04 20:04:07,333 INFO [org.junit.Test] zero00378
2016-08-04 20:04:07,333 INFO [org.junit.Test] zero00379
2016-08-04 20:04:07,333 INFO [org.junit.Test] zero00380
2016-08-04 20:04:07,333 INFO [org.junit.Test] zero00381
2016-08-04 20:04:07,333 INFO [org.junit.Test] zero00382
2016-08-04 20:04:07,333 INFO [org.junit.Test] zero00383
2016-08-04 20:04:07,333 INFO [org.junit.Test] zero00384
2016-08-04 20:04:07,333 INFO [org.junit.Test] zero00385
2016-08-04 20:04:07,333 INFO [org.junit.Test] zero00386
2016-08-04 20:04:07,333 INFO [org.junit.Test] zero00387
2016-08-04 20:04:07,333 INFO [org.junit.Test] zero00388
2016-08-04 20:04:07,333 INFO [org.junit.Test] zero00389
2016-08-04 20:04:07,333 INFO [org.junit.Test] zero00390
2016-08-04 20:04:07,333 INFO [org.junit.Test] zero00391
2016-08-04 20:04:07,333 INFO [org.junit.Test] zero00392
2016-08-04 20:04:07,333 INFO [org.junit.Test] zero00393
2016-08-04 20:04:07,333 INFO [org.junit.Test] zero00394
2016-08-04 20:04:07,333 INFO [org.junit.Test] zero00395
2016-08-04 20:04:07,333 INFO [org.junit.Test] zero00396
2016-08-04 20:04:07,333 INFO [org.junit.Test] zero00397
2016-08-04 20:04:07,333 INFO [org.junit.Test] zero00398
2016-08-04 20:04:07,333 INFO [org.junit.Test] zero00399
2016-08-04 20:04:07,333 INFO [org.junit.Test] zero00400
2016-08-04 20:04:07,333 INFO [org.junit.Test] zero00401
2016-08-04 20:04:07,333 INFO [org.junit.Test] zero00402
2016-08-04 20:04:07,333 INFO [org.junit.Test] zero00403
2016-08-04 20:04:07,333 INFO [org.junit.Test] zero00404
2016-08-04 20:04:07,333 INFO [org.junit.Test] zero00405
2016-08-04 20:04:07,333 INFO [org.junit.Test] zero00406
2016-08-04 20:04:07,333 INFO [org.junit.Test] zero00407
2016-08-04 20:04:07,333 INFO [org.junit.Test] zero00408
2016-08-04 20:04:07,333 INFO [org.junit.Test] zero00409
2016-08-04 20:04:07,333 INFO [org.junit.Test] zero00410
2016-08-04 20:04:07,333 INFO [org.junit.Test] zero00411
2016-08-04 20:04:07,333 INFO [org.junit.Test] zero00412
2016-08-04 20:04:07,333 INFO [org.junit.Test] zero00413
2016-08-04 20:04:07,333 INFO [org.junit.Test] zero00414
2016-08-04 20:04:07,333 INFO [org.junit.Test] zero00415
2016-08-04 20:04:07,333 INFO [org.junit.Test] zero00416
2016-08-04 20:04:07,333 INFO [org.junit.Test] zero00417
2016-08-04 20:04:07,333 INFO [org.junit.Test] zero00418
2016-08-04 20:04:07,333 INFO [org.junit.Test] zero00419
2016-08-04 20:04:07,333 INFO [org.junit.Test] zero00420
2016-08-04 20:04:07,333 INFO [org.junit.Test] zero00421
2016-08-04 20:04:07,333 INFO [org.junit.Test] zero00422
2016-08-04 20:04:07,333 INFO [org.junit.Test] zero00423
2016-08-04 20:04:07,333 INFO [org.junit.Test] zero00424
2016-08-04 20:04:07,333 INFO [org.junit.Test] zero00425
2016-08-04 20:04:07,333 INFO [org.junit.Test] zero00426
2016-08-04 20:04:07,333 INFO [org.junit.Test] zero00427
2016-08-04 20:04:07,333 INFO [org.junit.Test] zero00428
2016-08-04 20:04:07,333 INFO [org.junit.Test] zero00429
2016-08-04 20:04:07,333 INFO [org.junit.Test] zero00430
2016-08-04 20:04:07,333 INFO [org.junit.Test] zero00431
2016-08-04 20:04:07,333 INFO [org.junit.Test] zero00432
2016-08-04 20:04:07,333 INFO [org.junit.Test] zero00433
2016-08-04 20:04:07,333 INFO [org.junit.Test] zero00434
2016-08-04 20:04:07,333 INFO [org.junit.Test] zero00435
2016-08-04 20:04:07,333 INFO [org.junit.Test] zero00436
2016-08-04 20:04:07,333 INFO [org.junit.Test] zero00437
2016-08-04 20:04:07,333 INFO [org.junit.Test] zero00438
2016-08-04 20:04:07,333 INFO [org.junit.Test] zero00439
2016-08-04 20:04:07,333 INFO [org.junit.Test] zero00440
2016-08-04 20:04:07,333 INFO [org.junit.Test] zero00441
2016-08-04 20:04:07,333 INFO [org.junit.Test] zero00442
2016-08-04 20:04:07,333 INFO [org.junit.Test] zero00443
2016-08-04 20:04:07,333 INFO [org.junit.Test] zero00444
2016-08-04 20:04:07,333 INFO [org.junit.Test] zero00445
2016-08-04 20:04:07,333 INFO [org.junit.Test] zero00446
2016-08-04 20:04:07,333 INFO [org.junit.Test] zero00447
2016-08-04 20:04:07,333 INFO [org.junit.Test] zero00448
2016-08-04 20:04:07,333 INFO [org.junit.Test] zero00449
2016-08-04 20:04:07,333 INFO [org.junit.Test] zero00450
2016-08-04 20:04:07,333 INFO [org.junit.Test] zero00451
2016-08-04 20:04:07,333 INFO [org.junit.Test] zero00452
2016-08-04 20:04:07,333 INFO [org.junit.Test] zero00453
2016-08-04 20:04:07,333 INFO [org.junit.Test] zero00454
2016-08-04 20:04:07,333 INFO [org.junit.Test] zero00455
2016-08-04 20:04:07,333 INFO [org.junit.Test] zero00456
2016-08-04 20:04:07,333 INFO [org.junit.Test] zero00457
2016-08-04 20:04:07,333 INFO [org.junit.Test] zero00458
2016-08-04 20:04:07,333 INFO [org.junit.Test] zero00459
2016-08-04 20:04:07,333 INFO [org.junit.Test] zero00460
2016-08-04 20:04:07,333 INFO [org.junit.Test] zero00461
2016-08-04 20:04:07,333 INFO [org.junit.Test] zero00462
2016-08-04 20:04:07,333 INFO [org.junit.Test] zero00463
2016-08-04 20:04:07,333 INFO [org.junit.Test] zero00464
2016-08-04 20:04:07,333 INFO [org.junit.Test] zero00465
2016-08-04 20:04:07,333 INFO [org.junit.Test] zero00466
2016-08-04 20:04:07,333 INFO [org.junit.Test] zero00467
2016-08-04 20:04:07,333 INFO [org.junit.Test] zero00468
2016-08-04 20:04:07,333 INFO [org.junit.Test] zero00469
2016-08-04 20:04:07,333 INFO [org.junit.Test] zero00470
2016-08-04 20:04:07,333 INFO [org.junit.Test] zero00471
2016-08-04 20:04:07,333 INFO [org.junit.Test] zero00472
2016-08-04 20:04:07,333 INFO [org.junit.Test] zero00473
2016-08-04 20:04:07,333 INFO [org.junit.Test] zero00474
2016-08-04 20:04:07,333 INFO [org.junit.Test] zero00475
2016-08-04 20:04:07,333 INFO [org.junit.Test] zero00476
2016-08-04 20:04:07,333 INFO [org.junit.Test] zero00477
2016-08-04 20:04:07,333 INFO [org.junit.Test] zero00478
2016-08-04 20:04:07,333 INFO [org.junit.Test] zero00479
2016-08-04 20:04:07,333 INFO [org.junit.Test] zero00480
2016-08-04 20:04:07,333 INFO [org.junit.Test] zero00481
2016-08-04 20:04:07,333 INFO [org.junit.Test] zero00482
2016-08-04 20:04:07,333 INFO [org.junit.Test] zero00483
2016-08-04 20:04:07,333 INFO [org.junit.Test] zero00484
2016-08-04 20:04:07,333 INFO [org.junit.Test] zero00485
2016-08-04 20:04:07,333 INFO [org.junit.Test] zero00486
2016-08-04 20:04:07,333 INFO [org.junit.Test] zero00487
2016-08-04 20:04:07,333 INFO [org.junit.Test] zero00488
2016-08-04 20:04:07,333 INFO [org.junit.Test] zero00489
2016-08-04 20:04:07,333 INFO [org.junit.Test] zero00490
2016-08-04 20:04:07,333 INFO [org.junit.Test] zero00491
2016-08-04 20:04:07,333 INFO [org.junit.Test] zero00492
2016-08-04 20:04:07,333 INFO [org.junit.Test] zero00493
2016-08-04 20:04:07,333 INFO [org.junit.Test] zero00494
2016-08-04 20:04:07,333 INFO [org.junit.Test] zero00495
2016-08-04 20:04:07,333 INFO [org.junit.Test] zero00496
2016-08-04 20:04:07,333 INFO [org.junit.Test] zero00497
2016-08-04 20:04:07,333 INFO [org.junit.Test] zero00498
2016-08-04 20:04:07,333 INFO [org.junit.Test] zero00499
2016-08-04 20:04:07,333 INFO [org.junit.Test] zero00500
2016-08-04 20:04:07,333 INFO [org.junit.Test] zero00501
2016-08-04 20:04:07,333 INFO [org.junit.Test] zero00502
2016-08-04 20:04:07,333 INFO [org.junit.Test] zero00503
2016-08-04 20:04:07,333 INFO [org.junit.Test] zero00504
2016-08-04 20:04:07,333 INFO [org.junit.Test] zero00505
2016-08-04 20:04:07,333 INFO [org.junit.Test] zero00506
2016-08-04 20:04:07,333 INFO [org.junit.Test] zero00507
2016-08-04 20:04:07,333 INFO [org.junit.Test] zero00508
2016-08-04 20:04:07,333 INFO [org.junit.Test] zero00509
2016-08-04 20:04:07,333 INFO [org.junit.Test] zero00510
2016-08-04 20:04:07,333 INFO [org.junit.Test] zero00511
2016-08-04 20:04:07,333 INFO [org.junit.Test] zero00512
2016-08-04 20:04:07,333 INFO [org.junit.Test] zero00513
2016-08-04 20:04:07,333 INFO [org.junit.Test] zero00514
2016-08-04 20:04:07,333 INFO [org.junit.Test] zero00515
2016-08-04 20:04:07,333 INFO [org.junit.Test] zero00516
2016-08-04 20:04:07,333 INFO [org.junit.Test] zero00517
2016-08-04 20:04:07,333 INFO [org.junit.Test] zero00518
2016-08-04 20:04:07,333 INFO [org.junit.Test] zero00519
2016-08-04 20:04:07,333 INFO [org.junit.Test] zero00520
2016-08-04 20:04:07,333 INFO [org.junit.Test] zero00521
2016-08-04 20:04:07,333 INFO [org.junit.Test] zero00522
2016-08-04 20:04:07,333 INFO [org.junit.Test] zero00523
2016-08-04 20:04:07,333 INFO [org.junit.Test] zero00524
2016-08-04 20:04:07,333 INFO [org.junit.Test] zero00525
2016-08-04 20:04:07,333 INFO [org.junit.Test] zero00526
2016-08-04 20:04:07,333 INFO [org.junit.Test] zero00527
2016-08-04 20:04:07,333 INFO [org.junit.Test] zero00528
2016-08-04 20:04:07,333 INFO [org.junit.Test] zero00529
2016-08-04 20:04:07,333 INFO [org.junit.Test] zero00530
2016-08-04 20:04:07,333 INFO [org.junit.Test] zero00531
2016-08-04 20:04:07,333 INFO [org.junit.Test] zero00532
2016-08-04 20:04:07,333 INFO [org.junit.Test] zero00533
2016-08-04 20:04:07,333 INFO [org.junit.Test] zero00534
2016-08-04 20:04:07,333 INFO [org.junit.Test] zero00535
2016-08-04 20:04:07,333 INFO [org.junit.Test] zero00536
2016-08-04 20:04:07,333 INFO [org.junit.Test] zero00537
2016-08-04 20:04:07,333 INFO [org.junit.Test] zero00538
2016-08-04 20:04:07,333 INFO [org.junit.Test] zero00539
2016-08-04 20:04:07,333 INFO [org.junit.Test] zero00540
2016-08-04 20:04:07,334 INFO [org.junit.Test] zero00541
2016-08-04 20:04:07,334 INFO [org.junit.Test] zero00542
2016-08-04 20:04:07,334 INFO [org.junit.Test] zero00543
2016-08-04 20:04:07,334 INFO [org.junit.Test] zero00544
2016-08-04 20:04:07,334 INFO [org.junit.Test] zero00545
2016-08-04 20:04:07,334 INFO [org.junit.Test] zero00546
2016-08-04 20:04:07,334 INFO [org.junit.Test] zero00547
2016-08-04 20:04:07,334 INFO [org.junit.Test] zero00548
2016-08-04 20:04:07,334 INFO [org.junit.Test] zero00549
2016-08-04 20:04:07,334 INFO [org.junit.Test] zero00550
2016-08-04 20:04:07,334 INFO [org.junit.Test] zero00551
2016-08-04 20:04:07,334 INFO [org.junit.Test] zero00552
2016-08-04 20:04:07,334 INFO [org.junit.Test] zero00553
2016-08-04 20:04:07,334 INFO [org.junit.Test] zero00554
2016-08-04 20:04:07,334 INFO [org.junit.Test] zero00555
2016-08-04 20:04:07,334 INFO [org.junit.Test] zero00556
2016-08-04 20:04:07,334 INFO [org.junit.Test] zero00557
2016-08-04 20:04:07,334 INFO [org.junit.Test] zero00558
2016-08-04 20:04:07,334 INFO [org.junit.Test] zero00559
2016-08-04 20:04:07,334 INFO [org.junit.Test] zero00560
2016-08-04 20:04:07,334 INFO [org.junit.Test] zero00561
2016-08-04 20:04:07,334 INFO [org.junit.Test] zero00562
2016-08-04 20:04:07,334 INFO [org.junit.Test] zero00563
2016-08-04 20:04:07,334 INFO [org.junit.Test] zero00564
2016-08-04 20:04:07,334 INFO [org.junit.Test] zero00565
2016-08-04 20:04:07,334 INFO [org.junit.Test] zero00566
2016-08-04 20:04:07,334 INFO [org.junit.Test] zero00567
2016-08-04 20:04:07,334 INFO [org.junit.Test] zero00568
2016-08-04 20:04:07,334 INFO [org.junit.Test] zero00569
2016-08-04 20:04:07,334 INFO [org.junit.Test] zero00570
2016-08-04 20:04:07,334 INFO [org.junit.Test] zero00571
2016-08-04 20:04:07,334 INFO [org.junit.Test] zero00572
2016-08-04 20:04:07,334 INFO [org.junit.Test] zero00573
2016-08-04 20:04:07,334 INFO [org.junit.Test] zero00574
2016-08-04 20:04:07,334 INFO [org.junit.Test] zero00575
2016-08-04 20:04:07,334 INFO [org.junit.Test] zero00576
2016-08-04 20:04:07,334 INFO [org.junit.Test] zero00577
2016-08-04 20:04:07,334 INFO [org.junit.Test] zero00578
2016-08-04 20:04:07,334 INFO [org.junit.Test] zero00579
2016-08-04 20:04:07,334 INFO [org.junit.Test] zero00580
2016-08-04 20:04:07,334 INFO [org.junit.Test] zero00581
2016-08-04 20:04:07,334 INFO [org.junit.Test] zero00582
2016-08-04 20:04:07,334 INFO [org.junit.Test] zero00583
2016-08-04 20:04:07,334 INFO [org.junit.Test] zero00584
2016-08-04 20:04:07,334 INFO [org.junit.Test] zero00585
2016-08-04 20:04:07,334 INFO [org.junit.Test] zero00586
2016-08-04 20:04:07,334 INFO [org.junit.Test] zero00587
2016-08-04 20:04:07,334 INFO [org.junit.Test] zero00588
2016-08-04 20:04:07,334 INFO [org.junit.Test] zero00589
2016-08-04 20:04:07,334 INFO [org.junit.Test] zero00590
2016-08-04 20:04:07,334 INFO [org.junit.Test] zero00591
2016-08-04 20:04:07,334 INFO [org.junit.Test] zero00592
2016-08-04 20:04:07,334 INFO [org.junit.Test] zero00593
2016-08-04 20:04:07,334 INFO [org.junit.Test] zero00594
2016-08-04 20:04:07,334 INFO [org.junit.Test] zero00595
2016-08-04 20:04:07,334 INFO [org.junit.Test] zero00596
2016-08-04 20:04:07,334 INFO [org.junit.Test] zero00597
2016-08-04 20:04:07,334 INFO [org.junit.Test] zero00598
2016-08-04 20:04:07,334 INFO [org.junit.Test] zero00599
2016-08-04 20:04:07,334 INFO [org.junit.Test] zero00600
2016-08-04 20:04:07,334 INFO [org.junit.Test] zero00601
2016-08-04 20:04:07,334 INFO [org.junit.Test] zero00602
2016-08-04 20:04:07,334 INFO [org.junit.Test] zero00603
2016-08-04 20:04:07,334 INFO [org.junit.Test] zero00604
2016-08-04 20:04:07,334 INFO [org.junit.Test] zero00605
2016-08-04 20:04:07,334 INFO [org.junit.Test] zero00606
2016-08-04 20:04:07,334 INFO [org.junit.Test] zero00607
2016-08-04 20:04:07,334 INFO [org.junit.Test] zero00608
2016-08-04 20:04:07,334 INFO [org.junit.Test] zero00609
2016-08-04 20:04:07,334 INFO [org.junit.Test] zero00610
2016-08-04 20:04:07,334 INFO [org.junit.Test] zero00611
2016-08-04 20:04:07,334 INFO [org.junit.Test] zero00612
2016-08-04 20:04:07,334 INFO [org.junit.Test] zero00613
2016-08-04 20:04:07,334 INFO [org.junit.Test] zero00614
2016-08-04 20:04:07,334 INFO [org.junit.Test] zero00615
2016-08-04 20:04:07,334 INFO [org.junit.Test] zero00616
2016-08-04 20:04:07,334 INFO [org.junit.Test] zero00617
2016-08-04 20:04:07,334 INFO [org.junit.Test] zero00618
2016-08-04 20:04:07,334 INFO [org.junit.Test] zero00619
2016-08-04 20:04:07,334 INFO [org.junit.Test] zero00620
2016-08-04 20:04:07,334 INFO [org.junit.Test] zero00621
2016-08-04 20:04:07,334 INFO [org.junit.Test] zero00622
2016-08-04 20:04:07,334 INFO [org.junit.Test] zero00623
2016-08-04 20:04:07,334 INFO [org.junit.Test] zero00624
2016-08-04 20:04:07,334 INFO [org.junit.Test] zero00625
2016-08-04 20:04:07,334 INFO [org.junit.Test] zero00626
2016-08-04 20:04:07,334 INFO [org.junit.Test] zero00627
2016-08-04 20:04:07,334 INFO [org.junit.Test] zero00628
2016-08-04 20:04:07,334 INFO [org.junit.Test] zero00629
2016-08-04 20:04:07,334 INFO [org.junit.Test] zero00630
2016-08-04 20:04:07,334 INFO [org.junit.Test] zero00631
2016-08-04 20:04:07,334 INFO [org.junit.Test] zero00632
2016-08-04 20:04:07,334 INFO [org.junit.Test] zero00633
2016-08-04 20:04:07,334 INFO [org.junit.Test] zero00634
2016-08-04 20:04:07,334 INFO [org.junit.Test] zero00635
2016-08-04 20:04:07,334 INFO [org.junit.Test] zero00636
2016-08-04 20:04:07,334 INFO [org.junit.Test] zero00637
2016-08-04 20:04:07,334 INFO [org.junit.Test] zero00638
2016-08-04 20:04:07,334 INFO [org.junit.Test] zero00639
2016-08-04 20:04:07,334 INFO [org.junit.Test] zero00640
2016-08-04 20:04:07,334 INFO [org.junit.Test] zero00641
2016-08-04 20:04:07,334 INFO [org.junit.Test] zero00642
2016-08-04 20:04:07,334 INFO [org.junit.Test] zero00643
2016-08-04 20:04:07,334 INFO [org.junit.Test] zero00644
2016-08-04 20:04:07,334 INFO [org.junit.Test] zero00645
2016-08-04 20:04:07,334 INFO [org.junit.Test] zero00646
2016-08-04 20:04:07,334 INFO [org.junit.Test] zero00647
2016-08-04 20:04:07,334 INFO [org.junit.Test] zero00648
2016-08-04 20:04:07,334 INFO [org.junit.Test] zero00649
2016-08-04 20:04:07,334 INFO [org.junit.Test] zero00650
2016-08-04 20:04:07,334 INFO [org.junit.Test] zero00651
2016-08-04 20:04:07,334 INFO [org.junit.Test] zero00652
2016-08-04 20:04:07,334 INFO [org.junit.Test] zero00653
2016-08-04 20:04:07,334 INFO [org.junit.Test] zero00654
2016-08-04 20:04:07,334 INFO [org.junit.Test] zero00655
2016-08-04 20:04:07,334 INFO [org.junit.Test] zero00656
2016-08-04 20:04:07,334 INFO [org.junit.Test] zero00657
2016-08-04 20:04:07,334 INFO [org.junit.Test] zero00658
2016-08-04 20:04:07,334 INFO [org.junit.Test] zero00659
2016-08-04 20:04:07,334 INFO [org.junit.Test] zero00660
2016-08-04 20:04:07,334 INFO [org.junit.Test] zero00661
2016-08-04 20:04:07,334 INFO [org.junit.Test] zero00662
2016-08-04 20:04:07,334 INFO [org.junit.Test] zero00663
2016-08-04 20:04:07,334 INFO [org.junit.Test] zero00664
2016-08-04 20:04:07,334 INFO [org.junit.Test] zero00665
2016-08-04 20:04:07,334 INFO [org.junit.Test] zero00666
2016-08-04 20:04:07,334 INFO [org.junit.Test] zero00667
2016-08-04 20:04:07,334 INFO [org.junit.Test] zero00668
2016-08-04 20:04:07,334 INFO [org.junit.Test] zero00669
2016-08-04 20:04:07,334 INFO [org.junit.Test] zero00670
2016-08-04 20:04:07,334 INFO [org.junit.Test] zero00671
2016-08-04 20:04:07,334 INFO [org.junit.Test] zero00672
2016-08-04 20:04:07,334 INFO [org.junit.Test] zero00673
2016-08-04 20:04:07,334 INFO [org.junit.Test] zero00674
2016-08-04 20:04:07,334 INFO [org.junit.Test] zero00675
2016-08-04 20:04:07,334 INFO [org.junit.Test] zero00676
2016-08-04 20:04:07,334 INFO [org.junit.Test] zero00677
2016-08-04 20:04:07,334 INFO [org.junit.Test] zero00678
2016-08-04 20:04:07,334 INFO [org.junit.Test] zero00679
2016-08-04 20:04:07,334 INFO [org.junit.Test] zero00680
2016-08-04 20:04:07,334 INFO [org.junit.Test] zero00681
2016-08-04 20:04:07,334 INFO [org.junit.Test] zero00682
2016-08-04 20:04:07,334 INFO [org.junit.Test] zero00683
2016-08-04 20:04:07,334 INFO [org.junit.Test] zero00684
2016-08-04 20:04:07,334 INFO [org.junit.Test] zero00685
2016-08-04 20:04:07,334 INFO [org.junit.Test] zero00686
2016-08-04 20:04:07,334 INFO [org.junit.Test] zero00687
2016-08-04 20:04:07,334 INFO [org.junit.Test] zero00688
2016-08-04 20:04:07,334 INFO [org.junit.Test] zero00689
2016-08-04 20:04:07,334 INFO [org.junit.Test] zero00690
2016-08-04 20:04:07,334 INFO [org.junit.Test] zero00691
2016-08-04 20:04:07,334 INFO [org.junit.Test] zero00692
2016-08-04 20:04:07,334 INFO [org.junit.Test] zero00693
2016-08-04 20:04:07,334 INFO [org.junit.Test] zero00694
2016-08-04 20:04:07,334 INFO [org.junit.Test] zero00695
2016-08-04 20:04:07,334 INFO [org.junit.Test] zero00696
2016-08-04 20:04:07,334 INFO [org.junit.Test] zero00697
2016-08-04 20:04:07,334 INFO [org.junit.Test] zero00698
2016-08-04 20:04:07,334 INFO [org.junit.Test] zero00699
2016-08-04 20:04:07,334 INFO [org.junit.Test] zero00700
2016-08-04 20:04:07,334 INFO [org.junit.Test] zero00701
2016-08-04 20:04:07,334 INFO [org.junit.Test] zero00702
2016-08-04 20:04:07,334 INFO [org.junit.Test] zero00703
2016-08-04 20:04:07,334 INFO [org.junit.Test] zero00704
2016-08-04 20:04:07,334 INFO [org.junit.Test] zero00705
2016-08-04 20:04:07,334 INFO [org.junit.Test] zero00706
2016-08-04 20:04:07,334 INFO [org.junit.Test] zero00707
2016-08-04 20:04:07,334 INFO [org.junit.Test] zero00708
2016-08-04 20:04:07,334 INFO [org.junit.Test] zero00709
2016-08-04 20:04:07,334 INFO [org.junit.Test] zero00710
2016-08-04 20:04:07,334 INFO [org.junit.Test] zero00711
2016-08-04 20:04:07,334 INFO [org.junit.Test] zero00712
2016-08-04 20:04:07,334 INFO [org.junit.Test] zero00713
2016-08-04 20:04:07,334 INFO [org.junit.Test] zero00714
2016-08-04 20:04:07,334 INFO [org.junit.Test] zero00715
2016-08-04 20:04:07,334 INFO [org.junit.Test] zero00716
2016-08-04 20:04:07,334 INFO [org.junit.Test] zero00717
2016-08-04 20:04:07,334 INFO [org.junit.Test] zero00718
2016-08-04 20:04:07,334 INFO [org.junit.Test] zero00719
2016-08-04 20:04:07,334 INFO [org.junit.Test] zero00720
2016-08-04 20:04:07,334 INFO [org.junit.Test] zero00721
2016-08-04 20:04:07,334 INFO [org.junit.Test] zero00722
2016-08-04 20:04:07,334 INFO [org.junit.Test] zero00723
2016-08-04 20:04:07,334 INFO [org.junit.Test] zero00724
2016-08-04 20:04:07,334 INFO [org.junit.Test] zero00725
2016-08-04 20:04:07,334 INFO [org.junit.Test] zero00726
2016-08-04 20:04:07,334 INFO [org.junit.Test] zero00727
2016-08-04 20:04:07,334 INFO [org.junit.Test] zero00728
2016-08-04 20:04:07,334 INFO [org.junit.Test] zero00729
2016-08-04 20:04:07,334 INFO [org.junit.Test] zero00730
2016-08-04 20:04:07,334 INFO [org.junit.Test] zero00731
2016-08-04 20:04:07,334 INFO [org.junit.Test] zero00732
2016-08-04 20:04:07,334 INFO [org.junit.Test] zero00733
2016-08-04 20:04:07,334 INFO [org.junit.Test] zero00734
2016-08-04 20:04:07,334 INFO [org.junit.Test] zero00735
2016-08-04 20:04:07,334 INFO [org.junit.Test] zero00736
2016-08-04 20:04:07,334 INFO [org.junit.Test] zero00737
2016-08-04 20:04:07,334 INFO [org.junit.Test] zero00738
2016-08-04 20:04:07,334 INFO [org.junit.Test] zero00739
2016-08-04 20:04:07,334 INFO [org.junit.Test] zero00740
2016-08-04 20:04:07,334 INFO [org.junit.Test] zero00741
2016-08-04 20:04:07,334 INFO [org.junit.Test] zero00742
2016-08-04 20:04:07,334 INFO [org.junit.Test] zero00743
2016-08-04 20:04:07,334 INFO [org.junit.Test] zero00744
2016-08-04 20:04:07,334 INFO [org.junit.Test] zero00745
2016-08-04 20:04:07,334 INFO [org.junit.Test] zero00746
2016-08-04 20:04:07,334 INFO [org.junit.Test] zero00747
2016-08-04 20:04:07,334 INFO [org.junit.Test] zero00748
2016-08-04 20:04:07,334 INFO [org.junit.Test] zero00749
2016-08-04 20:04:07,334 INFO [org.junit.Test] zero00750
2016-08-04 20:04:07,334 INFO [org.junit.Test] zero00751
2016-08-04 20:04:07,334 INFO [org.junit.Test] zero00752
2016-08-04 20:04:07,334 INFO [org.junit.Test] zero00753
2016-08-04 20:04:07,334 INFO [org.junit.Test] zero00754
2016-08-04 20:04:07,334 INFO [org.junit.Test] zero00755
2016-08-04 20:04:07,334 INFO [org.junit.Test] zero00756
2016-08-04 20:04:07,334 INFO [org.junit.Test] zero00757
2016-08-04 20:04:07,334 INFO [org.junit.Test] zero00758
2016-08-04 20:04:07,334 INFO [org.junit.Test] zero00759
2016-08-04 20:04:07,334 INFO [org.junit.Test] zero00760
2016-08-04 20:04:07,334 INFO [org.junit.Test] zero00761
2016-08-04 20:04:07,334 INFO [org.junit.Test] zero00762
2016-08-04 20:04:07,334 INFO [org.junit.Test] zero00763
2016-08-04 20:04:07,334 INFO [org.junit.Test] zero00764
2016-08-04 20:04:07,334 INFO [org.junit.Test] zero00765
2016-08-04 20:04:07,334 INFO [org.junit.Test] zero00766
2016-08-04 20:04:07,334 INFO [org.junit.Test] zero00767
2016-08-04 20:04:07,334 INFO [org.junit.Test] zero00768
2016-08-04 20:04:07,334 INFO [org.junit.Test] zero00769
2016-08-04 20:04:07,334 INFO [org.junit.Test] zero00770
2016-08-04 20:04:07,334 INFO [org.junit.Test] zero00771
2016-08-04 20:04:07,334 INFO [org.junit.Test] zero00772
2016-08-04 20:04:07,334 INFO [org.junit.Test] zero00773
2016-08-04 20:04:07,334 INFO [org.junit.Test] zero00774
2016-08-04 20:04:07,334 INFO [org.junit.Test] zero00775
2016-08-04 20:04:07,334 INFO [org.junit.Test] zero00776
2016-08-04 20:04:07,334 INFO [org.junit.Test] zero00777
2016-08-04 20:04:07,334 INFO [org.junit.Test] zero00778
2016-08-04 20:04:07,334 INFO [org.junit.Test] zero00779
2016-08-04 20:04:07,334 INFO [org.junit.Test] zero00780
2016-08-04 20:04:07,334 INFO [org.junit.Test] zero00781
2016-08-04 20:04:07,334 INFO [org.junit.Test] zero00782
2016-08-04 20:04:07,334 INFO [org.junit.Test] zero00783
2016-08-04 20:04:07,334 INFO [org.junit.Test] zero00784
2016-08-04 20:04:07,334 INFO [org.junit.Test] zero00785
2016-08-04 20:04:07,334 INFO [org.junit.Test] zero00786
2016-08-04 20:04:07,334 INFO [org.junit.Test] zero00787
2016-08-04 20:04:07,334 INFO [org.junit.Test] zero00788
2016-08-04 20:04:07,334 INFO [org.junit.Test] zero00789
2016-08-04 20:04:07,334 INFO [org.junit.Test] zero00790
2016-08-04 20:04:07,334 INFO [org.junit.Test] zero00791
2016-08-04 20:04:07,334 INFO [org.junit.Test] zero00792
2016-08-04 20:04:07,334 INFO [org.junit.Test] zero00793
2016-08-04 20:04:07,334 INFO [org.junit.Test] zero00794
2016-08-04 20:04:07,334 INFO [org.junit.Test] zero00795
2016-08-04 20:04:07,334 INFO [org.junit.Test] zero00796
2016-08-04 20:04:07,334 INFO [org.junit.Test] zero00797
2016-08-04 20:04:07,334 INFO [org.junit.Test] zero00798
2016-08-04 20:04:07,334 INFO [org.junit.Test] zero00799
2016-08-04 20:04:07,334 INFO [org.junit.Test] zero00800
2016-08-04 20:04:07,334 INFO [org.junit.Test] zero00801
2016-08-04 20:04:07,334 INFO [org.junit.Test] zero00802
2016-08-04 20:04:07,334 INFO [org.junit.Test] zero00803
2016-08-04 20:04:07,334 INFO [org.junit.Test] zero00804
2016-08-04 20:04:07,334 INFO [org.junit.Test] zero00805
2016-08-04 20:04:07,334 INFO [org.junit.Test] zero00806
2016-08-04 20:04:07,334 INFO [org.junit.Test] zero00807
2016-08-04 20:04:07,334 INFO [org.junit.Test] zero00808
2016-08-04 20:04:07,334 INFO [org.junit.Test] zero00809
2016-08-04 20:04:07,334 INFO [org.junit.Test] zero00810
2016-08-04 20:04:07,334 INFO [org.junit.Test] zero00811
2016-08-04 20:04:07,334 INFO [org.junit.Test] zero00812
2016-08-04 20:04:07,334 INFO [org.junit.Test] zero00813
2016-08-04 20:04:07,334 INFO [org.junit.Test] zero00814
2016-08-04 20:04:07,334 INFO [org.junit.Test] zero00815
2016-08-04 20:04:07,334 INFO [org.junit.Test] zero00816
2016-08-04 20:04:07,334 INFO [org.junit.Test] zero00817
2016-08-04 20:04:07,334 INFO [org.junit.Test] zero00818
2016-08-04 20:04:07,334 INFO [org.junit.Test] zero00819
2016-08-04 20:04:07,334 INFO [org.junit.Test] zero00820
2016-08-04 20:04:07,334 INFO [org.junit.Test] zero00821
2016-08-04 20:04:07,334 INFO [org.junit.Test] zero00822
2016-08-04 20:04:07,334 INFO [org.junit.Test] zero00823
2016-08-04 20:04:07,334 INFO [org.junit.Test] zero00824
2016-08-04 20:04:07,334 INFO [org.junit.Test] zero00825
2016-08-04 20:04:07,334 INFO [org.junit.Test] zero00826
2016-08-04 20:04:07,334 INFO [org.junit.Test] zero00827
2016-08-04 20:04:07,335 INFO [org.junit.Test] zero00828
2016-08-04 20:04:07,335 INFO [org.junit.Test] zero00829
2016-08-04 20:04:07,335 INFO [org.junit.Test] zero00830
2016-08-04 20:04:07,335 INFO [org.junit.Test] zero00831
2016-08-04 20:04:07,335 INFO [org.junit.Test] zero00832
2016-08-04 20:04:07,335 INFO [org.junit.Test] zero00833
2016-08-04 20:04:07,335 INFO [org.junit.Test] zero00834
2016-08-04 20:04:07,335 INFO [org.junit.Test] zero00835
2016-08-04 20:04:07,335 INFO [org.junit.Test] zero00836
2016-08-04 20:04:07,335 INFO [org.junit.Test] zero00837
2016-08-04 20:04:07,335 INFO [org.junit.Test] zero00838
2016-08-04 20:04:07,335 INFO [org.junit.Test] zero00839
2016-08-04 20:04:07,335 INFO [org.junit.Test] zero00840
2016-08-04 20:04:07,335 INFO [org.junit.Test] zero00841
2016-08-04 20:04:07,335 INFO [org.junit.Test] zero00842
2016-08-04 20:04:07,335 INFO [org.junit.Test] zero00843
2016-08-04 20:04:07,335 INFO [org.junit.Test] zero00844
2016-08-04 20:04:07,335 INFO [org.junit.Test] zero00845
2016-08-04 20:04:07,335 INFO [org.junit.Test] zero00846
2016-08-04 20:04:07,335 INFO [org.junit.Test] zero00847
2016-08-04 20:04:07,335 INFO [org.junit.Test] zero00848
2016-08-04 20:04:07,335 INFO [org.junit.Test] zero00849
2016-08-04 20:04:07,335 INFO [org.junit.Test] zero00850
2016-08-04 20:04:07,335 INFO [org.junit.Test] zero00851
2016-08-04 20:04:07,335 INFO [org.junit.Test] zero00852
2016-08-04 20:04:07,335 INFO [org.junit.Test] zero00853
2016-08-04 20:04:07,335 INFO [org.junit.Test] zero00854
2016-08-04 20:04:07,335 INFO [org.junit.Test] zero00855
2016-08-04 20:04:07,335 INFO [org.junit.Test] zero00856
2016-08-04 20:04:07,335 INFO [org.junit.Test] zero00857
2016-08-04 20:04:07,335 INFO [org.junit.Test] zero00858
2016-08-04 20:04:07,335 INFO [org.junit.Test] zero00859
2016-08-04 20:04:07,335 INFO [org.junit.Test] zero00860
2016-08-04 20:04:07,335 INFO [org.junit.Test] zero00861
2016-08-04 20:04:07,335 INFO [org.junit.Test] zero00862
2016-08-04 20:04:07,335 INFO [org.junit.Test] zero00863
2016-08-04 20:04:07,335 INFO [org.junit.Test] zero00864
2016-08-04 20:04:07,335 INFO [org.junit.Test] zero00865
2016-08-04 20:04:07,335 INFO [org.junit.Test] zero00866
2016-08-04 20:04:07,335 INFO [org.junit.Test] zero00867
2016-08-04 20:04:07,335 INFO [org.junit.Test] zero00868
2016-08-04 20:04:07,335 INFO [org.junit.Test] zero00869
2016-08-04 20:04:07,335 INFO [org.junit.Test] zero00870
2016-08-04 20:04:07,335 INFO [org.junit.Test] zero00871
2016-08-04 20:04:07,335 INFO [org.junit.Test] zero00872
2016-08-04 20:04:07,335 INFO [org.junit.Test] zero00873
2016-08-04 20:04:07,335 INFO [org.junit.Test] zero00874
2016-08-04 20:04:07,335 INFO [org.junit.Test] zero00875
2016-08-04 20:04:07,335 INFO [org.junit.Test] zero00876
2016-08-04 20:04:07,335 INFO [org.junit.Test] zero00877
2016-08-04 20:04:07,335 INFO [org.junit.Test] zero00878
2016-08-04 20:04:07,335 INFO [org.junit.Test] zero00879
2016-08-04 20:04:07,335 INFO [org.junit.Test] zero00880
2016-08-04 20:04:07,335 INFO [org.junit.Test] zero00881
2016-08-04 20:04:07,335 INFO [org.junit.Test] zero00882
2016-08-04 20:04:07,335 INFO [org.junit.Test] zero00883
2016-08-04 20:04:07,335 INFO [org.junit.Test] zero00884
2016-08-04 20:04:07,335 INFO [org.junit.Test] zero00885
2016-08-04 20:04:07,335 INFO [org.junit.Test] zero00886
2016-08-04 20:04:07,335 INFO [org.junit.Test] zero00887
2016-08-04 20:04:07,335 INFO [org.junit.Test] zero00888
2016-08-04 20:04:07,335 INFO [org.junit.Test] zero00889
2016-08-04 20:04:07,335 INFO [org.junit.Test] zero00890
2016-08-04 20:04:07,335 INFO [org.junit.Test] zero00891
2016-08-04 20:04:07,335 INFO [org.junit.Test] zero00892
2016-08-04 20:04:07,335 INFO [org.junit.Test] zero00893
2016-08-04 20:04:07,335 INFO [org.junit.Test] zero00894
2016-08-04 20:04:07,335 INFO [org.junit.Test] zero00895
2016-08-04 20:04:07,335 INFO [org.junit.Test] zero00896
2016-08-04 20:04:07,335 INFO [org.junit.Test] zero00897
2016-08-04 20:04:07,335 INFO [org.junit.Test] zero00898
2016-08-04 20:04:07,335 INFO [org.junit.Test] zero00899
2016-08-04 20:04:07,335 INFO [org.junit.Test] zero00900
2016-08-04 20:04:07,335 INFO [org.junit.Test] zero00901
2016-08-04 20:04:07,335 INFO [org.junit.Test] zero00902
2016-08-04 20:04:07,335 INFO [org.junit.Test] zero00903
2016-08-04 20:04:07,335 INFO [org.junit.Test] zero00904
2016-08-04 20:04:07,335 INFO [org.junit.Test] zero00905
2016-08-04 20:04:07,335 INFO [org.junit.Test] zero00906
2016-08-04 20:04:07,335 INFO [org.junit.Test] zero00907
2016-08-04 20:04:07,335 INFO [org.junit.Test] zero00908
2016-08-04 20:04:07,335 INFO [org.junit.Test] zero00909
2016-08-04 20:04:07,335 INFO [org.junit.Test] zero00910
2016-08-04 20:04:07,335 INFO [org.junit.Test] zero00911
2016-08-04 20:04:07,335 INFO [org.junit.Test] zero00912
2016-08-04 20:04:07,335 INFO [org.junit.Test] zero00913
2016-08-04 20:04:07,335 INFO [org.junit.Test] zero00914
2016-08-04 20:04:07,335 INFO [org.junit.Test] zero00915
2016-08-04 20:04:07,335 INFO [org.junit.Test] zero00916
2016-08-04 20:04:07,335 INFO [org.junit.Test] zero00917
2016-08-04 20:04:07,335 INFO [org.junit.Test] zero00918
2016-08-04 20:04:07,335 INFO [org.junit.Test] zero00919
2016-08-04 20:04:07,335 INFO [org.junit.Test] zero00920
2016-08-04 20:04:07,335 INFO [org.junit.Test] zero00921
2016-08-04 20:04:07,335 INFO [org.junit.Test] zero00922
2016-08-04 20:04:07,335 INFO [org.junit.Test] zero00923
2016-08-04 20:04:07,335 INFO [org.junit.Test] zero00924
2016-08-04 20:04:07,335 INFO [org.junit.Test] zero00925
2016-08-04 20:04:07,335 INFO [org.junit.Test] zero00926
2016-08-04 20:04:07,335 INFO [org.junit.Test] zero00927
2016-08-04 20:04:07,335 INFO [org.junit.Test] zero00928
2016-08-04 20:04:07,335 INFO [org.junit.Test] zero00929
2016-08-04 20:04:07,335 INFO [org.junit.Test] zero00930
2016-08-04 20:04:07,335 INFO [org.junit.Test] zero00931
2016-08-04 20:04:07,335 INFO [org.junit.Test] zero00932
2016-08-04 20:04:07,335 INFO [org.junit.Test] zero00933
2016-08-04 20:04:07,335 INFO [org.junit.Test] zero00934
2016-08-04 20:04:07,335 INFO [org.junit.Test] zero00935
2016-08-04 20:04:07,335 INFO [org.junit.Test] zero00936
2016-08-04 20:04:07,335 INFO [org.junit.Test] zero00937
2016-08-04 20:04:07,335 INFO [org.junit.Test] zero00938
2016-08-04 20:04:07,335 INFO [org.junit.Test] zero00939
2016-08-04 20:04:07,335 INFO [org.junit.Test] zero00940
2016-08-04 20:04:07,335 INFO [org.junit.Test] zero00941
2016-08-04 20:04:07,335 INFO [org.junit.Test] zero00942
2016-08-04 20:04:07,335 INFO [org.junit.Test] zero00943
2016-08-04 20:04:07,335 INFO [org.junit.Test] zero00944
2016-08-04 20:04:07,335 INFO [org.junit.Test] zero00945
2016-08-04 20:04:07,335 INFO [org.junit.Test] zero00946
2016-08-04 20:04:07,335 INFO [org.junit.Test] zero00947
2016-08-04 20:04:07,335 INFO [org.junit.Test] zero00948
2016-08-04 20:04:07,335 INFO [org.junit.Test] zero00949
2016-08-04 20:04:07,335 INFO [org.junit.Test] zero00950
2016-08-04 20:04:07,335 INFO [org.junit.Test] zero00951
2016-08-04 20:04:07,335 INFO [org.junit.Test] zero00952
2016-08-04 20:04:07,335 INFO [org.junit.Test] zero00953
2016-08-04 20:04:07,335 INFO [org.junit.Test] zero00954
2016-08-04 20:04:07,335 INFO [org.junit.Test] zero00955
2016-08-04 20:04:07,335 INFO [org.junit.Test] zero00956
2016-08-04 20:04:07,335 INFO [org.junit.Test] zero00957
2016-08-04 20:04:07,335 INFO [org.junit.Test] zero00958
2016-08-04 20:04:07,335 INFO [org.junit.Test] zero00959
2016-08-04 20:04:07,335 INFO [org.junit.Test] zero00960
2016-08-04 20:04:07,335 INFO [org.junit.Test] zero00961
2016-08-04 20:04:07,335 INFO [org.junit.Test] zero00962
2016-08-04 20:04:07,335 INFO [org.junit.Test] zero00963
2016-08-04 20:04:07,335 INFO [org.junit.Test] zero00964
2016-08-04 20:04:07,335 INFO [org.junit.Test] zero00965
2016-08-04 20:04:07,335 INFO [org.junit.Test] zero00966
2016-08-04 20:04:07,335 INFO [org.junit.Test] zero00967
2016-08-04 20:04:07,335 INFO [org.junit.Test] zero00968
2016-08-04 20:04:07,335 INFO [org.junit.Test] zero00969
2016-08-04 20:04:07,335 INFO [org.junit.Test] zero00970
2016-08-04 20:04:07,335 INFO [org.junit.Test] zero00971
2016-08-04 20:04:07,335 INFO [org.junit.Test] zero00972
2016-08-04 20:04:07,335 INFO [org.junit.Test] zero00973
2016-08-04 20:04:07,335 INFO [org.junit.Test] zero00974
2016-08-04 20:04:07,335 INFO [org.junit.Test] zero00975
2016-08-04 20:04:07,335 INFO [org.junit.Test] zero00976
2016-08-04 20:04:07,335 INFO [org.junit.Test] zero00977
2016-08-04 20:04:07,335 INFO [org.junit.Test] zero00978
2016-08-04 20:04:07,335 INFO [org.junit.Test] zero00979
2016-08-04 20:04:07,335 INFO [org.junit.Test] zero00980
2016-08-04 20:04:07,335 INFO [org.junit.Test] zero00981
2016-08-04 20:04:07,335 INFO [org.junit.Test] zero00982
2016-08-04 20:04:07,335 INFO [org.junit.Test] zero00983
2016-08-04 20:04:07,335 INFO [org.junit.Test] zero00984
2016-08-04 20:04:07,335 INFO [org.junit.Test] zero00985
2016-08-04 20:04:07,335 INFO [org.junit.Test] zero00986
2016-08-04 20:04:07,335 INFO [org.junit.Test] zero00987
2016-08-04 20:04:07,335 INFO [org.junit.Test] zero00988
2016-08-04 20:04:07,335 INFO [org.junit.Test] zero00989
2016-08-04 20:04:07,335 INFO [org.junit.Test] zero00990
2016-08-04 20:04:07,335 INFO [org.junit.Test] zero00991
2016-08-04 20:04:07,335 INFO [org.junit.Test] zero00992
2016-08-04 20:04:07,335 INFO [org.junit.Test] zero00993
2016-08-04 20:04:07,335 INFO [org.junit.Test] zero00994
2016-08-04 20:04:07,335 INFO [org.junit.Test] zero00995
2016-08-04 20:04:07,335 INFO [org.junit.Test] zero00996
2016-08-04 20:04:07,335 INFO [org.junit.Test] zero00997
2016-08-04 20:04:07,335 INFO [org.junit.Test] zero00998
2016-08-04 20:04:07,335 INFO [org.junit.Test] zero00999
2016-08-04 20:04:10,335 INFO [org.junit.Test] zero000
2016-08-04 20:04:10,335 INFO [org.junit.Test] zero001
2016-08-04 20:04:10,335 INFO [org.junit.Test] zero002
2016-08-04 20:04:10,335 INFO [org.junit.Test] zero003
2016-08-04 20:04:10,335 INFO [org.junit.Test] zero004
2016-08-04 20:04:10,335 INFO [org.junit.Test] zero005
2016-08-04 20:04:10,335 INFO [org.junit.Test] zero006
2016-08-04 20:04:10,335 INFO [org.junit.Test] zero007
2016-08-04 20:04:10,335 INFO [org.junit.Test] zero008
2016-08-04 20:04:10,335 INFO [org.junit.Test] zero009
2016-08-04 20:04:10,335 INFO [org.junit.Test] zero0010
2016-08-04 20:04:10,335 INFO [org.junit.Test] zero0011
2016-08-04 20:04:10,335 INFO [org.junit.Test] zero0012
2016-08-04 20:04:10,335 INFO [org.junit.Test] zero0013
2016-08-04 20:04:10,335 INFO [org.junit.Test] zero0014
2016-08-04 20:04:10,335 INFO [org.junit.Test] zero0015
2016-08-04 20:04:10,335 INFO [org.junit.Test] zero0016
2016-08-04 20:04:10,335 INFO [org.junit.Test] zero0017
2016-08-04 20:04:10,335 INFO [org.junit.Test] zero0018
2016-08-04 20:04:10,335 INFO [org.junit.Test] zero0019
2016-08-04 20:04:10,335 INFO [org.junit.Test] zero0020
2016-08-04 20:04:10,335 INFO [org.junit.Test] zero0021
2016-08-04 20:04:10,335 INFO [org.junit.Test] zero0022
2016-08-04 20:04:10,335 INFO [org.junit.Test] zero0023
2016-08-04 20:04:10,335 INFO [org.junit.Test] zero0024
2016-08-04 20:04:10,335 INFO [org.junit.Test] zero0025
2016-08-04 20:04:10,335 INFO [org.junit.Test] zero0026
2016-08-04 20:04:10,335 INFO [org.junit.Test] zero0027
2016-08-04 20:04:10,335 INFO [org.junit.Test] zero0028
2016-08-04 20:04:10,335 INFO [org.junit.Test] zero0029
2016-08-04 20:04:10,335 INFO [org.junit.Test] zero0030
2016-08-04 20:04:10,335 INFO [org.junit.Test] zero0031
2016-08-04 20:04:10,335 INFO [org.junit.Test] zero0032
2016-08-04 20:04:10,335 INFO [org.junit.Test] zero0033
2016-08-04 20:04:10,335 INFO [org.junit.Test] zero0034
2016-08-04 20:04:10,335 INFO [org.junit.Test] zero0035
2016-08-04 20:04:10,335 INFO [org.junit.Test] zero0036
2016-08-04 20:04:10,335 INFO [org.junit.Test] zero0037
2016-08-04 20:04:10,335 INFO [org.junit.Test] zero0038
2016-08-04 20:04:10,335 INFO [org.junit.Test] zero0039
2016-08-04 20:04:10,335 INFO [org.junit.Test] zero0040
2016-08-04 20:04:10,335 INFO [org.junit.Test] zero0041
2016-08-04 20:04:10,335 INFO [org.junit.Test] zero0042
2016-08-04 20:04:10,335 INFO [org.junit.Test] zero0043
2016-08-04 20:04:10,335 INFO [org.junit.Test] zero0044
2016-08-04 20:04:10,335 INFO [org.junit.Test] zero0045
2016-08-04 20:04:10,335 INFO [org.junit.Test] zero0046
2016-08-04 20:04:10,335 INFO [org.junit.Test] zero0047
2016-08-04 20:04:10,335 INFO [org.junit.Test] zero0048
2016-08-04 20:04:10,335 INFO [org.junit.Test] zero0049
2016-08-04 20:04:10,335 INFO [org.junit.Test] zero0050
2016-08-04 20:04:10,335 INFO [org.junit.Test] zero0051
2016-08-04 20:04:10,335 INFO [org.junit.Test] zero0052
2016-08-04 20:04:10,335 INFO [org.junit.Test] zero0053
2016-08-04 20:04:10,335 INFO [org.junit.Test] zero0054
2016-08-04 20:04:10,335 INFO [org.junit.Test] zero0055
2016-08-04 20:04:10,335 INFO [org.junit.Test] zero0056
2016-08-04 20:04:10,335 INFO [org.junit.Test] zero0057
2016-08-04 20:04:10,335 INFO [org.junit.Test] zero0058
2016-08-04 20:04:10,335 INFO [org.junit.Test] zero0059
2016-08-04 20:04:10,335 INFO [org.junit.Test] zero0060
2016-08-04 20:04:10,335 INFO [org.junit.Test] zero0061
2016-08-04 20:04:10,335 INFO [org.junit.Test] zero0062
2016-08-04 20:04:10,335 INFO [org.junit.Test] zero0063
2016-08-04 20:04:10,335 INFO [org.junit.Test] zero0064
2016-08-04 20:04:10,335 INFO [org.junit.Test] zero0065
2016-08-04 20:04:10,335 INFO [org.junit.Test] zero0066
2016-08-04 20:04:10,335 INFO [org.junit.Test] zero0067
2016-08-04 20:04:10,335 INFO [org.junit.Test] zero0068
2016-08-04 20:04:10,335 INFO [org.junit.Test] zero0069
2016-08-04 20:04:10,335 INFO [org.junit.Test] zero0070
2016-08-04 20:04:10,335 INFO [org.junit.Test] zero0071
2016-08-04 20:04:10,335 INFO [org.junit.Test] zero0072
2016-08-04 20:04:10,335 INFO [org.junit.Test] zero0073
2016-08-04 20:04:10,335 INFO [org.junit.Test] zero0074
2016-08-04 20:04:10,335 INFO [org.junit.Test] zero0075
2016-08-04 20:04:10,335 INFO [org.junit.Test] zero0076
2016-08-04 20:04:10,335 INFO [org.junit.Test] zero0077
2016-08-04 20:04:10,335 INFO [org.junit.Test] zero0078
2016-08-04 20:04:10,335 INFO [org.junit.Test] zero0079
2016-08-04 20:04:10,335 INFO [org.junit.Test] zero0080
2016-08-04 20:04:10,335 INFO [org.junit.Test] zero0081
2016-08-04 20:04:10,335 INFO [org.junit.Test] zero0082
2016-08-04 20:04:10,335 INFO [org.junit.Test] zero0083
2016-08-04 20:04:10,335 INFO [org.junit.Test] zero0084
2016-08-04 20:04:10,335 INFO [org.junit.Test] zero0085
2016-08-04 20:04:10,335 INFO [org.junit.Test] zero0086
2016-08-04 20:04:10,335 INFO [org.junit.Test] zero0087
2016-08-04 20:04:10,335 INFO [org.junit.Test] zero0088
2016-08-04 20:04:10,335 INFO [org.junit.Test] zero0089
2016-08-04 20:04:10,335 INFO [org.junit.Test] zero0090
2016-08-04 20:04:10,335 INFO [org.junit.Test] zero0091
2016-08-04 20:04:10,335 INFO [org.junit.Test] zero0092
2016-08-04 20:04:10,335 INFO [org.junit.Test] zero0093
2016-08-04 20:04:10,335 INFO [org.junit.Test] zero0094
2016-08-04 20:04:10,335 INFO [org.junit.Test] zero0095
2016-08-04 20:04:10,335 INFO [org.junit.Test] zero0096
2016-08-04 20:04:10,335 INFO [org.junit.Test] zero0097
2016-08-04 20:04:10,335 INFO [org.junit.Test] zero0098
2016-08-04 20:04:10,335 INFO [org.junit.Test] zero0099
2016-08-04 20:04:10,335 INFO [org.junit.Test] zero00100
2016-08-04 20:04:10,335 INFO [org.junit.Test] zero00101
2016-08-04 20:04:10,335 INFO [org.junit.Test] zero00102
2016-08-04 20:04:10,335 INFO [org.junit.Test] zero00103
2016-08-04 20:04:10,335 INFO [org.junit.Test] zero00104
2016-08-04 20:04:10,335 INFO [org.junit.Test] zero00105
2016-08-04 20:04:10,335 INFO [org.junit.Test] zero00106
2016-08-04 20:04:10,335 INFO [org.junit.Test] zero00107
2016-08-04 20:04:10,335 INFO [org.junit.Test] zero00108
2016-08-04 20:04:10,335 INFO [org.junit.Test] zero00109
2016-08-04 20:04:10,335 INFO [org.junit.Test] zero00110
2016-08-04 20:04:10,335 INFO [org.junit.Test] zero00111
2016-08-04 20:04:10,335 INFO [org.junit.Test] zero00112
2016-08-04 20:04:10,335 INFO [org.junit.Test] zero00113
2016-08-04 20:04:10,335 INFO [org.junit.Test] zero00114
2016-08-04 20:04:10,335 INFO [org.junit.Test] zero00115
2016-08-04 20:04:10,335 INFO [org.junit.Test] zero00116
2016-08-04 20:04:10,335 INFO [org.junit.Test] zero00117
2016-08-04 20:04:10,335 INFO [org.junit.Test] zero00118
2016-08-04 20:04:10,335 INFO [org.junit.Test] zero00119
2016-08-04 20:04:10,335 INFO [org.junit.Test] zero00120
2016-08-04 20:04:10,335 INFO [org.junit.Test] zero00121
2016-08-04 20:04:10,335 INFO [org.junit.Test] zero00122
2016-08-04 20:04:10,335 INFO [org.junit.Test] zero00123
2016-08-04 20:04:10,335 INFO [org.junit.Test] zero00124
2016-08-04 20:04:10,335 INFO [org.junit.Test] zero00125
2016-08-04 20:04:10,335 INFO [org.junit.Test] zero00126
2016-08-04 20:04:10,335 INFO [org.junit.Test] zero00127
2016-08-04 20:04:10,335 INFO [org.junit.Test] zero00128
2016-08-04 20:04:10,335 INFO [org.junit.Test] zero00129
2016-08-04 20:04:10,335 INFO [org.junit.Test] zero00130
2016-08-04 20:04:10,335 INFO [org.junit.Test] zero00131
2016-08-04 20:04:10,335 INFO [org.junit.Test] zero00132
2016-08-04 20:04:10,335 INFO [org.junit.Test] zero00133
2016-08-04 20:04:10,335 INFO [org.junit.Test] zero00134
2016-08-04 20:04:10,335 INFO [org.junit.Test] zero00135
2016-08-04 20:04:10,335 INFO [org.junit.Test] zero00136
2016-08-04 20:04:10,335 INFO [org.junit.Test] zero00137
2016-08-04 20:04:10,335 INFO [org.junit.Test] zero00138
2016-08-04 20:04:10,335 INFO [org.junit.Test] zero00139
2016-08-04 20:04:10,335 INFO [org.junit.Test] zero00140
2016-08-04 20:04:10,335 INFO [org.junit.Test] zero00141
2016-08-04 20:04:10,335 INFO [org.junit.Test] zero00142
2016-08-04 20:04:10,335 INFO [org.junit.Test] zero00143
2016-08-04 20:04:10,335 INFO [org.junit.Test] zero00144
2016-08-04 20:04:10,335 INFO [org.junit.Test] zero00145
2016-08-04 20:04:10,335 INFO [org.junit.Test] zero00146
2016-08-04 20:04:10,335 INFO [org.junit.Test] zero00147
2016-08-04 20:04:10,335 INFO [org.junit.Test] zero00148
2016-08-04 20:04:10,335 INFO [org.junit.Test] zero00149
2016-08-04 20:04:10,335 INFO [org.junit.Test] zero00150
2016-08-04 20:04:10,335 INFO [org.junit.Test] zero00151
2016-08-04 20:04:10,335 INFO [org.junit.Test] zero00152
2016-08-04 20:04:10,335 INFO [org.junit.Test] zero00153
2016-08-04 20:04:10,335 INFO [org.junit.Test] zero00154
2016-08-04 20:04:10,335 INFO [org.junit.Test] zero00155
2016-08-04 20:04:10,335 INFO [org.junit.Test] zero00156
2016-08-04 20:04:10,335 INFO [org.junit.Test] zero00157
2016-08-04 20:04:10,335 INFO [org.junit.Test] zero00158
2016-08-04 20:04:10,335 INFO [org.junit.Test] zero00159
2016-08-04 20:04:10,335 INFO [org.junit.Test] zero00160
2016-08-04 20:04:10,335 INFO [org.junit.Test] zero00161
2016-08-04 20:04:10,335 INFO [org.junit.Test] zero00162
2016-08-04 20:04:10,335 INFO [org.junit.Test] zero00163
2016-08-04 20:04:10,335 INFO [org.junit.Test] zero00164
2016-08-04 20:04:10,335 INFO [org.junit.Test] zero00165
2016-08-04 20:04:10,335 INFO [org.junit.Test] zero00166
2016-08-04 20:04:10,335 INFO [org.junit.Test] zero00167
2016-08-04 20:04:10,335 INFO [org.junit.Test] zero00168
2016-08-04 20:04:10,335 INFO [org.junit.Test] zero00169
2016-08-04 20:04:10,335 INFO [org.junit.Test] zero00170
2016-08-04 20:04:10,335 INFO [org.junit.Test] zero00171
2016-08-04 20:04:10,335 INFO [org.junit.Test] zero00172
2016-08-04 20:04:10,335 INFO [org.junit.Test] zero00173
2016-08-04 20:04:10,335 INFO [org.junit.Test] zero00174
2016-08-04 20:04:10,335 INFO [org.junit.Test] zero00175
2016-08-04 20:04:10,335 INFO [org.junit.Test] zero00176
2016-08-04 20:04:10,335 INFO [org.junit.Test] zero00177
2016-08-04 20:04:10,335 INFO [org.junit.Test] zero00178
2016-08-04 20:04:10,335 INFO [org.junit.Test] zero00179
2016-08-04 20:04:10,335 INFO [org.junit.Test] zero00180
2016-08-04 20:04:10,335 INFO [org.junit.Test] zero00181
2016-08-04 20:04:10,335 INFO [org.junit.Test] zero00182
2016-08-04 20:04:10,335 INFO [org.junit.Test] zero00183
2016-08-04 20:04:10,335 INFO [org.junit.Test] zero00184
2016-08-04 20:04:10,335 INFO [org.junit.Test] zero00185
2016-08-04 20:04:10,335 INFO [org.junit.Test] zero00186
2016-08-04 20:04:10,335 INFO [org.junit.Test] zero00187
2016-08-04 20:04:10,335 INFO [org.junit.Test] zero00188
2016-08-04 20:04:10,335 INFO [org.junit.Test] zero00189
2016-08-04 20:04:10,335 INFO [org.junit.Test] zero00190
2016-08-04 20:04:10,335 INFO [org.junit.Test] zero00191
2016-08-04 20:04:10,335 INFO [org.junit.Test] zero00192
2016-08-04 20:04:10,335 INFO [org.junit.Test] zero00193
2016-08-04 20:04:10,335 INFO [org.junit.Test] zero00194
2016-08-04 20:04:10,335 INFO [org.junit.Test] zero00195
2016-08-04 20:04:10,335 INFO [org.junit.Test] zero00196
2016-08-04 20:04:10,335 INFO [org.junit.Test] zero00197
2016-08-04 20:04:10,335 INFO [org.junit.Test] zero00198
2016-08-04 20:04:10,335 INFO [org.junit.Test] zero00199
2016-08-04 20:04:10,335 INFO [org.junit.Test] zero00200
2016-08-04 20:04:10,335 INFO [org.junit.Test] zero00201
2016-08-04 20:04:10,335 INFO [org.junit.Test] zero00202
2016-08-04 20:04:10,335 INFO [org.junit.Test] zero00203
2016-08-04 20:04:10,335 INFO [org.junit.Test] zero00204
2016-08-04 20:04:10,335 INFO [org.junit.Test] zero00205
2016-08-04 20:04:10,335 INFO [org.junit.Test] zero00206
2016-08-04 20:04:10,335 INFO [org.junit.Test] zero00207
2016-08-04 20:04:10,335 INFO [org.junit.Test] zero00208
2016-08-04 20:04:10,335 INFO [org.junit.Test] zero00209
2016-08-04 20:04:10,335 INFO [org.junit.Test] zero00210
2016-08-04 20:04:10,335 INFO [org.junit.Test] zero00211
2016-08-04 20:04:10,335 INFO [org.junit.Test] zero00212
2016-08-04 20:04:10,335 INFO [org.junit.Test] zero00213
2016-08-04 20:04:10,335 INFO [org.junit.Test] zero00214
2016-08-04 20:04:10,335 INFO [org.junit.Test] zero00215
2016-08-04 20:04:10,335 INFO [org.junit.Test] zero00216
2016-08-04 20:04:10,335 INFO [org.junit.Test] zero00217
2016-08-04 20:04:10,335 INFO [org.junit.Test] zero00218
2016-08-04 20:04:10,335 INFO [org.junit.Test] zero00219
2016-08-04 20:04:10,335 INFO [org.junit.Test] zero00220
2016-08-04 20:04:10,335 INFO [org.junit.Test] zero00221
2016-08-04 20:04:10,335 INFO [org.junit.Test] zero00222
2016-08-04 20:04:10,335 INFO [org.junit.Test] zero00223
2016-08-04 20:04:10,335 INFO [org.junit.Test] zero00224
2016-08-04 20:04:10,335 INFO [org.junit.Test] zero00225
2016-08-04 20:04:10,335 INFO [org.junit.Test] zero00226
2016-08-04 20:04:10,335 INFO [org.junit.Test] zero00227
2016-08-04 20:04:10,335 INFO [org.junit.Test] zero00228
2016-08-04 20:04:10,335 INFO [org.junit.Test] zero00229
2016-08-04 20:04:10,335 INFO [org.junit.Test] zero00230
2016-08-04 20:04:10,335 INFO [org.junit.Test] zero00231
2016-08-04 20:04:10,335 INFO [org.junit.Test] zero00232
2016-08-04 20:04:10,335 INFO [org.junit.Test] zero00233
2016-08-04 20:04:10,335 INFO [org.junit.Test] zero00234
2016-08-04 20:04:10,335 INFO [org.junit.Test] zero00235
2016-08-04 20:04:10,335 INFO [org.junit.Test] zero00236
2016-08-04 20:04:10,335 INFO [org.junit.Test] zero00237
2016-08-04 20:04:10,335 INFO [org.junit.Test] zero00238
2016-08-04 20:04:10,335 INFO [org.junit.Test] zero00239
2016-08-04 20:04:10,335 INFO [org.junit.Test] zero00240
2016-08-04 20:04:10,335 INFO [org.junit.Test] zero00241
2016-08-04 20:04:10,335 INFO [org.junit.Test] zero00242
2016-08-04 20:04:10,335 INFO [org.junit.Test] zero00243
2016-08-04 20:04:10,335 INFO [org.junit.Test] zero00244
2016-08-04 20:04:10,335 INFO [org.junit.Test] zero00245
2016-08-04 20:04:10,335 INFO [org.junit.Test] zero00246
2016-08-04 20:04:10,335 INFO [org.junit.Test] zero00247
2016-08-04 20:04:10,335 INFO [org.junit.Test] zero00248
2016-08-04 20:04:10,335 INFO [org.junit.Test] zero00249
2016-08-04 20:04:10,335 INFO [org.junit.Test] zero00250
2016-08-04 20:04:10,335 INFO [org.junit.Test] zero00251
2016-08-04 20:04:10,335 INFO [org.junit.Test] zero00252
2016-08-04 20:04:10,335 INFO [org.junit.Test] zero00253
2016-08-04 20:04:10,335 INFO [org.junit.Test] zero00254
2016-08-04 20:04:10,335 INFO [org.junit.Test] zero00255
2016-08-04 20:04:10,335 INFO [org.junit.Test] zero00256
2016-08-04 20:04:10,335 INFO [org.junit.Test] zero00257
2016-08-04 20:04:10,335 INFO [org.junit.Test] zero00258
2016-08-04 20:04:10,335 INFO [org.junit.Test] zero00259
2016-08-04 20:04:10,335 INFO [org.junit.Test] zero00260
2016-08-04 20:04:10,335 INFO [org.junit.Test] zero00261
2016-08-04 20:04:10,335 INFO [org.junit.Test] zero00262
2016-08-04 20:04:10,335 INFO [org.junit.Test] zero00263
2016-08-04 20:04:10,335 INFO [org.junit.Test] zero00264
2016-08-04 20:04:10,335 INFO [org.junit.Test] zero00265
2016-08-04 20:04:10,335 INFO [org.junit.Test] zero00266
2016-08-04 20:04:10,335 INFO [org.junit.Test] zero00267
2016-08-04 20:04:10,335 INFO [org.junit.Test] zero00268
2016-08-04 20:04:10,335 INFO [org.junit.Test] zero00269
2016-08-04 20:04:10,335 INFO [org.junit.Test] zero00270
2016-08-04 20:04:10,335 INFO [org.junit.Test] zero00271
2016-08-04 20:04:10,335 INFO [org.junit.Test] zero00272
2016-08-04 20:04:10,335 INFO [org.junit.Test] zero00273
2016-08-04 20:04:10,335 INFO [org.junit.Test] zero00274
2016-08-04 20:04:10,335 INFO [org.junit.Test] zero00275
2016-08-04 20:04:10,335 INFO [org.junit.Test] zero00276
2016-08-04 20:04:10,335 INFO [org.junit.Test] zero00277
2016-08-04 20:04:10,335 INFO [org.junit.Test] zero00278
2016-08-04 20:04:10,335 INFO [org.junit.Test] zero00279
2016-08-04 20:04:10,335 INFO [org.junit.Test] zero00280
2016-08-04 20:04:10,335 INFO [org.junit.Test] zero00281
2016-08-04 20:04:10,335 INFO [org.junit.Test] zero00282
2016-08-04 20:04:10,335 INFO [org.junit.Test] zero00283
2016-08-04 20:04:10,335 INFO [org.junit.Test] zero00284
2016-08-04 20:04:10,335 INFO [org.junit.Test] zero00285
2016-08-04 20:04:10,335 INFO [org.junit.Test] zero00286
2016-08-04 20:04:10,335 INFO [org.junit.Test] zero00287
2016-08-04 20:04:10,335 INFO [org.junit.Test] zero00288
2016-08-04 20:04:10,335 INFO [org.junit.Test] zero00289
2016-08-04 20:04:10,335 INFO [org.junit.Test] zero00290
2016-08-04 20:04:10,335 INFO [org.junit.Test] zero00291
2016-08-04 20:04:10,335 INFO [org.junit.Test] zero00292
2016-08-04 20:04:10,335 INFO [org.junit.Test] zero00293
2016-08-04 20:04:10,335 INFO [org.junit.Test] zero00294
2016-08-04 20:04:10,335 INFO [org.junit.Test] zero00295
2016-08-04 20:04:10,335 INFO [org.junit.Test] zero00296
2016-08-04 20:04:10,335 INFO [org.junit.Test] zero00297
2016-08-04 20:04:10,335 INFO [org.junit.Test] zero00298
2016-08-04 20:04:10,335 INFO [org.junit.Test] zero00299
2016-08-04 20:04:10,335 INFO [org.junit.Test] zero00300
2016-08-04 20:04:10,335 INFO [org.junit.Test] zero00301
2016-08-04 20:04:10,335 INFO [org.junit.Test] zero00302
2016-08-04 20:04:10,335 INFO [org.junit.Test] zero00303
2016-08-04 20:04:10,335 INFO [org.junit.Test] zero00304
2016-08-04 20:04:10,335 INFO [org.junit.Test] zero00305
2016-08-04 20:04:10,335 INFO [org.junit.Test] zero00306
2016-08-04 20:04:10,335 INFO [org.junit.Test] zero00307
2016-08-04 20:04:10,335 INFO [org.junit.Test] zero00308
2016-08-04 20:04:10,335 INFO [org.junit.Test] zero00309
2016-08-04 20:04:10,335 INFO [org.junit.Test] zero00310
2016-08-04 20:04:10,335 INFO [org.junit.Test] zero00311
2016-08-04 20:04:10,335 INFO [org.junit.Test] zero00312
2016-08-04 20:04:10,335 INFO [org.junit.Test] zero00313
2016-08-04 20:04:10,335 INFO [org.junit.Test] zero00314
2016-08-04 20:04:10,335 INFO [org.junit.Test] zero00315
2016-08-04 20:04:10,335 INFO [org.junit.Test] zero00316
2016-08-04 20:04:10,335 INFO [org.junit.Test] zero00317
2016-08-04 20:04:10,335 INFO [org.junit.Test] zero00318
2016-08-04 20:04:10,335 INFO [org.junit.Test] zero00319
2016-08-04 20:04:10,335 INFO [org.junit.Test] zero00320
2016-08-04 20:04:10,335 INFO [org.junit.Test] zero00321
2016-08-04 20:04:10,335 INFO [org.junit.Test] zero00322
2016-08-04 20:04:10,335 INFO [org.junit.Test] zero00323
2016-08-04 20:04:10,335 INFO [org.junit.Test] zero00324
2016-08-04 20:04:10,335 INFO [org.junit.Test] zero00325
2016-08-04 20:04:10,335 INFO [org.junit.Test] zero00326
2016-08-04 20:04:10,335 INFO [org.junit.Test] zero00327
2016-08-04 20:04:10,335 INFO [org.junit.Test] zero00328
2016-08-04 20:04:10,335 INFO [org.junit.Test] zero00329
2016-08-04 20:04:10,335 INFO [org.junit.Test] zero00330
2016-08-04 20:04:10,335 INFO [org.junit.Test] zero00331
2016-08-04 20:04:10,335 INFO [org.junit.Test] zero00332
2016-08-04 20:04:10,335 INFO [org.junit.Test] zero00333
2016-08-04 20:04:10,335 INFO [org.junit.Test] zero00334
2016-08-04 20:04:10,335 INFO [org.junit.Test] zero00335
2016-08-04 20:04:10,335 INFO [org.junit.Test] zero00336
2016-08-04 20:04:10,335 INFO [org.junit.Test] zero00337
2016-08-04 20:04:10,335 INFO [org.junit.Test] zero00338
2016-08-04 20:04:10,335 INFO [org.junit.Test] zero00339
2016-08-04 20:04:10,335 INFO [org.junit.Test] zero00340
2016-08-04 20:04:10,335 INFO [org.junit.Test] zero00341
2016-08-04 20:04:10,335 INFO [org.junit.Test] zero00342
2016-08-04 20:04:10,335 INFO [org.junit.Test] zero00343
2016-08-04 20:04:10,335 INFO [org.junit.Test] zero00344
2016-08-04 20:04:10,335 INFO [org.junit.Test] zero00345
2016-08-04 20:04:10,335 INFO [org.junit.Test] zero00346
2016-08-04 20:04:10,335 INFO [org.junit.Test] zero00347
2016-08-04 20:04:10,335 INFO [org.junit.Test] zero00348
2016-08-04 20:04:10,335 INFO [org.junit.Test] zero00349
2016-08-04 20:04:10,335 INFO [org.junit.Test] zero00350
2016-08-04 20:04:10,335 INFO [org.junit.Test] zero00351
2016-08-04 20:04:10,335 INFO [org.junit.Test] zero00352
2016-08-04 20:04:10,335 INFO [org.junit.Test] zero00353
2016-08-04 20:04:10,335 INFO [org.junit.Test] zero00354
2016-08-04 20:04:10,335 INFO [org.junit.Test] zero00355
2016-08-04 20:04:10,335 INFO [org.junit.Test] zero00356
2016-08-04 20:04:10,335 INFO [org.junit.Test] zero00357
2016-08-04 20:04:10,335 INFO [org.junit.Test] zero00358
2016-08-04 20:04:10,335 INFO [org.junit.Test] zero00359
2016-08-04 20:04:10,335 INFO [org.junit.Test] zero00360
2016-08-04 20:04:10,335 INFO [org.junit.Test] zero00361
2016-08-04 20:04:10,335 INFO [org.junit.Test] zero00362
2016-08-04 20:04:10,335 INFO [org.junit.Test] zero00363
2016-08-04 20:04:10,335 INFO [org.junit.Test] zero00364
2016-08-04 20:04:10,335 INFO [org.junit.Test] zero00365
2016-08-04 20:04:10,335 INFO [org.junit.Test] zero00366
2016-08-04 20:04:10,335 INFO [org.junit.Test] zero00367
2016-08-04 20:04:10,335 INFO [org.junit.Test] zero00368
2016-08-04 20:04:10,335 INFO [org.junit.Test] zero00369
2016-08-04 20:04:10,335 INFO [org.junit.Test] zero00370
2016-08-04 20:04:10,335 INFO [org.junit.Test] zero00371
2016-08-04 20:04:10,335 INFO [org.junit.Test] zero00372
2016-08-04 20:04:10,335 INFO [org.junit.Test] zero00373
2016-08-04 20:04:10,335 INFO [org.junit.Test] zero00374
2016-08-04 20:04:10,335 INFO [org.junit.Test] zero00375
2016-08-04 20:04:10,335 INFO [org.junit.Test] zero00376
2016-08-04 20:04:10,335 INFO [org.junit.Test] zero00377
2016-08-04 20:04:10,335 INFO [org.junit.Test] zero00378
2016-08-04 20:04:10,335 INFO [org.junit.Test] zero00379
2016-08-04 20:04:10,335 INFO [org.junit.Test] zero00380
2016-08-04 20:04:10,335 INFO [org.junit.Test] zero00381
2016-08-04 20:04:10,335 INFO [org.junit.Test] zero00382
2016-08-04 20:04:10,335 INFO [org.junit.Test] zero00383
2016-08-04 20:04:10,335 INFO [org.junit.Test] zero00384
2016-08-04 20:04:10,335 INFO [org.junit.Test] zero00385
2016-08-04 20:04:10,335 INFO [org.junit.Test] zero00386
2016-08-04 20:04:10,335 INFO [org.junit.Test] zero00387
2016-08-04 20:04:10,335 INFO [org.junit.Test] zero00388
2016-08-04 20:04:10,335 INFO [org.junit.Test] zero00389
2016-08-04 20:04:10,335 INFO [org.junit.Test] zero00390
2016-08-04 20:04:10,335 INFO [org.junit.Test] zero00391
2016-08-04 20:04:10,335 INFO [org.junit.Test] zero00392
2016-08-04 20:04:10,335 INFO [org.junit.Test] zero00393
2016-08-04 20:04:10,336 INFO [org.junit.Test] zero00394
2016-08-04 20:04:10,336 INFO [org.junit.Test] zero00395
2016-08-04 20:04:10,336 INFO [org.junit.Test] zero00396
2016-08-04 20:04:10,336 INFO [org.junit.Test] zero00397
2016-08-04 20:04:10,336 INFO [org.junit.Test] zero00398
2016-08-04 20:04:10,336 INFO [org.junit.Test] zero00399
2016-08-04 20:04:10,336 INFO [org.junit.Test] zero00400
2016-08-04 20:04:10,336 INFO [org.junit.Test] zero00401
2016-08-04 20:04:10,336 INFO [org.junit.Test] zero00402
2016-08-04 20:04:10,336 INFO [org.junit.Test] zero00403
2016-08-04 20:04:10,336 INFO [org.junit.Test] zero00404
2016-08-04 20:04:10,336 INFO [org.junit.Test] zero00405
2016-08-04 20:04:10,336 INFO [org.junit.Test] zero00406
2016-08-04 20:04:10,336 INFO [org.junit.Test] zero00407
2016-08-04 20:04:10,336 INFO [org.junit.Test] zero00408
2016-08-04 20:04:10,336 INFO [org.junit.Test] zero00409
2016-08-04 20:04:10,336 INFO [org.junit.Test] zero00410
2016-08-04 20:04:10,336 INFO [org.junit.Test] zero00411
2016-08-04 20:04:10,336 INFO [org.junit.Test] zero00412
2016-08-04 20:04:10,336 INFO [org.junit.Test] zero00413
2016-08-04 20:04:10,336 INFO [org.junit.Test] zero00414
2016-08-04 20:04:10,336 INFO [org.junit.Test] zero00415
2016-08-04 20:04:10,336 INFO [org.junit.Test] zero00416
2016-08-04 20:04:10,336 INFO [org.junit.Test] zero00417
2016-08-04 20:04:10,336 INFO [org.junit.Test] zero00418
2016-08-04 20:04:10,336 INFO [org.junit.Test] zero00419
2016-08-04 20:04:10,336 INFO [org.junit.Test] zero00420
2016-08-04 20:04:10,336 INFO [org.junit.Test] zero00421
2016-08-04 20:04:10,336 INFO [org.junit.Test] zero00422
2016-08-04 20:04:10,336 INFO [org.junit.Test] zero00423
2016-08-04 20:04:10,336 INFO [org.junit.Test] zero00424
2016-08-04 20:04:10,336 INFO [org.junit.Test] zero00425
2016-08-04 20:04:10,336 INFO [org.junit.Test] zero00426
2016-08-04 20:04:10,336 INFO [org.junit.Test] zero00427
2016-08-04 20:04:10,336 INFO [org.junit.Test] zero00428
2016-08-04 20:04:10,336 INFO [org.junit.Test] zero00429
2016-08-04 20:04:10,336 INFO [org.junit.Test] zero00430
2016-08-04 20:04:10,336 INFO [org.junit.Test] zero00431
2016-08-04 20:04:10,336 INFO [org.junit.Test] zero00432
2016-08-04 20:04:10,336 INFO [org.junit.Test] zero00433
2016-08-04 20:04:10,336 INFO [org.junit.Test] zero00434
2016-08-04 20:04:10,336 INFO [org.junit.Test] zero00435
2016-08-04 20:04:10,336 INFO [org.junit.Test] zero00436
2016-08-04 20:04:10,336 INFO [org.junit.Test] zero00437
2016-08-04 20:04:10,336 INFO [org.junit.Test] zero00438
2016-08-04 20:04:10,336 INFO [org.junit.Test] zero00439
2016-08-04 20:04:10,336 INFO [org.junit.Test] zero00440
2016-08-04 20:04:10,336 INFO [org.junit.Test] zero00441
2016-08-04 20:04:10,336 INFO [org.junit.Test] zero00442
2016-08-04 20:04:10,336 INFO [org.junit.Test] zero00443
2016-08-04 20:04:10,336 INFO [org.junit.Test] zero00444
2016-08-04 20:04:10,336 INFO [org.junit.Test] zero00445
2016-08-04 20:04:10,336 INFO [org.junit.Test] zero00446
2016-08-04 20:04:10,336 INFO [org.junit.Test] zero00447
2016-08-04 20:04:10,336 INFO [org.junit.Test] zero00448
2016-08-04 20:04:10,336 INFO [org.junit.Test] zero00449
2016-08-04 20:04:10,336 INFO [org.junit.Test] zero00450
2016-08-04 20:04:10,336 INFO [org.junit.Test] zero00451
2016-08-04 20:04:10,336 INFO [org.junit.Test] zero00452
2016-08-04 20:04:10,336 INFO [org.junit.Test] zero00453
2016-08-04 20:04:10,336 INFO [org.junit.Test] zero00454
2016-08-04 20:04:10,336 INFO [org.junit.Test] zero00455
2016-08-04 20:04:10,336 INFO [org.junit.Test] zero00456
2016-08-04 20:04:10,336 INFO [org.junit.Test] zero00457
2016-08-04 20:04:10,336 INFO [org.junit.Test] zero00458
2016-08-04 20:04:10,336 INFO [org.junit.Test] zero00459
2016-08-04 20:04:10,336 INFO [org.junit.Test] zero00460
2016-08-04 20:04:10,336 INFO [org.junit.Test] zero00461
2016-08-04 20:04:10,336 INFO [org.junit.Test] zero00462
2016-08-04 20:04:10,336 INFO [org.junit.Test] zero00463
2016-08-04 20:04:10,336 INFO [org.junit.Test] zero00464
2016-08-04 20:04:10,336 INFO [org.junit.Test] zero00465
2016-08-04 20:04:10,336 INFO [org.junit.Test] zero00466
2016-08-04 20:04:10,336 INFO [org.junit.Test] zero00467
2016-08-04 20:04:10,336 INFO [org.junit.Test] zero00468
2016-08-04 20:04:10,336 INFO [org.junit.Test] zero00469
2016-08-04 20:04:10,336 INFO [org.junit.Test] zero00470
2016-08-04 20:04:10,336 INFO [org.junit.Test] zero00471
2016-08-04 20:04:10,336 INFO [org.junit.Test] zero00472
2016-08-04 20:04:10,336 INFO [org.junit.Test] zero00473
2016-08-04 20:04:10,336 INFO [org.junit.Test] zero00474
2016-08-04 20:04:10,336 INFO [org.junit.Test] zero00475
2016-08-04 20:04:10,336 INFO [org.junit.Test] zero00476
2016-08-04 20:04:10,336 INFO [org.junit.Test] zero00477
2016-08-04 20:04:10,336 INFO [org.junit.Test] zero00478
2016-08-04 20:04:10,336 INFO [org.junit.Test] zero00479
2016-08-04 20:04:10,336 INFO [org.junit.Test] zero00480
2016-08-04 20:04:10,336 INFO [org.junit.Test] zero00481
2016-08-04 20:04:10,336 INFO [org.junit.Test] zero00482
2016-08-04 20:04:10,336 INFO [org.junit.Test] zero00483
2016-08-04 20:04:10,336 INFO [org.junit.Test] zero00484
2016-08-04 20:04:10,336 INFO [org.junit.Test] zero00485
2016-08-04 20:04:10,336 INFO [org.junit.Test] zero00486
2016-08-04 20:04:10,336 INFO [org.junit.Test] zero00487
2016-08-04 20:04:10,336 INFO [org.junit.Test] zero00488
2016-08-04 20:04:10,336 INFO [org.junit.Test] zero00489
2016-08-04 20:04:10,336 INFO [org.junit.Test] zero00490
2016-08-04 20:04:10,336 INFO [org.junit.Test] zero00491
2016-08-04 20:04:10,336 INFO [org.junit.Test] zero00492
2016-08-04 20:04:10,336 INFO [org.junit.Test] zero00493
2016-08-04 20:04:10,336 INFO [org.junit.Test] zero00494
2016-08-04 20:04:10,336 INFO [org.junit.Test] zero00495
2016-08-04 20:04:10,336 INFO [org.junit.Test] zero00496
2016-08-04 20:04:10,336 INFO [org.junit.Test] zero00497
2016-08-04 20:04:10,336 INFO [org.junit.Test] zero00498
2016-08-04 20:04:10,336 INFO [org.junit.Test] zero00499
2016-08-04 20:04:10,336 INFO [org.junit.Test] zero00500
2016-08-04 20:04:10,336 INFO [org.junit.Test] zero00501
2016-08-04 20:04:10,336 INFO [org.junit.Test] zero00502
2016-08-04 20:04:10,336 INFO [org.junit.Test] zero00503
2016-08-04 20:04:10,336 INFO [org.junit.Test] zero00504
2016-08-04 20:04:10,336 INFO [org.junit.Test] zero00505
2016-08-04 20:04:10,336 INFO [org.junit.Test] zero00506
2016-08-04 20:04:10,336 INFO [org.junit.Test] zero00507
2016-08-04 20:04:10,336 INFO [org.junit.Test] zero00508
2016-08-04 20:04:10,336 INFO [org.junit.Test] zero00509
2016-08-04 20:04:10,336 INFO [org.junit.Test] zero00510
2016-08-04 20:04:10,336 INFO [org.junit.Test] zero00511
2016-08-04 20:04:10,336 INFO [org.junit.Test] zero00512
2016-08-04 20:04:10,336 INFO [org.junit.Test] zero00513
2016-08-04 20:04:10,336 INFO [org.junit.Test] zero00514
2016-08-04 20:04:10,336 INFO [org.junit.Test] zero00515
2016-08-04 20:04:10,336 INFO [org.junit.Test] zero00516
2016-08-04 20:04:10,336 INFO [org.junit.Test] zero00517
2016-08-04 20:04:10,336 INFO [org.junit.Test] zero00518
2016-08-04 20:04:10,336 INFO [org.junit.Test] zero00519
2016-08-04 20:04:10,336 INFO [org.junit.Test] zero00520
2016-08-04 20:04:10,336 INFO [org.junit.Test] zero00521
2016-08-04 20:04:10,336 INFO [org.junit.Test] zero00522
2016-08-04 20:04:10,336 INFO [org.junit.Test] zero00523
2016-08-04 20:04:10,336 INFO [org.junit.Test] zero00524
2016-08-04 20:04:10,336 INFO [org.junit.Test] zero00525
2016-08-04 20:04:10,336 INFO [org.junit.Test] zero00526
2016-08-04 20:04:10,336 INFO [org.junit.Test] zero00527
2016-08-04 20:04:10,336 INFO [org.junit.Test] zero00528
2016-08-04 20:04:10,336 INFO [org.junit.Test] zero00529
2016-08-04 20:04:10,336 INFO [org.junit.Test] zero00530
2016-08-04 20:04:10,336 INFO [org.junit.Test] zero00531
2016-08-04 20:04:10,336 INFO [org.junit.Test] zero00532
2016-08-04 20:04:10,336 INFO [org.junit.Test] zero00533
2016-08-04 20:04:10,336 INFO [org.junit.Test] zero00534
2016-08-04 20:04:10,336 INFO [org.junit.Test] zero00535
2016-08-04 20:04:10,336 INFO [org.junit.Test] zero00536
2016-08-04 20:04:10,336 INFO [org.junit.Test] zero00537
2016-08-04 20:04:10,336 INFO [org.junit.Test] zero00538
2016-08-04 20:04:10,336 INFO [org.junit.Test] zero00539
2016-08-04 20:04:10,336 INFO [org.junit.Test] zero00540
2016-08-04 20:04:10,336 INFO [org.junit.Test] zero00541
2016-08-04 20:04:10,336 INFO [org.junit.Test] zero00542
2016-08-04 20:04:10,336 INFO [org.junit.Test] zero00543
2016-08-04 20:04:10,336 INFO [org.junit.Test] zero00544
2016-08-04 20:04:10,336 INFO [org.junit.Test] zero00545
2016-08-04 20:04:10,336 INFO [org.junit.Test] zero00546
2016-08-04 20:04:10,336 INFO [org.junit.Test] zero00547
2016-08-04 20:04:10,336 INFO [org.junit.Test] zero00548
2016-08-04 20:04:10,336 INFO [org.junit.Test] zero00549
2016-08-04 20:04:10,336 INFO [org.junit.Test] zero00550
2016-08-04 20:04:10,336 INFO [org.junit.Test] zero00551
2016-08-04 20:04:10,336 INFO [org.junit.Test] zero00552
2016-08-04 20:04:10,336 INFO [org.junit.Test] zero00553
2016-08-04 20:04:10,336 INFO [org.junit.Test] zero00554
2016-08-04 20:04:10,336 INFO [org.junit.Test] zero00555
2016-08-04 20:04:10,336 INFO [org.junit.Test] zero00556
2016-08-04 20:04:10,336 INFO [org.junit.Test] zero00557
2016-08-04 20:04:10,336 INFO [org.junit.Test] zero00558
2016-08-04 20:04:10,336 INFO [org.junit.Test] zero00559
2016-08-04 20:04:10,336 INFO [org.junit.Test] zero00560
2016-08-04 20:04:10,336 INFO [org.junit.Test] zero00561
2016-08-04 20:04:10,336 INFO [org.junit.Test] zero00562
2016-08-04 20:04:10,336 INFO [org.junit.Test] zero00563
2016-08-04 20:04:10,336 INFO [org.junit.Test] zero00564
2016-08-04 20:04:10,336 INFO [org.junit.Test] zero00565
2016-08-04 20:04:10,336 INFO [org.junit.Test] zero00566
2016-08-04 20:04:10,336 INFO [org.junit.Test] zero00567
2016-08-04 20:04:10,336 INFO [org.junit.Test] zero00568
2016-08-04 20:04:10,336 INFO [org.junit.Test] zero00569
2016-08-04 20:04:10,336 INFO [org.junit.Test] zero00570
2016-08-04 20:04:10,336 INFO [org.junit.Test] zero00571
2016-08-04 20:04:10,336 INFO [org.junit.Test] zero00572
2016-08-04 20:04:10,336 INFO [org.junit.Test] zero00573
2016-08-04 20:04:10,336 INFO [org.junit.Test] zero00574
2016-08-04 20:04:10,336 INFO [org.junit.Test] zero00575
2016-08-04 20:04:10,336 INFO [org.junit.Test] zero00576
2016-08-04 20:04:10,336 INFO [org.junit.Test] zero00577
2016-08-04 20:04:10,336 INFO [org.junit.Test] zero00578
2016-08-04 20:04:10,336 INFO [org.junit.Test] zero00579
2016-08-04 20:04:10,336 INFO [org.junit.Test] zero00580
2016-08-04 20:04:10,336 INFO [org.junit.Test] zero00581
2016-08-04 20:04:10,336 INFO [org.junit.Test] zero00582
2016-08-04 20:04:10,336 INFO [org.junit.Test] zero00583
2016-08-04 20:04:10,336 INFO [org.junit.Test] zero00584
2016-08-04 20:04:10,336 INFO [org.junit.Test] zero00585
2016-08-04 20:04:10,336 INFO [org.junit.Test] zero00586
2016-08-04 20:04:10,336 INFO [org.junit.Test] zero00587
2016-08-04 20:04:10,336 INFO [org.junit.Test] zero00588
2016-08-04 20:04:10,336 INFO [org.junit.Test] zero00589
2016-08-04 20:04:10,336 INFO [org.junit.Test] zero00590
2016-08-04 20:04:10,336 INFO [org.junit.Test] zero00591
2016-08-04 20:04:10,336 INFO [org.junit.Test] zero00592
2016-08-04 20:04:10,336 INFO [org.junit.Test] zero00593
2016-08-04 20:04:10,336 INFO [org.junit.Test] zero00594
2016-08-04 20:04:10,336 INFO [org.junit.Test] zero00595
2016-08-04 20:04:10,336 INFO [org.junit.Test] zero00596
2016-08-04 20:04:10,336 INFO [org.junit.Test] zero00597
2016-08-04 20:04:10,336 INFO [org.junit.Test] zero00598
2016-08-04 20:04:10,336 INFO [org.junit.Test] zero00599
2016-08-04 20:04:10,336 INFO [org.junit.Test] zero00600
2016-08-04 20:04:10,336 INFO [org.junit.Test] zero00601
2016-08-04 20:04:10,336 INFO [org.junit.Test] zero00602
2016-08-04 20:04:10,336 INFO [org.junit.Test] zero00603
2016-08-04 20:04:10,336 INFO [org.junit.Test] zero00604
2016-08-04 20:04:10,336 INFO [org.junit.Test] zero00605
2016-08-04 20:04:10,336 INFO [org.junit.Test] zero00606
2016-08-04 20:04:10,336 INFO [org.junit.Test] zero00607
2016-08-04 20:04:10,336 INFO [org.junit.Test] zero00608
2016-08-04 20:04:10,336 INFO [org.junit.Test] zero00609
2016-08-04 20:04:10,336 INFO [org.junit.Test] zero00610
2016-08-04 20:04:10,336 INFO [org.junit.Test] zero00611
2016-08-04 20:04:10,336 INFO [org.junit.Test] zero00612
2016-08-04 20:04:10,336 INFO [org.junit.Test] zero00613
2016-08-04 20:04:10,336 INFO [org.junit.Test] zero00614
2016-08-04 20:04:10,336 INFO [org.junit.Test] zero00615
2016-08-04 20:04:10,336 INFO [org.junit.Test] zero00616
2016-08-04 20:04:10,336 INFO [org.junit.Test] zero00617
2016-08-04 20:04:10,336 INFO [org.junit.Test] zero00618
2016-08-04 20:04:10,336 INFO [org.junit.Test] zero00619
2016-08-04 20:04:10,336 INFO [org.junit.Test] zero00620
2016-08-04 20:04:10,336 INFO [org.junit.Test] zero00621
2016-08-04 20:04:10,336 INFO [org.junit.Test] zero00622
2016-08-04 20:04:10,336 INFO [org.junit.Test] zero00623
2016-08-04 20:04:10,336 INFO [org.junit.Test] zero00624
2016-08-04 20:04:10,336 INFO [org.junit.Test] zero00625
2016-08-04 20:04:10,336 INFO [org.junit.Test] zero00626
2016-08-04 20:04:10,336 INFO [org.junit.Test] zero00627
2016-08-04 20:04:10,336 INFO [org.junit.Test] zero00628
2016-08-04 20:04:10,336 INFO [org.junit.Test] zero00629
2016-08-04 20:04:10,336 INFO [org.junit.Test] zero00630
2016-08-04 20:04:10,336 INFO [org.junit.Test] zero00631
2016-08-04 20:04:10,336 INFO [org.junit.Test] zero00632
2016-08-04 20:04:10,336 INFO [org.junit.Test] zero00633
2016-08-04 20:04:10,336 INFO [org.junit.Test] zero00634
2016-08-04 20:04:10,336 INFO [org.junit.Test] zero00635
2016-08-04 20:04:10,336 INFO [org.junit.Test] zero00636
2016-08-04 20:04:10,336 INFO [org.junit.Test] zero00637
2016-08-04 20:04:10,336 INFO [org.junit.Test] zero00638
2016-08-04 20:04:10,336 INFO [org.junit.Test] zero00639
2016-08-04 20:04:10,336 INFO [org.junit.Test] zero00640
2016-08-04 20:04:10,336 INFO [org.junit.Test] zero00641
2016-08-04 20:04:10,336 INFO [org.junit.Test] zero00642
2016-08-04 20:04:10,336 INFO [org.junit.Test] zero00643
2016-08-04 20:04:10,336 INFO [org.junit.Test] zero00644
2016-08-04 20:04:10,336 INFO [org.junit.Test] zero00645
2016-08-04 20:04:10,336 INFO [org.junit.Test] zero00646
2016-08-04 20:04:10,336 INFO [org.junit.Test] zero00647
2016-08-04 20:04:10,336 INFO [org.junit.Test] zero00648
2016-08-04 20:04:10,336 INFO [org.junit.Test] zero00649
2016-08-04 20:04:10,336 INFO [org.junit.Test] zero00650
2016-08-04 20:04:10,336 INFO [org.junit.Test] zero00651
2016-08-04 20:04:10,336 INFO [org.junit.Test] zero00652
2016-08-04 20:04:10,336 INFO [org.junit.Test] zero00653
2016-08-04 20:04:10,336 INFO [org.junit.Test] zero00654
2016-08-04 20:04:10,336 INFO [org.junit.Test] zero00655
2016-08-04 20:04:10,336 INFO [org.junit.Test] zero00656
2016-08-04 20:04:10,336 INFO [org.junit.Test] zero00657
2016-08-04 20:04:10,336 INFO [org.junit.Test] zero00658
2016-08-04 20:04:10,336 INFO [org.junit.Test] zero00659
2016-08-04 20:04:10,336 INFO [org.junit.Test] zero00660
2016-08-04 20:04:10,336 INFO [org.junit.Test] zero00661
2016-08-04 20:04:10,336 INFO [org.junit.Test] zero00662
2016-08-04 20:04:10,336 INFO [org.junit.Test] zero00663
2016-08-04 20:04:10,336 INFO [org.junit.Test] zero00664
2016-08-04 20:04:10,336 INFO [org.junit.Test] zero00665
2016-08-04 20:04:10,336 INFO [org.junit.Test] zero00666
2016-08-04 20:04:10,336 INFO [org.junit.Test] zero00667
2016-08-04 20:04:10,336 INFO [org.junit.Test] zero00668
2016-08-04 20:04:10,336 INFO [org.junit.Test] zero00669
2016-08-04 20:04:10,336 INFO [org.junit.Test] zero00670
2016-08-04 20:04:10,336 INFO [org.junit.Test] zero00671
2016-08-04 20:04:10,336 INFO [org.junit.Test] zero00672
2016-08-04 20:04:10,336 INFO [org.junit.Test] zero00673
2016-08-04 20:04:10,336 INFO [org.junit.Test] zero00674
2016-08-04 20:04:10,336 INFO [org.junit.Test] zero00675
2016-08-04 20:04:10,336 INFO [org.junit.Test] zero00676
2016-08-04 20:04:10,336 INFO [org.junit.Test] zero00677
2016-08-04 20:04:10,336 INFO [org.junit.Test] zero00678
2016-08-04 20:04:10,336 INFO [org.junit.Test] zero00679
2016-08-04 20:04:10,336 INFO [org.junit.Test] zero00680
2016-08-04 20:04:10,336 INFO [org.junit.Test] zero00681
2016-08-04 20:04:10,336 INFO [org.junit.Test] zero00682
2016-08-04 20:04:10,336 INFO [org.junit.Test] zero00683
2016-08-04 20:04:10,336 INFO [org.junit.Test] zero00684
2016-08-04 20:04:10,336 INFO [org.junit.Test] zero00685
2016-08-04 20:04:10,336 INFO [org.junit.Test] zero00686
2016-08-04 20:04:10,336 INFO [org.junit.Test] zero00687
2016-08-04 20:04:10,336 INFO [org.junit.Test] zero00688
2016-08-04 20:04:10,336 INFO [org.junit.Test] zero00689
2016-08-04 20:04:10,336 INFO [org.junit.Test] zero00690
2016-08-04 20:04:10,336 INFO [org.junit.Test] zero00691
2016-08-04 20:04:10,336 INFO [org.junit.Test] zero00692
2016-08-04 20:04:10,336 INFO [org.junit.Test] zero00693
2016-08-04 20:04:10,336 INFO [org.junit.Test] zero00694
2016-08-04 20:04:10,336 INFO [org.junit.Test] zero00695
2016-08-04 20:04:10,336 INFO [org.junit.Test] zero00696
2016-08-04 20:04:10,336 INFO [org.junit.Test] zero00697
2016-08-04 20:04:10,336 INFO [org.junit.Test] zero00698
2016-08-04 20:04:10,336 INFO [org.junit.Test] zero00699
2016-08-04 20:04:10,336 INFO [org.junit.Test] zero00700
2016-08-04 20:04:10,336 INFO [org.junit.Test] zero00701
2016-08-04 20:04:10,336 INFO [org.junit.Test] zero00702
2016-08-04 20:04:10,336 INFO [org.junit.Test] zero00703
2016-08-04 20:04:10,336 INFO [org.junit.Test] zero00704
2016-08-04 20:04:10,336 INFO [org.junit.Test] zero00705
2016-08-04 20:04:10,336 INFO [org.junit.Test] zero00706
2016-08-04 20:04:10,336 INFO [org.junit.Test] zero00707
2016-08-04 20:04:10,336 INFO [org.junit.Test] zero00708
2016-08-04 20:04:10,336 INFO [org.junit.Test] zero00709
2016-08-04 20:04:10,336 INFO [org.junit.Test] zero00710
2016-08-04 20:04:10,336 INFO [org.junit.Test] zero00711
2016-08-04 20:04:10,336 INFO [org.junit.Test] zero00712
2016-08-04 20:04:10,336 INFO [org.junit.Test] zero00713
2016-08-04 20:04:10,336 INFO [org.junit.Test] zero00714
2016-08-04 20:04:10,336 INFO [org.junit.Test] zero00715
2016-08-04 20:04:10,336 INFO [org.junit.Test] zero00716
2016-08-04 20:04:10,336 INFO [org.junit.Test] zero00717
2016-08-04 20:04:10,336 INFO [org.junit.Test] zero00718
2016-08-04 20:04:10,336 INFO [org.junit.Test] zero00719
2016-08-04 20:04:10,336 INFO [org.junit.Test] zero00720
2016-08-04 20:04:10,336 INFO [org.junit.Test] zero00721
2016-08-04 20:04:10,336 INFO [org.junit.Test] zero00722
2016-08-04 20:04:10,336 INFO [org.junit.Test] zero00723
2016-08-04 20:04:10,336 INFO [org.junit.Test] zero00724
2016-08-04 20:04:10,336 INFO [org.junit.Test] zero00725
2016-08-04 20:04:10,336 INFO [org.junit.Test] zero00726
2016-08-04 20:04:10,336 INFO [org.junit.Test] zero00727
2016-08-04 20:04:10,336 INFO [org.junit.Test] zero00728
2016-08-04 20:04:10,336 INFO [org.junit.Test] zero00729
2016-08-04 20:04:10,336 INFO [org.junit.Test] zero00730
2016-08-04 20:04:10,336 INFO [org.junit.Test] zero00731
2016-08-04 20:04:10,336 INFO [org.junit.Test] zero00732
2016-08-04 20:04:10,336 INFO [org.junit.Test] zero00733
2016-08-04 20:04:10,336 INFO [org.junit.Test] zero00734
2016-08-04 20:04:10,336 INFO [org.junit.Test] zero00735
2016-08-04 20:04:10,336 INFO [org.junit.Test] zero00736
2016-08-04 20:04:10,336 INFO [org.junit.Test] zero00737
2016-08-04 20:04:10,336 INFO [org.junit.Test] zero00738
2016-08-04 20:04:10,336 INFO [org.junit.Test] zero00739
2016-08-04 20:04:10,336 INFO [org.junit.Test] zero00740
2016-08-04 20:04:10,336 INFO [org.junit.Test] zero00741
2016-08-04 20:04:10,336 INFO [org.junit.Test] zero00742
2016-08-04 20:04:10,336 INFO [org.junit.Test] zero00743
2016-08-04 20:04:10,336 INFO [org.junit.Test] zero00744
2016-08-04 20:04:10,336 INFO [org.junit.Test] zero00745
2016-08-04 20:04:10,336 INFO [org.junit.Test] zero00746
2016-08-04 20:04:10,336 INFO [org.junit.Test] zero00747
2016-08-04 20:04:10,336 INFO [org.junit.Test] zero00748
2016-08-04 20:04:10,336 INFO [org.junit.Test] zero00749
2016-08-04 20:04:10,336 INFO [org.junit.Test] zero00750
2016-08-04 20:04:10,336 INFO [org.junit.Test] zero00751
2016-08-04 20:04:10,336 INFO [org.junit.Test] zero00752
2016-08-04 20:04:10,336 INFO [org.junit.Test] zero00753
2016-08-04 20:04:10,336 INFO [org.junit.Test] zero00754
2016-08-04 20:04:10,336 INFO [org.junit.Test] zero00755
2016-08-04 20:04:10,336 INFO [org.junit.Test] zero00756
2016-08-04 20:04:10,336 INFO [org.junit.Test] zero00757
2016-08-04 20:04:10,336 INFO [org.junit.Test] zero00758
2016-08-04 20:04:10,336 INFO [org.junit.Test] zero00759
2016-08-04 20:04:10,336 INFO [org.junit.Test] zero00760
2016-08-04 20:04:10,336 INFO [org.junit.Test] zero00761
2016-08-04 20:04:10,336 INFO [org.junit.Test] zero00762
2016-08-04 20:04:10,336 INFO [org.junit.Test] zero00763
2016-08-04 20:04:10,336 INFO [org.junit.Test] zero00764
2016-08-04 20:04:10,336 INFO [org.junit.Test] zero00765
2016-08-04 20:04:10,336 INFO [org.junit.Test] zero00766
2016-08-04 20:04:10,336 INFO [org.junit.Test] zero00767
2016-08-04 20:04:10,336 INFO [org.junit.Test] zero00768
2016-08-04 20:04:10,336 INFO [org.junit.Test] zero00769
2016-08-04 20:04:10,336 INFO [org.junit.Test] zero00770
2016-08-04 20:04:10,336 INFO [org.junit.Test] zero00771
2016-08-04 20:04:10,336 INFO [org.junit.Test] zero00772
2016-08-04 20:04:10,336 INFO [org.junit.Test] zero00773
2016-08-04 20:04:10,336 INFO [org.junit.Test] zero00774
2016-08-04 20:04:10,336 INFO [org.junit.Test] zero00775
2016-08-04 20:04:10,336 INFO [org.junit.Test] zero00776
2016-08-04 20:04:10,336 INFO [org.junit.Test] zero00777
2016-08-04 20:04:10,336 INFO [org.junit.Test] zero00778
2016-08-04 20:04:10,336 INFO [org.junit.Test] zero00779
2016-08-04 20:04:10,336 INFO [org.junit.Test] zero00780
2016-08-04 20:04:10,336 INFO [org.junit.Test] zero00781
2016-08-04 20:04:10,336 INFO [org.junit.Test] zero00782
2016-08-04 20:04:10,336 INFO [org.junit.Test] zero00783
2016-08-04 20:04:10,336 INFO [org.junit.Test] zero00784
2016-08-04 20:04:10,336 INFO [org.junit.Test] zero00785
2016-08-04 20:04:10,336 INFO [org.junit.Test] zero00786
2016-08-04 20:04:10,336 INFO [org.junit.Test] zero00787
2016-08-04 20:04:10,336 INFO [org.junit.Test] zero00788
2016-08-04 20:04:10,336 INFO [org.junit.Test] zero00789
2016-08-04 20:04:10,336 INFO [org.junit.Test] zero00790
2016-08-04 20:04:10,336 INFO [org.junit.Test] zero00791
2016-08-04 20:04:10,336 INFO [org.junit.Test] zero00792
2016-08-04 20:04:10,336 INFO [org.junit.Test] zero00793
2016-08-04 20:04:10,336 INFO [org.junit.Test] zero00794
2016-08-04 20:04:10,336 INFO [org.junit.Test] zero00795
2016-08-04 20:04:10,336 INFO [org.junit.Test] zero00796
2016-08-04 20:04:10,336 INFO [org.junit.Test] zero00797
2016-08-04 20:04:10,336 INFO [org.junit.Test] zero00798
2016-08-04 20:04:10,336 INFO [org.junit.Test] zero00799
2016-08-04 20:04:10,336 INFO [org.junit.Test] zero00800
2016-08-04 20:04:10,336 INFO [org.junit.Test] zero00801
2016-08-04 20:04:10,336 INFO [org.junit.Test] zero00802
2016-08-04 20:04:10,336 INFO [org.junit.Test] zero00803
2016-08-04 20:04:10,336 INFO [org.junit.Test] zero00804
2016-08-04 20:04:10,336 INFO [org.junit.Test] zero00805
2016-08-04 20:04:10,336 INFO [org.junit.Test] zero00806
2016-08-04 20:04:10,336 INFO [org.junit.Test] zero00807
2016-08-04 20:04:10,336 INFO [org.junit.Test] zero00808
2016-08-04 20:04:10,336 INFO [org.junit.Test] zero00809
2016-08-04 20:04:10,336 INFO [org.junit.Test] zero00810
2016-08-04 20:04:10,336 INFO [org.junit.Test] zero00811
2016-08-04 20:04:10,336 INFO [org.junit.Test] zero00812
2016-08-04 20:04:10,336 INFO [org.junit.Test] zero00813
2016-08-04 20:04:10,336 INFO [org.junit.Test] zero00814
2016-08-04 20:04:10,336 INFO [org.junit.Test] zero00815
2016-08-04 20:04:10,336 INFO [org.junit.Test] zero00816
2016-08-04 20:04:10,336 INFO [org.junit.Test] zero00817
2016-08-04 20:04:10,336 INFO [org.junit.Test] zero00818
2016-08-04 20:04:10,336 INFO [org.junit.Test] zero00819
2016-08-04 20:04:10,336 INFO [org.junit.Test] zero00820
2016-08-04 20:04:10,336 INFO [org.junit.Test] zero00821
2016-08-04 20:04:10,336 INFO [org.junit.Test] zero00822
2016-08-04 20:04:10,336 INFO [org.junit.Test] zero00823
2016-08-04 20:04:10,336 INFO [org.junit.Test] zero00824
2016-08-04 20:04:10,336 INFO [org.junit.Test] zero00825
2016-08-04 20:04:10,336 INFO [org.junit.Test] zero00826
2016-08-04 20:04:10,336 INFO [org.junit.Test] zero00827
2016-08-04 20:04:10,336 INFO [org.junit.Test] zero00828
2016-08-04 20:04:10,336 INFO [org.junit.Test] zero00829
2016-08-04 20:04:10,336 INFO [org.junit.Test] zero00830
2016-08-04 20:04:10,336 INFO [org.junit.Test] zero00831
2016-08-04 20:04:10,336 INFO [org.junit.Test] zero00832
2016-08-04 20:04:10,336 INFO [org.junit.Test] zero00833
2016-08-04 20:04:10,336 INFO [org.junit.Test] zero00834
2016-08-04 20:04:10,336 INFO [org.junit.Test] zero00835
2016-08-04 20:04:10,336 INFO [org.junit.Test] zero00836
2016-08-04 20:04:10,336 INFO [org.junit.Test] zero00837
2016-08-04 20:04:10,336 INFO [org.junit.Test] zero00838
2016-08-04 20:04:10,336 INFO [org.junit.Test] zero00839
2016-08-04 20:04:10,336 INFO [org.junit.Test] zero00840
2016-08-04 20:04:10,336 INFO [org.junit.Test] zero00841
2016-08-04 20:04:10,336 INFO [org.junit.Test] zero00842
2016-08-04 20:04:10,336 INFO [org.junit.Test] zero00843
2016-08-04 20:04:10,336 INFO [org.junit.Test] zero00844
2016-08-04 20:04:10,336 INFO [org.junit.Test] zero00845
2016-08-04 20:04:10,336 INFO [org.junit.Test] zero00846
2016-08-04 20:04:10,336 INFO [org.junit.Test] zero00847
2016-08-04 20:04:10,336 INFO [org.junit.Test] zero00848
2016-08-04 20:04:10,336 INFO [org.junit.Test] zero00849
2016-08-04 20:04:10,336 INFO [org.junit.Test] zero00850
2016-08-04 20:04:10,336 INFO [org.junit.Test] zero00851
2016-08-04 20:04:10,336 INFO [org.junit.Test] zero00852
2016-08-04 20:04:10,336 INFO [org.junit.Test] zero00853
2016-08-04 20:04:10,336 INFO [org.junit.Test] zero00854
2016-08-04 20:04:10,336 INFO [org.junit.Test] zero00855
2016-08-04 20:04:10,336 INFO [org.junit.Test] zero00856
2016-08-04 20:04:10,336 INFO [org.junit.Test] zero00857
2016-08-04 20:04:10,336 INFO [org.junit.Test] zero00858
2016-08-04 20:04:10,336 INFO [org.junit.Test] zero00859
2016-08-04 20:04:10,336 INFO [org.junit.Test] zero00860
2016-08-04 20:04:10,336 INFO [org.junit.Test] zero00861
2016-08-04 20:04:10,336 INFO [org.junit.Test] zero00862
2016-08-04 20:04:10,336 INFO [org.junit.Test] zero00863
2016-08-04 20:04:10,336 INFO [org.junit.Test] zero00864
2016-08-04 20:04:10,336 INFO [org.junit.Test] zero00865
2016-08-04 20:04:10,336 INFO [org.junit.Test] zero00866
2016-08-04 20:04:10,336 INFO [org.junit.Test] zero00867
2016-08-04 20:04:10,336 INFO [org.junit.Test] zero00868
2016-08-04 20:04:10,336 INFO [org.junit.Test] zero00869
2016-08-04 20:04:10,336 INFO [org.junit.Test] zero00870
2016-08-04 20:04:10,336 INFO [org.junit.Test] zero00871
2016-08-04 20:04:10,336 INFO [org.junit.Test] zero00872
2016-08-04 20:04:10,336 INFO [org.junit.Test] zero00873
2016-08-04 20:04:10,336 INFO [org.junit.Test] zero00874
2016-08-04 20:04:10,336 INFO [org.junit.Test] zero00875
2016-08-04 20:04:10,336 INFO [org.junit.Test] zero00876
2016-08-04 20:04:10,336 INFO [org.junit.Test] zero00877
2016-08-04 20:04:10,336 INFO [org.junit.Test] zero00878
2016-08-04 20:04:10,336 INFO [org.junit.Test] zero00879
2016-08-04 20:04:10,336 INFO [org.junit.Test] zero00880
2016-08-04 20:04:10,336 INFO [org.junit.Test] zero00881
2016-08-04 20:04:10,336 INFO [org.junit.Test] zero00882
2016-08-04 20:04:10,336 INFO [org.junit.Test] zero00883
2016-08-04 20:04:10,336 INFO [org.junit.Test] zero00884
2016-08-04 20:04:10,336 INFO [org.junit.Test] zero00885
2016-08-04 20:04:10,336 INFO [org.junit.Test] zero00886
2016-08-04 20:04:10,336 INFO [org.junit.Test] zero00887
2016-08-04 20:04:10,336 INFO [org.junit.Test] zero00888
2016-08-04 20:04:10,336 INFO [org.junit.Test] zero00889
2016-08-04 20:04:10,336 INFO [org.junit.Test] zero00890
2016-08-04 20:04:10,336 INFO [org.junit.Test] zero00891
2016-08-04 20:04:10,336 INFO [org.junit.Test] zero00892
2016-08-04 20:04:10,336 INFO [org.junit.Test] zero00893
2016-08-04 20:04:10,336 INFO [org.junit.Test] zero00894
2016-08-04 20:04:10,336 INFO [org.junit.Test] zero00895
2016-08-04 20:04:10,336 INFO [org.junit.Test] zero00896
2016-08-04 20:04:10,336 INFO [org.junit.Test] zero00897
2016-08-04 20:04:10,336 INFO [org.junit.Test] zero00898
2016-08-04 20:04:10,336 INFO [org.junit.Test] zero00899
2016-08-04 20:04:10,336 INFO [org.junit.Test] zero00900
2016-08-04 20:04:10,336 INFO [org.junit.Test] zero00901
2016-08-04 20:04:10,336 INFO [org.junit.Test] zero00902
2016-08-04 20:04:10,336 INFO [org.junit.Test] zero00903
2016-08-04 20:04:10,336 INFO [org.junit.Test] zero00904
2016-08-04 20:04:10,336 INFO [org.junit.Test] zero00905
2016-08-04 20:04:10,336 INFO [org.junit.Test] zero00906
2016-08-04 20:04:10,336 INFO [org.junit.Test] zero00907
2016-08-04 20:04:10,336 INFO [org.junit.Test] zero00908
2016-08-04 20:04:10,336 INFO [org.junit.Test] zero00909
2016-08-04 20:04:10,336 INFO [org.junit.Test] zero00910
2016-08-04 20:04:10,336 INFO [org.junit.Test] zero00911
2016-08-04 20:04:10,336 INFO [org.junit.Test] zero00912
2016-08-04 20:04:10,336 INFO [org.junit.Test] zero00913
2016-08-04 20:04:10,336 INFO [org.junit.Test] zero00914
2016-08-04 20:04:10,336 INFO [org.junit.Test] zero00915
2016-08-04 20:04:10,336 INFO [org.junit.Test] zero00916
2016-08-04 20:04:10,336 INFO [org.junit.Test] zero00917
2016-08-04 20:04:10,336 INFO [org.junit.Test] zero00918
2016-08-04 20:04:10,336 INFO [org.junit.Test] zero00919
2016-08-04 20:04:10,336 INFO [org.junit.Test] zero00920
2016-08-04 20:04:10,336 INFO [org.junit.Test] zero00921
2016-08-04 20:04:10,336 INFO [org.junit.Test] zero00922
2016-08-04 20:04:10,336 INFO [org.junit.Test] zero00923
2016-08-04 20:04:10,336 INFO [org.junit.Test] zero00924
2016-08-04 20:04:10,336 INFO [org.junit.Test] zero00925
2016-08-04 20:04:10,336 INFO [org.junit.Test] zero00926
2016-08-04 20:04:10,336 INFO [org.junit.Test] zero00927
2016-08-04 20:04:10,336 INFO [org.junit.Test] zero00928
2016-08-04 20:04:10,336 INFO [org.junit.Test] zero00929
2016-08-04 20:04:10,336 INFO [org.junit.Test] zero00930
2016-08-04 20:04:10,336 INFO [org.junit.Test] zero00931
2016-08-04 20:04:10,336 INFO [org.junit.Test] zero00932
2016-08-04 20:04:10,336 INFO [org.junit.Test] zero00933
2016-08-04 20:04:10,336 INFO [org.junit.Test] zero00934
2016-08-04 20:04:10,336 INFO [org.junit.Test] zero00935
2016-08-04 20:04:10,336 INFO [org.junit.Test] zero00936
2016-08-04 20:04:10,336 INFO [org.junit.Test] zero00937
2016-08-04 20:04:10,336 INFO [org.junit.Test] zero00938
2016-08-04 20:04:10,336 INFO [org.junit.Test] zero00939
2016-08-04 20:04:10,336 INFO [org.junit.Test] zero00940
2016-08-04 20:04:10,336 INFO [org.junit.Test] zero00941
2016-08-04 20:04:10,336 INFO [org.junit.Test] zero00942
2016-08-04 20:04:10,336 INFO [org.junit.Test] zero00943
2016-08-04 20:04:10,336 INFO [org.junit.Test] zero00944
2016-08-04 20:04:10,336 INFO [org.junit.Test] zero00945
2016-08-04 20:04:10,336 INFO [org.junit.Test] zero00946
2016-08-04 20:04:10,336 INFO [org.junit.Test] zero00947
2016-08-04 20:04:10,336 INFO [org.junit.Test] zero00948
2016-08-04 20:04:10,336 INFO [org.junit.Test] zero00949
2016-08-04 20:04:10,336 INFO [org.junit.Test] zero00950
2016-08-04 20:04:10,336 INFO [org.junit.Test] zero00951
2016-08-04 20:04:10,336 INFO [org.junit.Test] zero00952
2016-08-04 20:04:10,336 INFO [org.junit.Test] zero00953
2016-08-04 20:04:10,336 INFO [org.junit.Test] zero00954
2016-08-04 20:04:10,336 INFO [org.junit.Test] zero00955
2016-08-04 20:04:10,336 INFO [org.junit.Test] zero00956
2016-08-04 20:04:10,336 INFO [org.junit.Test] zero00957
2016-08-04 20:04:10,336 INFO [org.junit.Test] zero00958
2016-08-04 20:04:10,336 INFO [org.junit.Test] zero00959
2016-08-04 20:04:10,336 INFO [org.junit.Test] zero00960
2016-08-04 20:04:10,336 INFO [org.junit.Test] zero00961
2016-08-04 20:04:10,336 INFO [org.junit.Test] zero00962
2016-08-04 20:04:10,336 INFO [org.junit.Test] zero00963
2016-08-04 20:04:10,336 INFO [org.junit.Test] zero00964
2016-08-04 20:04:10,336 INFO [org.junit.Test] zero00965
2016-08-04 20:04:10,336 INFO [org.junit.Test] zero00966
2016-08-04 20:04:10,336 INFO [org.junit.Test] zero00967
2016-08-04 20:04:10,336 INFO [org.junit.Test] zero00968
2016-08-04 20:04:10,336 INFO [org.junit.Test] zero00969
2016-08-04 20:04:10,336 INFO [org.junit.Test] zero00970
2016-08-04 20:04:10,336 INFO [org.junit.Test] zero00971
2016-08-04 20:04:10,336 INFO [org.junit.Test] zero00972
2016-08-04 20:04:10,336 INFO [org.junit.Test] zero00973
2016-08-04 20:04:10,336 INFO [org.junit.Test] zero00974
2016-08-04 20:04:10,336 INFO [org.junit.Test] zero00975
2016-08-04 20:04:10,336 INFO [org.junit.Test] zero00976
2016-08-04 20:04:10,336 INFO [org.junit.Test] zero00977
2016-08-04 20:04:10,336 INFO [org.junit.Test] zero00978
2016-08-04 20:04:10,336 INFO [org.junit.Test] zero00979
2016-08-04 20:04:10,336 INFO [org.junit.Test] zero00980
2016-08-04 20:04:10,336 INFO [org.junit.Test] zero00981
2016-08-04 20:04:10,336 INFO [org.junit.Test] zero00982
2016-08-04 20:04:10,336 INFO [org.junit.Test] zero00983
2016-08-04 20:04:10,336 INFO [org.junit.Test] zero00984
2016-08-04 20:04:10,336 INFO [org.junit.Test] zero00985
2016-08-04 20:04:10,336 INFO [org.junit.Test] zero00986
2016-08-04 20:04:10,336 INFO [org.junit.Test] zero00987
2016-08-04 20:04:10,336 INFO [org.junit.Test] zero00988
2016-08-04 20:04:10,336 INFO [org.junit.Test] zero00989
2016-08-04 20:04:10,336 INFO [org.junit.Test] zero00990
2016-08-04 20:04:10,336 INFO [org.junit.Test] zero00991
2016-08-04 20:04:10,336 INFO [org.junit.Test] zero00992
2016-08-04 20:04:10,336 INFO [org.junit.Test] zero00993
2016-08-04 20:04:10,336 INFO [org.junit.Test] zero00994
2016-08-04 20:04:10,336 INFO [org.junit.Test] zero00995
2016-08-04 20:04:10,336 INFO [org.junit.Test] zero00996
2016-08-04 20:04:10,336 INFO [org.junit.Test] zero00997
2016-08-04 20:04:10,336 INFO [org.junit.Test] zero00998
2016-08-04 20:04:10,336 INFO [org.junit.Test] zero00999
2016-08-04 20:04:13,336 INFO [org.junit.Test] zero000
2016-08-04 20:04:13,336 INFO [org.junit.Test] zero001
2016-08-04 20:04:13,336 INFO [org.junit.Test] zero002
2016-08-04 20:04:13,336 INFO [org.junit.Test] zero003
2016-08-04 20:04:13,336 INFO [org.junit.Test] zero004
2016-08-04 20:04:13,336 INFO [org.junit.Test] zero005
2016-08-04 20:04:13,336 INFO [org.junit.Test] zero006
2016-08-04 20:04:13,336 INFO [org.junit.Test] zero007
2016-08-04 20:04:13,336 INFO [org.junit.Test] zero008
2016-08-04 20:04:13,336 INFO [org.junit.Test] zero009
2016-08-04 20:04:13,336 INFO [org.junit.Test] zero0010
2016-08-04 20:04:13,336 INFO [org.junit.Test] zero0011
2016-08-04 20:04:13,336 INFO [org.junit.Test] zero0012
2016-08-04 20:04:13,336 INFO [org.junit.Test] zero0013
2016-08-04 20:04:13,336 INFO [org.junit.Test] zero0014
2016-08-04 20:04:13,336 INFO [org.junit.Test] zero0015
2016-08-04 20:04:13,336 INFO [org.junit.Test] zero0016
2016-08-04 20:04:13,336 INFO [org.junit.Test] zero0017
2016-08-04 20:04:13,336 INFO [org.junit.Test] zero0018
2016-08-04 20:04:13,336 INFO [org.junit.Test] zero0019
2016-08-04 20:04:13,336 INFO [org.junit.Test] zero0020
2016-08-04 20:04:13,336 INFO [org.junit.Test] zero0021
2016-08-04 20:04:13,336 INFO [org.junit.Test] zero0022
2016-08-04 20:04:13,336 INFO [org.junit.Test] zero0023
2016-08-04 20:04:13,336 INFO [org.junit.Test] zero0024
2016-08-04 20:04:13,336 INFO [org.junit.Test] zero0025
2016-08-04 20:04:13,336 INFO [org.junit.Test] zero0026
2016-08-04 20:04:13,336 INFO [org.junit.Test] zero0027
2016-08-04 20:04:13,336 INFO [org.junit.Test] zero0028
2016-08-04 20:04:13,336 INFO [org.junit.Test] zero0029
2016-08-04 20:04:13,336 INFO [org.junit.Test] zero0030
2016-08-04 20:04:13,336 INFO [org.junit.Test] zero0031
2016-08-04 20:04:13,336 INFO [org.junit.Test] zero0032
2016-08-04 20:04:13,336 INFO [org.junit.Test] zero0033
2016-08-04 20:04:13,336 INFO [org.junit.Test] zero0034
2016-08-04 20:04:13,336 INFO [org.junit.Test] zero0035
2016-08-04 20:04:13,336 INFO [org.junit.Test] zero0036
2016-08-04 20:04:13,336 INFO [org.junit.Test] zero0037
2016-08-04 20:04:13,336 INFO [org.junit.Test] zero0038
2016-08-04 20:04:13,336 INFO [org.junit.Test] zero0039
2016-08-04 20:04:13,336 INFO [org.junit.Test] zero0040
2016-08-04 20:04:13,336 INFO [org.junit.Test] zero0041
2016-08-04 20:04:13,336 INFO [org.junit.Test] zero0042
2016-08-04 20:04:13,336 INFO [org.junit.Test] zero0043
2016-08-04 20:04:13,336 INFO [org.junit.Test] zero0044
2016-08-04 20:04:13,336 INFO [org.junit.Test] zero0045
2016-08-04 20:04:13,336 INFO [org.junit.Test] zero0046
2016-08-04 20:04:13,336 INFO [org.junit.Test] zero0047
2016-08-04 20:04:13,336 INFO [org.junit.Test] zero0048
2016-08-04 20:04:13,336 INFO [org.junit.Test] zero0049
2016-08-04 20:04:13,336 INFO [org.junit.Test] zero0050
2016-08-04 20:04:13,336 INFO [org.junit.Test] zero0051
2016-08-04 20:04:13,336 INFO [org.junit.Test] zero0052
2016-08-04 20:04:13,336 INFO [org.junit.Test] zero0053
2016-08-04 20:04:13,336 INFO [org.junit.Test] zero0054
2016-08-04 20:04:13,336 INFO [org.junit.Test] zero0055
2016-08-04 20:04:13,336 INFO [org.junit.Test] zero0056
2016-08-04 20:04:13,336 INFO [org.junit.Test] zero0057
2016-08-04 20:04:13,336 INFO [org.junit.Test] zero0058
2016-08-04 20:04:13,336 INFO [org.junit.Test] zero0059
2016-08-04 20:04:13,336 INFO [org.junit.Test] zero0060
2016-08-04 20:04:13,336 INFO [org.junit.Test] zero0061
2016-08-04 20:04:13,336 INFO [org.junit.Test] zero0062
2016-08-04 20:04:13,336 INFO [org.junit.Test] zero0063
2016-08-04 20:04:13,336 INFO [org.junit.Test] zero0064
2016-08-04 20:04:13,336 INFO [org.junit.Test] zero0065
2016-08-04 20:04:13,336 INFO [org.junit.Test] zero0066
2016-08-04 20:04:13,336 INFO [org.junit.Test] zero0067
2016-08-04 20:04:13,336 INFO [org.junit.Test] zero0068
2016-08-04 20:04:13,336 INFO [org.junit.Test] zero0069
2016-08-04 20:04:13,336 INFO [org.junit.Test] zero0070
2016-08-04 20:04:13,336 INFO [org.junit.Test] zero0071
2016-08-04 20:04:13,336 INFO [org.junit.Test] zero0072
2016-08-04 20:04:13,336 INFO [org.junit.Test] zero0073
2016-08-04 20:04:13,336 INFO [org.junit.Test] zero0074
2016-08-04 20:04:13,336 INFO [org.junit.Test] zero0075
2016-08-04 20:04:13,336 INFO [org.junit.Test] zero0076
2016-08-04 20:04:13,336 INFO [org.junit.Test] zero0077
2016-08-04 20:04:13,336 INFO [org.junit.Test] zero0078
2016-08-04 20:04:13,336 INFO [org.junit.Test] zero0079
2016-08-04 20:04:13,336 INFO [org.junit.Test] zero0080
2016-08-04 20:04:13,336 INFO [org.junit.Test] zero0081
2016-08-04 20:04:13,336 INFO [org.junit.Test] zero0082
2016-08-04 20:04:13,336 INFO [org.junit.Test] zero0083
2016-08-04 20:04:13,336 INFO [org.junit.Test] zero0084
2016-08-04 20:04:13,336 INFO [org.junit.Test] zero0085
2016-08-04 20:04:13,336 INFO [org.junit.Test] zero0086
2016-08-04 20:04:13,336 INFO [org.junit.Test] zero0087
2016-08-04 20:04:13,336 INFO [org.junit.Test] zero0088
2016-08-04 20:04:13,336 INFO [org.junit.Test] zero0089
2016-08-04 20:04:13,336 INFO [org.junit.Test] zero0090
2016-08-04 20:04:13,336 INFO [org.junit.Test] zero0091
2016-08-04 20:04:13,336 INFO [org.junit.Test] zero0092
2016-08-04 20:04:13,336 INFO [org.junit.Test] zero0093
2016-08-04 20:04:13,336 INFO [org.junit.Test] zero0094
2016-08-04 20:04:13,336 INFO [org.junit.Test] zero0095
2016-08-04 20:04:13,336 INFO [org.junit.Test] zero0096
2016-08-04 20:04:13,336 INFO [org.junit.Test] zero0097
2016-08-04 20:04:13,336 INFO [org.junit.Test] zero0098
2016-08-04 20:04:13,336 INFO [org.junit.Test] zero0099
2016-08-04 20:04:13,336 INFO [org.junit.Test] zero00100
2016-08-04 20:04:13,336 INFO [org.junit.Test] zero00101
2016-08-04 20:04:13,336 INFO [org.junit.Test] zero00102
2016-08-04 20:04:13,336 INFO [org.junit.Test] zero00103
2016-08-04 20:04:13,336 INFO [org.junit.Test] zero00104
2016-08-04 20:04:13,336 INFO [org.junit.Test] zero00105
2016-08-04 20:04:13,336 INFO [org.junit.Test] zero00106
2016-08-04 20:04:13,336 INFO [org.junit.Test] zero00107
2016-08-04 20:04:13,336 INFO [org.junit.Test] zero00108
2016-08-04 20:04:13,336 INFO [org.junit.Test] zero00109
2016-08-04 20:04:13,336 INFO [org.junit.Test] zero00110
2016-08-04 20:04:13,336 INFO [org.junit.Test] zero00111
2016-08-04 20:04:13,336 INFO [org.junit.Test] zero00112
2016-08-04 20:04:13,336 INFO [org.junit.Test] zero00113
2016-08-04 20:04:13,336 INFO [org.junit.Test] zero00114
2016-08-04 20:04:13,336 INFO [org.junit.Test] zero00115
2016-08-04 20:04:13,336 INFO [org.junit.Test] zero00116
2016-08-04 20:04:13,336 INFO [org.junit.Test] zero00117
2016-08-04 20:04:13,336 INFO [org.junit.Test] zero00118
2016-08-04 20:04:13,336 INFO [org.junit.Test] zero00119
2016-08-04 20:04:13,336 INFO [org.junit.Test] zero00120
2016-08-04 20:04:13,336 INFO [org.junit.Test] zero00121
2016-08-04 20:04:13,336 INFO [org.junit.Test] zero00122
2016-08-04 20:04:13,336 INFO [org.junit.Test] zero00123
2016-08-04 20:04:13,336 INFO [org.junit.Test] zero00124
2016-08-04 20:04:13,336 INFO [org.junit.Test] zero00125
2016-08-04 20:04:13,336 INFO [org.junit.Test] zero00126
2016-08-04 20:04:13,336 INFO [org.junit.Test] zero00127
2016-08-04 20:04:13,336 INFO [org.junit.Test] zero00128
2016-08-04 20:04:13,336 INFO [org.junit.Test] zero00129
2016-08-04 20:04:13,336 INFO [org.junit.Test] zero00130
2016-08-04 20:04:13,336 INFO [org.junit.Test] zero00131
2016-08-04 20:04:13,336 INFO [org.junit.Test] zero00132
2016-08-04 20:04:13,336 INFO [org.junit.Test] zero00133
2016-08-04 20:04:13,336 INFO [org.junit.Test] zero00134
2016-08-04 20:04:13,336 INFO [org.junit.Test] zero00135
2016-08-04 20:04:13,336 INFO [org.junit.Test] zero00136
2016-08-04 20:04:13,336 INFO [org.junit.Test] zero00137
2016-08-04 20:04:13,336 INFO [org.junit.Test] zero00138
2016-08-04 20:04:13,336 INFO [org.junit.Test] zero00139
2016-08-04 20:04:13,336 INFO [org.junit.Test] zero00140
2016-08-04 20:04:13,336 INFO [org.junit.Test] zero00141
2016-08-04 20:04:13,336 INFO [org.junit.Test] zero00142
2016-08-04 20:04:13,336 INFO [org.junit.Test] zero00143
2016-08-04 20:04:13,336 INFO [org.junit.Test] zero00144
2016-08-04 20:04:13,336 INFO [org.junit.Test] zero00145
2016-08-04 20:04:13,336 INFO [org.junit.Test] zero00146
2016-08-04 20:04:13,336 INFO [org.junit.Test] zero00147
2016-08-04 20:04:13,336 INFO [org.junit.Test] zero00148
2016-08-04 20:04:13,336 INFO [org.junit.Test] zero00149
2016-08-04 20:04:13,336 INFO [org.junit.Test] zero00150
2016-08-04 20:04:13,336 INFO [org.junit.Test] zero00151
2016-08-04 20:04:13,336 INFO [org.junit.Test] zero00152
2016-08-04 20:04:13,336 INFO [org.junit.Test] zero00153
2016-08-04 20:04:13,336 INFO [org.junit.Test] zero00154
2016-08-04 20:04:13,336 INFO [org.junit.Test] zero00155
2016-08-04 20:04:13,336 INFO [org.junit.Test] zero00156
2016-08-04 20:04:13,336 INFO [org.junit.Test] zero00157
2016-08-04 20:04:13,336 INFO [org.junit.Test] zero00158
2016-08-04 20:04:13,336 INFO [org.junit.Test] zero00159
2016-08-04 20:04:13,336 INFO [org.junit.Test] zero00160
2016-08-04 20:04:13,336 INFO [org.junit.Test] zero00161
2016-08-04 20:04:13,336 INFO [org.junit.Test] zero00162
2016-08-04 20:04:13,336 INFO [org.junit.Test] zero00163
2016-08-04 20:04:13,336 INFO [org.junit.Test] zero00164
2016-08-04 20:04:13,336 INFO [org.junit.Test] zero00165
2016-08-04 20:04:13,336 INFO [org.junit.Test] zero00166
2016-08-04 20:04:13,336 INFO [org.junit.Test] zero00167
2016-08-04 20:04:13,336 INFO [org.junit.Test] zero00168
2016-08-04 20:04:13,336 INFO [org.junit.Test] zero00169
2016-08-04 20:04:13,336 INFO [org.junit.Test] zero00170
2016-08-04 20:04:13,336 INFO [org.junit.Test] zero00171
2016-08-04 20:04:13,336 INFO [org.junit.Test] zero00172
2016-08-04 20:04:13,336 INFO [org.junit.Test] zero00173
2016-08-04 20:04:13,336 INFO [org.junit.Test] zero00174
2016-08-04 20:04:13,336 INFO [org.junit.Test] zero00175
2016-08-04 20:04:13,336 INFO [org.junit.Test] zero00176
2016-08-04 20:04:13,336 INFO [org.junit.Test] zero00177
2016-08-04 20:04:13,336 INFO [org.junit.Test] zero00178
2016-08-04 20:04:13,336 INFO [org.junit.Test] zero00179
2016-08-04 20:04:13,336 INFO [org.junit.Test] zero00180
2016-08-04 20:04:13,336 INFO [org.junit.Test] zero00181
2016-08-04 20:04:13,336 INFO [org.junit.Test] zero00182
2016-08-04 20:04:13,336 INFO [org.junit.Test] zero00183
2016-08-04 20:04:13,336 INFO [org.junit.Test] zero00184
2016-08-04 20:04:13,336 INFO [org.junit.Test] zero00185
2016-08-04 20:04:13,336 INFO [org.junit.Test] zero00186
2016-08-04 20:04:13,336 INFO [org.junit.Test] zero00187
2016-08-04 20:04:13,336 INFO [org.junit.Test] zero00188
2016-08-04 20:04:13,336 INFO [org.junit.Test] zero00189
2016-08-04 20:04:13,336 INFO [org.junit.Test] zero00190
2016-08-04 20:04:13,336 INFO [org.junit.Test] zero00191
2016-08-04 20:04:13,336 INFO [org.junit.Test] zero00192
2016-08-04 20:04:13,336 INFO [org.junit.Test] zero00193
2016-08-04 20:04:13,336 INFO [org.junit.Test] zero00194
2016-08-04 20:04:13,336 INFO [org.junit.Test] zero00195
2016-08-04 20:04:13,336 INFO [org.junit.Test] zero00196
2016-08-04 20:04:13,336 INFO [org.junit.Test] zero00197
2016-08-04 20:04:13,336 INFO [org.junit.Test] zero00198
2016-08-04 20:04:13,336 INFO [org.junit.Test] zero00199
2016-08-04 20:04:13,336 INFO [org.junit.Test] zero00200
2016-08-04 20:04:13,336 INFO [org.junit.Test] zero00201
2016-08-04 20:04:13,336 INFO [org.junit.Test] zero00202
2016-08-04 20:04:13,336 INFO [org.junit.Test] zero00203
2016-08-04 20:04:13,336 INFO [org.junit.Test] zero00204
2016-08-04 20:04:13,336 INFO [org.junit.Test] zero00205
2016-08-04 20:04:13,336 INFO [org.junit.Test] zero00206
2016-08-04 20:04:13,336 INFO [org.junit.Test] zero00207
2016-08-04 20:04:13,336 INFO [org.junit.Test] zero00208
2016-08-04 20:04:13,336 INFO [org.junit.Test] zero00209
2016-08-04 20:04:13,336 INFO [org.junit.Test] zero00210
2016-08-04 20:04:13,336 INFO [org.junit.Test] zero00211
2016-08-04 20:04:13,336 INFO [org.junit.Test] zero00212
2016-08-04 20:04:13,336 INFO [org.junit.Test] zero00213
2016-08-04 20:04:13,336 INFO [org.junit.Test] zero00214
2016-08-04 20:04:13,336 INFO [org.junit.Test] zero00215
2016-08-04 20:04:13,336 INFO [org.junit.Test] zero00216
2016-08-04 20:04:13,336 INFO [org.junit.Test] zero00217
2016-08-04 20:04:13,336 INFO [org.junit.Test] zero00218
2016-08-04 20:04:13,336 INFO [org.junit.Test] zero00219
2016-08-04 20:04:13,336 INFO [org.junit.Test] zero00220
2016-08-04 20:04:13,336 INFO [org.junit.Test] zero00221
2016-08-04 20:04:13,336 INFO [org.junit.Test] zero00222
2016-08-04 20:04:13,336 INFO [org.junit.Test] zero00223
2016-08-04 20:04:13,336 INFO [org.junit.Test] zero00224
2016-08-04 20:04:13,336 INFO [org.junit.Test] zero00225
2016-08-04 20:04:13,336 INFO [org.junit.Test] zero00226
2016-08-04 20:04:13,336 INFO [org.junit.Test] zero00227
2016-08-04 20:04:13,336 INFO [org.junit.Test] zero00228
2016-08-04 20:04:13,336 INFO [org.junit.Test] zero00229
2016-08-04 20:04:13,336 INFO [org.junit.Test] zero00230
2016-08-04 20:04:13,336 INFO [org.junit.Test] zero00231
2016-08-04 20:04:13,336 INFO [org.junit.Test] zero00232
2016-08-04 20:04:13,336 INFO [org.junit.Test] zero00233
2016-08-04 20:04:13,336 INFO [org.junit.Test] zero00234
2016-08-04 20:04:13,336 INFO [org.junit.Test] zero00235
2016-08-04 20:04:13,336 INFO [org.junit.Test] zero00236
2016-08-04 20:04:13,336 INFO [org.junit.Test] zero00237
2016-08-04 20:04:13,336 INFO [org.junit.Test] zero00238
2016-08-04 20:04:13,336 INFO [org.junit.Test] zero00239
2016-08-04 20:04:13,336 INFO [org.junit.Test] zero00240
2016-08-04 20:04:13,336 INFO [org.junit.Test] zero00241
2016-08-04 20:04:13,336 INFO [org.junit.Test] zero00242
2016-08-04 20:04:13,336 INFO [org.junit.Test] zero00243
2016-08-04 20:04:13,336 INFO [org.junit.Test] zero00244
2016-08-04 20:04:13,336 INFO [org.junit.Test] zero00245
2016-08-04 20:04:13,336 INFO [org.junit.Test] zero00246
2016-08-04 20:04:13,336 INFO [org.junit.Test] zero00247
2016-08-04 20:04:13,336 INFO [org.junit.Test] zero00248
2016-08-04 20:04:13,336 INFO [org.junit.Test] zero00249
2016-08-04 20:04:13,336 INFO [org.junit.Test] zero00250
2016-08-04 20:04:13,336 INFO [org.junit.Test] zero00251
2016-08-04 20:04:13,336 INFO [org.junit.Test] zero00252
2016-08-04 20:04:13,336 INFO [org.junit.Test] zero00253
2016-08-04 20:04:13,336 INFO [org.junit.Test] zero00254
2016-08-04 20:04:13,336 INFO [org.junit.Test] zero00255
2016-08-04 20:04:13,336 INFO [org.junit.Test] zero00256
2016-08-04 20:04:13,336 INFO [org.junit.Test] zero00257
2016-08-04 20:04:13,336 INFO [org.junit.Test] zero00258
2016-08-04 20:04:13,336 INFO [org.junit.Test] zero00259
2016-08-04 20:04:13,336 INFO [org.junit.Test] zero00260
2016-08-04 20:04:13,336 INFO [org.junit.Test] zero00261
2016-08-04 20:04:13,336 INFO [org.junit.Test] zero00262
2016-08-04 20:04:13,336 INFO [org.junit.Test] zero00263
2016-08-04 20:04:13,336 INFO [org.junit.Test] zero00264
2016-08-04 20:04:13,336 INFO [org.junit.Test] zero00265
2016-08-04 20:04:13,336 INFO [org.junit.Test] zero00266
2016-08-04 20:04:13,336 INFO [org.junit.Test] zero00267
2016-08-04 20:04:13,336 INFO [org.junit.Test] zero00268
2016-08-04 20:04:13,336 INFO [org.junit.Test] zero00269
2016-08-04 20:04:13,336 INFO [org.junit.Test] zero00270
2016-08-04 20:04:13,336 INFO [org.junit.Test] zero00271
2016-08-04 20:04:13,336 INFO [org.junit.Test] zero00272
2016-08-04 20:04:13,336 INFO [org.junit.Test] zero00273
2016-08-04 20:04:13,336 INFO [org.junit.Test] zero00274
2016-08-04 20:04:13,336 INFO [org.junit.Test] zero00275
2016-08-04 20:04:13,336 INFO [org.junit.Test] zero00276
2016-08-04 20:04:13,336 INFO [org.junit.Test] zero00277
2016-08-04 20:04:13,336 INFO [org.junit.Test] zero00278
2016-08-04 20:04:13,336 INFO [org.junit.Test] zero00279
2016-08-04 20:04:13,336 INFO [org.junit.Test] zero00280
2016-08-04 20:04:13,336 INFO [org.junit.Test] zero00281
2016-08-04 20:04:13,336 INFO [org.junit.Test] zero00282
2016-08-04 20:04:13,336 INFO [org.junit.Test] zero00283
2016-08-04 20:04:13,336 INFO [org.junit.Test] zero00284
2016-08-04 20:04:13,336 INFO [org.junit.Test] zero00285
2016-08-04 20:04:13,336 INFO [org.junit.Test] zero00286
2016-08-04 20:04:13,336 INFO [org.junit.Test] zero00287
2016-08-04 20:04:13,336 INFO [org.junit.Test] zero00288
2016-08-04 20:04:13,336 INFO [org.junit.Test] zero00289
2016-08-04 20:04:13,336 INFO [org.junit.Test] zero00290
2016-08-04 20:04:13,336 INFO [org.junit.Test] zero00291
2016-08-04 20:04:13,336 INFO [org.junit.Test] zero00292
2016-08-04 20:04:13,336 INFO [org.junit.Test] zero00293
2016-08-04 20:04:13,336 INFO [org.junit.Test] zero00294
2016-08-04 20:04:13,336 INFO [org.junit.Test] zero00295
2016-08-04 20:04:13,336 INFO [org.junit.Test] zero00296
2016-08-04 20:04:13,336 INFO [org.junit.Test] zero00297
2016-08-04 20:04:13,336 INFO [org.junit.Test] zero00298
2016-08-04 20:04:13,336 INFO [org.junit.Test] zero00299
2016-08-04 20:04:13,336 INFO [org.junit.Test] zero00300
2016-08-04 20:04:13,336 INFO [org.junit.Test] zero00301
2016-08-04 20:04:13,336 INFO [org.junit.Test] zero00302
2016-08-04 20:04:13,336 INFO [org.junit.Test] zero00303
2016-08-04 20:04:13,336 INFO [org.junit.Test] zero00304
2016-08-04 20:04:13,336 INFO [org.junit.Test] zero00305
2016-08-04 20:04:13,336 INFO [org.junit.Test] zero00306
2016-08-04 20:04:13,336 INFO [org.junit.Test] zero00307
2016-08-04 20:04:13,336 INFO [org.junit.Test] zero00308
2016-08-04 20:04:13,336 INFO [org.junit.Test] zero00309
2016-08-04 20:04:13,336 INFO [org.junit.Test] zero00310
2016-08-04 20:04:13,336 INFO [org.junit.Test] zero00311
2016-08-04 20:04:13,336 INFO [org.junit.Test] zero00312
2016-08-04 20:04:13,336 INFO [org.junit.Test] zero00313
2016-08-04 20:04:13,336 INFO [org.junit.Test] zero00314
2016-08-04 20:04:13,336 INFO [org.junit.Test] zero00315
2016-08-04 20:04:13,336 INFO [org.junit.Test] zero00316
2016-08-04 20:04:13,336 INFO [org.junit.Test] zero00317
2016-08-04 20:04:13,336 INFO [org.junit.Test] zero00318
2016-08-04 20:04:13,336 INFO [org.junit.Test] zero00319
2016-08-04 20:04:13,336 INFO [org.junit.Test] zero00320
2016-08-04 20:04:13,336 INFO [org.junit.Test] zero00321
2016-08-04 20:04:13,336 INFO [org.junit.Test] zero00322
2016-08-04 20:04:13,336 INFO [org.junit.Test] zero00323
2016-08-04 20:04:13,336 INFO [org.junit.Test] zero00324
2016-08-04 20:04:13,336 INFO [org.junit.Test] zero00325
2016-08-04 20:04:13,336 INFO [org.junit.Test] zero00326
2016-08-04 20:04:13,336 INFO [org.junit.Test] zero00327
2016-08-04 20:04:13,336 INFO [org.junit.Test] zero00328
2016-08-04 20:04:13,336 INFO [org.junit.Test] zero00329
2016-08-04 20:04:13,336 INFO [org.junit.Test] zero00330
2016-08-04 20:04:13,336 INFO [org.junit.Test] zero00331
2016-08-04 20:04:13,336 INFO [org.junit.Test] zero00332
2016-08-04 20:04:13,336 INFO [org.junit.Test] zero00333
2016-08-04 20:04:13,336 INFO [org.junit.Test] zero00334
2016-08-04 20:04:13,336 INFO [org.junit.Test] zero00335
2016-08-04 20:04:13,336 INFO [org.junit.Test] zero00336
2016-08-04 20:04:13,336 INFO [org.junit.Test] zero00337
2016-08-04 20:04:13,336 INFO [org.junit.Test] zero00338
2016-08-04 20:04:13,336 INFO [org.junit.Test] zero00339
2016-08-04 20:04:13,336 INFO [org.junit.Test] zero00340
2016-08-04 20:04:13,336 INFO [org.junit.Test] zero00341
2016-08-04 20:04:13,336 INFO [org.junit.Test] zero00342
2016-08-04 20:04:13,336 INFO [org.junit.Test] zero00343
2016-08-04 20:04:13,336 INFO [org.junit.Test] zero00344
2016-08-04 20:04:13,336 INFO [org.junit.Test] zero00345
2016-08-04 20:04:13,336 INFO [org.junit.Test] zero00346
2016-08-04 20:04:13,336 INFO [org.junit.Test] zero00347
2016-08-04 20:04:13,336 INFO [org.junit.Test] zero00348
2016-08-04 20:04:13,336 INFO [org.junit.Test] zero00349
2016-08-04 20:04:13,336 INFO [org.junit.Test] zero00350
2016-08-04 20:04:13,336 INFO [org.junit.Test] zero00351
2016-08-04 20:04:13,336 INFO [org.junit.Test] zero00352
2016-08-04 20:04:13,336 INFO [org.junit.Test] zero00353
2016-08-04 20:04:13,336 INFO [org.junit.Test] zero00354
2016-08-04 20:04:13,336 INFO [org.junit.Test] zero00355
2016-08-04 20:04:13,336 INFO [org.junit.Test] zero00356
2016-08-04 20:04:13,337 INFO [org.junit.Test] zero00357
2016-08-04 20:04:13,337 INFO [org.junit.Test] zero00358
2016-08-04 20:04:13,337 INFO [org.junit.Test] zero00359
2016-08-04 20:04:13,337 INFO [org.junit.Test] zero00360
2016-08-04 20:04:13,337 INFO [org.junit.Test] zero00361
2016-08-04 20:04:13,337 INFO [org.junit.Test] zero00362
2016-08-04 20:04:13,337 INFO [org.junit.Test] zero00363
2016-08-04 20:04:13,337 INFO [org.junit.Test] zero00364
2016-08-04 20:04:13,337 INFO [org.junit.Test] zero00365
2016-08-04 20:04:13,337 INFO [org.junit.Test] zero00366
2016-08-04 20:04:13,337 INFO [org.junit.Test] zero00367
2016-08-04 20:04:13,337 INFO [org.junit.Test] zero00368
2016-08-04 20:04:13,337 INFO [org.junit.Test] zero00369
2016-08-04 20:04:13,337 INFO [org.junit.Test] zero00370
2016-08-04 20:04:13,337 INFO [org.junit.Test] zero00371
2016-08-04 20:04:13,337 INFO [org.junit.Test] zero00372
2016-08-04 20:04:13,337 INFO [org.junit.Test] zero00373
2016-08-04 20:04:13,337 INFO [org.junit.Test] zero00374
2016-08-04 20:04:13,337 INFO [org.junit.Test] zero00375
2016-08-04 20:04:13,337 INFO [org.junit.Test] zero00376
2016-08-04 20:04:13,337 INFO [org.junit.Test] zero00377
2016-08-04 20:04:13,337 INFO [org.junit.Test] zero00378
2016-08-04 20:04:13,337 INFO [org.junit.Test] zero00379
2016-08-04 20:04:13,337 INFO [org.junit.Test] zero00380
2016-08-04 20:04:13,337 INFO [org.junit.Test] zero00381
2016-08-04 20:04:13,337 INFO [org.junit.Test] zero00382
2016-08-04 20:04:13,337 INFO [org.junit.Test] zero00383
2016-08-04 20:04:13,337 INFO [org.junit.Test] zero00384
2016-08-04 20:04:13,337 INFO [org.junit.Test] zero00385
2016-08-04 20:04:13,337 INFO [org.junit.Test] zero00386
2016-08-04 20:04:13,337 INFO [org.junit.Test] zero00387
2016-08-04 20:04:13,337 INFO [org.junit.Test] zero00388
2016-08-04 20:04:13,337 INFO [org.junit.Test] zero00389
2016-08-04 20:04:13,337 INFO [org.junit.Test] zero00390
2016-08-04 20:04:13,337 INFO [org.junit.Test] zero00391
2016-08-04 20:04:13,337 INFO [org.junit.Test] zero00392
2016-08-04 20:04:13,337 INFO [org.junit.Test] zero00393
2016-08-04 20:04:13,337 INFO [org.junit.Test] zero00394
2016-08-04 20:04:13,337 INFO [org.junit.Test] zero00395
2016-08-04 20:04:13,337 INFO [org.junit.Test] zero00396
2016-08-04 20:04:13,337 INFO [org.junit.Test] zero00397
2016-08-04 20:04:13,337 INFO [org.junit.Test] zero00398
2016-08-04 20:04:13,337 INFO [org.junit.Test] zero00399
2016-08-04 20:04:13,337 INFO [org.junit.Test] zero00400
2016-08-04 20:04:13,337 INFO [org.junit.Test] zero00401
2016-08-04 20:04:13,337 INFO [org.junit.Test] zero00402
2016-08-04 20:04:13,337 INFO [org.junit.Test] zero00403
2016-08-04 20:04:13,337 INFO [org.junit.Test] zero00404
2016-08-04 20:04:13,337 INFO [org.junit.Test] zero00405
2016-08-04 20:04:13,337 INFO [org.junit.Test] zero00406
2016-08-04 20:04:13,337 INFO [org.junit.Test] zero00407
2016-08-04 20:04:13,337 INFO [org.junit.Test] zero00408
2016-08-04 20:04:13,337 INFO [org.junit.Test] zero00409
2016-08-04 20:04:13,337 INFO [org.junit.Test] zero00410
2016-08-04 20:04:13,337 INFO [org.junit.Test] zero00411
2016-08-04 20:04:13,337 INFO [org.junit.Test] zero00412
2016-08-04 20:04:13,337 INFO [org.junit.Test] zero00413
2016-08-04 20:04:13,337 INFO [org.junit.Test] zero00414
2016-08-04 20:04:13,337 INFO [org.junit.Test] zero00415
2016-08-04 20:04:13,337 INFO [org.junit.Test] zero00416
2016-08-04 20:04:13,337 INFO [org.junit.Test] zero00417
2016-08-04 20:04:13,337 INFO [org.junit.Test] zero00418
2016-08-04 20:04:13,337 INFO [org.junit.Test] zero00419
2016-08-04 20:04:13,337 INFO [org.junit.Test] zero00420
2016-08-04 20:04:13,337 INFO [org.junit.Test] zero00421
2016-08-04 20:04:13,337 INFO [org.junit.Test] zero00422
2016-08-04 20:04:13,337 INFO [org.junit.Test] zero00423
2016-08-04 20:04:13,337 INFO [org.junit.Test] zero00424
2016-08-04 20:04:13,337 INFO [org.junit.Test] zero00425
2016-08-04 20:04:13,337 INFO [org.junit.Test] zero00426
2016-08-04 20:04:13,337 INFO [org.junit.Test] zero00427
2016-08-04 20:04:13,337 INFO [org.junit.Test] zero00428
2016-08-04 20:04:13,337 INFO [org.junit.Test] zero00429
2016-08-04 20:04:13,337 INFO [org.junit.Test] zero00430
2016-08-04 20:04:13,337 INFO [org.junit.Test] zero00431
2016-08-04 20:04:13,337 INFO [org.junit.Test] zero00432
2016-08-04 20:04:13,337 INFO [org.junit.Test] zero00433
2016-08-04 20:04:13,337 INFO [org.junit.Test] zero00434
2016-08-04 20:04:13,337 INFO [org.junit.Test] zero00435
2016-08-04 20:04:13,337 INFO [org.junit.Test] zero00436
2016-08-04 20:04:13,337 INFO [org.junit.Test] zero00437
2016-08-04 20:04:13,337 INFO [org.junit.Test] zero00438
2016-08-04 20:04:13,337 INFO [org.junit.Test] zero00439
2016-08-04 20:04:13,337 INFO [org.junit.Test] zero00440
2016-08-04 20:04:13,337 INFO [org.junit.Test] zero00441
2016-08-04 20:04:13,337 INFO [org.junit.Test] zero00442
2016-08-04 20:04:13,337 INFO [org.junit.Test] zero00443
2016-08-04 20:04:13,337 INFO [org.junit.Test] zero00444
2016-08-04 20:04:13,337 INFO [org.junit.Test] zero00445
2016-08-04 20:04:13,337 INFO [org.junit.Test] zero00446
2016-08-04 20:04:13,337 INFO [org.junit.Test] zero00447
2016-08-04 20:04:13,337 INFO [org.junit.Test] zero00448
2016-08-04 20:04:13,337 INFO [org.junit.Test] zero00449
2016-08-04 20:04:13,337 INFO [org.junit.Test] zero00450
2016-08-04 20:04:13,337 INFO [org.junit.Test] zero00451
2016-08-04 20:04:13,337 INFO [org.junit.Test] zero00452
2016-08-04 20:04:13,337 INFO [org.junit.Test] zero00453
2016-08-04 20:04:13,337 INFO [org.junit.Test] zero00454
2016-08-04 20:04:13,337 INFO [org.junit.Test] zero00455
2016-08-04 20:04:13,337 INFO [org.junit.Test] zero00456
2016-08-04 20:04:13,337 INFO [org.junit.Test] zero00457
2016-08-04 20:04:13,337 INFO [org.junit.Test] zero00458
2016-08-04 20:04:13,337 INFO [org.junit.Test] zero00459
2016-08-04 20:04:13,337 INFO [org.junit.Test] zero00460
2016-08-04 20:04:13,337 INFO [org.junit.Test] zero00461
2016-08-04 20:04:13,337 INFO [org.junit.Test] zero00462
2016-08-04 20:04:13,337 INFO [org.junit.Test] zero00463
2016-08-04 20:04:13,337 INFO [org.junit.Test] zero00464
2016-08-04 20:04:13,337 INFO [org.junit.Test] zero00465
2016-08-04 20:04:13,337 INFO [org.junit.Test] zero00466
2016-08-04 20:04:13,337 INFO [org.junit.Test] zero00467
2016-08-04 20:04:13,337 INFO [org.junit.Test] zero00468
2016-08-04 20:04:13,337 INFO [org.junit.Test] zero00469
2016-08-04 20:04:13,337 INFO [org.junit.Test] zero00470
2016-08-04 20:04:13,337 INFO [org.junit.Test] zero00471
2016-08-04 20:04:13,337 INFO [org.junit.Test] zero00472
2016-08-04 20:04:13,337 INFO [org.junit.Test] zero00473
2016-08-04 20:04:13,337 INFO [org.junit.Test] zero00474
2016-08-04 20:04:13,337 INFO [org.junit.Test] zero00475
2016-08-04 20:04:13,337 INFO [org.junit.Test] zero00476
2016-08-04 20:04:13,337 INFO [org.junit.Test] zero00477
2016-08-04 20:04:13,337 INFO [org.junit.Test] zero00478
2016-08-04 20:04:13,337 INFO [org.junit.Test] zero00479
2016-08-04 20:04:13,337 INFO [org.junit.Test] zero00480
2016-08-04 20:04:13,337 INFO [org.junit.Test] zero00481
2016-08-04 20:04:13,337 INFO [org.junit.Test] zero00482
2016-08-04 20:04:13,337 INFO [org.junit.Test] zero00483
2016-08-04 20:04:13,337 INFO [org.junit.Test] zero00484
2016-08-04 20:04:13,337 INFO [org.junit.Test] zero00485
2016-08-04 20:04:13,337 INFO [org.junit.Test] zero00486
2016-08-04 20:04:13,337 INFO [org.junit.Test] zero00487
2016-08-04 20:04:13,337 INFO [org.junit.Test] zero00488
2016-08-04 20:04:13,337 INFO [org.junit.Test] zero00489
2016-08-04 20:04:13,337 INFO [org.junit.Test] zero00490
2016-08-04 20:04:13,337 INFO [org.junit.Test] zero00491
2016-08-04 20:04:13,337 INFO [org.junit.Test] zero00492
2016-08-04 20:04:13,337 INFO [org.junit.Test] zero00493
2016-08-04 20:04:13,337 INFO [org.junit.Test] zero00494
2016-08-04 20:04:13,337 INFO [org.junit.Test] zero00495
2016-08-04 20:04:13,337 INFO [org.junit.Test] zero00496
2016-08-04 20:04:13,337 INFO [org.junit.Test] zero00497
2016-08-04 20:04:13,337 INFO [org.junit.Test] zero00498
2016-08-04 20:04:13,337 INFO [org.junit.Test] zero00499
2016-08-04 20:04:13,337 INFO [org.junit.Test] zero00500
2016-08-04 20:04:13,337 INFO [org.junit.Test] zero00501
2016-08-04 20:04:13,337 INFO [org.junit.Test] zero00502
2016-08-04 20:04:13,337 INFO [org.junit.Test] zero00503
2016-08-04 20:04:13,337 INFO [org.junit.Test] zero00504
2016-08-04 20:04:13,337 INFO [org.junit.Test] zero00505
2016-08-04 20:04:13,337 INFO [org.junit.Test] zero00506
2016-08-04 20:04:13,337 INFO [org.junit.Test] zero00507
2016-08-04 20:04:13,337 INFO [org.junit.Test] zero00508
2016-08-04 20:04:13,337 INFO [org.junit.Test] zero00509
2016-08-04 20:04:13,337 INFO [org.junit.Test] zero00510
2016-08-04 20:04:13,337 INFO [org.junit.Test] zero00511
2016-08-04 20:04:13,337 INFO [org.junit.Test] zero00512
2016-08-04 20:04:13,337 INFO [org.junit.Test] zero00513
2016-08-04 20:04:13,337 INFO [org.junit.Test] zero00514
2016-08-04 20:04:13,337 INFO [org.junit.Test] zero00515
2016-08-04 20:04:13,337 INFO [org.junit.Test] zero00516
2016-08-04 20:04:13,337 INFO [org.junit.Test] zero00517
2016-08-04 20:04:13,337 INFO [org.junit.Test] zero00518
2016-08-04 20:04:13,337 INFO [org.junit.Test] zero00519
2016-08-04 20:04:13,337 INFO [org.junit.Test] zero00520
2016-08-04 20:04:13,337 INFO [org.junit.Test] zero00521
2016-08-04 20:04:13,337 INFO [org.junit.Test] zero00522
2016-08-04 20:04:13,337 INFO [org.junit.Test] zero00523
2016-08-04 20:04:13,337 INFO [org.junit.Test] zero00524
2016-08-04 20:04:13,337 INFO [org.junit.Test] zero00525
2016-08-04 20:04:13,337 INFO [org.junit.Test] zero00526
2016-08-04 20:04:13,337 INFO [org.junit.Test] zero00527
2016-08-04 20:04:13,337 INFO [org.junit.Test] zero00528
2016-08-04 20:04:13,337 INFO [org.junit.Test] zero00529
2016-08-04 20:04:13,337 INFO [org.junit.Test] zero00530
2016-08-04 20:04:13,337 INFO [org.junit.Test] zero00531
2016-08-04 20:04:13,337 INFO [org.junit.Test] zero00532
2016-08-04 20:04:13,337 INFO [org.junit.Test] zero00533
2016-08-04 20:04:13,337 INFO [org.junit.Test] zero00534
2016-08-04 20:04:13,337 INFO [org.junit.Test] zero00535
2016-08-04 20:04:13,337 INFO [org.junit.Test] zero00536
2016-08-04 20:04:13,337 INFO [org.junit.Test] zero00537
2016-08-04 20:04:13,337 INFO [org.junit.Test] zero00538
2016-08-04 20:04:13,337 INFO [org.junit.Test] zero00539
2016-08-04 20:04:13,337 INFO [org.junit.Test] zero00540
2016-08-04 20:04:13,337 INFO [org.junit.Test] zero00541
2016-08-04 20:04:13,337 INFO [org.junit.Test] zero00542
2016-08-04 20:04:13,337 INFO [org.junit.Test] zero00543
2016-08-04 20:04:13,337 INFO [org.junit.Test] zero00544
2016-08-04 20:04:13,337 INFO [org.junit.Test] zero00545
2016-08-04 20:04:13,337 INFO [org.junit.Test] zero00546
2016-08-04 20:04:13,337 INFO [org.junit.Test] zero00547
2016-08-04 20:04:13,337 INFO [org.junit.Test] zero00548
2016-08-04 20:04:13,337 INFO [org.junit.Test] zero00549
2016-08-04 20:04:13,337 INFO [org.junit.Test] zero00550
2016-08-04 20:04:13,337 INFO [org.junit.Test] zero00551
2016-08-04 20:04:13,337 INFO [org.junit.Test] zero00552
2016-08-04 20:04:13,337 INFO [org.junit.Test] zero00553
2016-08-04 20:04:13,337 INFO [org.junit.Test] zero00554
2016-08-04 20:04:13,337 INFO [org.junit.Test] zero00555
2016-08-04 20:04:13,337 INFO [org.junit.Test] zero00556
2016-08-04 20:04:13,337 INFO [org.junit.Test] zero00557
2016-08-04 20:04:13,337 INFO [org.junit.Test] zero00558
2016-08-04 20:04:13,337 INFO [org.junit.Test] zero00559
2016-08-04 20:04:13,337 INFO [org.junit.Test] zero00560
2016-08-04 20:04:13,337 INFO [org.junit.Test] zero00561
2016-08-04 20:04:13,337 INFO [org.junit.Test] zero00562
2016-08-04 20:04:13,337 INFO [org.junit.Test] zero00563
2016-08-04 20:04:13,337 INFO [org.junit.Test] zero00564
2016-08-04 20:04:13,337 INFO [org.junit.Test] zero00565
2016-08-04 20:04:13,337 INFO [org.junit.Test] zero00566
2016-08-04 20:04:13,337 INFO [org.junit.Test] zero00567
2016-08-04 20:04:13,337 INFO [org.junit.Test] zero00568
2016-08-04 20:04:13,337 INFO [org.junit.Test] zero00569
2016-08-04 20:04:13,337 INFO [org.junit.Test] zero00570
2016-08-04 20:04:13,337 INFO [org.junit.Test] zero00571
2016-08-04 20:04:13,337 INFO [org.junit.Test] zero00572
2016-08-04 20:04:13,337 INFO [org.junit.Test] zero00573
2016-08-04 20:04:13,337 INFO [org.junit.Test] zero00574
2016-08-04 20:04:13,337 INFO [org.junit.Test] zero00575
2016-08-04 20:04:13,337 INFO [org.junit.Test] zero00576
2016-08-04 20:04:13,337 INFO [org.junit.Test] zero00577
2016-08-04 20:04:13,337 INFO [org.junit.Test] zero00578
2016-08-04 20:04:13,337 INFO [org.junit.Test] zero00579
2016-08-04 20:04:13,337 INFO [org.junit.Test] zero00580
2016-08-04 20:04:13,337 INFO [org.junit.Test] zero00581
2016-08-04 20:04:13,337 INFO [org.junit.Test] zero00582
2016-08-04 20:04:13,337 INFO [org.junit.Test] zero00583
2016-08-04 20:04:13,337 INFO [org.junit.Test] zero00584
2016-08-04 20:04:13,337 INFO [org.junit.Test] zero00585
2016-08-04 20:04:13,337 INFO [org.junit.Test] zero00586
2016-08-04 20:04:13,337 INFO [org.junit.Test] zero00587
2016-08-04 20:04:13,337 INFO [org.junit.Test] zero00588
2016-08-04 20:04:13,337 INFO [org.junit.Test] zero00589
2016-08-04 20:04:13,337 INFO [org.junit.Test] zero00590
2016-08-04 20:04:13,337 INFO [org.junit.Test] zero00591
2016-08-04 20:04:13,337 INFO [org.junit.Test] zero00592
2016-08-04 20:04:13,337 INFO [org.junit.Test] zero00593
2016-08-04 20:04:13,337 INFO [org.junit.Test] zero00594
2016-08-04 20:04:13,337 INFO [org.junit.Test] zero00595
2016-08-04 20:04:13,337 INFO [org.junit.Test] zero00596
2016-08-04 20:04:13,337 INFO [org.junit.Test] zero00597
2016-08-04 20:04:13,337 INFO [org.junit.Test] zero00598
2016-08-04 20:04:13,337 INFO [org.junit.Test] zero00599
2016-08-04 20:04:13,337 INFO [org.junit.Test] zero00600
2016-08-04 20:04:13,337 INFO [org.junit.Test] zero00601
2016-08-04 20:04:13,337 INFO [org.junit.Test] zero00602
2016-08-04 20:04:13,337 INFO [org.junit.Test] zero00603
2016-08-04 20:04:13,337 INFO [org.junit.Test] zero00604
2016-08-04 20:04:13,337 INFO [org.junit.Test] zero00605
2016-08-04 20:04:13,337 INFO [org.junit.Test] zero00606
2016-08-04 20:04:13,337 INFO [org.junit.Test] zero00607
2016-08-04 20:04:13,337 INFO [org.junit.Test] zero00608
2016-08-04 20:04:13,337 INFO [org.junit.Test] zero00609
2016-08-04 20:04:13,337 INFO [org.junit.Test] zero00610
2016-08-04 20:04:13,337 INFO [org.junit.Test] zero00611
2016-08-04 20:04:13,337 INFO [org.junit.Test] zero00612
2016-08-04 20:04:13,337 INFO [org.junit.Test] zero00613
2016-08-04 20:04:13,337 INFO [org.junit.Test] zero00614
2016-08-04 20:04:13,337 INFO [org.junit.Test] zero00615
2016-08-04 20:04:13,337 INFO [org.junit.Test] zero00616
2016-08-04 20:04:13,337 INFO [org.junit.Test] zero00617
2016-08-04 20:04:13,337 INFO [org.junit.Test] zero00618
2016-08-04 20:04:13,337 INFO [org.junit.Test] zero00619
2016-08-04 20:04:13,337 INFO [org.junit.Test] zero00620
2016-08-04 20:04:13,337 INFO [org.junit.Test] zero00621
2016-08-04 20:04:13,337 INFO [org.junit.Test] zero00622
2016-08-04 20:04:13,337 INFO [org.junit.Test] zero00623
2016-08-04 20:04:13,337 INFO [org.junit.Test] zero00624
2016-08-04 20:04:13,337 INFO [org.junit.Test] zero00625
2016-08-04 20:04:13,337 INFO [org.junit.Test] zero00626
2016-08-04 20:04:13,337 INFO [org.junit.Test] zero00627
2016-08-04 20:04:13,337 INFO [org.junit.Test] zero00628
2016-08-04 20:04:13,337 INFO [org.junit.Test] zero00629
2016-08-04 20:04:13,337 INFO [org.junit.Test] zero00630
2016-08-04 20:04:13,337 INFO [org.junit.Test] zero00631
2016-08-04 20:04:13,337 INFO [org.junit.Test] zero00632
2016-08-04 20:04:13,337 INFO [org.junit.Test] zero00633
2016-08-04 20:04:13,337 INFO [org.junit.Test] zero00634
2016-08-04 20:04:13,337 INFO [org.junit.Test] zero00635
2016-08-04 20:04:13,337 INFO [org.junit.Test] zero00636
2016-08-04 20:04:13,337 INFO [org.junit.Test] zero00637
2016-08-04 20:04:13,337 INFO [org.junit.Test] zero00638
2016-08-04 20:04:13,337 INFO [org.junit.Test] zero00639
2016-08-04 20:04:13,337 INFO [org.junit.Test] zero00640
2016-08-04 20:04:13,337 INFO [org.junit.Test] zero00641
2016-08-04 20:04:13,337 INFO [org.junit.Test] zero00642
2016-08-04 20:04:13,337 INFO [org.junit.Test] zero00643
2016-08-04 20:04:13,337 INFO [org.junit.Test] zero00644
2016-08-04 20:04:13,337 INFO [org.junit.Test] zero00645
2016-08-04 20:04:13,337 INFO [org.junit.Test] zero00646
2016-08-04 20:04:13,337 INFO [org.junit.Test] zero00647
2016-08-04 20:04:13,337 INFO [org.junit.Test] zero00648
2016-08-04 20:04:13,337 INFO [org.junit.Test] zero00649
2016-08-04 20:04:13,337 INFO [org.junit.Test] zero00650
2016-08-04 20:04:13,337 INFO [org.junit.Test] zero00651
2016-08-04 20:04:13,337 INFO [org.junit.Test] zero00652
2016-08-04 20:04:13,337 INFO [org.junit.Test] zero00653
2016-08-04 20:04:13,337 INFO [org.junit.Test] zero00654
2016-08-04 20:04:13,337 INFO [org.junit.Test] zero00655
2016-08-04 20:04:13,337 INFO [org.junit.Test] zero00656
2016-08-04 20:04:13,337 INFO [org.junit.Test] zero00657
2016-08-04 20:04:13,337 INFO [org.junit.Test] zero00658
2016-08-04 20:04:13,337 INFO [org.junit.Test] zero00659
2016-08-04 20:04:13,337 INFO [org.junit.Test] zero00660
2016-08-04 20:04:13,337 INFO [org.junit.Test] zero00661
2016-08-04 20:04:13,337 INFO [org.junit.Test] zero00662
2016-08-04 20:04:13,337 INFO [org.junit.Test] zero00663
2016-08-04 20:04:13,337 INFO [org.junit.Test] zero00664
2016-08-04 20:04:13,337 INFO [org.junit.Test] zero00665
2016-08-04 20:04:13,337 INFO [org.junit.Test] zero00666
2016-08-04 20:04:13,337 INFO [org.junit.Test] zero00667
2016-08-04 20:04:13,337 INFO [org.junit.Test] zero00668
2016-08-04 20:04:13,337 INFO [org.junit.Test] zero00669
2016-08-04 20:04:13,337 INFO [org.junit.Test] zero00670
2016-08-04 20:04:13,337 INFO [org.junit.Test] zero00671
2016-08-04 20:04:13,337 INFO [org.junit.Test] zero00672
2016-08-04 20:04:13,337 INFO [org.junit.Test] zero00673
2016-08-04 20:04:13,337 INFO [org.junit.Test] zero00674
2016-08-04 20:04:13,337 INFO [org.junit.Test] zero00675
2016-08-04 20:04:13,337 INFO [org.junit.Test] zero00676
2016-08-04 20:04:13,337 INFO [org.junit.Test] zero00677
2016-08-04 20:04:13,337 INFO [org.junit.Test] zero00678
2016-08-04 20:04:13,337 INFO [org.junit.Test] zero00679
2016-08-04 20:04:13,337 INFO [org.junit.Test] zero00680
2016-08-04 20:04:13,337 INFO [org.junit.Test] zero00681
2016-08-04 20:04:13,337 INFO [org.junit.Test] zero00682
2016-08-04 20:04:13,337 INFO [org.junit.Test] zero00683
2016-08-04 20:04:13,337 INFO [org.junit.Test] zero00684
2016-08-04 20:04:13,337 INFO [org.junit.Test] zero00685
2016-08-04 20:04:13,337 INFO [org.junit.Test] zero00686
2016-08-04 20:04:13,337 INFO [org.junit.Test] zero00687
2016-08-04 20:04:13,337 INFO [org.junit.Test] zero00688
2016-08-04 20:04:13,337 INFO [org.junit.Test] zero00689
2016-08-04 20:04:13,337 INFO [org.junit.Test] zero00690
2016-08-04 20:04:13,337 INFO [org.junit.Test] zero00691
2016-08-04 20:04:13,337 INFO [org.junit.Test] zero00692
2016-08-04 20:04:13,337 INFO [org.junit.Test] zero00693
2016-08-04 20:04:13,337 INFO [org.junit.Test] zero00694
2016-08-04 20:04:13,337 INFO [org.junit.Test] zero00695
2016-08-04 20:04:13,337 INFO [org.junit.Test] zero00696
2016-08-04 20:04:13,337 INFO [org.junit.Test] zero00697
2016-08-04 20:04:13,337 INFO [org.junit.Test] zero00698
2016-08-04 20:04:13,337 INFO [org.junit.Test] zero00699
2016-08-04 20:04:13,337 INFO [org.junit.Test] zero00700
2016-08-04 20:04:13,337 INFO [org.junit.Test] zero00701
2016-08-04 20:04:13,337 INFO [org.junit.Test] zero00702
2016-08-04 20:04:13,337 INFO [org.junit.Test] zero00703
2016-08-04 20:04:13,337 INFO [org.junit.Test] zero00704
2016-08-04 20:04:13,337 INFO [org.junit.Test] zero00705
2016-08-04 20:04:13,337 INFO [org.junit.Test] zero00706
2016-08-04 20:04:13,337 INFO [org.junit.Test] zero00707
2016-08-04 20:04:13,337 INFO [org.junit.Test] zero00708
2016-08-04 20:04:13,337 INFO [org.junit.Test] zero00709
2016-08-04 20:04:13,337 INFO [org.junit.Test] zero00710
2016-08-04 20:04:13,337 INFO [org.junit.Test] zero00711
2016-08-04 20:04:13,337 INFO [org.junit.Test] zero00712
2016-08-04 20:04:13,337 INFO [org.junit.Test] zero00713
2016-08-04 20:04:13,337 INFO [org.junit.Test] zero00714
2016-08-04 20:04:13,337 INFO [org.junit.Test] zero00715
2016-08-04 20:04:13,337 INFO [org.junit.Test] zero00716
2016-08-04 20:04:13,337 INFO [org.junit.Test] zero00717
2016-08-04 20:04:13,337 INFO [org.junit.Test] zero00718
2016-08-04 20:04:13,337 INFO [org.junit.Test] zero00719
2016-08-04 20:04:13,337 INFO [org.junit.Test] zero00720
2016-08-04 20:04:13,337 INFO [org.junit.Test] zero00721
2016-08-04 20:04:13,337 INFO [org.junit.Test] zero00722
2016-08-04 20:04:13,337 INFO [org.junit.Test] zero00723
2016-08-04 20:04:13,337 INFO [org.junit.Test] zero00724
2016-08-04 20:04:13,337 INFO [org.junit.Test] zero00725
2016-08-04 20:04:13,337 INFO [org.junit.Test] zero00726
2016-08-04 20:04:13,337 INFO [org.junit.Test] zero00727
2016-08-04 20:04:13,337 INFO [org.junit.Test] zero00728
2016-08-04 20:04:13,337 INFO [org.junit.Test] zero00729
2016-08-04 20:04:13,337 INFO [org.junit.Test] zero00730
2016-08-04 20:04:13,337 INFO [org.junit.Test] zero00731
2016-08-04 20:04:13,337 INFO [org.junit.Test] zero00732
2016-08-04 20:04:13,337 INFO [org.junit.Test] zero00733
2016-08-04 20:04:13,337 INFO [org.junit.Test] zero00734
2016-08-04 20:04:13,337 INFO [org.junit.Test] zero00735
2016-08-04 20:04:13,337 INFO [org.junit.Test] zero00736
2016-08-04 20:04:13,337 INFO [org.junit.Test] zero00737
2016-08-04 20:04:13,337 INFO [org.junit.Test] zero00738
2016-08-04 20:04:13,337 INFO [org.junit.Test] zero00739
2016-08-04 20:04:13,337 INFO [org.junit.Test] zero00740
2016-08-04 20:04:13,337 INFO [org.junit.Test] zero00741
2016-08-04 20:04:13,337 INFO [org.junit.Test] zero00742
2016-08-04 20:04:13,337 INFO [org.junit.Test] zero00743
2016-08-04 20:04:13,337 INFO [org.junit.Test] zero00744
2016-08-04 20:04:13,337 INFO [org.junit.Test] zero00745
2016-08-04 20:04:13,337 INFO [org.junit.Test] zero00746
2016-08-04 20:04:13,337 INFO [org.junit.Test] zero00747
2016-08-04 20:04:13,337 INFO [org.junit.Test] zero00748
2016-08-04 20:04:13,337 INFO [org.junit.Test] zero00749
2016-08-04 20:04:13,337 INFO [org.junit.Test] zero00750
2016-08-04 20:04:13,337 INFO [org.junit.Test] zero00751
2016-08-04 20:04:13,337 INFO [org.junit.Test] zero00752
2016-08-04 20:04:13,337 INFO [org.junit.Test] zero00753
2016-08-04 20:04:13,337 INFO [org.junit.Test] zero00754
2016-08-04 20:04:13,337 INFO [org.junit.Test] zero00755
2016-08-04 20:04:13,337 INFO [org.junit.Test] zero00756
2016-08-04 20:04:13,337 INFO [org.junit.Test] zero00757
2016-08-04 20:04:13,337 INFO [org.junit.Test] zero00758
2016-08-04 20:04:13,337 INFO [org.junit.Test] zero00759
2016-08-04 20:04:13,337 INFO [org.junit.Test] zero00760
2016-08-04 20:04:13,337 INFO [org.junit.Test] zero00761
2016-08-04 20:04:13,337 INFO [org.junit.Test] zero00762
2016-08-04 20:04:13,337 INFO [org.junit.Test] zero00763
2016-08-04 20:04:13,337 INFO [org.junit.Test] zero00764
2016-08-04 20:04:13,337 INFO [org.junit.Test] zero00765
2016-08-04 20:04:13,337 INFO [org.junit.Test] zero00766
2016-08-04 20:04:13,337 INFO [org.junit.Test] zero00767
2016-08-04 20:04:13,337 INFO [org.junit.Test] zero00768
2016-08-04 20:04:13,337 INFO [org.junit.Test] zero00769
2016-08-04 20:04:13,337 INFO [org.junit.Test] zero00770
2016-08-04 20:04:13,337 INFO [org.junit.Test] zero00771
2016-08-04 20:04:13,337 INFO [org.junit.Test] zero00772
2016-08-04 20:04:13,337 INFO [org.junit.Test] zero00773
2016-08-04 20:04:13,337 INFO [org.junit.Test] zero00774
2016-08-04 20:04:13,337 INFO [org.junit.Test] zero00775
2016-08-04 20:04:13,337 INFO [org.junit.Test] zero00776
2016-08-04 20:04:13,337 INFO [org.junit.Test] zero00777
2016-08-04 20:04:13,337 INFO [org.junit.Test] zero00778
2016-08-04 20:04:13,337 INFO [org.junit.Test] zero00779
2016-08-04 20:04:13,337 INFO [org.junit.Test] zero00780
2016-08-04 20:04:13,337 INFO [org.junit.Test] zero00781
2016-08-04 20:04:13,337 INFO [org.junit.Test] zero00782
2016-08-04 20:04:13,337 INFO [org.junit.Test] zero00783
2016-08-04 20:04:13,337 INFO [org.junit.Test] zero00784
2016-08-04 20:04:13,337 INFO [org.junit.Test] zero00785
2016-08-04 20:04:13,337 INFO [org.junit.Test] zero00786
2016-08-04 20:04:13,337 INFO [org.junit.Test] zero00787
2016-08-04 20:04:13,337 INFO [org.junit.Test] zero00788
2016-08-04 20:04:13,337 INFO [org.junit.Test] zero00789
2016-08-04 20:04:13,337 INFO [org.junit.Test] zero00790
2016-08-04 20:04:13,337 INFO [org.junit.Test] zero00791
2016-08-04 20:04:13,337 INFO [org.junit.Test] zero00792
2016-08-04 20:04:13,337 INFO [org.junit.Test] zero00793
2016-08-04 20:04:13,337 INFO [org.junit.Test] zero00794
2016-08-04 20:04:13,337 INFO [org.junit.Test] zero00795
2016-08-04 20:04:13,337 INFO [org.junit.Test] zero00796
2016-08-04 20:04:13,337 INFO [org.junit.Test] zero00797
2016-08-04 20:04:13,337 INFO [org.junit.Test] zero00798
2016-08-04 20:04:13,337 INFO [org.junit.Test] zero00799
2016-08-04 20:04:13,337 INFO [org.junit.Test] zero00800
2016-08-04 20:04:13,337 INFO [org.junit.Test] zero00801
2016-08-04 20:04:13,337 INFO [org.junit.Test] zero00802
2016-08-04 20:04:13,337 INFO [org.junit.Test] zero00803
2016-08-04 20:04:13,337 INFO [org.junit.Test] zero00804
2016-08-04 20:04:13,337 INFO [org.junit.Test] zero00805
2016-08-04 20:04:13,337 INFO [org.junit.Test] zero00806
2016-08-04 20:04:13,337 INFO [org.junit.Test] zero00807
2016-08-04 20:04:13,337 INFO [org.junit.Test] zero00808
2016-08-04 20:04:13,337 INFO [org.junit.Test] zero00809
2016-08-04 20:04:13,337 INFO [org.junit.Test] zero00810
2016-08-04 20:04:13,337 INFO [org.junit.Test] zero00811
2016-08-04 20:04:13,337 INFO [org.junit.Test] zero00812
2016-08-04 20:04:13,337 INFO [org.junit.Test] zero00813
2016-08-04 20:04:13,337 INFO [org.junit.Test] zero00814
2016-08-04 20:04:13,337 INFO [org.junit.Test] zero00815
2016-08-04 20:04:13,337 INFO [org.junit.Test] zero00816
2016-08-04 20:04:13,337 INFO [org.junit.Test] zero00817
2016-08-04 20:04:13,337 INFO [org.junit.Test] zero00818
2016-08-04 20:04:13,337 INFO [org.junit.Test] zero00819
2016-08-04 20:04:13,337 INFO [org.junit.Test] zero00820
2016-08-04 20:04:13,337 INFO [org.junit.Test] zero00821
2016-08-04 20:04:13,337 INFO [org.junit.Test] zero00822
2016-08-04 20:04:13,337 INFO [org.junit.Test] zero00823
2016-08-04 20:04:13,337 INFO [org.junit.Test] zero00824
2016-08-04 20:04:13,337 INFO [org.junit.Test] zero00825
2016-08-04 20:04:13,337 INFO [org.junit.Test] zero00826
2016-08-04 20:04:13,337 INFO [org.junit.Test] zero00827
2016-08-04 20:04:13,337 INFO [org.junit.Test] zero00828
2016-08-04 20:04:13,337 INFO [org.junit.Test] zero00829
2016-08-04 20:04:13,337 INFO [org.junit.Test] zero00830
2016-08-04 20:04:13,337 INFO [org.junit.Test] zero00831
2016-08-04 20:04:13,337 INFO [org.junit.Test] zero00832
2016-08-04 20:04:13,337 INFO [org.junit.Test] zero00833
2016-08-04 20:04:13,337 INFO [org.junit.Test] zero00834
2016-08-04 20:04:13,337 INFO [org.junit.Test] zero00835
2016-08-04 20:04:13,337 INFO [org.junit.Test] zero00836
2016-08-04 20:04:13,337 INFO [org.junit.Test] zero00837
2016-08-04 20:04:13,337 INFO [org.junit.Test] zero00838
2016-08-04 20:04:13,337 INFO [org.junit.Test] zero00839
2016-08-04 20:04:13,337 INFO [org.junit.Test] zero00840
2016-08-04 20:04:13,337 INFO [org.junit.Test] zero00841
2016-08-04 20:04:13,337 INFO [org.junit.Test] zero00842
2016-08-04 20:04:13,337 INFO [org.junit.Test] zero00843
2016-08-04 20:04:13,337 INFO [org.junit.Test] zero00844
2016-08-04 20:04:13,337 INFO [org.junit.Test] zero00845
2016-08-04 20:04:13,337 INFO [org.junit.Test] zero00846
2016-08-04 20:04:13,337 INFO [org.junit.Test] zero00847
2016-08-04 20:04:13,337 INFO [org.junit.Test] zero00848
2016-08-04 20:04:13,337 INFO [org.junit.Test] zero00849
2016-08-04 20:04:13,337 INFO [org.junit.Test] zero00850
2016-08-04 20:04:13,337 INFO [org.junit.Test] zero00851
2016-08-04 20:04:13,337 INFO [org.junit.Test] zero00852
2016-08-04 20:04:13,337 INFO [org.junit.Test] zero00853
2016-08-04 20:04:13,337 INFO [org.junit.Test] zero00854
2016-08-04 20:04:13,337 INFO [org.junit.Test] zero00855
2016-08-04 20:04:13,337 INFO [org.junit.Test] zero00856
2016-08-04 20:04:13,337 INFO [org.junit.Test] zero00857
2016-08-04 20:04:13,337 INFO [org.junit.Test] zero00858
2016-08-04 20:04:13,337 INFO [org.junit.Test] zero00859
2016-08-04 20:04:13,337 INFO [org.junit.Test] zero00860
2016-08-04 20:04:13,337 INFO [org.junit.Test] zero00861
2016-08-04 20:04:13,337 INFO [org.junit.Test] zero00862
2016-08-04 20:04:13,337 INFO [org.junit.Test] zero00863
2016-08-04 20:04:13,337 INFO [org.junit.Test] zero00864
2016-08-04 20:04:13,337 INFO [org.junit.Test] zero00865
2016-08-04 20:04:13,337 INFO [org.junit.Test] zero00866
2016-08-04 20:04:13,337 INFO [org.junit.Test] zero00867
2016-08-04 20:04:13,337 INFO [org.junit.Test] zero00868
2016-08-04 20:04:13,337 INFO [org.junit.Test] zero00869
2016-08-04 20:04:13,337 INFO [org.junit.Test] zero00870
2016-08-04 20:04:13,337 INFO [org.junit.Test] zero00871
2016-08-04 20:04:13,337 INFO [org.junit.Test] zero00872
2016-08-04 20:04:13,337 INFO [org.junit.Test] zero00873
2016-08-04 20:04:13,337 INFO [org.junit.Test] zero00874
2016-08-04 20:04:13,337 INFO [org.junit.Test] zero00875
2016-08-04 20:04:13,337 INFO [org.junit.Test] zero00876
2016-08-04 20:04:13,337 INFO [org.junit.Test] zero00877
2016-08-04 20:04:13,337 INFO [org.junit.Test] zero00878
2016-08-04 20:04:13,337 INFO [org.junit.Test] zero00879
2016-08-04 20:04:13,338 INFO [org.junit.Test] zero00880
2016-08-04 20:04:13,338 INFO [org.junit.Test] zero00881
2016-08-04 20:04:13,338 INFO [org.junit.Test] zero00882
2016-08-04 20:04:13,338 INFO [org.junit.Test] zero00883
2016-08-04 20:04:13,338 INFO [org.junit.Test] zero00884
2016-08-04 20:04:13,338 INFO [org.junit.Test] zero00885
2016-08-04 20:04:13,338 INFO [org.junit.Test] zero00886
2016-08-04 20:04:13,338 INFO [org.junit.Test] zero00887
2016-08-04 20:04:13,338 INFO [org.junit.Test] zero00888
2016-08-04 20:04:13,338 INFO [org.junit.Test] zero00889
2016-08-04 20:04:13,338 INFO [org.junit.Test] zero00890
2016-08-04 20:04:13,338 INFO [org.junit.Test] zero00891
2016-08-04 20:04:13,338 INFO [org.junit.Test] zero00892
2016-08-04 20:04:13,338 INFO [org.junit.Test] zero00893
2016-08-04 20:04:13,338 INFO [org.junit.Test] zero00894
2016-08-04 20:04:13,338 INFO [org.junit.Test] zero00895
2016-08-04 20:04:13,338 INFO [org.junit.Test] zero00896
2016-08-04 20:04:13,338 INFO [org.junit.Test] zero00897
2016-08-04 20:04:13,338 INFO [org.junit.Test] zero00898
2016-08-04 20:04:13,338 INFO [org.junit.Test] zero00899
2016-08-04 20:04:13,338 INFO [org.junit.Test] zero00900
2016-08-04 20:04:13,338 INFO [org.junit.Test] zero00901
2016-08-04 20:04:13,338 INFO [org.junit.Test] zero00902
2016-08-04 20:04:13,338 INFO [org.junit.Test] zero00903
2016-08-04 20:04:13,338 INFO [org.junit.Test] zero00904
2016-08-04 20:04:13,338 INFO [org.junit.Test] zero00905
2016-08-04 20:04:13,338 INFO [org.junit.Test] zero00906
2016-08-04 20:04:13,338 INFO [org.junit.Test] zero00907
2016-08-04 20:04:13,338 INFO [org.junit.Test] zero00908
2016-08-04 20:04:13,338 INFO [org.junit.Test] zero00909
2016-08-04 20:04:13,338 INFO [org.junit.Test] zero00910
2016-08-04 20:04:13,338 INFO [org.junit.Test] zero00911
2016-08-04 20:04:13,338 INFO [org.junit.Test] zero00912
2016-08-04 20:04:13,338 INFO [org.junit.Test] zero00913
2016-08-04 20:04:13,338 INFO [org.junit.Test] zero00914
2016-08-04 20:04:13,338 INFO [org.junit.Test] zero00915
2016-08-04 20:04:13,338 INFO [org.junit.Test] zero00916
2016-08-04 20:04:13,338 INFO [org.junit.Test] zero00917
2016-08-04 20:04:13,338 INFO [org.junit.Test] zero00918
2016-08-04 20:04:13,338 INFO [org.junit.Test] zero00919
2016-08-04 20:04:13,338 INFO [org.junit.Test] zero00920
2016-08-04 20:04:13,338 INFO [org.junit.Test] zero00921
2016-08-04 20:04:13,338 INFO [org.junit.Test] zero00922
2016-08-04 20:04:13,338 INFO [org.junit.Test] zero00923
2016-08-04 20:04:13,338 INFO [org.junit.Test] zero00924
2016-08-04 20:04:13,338 INFO [org.junit.Test] zero00925
2016-08-04 20:04:13,338 INFO [org.junit.Test] zero00926
2016-08-04 20:04:13,338 INFO [org.junit.Test] zero00927
2016-08-04 20:04:13,338 INFO [org.junit.Test] zero00928
2016-08-04 20:04:13,338 INFO [org.junit.Test] zero00929
2016-08-04 20:04:13,338 INFO [org.junit.Test] zero00930
2016-08-04 20:04:13,338 INFO [org.junit.Test] zero00931
2016-08-04 20:04:13,338 INFO [org.junit.Test] zero00932
2016-08-04 20:04:13,338 INFO [org.junit.Test] zero00933
2016-08-04 20:04:13,338 INFO [org.junit.Test] zero00934
2016-08-04 20:04:13,338 INFO [org.junit.Test] zero00935
2016-08-04 20:04:13,338 INFO [org.junit.Test] zero00936
2016-08-04 20:04:13,338 INFO [org.junit.Test] zero00937
2016-08-04 20:04:13,338 INFO [org.junit.Test] zero00938
2016-08-04 20:04:13,338 INFO [org.junit.Test] zero00939
2016-08-04 20:04:13,338 INFO [org.junit.Test] zero00940
2016-08-04 20:04:13,338 INFO [org.junit.Test] zero00941
2016-08-04 20:04:13,338 INFO [org.junit.Test] zero00942
2016-08-04 20:04:13,338 INFO [org.junit.Test] zero00943
2016-08-04 20:04:13,338 INFO [org.junit.Test] zero00944
2016-08-04 20:04:13,338 INFO [org.junit.Test] zero00945
2016-08-04 20:04:13,338 INFO [org.junit.Test] zero00946
2016-08-04 20:04:13,338 INFO [org.junit.Test] zero00947
2016-08-04 20:04:13,338 INFO [org.junit.Test] zero00948
2016-08-04 20:04:13,338 INFO [org.junit.Test] zero00949
2016-08-04 20:04:13,338 INFO [org.junit.Test] zero00950
2016-08-04 20:04:13,338 INFO [org.junit.Test] zero00951
2016-08-04 20:04:13,338 INFO [org.junit.Test] zero00952
2016-08-04 20:04:13,338 INFO [org.junit.Test] zero00953
2016-08-04 20:04:13,338 INFO [org.junit.Test] zero00954
2016-08-04 20:04:13,338 INFO [org.junit.Test] zero00955
2016-08-04 20:04:13,338 INFO [org.junit.Test] zero00956
2016-08-04 20:04:13,338 INFO [org.junit.Test] zero00957
2016-08-04 20:04:13,338 INFO [org.junit.Test] zero00958
2016-08-04 20:04:13,338 INFO [org.junit.Test] zero00959
2016-08-04 20:04:13,338 INFO [org.junit.Test] zero00960
2016-08-04 20:04:13,338 INFO [org.junit.Test] zero00961
2016-08-04 20:04:13,338 INFO [org.junit.Test] zero00962
2016-08-04 20:04:13,338 INFO [org.junit.Test] zero00963
2016-08-04 20:04:13,338 INFO [org.junit.Test] zero00964
2016-08-04 20:04:13,338 INFO [org.junit.Test] zero00965
2016-08-04 20:04:13,338 INFO [org.junit.Test] zero00966
2016-08-04 20:04:13,338 INFO [org.junit.Test] zero00967
2016-08-04 20:04:13,338 INFO [org.junit.Test] zero00968
2016-08-04 20:04:13,338 INFO [org.junit.Test] zero00969
2016-08-04 20:04:13,338 INFO [org.junit.Test] zero00970
2016-08-04 20:04:13,338 INFO [org.junit.Test] zero00971
2016-08-04 20:04:13,338 INFO [org.junit.Test] zero00972
2016-08-04 20:04:13,338 INFO [org.junit.Test] zero00973
2016-08-04 20:04:13,338 INFO [org.junit.Test] zero00974
2016-08-04 20:04:13,338 INFO [org.junit.Test] zero00975
2016-08-04 20:04:13,338 INFO [org.junit.Test] zero00976
2016-08-04 20:04:13,338 INFO [org.junit.Test] zero00977
2016-08-04 20:04:13,338 INFO [org.junit.Test] zero00978
2016-08-04 20:04:13,338 INFO [org.junit.Test] zero00979
2016-08-04 20:04:13,338 INFO [org.junit.Test] zero00980
2016-08-04 20:04:13,338 INFO [org.junit.Test] zero00981
2016-08-04 20:04:13,338 INFO [org.junit.Test] zero00982
2016-08-04 20:04:13,338 INFO [org.junit.Test] zero00983
2016-08-04 20:04:13,338 INFO [org.junit.Test] zero00984
2016-08-04 20:04:13,338 INFO [org.junit.Test] zero00985
2016-08-04 20:04:13,338 INFO [org.junit.Test] zero00986
2016-08-04 20:04:13,338 INFO [org.junit.Test] zero00987
2016-08-04 20:04:13,338 INFO [org.junit.Test] zero00988
2016-08-04 20:04:13,338 INFO [org.junit.Test] zero00989
2016-08-04 20:04:13,338 INFO [org.junit.Test] zero00990
2016-08-04 20:04:13,338 INFO [org.junit.Test] zero00991
2016-08-04 20:04:13,338 INFO [org.junit.Test] zero00992
2016-08-04 20:04:13,338 INFO [org.junit.Test] zero00993
2016-08-04 20:04:13,338 INFO [org.junit.Test] zero00994
2016-08-04 20:04:13,338 INFO [org.junit.Test] zero00995
2016-08-04 20:04:13,338 INFO [org.junit.Test] zero00996
2016-08-04 20:04:13,338 INFO [org.junit.Test] zero00997
2016-08-04 20:04:13,338 INFO [org.junit.Test] zero00998
2016-08-04 20:04:13,338 INFO [org.junit.Test] zero00999
2016-08-04 20:04:16,338 INFO [org.junit.Test] zero000
2016-08-04 20:04:16,338 INFO [org.junit.Test] zero001
2016-08-04 20:04:16,338 INFO [org.junit.Test] zero002
2016-08-04 20:04:16,338 INFO [org.junit.Test] zero003
2016-08-04 20:04:16,338 INFO [org.junit.Test] zero004
2016-08-04 20:04:16,338 INFO [org.junit.Test] zero005
2016-08-04 20:04:16,338 INFO [org.junit.Test] zero006
2016-08-04 20:04:16,338 INFO [org.junit.Test] zero007
2016-08-04 20:04:16,338 INFO [org.junit.Test] zero008
2016-08-04 20:04:16,338 INFO [org.junit.Test] zero009
2016-08-04 20:04:16,338 INFO [org.junit.Test] zero0010
2016-08-04 20:04:16,338 INFO [org.junit.Test] zero0011
2016-08-04 20:04:16,338 INFO [org.junit.Test] zero0012
2016-08-04 20:04:16,338 INFO [org.junit.Test] zero0013
2016-08-04 20:04:16,338 INFO [org.junit.Test] zero0014
2016-08-04 20:04:16,338 INFO [org.junit.Test] zero0015
2016-08-04 20:04:16,338 INFO [org.junit.Test] zero0016
2016-08-04 20:04:16,338 INFO [org.junit.Test] zero0017
2016-08-04 20:04:16,338 INFO [org.junit.Test] zero0018
2016-08-04 20:04:16,338 INFO [org.junit.Test] zero0019
2016-08-04 20:04:16,338 INFO [org.junit.Test] zero0020
2016-08-04 20:04:16,338 INFO [org.junit.Test] zero0021
2016-08-04 20:04:16,338 INFO [org.junit.Test] zero0022
2016-08-04 20:04:16,338 INFO [org.junit.Test] zero0023
2016-08-04 20:04:16,338 INFO [org.junit.Test] zero0024
2016-08-04 20:04:16,338 INFO [org.junit.Test] zero0025
2016-08-04 20:04:16,338 INFO [org.junit.Test] zero0026
2016-08-04 20:04:16,338 INFO [org.junit.Test] zero0027
2016-08-04 20:04:16,338 INFO [org.junit.Test] zero0028
2016-08-04 20:04:16,338 INFO [org.junit.Test] zero0029
2016-08-04 20:04:16,338 INFO [org.junit.Test] zero0030
2016-08-04 20:04:16,338 INFO [org.junit.Test] zero0031
2016-08-04 20:04:16,338 INFO [org.junit.Test] zero0032
2016-08-04 20:04:16,338 INFO [org.junit.Test] zero0033
2016-08-04 20:04:16,338 INFO [org.junit.Test] zero0034
2016-08-04 20:04:16,338 INFO [org.junit.Test] zero0035
2016-08-04 20:04:16,338 INFO [org.junit.Test] zero0036
2016-08-04 20:04:16,338 INFO [org.junit.Test] zero0037
2016-08-04 20:04:16,338 INFO [org.junit.Test] zero0038
2016-08-04 20:04:16,338 INFO [org.junit.Test] zero0039
2016-08-04 20:04:16,338 INFO [org.junit.Test] zero0040
2016-08-04 20:04:16,338 INFO [org.junit.Test] zero0041
2016-08-04 20:04:16,338 INFO [org.junit.Test] zero0042
2016-08-04 20:04:16,338 INFO [org.junit.Test] zero0043
2016-08-04 20:04:16,338 INFO [org.junit.Test] zero0044
2016-08-04 20:04:16,338 INFO [org.junit.Test] zero0045
2016-08-04 20:04:16,338 INFO [org.junit.Test] zero0046
2016-08-04 20:04:16,338 INFO [org.junit.Test] zero0047
2016-08-04 20:04:16,338 INFO [org.junit.Test] zero0048
2016-08-04 20:04:16,338 INFO [org.junit.Test] zero0049
2016-08-04 20:04:16,338 INFO [org.junit.Test] zero0050
2016-08-04 20:04:16,338 INFO [org.junit.Test] zero0051
2016-08-04 20:04:16,338 INFO [org.junit.Test] zero0052
2016-08-04 20:04:16,338 INFO [org.junit.Test] zero0053
2016-08-04 20:04:16,338 INFO [org.junit.Test] zero0054
2016-08-04 20:04:16,338 INFO [org.junit.Test] zero0055
2016-08-04 20:04:16,338 INFO [org.junit.Test] zero0056
2016-08-04 20:04:16,338 INFO [org.junit.Test] zero0057
2016-08-04 20:04:16,338 INFO [org.junit.Test] zero0058
2016-08-04 20:04:16,338 INFO [org.junit.Test] zero0059
2016-08-04 20:04:16,338 INFO [org.junit.Test] zero0060
2016-08-04 20:04:16,338 INFO [org.junit.Test] zero0061
2016-08-04 20:04:16,338 INFO [org.junit.Test] zero0062
2016-08-04 20:04:16,338 INFO [org.junit.Test] zero0063
2016-08-04 20:04:16,338 INFO [org.junit.Test] zero0064
2016-08-04 20:04:16,338 INFO [org.junit.Test] zero0065
2016-08-04 20:04:16,338 INFO [org.junit.Test] zero0066
2016-08-04 20:04:16,338 INFO [org.junit.Test] zero0067
2016-08-04 20:04:16,338 INFO [org.junit.Test] zero0068
2016-08-04 20:04:16,338 INFO [org.junit.Test] zero0069
2016-08-04 20:04:16,338 INFO [org.junit.Test] zero0070
2016-08-04 20:04:16,338 INFO [org.junit.Test] zero0071
2016-08-04 20:04:16,338 INFO [org.junit.Test] zero0072
2016-08-04 20:04:16,338 INFO [org.junit.Test] zero0073
2016-08-04 20:04:16,338 INFO [org.junit.Test] zero0074
2016-08-04 20:04:16,338 INFO [org.junit.Test] zero0075
2016-08-04 20:04:16,338 INFO [org.junit.Test] zero0076
2016-08-04 20:04:16,338 INFO [org.junit.Test] zero0077
2016-08-04 20:04:16,338 INFO [org.junit.Test] zero0078
2016-08-04 20:04:16,338 INFO [org.junit.Test] zero0079
2016-08-04 20:04:16,338 INFO [org.junit.Test] zero0080
2016-08-04 20:04:16,338 INFO [org.junit.Test] zero0081
2016-08-04 20:04:16,338 INFO [org.junit.Test] zero0082
2016-08-04 20:04:16,338 INFO [org.junit.Test] zero0083
2016-08-04 20:04:16,338 INFO [org.junit.Test] zero0084
2016-08-04 20:04:16,338 INFO [org.junit.Test] zero0085
2016-08-04 20:04:16,338 INFO [org.junit.Test] zero0086
2016-08-04 20:04:16,338 INFO [org.junit.Test] zero0087
2016-08-04 20:04:16,338 INFO [org.junit.Test] zero0088
2016-08-04 20:04:16,338 INFO [org.junit.Test] zero0089
2016-08-04 20:04:16,338 INFO [org.junit.Test] zero0090
2016-08-04 20:04:16,338 INFO [org.junit.Test] zero0091
2016-08-04 20:04:16,338 INFO [org.junit.Test] zero0092
2016-08-04 20:04:16,338 INFO [org.junit.Test] zero0093
2016-08-04 20:04:16,338 INFO [org.junit.Test] zero0094
2016-08-04 20:04:16,338 INFO [org.junit.Test] zero0095
2016-08-04 20:04:16,338 INFO [org.junit.Test] zero0096
2016-08-04 20:04:16,338 INFO [org.junit.Test] zero0097
2016-08-04 20:04:16,338 INFO [org.junit.Test] zero0098
2016-08-04 20:04:16,338 INFO [org.junit.Test] zero0099
2016-08-04 20:04:16,338 INFO [org.junit.Test] zero00100
2016-08-04 20:04:16,338 INFO [org.junit.Test] zero00101
2016-08-04 20:04:16,338 INFO [org.junit.Test] zero00102
2016-08-04 20:04:16,338 INFO [org.junit.Test] zero00103
2016-08-04 20:04:16,338 INFO [org.junit.Test] zero00104
2016-08-04 20:04:16,338 INFO [org.junit.Test] zero00105
2016-08-04 20:04:16,338 INFO [org.junit.Test] zero00106
2016-08-04 20:04:16,338 INFO [org.junit.Test] zero00107
2016-08-04 20:04:16,338 INFO [org.junit.Test] zero00108
2016-08-04 20:04:16,338 INFO [org.junit.Test] zero00109
2016-08-04 20:04:16,338 INFO [org.junit.Test] zero00110
2016-08-04 20:04:16,338 INFO [org.junit.Test] zero00111
2016-08-04 20:04:16,338 INFO [org.junit.Test] zero00112
2016-08-04 20:04:16,338 INFO [org.junit.Test] zero00113
2016-08-04 20:04:16,338 INFO [org.junit.Test] zero00114
2016-08-04 20:04:16,338 INFO [org.junit.Test] zero00115
2016-08-04 20:04:16,338 INFO [org.junit.Test] zero00116
2016-08-04 20:04:16,338 INFO [org.junit.Test] zero00117
2016-08-04 20:04:16,338 INFO [org.junit.Test] zero00118
2016-08-04 20:04:16,338 INFO [org.junit.Test] zero00119
2016-08-04 20:04:16,338 INFO [org.junit.Test] zero00120
2016-08-04 20:04:16,338 INFO [org.junit.Test] zero00121
2016-08-04 20:04:16,338 INFO [org.junit.Test] zero00122
2016-08-04 20:04:16,338 INFO [org.junit.Test] zero00123
2016-08-04 20:04:16,338 INFO [org.junit.Test] zero00124
2016-08-04 20:04:16,338 INFO [org.junit.Test] zero00125
2016-08-04 20:04:16,338 INFO [org.junit.Test] zero00126
2016-08-04 20:04:16,338 INFO [org.junit.Test] zero00127
2016-08-04 20:04:16,338 INFO [org.junit.Test] zero00128
2016-08-04 20:04:16,338 INFO [org.junit.Test] zero00129
2016-08-04 20:04:16,338 INFO [org.junit.Test] zero00130
2016-08-04 20:04:16,338 INFO [org.junit.Test] zero00131
2016-08-04 20:04:16,338 INFO [org.junit.Test] zero00132
2016-08-04 20:04:16,338 INFO [org.junit.Test] zero00133
2016-08-04 20:04:16,338 INFO [org.junit.Test] zero00134
2016-08-04 20:04:16,338 INFO [org.junit.Test] zero00135
2016-08-04 20:04:16,338 INFO [org.junit.Test] zero00136
2016-08-04 20:04:16,338 INFO [org.junit.Test] zero00137
2016-08-04 20:04:16,338 INFO [org.junit.Test] zero00138
2016-08-04 20:04:16,338 INFO [org.junit.Test] zero00139
2016-08-04 20:04:16,338 INFO [org.junit.Test] zero00140
2016-08-04 20:04:16,338 INFO [org.junit.Test] zero00141
2016-08-04 20:04:16,338 INFO [org.junit.Test] zero00142
2016-08-04 20:04:16,338 INFO [org.junit.Test] zero00143
2016-08-04 20:04:16,338 INFO [org.junit.Test] zero00144
2016-08-04 20:04:16,338 INFO [org.junit.Test] zero00145
2016-08-04 20:04:16,338 INFO [org.junit.Test] zero00146
2016-08-04 20:04:16,338 INFO [org.junit.Test] zero00147
2016-08-04 20:04:16,338 INFO [org.junit.Test] zero00148
2016-08-04 20:04:16,338 INFO [org.junit.Test] zero00149
2016-08-04 20:04:16,338 INFO [org.junit.Test] zero00150
2016-08-04 20:04:16,338 INFO [org.junit.Test] zero00151
2016-08-04 20:04:16,338 INFO [org.junit.Test] zero00152
2016-08-04 20:04:16,338 INFO [org.junit.Test] zero00153
2016-08-04 20:04:16,338 INFO [org.junit.Test] zero00154
2016-08-04 20:04:16,338 INFO [org.junit.Test] zero00155
2016-08-04 20:04:16,338 INFO [org.junit.Test] zero00156
2016-08-04 20:04:16,338 INFO [org.junit.Test] zero00157
2016-08-04 20:04:16,338 INFO [org.junit.Test] zero00158
2016-08-04 20:04:16,338 INFO [org.junit.Test] zero00159
2016-08-04 20:04:16,338 INFO [org.junit.Test] zero00160
2016-08-04 20:04:16,338 INFO [org.junit.Test] zero00161
2016-08-04 20:04:16,338 INFO [org.junit.Test] zero00162
2016-08-04 20:04:16,338 INFO [org.junit.Test] zero00163
2016-08-04 20:04:16,338 INFO [org.junit.Test] zero00164
2016-08-04 20:04:16,338 INFO [org.junit.Test] zero00165
2016-08-04 20:04:16,338 INFO [org.junit.Test] zero00166
2016-08-04 20:04:16,338 INFO [org.junit.Test] zero00167
2016-08-04 20:04:16,338 INFO [org.junit.Test] zero00168
2016-08-04 20:04:16,338 INFO [org.junit.Test] zero00169
2016-08-04 20:04:16,338 INFO [org.junit.Test] zero00170
2016-08-04 20:04:16,338 INFO [org.junit.Test] zero00171
2016-08-04 20:04:16,338 INFO [org.junit.Test] zero00172
2016-08-04 20:04:16,338 INFO [org.junit.Test] zero00173
2016-08-04 20:04:16,338 INFO [org.junit.Test] zero00174
2016-08-04 20:04:16,338 INFO [org.junit.Test] zero00175
2016-08-04 20:04:16,338 INFO [org.junit.Test] zero00176
2016-08-04 20:04:16,338 INFO [org.junit.Test] zero00177
2016-08-04 20:04:16,338 INFO [org.junit.Test] zero00178
2016-08-04 20:04:16,338 INFO [org.junit.Test] zero00179
2016-08-04 20:04:16,338 INFO [org.junit.Test] zero00180
2016-08-04 20:04:16,338 INFO [org.junit.Test] zero00181
2016-08-04 20:04:16,338 INFO [org.junit.Test] zero00182
2016-08-04 20:04:16,338 INFO [org.junit.Test] zero00183
2016-08-04 20:04:16,338 INFO [org.junit.Test] zero00184
2016-08-04 20:04:16,338 INFO [org.junit.Test] zero00185
2016-08-04 20:04:16,338 INFO [org.junit.Test] zero00186
2016-08-04 20:04:16,338 INFO [org.junit.Test] zero00187
2016-08-04 20:04:16,338 INFO [org.junit.Test] zero00188
2016-08-04 20:04:16,338 INFO [org.junit.Test] zero00189
2016-08-04 20:04:16,338 INFO [org.junit.Test] zero00190
2016-08-04 20:04:16,338 INFO [org.junit.Test] zero00191
2016-08-04 20:04:16,338 INFO [org.junit.Test] zero00192
2016-08-04 20:04:16,338 INFO [org.junit.Test] zero00193
2016-08-04 20:04:16,338 INFO [org.junit.Test] zero00194
2016-08-04 20:04:16,338 INFO [org.junit.Test] zero00195
2016-08-04 20:04:16,338 INFO [org.junit.Test] zero00196
2016-08-04 20:04:16,338 INFO [org.junit.Test] zero00197
2016-08-04 20:04:16,338 INFO [org.junit.Test] zero00198
2016-08-04 20:04:16,338 INFO [org.junit.Test] zero00199
2016-08-04 20:04:16,338 INFO [org.junit.Test] zero00200
2016-08-04 20:04:16,338 INFO [org.junit.Test] zero00201
2016-08-04 20:04:16,338 INFO [org.junit.Test] zero00202
2016-08-04 20:04:16,338 INFO [org.junit.Test] zero00203
2016-08-04 20:04:16,338 INFO [org.junit.Test] zero00204
2016-08-04 20:04:16,338 INFO [org.junit.Test] zero00205
2016-08-04 20:04:16,338 INFO [org.junit.Test] zero00206
2016-08-04 20:04:16,338 INFO [org.junit.Test] zero00207
2016-08-04 20:04:16,338 INFO [org.junit.Test] zero00208
2016-08-04 20:04:16,338 INFO [org.junit.Test] zero00209
2016-08-04 20:04:16,338 INFO [org.junit.Test] zero00210
2016-08-04 20:04:16,338 INFO [org.junit.Test] zero00211
2016-08-04 20:04:16,338 INFO [org.junit.Test] zero00212
2016-08-04 20:04:16,338 INFO [org.junit.Test] zero00213
2016-08-04 20:04:16,338 INFO [org.junit.Test] zero00214
2016-08-04 20:04:16,338 INFO [org.junit.Test] zero00215
2016-08-04 20:04:16,338 INFO [org.junit.Test] zero00216
2016-08-04 20:04:16,338 INFO [org.junit.Test] zero00217
2016-08-04 20:04:16,338 INFO [org.junit.Test] zero00218
2016-08-04 20:04:16,338 INFO [org.junit.Test] zero00219
2016-08-04 20:04:16,338 INFO [org.junit.Test] zero00220
2016-08-04 20:04:16,338 INFO [org.junit.Test] zero00221
2016-08-04 20:04:16,338 INFO [org.junit.Test] zero00222
2016-08-04 20:04:16,338 INFO [org.junit.Test] zero00223
2016-08-04 20:04:16,338 INFO [org.junit.Test] zero00224
2016-08-04 20:04:16,338 INFO [org.junit.Test] zero00225
2016-08-04 20:04:16,338 INFO [org.junit.Test] zero00226
2016-08-04 20:04:16,338 INFO [org.junit.Test] zero00227
2016-08-04 20:04:16,338 INFO [org.junit.Test] zero00228
2016-08-04 20:04:16,338 INFO [org.junit.Test] zero00229
2016-08-04 20:04:16,338 INFO [org.junit.Test] zero00230
2016-08-04 20:04:16,338 INFO [org.junit.Test] zero00231
2016-08-04 20:04:16,338 INFO [org.junit.Test] zero00232
2016-08-04 20:04:16,338 INFO [org.junit.Test] zero00233
2016-08-04 20:04:16,338 INFO [org.junit.Test] zero00234
2016-08-04 20:04:16,338 INFO [org.junit.Test] zero00235
2016-08-04 20:04:16,338 INFO [org.junit.Test] zero00236
2016-08-04 20:04:16,338 INFO [org.junit.Test] zero00237
2016-08-04 20:04:16,338 INFO [org.junit.Test] zero00238
2016-08-04 20:04:16,338 INFO [org.junit.Test] zero00239
2016-08-04 20:04:16,338 INFO [org.junit.Test] zero00240
2016-08-04 20:04:16,338 INFO [org.junit.Test] zero00241
2016-08-04 20:04:16,338 INFO [org.junit.Test] zero00242
2016-08-04 20:04:16,338 INFO [org.junit.Test] zero00243
2016-08-04 20:04:16,338 INFO [org.junit.Test] zero00244
2016-08-04 20:04:16,338 INFO [org.junit.Test] zero00245
2016-08-04 20:04:16,338 INFO [org.junit.Test] zero00246
2016-08-04 20:04:16,338 INFO [org.junit.Test] zero00247
2016-08-04 20:04:16,338 INFO [org.junit.Test] zero00248
2016-08-04 20:04:16,338 INFO [org.junit.Test] zero00249
2016-08-04 20:04:16,338 INFO [org.junit.Test] zero00250
2016-08-04 20:04:16,338 INFO [org.junit.Test] zero00251
2016-08-04 20:04:16,338 INFO [org.junit.Test] zero00252
2016-08-04 20:04:16,338 INFO [org.junit.Test] zero00253
2016-08-04 20:04:16,338 INFO [org.junit.Test] zero00254
2016-08-04 20:04:16,338 INFO [org.junit.Test] zero00255
2016-08-04 20:04:16,338 INFO [org.junit.Test] zero00256
2016-08-04 20:04:16,338 INFO [org.junit.Test] zero00257
2016-08-04 20:04:16,338 INFO [org.junit.Test] zero00258
2016-08-04 20:04:16,338 INFO [org.junit.Test] zero00259
2016-08-04 20:04:16,338 INFO [org.junit.Test] zero00260
2016-08-04 20:04:16,338 INFO [org.junit.Test] zero00261
2016-08-04 20:04:16,338 INFO [org.junit.Test] zero00262
2016-08-04 20:04:16,338 INFO [org.junit.Test] zero00263
2016-08-04 20:04:16,338 INFO [org.junit.Test] zero00264
2016-08-04 20:04:16,338 INFO [org.junit.Test] zero00265
2016-08-04 20:04:16,338 INFO [org.junit.Test] zero00266
2016-08-04 20:04:16,338 INFO [org.junit.Test] zero00267
2016-08-04 20:04:16,338 INFO [org.junit.Test] zero00268
2016-08-04 20:04:16,338 INFO [org.junit.Test] zero00269
2016-08-04 20:04:16,338 INFO [org.junit.Test] zero00270
2016-08-04 20:04:16,338 INFO [org.junit.Test] zero00271
2016-08-04 20:04:16,338 INFO [org.junit.Test] zero00272
2016-08-04 20:04:16,338 INFO [org.junit.Test] zero00273
2016-08-04 20:04:16,338 INFO [org.junit.Test] zero00274
2016-08-04 20:04:16,338 INFO [org.junit.Test] zero00275
2016-08-04 20:04:16,338 INFO [org.junit.Test] zero00276
2016-08-04 20:04:16,338 INFO [org.junit.Test] zero00277
2016-08-04 20:04:16,338 INFO [org.junit.Test] zero00278
2016-08-04 20:04:16,338 INFO [org.junit.Test] zero00279
2016-08-04 20:04:16,338 INFO [org.junit.Test] zero00280
2016-08-04 20:04:16,338 INFO [org.junit.Test] zero00281
2016-08-04 20:04:16,338 INFO [org.junit.Test] zero00282
2016-08-04 20:04:16,338 INFO [org.junit.Test] zero00283
2016-08-04 20:04:16,338 INFO [org.junit.Test] zero00284
2016-08-04 20:04:16,338 INFO [org.junit.Test] zero00285
2016-08-04 20:04:16,338 INFO [org.junit.Test] zero00286
2016-08-04 20:04:16,338 INFO [org.junit.Test] zero00287
2016-08-04 20:04:16,338 INFO [org.junit.Test] zero00288
2016-08-04 20:04:16,338 INFO [org.junit.Test] zero00289
2016-08-04 20:04:16,338 INFO [org.junit.Test] zero00290
2016-08-04 20:04:16,338 INFO [org.junit.Test] zero00291
2016-08-04 20:04:16,338 INFO [org.junit.Test] zero00292
2016-08-04 20:04:16,338 INFO [org.junit.Test] zero00293
2016-08-04 20:04:16,338 INFO [org.junit.Test] zero00294
2016-08-04 20:04:16,338 INFO [org.junit.Test] zero00295
2016-08-04 20:04:16,338 INFO [org.junit.Test] zero00296
2016-08-04 20:04:16,338 INFO [org.junit.Test] zero00297
2016-08-04 20:04:16,338 INFO [org.junit.Test] zero00298
2016-08-04 20:04:16,338 INFO [org.junit.Test] zero00299
2016-08-04 20:04:16,338 INFO [org.junit.Test] zero00300
2016-08-04 20:04:16,338 INFO [org.junit.Test] zero00301
2016-08-04 20:04:16,338 INFO [org.junit.Test] zero00302
2016-08-04 20:04:16,338 INFO [org.junit.Test] zero00303
2016-08-04 20:04:16,338 INFO [org.junit.Test] zero00304
2016-08-04 20:04:16,338 INFO [org.junit.Test] zero00305
2016-08-04 20:04:16,338 INFO [org.junit.Test] zero00306
2016-08-04 20:04:16,338 INFO [org.junit.Test] zero00307
2016-08-04 20:04:16,338 INFO [org.junit.Test] zero00308
2016-08-04 20:04:16,338 INFO [org.junit.Test] zero00309
2016-08-04 20:04:16,338 INFO [org.junit.Test] zero00310
2016-08-04 20:04:16,338 INFO [org.junit.Test] zero00311
2016-08-04 20:04:16,338 INFO [org.junit.Test] zero00312
2016-08-04 20:04:16,338 INFO [org.junit.Test] zero00313
2016-08-04 20:04:16,338 INFO [org.junit.Test] zero00314
2016-08-04 20:04:16,338 INFO [org.junit.Test] zero00315
2016-08-04 20:04:16,338 INFO [org.junit.Test] zero00316
2016-08-04 20:04:16,338 INFO [org.junit.Test] zero00317
2016-08-04 20:04:16,338 INFO [org.junit.Test] zero00318
2016-08-04 20:04:16,338 INFO [org.junit.Test] zero00319
2016-08-04 20:04:16,338 INFO [org.junit.Test] zero00320
2016-08-04 20:04:16,338 INFO [org.junit.Test] zero00321
2016-08-04 20:04:16,338 INFO [org.junit.Test] zero00322
2016-08-04 20:04:16,338 INFO [org.junit.Test] zero00323
2016-08-04 20:04:16,338 INFO [org.junit.Test] zero00324
2016-08-04 20:04:16,338 INFO [org.junit.Test] zero00325
2016-08-04 20:04:16,338 INFO [org.junit.Test] zero00326
2016-08-04 20:04:16,338 INFO [org.junit.Test] zero00327
2016-08-04 20:04:16,338 INFO [org.junit.Test] zero00328
2016-08-04 20:04:16,338 INFO [org.junit.Test] zero00329
2016-08-04 20:04:16,338 INFO [org.junit.Test] zero00330
2016-08-04 20:04:16,338 INFO [org.junit.Test] zero00331
2016-08-04 20:04:16,338 INFO [org.junit.Test] zero00332
2016-08-04 20:04:16,338 INFO [org.junit.Test] zero00333
2016-08-04 20:04:16,338 INFO [org.junit.Test] zero00334
2016-08-04 20:04:16,338 INFO [org.junit.Test] zero00335
2016-08-04 20:04:16,338 INFO [org.junit.Test] zero00336
2016-08-04 20:04:16,338 INFO [org.junit.Test] zero00337
2016-08-04 20:04:16,338 INFO [org.junit.Test] zero00338
2016-08-04 20:04:16,338 INFO [org.junit.Test] zero00339
2016-08-04 20:04:16,338 INFO [org.junit.Test] zero00340
2016-08-04 20:04:16,338 INFO [org.junit.Test] zero00341
2016-08-04 20:04:16,338 INFO [org.junit.Test] zero00342
2016-08-04 20:04:16,338 INFO [org.junit.Test] zero00343
2016-08-04 20:04:16,338 INFO [org.junit.Test] zero00344
2016-08-04 20:04:16,338 INFO [org.junit.Test] zero00345
2016-08-04 20:04:16,338 INFO [org.junit.Test] zero00346
2016-08-04 20:04:16,338 INFO [org.junit.Test] zero00347
2016-08-04 20:04:16,338 INFO [org.junit.Test] zero00348
2016-08-04 20:04:16,338 INFO [org.junit.Test] zero00349
2016-08-04 20:04:16,338 INFO [org.junit.Test] zero00350
2016-08-04 20:04:16,338 INFO [org.junit.Test] zero00351
2016-08-04 20:04:16,338 INFO [org.junit.Test] zero00352
2016-08-04 20:04:16,338 INFO [org.junit.Test] zero00353
2016-08-04 20:04:16,338 INFO [org.junit.Test] zero00354
2016-08-04 20:04:16,338 INFO [org.junit.Test] zero00355
2016-08-04 20:04:16,338 INFO [org.junit.Test] zero00356
2016-08-04 20:04:16,338 INFO [org.junit.Test] zero00357
2016-08-04 20:04:16,338 INFO [org.junit.Test] zero00358
2016-08-04 20:04:16,338 INFO [org.junit.Test] zero00359
2016-08-04 20:04:16,338 INFO [org.junit.Test] zero00360
2016-08-04 20:04:16,338 INFO [org.junit.Test] zero00361
2016-08-04 20:04:16,338 INFO [org.junit.Test] zero00362
2016-08-04 20:04:16,338 INFO [org.junit.Test] zero00363
2016-08-04 20:04:16,338 INFO [org.junit.Test] zero00364
2016-08-04 20:04:16,338 INFO [org.junit.Test] zero00365
2016-08-04 20:04:16,338 INFO [org.junit.Test] zero00366
2016-08-04 20:04:16,338 INFO [org.junit.Test] zero00367
2016-08-04 20:04:16,338 INFO [org.junit.Test] zero00368
2016-08-04 20:04:16,338 INFO [org.junit.Test] zero00369
2016-08-04 20:04:16,338 INFO [org.junit.Test] zero00370
2016-08-04 20:04:16,338 INFO [org.junit.Test] zero00371
2016-08-04 20:04:16,338 INFO [org.junit.Test] zero00372
2016-08-04 20:04:16,338 INFO [org.junit.Test] zero00373
2016-08-04 20:04:16,338 INFO [org.junit.Test] zero00374
2016-08-04 20:04:16,338 INFO [org.junit.Test] zero00375
2016-08-04 20:04:16,338 INFO [org.junit.Test] zero00376
2016-08-04 20:04:16,338 INFO [org.junit.Test] zero00377
2016-08-04 20:04:16,338 INFO [org.junit.Test] zero00378
2016-08-04 20:04:16,338 INFO [org.junit.Test] zero00379
2016-08-04 20:04:16,338 INFO [org.junit.Test] zero00380
2016-08-04 20:04:16,338 INFO [org.junit.Test] zero00381
2016-08-04 20:04:16,338 INFO [org.junit.Test] zero00382
2016-08-04 20:04:16,338 INFO [org.junit.Test] zero00383
2016-08-04 20:04:16,338 INFO [org.junit.Test] zero00384
2016-08-04 20:04:16,338 INFO [org.junit.Test] zero00385
2016-08-04 20:04:16,338 INFO [org.junit.Test] zero00386
2016-08-04 20:04:16,338 INFO [org.junit.Test] zero00387
2016-08-04 20:04:16,338 INFO [org.junit.Test] zero00388
2016-08-04 20:04:16,338 INFO [org.junit.Test] zero00389
2016-08-04 20:04:16,338 INFO [org.junit.Test] zero00390
2016-08-04 20:04:16,338 INFO [org.junit.Test] zero00391
2016-08-04 20:04:16,338 INFO [org.junit.Test] zero00392
2016-08-04 20:04:16,338 INFO [org.junit.Test] zero00393
2016-08-04 20:04:16,338 INFO [org.junit.Test] zero00394
2016-08-04 20:04:16,338 INFO [org.junit.Test] zero00395
2016-08-04 20:04:16,338 INFO [org.junit.Test] zero00396
2016-08-04 20:04:16,338 INFO [org.junit.Test] zero00397
2016-08-04 20:04:16,338 INFO [org.junit.Test] zero00398
2016-08-04 20:04:16,338 INFO [org.junit.Test] zero00399
2016-08-04 20:04:16,338 INFO [org.junit.Test] zero00400
2016-08-04 20:04:16,338 INFO [org.junit.Test] zero00401
2016-08-04 20:04:16,338 INFO [org.junit.Test] zero00402
2016-08-04 20:04:16,338 INFO [org.junit.Test] zero00403
2016-08-04 20:04:16,338 INFO [org.junit.Test] zero00404
2016-08-04 20:04:16,338 INFO [org.junit.Test] zero00405
2016-08-04 20:04:16,338 INFO [org.junit.Test] zero00406
2016-08-04 20:04:16,338 INFO [org.junit.Test] zero00407
2016-08-04 20:04:16,338 INFO [org.junit.Test] zero00408
2016-08-04 20:04:16,338 INFO [org.junit.Test] zero00409
2016-08-04 20:04:16,338 INFO [org.junit.Test] zero00410
2016-08-04 20:04:16,338 INFO [org.junit.Test] zero00411
2016-08-04 20:04:16,338 INFO [org.junit.Test] zero00412
2016-08-04 20:04:16,338 INFO [org.junit.Test] zero00413
2016-08-04 20:04:16,338 INFO [org.junit.Test] zero00414
2016-08-04 20:04:16,338 INFO [org.junit.Test] zero00415
2016-08-04 20:04:16,338 INFO [org.junit.Test] zero00416
2016-08-04 20:04:16,338 INFO [org.junit.Test] zero00417
2016-08-04 20:04:16,338 INFO [org.junit.Test] zero00418
2016-08-04 20:04:16,338 INFO [org.junit.Test] zero00419
2016-08-04 20:04:16,338 INFO [org.junit.Test] zero00420
2016-08-04 20:04:16,338 INFO [org.junit.Test] zero00421
2016-08-04 20:04:16,338 INFO [org.junit.Test] zero00422
2016-08-04 20:04:16,338 INFO [org.junit.Test] zero00423
2016-08-04 20:04:16,338 INFO [org.junit.Test] zero00424
2016-08-04 20:04:16,338 INFO [org.junit.Test] zero00425
2016-08-04 20:04:16,338 INFO [org.junit.Test] zero00426
2016-08-04 20:04:16,338 INFO [org.junit.Test] zero00427
2016-08-04 20:04:16,338 INFO [org.junit.Test] zero00428
2016-08-04 20:04:16,338 INFO [org.junit.Test] zero00429
2016-08-04 20:04:16,338 INFO [org.junit.Test] zero00430
2016-08-04 20:04:16,338 INFO [org.junit.Test] zero00431
2016-08-04 20:04:16,338 INFO [org.junit.Test] zero00432
2016-08-04 20:04:16,338 INFO [org.junit.Test] zero00433
2016-08-04 20:04:16,338 INFO [org.junit.Test] zero00434
2016-08-04 20:04:16,338 INFO [org.junit.Test] zero00435
2016-08-04 20:04:16,338 INFO [org.junit.Test] zero00436
2016-08-04 20:04:16,338 INFO [org.junit.Test] zero00437
2016-08-04 20:04:16,338 INFO [org.junit.Test] zero00438
2016-08-04 20:04:16,338 INFO [org.junit.Test] zero00439
2016-08-04 20:04:16,338 INFO [org.junit.Test] zero00440
2016-08-04 20:04:16,338 INFO [org.junit.Test] zero00441
2016-08-04 20:04:16,338 INFO [org.junit.Test] zero00442
2016-08-04 20:04:16,338 INFO [org.junit.Test] zero00443
2016-08-04 20:04:16,338 INFO [org.junit.Test] zero00444
2016-08-04 20:04:16,338 INFO [org.junit.Test] zero00445
2016-08-04 20:04:16,338 INFO [org.junit.Test] zero00446
2016-08-04 20:04:16,338 INFO [org.junit.Test] zero00447
2016-08-04 20:04:16,338 INFO [org.junit.Test] zero00448
2016-08-04 20:04:16,338 INFO [org.junit.Test] zero00449
2016-08-04 20:04:16,338 INFO [org.junit.Test] zero00450
2016-08-04 20:04:16,338 INFO [org.junit.Test] zero00451
2016-08-04 20:04:16,338 INFO [org.junit.Test] zero00452
2016-08-04 20:04:16,338 INFO [org.junit.Test] zero00453
2016-08-04 20:04:16,338 INFO [org.junit.Test] zero00454
2016-08-04 20:04:16,338 INFO [org.junit.Test] zero00455
2016-08-04 20:04:16,338 INFO [org.junit.Test] zero00456
2016-08-04 20:04:16,338 INFO [org.junit.Test] zero00457
2016-08-04 20:04:16,338 INFO [org.junit.Test] zero00458
2016-08-04 20:04:16,338 INFO [org.junit.Test] zero00459
2016-08-04 20:04:16,338 INFO [org.junit.Test] zero00460
2016-08-04 20:04:16,338 INFO [org.junit.Test] zero00461
2016-08-04 20:04:16,338 INFO [org.junit.Test] zero00462
2016-08-04 20:04:16,338 INFO [org.junit.Test] zero00463
2016-08-04 20:04:16,338 INFO [org.junit.Test] zero00464
2016-08-04 20:04:16,338 INFO [org.junit.Test] zero00465
2016-08-04 20:04:16,338 INFO [org.junit.Test] zero00466
2016-08-04 20:04:16,338 INFO [org.junit.Test] zero00467
2016-08-04 20:04:16,338 INFO [org.junit.Test] zero00468
2016-08-04 20:04:16,338 INFO [org.junit.Test] zero00469
2016-08-04 20:04:16,338 INFO [org.junit.Test] zero00470
2016-08-04 20:04:16,338 INFO [org.junit.Test] zero00471
2016-08-04 20:04:16,338 INFO [org.junit.Test] zero00472
2016-08-04 20:04:16,338 INFO [org.junit.Test] zero00473
2016-08-04 20:04:16,338 INFO [org.junit.Test] zero00474
2016-08-04 20:04:16,338 INFO [org.junit.Test] zero00475
2016-08-04 20:04:16,338 INFO [org.junit.Test] zero00476
2016-08-04 20:04:16,338 INFO [org.junit.Test] zero00477
2016-08-04 20:04:16,338 INFO [org.junit.Test] zero00478
2016-08-04 20:04:16,338 INFO [org.junit.Test] zero00479
2016-08-04 20:04:16,338 INFO [org.junit.Test] zero00480
2016-08-04 20:04:16,338 INFO [org.junit.Test] zero00481
2016-08-04 20:04:16,338 INFO [org.junit.Test] zero00482
2016-08-04 20:04:16,338 INFO [org.junit.Test] zero00483
2016-08-04 20:04:16,338 INFO [org.junit.Test] zero00484
2016-08-04 20:04:16,338 INFO [org.junit.Test] zero00485
2016-08-04 20:04:16,338 INFO [org.junit.Test] zero00486
2016-08-04 20:04:16,338 INFO [org.junit.Test] zero00487
2016-08-04 20:04:16,338 INFO [org.junit.Test] zero00488
2016-08-04 20:04:16,338 INFO [org.junit.Test] zero00489
2016-08-04 20:04:16,338 INFO [org.junit.Test] zero00490
2016-08-04 20:04:16,338 INFO [org.junit.Test] zero00491
2016-08-04 20:04:16,338 INFO [org.junit.Test] zero00492
2016-08-04 20:04:16,338 INFO [org.junit.Test] zero00493
2016-08-04 20:04:16,338 INFO [org.junit.Test] zero00494
2016-08-04 20:04:16,338 INFO [org.junit.Test] zero00495
2016-08-04 20:04:16,338 INFO [org.junit.Test] zero00496
2016-08-04 20:04:16,338 INFO [org.junit.Test] zero00497
2016-08-04 20:04:16,338 INFO [org.junit.Test] zero00498
2016-08-04 20:04:16,338 INFO [org.junit.Test] zero00499
2016-08-04 20:04:16,338 INFO [org.junit.Test] zero00500
2016-08-04 20:04:16,338 INFO [org.junit.Test] zero00501
2016-08-04 20:04:16,338 INFO [org.junit.Test] zero00502
2016-08-04 20:04:16,338 INFO [org.junit.Test] zero00503
2016-08-04 20:04:16,338 INFO [org.junit.Test] zero00504
2016-08-04 20:04:16,338 INFO [org.junit.Test] zero00505
2016-08-04 20:04:16,338 INFO [org.junit.Test] zero00506
2016-08-04 20:04:16,338 INFO [org.junit.Test] zero00507
2016-08-04 20:04:16,338 INFO [org.junit.Test] zero00508
2016-08-04 20:04:16,338 INFO [org.junit.Test] zero00509
2016-08-04 20:04:16,338 INFO [org.junit.Test] zero00510
2016-08-04 20:04:16,338 INFO [org.junit.Test] zero00511
2016-08-04 20:04:16,338 INFO [org.junit.Test] zero00512
2016-08-04 20:04:16,338 INFO [org.junit.Test] zero00513
2016-08-04 20:04:16,338 INFO [org.junit.Test] zero00514
2016-08-04 20:04:16,338 INFO [org.junit.Test] zero00515
2016-08-04 20:04:16,338 INFO [org.junit.Test] zero00516
2016-08-04 20:04:16,338 INFO [org.junit.Test] zero00517
2016-08-04 20:04:16,338 INFO [org.junit.Test] zero00518
2016-08-04 20:04:16,338 INFO [org.junit.Test] zero00519
2016-08-04 20:04:16,338 INFO [org.junit.Test] zero00520
2016-08-04 20:04:16,338 INFO [org.junit.Test] zero00521
2016-08-04 20:04:16,338 INFO [org.junit.Test] zero00522
2016-08-04 20:04:16,338 INFO [org.junit.Test] zero00523
2016-08-04 20:04:16,338 INFO [org.junit.Test] zero00524
2016-08-04 20:04:16,338 INFO [org.junit.Test] zero00525
2016-08-04 20:04:16,338 INFO [org.junit.Test] zero00526
2016-08-04 20:04:16,338 INFO [org.junit.Test] zero00527
2016-08-04 20:04:16,338 INFO [org.junit.Test] zero00528
2016-08-04 20:04:16,338 INFO [org.junit.Test] zero00529
2016-08-04 20:04:16,338 INFO [org.junit.Test] zero00530
2016-08-04 20:04:16,338 INFO [org.junit.Test] zero00531
2016-08-04 20:04:16,338 INFO [org.junit.Test] zero00532
2016-08-04 20:04:16,338 INFO [org.junit.Test] zero00533
2016-08-04 20:04:16,338 INFO [org.junit.Test] zero00534
2016-08-04 20:04:16,338 INFO [org.junit.Test] zero00535
2016-08-04 20:04:16,338 INFO [org.junit.Test] zero00536
2016-08-04 20:04:16,338 INFO [org.junit.Test] zero00537
2016-08-04 20:04:16,338 INFO [org.junit.Test] zero00538
2016-08-04 20:04:16,338 INFO [org.junit.Test] zero00539
2016-08-04 20:04:16,338 INFO [org.junit.Test] zero00540
2016-08-04 20:04:16,338 INFO [org.junit.Test] zero00541
2016-08-04 20:04:16,338 INFO [org.junit.Test] zero00542
2016-08-04 20:04:16,338 INFO [org.junit.Test] zero00543
2016-08-04 20:04:16,338 INFO [org.junit.Test] zero00544
2016-08-04 20:04:16,338 INFO [org.junit.Test] zero00545
2016-08-04 20:04:16,338 INFO [org.junit.Test] zero00546
2016-08-04 20:04:16,338 INFO [org.junit.Test] zero00547
2016-08-04 20:04:16,338 INFO [org.junit.Test] zero00548
2016-08-04 20:04:16,338 INFO [org.junit.Test] zero00549
2016-08-04 20:04:16,338 INFO [org.junit.Test] zero00550
2016-08-04 20:04:16,338 INFO [org.junit.Test] zero00551
2016-08-04 20:04:16,338 INFO [org.junit.Test] zero00552
2016-08-04 20:04:16,338 INFO [org.junit.Test] zero00553
2016-08-04 20:04:16,338 INFO [org.junit.Test] zero00554
2016-08-04 20:04:16,338 INFO [org.junit.Test] zero00555
2016-08-04 20:04:16,338 INFO [org.junit.Test] zero00556
2016-08-04 20:04:16,338 INFO [org.junit.Test] zero00557
2016-08-04 20:04:16,338 INFO [org.junit.Test] zero00558
2016-08-04 20:04:16,338 INFO [org.junit.Test] zero00559
2016-08-04 20:04:16,338 INFO [org.junit.Test] zero00560
2016-08-04 20:04:16,338 INFO [org.junit.Test] zero00561
2016-08-04 20:04:16,338 INFO [org.junit.Test] zero00562
2016-08-04 20:04:16,338 INFO [org.junit.Test] zero00563
2016-08-04 20:04:16,338 INFO [org.junit.Test] zero00564
2016-08-04 20:04:16,338 INFO [org.junit.Test] zero00565
2016-08-04 20:04:16,338 INFO [org.junit.Test] zero00566
2016-08-04 20:04:16,338 INFO [org.junit.Test] zero00567
2016-08-04 20:04:16,338 INFO [org.junit.Test] zero00568
2016-08-04 20:04:16,338 INFO [org.junit.Test] zero00569
2016-08-04 20:04:16,338 INFO [org.junit.Test] zero00570
2016-08-04 20:04:16,338 INFO [org.junit.Test] zero00571
2016-08-04 20:04:16,338 INFO [org.junit.Test] zero00572
2016-08-04 20:04:16,338 INFO [org.junit.Test] zero00573
2016-08-04 20:04:16,338 INFO [org.junit.Test] zero00574
2016-08-04 20:04:16,338 INFO [org.junit.Test] zero00575
2016-08-04 20:04:16,338 INFO [org.junit.Test] zero00576
2016-08-04 20:04:16,338 INFO [org.junit.Test] zero00577
2016-08-04 20:04:16,338 INFO [org.junit.Test] zero00578
2016-08-04 20:04:16,338 INFO [org.junit.Test] zero00579
2016-08-04 20:04:16,338 INFO [org.junit.Test] zero00580
2016-08-04 20:04:16,338 INFO [org.junit.Test] zero00581
2016-08-04 20:04:16,338 INFO [org.junit.Test] zero00582
2016-08-04 20:04:16,338 INFO [org.junit.Test] zero00583
2016-08-04 20:04:16,338 INFO [org.junit.Test] zero00584
2016-08-04 20:04:16,338 INFO [org.junit.Test] zero00585
2016-08-04 20:04:16,338 INFO [org.junit.Test] zero00586
2016-08-04 20:04:16,338 INFO [org.junit.Test] zero00587
2016-08-04 20:04:16,338 INFO [org.junit.Test] zero00588
2016-08-04 20:04:16,338 INFO [org.junit.Test] zero00589
2016-08-04 20:04:16,338 INFO [org.junit.Test] zero00590
2016-08-04 20:04:16,338 INFO [org.junit.Test] zero00591
2016-08-04 20:04:16,338 INFO [org.junit.Test] zero00592
2016-08-04 20:04:16,338 INFO [org.junit.Test] zero00593
2016-08-04 20:04:16,338 INFO [org.junit.Test] zero00594
2016-08-04 20:04:16,338 INFO [org.junit.Test] zero00595
2016-08-04 20:04:16,338 INFO [org.junit.Test] zero00596
2016-08-04 20:04:16,338 INFO [org.junit.Test] zero00597
2016-08-04 20:04:16,338 INFO [org.junit.Test] zero00598
2016-08-04 20:04:16,338 INFO [org.junit.Test] zero00599
2016-08-04 20:04:16,338 INFO [org.junit.Test] zero00600
2016-08-04 20:04:16,338 INFO [org.junit.Test] zero00601
2016-08-04 20:04:16,338 INFO [org.junit.Test] zero00602
2016-08-04 20:04:16,338 INFO [org.junit.Test] zero00603
2016-08-04 20:04:16,338 INFO [org.junit.Test] zero00604
2016-08-04 20:04:16,338 INFO [org.junit.Test] zero00605
2016-08-04 20:04:16,338 INFO [org.junit.Test] zero00606
2016-08-04 20:04:16,338 INFO [org.junit.Test] zero00607
2016-08-04 20:04:16,338 INFO [org.junit.Test] zero00608
2016-08-04 20:04:16,338 INFO [org.junit.Test] zero00609
2016-08-04 20:04:16,338 INFO [org.junit.Test] zero00610
2016-08-04 20:04:16,338 INFO [org.junit.Test] zero00611
2016-08-04 20:04:16,338 INFO [org.junit.Test] zero00612
2016-08-04 20:04:16,338 INFO [org.junit.Test] zero00613
2016-08-04 20:04:16,338 INFO [org.junit.Test] zero00614
2016-08-04 20:04:16,338 INFO [org.junit.Test] zero00615
2016-08-04 20:04:16,338 INFO [org.junit.Test] zero00616
2016-08-04 20:04:16,338 INFO [org.junit.Test] zero00617
2016-08-04 20:04:16,338 INFO [org.junit.Test] zero00618
2016-08-04 20:04:16,338 INFO [org.junit.Test] zero00619
2016-08-04 20:04:16,338 INFO [org.junit.Test] zero00620
2016-08-04 20:04:16,338 INFO [org.junit.Test] zero00621
2016-08-04 20:04:16,338 INFO [org.junit.Test] zero00622
2016-08-04 20:04:16,338 INFO [org.junit.Test] zero00623
2016-08-04 20:04:16,338 INFO [org.junit.Test] zero00624
2016-08-04 20:04:16,338 INFO [org.junit.Test] zero00625
2016-08-04 20:04:16,338 INFO [org.junit.Test] zero00626
2016-08-04 20:04:16,338 INFO [org.junit.Test] zero00627
2016-08-04 20:04:16,338 INFO [org.junit.Test] zero00628
2016-08-04 20:04:16,338 INFO [org.junit.Test] zero00629
2016-08-04 20:04:16,338 INFO [org.junit.Test] zero00630
2016-08-04 20:04:16,338 INFO [org.junit.Test] zero00631
2016-08-04 20:04:16,338 INFO [org.junit.Test] zero00632
2016-08-04 20:04:16,338 INFO [org.junit.Test] zero00633
2016-08-04 20:04:16,338 INFO [org.junit.Test] zero00634
2016-08-04 20:04:16,338 INFO [org.junit.Test] zero00635
2016-08-04 20:04:16,338 INFO [org.junit.Test] zero00636
2016-08-04 20:04:16,338 INFO [org.junit.Test] zero00637
2016-08-04 20:04:16,338 INFO [org.junit.Test] zero00638
2016-08-04 20:04:16,338 INFO [org.junit.Test] zero00639
2016-08-04 20:04:16,338 INFO [org.junit.Test] zero00640
2016-08-04 20:04:16,338 INFO [org.junit.Test] zero00641
2016-08-04 20:04:16,338 INFO [org.junit.Test] zero00642
2016-08-04 20:04:16,339 INFO [org.junit.Test] zero00643
2016-08-04 20:04:16,339 INFO [org.junit.Test] zero00644
2016-08-04 20:04:16,339 INFO [org.junit.Test] zero00645
2016-08-04 20:04:16,339 INFO [org.junit.Test] zero00646
2016-08-04 20:04:16,339 INFO [org.junit.Test] zero00647
2016-08-04 20:04:16,339 INFO [org.junit.Test] zero00648
2016-08-04 20:04:16,339 INFO [org.junit.Test] zero00649
2016-08-04 20:04:16,339 INFO [org.junit.Test] zero00650
2016-08-04 20:04:16,339 INFO [org.junit.Test] zero00651
2016-08-04 20:04:16,339 INFO [org.junit.Test] zero00652
2016-08-04 20:04:16,339 INFO [org.junit.Test] zero00653
2016-08-04 20:04:16,339 INFO [org.junit.Test] zero00654
2016-08-04 20:04:16,339 INFO [org.junit.Test] zero00655
2016-08-04 20:04:16,339 INFO [org.junit.Test] zero00656
2016-08-04 20:04:16,339 INFO [org.junit.Test] zero00657
2016-08-04 20:04:16,339 INFO [org.junit.Test] zero00658
2016-08-04 20:04:16,339 INFO [org.junit.Test] zero00659
2016-08-04 20:04:16,339 INFO [org.junit.Test] zero00660
2016-08-04 20:04:16,339 INFO [org.junit.Test] zero00661
2016-08-04 20:04:16,339 INFO [org.junit.Test] zero00662
2016-08-04 20:04:16,339 INFO [org.junit.Test] zero00663
2016-08-04 20:04:16,339 INFO [org.junit.Test] zero00664
2016-08-04 20:04:16,339 INFO [org.junit.Test] zero00665
2016-08-04 20:04:16,339 INFO [org.junit.Test] zero00666
2016-08-04 20:04:16,339 INFO [org.junit.Test] zero00667
2016-08-04 20:04:16,339 INFO [org.junit.Test] zero00668
2016-08-04 20:04:16,339 INFO [org.junit.Test] zero00669
2016-08-04 20:04:16,339 INFO [org.junit.Test] zero00670
2016-08-04 20:04:16,339 INFO [org.junit.Test] zero00671
2016-08-04 20:04:16,339 INFO [org.junit.Test] zero00672
2016-08-04 20:04:16,339 INFO [org.junit.Test] zero00673
2016-08-04 20:04:16,339 INFO [org.junit.Test] zero00674
2016-08-04 20:04:16,339 INFO [org.junit.Test] zero00675
2016-08-04 20:04:16,339 INFO [org.junit.Test] zero00676
2016-08-04 20:04:16,339 INFO [org.junit.Test] zero00677
2016-08-04 20:04:16,339 INFO [org.junit.Test] zero00678
2016-08-04 20:04:16,339 INFO [org.junit.Test] zero00679
2016-08-04 20:04:16,339 INFO [org.junit.Test] zero00680
2016-08-04 20:04:16,339 INFO [org.junit.Test] zero00681
2016-08-04 20:04:16,339 INFO [org.junit.Test] zero00682
2016-08-04 20:04:16,339 INFO [org.junit.Test] zero00683
2016-08-04 20:04:16,339 INFO [org.junit.Test] zero00684
2016-08-04 20:04:16,339 INFO [org.junit.Test] zero00685
2016-08-04 20:04:16,339 INFO [org.junit.Test] zero00686
2016-08-04 20:04:16,339 INFO [org.junit.Test] zero00687
2016-08-04 20:04:16,339 INFO [org.junit.Test] zero00688
2016-08-04 20:04:16,339 INFO [org.junit.Test] zero00689
2016-08-04 20:04:16,339 INFO [org.junit.Test] zero00690
2016-08-04 20:04:16,339 INFO [org.junit.Test] zero00691
2016-08-04 20:04:16,339 INFO [org.junit.Test] zero00692
2016-08-04 20:04:16,339 INFO [org.junit.Test] zero00693
2016-08-04 20:04:16,339 INFO [org.junit.Test] zero00694
2016-08-04 20:04:16,339 INFO [org.junit.Test] zero00695
2016-08-04 20:04:16,339 INFO [org.junit.Test] zero00696
2016-08-04 20:04:16,339 INFO [org.junit.Test] zero00697
2016-08-04 20:04:16,339 INFO [org.junit.Test] zero00698
2016-08-04 20:04:16,339 INFO [org.junit.Test] zero00699
2016-08-04 20:04:16,339 INFO [org.junit.Test] zero00700
2016-08-04 20:04:16,339 INFO [org.junit.Test] zero00701
2016-08-04 20:04:16,339 INFO [org.junit.Test] zero00702
2016-08-04 20:04:16,339 INFO [org.junit.Test] zero00703
2016-08-04 20:04:16,339 INFO [org.junit.Test] zero00704
2016-08-04 20:04:16,339 INFO [org.junit.Test] zero00705
2016-08-04 20:04:16,339 INFO [org.junit.Test] zero00706
2016-08-04 20:04:16,339 INFO [org.junit.Test] zero00707
2016-08-04 20:04:16,339 INFO [org.junit.Test] zero00708
2016-08-04 20:04:16,339 INFO [org.junit.Test] zero00709
2016-08-04 20:04:16,339 INFO [org.junit.Test] zero00710
2016-08-04 20:04:16,339 INFO [org.junit.Test] zero00711
2016-08-04 20:04:16,339 INFO [org.junit.Test] zero00712
2016-08-04 20:04:16,339 INFO [org.junit.Test] zero00713
2016-08-04 20:04:16,339 INFO [org.junit.Test] zero00714
2016-08-04 20:04:16,339 INFO [org.junit.Test] zero00715
2016-08-04 20:04:16,339 INFO [org.junit.Test] zero00716
2016-08-04 20:04:16,339 INFO [org.junit.Test] zero00717
2016-08-04 20:04:16,339 INFO [org.junit.Test] zero00718
2016-08-04 20:04:16,339 INFO [org.junit.Test] zero00719
2016-08-04 20:04:16,339 INFO [org.junit.Test] zero00720
2016-08-04 20:04:16,339 INFO [org.junit.Test] zero00721
2016-08-04 20:04:16,339 INFO [org.junit.Test] zero00722
2016-08-04 20:04:16,339 INFO [org.junit.Test] zero00723
2016-08-04 20:04:16,339 INFO [org.junit.Test] zero00724
2016-08-04 20:04:16,339 INFO [org.junit.Test] zero00725
2016-08-04 20:04:16,339 INFO [org.junit.Test] zero00726
2016-08-04 20:04:16,339 INFO [org.junit.Test] zero00727
2016-08-04 20:04:16,339 INFO [org.junit.Test] zero00728
2016-08-04 20:04:16,339 INFO [org.junit.Test] zero00729
2016-08-04 20:04:16,339 INFO [org.junit.Test] zero00730
2016-08-04 20:04:16,339 INFO [org.junit.Test] zero00731
2016-08-04 20:04:16,339 INFO [org.junit.Test] zero00732
2016-08-04 20:04:16,339 INFO [org.junit.Test] zero00733
2016-08-04 20:04:16,339 INFO [org.junit.Test] zero00734
2016-08-04 20:04:16,339 INFO [org.junit.Test] zero00735
2016-08-04 20:04:16,339 INFO [org.junit.Test] zero00736
2016-08-04 20:04:16,339 INFO [org.junit.Test] zero00737
2016-08-04 20:04:16,339 INFO [org.junit.Test] zero00738
2016-08-04 20:04:16,339 INFO [org.junit.Test] zero00739
2016-08-04 20:04:16,339 INFO [org.junit.Test] zero00740
2016-08-04 20:04:16,339 INFO [org.junit.Test] zero00741
2016-08-04 20:04:16,339 INFO [org.junit.Test] zero00742
2016-08-04 20:04:16,339 INFO [org.junit.Test] zero00743
2016-08-04 20:04:16,339 INFO [org.junit.Test] zero00744
2016-08-04 20:04:16,339 INFO [org.junit.Test] zero00745
2016-08-04 20:04:16,339 INFO [org.junit.Test] zero00746
2016-08-04 20:04:16,339 INFO [org.junit.Test] zero00747
2016-08-04 20:04:16,339 INFO [org.junit.Test] zero00748
2016-08-04 20:04:16,339 INFO [org.junit.Test] zero00749
2016-08-04 20:04:16,339 INFO [org.junit.Test] zero00750
2016-08-04 20:04:16,339 INFO [org.junit.Test] zero00751
2016-08-04 20:04:16,339 INFO [org.junit.Test] zero00752
2016-08-04 20:04:16,339 INFO [org.junit.Test] zero00753
2016-08-04 20:04:16,339 INFO [org.junit.Test] zero00754
2016-08-04 20:04:16,339 INFO [org.junit.Test] zero00755
2016-08-04 20:04:16,339 INFO [org.junit.Test] zero00756
2016-08-04 20:04:16,339 INFO [org.junit.Test] zero00757
2016-08-04 20:04:16,339 INFO [org.junit.Test] zero00758
2016-08-04 20:04:16,339 INFO [org.junit.Test] zero00759
2016-08-04 20:04:16,339 INFO [org.junit.Test] zero00760
2016-08-04 20:04:16,339 INFO [org.junit.Test] zero00761
2016-08-04 20:04:16,339 INFO [org.junit.Test] zero00762
2016-08-04 20:04:16,339 INFO [org.junit.Test] zero00763
2016-08-04 20:04:16,339 INFO [org.junit.Test] zero00764
2016-08-04 20:04:16,339 INFO [org.junit.Test] zero00765
2016-08-04 20:04:16,339 INFO [org.junit.Test] zero00766
2016-08-04 20:04:16,339 INFO [org.junit.Test] zero00767
2016-08-04 20:04:16,339 INFO [org.junit.Test] zero00768
2016-08-04 20:04:16,339 INFO [org.junit.Test] zero00769
2016-08-04 20:04:16,339 INFO [org.junit.Test] zero00770
2016-08-04 20:04:16,339 INFO [org.junit.Test] zero00771
2016-08-04 20:04:16,339 INFO [org.junit.Test] zero00772
2016-08-04 20:04:16,339 INFO [org.junit.Test] zero00773
2016-08-04 20:04:16,339 INFO [org.junit.Test] zero00774
2016-08-04 20:04:16,339 INFO [org.junit.Test] zero00775
2016-08-04 20:04:16,339 INFO [org.junit.Test] zero00776
2016-08-04 20:04:16,339 INFO [org.junit.Test] zero00777
2016-08-04 20:04:16,339 INFO [org.junit.Test] zero00778
2016-08-04 20:04:16,339 INFO [org.junit.Test] zero00779
2016-08-04 20:04:16,339 INFO [org.junit.Test] zero00780
2016-08-04 20:04:16,339 INFO [org.junit.Test] zero00781
2016-08-04 20:04:16,339 INFO [org.junit.Test] zero00782
2016-08-04 20:04:16,339 INFO [org.junit.Test] zero00783
2016-08-04 20:04:16,339 INFO [org.junit.Test] zero00784
2016-08-04 20:04:16,339 INFO [org.junit.Test] zero00785
2016-08-04 20:04:16,339 INFO [org.junit.Test] zero00786
2016-08-04 20:04:16,339 INFO [org.junit.Test] zero00787
2016-08-04 20:04:16,339 INFO [org.junit.Test] zero00788
2016-08-04 20:04:16,339 INFO [org.junit.Test] zero00789
2016-08-04 20:04:16,339 INFO [org.junit.Test] zero00790
2016-08-04 20:04:16,339 INFO [org.junit.Test] zero00791
2016-08-04 20:04:16,339 INFO [org.junit.Test] zero00792
2016-08-04 20:04:16,339 INFO [org.junit.Test] zero00793
2016-08-04 20:04:16,339 INFO [org.junit.Test] zero00794
2016-08-04 20:04:16,339 INFO [org.junit.Test] zero00795
2016-08-04 20:04:16,339 INFO [org.junit.Test] zero00796
2016-08-04 20:04:16,339 INFO [org.junit.Test] zero00797
2016-08-04 20:04:16,339 INFO [org.junit.Test] zero00798
2016-08-04 20:04:16,339 INFO [org.junit.Test] zero00799
2016-08-04 20:04:16,339 INFO [org.junit.Test] zero00800
2016-08-04 20:04:16,339 INFO [org.junit.Test] zero00801
2016-08-04 20:04:16,339 INFO [org.junit.Test] zero00802
2016-08-04 20:04:16,339 INFO [org.junit.Test] zero00803
2016-08-04 20:04:16,339 INFO [org.junit.Test] zero00804
2016-08-04 20:04:16,339 INFO [org.junit.Test] zero00805
2016-08-04 20:04:16,339 INFO [org.junit.Test] zero00806
2016-08-04 20:04:16,339 INFO [org.junit.Test] zero00807
2016-08-04 20:04:16,339 INFO [org.junit.Test] zero00808
2016-08-04 20:04:16,339 INFO [org.junit.Test] zero00809
2016-08-04 20:04:16,339 INFO [org.junit.Test] zero00810
2016-08-04 20:04:16,339 INFO [org.junit.Test] zero00811
2016-08-04 20:04:16,339 INFO [org.junit.Test] zero00812
2016-08-04 20:04:16,339 INFO [org.junit.Test] zero00813
2016-08-04 20:04:16,339 INFO [org.junit.Test] zero00814
2016-08-04 20:04:16,339 INFO [org.junit.Test] zero00815
2016-08-04 20:04:16,339 INFO [org.junit.Test] zero00816
2016-08-04 20:04:16,339 INFO [org.junit.Test] zero00817
2016-08-04 20:04:16,339 INFO [org.junit.Test] zero00818
2016-08-04 20:04:16,339 INFO [org.junit.Test] zero00819
2016-08-04 20:04:16,339 INFO [org.junit.Test] zero00820
2016-08-04 20:04:16,339 INFO [org.junit.Test] zero00821
2016-08-04 20:04:16,339 INFO [org.junit.Test] zero00822
2016-08-04 20:04:16,339 INFO [org.junit.Test] zero00823
2016-08-04 20:04:16,339 INFO [org.junit.Test] zero00824
2016-08-04 20:04:16,339 INFO [org.junit.Test] zero00825
2016-08-04 20:04:16,339 INFO [org.junit.Test] zero00826
2016-08-04 20:04:16,339 INFO [org.junit.Test] zero00827
2016-08-04 20:04:16,339 INFO [org.junit.Test] zero00828
2016-08-04 20:04:16,339 INFO [org.junit.Test] zero00829
2016-08-04 20:04:16,339 INFO [org.junit.Test] zero00830
2016-08-04 20:04:16,339 INFO [org.junit.Test] zero00831
2016-08-04 20:04:16,339 INFO [org.junit.Test] zero00832
2016-08-04 20:04:16,339 INFO [org.junit.Test] zero00833
2016-08-04 20:04:16,339 INFO [org.junit.Test] zero00834
2016-08-04 20:04:16,339 INFO [org.junit.Test] zero00835
2016-08-04 20:04:16,339 INFO [org.junit.Test] zero00836
2016-08-04 20:04:16,339 INFO [org.junit.Test] zero00837
2016-08-04 20:04:16,339 INFO [org.junit.Test] zero00838
2016-08-04 20:04:16,339 INFO [org.junit.Test] zero00839
2016-08-04 20:04:16,339 INFO [org.junit.Test] zero00840
2016-08-04 20:04:16,339 INFO [org.junit.Test] zero00841
2016-08-04 20:04:16,339 INFO [org.junit.Test] zero00842
2016-08-04 20:04:16,339 INFO [org.junit.Test] zero00843
2016-08-04 20:04:16,339 INFO [org.junit.Test] zero00844
2016-08-04 20:04:16,339 INFO [org.junit.Test] zero00845
2016-08-04 20:04:16,339 INFO [org.junit.Test] zero00846
2016-08-04 20:04:16,339 INFO [org.junit.Test] zero00847
2016-08-04 20:04:16,339 INFO [org.junit.Test] zero00848
2016-08-04 20:04:16,339 INFO [org.junit.Test] zero00849
2016-08-04 20:04:16,339 INFO [org.junit.Test] zero00850
2016-08-04 20:04:16,339 INFO [org.junit.Test] zero00851
2016-08-04 20:04:16,339 INFO [org.junit.Test] zero00852
2016-08-04 20:04:16,339 INFO [org.junit.Test] zero00853
2016-08-04 20:04:16,339 INFO [org.junit.Test] zero00854
2016-08-04 20:04:16,339 INFO [org.junit.Test] zero00855
2016-08-04 20:04:16,339 INFO [org.junit.Test] zero00856
2016-08-04 20:04:16,339 INFO [org.junit.Test] zero00857
2016-08-04 20:04:16,339 INFO [org.junit.Test] zero00858
2016-08-04 20:04:16,339 INFO [org.junit.Test] zero00859
2016-08-04 20:04:16,339 INFO [org.junit.Test] zero00860
2016-08-04 20:04:16,339 INFO [org.junit.Test] zero00861
2016-08-04 20:04:16,339 INFO [org.junit.Test] zero00862
2016-08-04 20:04:16,339 INFO [org.junit.Test] zero00863
2016-08-04 20:04:16,339 INFO [org.junit.Test] zero00864
2016-08-04 20:04:16,339 INFO [org.junit.Test] zero00865
2016-08-04 20:04:16,339 INFO [org.junit.Test] zero00866
2016-08-04 20:04:16,339 INFO [org.junit.Test] zero00867
2016-08-04 20:04:16,339 INFO [org.junit.Test] zero00868
2016-08-04 20:04:16,339 INFO [org.junit.Test] zero00869
2016-08-04 20:04:16,339 INFO [org.junit.Test] zero00870
2016-08-04 20:04:16,339 INFO [org.junit.Test] zero00871
2016-08-04 20:04:16,339 INFO [org.junit.Test] zero00872
2016-08-04 20:04:16,339 INFO [org.junit.Test] zero00873
2016-08-04 20:04:16,339 INFO [org.junit.Test] zero00874
2016-08-04 20:04:16,339 INFO [org.junit.Test] zero00875
2016-08-04 20:04:16,339 INFO [org.junit.Test] zero00876
2016-08-04 20:04:16,339 INFO [org.junit.Test] zero00877
2016-08-04 20:04:16,339 INFO [org.junit.Test] zero00878
2016-08-04 20:04:16,339 INFO [org.junit.Test] zero00879
2016-08-04 20:04:16,339 INFO [org.junit.Test] zero00880
2016-08-04 20:04:16,339 INFO [org.junit.Test] zero00881
2016-08-04 20:04:16,339 INFO [org.junit.Test] zero00882
2016-08-04 20:04:16,339 INFO [org.junit.Test] zero00883
2016-08-04 20:04:16,339 INFO [org.junit.Test] zero00884
2016-08-04 20:04:16,339 INFO [org.junit.Test] zero00885
2016-08-04 20:04:16,339 INFO [org.junit.Test] zero00886
2016-08-04 20:04:16,339 INFO [org.junit.Test] zero00887
2016-08-04 20:04:16,339 INFO [org.junit.Test] zero00888
2016-08-04 20:04:16,339 INFO [org.junit.Test] zero00889
2016-08-04 20:04:16,339 INFO [org.junit.Test] zero00890
2016-08-04 20:04:16,339 INFO [org.junit.Test] zero00891
2016-08-04 20:04:16,339 INFO [org.junit.Test] zero00892
2016-08-04 20:04:16,339 INFO [org.junit.Test] zero00893
2016-08-04 20:04:16,339 INFO [org.junit.Test] zero00894
2016-08-04 20:04:16,339 INFO [org.junit.Test] zero00895
2016-08-04 20:04:16,339 INFO [org.junit.Test] zero00896
2016-08-04 20:04:16,339 INFO [org.junit.Test] zero00897
2016-08-04 20:04:16,339 INFO [org.junit.Test] zero00898
2016-08-04 20:04:16,339 INFO [org.junit.Test] zero00899
2016-08-04 20:04:16,339 INFO [org.junit.Test] zero00900
2016-08-04 20:04:16,339 INFO [org.junit.Test] zero00901
2016-08-04 20:04:16,339 INFO [org.junit.Test] zero00902
2016-08-04 20:04:16,339 INFO [org.junit.Test] zero00903
2016-08-04 20:04:16,339 INFO [org.junit.Test] zero00904
2016-08-04 20:04:16,339 INFO [org.junit.Test] zero00905
2016-08-04 20:04:16,339 INFO [org.junit.Test] zero00906
2016-08-04 20:04:16,339 INFO [org.junit.Test] zero00907
2016-08-04 20:04:16,339 INFO [org.junit.Test] zero00908
2016-08-04 20:04:16,339 INFO [org.junit.Test] zero00909
2016-08-04 20:04:16,339 INFO [org.junit.Test] zero00910
2016-08-04 20:04:16,339 INFO [org.junit.Test] zero00911
2016-08-04 20:04:16,339 INFO [org.junit.Test] zero00912
2016-08-04 20:04:16,339 INFO [org.junit.Test] zero00913
2016-08-04 20:04:16,339 INFO [org.junit.Test] zero00914
2016-08-04 20:04:16,339 INFO [org.junit.Test] zero00915
2016-08-04 20:04:16,339 INFO [org.junit.Test] zero00916
2016-08-04 20:04:16,339 INFO [org.junit.Test] zero00917
2016-08-04 20:04:16,339 INFO [org.junit.Test] zero00918
2016-08-04 20:04:16,339 INFO [org.junit.Test] zero00919
2016-08-04 20:04:16,339 INFO [org.junit.Test] zero00920
2016-08-04 20:04:16,339 INFO [org.junit.Test] zero00921
2016-08-04 20:04:16,339 INFO [org.junit.Test] zero00922
2016-08-04 20:04:16,339 INFO [org.junit.Test] zero00923
2016-08-04 20:04:16,339 INFO [org.junit.Test] zero00924
2016-08-04 20:04:16,339 INFO [org.junit.Test] zero00925
2016-08-04 20:04:16,339 INFO [org.junit.Test] zero00926
2016-08-04 20:04:16,339 INFO [org.junit.Test] zero00927
2016-08-04 20:04:16,339 INFO [org.junit.Test] zero00928
2016-08-04 20:04:16,339 INFO [org.junit.Test] zero00929
2016-08-04 20:04:16,339 INFO [org.junit.Test] zero00930
2016-08-04 20:04:16,339 INFO [org.junit.Test] zero00931
2016-08-04 20:04:16,339 INFO [org.junit.Test] zero00932
2016-08-04 20:04:16,339 INFO [org.junit.Test] zero00933
2016-08-04 20:04:16,339 INFO [org.junit.Test] zero00934
2016-08-04 20:04:16,339 INFO [org.junit.Test] zero00935
2016-08-04 20:04:16,339 INFO [org.junit.Test] zero00936
2016-08-04 20:04:16,339 INFO [org.junit.Test] zero00937
2016-08-04 20:04:16,339 INFO [org.junit.Test] zero00938
2016-08-04 20:04:16,339 INFO [org.junit.Test] zero00939
2016-08-04 20:04:16,339 INFO [org.junit.Test] zero00940
2016-08-04 20:04:16,339 INFO [org.junit.Test] zero00941
2016-08-04 20:04:16,339 INFO [org.junit.Test] zero00942
2016-08-04 20:04:16,339 INFO [org.junit.Test] zero00943
2016-08-04 20:04:16,339 INFO [org.junit.Test] zero00944
2016-08-04 20:04:16,339 INFO [org.junit.Test] zero00945
2016-08-04 20:04:16,339 INFO [org.junit.Test] zero00946
2016-08-04 20:04:16,339 INFO [org.junit.Test] zero00947
2016-08-04 20:04:16,339 INFO [org.junit.Test] zero00948
2016-08-04 20:04:16,339 INFO [org.junit.Test] zero00949
2016-08-04 20:04:16,339 INFO [org.junit.Test] zero00950
2016-08-04 20:04:16,339 INFO [org.junit.Test] zero00951
2016-08-04 20:04:16,339 INFO [org.junit.Test] zero00952
2016-08-04 20:04:16,339 INFO [org.junit.Test] zero00953
2016-08-04 20:04:16,339 INFO [org.junit.Test] zero00954
2016-08-04 20:04:16,339 INFO [org.junit.Test] zero00955
2016-08-04 20:04:16,339 INFO [org.junit.Test] zero00956
2016-08-04 20:04:16,339 INFO [org.junit.Test] zero00957
2016-08-04 20:04:16,339 INFO [org.junit.Test] zero00958
2016-08-04 20:04:16,339 INFO [org.junit.Test] zero00959
2016-08-04 20:04:16,339 INFO [org.junit.Test] zero00960
2016-08-04 20:04:16,339 INFO [org.junit.Test] zero00961
2016-08-04 20:04:16,339 INFO [org.junit.Test] zero00962
2016-08-04 20:04:16,339 INFO [org.junit.Test] zero00963
2016-08-04 20:04:16,339 INFO [org.junit.Test] zero00964
2016-08-04 20:04:16,339 INFO [org.junit.Test] zero00965
2016-08-04 20:04:16,339 INFO [org.junit.Test] zero00966
2016-08-04 20:04:16,339 INFO [org.junit.Test] zero00967
2016-08-04 20:04:16,339 INFO [org.junit.Test] zero00968
2016-08-04 20:04:16,339 INFO [org.junit.Test] zero00969
2016-08-04 20:04:16,339 INFO [org.junit.Test] zero00970
2016-08-04 20:04:16,339 INFO [org.junit.Test] zero00971
2016-08-04 20:04:16,339 INFO [org.junit.Test] zero00972
2016-08-04 20:04:16,339 INFO [org.junit.Test] zero00973
2016-08-04 20:04:16,339 INFO [org.junit.Test] zero00974
2016-08-04 20:04:16,339 INFO [org.junit.Test] zero00975
2016-08-04 20:04:16,339 INFO [org.junit.Test] zero00976
2016-08-04 20:04:16,339 INFO [org.junit.Test] zero00977
2016-08-04 20:04:16,339 INFO [org.junit.Test] zero00978
2016-08-04 20:04:16,339 INFO [org.junit.Test] zero00979
2016-08-04 20:04:16,339 INFO [org.junit.Test] zero00980
2016-08-04 20:04:16,339 INFO [org.junit.Test] zero00981
2016-08-04 20:04:16,339 INFO [org.junit.Test] zero00982
2016-08-04 20:04:16,339 INFO [org.junit.Test] zero00983
2016-08-04 20:04:16,339 INFO [org.junit.Test] zero00984
2016-08-04 20:04:16,339 INFO [org.junit.Test] zero00985
2016-08-04 20:04:16,339 INFO [org.junit.Test] zero00986
2016-08-04 20:04:16,339 INFO [org.junit.Test] zero00987
2016-08-04 20:04:16,339 INFO [org.junit.Test] zero00988
2016-08-04 20:04:16,339 INFO [org.junit.Test] zero00989
2016-08-04 20:04:16,339 INFO [org.junit.Test] zero00990
2016-08-04 20:04:16,339 INFO [org.junit.Test] zero00991
2016-08-04 20:04:16,339 INFO [org.junit.Test] zero00992
2016-08-04 20:04:16,339 INFO [org.junit.Test] zero00993
2016-08-04 20:04:16,339 INFO [org.junit.Test] zero00994
2016-08-04 20:04:16,339 INFO [org.junit.Test] zero00995
2016-08-04 20:04:16,339 INFO [org.junit.Test] zero00996
2016-08-04 20:04:16,339 INFO [org.junit.Test] zero00997
2016-08-04 20:04:16,339 INFO [org.junit.Test] zero00998
2016-08-04 20:04:16,339 INFO [org.junit.Test] zero00999
2016-08-04 20:04:19,340 INFO [org.junit.Test] zero000
2016-08-04 20:04:19,340 INFO [org.junit.Test] zero001
2016-08-04 20:04:19,340 INFO [org.junit.Test] zero002
2016-08-04 20:04:19,340 INFO [org.junit.Test] zero003
2016-08-04 20:04:19,340 INFO [org.junit.Test] zero004
2016-08-04 20:04:19,340 INFO [org.junit.Test] zero005
2016-08-04 20:04:19,340 INFO [org.junit.Test] zero006
2016-08-04 20:04:19,340 INFO [org.junit.Test] zero007
2016-08-04 20:04:19,340 INFO [org.junit.Test] zero008
2016-08-04 20:04:19,340 INFO [org.junit.Test] zero009
2016-08-04 20:04:19,340 INFO [org.junit.Test] zero0010
2016-08-04 20:04:19,340 INFO [org.junit.Test] zero0011
2016-08-04 20:04:19,340 INFO [org.junit.Test] zero0012
2016-08-04 20:04:19,340 INFO [org.junit.Test] zero0013
2016-08-04 20:04:19,340 INFO [org.junit.Test] zero0014
2016-08-04 20:04:19,340 INFO [org.junit.Test] zero0015
2016-08-04 20:04:19,340 INFO [org.junit.Test] zero0016
2016-08-04 20:04:19,340 INFO [org.junit.Test] zero0017
2016-08-04 20:04:19,340 INFO [org.junit.Test] zero0018
2016-08-04 20:04:19,340 INFO [org.junit.Test] zero0019
2016-08-04 20:04:19,340 INFO [org.junit.Test] zero0020
2016-08-04 20:04:19,340 INFO [org.junit.Test] zero0021
2016-08-04 20:04:19,340 INFO [org.junit.Test] zero0022
2016-08-04 20:04:19,340 INFO [org.junit.Test] zero0023
2016-08-04 20:04:19,340 INFO [org.junit.Test] zero0024
2016-08-04 20:04:19,340 INFO [org.junit.Test] zero0025
2016-08-04 20:04:19,340 INFO [org.junit.Test] zero0026
2016-08-04 20:04:19,340 INFO [org.junit.Test] zero0027
2016-08-04 20:04:19,340 INFO [org.junit.Test] zero0028
2016-08-04 20:04:19,340 INFO [org.junit.Test] zero0029
2016-08-04 20:04:19,340 INFO [org.junit.Test] zero0030
2016-08-04 20:04:19,340 INFO [org.junit.Test] zero0031
2016-08-04 20:04:19,340 INFO [org.junit.Test] zero0032
2016-08-04 20:04:19,340 INFO [org.junit.Test] zero0033
2016-08-04 20:04:19,340 INFO [org.junit.Test] zero0034
2016-08-04 20:04:19,340 INFO [org.junit.Test] zero0035
2016-08-04 20:04:19,340 INFO [org.junit.Test] zero0036
2016-08-04 20:04:19,340 INFO [org.junit.Test] zero0037
2016-08-04 20:04:19,340 INFO [org.junit.Test] zero0038
2016-08-04 20:04:19,340 INFO [org.junit.Test] zero0039
2016-08-04 20:04:19,340 INFO [org.junit.Test] zero0040
2016-08-04 20:04:19,340 INFO [org.junit.Test] zero0041
2016-08-04 20:04:19,340 INFO [org.junit.Test] zero0042
2016-08-04 20:04:19,340 INFO [org.junit.Test] zero0043
2016-08-04 20:04:19,340 INFO [org.junit.Test] zero0044
2016-08-04 20:04:19,340 INFO [org.junit.Test] zero0045
2016-08-04 20:04:19,340 INFO [org.junit.Test] zero0046
2016-08-04 20:04:19,340 INFO [org.junit.Test] zero0047
2016-08-04 20:04:19,340 INFO [org.junit.Test] zero0048
2016-08-04 20:04:19,340 INFO [org.junit.Test] zero0049
2016-08-04 20:04:19,340 INFO [org.junit.Test] zero0050
2016-08-04 20:04:19,340 INFO [org.junit.Test] zero0051
2016-08-04 20:04:19,340 INFO [org.junit.Test] zero0052
2016-08-04 20:04:19,340 INFO [org.junit.Test] zero0053
2016-08-04 20:04:19,340 INFO [org.junit.Test] zero0054
2016-08-04 20:04:19,340 INFO [org.junit.Test] zero0055
2016-08-04 20:04:19,340 INFO [org.junit.Test] zero0056
2016-08-04 20:04:19,340 INFO [org.junit.Test] zero0057
2016-08-04 20:04:19,340 INFO [org.junit.Test] zero0058
2016-08-04 20:04:19,340 INFO [org.junit.Test] zero0059
2016-08-04 20:04:19,340 INFO [org.junit.Test] zero0060
2016-08-04 20:04:19,340 INFO [org.junit.Test] zero0061
2016-08-04 20:04:19,340 INFO [org.junit.Test] zero0062
2016-08-04 20:04:19,340 INFO [org.junit.Test] zero0063
2016-08-04 20:04:19,340 INFO [org.junit.Test] zero0064
2016-08-04 20:04:19,340 INFO [org.junit.Test] zero0065
2016-08-04 20:04:19,340 INFO [org.junit.Test] zero0066
2016-08-04 20:04:19,340 INFO [org.junit.Test] zero0067
2016-08-04 20:04:19,340 INFO [org.junit.Test] zero0068
2016-08-04 20:04:19,340 INFO [org.junit.Test] zero0069
2016-08-04 20:04:19,340 INFO [org.junit.Test] zero0070
2016-08-04 20:04:19,340 INFO [org.junit.Test] zero0071
2016-08-04 20:04:19,340 INFO [org.junit.Test] zero0072
2016-08-04 20:04:19,340 INFO [org.junit.Test] zero0073
2016-08-04 20:04:19,340 INFO [org.junit.Test] zero0074
2016-08-04 20:04:19,340 INFO [org.junit.Test] zero0075
2016-08-04 20:04:19,340 INFO [org.junit.Test] zero0076
2016-08-04 20:04:19,340 INFO [org.junit.Test] zero0077
2016-08-04 20:04:19,340 INFO [org.junit.Test] zero0078
2016-08-04 20:04:19,340 INFO [org.junit.Test] zero0079
2016-08-04 20:04:19,340 INFO [org.junit.Test] zero0080
2016-08-04 20:04:19,340 INFO [org.junit.Test] zero0081
2016-08-04 20:04:19,340 INFO [org.junit.Test] zero0082
2016-08-04 20:04:19,340 INFO [org.junit.Test] zero0083
2016-08-04 20:04:19,340 INFO [org.junit.Test] zero0084
2016-08-04 20:04:19,340 INFO [org.junit.Test] zero0085
2016-08-04 20:04:19,340 INFO [org.junit.Test] zero0086
2016-08-04 20:04:19,340 INFO [org.junit.Test] zero0087
2016-08-04 20:04:19,340 INFO [org.junit.Test] zero0088
2016-08-04 20:04:19,340 INFO [org.junit.Test] zero0089
2016-08-04 20:04:19,340 INFO [org.junit.Test] zero0090
2016-08-04 20:04:19,340 INFO [org.junit.Test] zero0091
2016-08-04 20:04:19,340 INFO [org.junit.Test] zero0092
2016-08-04 20:04:19,340 INFO [org.junit.Test] zero0093
2016-08-04 20:04:19,340 INFO [org.junit.Test] zero0094
2016-08-04 20:04:19,340 INFO [org.junit.Test] zero0095
2016-08-04 20:04:19,340 INFO [org.junit.Test] zero0096
2016-08-04 20:04:19,340 INFO [org.junit.Test] zero0097
2016-08-04 20:04:19,340 INFO [org.junit.Test] zero0098
2016-08-04 20:04:19,340 INFO [org.junit.Test] zero0099
2016-08-04 20:04:19,340 INFO [org.junit.Test] zero00100
2016-08-04 20:04:19,340 INFO [org.junit.Test] zero00101
2016-08-04 20:04:19,340 INFO [org.junit.Test] zero00102
2016-08-04 20:04:19,340 INFO [org.junit.Test] zero00103
2016-08-04 20:04:19,340 INFO [org.junit.Test] zero00104
2016-08-04 20:04:19,340 INFO [org.junit.Test] zero00105
2016-08-04 20:04:19,340 INFO [org.junit.Test] zero00106
2016-08-04 20:04:19,340 INFO [org.junit.Test] zero00107
2016-08-04 20:04:19,340 INFO [org.junit.Test] zero00108
2016-08-04 20:04:19,340 INFO [org.junit.Test] zero00109
2016-08-04 20:04:19,340 INFO [org.junit.Test] zero00110
2016-08-04 20:04:19,340 INFO [org.junit.Test] zero00111
2016-08-04 20:04:19,340 INFO [org.junit.Test] zero00112
2016-08-04 20:04:19,340 INFO [org.junit.Test] zero00113
2016-08-04 20:04:19,340 INFO [org.junit.Test] zero00114
2016-08-04 20:04:19,340 INFO [org.junit.Test] zero00115
2016-08-04 20:04:19,340 INFO [org.junit.Test] zero00116
2016-08-04 20:04:19,340 INFO [org.junit.Test] zero00117
2016-08-04 20:04:19,340 INFO [org.junit.Test] zero00118
2016-08-04 20:04:19,340 INFO [org.junit.Test] zero00119
2016-08-04 20:04:19,340 INFO [org.junit.Test] zero00120
2016-08-04 20:04:19,340 INFO [org.junit.Test] zero00121
2016-08-04 20:04:19,340 INFO [org.junit.Test] zero00122
2016-08-04 20:04:19,340 INFO [org.junit.Test] zero00123
2016-08-04 20:04:19,340 INFO [org.junit.Test] zero00124
2016-08-04 20:04:19,340 INFO [org.junit.Test] zero00125
2016-08-04 20:04:19,340 INFO [org.junit.Test] zero00126
2016-08-04 20:04:19,340 INFO [org.junit.Test] zero00127
2016-08-04 20:04:19,340 INFO [org.junit.Test] zero00128
2016-08-04 20:04:19,340 INFO [org.junit.Test] zero00129
2016-08-04 20:04:19,340 INFO [org.junit.Test] zero00130
2016-08-04 20:04:19,340 INFO [org.junit.Test] zero00131
2016-08-04 20:04:19,340 INFO [org.junit.Test] zero00132
2016-08-04 20:04:19,340 INFO [org.junit.Test] zero00133
2016-08-04 20:04:19,340 INFO [org.junit.Test] zero00134
2016-08-04 20:04:19,340 INFO [org.junit.Test] zero00135
2016-08-04 20:04:19,340 INFO [org.junit.Test] zero00136
2016-08-04 20:04:19,340 INFO [org.junit.Test] zero00137
2016-08-04 20:04:19,340 INFO [org.junit.Test] zero00138
2016-08-04 20:04:19,340 INFO [org.junit.Test] zero00139
2016-08-04 20:04:19,340 INFO [org.junit.Test] zero00140
2016-08-04 20:04:19,340 INFO [org.junit.Test] zero00141
2016-08-04 20:04:19,340 INFO [org.junit.Test] zero00142
2016-08-04 20:04:19,340 INFO [org.junit.Test] zero00143
2016-08-04 20:04:19,340 INFO [org.junit.Test] zero00144
2016-08-04 20:04:19,340 INFO [org.junit.Test] zero00145
2016-08-04 20:04:19,340 INFO [org.junit.Test] zero00146
2016-08-04 20:04:19,340 INFO [org.junit.Test] zero00147
2016-08-04 20:04:19,340 INFO [org.junit.Test] zero00148
2016-08-04 20:04:19,340 INFO [org.junit.Test] zero00149
2016-08-04 20:04:19,340 INFO [org.junit.Test] zero00150
2016-08-04 20:04:19,340 INFO [org.junit.Test] zero00151
2016-08-04 20:04:19,340 INFO [org.junit.Test] zero00152
2016-08-04 20:04:19,340 INFO [org.junit.Test] zero00153
2016-08-04 20:04:19,340 INFO [org.junit.Test] zero00154
2016-08-04 20:04:19,340 INFO [org.junit.Test] zero00155
2016-08-04 20:04:19,340 INFO [org.junit.Test] zero00156
2016-08-04 20:04:19,340 INFO [org.junit.Test] zero00157
2016-08-04 20:04:19,340 INFO [org.junit.Test] zero00158
2016-08-04 20:04:19,340 INFO [org.junit.Test] zero00159
2016-08-04 20:04:19,340 INFO [org.junit.Test] zero00160
2016-08-04 20:04:19,340 INFO [org.junit.Test] zero00161
2016-08-04 20:04:19,340 INFO [org.junit.Test] zero00162
2016-08-04 20:04:19,340 INFO [org.junit.Test] zero00163
2016-08-04 20:04:19,340 INFO [org.junit.Test] zero00164
2016-08-04 20:04:19,340 INFO [org.junit.Test] zero00165
2016-08-04 20:04:19,340 INFO [org.junit.Test] zero00166
2016-08-04 20:04:19,340 INFO [org.junit.Test] zero00167
2016-08-04 20:04:19,340 INFO [org.junit.Test] zero00168
2016-08-04 20:04:19,340 INFO [org.junit.Test] zero00169
2016-08-04 20:04:19,340 INFO [org.junit.Test] zero00170
2016-08-04 20:04:19,340 INFO [org.junit.Test] zero00171
2016-08-04 20:04:19,340 INFO [org.junit.Test] zero00172
2016-08-04 20:04:19,340 INFO [org.junit.Test] zero00173
2016-08-04 20:04:19,340 INFO [org.junit.Test] zero00174
2016-08-04 20:04:19,340 INFO [org.junit.Test] zero00175
2016-08-04 20:04:19,340 INFO [org.junit.Test] zero00176
2016-08-04 20:04:19,340 INFO [org.junit.Test] zero00177
2016-08-04 20:04:19,340 INFO [org.junit.Test] zero00178
2016-08-04 20:04:19,340 INFO [org.junit.Test] zero00179
2016-08-04 20:04:19,340 INFO [org.junit.Test] zero00180
2016-08-04 20:04:19,340 INFO [org.junit.Test] zero00181
2016-08-04 20:04:19,340 INFO [org.junit.Test] zero00182
2016-08-04 20:04:19,340 INFO [org.junit.Test] zero00183
2016-08-04 20:04:19,340 INFO [org.junit.Test] zero00184
2016-08-04 20:04:19,340 INFO [org.junit.Test] zero00185
2016-08-04 20:04:19,340 INFO [org.junit.Test] zero00186
2016-08-04 20:04:19,340 INFO [org.junit.Test] zero00187
2016-08-04 20:04:19,340 INFO [org.junit.Test] zero00188
2016-08-04 20:04:19,340 INFO [org.junit.Test] zero00189
2016-08-04 20:04:19,340 INFO [org.junit.Test] zero00190
2016-08-04 20:04:19,340 INFO [org.junit.Test] zero00191
2016-08-04 20:04:19,340 INFO [org.junit.Test] zero00192
2016-08-04 20:04:19,340 INFO [org.junit.Test] zero00193
2016-08-04 20:04:19,340 INFO [org.junit.Test] zero00194
2016-08-04 20:04:19,340 INFO [org.junit.Test] zero00195
2016-08-04 20:04:19,340 INFO [org.junit.Test] zero00196
2016-08-04 20:04:19,340 INFO [org.junit.Test] zero00197
2016-08-04 20:04:19,340 INFO [org.junit.Test] zero00198
2016-08-04 20:04:19,340 INFO [org.junit.Test] zero00199
2016-08-04 20:04:19,340 INFO [org.junit.Test] zero00200
2016-08-04 20:04:19,340 INFO [org.junit.Test] zero00201
2016-08-04 20:04:19,340 INFO [org.junit.Test] zero00202
2016-08-04 20:04:19,340 INFO [org.junit.Test] zero00203
2016-08-04 20:04:19,340 INFO [org.junit.Test] zero00204
2016-08-04 20:04:19,340 INFO [org.junit.Test] zero00205
2016-08-04 20:04:19,340 INFO [org.junit.Test] zero00206
2016-08-04 20:04:19,340 INFO [org.junit.Test] zero00207
2016-08-04 20:04:19,340 INFO [org.junit.Test] zero00208
2016-08-04 20:04:19,341 INFO [org.junit.Test] zero00209
2016-08-04 20:04:19,341 INFO [org.junit.Test] zero00210
2016-08-04 20:04:19,341 INFO [org.junit.Test] zero00211
2016-08-04 20:04:19,341 INFO [org.junit.Test] zero00212
2016-08-04 20:04:19,341 INFO [org.junit.Test] zero00213
2016-08-04 20:04:19,341 INFO [org.junit.Test] zero00214
2016-08-04 20:04:19,341 INFO [org.junit.Test] zero00215
2016-08-04 20:04:19,341 INFO [org.junit.Test] zero00216
2016-08-04 20:04:19,341 INFO [org.junit.Test] zero00217
2016-08-04 20:04:19,341 INFO [org.junit.Test] zero00218
2016-08-04 20:04:19,341 INFO [org.junit.Test] zero00219
2016-08-04 20:04:19,341 INFO [org.junit.Test] zero00220
2016-08-04 20:04:19,341 INFO [org.junit.Test] zero00221
2016-08-04 20:04:19,341 INFO [org.junit.Test] zero00222
2016-08-04 20:04:19,341 INFO [org.junit.Test] zero00223
2016-08-04 20:04:19,341 INFO [org.junit.Test] zero00224
2016-08-04 20:04:19,341 INFO [org.junit.Test] zero00225
2016-08-04 20:04:19,341 INFO [org.junit.Test] zero00226
2016-08-04 20:04:19,341 INFO [org.junit.Test] zero00227
2016-08-04 20:04:19,341 INFO [org.junit.Test] zero00228
2016-08-04 20:04:19,341 INFO [org.junit.Test] zero00229
2016-08-04 20:04:19,341 INFO [org.junit.Test] zero00230
2016-08-04 20:04:19,341 INFO [org.junit.Test] zero00231
2016-08-04 20:04:19,341 INFO [org.junit.Test] zero00232
2016-08-04 20:04:19,341 INFO [org.junit.Test] zero00233
2016-08-04 20:04:19,341 INFO [org.junit.Test] zero00234
2016-08-04 20:04:19,341 INFO [org.junit.Test] zero00235
2016-08-04 20:04:19,341 INFO [org.junit.Test] zero00236
2016-08-04 20:04:19,341 INFO [org.junit.Test] zero00237
2016-08-04 20:04:19,341 INFO [org.junit.Test] zero00238
2016-08-04 20:04:19,341 INFO [org.junit.Test] zero00239
2016-08-04 20:04:19,341 INFO [org.junit.Test] zero00240
2016-08-04 20:04:19,341 INFO [org.junit.Test] zero00241
2016-08-04 20:04:19,341 INFO [org.junit.Test] zero00242
2016-08-04 20:04:19,341 INFO [org.junit.Test] zero00243
2016-08-04 20:04:19,341 INFO [org.junit.Test] zero00244
2016-08-04 20:04:19,341 INFO [org.junit.Test] zero00245
2016-08-04 20:04:19,341 INFO [org.junit.Test] zero00246
2016-08-04 20:04:19,341 INFO [org.junit.Test] zero00247
2016-08-04 20:04:19,341 INFO [org.junit.Test] zero00248
2016-08-04 20:04:19,341 INFO [org.junit.Test] zero00249
2016-08-04 20:04:19,341 INFO [org.junit.Test] zero00250
2016-08-04 20:04:19,341 INFO [org.junit.Test] zero00251
2016-08-04 20:04:19,341 INFO [org.junit.Test] zero00252
2016-08-04 20:04:19,341 INFO [org.junit.Test] zero00253
2016-08-04 20:04:19,341 INFO [org.junit.Test] zero00254
2016-08-04 20:04:19,341 INFO [org.junit.Test] zero00255
2016-08-04 20:04:19,341 INFO [org.junit.Test] zero00256
2016-08-04 20:04:19,341 INFO [org.junit.Test] zero00257
2016-08-04 20:04:19,341 INFO [org.junit.Test] zero00258
2016-08-04 20:04:19,341 INFO [org.junit.Test] zero00259
2016-08-04 20:04:19,341 INFO [org.junit.Test] zero00260
2016-08-04 20:04:19,341 INFO [org.junit.Test] zero00261
2016-08-04 20:04:19,341 INFO [org.junit.Test] zero00262
2016-08-04 20:04:19,341 INFO [org.junit.Test] zero00263
2016-08-04 20:04:19,341 INFO [org.junit.Test] zero00264
2016-08-04 20:04:19,341 INFO [org.junit.Test] zero00265
2016-08-04 20:04:19,341 INFO [org.junit.Test] zero00266
2016-08-04 20:04:19,341 INFO [org.junit.Test] zero00267
2016-08-04 20:04:19,341 INFO [org.junit.Test] zero00268
2016-08-04 20:04:19,341 INFO [org.junit.Test] zero00269
2016-08-04 20:04:19,341 INFO [org.junit.Test] zero00270
2016-08-04 20:04:19,341 INFO [org.junit.Test] zero00271
2016-08-04 20:04:19,341 INFO [org.junit.Test] zero00272
2016-08-04 20:04:19,341 INFO [org.junit.Test] zero00273
2016-08-04 20:04:19,341 INFO [org.junit.Test] zero00274
2016-08-04 20:04:19,341 INFO [org.junit.Test] zero00275
2016-08-04 20:04:19,341 INFO [org.junit.Test] zero00276
2016-08-04 20:04:19,341 INFO [org.junit.Test] zero00277
2016-08-04 20:04:19,341 INFO [org.junit.Test] zero00278
2016-08-04 20:04:19,341 INFO [org.junit.Test] zero00279
2016-08-04 20:04:19,341 INFO [org.junit.Test] zero00280
2016-08-04 20:04:19,341 INFO [org.junit.Test] zero00281
2016-08-04 20:04:19,341 INFO [org.junit.Test] zero00282
2016-08-04 20:04:19,341 INFO [org.junit.Test] zero00283
2016-08-04 20:04:19,341 INFO [org.junit.Test] zero00284
2016-08-04 20:04:19,341 INFO [org.junit.Test] zero00285
2016-08-04 20:04:19,341 INFO [org.junit.Test] zero00286
2016-08-04 20:04:19,341 INFO [org.junit.Test] zero00287
2016-08-04 20:04:19,341 INFO [org.junit.Test] zero00288
2016-08-04 20:04:19,341 INFO [org.junit.Test] zero00289
2016-08-04 20:04:19,341 INFO [org.junit.Test] zero00290
2016-08-04 20:04:19,341 INFO [org.junit.Test] zero00291
2016-08-04 20:04:19,341 INFO [org.junit.Test] zero00292
2016-08-04 20:04:19,341 INFO [org.junit.Test] zero00293
2016-08-04 20:04:19,341 INFO [org.junit.Test] zero00294
2016-08-04 20:04:19,341 INFO [org.junit.Test] zero00295
2016-08-04 20:04:19,341 INFO [org.junit.Test] zero00296
2016-08-04 20:04:19,341 INFO [org.junit.Test] zero00297
2016-08-04 20:04:19,341 INFO [org.junit.Test] zero00298
2016-08-04 20:04:19,341 INFO [org.junit.Test] zero00299
2016-08-04 20:04:19,341 INFO [org.junit.Test] zero00300
2016-08-04 20:04:19,341 INFO [org.junit.Test] zero00301
2016-08-04 20:04:19,341 INFO [org.junit.Test] zero00302
2016-08-04 20:04:19,341 INFO [org.junit.Test] zero00303
2016-08-04 20:04:19,341 INFO [org.junit.Test] zero00304
2016-08-04 20:04:19,341 INFO [org.junit.Test] zero00305
2016-08-04 20:04:19,341 INFO [org.junit.Test] zero00306
2016-08-04 20:04:19,341 INFO [org.junit.Test] zero00307
2016-08-04 20:04:19,341 INFO [org.junit.Test] zero00308
2016-08-04 20:04:19,341 INFO [org.junit.Test] zero00309
2016-08-04 20:04:19,341 INFO [org.junit.Test] zero00310
2016-08-04 20:04:19,341 INFO [org.junit.Test] zero00311
2016-08-04 20:04:19,341 INFO [org.junit.Test] zero00312
2016-08-04 20:04:19,341 INFO [org.junit.Test] zero00313
2016-08-04 20:04:19,341 INFO [org.junit.Test] zero00314
2016-08-04 20:04:19,341 INFO [org.junit.Test] zero00315
2016-08-04 20:04:19,341 INFO [org.junit.Test] zero00316
2016-08-04 20:04:19,341 INFO [org.junit.Test] zero00317
2016-08-04 20:04:19,341 INFO [org.junit.Test] zero00318
2016-08-04 20:04:19,341 INFO [org.junit.Test] zero00319
2016-08-04 20:04:19,341 INFO [org.junit.Test] zero00320
2016-08-04 20:04:19,341 INFO [org.junit.Test] zero00321
2016-08-04 20:04:19,341 INFO [org.junit.Test] zero00322
2016-08-04 20:04:19,341 INFO [org.junit.Test] zero00323
2016-08-04 20:04:19,341 INFO [org.junit.Test] zero00324
2016-08-04 20:04:19,341 INFO [org.junit.Test] zero00325
2016-08-04 20:04:19,341 INFO [org.junit.Test] zero00326
2016-08-04 20:04:19,341 INFO [org.junit.Test] zero00327
2016-08-04 20:04:19,341 INFO [org.junit.Test] zero00328
2016-08-04 20:04:19,341 INFO [org.junit.Test] zero00329
2016-08-04 20:04:19,341 INFO [org.junit.Test] zero00330
2016-08-04 20:04:19,341 INFO [org.junit.Test] zero00331
2016-08-04 20:04:19,341 INFO [org.junit.Test] zero00332
2016-08-04 20:04:19,341 INFO [org.junit.Test] zero00333
2016-08-04 20:04:19,341 INFO [org.junit.Test] zero00334
2016-08-04 20:04:19,341 INFO [org.junit.Test] zero00335
2016-08-04 20:04:19,341 INFO [org.junit.Test] zero00336
2016-08-04 20:04:19,341 INFO [org.junit.Test] zero00337
2016-08-04 20:04:19,341 INFO [org.junit.Test] zero00338
2016-08-04 20:04:19,341 INFO [org.junit.Test] zero00339
2016-08-04 20:04:19,341 INFO [org.junit.Test] zero00340
2016-08-04 20:04:19,341 INFO [org.junit.Test] zero00341
2016-08-04 20:04:19,341 INFO [org.junit.Test] zero00342
2016-08-04 20:04:19,341 INFO [org.junit.Test] zero00343
2016-08-04 20:04:19,341 INFO [org.junit.Test] zero00344
2016-08-04 20:04:19,341 INFO [org.junit.Test] zero00345
2016-08-04 20:04:19,341 INFO [org.junit.Test] zero00346
2016-08-04 20:04:19,341 INFO [org.junit.Test] zero00347
2016-08-04 20:04:19,341 INFO [org.junit.Test] zero00348
2016-08-04 20:04:19,341 INFO [org.junit.Test] zero00349
2016-08-04 20:04:19,341 INFO [org.junit.Test] zero00350
2016-08-04 20:04:19,341 INFO [org.junit.Test] zero00351
2016-08-04 20:04:19,341 INFO [org.junit.Test] zero00352
2016-08-04 20:04:19,341 INFO [org.junit.Test] zero00353
2016-08-04 20:04:19,341 INFO [org.junit.Test] zero00354
2016-08-04 20:04:19,341 INFO [org.junit.Test] zero00355
2016-08-04 20:04:19,341 INFO [org.junit.Test] zero00356
2016-08-04 20:04:19,341 INFO [org.junit.Test] zero00357
2016-08-04 20:04:19,341 INFO [org.junit.Test] zero00358
2016-08-04 20:04:19,341 INFO [org.junit.Test] zero00359
2016-08-04 20:04:19,341 INFO [org.junit.Test] zero00360
2016-08-04 20:04:19,341 INFO [org.junit.Test] zero00361
2016-08-04 20:04:19,341 INFO [org.junit.Test] zero00362
2016-08-04 20:04:19,341 INFO [org.junit.Test] zero00363
2016-08-04 20:04:19,341 INFO [org.junit.Test] zero00364
2016-08-04 20:04:19,341 INFO [org.junit.Test] zero00365
2016-08-04 20:04:19,341 INFO [org.junit.Test] zero00366
2016-08-04 20:04:19,341 INFO [org.junit.Test] zero00367
2016-08-04 20:04:19,341 INFO [org.junit.Test] zero00368
2016-08-04 20:04:19,341 INFO [org.junit.Test] zero00369
2016-08-04 20:04:19,341 INFO [org.junit.Test] zero00370
2016-08-04 20:04:19,341 INFO [org.junit.Test] zero00371
2016-08-04 20:04:19,341 INFO [org.junit.Test] zero00372
2016-08-04 20:04:19,341 INFO [org.junit.Test] zero00373
2016-08-04 20:04:19,341 INFO [org.junit.Test] zero00374
2016-08-04 20:04:19,341 INFO [org.junit.Test] zero00375
2016-08-04 20:04:19,341 INFO [org.junit.Test] zero00376
2016-08-04 20:04:19,341 INFO [org.junit.Test] zero00377
2016-08-04 20:04:19,341 INFO [org.junit.Test] zero00378
2016-08-04 20:04:19,341 INFO [org.junit.Test] zero00379
2016-08-04 20:04:19,341 INFO [org.junit.Test] zero00380
2016-08-04 20:04:19,341 INFO [org.junit.Test] zero00381
2016-08-04 20:04:19,341 INFO [org.junit.Test] zero00382
2016-08-04 20:04:19,341 INFO [org.junit.Test] zero00383
2016-08-04 20:04:19,341 INFO [org.junit.Test] zero00384
2016-08-04 20:04:19,341 INFO [org.junit.Test] zero00385
2016-08-04 20:04:19,341 INFO [org.junit.Test] zero00386
2016-08-04 20:04:19,341 INFO [org.junit.Test] zero00387
2016-08-04 20:04:19,341 INFO [org.junit.Test] zero00388
2016-08-04 20:04:19,341 INFO [org.junit.Test] zero00389
2016-08-04 20:04:19,341 INFO [org.junit.Test] zero00390
2016-08-04 20:04:19,341 INFO [org.junit.Test] zero00391
2016-08-04 20:04:19,341 INFO [org.junit.Test] zero00392
2016-08-04 20:04:19,341 INFO [org.junit.Test] zero00393
2016-08-04 20:04:19,341 INFO [org.junit.Test] zero00394
2016-08-04 20:04:19,341 INFO [org.junit.Test] zero00395
2016-08-04 20:04:19,341 INFO [org.junit.Test] zero00396
2016-08-04 20:04:19,341 INFO [org.junit.Test] zero00397
2016-08-04 20:04:19,341 INFO [org.junit.Test] zero00398
2016-08-04 20:04:19,341 INFO [org.junit.Test] zero00399
2016-08-04 20:04:19,341 INFO [org.junit.Test] zero00400
2016-08-04 20:04:19,341 INFO [org.junit.Test] zero00401
2016-08-04 20:04:19,341 INFO [org.junit.Test] zero00402
2016-08-04 20:04:19,341 INFO [org.junit.Test] zero00403
2016-08-04 20:04:19,341 INFO [org.junit.Test] zero00404
2016-08-04 20:04:19,341 INFO [org.junit.Test] zero00405
2016-08-04 20:04:19,341 INFO [org.junit.Test] zero00406
2016-08-04 20:04:19,341 INFO [org.junit.Test] zero00407
2016-08-04 20:04:19,341 INFO [org.junit.Test] zero00408
2016-08-04 20:04:19,341 INFO [org.junit.Test] zero00409
2016-08-04 20:04:19,341 INFO [org.junit.Test] zero00410
2016-08-04 20:04:19,341 INFO [org.junit.Test] zero00411
2016-08-04 20:04:19,341 INFO [org.junit.Test] zero00412
2016-08-04 20:04:19,341 INFO [org.junit.Test] zero00413
2016-08-04 20:04:19,341 INFO [org.junit.Test] zero00414
2016-08-04 20:04:19,341 INFO [org.junit.Test] zero00415
2016-08-04 20:04:19,341 INFO [org.junit.Test] zero00416
2016-08-04 20:04:19,341 INFO [org.junit.Test] zero00417
2016-08-04 20:04:19,341 INFO [org.junit.Test] zero00418
2016-08-04 20:04:19,341 INFO [org.junit.Test] zero00419
2016-08-04 20:04:19,341 INFO [org.junit.Test] zero00420
2016-08-04 20:04:19,341 INFO [org.junit.Test] zero00421
2016-08-04 20:04:19,341 INFO [org.junit.Test] zero00422
2016-08-04 20:04:19,341 INFO [org.junit.Test] zero00423
2016-08-04 20:04:19,341 INFO [org.junit.Test] zero00424
2016-08-04 20:04:19,341 INFO [org.junit.Test] zero00425
2016-08-04 20:04:19,341 INFO [org.junit.Test] zero00426
2016-08-04 20:04:19,341 INFO [org.junit.Test] zero00427
2016-08-04 20:04:19,341 INFO [org.junit.Test] zero00428
2016-08-04 20:04:19,341 INFO [org.junit.Test] zero00429
2016-08-04 20:04:19,341 INFO [org.junit.Test] zero00430
2016-08-04 20:04:19,342 INFO [org.junit.Test] zero00431
2016-08-04 20:04:19,342 INFO [org.junit.Test] zero00432
2016-08-04 20:04:19,342 INFO [org.junit.Test] zero00433
2016-08-04 20:04:19,342 INFO [org.junit.Test] zero00434
2016-08-04 20:04:19,342 INFO [org.junit.Test] zero00435
2016-08-04 20:04:19,342 INFO [org.junit.Test] zero00436
2016-08-04 20:04:19,342 INFO [org.junit.Test] zero00437
2016-08-04 20:04:19,342 INFO [org.junit.Test] zero00438
2016-08-04 20:04:19,342 INFO [org.junit.Test] zero00439
2016-08-04 20:04:19,342 INFO [org.junit.Test] zero00440
2016-08-04 20:04:19,342 INFO [org.junit.Test] zero00441
2016-08-04 20:04:19,342 INFO [org.junit.Test] zero00442
2016-08-04 20:04:19,342 INFO [org.junit.Test] zero00443
2016-08-04 20:04:19,342 INFO [org.junit.Test] zero00444
2016-08-04 20:04:19,342 INFO [org.junit.Test] zero00445
2016-08-04 20:04:19,342 INFO [org.junit.Test] zero00446
2016-08-04 20:04:19,342 INFO [org.junit.Test] zero00447
2016-08-04 20:04:19,342 INFO [org.junit.Test] zero00448
2016-08-04 20:04:19,342 INFO [org.junit.Test] zero00449
2016-08-04 20:04:19,342 INFO [org.junit.Test] zero00450
2016-08-04 20:04:19,342 INFO [org.junit.Test] zero00451
2016-08-04 20:04:19,342 INFO [org.junit.Test] zero00452
2016-08-04 20:04:19,342 INFO [org.junit.Test] zero00453
2016-08-04 20:04:19,342 INFO [org.junit.Test] zero00454
2016-08-04 20:04:19,342 INFO [org.junit.Test] zero00455
2016-08-04 20:04:19,342 INFO [org.junit.Test] zero00456
2016-08-04 20:04:19,342 INFO [org.junit.Test] zero00457
2016-08-04 20:04:19,342 INFO [org.junit.Test] zero00458
2016-08-04 20:04:19,342 INFO [org.junit.Test] zero00459
2016-08-04 20:04:19,342 INFO [org.junit.Test] zero00460
2016-08-04 20:04:19,342 INFO [org.junit.Test] zero00461
2016-08-04 20:04:19,342 INFO [org.junit.Test] zero00462
2016-08-04 20:04:19,342 INFO [org.junit.Test] zero00463
2016-08-04 20:04:19,342 INFO [org.junit.Test] zero00464
2016-08-04 20:04:19,342 INFO [org.junit.Test] zero00465
2016-08-04 20:04:19,342 INFO [org.junit.Test] zero00466
2016-08-04 20:04:19,342 INFO [org.junit.Test] zero00467
2016-08-04 20:04:19,342 INFO [org.junit.Test] zero00468
2016-08-04 20:04:19,342 INFO [org.junit.Test] zero00469
2016-08-04 20:04:19,342 INFO [org.junit.Test] zero00470
2016-08-04 20:04:19,342 INFO [org.junit.Test] zero00471
2016-08-04 20:04:19,342 INFO [org.junit.Test] zero00472
2016-08-04 20:04:19,342 INFO [org.junit.Test] zero00473
2016-08-04 20:04:19,342 INFO [org.junit.Test] zero00474
2016-08-04 20:04:19,342 INFO [org.junit.Test] zero00475
2016-08-04 20:04:19,342 INFO [org.junit.Test] zero00476
2016-08-04 20:04:19,342 INFO [org.junit.Test] zero00477
2016-08-04 20:04:19,342 INFO [org.junit.Test] zero00478
2016-08-04 20:04:19,342 INFO [org.junit.Test] zero00479
2016-08-04 20:04:19,342 INFO [org.junit.Test] zero00480
2016-08-04 20:04:19,342 INFO [org.junit.Test] zero00481
2016-08-04 20:04:19,342 INFO [org.junit.Test] zero00482
2016-08-04 20:04:19,342 INFO [org.junit.Test] zero00483
2016-08-04 20:04:19,342 INFO [org.junit.Test] zero00484
2016-08-04 20:04:19,342 INFO [org.junit.Test] zero00485
2016-08-04 20:04:19,342 INFO [org.junit.Test] zero00486
2016-08-04 20:04:19,342 INFO [org.junit.Test] zero00487
2016-08-04 20:04:19,342 INFO [org.junit.Test] zero00488
2016-08-04 20:04:19,342 INFO [org.junit.Test] zero00489
2016-08-04 20:04:19,342 INFO [org.junit.Test] zero00490
2016-08-04 20:04:19,342 INFO [org.junit.Test] zero00491
2016-08-04 20:04:19,342 INFO [org.junit.Test] zero00492
2016-08-04 20:04:19,342 INFO [org.junit.Test] zero00493
2016-08-04 20:04:19,342 INFO [org.junit.Test] zero00494
2016-08-04 20:04:19,342 INFO [org.junit.Test] zero00495
2016-08-04 20:04:19,342 INFO [org.junit.Test] zero00496
2016-08-04 20:04:19,342 INFO [org.junit.Test] zero00497
2016-08-04 20:04:19,342 INFO [org.junit.Test] zero00498
2016-08-04 20:04:19,342 INFO [org.junit.Test] zero00499
2016-08-04 20:04:19,342 INFO [org.junit.Test] zero00500
2016-08-04 20:04:19,342 INFO [org.junit.Test] zero00501
2016-08-04 20:04:19,342 INFO [org.junit.Test] zero00502
2016-08-04 20:04:19,342 INFO [org.junit.Test] zero00503
2016-08-04 20:04:19,342 INFO [org.junit.Test] zero00504
2016-08-04 20:04:19,342 INFO [org.junit.Test] zero00505
2016-08-04 20:04:19,342 INFO [org.junit.Test] zero00506
2016-08-04 20:04:19,342 INFO [org.junit.Test] zero00507
2016-08-04 20:04:19,342 INFO [org.junit.Test] zero00508
2016-08-04 20:04:19,342 INFO [org.junit.Test] zero00509
2016-08-04 20:04:19,342 INFO [org.junit.Test] zero00510
2016-08-04 20:04:19,342 INFO [org.junit.Test] zero00511
2016-08-04 20:04:19,342 INFO [org.junit.Test] zero00512
2016-08-04 20:04:19,342 INFO [org.junit.Test] zero00513
2016-08-04 20:04:19,342 INFO [org.junit.Test] zero00514
2016-08-04 20:04:19,342 INFO [org.junit.Test] zero00515
2016-08-04 20:04:19,342 INFO [org.junit.Test] zero00516
2016-08-04 20:04:19,342 INFO [org.junit.Test] zero00517
2016-08-04 20:04:19,342 INFO [org.junit.Test] zero00518
2016-08-04 20:04:19,342 INFO [org.junit.Test] zero00519
2016-08-04 20:04:19,342 INFO [org.junit.Test] zero00520
2016-08-04 20:04:19,342 INFO [org.junit.Test] zero00521
2016-08-04 20:04:19,342 INFO [org.junit.Test] zero00522
2016-08-04 20:04:19,342 INFO [org.junit.Test] zero00523
2016-08-04 20:04:19,342 INFO [org.junit.Test] zero00524
2016-08-04 20:04:19,342 INFO [org.junit.Test] zero00525
2016-08-04 20:04:19,342 INFO [org.junit.Test] zero00526
2016-08-04 20:04:19,342 INFO [org.junit.Test] zero00527
2016-08-04 20:04:19,342 INFO [org.junit.Test] zero00528
2016-08-04 20:04:19,342 INFO [org.junit.Test] zero00529
2016-08-04 20:04:19,342 INFO [org.junit.Test] zero00530
2016-08-04 20:04:19,342 INFO [org.junit.Test] zero00531
2016-08-04 20:04:19,342 INFO [org.junit.Test] zero00532
2016-08-04 20:04:19,342 INFO [org.junit.Test] zero00533
2016-08-04 20:04:19,342 INFO [org.junit.Test] zero00534
2016-08-04 20:04:19,342 INFO [org.junit.Test] zero00535
2016-08-04 20:04:19,342 INFO [org.junit.Test] zero00536
2016-08-04 20:04:19,342 INFO [org.junit.Test] zero00537
2016-08-04 20:04:19,342 INFO [org.junit.Test] zero00538
2016-08-04 20:04:19,342 INFO [org.junit.Test] zero00539
2016-08-04 20:04:19,342 INFO [org.junit.Test] zero00540
2016-08-04 20:04:19,342 INFO [org.junit.Test] zero00541
2016-08-04 20:04:19,342 INFO [org.junit.Test] zero00542
2016-08-04 20:04:19,342 INFO [org.junit.Test] zero00543
2016-08-04 20:04:19,342 INFO [org.junit.Test] zero00544
2016-08-04 20:04:19,342 INFO [org.junit.Test] zero00545
2016-08-04 20:04:19,342 INFO [org.junit.Test] zero00546
2016-08-04 20:04:19,342 INFO [org.junit.Test] zero00547
2016-08-04 20:04:19,342 INFO [org.junit.Test] zero00548
2016-08-04 20:04:19,342 INFO [org.junit.Test] zero00549
2016-08-04 20:04:19,342 INFO [org.junit.Test] zero00550
2016-08-04 20:04:19,342 INFO [org.junit.Test] zero00551
2016-08-04 20:04:19,342 INFO [org.junit.Test] zero00552
2016-08-04 20:04:19,342 INFO [org.junit.Test] zero00553
2016-08-04 20:04:19,342 INFO [org.junit.Test] zero00554
2016-08-04 20:04:19,342 INFO [org.junit.Test] zero00555
2016-08-04 20:04:19,342 INFO [org.junit.Test] zero00556
2016-08-04 20:04:19,342 INFO [org.junit.Test] zero00557
2016-08-04 20:04:19,342 INFO [org.junit.Test] zero00558
2016-08-04 20:04:19,342 INFO [org.junit.Test] zero00559
2016-08-04 20:04:19,342 INFO [org.junit.Test] zero00560
2016-08-04 20:04:19,342 INFO [org.junit.Test] zero00561
2016-08-04 20:04:19,342 INFO [org.junit.Test] zero00562
2016-08-04 20:04:19,342 INFO [org.junit.Test] zero00563
2016-08-04 20:04:19,342 INFO [org.junit.Test] zero00564
2016-08-04 20:04:19,342 INFO [org.junit.Test] zero00565
2016-08-04 20:04:19,342 INFO [org.junit.Test] zero00566
2016-08-04 20:04:19,342 INFO [org.junit.Test] zero00567
2016-08-04 20:04:19,342 INFO [org.junit.Test] zero00568
2016-08-04 20:04:19,342 INFO [org.junit.Test] zero00569
2016-08-04 20:04:19,342 INFO [org.junit.Test] zero00570
2016-08-04 20:04:19,342 INFO [org.junit.Test] zero00571
2016-08-04 20:04:19,342 INFO [org.junit.Test] zero00572
2016-08-04 20:04:19,342 INFO [org.junit.Test] zero00573
2016-08-04 20:04:19,342 INFO [org.junit.Test] zero00574
2016-08-04 20:04:19,342 INFO [org.junit.Test] zero00575
2016-08-04 20:04:19,342 INFO [org.junit.Test] zero00576
2016-08-04 20:04:19,342 INFO [org.junit.Test] zero00577
2016-08-04 20:04:19,342 INFO [org.junit.Test] zero00578
2016-08-04 20:04:19,342 INFO [org.junit.Test] zero00579
2016-08-04 20:04:19,342 INFO [org.junit.Test] zero00580
2016-08-04 20:04:19,342 INFO [org.junit.Test] zero00581
2016-08-04 20:04:19,342 INFO [org.junit.Test] zero00582
2016-08-04 20:04:19,342 INFO [org.junit.Test] zero00583
2016-08-04 20:04:19,342 INFO [org.junit.Test] zero00584
2016-08-04 20:04:19,342 INFO [org.junit.Test] zero00585
2016-08-04 20:04:19,342 INFO [org.junit.Test] zero00586
2016-08-04 20:04:19,342 INFO [org.junit.Test] zero00587
2016-08-04 20:04:19,342 INFO [org.junit.Test] zero00588
2016-08-04 20:04:19,342 INFO [org.junit.Test] zero00589
2016-08-04 20:04:19,342 INFO [org.junit.Test] zero00590
2016-08-04 20:04:19,342 INFO [org.junit.Test] zero00591
2016-08-04 20:04:19,342 INFO [org.junit.Test] zero00592
2016-08-04 20:04:19,342 INFO [org.junit.Test] zero00593
2016-08-04 20:04:19,342 INFO [org.junit.Test] zero00594
2016-08-04 20:04:19,342 INFO [org.junit.Test] zero00595
2016-08-04 20:04:19,342 INFO [org.junit.Test] zero00596
2016-08-04 20:04:19,342 INFO [org.junit.Test] zero00597
2016-08-04 20:04:19,342 INFO [org.junit.Test] zero00598
2016-08-04 20:04:19,342 INFO [org.junit.Test] zero00599
2016-08-04 20:04:19,342 INFO [org.junit.Test] zero00600
2016-08-04 20:04:19,342 INFO [org.junit.Test] zero00601
2016-08-04 20:04:19,342 INFO [org.junit.Test] zero00602
2016-08-04 20:04:19,342 INFO [org.junit.Test] zero00603
2016-08-04 20:04:19,342 INFO [org.junit.Test] zero00604
2016-08-04 20:04:19,342 INFO [org.junit.Test] zero00605
2016-08-04 20:04:19,342 INFO [org.junit.Test] zero00606
2016-08-04 20:04:19,342 INFO [org.junit.Test] zero00607
2016-08-04 20:04:19,342 INFO [org.junit.Test] zero00608
2016-08-04 20:04:19,342 INFO [org.junit.Test] zero00609
2016-08-04 20:04:19,342 INFO [org.junit.Test] zero00610
2016-08-04 20:04:19,342 INFO [org.junit.Test] zero00611
2016-08-04 20:04:19,342 INFO [org.junit.Test] zero00612
2016-08-04 20:04:19,342 INFO [org.junit.Test] zero00613
2016-08-04 20:04:19,342 INFO [org.junit.Test] zero00614
2016-08-04 20:04:19,342 INFO [org.junit.Test] zero00615
2016-08-04 20:04:19,342 INFO [org.junit.Test] zero00616
2016-08-04 20:04:19,342 INFO [org.junit.Test] zero00617
2016-08-04 20:04:19,342 INFO [org.junit.Test] zero00618
2016-08-04 20:04:19,342 INFO [org.junit.Test] zero00619
2016-08-04 20:04:19,342 INFO [org.junit.Test] zero00620
2016-08-04 20:04:19,342 INFO [org.junit.Test] zero00621
2016-08-04 20:04:19,342 INFO [org.junit.Test] zero00622
2016-08-04 20:04:19,342 INFO [org.junit.Test] zero00623
2016-08-04 20:04:19,342 INFO [org.junit.Test] zero00624
2016-08-04 20:04:19,342 INFO [org.junit.Test] zero00625
2016-08-04 20:04:19,342 INFO [org.junit.Test] zero00626
2016-08-04 20:04:19,342 INFO [org.junit.Test] zero00627
2016-08-04 20:04:19,342 INFO [org.junit.Test] zero00628
2016-08-04 20:04:19,342 INFO [org.junit.Test] zero00629
2016-08-04 20:04:19,342 INFO [org.junit.Test] zero00630
2016-08-04 20:04:19,342 INFO [org.junit.Test] zero00631
2016-08-04 20:04:19,342 INFO [org.junit.Test] zero00632
2016-08-04 20:04:19,342 INFO [org.junit.Test] zero00633
2016-08-04 20:04:19,342 INFO [org.junit.Test] zero00634
2016-08-04 20:04:19,342 INFO [org.junit.Test] zero00635
2016-08-04 20:04:19,342 INFO [org.junit.Test] zero00636
2016-08-04 20:04:19,342 INFO [org.junit.Test] zero00637
2016-08-04 20:04:19,342 INFO [org.junit.Test] zero00638
2016-08-04 20:04:19,342 INFO [org.junit.Test] zero00639
2016-08-04 20:04:19,342 INFO [org.junit.Test] zero00640
2016-08-04 20:04:19,342 INFO [org.junit.Test] zero00641
2016-08-04 20:04:19,342 INFO [org.junit.Test] zero00642
2016-08-04 20:04:19,342 INFO [org.junit.Test] zero00643
2016-08-04 20:04:19,342 INFO [org.junit.Test] zero00644
2016-08-04 20:04:19,342 INFO [org.junit.Test] zero00645
2016-08-04 20:04:19,342 INFO [org.junit.Test] zero00646
2016-08-04 20:04:19,342 INFO [org.junit.Test] zero00647
2016-08-04 20:04:19,342 INFO [org.junit.Test] zero00648
2016-08-04 20:04:19,342 INFO [org.junit.Test] zero00649
2016-08-04 20:04:19,343 INFO [org.junit.Test] zero00650
2016-08-04 20:04:19,343 INFO [org.junit.Test] zero00651
2016-08-04 20:04:19,343 INFO [org.junit.Test] zero00652
2016-08-04 20:04:19,343 INFO [org.junit.Test] zero00653
2016-08-04 20:04:19,343 INFO [org.junit.Test] zero00654
2016-08-04 20:04:19,343 INFO [org.junit.Test] zero00655
2016-08-04 20:04:19,343 INFO [org.junit.Test] zero00656
2016-08-04 20:04:19,343 INFO [org.junit.Test] zero00657
2016-08-04 20:04:19,343 INFO [org.junit.Test] zero00658
2016-08-04 20:04:19,343 INFO [org.junit.Test] zero00659
2016-08-04 20:04:19,343 INFO [org.junit.Test] zero00660
2016-08-04 20:04:19,343 INFO [org.junit.Test] zero00661
2016-08-04 20:04:19,343 INFO [org.junit.Test] zero00662
2016-08-04 20:04:19,343 INFO [org.junit.Test] zero00663
2016-08-04 20:04:19,343 INFO [org.junit.Test] zero00664
2016-08-04 20:04:19,343 INFO [org.junit.Test] zero00665
2016-08-04 20:04:19,343 INFO [org.junit.Test] zero00666
2016-08-04 20:04:19,343 INFO [org.junit.Test] zero00667
2016-08-04 20:04:19,343 INFO [org.junit.Test] zero00668
2016-08-04 20:04:19,343 INFO [org.junit.Test] zero00669
2016-08-04 20:04:19,343 INFO [org.junit.Test] zero00670
2016-08-04 20:04:19,343 INFO [org.junit.Test] zero00671
2016-08-04 20:04:19,343 INFO [org.junit.Test] zero00672
2016-08-04 20:04:19,343 INFO [org.junit.Test] zero00673
2016-08-04 20:04:19,343 INFO [org.junit.Test] zero00674
2016-08-04 20:04:19,343 INFO [org.junit.Test] zero00675
2016-08-04 20:04:19,343 INFO [org.junit.Test] zero00676
2016-08-04 20:04:19,343 INFO [org.junit.Test] zero00677
2016-08-04 20:04:19,343 INFO [org.junit.Test] zero00678
2016-08-04 20:04:19,343 INFO [org.junit.Test] zero00679
2016-08-04 20:04:19,343 INFO [org.junit.Test] zero00680
2016-08-04 20:04:19,343 INFO [org.junit.Test] zero00681
2016-08-04 20:04:19,343 INFO [org.junit.Test] zero00682
2016-08-04 20:04:19,343 INFO [org.junit.Test] zero00683
2016-08-04 20:04:19,343 INFO [org.junit.Test] zero00684
2016-08-04 20:04:19,343 INFO [org.junit.Test] zero00685
2016-08-04 20:04:19,343 INFO [org.junit.Test] zero00686
2016-08-04 20:04:19,343 INFO [org.junit.Test] zero00687
2016-08-04 20:04:19,343 INFO [org.junit.Test] zero00688
2016-08-04 20:04:19,343 INFO [org.junit.Test] zero00689
2016-08-04 20:04:19,343 INFO [org.junit.Test] zero00690
2016-08-04 20:04:19,343 INFO [org.junit.Test] zero00691
2016-08-04 20:04:19,343 INFO [org.junit.Test] zero00692
2016-08-04 20:04:19,343 INFO [org.junit.Test] zero00693
2016-08-04 20:04:19,343 INFO [org.junit.Test] zero00694
2016-08-04 20:04:19,343 INFO [org.junit.Test] zero00695
2016-08-04 20:04:19,343 INFO [org.junit.Test] zero00696
2016-08-04 20:04:19,343 INFO [org.junit.Test] zero00697
2016-08-04 20:04:19,343 INFO [org.junit.Test] zero00698
2016-08-04 20:04:19,343 INFO [org.junit.Test] zero00699
2016-08-04 20:04:19,343 INFO [org.junit.Test] zero00700
2016-08-04 20:04:19,343 INFO [org.junit.Test] zero00701
2016-08-04 20:04:19,343 INFO [org.junit.Test] zero00702
2016-08-04 20:04:19,343 INFO [org.junit.Test] zero00703
2016-08-04 20:04:19,343 INFO [org.junit.Test] zero00704
2016-08-04 20:04:19,343 INFO [org.junit.Test] zero00705
2016-08-04 20:04:19,343 INFO [org.junit.Test] zero00706
2016-08-04 20:04:19,343 INFO [org.junit.Test] zero00707
2016-08-04 20:04:19,343 INFO [org.junit.Test] zero00708
2016-08-04 20:04:19,343 INFO [org.junit.Test] zero00709
2016-08-04 20:04:19,343 INFO [org.junit.Test] zero00710
2016-08-04 20:04:19,343 INFO [org.junit.Test] zero00711
2016-08-04 20:04:19,343 INFO [org.junit.Test] zero00712
2016-08-04 20:04:19,343 INFO [org.junit.Test] zero00713
2016-08-04 20:04:19,343 INFO [org.junit.Test] zero00714
2016-08-04 20:04:19,343 INFO [org.junit.Test] zero00715
2016-08-04 20:04:19,343 INFO [org.junit.Test] zero00716
2016-08-04 20:04:19,343 INFO [org.junit.Test] zero00717
2016-08-04 20:04:19,343 INFO [org.junit.Test] zero00718
2016-08-04 20:04:19,343 INFO [org.junit.Test] zero00719
2016-08-04 20:04:19,343 INFO [org.junit.Test] zero00720
2016-08-04 20:04:19,343 INFO [org.junit.Test] zero00721
2016-08-04 20:04:19,343 INFO [org.junit.Test] zero00722
2016-08-04 20:04:19,343 INFO [org.junit.Test] zero00723
2016-08-04 20:04:19,343 INFO [org.junit.Test] zero00724
2016-08-04 20:04:19,343 INFO [org.junit.Test] zero00725
2016-08-04 20:04:19,343 INFO [org.junit.Test] zero00726
2016-08-04 20:04:19,343 INFO [org.junit.Test] zero00727
2016-08-04 20:04:19,343 INFO [org.junit.Test] zero00728
2016-08-04 20:04:19,343 INFO [org.junit.Test] zero00729
2016-08-04 20:04:19,343 INFO [org.junit.Test] zero00730
2016-08-04 20:04:19,343 INFO [org.junit.Test] zero00731
2016-08-04 20:04:19,343 INFO [org.junit.Test] zero00732
2016-08-04 20:04:19,343 INFO [org.junit.Test] zero00733
2016-08-04 20:04:19,343 INFO [org.junit.Test] zero00734
2016-08-04 20:04:19,343 INFO [org.junit.Test] zero00735
2016-08-04 20:04:19,343 INFO [org.junit.Test] zero00736
2016-08-04 20:04:19,343 INFO [org.junit.Test] zero00737
2016-08-04 20:04:19,343 INFO [org.junit.Test] zero00738
2016-08-04 20:04:19,343 INFO [org.junit.Test] zero00739
2016-08-04 20:04:19,343 INFO [org.junit.Test] zero00740
2016-08-04 20:04:19,343 INFO [org.junit.Test] zero00741
2016-08-04 20:04:19,343 INFO [org.junit.Test] zero00742
2016-08-04 20:04:19,343 INFO [org.junit.Test] zero00743
2016-08-04 20:04:19,343 INFO [org.junit.Test] zero00744
2016-08-04 20:04:19,343 INFO [org.junit.Test] zero00745
2016-08-04 20:04:19,343 INFO [org.junit.Test] zero00746
2016-08-04 20:04:19,343 INFO [org.junit.Test] zero00747
2016-08-04 20:04:19,343 INFO [org.junit.Test] zero00748
2016-08-04 20:04:19,343 INFO [org.junit.Test] zero00749
2016-08-04 20:04:19,343 INFO [org.junit.Test] zero00750
2016-08-04 20:04:19,343 INFO [org.junit.Test] zero00751
2016-08-04 20:04:19,343 INFO [org.junit.Test] zero00752
2016-08-04 20:04:19,343 INFO [org.junit.Test] zero00753
2016-08-04 20:04:19,343 INFO [org.junit.Test] zero00754
2016-08-04 20:04:19,343 INFO [org.junit.Test] zero00755
2016-08-04 20:04:19,343 INFO [org.junit.Test] zero00756
2016-08-04 20:04:19,343 INFO [org.junit.Test] zero00757
2016-08-04 20:04:19,343 INFO [org.junit.Test] zero00758
2016-08-04 20:04:19,343 INFO [org.junit.Test] zero00759
2016-08-04 20:04:19,343 INFO [org.junit.Test] zero00760
2016-08-04 20:04:19,343 INFO [org.junit.Test] zero00761
2016-08-04 20:04:19,343 INFO [org.junit.Test] zero00762
2016-08-04 20:04:19,343 INFO [org.junit.Test] zero00763
2016-08-04 20:04:19,343 INFO [org.junit.Test] zero00764
2016-08-04 20:04:19,343 INFO [org.junit.Test] zero00765
2016-08-04 20:04:19,343 INFO [org.junit.Test] zero00766
2016-08-04 20:04:19,343 INFO [org.junit.Test] zero00767
2016-08-04 20:04:19,343 INFO [org.junit.Test] zero00768
2016-08-04 20:04:19,343 INFO [org.junit.Test] zero00769
2016-08-04 20:04:19,343 INFO [org.junit.Test] zero00770
2016-08-04 20:04:19,343 INFO [org.junit.Test] zero00771
2016-08-04 20:04:19,343 INFO [org.junit.Test] zero00772
2016-08-04 20:04:19,343 INFO [org.junit.Test] zero00773
2016-08-04 20:04:19,343 INFO [org.junit.Test] zero00774
2016-08-04 20:04:19,343 INFO [org.junit.Test] zero00775
2016-08-04 20:04:19,343 INFO [org.junit.Test] zero00776
2016-08-04 20:04:19,343 INFO [org.junit.Test] zero00777
2016-08-04 20:04:19,343 INFO [org.junit.Test] zero00778
2016-08-04 20:04:19,343 INFO [org.junit.Test] zero00779
2016-08-04 20:04:19,343 INFO [org.junit.Test] zero00780
2016-08-04 20:04:19,343 INFO [org.junit.Test] zero00781
2016-08-04 20:04:19,343 INFO [org.junit.Test] zero00782
2016-08-04 20:04:19,343 INFO [org.junit.Test] zero00783
2016-08-04 20:04:19,343 INFO [org.junit.Test] zero00784
2016-08-04 20:04:19,343 INFO [org.junit.Test] zero00785
2016-08-04 20:04:19,343 INFO [org.junit.Test] zero00786
2016-08-04 20:04:19,343 INFO [org.junit.Test] zero00787
2016-08-04 20:04:19,343 INFO [org.junit.Test] zero00788
2016-08-04 20:04:19,343 INFO [org.junit.Test] zero00789
2016-08-04 20:04:19,343 INFO [org.junit.Test] zero00790
2016-08-04 20:04:19,343 INFO [org.junit.Test] zero00791
2016-08-04 20:04:19,343 INFO [org.junit.Test] zero00792
2016-08-04 20:04:19,343 INFO [org.junit.Test] zero00793
2016-08-04 20:04:19,343 INFO [org.junit.Test] zero00794
2016-08-04 20:04:19,343 INFO [org.junit.Test] zero00795
2016-08-04 20:04:19,343 INFO [org.junit.Test] zero00796
2016-08-04 20:04:19,343 INFO [org.junit.Test] zero00797
2016-08-04 20:04:19,343 INFO [org.junit.Test] zero00798
2016-08-04 20:04:19,343 INFO [org.junit.Test] zero00799
2016-08-04 20:04:19,343 INFO [org.junit.Test] zero00800
2016-08-04 20:04:19,343 INFO [org.junit.Test] zero00801
2016-08-04 20:04:19,343 INFO [org.junit.Test] zero00802
2016-08-04 20:04:19,343 INFO [org.junit.Test] zero00803
2016-08-04 20:04:19,343 INFO [org.junit.Test] zero00804
2016-08-04 20:04:19,343 INFO [org.junit.Test] zero00805
2016-08-04 20:04:19,343 INFO [org.junit.Test] zero00806
2016-08-04 20:04:19,343 INFO [org.junit.Test] zero00807
2016-08-04 20:04:19,343 INFO [org.junit.Test] zero00808
2016-08-04 20:04:19,343 INFO [org.junit.Test] zero00809
2016-08-04 20:04:19,343 INFO [org.junit.Test] zero00810
2016-08-04 20:04:19,343 INFO [org.junit.Test] zero00811
2016-08-04 20:04:19,343 INFO [org.junit.Test] zero00812
2016-08-04 20:04:19,343 INFO [org.junit.Test] zero00813
2016-08-04 20:04:19,343 INFO [org.junit.Test] zero00814
2016-08-04 20:04:19,343 INFO [org.junit.Test] zero00815
2016-08-04 20:04:19,343 INFO [org.junit.Test] zero00816
2016-08-04 20:04:19,343 INFO [org.junit.Test] zero00817
2016-08-04 20:04:19,343 INFO [org.junit.Test] zero00818
2016-08-04 20:04:19,343 INFO [org.junit.Test] zero00819
2016-08-04 20:04:19,343 INFO [org.junit.Test] zero00820
2016-08-04 20:04:19,343 INFO [org.junit.Test] zero00821
2016-08-04 20:04:19,343 INFO [org.junit.Test] zero00822
2016-08-04 20:04:19,343 INFO [org.junit.Test] zero00823
2016-08-04 20:04:19,343 INFO [org.junit.Test] zero00824
2016-08-04 20:04:19,343 INFO [org.junit.Test] zero00825
2016-08-04 20:04:19,343 INFO [org.junit.Test] zero00826
2016-08-04 20:04:19,343 INFO [org.junit.Test] zero00827
2016-08-04 20:04:19,343 INFO [org.junit.Test] zero00828
2016-08-04 20:04:19,343 INFO [org.junit.Test] zero00829
2016-08-04 20:04:19,343 INFO [org.junit.Test] zero00830
2016-08-04 20:04:19,343 INFO [org.junit.Test] zero00831
2016-08-04 20:04:19,343 INFO [org.junit.Test] zero00832
2016-08-04 20:04:19,343 INFO [org.junit.Test] zero00833
2016-08-04 20:04:19,343 INFO [org.junit.Test] zero00834
2016-08-04 20:04:19,343 INFO [org.junit.Test] zero00835
2016-08-04 20:04:19,343 INFO [org.junit.Test] zero00836
2016-08-04 20:04:19,343 INFO [org.junit.Test] zero00837
2016-08-04 20:04:19,343 INFO [org.junit.Test] zero00838
2016-08-04 20:04:19,343 INFO [org.junit.Test] zero00839
2016-08-04 20:04:19,343 INFO [org.junit.Test] zero00840
2016-08-04 20:04:19,343 INFO [org.junit.Test] zero00841
2016-08-04 20:04:19,343 INFO [org.junit.Test] zero00842
2016-08-04 20:04:19,343 INFO [org.junit.Test] zero00843
2016-08-04 20:04:19,343 INFO [org.junit.Test] zero00844
2016-08-04 20:04:19,343 INFO [org.junit.Test] zero00845
2016-08-04 20:04:19,343 INFO [org.junit.Test] zero00846
2016-08-04 20:04:19,343 INFO [org.junit.Test] zero00847
2016-08-04 20:04:19,343 INFO [org.junit.Test] zero00848
2016-08-04 20:04:19,343 INFO [org.junit.Test] zero00849
2016-08-04 20:04:19,343 INFO [org.junit.Test] zero00850
2016-08-04 20:04:19,343 INFO [org.junit.Test] zero00851
2016-08-04 20:04:19,343 INFO [org.junit.Test] zero00852
2016-08-04 20:04:19,343 INFO [org.junit.Test] zero00853
2016-08-04 20:04:19,343 INFO [org.junit.Test] zero00854
2016-08-04 20:04:19,343 INFO [org.junit.Test] zero00855
2016-08-04 20:04:19,343 INFO [org.junit.Test] zero00856
2016-08-04 20:04:19,343 INFO [org.junit.Test] zero00857
2016-08-04 20:04:19,344 INFO [org.junit.Test] zero00858
2016-08-04 20:04:19,344 INFO [org.junit.Test] zero00859
2016-08-04 20:04:19,344 INFO [org.junit.Test] zero00860
2016-08-04 20:04:19,344 INFO [org.junit.Test] zero00861
2016-08-04 20:04:19,344 INFO [org.junit.Test] zero00862
2016-08-04 20:04:19,344 INFO [org.junit.Test] zero00863
2016-08-04 20:04:19,344 INFO [org.junit.Test] zero00864
2016-08-04 20:04:19,344 INFO [org.junit.Test] zero00865
2016-08-04 20:04:19,344 INFO [org.junit.Test] zero00866
2016-08-04 20:04:19,344 INFO [org.junit.Test] zero00867
2016-08-04 20:04:19,344 INFO [org.junit.Test] zero00868
2016-08-04 20:04:19,344 INFO [org.junit.Test] zero00869
2016-08-04 20:04:19,344 INFO [org.junit.Test] zero00870
2016-08-04 20:04:19,344 INFO [org.junit.Test] zero00871
2016-08-04 20:04:19,344 INFO [org.junit.Test] zero00872
2016-08-04 20:04:19,344 INFO [org.junit.Test] zero00873
2016-08-04 20:04:19,344 INFO [org.junit.Test] zero00874
2016-08-04 20:04:19,344 INFO [org.junit.Test] zero00875
2016-08-04 20:04:19,344 INFO [org.junit.Test] zero00876
2016-08-04 20:04:19,344 INFO [org.junit.Test] zero00877
2016-08-04 20:04:19,344 INFO [org.junit.Test] zero00878
2016-08-04 20:04:19,344 INFO [org.junit.Test] zero00879
2016-08-04 20:04:19,344 INFO [org.junit.Test] zero00880
2016-08-04 20:04:19,344 INFO [org.junit.Test] zero00881
2016-08-04 20:04:19,344 INFO [org.junit.Test] zero00882
2016-08-04 20:04:19,344 INFO [org.junit.Test] zero00883
2016-08-04 20:04:19,344 INFO [org.junit.Test] zero00884
2016-08-04 20:04:19,344 INFO [org.junit.Test] zero00885
2016-08-04 20:04:19,344 INFO [org.junit.Test] zero00886
2016-08-04 20:04:19,344 INFO [org.junit.Test] zero00887
2016-08-04 20:04:19,344 INFO [org.junit.Test] zero00888
2016-08-04 20:04:19,344 INFO [org.junit.Test] zero00889
2016-08-04 20:04:19,344 INFO [org.junit.Test] zero00890
2016-08-04 20:04:19,344 INFO [org.junit.Test] zero00891
2016-08-04 20:04:19,344 INFO [org.junit.Test] zero00892
2016-08-04 20:04:19,344 INFO [org.junit.Test] zero00893
2016-08-04 20:04:19,344 INFO [org.junit.Test] zero00894
2016-08-04 20:04:19,344 INFO [org.junit.Test] zero00895
2016-08-04 20:04:19,344 INFO [org.junit.Test] zero00896
2016-08-04 20:04:19,344 INFO [org.junit.Test] zero00897
2016-08-04 20:04:19,344 INFO [org.junit.Test] zero00898
2016-08-04 20:04:19,344 INFO [org.junit.Test] zero00899
2016-08-04 20:04:19,344 INFO [org.junit.Test] zero00900
2016-08-04 20:04:19,344 INFO [org.junit.Test] zero00901
2016-08-04 20:04:19,344 INFO [org.junit.Test] zero00902
2016-08-04 20:04:19,344 INFO [org.junit.Test] zero00903
2016-08-04 20:04:19,344 INFO [org.junit.Test] zero00904
2016-08-04 20:04:19,344 INFO [org.junit.Test] zero00905
2016-08-04 20:04:19,344 INFO [org.junit.Test] zero00906
2016-08-04 20:04:19,344 INFO [org.junit.Test] zero00907
2016-08-04 20:04:19,344 INFO [org.junit.Test] zero00908
2016-08-04 20:04:19,344 INFO [org.junit.Test] zero00909
2016-08-04 20:04:19,344 INFO [org.junit.Test] zero00910
2016-08-04 20:04:19,344 INFO [org.junit.Test] zero00911
2016-08-04 20:04:19,344 INFO [org.junit.Test] zero00912
2016-08-04 20:04:19,344 INFO [org.junit.Test] zero00913
2016-08-04 20:04:19,344 INFO [org.junit.Test] zero00914
2016-08-04 20:04:19,344 INFO [org.junit.Test] zero00915
2016-08-04 20:04:19,344 INFO [org.junit.Test] zero00916
2016-08-04 20:04:19,344 INFO [org.junit.Test] zero00917
2016-08-04 20:04:19,344 INFO [org.junit.Test] zero00918
2016-08-04 20:04:19,344 INFO [org.junit.Test] zero00919
2016-08-04 20:04:19,344 INFO [org.junit.Test] zero00920
2016-08-04 20:04:19,344 INFO [org.junit.Test] zero00921
2016-08-04 20:04:19,344 INFO [org.junit.Test] zero00922
2016-08-04 20:04:19,344 INFO [org.junit.Test] zero00923
2016-08-04 20:04:19,344 INFO [org.junit.Test] zero00924
2016-08-04 20:04:19,344 INFO [org.junit.Test] zero00925
2016-08-04 20:04:19,344 INFO [org.junit.Test] zero00926
2016-08-04 20:04:19,344 INFO [org.junit.Test] zero00927
2016-08-04 20:04:19,344 INFO [org.junit.Test] zero00928
2016-08-04 20:04:19,344 INFO [org.junit.Test] zero00929
2016-08-04 20:04:19,344 INFO [org.junit.Test] zero00930
2016-08-04 20:04:19,344 INFO [org.junit.Test] zero00931
2016-08-04 20:04:19,344 INFO [org.junit.Test] zero00932
2016-08-04 20:04:19,344 INFO [org.junit.Test] zero00933
2016-08-04 20:04:19,344 INFO [org.junit.Test] zero00934
2016-08-04 20:04:19,344 INFO [org.junit.Test] zero00935
2016-08-04 20:04:19,344 INFO [org.junit.Test] zero00936
2016-08-04 20:04:19,344 INFO [org.junit.Test] zero00937
2016-08-04 20:04:19,344 INFO [org.junit.Test] zero00938
2016-08-04 20:04:19,344 INFO [org.junit.Test] zero00939
2016-08-04 20:04:19,344 INFO [org.junit.Test] zero00940
2016-08-04 20:04:19,344 INFO [org.junit.Test] zero00941
2016-08-04 20:04:19,344 INFO [org.junit.Test] zero00942
2016-08-04 20:04:19,344 INFO [org.junit.Test] zero00943
2016-08-04 20:04:19,344 INFO [org.junit.Test] zero00944
2016-08-04 20:04:19,344 INFO [org.junit.Test] zero00945
2016-08-04 20:04:19,344 INFO [org.junit.Test] zero00946
2016-08-04 20:04:19,344 INFO [org.junit.Test] zero00947
2016-08-04 20:04:19,344 INFO [org.junit.Test] zero00948
2016-08-04 20:04:19,344 INFO [org.junit.Test] zero00949
2016-08-04 20:04:19,344 INFO [org.junit.Test] zero00950
2016-08-04 20:04:19,344 INFO [org.junit.Test] zero00951
2016-08-04 20:04:19,344 INFO [org.junit.Test] zero00952
2016-08-04 20:04:19,344 INFO [org.junit.Test] zero00953
2016-08-04 20:04:19,344 INFO [org.junit.Test] zero00954
2016-08-04 20:04:19,344 INFO [org.junit.Test] zero00955
2016-08-04 20:04:19,344 INFO [org.junit.Test] zero00956
2016-08-04 20:04:19,344 INFO [org.junit.Test] zero00957
2016-08-04 20:04:19,344 INFO [org.junit.Test] zero00958
2016-08-04 20:04:19,344 INFO [org.junit.Test] zero00959
2016-08-04 20:04:19,344 INFO [org.junit.Test] zero00960
2016-08-04 20:04:19,344 INFO [org.junit.Test] zero00961
2016-08-04 20:04:19,344 INFO [org.junit.Test] zero00962
2016-08-04 20:04:19,344 INFO [org.junit.Test] zero00963
2016-08-04 20:04:19,344 INFO [org.junit.Test] zero00964
2016-08-04 20:04:19,344 INFO [org.junit.Test] zero00965
2016-08-04 20:04:19,344 INFO [org.junit.Test] zero00966
2016-08-04 20:04:19,344 INFO [org.junit.Test] zero00967
2016-08-04 20:04:19,344 INFO [org.junit.Test] zero00968
2016-08-04 20:04:19,344 INFO [org.junit.Test] zero00969
2016-08-04 20:04:19,344 INFO [org.junit.Test] zero00970
2016-08-04 20:04:19,344 INFO [org.junit.Test] zero00971
2016-08-04 20:04:19,344 INFO [org.junit.Test] zero00972
2016-08-04 20:04:19,344 INFO [org.junit.Test] zero00973
2016-08-04 20:04:19,344 INFO [org.junit.Test] zero00974
2016-08-04 20:04:19,344 INFO [org.junit.Test] zero00975
2016-08-04 20:04:19,344 INFO [org.junit.Test] zero00976
2016-08-04 20:04:19,344 INFO [org.junit.Test] zero00977
2016-08-04 20:04:19,344 INFO [org.junit.Test] zero00978
2016-08-04 20:04:19,344 INFO [org.junit.Test] zero00979
2016-08-04 20:04:19,344 INFO [org.junit.Test] zero00980
2016-08-04 20:04:19,344 INFO [org.junit.Test] zero00981
2016-08-04 20:04:19,344 INFO [org.junit.Test] zero00982
2016-08-04 20:04:19,344 INFO [org.junit.Test] zero00983
2016-08-04 20:04:19,344 INFO [org.junit.Test] zero00984
2016-08-04 20:04:19,344 INFO [org.junit.Test] zero00985
2016-08-04 20:04:19,344 INFO [org.junit.Test] zero00986
2016-08-04 20:04:19,344 INFO [org.junit.Test] zero00987
2016-08-04 20:04:19,344 INFO [org.junit.Test] zero00988
2016-08-04 20:04:19,344 INFO [org.junit.Test] zero00989
2016-08-04 20:04:19,344 INFO [org.junit.Test] zero00990
2016-08-04 20:04:19,344 INFO [org.junit.Test] zero00991
2016-08-04 20:04:19,344 INFO [org.junit.Test] zero00992
2016-08-04 20:04:19,344 INFO [org.junit.Test] zero00993
2016-08-04 20:04:19,344 INFO [org.junit.Test] zero00994
2016-08-04 20:04:19,344 INFO [org.junit.Test] zero00995
2016-08-04 20:04:19,344 INFO [org.junit.Test] zero00996
2016-08-04 20:04:19,344 INFO [org.junit.Test] zero00997
2016-08-04 20:04:19,344 INFO [org.junit.Test] zero00998
2016-08-04 20:04:19,344 INFO [org.junit.Test] zero00999
2016-08-04 20:04:22,345 INFO [org.junit.Test] zero000
2016-08-04 20:04:22,345 INFO [org.junit.Test] zero001
2016-08-04 20:04:22,345 INFO [org.junit.Test] zero002
2016-08-04 20:04:22,345 INFO [org.junit.Test] zero003
2016-08-04 20:04:22,345 INFO [org.junit.Test] zero004
2016-08-04 20:04:22,345 INFO [org.junit.Test] zero005
2016-08-04 20:04:22,345 INFO [org.junit.Test] zero006
2016-08-04 20:04:22,345 INFO [org.junit.Test] zero007
2016-08-04 20:04:22,345 INFO [org.junit.Test] zero008
2016-08-04 20:04:22,345 INFO [org.junit.Test] zero009
2016-08-04 20:04:22,345 INFO [org.junit.Test] zero0010
2016-08-04 20:04:22,345 INFO [org.junit.Test] zero0011
2016-08-04 20:04:22,345 INFO [org.junit.Test] zero0012
2016-08-04 20:04:22,345 INFO [org.junit.Test] zero0013
2016-08-04 20:04:22,345 INFO [org.junit.Test] zero0014
2016-08-04 20:04:22,345 INFO [org.junit.Test] zero0015
2016-08-04 20:04:22,345 INFO [org.junit.Test] zero0016
2016-08-04 20:04:22,345 INFO [org.junit.Test] zero0017
2016-08-04 20:04:22,345 INFO [org.junit.Test] zero0018
2016-08-04 20:04:22,345 INFO [org.junit.Test] zero0019
2016-08-04 20:04:22,345 INFO [org.junit.Test] zero0020
2016-08-04 20:04:22,345 INFO [org.junit.Test] zero0021
2016-08-04 20:04:22,345 INFO [org.junit.Test] zero0022
2016-08-04 20:04:22,345 INFO [org.junit.Test] zero0023
2016-08-04 20:04:22,345 INFO [org.junit.Test] zero0024
2016-08-04 20:04:22,345 INFO [org.junit.Test] zero0025
2016-08-04 20:04:22,345 INFO [org.junit.Test] zero0026
2016-08-04 20:04:22,345 INFO [org.junit.Test] zero0027
2016-08-04 20:04:22,345 INFO [org.junit.Test] zero0028
2016-08-04 20:04:22,345 INFO [org.junit.Test] zero0029
2016-08-04 20:04:22,345 INFO [org.junit.Test] zero0030
2016-08-04 20:04:22,345 INFO [org.junit.Test] zero0031
2016-08-04 20:04:22,345 INFO [org.junit.Test] zero0032
2016-08-04 20:04:22,345 INFO [org.junit.Test] zero0033
2016-08-04 20:04:22,345 INFO [org.junit.Test] zero0034
2016-08-04 20:04:22,345 INFO [org.junit.Test] zero0035
2016-08-04 20:04:22,345 INFO [org.junit.Test] zero0036
2016-08-04 20:04:22,345 INFO [org.junit.Test] zero0037
2016-08-04 20:04:22,345 INFO [org.junit.Test] zero0038
2016-08-04 20:04:22,345 INFO [org.junit.Test] zero0039
2016-08-04 20:04:22,345 INFO [org.junit.Test] zero0040
2016-08-04 20:04:22,345 INFO [org.junit.Test] zero0041
2016-08-04 20:04:22,345 INFO [org.junit.Test] zero0042
2016-08-04 20:04:22,345 INFO [org.junit.Test] zero0043
2016-08-04 20:04:22,345 INFO [org.junit.Test] zero0044
2016-08-04 20:04:22,345 INFO [org.junit.Test] zero0045
2016-08-04 20:04:22,345 INFO [org.junit.Test] zero0046
2016-08-04 20:04:22,345 INFO [org.junit.Test] zero0047
2016-08-04 20:04:22,345 INFO [org.junit.Test] zero0048
2016-08-04 20:04:22,345 INFO [org.junit.Test] zero0049
2016-08-04 20:04:22,345 INFO [org.junit.Test] zero0050
2016-08-04 20:04:22,345 INFO [org.junit.Test] zero0051
2016-08-04 20:04:22,345 INFO [org.junit.Test] zero0052
2016-08-04 20:04:22,345 INFO [org.junit.Test] zero0053
2016-08-04 20:04:22,345 INFO [org.junit.Test] zero0054
2016-08-04 20:04:22,345 INFO [org.junit.Test] zero0055
2016-08-04 20:04:22,345 INFO [org.junit.Test] zero0056
2016-08-04 20:04:22,345 INFO [org.junit.Test] zero0057
2016-08-04 20:04:22,345 INFO [org.junit.Test] zero0058
2016-08-04 20:04:22,345 INFO [org.junit.Test] zero0059
2016-08-04 20:04:22,345 INFO [org.junit.Test] zero0060
2016-08-04 20:04:22,345 INFO [org.junit.Test] zero0061
2016-08-04 20:04:22,345 INFO [org.junit.Test] zero0062
2016-08-04 20:04:22,345 INFO [org.junit.Test] zero0063
2016-08-04 20:04:22,345 INFO [org.junit.Test] zero0064
2016-08-04 20:04:22,345 INFO [org.junit.Test] zero0065
2016-08-04 20:04:22,345 INFO [org.junit.Test] zero0066
2016-08-04 20:04:22,345 INFO [org.junit.Test] zero0067
2016-08-04 20:04:22,345 INFO [org.junit.Test] zero0068
2016-08-04 20:04:22,345 INFO [org.junit.Test] zero0069
2016-08-04 20:04:22,345 INFO [org.junit.Test] zero0070
2016-08-04 20:04:22,345 INFO [org.junit.Test] zero0071
2016-08-04 20:04:22,345 INFO [org.junit.Test] zero0072
2016-08-04 20:04:22,345 INFO [org.junit.Test] zero0073
2016-08-04 20:04:22,345 INFO [org.junit.Test] zero0074
2016-08-04 20:04:22,345 INFO [org.junit.Test] zero0075
2016-08-04 20:04:22,345 INFO [org.junit.Test] zero0076
2016-08-04 20:04:22,345 INFO [org.junit.Test] zero0077
2016-08-04 20:04:22,345 INFO [org.junit.Test] zero0078
2016-08-04 20:04:22,345 INFO [org.junit.Test] zero0079
2016-08-04 20:04:22,345 INFO [org.junit.Test] zero0080
2016-08-04 20:04:22,345 INFO [org.junit.Test] zero0081
2016-08-04 20:04:22,345 INFO [org.junit.Test] zero0082
2016-08-04 20:04:22,345 INFO [org.junit.Test] zero0083
2016-08-04 20:04:22,345 INFO [org.junit.Test] zero0084
2016-08-04 20:04:22,345 INFO [org.junit.Test] zero0085
2016-08-04 20:04:22,345 INFO [org.junit.Test] zero0086
2016-08-04 20:04:22,345 INFO [org.junit.Test] zero0087
2016-08-04 20:04:22,345 INFO [org.junit.Test] zero0088
2016-08-04 20:04:22,345 INFO [org.junit.Test] zero0089
2016-08-04 20:04:22,345 INFO [org.junit.Test] zero0090
2016-08-04 20:04:22,345 INFO [org.junit.Test] zero0091
2016-08-04 20:04:22,345 INFO [org.junit.Test] zero0092
2016-08-04 20:04:22,345 INFO [org.junit.Test] zero0093
2016-08-04 20:04:22,345 INFO [org.junit.Test] zero0094
2016-08-04 20:04:22,345 INFO [org.junit.Test] zero0095
2016-08-04 20:04:22,345 INFO [org.junit.Test] zero0096
2016-08-04 20:04:22,345 INFO [org.junit.Test] zero0097
2016-08-04 20:04:22,345 INFO [org.junit.Test] zero0098
2016-08-04 20:04:22,345 INFO [org.junit.Test] zero0099
2016-08-04 20:04:22,345 INFO [org.junit.Test] zero00100
2016-08-04 20:04:22,345 INFO [org.junit.Test] zero00101
2016-08-04 20:04:22,345 INFO [org.junit.Test] zero00102
2016-08-04 20:04:22,345 INFO [org.junit.Test] zero00103
2016-08-04 20:04:22,345 INFO [org.junit.Test] zero00104
2016-08-04 20:04:22,345 INFO [org.junit.Test] zero00105
2016-08-04 20:04:22,345 INFO [org.junit.Test] zero00106
2016-08-04 20:04:22,345 INFO [org.junit.Test] zero00107
2016-08-04 20:04:22,345 INFO [org.junit.Test] zero00108
2016-08-04 20:04:22,345 INFO [org.junit.Test] zero00109
2016-08-04 20:04:22,345 INFO [org.junit.Test] zero00110
2016-08-04 20:04:22,345 INFO [org.junit.Test] zero00111
2016-08-04 20:04:22,345 INFO [org.junit.Test] zero00112
2016-08-04 20:04:22,345 INFO [org.junit.Test] zero00113
2016-08-04 20:04:22,345 INFO [org.junit.Test] zero00114
2016-08-04 20:04:22,345 INFO [org.junit.Test] zero00115
2016-08-04 20:04:22,345 INFO [org.junit.Test] zero00116
2016-08-04 20:04:22,345 INFO [org.junit.Test] zero00117
2016-08-04 20:04:22,345 INFO [org.junit.Test] zero00118
2016-08-04 20:04:22,345 INFO [org.junit.Test] zero00119
2016-08-04 20:04:22,345 INFO [org.junit.Test] zero00120
2016-08-04 20:04:22,345 INFO [org.junit.Test] zero00121
2016-08-04 20:04:22,345 INFO [org.junit.Test] zero00122
2016-08-04 20:04:22,345 INFO [org.junit.Test] zero00123
2016-08-04 20:04:22,345 INFO [org.junit.Test] zero00124
2016-08-04 20:04:22,345 INFO [org.junit.Test] zero00125
2016-08-04 20:04:22,345 INFO [org.junit.Test] zero00126
2016-08-04 20:04:22,345 INFO [org.junit.Test] zero00127
2016-08-04 20:04:22,345 INFO [org.junit.Test] zero00128
2016-08-04 20:04:22,345 INFO [org.junit.Test] zero00129
2016-08-04 20:04:22,345 INFO [org.junit.Test] zero00130
2016-08-04 20:04:22,345 INFO [org.junit.Test] zero00131
2016-08-04 20:04:22,345 INFO [org.junit.Test] zero00132
2016-08-04 20:04:22,345 INFO [org.junit.Test] zero00133
2016-08-04 20:04:22,345 INFO [org.junit.Test] zero00134
2016-08-04 20:04:22,345 INFO [org.junit.Test] zero00135
2016-08-04 20:04:22,345 INFO [org.junit.Test] zero00136
2016-08-04 20:04:22,345 INFO [org.junit.Test] zero00137
2016-08-04 20:04:22,345 INFO [org.junit.Test] zero00138
2016-08-04 20:04:22,345 INFO [org.junit.Test] zero00139
2016-08-04 20:04:22,345 INFO [org.junit.Test] zero00140
2016-08-04 20:04:22,345 INFO [org.junit.Test] zero00141
2016-08-04 20:04:22,345 INFO [org.junit.Test] zero00142
2016-08-04 20:04:22,345 INFO [org.junit.Test] zero00143
2016-08-04 20:04:22,345 INFO [org.junit.Test] zero00144
2016-08-04 20:04:22,345 INFO [org.junit.Test] zero00145
2016-08-04 20:04:22,345 INFO [org.junit.Test] zero00146
2016-08-04 20:04:22,345 INFO [org.junit.Test] zero00147
2016-08-04 20:04:22,345 INFO [org.junit.Test] zero00148
2016-08-04 20:04:22,345 INFO [org.junit.Test] zero00149
2016-08-04 20:04:22,345 INFO [org.junit.Test] zero00150
2016-08-04 20:04:22,345 INFO [org.junit.Test] zero00151
2016-08-04 20:04:22,345 INFO [org.junit.Test] zero00152
2016-08-04 20:04:22,345 INFO [org.junit.Test] zero00153
2016-08-04 20:04:22,345 INFO [org.junit.Test] zero00154
2016-08-04 20:04:22,345 INFO [org.junit.Test] zero00155
2016-08-04 20:04:22,345 INFO [org.junit.Test] zero00156
2016-08-04 20:04:22,345 INFO [org.junit.Test] zero00157
2016-08-04 20:04:22,345 INFO [org.junit.Test] zero00158
2016-08-04 20:04:22,345 INFO [org.junit.Test] zero00159
2016-08-04 20:04:22,345 INFO [org.junit.Test] zero00160
2016-08-04 20:04:22,345 INFO [org.junit.Test] zero00161
2016-08-04 20:04:22,345 INFO [org.junit.Test] zero00162
2016-08-04 20:04:22,345 INFO [org.junit.Test] zero00163
2016-08-04 20:04:22,345 INFO [org.junit.Test] zero00164
2016-08-04 20:04:22,345 INFO [org.junit.Test] zero00165
2016-08-04 20:04:22,345 INFO [org.junit.Test] zero00166
2016-08-04 20:04:22,345 INFO [org.junit.Test] zero00167
2016-08-04 20:04:22,345 INFO [org.junit.Test] zero00168
2016-08-04 20:04:22,345 INFO [org.junit.Test] zero00169
2016-08-04 20:04:22,345 INFO [org.junit.Test] zero00170
2016-08-04 20:04:22,345 INFO [org.junit.Test] zero00171
2016-08-04 20:04:22,345 INFO [org.junit.Test] zero00172
2016-08-04 20:04:22,345 INFO [org.junit.Test] zero00173
2016-08-04 20:04:22,345 INFO [org.junit.Test] zero00174
2016-08-04 20:04:22,345 INFO [org.junit.Test] zero00175
2016-08-04 20:04:22,345 INFO [org.junit.Test] zero00176
2016-08-04 20:04:22,345 INFO [org.junit.Test] zero00177
2016-08-04 20:04:22,345 INFO [org.junit.Test] zero00178
2016-08-04 20:04:22,345 INFO [org.junit.Test] zero00179
2016-08-04 20:04:22,345 INFO [org.junit.Test] zero00180
2016-08-04 20:04:22,345 INFO [org.junit.Test] zero00181
2016-08-04 20:04:22,345 INFO [org.junit.Test] zero00182
2016-08-04 20:04:22,345 INFO [org.junit.Test] zero00183
2016-08-04 20:04:22,345 INFO [org.junit.Test] zero00184
2016-08-04 20:04:22,345 INFO [org.junit.Test] zero00185
2016-08-04 20:04:22,345 INFO [org.junit.Test] zero00186
2016-08-04 20:04:22,345 INFO [org.junit.Test] zero00187
2016-08-04 20:04:22,345 INFO [org.junit.Test] zero00188
2016-08-04 20:04:22,345 INFO [org.junit.Test] zero00189
2016-08-04 20:04:22,345 INFO [org.junit.Test] zero00190
2016-08-04 20:04:22,345 INFO [org.junit.Test] zero00191
2016-08-04 20:04:22,345 INFO [org.junit.Test] zero00192
2016-08-04 20:04:22,345 INFO [org.junit.Test] zero00193
2016-08-04 20:04:22,345 INFO [org.junit.Test] zero00194
2016-08-04 20:04:22,345 INFO [org.junit.Test] zero00195
2016-08-04 20:04:22,345 INFO [org.junit.Test] zero00196
2016-08-04 20:04:22,345 INFO [org.junit.Test] zero00197
2016-08-04 20:04:22,345 INFO [org.junit.Test] zero00198
2016-08-04 20:04:22,345 INFO [org.junit.Test] zero00199
2016-08-04 20:04:22,345 INFO [org.junit.Test] zero00200
2016-08-04 20:04:22,345 INFO [org.junit.Test] zero00201
2016-08-04 20:04:22,345 INFO [org.junit.Test] zero00202
2016-08-04 20:04:22,345 INFO [org.junit.Test] zero00203
2016-08-04 20:04:22,345 INFO [org.junit.Test] zero00204
2016-08-04 20:04:22,345 INFO [org.junit.Test] zero00205
2016-08-04 20:04:22,345 INFO [org.junit.Test] zero00206
2016-08-04 20:04:22,345 INFO [org.junit.Test] zero00207
2016-08-04 20:04:22,345 INFO [org.junit.Test] zero00208
2016-08-04 20:04:22,345 INFO [org.junit.Test] zero00209
2016-08-04 20:04:22,345 INFO [org.junit.Test] zero00210
2016-08-04 20:04:22,345 INFO [org.junit.Test] zero00211
2016-08-04 20:04:22,345 INFO [org.junit.Test] zero00212
2016-08-04 20:04:22,345 INFO [org.junit.Test] zero00213
2016-08-04 20:04:22,345 INFO [org.junit.Test] zero00214
2016-08-04 20:04:22,345 INFO [org.junit.Test] zero00215
2016-08-04 20:04:22,345 INFO [org.junit.Test] zero00216
2016-08-04 20:04:22,345 INFO [org.junit.Test] zero00217
2016-08-04 20:04:22,345 INFO [org.junit.Test] zero00218
2016-08-04 20:04:22,345 INFO [org.junit.Test] zero00219
2016-08-04 20:04:22,345 INFO [org.junit.Test] zero00220
2016-08-04 20:04:22,345 INFO [org.junit.Test] zero00221
2016-08-04 20:04:22,345 INFO [org.junit.Test] zero00222
2016-08-04 20:04:22,345 INFO [org.junit.Test] zero00223
2016-08-04 20:04:22,345 INFO [org.junit.Test] zero00224
2016-08-04 20:04:22,345 INFO [org.junit.Test] zero00225
2016-08-04 20:04:22,345 INFO [org.junit.Test] zero00226
2016-08-04 20:04:22,345 INFO [org.junit.Test] zero00227
2016-08-04 20:04:22,345 INFO [org.junit.Test] zero00228
2016-08-04 20:04:22,345 INFO [org.junit.Test] zero00229
2016-08-04 20:04:22,345 INFO [org.junit.Test] zero00230
2016-08-04 20:04:22,345 INFO [org.junit.Test] zero00231
2016-08-04 20:04:22,345 INFO [org.junit.Test] zero00232
2016-08-04 20:04:22,345 INFO [org.junit.Test] zero00233
2016-08-04 20:04:22,345 INFO [org.junit.Test] zero00234
2016-08-04 20:04:22,345 INFO [org.junit.Test] zero00235
2016-08-04 20:04:22,345 INFO [org.junit.Test] zero00236
2016-08-04 20:04:22,345 INFO [org.junit.Test] zero00237
2016-08-04 20:04:22,345 INFO [org.junit.Test] zero00238
2016-08-04 20:04:22,345 INFO [org.junit.Test] zero00239
2016-08-04 20:04:22,345 INFO [org.junit.Test] zero00240
2016-08-04 20:04:22,345 INFO [org.junit.Test] zero00241
2016-08-04 20:04:22,345 INFO [org.junit.Test] zero00242
2016-08-04 20:04:22,345 INFO [org.junit.Test] zero00243
2016-08-04 20:04:22,345 INFO [org.junit.Test] zero00244
2016-08-04 20:04:22,345 INFO [org.junit.Test] zero00245
2016-08-04 20:04:22,345 INFO [org.junit.Test] zero00246
2016-08-04 20:04:22,345 INFO [org.junit.Test] zero00247
2016-08-04 20:04:22,345 INFO [org.junit.Test] zero00248
2016-08-04 20:04:22,345 INFO [org.junit.Test] zero00249
2016-08-04 20:04:22,345 INFO [org.junit.Test] zero00250
2016-08-04 20:04:22,345 INFO [org.junit.Test] zero00251
2016-08-04 20:04:22,345 INFO [org.junit.Test] zero00252
2016-08-04 20:04:22,345 INFO [org.junit.Test] zero00253
2016-08-04 20:04:22,345 INFO [org.junit.Test] zero00254
2016-08-04 20:04:22,345 INFO [org.junit.Test] zero00255
2016-08-04 20:04:22,345 INFO [org.junit.Test] zero00256
2016-08-04 20:04:22,345 INFO [org.junit.Test] zero00257
2016-08-04 20:04:22,345 INFO [org.junit.Test] zero00258
2016-08-04 20:04:22,345 INFO [org.junit.Test] zero00259
2016-08-04 20:04:22,346 INFO [org.junit.Test] zero00260
2016-08-04 20:04:22,346 INFO [org.junit.Test] zero00261
2016-08-04 20:04:22,346 INFO [org.junit.Test] zero00262
2016-08-04 20:04:22,346 INFO [org.junit.Test] zero00263
2016-08-04 20:04:22,346 INFO [org.junit.Test] zero00264
2016-08-04 20:04:22,346 INFO [org.junit.Test] zero00265
2016-08-04 20:04:22,346 INFO [org.junit.Test] zero00266
2016-08-04 20:04:22,346 INFO [org.junit.Test] zero00267
2016-08-04 20:04:22,346 INFO [org.junit.Test] zero00268
2016-08-04 20:04:22,346 INFO [org.junit.Test] zero00269
2016-08-04 20:04:22,346 INFO [org.junit.Test] zero00270
2016-08-04 20:04:22,346 INFO [org.junit.Test] zero00271
2016-08-04 20:04:22,346 INFO [org.junit.Test] zero00272
2016-08-04 20:04:22,346 INFO [org.junit.Test] zero00273
2016-08-04 20:04:22,346 INFO [org.junit.Test] zero00274
2016-08-04 20:04:22,346 INFO [org.junit.Test] zero00275
2016-08-04 20:04:22,346 INFO [org.junit.Test] zero00276
2016-08-04 20:04:22,346 INFO [org.junit.Test] zero00277
2016-08-04 20:04:22,346 INFO [org.junit.Test] zero00278
2016-08-04 20:04:22,346 INFO [org.junit.Test] zero00279
2016-08-04 20:04:22,346 INFO [org.junit.Test] zero00280
2016-08-04 20:04:22,346 INFO [org.junit.Test] zero00281
2016-08-04 20:04:22,346 INFO [org.junit.Test] zero00282
2016-08-04 20:04:22,346 INFO [org.junit.Test] zero00283
2016-08-04 20:04:22,346 INFO [org.junit.Test] zero00284
2016-08-04 20:04:22,346 INFO [org.junit.Test] zero00285
2016-08-04 20:04:22,346 INFO [org.junit.Test] zero00286
2016-08-04 20:04:22,346 INFO [org.junit.Test] zero00287
2016-08-04 20:04:22,346 INFO [org.junit.Test] zero00288
2016-08-04 20:04:22,346 INFO [org.junit.Test] zero00289
2016-08-04 20:04:22,346 INFO [org.junit.Test] zero00290
2016-08-04 20:04:22,346 INFO [org.junit.Test] zero00291
2016-08-04 20:04:22,346 INFO [org.junit.Test] zero00292
2016-08-04 20:04:22,346 INFO [org.junit.Test] zero00293
2016-08-04 20:04:22,346 INFO [org.junit.Test] zero00294
2016-08-04 20:04:22,346 INFO [org.junit.Test] zero00295
2016-08-04 20:04:22,346 INFO [org.junit.Test] zero00296
2016-08-04 20:04:22,346 INFO [org.junit.Test] zero00297
2016-08-04 20:04:22,346 INFO [org.junit.Test] zero00298
2016-08-04 20:04:22,346 INFO [org.junit.Test] zero00299
2016-08-04 20:04:22,346 INFO [org.junit.Test] zero00300
2016-08-04 20:04:22,346 INFO [org.junit.Test] zero00301
2016-08-04 20:04:22,346 INFO [org.junit.Test] zero00302
2016-08-04 20:04:22,346 INFO [org.junit.Test] zero00303
2016-08-04 20:04:22,346 INFO [org.junit.Test] zero00304
2016-08-04 20:04:22,346 INFO [org.junit.Test] zero00305
2016-08-04 20:04:22,346 INFO [org.junit.Test] zero00306
2016-08-04 20:04:22,346 INFO [org.junit.Test] zero00307
2016-08-04 20:04:22,346 INFO [org.junit.Test] zero00308
2016-08-04 20:04:22,346 INFO [org.junit.Test] zero00309
2016-08-04 20:04:22,346 INFO [org.junit.Test] zero00310
2016-08-04 20:04:22,346 INFO [org.junit.Test] zero00311
2016-08-04 20:04:22,346 INFO [org.junit.Test] zero00312
2016-08-04 20:04:22,346 INFO [org.junit.Test] zero00313
2016-08-04 20:04:22,346 INFO [org.junit.Test] zero00314
2016-08-04 20:04:22,346 INFO [org.junit.Test] zero00315
2016-08-04 20:04:22,346 INFO [org.junit.Test] zero00316
2016-08-04 20:04:22,346 INFO [org.junit.Test] zero00317
2016-08-04 20:04:22,346 INFO [org.junit.Test] zero00318
2016-08-04 20:04:22,346 INFO [org.junit.Test] zero00319
2016-08-04 20:04:22,346 INFO [org.junit.Test] zero00320
2016-08-04 20:04:22,346 INFO [org.junit.Test] zero00321
2016-08-04 20:04:22,346 INFO [org.junit.Test] zero00322
2016-08-04 20:04:22,346 INFO [org.junit.Test] zero00323
2016-08-04 20:04:22,346 INFO [org.junit.Test] zero00324
2016-08-04 20:04:22,346 INFO [org.junit.Test] zero00325
2016-08-04 20:04:22,346 INFO [org.junit.Test] zero00326
2016-08-04 20:04:22,346 INFO [org.junit.Test] zero00327
2016-08-04 20:04:22,346 INFO [org.junit.Test] zero00328
2016-08-04 20:04:22,346 INFO [org.junit.Test] zero00329
2016-08-04 20:04:22,346 INFO [org.junit.Test] zero00330
2016-08-04 20:04:22,346 INFO [org.junit.Test] zero00331
2016-08-04 20:04:22,346 INFO [org.junit.Test] zero00332
2016-08-04 20:04:22,346 INFO [org.junit.Test] zero00333
2016-08-04 20:04:22,346 INFO [org.junit.Test] zero00334
2016-08-04 20:04:22,346 INFO [org.junit.Test] zero00335
2016-08-04 20:04:22,346 INFO [org.junit.Test] zero00336
2016-08-04 20:04:22,346 INFO [org.junit.Test] zero00337
2016-08-04 20:04:22,346 INFO [org.junit.Test] zero00338
2016-08-04 20:04:22,346 INFO [org.junit.Test] zero00339
2016-08-04 20:04:22,346 INFO [org.junit.Test] zero00340
2016-08-04 20:04:22,346 INFO [org.junit.Test] zero00341
2016-08-04 20:04:22,346 INFO [org.junit.Test] zero00342
2016-08-04 20:04:22,346 INFO [org.junit.Test] zero00343
2016-08-04 20:04:22,346 INFO [org.junit.Test] zero00344
2016-08-04 20:04:22,346 INFO [org.junit.Test] zero00345
2016-08-04 20:04:22,346 INFO [org.junit.Test] zero00346
2016-08-04 20:04:22,346 INFO [org.junit.Test] zero00347
2016-08-04 20:04:22,346 INFO [org.junit.Test] zero00348
2016-08-04 20:04:22,346 INFO [org.junit.Test] zero00349
2016-08-04 20:04:22,346 INFO [org.junit.Test] zero00350
2016-08-04 20:04:22,346 INFO [org.junit.Test] zero00351
2016-08-04 20:04:22,346 INFO [org.junit.Test] zero00352
2016-08-04 20:04:22,346 INFO [org.junit.Test] zero00353
2016-08-04 20:04:22,346 INFO [org.junit.Test] zero00354
2016-08-04 20:04:22,346 INFO [org.junit.Test] zero00355
2016-08-04 20:04:22,346 INFO [org.junit.Test] zero00356
2016-08-04 20:04:22,346 INFO [org.junit.Test] zero00357
2016-08-04 20:04:22,346 INFO [org.junit.Test] zero00358
2016-08-04 20:04:22,346 INFO [org.junit.Test] zero00359
2016-08-04 20:04:22,346 INFO [org.junit.Test] zero00360
2016-08-04 20:04:22,346 INFO [org.junit.Test] zero00361
2016-08-04 20:04:22,346 INFO [org.junit.Test] zero00362
2016-08-04 20:04:22,346 INFO [org.junit.Test] zero00363
2016-08-04 20:04:22,346 INFO [org.junit.Test] zero00364
2016-08-04 20:04:22,346 INFO [org.junit.Test] zero00365
2016-08-04 20:04:22,346 INFO [org.junit.Test] zero00366
2016-08-04 20:04:22,346 INFO [org.junit.Test] zero00367
2016-08-04 20:04:22,346 INFO [org.junit.Test] zero00368
2016-08-04 20:04:22,346 INFO [org.junit.Test] zero00369
2016-08-04 20:04:22,346 INFO [org.junit.Test] zero00370
2016-08-04 20:04:22,346 INFO [org.junit.Test] zero00371
2016-08-04 20:04:22,346 INFO [org.junit.Test] zero00372
2016-08-04 20:04:22,346 INFO [org.junit.Test] zero00373
2016-08-04 20:04:22,346 INFO [org.junit.Test] zero00374
2016-08-04 20:04:22,346 INFO [org.junit.Test] zero00375
2016-08-04 20:04:22,346 INFO [org.junit.Test] zero00376
2016-08-04 20:04:22,346 INFO [org.junit.Test] zero00377
2016-08-04 20:04:22,346 INFO [org.junit.Test] zero00378
2016-08-04 20:04:22,346 INFO [org.junit.Test] zero00379
2016-08-04 20:04:22,346 INFO [org.junit.Test] zero00380
2016-08-04 20:04:22,346 INFO [org.junit.Test] zero00381
2016-08-04 20:04:22,346 INFO [org.junit.Test] zero00382
2016-08-04 20:04:22,346 INFO [org.junit.Test] zero00383
2016-08-04 20:04:22,346 INFO [org.junit.Test] zero00384
2016-08-04 20:04:22,346 INFO [org.junit.Test] zero00385
2016-08-04 20:04:22,346 INFO [org.junit.Test] zero00386
2016-08-04 20:04:22,346 INFO [org.junit.Test] zero00387
2016-08-04 20:04:22,346 INFO [org.junit.Test] zero00388
2016-08-04 20:04:22,346 INFO [org.junit.Test] zero00389
2016-08-04 20:04:22,346 INFO [org.junit.Test] zero00390
2016-08-04 20:04:22,346 INFO [org.junit.Test] zero00391
2016-08-04 20:04:22,346 INFO [org.junit.Test] zero00392
2016-08-04 20:04:22,346 INFO [org.junit.Test] zero00393
2016-08-04 20:04:22,346 INFO [org.junit.Test] zero00394
2016-08-04 20:04:22,346 INFO [org.junit.Test] zero00395
2016-08-04 20:04:22,346 INFO [org.junit.Test] zero00396
2016-08-04 20:04:22,346 INFO [org.junit.Test] zero00397
2016-08-04 20:04:22,346 INFO [org.junit.Test] zero00398
2016-08-04 20:04:22,346 INFO [org.junit.Test] zero00399
2016-08-04 20:04:22,346 INFO [org.junit.Test] zero00400
2016-08-04 20:04:22,346 INFO [org.junit.Test] zero00401
2016-08-04 20:04:22,346 INFO [org.junit.Test] zero00402
2016-08-04 20:04:22,346 INFO [org.junit.Test] zero00403
2016-08-04 20:04:22,346 INFO [org.junit.Test] zero00404
2016-08-04 20:04:22,346 INFO [org.junit.Test] zero00405
2016-08-04 20:04:22,346 INFO [org.junit.Test] zero00406
2016-08-04 20:04:22,346 INFO [org.junit.Test] zero00407
2016-08-04 20:04:22,346 INFO [org.junit.Test] zero00408
2016-08-04 20:04:22,346 INFO [org.junit.Test] zero00409
2016-08-04 20:04:22,346 INFO [org.junit.Test] zero00410
2016-08-04 20:04:22,346 INFO [org.junit.Test] zero00411
2016-08-04 20:04:22,346 INFO [org.junit.Test] zero00412
2016-08-04 20:04:22,346 INFO [org.junit.Test] zero00413
2016-08-04 20:04:22,346 INFO [org.junit.Test] zero00414
2016-08-04 20:04:22,346 INFO [org.junit.Test] zero00415
2016-08-04 20:04:22,346 INFO [org.junit.Test] zero00416
2016-08-04 20:04:22,346 INFO [org.junit.Test] zero00417
2016-08-04 20:04:22,346 INFO [org.junit.Test] zero00418
2016-08-04 20:04:22,346 INFO [org.junit.Test] zero00419
2016-08-04 20:04:22,346 INFO [org.junit.Test] zero00420
2016-08-04 20:04:22,346 INFO [org.junit.Test] zero00421
2016-08-04 20:04:22,346 INFO [org.junit.Test] zero00422
2016-08-04 20:04:22,346 INFO [org.junit.Test] zero00423
2016-08-04 20:04:22,346 INFO [org.junit.Test] zero00424
2016-08-04 20:04:22,346 INFO [org.junit.Test] zero00425
2016-08-04 20:04:22,346 INFO [org.junit.Test] zero00426
2016-08-04 20:04:22,346 INFO [org.junit.Test] zero00427
2016-08-04 20:04:22,346 INFO [org.junit.Test] zero00428
2016-08-04 20:04:22,346 INFO [org.junit.Test] zero00429
2016-08-04 20:04:22,346 INFO [org.junit.Test] zero00430
2016-08-04 20:04:22,346 INFO [org.junit.Test] zero00431
2016-08-04 20:04:22,346 INFO [org.junit.Test] zero00432
2016-08-04 20:04:22,346 INFO [org.junit.Test] zero00433
2016-08-04 20:04:22,346 INFO [org.junit.Test] zero00434
2016-08-04 20:04:22,346 INFO [org.junit.Test] zero00435
2016-08-04 20:04:22,346 INFO [org.junit.Test] zero00436
2016-08-04 20:04:22,346 INFO [org.junit.Test] zero00437
2016-08-04 20:04:22,346 INFO [org.junit.Test] zero00438
2016-08-04 20:04:22,346 INFO [org.junit.Test] zero00439
2016-08-04 20:04:22,346 INFO [org.junit.Test] zero00440
2016-08-04 20:04:22,346 INFO [org.junit.Test] zero00441
2016-08-04 20:04:22,346 INFO [org.junit.Test] zero00442
2016-08-04 20:04:22,346 INFO [org.junit.Test] zero00443
2016-08-04 20:04:22,346 INFO [org.junit.Test] zero00444
2016-08-04 20:04:22,346 INFO [org.junit.Test] zero00445
2016-08-04 20:04:22,346 INFO [org.junit.Test] zero00446
2016-08-04 20:04:22,346 INFO [org.junit.Test] zero00447
2016-08-04 20:04:22,346 INFO [org.junit.Test] zero00448
2016-08-04 20:04:22,346 INFO [org.junit.Test] zero00449
2016-08-04 20:04:22,346 INFO [org.junit.Test] zero00450
2016-08-04 20:04:22,346 INFO [org.junit.Test] zero00451
2016-08-04 20:04:22,346 INFO [org.junit.Test] zero00452
2016-08-04 20:04:22,346 INFO [org.junit.Test] zero00453
2016-08-04 20:04:22,346 INFO [org.junit.Test] zero00454
2016-08-04 20:04:22,346 INFO [org.junit.Test] zero00455
2016-08-04 20:04:22,346 INFO [org.junit.Test] zero00456
2016-08-04 20:04:22,346 INFO [org.junit.Test] zero00457
2016-08-04 20:04:22,346 INFO [org.junit.Test] zero00458
2016-08-04 20:04:22,346 INFO [org.junit.Test] zero00459
2016-08-04 20:04:22,346 INFO [org.junit.Test] zero00460
2016-08-04 20:04:22,346 INFO [org.junit.Test] zero00461
2016-08-04 20:04:22,346 INFO [org.junit.Test] zero00462
2016-08-04 20:04:22,346 INFO [org.junit.Test] zero00463
2016-08-04 20:04:22,346 INFO [org.junit.Test] zero00464
2016-08-04 20:04:22,346 INFO [org.junit.Test] zero00465
2016-08-04 20:04:22,346 INFO [org.junit.Test] zero00466
2016-08-04 20:04:22,346 INFO [org.junit.Test] zero00467
2016-08-04 20:04:22,346 INFO [org.junit.Test] zero00468
2016-08-04 20:04:22,346 INFO [org.junit.Test] zero00469
2016-08-04 20:04:22,346 INFO [org.junit.Test] zero00470
2016-08-04 20:04:22,346 INFO [org.junit.Test] zero00471
2016-08-04 20:04:22,346 INFO [org.junit.Test] zero00472
2016-08-04 20:04:22,346 INFO [org.junit.Test] zero00473
2016-08-04 20:04:22,346 INFO [org.junit.Test] zero00474
2016-08-04 20:04:22,346 INFO [org.junit.Test] zero00475
2016-08-04 20:04:22,346 INFO [org.junit.Test] zero00476
2016-08-04 20:04:22,346 INFO [org.junit.Test] zero00477
2016-08-04 20:04:22,346 INFO [org.junit.Test] zero00478
2016-08-04 20:04:22,346 INFO [org.junit.Test] zero00479
2016-08-04 20:04:22,346 INFO [org.junit.Test] zero00480
2016-08-04 20:04:22,346 INFO [org.junit.Test] zero00481
2016-08-04 20:04:22,346 INFO [org.junit.Test] zero00482
2016-08-04 20:04:22,346 INFO [org.junit.Test] zero00483
2016-08-04 20:04:22,346 INFO [org.junit.Test] zero00484
2016-08-04 20:04:22,346 INFO [org.junit.Test] zero00485
2016-08-04 20:04:22,346 INFO [org.junit.Test] zero00486
2016-08-04 20:04:22,346 INFO [org.junit.Test] zero00487
2016-08-04 20:04:22,346 INFO [org.junit.Test] zero00488
2016-08-04 20:04:22,346 INFO [org.junit.Test] zero00489
2016-08-04 20:04:22,346 INFO [org.junit.Test] zero00490
2016-08-04 20:04:22,346 INFO [org.junit.Test] zero00491
2016-08-04 20:04:22,346 INFO [org.junit.Test] zero00492
2016-08-04 20:04:22,346 INFO [org.junit.Test] zero00493
2016-08-04 20:04:22,346 INFO [org.junit.Test] zero00494
2016-08-04 20:04:22,346 INFO [org.junit.Test] zero00495
2016-08-04 20:04:22,346 INFO [org.junit.Test] zero00496
2016-08-04 20:04:22,346 INFO [org.junit.Test] zero00497
2016-08-04 20:04:22,346 INFO [org.junit.Test] zero00498
2016-08-04 20:04:22,346 INFO [org.junit.Test] zero00499
2016-08-04 20:04:22,346 INFO [org.junit.Test] zero00500
2016-08-04 20:04:22,346 INFO [org.junit.Test] zero00501
2016-08-04 20:04:22,346 INFO [org.junit.Test] zero00502
2016-08-04 20:04:22,346 INFO [org.junit.Test] zero00503
2016-08-04 20:04:22,346 INFO [org.junit.Test] zero00504
2016-08-04 20:04:22,346 INFO [org.junit.Test] zero00505
2016-08-04 20:04:22,346 INFO [org.junit.Test] zero00506
2016-08-04 20:04:22,346 INFO [org.junit.Test] zero00507
2016-08-04 20:04:22,346 INFO [org.junit.Test] zero00508
2016-08-04 20:04:22,346 INFO [org.junit.Test] zero00509
2016-08-04 20:04:22,346 INFO [org.junit.Test] zero00510
2016-08-04 20:04:22,346 INFO [org.junit.Test] zero00511
2016-08-04 20:04:22,346 INFO [org.junit.Test] zero00512
2016-08-04 20:04:22,346 INFO [org.junit.Test] zero00513
2016-08-04 20:04:22,346 INFO [org.junit.Test] zero00514
2016-08-04 20:04:22,346 INFO [org.junit.Test] zero00515
2016-08-04 20:04:22,346 INFO [org.junit.Test] zero00516
2016-08-04 20:04:22,346 INFO [org.junit.Test] zero00517
2016-08-04 20:04:22,346 INFO [org.junit.Test] zero00518
2016-08-04 20:04:22,346 INFO [org.junit.Test] zero00519
2016-08-04 20:04:22,346 INFO [org.junit.Test] zero00520
2016-08-04 20:04:22,346 INFO [org.junit.Test] zero00521
2016-08-04 20:04:22,346 INFO [org.junit.Test] zero00522
2016-08-04 20:04:22,346 INFO [org.junit.Test] zero00523
2016-08-04 20:04:22,346 INFO [org.junit.Test] zero00524
2016-08-04 20:04:22,346 INFO [org.junit.Test] zero00525
2016-08-04 20:04:22,346 INFO [org.junit.Test] zero00526
2016-08-04 20:04:22,346 INFO [org.junit.Test] zero00527
2016-08-04 20:04:22,346 INFO [org.junit.Test] zero00528
2016-08-04 20:04:22,346 INFO [org.junit.Test] zero00529
2016-08-04 20:04:22,346 INFO [org.junit.Test] zero00530
2016-08-04 20:04:22,346 INFO [org.junit.Test] zero00531
2016-08-04 20:04:22,346 INFO [org.junit.Test] zero00532
2016-08-04 20:04:22,346 INFO [org.junit.Test] zero00533
2016-08-04 20:04:22,346 INFO [org.junit.Test] zero00534
2016-08-04 20:04:22,346 INFO [org.junit.Test] zero00535
2016-08-04 20:04:22,346 INFO [org.junit.Test] zero00536
2016-08-04 20:04:22,346 INFO [org.junit.Test] zero00537
2016-08-04 20:04:22,346 INFO [org.junit.Test] zero00538
2016-08-04 20:04:22,346 INFO [org.junit.Test] zero00539
2016-08-04 20:04:22,346 INFO [org.junit.Test] zero00540
2016-08-04 20:04:22,346 INFO [org.junit.Test] zero00541
2016-08-04 20:04:22,346 INFO [org.junit.Test] zero00542
2016-08-04 20:04:22,347 INFO [org.junit.Test] zero00543
2016-08-04 20:04:22,347 INFO [org.junit.Test] zero00544
2016-08-04 20:04:22,347 INFO [org.junit.Test] zero00545
2016-08-04 20:04:22,347 INFO [org.junit.Test] zero00546
2016-08-04 20:04:22,347 INFO [org.junit.Test] zero00547
2016-08-04 20:04:22,347 INFO [org.junit.Test] zero00548
2016-08-04 20:04:22,347 INFO [org.junit.Test] zero00549
2016-08-04 20:04:22,347 INFO [org.junit.Test] zero00550
2016-08-04 20:04:22,347 INFO [org.junit.Test] zero00551
2016-08-04 20:04:22,347 INFO [org.junit.Test] zero00552
2016-08-04 20:04:22,347 INFO [org.junit.Test] zero00553
2016-08-04 20:04:22,347 INFO [org.junit.Test] zero00554
2016-08-04 20:04:22,347 INFO [org.junit.Test] zero00555
2016-08-04 20:04:22,347 INFO [org.junit.Test] zero00556
2016-08-04 20:04:22,347 INFO [org.junit.Test] zero00557
2016-08-04 20:04:22,347 INFO [org.junit.Test] zero00558
2016-08-04 20:04:22,347 INFO [org.junit.Test] zero00559
2016-08-04 20:04:22,347 INFO [org.junit.Test] zero00560
2016-08-04 20:04:22,347 INFO [org.junit.Test] zero00561
2016-08-04 20:04:22,347 INFO [org.junit.Test] zero00562
2016-08-04 20:04:22,347 INFO [org.junit.Test] zero00563
2016-08-04 20:04:22,347 INFO [org.junit.Test] zero00564
2016-08-04 20:04:22,347 INFO [org.junit.Test] zero00565
2016-08-04 20:04:22,347 INFO [org.junit.Test] zero00566
2016-08-04 20:04:22,347 INFO [org.junit.Test] zero00567
2016-08-04 20:04:22,347 INFO [org.junit.Test] zero00568
2016-08-04 20:04:22,347 INFO [org.junit.Test] zero00569
2016-08-04 20:04:22,347 INFO [org.junit.Test] zero00570
2016-08-04 20:04:22,347 INFO [org.junit.Test] zero00571
2016-08-04 20:04:22,347 INFO [org.junit.Test] zero00572
2016-08-04 20:04:22,347 INFO [org.junit.Test] zero00573
2016-08-04 20:04:22,347 INFO [org.junit.Test] zero00574
2016-08-04 20:04:22,347 INFO [org.junit.Test] zero00575
2016-08-04 20:04:22,347 INFO [org.junit.Test] zero00576
2016-08-04 20:04:22,347 INFO [org.junit.Test] zero00577
2016-08-04 20:04:22,347 INFO [org.junit.Test] zero00578
2016-08-04 20:04:22,347 INFO [org.junit.Test] zero00579
2016-08-04 20:04:22,347 INFO [org.junit.Test] zero00580
2016-08-04 20:04:22,347 INFO [org.junit.Test] zero00581
2016-08-04 20:04:22,347 INFO [org.junit.Test] zero00582
2016-08-04 20:04:22,347 INFO [org.junit.Test] zero00583
2016-08-04 20:04:22,347 INFO [org.junit.Test] zero00584
2016-08-04 20:04:22,347 INFO [org.junit.Test] zero00585
2016-08-04 20:04:22,347 INFO [org.junit.Test] zero00586
2016-08-04 20:04:22,347 INFO [org.junit.Test] zero00587
2016-08-04 20:04:22,347 INFO [org.junit.Test] zero00588
2016-08-04 20:04:22,347 INFO [org.junit.Test] zero00589
2016-08-04 20:04:22,347 INFO [org.junit.Test] zero00590
2016-08-04 20:04:22,347 INFO [org.junit.Test] zero00591
2016-08-04 20:04:22,347 INFO [org.junit.Test] zero00592
2016-08-04 20:04:22,347 INFO [org.junit.Test] zero00593
2016-08-04 20:04:22,347 INFO [org.junit.Test] zero00594
2016-08-04 20:04:22,347 INFO [org.junit.Test] zero00595
2016-08-04 20:04:22,347 INFO [org.junit.Test] zero00596
2016-08-04 20:04:22,347 INFO [org.junit.Test] zero00597
2016-08-04 20:04:22,347 INFO [org.junit.Test] zero00598
2016-08-04 20:04:22,347 INFO [org.junit.Test] zero00599
2016-08-04 20:04:22,347 INFO [org.junit.Test] zero00600
2016-08-04 20:04:22,347 INFO [org.junit.Test] zero00601
2016-08-04 20:04:22,347 INFO [org.junit.Test] zero00602
2016-08-04 20:04:22,347 INFO [org.junit.Test] zero00603
2016-08-04 20:04:22,347 INFO [org.junit.Test] zero00604
2016-08-04 20:04:22,347 INFO [org.junit.Test] zero00605
2016-08-04 20:04:22,347 INFO [org.junit.Test] zero00606
2016-08-04 20:04:22,347 INFO [org.junit.Test] zero00607
2016-08-04 20:04:22,347 INFO [org.junit.Test] zero00608
2016-08-04 20:04:22,347 INFO [org.junit.Test] zero00609
2016-08-04 20:04:22,347 INFO [org.junit.Test] zero00610
2016-08-04 20:04:22,347 INFO [org.junit.Test] zero00611
2016-08-04 20:04:22,347 INFO [org.junit.Test] zero00612
2016-08-04 20:04:22,347 INFO [org.junit.Test] zero00613
2016-08-04 20:04:22,347 INFO [org.junit.Test] zero00614
2016-08-04 20:04:22,347 INFO [org.junit.Test] zero00615
2016-08-04 20:04:22,347 INFO [org.junit.Test] zero00616
2016-08-04 20:04:22,347 INFO [org.junit.Test] zero00617
2016-08-04 20:04:22,347 INFO [org.junit.Test] zero00618
2016-08-04 20:04:22,347 INFO [org.junit.Test] zero00619
2016-08-04 20:04:22,347 INFO [org.junit.Test] zero00620
2016-08-04 20:04:22,347 INFO [org.junit.Test] zero00621
2016-08-04 20:04:22,347 INFO [org.junit.Test] zero00622
2016-08-04 20:04:22,347 INFO [org.junit.Test] zero00623
2016-08-04 20:04:22,347 INFO [org.junit.Test] zero00624
2016-08-04 20:04:22,347 INFO [org.junit.Test] zero00625
2016-08-04 20:04:22,347 INFO [org.junit.Test] zero00626
2016-08-04 20:04:22,347 INFO [org.junit.Test] zero00627
2016-08-04 20:04:22,347 INFO [org.junit.Test] zero00628
2016-08-04 20:04:22,347 INFO [org.junit.Test] zero00629
2016-08-04 20:04:22,347 INFO [org.junit.Test] zero00630
2016-08-04 20:04:22,347 INFO [org.junit.Test] zero00631
2016-08-04 20:04:22,347 INFO [org.junit.Test] zero00632
2016-08-04 20:04:22,347 INFO [org.junit.Test] zero00633
2016-08-04 20:04:22,347 INFO [org.junit.Test] zero00634
2016-08-04 20:04:22,347 INFO [org.junit.Test] zero00635
2016-08-04 20:04:22,347 INFO [org.junit.Test] zero00636
2016-08-04 20:04:22,347 INFO [org.junit.Test] zero00637
2016-08-04 20:04:22,347 INFO [org.junit.Test] zero00638
2016-08-04 20:04:22,347 INFO [org.junit.Test] zero00639
2016-08-04 20:04:22,347 INFO [org.junit.Test] zero00640
2016-08-04 20:04:22,347 INFO [org.junit.Test] zero00641
2016-08-04 20:04:22,347 INFO [org.junit.Test] zero00642
2016-08-04 20:04:22,347 INFO [org.junit.Test] zero00643
2016-08-04 20:04:22,347 INFO [org.junit.Test] zero00644
2016-08-04 20:04:22,347 INFO [org.junit.Test] zero00645
2016-08-04 20:04:22,347 INFO [org.junit.Test] zero00646
2016-08-04 20:04:22,347 INFO [org.junit.Test] zero00647
2016-08-04 20:04:22,347 INFO [org.junit.Test] zero00648
2016-08-04 20:04:22,347 INFO [org.junit.Test] zero00649
2016-08-04 20:04:22,347 INFO [org.junit.Test] zero00650
2016-08-04 20:04:22,347 INFO [org.junit.Test] zero00651
2016-08-04 20:04:22,347 INFO [org.junit.Test] zero00652
2016-08-04 20:04:22,347 INFO [org.junit.Test] zero00653
2016-08-04 20:04:22,347 INFO [org.junit.Test] zero00654
2016-08-04 20:04:22,347 INFO [org.junit.Test] zero00655
2016-08-04 20:04:22,347 INFO [org.junit.Test] zero00656
2016-08-04 20:04:22,347 INFO [org.junit.Test] zero00657
2016-08-04 20:04:22,347 INFO [org.junit.Test] zero00658
2016-08-04 20:04:22,347 INFO [org.junit.Test] zero00659
2016-08-04 20:04:22,347 INFO [org.junit.Test] zero00660
2016-08-04 20:04:22,347 INFO [org.junit.Test] zero00661
2016-08-04 20:04:22,347 INFO [org.junit.Test] zero00662
2016-08-04 20:04:22,347 INFO [org.junit.Test] zero00663
2016-08-04 20:04:22,347 INFO [org.junit.Test] zero00664
2016-08-04 20:04:22,347 INFO [org.junit.Test] zero00665
2016-08-04 20:04:22,347 INFO [org.junit.Test] zero00666
2016-08-04 20:04:22,347 INFO [org.junit.Test] zero00667
2016-08-04 20:04:22,347 INFO [org.junit.Test] zero00668
2016-08-04 20:04:22,347 INFO [org.junit.Test] zero00669
2016-08-04 20:04:22,347 INFO [org.junit.Test] zero00670
2016-08-04 20:04:22,347 INFO [org.junit.Test] zero00671
2016-08-04 20:04:22,347 INFO [org.junit.Test] zero00672
2016-08-04 20:04:22,347 INFO [org.junit.Test] zero00673
2016-08-04 20:04:22,347 INFO [org.junit.Test] zero00674
2016-08-04 20:04:22,347 INFO [org.junit.Test] zero00675
2016-08-04 20:04:22,347 INFO [org.junit.Test] zero00676
2016-08-04 20:04:22,347 INFO [org.junit.Test] zero00677
2016-08-04 20:04:22,347 INFO [org.junit.Test] zero00678
2016-08-04 20:04:22,347 INFO [org.junit.Test] zero00679
2016-08-04 20:04:22,347 INFO [org.junit.Test] zero00680
2016-08-04 20:04:22,347 INFO [org.junit.Test] zero00681
2016-08-04 20:04:22,347 INFO [org.junit.Test] zero00682
2016-08-04 20:04:22,347 INFO [org.junit.Test] zero00683
2016-08-04 20:04:22,347 INFO [org.junit.Test] zero00684
2016-08-04 20:04:22,347 INFO [org.junit.Test] zero00685
2016-08-04 20:04:22,347 INFO [org.junit.Test] zero00686
2016-08-04 20:04:22,347 INFO [org.junit.Test] zero00687
2016-08-04 20:04:22,347 INFO [org.junit.Test] zero00688
2016-08-04 20:04:22,347 INFO [org.junit.Test] zero00689
2016-08-04 20:04:22,347 INFO [org.junit.Test] zero00690
2016-08-04 20:04:22,347 INFO [org.junit.Test] zero00691
2016-08-04 20:04:22,347 INFO [org.junit.Test] zero00692
2016-08-04 20:04:22,347 INFO [org.junit.Test] zero00693
2016-08-04 20:04:22,347 INFO [org.junit.Test] zero00694
2016-08-04 20:04:22,347 INFO [org.junit.Test] zero00695
2016-08-04 20:04:22,347 INFO [org.junit.Test] zero00696
2016-08-04 20:04:22,347 INFO [org.junit.Test] zero00697
2016-08-04 20:04:22,347 INFO [org.junit.Test] zero00698
2016-08-04 20:04:22,347 INFO [org.junit.Test] zero00699
2016-08-04 20:04:22,347 INFO [org.junit.Test] zero00700
2016-08-04 20:04:22,347 INFO [org.junit.Test] zero00701
2016-08-04 20:04:22,347 INFO [org.junit.Test] zero00702
2016-08-04 20:04:22,347 INFO [org.junit.Test] zero00703
2016-08-04 20:04:22,347 INFO [org.junit.Test] zero00704
2016-08-04 20:04:22,347 INFO [org.junit.Test] zero00705
2016-08-04 20:04:22,347 INFO [org.junit.Test] zero00706
2016-08-04 20:04:22,347 INFO [org.junit.Test] zero00707
2016-08-04 20:04:22,347 INFO [org.junit.Test] zero00708
2016-08-04 20:04:22,347 INFO [org.junit.Test] zero00709
2016-08-04 20:04:22,347 INFO [org.junit.Test] zero00710
2016-08-04 20:04:22,347 INFO [org.junit.Test] zero00711
2016-08-04 20:04:22,347 INFO [org.junit.Test] zero00712
2016-08-04 20:04:22,347 INFO [org.junit.Test] zero00713
2016-08-04 20:04:22,347 INFO [org.junit.Test] zero00714
2016-08-04 20:04:22,347 INFO [org.junit.Test] zero00715
2016-08-04 20:04:22,347 INFO [org.junit.Test] zero00716
2016-08-04 20:04:22,347 INFO [org.junit.Test] zero00717
2016-08-04 20:04:22,347 INFO [org.junit.Test] zero00718
2016-08-04 20:04:22,347 INFO [org.junit.Test] zero00719
2016-08-04 20:04:22,347 INFO [org.junit.Test] zero00720
2016-08-04 20:04:22,347 INFO [org.junit.Test] zero00721
2016-08-04 20:04:22,347 INFO [org.junit.Test] zero00722
2016-08-04 20:04:22,347 INFO [org.junit.Test] zero00723
2016-08-04 20:04:22,347 INFO [org.junit.Test] zero00724
2016-08-04 20:04:22,347 INFO [org.junit.Test] zero00725
2016-08-04 20:04:22,347 INFO [org.junit.Test] zero00726
2016-08-04 20:04:22,347 INFO [org.junit.Test] zero00727
2016-08-04 20:04:22,347 INFO [org.junit.Test] zero00728
2016-08-04 20:04:22,347 INFO [org.junit.Test] zero00729
2016-08-04 20:04:22,347 INFO [org.junit.Test] zero00730
2016-08-04 20:04:22,347 INFO [org.junit.Test] zero00731
2016-08-04 20:04:22,347 INFO [org.junit.Test] zero00732
2016-08-04 20:04:22,347 INFO [org.junit.Test] zero00733
2016-08-04 20:04:22,347 INFO [org.junit.Test] zero00734
2016-08-04 20:04:22,347 INFO [org.junit.Test] zero00735
2016-08-04 20:04:22,347 INFO [org.junit.Test] zero00736
2016-08-04 20:04:22,347 INFO [org.junit.Test] zero00737
2016-08-04 20:04:22,347 INFO [org.junit.Test] zero00738
2016-08-04 20:04:22,347 INFO [org.junit.Test] zero00739
2016-08-04 20:04:22,347 INFO [org.junit.Test] zero00740
2016-08-04 20:04:22,347 INFO [org.junit.Test] zero00741
2016-08-04 20:04:22,347 INFO [org.junit.Test] zero00742
2016-08-04 20:04:22,347 INFO [org.junit.Test] zero00743
2016-08-04 20:04:22,347 INFO [org.junit.Test] zero00744
2016-08-04 20:04:22,347 INFO [org.junit.Test] zero00745
2016-08-04 20:04:22,347 INFO [org.junit.Test] zero00746
2016-08-04 20:04:22,347 INFO [org.junit.Test] zero00747
2016-08-04 20:04:22,347 INFO [org.junit.Test] zero00748
2016-08-04 20:04:22,347 INFO [org.junit.Test] zero00749
2016-08-04 20:04:22,347 INFO [org.junit.Test] zero00750
2016-08-04 20:04:22,347 INFO [org.junit.Test] zero00751
2016-08-04 20:04:22,347 INFO [org.junit.Test] zero00752
2016-08-04 20:04:22,347 INFO [org.junit.Test] zero00753
2016-08-04 20:04:22,347 INFO [org.junit.Test] zero00754
2016-08-04 20:04:22,347 INFO [org.junit.Test] zero00755
2016-08-04 20:04:22,347 INFO [org.junit.Test] zero00756
2016-08-04 20:04:22,347 INFO [org.junit.Test] zero00757
2016-08-04 20:04:22,347 INFO [org.junit.Test] zero00758
2016-08-04 20:04:22,347 INFO [org.junit.Test] zero00759
2016-08-04 20:04:22,347 INFO [org.junit.Test] zero00760
2016-08-04 20:04:22,347 INFO [org.junit.Test] zero00761
2016-08-04 20:04:22,347 INFO [org.junit.Test] zero00762
2016-08-04 20:04:22,347 INFO [org.junit.Test] zero00763
2016-08-04 20:04:22,347 INFO [org.junit.Test] zero00764
2016-08-04 20:04:22,347 INFO [org.junit.Test] zero00765
2016-08-04 20:04:22,347 INFO [org.junit.Test] zero00766
2016-08-04 20:04:22,347 INFO [org.junit.Test] zero00767
2016-08-04 20:04:22,347 INFO [org.junit.Test] zero00768
2016-08-04 20:04:22,347 INFO [org.junit.Test] zero00769
2016-08-04 20:04:22,347 INFO [org.junit.Test] zero00770
2016-08-04 20:04:22,347 INFO [org.junit.Test] zero00771
2016-08-04 20:04:22,347 INFO [org.junit.Test] zero00772
2016-08-04 20:04:22,347 INFO [org.junit.Test] zero00773
2016-08-04 20:04:22,347 INFO [org.junit.Test] zero00774
2016-08-04 20:04:22,347 INFO [org.junit.Test] zero00775
2016-08-04 20:04:22,347 INFO [org.junit.Test] zero00776
2016-08-04 20:04:22,347 INFO [org.junit.Test] zero00777
2016-08-04 20:04:22,347 INFO [org.junit.Test] zero00778
2016-08-04 20:04:22,347 INFO [org.junit.Test] zero00779
2016-08-04 20:04:22,347 INFO [org.junit.Test] zero00780
2016-08-04 20:04:22,347 INFO [org.junit.Test] zero00781
2016-08-04 20:04:22,347 INFO [org.junit.Test] zero00782
2016-08-04 20:04:22,347 INFO [org.junit.Test] zero00783
2016-08-04 20:04:22,347 INFO [org.junit.Test] zero00784
2016-08-04 20:04:22,347 INFO [org.junit.Test] zero00785
2016-08-04 20:04:22,347 INFO [org.junit.Test] zero00786
2016-08-04 20:04:22,347 INFO [org.junit.Test] zero00787
2016-08-04 20:04:22,347 INFO [org.junit.Test] zero00788
2016-08-04 20:04:22,347 INFO [org.junit.Test] zero00789
2016-08-04 20:04:22,347 INFO [org.junit.Test] zero00790
2016-08-04 20:04:22,347 INFO [org.junit.Test] zero00791
2016-08-04 20:04:22,347 INFO [org.junit.Test] zero00792
2016-08-04 20:04:22,347 INFO [org.junit.Test] zero00793
2016-08-04 20:04:22,347 INFO [org.junit.Test] zero00794
2016-08-04 20:04:22,347 INFO [org.junit.Test] zero00795
2016-08-04 20:04:22,347 INFO [org.junit.Test] zero00796
2016-08-04 20:04:22,347 INFO [org.junit.Test] zero00797
2016-08-04 20:04:22,347 INFO [org.junit.Test] zero00798
2016-08-04 20:04:22,347 INFO [org.junit.Test] zero00799
2016-08-04 20:04:22,347 INFO [org.junit.Test] zero00800
2016-08-04 20:04:22,347 INFO [org.junit.Test] zero00801
2016-08-04 20:04:22,347 INFO [org.junit.Test] zero00802
2016-08-04 20:04:22,347 INFO [org.junit.Test] zero00803
2016-08-04 20:04:22,347 INFO [org.junit.Test] zero00804
2016-08-04 20:04:22,347 INFO [org.junit.Test] zero00805
2016-08-04 20:04:22,347 INFO [org.junit.Test] zero00806
2016-08-04 20:04:22,347 INFO [org.junit.Test] zero00807
2016-08-04 20:04:22,347 INFO [org.junit.Test] zero00808
2016-08-04 20:04:22,347 INFO [org.junit.Test] zero00809
2016-08-04 20:04:22,347 INFO [org.junit.Test] zero00810
2016-08-04 20:04:22,347 INFO [org.junit.Test] zero00811
2016-08-04 20:04:22,348 INFO [org.junit.Test] zero00812
2016-08-04 20:04:22,348 INFO [org.junit.Test] zero00813
2016-08-04 20:04:22,348 INFO [org.junit.Test] zero00814
2016-08-04 20:04:22,348 INFO [org.junit.Test] zero00815
2016-08-04 20:04:22,348 INFO [org.junit.Test] zero00816
2016-08-04 20:04:22,348 INFO [org.junit.Test] zero00817
2016-08-04 20:04:22,348 INFO [org.junit.Test] zero00818
2016-08-04 20:04:22,348 INFO [org.junit.Test] zero00819
2016-08-04 20:04:22,348 INFO [org.junit.Test] zero00820
2016-08-04 20:04:22,348 INFO [org.junit.Test] zero00821
2016-08-04 20:04:22,348 INFO [org.junit.Test] zero00822
2016-08-04 20:04:22,348 INFO [org.junit.Test] zero00823
2016-08-04 20:04:22,348 INFO [org.junit.Test] zero00824
2016-08-04 20:04:22,348 INFO [org.junit.Test] zero00825
2016-08-04 20:04:22,348 INFO [org.junit.Test] zero00826
2016-08-04 20:04:22,348 INFO [org.junit.Test] zero00827
2016-08-04 20:04:22,348 INFO [org.junit.Test] zero00828
2016-08-04 20:04:22,348 INFO [org.junit.Test] zero00829
2016-08-04 20:04:22,348 INFO [org.junit.Test] zero00830
2016-08-04 20:04:22,348 INFO [org.junit.Test] zero00831
2016-08-04 20:04:22,348 INFO [org.junit.Test] zero00832
2016-08-04 20:04:22,348 INFO [org.junit.Test] zero00833
2016-08-04 20:04:22,348 INFO [org.junit.Test] zero00834
2016-08-04 20:04:22,348 INFO [org.junit.Test] zero00835
2016-08-04 20:04:22,348 INFO [org.junit.Test] zero00836
2016-08-04 20:04:22,348 INFO [org.junit.Test] zero00837
2016-08-04 20:04:22,348 INFO [org.junit.Test] zero00838
2016-08-04 20:04:22,348 INFO [org.junit.Test] zero00839
2016-08-04 20:04:22,348 INFO [org.junit.Test] zero00840
2016-08-04 20:04:22,348 INFO [org.junit.Test] zero00841
2016-08-04 20:04:22,348 INFO [org.junit.Test] zero00842
2016-08-04 20:04:22,348 INFO [org.junit.Test] zero00843
2016-08-04 20:04:22,348 INFO [org.junit.Test] zero00844
2016-08-04 20:04:22,348 INFO [org.junit.Test] zero00845
2016-08-04 20:04:22,348 INFO [org.junit.Test] zero00846
2016-08-04 20:04:22,348 INFO [org.junit.Test] zero00847
2016-08-04 20:04:22,348 INFO [org.junit.Test] zero00848
2016-08-04 20:04:22,348 INFO [org.junit.Test] zero00849
2016-08-04 20:04:22,348 INFO [org.junit.Test] zero00850
2016-08-04 20:04:22,348 INFO [org.junit.Test] zero00851
2016-08-04 20:04:22,348 INFO [org.junit.Test] zero00852
2016-08-04 20:04:22,348 INFO [org.junit.Test] zero00853
2016-08-04 20:04:22,348 INFO [org.junit.Test] zero00854
2016-08-04 20:04:22,348 INFO [org.junit.Test] zero00855
2016-08-04 20:04:22,348 INFO [org.junit.Test] zero00856
2016-08-04 20:04:22,348 INFO [org.junit.Test] zero00857
2016-08-04 20:04:22,348 INFO [org.junit.Test] zero00858
2016-08-04 20:04:22,348 INFO [org.junit.Test] zero00859
2016-08-04 20:04:22,348 INFO [org.junit.Test] zero00860
2016-08-04 20:04:22,348 INFO [org.junit.Test] zero00861
2016-08-04 20:04:22,348 INFO [org.junit.Test] zero00862
2016-08-04 20:04:22,348 INFO [org.junit.Test] zero00863
2016-08-04 20:04:22,348 INFO [org.junit.Test] zero00864
2016-08-04 20:04:22,348 INFO [org.junit.Test] zero00865
2016-08-04 20:04:22,348 INFO [org.junit.Test] zero00866
2016-08-04 20:04:22,348 INFO [org.junit.Test] zero00867
2016-08-04 20:04:22,348 INFO [org.junit.Test] zero00868
2016-08-04 20:04:22,348 INFO [org.junit.Test] zero00869
2016-08-04 20:04:22,348 INFO [org.junit.Test] zero00870
2016-08-04 20:04:22,348 INFO [org.junit.Test] zero00871
2016-08-04 20:04:22,348 INFO [org.junit.Test] zero00872
2016-08-04 20:04:22,348 INFO [org.junit.Test] zero00873
2016-08-04 20:04:22,348 INFO [org.junit.Test] zero00874
2016-08-04 20:04:22,348 INFO [org.junit.Test] zero00875
2016-08-04 20:04:22,348 INFO [org.junit.Test] zero00876
2016-08-04 20:04:22,348 INFO [org.junit.Test] zero00877
2016-08-04 20:04:22,348 INFO [org.junit.Test] zero00878
2016-08-04 20:04:22,348 INFO [org.junit.Test] zero00879
2016-08-04 20:04:22,348 INFO [org.junit.Test] zero00880
2016-08-04 20:04:22,348 INFO [org.junit.Test] zero00881
2016-08-04 20:04:22,348 INFO [org.junit.Test] zero00882
2016-08-04 20:04:22,348 INFO [org.junit.Test] zero00883
2016-08-04 20:04:22,348 INFO [org.junit.Test] zero00884
2016-08-04 20:04:22,348 INFO [org.junit.Test] zero00885
2016-08-04 20:04:22,348 INFO [org.junit.Test] zero00886
2016-08-04 20:04:22,348 INFO [org.junit.Test] zero00887
2016-08-04 20:04:22,348 INFO [org.junit.Test] zero00888
2016-08-04 20:04:22,348 INFO [org.junit.Test] zero00889
2016-08-04 20:04:22,348 INFO [org.junit.Test] zero00890
2016-08-04 20:04:22,348 INFO [org.junit.Test] zero00891
2016-08-04 20:04:22,348 INFO [org.junit.Test] zero00892
2016-08-04 20:04:22,348 INFO [org.junit.Test] zero00893
2016-08-04 20:04:22,348 INFO [org.junit.Test] zero00894
2016-08-04 20:04:22,348 INFO [org.junit.Test] zero00895
2016-08-04 20:04:22,348 INFO [org.junit.Test] zero00896
2016-08-04 20:04:22,348 INFO [org.junit.Test] zero00897
2016-08-04 20:04:22,348 INFO [org.junit.Test] zero00898
2016-08-04 20:04:22,348 INFO [org.junit.Test] zero00899
2016-08-04 20:04:22,348 INFO [org.junit.Test] zero00900
2016-08-04 20:04:22,348 INFO [org.junit.Test] zero00901
2016-08-04 20:04:22,348 INFO [org.junit.Test] zero00902
2016-08-04 20:04:22,348 INFO [org.junit.Test] zero00903
2016-08-04 20:04:22,348 INFO [org.junit.Test] zero00904
2016-08-04 20:04:22,348 INFO [org.junit.Test] zero00905
2016-08-04 20:04:22,348 INFO [org.junit.Test] zero00906
2016-08-04 20:04:22,348 INFO [org.junit.Test] zero00907
2016-08-04 20:04:22,348 INFO [org.junit.Test] zero00908
2016-08-04 20:04:22,348 INFO [org.junit.Test] zero00909
2016-08-04 20:04:22,348 INFO [org.junit.Test] zero00910
2016-08-04 20:04:22,348 INFO [org.junit.Test] zero00911
2016-08-04 20:04:22,348 INFO [org.junit.Test] zero00912
2016-08-04 20:04:22,348 INFO [org.junit.Test] zero00913
2016-08-04 20:04:22,348 INFO [org.junit.Test] zero00914
2016-08-04 20:04:22,348 INFO [org.junit.Test] zero00915
2016-08-04 20:04:22,348 INFO [org.junit.Test] zero00916
2016-08-04 20:04:22,348 INFO [org.junit.Test] zero00917
2016-08-04 20:04:22,348 INFO [org.junit.Test] zero00918
2016-08-04 20:04:22,348 INFO [org.junit.Test] zero00919
2016-08-04 20:04:22,348 INFO [org.junit.Test] zero00920
2016-08-04 20:04:22,348 INFO [org.junit.Test] zero00921
2016-08-04 20:04:22,348 INFO [org.junit.Test] zero00922
2016-08-04 20:04:22,348 INFO [org.junit.Test] zero00923
2016-08-04 20:04:22,348 INFO [org.junit.Test] zero00924
2016-08-04 20:04:22,348 INFO [org.junit.Test] zero00925
2016-08-04 20:04:22,348 INFO [org.junit.Test] zero00926
2016-08-04 20:04:22,348 INFO [org.junit.Test] zero00927
2016-08-04 20:04:22,348 INFO [org.junit.Test] zero00928
2016-08-04 20:04:22,348 INFO [org.junit.Test] zero00929
2016-08-04 20:04:22,348 INFO [org.junit.Test] zero00930
2016-08-04 20:04:22,348 INFO [org.junit.Test] zero00931
2016-08-04 20:04:22,348 INFO [org.junit.Test] zero00932
2016-08-04 20:04:22,348 INFO [org.junit.Test] zero00933
2016-08-04 20:04:22,348 INFO [org.junit.Test] zero00934
2016-08-04 20:04:22,348 INFO [org.junit.Test] zero00935
2016-08-04 20:04:22,348 INFO [org.junit.Test] zero00936
2016-08-04 20:04:22,348 INFO [org.junit.Test] zero00937
2016-08-04 20:04:22,348 INFO [org.junit.Test] zero00938
2016-08-04 20:04:22,348 INFO [org.junit.Test] zero00939
2016-08-04 20:04:22,348 INFO [org.junit.Test] zero00940
2016-08-04 20:04:22,348 INFO [org.junit.Test] zero00941
2016-08-04 20:04:22,348 INFO [org.junit.Test] zero00942
2016-08-04 20:04:22,348 INFO [org.junit.Test] zero00943
2016-08-04 20:04:22,348 INFO [org.junit.Test] zero00944
2016-08-04 20:04:22,348 INFO [org.junit.Test] zero00945
2016-08-04 20:04:22,348 INFO [org.junit.Test] zero00946
2016-08-04 20:04:22,348 INFO [org.junit.Test] zero00947
2016-08-04 20:04:22,348 INFO [org.junit.Test] zero00948
2016-08-04 20:04:22,348 INFO [org.junit.Test] zero00949
2016-08-04 20:04:22,348 INFO [org.junit.Test] zero00950
2016-08-04 20:04:22,348 INFO [org.junit.Test] zero00951
2016-08-04 20:04:22,348 INFO [org.junit.Test] zero00952
2016-08-04 20:04:22,348 INFO [org.junit.Test] zero00953
2016-08-04 20:04:22,348 INFO [org.junit.Test] zero00954
2016-08-04 20:04:22,348 INFO [org.junit.Test] zero00955
2016-08-04 20:04:22,348 INFO [org.junit.Test] zero00956
2016-08-04 20:04:22,348 INFO [org.junit.Test] zero00957
2016-08-04 20:04:22,348 INFO [org.junit.Test] zero00958
2016-08-04 20:04:22,348 INFO [org.junit.Test] zero00959
2016-08-04 20:04:22,348 INFO [org.junit.Test] zero00960
2016-08-04 20:04:22,348 INFO [org.junit.Test] zero00961
2016-08-04 20:04:22,348 INFO [org.junit.Test] zero00962
2016-08-04 20:04:22,348 INFO [org.junit.Test] zero00963
2016-08-04 20:04:22,348 INFO [org.junit.Test] zero00964
2016-08-04 20:04:22,348 INFO [org.junit.Test] zero00965
2016-08-04 20:04:22,348 INFO [org.junit.Test] zero00966
2016-08-04 20:04:22,348 INFO [org.junit.Test] zero00967
2016-08-04 20:04:22,348 INFO [org.junit.Test] zero00968
2016-08-04 20:04:22,348 INFO [org.junit.Test] zero00969
2016-08-04 20:04:22,348 INFO [org.junit.Test] zero00970
2016-08-04 20:04:22,348 INFO [org.junit.Test] zero00971
2016-08-04 20:04:22,348 INFO [org.junit.Test] zero00972
2016-08-04 20:04:22,348 INFO [org.junit.Test] zero00973
2016-08-04 20:04:22,348 INFO [org.junit.Test] zero00974
2016-08-04 20:04:22,348 INFO [org.junit.Test] zero00975
2016-08-04 20:04:22,348 INFO [org.junit.Test] zero00976
2016-08-04 20:04:22,348 INFO [org.junit.Test] zero00977
2016-08-04 20:04:22,348 INFO [org.junit.Test] zero00978
2016-08-04 20:04:22,348 INFO [org.junit.Test] zero00979
2016-08-04 20:04:22,348 INFO [org.junit.Test] zero00980
2016-08-04 20:04:22,348 INFO [org.junit.Test] zero00981
2016-08-04 20:04:22,348 INFO [org.junit.Test] zero00982
2016-08-04 20:04:22,348 INFO [org.junit.Test] zero00983
2016-08-04 20:04:22,348 INFO [org.junit.Test] zero00984
2016-08-04 20:04:22,348 INFO [org.junit.Test] zero00985
2016-08-04 20:04:22,348 INFO [org.junit.Test] zero00986
2016-08-04 20:04:22,348 INFO [org.junit.Test] zero00987
2016-08-04 20:04:22,348 INFO [org.junit.Test] zero00988
2016-08-04 20:04:22,348 INFO [org.junit.Test] zero00989
2016-08-04 20:04:22,348 INFO [org.junit.Test] zero00990
2016-08-04 20:04:22,348 INFO [org.junit.Test] zero00991
2016-08-04 20:04:22,348 INFO [org.junit.Test] zero00992
2016-08-04 20:04:22,348 INFO [org.junit.Test] zero00993
2016-08-04 20:04:22,348 INFO [org.junit.Test] zero00994
2016-08-04 20:04:22,348 INFO [org.junit.Test] zero00995
2016-08-04 20:04:22,348 INFO [org.junit.Test] zero00996
2016-08-04 20:04:22,348 INFO [org.junit.Test] zero00997
2016-08-04 20:04:22,348 INFO [org.junit.Test] zero00998
2016-08-04 20:04:22,348 INFO [org.junit.Test] zero00999
2016-08-04 20:04:25,349 INFO [org.junit.Test] zero000
2016-08-04 20:04:25,349 INFO [org.junit.Test] zero001
2016-08-04 20:04:25,349 INFO [org.junit.Test] zero002
2016-08-04 20:04:25,349 INFO [org.junit.Test] zero003
2016-08-04 20:04:25,349 INFO [org.junit.Test] zero004
2016-08-04 20:04:25,349 INFO [org.junit.Test] zero005
2016-08-04 20:04:25,349 INFO [org.junit.Test] zero006
2016-08-04 20:04:25,349 INFO [org.junit.Test] zero007
2016-08-04 20:04:25,349 INFO [org.junit.Test] zero008
2016-08-04 20:04:25,349 INFO [org.junit.Test] zero009
2016-08-04 20:04:25,349 INFO [org.junit.Test] zero0010
2016-08-04 20:04:25,349 INFO [org.junit.Test] zero0011
2016-08-04 20:04:25,349 INFO [org.junit.Test] zero0012
2016-08-04 20:04:25,349 INFO [org.junit.Test] zero0013
2016-08-04 20:04:25,349 INFO [org.junit.Test] zero0014
2016-08-04 20:04:25,349 INFO [org.junit.Test] zero0015
2016-08-04 20:04:25,349 INFO [org.junit.Test] zero0016
2016-08-04 20:04:25,349 INFO [org.junit.Test] zero0017
2016-08-04 20:04:25,349 INFO [org.junit.Test] zero0018
2016-08-04 20:04:25,349 INFO [org.junit.Test] zero0019
2016-08-04 20:04:25,349 INFO [org.junit.Test] zero0020
2016-08-04 20:04:25,349 INFO [org.junit.Test] zero0021
2016-08-04 20:04:25,349 INFO [org.junit.Test] zero0022
2016-08-04 20:04:25,349 INFO [org.junit.Test] zero0023
2016-08-04 20:04:25,349 INFO [org.junit.Test] zero0024
2016-08-04 20:04:25,349 INFO [org.junit.Test] zero0025
2016-08-04 20:04:25,349 INFO [org.junit.Test] zero0026
2016-08-04 20:04:25,349 INFO [org.junit.Test] zero0027
2016-08-04 20:04:25,349 INFO [org.junit.Test] zero0028
2016-08-04 20:04:25,349 INFO [org.junit.Test] zero0029
2016-08-04 20:04:25,349 INFO [org.junit.Test] zero0030
2016-08-04 20:04:25,349 INFO [org.junit.Test] zero0031
2016-08-04 20:04:25,349 INFO [org.junit.Test] zero0032
2016-08-04 20:04:25,349 INFO [org.junit.Test] zero0033
2016-08-04 20:04:25,349 INFO [org.junit.Test] zero0034
2016-08-04 20:04:25,349 INFO [org.junit.Test] zero0035
2016-08-04 20:04:25,349 INFO [org.junit.Test] zero0036
2016-08-04 20:04:25,349 INFO [org.junit.Test] zero0037
2016-08-04 20:04:25,349 INFO [org.junit.Test] zero0038
2016-08-04 20:04:25,349 INFO [org.junit.Test] zero0039
2016-08-04 20:04:25,349 INFO [org.junit.Test] zero0040
2016-08-04 20:04:25,349 INFO [org.junit.Test] zero0041
2016-08-04 20:04:25,349 INFO [org.junit.Test] zero0042
2016-08-04 20:04:25,349 INFO [org.junit.Test] zero0043
2016-08-04 20:04:25,349 INFO [org.junit.Test] zero0044
2016-08-04 20:04:25,349 INFO [org.junit.Test] zero0045
2016-08-04 20:04:25,349 INFO [org.junit.Test] zero0046
2016-08-04 20:04:25,349 INFO [org.junit.Test] zero0047
2016-08-04 20:04:25,349 INFO [org.junit.Test] zero0048
2016-08-04 20:04:25,349 INFO [org.junit.Test] zero0049
2016-08-04 20:04:25,349 INFO [org.junit.Test] zero0050
2016-08-04 20:04:25,349 INFO [org.junit.Test] zero0051
2016-08-04 20:04:25,349 INFO [org.junit.Test] zero0052
2016-08-04 20:04:25,349 INFO [org.junit.Test] zero0053
2016-08-04 20:04:25,349 INFO [org.junit.Test] zero0054
2016-08-04 20:04:25,349 INFO [org.junit.Test] zero0055
2016-08-04 20:04:25,349 INFO [org.junit.Test] zero0056
2016-08-04 20:04:25,349 INFO [org.junit.Test] zero0057
2016-08-04 20:04:25,349 INFO [org.junit.Test] zero0058
2016-08-04 20:04:25,349 INFO [org.junit.Test] zero0059
2016-08-04 20:04:25,349 INFO [org.junit.Test] zero0060
2016-08-04 20:04:25,349 INFO [org.junit.Test] zero0061
2016-08-04 20:04:25,349 INFO [org.junit.Test] zero0062
2016-08-04 20:04:25,349 INFO [org.junit.Test] zero0063
2016-08-04 20:04:25,349 INFO [org.junit.Test] zero0064
2016-08-04 20:04:25,349 INFO [org.junit.Test] zero0065
2016-08-04 20:04:25,349 INFO [org.junit.Test] zero0066
2016-08-04 20:04:25,349 INFO [org.junit.Test] zero0067
2016-08-04 20:04:25,349 INFO [org.junit.Test] zero0068
2016-08-04 20:04:25,349 INFO [org.junit.Test] zero0069
2016-08-04 20:04:25,349 INFO [org.junit.Test] zero0070
2016-08-04 20:04:25,349 INFO [org.junit.Test] zero0071
2016-08-04 20:04:25,349 INFO [org.junit.Test] zero0072
2016-08-04 20:04:25,349 INFO [org.junit.Test] zero0073
2016-08-04 20:04:25,349 INFO [org.junit.Test] zero0074
2016-08-04 20:04:25,349 INFO [org.junit.Test] zero0075
2016-08-04 20:04:25,349 INFO [org.junit.Test] zero0076
2016-08-04 20:04:25,349 INFO [org.junit.Test] zero0077
2016-08-04 20:04:25,349 INFO [org.junit.Test] zero0078
2016-08-04 20:04:25,349 INFO [org.junit.Test] zero0079
2016-08-04 20:04:25,349 INFO [org.junit.Test] zero0080
2016-08-04 20:04:25,349 INFO [org.junit.Test] zero0081
2016-08-04 20:04:25,349 INFO [org.junit.Test] zero0082
2016-08-04 20:04:25,349 INFO [org.junit.Test] zero0083
2016-08-04 20:04:25,349 INFO [org.junit.Test] zero0084
2016-08-04 20:04:25,349 INFO [org.junit.Test] zero0085
2016-08-04 20:04:25,349 INFO [org.junit.Test] zero0086
2016-08-04 20:04:25,349 INFO [org.junit.Test] zero0087
2016-08-04 20:04:25,349 INFO [org.junit.Test] zero0088
2016-08-04 20:04:25,349 INFO [org.junit.Test] zero0089
2016-08-04 20:04:25,349 INFO [org.junit.Test] zero0090
2016-08-04 20:04:25,349 INFO [org.junit.Test] zero0091
2016-08-04 20:04:25,349 INFO [org.junit.Test] zero0092
2016-08-04 20:04:25,349 INFO [org.junit.Test] zero0093
2016-08-04 20:04:25,349 INFO [org.junit.Test] zero0094
2016-08-04 20:04:25,349 INFO [org.junit.Test] zero0095
2016-08-04 20:04:25,349 INFO [org.junit.Test] zero0096
2016-08-04 20:04:25,349 INFO [org.junit.Test] zero0097
2016-08-04 20:04:25,349 INFO [org.junit.Test] zero0098
2016-08-04 20:04:25,349 INFO [org.junit.Test] zero0099
2016-08-04 20:04:25,349 INFO [org.junit.Test] zero00100
2016-08-04 20:04:25,349 INFO [org.junit.Test] zero00101
2016-08-04 20:04:25,349 INFO [org.junit.Test] zero00102
2016-08-04 20:04:25,349 INFO [org.junit.Test] zero00103
2016-08-04 20:04:25,349 INFO [org.junit.Test] zero00104
2016-08-04 20:04:25,349 INFO [org.junit.Test] zero00105
2016-08-04 20:04:25,349 INFO [org.junit.Test] zero00106
2016-08-04 20:04:25,349 INFO [org.junit.Test] zero00107
2016-08-04 20:04:25,349 INFO [org.junit.Test] zero00108
2016-08-04 20:04:25,349 INFO [org.junit.Test] zero00109
2016-08-04 20:04:25,349 INFO [org.junit.Test] zero00110
2016-08-04 20:04:25,349 INFO [org.junit.Test] zero00111
2016-08-04 20:04:25,349 INFO [org.junit.Test] zero00112
2016-08-04 20:04:25,349 INFO [org.junit.Test] zero00113
2016-08-04 20:04:25,349 INFO [org.junit.Test] zero00114
2016-08-04 20:04:25,349 INFO [org.junit.Test] zero00115
2016-08-04 20:04:25,349 INFO [org.junit.Test] zero00116
2016-08-04 20:04:25,349 INFO [org.junit.Test] zero00117
2016-08-04 20:04:25,349 INFO [org.junit.Test] zero00118
2016-08-04 20:04:25,349 INFO [org.junit.Test] zero00119
2016-08-04 20:04:25,349 INFO [org.junit.Test] zero00120
2016-08-04 20:04:25,349 INFO [org.junit.Test] zero00121
2016-08-04 20:04:25,349 INFO [org.junit.Test] zero00122
2016-08-04 20:04:25,349 INFO [org.junit.Test] zero00123
2016-08-04 20:04:25,349 INFO [org.junit.Test] zero00124
2016-08-04 20:04:25,349 INFO [org.junit.Test] zero00125
2016-08-04 20:04:25,349 INFO [org.junit.Test] zero00126
2016-08-04 20:04:25,349 INFO [org.junit.Test] zero00127
2016-08-04 20:04:25,349 INFO [org.junit.Test] zero00128
2016-08-04 20:04:25,349 INFO [org.junit.Test] zero00129
2016-08-04 20:04:25,349 INFO [org.junit.Test] zero00130
2016-08-04 20:04:25,349 INFO [org.junit.Test] zero00131
2016-08-04 20:04:25,349 INFO [org.junit.Test] zero00132
2016-08-04 20:04:25,349 INFO [org.junit.Test] zero00133
2016-08-04 20:04:25,349 INFO [org.junit.Test] zero00134
2016-08-04 20:04:25,349 INFO [org.junit.Test] zero00135
2016-08-04 20:04:25,349 INFO [org.junit.Test] zero00136
2016-08-04 20:04:25,349 INFO [org.junit.Test] zero00137
2016-08-04 20:04:25,349 INFO [org.junit.Test] zero00138
2016-08-04 20:04:25,349 INFO [org.junit.Test] zero00139
2016-08-04 20:04:25,349 INFO [org.junit.Test] zero00140
2016-08-04 20:04:25,349 INFO [org.junit.Test] zero00141
2016-08-04 20:04:25,349 INFO [org.junit.Test] zero00142
2016-08-04 20:04:25,349 INFO [org.junit.Test] zero00143
2016-08-04 20:04:25,349 INFO [org.junit.Test] zero00144
2016-08-04 20:04:25,349 INFO [org.junit.Test] zero00145
2016-08-04 20:04:25,349 INFO [org.junit.Test] zero00146
2016-08-04 20:04:25,349 INFO [org.junit.Test] zero00147
2016-08-04 20:04:25,349 INFO [org.junit.Test] zero00148
2016-08-04 20:04:25,349 INFO [org.junit.Test] zero00149
2016-08-04 20:04:25,349 INFO [org.junit.Test] zero00150
2016-08-04 20:04:25,349 INFO [org.junit.Test] zero00151
2016-08-04 20:04:25,349 INFO [org.junit.Test] zero00152
2016-08-04 20:04:25,349 INFO [org.junit.Test] zero00153
2016-08-04 20:04:25,349 INFO [org.junit.Test] zero00154
2016-08-04 20:04:25,349 INFO [org.junit.Test] zero00155
2016-08-04 20:04:25,349 INFO [org.junit.Test] zero00156
2016-08-04 20:04:25,349 INFO [org.junit.Test] zero00157
2016-08-04 20:04:25,349 INFO [org.junit.Test] zero00158
2016-08-04 20:04:25,349 INFO [org.junit.Test] zero00159
2016-08-04 20:04:25,349 INFO [org.junit.Test] zero00160
2016-08-04 20:04:25,349 INFO [org.junit.Test] zero00161
2016-08-04 20:04:25,349 INFO [org.junit.Test] zero00162
2016-08-04 20:04:25,349 INFO [org.junit.Test] zero00163
2016-08-04 20:04:25,349 INFO [org.junit.Test] zero00164
2016-08-04 20:04:25,349 INFO [org.junit.Test] zero00165
2016-08-04 20:04:25,349 INFO [org.junit.Test] zero00166
2016-08-04 20:04:25,349 INFO [org.junit.Test] zero00167
2016-08-04 20:04:25,349 INFO [org.junit.Test] zero00168
2016-08-04 20:04:25,349 INFO [org.junit.Test] zero00169
2016-08-04 20:04:25,349 INFO [org.junit.Test] zero00170
2016-08-04 20:04:25,349 INFO [org.junit.Test] zero00171
2016-08-04 20:04:25,349 INFO [org.junit.Test] zero00172
2016-08-04 20:04:25,349 INFO [org.junit.Test] zero00173
2016-08-04 20:04:25,349 INFO [org.junit.Test] zero00174
2016-08-04 20:04:25,349 INFO [org.junit.Test] zero00175
2016-08-04 20:04:25,349 INFO [org.junit.Test] zero00176
2016-08-04 20:04:25,349 INFO [org.junit.Test] zero00177
2016-08-04 20:04:25,349 INFO [org.junit.Test] zero00178
2016-08-04 20:04:25,349 INFO [org.junit.Test] zero00179
2016-08-04 20:04:25,349 INFO [org.junit.Test] zero00180
2016-08-04 20:04:25,349 INFO [org.junit.Test] zero00181
2016-08-04 20:04:25,349 INFO [org.junit.Test] zero00182
2016-08-04 20:04:25,349 INFO [org.junit.Test] zero00183
2016-08-04 20:04:25,349 INFO [org.junit.Test] zero00184
2016-08-04 20:04:25,349 INFO [org.junit.Test] zero00185
2016-08-04 20:04:25,349 INFO [org.junit.Test] zero00186
2016-08-04 20:04:25,349 INFO [org.junit.Test] zero00187
2016-08-04 20:04:25,349 INFO [org.junit.Test] zero00188
2016-08-04 20:04:25,349 INFO [org.junit.Test] zero00189
2016-08-04 20:04:25,349 INFO [org.junit.Test] zero00190
2016-08-04 20:04:25,349 INFO [org.junit.Test] zero00191
2016-08-04 20:04:25,349 INFO [org.junit.Test] zero00192
2016-08-04 20:04:25,349 INFO [org.junit.Test] zero00193
2016-08-04 20:04:25,349 INFO [org.junit.Test] zero00194
2016-08-04 20:04:25,349 INFO [org.junit.Test] zero00195
2016-08-04 20:04:25,349 INFO [org.junit.Test] zero00196
2016-08-04 20:04:25,349 INFO [org.junit.Test] zero00197
2016-08-04 20:04:25,349 INFO [org.junit.Test] zero00198
2016-08-04 20:04:25,349 INFO [org.junit.Test] zero00199
2016-08-04 20:04:25,349 INFO [org.junit.Test] zero00200
2016-08-04 20:04:25,349 INFO [org.junit.Test] zero00201
2016-08-04 20:04:25,349 INFO [org.junit.Test] zero00202
2016-08-04 20:04:25,349 INFO [org.junit.Test] zero00203
2016-08-04 20:04:25,349 INFO [org.junit.Test] zero00204
2016-08-04 20:04:25,349 INFO [org.junit.Test] zero00205
2016-08-04 20:04:25,349 INFO [org.junit.Test] zero00206
2016-08-04 20:04:25,349 INFO [org.junit.Test] zero00207
2016-08-04 20:04:25,349 INFO [org.junit.Test] zero00208
2016-08-04 20:04:25,349 INFO [org.junit.Test] zero00209
2016-08-04 20:04:25,349 INFO [org.junit.Test] zero00210
2016-08-04 20:04:25,349 INFO [org.junit.Test] zero00211
2016-08-04 20:04:25,349 INFO [org.junit.Test] zero00212
2016-08-04 20:04:25,349 INFO [org.junit.Test] zero00213
2016-08-04 20:04:25,349 INFO [org.junit.Test] zero00214
2016-08-04 20:04:25,349 INFO [org.junit.Test] zero00215
2016-08-04 20:04:25,349 INFO [org.junit.Test] zero00216
2016-08-04 20:04:25,349 INFO [org.junit.Test] zero00217
2016-08-04 20:04:25,349 INFO [org.junit.Test] zero00218
2016-08-04 20:04:25,349 INFO [org.junit.Test] zero00219
2016-08-04 20:04:25,349 INFO [org.junit.Test] zero00220
2016-08-04 20:04:25,349 INFO [org.junit.Test] zero00221
2016-08-04 20:04:25,349 INFO [org.junit.Test] zero00222
2016-08-04 20:04:25,349 INFO [org.junit.Test] zero00223
2016-08-04 20:04:25,349 INFO [org.junit.Test] zero00224
2016-08-04 20:04:25,349 INFO [org.junit.Test] zero00225
2016-08-04 20:04:25,349 INFO [org.junit.Test] zero00226
2016-08-04 20:04:25,349 INFO [org.junit.Test] zero00227
2016-08-04 20:04:25,349 INFO [org.junit.Test] zero00228
2016-08-04 20:04:25,349 INFO [org.junit.Test] zero00229
2016-08-04 20:04:25,349 INFO [org.junit.Test] zero00230
2016-08-04 20:04:25,349 INFO [org.junit.Test] zero00231
2016-08-04 20:04:25,349 INFO [org.junit.Test] zero00232
2016-08-04 20:04:25,349 INFO [org.junit.Test] zero00233
2016-08-04 20:04:25,350 INFO [org.junit.Test] zero00234
2016-08-04 20:04:25,350 INFO [org.junit.Test] zero00235
2016-08-04 20:04:25,350 INFO [org.junit.Test] zero00236
2016-08-04 20:04:25,350 INFO [org.junit.Test] zero00237
2016-08-04 20:04:25,350 INFO [org.junit.Test] zero00238
2016-08-04 20:04:25,350 INFO [org.junit.Test] zero00239
2016-08-04 20:04:25,350 INFO [org.junit.Test] zero00240
2016-08-04 20:04:25,350 INFO [org.junit.Test] zero00241
2016-08-04 20:04:25,350 INFO [org.junit.Test] zero00242
2016-08-04 20:04:25,350 INFO [org.junit.Test] zero00243
2016-08-04 20:04:25,350 INFO [org.junit.Test] zero00244
2016-08-04 20:04:25,350 INFO [org.junit.Test] zero00245
2016-08-04 20:04:25,350 INFO [org.junit.Test] zero00246
2016-08-04 20:04:25,350 INFO [org.junit.Test] zero00247
2016-08-04 20:04:25,350 INFO [org.junit.Test] zero00248
2016-08-04 20:04:25,350 INFO [org.junit.Test] zero00249
2016-08-04 20:04:25,350 INFO [org.junit.Test] zero00250
2016-08-04 20:04:25,350 INFO [org.junit.Test] zero00251
2016-08-04 20:04:25,350 INFO [org.junit.Test] zero00252
2016-08-04 20:04:25,350 INFO [org.junit.Test] zero00253
2016-08-04 20:04:25,350 INFO [org.junit.Test] zero00254
2016-08-04 20:04:25,350 INFO [org.junit.Test] zero00255
2016-08-04 20:04:25,350 INFO [org.junit.Test] zero00256
2016-08-04 20:04:25,350 INFO [org.junit.Test] zero00257
2016-08-04 20:04:25,350 INFO [org.junit.Test] zero00258
2016-08-04 20:04:25,350 INFO [org.junit.Test] zero00259
2016-08-04 20:04:25,350 INFO [org.junit.Test] zero00260
2016-08-04 20:04:25,350 INFO [org.junit.Test] zero00261
2016-08-04 20:04:25,350 INFO [org.junit.Test] zero00262
2016-08-04 20:04:25,350 INFO [org.junit.Test] zero00263
2016-08-04 20:04:25,350 INFO [org.junit.Test] zero00264
2016-08-04 20:04:25,350 INFO [org.junit.Test] zero00265
2016-08-04 20:04:25,350 INFO [org.junit.Test] zero00266
2016-08-04 20:04:25,350 INFO [org.junit.Test] zero00267
2016-08-04 20:04:25,350 INFO [org.junit.Test] zero00268
2016-08-04 20:04:25,350 INFO [org.junit.Test] zero00269
2016-08-04 20:04:25,350 INFO [org.junit.Test] zero00270
2016-08-04 20:04:25,350 INFO [org.junit.Test] zero00271
2016-08-04 20:04:25,350 INFO [org.junit.Test] zero00272
2016-08-04 20:04:25,350 INFO [org.junit.Test] zero00273
2016-08-04 20:04:25,350 INFO [org.junit.Test] zero00274
2016-08-04 20:04:25,350 INFO [org.junit.Test] zero00275
2016-08-04 20:04:25,350 INFO [org.junit.Test] zero00276
2016-08-04 20:04:25,350 INFO [org.junit.Test] zero00277
2016-08-04 20:04:25,350 INFO [org.junit.Test] zero00278
2016-08-04 20:04:25,350 INFO [org.junit.Test] zero00279
2016-08-04 20:04:25,350 INFO [org.junit.Test] zero00280
2016-08-04 20:04:25,350 INFO [org.junit.Test] zero00281
2016-08-04 20:04:25,350 INFO [org.junit.Test] zero00282
2016-08-04 20:04:25,350 INFO [org.junit.Test] zero00283
2016-08-04 20:04:25,350 INFO [org.junit.Test] zero00284
2016-08-04 20:04:25,350 INFO [org.junit.Test] zero00285
2016-08-04 20:04:25,350 INFO [org.junit.Test] zero00286
2016-08-04 20:04:25,350 INFO [org.junit.Test] zero00287
2016-08-04 20:04:25,350 INFO [org.junit.Test] zero00288
2016-08-04 20:04:25,350 INFO [org.junit.Test] zero00289
2016-08-04 20:04:25,350 INFO [org.junit.Test] zero00290
2016-08-04 20:04:25,350 INFO [org.junit.Test] zero00291
2016-08-04 20:04:25,350 INFO [org.junit.Test] zero00292
2016-08-04 20:04:25,350 INFO [org.junit.Test] zero00293
2016-08-04 20:04:25,350 INFO [org.junit.Test] zero00294
2016-08-04 20:04:25,350 INFO [org.junit.Test] zero00295
2016-08-04 20:04:25,350 INFO [org.junit.Test] zero00296
2016-08-04 20:04:25,350 INFO [org.junit.Test] zero00297
2016-08-04 20:04:25,350 INFO [org.junit.Test] zero00298
2016-08-04 20:04:25,350 INFO [org.junit.Test] zero00299
2016-08-04 20:04:25,350 INFO [org.junit.Test] zero00300
2016-08-04 20:04:25,350 INFO [org.junit.Test] zero00301
2016-08-04 20:04:25,350 INFO [org.junit.Test] zero00302
2016-08-04 20:04:25,350 INFO [org.junit.Test] zero00303
2016-08-04 20:04:25,350 INFO [org.junit.Test] zero00304
2016-08-04 20:04:25,350 INFO [org.junit.Test] zero00305
2016-08-04 20:04:25,350 INFO [org.junit.Test] zero00306
2016-08-04 20:04:25,350 INFO [org.junit.Test] zero00307
2016-08-04 20:04:25,350 INFO [org.junit.Test] zero00308
2016-08-04 20:04:25,350 INFO [org.junit.Test] zero00309
2016-08-04 20:04:25,350 INFO [org.junit.Test] zero00310
2016-08-04 20:04:25,350 INFO [org.junit.Test] zero00311
2016-08-04 20:04:25,350 INFO [org.junit.Test] zero00312
2016-08-04 20:04:25,350 INFO [org.junit.Test] zero00313
2016-08-04 20:04:25,350 INFO [org.junit.Test] zero00314
2016-08-04 20:04:25,350 INFO [org.junit.Test] zero00315
2016-08-04 20:04:25,350 INFO [org.junit.Test] zero00316
2016-08-04 20:04:25,350 INFO [org.junit.Test] zero00317
2016-08-04 20:04:25,350 INFO [org.junit.Test] zero00318
2016-08-04 20:04:25,350 INFO [org.junit.Test] zero00319
2016-08-04 20:04:25,350 INFO [org.junit.Test] zero00320
2016-08-04 20:04:25,350 INFO [org.junit.Test] zero00321
2016-08-04 20:04:25,350 INFO [org.junit.Test] zero00322
2016-08-04 20:04:25,350 INFO [org.junit.Test] zero00323
2016-08-04 20:04:25,350 INFO [org.junit.Test] zero00324
2016-08-04 20:04:25,350 INFO [org.junit.Test] zero00325
2016-08-04 20:04:25,350 INFO [org.junit.Test] zero00326
2016-08-04 20:04:25,350 INFO [org.junit.Test] zero00327
2016-08-04 20:04:25,350 INFO [org.junit.Test] zero00328
2016-08-04 20:04:25,350 INFO [org.junit.Test] zero00329
2016-08-04 20:04:25,350 INFO [org.junit.Test] zero00330
2016-08-04 20:04:25,350 INFO [org.junit.Test] zero00331
2016-08-04 20:04:25,350 INFO [org.junit.Test] zero00332
2016-08-04 20:04:25,350 INFO [org.junit.Test] zero00333
2016-08-04 20:04:25,350 INFO [org.junit.Test] zero00334
2016-08-04 20:04:25,350 INFO [org.junit.Test] zero00335
2016-08-04 20:04:25,350 INFO [org.junit.Test] zero00336
2016-08-04 20:04:25,350 INFO [org.junit.Test] zero00337
2016-08-04 20:04:25,350 INFO [org.junit.Test] zero00338
2016-08-04 20:04:25,350 INFO [org.junit.Test] zero00339
2016-08-04 20:04:25,350 INFO [org.junit.Test] zero00340
2016-08-04 20:04:25,350 INFO [org.junit.Test] zero00341
2016-08-04 20:04:25,350 INFO [org.junit.Test] zero00342
2016-08-04 20:04:25,350 INFO [org.junit.Test] zero00343
2016-08-04 20:04:25,350 INFO [org.junit.Test] zero00344
2016-08-04 20:04:25,350 INFO [org.junit.Test] zero00345
2016-08-04 20:04:25,350 INFO [org.junit.Test] zero00346
2016-08-04 20:04:25,350 INFO [org.junit.Test] zero00347
2016-08-04 20:04:25,350 INFO [org.junit.Test] zero00348
2016-08-04 20:04:25,350 INFO [org.junit.Test] zero00349
2016-08-04 20:04:25,350 INFO [org.junit.Test] zero00350
2016-08-04 20:04:25,350 INFO [org.junit.Test] zero00351
2016-08-04 20:04:25,350 INFO [org.junit.Test] zero00352
2016-08-04 20:04:25,350 INFO [org.junit.Test] zero00353
2016-08-04 20:04:25,350 INFO [org.junit.Test] zero00354
2016-08-04 20:04:25,350 INFO [org.junit.Test] zero00355
2016-08-04 20:04:25,350 INFO [org.junit.Test] zero00356
2016-08-04 20:04:25,350 INFO [org.junit.Test] zero00357
2016-08-04 20:04:25,350 INFO [org.junit.Test] zero00358
2016-08-04 20:04:25,350 INFO [org.junit.Test] zero00359
2016-08-04 20:04:25,350 INFO [org.junit.Test] zero00360
2016-08-04 20:04:25,350 INFO [org.junit.Test] zero00361
2016-08-04 20:04:25,350 INFO [org.junit.Test] zero00362
2016-08-04 20:04:25,350 INFO [org.junit.Test] zero00363
2016-08-04 20:04:25,350 INFO [org.junit.Test] zero00364
2016-08-04 20:04:25,350 INFO [org.junit.Test] zero00365
2016-08-04 20:04:25,350 INFO [org.junit.Test] zero00366
2016-08-04 20:04:25,350 INFO [org.junit.Test] zero00367
2016-08-04 20:04:25,350 INFO [org.junit.Test] zero00368
2016-08-04 20:04:25,350 INFO [org.junit.Test] zero00369
2016-08-04 20:04:25,350 INFO [org.junit.Test] zero00370
2016-08-04 20:04:25,350 INFO [org.junit.Test] zero00371
2016-08-04 20:04:25,350 INFO [org.junit.Test] zero00372
2016-08-04 20:04:25,350 INFO [org.junit.Test] zero00373
2016-08-04 20:04:25,350 INFO [org.junit.Test] zero00374
2016-08-04 20:04:25,350 INFO [org.junit.Test] zero00375
2016-08-04 20:04:25,350 INFO [org.junit.Test] zero00376
2016-08-04 20:04:25,350 INFO [org.junit.Test] zero00377
2016-08-04 20:04:25,350 INFO [org.junit.Test] zero00378
2016-08-04 20:04:25,350 INFO [org.junit.Test] zero00379
2016-08-04 20:04:25,350 INFO [org.junit.Test] zero00380
2016-08-04 20:04:25,350 INFO [org.junit.Test] zero00381
2016-08-04 20:04:25,350 INFO [org.junit.Test] zero00382
2016-08-04 20:04:25,350 INFO [org.junit.Test] zero00383
2016-08-04 20:04:25,351 INFO [org.junit.Test] zero00384
2016-08-04 20:04:25,351 INFO [org.junit.Test] zero00385
2016-08-04 20:04:25,351 INFO [org.junit.Test] zero00386
2016-08-04 20:04:25,351 INFO [org.junit.Test] zero00387
2016-08-04 20:04:25,351 INFO [org.junit.Test] zero00388
2016-08-04 20:04:25,351 INFO [org.junit.Test] zero00389
2016-08-04 20:04:25,351 INFO [org.junit.Test] zero00390
2016-08-04 20:04:25,351 INFO [org.junit.Test] zero00391
2016-08-04 20:04:25,351 INFO [org.junit.Test] zero00392
2016-08-04 20:04:25,351 INFO [org.junit.Test] zero00393
2016-08-04 20:04:25,351 INFO [org.junit.Test] zero00394
2016-08-04 20:04:25,351 INFO [org.junit.Test] zero00395
2016-08-04 20:04:25,351 INFO [org.junit.Test] zero00396
2016-08-04 20:04:25,351 INFO [org.junit.Test] zero00397
2016-08-04 20:04:25,351 INFO [org.junit.Test] zero00398
2016-08-04 20:04:25,351 INFO [org.junit.Test] zero00399
2016-08-04 20:04:25,351 INFO [org.junit.Test] zero00400
2016-08-04 20:04:25,351 INFO [org.junit.Test] zero00401
2016-08-04 20:04:25,351 INFO [org.junit.Test] zero00402
2016-08-04 20:04:25,351 INFO [org.junit.Test] zero00403
2016-08-04 20:04:25,351 INFO [org.junit.Test] zero00404
2016-08-04 20:04:25,351 INFO [org.junit.Test] zero00405
2016-08-04 20:04:25,351 INFO [org.junit.Test] zero00406
2016-08-04 20:04:25,351 INFO [org.junit.Test] zero00407
2016-08-04 20:04:25,351 INFO [org.junit.Test] zero00408
2016-08-04 20:04:25,351 INFO [org.junit.Test] zero00409
2016-08-04 20:04:25,351 INFO [org.junit.Test] zero00410
2016-08-04 20:04:25,351 INFO [org.junit.Test] zero00411
2016-08-04 20:04:25,351 INFO [org.junit.Test] zero00412
2016-08-04 20:04:25,351 INFO [org.junit.Test] zero00413
2016-08-04 20:04:25,351 INFO [org.junit.Test] zero00414
2016-08-04 20:04:25,351 INFO [org.junit.Test] zero00415
2016-08-04 20:04:25,351 INFO [org.junit.Test] zero00416
2016-08-04 20:04:25,351 INFO [org.junit.Test] zero00417
2016-08-04 20:04:25,351 INFO [org.junit.Test] zero00418
2016-08-04 20:04:25,351 INFO [org.junit.Test] zero00419
2016-08-04 20:04:25,351 INFO [org.junit.Test] zero00420
2016-08-04 20:04:25,351 INFO [org.junit.Test] zero00421
2016-08-04 20:04:25,351 INFO [org.junit.Test] zero00422
2016-08-04 20:04:25,351 INFO [org.junit.Test] zero00423
2016-08-04 20:04:25,351 INFO [org.junit.Test] zero00424
2016-08-04 20:04:25,351 INFO [org.junit.Test] zero00425
2016-08-04 20:04:25,351 INFO [org.junit.Test] zero00426
2016-08-04 20:04:25,351 INFO [org.junit.Test] zero00427
2016-08-04 20:04:25,351 INFO [org.junit.Test] zero00428
2016-08-04 20:04:25,351 INFO [org.junit.Test] zero00429
2016-08-04 20:04:25,351 INFO [org.junit.Test] zero00430
2016-08-04 20:04:25,351 INFO [org.junit.Test] zero00431
2016-08-04 20:04:25,351 INFO [org.junit.Test] zero00432
2016-08-04 20:04:25,351 INFO [org.junit.Test] zero00433
2016-08-04 20:04:25,351 INFO [org.junit.Test] zero00434
2016-08-04 20:04:25,351 INFO [org.junit.Test] zero00435
2016-08-04 20:04:25,351 INFO [org.junit.Test] zero00436
2016-08-04 20:04:25,351 INFO [org.junit.Test] zero00437
2016-08-04 20:04:25,351 INFO [org.junit.Test] zero00438
2016-08-04 20:04:25,351 INFO [org.junit.Test] zero00439
2016-08-04 20:04:25,351 INFO [org.junit.Test] zero00440
2016-08-04 20:04:25,351 INFO [org.junit.Test] zero00441
2016-08-04 20:04:25,351 INFO [org.junit.Test] zero00442
2016-08-04 20:04:25,351 INFO [org.junit.Test] zero00443
2016-08-04 20:04:25,351 INFO [org.junit.Test] zero00444
2016-08-04 20:04:25,351 INFO [org.junit.Test] zero00445
2016-08-04 20:04:25,351 INFO [org.junit.Test] zero00446
2016-08-04 20:04:25,351 INFO [org.junit.Test] zero00447
2016-08-04 20:04:25,351 INFO [org.junit.Test] zero00448
2016-08-04 20:04:25,351 INFO [org.junit.Test] zero00449
2016-08-04 20:04:25,351 INFO [org.junit.Test] zero00450
2016-08-04 20:04:25,351 INFO [org.junit.Test] zero00451
2016-08-04 20:04:25,351 INFO [org.junit.Test] zero00452
2016-08-04 20:04:25,351 INFO [org.junit.Test] zero00453
2016-08-04 20:04:25,351 INFO [org.junit.Test] zero00454
2016-08-04 20:04:25,351 INFO [org.junit.Test] zero00455
2016-08-04 20:04:25,351 INFO [org.junit.Test] zero00456
2016-08-04 20:04:25,351 INFO [org.junit.Test] zero00457
2016-08-04 20:04:25,351 INFO [org.junit.Test] zero00458
2016-08-04 20:04:25,351 INFO [org.junit.Test] zero00459
2016-08-04 20:04:25,351 INFO [org.junit.Test] zero00460
2016-08-04 20:04:25,351 INFO [org.junit.Test] zero00461
2016-08-04 20:04:25,351 INFO [org.junit.Test] zero00462
2016-08-04 20:04:25,351 INFO [org.junit.Test] zero00463
2016-08-04 20:04:25,351 INFO [org.junit.Test] zero00464
2016-08-04 20:04:25,351 INFO [org.junit.Test] zero00465
2016-08-04 20:04:25,351 INFO [org.junit.Test] zero00466
2016-08-04 20:04:25,351 INFO [org.junit.Test] zero00467
2016-08-04 20:04:25,351 INFO [org.junit.Test] zero00468
2016-08-04 20:04:25,351 INFO [org.junit.Test] zero00469
2016-08-04 20:04:25,351 INFO [org.junit.Test] zero00470
2016-08-04 20:04:25,351 INFO [org.junit.Test] zero00471
2016-08-04 20:04:25,351 INFO [org.junit.Test] zero00472
2016-08-04 20:04:25,351 INFO [org.junit.Test] zero00473
2016-08-04 20:04:25,351 INFO [org.junit.Test] zero00474
2016-08-04 20:04:25,351 INFO [org.junit.Test] zero00475
2016-08-04 20:04:25,351 INFO [org.junit.Test] zero00476
2016-08-04 20:04:25,351 INFO [org.junit.Test] zero00477
2016-08-04 20:04:25,351 INFO [org.junit.Test] zero00478
2016-08-04 20:04:25,351 INFO [org.junit.Test] zero00479
2016-08-04 20:04:25,351 INFO [org.junit.Test] zero00480
2016-08-04 20:04:25,351 INFO [org.junit.Test] zero00481
2016-08-04 20:04:25,351 INFO [org.junit.Test] zero00482
2016-08-04 20:04:25,351 INFO [org.junit.Test] zero00483
2016-08-04 20:04:25,351 INFO [org.junit.Test] zero00484
2016-08-04 20:04:25,351 INFO [org.junit.Test] zero00485
2016-08-04 20:04:25,351 INFO [org.junit.Test] zero00486
2016-08-04 20:04:25,351 INFO [org.junit.Test] zero00487
2016-08-04 20:04:25,351 INFO [org.junit.Test] zero00488
2016-08-04 20:04:25,351 INFO [org.junit.Test] zero00489
2016-08-04 20:04:25,351 INFO [org.junit.Test] zero00490
2016-08-04 20:04:25,351 INFO [org.junit.Test] zero00491
2016-08-04 20:04:25,351 INFO [org.junit.Test] zero00492
2016-08-04 20:04:25,351 INFO [org.junit.Test] zero00493
2016-08-04 20:04:25,351 INFO [org.junit.Test] zero00494
2016-08-04 20:04:25,351 INFO [org.junit.Test] zero00495
2016-08-04 20:04:25,351 INFO [org.junit.Test] zero00496
2016-08-04 20:04:25,351 INFO [org.junit.Test] zero00497
2016-08-04 20:04:25,351 INFO [org.junit.Test] zero00498
2016-08-04 20:04:25,351 INFO [org.junit.Test] zero00499
2016-08-04 20:04:25,351 INFO [org.junit.Test] zero00500
2016-08-04 20:04:25,351 INFO [org.junit.Test] zero00501
2016-08-04 20:04:25,351 INFO [org.junit.Test] zero00502
2016-08-04 20:04:25,351 INFO [org.junit.Test] zero00503
2016-08-04 20:04:25,351 INFO [org.junit.Test] zero00504
2016-08-04 20:04:25,351 INFO [org.junit.Test] zero00505
2016-08-04 20:04:25,351 INFO [org.junit.Test] zero00506
2016-08-04 20:04:25,351 INFO [org.junit.Test] zero00507
2016-08-04 20:04:25,351 INFO [org.junit.Test] zero00508
2016-08-04 20:04:25,351 INFO [org.junit.Test] zero00509
2016-08-04 20:04:25,351 INFO [org.junit.Test] zero00510
2016-08-04 20:04:25,351 INFO [org.junit.Test] zero00511
2016-08-04 20:04:25,351 INFO [org.junit.Test] zero00512
2016-08-04 20:04:25,351 INFO [org.junit.Test] zero00513
2016-08-04 20:04:25,351 INFO [org.junit.Test] zero00514
2016-08-04 20:04:25,351 INFO [org.junit.Test] zero00515
2016-08-04 20:04:25,351 INFO [org.junit.Test] zero00516
2016-08-04 20:04:25,351 INFO [org.junit.Test] zero00517
2016-08-04 20:04:25,351 INFO [org.junit.Test] zero00518
2016-08-04 20:04:25,351 INFO [org.junit.Test] zero00519
2016-08-04 20:04:25,351 INFO [org.junit.Test] zero00520
2016-08-04 20:04:25,351 INFO [org.junit.Test] zero00521
2016-08-04 20:04:25,351 INFO [org.junit.Test] zero00522
2016-08-04 20:04:25,351 INFO [org.junit.Test] zero00523
2016-08-04 20:04:25,351 INFO [org.junit.Test] zero00524
2016-08-04 20:04:25,351 INFO [org.junit.Test] zero00525
2016-08-04 20:04:25,351 INFO [org.junit.Test] zero00526
2016-08-04 20:04:25,351 INFO [org.junit.Test] zero00527
2016-08-04 20:04:25,351 INFO [org.junit.Test] zero00528
2016-08-04 20:04:25,351 INFO [org.junit.Test] zero00529
2016-08-04 20:04:25,351 INFO [org.junit.Test] zero00530
2016-08-04 20:04:25,351 INFO [org.junit.Test] zero00531
2016-08-04 20:04:25,351 INFO [org.junit.Test] zero00532
2016-08-04 20:04:25,351 INFO [org.junit.Test] zero00533
2016-08-04 20:04:25,351 INFO [org.junit.Test] zero00534
2016-08-04 20:04:25,351 INFO [org.junit.Test] zero00535
2016-08-04 20:04:25,351 INFO [org.junit.Test] zero00536
2016-08-04 20:04:25,351 INFO [org.junit.Test] zero00537
2016-08-04 20:04:25,351 INFO [org.junit.Test] zero00538
2016-08-04 20:04:25,351 INFO [org.junit.Test] zero00539
2016-08-04 20:04:25,351 INFO [org.junit.Test] zero00540
2016-08-04 20:04:25,351 INFO [org.junit.Test] zero00541
2016-08-04 20:04:25,351 INFO [org.junit.Test] zero00542
2016-08-04 20:04:25,351 INFO [org.junit.Test] zero00543
2016-08-04 20:04:25,351 INFO [org.junit.Test] zero00544
2016-08-04 20:04:25,351 INFO [org.junit.Test] zero00545
2016-08-04 20:04:25,351 INFO [org.junit.Test] zero00546
2016-08-04 20:04:25,351 INFO [org.junit.Test] zero00547
2016-08-04 20:04:25,351 INFO [org.junit.Test] zero00548
2016-08-04 20:04:25,351 INFO [org.junit.Test] zero00549
2016-08-04 20:04:25,351 INFO [org.junit.Test] zero00550
2016-08-04 20:04:25,351 INFO [org.junit.Test] zero00551
2016-08-04 20:04:25,351 INFO [org.junit.Test] zero00552
2016-08-04 20:04:25,351 INFO [org.junit.Test] zero00553
2016-08-04 20:04:25,351 INFO [org.junit.Test] zero00554
2016-08-04 20:04:25,351 INFO [org.junit.Test] zero00555
2016-08-04 20:04:25,351 INFO [org.junit.Test] zero00556
2016-08-04 20:04:25,351 INFO [org.junit.Test] zero00557
2016-08-04 20:04:25,351 INFO [org.junit.Test] zero00558
2016-08-04 20:04:25,351 INFO [org.junit.Test] zero00559
2016-08-04 20:04:25,351 INFO [org.junit.Test] zero00560
2016-08-04 20:04:25,351 INFO [org.junit.Test] zero00561
2016-08-04 20:04:25,351 INFO [org.junit.Test] zero00562
2016-08-04 20:04:25,351 INFO [org.junit.Test] zero00563
2016-08-04 20:04:25,351 INFO [org.junit.Test] zero00564
2016-08-04 20:04:25,351 INFO [org.junit.Test] zero00565
2016-08-04 20:04:25,351 INFO [org.junit.Test] zero00566
2016-08-04 20:04:25,351 INFO [org.junit.Test] zero00567
2016-08-04 20:04:25,351 INFO [org.junit.Test] zero00568
2016-08-04 20:04:25,351 INFO [org.junit.Test] zero00569
2016-08-04 20:04:25,351 INFO [org.junit.Test] zero00570
2016-08-04 20:04:25,351 INFO [org.junit.Test] zero00571
2016-08-04 20:04:25,351 INFO [org.junit.Test] zero00572
2016-08-04 20:04:25,351 INFO [org.junit.Test] zero00573
2016-08-04 20:04:25,351 INFO [org.junit.Test] zero00574
2016-08-04 20:04:25,351 INFO [org.junit.Test] zero00575
2016-08-04 20:04:25,351 INFO [org.junit.Test] zero00576
2016-08-04 20:04:25,351 INFO [org.junit.Test] zero00577
2016-08-04 20:04:25,351 INFO [org.junit.Test] zero00578
2016-08-04 20:04:25,351 INFO [org.junit.Test] zero00579
2016-08-04 20:04:25,351 INFO [org.junit.Test] zero00580
2016-08-04 20:04:25,351 INFO [org.junit.Test] zero00581
2016-08-04 20:04:25,351 INFO [org.junit.Test] zero00582
2016-08-04 20:04:25,351 INFO [org.junit.Test] zero00583
2016-08-04 20:04:25,351 INFO [org.junit.Test] zero00584
2016-08-04 20:04:25,351 INFO [org.junit.Test] zero00585
2016-08-04 20:04:25,351 INFO [org.junit.Test] zero00586
2016-08-04 20:04:25,351 INFO [org.junit.Test] zero00587
2016-08-04 20:04:25,351 INFO [org.junit.Test] zero00588
2016-08-04 20:04:25,351 INFO [org.junit.Test] zero00589
2016-08-04 20:04:25,351 INFO [org.junit.Test] zero00590
2016-08-04 20:04:25,351 INFO [org.junit.Test] zero00591
2016-08-04 20:04:25,351 INFO [org.junit.Test] zero00592
2016-08-04 20:04:25,351 INFO [org.junit.Test] zero00593
2016-08-04 20:04:25,351 INFO [org.junit.Test] zero00594
2016-08-04 20:04:25,351 INFO [org.junit.Test] zero00595
2016-08-04 20:04:25,351 INFO [org.junit.Test] zero00596
2016-08-04 20:04:25,351 INFO [org.junit.Test] zero00597
2016-08-04 20:04:25,351 INFO [org.junit.Test] zero00598
2016-08-04 20:04:25,351 INFO [org.junit.Test] zero00599
2016-08-04 20:04:25,351 INFO [org.junit.Test] zero00600
2016-08-04 20:04:25,351 INFO [org.junit.Test] zero00601
2016-08-04 20:04:25,351 INFO [org.junit.Test] zero00602
2016-08-04 20:04:25,351 INFO [org.junit.Test] zero00603
2016-08-04 20:04:25,351 INFO [org.junit.Test] zero00604
2016-08-04 20:04:25,351 INFO [org.junit.Test] zero00605
2016-08-04 20:04:25,351 INFO [org.junit.Test] zero00606
2016-08-04 20:04:25,351 INFO [org.junit.Test] zero00607
2016-08-04 20:04:25,351 INFO [org.junit.Test] zero00608
2016-08-04 20:04:25,351 INFO [org.junit.Test] zero00609
2016-08-04 20:04:25,351 INFO [org.junit.Test] zero00610
2016-08-04 20:04:25,351 INFO [org.junit.Test] zero00611
2016-08-04 20:04:25,351 INFO [org.junit.Test] zero00612
2016-08-04 20:04:25,351 INFO [org.junit.Test] zero00613
2016-08-04 20:04:25,351 INFO [org.junit.Test] zero00614
2016-08-04 20:04:25,351 INFO [org.junit.Test] zero00615
2016-08-04 20:04:25,351 INFO [org.junit.Test] zero00616
2016-08-04 20:04:25,351 INFO [org.junit.Test] zero00617
2016-08-04 20:04:25,351 INFO [org.junit.Test] zero00618
2016-08-04 20:04:25,351 INFO [org.junit.Test] zero00619
2016-08-04 20:04:25,351 INFO [org.junit.Test] zero00620
2016-08-04 20:04:25,351 INFO [org.junit.Test] zero00621
2016-08-04 20:04:25,351 INFO [org.junit.Test] zero00622
2016-08-04 20:04:25,351 INFO [org.junit.Test] zero00623
2016-08-04 20:04:25,352 INFO [org.junit.Test] zero00624
2016-08-04 20:04:25,352 INFO [org.junit.Test] zero00625
2016-08-04 20:04:25,352 INFO [org.junit.Test] zero00626
2016-08-04 20:04:25,352 INFO [org.junit.Test] zero00627
2016-08-04 20:04:25,352 INFO [org.junit.Test] zero00628
2016-08-04 20:04:25,352 INFO [org.junit.Test] zero00629
2016-08-04 20:04:25,352 INFO [org.junit.Test] zero00630
2016-08-04 20:04:25,352 INFO [org.junit.Test] zero00631
2016-08-04 20:04:25,352 INFO [org.junit.Test] zero00632
2016-08-04 20:04:25,352 INFO [org.junit.Test] zero00633
2016-08-04 20:04:25,352 INFO [org.junit.Test] zero00634
2016-08-04 20:04:25,352 INFO [org.junit.Test] zero00635
2016-08-04 20:04:25,352 INFO [org.junit.Test] zero00636
2016-08-04 20:04:25,352 INFO [org.junit.Test] zero00637
2016-08-04 20:04:25,352 INFO [org.junit.Test] zero00638
2016-08-04 20:04:25,352 INFO [org.junit.Test] zero00639
2016-08-04 20:04:25,352 INFO [org.junit.Test] zero00640
2016-08-04 20:04:25,352 INFO [org.junit.Test] zero00641
2016-08-04 20:04:25,352 INFO [org.junit.Test] zero00642
2016-08-04 20:04:25,352 INFO [org.junit.Test] zero00643
2016-08-04 20:04:25,352 INFO [org.junit.Test] zero00644
2016-08-04 20:04:25,352 INFO [org.junit.Test] zero00645
2016-08-04 20:04:25,352 INFO [org.junit.Test] zero00646
2016-08-04 20:04:25,352 INFO [org.junit.Test] zero00647
2016-08-04 20:04:25,352 INFO [org.junit.Test] zero00648
2016-08-04 20:04:25,352 INFO [org.junit.Test] zero00649
2016-08-04 20:04:25,352 INFO [org.junit.Test] zero00650
2016-08-04 20:04:25,352 INFO [org.junit.Test] zero00651
2016-08-04 20:04:25,352 INFO [org.junit.Test] zero00652
2016-08-04 20:04:25,352 INFO [org.junit.Test] zero00653
2016-08-04 20:04:25,352 INFO [org.junit.Test] zero00654
2016-08-04 20:04:25,352 INFO [org.junit.Test] zero00655
2016-08-04 20:04:25,352 INFO [org.junit.Test] zero00656
2016-08-04 20:04:25,352 INFO [org.junit.Test] zero00657
2016-08-04 20:04:25,352 INFO [org.junit.Test] zero00658
2016-08-04 20:04:25,352 INFO [org.junit.Test] zero00659
2016-08-04 20:04:25,352 INFO [org.junit.Test] zero00660
2016-08-04 20:04:25,352 INFO [org.junit.Test] zero00661
2016-08-04 20:04:25,352 INFO [org.junit.Test] zero00662
2016-08-04 20:04:25,352 INFO [org.junit.Test] zero00663
2016-08-04 20:04:25,352 INFO [org.junit.Test] zero00664
2016-08-04 20:04:25,352 INFO [org.junit.Test] zero00665
2016-08-04 20:04:25,352 INFO [org.junit.Test] zero00666
2016-08-04 20:04:25,352 INFO [org.junit.Test] zero00667
2016-08-04 20:04:25,352 INFO [org.junit.Test] zero00668
2016-08-04 20:04:25,352 INFO [org.junit.Test] zero00669
2016-08-04 20:04:25,352 INFO [org.junit.Test] zero00670
2016-08-04 20:04:25,352 INFO [org.junit.Test] zero00671
2016-08-04 20:04:25,352 INFO [org.junit.Test] zero00672
2016-08-04 20:04:25,352 INFO [org.junit.Test] zero00673
2016-08-04 20:04:25,352 INFO [org.junit.Test] zero00674
2016-08-04 20:04:25,352 INFO [org.junit.Test] zero00675
2016-08-04 20:04:25,352 INFO [org.junit.Test] zero00676
2016-08-04 20:04:25,352 INFO [org.junit.Test] zero00677
2016-08-04 20:04:25,352 INFO [org.junit.Test] zero00678
2016-08-04 20:04:25,352 INFO [org.junit.Test] zero00679
2016-08-04 20:04:25,352 INFO [org.junit.Test] zero00680
2016-08-04 20:04:25,352 INFO [org.junit.Test] zero00681
2016-08-04 20:04:25,352 INFO [org.junit.Test] zero00682
2016-08-04 20:04:25,352 INFO [org.junit.Test] zero00683
2016-08-04 20:04:25,352 INFO [org.junit.Test] zero00684
2016-08-04 20:04:25,352 INFO [org.junit.Test] zero00685
2016-08-04 20:04:25,352 INFO [org.junit.Test] zero00686
2016-08-04 20:04:25,352 INFO [org.junit.Test] zero00687
2016-08-04 20:04:25,352 INFO [org.junit.Test] zero00688
2016-08-04 20:04:25,352 INFO [org.junit.Test] zero00689
2016-08-04 20:04:25,352 INFO [org.junit.Test] zero00690
2016-08-04 20:04:25,352 INFO [org.junit.Test] zero00691
2016-08-04 20:04:25,352 INFO [org.junit.Test] zero00692
2016-08-04 20:04:25,352 INFO [org.junit.Test] zero00693
2016-08-04 20:04:25,352 INFO [org.junit.Test] zero00694
2016-08-04 20:04:25,352 INFO [org.junit.Test] zero00695
2016-08-04 20:04:25,352 INFO [org.junit.Test] zero00696
2016-08-04 20:04:25,352 INFO [org.junit.Test] zero00697
2016-08-04 20:04:25,352 INFO [org.junit.Test] zero00698
2016-08-04 20:04:25,352 INFO [org.junit.Test] zero00699
2016-08-04 20:04:25,352 INFO [org.junit.Test] zero00700
2016-08-04 20:04:25,352 INFO [org.junit.Test] zero00701
2016-08-04 20:04:25,352 INFO [org.junit.Test] zero00702
2016-08-04 20:04:25,352 INFO [org.junit.Test] zero00703
2016-08-04 20:04:25,352 INFO [org.junit.Test] zero00704
2016-08-04 20:04:25,352 INFO [org.junit.Test] zero00705
2016-08-04 20:04:25,352 INFO [org.junit.Test] zero00706
2016-08-04 20:04:25,352 INFO [org.junit.Test] zero00707
2016-08-04 20:04:25,352 INFO [org.junit.Test] zero00708
2016-08-04 20:04:25,352 INFO [org.junit.Test] zero00709
2016-08-04 20:04:25,352 INFO [org.junit.Test] zero00710
2016-08-04 20:04:25,352 INFO [org.junit.Test] zero00711
2016-08-04 20:04:25,352 INFO [org.junit.Test] zero00712
2016-08-04 20:04:25,352 INFO [org.junit.Test] zero00713
2016-08-04 20:04:25,352 INFO [org.junit.Test] zero00714
2016-08-04 20:04:25,352 INFO [org.junit.Test] zero00715
2016-08-04 20:04:25,352 INFO [org.junit.Test] zero00716
2016-08-04 20:04:25,352 INFO [org.junit.Test] zero00717
2016-08-04 20:04:25,352 INFO [org.junit.Test] zero00718
2016-08-04 20:04:25,352 INFO [org.junit.Test] zero00719
2016-08-04 20:04:25,352 INFO [org.junit.Test] zero00720
2016-08-04 20:04:25,352 INFO [org.junit.Test] zero00721
2016-08-04 20:04:25,352 INFO [org.junit.Test] zero00722
2016-08-04 20:04:25,352 INFO [org.junit.Test] zero00723
2016-08-04 20:04:25,352 INFO [org.junit.Test] zero00724
2016-08-04 20:04:25,352 INFO [org.junit.Test] zero00725
2016-08-04 20:04:25,352 INFO [org.junit.Test] zero00726
2016-08-04 20:04:25,352 INFO [org.junit.Test] zero00727
2016-08-04 20:04:25,352 INFO [org.junit.Test] zero00728
2016-08-04 20:04:25,352 INFO [org.junit.Test] zero00729
2016-08-04 20:04:25,352 INFO [org.junit.Test] zero00730
2016-08-04 20:04:25,352 INFO [org.junit.Test] zero00731
2016-08-04 20:04:25,352 INFO [org.junit.Test] zero00732
2016-08-04 20:04:25,352 INFO [org.junit.Test] zero00733
2016-08-04 20:04:25,352 INFO [org.junit.Test] zero00734
2016-08-04 20:04:25,352 INFO [org.junit.Test] zero00735
2016-08-04 20:04:25,352 INFO [org.junit.Test] zero00736
2016-08-04 20:04:25,352 INFO [org.junit.Test] zero00737
2016-08-04 20:04:25,352 INFO [org.junit.Test] zero00738
2016-08-04 20:04:25,352 INFO [org.junit.Test] zero00739
2016-08-04 20:04:25,352 INFO [org.junit.Test] zero00740
2016-08-04 20:04:25,352 INFO [org.junit.Test] zero00741
2016-08-04 20:04:25,352 INFO [org.junit.Test] zero00742
2016-08-04 20:04:25,352 INFO [org.junit.Test] zero00743
2016-08-04 20:04:25,352 INFO [org.junit.Test] zero00744
2016-08-04 20:04:25,352 INFO [org.junit.Test] zero00745
2016-08-04 20:04:25,352 INFO [org.junit.Test] zero00746
2016-08-04 20:04:25,352 INFO [org.junit.Test] zero00747
2016-08-04 20:04:25,352 INFO [org.junit.Test] zero00748
2016-08-04 20:04:25,352 INFO [org.junit.Test] zero00749
2016-08-04 20:04:25,352 INFO [org.junit.Test] zero00750
2016-08-04 20:04:25,352 INFO [org.junit.Test] zero00751
2016-08-04 20:04:25,352 INFO [org.junit.Test] zero00752
2016-08-04 20:04:25,352 INFO [org.junit.Test] zero00753
2016-08-04 20:04:25,352 INFO [org.junit.Test] zero00754
2016-08-04 20:04:25,352 INFO [org.junit.Test] zero00755
2016-08-04 20:04:25,352 INFO [org.junit.Test] zero00756
2016-08-04 20:04:25,352 INFO [org.junit.Test] zero00757
2016-08-04 20:04:25,352 INFO [org.junit.Test] zero00758
2016-08-04 20:04:25,352 INFO [org.junit.Test] zero00759
2016-08-04 20:04:25,352 INFO [org.junit.Test] zero00760
2016-08-04 20:04:25,352 INFO [org.junit.Test] zero00761
2016-08-04 20:04:25,352 INFO [org.junit.Test] zero00762
2016-08-04 20:04:25,352 INFO [org.junit.Test] zero00763
2016-08-04 20:04:25,352 INFO [org.junit.Test] zero00764
2016-08-04 20:04:25,352 INFO [org.junit.Test] zero00765
2016-08-04 20:04:25,352 INFO [org.junit.Test] zero00766
2016-08-04 20:04:25,352 INFO [org.junit.Test] zero00767
2016-08-04 20:04:25,352 INFO [org.junit.Test] zero00768
2016-08-04 20:04:25,352 INFO [org.junit.Test] zero00769
2016-08-04 20:04:25,352 INFO [org.junit.Test] zero00770
2016-08-04 20:04:25,352 INFO [org.junit.Test] zero00771
2016-08-04 20:04:25,352 INFO [org.junit.Test] zero00772
2016-08-04 20:04:25,352 INFO [org.junit.Test] zero00773
2016-08-04 20:04:25,352 INFO [org.junit.Test] zero00774
2016-08-04 20:04:25,352 INFO [org.junit.Test] zero00775
2016-08-04 20:04:25,352 INFO [org.junit.Test] zero00776
2016-08-04 20:04:25,352 INFO [org.junit.Test] zero00777
2016-08-04 20:04:25,352 INFO [org.junit.Test] zero00778
2016-08-04 20:04:25,352 INFO [org.junit.Test] zero00779
2016-08-04 20:04:25,352 INFO [org.junit.Test] zero00780
2016-08-04 20:04:25,352 INFO [org.junit.Test] zero00781
2016-08-04 20:04:25,352 INFO [org.junit.Test] zero00782
2016-08-04 20:04:25,352 INFO [org.junit.Test] zero00783
2016-08-04 20:04:25,352 INFO [org.junit.Test] zero00784
2016-08-04 20:04:25,352 INFO [org.junit.Test] zero00785
2016-08-04 20:04:25,352 INFO [org.junit.Test] zero00786
2016-08-04 20:04:25,352 INFO [org.junit.Test] zero00787
2016-08-04 20:04:25,352 INFO [org.junit.Test] zero00788
2016-08-04 20:04:25,352 INFO [org.junit.Test] zero00789
2016-08-04 20:04:25,352 INFO [org.junit.Test] zero00790
2016-08-04 20:04:25,352 INFO [org.junit.Test] zero00791
2016-08-04 20:04:25,352 INFO [org.junit.Test] zero00792
2016-08-04 20:04:25,352 INFO [org.junit.Test] zero00793
2016-08-04 20:04:25,352 INFO [org.junit.Test] zero00794
2016-08-04 20:04:25,352 INFO [org.junit.Test] zero00795
2016-08-04 20:04:25,352 INFO [org.junit.Test] zero00796
2016-08-04 20:04:25,352 INFO [org.junit.Test] zero00797
2016-08-04 20:04:25,352 INFO [org.junit.Test] zero00798
2016-08-04 20:04:25,352 INFO [org.junit.Test] zero00799
2016-08-04 20:04:25,352 INFO [org.junit.Test] zero00800
2016-08-04 20:04:25,352 INFO [org.junit.Test] zero00801
2016-08-04 20:04:25,352 INFO [org.junit.Test] zero00802
2016-08-04 20:04:25,352 INFO [org.junit.Test] zero00803
2016-08-04 20:04:25,352 INFO [org.junit.Test] zero00804
2016-08-04 20:04:25,352 INFO [org.junit.Test] zero00805
2016-08-04 20:04:25,352 INFO [org.junit.Test] zero00806
2016-08-04 20:04:25,352 INFO [org.junit.Test] zero00807
2016-08-04 20:04:25,352 INFO [org.junit.Test] zero00808
2016-08-04 20:04:25,352 INFO [org.junit.Test] zero00809
2016-08-04 20:04:25,352 INFO [org.junit.Test] zero00810
2016-08-04 20:04:25,352 INFO [org.junit.Test] zero00811
2016-08-04 20:04:25,352 INFO [org.junit.Test] zero00812
2016-08-04 20:04:25,352 INFO [org.junit.Test] zero00813
2016-08-04 20:04:25,352 INFO [org.junit.Test] zero00814
2016-08-04 20:04:25,352 INFO [org.junit.Test] zero00815
2016-08-04 20:04:25,352 INFO [org.junit.Test] zero00816
2016-08-04 20:04:25,352 INFO [org.junit.Test] zero00817
2016-08-04 20:04:25,352 INFO [org.junit.Test] zero00818
2016-08-04 20:04:25,352 INFO [org.junit.Test] zero00819
2016-08-04 20:04:25,352 INFO [org.junit.Test] zero00820
2016-08-04 20:04:25,352 INFO [org.junit.Test] zero00821
2016-08-04 20:04:25,352 INFO [org.junit.Test] zero00822
2016-08-04 20:04:25,352 INFO [org.junit.Test] zero00823
2016-08-04 20:04:25,352 INFO [org.junit.Test] zero00824
2016-08-04 20:04:25,352 INFO [org.junit.Test] zero00825
2016-08-04 20:04:25,352 INFO [org.junit.Test] zero00826
2016-08-04 20:04:25,352 INFO [org.junit.Test] zero00827
2016-08-04 20:04:25,352 INFO [org.junit.Test] zero00828
2016-08-04 20:04:25,352 INFO [org.junit.Test] zero00829
2016-08-04 20:04:25,352 INFO [org.junit.Test] zero00830
2016-08-04 20:04:25,352 INFO [org.junit.Test] zero00831
2016-08-04 20:04:25,352 INFO [org.junit.Test] zero00832
2016-08-04 20:04:25,352 INFO [org.junit.Test] zero00833
2016-08-04 20:04:25,352 INFO [org.junit.Test] zero00834
2016-08-04 20:04:25,352 INFO [org.junit.Test] zero00835
2016-08-04 20:04:25,352 INFO [org.junit.Test] zero00836
2016-08-04 20:04:25,352 INFO [org.junit.Test] zero00837
2016-08-04 20:04:25,352 INFO [org.junit.Test] zero00838
2016-08-04 20:04:25,352 INFO [org.junit.Test] zero00839
2016-08-04 20:04:25,352 INFO [org.junit.Test] zero00840
2016-08-04 20:04:25,352 INFO [org.junit.Test] zero00841
2016-08-04 20:04:25,352 INFO [org.junit.Test] zero00842
2016-08-04 20:04:25,352 INFO [org.junit.Test] zero00843
2016-08-04 20:04:25,352 INFO [org.junit.Test] zero00844
2016-08-04 20:04:25,352 INFO [org.junit.Test] zero00845
2016-08-04 20:04:25,352 INFO [org.junit.Test] zero00846
2016-08-04 20:04:25,352 INFO [org.junit.Test] zero00847
2016-08-04 20:04:25,352 INFO [org.junit.Test] zero00848
2016-08-04 20:04:25,352 INFO [org.junit.Test] zero00849
2016-08-04 20:04:25,352 INFO [org.junit.Test] zero00850
2016-08-04 20:04:25,352 INFO [org.junit.Test] zero00851
2016-08-04 20:04:25,352 INFO [org.junit.Test] zero00852
2016-08-04 20:04:25,352 INFO [org.junit.Test] zero00853
2016-08-04 20:04:25,352 INFO [org.junit.Test] zero00854
2016-08-04 20:04:25,352 INFO [org.junit.Test] zero00855
2016-08-04 20:04:25,352 INFO [org.junit.Test] zero00856
2016-08-04 20:04:25,352 INFO [org.junit.Test] zero00857
2016-08-04 20:04:25,352 INFO [org.junit.Test] zero00858
2016-08-04 20:04:25,352 INFO [org.junit.Test] zero00859
2016-08-04 20:04:25,352 INFO [org.junit.Test] zero00860
2016-08-04 20:04:25,352 INFO [org.junit.Test] zero00861
2016-08-04 20:04:25,352 INFO [org.junit.Test] zero00862
2016-08-04 20:04:25,352 INFO [org.junit.Test] zero00863
2016-08-04 20:04:25,352 INFO [org.junit.Test] zero00864
2016-08-04 20:04:25,352 INFO [org.junit.Test] zero00865
2016-08-04 20:04:25,352 INFO [org.junit.Test] zero00866
2016-08-04 20:04:25,352 INFO [org.junit.Test] zero00867
2016-08-04 20:04:25,352 INFO [org.junit.Test] zero00868
2016-08-04 20:04:25,352 INFO [org.junit.Test] zero00869
2016-08-04 20:04:25,352 INFO [org.junit.Test] zero00870
2016-08-04 20:04:25,352 INFO [org.junit.Test] zero00871
2016-08-04 20:04:25,352 INFO [org.junit.Test] zero00872
2016-08-04 20:04:25,352 INFO [org.junit.Test] zero00873
2016-08-04 20:04:25,352 INFO [org.junit.Test] zero00874
2016-08-04 20:04:25,352 INFO [org.junit.Test] zero00875
2016-08-04 20:04:25,352 INFO [org.junit.Test] zero00876
2016-08-04 20:04:25,352 INFO [org.junit.Test] zero00877
2016-08-04 20:04:25,352 INFO [org.junit.Test] zero00878
2016-08-04 20:04:25,352 INFO [org.junit.Test] zero00879
2016-08-04 20:04:25,352 INFO [org.junit.Test] zero00880
2016-08-04 20:04:25,352 INFO [org.junit.Test] zero00881
2016-08-04 20:04:25,352 INFO [org.junit.Test] zero00882
2016-08-04 20:04:25,352 INFO [org.junit.Test] zero00883
2016-08-04 20:04:25,352 INFO [org.junit.Test] zero00884
2016-08-04 20:04:25,352 INFO [org.junit.Test] zero00885
2016-08-04 20:04:25,352 INFO [org.junit.Test] zero00886
2016-08-04 20:04:25,352 INFO [org.junit.Test] zero00887
2016-08-04 20:04:25,352 INFO [org.junit.Test] zero00888
2016-08-04 20:04:25,352 INFO [org.junit.Test] zero00889
2016-08-04 20:04:25,352 INFO [org.junit.Test] zero00890
2016-08-04 20:04:25,352 INFO [org.junit.Test] zero00891
2016-08-04 20:04:25,352 INFO [org.junit.Test] zero00892
2016-08-04 20:04:25,352 INFO [org.junit.Test] zero00893
2016-08-04 20:04:25,352 INFO [org.junit.Test] zero00894
2016-08-04 20:04:25,352 INFO [org.junit.Test] zero00895
2016-08-04 20:04:25,352 INFO [org.junit.Test] zero00896
2016-08-04 20:04:25,352 INFO [org.junit.Test] zero00897
2016-08-04 20:04:25,352 INFO [org.junit.Test] zero00898
2016-08-04 20:04:25,352 INFO [org.junit.Test] zero00899
2016-08-04 20:04:25,352 INFO [org.junit.Test] zero00900
2016-08-04 20:04:25,352 INFO [org.junit.Test] zero00901
2016-08-04 20:04:25,352 INFO [org.junit.Test] zero00902
2016-08-04 20:04:25,352 INFO [org.junit.Test] zero00903
2016-08-04 20:04:25,352 INFO [org.junit.Test] zero00904
2016-08-04 20:04:25,352 INFO [org.junit.Test] zero00905
2016-08-04 20:04:25,352 INFO [org.junit.Test] zero00906
2016-08-04 20:04:25,352 INFO [org.junit.Test] zero00907
2016-08-04 20:04:25,352 INFO [org.junit.Test] zero00908
2016-08-04 20:04:25,352 INFO [org.junit.Test] zero00909
2016-08-04 20:04:25,352 INFO [org.junit.Test] zero00910
2016-08-04 20:04:25,352 INFO [org.junit.Test] zero00911
2016-08-04 20:04:25,353 INFO [org.junit.Test] zero00912
2016-08-04 20:04:25,353 INFO [org.junit.Test] zero00913
2016-08-04 20:04:25,353 INFO [org.junit.Test] zero00914
2016-08-04 20:04:25,353 INFO [org.junit.Test] zero00915
2016-08-04 20:04:25,353 INFO [org.junit.Test] zero00916
2016-08-04 20:04:25,353 INFO [org.junit.Test] zero00917
2016-08-04 20:04:25,353 INFO [org.junit.Test] zero00918
2016-08-04 20:04:25,353 INFO [org.junit.Test] zero00919
2016-08-04 20:04:25,353 INFO [org.junit.Test] zero00920
2016-08-04 20:04:25,353 INFO [org.junit.Test] zero00921
2016-08-04 20:04:25,353 INFO [org.junit.Test] zero00922
2016-08-04 20:04:25,353 INFO [org.junit.Test] zero00923
2016-08-04 20:04:25,353 INFO [org.junit.Test] zero00924
2016-08-04 20:04:25,353 INFO [org.junit.Test] zero00925
2016-08-04 20:04:25,353 INFO [org.junit.Test] zero00926
2016-08-04 20:04:25,353 INFO [org.junit.Test] zero00927
2016-08-04 20:04:25,353 INFO [org.junit.Test] zero00928
2016-08-04 20:04:25,353 INFO [org.junit.Test] zero00929
2016-08-04 20:04:25,353 INFO [org.junit.Test] zero00930
2016-08-04 20:04:25,353 INFO [org.junit.Test] zero00931
2016-08-04 20:04:25,353 INFO [org.junit.Test] zero00932
2016-08-04 20:04:25,353 INFO [org.junit.Test] zero00933
2016-08-04 20:04:25,353 INFO [org.junit.Test] zero00934
2016-08-04 20:04:25,353 INFO [org.junit.Test] zero00935
2016-08-04 20:04:25,353 INFO [org.junit.Test] zero00936
2016-08-04 20:04:25,353 INFO [org.junit.Test] zero00937
2016-08-04 20:04:25,353 INFO [org.junit.Test] zero00938
2016-08-04 20:04:25,353 INFO [org.junit.Test] zero00939
2016-08-04 20:04:25,353 INFO [org.junit.Test] zero00940
2016-08-04 20:04:25,353 INFO [org.junit.Test] zero00941
2016-08-04 20:04:25,353 INFO [org.junit.Test] zero00942
2016-08-04 20:04:25,353 INFO [org.junit.Test] zero00943
2016-08-04 20:04:25,353 INFO [org.junit.Test] zero00944
2016-08-04 20:04:25,353 INFO [org.junit.Test] zero00945
2016-08-04 20:04:25,353 INFO [org.junit.Test] zero00946
2016-08-04 20:04:25,353 INFO [org.junit.Test] zero00947
2016-08-04 20:04:25,353 INFO [org.junit.Test] zero00948
2016-08-04 20:04:25,353 INFO [org.junit.Test] zero00949
2016-08-04 20:04:25,353 INFO [org.junit.Test] zero00950
2016-08-04 20:04:25,353 INFO [org.junit.Test] zero00951
2016-08-04 20:04:25,353 INFO [org.junit.Test] zero00952
2016-08-04 20:04:25,353 INFO [org.junit.Test] zero00953
2016-08-04 20:04:25,353 INFO [org.junit.Test] zero00954
2016-08-04 20:04:25,353 INFO [org.junit.Test] zero00955
2016-08-04 20:04:25,353 INFO [org.junit.Test] zero00956
2016-08-04 20:04:25,353 INFO [org.junit.Test] zero00957
2016-08-04 20:04:25,353 INFO [org.junit.Test] zero00958
2016-08-04 20:04:25,353 INFO [org.junit.Test] zero00959
2016-08-04 20:04:25,353 INFO [org.junit.Test] zero00960
2016-08-04 20:04:25,353 INFO [org.junit.Test] zero00961
2016-08-04 20:04:25,353 INFO [org.junit.Test] zero00962
2016-08-04 20:04:25,353 INFO [org.junit.Test] zero00963
2016-08-04 20:04:25,353 INFO [org.junit.Test] zero00964
2016-08-04 20:04:25,353 INFO [org.junit.Test] zero00965
2016-08-04 20:04:25,353 INFO [org.junit.Test] zero00966
2016-08-04 20:04:25,353 INFO [org.junit.Test] zero00967
2016-08-04 20:04:25,353 INFO [org.junit.Test] zero00968
2016-08-04 20:04:25,353 INFO [org.junit.Test] zero00969
2016-08-04 20:04:25,353 INFO [org.junit.Test] zero00970
2016-08-04 20:04:25,353 INFO [org.junit.Test] zero00971
2016-08-04 20:04:25,353 INFO [org.junit.Test] zero00972
2016-08-04 20:04:25,353 INFO [org.junit.Test] zero00973
2016-08-04 20:04:25,353 INFO [org.junit.Test] zero00974
2016-08-04 20:04:25,353 INFO [org.junit.Test] zero00975
2016-08-04 20:04:25,353 INFO [org.junit.Test] zero00976
2016-08-04 20:04:25,353 INFO [org.junit.Test] zero00977
2016-08-04 20:04:25,353 INFO [org.junit.Test] zero00978
2016-08-04 20:04:25,353 INFO [org.junit.Test] zero00979
2016-08-04 20:04:25,353 INFO [org.junit.Test] zero00980
2016-08-04 20:04:25,353 INFO [org.junit.Test] zero00981
2016-08-04 20:04:25,353 INFO [org.junit.Test] zero00982
2016-08-04 20:04:25,353 INFO [org.junit.Test] zero00983
2016-08-04 20:04:25,353 INFO [org.junit.Test] zero00984
2016-08-04 20:04:25,353 INFO [org.junit.Test] zero00985
2016-08-04 20:04:25,353 INFO [org.junit.Test] zero00986
2016-08-04 20:04:25,353 INFO [org.junit.Test] zero00987
2016-08-04 20:04:25,353 INFO [org.junit.Test] zero00988
2016-08-04 20:04:25,353 INFO [org.junit.Test] zero00989
2016-08-04 20:04:25,353 INFO [org.junit.Test] zero00990
2016-08-04 20:04:25,353 INFO [org.junit.Test] zero00991
2016-08-04 20:04:25,353 INFO [org.junit.Test] zero00992
2016-08-04 20:04:25,353 INFO [org.junit.Test] zero00993
2016-08-04 20:04:25,353 INFO [org.junit.Test] zero00994
2016-08-04 20:04:25,353 INFO [org.junit.Test] zero00995
2016-08-04 20:04:25,353 INFO [org.junit.Test] zero00996
2016-08-04 20:04:25,353 INFO [org.junit.Test] zero00997
2016-08-04 20:04:25,353 INFO [org.junit.Test] zero00998
2016-08-04 20:04:25,353 INFO [org.junit.Test] zero00999
2016-08-04 20:04:28,353 INFO [org.junit.Test] zero000
2016-08-04 20:04:28,353 INFO [org.junit.Test] zero001
2016-08-04 20:04:28,353 INFO [org.junit.Test] zero002
2016-08-04 20:04:28,353 INFO [org.junit.Test] zero003
2016-08-04 20:04:28,353 INFO [org.junit.Test] zero004
2016-08-04 20:04:28,353 INFO [org.junit.Test] zero005
2016-08-04 20:04:28,353 INFO [org.junit.Test] zero006
2016-08-04 20:04:28,353 INFO [org.junit.Test] zero007
2016-08-04 20:04:28,353 INFO [org.junit.Test] zero008
2016-08-04 20:04:28,353 INFO [org.junit.Test] zero009
2016-08-04 20:04:28,353 INFO [org.junit.Test] zero0010
2016-08-04 20:04:28,353 INFO [org.junit.Test] zero0011
2016-08-04 20:04:28,353 INFO [org.junit.Test] zero0012
2016-08-04 20:04:28,353 INFO [org.junit.Test] zero0013
2016-08-04 20:04:28,353 INFO [org.junit.Test] zero0014
2016-08-04 20:04:28,353 INFO [org.junit.Test] zero0015
2016-08-04 20:04:28,353 INFO [org.junit.Test] zero0016
2016-08-04 20:04:28,353 INFO [org.junit.Test] zero0017
2016-08-04 20:04:28,353 INFO [org.junit.Test] zero0018
2016-08-04 20:04:28,353 INFO [org.junit.Test] zero0019
2016-08-04 20:04:28,353 INFO [org.junit.Test] zero0020
2016-08-04 20:04:28,353 INFO [org.junit.Test] zero0021
2016-08-04 20:04:28,353 INFO [org.junit.Test] zero0022
2016-08-04 20:04:28,353 INFO [org.junit.Test] zero0023
2016-08-04 20:04:28,353 INFO [org.junit.Test] zero0024
2016-08-04 20:04:28,353 INFO [org.junit.Test] zero0025
2016-08-04 20:04:28,353 INFO [org.junit.Test] zero0026
2016-08-04 20:04:28,353 INFO [org.junit.Test] zero0027
2016-08-04 20:04:28,353 INFO [org.junit.Test] zero0028
2016-08-04 20:04:28,353 INFO [org.junit.Test] zero0029
2016-08-04 20:04:28,353 INFO [org.junit.Test] zero0030
2016-08-04 20:04:28,353 INFO [org.junit.Test] zero0031
2016-08-04 20:04:28,353 INFO [org.junit.Test] zero0032
2016-08-04 20:04:28,353 INFO [org.junit.Test] zero0033
2016-08-04 20:04:28,353 INFO [org.junit.Test] zero0034
2016-08-04 20:04:28,353 INFO [org.junit.Test] zero0035
2016-08-04 20:04:28,353 INFO [org.junit.Test] zero0036
2016-08-04 20:04:28,353 INFO [org.junit.Test] zero0037
2016-08-04 20:04:28,353 INFO [org.junit.Test] zero0038
2016-08-04 20:04:28,353 INFO [org.junit.Test] zero0039
2016-08-04 20:04:28,353 INFO [org.junit.Test] zero0040
2016-08-04 20:04:28,353 INFO [org.junit.Test] zero0041
2016-08-04 20:04:28,353 INFO [org.junit.Test] zero0042
2016-08-04 20:04:28,353 INFO [org.junit.Test] zero0043
2016-08-04 20:04:28,353 INFO [org.junit.Test] zero0044
2016-08-04 20:04:28,353 INFO [org.junit.Test] zero0045
2016-08-04 20:04:28,353 INFO [org.junit.Test] zero0046
2016-08-04 20:04:28,353 INFO [org.junit.Test] zero0047
2016-08-04 20:04:28,353 INFO [org.junit.Test] zero0048
2016-08-04 20:04:28,353 INFO [org.junit.Test] zero0049
2016-08-04 20:04:28,353 INFO [org.junit.Test] zero0050
2016-08-04 20:04:28,353 INFO [org.junit.Test] zero0051
2016-08-04 20:04:28,353 INFO [org.junit.Test] zero0052
2016-08-04 20:04:28,353 INFO [org.junit.Test] zero0053
2016-08-04 20:04:28,353 INFO [org.junit.Test] zero0054
2016-08-04 20:04:28,353 INFO [org.junit.Test] zero0055
2016-08-04 20:04:28,353 INFO [org.junit.Test] zero0056
2016-08-04 20:04:28,353 INFO [org.junit.Test] zero0057
2016-08-04 20:04:28,353 INFO [org.junit.Test] zero0058
2016-08-04 20:04:28,353 INFO [org.junit.Test] zero0059
2016-08-04 20:04:28,353 INFO [org.junit.Test] zero0060
2016-08-04 20:04:28,353 INFO [org.junit.Test] zero0061
2016-08-04 20:04:28,353 INFO [org.junit.Test] zero0062
2016-08-04 20:04:28,353 INFO [org.junit.Test] zero0063
2016-08-04 20:04:28,353 INFO [org.junit.Test] zero0064
2016-08-04 20:04:28,353 INFO [org.junit.Test] zero0065
2016-08-04 20:04:28,353 INFO [org.junit.Test] zero0066
2016-08-04 20:04:28,353 INFO [org.junit.Test] zero0067
2016-08-04 20:04:28,353 INFO [org.junit.Test] zero0068
2016-08-04 20:04:28,353 INFO [org.junit.Test] zero0069
2016-08-04 20:04:28,353 INFO [org.junit.Test] zero0070
2016-08-04 20:04:28,353 INFO [org.junit.Test] zero0071
2016-08-04 20:04:28,353 INFO [org.junit.Test] zero0072
2016-08-04 20:04:28,353 INFO [org.junit.Test] zero0073
2016-08-04 20:04:28,353 INFO [org.junit.Test] zero0074
2016-08-04 20:04:28,353 INFO [org.junit.Test] zero0075
2016-08-04 20:04:28,353 INFO [org.junit.Test] zero0076
2016-08-04 20:04:28,353 INFO [org.junit.Test] zero0077
2016-08-04 20:04:28,353 INFO [org.junit.Test] zero0078
2016-08-04 20:04:28,353 INFO [org.junit.Test] zero0079
2016-08-04 20:04:28,353 INFO [org.junit.Test] zero0080
2016-08-04 20:04:28,353 INFO [org.junit.Test] zero0081
2016-08-04 20:04:28,353 INFO [org.junit.Test] zero0082
2016-08-04 20:04:28,353 INFO [org.junit.Test] zero0083
2016-08-04 20:04:28,353 INFO [org.junit.Test] zero0084
2016-08-04 20:04:28,353 INFO [org.junit.Test] zero0085
2016-08-04 20:04:28,353 INFO [org.junit.Test] zero0086
2016-08-04 20:04:28,353 INFO [org.junit.Test] zero0087
2016-08-04 20:04:28,353 INFO [org.junit.Test] zero0088
2016-08-04 20:04:28,353 INFO [org.junit.Test] zero0089
2016-08-04 20:04:28,353 INFO [org.junit.Test] zero0090
2016-08-04 20:04:28,353 INFO [org.junit.Test] zero0091
2016-08-04 20:04:28,353 INFO [org.junit.Test] zero0092
2016-08-04 20:04:28,353 INFO [org.junit.Test] zero0093
2016-08-04 20:04:28,353 INFO [org.junit.Test] zero0094
2016-08-04 20:04:28,353 INFO [org.junit.Test] zero0095
2016-08-04 20:04:28,353 INFO [org.junit.Test] zero0096
2016-08-04 20:04:28,353 INFO [org.junit.Test] zero0097
2016-08-04 20:04:28,353 INFO [org.junit.Test] zero0098
2016-08-04 20:04:28,353 INFO [org.junit.Test] zero0099
2016-08-04 20:04:28,353 INFO [org.junit.Test] zero00100
2016-08-04 20:04:28,353 INFO [org.junit.Test] zero00101
2016-08-04 20:04:28,353 INFO [org.junit.Test] zero00102
2016-08-04 20:04:28,353 INFO [org.junit.Test] zero00103
2016-08-04 20:04:28,353 INFO [org.junit.Test] zero00104
2016-08-04 20:04:28,353 INFO [org.junit.Test] zero00105
2016-08-04 20:04:28,353 INFO [org.junit.Test] zero00106
2016-08-04 20:04:28,353 INFO [org.junit.Test] zero00107
2016-08-04 20:04:28,353 INFO [org.junit.Test] zero00108
2016-08-04 20:04:28,353 INFO [org.junit.Test] zero00109
2016-08-04 20:04:28,353 INFO [org.junit.Test] zero00110
2016-08-04 20:04:28,353 INFO [org.junit.Test] zero00111
2016-08-04 20:04:28,353 INFO [org.junit.Test] zero00112
2016-08-04 20:04:28,353 INFO [org.junit.Test] zero00113
2016-08-04 20:04:28,353 INFO [org.junit.Test] zero00114
2016-08-04 20:04:28,353 INFO [org.junit.Test] zero00115
2016-08-04 20:04:28,353 INFO [org.junit.Test] zero00116
2016-08-04 20:04:28,353 INFO [org.junit.Test] zero00117
2016-08-04 20:04:28,353 INFO [org.junit.Test] zero00118
2016-08-04 20:04:28,353 INFO [org.junit.Test] zero00119
2016-08-04 20:04:28,353 INFO [org.junit.Test] zero00120
2016-08-04 20:04:28,353 INFO [org.junit.Test] zero00121
2016-08-04 20:04:28,353 INFO [org.junit.Test] zero00122
2016-08-04 20:04:28,353 INFO [org.junit.Test] zero00123
2016-08-04 20:04:28,353 INFO [org.junit.Test] zero00124
2016-08-04 20:04:28,353 INFO [org.junit.Test] zero00125
2016-08-04 20:04:28,353 INFO [org.junit.Test] zero00126
2016-08-04 20:04:28,353 INFO [org.junit.Test] zero00127
2016-08-04 20:04:28,353 INFO [org.junit.Test] zero00128
2016-08-04 20:04:28,353 INFO [org.junit.Test] zero00129
2016-08-04 20:04:28,353 INFO [org.junit.Test] zero00130
2016-08-04 20:04:28,353 INFO [org.junit.Test] zero00131
2016-08-04 20:04:28,353 INFO [org.junit.Test] zero00132
2016-08-04 20:04:28,353 INFO [org.junit.Test] zero00133
2016-08-04 20:04:28,353 INFO [org.junit.Test] zero00134
2016-08-04 20:04:28,353 INFO [org.junit.Test] zero00135
2016-08-04 20:04:28,353 INFO [org.junit.Test] zero00136
2016-08-04 20:04:28,353 INFO [org.junit.Test] zero00137
2016-08-04 20:04:28,353 INFO [org.junit.Test] zero00138
2016-08-04 20:04:28,353 INFO [org.junit.Test] zero00139
2016-08-04 20:04:28,353 INFO [org.junit.Test] zero00140
2016-08-04 20:04:28,353 INFO [org.junit.Test] zero00141
2016-08-04 20:04:28,353 INFO [org.junit.Test] zero00142
2016-08-04 20:04:28,353 INFO [org.junit.Test] zero00143
2016-08-04 20:04:28,353 INFO [org.junit.Test] zero00144
2016-08-04 20:04:28,353 INFO [org.junit.Test] zero00145
2016-08-04 20:04:28,353 INFO [org.junit.Test] zero00146
2016-08-04 20:04:28,353 INFO [org.junit.Test] zero00147
2016-08-04 20:04:28,353 INFO [org.junit.Test] zero00148
2016-08-04 20:04:28,353 INFO [org.junit.Test] zero00149
2016-08-04 20:04:28,353 INFO [org.junit.Test] zero00150
2016-08-04 20:04:28,353 INFO [org.junit.Test] zero00151
2016-08-04 20:04:28,353 INFO [org.junit.Test] zero00152
2016-08-04 20:04:28,353 INFO [org.junit.Test] zero00153
2016-08-04 20:04:28,353 INFO [org.junit.Test] zero00154
2016-08-04 20:04:28,353 INFO [org.junit.Test] zero00155
2016-08-04 20:04:28,353 INFO [org.junit.Test] zero00156
2016-08-04 20:04:28,353 INFO [org.junit.Test] zero00157
2016-08-04 20:04:28,353 INFO [org.junit.Test] zero00158
2016-08-04 20:04:28,353 INFO [org.junit.Test] zero00159
2016-08-04 20:04:28,353 INFO [org.junit.Test] zero00160
2016-08-04 20:04:28,353 INFO [org.junit.Test] zero00161
2016-08-04 20:04:28,353 INFO [org.junit.Test] zero00162
2016-08-04 20:04:28,353 INFO [org.junit.Test] zero00163
2016-08-04 20:04:28,353 INFO [org.junit.Test] zero00164
2016-08-04 20:04:28,353 INFO [org.junit.Test] zero00165
2016-08-04 20:04:28,353 INFO [org.junit.Test] zero00166
2016-08-04 20:04:28,353 INFO [org.junit.Test] zero00167
2016-08-04 20:04:28,353 INFO [org.junit.Test] zero00168
2016-08-04 20:04:28,353 INFO [org.junit.Test] zero00169
2016-08-04 20:04:28,353 INFO [org.junit.Test] zero00170
2016-08-04 20:04:28,353 INFO [org.junit.Test] zero00171
2016-08-04 20:04:28,353 INFO [org.junit.Test] zero00172
2016-08-04 20:04:28,353 INFO [org.junit.Test] zero00173
2016-08-04 20:04:28,353 INFO [org.junit.Test] zero00174
2016-08-04 20:04:28,353 INFO [org.junit.Test] zero00175
2016-08-04 20:04:28,353 INFO [org.junit.Test] zero00176
2016-08-04 20:04:28,353 INFO [org.junit.Test] zero00177
2016-08-04 20:04:28,353 INFO [org.junit.Test] zero00178
2016-08-04 20:04:28,353 INFO [org.junit.Test] zero00179
2016-08-04 20:04:28,353 INFO [org.junit.Test] zero00180
2016-08-04 20:04:28,353 INFO [org.junit.Test] zero00181
2016-08-04 20:04:28,353 INFO [org.junit.Test] zero00182
2016-08-04 20:04:28,353 INFO [org.junit.Test] zero00183
2016-08-04 20:04:28,353 INFO [org.junit.Test] zero00184
2016-08-04 20:04:28,353 INFO [org.junit.Test] zero00185
2016-08-04 20:04:28,353 INFO [org.junit.Test] zero00186
2016-08-04 20:04:28,353 INFO [org.junit.Test] zero00187
2016-08-04 20:04:28,353 INFO [org.junit.Test] zero00188
2016-08-04 20:04:28,353 INFO [org.junit.Test] zero00189
2016-08-04 20:04:28,353 INFO [org.junit.Test] zero00190
2016-08-04 20:04:28,353 INFO [org.junit.Test] zero00191
2016-08-04 20:04:28,353 INFO [org.junit.Test] zero00192
2016-08-04 20:04:28,353 INFO [org.junit.Test] zero00193
2016-08-04 20:04:28,353 INFO [org.junit.Test] zero00194
2016-08-04 20:04:28,353 INFO [org.junit.Test] zero00195
2016-08-04 20:04:28,353 INFO [org.junit.Test] zero00196
2016-08-04 20:04:28,353 INFO [org.junit.Test] zero00197
2016-08-04 20:04:28,353 INFO [org.junit.Test] zero00198
2016-08-04 20:04:28,353 INFO [org.junit.Test] zero00199
2016-08-04 20:04:28,353 INFO [org.junit.Test] zero00200
2016-08-04 20:04:28,353 INFO [org.junit.Test] zero00201
2016-08-04 20:04:28,353 INFO [org.junit.Test] zero00202
2016-08-04 20:04:28,353 INFO [org.junit.Test] zero00203
2016-08-04 20:04:28,353 INFO [org.junit.Test] zero00204
2016-08-04 20:04:28,353 INFO [org.junit.Test] zero00205
2016-08-04 20:04:28,353 INFO [org.junit.Test] zero00206
2016-08-04 20:04:28,353 INFO [org.junit.Test] zero00207
2016-08-04 20:04:28,353 INFO [org.junit.Test] zero00208
2016-08-04 20:04:28,353 INFO [org.junit.Test] zero00209
2016-08-04 20:04:28,353 INFO [org.junit.Test] zero00210
2016-08-04 20:04:28,353 INFO [org.junit.Test] zero00211
2016-08-04 20:04:28,353 INFO [org.junit.Test] zero00212
2016-08-04 20:04:28,353 INFO [org.junit.Test] zero00213
2016-08-04 20:04:28,353 INFO [org.junit.Test] zero00214
2016-08-04 20:04:28,353 INFO [org.junit.Test] zero00215
2016-08-04 20:04:28,353 INFO [org.junit.Test] zero00216
2016-08-04 20:04:28,353 INFO [org.junit.Test] zero00217
2016-08-04 20:04:28,353 INFO [org.junit.Test] zero00218
2016-08-04 20:04:28,353 INFO [org.junit.Test] zero00219
2016-08-04 20:04:28,353 INFO [org.junit.Test] zero00220
2016-08-04 20:04:28,353 INFO [org.junit.Test] zero00221
2016-08-04 20:04:28,353 INFO [org.junit.Test] zero00222
2016-08-04 20:04:28,353 INFO [org.junit.Test] zero00223
2016-08-04 20:04:28,353 INFO [org.junit.Test] zero00224
2016-08-04 20:04:28,353 INFO [org.junit.Test] zero00225
2016-08-04 20:04:28,353 INFO [org.junit.Test] zero00226
2016-08-04 20:04:28,353 INFO [org.junit.Test] zero00227
2016-08-04 20:04:28,353 INFO [org.junit.Test] zero00228
2016-08-04 20:04:28,353 INFO [org.junit.Test] zero00229
2016-08-04 20:04:28,353 INFO [org.junit.Test] zero00230
2016-08-04 20:04:28,353 INFO [org.junit.Test] zero00231
2016-08-04 20:04:28,353 INFO [org.junit.Test] zero00232
2016-08-04 20:04:28,353 INFO [org.junit.Test] zero00233
2016-08-04 20:04:28,353 INFO [org.junit.Test] zero00234
2016-08-04 20:04:28,353 INFO [org.junit.Test] zero00235
2016-08-04 20:04:28,353 INFO [org.junit.Test] zero00236
2016-08-04 20:04:28,353 INFO [org.junit.Test] zero00237
2016-08-04 20:04:28,353 INFO [org.junit.Test] zero00238
2016-08-04 20:04:28,353 INFO [org.junit.Test] zero00239
2016-08-04 20:04:28,353 INFO [org.junit.Test] zero00240
2016-08-04 20:04:28,353 INFO [org.junit.Test] zero00241
2016-08-04 20:04:28,353 INFO [org.junit.Test] zero00242
2016-08-04 20:04:28,353 INFO [org.junit.Test] zero00243
2016-08-04 20:04:28,353 INFO [org.junit.Test] zero00244
2016-08-04 20:04:28,353 INFO [org.junit.Test] zero00245
2016-08-04 20:04:28,353 INFO [org.junit.Test] zero00246
2016-08-04 20:04:28,353 INFO [org.junit.Test] zero00247
2016-08-04 20:04:28,353 INFO [org.junit.Test] zero00248
2016-08-04 20:04:28,353 INFO [org.junit.Test] zero00249
2016-08-04 20:04:28,353 INFO [org.junit.Test] zero00250
2016-08-04 20:04:28,353 INFO [org.junit.Test] zero00251
2016-08-04 20:04:28,353 INFO [org.junit.Test] zero00252
2016-08-04 20:04:28,353 INFO [org.junit.Test] zero00253
2016-08-04 20:04:28,353 INFO [org.junit.Test] zero00254
2016-08-04 20:04:28,353 INFO [org.junit.Test] zero00255
2016-08-04 20:04:28,353 INFO [org.junit.Test] zero00256
2016-08-04 20:04:28,353 INFO [org.junit.Test] zero00257
2016-08-04 20:04:28,353 INFO [org.junit.Test] zero00258
2016-08-04 20:04:28,353 INFO [org.junit.Test] zero00259
2016-08-04 20:04:28,353 INFO [org.junit.Test] zero00260
2016-08-04 20:04:28,353 INFO [org.junit.Test] zero00261
2016-08-04 20:04:28,353 INFO [org.junit.Test] zero00262
2016-08-04 20:04:28,353 INFO [org.junit.Test] zero00263
2016-08-04 20:04:28,353 INFO [org.junit.Test] zero00264
2016-08-04 20:04:28,353 INFO [org.junit.Test] zero00265
2016-08-04 20:04:28,353 INFO [org.junit.Test] zero00266
2016-08-04 20:04:28,353 INFO [org.junit.Test] zero00267
2016-08-04 20:04:28,353 INFO [org.junit.Test] zero00268
2016-08-04 20:04:28,353 INFO [org.junit.Test] zero00269
2016-08-04 20:04:28,353 INFO [org.junit.Test] zero00270
2016-08-04 20:04:28,353 INFO [org.junit.Test] zero00271
2016-08-04 20:04:28,353 INFO [org.junit.Test] zero00272
2016-08-04 20:04:28,353 INFO [org.junit.Test] zero00273
2016-08-04 20:04:28,353 INFO [org.junit.Test] zero00274
2016-08-04 20:04:28,353 INFO [org.junit.Test] zero00275
2016-08-04 20:04:28,353 INFO [org.junit.Test] zero00276
2016-08-04 20:04:28,353 INFO [org.junit.Test] zero00277
2016-08-04 20:04:28,353 INFO [org.junit.Test] zero00278
2016-08-04 20:04:28,353 INFO [org.junit.Test] zero00279
2016-08-04 20:04:28,353 INFO [org.junit.Test] zero00280
2016-08-04 20:04:28,353 INFO [org.junit.Test] zero00281
2016-08-04 20:04:28,353 INFO [org.junit.Test] zero00282
2016-08-04 20:04:28,353 INFO [org.junit.Test] zero00283
2016-08-04 20:04:28,353 INFO [org.junit.Test] zero00284
2016-08-04 20:04:28,353 INFO [org.junit.Test] zero00285
2016-08-04 20:04:28,353 INFO [org.junit.Test] zero00286
2016-08-04 20:04:28,353 INFO [org.junit.Test] zero00287
2016-08-04 20:04:28,353 INFO [org.junit.Test] zero00288
2016-08-04 20:04:28,353 INFO [org.junit.Test] zero00289
2016-08-04 20:04:28,353 INFO [org.junit.Test] zero00290
2016-08-04 20:04:28,353 INFO [org.junit.Test] zero00291
2016-08-04 20:04:28,353 INFO [org.junit.Test] zero00292
2016-08-04 20:04:28,353 INFO [org.junit.Test] zero00293
2016-08-04 20:04:28,353 INFO [org.junit.Test] zero00294
2016-08-04 20:04:28,353 INFO [org.junit.Test] zero00295
2016-08-04 20:04:28,353 INFO [org.junit.Test] zero00296
2016-08-04 20:04:28,353 INFO [org.junit.Test] zero00297
2016-08-04 20:04:28,353 INFO [org.junit.Test] zero00298
2016-08-04 20:04:28,353 INFO [org.junit.Test] zero00299
2016-08-04 20:04:28,353 INFO [org.junit.Test] zero00300
2016-08-04 20:04:28,353 INFO [org.junit.Test] zero00301
2016-08-04 20:04:28,353 INFO [org.junit.Test] zero00302
2016-08-04 20:04:28,353 INFO [org.junit.Test] zero00303
2016-08-04 20:04:28,353 INFO [org.junit.Test] zero00304
2016-08-04 20:04:28,353 INFO [org.junit.Test] zero00305
2016-08-04 20:04:28,353 INFO [org.junit.Test] zero00306
2016-08-04 20:04:28,353 INFO [org.junit.Test] zero00307
2016-08-04 20:04:28,353 INFO [org.junit.Test] zero00308
2016-08-04 20:04:28,353 INFO [org.junit.Test] zero00309
2016-08-04 20:04:28,353 INFO [org.junit.Test] zero00310
2016-08-04 20:04:28,353 INFO [org.junit.Test] zero00311
2016-08-04 20:04:28,353 INFO [org.junit.Test] zero00312
2016-08-04 20:04:28,353 INFO [org.junit.Test] zero00313
2016-08-04 20:04:28,353 INFO [org.junit.Test] zero00314
2016-08-04 20:04:28,353 INFO [org.junit.Test] zero00315
2016-08-04 20:04:28,353 INFO [org.junit.Test] zero00316
2016-08-04 20:04:28,353 INFO [org.junit.Test] zero00317
2016-08-04 20:04:28,353 INFO [org.junit.Test] zero00318
2016-08-04 20:04:28,353 INFO [org.junit.Test] zero00319
2016-08-04 20:04:28,353 INFO [org.junit.Test] zero00320
2016-08-04 20:04:28,353 INFO [org.junit.Test] zero00321
2016-08-04 20:04:28,353 INFO [org.junit.Test] zero00322
2016-08-04 20:04:28,353 INFO [org.junit.Test] zero00323
2016-08-04 20:04:28,353 INFO [org.junit.Test] zero00324
2016-08-04 20:04:28,353 INFO [org.junit.Test] zero00325
2016-08-04 20:04:28,353 INFO [org.junit.Test] zero00326
2016-08-04 20:04:28,353 INFO [org.junit.Test] zero00327
2016-08-04 20:04:28,353 INFO [org.junit.Test] zero00328
2016-08-04 20:04:28,353 INFO [org.junit.Test] zero00329
2016-08-04 20:04:28,353 INFO [org.junit.Test] zero00330
2016-08-04 20:04:28,353 INFO [org.junit.Test] zero00331
2016-08-04 20:04:28,353 INFO [org.junit.Test] zero00332
2016-08-04 20:04:28,353 INFO [org.junit.Test] zero00333
2016-08-04 20:04:28,353 INFO [org.junit.Test] zero00334
2016-08-04 20:04:28,353 INFO [org.junit.Test] zero00335
2016-08-04 20:04:28,353 INFO [org.junit.Test] zero00336
2016-08-04 20:04:28,353 INFO [org.junit.Test] zero00337
2016-08-04 20:04:28,353 INFO [org.junit.Test] zero00338
2016-08-04 20:04:28,353 INFO [org.junit.Test] zero00339
2016-08-04 20:04:28,353 INFO [org.junit.Test] zero00340
2016-08-04 20:04:28,353 INFO [org.junit.Test] zero00341
2016-08-04 20:04:28,353 INFO [org.junit.Test] zero00342
2016-08-04 20:04:28,353 INFO [org.junit.Test] zero00343
2016-08-04 20:04:28,353 INFO [org.junit.Test] zero00344
2016-08-04 20:04:28,353 INFO [org.junit.Test] zero00345
2016-08-04 20:04:28,353 INFO [org.junit.Test] zero00346
2016-08-04 20:04:28,353 INFO [org.junit.Test] zero00347
2016-08-04 20:04:28,353 INFO [org.junit.Test] zero00348
2016-08-04 20:04:28,353 INFO [org.junit.Test] zero00349
2016-08-04 20:04:28,353 INFO [org.junit.Test] zero00350
2016-08-04 20:04:28,353 INFO [org.junit.Test] zero00351
2016-08-04 20:04:28,353 INFO [org.junit.Test] zero00352
2016-08-04 20:04:28,353 INFO [org.junit.Test] zero00353
2016-08-04 20:04:28,353 INFO [org.junit.Test] zero00354
2016-08-04 20:04:28,353 INFO [org.junit.Test] zero00355
2016-08-04 20:04:28,353 INFO [org.junit.Test] zero00356
2016-08-04 20:04:28,353 INFO [org.junit.Test] zero00357
2016-08-04 20:04:28,353 INFO [org.junit.Test] zero00358
2016-08-04 20:04:28,353 INFO [org.junit.Test] zero00359
2016-08-04 20:04:28,353 INFO [org.junit.Test] zero00360
2016-08-04 20:04:28,353 INFO [org.junit.Test] zero00361
2016-08-04 20:04:28,353 INFO [org.junit.Test] zero00362
2016-08-04 20:04:28,353 INFO [org.junit.Test] zero00363
2016-08-04 20:04:28,353 INFO [org.junit.Test] zero00364
2016-08-04 20:04:28,353 INFO [org.junit.Test] zero00365
2016-08-04 20:04:28,353 INFO [org.junit.Test] zero00366
2016-08-04 20:04:28,353 INFO [org.junit.Test] zero00367
2016-08-04 20:04:28,353 INFO [org.junit.Test] zero00368
2016-08-04 20:04:28,353 INFO [org.junit.Test] zero00369
2016-08-04 20:04:28,353 INFO [org.junit.Test] zero00370
2016-08-04 20:04:28,353 INFO [org.junit.Test] zero00371
2016-08-04 20:04:28,353 INFO [org.junit.Test] zero00372
2016-08-04 20:04:28,353 INFO [org.junit.Test] zero00373
2016-08-04 20:04:28,353 INFO [org.junit.Test] zero00374
2016-08-04 20:04:28,353 INFO [org.junit.Test] zero00375
2016-08-04 20:04:28,353 INFO [org.junit.Test] zero00376
2016-08-04 20:04:28,353 INFO [org.junit.Test] zero00377
2016-08-04 20:04:28,353 INFO [org.junit.Test] zero00378
2016-08-04 20:04:28,353 INFO [org.junit.Test] zero00379
2016-08-04 20:04:28,353 INFO [org.junit.Test] zero00380
2016-08-04 20:04:28,353 INFO [org.junit.Test] zero00381
2016-08-04 20:04:28,353 INFO [org.junit.Test] zero00382
2016-08-04 20:04:28,353 INFO [org.junit.Test] zero00383
2016-08-04 20:04:28,353 INFO [org.junit.Test] zero00384
2016-08-04 20:04:28,353 INFO [org.junit.Test] zero00385
2016-08-04 20:04:28,353 INFO [org.junit.Test] zero00386
2016-08-04 20:04:28,353 INFO [org.junit.Test] zero00387
2016-08-04 20:04:28,353 INFO [org.junit.Test] zero00388
2016-08-04 20:04:28,353 INFO [org.junit.Test] zero00389
2016-08-04 20:04:28,353 INFO [org.junit.Test] zero00390
2016-08-04 20:04:28,353 INFO [org.junit.Test] zero00391
2016-08-04 20:04:28,353 INFO [org.junit.Test] zero00392
2016-08-04 20:04:28,353 INFO [org.junit.Test] zero00393
2016-08-04 20:04:28,353 INFO [org.junit.Test] zero00394
2016-08-04 20:04:28,353 INFO [org.junit.Test] zero00395
2016-08-04 20:04:28,353 INFO [org.junit.Test] zero00396
2016-08-04 20:04:28,353 INFO [org.junit.Test] zero00397
2016-08-04 20:04:28,353 INFO [org.junit.Test] zero00398
2016-08-04 20:04:28,353 INFO [org.junit.Test] zero00399
2016-08-04 20:04:28,353 INFO [org.junit.Test] zero00400
2016-08-04 20:04:28,353 INFO [org.junit.Test] zero00401
2016-08-04 20:04:28,353 INFO [org.junit.Test] zero00402
2016-08-04 20:04:28,353 INFO [org.junit.Test] zero00403
2016-08-04 20:04:28,353 INFO [org.junit.Test] zero00404
2016-08-04 20:04:28,353 INFO [org.junit.Test] zero00405
2016-08-04 20:04:28,353 INFO [org.junit.Test] zero00406
2016-08-04 20:04:28,353 INFO [org.junit.Test] zero00407
2016-08-04 20:04:28,353 INFO [org.junit.Test] zero00408
2016-08-04 20:04:28,353 INFO [org.junit.Test] zero00409
2016-08-04 20:04:28,353 INFO [org.junit.Test] zero00410
2016-08-04 20:04:28,353 INFO [org.junit.Test] zero00411
2016-08-04 20:04:28,353 INFO [org.junit.Test] zero00412
2016-08-04 20:04:28,353 INFO [org.junit.Test] zero00413
2016-08-04 20:04:28,353 INFO [org.junit.Test] zero00414
2016-08-04 20:04:28,353 INFO [org.junit.Test] zero00415
2016-08-04 20:04:28,353 INFO [org.junit.Test] zero00416
2016-08-04 20:04:28,353 INFO [org.junit.Test] zero00417
2016-08-04 20:04:28,353 INFO [org.junit.Test] zero00418
2016-08-04 20:04:28,353 INFO [org.junit.Test] zero00419
2016-08-04 20:04:28,353 INFO [org.junit.Test] zero00420
2016-08-04 20:04:28,353 INFO [org.junit.Test] zero00421
2016-08-04 20:04:28,353 INFO [org.junit.Test] zero00422
2016-08-04 20:04:28,353 INFO [org.junit.Test] zero00423
2016-08-04 20:04:28,353 INFO [org.junit.Test] zero00424
2016-08-04 20:04:28,353 INFO [org.junit.Test] zero00425
2016-08-04 20:04:28,353 INFO [org.junit.Test] zero00426
2016-08-04 20:04:28,353 INFO [org.junit.Test] zero00427
2016-08-04 20:04:28,353 INFO [org.junit.Test] zero00428
2016-08-04 20:04:28,353 INFO [org.junit.Test] zero00429
2016-08-04 20:04:28,353 INFO [org.junit.Test] zero00430
2016-08-04 20:04:28,353 INFO [org.junit.Test] zero00431
2016-08-04 20:04:28,353 INFO [org.junit.Test] zero00432
2016-08-04 20:04:28,353 INFO [org.junit.Test] zero00433
2016-08-04 20:04:28,353 INFO [org.junit.Test] zero00434
2016-08-04 20:04:28,353 INFO [org.junit.Test] zero00435
2016-08-04 20:04:28,353 INFO [org.junit.Test] zero00436
2016-08-04 20:04:28,353 INFO [org.junit.Test] zero00437
2016-08-04 20:04:28,353 INFO [org.junit.Test] zero00438
2016-08-04 20:04:28,353 INFO [org.junit.Test] zero00439
2016-08-04 20:04:28,353 INFO [org.junit.Test] zero00440
2016-08-04 20:04:28,353 INFO [org.junit.Test] zero00441
2016-08-04 20:04:28,353 INFO [org.junit.Test] zero00442
2016-08-04 20:04:28,353 INFO [org.junit.Test] zero00443
2016-08-04 20:04:28,353 INFO [org.junit.Test] zero00444
2016-08-04 20:04:28,353 INFO [org.junit.Test] zero00445
2016-08-04 20:04:28,353 INFO [org.junit.Test] zero00446
2016-08-04 20:04:28,353 INFO [org.junit.Test] zero00447
2016-08-04 20:04:28,353 INFO [org.junit.Test] zero00448
2016-08-04 20:04:28,353 INFO [org.junit.Test] zero00449
2016-08-04 20:04:28,353 INFO [org.junit.Test] zero00450
2016-08-04 20:04:28,353 INFO [org.junit.Test] zero00451
2016-08-04 20:04:28,353 INFO [org.junit.Test] zero00452
2016-08-04 20:04:28,353 INFO [org.junit.Test] zero00453
2016-08-04 20:04:28,353 INFO [org.junit.Test] zero00454
2016-08-04 20:04:28,353 INFO [org.junit.Test] zero00455
2016-08-04 20:04:28,353 INFO [org.junit.Test] zero00456
2016-08-04 20:04:28,353 INFO [org.junit.Test] zero00457
2016-08-04 20:04:28,353 INFO [org.junit.Test] zero00458
2016-08-04 20:04:28,353 INFO [org.junit.Test] zero00459
2016-08-04 20:04:28,354 INFO [org.junit.Test] zero00460
2016-08-04 20:04:28,354 INFO [org.junit.Test] zero00461
2016-08-04 20:04:28,354 INFO [org.junit.Test] zero00462
2016-08-04 20:04:28,354 INFO [org.junit.Test] zero00463
2016-08-04 20:04:28,354 INFO [org.junit.Test] zero00464
2016-08-04 20:04:28,354 INFO [org.junit.Test] zero00465
2016-08-04 20:04:28,354 INFO [org.junit.Test] zero00466
2016-08-04 20:04:28,354 INFO [org.junit.Test] zero00467
2016-08-04 20:04:28,354 INFO [org.junit.Test] zero00468
2016-08-04 20:04:28,354 INFO [org.junit.Test] zero00469
2016-08-04 20:04:28,354 INFO [org.junit.Test] zero00470
2016-08-04 20:04:28,354 INFO [org.junit.Test] zero00471
2016-08-04 20:04:28,354 INFO [org.junit.Test] zero00472
2016-08-04 20:04:28,354 INFO [org.junit.Test] zero00473
2016-08-04 20:04:28,354 INFO [org.junit.Test] zero00474
2016-08-04 20:04:28,354 INFO [org.junit.Test] zero00475
2016-08-04 20:04:28,354 INFO [org.junit.Test] zero00476
2016-08-04 20:04:28,354 INFO [org.junit.Test] zero00477
2016-08-04 20:04:28,354 INFO [org.junit.Test] zero00478
2016-08-04 20:04:28,354 INFO [org.junit.Test] zero00479
2016-08-04 20:04:28,354 INFO [org.junit.Test] zero00480
2016-08-04 20:04:28,354 INFO [org.junit.Test] zero00481
2016-08-04 20:04:28,354 INFO [org.junit.Test] zero00482
2016-08-04 20:04:28,354 INFO [org.junit.Test] zero00483
2016-08-04 20:04:28,354 INFO [org.junit.Test] zero00484
2016-08-04 20:04:28,354 INFO [org.junit.Test] zero00485
2016-08-04 20:04:28,354 INFO [org.junit.Test] zero00486
2016-08-04 20:04:28,354 INFO [org.junit.Test] zero00487
2016-08-04 20:04:28,354 INFO [org.junit.Test] zero00488
2016-08-04 20:04:28,354 INFO [org.junit.Test] zero00489
2016-08-04 20:04:28,354 INFO [org.junit.Test] zero00490
2016-08-04 20:04:28,354 INFO [org.junit.Test] zero00491
2016-08-04 20:04:28,354 INFO [org.junit.Test] zero00492
2016-08-04 20:04:28,354 INFO [org.junit.Test] zero00493
2016-08-04 20:04:28,354 INFO [org.junit.Test] zero00494
2016-08-04 20:04:28,354 INFO [org.junit.Test] zero00495
2016-08-04 20:04:28,354 INFO [org.junit.Test] zero00496
2016-08-04 20:04:28,354 INFO [org.junit.Test] zero00497
2016-08-04 20:04:28,354 INFO [org.junit.Test] zero00498
2016-08-04 20:04:28,354 INFO [org.junit.Test] zero00499
2016-08-04 20:04:28,354 INFO [org.junit.Test] zero00500
2016-08-04 20:04:28,354 INFO [org.junit.Test] zero00501
2016-08-04 20:04:28,354 INFO [org.junit.Test] zero00502
2016-08-04 20:04:28,354 INFO [org.junit.Test] zero00503
2016-08-04 20:04:28,354 INFO [org.junit.Test] zero00504
2016-08-04 20:04:28,354 INFO [org.junit.Test] zero00505
2016-08-04 20:04:28,354 INFO [org.junit.Test] zero00506
2016-08-04 20:04:28,354 INFO [org.junit.Test] zero00507
2016-08-04 20:04:28,354 INFO [org.junit.Test] zero00508
2016-08-04 20:04:28,354 INFO [org.junit.Test] zero00509
2016-08-04 20:04:28,354 INFO [org.junit.Test] zero00510
2016-08-04 20:04:28,354 INFO [org.junit.Test] zero00511
2016-08-04 20:04:28,354 INFO [org.junit.Test] zero00512
2016-08-04 20:04:28,354 INFO [org.junit.Test] zero00513
2016-08-04 20:04:28,354 INFO [org.junit.Test] zero00514
2016-08-04 20:04:28,354 INFO [org.junit.Test] zero00515
2016-08-04 20:04:28,354 INFO [org.junit.Test] zero00516
2016-08-04 20:04:28,354 INFO [org.junit.Test] zero00517
2016-08-04 20:04:28,354 INFO [org.junit.Test] zero00518
2016-08-04 20:04:28,354 INFO [org.junit.Test] zero00519
2016-08-04 20:04:28,354 INFO [org.junit.Test] zero00520
2016-08-04 20:04:28,354 INFO [org.junit.Test] zero00521
2016-08-04 20:04:28,354 INFO [org.junit.Test] zero00522
2016-08-04 20:04:28,354 INFO [org.junit.Test] zero00523
2016-08-04 20:04:28,354 INFO [org.junit.Test] zero00524
2016-08-04 20:04:28,354 INFO [org.junit.Test] zero00525
2016-08-04 20:04:28,354 INFO [org.junit.Test] zero00526
2016-08-04 20:04:28,354 INFO [org.junit.Test] zero00527
2016-08-04 20:04:28,354 INFO [org.junit.Test] zero00528
2016-08-04 20:04:28,354 INFO [org.junit.Test] zero00529
2016-08-04 20:04:28,354 INFO [org.junit.Test] zero00530
2016-08-04 20:04:28,354 INFO [org.junit.Test] zero00531
2016-08-04 20:04:28,354 INFO [org.junit.Test] zero00532
2016-08-04 20:04:28,354 INFO [org.junit.Test] zero00533
2016-08-04 20:04:28,354 INFO [org.junit.Test] zero00534
2016-08-04 20:04:28,354 INFO [org.junit.Test] zero00535
2016-08-04 20:04:28,354 INFO [org.junit.Test] zero00536
2016-08-04 20:04:28,354 INFO [org.junit.Test] zero00537
2016-08-04 20:04:28,354 INFO [org.junit.Test] zero00538
2016-08-04 20:04:28,354 INFO [org.junit.Test] zero00539
2016-08-04 20:04:28,354 INFO [org.junit.Test] zero00540
2016-08-04 20:04:28,354 INFO [org.junit.Test] zero00541
2016-08-04 20:04:28,354 INFO [org.junit.Test] zero00542
2016-08-04 20:04:28,354 INFO [org.junit.Test] zero00543
2016-08-04 20:04:28,354 INFO [org.junit.Test] zero00544
2016-08-04 20:04:28,354 INFO [org.junit.Test] zero00545
2016-08-04 20:04:28,354 INFO [org.junit.Test] zero00546
2016-08-04 20:04:28,354 INFO [org.junit.Test] zero00547
2016-08-04 20:04:28,354 INFO [org.junit.Test] zero00548
2016-08-04 20:04:28,354 INFO [org.junit.Test] zero00549
2016-08-04 20:04:28,354 INFO [org.junit.Test] zero00550
2016-08-04 20:04:28,354 INFO [org.junit.Test] zero00551
2016-08-04 20:04:28,354 INFO [org.junit.Test] zero00552
2016-08-04 20:04:28,354 INFO [org.junit.Test] zero00553
2016-08-04 20:04:28,354 INFO [org.junit.Test] zero00554
2016-08-04 20:04:28,354 INFO [org.junit.Test] zero00555
2016-08-04 20:04:28,354 INFO [org.junit.Test] zero00556
2016-08-04 20:04:28,354 INFO [org.junit.Test] zero00557
2016-08-04 20:04:28,354 INFO [org.junit.Test] zero00558
2016-08-04 20:04:28,354 INFO [org.junit.Test] zero00559
2016-08-04 20:04:28,354 INFO [org.junit.Test] zero00560
2016-08-04 20:04:28,354 INFO [org.junit.Test] zero00561
2016-08-04 20:04:28,354 INFO [org.junit.Test] zero00562
2016-08-04 20:04:28,354 INFO [org.junit.Test] zero00563
2016-08-04 20:04:28,354 INFO [org.junit.Test] zero00564
2016-08-04 20:04:28,354 INFO [org.junit.Test] zero00565
2016-08-04 20:04:28,354 INFO [org.junit.Test] zero00566
2016-08-04 20:04:28,354 INFO [org.junit.Test] zero00567
2016-08-04 20:04:28,354 INFO [org.junit.Test] zero00568
2016-08-04 20:04:28,354 INFO [org.junit.Test] zero00569
2016-08-04 20:04:28,354 INFO [org.junit.Test] zero00570
2016-08-04 20:04:28,354 INFO [org.junit.Test] zero00571
2016-08-04 20:04:28,354 INFO [org.junit.Test] zero00572
2016-08-04 20:04:28,354 INFO [org.junit.Test] zero00573
2016-08-04 20:04:28,354 INFO [org.junit.Test] zero00574
2016-08-04 20:04:28,354 INFO [org.junit.Test] zero00575
2016-08-04 20:04:28,354 INFO [org.junit.Test] zero00576
2016-08-04 20:04:28,354 INFO [org.junit.Test] zero00577
2016-08-04 20:04:28,354 INFO [org.junit.Test] zero00578
2016-08-04 20:04:28,354 INFO [org.junit.Test] zero00579
2016-08-04 20:04:28,354 INFO [org.junit.Test] zero00580
2016-08-04 20:04:28,354 INFO [org.junit.Test] zero00581
2016-08-04 20:04:28,354 INFO [org.junit.Test] zero00582
2016-08-04 20:04:28,354 INFO [org.junit.Test] zero00583
2016-08-04 20:04:28,354 INFO [org.junit.Test] zero00584
2016-08-04 20:04:28,354 INFO [org.junit.Test] zero00585
2016-08-04 20:04:28,354 INFO [org.junit.Test] zero00586
2016-08-04 20:04:28,354 INFO [org.junit.Test] zero00587
2016-08-04 20:04:28,354 INFO [org.junit.Test] zero00588
2016-08-04 20:04:28,354 INFO [org.junit.Test] zero00589
2016-08-04 20:04:28,354 INFO [org.junit.Test] zero00590
2016-08-04 20:04:28,354 INFO [org.junit.Test] zero00591
2016-08-04 20:04:28,354 INFO [org.junit.Test] zero00592
2016-08-04 20:04:28,354 INFO [org.junit.Test] zero00593
2016-08-04 20:04:28,354 INFO [org.junit.Test] zero00594
2016-08-04 20:04:28,354 INFO [org.junit.Test] zero00595
2016-08-04 20:04:28,354 INFO [org.junit.Test] zero00596
2016-08-04 20:04:28,354 INFO [org.junit.Test] zero00597
2016-08-04 20:04:28,354 INFO [org.junit.Test] zero00598
2016-08-04 20:04:28,354 INFO [org.junit.Test] zero00599
2016-08-04 20:04:28,354 INFO [org.junit.Test] zero00600
2016-08-04 20:04:28,354 INFO [org.junit.Test] zero00601
2016-08-04 20:04:28,354 INFO [org.junit.Test] zero00602
2016-08-04 20:04:28,354 INFO [org.junit.Test] zero00603
2016-08-04 20:04:28,354 INFO [org.junit.Test] zero00604
2016-08-04 20:04:28,354 INFO [org.junit.Test] zero00605
2016-08-04 20:04:28,354 INFO [org.junit.Test] zero00606
2016-08-04 20:04:28,354 INFO [org.junit.Test] zero00607
2016-08-04 20:04:28,354 INFO [org.junit.Test] zero00608
2016-08-04 20:04:28,354 INFO [org.junit.Test] zero00609
2016-08-04 20:04:28,354 INFO [org.junit.Test] zero00610
2016-08-04 20:04:28,354 INFO [org.junit.Test] zero00611
2016-08-04 20:04:28,354 INFO [org.junit.Test] zero00612
2016-08-04 20:04:28,354 INFO [org.junit.Test] zero00613
2016-08-04 20:04:28,354 INFO [org.junit.Test] zero00614
2016-08-04 20:04:28,354 INFO [org.junit.Test] zero00615
2016-08-04 20:04:28,354 INFO [org.junit.Test] zero00616
2016-08-04 20:04:28,354 INFO [org.junit.Test] zero00617
2016-08-04 20:04:28,354 INFO [org.junit.Test] zero00618
2016-08-04 20:04:28,354 INFO [org.junit.Test] zero00619
2016-08-04 20:04:28,354 INFO [org.junit.Test] zero00620
2016-08-04 20:04:28,354 INFO [org.junit.Test] zero00621
2016-08-04 20:04:28,354 INFO [org.junit.Test] zero00622
2016-08-04 20:04:28,354 INFO [org.junit.Test] zero00623
2016-08-04 20:04:28,354 INFO [org.junit.Test] zero00624
2016-08-04 20:04:28,354 INFO [org.junit.Test] zero00625
2016-08-04 20:04:28,354 INFO [org.junit.Test] zero00626
2016-08-04 20:04:28,354 INFO [org.junit.Test] zero00627
2016-08-04 20:04:28,354 INFO [org.junit.Test] zero00628
2016-08-04 20:04:28,354 INFO [org.junit.Test] zero00629
2016-08-04 20:04:28,354 INFO [org.junit.Test] zero00630
2016-08-04 20:04:28,354 INFO [org.junit.Test] zero00631
2016-08-04 20:04:28,354 INFO [org.junit.Test] zero00632
2016-08-04 20:04:28,354 INFO [org.junit.Test] zero00633
2016-08-04 20:04:28,354 INFO [org.junit.Test] zero00634
2016-08-04 20:04:28,354 INFO [org.junit.Test] zero00635
2016-08-04 20:04:28,354 INFO [org.junit.Test] zero00636
2016-08-04 20:04:28,354 INFO [org.junit.Test] zero00637
2016-08-04 20:04:28,354 INFO [org.junit.Test] zero00638
2016-08-04 20:04:28,354 INFO [org.junit.Test] zero00639
2016-08-04 20:04:28,354 INFO [org.junit.Test] zero00640
2016-08-04 20:04:28,354 INFO [org.junit.Test] zero00641
2016-08-04 20:04:28,354 INFO [org.junit.Test] zero00642
2016-08-04 20:04:28,354 INFO [org.junit.Test] zero00643
2016-08-04 20:04:28,354 INFO [org.junit.Test] zero00644
2016-08-04 20:04:28,354 INFO [org.junit.Test] zero00645
2016-08-04 20:04:28,354 INFO [org.junit.Test] zero00646
2016-08-04 20:04:28,354 INFO [org.junit.Test] zero00647
2016-08-04 20:04:28,354 INFO [org.junit.Test] zero00648
2016-08-04 20:04:28,354 INFO [org.junit.Test] zero00649
2016-08-04 20:04:28,354 INFO [org.junit.Test] zero00650
2016-08-04 20:04:28,354 INFO [org.junit.Test] zero00651
2016-08-04 20:04:28,354 INFO [org.junit.Test] zero00652
2016-08-04 20:04:28,354 INFO [org.junit.Test] zero00653
2016-08-04 20:04:28,354 INFO [org.junit.Test] zero00654
2016-08-04 20:04:28,354 INFO [org.junit.Test] zero00655
2016-08-04 20:04:28,354 INFO [org.junit.Test] zero00656
2016-08-04 20:04:28,354 INFO [org.junit.Test] zero00657
2016-08-04 20:04:28,354 INFO [org.junit.Test] zero00658
2016-08-04 20:04:28,354 INFO [org.junit.Test] zero00659
2016-08-04 20:04:28,354 INFO [org.junit.Test] zero00660
2016-08-04 20:04:28,354 INFO [org.junit.Test] zero00661
2016-08-04 20:04:28,354 INFO [org.junit.Test] zero00662
2016-08-04 20:04:28,354 INFO [org.junit.Test] zero00663
2016-08-04 20:04:28,354 INFO [org.junit.Test] zero00664
2016-08-04 20:04:28,354 INFO [org.junit.Test] zero00665
2016-08-04 20:04:28,354 INFO [org.junit.Test] zero00666
2016-08-04 20:04:28,354 INFO [org.junit.Test] zero00667
2016-08-04 20:04:28,354 INFO [org.junit.Test] zero00668
2016-08-04 20:04:28,354 INFO [org.junit.Test] zero00669
2016-08-04 20:04:28,354 INFO [org.junit.Test] zero00670
2016-08-04 20:04:28,354 INFO [org.junit.Test] zero00671
2016-08-04 20:04:28,354 INFO [org.junit.Test] zero00672
2016-08-04 20:04:28,354 INFO [org.junit.Test] zero00673
2016-08-04 20:04:28,354 INFO [org.junit.Test] zero00674
2016-08-04 20:04:28,354 INFO [org.junit.Test] zero00675
2016-08-04 20:04:28,354 INFO [org.junit.Test] zero00676
2016-08-04 20:04:28,354 INFO [org.junit.Test] zero00677
2016-08-04 20:04:28,354 INFO [org.junit.Test] zero00678
2016-08-04 20:04:28,354 INFO [org.junit.Test] zero00679
2016-08-04 20:04:28,354 INFO [org.junit.Test] zero00680
2016-08-04 20:04:28,354 INFO [org.junit.Test] zero00681
2016-08-04 20:04:28,354 INFO [org.junit.Test] zero00682
2016-08-04 20:04:28,354 INFO [org.junit.Test] zero00683
2016-08-04 20:04:28,354 INFO [org.junit.Test] zero00684
2016-08-04 20:04:28,354 INFO [org.junit.Test] zero00685
2016-08-04 20:04:28,354 INFO [org.junit.Test] zero00686
2016-08-04 20:04:28,354 INFO [org.junit.Test] zero00687
2016-08-04 20:04:28,354 INFO [org.junit.Test] zero00688
2016-08-04 20:04:28,354 INFO [org.junit.Test] zero00689
2016-08-04 20:04:28,354 INFO [org.junit.Test] zero00690
2016-08-04 20:04:28,354 INFO [org.junit.Test] zero00691
2016-08-04 20:04:28,354 INFO [org.junit.Test] zero00692
2016-08-04 20:04:28,354 INFO [org.junit.Test] zero00693
2016-08-04 20:04:28,354 INFO [org.junit.Test] zero00694
2016-08-04 20:04:28,354 INFO [org.junit.Test] zero00695
2016-08-04 20:04:28,354 INFO [org.junit.Test] zero00696
2016-08-04 20:04:28,354 INFO [org.junit.Test] zero00697
2016-08-04 20:04:28,354 INFO [org.junit.Test] zero00698
2016-08-04 20:04:28,354 INFO [org.junit.Test] zero00699
2016-08-04 20:04:28,354 INFO [org.junit.Test] zero00700
2016-08-04 20:04:28,354 INFO [org.junit.Test] zero00701
2016-08-04 20:04:28,354 INFO [org.junit.Test] zero00702
2016-08-04 20:04:28,354 INFO [org.junit.Test] zero00703
2016-08-04 20:04:28,354 INFO [org.junit.Test] zero00704
2016-08-04 20:04:28,354 INFO [org.junit.Test] zero00705
2016-08-04 20:04:28,354 INFO [org.junit.Test] zero00706
2016-08-04 20:04:28,354 INFO [org.junit.Test] zero00707
2016-08-04 20:04:28,354 INFO [org.junit.Test] zero00708
2016-08-04 20:04:28,354 INFO [org.junit.Test] zero00709
2016-08-04 20:04:28,354 INFO [org.junit.Test] zero00710
2016-08-04 20:04:28,354 INFO [org.junit.Test] zero00711
2016-08-04 20:04:28,354 INFO [org.junit.Test] zero00712
2016-08-04 20:04:28,354 INFO [org.junit.Test] zero00713
2016-08-04 20:04:28,354 INFO [org.junit.Test] zero00714
2016-08-04 20:04:28,354 INFO [org.junit.Test] zero00715
2016-08-04 20:04:28,354 INFO [org.junit.Test] zero00716
2016-08-04 20:04:28,354 INFO [org.junit.Test] zero00717
2016-08-04 20:04:28,354 INFO [org.junit.Test] zero00718
2016-08-04 20:04:28,354 INFO [org.junit.Test] zero00719
2016-08-04 20:04:28,354 INFO [org.junit.Test] zero00720
2016-08-04 20:04:28,354 INFO [org.junit.Test] zero00721
2016-08-04 20:04:28,354 INFO [org.junit.Test] zero00722
2016-08-04 20:04:28,354 INFO [org.junit.Test] zero00723
2016-08-04 20:04:28,354 INFO [org.junit.Test] zero00724
2016-08-04 20:04:28,354 INFO [org.junit.Test] zero00725
2016-08-04 20:04:28,354 INFO [org.junit.Test] zero00726
2016-08-04 20:04:28,354 INFO [org.junit.Test] zero00727
2016-08-04 20:04:28,354 INFO [org.junit.Test] zero00728
2016-08-04 20:04:28,354 INFO [org.junit.Test] zero00729
2016-08-04 20:04:28,354 INFO [org.junit.Test] zero00730
2016-08-04 20:04:28,354 INFO [org.junit.Test] zero00731
2016-08-04 20:04:28,354 INFO [org.junit.Test] zero00732
2016-08-04 20:04:28,354 INFO [org.junit.Test] zero00733
2016-08-04 20:04:28,354 INFO [org.junit.Test] zero00734
2016-08-04 20:04:28,354 INFO [org.junit.Test] zero00735
2016-08-04 20:04:28,354 INFO [org.junit.Test] zero00736
2016-08-04 20:04:28,354 INFO [org.junit.Test] zero00737
2016-08-04 20:04:28,354 INFO [org.junit.Test] zero00738
2016-08-04 20:04:28,354 INFO [org.junit.Test] zero00739
2016-08-04 20:04:28,354 INFO [org.junit.Test] zero00740
2016-08-04 20:04:28,354 INFO [org.junit.Test] zero00741
2016-08-04 20:04:28,354 INFO [org.junit.Test] zero00742
2016-08-04 20:04:28,354 INFO [org.junit.Test] zero00743
2016-08-04 20:04:28,354 INFO [org.junit.Test] zero00744
2016-08-04 20:04:28,354 INFO [org.junit.Test] zero00745
2016-08-04 20:04:28,354 INFO [org.junit.Test] zero00746
2016-08-04 20:04:28,354 INFO [org.junit.Test] zero00747
2016-08-04 20:04:28,354 INFO [org.junit.Test] zero00748
2016-08-04 20:04:28,354 INFO [org.junit.Test] zero00749
2016-08-04 20:04:28,354 INFO [org.junit.Test] zero00750
2016-08-04 20:04:28,354 INFO [org.junit.Test] zero00751
2016-08-04 20:04:28,354 INFO [org.junit.Test] zero00752
2016-08-04 20:04:28,354 INFO [org.junit.Test] zero00753
2016-08-04 20:04:28,354 INFO [org.junit.Test] zero00754
2016-08-04 20:04:28,354 INFO [org.junit.Test] zero00755
2016-08-04 20:04:28,354 INFO [org.junit.Test] zero00756
2016-08-04 20:04:28,354 INFO [org.junit.Test] zero00757
2016-08-04 20:04:28,354 INFO [org.junit.Test] zero00758
2016-08-04 20:04:28,354 INFO [org.junit.Test] zero00759
2016-08-04 20:04:28,354 INFO [org.junit.Test] zero00760
2016-08-04 20:04:28,354 INFO [org.junit.Test] zero00761
2016-08-04 20:04:28,354 INFO [org.junit.Test] zero00762
2016-08-04 20:04:28,354 INFO [org.junit.Test] zero00763
2016-08-04 20:04:28,354 INFO [org.junit.Test] zero00764
2016-08-04 20:04:28,354 INFO [org.junit.Test] zero00765
2016-08-04 20:04:28,354 INFO [org.junit.Test] zero00766
2016-08-04 20:04:28,354 INFO [org.junit.Test] zero00767
2016-08-04 20:04:28,354 INFO [org.junit.Test] zero00768
2016-08-04 20:04:28,354 INFO [org.junit.Test] zero00769
2016-08-04 20:04:28,354 INFO [org.junit.Test] zero00770
2016-08-04 20:04:28,354 INFO [org.junit.Test] zero00771
2016-08-04 20:04:28,354 INFO [org.junit.Test] zero00772
2016-08-04 20:04:28,354 INFO [org.junit.Test] zero00773
2016-08-04 20:04:28,354 INFO [org.junit.Test] zero00774
2016-08-04 20:04:28,354 INFO [org.junit.Test] zero00775
2016-08-04 20:04:28,354 INFO [org.junit.Test] zero00776
2016-08-04 20:04:28,354 INFO [org.junit.Test] zero00777
2016-08-04 20:04:28,354 INFO [org.junit.Test] zero00778
2016-08-04 20:04:28,354 INFO [org.junit.Test] zero00779
2016-08-04 20:04:28,354 INFO [org.junit.Test] zero00780
2016-08-04 20:04:28,354 INFO [org.junit.Test] zero00781
2016-08-04 20:04:28,354 INFO [org.junit.Test] zero00782
2016-08-04 20:04:28,354 INFO [org.junit.Test] zero00783
2016-08-04 20:04:28,354 INFO [org.junit.Test] zero00784
2016-08-04 20:04:28,354 INFO [org.junit.Test] zero00785
2016-08-04 20:04:28,354 INFO [org.junit.Test] zero00786
2016-08-04 20:04:28,354 INFO [org.junit.Test] zero00787
2016-08-04 20:04:28,354 INFO [org.junit.Test] zero00788
2016-08-04 20:04:28,354 INFO [org.junit.Test] zero00789
2016-08-04 20:04:28,354 INFO [org.junit.Test] zero00790
2016-08-04 20:04:28,354 INFO [org.junit.Test] zero00791
2016-08-04 20:04:28,354 INFO [org.junit.Test] zero00792
2016-08-04 20:04:28,354 INFO [org.junit.Test] zero00793
2016-08-04 20:04:28,354 INFO [org.junit.Test] zero00794
2016-08-04 20:04:28,354 INFO [org.junit.Test] zero00795
2016-08-04 20:04:28,354 INFO [org.junit.Test] zero00796
2016-08-04 20:04:28,354 INFO [org.junit.Test] zero00797
2016-08-04 20:04:28,354 INFO [org.junit.Test] zero00798
2016-08-04 20:04:28,354 INFO [org.junit.Test] zero00799
2016-08-04 20:04:28,354 INFO [org.junit.Test] zero00800
2016-08-04 20:04:28,354 INFO [org.junit.Test] zero00801
2016-08-04 20:04:28,354 INFO [org.junit.Test] zero00802
2016-08-04 20:04:28,354 INFO [org.junit.Test] zero00803
2016-08-04 20:04:28,354 INFO [org.junit.Test] zero00804
2016-08-04 20:04:28,354 INFO [org.junit.Test] zero00805
2016-08-04 20:04:28,354 INFO [org.junit.Test] zero00806
2016-08-04 20:04:28,354 INFO [org.junit.Test] zero00807
2016-08-04 20:04:28,354 INFO [org.junit.Test] zero00808
2016-08-04 20:04:28,354 INFO [org.junit.Test] zero00809
2016-08-04 20:04:28,354 INFO [org.junit.Test] zero00810
2016-08-04 20:04:28,354 INFO [org.junit.Test] zero00811
2016-08-04 20:04:28,354 INFO [org.junit.Test] zero00812
2016-08-04 20:04:28,354 INFO [org.junit.Test] zero00813
2016-08-04 20:04:28,354 INFO [org.junit.Test] zero00814
2016-08-04 20:04:28,354 INFO [org.junit.Test] zero00815
2016-08-04 20:04:28,354 INFO [org.junit.Test] zero00816
2016-08-04 20:04:28,354 INFO [org.junit.Test] zero00817
2016-08-04 20:04:28,354 INFO [org.junit.Test] zero00818
2016-08-04 20:04:28,354 INFO [org.junit.Test] zero00819
2016-08-04 20:04:28,354 INFO [org.junit.Test] zero00820
2016-08-04 20:04:28,354 INFO [org.junit.Test] zero00821
2016-08-04 20:04:28,354 INFO [org.junit.Test] zero00822
2016-08-04 20:04:28,354 INFO [org.junit.Test] zero00823
2016-08-04 20:04:28,354 INFO [org.junit.Test] zero00824
2016-08-04 20:04:28,354 INFO [org.junit.Test] zero00825
2016-08-04 20:04:28,354 INFO [org.junit.Test] zero00826
2016-08-04 20:04:28,354 INFO [org.junit.Test] zero00827
2016-08-04 20:04:28,354 INFO [org.junit.Test] zero00828
2016-08-04 20:04:28,354 INFO [org.junit.Test] zero00829
2016-08-04 20:04:28,354 INFO [org.junit.Test] zero00830
2016-08-04 20:04:28,354 INFO [org.junit.Test] zero00831
2016-08-04 20:04:28,354 INFO [org.junit.Test] zero00832
2016-08-04 20:04:28,354 INFO [org.junit.Test] zero00833
2016-08-04 20:04:28,354 INFO [org.junit.Test] zero00834
2016-08-04 20:04:28,354 INFO [org.junit.Test] zero00835
2016-08-04 20:04:28,354 INFO [org.junit.Test] zero00836
2016-08-04 20:04:28,354 INFO [org.junit.Test] zero00837
2016-08-04 20:04:28,354 INFO [org.junit.Test] zero00838
2016-08-04 20:04:28,354 INFO [org.junit.Test] zero00839
2016-08-04 20:04:28,354 INFO [org.junit.Test] zero00840
2016-08-04 20:04:28,354 INFO [org.junit.Test] zero00841
2016-08-04 20:04:28,354 INFO [org.junit.Test] zero00842
2016-08-04 20:04:28,354 INFO [org.junit.Test] zero00843
2016-08-04 20:04:28,354 INFO [org.junit.Test] zero00844
2016-08-04 20:04:28,354 INFO [org.junit.Test] zero00845
2016-08-04 20:04:28,354 INFO [org.junit.Test] zero00846
2016-08-04 20:04:28,354 INFO [org.junit.Test] zero00847
2016-08-04 20:04:28,354 INFO [org.junit.Test] zero00848
2016-08-04 20:04:28,354 INFO [org.junit.Test] zero00849
2016-08-04 20:04:28,354 INFO [org.junit.Test] zero00850
2016-08-04 20:04:28,354 INFO [org.junit.Test] zero00851
2016-08-04 20:04:28,354 INFO [org.junit.Test] zero00852
2016-08-04 20:04:28,354 INFO [org.junit.Test] zero00853
2016-08-04 20:04:28,354 INFO [org.junit.Test] zero00854
2016-08-04 20:04:28,354 INFO [org.junit.Test] zero00855
2016-08-04 20:04:28,354 INFO [org.junit.Test] zero00856
2016-08-04 20:04:28,354 INFO [org.junit.Test] zero00857
2016-08-04 20:04:28,354 INFO [org.junit.Test] zero00858
2016-08-04 20:04:28,354 INFO [org.junit.Test] zero00859
2016-08-04 20:04:28,354 INFO [org.junit.Test] zero00860
2016-08-04 20:04:28,354 INFO [org.junit.Test] zero00861
2016-08-04 20:04:28,354 INFO [org.junit.Test] zero00862
2016-08-04 20:04:28,354 INFO [org.junit.Test] zero00863
2016-08-04 20:04:28,354 INFO [org.junit.Test] zero00864
2016-08-04 20:04:28,354 INFO [org.junit.Test] zero00865
2016-08-04 20:04:28,354 INFO [org.junit.Test] zero00866
2016-08-04 20:04:28,354 INFO [org.junit.Test] zero00867
2016-08-04 20:04:28,354 INFO [org.junit.Test] zero00868
2016-08-04 20:04:28,354 INFO [org.junit.Test] zero00869
2016-08-04 20:04:28,354 INFO [org.junit.Test] zero00870
2016-08-04 20:04:28,354 INFO [org.junit.Test] zero00871
2016-08-04 20:04:28,354 INFO [org.junit.Test] zero00872
2016-08-04 20:04:28,354 INFO [org.junit.Test] zero00873
2016-08-04 20:04:28,354 INFO [org.junit.Test] zero00874
2016-08-04 20:04:28,354 INFO [org.junit.Test] zero00875
2016-08-04 20:04:28,354 INFO [org.junit.Test] zero00876
2016-08-04 20:04:28,354 INFO [org.junit.Test] zero00877
2016-08-04 20:04:28,354 INFO [org.junit.Test] zero00878
2016-08-04 20:04:28,354 INFO [org.junit.Test] zero00879
2016-08-04 20:04:28,354 INFO [org.junit.Test] zero00880
2016-08-04 20:04:28,354 INFO [org.junit.Test] zero00881
2016-08-04 20:04:28,354 INFO [org.junit.Test] zero00882
2016-08-04 20:04:28,354 INFO [org.junit.Test] zero00883
2016-08-04 20:04:28,354 INFO [org.junit.Test] zero00884
2016-08-04 20:04:28,354 INFO [org.junit.Test] zero00885
2016-08-04 20:04:28,354 INFO [org.junit.Test] zero00886
2016-08-04 20:04:28,354 INFO [org.junit.Test] zero00887
2016-08-04 20:04:28,354 INFO [org.junit.Test] zero00888
2016-08-04 20:04:28,354 INFO [org.junit.Test] zero00889
2016-08-04 20:04:28,354 INFO [org.junit.Test] zero00890
2016-08-04 20:04:28,354 INFO [org.junit.Test] zero00891
2016-08-04 20:04:28,354 INFO [org.junit.Test] zero00892
2016-08-04 20:04:28,354 INFO [org.junit.Test] zero00893
2016-08-04 20:04:28,354 INFO [org.junit.Test] zero00894
2016-08-04 20:04:28,354 INFO [org.junit.Test] zero00895
2016-08-04 20:04:28,354 INFO [org.junit.Test] zero00896
2016-08-04 20:04:28,354 INFO [org.junit.Test] zero00897
2016-08-04 20:04:28,354 INFO [org.junit.Test] zero00898
2016-08-04 20:04:28,354 INFO [org.junit.Test] zero00899
2016-08-04 20:04:28,354 INFO [org.junit.Test] zero00900
2016-08-04 20:04:28,354 INFO [org.junit.Test] zero00901
2016-08-04 20:04:28,354 INFO [org.junit.Test] zero00902
2016-08-04 20:04:28,354 INFO [org.junit.Test] zero00903
2016-08-04 20:04:28,354 INFO [org.junit.Test] zero00904
2016-08-04 20:04:28,354 INFO [org.junit.Test] zero00905
2016-08-04 20:04:28,354 INFO [org.junit.Test] zero00906
2016-08-04 20:04:28,354 INFO [org.junit.Test] zero00907
2016-08-04 20:04:28,354 INFO [org.junit.Test] zero00908
2016-08-04 20:04:28,354 INFO [org.junit.Test] zero00909
2016-08-04 20:04:28,354 INFO [org.junit.Test] zero00910
2016-08-04 20:04:28,354 INFO [org.junit.Test] zero00911
2016-08-04 20:04:28,354 INFO [org.junit.Test] zero00912
2016-08-04 20:04:28,354 INFO [org.junit.Test] zero00913
2016-08-04 20:04:28,354 INFO [org.junit.Test] zero00914
2016-08-04 20:04:28,354 INFO [org.junit.Test] zero00915
2016-08-04 20:04:28,354 INFO [org.junit.Test] zero00916
2016-08-04 20:04:28,354 INFO [org.junit.Test] zero00917
2016-08-04 20:04:28,354 INFO [org.junit.Test] zero00918
2016-08-04 20:04:28,354 INFO [org.junit.Test] zero00919
2016-08-04 20:04:28,354 INFO [org.junit.Test] zero00920
2016-08-04 20:04:28,354 INFO [org.junit.Test] zero00921
2016-08-04 20:04:28,354 INFO [org.junit.Test] zero00922
2016-08-04 20:04:28,354 INFO [org.junit.Test] zero00923
2016-08-04 20:04:28,354 INFO [org.junit.Test] zero00924
2016-08-04 20:04:28,354 INFO [org.junit.Test] zero00925
2016-08-04 20:04:28,354 INFO [org.junit.Test] zero00926
2016-08-04 20:04:28,354 INFO [org.junit.Test] zero00927
2016-08-04 20:04:28,354 INFO [org.junit.Test] zero00928
2016-08-04 20:04:28,354 INFO [org.junit.Test] zero00929
2016-08-04 20:04:28,354 INFO [org.junit.Test] zero00930
2016-08-04 20:04:28,354 INFO [org.junit.Test] zero00931
2016-08-04 20:04:28,354 INFO [org.junit.Test] zero00932
2016-08-04 20:04:28,354 INFO [org.junit.Test] zero00933
2016-08-04 20:04:28,354 INFO [org.junit.Test] zero00934
2016-08-04 20:04:28,354 INFO [org.junit.Test] zero00935
2016-08-04 20:04:28,354 INFO [org.junit.Test] zero00936
2016-08-04 20:04:28,354 INFO [org.junit.Test] zero00937
2016-08-04 20:04:28,354 INFO [org.junit.Test] zero00938
2016-08-04 20:04:28,354 INFO [org.junit.Test] zero00939
2016-08-04 20:04:28,354 INFO [org.junit.Test] zero00940
2016-08-04 20:04:28,354 INFO [org.junit.Test] zero00941
2016-08-04 20:04:28,354 INFO [org.junit.Test] zero00942
2016-08-04 20:04:28,354 INFO [org.junit.Test] zero00943
2016-08-04 20:04:28,354 INFO [org.junit.Test] zero00944
2016-08-04 20:04:28,354 INFO [org.junit.Test] zero00945
2016-08-04 20:04:28,354 INFO [org.junit.Test] zero00946
2016-08-04 20:04:28,354 INFO [org.junit.Test] zero00947
2016-08-04 20:04:28,354 INFO [org.junit.Test] zero00948
2016-08-04 20:04:28,354 INFO [org.junit.Test] zero00949
2016-08-04 20:04:28,354 INFO [org.junit.Test] zero00950
2016-08-04 20:04:28,354 INFO [org.junit.Test] zero00951
2016-08-04 20:04:28,354 INFO [org.junit.Test] zero00952
2016-08-04 20:04:28,354 INFO [org.junit.Test] zero00953
2016-08-04 20:04:28,354 INFO [org.junit.Test] zero00954
2016-08-04 20:04:28,354 INFO [org.junit.Test] zero00955
2016-08-04 20:04:28,354 INFO [org.junit.Test] zero00956
2016-08-04 20:04:28,354 INFO [org.junit.Test] zero00957
2016-08-04 20:04:28,354 INFO [org.junit.Test] zero00958
2016-08-04 20:04:28,354 INFO [org.junit.Test] zero00959
2016-08-04 20:04:28,354 INFO [org.junit.Test] zero00960
2016-08-04 20:04:28,354 INFO [org.junit.Test] zero00961
2016-08-04 20:04:28,354 INFO [org.junit.Test] zero00962
2016-08-04 20:04:28,354 INFO [org.junit.Test] zero00963
2016-08-04 20:04:28,354 INFO [org.junit.Test] zero00964
2016-08-04 20:04:28,354 INFO [org.junit.Test] zero00965
2016-08-04 20:04:28,354 INFO [org.junit.Test] zero00966
2016-08-04 20:04:28,354 INFO [org.junit.Test] zero00967
2016-08-04 20:04:28,354 INFO [org.junit.Test] zero00968
2016-08-04 20:04:28,354 INFO [org.junit.Test] zero00969
2016-08-04 20:04:28,354 INFO [org.junit.Test] zero00970
2016-08-04 20:04:28,354 INFO [org.junit.Test] zero00971
2016-08-04 20:04:28,354 INFO [org.junit.Test] zero00972
2016-08-04 20:04:28,354 INFO [org.junit.Test] zero00973
2016-08-04 20:04:28,354 INFO [org.junit.Test] zero00974
2016-08-04 20:04:28,355 INFO [org.junit.Test] zero00975
2016-08-04 20:04:28,355 INFO [org.junit.Test] zero00976
2016-08-04 20:04:28,355 INFO [org.junit.Test] zero00977
2016-08-04 20:04:28,355 INFO [org.junit.Test] zero00978
2016-08-04 20:04:28,355 INFO [org.junit.Test] zero00979
2016-08-04 20:04:28,355 INFO [org.junit.Test] zero00980
2016-08-04 20:04:28,355 INFO [org.junit.Test] zero00981
2016-08-04 20:04:28,355 INFO [org.junit.Test] zero00982
2016-08-04 20:04:28,355 INFO [org.junit.Test] zero00983
2016-08-04 20:04:28,355 INFO [org.junit.Test] zero00984
2016-08-04 20:04:28,355 INFO [org.junit.Test] zero00985
2016-08-04 20:04:28,355 INFO [org.junit.Test] zero00986
2016-08-04 20:04:28,355 INFO [org.junit.Test] zero00987
2016-08-04 20:04:28,355 INFO [org.junit.Test] zero00988
2016-08-04 20:04:28,355 INFO [org.junit.Test] zero00989
2016-08-04 20:04:28,355 INFO [org.junit.Test] zero00990
2016-08-04 20:04:28,355 INFO [org.junit.Test] zero00991
2016-08-04 20:04:28,355 INFO [org.junit.Test] zero00992
2016-08-04 20:04:28,355 INFO [org.junit.Test] zero00993
2016-08-04 20:04:28,355 INFO [org.junit.Test] zero00994
2016-08-04 20:04:28,355 INFO [org.junit.Test] zero00995
2016-08-04 20:04:28,355 INFO [org.junit.Test] zero00996
2016-08-04 20:04:28,355 INFO [org.junit.Test] zero00997
2016-08-04 20:04:28,355 INFO [org.junit.Test] zero00998
2016-08-04 20:04:28,355 INFO [org.junit.Test] zero00999
2016-08-04 20:04:31,355 INFO [org.junit.Test] zero000
2016-08-04 20:04:31,355 INFO [org.junit.Test] zero001
2016-08-04 20:04:31,355 INFO [org.junit.Test] zero002
2016-08-04 20:04:31,355 INFO [org.junit.Test] zero003
2016-08-04 20:04:31,355 INFO [org.junit.Test] zero004
2016-08-04 20:04:31,355 INFO [org.junit.Test] zero005
2016-08-04 20:04:31,355 INFO [org.junit.Test] zero006
2016-08-04 20:04:31,355 INFO [org.junit.Test] zero007
2016-08-04 20:04:31,355 INFO [org.junit.Test] zero008
2016-08-04 20:04:31,355 INFO [org.junit.Test] zero009
2016-08-04 20:04:31,355 INFO [org.junit.Test] zero0010
2016-08-04 20:04:31,355 INFO [org.junit.Test] zero0011
2016-08-04 20:04:31,355 INFO [org.junit.Test] zero0012
2016-08-04 20:04:31,355 INFO [org.junit.Test] zero0013
2016-08-04 20:04:31,355 INFO [org.junit.Test] zero0014
2016-08-04 20:04:31,355 INFO [org.junit.Test] zero0015
2016-08-04 20:04:31,355 INFO [org.junit.Test] zero0016
2016-08-04 20:04:31,355 INFO [org.junit.Test] zero0017
2016-08-04 20:04:31,355 INFO [org.junit.Test] zero0018
2016-08-04 20:04:31,355 INFO [org.junit.Test] zero0019
2016-08-04 20:04:31,355 INFO [org.junit.Test] zero0020
2016-08-04 20:04:31,355 INFO [org.junit.Test] zero0021
2016-08-04 20:04:31,355 INFO [org.junit.Test] zero0022
2016-08-04 20:04:31,355 INFO [org.junit.Test] zero0023
2016-08-04 20:04:31,355 INFO [org.junit.Test] zero0024
2016-08-04 20:04:31,355 INFO [org.junit.Test] zero0025
2016-08-04 20:04:31,355 INFO [org.junit.Test] zero0026
2016-08-04 20:04:31,355 INFO [org.junit.Test] zero0027
2016-08-04 20:04:31,355 INFO [org.junit.Test] zero0028
2016-08-04 20:04:31,355 INFO [org.junit.Test] zero0029
2016-08-04 20:04:31,355 INFO [org.junit.Test] zero0030
2016-08-04 20:04:31,355 INFO [org.junit.Test] zero0031
2016-08-04 20:04:31,355 INFO [org.junit.Test] zero0032
2016-08-04 20:04:31,355 INFO [org.junit.Test] zero0033
2016-08-04 20:04:31,355 INFO [org.junit.Test] zero0034
2016-08-04 20:04:31,355 INFO [org.junit.Test] zero0035
2016-08-04 20:04:31,355 INFO [org.junit.Test] zero0036
2016-08-04 20:04:31,355 INFO [org.junit.Test] zero0037
2016-08-04 20:04:31,355 INFO [org.junit.Test] zero0038
2016-08-04 20:04:31,355 INFO [org.junit.Test] zero0039
2016-08-04 20:04:31,355 INFO [org.junit.Test] zero0040
2016-08-04 20:04:31,355 INFO [org.junit.Test] zero0041
2016-08-04 20:04:31,355 INFO [org.junit.Test] zero0042
2016-08-04 20:04:31,355 INFO [org.junit.Test] zero0043
2016-08-04 20:04:31,355 INFO [org.junit.Test] zero0044
2016-08-04 20:04:31,355 INFO [org.junit.Test] zero0045
2016-08-04 20:04:31,355 INFO [org.junit.Test] zero0046
2016-08-04 20:04:31,355 INFO [org.junit.Test] zero0047
2016-08-04 20:04:31,355 INFO [org.junit.Test] zero0048
2016-08-04 20:04:31,355 INFO [org.junit.Test] zero0049
2016-08-04 20:04:31,355 INFO [org.junit.Test] zero0050
2016-08-04 20:04:31,355 INFO [org.junit.Test] zero0051
2016-08-04 20:04:31,355 INFO [org.junit.Test] zero0052
2016-08-04 20:04:31,355 INFO [org.junit.Test] zero0053
2016-08-04 20:04:31,355 INFO [org.junit.Test] zero0054
2016-08-04 20:04:31,355 INFO [org.junit.Test] zero0055
2016-08-04 20:04:31,355 INFO [org.junit.Test] zero0056
2016-08-04 20:04:31,355 INFO [org.junit.Test] zero0057
2016-08-04 20:04:31,355 INFO [org.junit.Test] zero0058
2016-08-04 20:04:31,355 INFO [org.junit.Test] zero0059
2016-08-04 20:04:31,355 INFO [org.junit.Test] zero0060
2016-08-04 20:04:31,355 INFO [org.junit.Test] zero0061
2016-08-04 20:04:31,355 INFO [org.junit.Test] zero0062
2016-08-04 20:04:31,355 INFO [org.junit.Test] zero0063
2016-08-04 20:04:31,355 INFO [org.junit.Test] zero0064
2016-08-04 20:04:31,355 INFO [org.junit.Test] zero0065
2016-08-04 20:04:31,355 INFO [org.junit.Test] zero0066
2016-08-04 20:04:31,355 INFO [org.junit.Test] zero0067
2016-08-04 20:04:31,355 INFO [org.junit.Test] zero0068
2016-08-04 20:04:31,355 INFO [org.junit.Test] zero0069
2016-08-04 20:04:31,355 INFO [org.junit.Test] zero0070
2016-08-04 20:04:31,355 INFO [org.junit.Test] zero0071
2016-08-04 20:04:31,355 INFO [org.junit.Test] zero0072
2016-08-04 20:04:31,355 INFO [org.junit.Test] zero0073
2016-08-04 20:04:31,355 INFO [org.junit.Test] zero0074
2016-08-04 20:04:31,355 INFO [org.junit.Test] zero0075
2016-08-04 20:04:31,355 INFO [org.junit.Test] zero0076
2016-08-04 20:04:31,355 INFO [org.junit.Test] zero0077
2016-08-04 20:04:31,355 INFO [org.junit.Test] zero0078
2016-08-04 20:04:31,355 INFO [org.junit.Test] zero0079
2016-08-04 20:04:31,355 INFO [org.junit.Test] zero0080
2016-08-04 20:04:31,355 INFO [org.junit.Test] zero0081
2016-08-04 20:04:31,355 INFO [org.junit.Test] zero0082
2016-08-04 20:04:31,355 INFO [org.junit.Test] zero0083
2016-08-04 20:04:31,355 INFO [org.junit.Test] zero0084
2016-08-04 20:04:31,355 INFO [org.junit.Test] zero0085
2016-08-04 20:04:31,355 INFO [org.junit.Test] zero0086
2016-08-04 20:04:31,355 INFO [org.junit.Test] zero0087
2016-08-04 20:04:31,355 INFO [org.junit.Test] zero0088
2016-08-04 20:04:31,355 INFO [org.junit.Test] zero0089
2016-08-04 20:04:31,355 INFO [org.junit.Test] zero0090
2016-08-04 20:04:31,355 INFO [org.junit.Test] zero0091
2016-08-04 20:04:31,355 INFO [org.junit.Test] zero0092
2016-08-04 20:04:31,355 INFO [org.junit.Test] zero0093
2016-08-04 20:04:31,355 INFO [org.junit.Test] zero0094
2016-08-04 20:04:31,355 INFO [org.junit.Test] zero0095
2016-08-04 20:04:31,355 INFO [org.junit.Test] zero0096
2016-08-04 20:04:31,355 INFO [org.junit.Test] zero0097
2016-08-04 20:04:31,355 INFO [org.junit.Test] zero0098
2016-08-04 20:04:31,355 INFO [org.junit.Test] zero0099
2016-08-04 20:04:31,355 INFO [org.junit.Test] zero00100
2016-08-04 20:04:31,355 INFO [org.junit.Test] zero00101
2016-08-04 20:04:31,355 INFO [org.junit.Test] zero00102
2016-08-04 20:04:31,355 INFO [org.junit.Test] zero00103
2016-08-04 20:04:31,355 INFO [org.junit.Test] zero00104
2016-08-04 20:04:31,355 INFO [org.junit.Test] zero00105
2016-08-04 20:04:31,355 INFO [org.junit.Test] zero00106
2016-08-04 20:04:31,355 INFO [org.junit.Test] zero00107
2016-08-04 20:04:31,355 INFO [org.junit.Test] zero00108
2016-08-04 20:04:31,355 INFO [org.junit.Test] zero00109
2016-08-04 20:04:31,355 INFO [org.junit.Test] zero00110
2016-08-04 20:04:31,355 INFO [org.junit.Test] zero00111
2016-08-04 20:04:31,355 INFO [org.junit.Test] zero00112
2016-08-04 20:04:31,355 INFO [org.junit.Test] zero00113
2016-08-04 20:04:31,355 INFO [org.junit.Test] zero00114
2016-08-04 20:04:31,355 INFO [org.junit.Test] zero00115
2016-08-04 20:04:31,355 INFO [org.junit.Test] zero00116
2016-08-04 20:04:31,355 INFO [org.junit.Test] zero00117
2016-08-04 20:04:31,355 INFO [org.junit.Test] zero00118
2016-08-04 20:04:31,355 INFO [org.junit.Test] zero00119
2016-08-04 20:04:31,355 INFO [org.junit.Test] zero00120
2016-08-04 20:04:31,355 INFO [org.junit.Test] zero00121
2016-08-04 20:04:31,355 INFO [org.junit.Test] zero00122
2016-08-04 20:04:31,355 INFO [org.junit.Test] zero00123
2016-08-04 20:04:31,355 INFO [org.junit.Test] zero00124
2016-08-04 20:04:31,355 INFO [org.junit.Test] zero00125
2016-08-04 20:04:31,355 INFO [org.junit.Test] zero00126
2016-08-04 20:04:31,355 INFO [org.junit.Test] zero00127
2016-08-04 20:04:31,355 INFO [org.junit.Test] zero00128
2016-08-04 20:04:31,355 INFO [org.junit.Test] zero00129
2016-08-04 20:04:31,355 INFO [org.junit.Test] zero00130
2016-08-04 20:04:31,355 INFO [org.junit.Test] zero00131
2016-08-04 20:04:31,355 INFO [org.junit.Test] zero00132
2016-08-04 20:04:31,355 INFO [org.junit.Test] zero00133
2016-08-04 20:04:31,355 INFO [org.junit.Test] zero00134
2016-08-04 20:04:31,355 INFO [org.junit.Test] zero00135
2016-08-04 20:04:31,355 INFO [org.junit.Test] zero00136
2016-08-04 20:04:31,355 INFO [org.junit.Test] zero00137
2016-08-04 20:04:31,355 INFO [org.junit.Test] zero00138
2016-08-04 20:04:31,355 INFO [org.junit.Test] zero00139
2016-08-04 20:04:31,355 INFO [org.junit.Test] zero00140
2016-08-04 20:04:31,355 INFO [org.junit.Test] zero00141
2016-08-04 20:04:31,355 INFO [org.junit.Test] zero00142
2016-08-04 20:04:31,355 INFO [org.junit.Test] zero00143
2016-08-04 20:04:31,355 INFO [org.junit.Test] zero00144
2016-08-04 20:04:31,355 INFO [org.junit.Test] zero00145
2016-08-04 20:04:31,355 INFO [org.junit.Test] zero00146
2016-08-04 20:04:31,355 INFO [org.junit.Test] zero00147
2016-08-04 20:04:31,355 INFO [org.junit.Test] zero00148
2016-08-04 20:04:31,355 INFO [org.junit.Test] zero00149
2016-08-04 20:04:31,355 INFO [org.junit.Test] zero00150
2016-08-04 20:04:31,355 INFO [org.junit.Test] zero00151
2016-08-04 20:04:31,355 INFO [org.junit.Test] zero00152
2016-08-04 20:04:31,355 INFO [org.junit.Test] zero00153
2016-08-04 20:04:31,355 INFO [org.junit.Test] zero00154
2016-08-04 20:04:31,355 INFO [org.junit.Test] zero00155
2016-08-04 20:04:31,355 INFO [org.junit.Test] zero00156
2016-08-04 20:04:31,355 INFO [org.junit.Test] zero00157
2016-08-04 20:04:31,355 INFO [org.junit.Test] zero00158
2016-08-04 20:04:31,355 INFO [org.junit.Test] zero00159
2016-08-04 20:04:31,355 INFO [org.junit.Test] zero00160
2016-08-04 20:04:31,355 INFO [org.junit.Test] zero00161
2016-08-04 20:04:31,355 INFO [org.junit.Test] zero00162
2016-08-04 20:04:31,355 INFO [org.junit.Test] zero00163
2016-08-04 20:04:31,355 INFO [org.junit.Test] zero00164
2016-08-04 20:04:31,355 INFO [org.junit.Test] zero00165
2016-08-04 20:04:31,355 INFO [org.junit.Test] zero00166
2016-08-04 20:04:31,355 INFO [org.junit.Test] zero00167
2016-08-04 20:04:31,355 INFO [org.junit.Test] zero00168
2016-08-04 20:04:31,355 INFO [org.junit.Test] zero00169
2016-08-04 20:04:31,355 INFO [org.junit.Test] zero00170
2016-08-04 20:04:31,355 INFO [org.junit.Test] zero00171
2016-08-04 20:04:31,355 INFO [org.junit.Test] zero00172
2016-08-04 20:04:31,355 INFO [org.junit.Test] zero00173
2016-08-04 20:04:31,355 INFO [org.junit.Test] zero00174
2016-08-04 20:04:31,355 INFO [org.junit.Test] zero00175
2016-08-04 20:04:31,355 INFO [org.junit.Test] zero00176
2016-08-04 20:04:31,355 INFO [org.junit.Test] zero00177
2016-08-04 20:04:31,355 INFO [org.junit.Test] zero00178
2016-08-04 20:04:31,355 INFO [org.junit.Test] zero00179
2016-08-04 20:04:31,355 INFO [org.junit.Test] zero00180
2016-08-04 20:04:31,355 INFO [org.junit.Test] zero00181
2016-08-04 20:04:31,355 INFO [org.junit.Test] zero00182
2016-08-04 20:04:31,355 INFO [org.junit.Test] zero00183
2016-08-04 20:04:31,355 INFO [org.junit.Test] zero00184
2016-08-04 20:04:31,355 INFO [org.junit.Test] zero00185
2016-08-04 20:04:31,355 INFO [org.junit.Test] zero00186
2016-08-04 20:04:31,355 INFO [org.junit.Test] zero00187
2016-08-04 20:04:31,355 INFO [org.junit.Test] zero00188
2016-08-04 20:04:31,355 INFO [org.junit.Test] zero00189
2016-08-04 20:04:31,355 INFO [org.junit.Test] zero00190
2016-08-04 20:04:31,355 INFO [org.junit.Test] zero00191
2016-08-04 20:04:31,355 INFO [org.junit.Test] zero00192
2016-08-04 20:04:31,355 INFO [org.junit.Test] zero00193
2016-08-04 20:04:31,355 INFO [org.junit.Test] zero00194
2016-08-04 20:04:31,355 INFO [org.junit.Test] zero00195
2016-08-04 20:04:31,355 INFO [org.junit.Test] zero00196
2016-08-04 20:04:31,355 INFO [org.junit.Test] zero00197
2016-08-04 20:04:31,355 INFO [org.junit.Test] zero00198
2016-08-04 20:04:31,355 INFO [org.junit.Test] zero00199
2016-08-04 20:04:31,355 INFO [org.junit.Test] zero00200
2016-08-04 20:04:31,355 INFO [org.junit.Test] zero00201
2016-08-04 20:04:31,355 INFO [org.junit.Test] zero00202
2016-08-04 20:04:31,355 INFO [org.junit.Test] zero00203
2016-08-04 20:04:31,355 INFO [org.junit.Test] zero00204
2016-08-04 20:04:31,355 INFO [org.junit.Test] zero00205
2016-08-04 20:04:31,355 INFO [org.junit.Test] zero00206
2016-08-04 20:04:31,355 INFO [org.junit.Test] zero00207
2016-08-04 20:04:31,355 INFO [org.junit.Test] zero00208
2016-08-04 20:04:31,355 INFO [org.junit.Test] zero00209
2016-08-04 20:04:31,355 INFO [org.junit.Test] zero00210
2016-08-04 20:04:31,355 INFO [org.junit.Test] zero00211
2016-08-04 20:04:31,355 INFO [org.junit.Test] zero00212
2016-08-04 20:04:31,355 INFO [org.junit.Test] zero00213
2016-08-04 20:04:31,355 INFO [org.junit.Test] zero00214
2016-08-04 20:04:31,355 INFO [org.junit.Test] zero00215
2016-08-04 20:04:31,355 INFO [org.junit.Test] zero00216
2016-08-04 20:04:31,355 INFO [org.junit.Test] zero00217
2016-08-04 20:04:31,355 INFO [org.junit.Test] zero00218
2016-08-04 20:04:31,355 INFO [org.junit.Test] zero00219
2016-08-04 20:04:31,355 INFO [org.junit.Test] zero00220
2016-08-04 20:04:31,355 INFO [org.junit.Test] zero00221
2016-08-04 20:04:31,355 INFO [org.junit.Test] zero00222
2016-08-04 20:04:31,355 INFO [org.junit.Test] zero00223
2016-08-04 20:04:31,355 INFO [org.junit.Test] zero00224
2016-08-04 20:04:31,355 INFO [org.junit.Test] zero00225
2016-08-04 20:04:31,355 INFO [org.junit.Test] zero00226
2016-08-04 20:04:31,355 INFO [org.junit.Test] zero00227
2016-08-04 20:04:31,355 INFO [org.junit.Test] zero00228
2016-08-04 20:04:31,355 INFO [org.junit.Test] zero00229
2016-08-04 20:04:31,355 INFO [org.junit.Test] zero00230
2016-08-04 20:04:31,355 INFO [org.junit.Test] zero00231
2016-08-04 20:04:31,355 INFO [org.junit.Test] zero00232
2016-08-04 20:04:31,355 INFO [org.junit.Test] zero00233
2016-08-04 20:04:31,355 INFO [org.junit.Test] zero00234
2016-08-04 20:04:31,355 INFO [org.junit.Test] zero00235
2016-08-04 20:04:31,355 INFO [org.junit.Test] zero00236
2016-08-04 20:04:31,355 INFO [org.junit.Test] zero00237
2016-08-04 20:04:31,355 INFO [org.junit.Test] zero00238
2016-08-04 20:04:31,355 INFO [org.junit.Test] zero00239
2016-08-04 20:04:31,355 INFO [org.junit.Test] zero00240
2016-08-04 20:04:31,355 INFO [org.junit.Test] zero00241
2016-08-04 20:04:31,355 INFO [org.junit.Test] zero00242
2016-08-04 20:04:31,356 INFO [org.junit.Test] zero00243
2016-08-04 20:04:31,356 INFO [org.junit.Test] zero00244
2016-08-04 20:04:31,356 INFO [org.junit.Test] zero00245
2016-08-04 20:04:31,356 INFO [org.junit.Test] zero00246
2016-08-04 20:04:31,356 INFO [org.junit.Test] zero00247
2016-08-04 20:04:31,356 INFO [org.junit.Test] zero00248
2016-08-04 20:04:31,356 INFO [org.junit.Test] zero00249
2016-08-04 20:04:31,356 INFO [org.junit.Test] zero00250
2016-08-04 20:04:31,356 INFO [org.junit.Test] zero00251
2016-08-04 20:04:31,356 INFO [org.junit.Test] zero00252
2016-08-04 20:04:31,356 INFO [org.junit.Test] zero00253
2016-08-04 20:04:31,356 INFO [org.junit.Test] zero00254
2016-08-04 20:04:31,356 INFO [org.junit.Test] zero00255
2016-08-04 20:04:31,356 INFO [org.junit.Test] zero00256
2016-08-04 20:04:31,356 INFO [org.junit.Test] zero00257
2016-08-04 20:04:31,356 INFO [org.junit.Test] zero00258
2016-08-04 20:04:31,356 INFO [org.junit.Test] zero00259
2016-08-04 20:04:31,356 INFO [org.junit.Test] zero00260
2016-08-04 20:04:31,356 INFO [org.junit.Test] zero00261
2016-08-04 20:04:31,356 INFO [org.junit.Test] zero00262
2016-08-04 20:04:31,356 INFO [org.junit.Test] zero00263
2016-08-04 20:04:31,356 INFO [org.junit.Test] zero00264
2016-08-04 20:04:31,356 INFO [org.junit.Test] zero00265
2016-08-04 20:04:31,356 INFO [org.junit.Test] zero00266
2016-08-04 20:04:31,356 INFO [org.junit.Test] zero00267
2016-08-04 20:04:31,356 INFO [org.junit.Test] zero00268
2016-08-04 20:04:31,356 INFO [org.junit.Test] zero00269
2016-08-04 20:04:31,356 INFO [org.junit.Test] zero00270
2016-08-04 20:04:31,356 INFO [org.junit.Test] zero00271
2016-08-04 20:04:31,356 INFO [org.junit.Test] zero00272
2016-08-04 20:04:31,356 INFO [org.junit.Test] zero00273
2016-08-04 20:04:31,356 INFO [org.junit.Test] zero00274
2016-08-04 20:04:31,356 INFO [org.junit.Test] zero00275
2016-08-04 20:04:31,356 INFO [org.junit.Test] zero00276
2016-08-04 20:04:31,356 INFO [org.junit.Test] zero00277
2016-08-04 20:04:31,356 INFO [org.junit.Test] zero00278
2016-08-04 20:04:31,356 INFO [org.junit.Test] zero00279
2016-08-04 20:04:31,356 INFO [org.junit.Test] zero00280
2016-08-04 20:04:31,356 INFO [org.junit.Test] zero00281
2016-08-04 20:04:31,356 INFO [org.junit.Test] zero00282
2016-08-04 20:04:31,356 INFO [org.junit.Test] zero00283
2016-08-04 20:04:31,356 INFO [org.junit.Test] zero00284
2016-08-04 20:04:31,356 INFO [org.junit.Test] zero00285
2016-08-04 20:04:31,356 INFO [org.junit.Test] zero00286
2016-08-04 20:04:31,356 INFO [org.junit.Test] zero00287
2016-08-04 20:04:31,356 INFO [org.junit.Test] zero00288
2016-08-04 20:04:31,356 INFO [org.junit.Test] zero00289
2016-08-04 20:04:31,356 INFO [org.junit.Test] zero00290
2016-08-04 20:04:31,356 INFO [org.junit.Test] zero00291
2016-08-04 20:04:31,356 INFO [org.junit.Test] zero00292
2016-08-04 20:04:31,356 INFO [org.junit.Test] zero00293
2016-08-04 20:04:31,356 INFO [org.junit.Test] zero00294
2016-08-04 20:04:31,356 INFO [org.junit.Test] zero00295
2016-08-04 20:04:31,356 INFO [org.junit.Test] zero00296
2016-08-04 20:04:31,356 INFO [org.junit.Test] zero00297
2016-08-04 20:04:31,356 INFO [org.junit.Test] zero00298
2016-08-04 20:04:31,356 INFO [org.junit.Test] zero00299
2016-08-04 20:04:31,356 INFO [org.junit.Test] zero00300
2016-08-04 20:04:31,356 INFO [org.junit.Test] zero00301
2016-08-04 20:04:31,356 INFO [org.junit.Test] zero00302
2016-08-04 20:04:31,356 INFO [org.junit.Test] zero00303
2016-08-04 20:04:31,356 INFO [org.junit.Test] zero00304
2016-08-04 20:04:31,356 INFO [org.junit.Test] zero00305
2016-08-04 20:04:31,356 INFO [org.junit.Test] zero00306
2016-08-04 20:04:31,356 INFO [org.junit.Test] zero00307
2016-08-04 20:04:31,356 INFO [org.junit.Test] zero00308
2016-08-04 20:04:31,356 INFO [org.junit.Test] zero00309
2016-08-04 20:04:31,356 INFO [org.junit.Test] zero00310
2016-08-04 20:04:31,356 INFO [org.junit.Test] zero00311
2016-08-04 20:04:31,356 INFO [org.junit.Test] zero00312
2016-08-04 20:04:31,356 INFO [org.junit.Test] zero00313
2016-08-04 20:04:31,356 INFO [org.junit.Test] zero00314
2016-08-04 20:04:31,356 INFO [org.junit.Test] zero00315
2016-08-04 20:04:31,356 INFO [org.junit.Test] zero00316
2016-08-04 20:04:31,356 INFO [org.junit.Test] zero00317
2016-08-04 20:04:31,356 INFO [org.junit.Test] zero00318
2016-08-04 20:04:31,356 INFO [org.junit.Test] zero00319
2016-08-04 20:04:31,356 INFO [org.junit.Test] zero00320
2016-08-04 20:04:31,356 INFO [org.junit.Test] zero00321
2016-08-04 20:04:31,356 INFO [org.junit.Test] zero00322
2016-08-04 20:04:31,356 INFO [org.junit.Test] zero00323
2016-08-04 20:04:31,356 INFO [org.junit.Test] zero00324
2016-08-04 20:04:31,356 INFO [org.junit.Test] zero00325
2016-08-04 20:04:31,356 INFO [org.junit.Test] zero00326
2016-08-04 20:04:31,356 INFO [org.junit.Test] zero00327
2016-08-04 20:04:31,356 INFO [org.junit.Test] zero00328
2016-08-04 20:04:31,356 INFO [org.junit.Test] zero00329
2016-08-04 20:04:31,356 INFO [org.junit.Test] zero00330
2016-08-04 20:04:31,356 INFO [org.junit.Test] zero00331
2016-08-04 20:04:31,356 INFO [org.junit.Test] zero00332
2016-08-04 20:04:31,356 INFO [org.junit.Test] zero00333
2016-08-04 20:04:31,356 INFO [org.junit.Test] zero00334
2016-08-04 20:04:31,356 INFO [org.junit.Test] zero00335
2016-08-04 20:04:31,356 INFO [org.junit.Test] zero00336
2016-08-04 20:04:31,356 INFO [org.junit.Test] zero00337
2016-08-04 20:04:31,356 INFO [org.junit.Test] zero00338
2016-08-04 20:04:31,356 INFO [org.junit.Test] zero00339
2016-08-04 20:04:31,356 INFO [org.junit.Test] zero00340
2016-08-04 20:04:31,356 INFO [org.junit.Test] zero00341
2016-08-04 20:04:31,356 INFO [org.junit.Test] zero00342
2016-08-04 20:04:31,356 INFO [org.junit.Test] zero00343
2016-08-04 20:04:31,356 INFO [org.junit.Test] zero00344
2016-08-04 20:04:31,356 INFO [org.junit.Test] zero00345
2016-08-04 20:04:31,356 INFO [org.junit.Test] zero00346
2016-08-04 20:04:31,356 INFO [org.junit.Test] zero00347
2016-08-04 20:04:31,356 INFO [org.junit.Test] zero00348
2016-08-04 20:04:31,356 INFO [org.junit.Test] zero00349
2016-08-04 20:04:31,356 INFO [org.junit.Test] zero00350
2016-08-04 20:04:31,356 INFO [org.junit.Test] zero00351
2016-08-04 20:04:31,356 INFO [org.junit.Test] zero00352
2016-08-04 20:04:31,356 INFO [org.junit.Test] zero00353
2016-08-04 20:04:31,356 INFO [org.junit.Test] zero00354
2016-08-04 20:04:31,356 INFO [org.junit.Test] zero00355
2016-08-04 20:04:31,356 INFO [org.junit.Test] zero00356
2016-08-04 20:04:31,356 INFO [org.junit.Test] zero00357
2016-08-04 20:04:31,356 INFO [org.junit.Test] zero00358
2016-08-04 20:04:31,356 INFO [org.junit.Test] zero00359
2016-08-04 20:04:31,356 INFO [org.junit.Test] zero00360
2016-08-04 20:04:31,356 INFO [org.junit.Test] zero00361
2016-08-04 20:04:31,356 INFO [org.junit.Test] zero00362
2016-08-04 20:04:31,356 INFO [org.junit.Test] zero00363
2016-08-04 20:04:31,356 INFO [org.junit.Test] zero00364
2016-08-04 20:04:31,356 INFO [org.junit.Test] zero00365
2016-08-04 20:04:31,356 INFO [org.junit.Test] zero00366
2016-08-04 20:04:31,356 INFO [org.junit.Test] zero00367
2016-08-04 20:04:31,356 INFO [org.junit.Test] zero00368
2016-08-04 20:04:31,356 INFO [org.junit.Test] zero00369
2016-08-04 20:04:31,356 INFO [org.junit.Test] zero00370
2016-08-04 20:04:31,356 INFO [org.junit.Test] zero00371
2016-08-04 20:04:31,356 INFO [org.junit.Test] zero00372
2016-08-04 20:04:31,356 INFO [org.junit.Test] zero00373
2016-08-04 20:04:31,356 INFO [org.junit.Test] zero00374
2016-08-04 20:04:31,356 INFO [org.junit.Test] zero00375
2016-08-04 20:04:31,356 INFO [org.junit.Test] zero00376
2016-08-04 20:04:31,356 INFO [org.junit.Test] zero00377
2016-08-04 20:04:31,356 INFO [org.junit.Test] zero00378
2016-08-04 20:04:31,356 INFO [org.junit.Test] zero00379
2016-08-04 20:04:31,356 INFO [org.junit.Test] zero00380
2016-08-04 20:04:31,356 INFO [org.junit.Test] zero00381
2016-08-04 20:04:31,356 INFO [org.junit.Test] zero00382
2016-08-04 20:04:31,356 INFO [org.junit.Test] zero00383
2016-08-04 20:04:31,356 INFO [org.junit.Test] zero00384
2016-08-04 20:04:31,356 INFO [org.junit.Test] zero00385
2016-08-04 20:04:31,356 INFO [org.junit.Test] zero00386
2016-08-04 20:04:31,356 INFO [org.junit.Test] zero00387
2016-08-04 20:04:31,356 INFO [org.junit.Test] zero00388
2016-08-04 20:04:31,356 INFO [org.junit.Test] zero00389
2016-08-04 20:04:31,356 INFO [org.junit.Test] zero00390
2016-08-04 20:04:31,356 INFO [org.junit.Test] zero00391
2016-08-04 20:04:31,356 INFO [org.junit.Test] zero00392
2016-08-04 20:04:31,356 INFO [org.junit.Test] zero00393
2016-08-04 20:04:31,356 INFO [org.junit.Test] zero00394
2016-08-04 20:04:31,356 INFO [org.junit.Test] zero00395
2016-08-04 20:04:31,356 INFO [org.junit.Test] zero00396
2016-08-04 20:04:31,356 INFO [org.junit.Test] zero00397
2016-08-04 20:04:31,356 INFO [org.junit.Test] zero00398
2016-08-04 20:04:31,356 INFO [org.junit.Test] zero00399
2016-08-04 20:04:31,356 INFO [org.junit.Test] zero00400
2016-08-04 20:04:31,356 INFO [org.junit.Test] zero00401
2016-08-04 20:04:31,356 INFO [org.junit.Test] zero00402
2016-08-04 20:04:31,356 INFO [org.junit.Test] zero00403
2016-08-04 20:04:31,356 INFO [org.junit.Test] zero00404
2016-08-04 20:04:31,356 INFO [org.junit.Test] zero00405
2016-08-04 20:04:31,356 INFO [org.junit.Test] zero00406
2016-08-04 20:04:31,356 INFO [org.junit.Test] zero00407
2016-08-04 20:04:31,356 INFO [org.junit.Test] zero00408
2016-08-04 20:04:31,356 INFO [org.junit.Test] zero00409
2016-08-04 20:04:31,356 INFO [org.junit.Test] zero00410
2016-08-04 20:04:31,356 INFO [org.junit.Test] zero00411
2016-08-04 20:04:31,356 INFO [org.junit.Test] zero00412
2016-08-04 20:04:31,356 INFO [org.junit.Test] zero00413
2016-08-04 20:04:31,356 INFO [org.junit.Test] zero00414
2016-08-04 20:04:31,356 INFO [org.junit.Test] zero00415
2016-08-04 20:04:31,356 INFO [org.junit.Test] zero00416
2016-08-04 20:04:31,356 INFO [org.junit.Test] zero00417
2016-08-04 20:04:31,356 INFO [org.junit.Test] zero00418
2016-08-04 20:04:31,356 INFO [org.junit.Test] zero00419
2016-08-04 20:04:31,356 INFO [org.junit.Test] zero00420
2016-08-04 20:04:31,356 INFO [org.junit.Test] zero00421
2016-08-04 20:04:31,356 INFO [org.junit.Test] zero00422
2016-08-04 20:04:31,356 INFO [org.junit.Test] zero00423
2016-08-04 20:04:31,356 INFO [org.junit.Test] zero00424
2016-08-04 20:04:31,356 INFO [org.junit.Test] zero00425
2016-08-04 20:04:31,356 INFO [org.junit.Test] zero00426
2016-08-04 20:04:31,356 INFO [org.junit.Test] zero00427
2016-08-04 20:04:31,356 INFO [org.junit.Test] zero00428
2016-08-04 20:04:31,356 INFO [org.junit.Test] zero00429
2016-08-04 20:04:31,356 INFO [org.junit.Test] zero00430
2016-08-04 20:04:31,356 INFO [org.junit.Test] zero00431
2016-08-04 20:04:31,356 INFO [org.junit.Test] zero00432
2016-08-04 20:04:31,356 INFO [org.junit.Test] zero00433
2016-08-04 20:04:31,356 INFO [org.junit.Test] zero00434
2016-08-04 20:04:31,356 INFO [org.junit.Test] zero00435
2016-08-04 20:04:31,356 INFO [org.junit.Test] zero00436
2016-08-04 20:04:31,356 INFO [org.junit.Test] zero00437
2016-08-04 20:04:31,356 INFO [org.junit.Test] zero00438
2016-08-04 20:04:31,356 INFO [org.junit.Test] zero00439
2016-08-04 20:04:31,356 INFO [org.junit.Test] zero00440
2016-08-04 20:04:31,356 INFO [org.junit.Test] zero00441
2016-08-04 20:04:31,356 INFO [org.junit.Test] zero00442
2016-08-04 20:04:31,356 INFO [org.junit.Test] zero00443
2016-08-04 20:04:31,356 INFO [org.junit.Test] zero00444
2016-08-04 20:04:31,356 INFO [org.junit.Test] zero00445
2016-08-04 20:04:31,356 INFO [org.junit.Test] zero00446
2016-08-04 20:04:31,356 INFO [org.junit.Test] zero00447
2016-08-04 20:04:31,356 INFO [org.junit.Test] zero00448
2016-08-04 20:04:31,356 INFO [org.junit.Test] zero00449
2016-08-04 20:04:31,356 INFO [org.junit.Test] zero00450
2016-08-04 20:04:31,356 INFO [org.junit.Test] zero00451
2016-08-04 20:04:31,356 INFO [org.junit.Test] zero00452
2016-08-04 20:04:31,356 INFO [org.junit.Test] zero00453
2016-08-04 20:04:31,356 INFO [org.junit.Test] zero00454
2016-08-04 20:04:31,356 INFO [org.junit.Test] zero00455
2016-08-04 20:04:31,356 INFO [org.junit.Test] zero00456
2016-08-04 20:04:31,356 INFO [org.junit.Test] zero00457
2016-08-04 20:04:31,356 INFO [org.junit.Test] zero00458
2016-08-04 20:04:31,356 INFO [org.junit.Test] zero00459
2016-08-04 20:04:31,356 INFO [org.junit.Test] zero00460
2016-08-04 20:04:31,356 INFO [org.junit.Test] zero00461
2016-08-04 20:04:31,356 INFO [org.junit.Test] zero00462
2016-08-04 20:04:31,356 INFO [org.junit.Test] zero00463
2016-08-04 20:04:31,356 INFO [org.junit.Test] zero00464
2016-08-04 20:04:31,356 INFO [org.junit.Test] zero00465
2016-08-04 20:04:31,356 INFO [org.junit.Test] zero00466
2016-08-04 20:04:31,356 INFO [org.junit.Test] zero00467
2016-08-04 20:04:31,356 INFO [org.junit.Test] zero00468
2016-08-04 20:04:31,356 INFO [org.junit.Test] zero00469
2016-08-04 20:04:31,356 INFO [org.junit.Test] zero00470
2016-08-04 20:04:31,356 INFO [org.junit.Test] zero00471
2016-08-04 20:04:31,356 INFO [org.junit.Test] zero00472
2016-08-04 20:04:31,356 INFO [org.junit.Test] zero00473
2016-08-04 20:04:31,356 INFO [org.junit.Test] zero00474
2016-08-04 20:04:31,356 INFO [org.junit.Test] zero00475
2016-08-04 20:04:31,356 INFO [org.junit.Test] zero00476
2016-08-04 20:04:31,356 INFO [org.junit.Test] zero00477
2016-08-04 20:04:31,356 INFO [org.junit.Test] zero00478
2016-08-04 20:04:31,356 INFO [org.junit.Test] zero00479
2016-08-04 20:04:31,356 INFO [org.junit.Test] zero00480
2016-08-04 20:04:31,356 INFO [org.junit.Test] zero00481
2016-08-04 20:04:31,356 INFO [org.junit.Test] zero00482
2016-08-04 20:04:31,356 INFO [org.junit.Test] zero00483
2016-08-04 20:04:31,356 INFO [org.junit.Test] zero00484
2016-08-04 20:04:31,356 INFO [org.junit.Test] zero00485
2016-08-04 20:04:31,356 INFO [org.junit.Test] zero00486
2016-08-04 20:04:31,356 INFO [org.junit.Test] zero00487
2016-08-04 20:04:31,356 INFO [org.junit.Test] zero00488
2016-08-04 20:04:31,356 INFO [org.junit.Test] zero00489
2016-08-04 20:04:31,356 INFO [org.junit.Test] zero00490
2016-08-04 20:04:31,356 INFO [org.junit.Test] zero00491
2016-08-04 20:04:31,356 INFO [org.junit.Test] zero00492
2016-08-04 20:04:31,356 INFO [org.junit.Test] zero00493
2016-08-04 20:04:31,356 INFO [org.junit.Test] zero00494
2016-08-04 20:04:31,356 INFO [org.junit.Test] zero00495
2016-08-04 20:04:31,356 INFO [org.junit.Test] zero00496
2016-08-04 20:04:31,356 INFO [org.junit.Test] zero00497
2016-08-04 20:04:31,356 INFO [org.junit.Test] zero00498
2016-08-04 20:04:31,356 INFO [org.junit.Test] zero00499
2016-08-04 20:04:31,356 INFO [org.junit.Test] zero00500
2016-08-04 20:04:31,356 INFO [org.junit.Test] zero00501
2016-08-04 20:04:31,356 INFO [org.junit.Test] zero00502
2016-08-04 20:04:31,356 INFO [org.junit.Test] zero00503
2016-08-04 20:04:31,356 INFO [org.junit.Test] zero00504
2016-08-04 20:04:31,356 INFO [org.junit.Test] zero00505
2016-08-04 20:04:31,356 INFO [org.junit.Test] zero00506
2016-08-04 20:04:31,356 INFO [org.junit.Test] zero00507
2016-08-04 20:04:31,356 INFO [org.junit.Test] zero00508
2016-08-04 20:04:31,356 INFO [org.junit.Test] zero00509
2016-08-04 20:04:31,356 INFO [org.junit.Test] zero00510
2016-08-04 20:04:31,356 INFO [org.junit.Test] zero00511
2016-08-04 20:04:31,356 INFO [org.junit.Test] zero00512
2016-08-04 20:04:31,356 INFO [org.junit.Test] zero00513
2016-08-04 20:04:31,356 INFO [org.junit.Test] zero00514
2016-08-04 20:04:31,356 INFO [org.junit.Test] zero00515
2016-08-04 20:04:31,356 INFO [org.junit.Test] zero00516
2016-08-04 20:04:31,356 INFO [org.junit.Test] zero00517
2016-08-04 20:04:31,356 INFO [org.junit.Test] zero00518
2016-08-04 20:04:31,356 INFO [org.junit.Test] zero00519
2016-08-04 20:04:31,356 INFO [org.junit.Test] zero00520
2016-08-04 20:04:31,356 INFO [org.junit.Test] zero00521
2016-08-04 20:04:31,356 INFO [org.junit.Test] zero00522
2016-08-04 20:04:31,356 INFO [org.junit.Test] zero00523
2016-08-04 20:04:31,356 INFO [org.junit.Test] zero00524
2016-08-04 20:04:31,356 INFO [org.junit.Test] zero00525
2016-08-04 20:04:31,356 INFO [org.junit.Test] zero00526
2016-08-04 20:04:31,356 INFO [org.junit.Test] zero00527
2016-08-04 20:04:31,356 INFO [org.junit.Test] zero00528
2016-08-04 20:04:31,356 INFO [org.junit.Test] zero00529
2016-08-04 20:04:31,356 INFO [org.junit.Test] zero00530
2016-08-04 20:04:31,356 INFO [org.junit.Test] zero00531
2016-08-04 20:04:31,356 INFO [org.junit.Test] zero00532
2016-08-04 20:04:31,356 INFO [org.junit.Test] zero00533
2016-08-04 20:04:31,356 INFO [org.junit.Test] zero00534
2016-08-04 20:04:31,356 INFO [org.junit.Test] zero00535
2016-08-04 20:04:31,356 INFO [org.junit.Test] zero00536
2016-08-04 20:04:31,356 INFO [org.junit.Test] zero00537
2016-08-04 20:04:31,356 INFO [org.junit.Test] zero00538
2016-08-04 20:04:31,356 INFO [org.junit.Test] zero00539
2016-08-04 20:04:31,356 INFO [org.junit.Test] zero00540
2016-08-04 20:04:31,356 INFO [org.junit.Test] zero00541
2016-08-04 20:04:31,356 INFO [org.junit.Test] zero00542
2016-08-04 20:04:31,356 INFO [org.junit.Test] zero00543
2016-08-04 20:04:31,356 INFO [org.junit.Test] zero00544
2016-08-04 20:04:31,356 INFO [org.junit.Test] zero00545
2016-08-04 20:04:31,356 INFO [org.junit.Test] zero00546
2016-08-04 20:04:31,356 INFO [org.junit.Test] zero00547
2016-08-04 20:04:31,356 INFO [org.junit.Test] zero00548
2016-08-04 20:04:31,356 INFO [org.junit.Test] zero00549
2016-08-04 20:04:31,356 INFO [org.junit.Test] zero00550
2016-08-04 20:04:31,356 INFO [org.junit.Test] zero00551
2016-08-04 20:04:31,356 INFO [org.junit.Test] zero00552
2016-08-04 20:04:31,356 INFO [org.junit.Test] zero00553
2016-08-04 20:04:31,356 INFO [org.junit.Test] zero00554
2016-08-04 20:04:31,356 INFO [org.junit.Test] zero00555
2016-08-04 20:04:31,356 INFO [org.junit.Test] zero00556
2016-08-04 20:04:31,356 INFO [org.junit.Test] zero00557
2016-08-04 20:04:31,356 INFO [org.junit.Test] zero00558
2016-08-04 20:04:31,356 INFO [org.junit.Test] zero00559
2016-08-04 20:04:31,356 INFO [org.junit.Test] zero00560
2016-08-04 20:04:31,356 INFO [org.junit.Test] zero00561
2016-08-04 20:04:31,356 INFO [org.junit.Test] zero00562
2016-08-04 20:04:31,356 INFO [org.junit.Test] zero00563
2016-08-04 20:04:31,356 INFO [org.junit.Test] zero00564
2016-08-04 20:04:31,356 INFO [org.junit.Test] zero00565
2016-08-04 20:04:31,356 INFO [org.junit.Test] zero00566
2016-08-04 20:04:31,356 INFO [org.junit.Test] zero00567
2016-08-04 20:04:31,356 INFO [org.junit.Test] zero00568
2016-08-04 20:04:31,356 INFO [org.junit.Test] zero00569
2016-08-04 20:04:31,356 INFO [org.junit.Test] zero00570
2016-08-04 20:04:31,356 INFO [org.junit.Test] zero00571
2016-08-04 20:04:31,356 INFO [org.junit.Test] zero00572
2016-08-04 20:04:31,356 INFO [org.junit.Test] zero00573
2016-08-04 20:04:31,356 INFO [org.junit.Test] zero00574
2016-08-04 20:04:31,356 INFO [org.junit.Test] zero00575
2016-08-04 20:04:31,356 INFO [org.junit.Test] zero00576
2016-08-04 20:04:31,356 INFO [org.junit.Test] zero00577
2016-08-04 20:04:31,356 INFO [org.junit.Test] zero00578
2016-08-04 20:04:31,356 INFO [org.junit.Test] zero00579
2016-08-04 20:04:31,356 INFO [org.junit.Test] zero00580
2016-08-04 20:04:31,356 INFO [org.junit.Test] zero00581
2016-08-04 20:04:31,356 INFO [org.junit.Test] zero00582
2016-08-04 20:04:31,356 INFO [org.junit.Test] zero00583
2016-08-04 20:04:31,356 INFO [org.junit.Test] zero00584
2016-08-04 20:04:31,356 INFO [org.junit.Test] zero00585
2016-08-04 20:04:31,356 INFO [org.junit.Test] zero00586
2016-08-04 20:04:31,356 INFO [org.junit.Test] zero00587
2016-08-04 20:04:31,356 INFO [org.junit.Test] zero00588
2016-08-04 20:04:31,356 INFO [org.junit.Test] zero00589
2016-08-04 20:04:31,356 INFO [org.junit.Test] zero00590
2016-08-04 20:04:31,356 INFO [org.junit.Test] zero00591
2016-08-04 20:04:31,356 INFO [org.junit.Test] zero00592
2016-08-04 20:04:31,356 INFO [org.junit.Test] zero00593
2016-08-04 20:04:31,356 INFO [org.junit.Test] zero00594
2016-08-04 20:04:31,356 INFO [org.junit.Test] zero00595
2016-08-04 20:04:31,356 INFO [org.junit.Test] zero00596
2016-08-04 20:04:31,356 INFO [org.junit.Test] zero00597
2016-08-04 20:04:31,356 INFO [org.junit.Test] zero00598
2016-08-04 20:04:31,356 INFO [org.junit.Test] zero00599
2016-08-04 20:04:31,356 INFO [org.junit.Test] zero00600
2016-08-04 20:04:31,356 INFO [org.junit.Test] zero00601
2016-08-04 20:04:31,356 INFO [org.junit.Test] zero00602
2016-08-04 20:04:31,356 INFO [org.junit.Test] zero00603
2016-08-04 20:04:31,356 INFO [org.junit.Test] zero00604
2016-08-04 20:04:31,356 INFO [org.junit.Test] zero00605
2016-08-04 20:04:31,356 INFO [org.junit.Test] zero00606
2016-08-04 20:04:31,356 INFO [org.junit.Test] zero00607
2016-08-04 20:04:31,356 INFO [org.junit.Test] zero00608
2016-08-04 20:04:31,356 INFO [org.junit.Test] zero00609
2016-08-04 20:04:31,356 INFO [org.junit.Test] zero00610
2016-08-04 20:04:31,356 INFO [org.junit.Test] zero00611
2016-08-04 20:04:31,356 INFO [org.junit.Test] zero00612
2016-08-04 20:04:31,356 INFO [org.junit.Test] zero00613
2016-08-04 20:04:31,356 INFO [org.junit.Test] zero00614
2016-08-04 20:04:31,356 INFO [org.junit.Test] zero00615
2016-08-04 20:04:31,356 INFO [org.junit.Test] zero00616
2016-08-04 20:04:31,356 INFO [org.junit.Test] zero00617
2016-08-04 20:04:31,356 INFO [org.junit.Test] zero00618
2016-08-04 20:04:31,356 INFO [org.junit.Test] zero00619
2016-08-04 20:04:31,356 INFO [org.junit.Test] zero00620
2016-08-04 20:04:31,356 INFO [org.junit.Test] zero00621
2016-08-04 20:04:31,356 INFO [org.junit.Test] zero00622
2016-08-04 20:04:31,356 INFO [org.junit.Test] zero00623
2016-08-04 20:04:31,356 INFO [org.junit.Test] zero00624
2016-08-04 20:04:31,356 INFO [org.junit.Test] zero00625
2016-08-04 20:04:31,356 INFO [org.junit.Test] zero00626
2016-08-04 20:04:31,356 INFO [org.junit.Test] zero00627
2016-08-04 20:04:31,356 INFO [org.junit.Test] zero00628
2016-08-04 20:04:31,356 INFO [org.junit.Test] zero00629
2016-08-04 20:04:31,356 INFO [org.junit.Test] zero00630
2016-08-04 20:04:31,356 INFO [org.junit.Test] zero00631
2016-08-04 20:04:31,356 INFO [org.junit.Test] zero00632
2016-08-04 20:04:31,356 INFO [org.junit.Test] zero00633
2016-08-04 20:04:31,356 INFO [org.junit.Test] zero00634
2016-08-04 20:04:31,356 INFO [org.junit.Test] zero00635
2016-08-04 20:04:31,356 INFO [org.junit.Test] zero00636
2016-08-04 20:04:31,356 INFO [org.junit.Test] zero00637
2016-08-04 20:04:31,356 INFO [org.junit.Test] zero00638
2016-08-04 20:04:31,356 INFO [org.junit.Test] zero00639
2016-08-04 20:04:31,356 INFO [org.junit.Test] zero00640
2016-08-04 20:04:31,356 INFO [org.junit.Test] zero00641
2016-08-04 20:04:31,356 INFO [org.junit.Test] zero00642
2016-08-04 20:04:31,356 INFO [org.junit.Test] zero00643
2016-08-04 20:04:31,356 INFO [org.junit.Test] zero00644
2016-08-04 20:04:31,356 INFO [org.junit.Test] zero00645
2016-08-04 20:04:31,356 INFO [org.junit.Test] zero00646
2016-08-04 20:04:31,356 INFO [org.junit.Test] zero00647
2016-08-04 20:04:31,356 INFO [org.junit.Test] zero00648
2016-08-04 20:04:31,356 INFO [org.junit.Test] zero00649
2016-08-04 20:04:31,356 INFO [org.junit.Test] zero00650
2016-08-04 20:04:31,356 INFO [org.junit.Test] zero00651
2016-08-04 20:04:31,356 INFO [org.junit.Test] zero00652
2016-08-04 20:04:31,356 INFO [org.junit.Test] zero00653
2016-08-04 20:04:31,356 INFO [org.junit.Test] zero00654
2016-08-04 20:04:31,356 INFO [org.junit.Test] zero00655
2016-08-04 20:04:31,356 INFO [org.junit.Test] zero00656
2016-08-04 20:04:31,356 INFO [org.junit.Test] zero00657
2016-08-04 20:04:31,356 INFO [org.junit.Test] zero00658
2016-08-04 20:04:31,356 INFO [org.junit.Test] zero00659
2016-08-04 20:04:31,356 INFO [org.junit.Test] zero00660
2016-08-04 20:04:31,356 INFO [org.junit.Test] zero00661
2016-08-04 20:04:31,356 INFO [org.junit.Test] zero00662
2016-08-04 20:04:31,356 INFO [org.junit.Test] zero00663
2016-08-04 20:04:31,356 INFO [org.junit.Test] zero00664
2016-08-04 20:04:31,356 INFO [org.junit.Test] zero00665
2016-08-04 20:04:31,356 INFO [org.junit.Test] zero00666
2016-08-04 20:04:31,356 INFO [org.junit.Test] zero00667
2016-08-04 20:04:31,356 INFO [org.junit.Test] zero00668
2016-08-04 20:04:31,356 INFO [org.junit.Test] zero00669
2016-08-04 20:04:31,356 INFO [org.junit.Test] zero00670
2016-08-04 20:04:31,356 INFO [org.junit.Test] zero00671
2016-08-04 20:04:31,356 INFO [org.junit.Test] zero00672
2016-08-04 20:04:31,356 INFO [org.junit.Test] zero00673
2016-08-04 20:04:31,356 INFO [org.junit.Test] zero00674
2016-08-04 20:04:31,356 INFO [org.junit.Test] zero00675
2016-08-04 20:04:31,356 INFO [org.junit.Test] zero00676
2016-08-04 20:04:31,356 INFO [org.junit.Test] zero00677
2016-08-04 20:04:31,356 INFO [org.junit.Test] zero00678
2016-08-04 20:04:31,356 INFO [org.junit.Test] zero00679
2016-08-04 20:04:31,356 INFO [org.junit.Test] zero00680
2016-08-04 20:04:31,356 INFO [org.junit.Test] zero00681
2016-08-04 20:04:31,356 INFO [org.junit.Test] zero00682
2016-08-04 20:04:31,356 INFO [org.junit.Test] zero00683
2016-08-04 20:04:31,356 INFO [org.junit.Test] zero00684
2016-08-04 20:04:31,356 INFO [org.junit.Test] zero00685
2016-08-04 20:04:31,356 INFO [org.junit.Test] zero00686
2016-08-04 20:04:31,356 INFO [org.junit.Test] zero00687
2016-08-04 20:04:31,356 INFO [org.junit.Test] zero00688
2016-08-04 20:04:31,356 INFO [org.junit.Test] zero00689
2016-08-04 20:04:31,356 INFO [org.junit.Test] zero00690
2016-08-04 20:04:31,356 INFO [org.junit.Test] zero00691
2016-08-04 20:04:31,356 INFO [org.junit.Test] zero00692
2016-08-04 20:04:31,356 INFO [org.junit.Test] zero00693
2016-08-04 20:04:31,356 INFO [org.junit.Test] zero00694
2016-08-04 20:04:31,356 INFO [org.junit.Test] zero00695
2016-08-04 20:04:31,356 INFO [org.junit.Test] zero00696
2016-08-04 20:04:31,356 INFO [org.junit.Test] zero00697
2016-08-04 20:04:31,356 INFO [org.junit.Test] zero00698
2016-08-04 20:04:31,356 INFO [org.junit.Test] zero00699
2016-08-04 20:04:31,356 INFO [org.junit.Test] zero00700
2016-08-04 20:04:31,356 INFO [org.junit.Test] zero00701
2016-08-04 20:04:31,356 INFO [org.junit.Test] zero00702
2016-08-04 20:04:31,356 INFO [org.junit.Test] zero00703
2016-08-04 20:04:31,356 INFO [org.junit.Test] zero00704
2016-08-04 20:04:31,356 INFO [org.junit.Test] zero00705
2016-08-04 20:04:31,356 INFO [org.junit.Test] zero00706
2016-08-04 20:04:31,356 INFO [org.junit.Test] zero00707
2016-08-04 20:04:31,356 INFO [org.junit.Test] zero00708
2016-08-04 20:04:31,356 INFO [org.junit.Test] zero00709
2016-08-04 20:04:31,356 INFO [org.junit.Test] zero00710
2016-08-04 20:04:31,356 INFO [org.junit.Test] zero00711
2016-08-04 20:04:31,356 INFO [org.junit.Test] zero00712
2016-08-04 20:04:31,356 INFO [org.junit.Test] zero00713
2016-08-04 20:04:31,356 INFO [org.junit.Test] zero00714
2016-08-04 20:04:31,356 INFO [org.junit.Test] zero00715
2016-08-04 20:04:31,356 INFO [org.junit.Test] zero00716
2016-08-04 20:04:31,356 INFO [org.junit.Test] zero00717
2016-08-04 20:04:31,356 INFO [org.junit.Test] zero00718
2016-08-04 20:04:31,356 INFO [org.junit.Test] zero00719
2016-08-04 20:04:31,356 INFO [org.junit.Test] zero00720
2016-08-04 20:04:31,356 INFO [org.junit.Test] zero00721
2016-08-04 20:04:31,356 INFO [org.junit.Test] zero00722
2016-08-04 20:04:31,356 INFO [org.junit.Test] zero00723
2016-08-04 20:04:31,356 INFO [org.junit.Test] zero00724
2016-08-04 20:04:31,356 INFO [org.junit.Test] zero00725
2016-08-04 20:04:31,356 INFO [org.junit.Test] zero00726
2016-08-04 20:04:31,356 INFO [org.junit.Test] zero00727
2016-08-04 20:04:31,356 INFO [org.junit.Test] zero00728
2016-08-04 20:04:31,356 INFO [org.junit.Test] zero00729
2016-08-04 20:04:31,356 INFO [org.junit.Test] zero00730
2016-08-04 20:04:31,356 INFO [org.junit.Test] zero00731
2016-08-04 20:04:31,356 INFO [org.junit.Test] zero00732
2016-08-04 20:04:31,356 INFO [org.junit.Test] zero00733
2016-08-04 20:04:31,356 INFO [org.junit.Test] zero00734
2016-08-04 20:04:31,356 INFO [org.junit.Test] zero00735
2016-08-04 20:04:31,356 INFO [org.junit.Test] zero00736
2016-08-04 20:04:31,356 INFO [org.junit.Test] zero00737
2016-08-04 20:04:31,356 INFO [org.junit.Test] zero00738
2016-08-04 20:04:31,356 INFO [org.junit.Test] zero00739
2016-08-04 20:04:31,356 INFO [org.junit.Test] zero00740
2016-08-04 20:04:31,356 INFO [org.junit.Test] zero00741
2016-08-04 20:04:31,356 INFO [org.junit.Test] zero00742
2016-08-04 20:04:31,356 INFO [org.junit.Test] zero00743
2016-08-04 20:04:31,356 INFO [org.junit.Test] zero00744
2016-08-04 20:04:31,356 INFO [org.junit.Test] zero00745
2016-08-04 20:04:31,356 INFO [org.junit.Test] zero00746
2016-08-04 20:04:31,356 INFO [org.junit.Test] zero00747
2016-08-04 20:04:31,356 INFO [org.junit.Test] zero00748
2016-08-04 20:04:31,356 INFO [org.junit.Test] zero00749
2016-08-04 20:04:31,356 INFO [org.junit.Test] zero00750
2016-08-04 20:04:31,356 INFO [org.junit.Test] zero00751
2016-08-04 20:04:31,356 INFO [org.junit.Test] zero00752
2016-08-04 20:04:31,356 INFO [org.junit.Test] zero00753
2016-08-04 20:04:31,356 INFO [org.junit.Test] zero00754
2016-08-04 20:04:31,356 INFO [org.junit.Test] zero00755
2016-08-04 20:04:31,356 INFO [org.junit.Test] zero00756
2016-08-04 20:04:31,356 INFO [org.junit.Test] zero00757
2016-08-04 20:04:31,356 INFO [org.junit.Test] zero00758
2016-08-04 20:04:31,356 INFO [org.junit.Test] zero00759
2016-08-04 20:04:31,356 INFO [org.junit.Test] zero00760
2016-08-04 20:04:31,356 INFO [org.junit.Test] zero00761
2016-08-04 20:04:31,356 INFO [org.junit.Test] zero00762
2016-08-04 20:04:31,356 INFO [org.junit.Test] zero00763
2016-08-04 20:04:31,357 INFO [org.junit.Test] zero00764
2016-08-04 20:04:31,357 INFO [org.junit.Test] zero00765
2016-08-04 20:04:31,357 INFO [org.junit.Test] zero00766
2016-08-04 20:04:31,357 INFO [org.junit.Test] zero00767
2016-08-04 20:04:31,357 INFO [org.junit.Test] zero00768
2016-08-04 20:04:31,357 INFO [org.junit.Test] zero00769
2016-08-04 20:04:31,357 INFO [org.junit.Test] zero00770
2016-08-04 20:04:31,357 INFO [org.junit.Test] zero00771
2016-08-04 20:04:31,357 INFO [org.junit.Test] zero00772
2016-08-04 20:04:31,357 INFO [org.junit.Test] zero00773
2016-08-04 20:04:31,357 INFO [org.junit.Test] zero00774
2016-08-04 20:04:31,357 INFO [org.junit.Test] zero00775
2016-08-04 20:04:31,357 INFO [org.junit.Test] zero00776
2016-08-04 20:04:31,357 INFO [org.junit.Test] zero00777
2016-08-04 20:04:31,357 INFO [org.junit.Test] zero00778
2016-08-04 20:04:31,357 INFO [org.junit.Test] zero00779
2016-08-04 20:04:31,357 INFO [org.junit.Test] zero00780
2016-08-04 20:04:31,357 INFO [org.junit.Test] zero00781
2016-08-04 20:04:31,357 INFO [org.junit.Test] zero00782
2016-08-04 20:04:31,357 INFO [org.junit.Test] zero00783
2016-08-04 20:04:31,357 INFO [org.junit.Test] zero00784
2016-08-04 20:04:31,357 INFO [org.junit.Test] zero00785
2016-08-04 20:04:31,357 INFO [org.junit.Test] zero00786
2016-08-04 20:04:31,357 INFO [org.junit.Test] zero00787
2016-08-04 20:04:31,357 INFO [org.junit.Test] zero00788
2016-08-04 20:04:31,357 INFO [org.junit.Test] zero00789
2016-08-04 20:04:31,357 INFO [org.junit.Test] zero00790
2016-08-04 20:04:31,357 INFO [org.junit.Test] zero00791
2016-08-04 20:04:31,357 INFO [org.junit.Test] zero00792
2016-08-04 20:04:31,357 INFO [org.junit.Test] zero00793
2016-08-04 20:04:31,357 INFO [org.junit.Test] zero00794
2016-08-04 20:04:31,357 INFO [org.junit.Test] zero00795
2016-08-04 20:04:31,357 INFO [org.junit.Test] zero00796
2016-08-04 20:04:31,357 INFO [org.junit.Test] zero00797
2016-08-04 20:04:31,357 INFO [org.junit.Test] zero00798
2016-08-04 20:04:31,357 INFO [org.junit.Test] zero00799
2016-08-04 20:04:31,357 INFO [org.junit.Test] zero00800
2016-08-04 20:04:31,357 INFO [org.junit.Test] zero00801
2016-08-04 20:04:31,357 INFO [org.junit.Test] zero00802
2016-08-04 20:04:31,357 INFO [org.junit.Test] zero00803
2016-08-04 20:04:31,357 INFO [org.junit.Test] zero00804
2016-08-04 20:04:31,357 INFO [org.junit.Test] zero00805
2016-08-04 20:04:31,357 INFO [org.junit.Test] zero00806
2016-08-04 20:04:31,357 INFO [org.junit.Test] zero00807
2016-08-04 20:04:31,357 INFO [org.junit.Test] zero00808
2016-08-04 20:04:31,357 INFO [org.junit.Test] zero00809
2016-08-04 20:04:31,357 INFO [org.junit.Test] zero00810
2016-08-04 20:04:31,357 INFO [org.junit.Test] zero00811
2016-08-04 20:04:31,357 INFO [org.junit.Test] zero00812
2016-08-04 20:04:31,357 INFO [org.junit.Test] zero00813
2016-08-04 20:04:31,357 INFO [org.junit.Test] zero00814
2016-08-04 20:04:31,357 INFO [org.junit.Test] zero00815
2016-08-04 20:04:31,357 INFO [org.junit.Test] zero00816
2016-08-04 20:04:31,357 INFO [org.junit.Test] zero00817
2016-08-04 20:04:31,357 INFO [org.junit.Test] zero00818
2016-08-04 20:04:31,357 INFO [org.junit.Test] zero00819
2016-08-04 20:04:31,357 INFO [org.junit.Test] zero00820
2016-08-04 20:04:31,357 INFO [org.junit.Test] zero00821
2016-08-04 20:04:31,357 INFO [org.junit.Test] zero00822
2016-08-04 20:04:31,357 INFO [org.junit.Test] zero00823
2016-08-04 20:04:31,357 INFO [org.junit.Test] zero00824
2016-08-04 20:04:31,357 INFO [org.junit.Test] zero00825
2016-08-04 20:04:31,357 INFO [org.junit.Test] zero00826
2016-08-04 20:04:31,357 INFO [org.junit.Test] zero00827
2016-08-04 20:04:31,357 INFO [org.junit.Test] zero00828
2016-08-04 20:04:31,357 INFO [org.junit.Test] zero00829
2016-08-04 20:04:31,357 INFO [org.junit.Test] zero00830
2016-08-04 20:04:31,357 INFO [org.junit.Test] zero00831
2016-08-04 20:04:31,357 INFO [org.junit.Test] zero00832
2016-08-04 20:04:31,357 INFO [org.junit.Test] zero00833
2016-08-04 20:04:31,357 INFO [org.junit.Test] zero00834
2016-08-04 20:04:31,357 INFO [org.junit.Test] zero00835
2016-08-04 20:04:31,357 INFO [org.junit.Test] zero00836
2016-08-04 20:04:31,357 INFO [org.junit.Test] zero00837
2016-08-04 20:04:31,357 INFO [org.junit.Test] zero00838
2016-08-04 20:04:31,357 INFO [org.junit.Test] zero00839
2016-08-04 20:04:31,357 INFO [org.junit.Test] zero00840
2016-08-04 20:04:31,357 INFO [org.junit.Test] zero00841
2016-08-04 20:04:31,357 INFO [org.junit.Test] zero00842
2016-08-04 20:04:31,357 INFO [org.junit.Test] zero00843
2016-08-04 20:04:31,357 INFO [org.junit.Test] zero00844
2016-08-04 20:04:31,357 INFO [org.junit.Test] zero00845
2016-08-04 20:04:31,357 INFO [org.junit.Test] zero00846
2016-08-04 20:04:31,357 INFO [org.junit.Test] zero00847
2016-08-04 20:04:31,357 INFO [org.junit.Test] zero00848
2016-08-04 20:04:31,357 INFO [org.junit.Test] zero00849
2016-08-04 20:04:31,357 INFO [org.junit.Test] zero00850
2016-08-04 20:04:31,357 INFO [org.junit.Test] zero00851
2016-08-04 20:04:31,357 INFO [org.junit.Test] zero00852
2016-08-04 20:04:31,357 INFO [org.junit.Test] zero00853
2016-08-04 20:04:31,357 INFO [org.junit.Test] zero00854
2016-08-04 20:04:31,357 INFO [org.junit.Test] zero00855
2016-08-04 20:04:31,357 INFO [org.junit.Test] zero00856
2016-08-04 20:04:31,357 INFO [org.junit.Test] zero00857
2016-08-04 20:04:31,357 INFO [org.junit.Test] zero00858
2016-08-04 20:04:31,357 INFO [org.junit.Test] zero00859
2016-08-04 20:04:31,357 INFO [org.junit.Test] zero00860
2016-08-04 20:04:31,357 INFO [org.junit.Test] zero00861
2016-08-04 20:04:31,357 INFO [org.junit.Test] zero00862
2016-08-04 20:04:31,357 INFO [org.junit.Test] zero00863
2016-08-04 20:04:31,357 INFO [org.junit.Test] zero00864
2016-08-04 20:04:31,357 INFO [org.junit.Test] zero00865
2016-08-04 20:04:31,357 INFO [org.junit.Test] zero00866
2016-08-04 20:04:31,357 INFO [org.junit.Test] zero00867
2016-08-04 20:04:31,357 INFO [org.junit.Test] zero00868
2016-08-04 20:04:31,357 INFO [org.junit.Test] zero00869
2016-08-04 20:04:31,357 INFO [org.junit.Test] zero00870
2016-08-04 20:04:31,357 INFO [org.junit.Test] zero00871
2016-08-04 20:04:31,357 INFO [org.junit.Test] zero00872
2016-08-04 20:04:31,357 INFO [org.junit.Test] zero00873
2016-08-04 20:04:31,357 INFO [org.junit.Test] zero00874
2016-08-04 20:04:31,357 INFO [org.junit.Test] zero00875
2016-08-04 20:04:31,357 INFO [org.junit.Test] zero00876
2016-08-04 20:04:31,357 INFO [org.junit.Test] zero00877
2016-08-04 20:04:31,357 INFO [org.junit.Test] zero00878
2016-08-04 20:04:31,357 INFO [org.junit.Test] zero00879
2016-08-04 20:04:31,357 INFO [org.junit.Test] zero00880
2016-08-04 20:04:31,357 INFO [org.junit.Test] zero00881
2016-08-04 20:04:31,357 INFO [org.junit.Test] zero00882
2016-08-04 20:04:31,357 INFO [org.junit.Test] zero00883
2016-08-04 20:04:31,357 INFO [org.junit.Test] zero00884
2016-08-04 20:04:31,357 INFO [org.junit.Test] zero00885
2016-08-04 20:04:31,357 INFO [org.junit.Test] zero00886
2016-08-04 20:04:31,357 INFO [org.junit.Test] zero00887
2016-08-04 20:04:31,357 INFO [org.junit.Test] zero00888
2016-08-04 20:04:31,357 INFO [org.junit.Test] zero00889
2016-08-04 20:04:31,357 INFO [org.junit.Test] zero00890
2016-08-04 20:04:31,357 INFO [org.junit.Test] zero00891
2016-08-04 20:04:31,357 INFO [org.junit.Test] zero00892
2016-08-04 20:04:31,357 INFO [org.junit.Test] zero00893
2016-08-04 20:04:31,357 INFO [org.junit.Test] zero00894
2016-08-04 20:04:31,357 INFO [org.junit.Test] zero00895
2016-08-04 20:04:31,357 INFO [org.junit.Test] zero00896
2016-08-04 20:04:31,357 INFO [org.junit.Test] zero00897
2016-08-04 20:04:31,357 INFO [org.junit.Test] zero00898
2016-08-04 20:04:31,357 INFO [org.junit.Test] zero00899
2016-08-04 20:04:31,357 INFO [org.junit.Test] zero00900
2016-08-04 20:04:31,357 INFO [org.junit.Test] zero00901
2016-08-04 20:04:31,357 INFO [org.junit.Test] zero00902
2016-08-04 20:04:31,357 INFO [org.junit.Test] zero00903
2016-08-04 20:04:31,357 INFO [org.junit.Test] zero00904
2016-08-04 20:04:31,357 INFO [org.junit.Test] zero00905
2016-08-04 20:04:31,357 INFO [org.junit.Test] zero00906
2016-08-04 20:04:31,357 INFO [org.junit.Test] zero00907
2016-08-04 20:04:31,357 INFO [org.junit.Test] zero00908
2016-08-04 20:04:31,357 INFO [org.junit.Test] zero00909
2016-08-04 20:04:31,357 INFO [org.junit.Test] zero00910
2016-08-04 20:04:31,357 INFO [org.junit.Test] zero00911
2016-08-04 20:04:31,357 INFO [org.junit.Test] zero00912
2016-08-04 20:04:31,357 INFO [org.junit.Test] zero00913
2016-08-04 20:04:31,357 INFO [org.junit.Test] zero00914
2016-08-04 20:04:31,357 INFO [org.junit.Test] zero00915
2016-08-04 20:04:31,357 INFO [org.junit.Test] zero00916
2016-08-04 20:04:31,357 INFO [org.junit.Test] zero00917
2016-08-04 20:04:31,357 INFO [org.junit.Test] zero00918
2016-08-04 20:04:31,357 INFO [org.junit.Test] zero00919
2016-08-04 20:04:31,357 INFO [org.junit.Test] zero00920
2016-08-04 20:04:31,357 INFO [org.junit.Test] zero00921
2016-08-04 20:04:31,357 INFO [org.junit.Test] zero00922
2016-08-04 20:04:31,357 INFO [org.junit.Test] zero00923
2016-08-04 20:04:31,357 INFO [org.junit.Test] zero00924
2016-08-04 20:04:31,357 INFO [org.junit.Test] zero00925
2016-08-04 20:04:31,357 INFO [org.junit.Test] zero00926
2016-08-04 20:04:31,357 INFO [org.junit.Test] zero00927
2016-08-04 20:04:31,357 INFO [org.junit.Test] zero00928
2016-08-04 20:04:31,357 INFO [org.junit.Test] zero00929
2016-08-04 20:04:31,357 INFO [org.junit.Test] zero00930
2016-08-04 20:04:31,357 INFO [org.junit.Test] zero00931
2016-08-04 20:04:31,357 INFO [org.junit.Test] zero00932
2016-08-04 20:04:31,357 INFO [org.junit.Test] zero00933
2016-08-04 20:04:31,357 INFO [org.junit.Test] zero00934
2016-08-04 20:04:31,357 INFO [org.junit.Test] zero00935
2016-08-04 20:04:31,357 INFO [org.junit.Test] zero00936
2016-08-04 20:04:31,357 INFO [org.junit.Test] zero00937
2016-08-04 20:04:31,357 INFO [org.junit.Test] zero00938
2016-08-04 20:04:31,357 INFO [org.junit.Test] zero00939
2016-08-04 20:04:31,357 INFO [org.junit.Test] zero00940
2016-08-04 20:04:31,357 INFO [org.junit.Test] zero00941
2016-08-04 20:04:31,357 INFO [org.junit.Test] zero00942
2016-08-04 20:04:31,357 INFO [org.junit.Test] zero00943
2016-08-04 20:04:31,357 INFO [org.junit.Test] zero00944
2016-08-04 20:04:31,357 INFO [org.junit.Test] zero00945
2016-08-04 20:04:31,357 INFO [org.junit.Test] zero00946
2016-08-04 20:04:31,357 INFO [org.junit.Test] zero00947
2016-08-04 20:04:31,357 INFO [org.junit.Test] zero00948
2016-08-04 20:04:31,357 INFO [org.junit.Test] zero00949
2016-08-04 20:04:31,357 INFO [org.junit.Test] zero00950
2016-08-04 20:04:31,357 INFO [org.junit.Test] zero00951
2016-08-04 20:04:31,357 INFO [org.junit.Test] zero00952
2016-08-04 20:04:31,357 INFO [org.junit.Test] zero00953
2016-08-04 20:04:31,357 INFO [org.junit.Test] zero00954
2016-08-04 20:04:31,357 INFO [org.junit.Test] zero00955
2016-08-04 20:04:31,357 INFO [org.junit.Test] zero00956
2016-08-04 20:04:31,357 INFO [org.junit.Test] zero00957
2016-08-04 20:04:31,357 INFO [org.junit.Test] zero00958
2016-08-04 20:04:31,357 INFO [org.junit.Test] zero00959
2016-08-04 20:04:31,357 INFO [org.junit.Test] zero00960
2016-08-04 20:04:31,357 INFO [org.junit.Test] zero00961
2016-08-04 20:04:31,357 INFO [org.junit.Test] zero00962
2016-08-04 20:04:31,357 INFO [org.junit.Test] zero00963
2016-08-04 20:04:31,357 INFO [org.junit.Test] zero00964
2016-08-04 20:04:31,357 INFO [org.junit.Test] zero00965
2016-08-04 20:04:31,357 INFO [org.junit.Test] zero00966
2016-08-04 20:04:31,357 INFO [org.junit.Test] zero00967
2016-08-04 20:04:31,357 INFO [org.junit.Test] zero00968
2016-08-04 20:04:31,357 INFO [org.junit.Test] zero00969
2016-08-04 20:04:31,357 INFO [org.junit.Test] zero00970
2016-08-04 20:04:31,357 INFO [org.junit.Test] zero00971
2016-08-04 20:04:31,357 INFO [org.junit.Test] zero00972
2016-08-04 20:04:31,357 INFO [org.junit.Test] zero00973
2016-08-04 20:04:31,357 INFO [org.junit.Test] zero00974
2016-08-04 20:04:31,357 INFO [org.junit.Test] zero00975
2016-08-04 20:04:31,357 INFO [org.junit.Test] zero00976
2016-08-04 20:04:31,357 INFO [org.junit.Test] zero00977
2016-08-04 20:04:31,357 INFO [org.junit.Test] zero00978
2016-08-04 20:04:31,357 INFO [org.junit.Test] zero00979
2016-08-04 20:04:31,357 INFO [org.junit.Test] zero00980
2016-08-04 20:04:31,357 INFO [org.junit.Test] zero00981
2016-08-04 20:04:31,357 INFO [org.junit.Test] zero00982
2016-08-04 20:04:31,357 INFO [org.junit.Test] zero00983
2016-08-04 20:04:31,357 INFO [org.junit.Test] zero00984
2016-08-04 20:04:31,357 INFO [org.junit.Test] zero00985
2016-08-04 20:04:31,357 INFO [org.junit.Test] zero00986
2016-08-04 20:04:31,357 INFO [org.junit.Test] zero00987
2016-08-04 20:04:31,357 INFO [org.junit.Test] zero00988
2016-08-04 20:04:31,357 INFO [org.junit.Test] zero00989
2016-08-04 20:04:31,357 INFO [org.junit.Test] zero00990
2016-08-04 20:04:31,357 INFO [org.junit.Test] zero00991
2016-08-04 20:04:31,357 INFO [org.junit.Test] zero00992
2016-08-04 20:04:31,357 INFO [org.junit.Test] zero00993
2016-08-04 20:04:31,357 INFO [org.junit.Test] zero00994
2016-08-04 20:04:31,357 INFO [org.junit.Test] zero00995
2016-08-04 20:04:31,357 INFO [org.junit.Test] zero00996
2016-08-04 20:04:31,357 INFO [org.junit.Test] zero00997
2016-08-04 20:04:31,357 INFO [org.junit.Test] zero00998
2016-08-04 20:04:31,357 INFO [org.junit.Test] zero00999
2016-08-04 20:04:34,357 INFO [org.junit.Test] zero000
2016-08-04 20:04:34,357 INFO [org.junit.Test] zero001
2016-08-04 20:04:34,357 INFO [org.junit.Test] zero002
2016-08-04 20:04:34,357 INFO [org.junit.Test] zero003
2016-08-04 20:04:34,357 INFO [org.junit.Test] zero004
2016-08-04 20:04:34,357 INFO [org.junit.Test] zero005
2016-08-04 20:04:34,357 INFO [org.junit.Test] zero006
2016-08-04 20:04:34,357 INFO [org.junit.Test] zero007
2016-08-04 20:04:34,357 INFO [org.junit.Test] zero008
2016-08-04 20:04:34,357 INFO [org.junit.Test] zero009
2016-08-04 20:04:34,357 INFO [org.junit.Test] zero0010
2016-08-04 20:04:34,357 INFO [org.junit.Test] zero0011
2016-08-04 20:04:34,357 INFO [org.junit.Test] zero0012
2016-08-04 20:04:34,357 INFO [org.junit.Test] zero0013
2016-08-04 20:04:34,357 INFO [org.junit.Test] zero0014
2016-08-04 20:04:34,357 INFO [org.junit.Test] zero0015
2016-08-04 20:04:34,357 INFO [org.junit.Test] zero0016
2016-08-04 20:04:34,357 INFO [org.junit.Test] zero0017
2016-08-04 20:04:34,357 INFO [org.junit.Test] zero0018
2016-08-04 20:04:34,357 INFO [org.junit.Test] zero0019
2016-08-04 20:04:34,357 INFO [org.junit.Test] zero0020
2016-08-04 20:04:34,357 INFO [org.junit.Test] zero0021
2016-08-04 20:04:34,357 INFO [org.junit.Test] zero0022
2016-08-04 20:04:34,357 INFO [org.junit.Test] zero0023
2016-08-04 20:04:34,357 INFO [org.junit.Test] zero0024
2016-08-04 20:04:34,357 INFO [org.junit.Test] zero0025
2016-08-04 20:04:34,357 INFO [org.junit.Test] zero0026
2016-08-04 20:04:34,357 INFO [org.junit.Test] zero0027
2016-08-04 20:04:34,357 INFO [org.junit.Test] zero0028
2016-08-04 20:04:34,357 INFO [org.junit.Test] zero0029
2016-08-04 20:04:34,357 INFO [org.junit.Test] zero0030
2016-08-04 20:04:34,357 INFO [org.junit.Test] zero0031
2016-08-04 20:04:34,357 INFO [org.junit.Test] zero0032
2016-08-04 20:04:34,357 INFO [org.junit.Test] zero0033
2016-08-04 20:04:34,357 INFO [org.junit.Test] zero0034
2016-08-04 20:04:34,357 INFO [org.junit.Test] zero0035
2016-08-04 20:04:34,357 INFO [org.junit.Test] zero0036
2016-08-04 20:04:34,357 INFO [org.junit.Test] zero0037
2016-08-04 20:04:34,357 INFO [org.junit.Test] zero0038
2016-08-04 20:04:34,357 INFO [org.junit.Test] zero0039
2016-08-04 20:04:34,357 INFO [org.junit.Test] zero0040
2016-08-04 20:04:34,357 INFO [org.junit.Test] zero0041
2016-08-04 20:04:34,357 INFO [org.junit.Test] zero0042
2016-08-04 20:04:34,357 INFO [org.junit.Test] zero0043
2016-08-04 20:04:34,357 INFO [org.junit.Test] zero0044
2016-08-04 20:04:34,357 INFO [org.junit.Test] zero0045
2016-08-04 20:04:34,357 INFO [org.junit.Test] zero0046
2016-08-04 20:04:34,357 INFO [org.junit.Test] zero0047
2016-08-04 20:04:34,357 INFO [org.junit.Test] zero0048
2016-08-04 20:04:34,357 INFO [org.junit.Test] zero0049
2016-08-04 20:04:34,357 INFO [org.junit.Test] zero0050
2016-08-04 20:04:34,357 INFO [org.junit.Test] zero0051
2016-08-04 20:04:34,357 INFO [org.junit.Test] zero0052
2016-08-04 20:04:34,357 INFO [org.junit.Test] zero0053
2016-08-04 20:04:34,357 INFO [org.junit.Test] zero0054
2016-08-04 20:04:34,357 INFO [org.junit.Test] zero0055
2016-08-04 20:04:34,357 INFO [org.junit.Test] zero0056
2016-08-04 20:04:34,357 INFO [org.junit.Test] zero0057
2016-08-04 20:04:34,357 INFO [org.junit.Test] zero0058
2016-08-04 20:04:34,357 INFO [org.junit.Test] zero0059
2016-08-04 20:04:34,357 INFO [org.junit.Test] zero0060
2016-08-04 20:04:34,357 INFO [org.junit.Test] zero0061
2016-08-04 20:04:34,357 INFO [org.junit.Test] zero0062
2016-08-04 20:04:34,357 INFO [org.junit.Test] zero0063
2016-08-04 20:04:34,357 INFO [org.junit.Test] zero0064
2016-08-04 20:04:34,357 INFO [org.junit.Test] zero0065
2016-08-04 20:04:34,357 INFO [org.junit.Test] zero0066
2016-08-04 20:04:34,357 INFO [org.junit.Test] zero0067
2016-08-04 20:04:34,357 INFO [org.junit.Test] zero0068
2016-08-04 20:04:34,357 INFO [org.junit.Test] zero0069
2016-08-04 20:04:34,357 INFO [org.junit.Test] zero0070
2016-08-04 20:04:34,357 INFO [org.junit.Test] zero0071
2016-08-04 20:04:34,357 INFO [org.junit.Test] zero0072
2016-08-04 20:04:34,357 INFO [org.junit.Test] zero0073
2016-08-04 20:04:34,357 INFO [org.junit.Test] zero0074
2016-08-04 20:04:34,357 INFO [org.junit.Test] zero0075
2016-08-04 20:04:34,357 INFO [org.junit.Test] zero0076
2016-08-04 20:04:34,357 INFO [org.junit.Test] zero0077
2016-08-04 20:04:34,357 INFO [org.junit.Test] zero0078
2016-08-04 20:04:34,357 INFO [org.junit.Test] zero0079
2016-08-04 20:04:34,357 INFO [org.junit.Test] zero0080
2016-08-04 20:04:34,357 INFO [org.junit.Test] zero0081
2016-08-04 20:04:34,357 INFO [org.junit.Test] zero0082
2016-08-04 20:04:34,357 INFO [org.junit.Test] zero0083
2016-08-04 20:04:34,357 INFO [org.junit.Test] zero0084
2016-08-04 20:04:34,357 INFO [org.junit.Test] zero0085
2016-08-04 20:04:34,357 INFO [org.junit.Test] zero0086
2016-08-04 20:04:34,357 INFO [org.junit.Test] zero0087
2016-08-04 20:04:34,357 INFO [org.junit.Test] zero0088
2016-08-04 20:04:34,357 INFO [org.junit.Test] zero0089
2016-08-04 20:04:34,357 INFO [org.junit.Test] zero0090
2016-08-04 20:04:34,357 INFO [org.junit.Test] zero0091
2016-08-04 20:04:34,357 INFO [org.junit.Test] zero0092
2016-08-04 20:04:34,357 INFO [org.junit.Test] zero0093
2016-08-04 20:04:34,357 INFO [org.junit.Test] zero0094
2016-08-04 20:04:34,357 INFO [org.junit.Test] zero0095
2016-08-04 20:04:34,357 INFO [org.junit.Test] zero0096
2016-08-04 20:04:34,357 INFO [org.junit.Test] zero0097
2016-08-04 20:04:34,357 INFO [org.junit.Test] zero0098
2016-08-04 20:04:34,357 INFO [org.junit.Test] zero0099
2016-08-04 20:04:34,357 INFO [org.junit.Test] zero00100
2016-08-04 20:04:34,357 INFO [org.junit.Test] zero00101
2016-08-04 20:04:34,357 INFO [org.junit.Test] zero00102
2016-08-04 20:04:34,357 INFO [org.junit.Test] zero00103
2016-08-04 20:04:34,357 INFO [org.junit.Test] zero00104
2016-08-04 20:04:34,357 INFO [org.junit.Test] zero00105
2016-08-04 20:04:34,357 INFO [org.junit.Test] zero00106
2016-08-04 20:04:34,357 INFO [org.junit.Test] zero00107
2016-08-04 20:04:34,357 INFO [org.junit.Test] zero00108
2016-08-04 20:04:34,357 INFO [org.junit.Test] zero00109
2016-08-04 20:04:34,357 INFO [org.junit.Test] zero00110
2016-08-04 20:04:34,357 INFO [org.junit.Test] zero00111
2016-08-04 20:04:34,357 INFO [org.junit.Test] zero00112
2016-08-04 20:04:34,357 INFO [org.junit.Test] zero00113
2016-08-04 20:04:34,357 INFO [org.junit.Test] zero00114
2016-08-04 20:04:34,357 INFO [org.junit.Test] zero00115
2016-08-04 20:04:34,357 INFO [org.junit.Test] zero00116
2016-08-04 20:04:34,357 INFO [org.junit.Test] zero00117
2016-08-04 20:04:34,357 INFO [org.junit.Test] zero00118
2016-08-04 20:04:34,357 INFO [org.junit.Test] zero00119
2016-08-04 20:04:34,357 INFO [org.junit.Test] zero00120
2016-08-04 20:04:34,357 INFO [org.junit.Test] zero00121
2016-08-04 20:04:34,357 INFO [org.junit.Test] zero00122
2016-08-04 20:04:34,357 INFO [org.junit.Test] zero00123
2016-08-04 20:04:34,357 INFO [org.junit.Test] zero00124
2016-08-04 20:04:34,357 INFO [org.junit.Test] zero00125
2016-08-04 20:04:34,357 INFO [org.junit.Test] zero00126
2016-08-04 20:04:34,357 INFO [org.junit.Test] zero00127
2016-08-04 20:04:34,357 INFO [org.junit.Test] zero00128
2016-08-04 20:04:34,357 INFO [org.junit.Test] zero00129
2016-08-04 20:04:34,357 INFO [org.junit.Test] zero00130
2016-08-04 20:04:34,357 INFO [org.junit.Test] zero00131
2016-08-04 20:04:34,357 INFO [org.junit.Test] zero00132
2016-08-04 20:04:34,357 INFO [org.junit.Test] zero00133
2016-08-04 20:04:34,357 INFO [org.junit.Test] zero00134
2016-08-04 20:04:34,357 INFO [org.junit.Test] zero00135
2016-08-04 20:04:34,357 INFO [org.junit.Test] zero00136
2016-08-04 20:04:34,357 INFO [org.junit.Test] zero00137
2016-08-04 20:04:34,357 INFO [org.junit.Test] zero00138
2016-08-04 20:04:34,357 INFO [org.junit.Test] zero00139
2016-08-04 20:04:34,357 INFO [org.junit.Test] zero00140
2016-08-04 20:04:34,357 INFO [org.junit.Test] zero00141
2016-08-04 20:04:34,357 INFO [org.junit.Test] zero00142
2016-08-04 20:04:34,357 INFO [org.junit.Test] zero00143
2016-08-04 20:04:34,357 INFO [org.junit.Test] zero00144
2016-08-04 20:04:34,357 INFO [org.junit.Test] zero00145
2016-08-04 20:04:34,357 INFO [org.junit.Test] zero00146
2016-08-04 20:04:34,357 INFO [org.junit.Test] zero00147
2016-08-04 20:04:34,357 INFO [org.junit.Test] zero00148
2016-08-04 20:04:34,357 INFO [org.junit.Test] zero00149
2016-08-04 20:04:34,357 INFO [org.junit.Test] zero00150
2016-08-04 20:04:34,357 INFO [org.junit.Test] zero00151
2016-08-04 20:04:34,357 INFO [org.junit.Test] zero00152
2016-08-04 20:04:34,357 INFO [org.junit.Test] zero00153
2016-08-04 20:04:34,357 INFO [org.junit.Test] zero00154
2016-08-04 20:04:34,357 INFO [org.junit.Test] zero00155
2016-08-04 20:04:34,357 INFO [org.junit.Test] zero00156
2016-08-04 20:04:34,357 INFO [org.junit.Test] zero00157
2016-08-04 20:04:34,357 INFO [org.junit.Test] zero00158
2016-08-04 20:04:34,357 INFO [org.junit.Test] zero00159
2016-08-04 20:04:34,357 INFO [org.junit.Test] zero00160
2016-08-04 20:04:34,357 INFO [org.junit.Test] zero00161
2016-08-04 20:04:34,357 INFO [org.junit.Test] zero00162
2016-08-04 20:04:34,357 INFO [org.junit.Test] zero00163
2016-08-04 20:04:34,357 INFO [org.junit.Test] zero00164
2016-08-04 20:04:34,357 INFO [org.junit.Test] zero00165
2016-08-04 20:04:34,357 INFO [org.junit.Test] zero00166
2016-08-04 20:04:34,357 INFO [org.junit.Test] zero00167
2016-08-04 20:04:34,357 INFO [org.junit.Test] zero00168
2016-08-04 20:04:34,357 INFO [org.junit.Test] zero00169
2016-08-04 20:04:34,357 INFO [org.junit.Test] zero00170
2016-08-04 20:04:34,357 INFO [org.junit.Test] zero00171
2016-08-04 20:04:34,357 INFO [org.junit.Test] zero00172
2016-08-04 20:04:34,357 INFO [org.junit.Test] zero00173
2016-08-04 20:04:34,357 INFO [org.junit.Test] zero00174
2016-08-04 20:04:34,357 INFO [org.junit.Test] zero00175
2016-08-04 20:04:34,357 INFO [org.junit.Test] zero00176
2016-08-04 20:04:34,357 INFO [org.junit.Test] zero00177
2016-08-04 20:04:34,357 INFO [org.junit.Test] zero00178
2016-08-04 20:04:34,357 INFO [org.junit.Test] zero00179
2016-08-04 20:04:34,357 INFO [org.junit.Test] zero00180
2016-08-04 20:04:34,357 INFO [org.junit.Test] zero00181
2016-08-04 20:04:34,357 INFO [org.junit.Test] zero00182
2016-08-04 20:04:34,357 INFO [org.junit.Test] zero00183
2016-08-04 20:04:34,357 INFO [org.junit.Test] zero00184
2016-08-04 20:04:34,357 INFO [org.junit.Test] zero00185
2016-08-04 20:04:34,357 INFO [org.junit.Test] zero00186
2016-08-04 20:04:34,357 INFO [org.junit.Test] zero00187
2016-08-04 20:04:34,357 INFO [org.junit.Test] zero00188
2016-08-04 20:04:34,357 INFO [org.junit.Test] zero00189
2016-08-04 20:04:34,357 INFO [org.junit.Test] zero00190
2016-08-04 20:04:34,357 INFO [org.junit.Test] zero00191
2016-08-04 20:04:34,357 INFO [org.junit.Test] zero00192
2016-08-04 20:04:34,357 INFO [org.junit.Test] zero00193
2016-08-04 20:04:34,357 INFO [org.junit.Test] zero00194
2016-08-04 20:04:34,357 INFO [org.junit.Test] zero00195
2016-08-04 20:04:34,357 INFO [org.junit.Test] zero00196
2016-08-04 20:04:34,357 INFO [org.junit.Test] zero00197
2016-08-04 20:04:34,357 INFO [org.junit.Test] zero00198
2016-08-04 20:04:34,357 INFO [org.junit.Test] zero00199
2016-08-04 20:04:34,357 INFO [org.junit.Test] zero00200
2016-08-04 20:04:34,357 INFO [org.junit.Test] zero00201
2016-08-04 20:04:34,357 INFO [org.junit.Test] zero00202
2016-08-04 20:04:34,357 INFO [org.junit.Test] zero00203
2016-08-04 20:04:34,357 INFO [org.junit.Test] zero00204
2016-08-04 20:04:34,357 INFO [org.junit.Test] zero00205
2016-08-04 20:04:34,357 INFO [org.junit.Test] zero00206
2016-08-04 20:04:34,357 INFO [org.junit.Test] zero00207
2016-08-04 20:04:34,357 INFO [org.junit.Test] zero00208
2016-08-04 20:04:34,357 INFO [org.junit.Test] zero00209
2016-08-04 20:04:34,357 INFO [org.junit.Test] zero00210
2016-08-04 20:04:34,357 INFO [org.junit.Test] zero00211
2016-08-04 20:04:34,357 INFO [org.junit.Test] zero00212
2016-08-04 20:04:34,357 INFO [org.junit.Test] zero00213
2016-08-04 20:04:34,357 INFO [org.junit.Test] zero00214
2016-08-04 20:04:34,357 INFO [org.junit.Test] zero00215
2016-08-04 20:04:34,357 INFO [org.junit.Test] zero00216
2016-08-04 20:04:34,357 INFO [org.junit.Test] zero00217
2016-08-04 20:04:34,357 INFO [org.junit.Test] zero00218
2016-08-04 20:04:34,357 INFO [org.junit.Test] zero00219
2016-08-04 20:04:34,357 INFO [org.junit.Test] zero00220
2016-08-04 20:04:34,357 INFO [org.junit.Test] zero00221
2016-08-04 20:04:34,357 INFO [org.junit.Test] zero00222
2016-08-04 20:04:34,357 INFO [org.junit.Test] zero00223
2016-08-04 20:04:34,357 INFO [org.junit.Test] zero00224
2016-08-04 20:04:34,357 INFO [org.junit.Test] zero00225
2016-08-04 20:04:34,357 INFO [org.junit.Test] zero00226
2016-08-04 20:04:34,357 INFO [org.junit.Test] zero00227
2016-08-04 20:04:34,357 INFO [org.junit.Test] zero00228
2016-08-04 20:04:34,357 INFO [org.junit.Test] zero00229
2016-08-04 20:04:34,357 INFO [org.junit.Test] zero00230
2016-08-04 20:04:34,357 INFO [org.junit.Test] zero00231
2016-08-04 20:04:34,357 INFO [org.junit.Test] zero00232
2016-08-04 20:04:34,357 INFO [org.junit.Test] zero00233
2016-08-04 20:04:34,357 INFO [org.junit.Test] zero00234
2016-08-04 20:04:34,357 INFO [org.junit.Test] zero00235
2016-08-04 20:04:34,357 INFO [org.junit.Test] zero00236
2016-08-04 20:04:34,357 INFO [org.junit.Test] zero00237
2016-08-04 20:04:34,357 INFO [org.junit.Test] zero00238
2016-08-04 20:04:34,357 INFO [org.junit.Test] zero00239
2016-08-04 20:04:34,357 INFO [org.junit.Test] zero00240
2016-08-04 20:04:34,357 INFO [org.junit.Test] zero00241
2016-08-04 20:04:34,357 INFO [org.junit.Test] zero00242
2016-08-04 20:04:34,357 INFO [org.junit.Test] zero00243
2016-08-04 20:04:34,357 INFO [org.junit.Test] zero00244
2016-08-04 20:04:34,357 INFO [org.junit.Test] zero00245
2016-08-04 20:04:34,357 INFO [org.junit.Test] zero00246
2016-08-04 20:04:34,357 INFO [org.junit.Test] zero00247
2016-08-04 20:04:34,357 INFO [org.junit.Test] zero00248
2016-08-04 20:04:34,357 INFO [org.junit.Test] zero00249
2016-08-04 20:04:34,357 INFO [org.junit.Test] zero00250
2016-08-04 20:04:34,357 INFO [org.junit.Test] zero00251
2016-08-04 20:04:34,357 INFO [org.junit.Test] zero00252
2016-08-04 20:04:34,357 INFO [org.junit.Test] zero00253
2016-08-04 20:04:34,357 INFO [org.junit.Test] zero00254
2016-08-04 20:04:34,357 INFO [org.junit.Test] zero00255
2016-08-04 20:04:34,357 INFO [org.junit.Test] zero00256
2016-08-04 20:04:34,357 INFO [org.junit.Test] zero00257
2016-08-04 20:04:34,357 INFO [org.junit.Test] zero00258
2016-08-04 20:04:34,357 INFO [org.junit.Test] zero00259
2016-08-04 20:04:34,357 INFO [org.junit.Test] zero00260
2016-08-04 20:04:34,357 INFO [org.junit.Test] zero00261
2016-08-04 20:04:34,357 INFO [org.junit.Test] zero00262
2016-08-04 20:04:34,357 INFO [org.junit.Test] zero00263
2016-08-04 20:04:34,357 INFO [org.junit.Test] zero00264
2016-08-04 20:04:34,357 INFO [org.junit.Test] zero00265
2016-08-04 20:04:34,357 INFO [org.junit.Test] zero00266
2016-08-04 20:04:34,357 INFO [org.junit.Test] zero00267
2016-08-04 20:04:34,357 INFO [org.junit.Test] zero00268
2016-08-04 20:04:34,357 INFO [org.junit.Test] zero00269
2016-08-04 20:04:34,357 INFO [org.junit.Test] zero00270
2016-08-04 20:04:34,357 INFO [org.junit.Test] zero00271
2016-08-04 20:04:34,357 INFO [org.junit.Test] zero00272
2016-08-04 20:04:34,357 INFO [org.junit.Test] zero00273
2016-08-04 20:04:34,357 INFO [org.junit.Test] zero00274
2016-08-04 20:04:34,357 INFO [org.junit.Test] zero00275
2016-08-04 20:04:34,357 INFO [org.junit.Test] zero00276
2016-08-04 20:04:34,357 INFO [org.junit.Test] zero00277
2016-08-04 20:04:34,357 INFO [org.junit.Test] zero00278
2016-08-04 20:04:34,357 INFO [org.junit.Test] zero00279
2016-08-04 20:04:34,357 INFO [org.junit.Test] zero00280
2016-08-04 20:04:34,357 INFO [org.junit.Test] zero00281
2016-08-04 20:04:34,357 INFO [org.junit.Test] zero00282
2016-08-04 20:04:34,357 INFO [org.junit.Test] zero00283
2016-08-04 20:04:34,357 INFO [org.junit.Test] zero00284
2016-08-04 20:04:34,357 INFO [org.junit.Test] zero00285
2016-08-04 20:04:34,357 INFO [org.junit.Test] zero00286
2016-08-04 20:04:34,357 INFO [org.junit.Test] zero00287
2016-08-04 20:04:34,357 INFO [org.junit.Test] zero00288
2016-08-04 20:04:34,357 INFO [org.junit.Test] zero00289
2016-08-04 20:04:34,357 INFO [org.junit.Test] zero00290
2016-08-04 20:04:34,357 INFO [org.junit.Test] zero00291
2016-08-04 20:04:34,357 INFO [org.junit.Test] zero00292
2016-08-04 20:04:34,357 INFO [org.junit.Test] zero00293
2016-08-04 20:04:34,357 INFO [org.junit.Test] zero00294
2016-08-04 20:04:34,357 INFO [org.junit.Test] zero00295
2016-08-04 20:04:34,357 INFO [org.junit.Test] zero00296
2016-08-04 20:04:34,357 INFO [org.junit.Test] zero00297
2016-08-04 20:04:34,357 INFO [org.junit.Test] zero00298
2016-08-04 20:04:34,357 INFO [org.junit.Test] zero00299
2016-08-04 20:04:34,357 INFO [org.junit.Test] zero00300
2016-08-04 20:04:34,357 INFO [org.junit.Test] zero00301
2016-08-04 20:04:34,357 INFO [org.junit.Test] zero00302
2016-08-04 20:04:34,357 INFO [org.junit.Test] zero00303
2016-08-04 20:04:34,357 INFO [org.junit.Test] zero00304
2016-08-04 20:04:34,357 INFO [org.junit.Test] zero00305
2016-08-04 20:04:34,357 INFO [org.junit.Test] zero00306
2016-08-04 20:04:34,357 INFO [org.junit.Test] zero00307
2016-08-04 20:04:34,357 INFO [org.junit.Test] zero00308
2016-08-04 20:04:34,357 INFO [org.junit.Test] zero00309
2016-08-04 20:04:34,357 INFO [org.junit.Test] zero00310
2016-08-04 20:04:34,357 INFO [org.junit.Test] zero00311
2016-08-04 20:04:34,357 INFO [org.junit.Test] zero00312
2016-08-04 20:04:34,357 INFO [org.junit.Test] zero00313
2016-08-04 20:04:34,357 INFO [org.junit.Test] zero00314
2016-08-04 20:04:34,357 INFO [org.junit.Test] zero00315
2016-08-04 20:04:34,357 INFO [org.junit.Test] zero00316
2016-08-04 20:04:34,357 INFO [org.junit.Test] zero00317
2016-08-04 20:04:34,357 INFO [org.junit.Test] zero00318
2016-08-04 20:04:34,357 INFO [org.junit.Test] zero00319
2016-08-04 20:04:34,357 INFO [org.junit.Test] zero00320
2016-08-04 20:04:34,357 INFO [org.junit.Test] zero00321
2016-08-04 20:04:34,357 INFO [org.junit.Test] zero00322
2016-08-04 20:04:34,357 INFO [org.junit.Test] zero00323
2016-08-04 20:04:34,357 INFO [org.junit.Test] zero00324
2016-08-04 20:04:34,357 INFO [org.junit.Test] zero00325
2016-08-04 20:04:34,357 INFO [org.junit.Test] zero00326
2016-08-04 20:04:34,357 INFO [org.junit.Test] zero00327
2016-08-04 20:04:34,357 INFO [org.junit.Test] zero00328
2016-08-04 20:04:34,357 INFO [org.junit.Test] zero00329
2016-08-04 20:04:34,357 INFO [org.junit.Test] zero00330
2016-08-04 20:04:34,357 INFO [org.junit.Test] zero00331
2016-08-04 20:04:34,357 INFO [org.junit.Test] zero00332
2016-08-04 20:04:34,357 INFO [org.junit.Test] zero00333
2016-08-04 20:04:34,357 INFO [org.junit.Test] zero00334
2016-08-04 20:04:34,357 INFO [org.junit.Test] zero00335
2016-08-04 20:04:34,357 INFO [org.junit.Test] zero00336
2016-08-04 20:04:34,357 INFO [org.junit.Test] zero00337
2016-08-04 20:04:34,357 INFO [org.junit.Test] zero00338
2016-08-04 20:04:34,357 INFO [org.junit.Test] zero00339
2016-08-04 20:04:34,357 INFO [org.junit.Test] zero00340
2016-08-04 20:04:34,357 INFO [org.junit.Test] zero00341
2016-08-04 20:04:34,357 INFO [org.junit.Test] zero00342
2016-08-04 20:04:34,357 INFO [org.junit.Test] zero00343
2016-08-04 20:04:34,357 INFO [org.junit.Test] zero00344
2016-08-04 20:04:34,357 INFO [org.junit.Test] zero00345
2016-08-04 20:04:34,357 INFO [org.junit.Test] zero00346
2016-08-04 20:04:34,357 INFO [org.junit.Test] zero00347
2016-08-04 20:04:34,357 INFO [org.junit.Test] zero00348
2016-08-04 20:04:34,357 INFO [org.junit.Test] zero00349
2016-08-04 20:04:34,357 INFO [org.junit.Test] zero00350
2016-08-04 20:04:34,357 INFO [org.junit.Test] zero00351
2016-08-04 20:04:34,357 INFO [org.junit.Test] zero00352
2016-08-04 20:04:34,357 INFO [org.junit.Test] zero00353
2016-08-04 20:04:34,357 INFO [org.junit.Test] zero00354
2016-08-04 20:04:34,357 INFO [org.junit.Test] zero00355
2016-08-04 20:04:34,357 INFO [org.junit.Test] zero00356
2016-08-04 20:04:34,357 INFO [org.junit.Test] zero00357
2016-08-04 20:04:34,357 INFO [org.junit.Test] zero00358
2016-08-04 20:04:34,357 INFO [org.junit.Test] zero00359
2016-08-04 20:04:34,357 INFO [org.junit.Test] zero00360
2016-08-04 20:04:34,357 INFO [org.junit.Test] zero00361
2016-08-04 20:04:34,357 INFO [org.junit.Test] zero00362
2016-08-04 20:04:34,357 INFO [org.junit.Test] zero00363
2016-08-04 20:04:34,357 INFO [org.junit.Test] zero00364
2016-08-04 20:04:34,357 INFO [org.junit.Test] zero00365
2016-08-04 20:04:34,357 INFO [org.junit.Test] zero00366
2016-08-04 20:04:34,357 INFO [org.junit.Test] zero00367
2016-08-04 20:04:34,357 INFO [org.junit.Test] zero00368
2016-08-04 20:04:34,357 INFO [org.junit.Test] zero00369
2016-08-04 20:04:34,357 INFO [org.junit.Test] zero00370
2016-08-04 20:04:34,357 INFO [org.junit.Test] zero00371
2016-08-04 20:04:34,357 INFO [org.junit.Test] zero00372
2016-08-04 20:04:34,357 INFO [org.junit.Test] zero00373
2016-08-04 20:04:34,357 INFO [org.junit.Test] zero00374
2016-08-04 20:04:34,357 INFO [org.junit.Test] zero00375
2016-08-04 20:04:34,357 INFO [org.junit.Test] zero00376
2016-08-04 20:04:34,357 INFO [org.junit.Test] zero00377
2016-08-04 20:04:34,357 INFO [org.junit.Test] zero00378
2016-08-04 20:04:34,357 INFO [org.junit.Test] zero00379
2016-08-04 20:04:34,357 INFO [org.junit.Test] zero00380
2016-08-04 20:04:34,357 INFO [org.junit.Test] zero00381
2016-08-04 20:04:34,357 INFO [org.junit.Test] zero00382
2016-08-04 20:04:34,357 INFO [org.junit.Test] zero00383
2016-08-04 20:04:34,357 INFO [org.junit.Test] zero00384
2016-08-04 20:04:34,357 INFO [org.junit.Test] zero00385
2016-08-04 20:04:34,357 INFO [org.junit.Test] zero00386
2016-08-04 20:04:34,357 INFO [org.junit.Test] zero00387
2016-08-04 20:04:34,357 INFO [org.junit.Test] zero00388
2016-08-04 20:04:34,357 INFO [org.junit.Test] zero00389
2016-08-04 20:04:34,357 INFO [org.junit.Test] zero00390
2016-08-04 20:04:34,357 INFO [org.junit.Test] zero00391
2016-08-04 20:04:34,357 INFO [org.junit.Test] zero00392
2016-08-04 20:04:34,357 INFO [org.junit.Test] zero00393
2016-08-04 20:04:34,357 INFO [org.junit.Test] zero00394
2016-08-04 20:04:34,357 INFO [org.junit.Test] zero00395
2016-08-04 20:04:34,357 INFO [org.junit.Test] zero00396
2016-08-04 20:04:34,357 INFO [org.junit.Test] zero00397
2016-08-04 20:04:34,357 INFO [org.junit.Test] zero00398
2016-08-04 20:04:34,357 INFO [org.junit.Test] zero00399
2016-08-04 20:04:34,357 INFO [org.junit.Test] zero00400
2016-08-04 20:04:34,357 INFO [org.junit.Test] zero00401
2016-08-04 20:04:34,357 INFO [org.junit.Test] zero00402
2016-08-04 20:04:34,357 INFO [org.junit.Test] zero00403
2016-08-04 20:04:34,357 INFO [org.junit.Test] zero00404
2016-08-04 20:04:34,357 INFO [org.junit.Test] zero00405
2016-08-04 20:04:34,357 INFO [org.junit.Test] zero00406
2016-08-04 20:04:34,357 INFO [org.junit.Test] zero00407
2016-08-04 20:04:34,357 INFO [org.junit.Test] zero00408
2016-08-04 20:04:34,357 INFO [org.junit.Test] zero00409
2016-08-04 20:04:34,357 INFO [org.junit.Test] zero00410
2016-08-04 20:04:34,357 INFO [org.junit.Test] zero00411
2016-08-04 20:04:34,357 INFO [org.junit.Test] zero00412
2016-08-04 20:04:34,357 INFO [org.junit.Test] zero00413
2016-08-04 20:04:34,357 INFO [org.junit.Test] zero00414
2016-08-04 20:04:34,357 INFO [org.junit.Test] zero00415
2016-08-04 20:04:34,357 INFO [org.junit.Test] zero00416
2016-08-04 20:04:34,357 INFO [org.junit.Test] zero00417
2016-08-04 20:04:34,357 INFO [org.junit.Test] zero00418
2016-08-04 20:04:34,357 INFO [org.junit.Test] zero00419
2016-08-04 20:04:34,357 INFO [org.junit.Test] zero00420
2016-08-04 20:04:34,357 INFO [org.junit.Test] zero00421
2016-08-04 20:04:34,357 INFO [org.junit.Test] zero00422
2016-08-04 20:04:34,357 INFO [org.junit.Test] zero00423
2016-08-04 20:04:34,357 INFO [org.junit.Test] zero00424
2016-08-04 20:04:34,357 INFO [org.junit.Test] zero00425
2016-08-04 20:04:34,357 INFO [org.junit.Test] zero00426
2016-08-04 20:04:34,357 INFO [org.junit.Test] zero00427
2016-08-04 20:04:34,357 INFO [org.junit.Test] zero00428
2016-08-04 20:04:34,357 INFO [org.junit.Test] zero00429
2016-08-04 20:04:34,357 INFO [org.junit.Test] zero00430
2016-08-04 20:04:34,357 INFO [org.junit.Test] zero00431
2016-08-04 20:04:34,357 INFO [org.junit.Test] zero00432
2016-08-04 20:04:34,357 INFO [org.junit.Test] zero00433
2016-08-04 20:04:34,357 INFO [org.junit.Test] zero00434
2016-08-04 20:04:34,357 INFO [org.junit.Test] zero00435
2016-08-04 20:04:34,357 INFO [org.junit.Test] zero00436
2016-08-04 20:04:34,357 INFO [org.junit.Test] zero00437
2016-08-04 20:04:34,357 INFO [org.junit.Test] zero00438
2016-08-04 20:04:34,357 INFO [org.junit.Test] zero00439
2016-08-04 20:04:34,357 INFO [org.junit.Test] zero00440
2016-08-04 20:04:34,357 INFO [org.junit.Test] zero00441
2016-08-04 20:04:34,357 INFO [org.junit.Test] zero00442
2016-08-04 20:04:34,357 INFO [org.junit.Test] zero00443
2016-08-04 20:04:34,357 INFO [org.junit.Test] zero00444
2016-08-04 20:04:34,357 INFO [org.junit.Test] zero00445
2016-08-04 20:04:34,357 INFO [org.junit.Test] zero00446
2016-08-04 20:04:34,357 INFO [org.junit.Test] zero00447
2016-08-04 20:04:34,357 INFO [org.junit.Test] zero00448
2016-08-04 20:04:34,357 INFO [org.junit.Test] zero00449
2016-08-04 20:04:34,357 INFO [org.junit.Test] zero00450
2016-08-04 20:04:34,357 INFO [org.junit.Test] zero00451
2016-08-04 20:04:34,357 INFO [org.junit.Test] zero00452
2016-08-04 20:04:34,357 INFO [org.junit.Test] zero00453
2016-08-04 20:04:34,357 INFO [org.junit.Test] zero00454
2016-08-04 20:04:34,357 INFO [org.junit.Test] zero00455
2016-08-04 20:04:34,357 INFO [org.junit.Test] zero00456
2016-08-04 20:04:34,357 INFO [org.junit.Test] zero00457
2016-08-04 20:04:34,357 INFO [org.junit.Test] zero00458
2016-08-04 20:04:34,357 INFO [org.junit.Test] zero00459
2016-08-04 20:04:34,357 INFO [org.junit.Test] zero00460
2016-08-04 20:04:34,357 INFO [org.junit.Test] zero00461
2016-08-04 20:04:34,357 INFO [org.junit.Test] zero00462
2016-08-04 20:04:34,357 INFO [org.junit.Test] zero00463
2016-08-04 20:04:34,357 INFO [org.junit.Test] zero00464
2016-08-04 20:04:34,357 INFO [org.junit.Test] zero00465
2016-08-04 20:04:34,357 INFO [org.junit.Test] zero00466
2016-08-04 20:04:34,357 INFO [org.junit.Test] zero00467
2016-08-04 20:04:34,357 INFO [org.junit.Test] zero00468
2016-08-04 20:04:34,357 INFO [org.junit.Test] zero00469
2016-08-04 20:04:34,357 INFO [org.junit.Test] zero00470
2016-08-04 20:04:34,357 INFO [org.junit.Test] zero00471
2016-08-04 20:04:34,357 INFO [org.junit.Test] zero00472
2016-08-04 20:04:34,357 INFO [org.junit.Test] zero00473
2016-08-04 20:04:34,357 INFO [org.junit.Test] zero00474
2016-08-04 20:04:34,357 INFO [org.junit.Test] zero00475
2016-08-04 20:04:34,357 INFO [org.junit.Test] zero00476
2016-08-04 20:04:34,357 INFO [org.junit.Test] zero00477
2016-08-04 20:04:34,357 INFO [org.junit.Test] zero00478
2016-08-04 20:04:34,357 INFO [org.junit.Test] zero00479
2016-08-04 20:04:34,357 INFO [org.junit.Test] zero00480
2016-08-04 20:04:34,357 INFO [org.junit.Test] zero00481
2016-08-04 20:04:34,357 INFO [org.junit.Test] zero00482
2016-08-04 20:04:34,357 INFO [org.junit.Test] zero00483
2016-08-04 20:04:34,357 INFO [org.junit.Test] zero00484
2016-08-04 20:04:34,357 INFO [org.junit.Test] zero00485
2016-08-04 20:04:34,357 INFO [org.junit.Test] zero00486
2016-08-04 20:04:34,357 INFO [org.junit.Test] zero00487
2016-08-04 20:04:34,357 INFO [org.junit.Test] zero00488
2016-08-04 20:04:34,357 INFO [org.junit.Test] zero00489
2016-08-04 20:04:34,357 INFO [org.junit.Test] zero00490
2016-08-04 20:04:34,357 INFO [org.junit.Test] zero00491
2016-08-04 20:04:34,357 INFO [org.junit.Test] zero00492
2016-08-04 20:04:34,357 INFO [org.junit.Test] zero00493
2016-08-04 20:04:34,357 INFO [org.junit.Test] zero00494
2016-08-04 20:04:34,357 INFO [org.junit.Test] zero00495
2016-08-04 20:04:34,357 INFO [org.junit.Test] zero00496
2016-08-04 20:04:34,357 INFO [org.junit.Test] zero00497
2016-08-04 20:04:34,357 INFO [org.junit.Test] zero00498
2016-08-04 20:04:34,357 INFO [org.junit.Test] zero00499
2016-08-04 20:04:34,357 INFO [org.junit.Test] zero00500
2016-08-04 20:04:34,357 INFO [org.junit.Test] zero00501
2016-08-04 20:04:34,357 INFO [org.junit.Test] zero00502
2016-08-04 20:04:34,357 INFO [org.junit.Test] zero00503
2016-08-04 20:04:34,357 INFO [org.junit.Test] zero00504
2016-08-04 20:04:34,357 INFO [org.junit.Test] zero00505
2016-08-04 20:04:34,357 INFO [org.junit.Test] zero00506
2016-08-04 20:04:34,357 INFO [org.junit.Test] zero00507
2016-08-04 20:04:34,357 INFO [org.junit.Test] zero00508
2016-08-04 20:04:34,357 INFO [org.junit.Test] zero00509
2016-08-04 20:04:34,357 INFO [org.junit.Test] zero00510
2016-08-04 20:04:34,357 INFO [org.junit.Test] zero00511
2016-08-04 20:04:34,357 INFO [org.junit.Test] zero00512
2016-08-04 20:04:34,357 INFO [org.junit.Test] zero00513
2016-08-04 20:04:34,357 INFO [org.junit.Test] zero00514
2016-08-04 20:04:34,357 INFO [org.junit.Test] zero00515
2016-08-04 20:04:34,357 INFO [org.junit.Test] zero00516
2016-08-04 20:04:34,357 INFO [org.junit.Test] zero00517
2016-08-04 20:04:34,357 INFO [org.junit.Test] zero00518
2016-08-04 20:04:34,357 INFO [org.junit.Test] zero00519
2016-08-04 20:04:34,357 INFO [org.junit.Test] zero00520
2016-08-04 20:04:34,357 INFO [org.junit.Test] zero00521
2016-08-04 20:04:34,357 INFO [org.junit.Test] zero00522
2016-08-04 20:04:34,357 INFO [org.junit.Test] zero00523
2016-08-04 20:04:34,357 INFO [org.junit.Test] zero00524
2016-08-04 20:04:34,357 INFO [org.junit.Test] zero00525
2016-08-04 20:04:34,357 INFO [org.junit.Test] zero00526
2016-08-04 20:04:34,357 INFO [org.junit.Test] zero00527
2016-08-04 20:04:34,357 INFO [org.junit.Test] zero00528
2016-08-04 20:04:34,357 INFO [org.junit.Test] zero00529
2016-08-04 20:04:34,357 INFO [org.junit.Test] zero00530
2016-08-04 20:04:34,357 INFO [org.junit.Test] zero00531
2016-08-04 20:04:34,357 INFO [org.junit.Test] zero00532
2016-08-04 20:04:34,357 INFO [org.junit.Test] zero00533
2016-08-04 20:04:34,357 INFO [org.junit.Test] zero00534
2016-08-04 20:04:34,357 INFO [org.junit.Test] zero00535
2016-08-04 20:04:34,357 INFO [org.junit.Test] zero00536
2016-08-04 20:04:34,357 INFO [org.junit.Test] zero00537
2016-08-04 20:04:34,357 INFO [org.junit.Test] zero00538
2016-08-04 20:04:34,357 INFO [org.junit.Test] zero00539
2016-08-04 20:04:34,357 INFO [org.junit.Test] zero00540
2016-08-04 20:04:34,357 INFO [org.junit.Test] zero00541
2016-08-04 20:04:34,357 INFO [org.junit.Test] zero00542
2016-08-04 20:04:34,357 INFO [org.junit.Test] zero00543
2016-08-04 20:04:34,357 INFO [org.junit.Test] zero00544
2016-08-04 20:04:34,357 INFO [org.junit.Test] zero00545
2016-08-04 20:04:34,357 INFO [org.junit.Test] zero00546
2016-08-04 20:04:34,357 INFO [org.junit.Test] zero00547
2016-08-04 20:04:34,357 INFO [org.junit.Test] zero00548
2016-08-04 20:04:34,357 INFO [org.junit.Test] zero00549
2016-08-04 20:04:34,357 INFO [org.junit.Test] zero00550
2016-08-04 20:04:34,357 INFO [org.junit.Test] zero00551
2016-08-04 20:04:34,357 INFO [org.junit.Test] zero00552
2016-08-04 20:04:34,357 INFO [org.junit.Test] zero00553
2016-08-04 20:04:34,357 INFO [org.junit.Test] zero00554
2016-08-04 20:04:34,357 INFO [org.junit.Test] zero00555
2016-08-04 20:04:34,357 INFO [org.junit.Test] zero00556
2016-08-04 20:04:34,357 INFO [org.junit.Test] zero00557
2016-08-04 20:04:34,357 INFO [org.junit.Test] zero00558
2016-08-04 20:04:34,357 INFO [org.junit.Test] zero00559
2016-08-04 20:04:34,357 INFO [org.junit.Test] zero00560
2016-08-04 20:04:34,357 INFO [org.junit.Test] zero00561
2016-08-04 20:04:34,357 INFO [org.junit.Test] zero00562
2016-08-04 20:04:34,357 INFO [org.junit.Test] zero00563
2016-08-04 20:04:34,357 INFO [org.junit.Test] zero00564
2016-08-04 20:04:34,357 INFO [org.junit.Test] zero00565
2016-08-04 20:04:34,357 INFO [org.junit.Test] zero00566
2016-08-04 20:04:34,357 INFO [org.junit.Test] zero00567
2016-08-04 20:04:34,357 INFO [org.junit.Test] zero00568
2016-08-04 20:04:34,357 INFO [org.junit.Test] zero00569
2016-08-04 20:04:34,357 INFO [org.junit.Test] zero00570
2016-08-04 20:04:34,357 INFO [org.junit.Test] zero00571
2016-08-04 20:04:34,357 INFO [org.junit.Test] zero00572
2016-08-04 20:04:34,357 INFO [org.junit.Test] zero00573
2016-08-04 20:04:34,357 INFO [org.junit.Test] zero00574
2016-08-04 20:04:34,357 INFO [org.junit.Test] zero00575
2016-08-04 20:04:34,357 INFO [org.junit.Test] zero00576
2016-08-04 20:04:34,357 INFO [org.junit.Test] zero00577
2016-08-04 20:04:34,357 INFO [org.junit.Test] zero00578
2016-08-04 20:04:34,357 INFO [org.junit.Test] zero00579
2016-08-04 20:04:34,357 INFO [org.junit.Test] zero00580
2016-08-04 20:04:34,357 INFO [org.junit.Test] zero00581
2016-08-04 20:04:34,357 INFO [org.junit.Test] zero00582
2016-08-04 20:04:34,357 INFO [org.junit.Test] zero00583
2016-08-04 20:04:34,357 INFO [org.junit.Test] zero00584
2016-08-04 20:04:34,357 INFO [org.junit.Test] zero00585
2016-08-04 20:04:34,357 INFO [org.junit.Test] zero00586
2016-08-04 20:04:34,357 INFO [org.junit.Test] zero00587
2016-08-04 20:04:34,357 INFO [org.junit.Test] zero00588
2016-08-04 20:04:34,357 INFO [org.junit.Test] zero00589
2016-08-04 20:04:34,357 INFO [org.junit.Test] zero00590
2016-08-04 20:04:34,357 INFO [org.junit.Test] zero00591
2016-08-04 20:04:34,357 INFO [org.junit.Test] zero00592
2016-08-04 20:04:34,357 INFO [org.junit.Test] zero00593
2016-08-04 20:04:34,357 INFO [org.junit.Test] zero00594
2016-08-04 20:04:34,357 INFO [org.junit.Test] zero00595
2016-08-04 20:04:34,357 INFO [org.junit.Test] zero00596
2016-08-04 20:04:34,357 INFO [org.junit.Test] zero00597
2016-08-04 20:04:34,357 INFO [org.junit.Test] zero00598
2016-08-04 20:04:34,357 INFO [org.junit.Test] zero00599
2016-08-04 20:04:34,357 INFO [org.junit.Test] zero00600
2016-08-04 20:04:34,357 INFO [org.junit.Test] zero00601
2016-08-04 20:04:34,357 INFO [org.junit.Test] zero00602
2016-08-04 20:04:34,357 INFO [org.junit.Test] zero00603
2016-08-04 20:04:34,357 INFO [org.junit.Test] zero00604
2016-08-04 20:04:34,357 INFO [org.junit.Test] zero00605
2016-08-04 20:04:34,357 INFO [org.junit.Test] zero00606
2016-08-04 20:04:34,357 INFO [org.junit.Test] zero00607
2016-08-04 20:04:34,357 INFO [org.junit.Test] zero00608
2016-08-04 20:04:34,357 INFO [org.junit.Test] zero00609
2016-08-04 20:04:34,357 INFO [org.junit.Test] zero00610
2016-08-04 20:04:34,357 INFO [org.junit.Test] zero00611
2016-08-04 20:04:34,357 INFO [org.junit.Test] zero00612
2016-08-04 20:04:34,357 INFO [org.junit.Test] zero00613
2016-08-04 20:04:34,357 INFO [org.junit.Test] zero00614
2016-08-04 20:04:34,357 INFO [org.junit.Test] zero00615
2016-08-04 20:04:34,357 INFO [org.junit.Test] zero00616
2016-08-04 20:04:34,357 INFO [org.junit.Test] zero00617
2016-08-04 20:04:34,357 INFO [org.junit.Test] zero00618
2016-08-04 20:04:34,357 INFO [org.junit.Test] zero00619
2016-08-04 20:04:34,357 INFO [org.junit.Test] zero00620
2016-08-04 20:04:34,357 INFO [org.junit.Test] zero00621
2016-08-04 20:04:34,357 INFO [org.junit.Test] zero00622
2016-08-04 20:04:34,357 INFO [org.junit.Test] zero00623
2016-08-04 20:04:34,357 INFO [org.junit.Test] zero00624
2016-08-04 20:04:34,357 INFO [org.junit.Test] zero00625
2016-08-04 20:04:34,357 INFO [org.junit.Test] zero00626
2016-08-04 20:04:34,357 INFO [org.junit.Test] zero00627
2016-08-04 20:04:34,357 INFO [org.junit.Test] zero00628
2016-08-04 20:04:34,357 INFO [org.junit.Test] zero00629
2016-08-04 20:04:34,357 INFO [org.junit.Test] zero00630
2016-08-04 20:04:34,357 INFO [org.junit.Test] zero00631
2016-08-04 20:04:34,357 INFO [org.junit.Test] zero00632
2016-08-04 20:04:34,357 INFO [org.junit.Test] zero00633
2016-08-04 20:04:34,357 INFO [org.junit.Test] zero00634
2016-08-04 20:04:34,357 INFO [org.junit.Test] zero00635
2016-08-04 20:04:34,357 INFO [org.junit.Test] zero00636
2016-08-04 20:04:34,357 INFO [org.junit.Test] zero00637
2016-08-04 20:04:34,357 INFO [org.junit.Test] zero00638
2016-08-04 20:04:34,357 INFO [org.junit.Test] zero00639
2016-08-04 20:04:34,357 INFO [org.junit.Test] zero00640
2016-08-04 20:04:34,357 INFO [org.junit.Test] zero00641
2016-08-04 20:04:34,357 INFO [org.junit.Test] zero00642
2016-08-04 20:04:34,357 INFO [org.junit.Test] zero00643
2016-08-04 20:04:34,357 INFO [org.junit.Test] zero00644
2016-08-04 20:04:34,357 INFO [org.junit.Test] zero00645
2016-08-04 20:04:34,357 INFO [org.junit.Test] zero00646
2016-08-04 20:04:34,357 INFO [org.junit.Test] zero00647
2016-08-04 20:04:34,357 INFO [org.junit.Test] zero00648
2016-08-04 20:04:34,357 INFO [org.junit.Test] zero00649
2016-08-04 20:04:34,357 INFO [org.junit.Test] zero00650
2016-08-04 20:04:34,357 INFO [org.junit.Test] zero00651
2016-08-04 20:04:34,357 INFO [org.junit.Test] zero00652
2016-08-04 20:04:34,357 INFO [org.junit.Test] zero00653
2016-08-04 20:04:34,357 INFO [org.junit.Test] zero00654
2016-08-04 20:04:34,357 INFO [org.junit.Test] zero00655
2016-08-04 20:04:34,357 INFO [org.junit.Test] zero00656
2016-08-04 20:04:34,357 INFO [org.junit.Test] zero00657
2016-08-04 20:04:34,357 INFO [org.junit.Test] zero00658
2016-08-04 20:04:34,357 INFO [org.junit.Test] zero00659
2016-08-04 20:04:34,357 INFO [org.junit.Test] zero00660
2016-08-04 20:04:34,357 INFO [org.junit.Test] zero00661
2016-08-04 20:04:34,357 INFO [org.junit.Test] zero00662
2016-08-04 20:04:34,357 INFO [org.junit.Test] zero00663
2016-08-04 20:04:34,357 INFO [org.junit.Test] zero00664
2016-08-04 20:04:34,357 INFO [org.junit.Test] zero00665
2016-08-04 20:04:34,357 INFO [org.junit.Test] zero00666
2016-08-04 20:04:34,357 INFO [org.junit.Test] zero00667
2016-08-04 20:04:34,357 INFO [org.junit.Test] zero00668
2016-08-04 20:04:34,357 INFO [org.junit.Test] zero00669
2016-08-04 20:04:34,357 INFO [org.junit.Test] zero00670
2016-08-04 20:04:34,357 INFO [org.junit.Test] zero00671
2016-08-04 20:04:34,357 INFO [org.junit.Test] zero00672
2016-08-04 20:04:34,357 INFO [org.junit.Test] zero00673
2016-08-04 20:04:34,357 INFO [org.junit.Test] zero00674
2016-08-04 20:04:34,357 INFO [org.junit.Test] zero00675
2016-08-04 20:04:34,357 INFO [org.junit.Test] zero00676
2016-08-04 20:04:34,357 INFO [org.junit.Test] zero00677
2016-08-04 20:04:34,357 INFO [org.junit.Test] zero00678
2016-08-04 20:04:34,357 INFO [org.junit.Test] zero00679
2016-08-04 20:04:34,357 INFO [org.junit.Test] zero00680
2016-08-04 20:04:34,357 INFO [org.junit.Test] zero00681
2016-08-04 20:04:34,357 INFO [org.junit.Test] zero00682
2016-08-04 20:04:34,357 INFO [org.junit.Test] zero00683
2016-08-04 20:04:34,357 INFO [org.junit.Test] zero00684
2016-08-04 20:04:34,357 INFO [org.junit.Test] zero00685
2016-08-04 20:04:34,357 INFO [org.junit.Test] zero00686
2016-08-04 20:04:34,357 INFO [org.junit.Test] zero00687
2016-08-04 20:04:34,357 INFO [org.junit.Test] zero00688
2016-08-04 20:04:34,357 INFO [org.junit.Test] zero00689
2016-08-04 20:04:34,357 INFO [org.junit.Test] zero00690
2016-08-04 20:04:34,357 INFO [org.junit.Test] zero00691
2016-08-04 20:04:34,357 INFO [org.junit.Test] zero00692
2016-08-04 20:04:34,357 INFO [org.junit.Test] zero00693
2016-08-04 20:04:34,357 INFO [org.junit.Test] zero00694
2016-08-04 20:04:34,357 INFO [org.junit.Test] zero00695
2016-08-04 20:04:34,357 INFO [org.junit.Test] zero00696
2016-08-04 20:04:34,357 INFO [org.junit.Test] zero00697
2016-08-04 20:04:34,357 INFO [org.junit.Test] zero00698
2016-08-04 20:04:34,357 INFO [org.junit.Test] zero00699
2016-08-04 20:04:34,357 INFO [org.junit.Test] zero00700
2016-08-04 20:04:34,357 INFO [org.junit.Test] zero00701
2016-08-04 20:04:34,357 INFO [org.junit.Test] zero00702
2016-08-04 20:04:34,357 INFO [org.junit.Test] zero00703
2016-08-04 20:04:34,357 INFO [org.junit.Test] zero00704
2016-08-04 20:04:34,357 INFO [org.junit.Test] zero00705
2016-08-04 20:04:34,357 INFO [org.junit.Test] zero00706
2016-08-04 20:04:34,357 INFO [org.junit.Test] zero00707
2016-08-04 20:04:34,357 INFO [org.junit.Test] zero00708
2016-08-04 20:04:34,357 INFO [org.junit.Test] zero00709
2016-08-04 20:04:34,357 INFO [org.junit.Test] zero00710
2016-08-04 20:04:34,357 INFO [org.junit.Test] zero00711
2016-08-04 20:04:34,357 INFO [org.junit.Test] zero00712
2016-08-04 20:04:34,357 INFO [org.junit.Test] zero00713
2016-08-04 20:04:34,357 INFO [org.junit.Test] zero00714
2016-08-04 20:04:34,357 INFO [org.junit.Test] zero00715
2016-08-04 20:04:34,357 INFO [org.junit.Test] zero00716
2016-08-04 20:04:34,357 INFO [org.junit.Test] zero00717
2016-08-04 20:04:34,358 INFO [org.junit.Test] zero00718
2016-08-04 20:04:34,358 INFO [org.junit.Test] zero00719
2016-08-04 20:04:34,358 INFO [org.junit.Test] zero00720
2016-08-04 20:04:34,358 INFO [org.junit.Test] zero00721
2016-08-04 20:04:34,358 INFO [org.junit.Test] zero00722
2016-08-04 20:04:34,358 INFO [org.junit.Test] zero00723
2016-08-04 20:04:34,358 INFO [org.junit.Test] zero00724
2016-08-04 20:04:34,358 INFO [org.junit.Test] zero00725
2016-08-04 20:04:34,358 INFO [org.junit.Test] zero00726
2016-08-04 20:04:34,358 INFO [org.junit.Test] zero00727
2016-08-04 20:04:34,358 INFO [org.junit.Test] zero00728
2016-08-04 20:04:34,358 INFO [org.junit.Test] zero00729
2016-08-04 20:04:34,358 INFO [org.junit.Test] zero00730
2016-08-04 20:04:34,358 INFO [org.junit.Test] zero00731
2016-08-04 20:04:34,358 INFO [org.junit.Test] zero00732
2016-08-04 20:04:34,358 INFO [org.junit.Test] zero00733
2016-08-04 20:04:34,358 INFO [org.junit.Test] zero00734
2016-08-04 20:04:34,358 INFO [org.junit.Test] zero00735
2016-08-04 20:04:34,358 INFO [org.junit.Test] zero00736
2016-08-04 20:04:34,358 INFO [org.junit.Test] zero00737
2016-08-04 20:04:34,358 INFO [org.junit.Test] zero00738
2016-08-04 20:04:34,358 INFO [org.junit.Test] zero00739
2016-08-04 20:04:34,358 INFO [org.junit.Test] zero00740
2016-08-04 20:04:34,358 INFO [org.junit.Test] zero00741
2016-08-04 20:04:34,358 INFO [org.junit.Test] zero00742
2016-08-04 20:04:34,358 INFO [org.junit.Test] zero00743
2016-08-04 20:04:34,358 INFO [org.junit.Test] zero00744
2016-08-04 20:04:34,358 INFO [org.junit.Test] zero00745
2016-08-04 20:04:34,358 INFO [org.junit.Test] zero00746
2016-08-04 20:04:34,358 INFO [org.junit.Test] zero00747
2016-08-04 20:04:34,358 INFO [org.junit.Test] zero00748
2016-08-04 20:04:34,358 INFO [org.junit.Test] zero00749
2016-08-04 20:04:34,358 INFO [org.junit.Test] zero00750
2016-08-04 20:04:34,358 INFO [org.junit.Test] zero00751
2016-08-04 20:04:34,358 INFO [org.junit.Test] zero00752
2016-08-04 20:04:34,358 INFO [org.junit.Test] zero00753
2016-08-04 20:04:34,358 INFO [org.junit.Test] zero00754
2016-08-04 20:04:34,358 INFO [org.junit.Test] zero00755
2016-08-04 20:04:34,358 INFO [org.junit.Test] zero00756
2016-08-04 20:04:34,358 INFO [org.junit.Test] zero00757
2016-08-04 20:04:34,358 INFO [org.junit.Test] zero00758
2016-08-04 20:04:34,358 INFO [org.junit.Test] zero00759
2016-08-04 20:04:34,358 INFO [org.junit.Test] zero00760
2016-08-04 20:04:34,358 INFO [org.junit.Test] zero00761
2016-08-04 20:04:34,358 INFO [org.junit.Test] zero00762
2016-08-04 20:04:34,358 INFO [org.junit.Test] zero00763
2016-08-04 20:04:34,358 INFO [org.junit.Test] zero00764
2016-08-04 20:04:34,358 INFO [org.junit.Test] zero00765
2016-08-04 20:04:34,358 INFO [org.junit.Test] zero00766
2016-08-04 20:04:34,358 INFO [org.junit.Test] zero00767
2016-08-04 20:04:34,358 INFO [org.junit.Test] zero00768
2016-08-04 20:04:34,358 INFO [org.junit.Test] zero00769
2016-08-04 20:04:34,358 INFO [org.junit.Test] zero00770
2016-08-04 20:04:34,358 INFO [org.junit.Test] zero00771
2016-08-04 20:04:34,358 INFO [org.junit.Test] zero00772
2016-08-04 20:04:34,358 INFO [org.junit.Test] zero00773
2016-08-04 20:04:34,358 INFO [org.junit.Test] zero00774
2016-08-04 20:04:34,358 INFO [org.junit.Test] zero00775
2016-08-04 20:04:34,358 INFO [org.junit.Test] zero00776
2016-08-04 20:04:34,358 INFO [org.junit.Test] zero00777
2016-08-04 20:04:34,358 INFO [org.junit.Test] zero00778
2016-08-04 20:04:34,358 INFO [org.junit.Test] zero00779
2016-08-04 20:04:34,358 INFO [org.junit.Test] zero00780
2016-08-04 20:04:34,358 INFO [org.junit.Test] zero00781
2016-08-04 20:04:34,358 INFO [org.junit.Test] zero00782
2016-08-04 20:04:34,358 INFO [org.junit.Test] zero00783
2016-08-04 20:04:34,358 INFO [org.junit.Test] zero00784
2016-08-04 20:04:34,358 INFO [org.junit.Test] zero00785
2016-08-04 20:04:34,358 INFO [org.junit.Test] zero00786
2016-08-04 20:04:34,358 INFO [org.junit.Test] zero00787
2016-08-04 20:04:34,358 INFO [org.junit.Test] zero00788
2016-08-04 20:04:34,358 INFO [org.junit.Test] zero00789
2016-08-04 20:04:34,358 INFO [org.junit.Test] zero00790
2016-08-04 20:04:34,358 INFO [org.junit.Test] zero00791
2016-08-04 20:04:34,358 INFO [org.junit.Test] zero00792
2016-08-04 20:04:34,358 INFO [org.junit.Test] zero00793
2016-08-04 20:04:34,358 INFO [org.junit.Test] zero00794
2016-08-04 20:04:34,358 INFO [org.junit.Test] zero00795
2016-08-04 20:04:34,358 INFO [org.junit.Test] zero00796
2016-08-04 20:04:34,358 INFO [org.junit.Test] zero00797
2016-08-04 20:04:34,358 INFO [org.junit.Test] zero00798
2016-08-04 20:04:34,358 INFO [org.junit.Test] zero00799
2016-08-04 20:04:34,358 INFO [org.junit.Test] zero00800
2016-08-04 20:04:34,358 INFO [org.junit.Test] zero00801
2016-08-04 20:04:34,358 INFO [org.junit.Test] zero00802
2016-08-04 20:04:34,358 INFO [org.junit.Test] zero00803
2016-08-04 20:04:34,358 INFO [org.junit.Test] zero00804
2016-08-04 20:04:34,358 INFO [org.junit.Test] zero00805
2016-08-04 20:04:34,358 INFO [org.junit.Test] zero00806
2016-08-04 20:04:34,358 INFO [org.junit.Test] zero00807
2016-08-04 20:04:34,358 INFO [org.junit.Test] zero00808
2016-08-04 20:04:34,358 INFO [org.junit.Test] zero00809
2016-08-04 20:04:34,358 INFO [org.junit.Test] zero00810
2016-08-04 20:04:34,358 INFO [org.junit.Test] zero00811
2016-08-04 20:04:34,358 INFO [org.junit.Test] zero00812
2016-08-04 20:04:34,358 INFO [org.junit.Test] zero00813
2016-08-04 20:04:34,358 INFO [org.junit.Test] zero00814
2016-08-04 20:04:34,358 INFO [org.junit.Test] zero00815
2016-08-04 20:04:34,358 INFO [org.junit.Test] zero00816
2016-08-04 20:04:34,358 INFO [org.junit.Test] zero00817
2016-08-04 20:04:34,358 INFO [org.junit.Test] zero00818
2016-08-04 20:04:34,358 INFO [org.junit.Test] zero00819
2016-08-04 20:04:34,358 INFO [org.junit.Test] zero00820
2016-08-04 20:04:34,358 INFO [org.junit.Test] zero00821
2016-08-04 20:04:34,358 INFO [org.junit.Test] zero00822
2016-08-04 20:04:34,358 INFO [org.junit.Test] zero00823
2016-08-04 20:04:34,358 INFO [org.junit.Test] zero00824
2016-08-04 20:04:34,358 INFO [org.junit.Test] zero00825
2016-08-04 20:04:34,358 INFO [org.junit.Test] zero00826
2016-08-04 20:04:34,358 INFO [org.junit.Test] zero00827
2016-08-04 20:04:34,358 INFO [org.junit.Test] zero00828
2016-08-04 20:04:34,358 INFO [org.junit.Test] zero00829
2016-08-04 20:04:34,358 INFO [org.junit.Test] zero00830
2016-08-04 20:04:34,358 INFO [org.junit.Test] zero00831
2016-08-04 20:04:34,358 INFO [org.junit.Test] zero00832
2016-08-04 20:04:34,358 INFO [org.junit.Test] zero00833
2016-08-04 20:04:34,358 INFO [org.junit.Test] zero00834
2016-08-04 20:04:34,358 INFO [org.junit.Test] zero00835
2016-08-04 20:04:34,358 INFO [org.junit.Test] zero00836
2016-08-04 20:04:34,358 INFO [org.junit.Test] zero00837
2016-08-04 20:04:34,358 INFO [org.junit.Test] zero00838
2016-08-04 20:04:34,358 INFO [org.junit.Test] zero00839
2016-08-04 20:04:34,358 INFO [org.junit.Test] zero00840
2016-08-04 20:04:34,358 INFO [org.junit.Test] zero00841
2016-08-04 20:04:34,358 INFO [org.junit.Test] zero00842
2016-08-04 20:04:34,358 INFO [org.junit.Test] zero00843
2016-08-04 20:04:34,358 INFO [org.junit.Test] zero00844
2016-08-04 20:04:34,358 INFO [org.junit.Test] zero00845
2016-08-04 20:04:34,358 INFO [org.junit.Test] zero00846
2016-08-04 20:04:34,358 INFO [org.junit.Test] zero00847
2016-08-04 20:04:34,358 INFO [org.junit.Test] zero00848
2016-08-04 20:04:34,358 INFO [org.junit.Test] zero00849
2016-08-04 20:04:34,358 INFO [org.junit.Test] zero00850
2016-08-04 20:04:34,358 INFO [org.junit.Test] zero00851
2016-08-04 20:04:34,358 INFO [org.junit.Test] zero00852
2016-08-04 20:04:34,358 INFO [org.junit.Test] zero00853
2016-08-04 20:04:34,358 INFO [org.junit.Test] zero00854
2016-08-04 20:04:34,358 INFO [org.junit.Test] zero00855
2016-08-04 20:04:34,358 INFO [org.junit.Test] zero00856
2016-08-04 20:04:34,358 INFO [org.junit.Test] zero00857
2016-08-04 20:04:34,358 INFO [org.junit.Test] zero00858
2016-08-04 20:04:34,358 INFO [org.junit.Test] zero00859
2016-08-04 20:04:34,358 INFO [org.junit.Test] zero00860
2016-08-04 20:04:34,358 INFO [org.junit.Test] zero00861
2016-08-04 20:04:34,358 INFO [org.junit.Test] zero00862
2016-08-04 20:04:34,358 INFO [org.junit.Test] zero00863
2016-08-04 20:04:34,358 INFO [org.junit.Test] zero00864
2016-08-04 20:04:34,358 INFO [org.junit.Test] zero00865
2016-08-04 20:04:34,358 INFO [org.junit.Test] zero00866
2016-08-04 20:04:34,358 INFO [org.junit.Test] zero00867
2016-08-04 20:04:34,358 INFO [org.junit.Test] zero00868
2016-08-04 20:04:34,358 INFO [org.junit.Test] zero00869
2016-08-04 20:04:34,358 INFO [org.junit.Test] zero00870
2016-08-04 20:04:34,358 INFO [org.junit.Test] zero00871
2016-08-04 20:04:34,358 INFO [org.junit.Test] zero00872
2016-08-04 20:04:34,358 INFO [org.junit.Test] zero00873
2016-08-04 20:04:34,358 INFO [org.junit.Test] zero00874
2016-08-04 20:04:34,358 INFO [org.junit.Test] zero00875
2016-08-04 20:04:34,358 INFO [org.junit.Test] zero00876
2016-08-04 20:04:34,358 INFO [org.junit.Test] zero00877
2016-08-04 20:04:34,358 INFO [org.junit.Test] zero00878
2016-08-04 20:04:34,358 INFO [org.junit.Test] zero00879
2016-08-04 20:04:34,358 INFO [org.junit.Test] zero00880
2016-08-04 20:04:34,358 INFO [org.junit.Test] zero00881
2016-08-04 20:04:34,358 INFO [org.junit.Test] zero00882
2016-08-04 20:04:34,358 INFO [org.junit.Test] zero00883
2016-08-04 20:04:34,358 INFO [org.junit.Test] zero00884
2016-08-04 20:04:34,358 INFO [org.junit.Test] zero00885
2016-08-04 20:04:34,358 INFO [org.junit.Test] zero00886
2016-08-04 20:04:34,358 INFO [org.junit.Test] zero00887
2016-08-04 20:04:34,358 INFO [org.junit.Test] zero00888
2016-08-04 20:04:34,358 INFO [org.junit.Test] zero00889
2016-08-04 20:04:34,358 INFO [org.junit.Test] zero00890
2016-08-04 20:04:34,358 INFO [org.junit.Test] zero00891
2016-08-04 20:04:34,358 INFO [org.junit.Test] zero00892
2016-08-04 20:04:34,358 INFO [org.junit.Test] zero00893
2016-08-04 20:04:34,358 INFO [org.junit.Test] zero00894
2016-08-04 20:04:34,358 INFO [org.junit.Test] zero00895
2016-08-04 20:04:34,358 INFO [org.junit.Test] zero00896
2016-08-04 20:04:34,358 INFO [org.junit.Test] zero00897
2016-08-04 20:04:34,358 INFO [org.junit.Test] zero00898
2016-08-04 20:04:34,358 INFO [org.junit.Test] zero00899
2016-08-04 20:04:34,358 INFO [org.junit.Test] zero00900
2016-08-04 20:04:34,358 INFO [org.junit.Test] zero00901
2016-08-04 20:04:34,358 INFO [org.junit.Test] zero00902
2016-08-04 20:04:34,358 INFO [org.junit.Test] zero00903
2016-08-04 20:04:34,358 INFO [org.junit.Test] zero00904
2016-08-04 20:04:34,358 INFO [org.junit.Test] zero00905
2016-08-04 20:04:34,358 INFO [org.junit.Test] zero00906
2016-08-04 20:04:34,358 INFO [org.junit.Test] zero00907
2016-08-04 20:04:34,358 INFO [org.junit.Test] zero00908
2016-08-04 20:04:34,358 INFO [org.junit.Test] zero00909
2016-08-04 20:04:34,358 INFO [org.junit.Test] zero00910
2016-08-04 20:04:34,358 INFO [org.junit.Test] zero00911
2016-08-04 20:04:34,358 INFO [org.junit.Test] zero00912
2016-08-04 20:04:34,358 INFO [org.junit.Test] zero00913
2016-08-04 20:04:34,358 INFO [org.junit.Test] zero00914
2016-08-04 20:04:34,358 INFO [org.junit.Test] zero00915
2016-08-04 20:04:34,358 INFO [org.junit.Test] zero00916
2016-08-04 20:04:34,358 INFO [org.junit.Test] zero00917
2016-08-04 20:04:34,358 INFO [org.junit.Test] zero00918
2016-08-04 20:04:34,358 INFO [org.junit.Test] zero00919
2016-08-04 20:04:34,358 INFO [org.junit.Test] zero00920
2016-08-04 20:04:34,358 INFO [org.junit.Test] zero00921
2016-08-04 20:04:34,358 INFO [org.junit.Test] zero00922
2016-08-04 20:04:34,358 INFO [org.junit.Test] zero00923
2016-08-04 20:04:34,358 INFO [org.junit.Test] zero00924
2016-08-04 20:04:34,358 INFO [org.junit.Test] zero00925
2016-08-04 20:04:34,358 INFO [org.junit.Test] zero00926
2016-08-04 20:04:34,358 INFO [org.junit.Test] zero00927
2016-08-04 20:04:34,358 INFO [org.junit.Test] zero00928
2016-08-04 20:04:34,358 INFO [org.junit.Test] zero00929
2016-08-04 20:04:34,358 INFO [org.junit.Test] zero00930
2016-08-04 20:04:34,358 INFO [org.junit.Test] zero00931
2016-08-04 20:04:34,358 INFO [org.junit.Test] zero00932
2016-08-04 20:04:34,358 INFO [org.junit.Test] zero00933
2016-08-04 20:04:34,358 INFO [org.junit.Test] zero00934
2016-08-04 20:04:34,358 INFO [org.junit.Test] zero00935
2016-08-04 20:04:34,358 INFO [org.junit.Test] zero00936
2016-08-04 20:04:34,358 INFO [org.junit.Test] zero00937
2016-08-04 20:04:34,358 INFO [org.junit.Test] zero00938
2016-08-04 20:04:34,358 INFO [org.junit.Test] zero00939
2016-08-04 20:04:34,358 INFO [org.junit.Test] zero00940
2016-08-04 20:04:34,358 INFO [org.junit.Test] zero00941
2016-08-04 20:04:34,358 INFO [org.junit.Test] zero00942
2016-08-04 20:04:34,358 INFO [org.junit.Test] zero00943
2016-08-04 20:04:34,358 INFO [org.junit.Test] zero00944
2016-08-04 20:04:34,358 INFO [org.junit.Test] zero00945
2016-08-04 20:04:34,358 INFO [org.junit.Test] zero00946
2016-08-04 20:04:34,358 INFO [org.junit.Test] zero00947
2016-08-04 20:04:34,358 INFO [org.junit.Test] zero00948
2016-08-04 20:04:34,358 INFO [org.junit.Test] zero00949
2016-08-04 20:04:34,358 INFO [org.junit.Test] zero00950
2016-08-04 20:04:34,358 INFO [org.junit.Test] zero00951
2016-08-04 20:04:34,358 INFO [org.junit.Test] zero00952
2016-08-04 20:04:34,358 INFO [org.junit.Test] zero00953
2016-08-04 20:04:34,358 INFO [org.junit.Test] zero00954
2016-08-04 20:04:34,358 INFO [org.junit.Test] zero00955
2016-08-04 20:04:34,358 INFO [org.junit.Test] zero00956
2016-08-04 20:04:34,358 INFO [org.junit.Test] zero00957
2016-08-04 20:04:34,358 INFO [org.junit.Test] zero00958
2016-08-04 20:04:34,358 INFO [org.junit.Test] zero00959
2016-08-04 20:04:34,358 INFO [org.junit.Test] zero00960
2016-08-04 20:04:34,358 INFO [org.junit.Test] zero00961
2016-08-04 20:04:34,358 INFO [org.junit.Test] zero00962
2016-08-04 20:04:34,358 INFO [org.junit.Test] zero00963
2016-08-04 20:04:34,358 INFO [org.junit.Test] zero00964
2016-08-04 20:04:34,358 INFO [org.junit.Test] zero00965
2016-08-04 20:04:34,358 INFO [org.junit.Test] zero00966
2016-08-04 20:04:34,358 INFO [org.junit.Test] zero00967
2016-08-04 20:04:34,358 INFO [org.junit.Test] zero00968
2016-08-04 20:04:34,358 INFO [org.junit.Test] zero00969
2016-08-04 20:04:34,358 INFO [org.junit.Test] zero00970
2016-08-04 20:04:34,358 INFO [org.junit.Test] zero00971
2016-08-04 20:04:34,358 INFO [org.junit.Test] zero00972
2016-08-04 20:04:34,358 INFO [org.junit.Test] zero00973
2016-08-04 20:04:34,358 INFO [org.junit.Test] zero00974
2016-08-04 20:04:34,358 INFO [org.junit.Test] zero00975
2016-08-04 20:04:34,358 INFO [org.junit.Test] zero00976
2016-08-04 20:04:34,358 INFO [org.junit.Test] zero00977
2016-08-04 20:04:34,358 INFO [org.junit.Test] zero00978
2016-08-04 20:04:34,358 INFO [org.junit.Test] zero00979
2016-08-04 20:04:34,358 INFO [org.junit.Test] zero00980
2016-08-04 20:04:34,358 INFO [org.junit.Test] zero00981
2016-08-04 20:04:34,358 INFO [org.junit.Test] zero00982
2016-08-04 20:04:34,358 INFO [org.junit.Test] zero00983
2016-08-04 20:04:34,358 INFO [org.junit.Test] zero00984
2016-08-04 20:04:34,358 INFO [org.junit.Test] zero00985
2016-08-04 20:04:34,358 INFO [org.junit.Test] zero00986
2016-08-04 20:04:34,358 INFO [org.junit.Test] zero00987
2016-08-04 20:04:34,358 INFO [org.junit.Test] zero00988
2016-08-04 20:04:34,358 INFO [org.junit.Test] zero00989
2016-08-04 20:04:34,358 INFO [org.junit.Test] zero00990
2016-08-04 20:04:34,358 INFO [org.junit.Test] zero00991
2016-08-04 20:04:34,358 INFO [org.junit.Test] zero00992
2016-08-04 20:04:34,358 INFO [org.junit.Test] zero00993
2016-08-04 20:04:34,358 INFO [org.junit.Test] zero00994
2016-08-04 20:04:34,358 INFO [org.junit.Test] zero00995
2016-08-04 20:04:34,358 INFO [org.junit.Test] zero00996
2016-08-04 20:04:34,358 INFO [org.junit.Test] zero00997
2016-08-04 20:04:34,358 INFO [org.junit.Test] zero00998
2016-08-04 20:04:34,358 INFO [org.junit.Test] zero00999
2016-08-04 20:04:37,358 INFO [org.junit.Test] zero000
2016-08-04 20:04:37,358 INFO [org.junit.Test] zero001
2016-08-04 20:04:37,358 INFO [org.junit.Test] zero002
2016-08-04 20:04:37,358 INFO [org.junit.Test] zero003
2016-08-04 20:04:37,358 INFO [org.junit.Test] zero004
2016-08-04 20:04:37,358 INFO [org.junit.Test] zero005
2016-08-04 20:04:37,358 INFO [org.junit.Test] zero006
2016-08-04 20:04:37,358 INFO [org.junit.Test] zero007
2016-08-04 20:04:37,358 INFO [org.junit.Test] zero008
2016-08-04 20:04:37,358 INFO [org.junit.Test] zero009
2016-08-04 20:04:37,358 INFO [org.junit.Test] zero0010
2016-08-04 20:04:37,358 INFO [org.junit.Test] zero0011
2016-08-04 20:04:37,358 INFO [org.junit.Test] zero0012
2016-08-04 20:04:37,358 INFO [org.junit.Test] zero0013
2016-08-04 20:04:37,358 INFO [org.junit.Test] zero0014
2016-08-04 20:04:37,358 INFO [org.junit.Test] zero0015
2016-08-04 20:04:37,358 INFO [org.junit.Test] zero0016
2016-08-04 20:04:37,358 INFO [org.junit.Test] zero0017
2016-08-04 20:04:37,358 INFO [org.junit.Test] zero0018
2016-08-04 20:04:37,358 INFO [org.junit.Test] zero0019
2016-08-04 20:04:37,358 INFO [org.junit.Test] zero0020
2016-08-04 20:04:37,358 INFO [org.junit.Test] zero0021
2016-08-04 20:04:37,358 INFO [org.junit.Test] zero0022
2016-08-04 20:04:37,358 INFO [org.junit.Test] zero0023
2016-08-04 20:04:37,358 INFO [org.junit.Test] zero0024
2016-08-04 20:04:37,358 INFO [org.junit.Test] zero0025
2016-08-04 20:04:37,358 INFO [org.junit.Test] zero0026
2016-08-04 20:04:37,358 INFO [org.junit.Test] zero0027
2016-08-04 20:04:37,358 INFO [org.junit.Test] zero0028
2016-08-04 20:04:37,358 INFO [org.junit.Test] zero0029
2016-08-04 20:04:37,358 INFO [org.junit.Test] zero0030
2016-08-04 20:04:37,358 INFO [org.junit.Test] zero0031
2016-08-04 20:04:37,358 INFO [org.junit.Test] zero0032
2016-08-04 20:04:37,358 INFO [org.junit.Test] zero0033
2016-08-04 20:04:37,358 INFO [org.junit.Test] zero0034
2016-08-04 20:04:37,358 INFO [org.junit.Test] zero0035
2016-08-04 20:04:37,358 INFO [org.junit.Test] zero0036
2016-08-04 20:04:37,358 INFO [org.junit.Test] zero0037
2016-08-04 20:04:37,358 INFO [org.junit.Test] zero0038
2016-08-04 20:04:37,358 INFO [org.junit.Test] zero0039
2016-08-04 20:04:37,358 INFO [org.junit.Test] zero0040
2016-08-04 20:04:37,358 INFO [org.junit.Test] zero0041
2016-08-04 20:04:37,358 INFO [org.junit.Test] zero0042
2016-08-04 20:04:37,358 INFO [org.junit.Test] zero0043
2016-08-04 20:04:37,358 INFO [org.junit.Test] zero0044
2016-08-04 20:04:37,358 INFO [org.junit.Test] zero0045
2016-08-04 20:04:37,358 INFO [org.junit.Test] zero0046
2016-08-04 20:04:37,358 INFO [org.junit.Test] zero0047
2016-08-04 20:04:37,358 INFO [org.junit.Test] zero0048
2016-08-04 20:04:37,358 INFO [org.junit.Test] zero0049
2016-08-04 20:04:37,358 INFO [org.junit.Test] zero0050
2016-08-04 20:04:37,358 INFO [org.junit.Test] zero0051
2016-08-04 20:04:37,358 INFO [org.junit.Test] zero0052
2016-08-04 20:04:37,358 INFO [org.junit.Test] zero0053
2016-08-04 20:04:37,358 INFO [org.junit.Test] zero0054
2016-08-04 20:04:37,358 INFO [org.junit.Test] zero0055
2016-08-04 20:04:37,358 INFO [org.junit.Test] zero0056
2016-08-04 20:04:37,358 INFO [org.junit.Test] zero0057
2016-08-04 20:04:37,358 INFO [org.junit.Test] zero0058
2016-08-04 20:04:37,358 INFO [org.junit.Test] zero0059
2016-08-04 20:04:37,358 INFO [org.junit.Test] zero0060
2016-08-04 20:04:37,358 INFO [org.junit.Test] zero0061
2016-08-04 20:04:37,358 INFO [org.junit.Test] zero0062
2016-08-04 20:04:37,358 INFO [org.junit.Test] zero0063
2016-08-04 20:04:37,358 INFO [org.junit.Test] zero0064
2016-08-04 20:04:37,358 INFO [org.junit.Test] zero0065
2016-08-04 20:04:37,358 INFO [org.junit.Test] zero0066
2016-08-04 20:04:37,358 INFO [org.junit.Test] zero0067
2016-08-04 20:04:37,358 INFO [org.junit.Test] zero0068
2016-08-04 20:04:37,358 INFO [org.junit.Test] zero0069
2016-08-04 20:04:37,358 INFO [org.junit.Test] zero0070
2016-08-04 20:04:37,358 INFO [org.junit.Test] zero0071
2016-08-04 20:04:37,358 INFO [org.junit.Test] zero0072
2016-08-04 20:04:37,358 INFO [org.junit.Test] zero0073
2016-08-04 20:04:37,358 INFO [org.junit.Test] zero0074
2016-08-04 20:04:37,358 INFO [org.junit.Test] zero0075
2016-08-04 20:04:37,358 INFO [org.junit.Test] zero0076
2016-08-04 20:04:37,358 INFO [org.junit.Test] zero0077
2016-08-04 20:04:37,358 INFO [org.junit.Test] zero0078
2016-08-04 20:04:37,358 INFO [org.junit.Test] zero0079
2016-08-04 20:04:37,358 INFO [org.junit.Test] zero0080
2016-08-04 20:04:37,358 INFO [org.junit.Test] zero0081
2016-08-04 20:04:37,358 INFO [org.junit.Test] zero0082
2016-08-04 20:04:37,358 INFO [org.junit.Test] zero0083
2016-08-04 20:04:37,358 INFO [org.junit.Test] zero0084
2016-08-04 20:04:37,358 INFO [org.junit.Test] zero0085
2016-08-04 20:04:37,358 INFO [org.junit.Test] zero0086
2016-08-04 20:04:37,358 INFO [org.junit.Test] zero0087
2016-08-04 20:04:37,358 INFO [org.junit.Test] zero0088
2016-08-04 20:04:37,358 INFO [org.junit.Test] zero0089
2016-08-04 20:04:37,358 INFO [org.junit.Test] zero0090
2016-08-04 20:04:37,358 INFO [org.junit.Test] zero0091
2016-08-04 20:04:37,358 INFO [org.junit.Test] zero0092
2016-08-04 20:04:37,358 INFO [org.junit.Test] zero0093
2016-08-04 20:04:37,358 INFO [org.junit.Test] zero0094
2016-08-04 20:04:37,358 INFO [org.junit.Test] zero0095
2016-08-04 20:04:37,358 INFO [org.junit.Test] zero0096
2016-08-04 20:04:37,358 INFO [org.junit.Test] zero0097
2016-08-04 20:04:37,358 INFO [org.junit.Test] zero0098
2016-08-04 20:04:37,358 INFO [org.junit.Test] zero0099
2016-08-04 20:04:37,358 INFO [org.junit.Test] zero00100
2016-08-04 20:04:37,358 INFO [org.junit.Test] zero00101
2016-08-04 20:04:37,358 INFO [org.junit.Test] zero00102
2016-08-04 20:04:37,358 INFO [org.junit.Test] zero00103
2016-08-04 20:04:37,358 INFO [org.junit.Test] zero00104
2016-08-04 20:04:37,358 INFO [org.junit.Test] zero00105
2016-08-04 20:04:37,358 INFO [org.junit.Test] zero00106
2016-08-04 20:04:37,358 INFO [org.junit.Test] zero00107
2016-08-04 20:04:37,358 INFO [org.junit.Test] zero00108
2016-08-04 20:04:37,358 INFO [org.junit.Test] zero00109
2016-08-04 20:04:37,358 INFO [org.junit.Test] zero00110
2016-08-04 20:04:37,358 INFO [org.junit.Test] zero00111
2016-08-04 20:04:37,358 INFO [org.junit.Test] zero00112
2016-08-04 20:04:37,358 INFO [org.junit.Test] zero00113
2016-08-04 20:04:37,358 INFO [org.junit.Test] zero00114
2016-08-04 20:04:37,358 INFO [org.junit.Test] zero00115
2016-08-04 20:04:37,358 INFO [org.junit.Test] zero00116
2016-08-04 20:04:37,358 INFO [org.junit.Test] zero00117
2016-08-04 20:04:37,358 INFO [org.junit.Test] zero00118
2016-08-04 20:04:37,358 INFO [org.junit.Test] zero00119
2016-08-04 20:04:37,358 INFO [org.junit.Test] zero00120
2016-08-04 20:04:37,358 INFO [org.junit.Test] zero00121
2016-08-04 20:04:37,358 INFO [org.junit.Test] zero00122
2016-08-04 20:04:37,358 INFO [org.junit.Test] zero00123
2016-08-04 20:04:37,358 INFO [org.junit.Test] zero00124
2016-08-04 20:04:37,358 INFO [org.junit.Test] zero00125
2016-08-04 20:04:37,358 INFO [org.junit.Test] zero00126
2016-08-04 20:04:37,358 INFO [org.junit.Test] zero00127
2016-08-04 20:04:37,358 INFO [org.junit.Test] zero00128
2016-08-04 20:04:37,358 INFO [org.junit.Test] zero00129
2016-08-04 20:04:37,358 INFO [org.junit.Test] zero00130
2016-08-04 20:04:37,358 INFO [org.junit.Test] zero00131
2016-08-04 20:04:37,358 INFO [org.junit.Test] zero00132
2016-08-04 20:04:37,358 INFO [org.junit.Test] zero00133
2016-08-04 20:04:37,358 INFO [org.junit.Test] zero00134
2016-08-04 20:04:37,358 INFO [org.junit.Test] zero00135
2016-08-04 20:04:37,358 INFO [org.junit.Test] zero00136
2016-08-04 20:04:37,358 INFO [org.junit.Test] zero00137
2016-08-04 20:04:37,358 INFO [org.junit.Test] zero00138
2016-08-04 20:04:37,358 INFO [org.junit.Test] zero00139
2016-08-04 20:04:37,358 INFO [org.junit.Test] zero00140
2016-08-04 20:04:37,358 INFO [org.junit.Test] zero00141
2016-08-04 20:04:37,358 INFO [org.junit.Test] zero00142
2016-08-04 20:04:37,358 INFO [org.junit.Test] zero00143
2016-08-04 20:04:37,358 INFO [org.junit.Test] zero00144
2016-08-04 20:04:37,358 INFO [org.junit.Test] zero00145
2016-08-04 20:04:37,358 INFO [org.junit.Test] zero00146
2016-08-04 20:04:37,358 INFO [org.junit.Test] zero00147
2016-08-04 20:04:37,358 INFO [org.junit.Test] zero00148
2016-08-04 20:04:37,358 INFO [org.junit.Test] zero00149
2016-08-04 20:04:37,358 INFO [org.junit.Test] zero00150
2016-08-04 20:04:37,358 INFO [org.junit.Test] zero00151
2016-08-04 20:04:37,358 INFO [org.junit.Test] zero00152
2016-08-04 20:04:37,358 INFO [org.junit.Test] zero00153
2016-08-04 20:04:37,358 INFO [org.junit.Test] zero00154
2016-08-04 20:04:37,358 INFO [org.junit.Test] zero00155
2016-08-04 20:04:37,358 INFO [org.junit.Test] zero00156
2016-08-04 20:04:37,358 INFO [org.junit.Test] zero00157
2016-08-04 20:04:37,358 INFO [org.junit.Test] zero00158
2016-08-04 20:04:37,358 INFO [org.junit.Test] zero00159
2016-08-04 20:04:37,358 INFO [org.junit.Test] zero00160
2016-08-04 20:04:37,358 INFO [org.junit.Test] zero00161
2016-08-04 20:04:37,358 INFO [org.junit.Test] zero00162
2016-08-04 20:04:37,358 INFO [org.junit.Test] zero00163
2016-08-04 20:04:37,358 INFO [org.junit.Test] zero00164
2016-08-04 20:04:37,358 INFO [org.junit.Test] zero00165
2016-08-04 20:04:37,358 INFO [org.junit.Test] zero00166
2016-08-04 20:04:37,358 INFO [org.junit.Test] zero00167
2016-08-04 20:04:37,358 INFO [org.junit.Test] zero00168
2016-08-04 20:04:37,358 INFO [org.junit.Test] zero00169
2016-08-04 20:04:37,358 INFO [org.junit.Test] zero00170
2016-08-04 20:04:37,358 INFO [org.junit.Test] zero00171
2016-08-04 20:04:37,358 INFO [org.junit.Test] zero00172
2016-08-04 20:04:37,358 INFO [org.junit.Test] zero00173
2016-08-04 20:04:37,358 INFO [org.junit.Test] zero00174
2016-08-04 20:04:37,358 INFO [org.junit.Test] zero00175
2016-08-04 20:04:37,358 INFO [org.junit.Test] zero00176
2016-08-04 20:04:37,358 INFO [org.junit.Test] zero00177
2016-08-04 20:04:37,358 INFO [org.junit.Test] zero00178
2016-08-04 20:04:37,358 INFO [org.junit.Test] zero00179
2016-08-04 20:04:37,358 INFO [org.junit.Test] zero00180
2016-08-04 20:04:37,358 INFO [org.junit.Test] zero00181
2016-08-04 20:04:37,358 INFO [org.junit.Test] zero00182
2016-08-04 20:04:37,358 INFO [org.junit.Test] zero00183
2016-08-04 20:04:37,358 INFO [org.junit.Test] zero00184
2016-08-04 20:04:37,358 INFO [org.junit.Test] zero00185
2016-08-04 20:04:37,358 INFO [org.junit.Test] zero00186
2016-08-04 20:04:37,358 INFO [org.junit.Test] zero00187
2016-08-04 20:04:37,358 INFO [org.junit.Test] zero00188
2016-08-04 20:04:37,358 INFO [org.junit.Test] zero00189
2016-08-04 20:04:37,358 INFO [org.junit.Test] zero00190
2016-08-04 20:04:37,358 INFO [org.junit.Test] zero00191
2016-08-04 20:04:37,358 INFO [org.junit.Test] zero00192
2016-08-04 20:04:37,358 INFO [org.junit.Test] zero00193
2016-08-04 20:04:37,358 INFO [org.junit.Test] zero00194
2016-08-04 20:04:37,358 INFO [org.junit.Test] zero00195
2016-08-04 20:04:37,358 INFO [org.junit.Test] zero00196
2016-08-04 20:04:37,358 INFO [org.junit.Test] zero00197
2016-08-04 20:04:37,358 INFO [org.junit.Test] zero00198
2016-08-04 20:04:37,358 INFO [org.junit.Test] zero00199
2016-08-04 20:04:37,358 INFO [org.junit.Test] zero00200
2016-08-04 20:04:37,358 INFO [org.junit.Test] zero00201
2016-08-04 20:04:37,358 INFO [org.junit.Test] zero00202
2016-08-04 20:04:37,358 INFO [org.junit.Test] zero00203
2016-08-04 20:04:37,358 INFO [org.junit.Test] zero00204
2016-08-04 20:04:37,358 INFO [org.junit.Test] zero00205
2016-08-04 20:04:37,358 INFO [org.junit.Test] zero00206
2016-08-04 20:04:37,358 INFO [org.junit.Test] zero00207
2016-08-04 20:04:37,358 INFO [org.junit.Test] zero00208
2016-08-04 20:04:37,358 INFO [org.junit.Test] zero00209
2016-08-04 20:04:37,358 INFO [org.junit.Test] zero00210
2016-08-04 20:04:37,358 INFO [org.junit.Test] zero00211
2016-08-04 20:04:37,358 INFO [org.junit.Test] zero00212
2016-08-04 20:04:37,358 INFO [org.junit.Test] zero00213
2016-08-04 20:04:37,358 INFO [org.junit.Test] zero00214
2016-08-04 20:04:37,358 INFO [org.junit.Test] zero00215
2016-08-04 20:04:37,358 INFO [org.junit.Test] zero00216
2016-08-04 20:04:37,358 INFO [org.junit.Test] zero00217
2016-08-04 20:04:37,358 INFO [org.junit.Test] zero00218
2016-08-04 20:04:37,358 INFO [org.junit.Test] zero00219
2016-08-04 20:04:37,358 INFO [org.junit.Test] zero00220
2016-08-04 20:04:37,358 INFO [org.junit.Test] zero00221
2016-08-04 20:04:37,358 INFO [org.junit.Test] zero00222
2016-08-04 20:04:37,358 INFO [org.junit.Test] zero00223
2016-08-04 20:04:37,358 INFO [org.junit.Test] zero00224
2016-08-04 20:04:37,358 INFO [org.junit.Test] zero00225
2016-08-04 20:04:37,358 INFO [org.junit.Test] zero00226
2016-08-04 20:04:37,358 INFO [org.junit.Test] zero00227
2016-08-04 20:04:37,358 INFO [org.junit.Test] zero00228
2016-08-04 20:04:37,358 INFO [org.junit.Test] zero00229
2016-08-04 20:04:37,358 INFO [org.junit.Test] zero00230
2016-08-04 20:04:37,358 INFO [org.junit.Test] zero00231
2016-08-04 20:04:37,358 INFO [org.junit.Test] zero00232
2016-08-04 20:04:37,358 INFO [org.junit.Test] zero00233
2016-08-04 20:04:37,358 INFO [org.junit.Test] zero00234
2016-08-04 20:04:37,358 INFO [org.junit.Test] zero00235
2016-08-04 20:04:37,358 INFO [org.junit.Test] zero00236
2016-08-04 20:04:37,358 INFO [org.junit.Test] zero00237
2016-08-04 20:04:37,358 INFO [org.junit.Test] zero00238
2016-08-04 20:04:37,358 INFO [org.junit.Test] zero00239
2016-08-04 20:04:37,358 INFO [org.junit.Test] zero00240
2016-08-04 20:04:37,358 INFO [org.junit.Test] zero00241
2016-08-04 20:04:37,358 INFO [org.junit.Test] zero00242
2016-08-04 20:04:37,358 INFO [org.junit.Test] zero00243
2016-08-04 20:04:37,358 INFO [org.junit.Test] zero00244
2016-08-04 20:04:37,358 INFO [org.junit.Test] zero00245
2016-08-04 20:04:37,358 INFO [org.junit.Test] zero00246
2016-08-04 20:04:37,358 INFO [org.junit.Test] zero00247
2016-08-04 20:04:37,358 INFO [org.junit.Test] zero00248
2016-08-04 20:04:37,358 INFO [org.junit.Test] zero00249
2016-08-04 20:04:37,358 INFO [org.junit.Test] zero00250
2016-08-04 20:04:37,358 INFO [org.junit.Test] zero00251
2016-08-04 20:04:37,358 INFO [org.junit.Test] zero00252
2016-08-04 20:04:37,358 INFO [org.junit.Test] zero00253
2016-08-04 20:04:37,358 INFO [org.junit.Test] zero00254
2016-08-04 20:04:37,358 INFO [org.junit.Test] zero00255
2016-08-04 20:04:37,358 INFO [org.junit.Test] zero00256
2016-08-04 20:04:37,358 INFO [org.junit.Test] zero00257
2016-08-04 20:04:37,358 INFO [org.junit.Test] zero00258
2016-08-04 20:04:37,358 INFO [org.junit.Test] zero00259
2016-08-04 20:04:37,358 INFO [org.junit.Test] zero00260
2016-08-04 20:04:37,358 INFO [org.junit.Test] zero00261
2016-08-04 20:04:37,358 INFO [org.junit.Test] zero00262
2016-08-04 20:04:37,358 INFO [org.junit.Test] zero00263
2016-08-04 20:04:37,358 INFO [org.junit.Test] zero00264
2016-08-04 20:04:37,358 INFO [org.junit.Test] zero00265
2016-08-04 20:04:37,358 INFO [org.junit.Test] zero00266
2016-08-04 20:04:37,358 INFO [org.junit.Test] zero00267
2016-08-04 20:04:37,358 INFO [org.junit.Test] zero00268
2016-08-04 20:04:37,358 INFO [org.junit.Test] zero00269
2016-08-04 20:04:37,358 INFO [org.junit.Test] zero00270
2016-08-04 20:04:37,358 INFO [org.junit.Test] zero00271
2016-08-04 20:04:37,358 INFO [org.junit.Test] zero00272
2016-08-04 20:04:37,358 INFO [org.junit.Test] zero00273
2016-08-04 20:04:37,358 INFO [org.junit.Test] zero00274
2016-08-04 20:04:37,358 INFO [org.junit.Test] zero00275
2016-08-04 20:04:37,358 INFO [org.junit.Test] zero00276
2016-08-04 20:04:37,358 INFO [org.junit.Test] zero00277
2016-08-04 20:04:37,358 INFO [org.junit.Test] zero00278
2016-08-04 20:04:37,358 INFO [org.junit.Test] zero00279
2016-08-04 20:04:37,358 INFO [org.junit.Test] zero00280
2016-08-04 20:04:37,358 INFO [org.junit.Test] zero00281
2016-08-04 20:04:37,358 INFO [org.junit.Test] zero00282
2016-08-04 20:04:37,358 INFO [org.junit.Test] zero00283
2016-08-04 20:04:37,358 INFO [org.junit.Test] zero00284
2016-08-04 20:04:37,358 INFO [org.junit.Test] zero00285
2016-08-04 20:04:37,358 INFO [org.junit.Test] zero00286
2016-08-04 20:04:37,358 INFO [org.junit.Test] zero00287
2016-08-04 20:04:37,358 INFO [org.junit.Test] zero00288
2016-08-04 20:04:37,358 INFO [org.junit.Test] zero00289
2016-08-04 20:04:37,358 INFO [org.junit.Test] zero00290
2016-08-04 20:04:37,358 INFO [org.junit.Test] zero00291
2016-08-04 20:04:37,358 INFO [org.junit.Test] zero00292
2016-08-04 20:04:37,358 INFO [org.junit.Test] zero00293
2016-08-04 20:04:37,358 INFO [org.junit.Test] zero00294
2016-08-04 20:04:37,358 INFO [org.junit.Test] zero00295
2016-08-04 20:04:37,358 INFO [org.junit.Test] zero00296
2016-08-04 20:04:37,358 INFO [org.junit.Test] zero00297
2016-08-04 20:04:37,358 INFO [org.junit.Test] zero00298
2016-08-04 20:04:37,358 INFO [org.junit.Test] zero00299
2016-08-04 20:04:37,358 INFO [org.junit.Test] zero00300
2016-08-04 20:04:37,358 INFO [org.junit.Test] zero00301
2016-08-04 20:04:37,358 INFO [org.junit.Test] zero00302
2016-08-04 20:04:37,358 INFO [org.junit.Test] zero00303
2016-08-04 20:04:37,358 INFO [org.junit.Test] zero00304
2016-08-04 20:04:37,358 INFO [org.junit.Test] zero00305
2016-08-04 20:04:37,358 INFO [org.junit.Test] zero00306
2016-08-04 20:04:37,358 INFO [org.junit.Test] zero00307
2016-08-04 20:04:37,358 INFO [org.junit.Test] zero00308
2016-08-04 20:04:37,358 INFO [org.junit.Test] zero00309
2016-08-04 20:04:37,358 INFO [org.junit.Test] zero00310
2016-08-04 20:04:37,358 INFO [org.junit.Test] zero00311
2016-08-04 20:04:37,358 INFO [org.junit.Test] zero00312
2016-08-04 20:04:37,358 INFO [org.junit.Test] zero00313
2016-08-04 20:04:37,358 INFO [org.junit.Test] zero00314
2016-08-04 20:04:37,358 INFO [org.junit.Test] zero00315
2016-08-04 20:04:37,358 INFO [org.junit.Test] zero00316
2016-08-04 20:04:37,358 INFO [org.junit.Test] zero00317
2016-08-04 20:04:37,358 INFO [org.junit.Test] zero00318
2016-08-04 20:04:37,358 INFO [org.junit.Test] zero00319
2016-08-04 20:04:37,358 INFO [org.junit.Test] zero00320
2016-08-04 20:04:37,358 INFO [org.junit.Test] zero00321
2016-08-04 20:04:37,358 INFO [org.junit.Test] zero00322
2016-08-04 20:04:37,358 INFO [org.junit.Test] zero00323
2016-08-04 20:04:37,358 INFO [org.junit.Test] zero00324
2016-08-04 20:04:37,358 INFO [org.junit.Test] zero00325
2016-08-04 20:04:37,358 INFO [org.junit.Test] zero00326
2016-08-04 20:04:37,358 INFO [org.junit.Test] zero00327
2016-08-04 20:04:37,358 INFO [org.junit.Test] zero00328
2016-08-04 20:04:37,358 INFO [org.junit.Test] zero00329
2016-08-04 20:04:37,358 INFO [org.junit.Test] zero00330
2016-08-04 20:04:37,358 INFO [org.junit.Test] zero00331
2016-08-04 20:04:37,358 INFO [org.junit.Test] zero00332
2016-08-04 20:04:37,358 INFO [org.junit.Test] zero00333
2016-08-04 20:04:37,358 INFO [org.junit.Test] zero00334
2016-08-04 20:04:37,358 INFO [org.junit.Test] zero00335
2016-08-04 20:04:37,358 INFO [org.junit.Test] zero00336
2016-08-04 20:04:37,358 INFO [org.junit.Test] zero00337
2016-08-04 20:04:37,358 INFO [org.junit.Test] zero00338
2016-08-04 20:04:37,358 INFO [org.junit.Test] zero00339
2016-08-04 20:04:37,358 INFO [org.junit.Test] zero00340
2016-08-04 20:04:37,358 INFO [org.junit.Test] zero00341
2016-08-04 20:04:37,358 INFO [org.junit.Test] zero00342
2016-08-04 20:04:37,358 INFO [org.junit.Test] zero00343
2016-08-04 20:04:37,358 INFO [org.junit.Test] zero00344
2016-08-04 20:04:37,358 INFO [org.junit.Test] zero00345
2016-08-04 20:04:37,358 INFO [org.junit.Test] zero00346
2016-08-04 20:04:37,358 INFO [org.junit.Test] zero00347
2016-08-04 20:04:37,358 INFO [org.junit.Test] zero00348
2016-08-04 20:04:37,358 INFO [org.junit.Test] zero00349
2016-08-04 20:04:37,358 INFO [org.junit.Test] zero00350
2016-08-04 20:04:37,358 INFO [org.junit.Test] zero00351
2016-08-04 20:04:37,358 INFO [org.junit.Test] zero00352
2016-08-04 20:04:37,358 INFO [org.junit.Test] zero00353
2016-08-04 20:04:37,358 INFO [org.junit.Test] zero00354
2016-08-04 20:04:37,358 INFO [org.junit.Test] zero00355
2016-08-04 20:04:37,358 INFO [org.junit.Test] zero00356
2016-08-04 20:04:37,358 INFO [org.junit.Test] zero00357
2016-08-04 20:04:37,358 INFO [org.junit.Test] zero00358
2016-08-04 20:04:37,358 INFO [org.junit.Test] zero00359
2016-08-04 20:04:37,358 INFO [org.junit.Test] zero00360
2016-08-04 20:04:37,358 INFO [org.junit.Test] zero00361
2016-08-04 20:04:37,358 INFO [org.junit.Test] zero00362
2016-08-04 20:04:37,358 INFO [org.junit.Test] zero00363
2016-08-04 20:04:37,358 INFO [org.junit.Test] zero00364
2016-08-04 20:04:37,358 INFO [org.junit.Test] zero00365
2016-08-04 20:04:37,358 INFO [org.junit.Test] zero00366
2016-08-04 20:04:37,358 INFO [org.junit.Test] zero00367
2016-08-04 20:04:37,358 INFO [org.junit.Test] zero00368
2016-08-04 20:04:37,358 INFO [org.junit.Test] zero00369
2016-08-04 20:04:37,358 INFO [org.junit.Test] zero00370
2016-08-04 20:04:37,358 INFO [org.junit.Test] zero00371
2016-08-04 20:04:37,358 INFO [org.junit.Test] zero00372
2016-08-04 20:04:37,358 INFO [org.junit.Test] zero00373
2016-08-04 20:04:37,358 INFO [org.junit.Test] zero00374
2016-08-04 20:04:37,358 INFO [org.junit.Test] zero00375
2016-08-04 20:04:37,358 INFO [org.junit.Test] zero00376
2016-08-04 20:04:37,358 INFO [org.junit.Test] zero00377
2016-08-04 20:04:37,358 INFO [org.junit.Test] zero00378
2016-08-04 20:04:37,358 INFO [org.junit.Test] zero00379
2016-08-04 20:04:37,358 INFO [org.junit.Test] zero00380
2016-08-04 20:04:37,358 INFO [org.junit.Test] zero00381
2016-08-04 20:04:37,358 INFO [org.junit.Test] zero00382
2016-08-04 20:04:37,358 INFO [org.junit.Test] zero00383
2016-08-04 20:04:37,358 INFO [org.junit.Test] zero00384
2016-08-04 20:04:37,358 INFO [org.junit.Test] zero00385
2016-08-04 20:04:37,358 INFO [org.junit.Test] zero00386
2016-08-04 20:04:37,358 INFO [org.junit.Test] zero00387
2016-08-04 20:04:37,358 INFO [org.junit.Test] zero00388
2016-08-04 20:04:37,358 INFO [org.junit.Test] zero00389
2016-08-04 20:04:37,358 INFO [org.junit.Test] zero00390
2016-08-04 20:04:37,358 INFO [org.junit.Test] zero00391
2016-08-04 20:04:37,358 INFO [org.junit.Test] zero00392
2016-08-04 20:04:37,358 INFO [org.junit.Test] zero00393
2016-08-04 20:04:37,358 INFO [org.junit.Test] zero00394
2016-08-04 20:04:37,358 INFO [org.junit.Test] zero00395
2016-08-04 20:04:37,358 INFO [org.junit.Test] zero00396
2016-08-04 20:04:37,358 INFO [org.junit.Test] zero00397
2016-08-04 20:04:37,358 INFO [org.junit.Test] zero00398
2016-08-04 20:04:37,358 INFO [org.junit.Test] zero00399
2016-08-04 20:04:37,358 INFO [org.junit.Test] zero00400
2016-08-04 20:04:37,358 INFO [org.junit.Test] zero00401
2016-08-04 20:04:37,358 INFO [org.junit.Test] zero00402
2016-08-04 20:04:37,358 INFO [org.junit.Test] zero00403
2016-08-04 20:04:37,358 INFO [org.junit.Test] zero00404
2016-08-04 20:04:37,358 INFO [org.junit.Test] zero00405
2016-08-04 20:04:37,358 INFO [org.junit.Test] zero00406
2016-08-04 20:04:37,358 INFO [org.junit.Test] zero00407
2016-08-04 20:04:37,358 INFO [org.junit.Test] zero00408
2016-08-04 20:04:37,358 INFO [org.junit.Test] zero00409
2016-08-04 20:04:37,358 INFO [org.junit.Test] zero00410
2016-08-04 20:04:37,358 INFO [org.junit.Test] zero00411
2016-08-04 20:04:37,358 INFO [org.junit.Test] zero00412
2016-08-04 20:04:37,358 INFO [org.junit.Test] zero00413
2016-08-04 20:04:37,358 INFO [org.junit.Test] zero00414
2016-08-04 20:04:37,358 INFO [org.junit.Test] zero00415
2016-08-04 20:04:37,358 INFO [org.junit.Test] zero00416
2016-08-04 20:04:37,358 INFO [org.junit.Test] zero00417
2016-08-04 20:04:37,358 INFO [org.junit.Test] zero00418
2016-08-04 20:04:37,358 INFO [org.junit.Test] zero00419
2016-08-04 20:04:37,358 INFO [org.junit.Test] zero00420
2016-08-04 20:04:37,358 INFO [org.junit.Test] zero00421
2016-08-04 20:04:37,358 INFO [org.junit.Test] zero00422
2016-08-04 20:04:37,358 INFO [org.junit.Test] zero00423
2016-08-04 20:04:37,358 INFO [org.junit.Test] zero00424
2016-08-04 20:04:37,358 INFO [org.junit.Test] zero00425
2016-08-04 20:04:37,358 INFO [org.junit.Test] zero00426
2016-08-04 20:04:37,358 INFO [org.junit.Test] zero00427
2016-08-04 20:04:37,358 INFO [org.junit.Test] zero00428
2016-08-04 20:04:37,358 INFO [org.junit.Test] zero00429
2016-08-04 20:04:37,358 INFO [org.junit.Test] zero00430
2016-08-04 20:04:37,358 INFO [org.junit.Test] zero00431
2016-08-04 20:04:37,358 INFO [org.junit.Test] zero00432
2016-08-04 20:04:37,358 INFO [org.junit.Test] zero00433
2016-08-04 20:04:37,358 INFO [org.junit.Test] zero00434
2016-08-04 20:04:37,358 INFO [org.junit.Test] zero00435
2016-08-04 20:04:37,358 INFO [org.junit.Test] zero00436
2016-08-04 20:04:37,358 INFO [org.junit.Test] zero00437
2016-08-04 20:04:37,358 INFO [org.junit.Test] zero00438
2016-08-04 20:04:37,358 INFO [org.junit.Test] zero00439
2016-08-04 20:04:37,358 INFO [org.junit.Test] zero00440
2016-08-04 20:04:37,358 INFO [org.junit.Test] zero00441
2016-08-04 20:04:37,358 INFO [org.junit.Test] zero00442
2016-08-04 20:04:37,358 INFO [org.junit.Test] zero00443
2016-08-04 20:04:37,358 INFO [org.junit.Test] zero00444
2016-08-04 20:04:37,358 INFO [org.junit.Test] zero00445
2016-08-04 20:04:37,358 INFO [org.junit.Test] zero00446
2016-08-04 20:04:37,360 INFO [org.junit.Test] zero00447
2016-08-04 20:04:37,360 INFO [org.junit.Test] zero00448
2016-08-04 20:04:37,360 INFO [org.junit.Test] zero00449
2016-08-04 20:04:37,360 INFO [org.junit.Test] zero00450
2016-08-04 20:04:37,360 INFO [org.junit.Test] zero00451
2016-08-04 20:04:37,360 INFO [org.junit.Test] zero00452
2016-08-04 20:04:37,360 INFO [org.junit.Test] zero00453
2016-08-04 20:04:37,360 INFO [org.junit.Test] zero00454
2016-08-04 20:04:37,360 INFO [org.junit.Test] zero00455
2016-08-04 20:04:37,360 INFO [org.junit.Test] zero00456
2016-08-04 20:04:37,360 INFO [org.junit.Test] zero00457
2016-08-04 20:04:37,360 INFO [org.junit.Test] zero00458
2016-08-04 20:04:37,360 INFO [org.junit.Test] zero00459
2016-08-04 20:04:37,360 INFO [org.junit.Test] zero00460
2016-08-04 20:04:37,360 INFO [org.junit.Test] zero00461
2016-08-04 20:04:37,360 INFO [org.junit.Test] zero00462
2016-08-04 20:04:37,360 INFO [org.junit.Test] zero00463
2016-08-04 20:04:37,360 INFO [org.junit.Test] zero00464
2016-08-04 20:04:37,360 INFO [org.junit.Test] zero00465
2016-08-04 20:04:37,360 INFO [org.junit.Test] zero00466
2016-08-04 20:04:37,360 INFO [org.junit.Test] zero00467
2016-08-04 20:04:37,360 INFO [org.junit.Test] zero00468
2016-08-04 20:04:37,360 INFO [org.junit.Test] zero00469
2016-08-04 20:04:37,360 INFO [org.junit.Test] zero00470
2016-08-04 20:04:37,360 INFO [org.junit.Test] zero00471
2016-08-04 20:04:37,360 INFO [org.junit.Test] zero00472
2016-08-04 20:04:37,360 INFO [org.junit.Test] zero00473
2016-08-04 20:04:37,360 INFO [org.junit.Test] zero00474
2016-08-04 20:04:37,360 INFO [org.junit.Test] zero00475
2016-08-04 20:04:37,360 INFO [org.junit.Test] zero00476
2016-08-04 20:04:37,360 INFO [org.junit.Test] zero00477
2016-08-04 20:04:37,360 INFO [org.junit.Test] zero00478
2016-08-04 20:04:37,360 INFO [org.junit.Test] zero00479
2016-08-04 20:04:37,360 INFO [org.junit.Test] zero00480
2016-08-04 20:04:37,360 INFO [org.junit.Test] zero00481
2016-08-04 20:04:37,360 INFO [org.junit.Test] zero00482
2016-08-04 20:04:37,360 INFO [org.junit.Test] zero00483
2016-08-04 20:04:37,360 INFO [org.junit.Test] zero00484
2016-08-04 20:04:37,360 INFO [org.junit.Test] zero00485
2016-08-04 20:04:37,360 INFO [org.junit.Test] zero00486
2016-08-04 20:04:37,360 INFO [org.junit.Test] zero00487
2016-08-04 20:04:37,360 INFO [org.junit.Test] zero00488
2016-08-04 20:04:37,360 INFO [org.junit.Test] zero00489
2016-08-04 20:04:37,360 INFO [org.junit.Test] zero00490
2016-08-04 20:04:37,360 INFO [org.junit.Test] zero00491
2016-08-04 20:04:37,360 INFO [org.junit.Test] zero00492
2016-08-04 20:04:37,360 INFO [org.junit.Test] zero00493
2016-08-04 20:04:37,360 INFO [org.junit.Test] zero00494
2016-08-04 20:04:37,360 INFO [org.junit.Test] zero00495
2016-08-04 20:04:37,360 INFO [org.junit.Test] zero00496
2016-08-04 20:04:37,360 INFO [org.junit.Test] zero00497
2016-08-04 20:04:37,360 INFO [org.junit.Test] zero00498
2016-08-04 20:04:37,360 INFO [org.junit.Test] zero00499
2016-08-04 20:04:37,360 INFO [org.junit.Test] zero00500
2016-08-04 20:04:37,360 INFO [org.junit.Test] zero00501
2016-08-04 20:04:37,360 INFO [org.junit.Test] zero00502
2016-08-04 20:04:37,360 INFO [org.junit.Test] zero00503
2016-08-04 20:04:37,360 INFO [org.junit.Test] zero00504
2016-08-04 20:04:37,360 INFO [org.junit.Test] zero00505
2016-08-04 20:04:37,360 INFO [org.junit.Test] zero00506
2016-08-04 20:04:37,360 INFO [org.junit.Test] zero00507
2016-08-04 20:04:37,360 INFO [org.junit.Test] zero00508
2016-08-04 20:04:37,360 INFO [org.junit.Test] zero00509
2016-08-04 20:04:37,360 INFO [org.junit.Test] zero00510
2016-08-04 20:04:37,360 INFO [org.junit.Test] zero00511
2016-08-04 20:04:37,360 INFO [org.junit.Test] zero00512
2016-08-04 20:04:37,360 INFO [org.junit.Test] zero00513
2016-08-04 20:04:37,360 INFO [org.junit.Test] zero00514
2016-08-04 20:04:37,360 INFO [org.junit.Test] zero00515
2016-08-04 20:04:37,360 INFO [org.junit.Test] zero00516
2016-08-04 20:04:37,360 INFO [org.junit.Test] zero00517
2016-08-04 20:04:37,360 INFO [org.junit.Test] zero00518
2016-08-04 20:04:37,360 INFO [org.junit.Test] zero00519
2016-08-04 20:04:37,360 INFO [org.junit.Test] zero00520
2016-08-04 20:04:37,360 INFO [org.junit.Test] zero00521
2016-08-04 20:04:37,360 INFO [org.junit.Test] zero00522
2016-08-04 20:04:37,360 INFO [org.junit.Test] zero00523
2016-08-04 20:04:37,360 INFO [org.junit.Test] zero00524
2016-08-04 20:04:37,360 INFO [org.junit.Test] zero00525
2016-08-04 20:04:37,360 INFO [org.junit.Test] zero00526
2016-08-04 20:04:37,360 INFO [org.junit.Test] zero00527
2016-08-04 20:04:37,360 INFO [org.junit.Test] zero00528
2016-08-04 20:04:37,360 INFO [org.junit.Test] zero00529
2016-08-04 20:04:37,360 INFO [org.junit.Test] zero00530
2016-08-04 20:04:37,360 INFO [org.junit.Test] zero00531
2016-08-04 20:04:37,360 INFO [org.junit.Test] zero00532
2016-08-04 20:04:37,360 INFO [org.junit.Test] zero00533
2016-08-04 20:04:37,360 INFO [org.junit.Test] zero00534
2016-08-04 20:04:37,360 INFO [org.junit.Test] zero00535
2016-08-04 20:04:37,360 INFO [org.junit.Test] zero00536
2016-08-04 20:04:37,360 INFO [org.junit.Test] zero00537
2016-08-04 20:04:37,360 INFO [org.junit.Test] zero00538
2016-08-04 20:04:37,360 INFO [org.junit.Test] zero00539
2016-08-04 20:04:37,360 INFO [org.junit.Test] zero00540
2016-08-04 20:04:37,360 INFO [org.junit.Test] zero00541
2016-08-04 20:04:37,360 INFO [org.junit.Test] zero00542
2016-08-04 20:04:37,360 INFO [org.junit.Test] zero00543
2016-08-04 20:04:37,360 INFO [org.junit.Test] zero00544
2016-08-04 20:04:37,360 INFO [org.junit.Test] zero00545
2016-08-04 20:04:37,360 INFO [org.junit.Test] zero00546
2016-08-04 20:04:37,360 INFO [org.junit.Test] zero00547
2016-08-04 20:04:37,360 INFO [org.junit.Test] zero00548
2016-08-04 20:04:37,360 INFO [org.junit.Test] zero00549
2016-08-04 20:04:37,360 INFO [org.junit.Test] zero00550
2016-08-04 20:04:37,360 INFO [org.junit.Test] zero00551
2016-08-04 20:04:37,360 INFO [org.junit.Test] zero00552
2016-08-04 20:04:37,360 INFO [org.junit.Test] zero00553
2016-08-04 20:04:37,360 INFO [org.junit.Test] zero00554
2016-08-04 20:04:37,360 INFO [org.junit.Test] zero00555
2016-08-04 20:04:37,360 INFO [org.junit.Test] zero00556
2016-08-04 20:04:37,360 INFO [org.junit.Test] zero00557
2016-08-04 20:04:37,360 INFO [org.junit.Test] zero00558
2016-08-04 20:04:37,360 INFO [org.junit.Test] zero00559
2016-08-04 20:04:37,360 INFO [org.junit.Test] zero00560
2016-08-04 20:04:37,360 INFO [org.junit.Test] zero00561
2016-08-04 20:04:37,360 INFO [org.junit.Test] zero00562
2016-08-04 20:04:37,360 INFO [org.junit.Test] zero00563
2016-08-04 20:04:37,360 INFO [org.junit.Test] zero00564
2016-08-04 20:04:37,360 INFO [org.junit.Test] zero00565
2016-08-04 20:04:37,360 INFO [org.junit.Test] zero00566
2016-08-04 20:04:37,360 INFO [org.junit.Test] zero00567
2016-08-04 20:04:37,360 INFO [org.junit.Test] zero00568
2016-08-04 20:04:37,360 INFO [org.junit.Test] zero00569
2016-08-04 20:04:37,360 INFO [org.junit.Test] zero00570
2016-08-04 20:04:37,360 INFO [org.junit.Test] zero00571
2016-08-04 20:04:37,360 INFO [org.junit.Test] zero00572
2016-08-04 20:04:37,360 INFO [org.junit.Test] zero00573
2016-08-04 20:04:37,360 INFO [org.junit.Test] zero00574
2016-08-04 20:04:37,360 INFO [org.junit.Test] zero00575
2016-08-04 20:04:37,360 INFO [org.junit.Test] zero00576
2016-08-04 20:04:37,360 INFO [org.junit.Test] zero00577
2016-08-04 20:04:37,360 INFO [org.junit.Test] zero00578
2016-08-04 20:04:37,360 INFO [org.junit.Test] zero00579
2016-08-04 20:04:37,360 INFO [org.junit.Test] zero00580
2016-08-04 20:04:37,360 INFO [org.junit.Test] zero00581
2016-08-04 20:04:37,360 INFO [org.junit.Test] zero00582
2016-08-04 20:04:37,360 INFO [org.junit.Test] zero00583
2016-08-04 20:04:37,360 INFO [org.junit.Test] zero00584
2016-08-04 20:04:37,360 INFO [org.junit.Test] zero00585
2016-08-04 20:04:37,360 INFO [org.junit.Test] zero00586
2016-08-04 20:04:37,360 INFO [org.junit.Test] zero00587
2016-08-04 20:04:37,360 INFO [org.junit.Test] zero00588
2016-08-04 20:04:37,360 INFO [org.junit.Test] zero00589
2016-08-04 20:04:37,360 INFO [org.junit.Test] zero00590
2016-08-04 20:04:37,360 INFO [org.junit.Test] zero00591
2016-08-04 20:04:37,360 INFO [org.junit.Test] zero00592
2016-08-04 20:04:37,360 INFO [org.junit.Test] zero00593
2016-08-04 20:04:37,360 INFO [org.junit.Test] zero00594
2016-08-04 20:04:37,360 INFO [org.junit.Test] zero00595
2016-08-04 20:04:37,360 INFO [org.junit.Test] zero00596
2016-08-04 20:04:37,360 INFO [org.junit.Test] zero00597
2016-08-04 20:04:37,360 INFO [org.junit.Test] zero00598
2016-08-04 20:04:37,360 INFO [org.junit.Test] zero00599
2016-08-04 20:04:37,360 INFO [org.junit.Test] zero00600
2016-08-04 20:04:37,360 INFO [org.junit.Test] zero00601
2016-08-04 20:04:37,360 INFO [org.junit.Test] zero00602
2016-08-04 20:04:37,360 INFO [org.junit.Test] zero00603
2016-08-04 20:04:37,360 INFO [org.junit.Test] zero00604
2016-08-04 20:04:37,360 INFO [org.junit.Test] zero00605
2016-08-04 20:04:37,360 INFO [org.junit.Test] zero00606
2016-08-04 20:04:37,360 INFO [org.junit.Test] zero00607
2016-08-04 20:04:37,360 INFO [org.junit.Test] zero00608
2016-08-04 20:04:37,360 INFO [org.junit.Test] zero00609
2016-08-04 20:04:37,360 INFO [org.junit.Test] zero00610
2016-08-04 20:04:37,360 INFO [org.junit.Test] zero00611
2016-08-04 20:04:37,360 INFO [org.junit.Test] zero00612
2016-08-04 20:04:37,360 INFO [org.junit.Test] zero00613
2016-08-04 20:04:37,360 INFO [org.junit.Test] zero00614
2016-08-04 20:04:37,360 INFO [org.junit.Test] zero00615
2016-08-04 20:04:37,360 INFO [org.junit.Test] zero00616
2016-08-04 20:04:37,360 INFO [org.junit.Test] zero00617
2016-08-04 20:04:37,360 INFO [org.junit.Test] zero00618
2016-08-04 20:04:37,360 INFO [org.junit.Test] zero00619
2016-08-04 20:04:37,360 INFO [org.junit.Test] zero00620
2016-08-04 20:04:37,360 INFO [org.junit.Test] zero00621
2016-08-04 20:04:37,360 INFO [org.junit.Test] zero00622
2016-08-04 20:04:37,360 INFO [org.junit.Test] zero00623
2016-08-04 20:04:37,360 INFO [org.junit.Test] zero00624
2016-08-04 20:04:37,360 INFO [org.junit.Test] zero00625
2016-08-04 20:04:37,360 INFO [org.junit.Test] zero00626
2016-08-04 20:04:37,360 INFO [org.junit.Test] zero00627
2016-08-04 20:04:37,360 INFO [org.junit.Test] zero00628
2016-08-04 20:04:37,360 INFO [org.junit.Test] zero00629
2016-08-04 20:04:37,360 INFO [org.junit.Test] zero00630
2016-08-04 20:04:37,360 INFO [org.junit.Test] zero00631
2016-08-04 20:04:37,360 INFO [org.junit.Test] zero00632
2016-08-04 20:04:37,360 INFO [org.junit.Test] zero00633
2016-08-04 20:04:37,360 INFO [org.junit.Test] zero00634
2016-08-04 20:04:37,360 INFO [org.junit.Test] zero00635
2016-08-04 20:04:37,360 INFO [org.junit.Test] zero00636
2016-08-04 20:04:37,360 INFO [org.junit.Test] zero00637
2016-08-04 20:04:37,360 INFO [org.junit.Test] zero00638
2016-08-04 20:04:37,361 INFO [org.junit.Test] zero00639
2016-08-04 20:04:37,361 INFO [org.junit.Test] zero00640
2016-08-04 20:04:37,361 INFO [org.junit.Test] zero00641
2016-08-04 20:04:37,361 INFO [org.junit.Test] zero00642
2016-08-04 20:04:37,361 INFO [org.junit.Test] zero00643
2016-08-04 20:04:37,361 INFO [org.junit.Test] zero00644
2016-08-04 20:04:37,361 INFO [org.junit.Test] zero00645
2016-08-04 20:04:37,361 INFO [org.junit.Test] zero00646
2016-08-04 20:04:37,361 INFO [org.junit.Test] zero00647
2016-08-04 20:04:37,361 INFO [org.junit.Test] zero00648
2016-08-04 20:04:37,361 INFO [org.junit.Test] zero00649
2016-08-04 20:04:37,361 INFO [org.junit.Test] zero00650
2016-08-04 20:04:37,361 INFO [org.junit.Test] zero00651
2016-08-04 20:04:37,361 INFO [org.junit.Test] zero00652
2016-08-04 20:04:37,361 INFO [org.junit.Test] zero00653
2016-08-04 20:04:37,361 INFO [org.junit.Test] zero00654
2016-08-04 20:04:37,361 INFO [org.junit.Test] zero00655
2016-08-04 20:04:37,361 INFO [org.junit.Test] zero00656
2016-08-04 20:04:37,361 INFO [org.junit.Test] zero00657
2016-08-04 20:04:37,361 INFO [org.junit.Test] zero00658
2016-08-04 20:04:37,361 INFO [org.junit.Test] zero00659
2016-08-04 20:04:37,361 INFO [org.junit.Test] zero00660
2016-08-04 20:04:37,361 INFO [org.junit.Test] zero00661
2016-08-04 20:04:37,361 INFO [org.junit.Test] zero00662
2016-08-04 20:04:37,361 INFO [org.junit.Test] zero00663
2016-08-04 20:04:37,361 INFO [org.junit.Test] zero00664
2016-08-04 20:04:37,361 INFO [org.junit.Test] zero00665
2016-08-04 20:04:37,361 INFO [org.junit.Test] zero00666
2016-08-04 20:04:37,361 INFO [org.junit.Test] zero00667
2016-08-04 20:04:37,361 INFO [org.junit.Test] zero00668
2016-08-04 20:04:37,361 INFO [org.junit.Test] zero00669
2016-08-04 20:04:37,361 INFO [org.junit.Test] zero00670
2016-08-04 20:04:37,361 INFO [org.junit.Test] zero00671
2016-08-04 20:04:37,361 INFO [org.junit.Test] zero00672
2016-08-04 20:04:37,361 INFO [org.junit.Test] zero00673
2016-08-04 20:04:37,361 INFO [org.junit.Test] zero00674
2016-08-04 20:04:37,361 INFO [org.junit.Test] zero00675
2016-08-04 20:04:37,361 INFO [org.junit.Test] zero00676
2016-08-04 20:04:37,361 INFO [org.junit.Test] zero00677
2016-08-04 20:04:37,361 INFO [org.junit.Test] zero00678
2016-08-04 20:04:37,361 INFO [org.junit.Test] zero00679
2016-08-04 20:04:37,361 INFO [org.junit.Test] zero00680
2016-08-04 20:04:37,361 INFO [org.junit.Test] zero00681
2016-08-04 20:04:37,361 INFO [org.junit.Test] zero00682
2016-08-04 20:04:37,361 INFO [org.junit.Test] zero00683
2016-08-04 20:04:37,361 INFO [org.junit.Test] zero00684
2016-08-04 20:04:37,361 INFO [org.junit.Test] zero00685
2016-08-04 20:04:37,361 INFO [org.junit.Test] zero00686
2016-08-04 20:04:37,361 INFO [org.junit.Test] zero00687
2016-08-04 20:04:37,361 INFO [org.junit.Test] zero00688
2016-08-04 20:04:37,361 INFO [org.junit.Test] zero00689
2016-08-04 20:04:37,361 INFO [org.junit.Test] zero00690
2016-08-04 20:04:37,361 INFO [org.junit.Test] zero00691
2016-08-04 20:04:37,361 INFO [org.junit.Test] zero00692
2016-08-04 20:04:37,361 INFO [org.junit.Test] zero00693
2016-08-04 20:04:37,361 INFO [org.junit.Test] zero00694
2016-08-04 20:04:37,361 INFO [org.junit.Test] zero00695
2016-08-04 20:04:37,361 INFO [org.junit.Test] zero00696
2016-08-04 20:04:37,361 INFO [org.junit.Test] zero00697
2016-08-04 20:04:37,361 INFO [org.junit.Test] zero00698
2016-08-04 20:04:37,361 INFO [org.junit.Test] zero00699
2016-08-04 20:04:37,361 INFO [org.junit.Test] zero00700
2016-08-04 20:04:37,361 INFO [org.junit.Test] zero00701
2016-08-04 20:04:37,361 INFO [org.junit.Test] zero00702
2016-08-04 20:04:37,361 INFO [org.junit.Test] zero00703
2016-08-04 20:04:37,361 INFO [org.junit.Test] zero00704
2016-08-04 20:04:37,361 INFO [org.junit.Test] zero00705
2016-08-04 20:04:37,361 INFO [org.junit.Test] zero00706
2016-08-04 20:04:37,361 INFO [org.junit.Test] zero00707
2016-08-04 20:04:37,361 INFO [org.junit.Test] zero00708
2016-08-04 20:04:37,361 INFO [org.junit.Test] zero00709
2016-08-04 20:04:37,361 INFO [org.junit.Test] zero00710
2016-08-04 20:04:37,361 INFO [org.junit.Test] zero00711
2016-08-04 20:04:37,361 INFO [org.junit.Test] zero00712
2016-08-04 20:04:37,361 INFO [org.junit.Test] zero00713
2016-08-04 20:04:37,361 INFO [org.junit.Test] zero00714
2016-08-04 20:04:37,361 INFO [org.junit.Test] zero00715
2016-08-04 20:04:37,361 INFO [org.junit.Test] zero00716
2016-08-04 20:04:37,361 INFO [org.junit.Test] zero00717
2016-08-04 20:04:37,361 INFO [org.junit.Test] zero00718
2016-08-04 20:04:37,361 INFO [org.junit.Test] zero00719
2016-08-04 20:04:37,361 INFO [org.junit.Test] zero00720
2016-08-04 20:04:37,361 INFO [org.junit.Test] zero00721
2016-08-04 20:04:37,361 INFO [org.junit.Test] zero00722
2016-08-04 20:04:37,361 INFO [org.junit.Test] zero00723
2016-08-04 20:04:37,361 INFO [org.junit.Test] zero00724
2016-08-04 20:04:37,361 INFO [org.junit.Test] zero00725
2016-08-04 20:04:37,361 INFO [org.junit.Test] zero00726
2016-08-04 20:04:37,361 INFO [org.junit.Test] zero00727
2016-08-04 20:04:37,361 INFO [org.junit.Test] zero00728
2016-08-04 20:04:37,361 INFO [org.junit.Test] zero00729
2016-08-04 20:04:37,361 INFO [org.junit.Test] zero00730
2016-08-04 20:04:37,361 INFO [org.junit.Test] zero00731
2016-08-04 20:04:37,361 INFO [org.junit.Test] zero00732
2016-08-04 20:04:37,361 INFO [org.junit.Test] zero00733
2016-08-04 20:04:37,361 INFO [org.junit.Test] zero00734
2016-08-04 20:04:37,361 INFO [org.junit.Test] zero00735
2016-08-04 20:04:37,361 INFO [org.junit.Test] zero00736
2016-08-04 20:04:37,361 INFO [org.junit.Test] zero00737
2016-08-04 20:04:37,361 INFO [org.junit.Test] zero00738
2016-08-04 20:04:37,361 INFO [org.junit.Test] zero00739
2016-08-04 20:04:37,361 INFO [org.junit.Test] zero00740
2016-08-04 20:04:37,361 INFO [org.junit.Test] zero00741
2016-08-04 20:04:37,361 INFO [org.junit.Test] zero00742
2016-08-04 20:04:37,361 INFO [org.junit.Test] zero00743
2016-08-04 20:04:37,361 INFO [org.junit.Test] zero00744
2016-08-04 20:04:37,361 INFO [org.junit.Test] zero00745
2016-08-04 20:04:37,361 INFO [org.junit.Test] zero00746
2016-08-04 20:04:37,361 INFO [org.junit.Test] zero00747
2016-08-04 20:04:37,361 INFO [org.junit.Test] zero00748
2016-08-04 20:04:37,361 INFO [org.junit.Test] zero00749
2016-08-04 20:04:37,361 INFO [org.junit.Test] zero00750
2016-08-04 20:04:37,361 INFO [org.junit.Test] zero00751
2016-08-04 20:04:37,361 INFO [org.junit.Test] zero00752
2016-08-04 20:04:37,361 INFO [org.junit.Test] zero00753
2016-08-04 20:04:37,361 INFO [org.junit.Test] zero00754
2016-08-04 20:04:37,361 INFO [org.junit.Test] zero00755
2016-08-04 20:04:37,361 INFO [org.junit.Test] zero00756
2016-08-04 20:04:37,361 INFO [org.junit.Test] zero00757
2016-08-04 20:04:37,361 INFO [org.junit.Test] zero00758
2016-08-04 20:04:37,361 INFO [org.junit.Test] zero00759
2016-08-04 20:04:37,361 INFO [org.junit.Test] zero00760
2016-08-04 20:04:37,361 INFO [org.junit.Test] zero00761
2016-08-04 20:04:37,361 INFO [org.junit.Test] zero00762
2016-08-04 20:04:37,361 INFO [org.junit.Test] zero00763
2016-08-04 20:04:37,361 INFO [org.junit.Test] zero00764
2016-08-04 20:04:37,361 INFO [org.junit.Test] zero00765
2016-08-04 20:04:37,361 INFO [org.junit.Test] zero00766
2016-08-04 20:04:37,361 INFO [org.junit.Test] zero00767
2016-08-04 20:04:37,361 INFO [org.junit.Test] zero00768
2016-08-04 20:04:37,361 INFO [org.junit.Test] zero00769
2016-08-04 20:04:37,361 INFO [org.junit.Test] zero00770
2016-08-04 20:04:37,361 INFO [org.junit.Test] zero00771
2016-08-04 20:04:37,361 INFO [org.junit.Test] zero00772
2016-08-04 20:04:37,361 INFO [org.junit.Test] zero00773
2016-08-04 20:04:37,361 INFO [org.junit.Test] zero00774
2016-08-04 20:04:37,361 INFO [org.junit.Test] zero00775
2016-08-04 20:04:37,361 INFO [org.junit.Test] zero00776
2016-08-04 20:04:37,361 INFO [org.junit.Test] zero00777
2016-08-04 20:04:37,361 INFO [org.junit.Test] zero00778
2016-08-04 20:04:37,361 INFO [org.junit.Test] zero00779
2016-08-04 20:04:37,361 INFO [org.junit.Test] zero00780
2016-08-04 20:04:37,361 INFO [org.junit.Test] zero00781
2016-08-04 20:04:37,361 INFO [org.junit.Test] zero00782
2016-08-04 20:04:37,361 INFO [org.junit.Test] zero00783
2016-08-04 20:04:37,361 INFO [org.junit.Test] zero00784
2016-08-04 20:04:37,361 INFO [org.junit.Test] zero00785
2016-08-04 20:04:37,361 INFO [org.junit.Test] zero00786
2016-08-04 20:04:37,361 INFO [org.junit.Test] zero00787
2016-08-04 20:04:37,361 INFO [org.junit.Test] zero00788
2016-08-04 20:04:37,361 INFO [org.junit.Test] zero00789
2016-08-04 20:04:37,361 INFO [org.junit.Test] zero00790
2016-08-04 20:04:37,361 INFO [org.junit.Test] zero00791
2016-08-04 20:04:37,361 INFO [org.junit.Test] zero00792
2016-08-04 20:04:37,361 INFO [org.junit.Test] zero00793
2016-08-04 20:04:37,361 INFO [org.junit.Test] zero00794
2016-08-04 20:04:37,361 INFO [org.junit.Test] zero00795
2016-08-04 20:04:37,361 INFO [org.junit.Test] zero00796
2016-08-04 20:04:37,361 INFO [org.junit.Test] zero00797
2016-08-04 20:04:37,361 INFO [org.junit.Test] zero00798
2016-08-04 20:04:37,361 INFO [org.junit.Test] zero00799
2016-08-04 20:04:37,361 INFO [org.junit.Test] zero00800
2016-08-04 20:04:37,361 INFO [org.junit.Test] zero00801
2016-08-04 20:04:37,361 INFO [org.junit.Test] zero00802
2016-08-04 20:04:37,361 INFO [org.junit.Test] zero00803
2016-08-04 20:04:37,361 INFO [org.junit.Test] zero00804
2016-08-04 20:04:37,361 INFO [org.junit.Test] zero00805
2016-08-04 20:04:37,361 INFO [org.junit.Test] zero00806
2016-08-04 20:04:37,361 INFO [org.junit.Test] zero00807
2016-08-04 20:04:37,361 INFO [org.junit.Test] zero00808
2016-08-04 20:04:37,361 INFO [org.junit.Test] zero00809
2016-08-04 20:04:37,361 INFO [org.junit.Test] zero00810
2016-08-04 20:04:37,361 INFO [org.junit.Test] zero00811
2016-08-04 20:04:37,361 INFO [org.junit.Test] zero00812
2016-08-04 20:04:37,361 INFO [org.junit.Test] zero00813
2016-08-04 20:04:37,361 INFO [org.junit.Test] zero00814
2016-08-04 20:04:37,361 INFO [org.junit.Test] zero00815
2016-08-04 20:04:37,361 INFO [org.junit.Test] zero00816
2016-08-04 20:04:37,361 INFO [org.junit.Test] zero00817
2016-08-04 20:04:37,361 INFO [org.junit.Test] zero00818
2016-08-04 20:04:37,361 INFO [org.junit.Test] zero00819
2016-08-04 20:04:37,361 INFO [org.junit.Test] zero00820
2016-08-04 20:04:37,361 INFO [org.junit.Test] zero00821
2016-08-04 20:04:37,361 INFO [org.junit.Test] zero00822
2016-08-04 20:04:37,361 INFO [org.junit.Test] zero00823
2016-08-04 20:04:37,361 INFO [org.junit.Test] zero00824
2016-08-04 20:04:37,361 INFO [org.junit.Test] zero00825
2016-08-04 20:04:37,361 INFO [org.junit.Test] zero00826
2016-08-04 20:04:37,361 INFO [org.junit.Test] zero00827
2016-08-04 20:04:37,361 INFO [org.junit.Test] zero00828
2016-08-04 20:04:37,361 INFO [org.junit.Test] zero00829
2016-08-04 20:04:37,361 INFO [org.junit.Test] zero00830
2016-08-04 20:04:37,361 INFO [org.junit.Test] zero00831
2016-08-04 20:04:37,361 INFO [org.junit.Test] zero00832
2016-08-04 20:04:37,361 INFO [org.junit.Test] zero00833
2016-08-04 20:04:37,361 INFO [org.junit.Test] zero00834
2016-08-04 20:04:37,361 INFO [org.junit.Test] zero00835
2016-08-04 20:04:37,361 INFO [org.junit.Test] zero00836
2016-08-04 20:04:37,361 INFO [org.junit.Test] zero00837
2016-08-04 20:04:37,361 INFO [org.junit.Test] zero00838
2016-08-04 20:04:37,361 INFO [org.junit.Test] zero00839
2016-08-04 20:04:37,361 INFO [org.junit.Test] zero00840
2016-08-04 20:04:37,361 INFO [org.junit.Test] zero00841
2016-08-04 20:04:37,361 INFO [org.junit.Test] zero00842
2016-08-04 20:04:37,361 INFO [org.junit.Test] zero00843
2016-08-04 20:04:37,361 INFO [org.junit.Test] zero00844
2016-08-04 20:04:37,361 INFO [org.junit.Test] zero00845
2016-08-04 20:04:37,361 INFO [org.junit.Test] zero00846
2016-08-04 20:04:37,361 INFO [org.junit.Test] zero00847
2016-08-04 20:04:37,361 INFO [org.junit.Test] zero00848
2016-08-04 20:04:37,361 INFO [org.junit.Test] zero00849
2016-08-04 20:04:37,361 INFO [org.junit.Test] zero00850
2016-08-04 20:04:37,361 INFO [org.junit.Test] zero00851
2016-08-04 20:04:37,361 INFO [org.junit.Test] zero00852
2016-08-04 20:04:37,361 INFO [org.junit.Test] zero00853
2016-08-04 20:04:37,361 INFO [org.junit.Test] zero00854
2016-08-04 20:04:37,361 INFO [org.junit.Test] zero00855
2016-08-04 20:04:37,361 INFO [org.junit.Test] zero00856
2016-08-04 20:04:37,361 INFO [org.junit.Test] zero00857
2016-08-04 20:04:37,361 INFO [org.junit.Test] zero00858
2016-08-04 20:04:37,361 INFO [org.junit.Test] zero00859
2016-08-04 20:04:37,361 INFO [org.junit.Test] zero00860
2016-08-04 20:04:37,361 INFO [org.junit.Test] zero00861
2016-08-04 20:04:37,361 INFO [org.junit.Test] zero00862
2016-08-04 20:04:37,361 INFO [org.junit.Test] zero00863
2016-08-04 20:04:37,361 INFO [org.junit.Test] zero00864
2016-08-04 20:04:37,361 INFO [org.junit.Test] zero00865
2016-08-04 20:04:37,361 INFO [org.junit.Test] zero00866
2016-08-04 20:04:37,361 INFO [org.junit.Test] zero00867
2016-08-04 20:04:37,361 INFO [org.junit.Test] zero00868
2016-08-04 20:04:37,361 INFO [org.junit.Test] zero00869
2016-08-04 20:04:37,361 INFO [org.junit.Test] zero00870
2016-08-04 20:04:37,361 INFO [org.junit.Test] zero00871
2016-08-04 20:04:37,361 INFO [org.junit.Test] zero00872
2016-08-04 20:04:37,361 INFO [org.junit.Test] zero00873
2016-08-04 20:04:37,361 INFO [org.junit.Test] zero00874
2016-08-04 20:04:37,361 INFO [org.junit.Test] zero00875
2016-08-04 20:04:37,361 INFO [org.junit.Test] zero00876
2016-08-04 20:04:37,361 INFO [org.junit.Test] zero00877
2016-08-04 20:04:37,361 INFO [org.junit.Test] zero00878
2016-08-04 20:04:37,361 INFO [org.junit.Test] zero00879
2016-08-04 20:04:37,361 INFO [org.junit.Test] zero00880
2016-08-04 20:04:37,361 INFO [org.junit.Test] zero00881
2016-08-04 20:04:37,361 INFO [org.junit.Test] zero00882
2016-08-04 20:04:37,361 INFO [org.junit.Test] zero00883
2016-08-04 20:04:37,361 INFO [org.junit.Test] zero00884
2016-08-04 20:04:37,361 INFO [org.junit.Test] zero00885
2016-08-04 20:04:37,361 INFO [org.junit.Test] zero00886
2016-08-04 20:04:37,361 INFO [org.junit.Test] zero00887
2016-08-04 20:04:37,361 INFO [org.junit.Test] zero00888
2016-08-04 20:04:37,361 INFO [org.junit.Test] zero00889
2016-08-04 20:04:37,361 INFO [org.junit.Test] zero00890
2016-08-04 20:04:37,361 INFO [org.junit.Test] zero00891
2016-08-04 20:04:37,361 INFO [org.junit.Test] zero00892
2016-08-04 20:04:37,361 INFO [org.junit.Test] zero00893
2016-08-04 20:04:37,361 INFO [org.junit.Test] zero00894
2016-08-04 20:04:37,361 INFO [org.junit.Test] zero00895
2016-08-04 20:04:37,361 INFO [org.junit.Test] zero00896
2016-08-04 20:04:37,361 INFO [org.junit.Test] zero00897
2016-08-04 20:04:37,361 INFO [org.junit.Test] zero00898
2016-08-04 20:04:37,361 INFO [org.junit.Test] zero00899
2016-08-04 20:04:37,361 INFO [org.junit.Test] zero00900
2016-08-04 20:04:37,361 INFO [org.junit.Test] zero00901
2016-08-04 20:04:37,361 INFO [org.junit.Test] zero00902
2016-08-04 20:04:37,361 INFO [org.junit.Test] zero00903
2016-08-04 20:04:37,361 INFO [org.junit.Test] zero00904
2016-08-04 20:04:37,361 INFO [org.junit.Test] zero00905
2016-08-04 20:04:37,361 INFO [org.junit.Test] zero00906
2016-08-04 20:04:37,361 INFO [org.junit.Test] zero00907
2016-08-04 20:04:37,361 INFO [org.junit.Test] zero00908
2016-08-04 20:04:37,361 INFO [org.junit.Test] zero00909
2016-08-04 20:04:37,361 INFO [org.junit.Test] zero00910
2016-08-04 20:04:37,361 INFO [org.junit.Test] zero00911
2016-08-04 20:04:37,361 INFO [org.junit.Test] zero00912
2016-08-04 20:04:37,361 INFO [org.junit.Test] zero00913
2016-08-04 20:04:37,361 INFO [org.junit.Test] zero00914
2016-08-04 20:04:37,361 INFO [org.junit.Test] zero00915
2016-08-04 20:04:37,361 INFO [org.junit.Test] zero00916
2016-08-04 20:04:37,361 INFO [org.junit.Test] zero00917
2016-08-04 20:04:37,361 INFO [org.junit.Test] zero00918
2016-08-04 20:04:37,361 INFO [org.junit.Test] zero00919
2016-08-04 20:04:37,361 INFO [org.junit.Test] zero00920
2016-08-04 20:04:37,361 INFO [org.junit.Test] zero00921
2016-08-04 20:04:37,361 INFO [org.junit.Test] zero00922
2016-08-04 20:04:37,362 INFO [org.junit.Test] zero00923
2016-08-04 20:04:37,362 INFO [org.junit.Test] zero00924
2016-08-04 20:04:37,362 INFO [org.junit.Test] zero00925
2016-08-04 20:04:37,362 INFO [org.junit.Test] zero00926
2016-08-04 20:04:37,362 INFO [org.junit.Test] zero00927
2016-08-04 20:04:37,362 INFO [org.junit.Test] zero00928
2016-08-04 20:04:37,362 INFO [org.junit.Test] zero00929
2016-08-04 20:04:37,362 INFO [org.junit.Test] zero00930
2016-08-04 20:04:37,362 INFO [org.junit.Test] zero00931
2016-08-04 20:04:37,362 INFO [org.junit.Test] zero00932
2016-08-04 20:04:37,362 INFO [org.junit.Test] zero00933
2016-08-04 20:04:37,362 INFO [org.junit.Test] zero00934
2016-08-04 20:04:37,362 INFO [org.junit.Test] zero00935
2016-08-04 20:04:37,362 INFO [org.junit.Test] zero00936
2016-08-04 20:04:37,362 INFO [org.junit.Test] zero00937
2016-08-04 20:04:37,362 INFO [org.junit.Test] zero00938
2016-08-04 20:04:37,362 INFO [org.junit.Test] zero00939
2016-08-04 20:04:37,362 INFO [org.junit.Test] zero00940
2016-08-04 20:04:37,362 INFO [org.junit.Test] zero00941
2016-08-04 20:04:37,362 INFO [org.junit.Test] zero00942
2016-08-04 20:04:37,362 INFO [org.junit.Test] zero00943
2016-08-04 20:04:37,362 INFO [org.junit.Test] zero00944
2016-08-04 20:04:37,362 INFO [org.junit.Test] zero00945
2016-08-04 20:04:37,362 INFO [org.junit.Test] zero00946
2016-08-04 20:04:37,362 INFO [org.junit.Test] zero00947
2016-08-04 20:04:37,362 INFO [org.junit.Test] zero00948
2016-08-04 20:04:37,362 INFO [org.junit.Test] zero00949
2016-08-04 20:04:37,362 INFO [org.junit.Test] zero00950
2016-08-04 20:04:37,362 INFO [org.junit.Test] zero00951
2016-08-04 20:04:37,362 INFO [org.junit.Test] zero00952
2016-08-04 20:04:37,362 INFO [org.junit.Test] zero00953
2016-08-04 20:04:37,362 INFO [org.junit.Test] zero00954
2016-08-04 20:04:37,362 INFO [org.junit.Test] zero00955
2016-08-04 20:04:37,362 INFO [org.junit.Test] zero00956
2016-08-04 20:04:37,362 INFO [org.junit.Test] zero00957
2016-08-04 20:04:37,362 INFO [org.junit.Test] zero00958
2016-08-04 20:04:37,362 INFO [org.junit.Test] zero00959
2016-08-04 20:04:37,362 INFO [org.junit.Test] zero00960
2016-08-04 20:04:37,362 INFO [org.junit.Test] zero00961
2016-08-04 20:04:37,362 INFO [org.junit.Test] zero00962
2016-08-04 20:04:37,362 INFO [org.junit.Test] zero00963
2016-08-04 20:04:37,362 INFO [org.junit.Test] zero00964
2016-08-04 20:04:37,362 INFO [org.junit.Test] zero00965
2016-08-04 20:04:37,362 INFO [org.junit.Test] zero00966
2016-08-04 20:04:37,362 INFO [org.junit.Test] zero00967
2016-08-04 20:04:37,362 INFO [org.junit.Test] zero00968
2016-08-04 20:04:37,362 INFO [org.junit.Test] zero00969
2016-08-04 20:04:37,362 INFO [org.junit.Test] zero00970
2016-08-04 20:04:37,362 INFO [org.junit.Test] zero00971
2016-08-04 20:04:37,362 INFO [org.junit.Test] zero00972
2016-08-04 20:04:37,362 INFO [org.junit.Test] zero00973
2016-08-04 20:04:37,362 INFO [org.junit.Test] zero00974
2016-08-04 20:04:37,362 INFO [org.junit.Test] zero00975
2016-08-04 20:04:37,362 INFO [org.junit.Test] zero00976
2016-08-04 20:04:37,362 INFO [org.junit.Test] zero00977
2016-08-04 20:04:37,362 INFO [org.junit.Test] zero00978
2016-08-04 20:04:37,362 INFO [org.junit.Test] zero00979
2016-08-04 20:04:37,362 INFO [org.junit.Test] zero00980
2016-08-04 20:04:37,362 INFO [org.junit.Test] zero00981
2016-08-04 20:04:37,362 INFO [org.junit.Test] zero00982
2016-08-04 20:04:37,362 INFO [org.junit.Test] zero00983
2016-08-04 20:04:37,362 INFO [org.junit.Test] zero00984
2016-08-04 20:04:37,362 INFO [org.junit.Test] zero00985
2016-08-04 20:04:37,362 INFO [org.junit.Test] zero00986
2016-08-04 20:04:37,362 INFO [org.junit.Test] zero00987
2016-08-04 20:04:37,362 INFO [org.junit.Test] zero00988
2016-08-04 20:04:37,362 INFO [org.junit.Test] zero00989
2016-08-04 20:04:37,362 INFO [org.junit.Test] zero00990
2016-08-04 20:04:37,362 INFO [org.junit.Test] zero00991
2016-08-04 20:04:37,362 INFO [org.junit.Test] zero00992
2016-08-04 20:04:37,362 INFO [org.junit.Test] zero00993
2016-08-04 20:04:37,362 INFO [org.junit.Test] zero00994
2016-08-04 20:04:37,362 INFO [org.junit.Test] zero00995
2016-08-04 20:04:37,362 INFO [org.junit.Test] zero00996
2016-08-04 20:04:37,362 INFO [org.junit.Test] zero00997
2016-08-04 20:04:37,362 INFO [org.junit.Test] zero00998
2016-08-04 20:04:37,362 INFO [org.junit.Test] zero00999
2016-08-04 20:04:40,362 INFO [org.junit.Test] zero000
2016-08-04 20:04:40,362 INFO [org.junit.Test] zero001
2016-08-04 20:04:40,362 INFO [org.junit.Test] zero002
2016-08-04 20:04:40,362 INFO [org.junit.Test] zero003
2016-08-04 20:04:40,362 INFO [org.junit.Test] zero004
2016-08-04 20:04:40,362 INFO [org.junit.Test] zero005
2016-08-04 20:04:40,362 INFO [org.junit.Test] zero006
2016-08-04 20:04:40,362 INFO [org.junit.Test] zero007
2016-08-04 20:04:40,362 INFO [org.junit.Test] zero008
2016-08-04 20:04:40,362 INFO [org.junit.Test] zero009
2016-08-04 20:04:40,362 INFO [org.junit.Test] zero0010
2016-08-04 20:04:40,362 INFO [org.junit.Test] zero0011
2016-08-04 20:04:40,362 INFO [org.junit.Test] zero0012
2016-08-04 20:04:40,362 INFO [org.junit.Test] zero0013
2016-08-04 20:04:40,362 INFO [org.junit.Test] zero0014
2016-08-04 20:04:40,362 INFO [org.junit.Test] zero0015
2016-08-04 20:04:40,362 INFO [org.junit.Test] zero0016
2016-08-04 20:04:40,362 INFO [org.junit.Test] zero0017
2016-08-04 20:04:40,362 INFO [org.junit.Test] zero0018
2016-08-04 20:04:40,362 INFO [org.junit.Test] zero0019
2016-08-04 20:04:40,362 INFO [org.junit.Test] zero0020
2016-08-04 20:04:40,362 INFO [org.junit.Test] zero0021
2016-08-04 20:04:40,362 INFO [org.junit.Test] zero0022
2016-08-04 20:04:40,362 INFO [org.junit.Test] zero0023
2016-08-04 20:04:40,362 INFO [org.junit.Test] zero0024
2016-08-04 20:04:40,362 INFO [org.junit.Test] zero0025
2016-08-04 20:04:40,362 INFO [org.junit.Test] zero0026
2016-08-04 20:04:40,362 INFO [org.junit.Test] zero0027
2016-08-04 20:04:40,362 INFO [org.junit.Test] zero0028
2016-08-04 20:04:40,362 INFO [org.junit.Test] zero0029
2016-08-04 20:04:40,362 INFO [org.junit.Test] zero0030
2016-08-04 20:04:40,362 INFO [org.junit.Test] zero0031
2016-08-04 20:04:40,362 INFO [org.junit.Test] zero0032
2016-08-04 20:04:40,362 INFO [org.junit.Test] zero0033
2016-08-04 20:04:40,362 INFO [org.junit.Test] zero0034
2016-08-04 20:04:40,362 INFO [org.junit.Test] zero0035
2016-08-04 20:04:40,362 INFO [org.junit.Test] zero0036
2016-08-04 20:04:40,362 INFO [org.junit.Test] zero0037
2016-08-04 20:04:40,362 INFO [org.junit.Test] zero0038
2016-08-04 20:04:40,362 INFO [org.junit.Test] zero0039
2016-08-04 20:04:40,362 INFO [org.junit.Test] zero0040
2016-08-04 20:04:40,362 INFO [org.junit.Test] zero0041
2016-08-04 20:04:40,362 INFO [org.junit.Test] zero0042
2016-08-04 20:04:40,362 INFO [org.junit.Test] zero0043
2016-08-04 20:04:40,362 INFO [org.junit.Test] zero0044
2016-08-04 20:04:40,362 INFO [org.junit.Test] zero0045
2016-08-04 20:04:40,362 INFO [org.junit.Test] zero0046
2016-08-04 20:04:40,362 INFO [org.junit.Test] zero0047
2016-08-04 20:04:40,362 INFO [org.junit.Test] zero0048
2016-08-04 20:04:40,362 INFO [org.junit.Test] zero0049
2016-08-04 20:04:40,362 INFO [org.junit.Test] zero0050
2016-08-04 20:04:40,362 INFO [org.junit.Test] zero0051
2016-08-04 20:04:40,362 INFO [org.junit.Test] zero0052
2016-08-04 20:04:40,362 INFO [org.junit.Test] zero0053
2016-08-04 20:04:40,362 INFO [org.junit.Test] zero0054
2016-08-04 20:04:40,362 INFO [org.junit.Test] zero0055
2016-08-04 20:04:40,362 INFO [org.junit.Test] zero0056
2016-08-04 20:04:40,362 INFO [org.junit.Test] zero0057
2016-08-04 20:04:40,362 INFO [org.junit.Test] zero0058
2016-08-04 20:04:40,362 INFO [org.junit.Test] zero0059
2016-08-04 20:04:40,362 INFO [org.junit.Test] zero0060
2016-08-04 20:04:40,362 INFO [org.junit.Test] zero0061
2016-08-04 20:04:40,362 INFO [org.junit.Test] zero0062
2016-08-04 20:04:40,362 INFO [org.junit.Test] zero0063
2016-08-04 20:04:40,362 INFO [org.junit.Test] zero0064
2016-08-04 20:04:40,362 INFO [org.junit.Test] zero0065
2016-08-04 20:04:40,362 INFO [org.junit.Test] zero0066
2016-08-04 20:04:40,362 INFO [org.junit.Test] zero0067
2016-08-04 20:04:40,362 INFO [org.junit.Test] zero0068
2016-08-04 20:04:40,362 INFO [org.junit.Test] zero0069
2016-08-04 20:04:40,362 INFO [org.junit.Test] zero0070
2016-08-04 20:04:40,362 INFO [org.junit.Test] zero0071
2016-08-04 20:04:40,362 INFO [org.junit.Test] zero0072
2016-08-04 20:04:40,362 INFO [org.junit.Test] zero0073
2016-08-04 20:04:40,362 INFO [org.junit.Test] zero0074
2016-08-04 20:04:40,362 INFO [org.junit.Test] zero0075
2016-08-04 20:04:40,362 INFO [org.junit.Test] zero0076
2016-08-04 20:04:40,362 INFO [org.junit.Test] zero0077
2016-08-04 20:04:40,362 INFO [org.junit.Test] zero0078
2016-08-04 20:04:40,362 INFO [org.junit.Test] zero0079
2016-08-04 20:04:40,362 INFO [org.junit.Test] zero0080
2016-08-04 20:04:40,362 INFO [org.junit.Test] zero0081
2016-08-04 20:04:40,362 INFO [org.junit.Test] zero0082
2016-08-04 20:04:40,362 INFO [org.junit.Test] zero0083
2016-08-04 20:04:40,362 INFO [org.junit.Test] zero0084
2016-08-04 20:04:40,362 INFO [org.junit.Test] zero0085
2016-08-04 20:04:40,362 INFO [org.junit.Test] zero0086
2016-08-04 20:04:40,362 INFO [org.junit.Test] zero0087
2016-08-04 20:04:40,362 INFO [org.junit.Test] zero0088
2016-08-04 20:04:40,362 INFO [org.junit.Test] zero0089
2016-08-04 20:04:40,362 INFO [org.junit.Test] zero0090
2016-08-04 20:04:40,362 INFO [org.junit.Test] zero0091
2016-08-04 20:04:40,362 INFO [org.junit.Test] zero0092
2016-08-04 20:04:40,362 INFO [org.junit.Test] zero0093
2016-08-04 20:04:40,362 INFO [org.junit.Test] zero0094
2016-08-04 20:04:40,362 INFO [org.junit.Test] zero0095
2016-08-04 20:04:40,362 INFO [org.junit.Test] zero0096
2016-08-04 20:04:40,362 INFO [org.junit.Test] zero0097
2016-08-04 20:04:40,362 INFO [org.junit.Test] zero0098
2016-08-04 20:04:40,362 INFO [org.junit.Test] zero0099
2016-08-04 20:04:40,362 INFO [org.junit.Test] zero00100
2016-08-04 20:04:40,362 INFO [org.junit.Test] zero00101
2016-08-04 20:04:40,362 INFO [org.junit.Test] zero00102
2016-08-04 20:04:40,362 INFO [org.junit.Test] zero00103
2016-08-04 20:04:40,362 INFO [org.junit.Test] zero00104
2016-08-04 20:04:40,362 INFO [org.junit.Test] zero00105
2016-08-04 20:04:40,362 INFO [org.junit.Test] zero00106
2016-08-04 20:04:40,362 INFO [org.junit.Test] zero00107
2016-08-04 20:04:40,362 INFO [org.junit.Test] zero00108
2016-08-04 20:04:40,362 INFO [org.junit.Test] zero00109
2016-08-04 20:04:40,362 INFO [org.junit.Test] zero00110
2016-08-04 20:04:40,362 INFO [org.junit.Test] zero00111
2016-08-04 20:04:40,362 INFO [org.junit.Test] zero00112
2016-08-04 20:04:40,362 INFO [org.junit.Test] zero00113
2016-08-04 20:04:40,362 INFO [org.junit.Test] zero00114
2016-08-04 20:04:40,362 INFO [org.junit.Test] zero00115
2016-08-04 20:04:40,362 INFO [org.junit.Test] zero00116
2016-08-04 20:04:40,362 INFO [org.junit.Test] zero00117
2016-08-04 20:04:40,362 INFO [org.junit.Test] zero00118
2016-08-04 20:04:40,362 INFO [org.junit.Test] zero00119
2016-08-04 20:04:40,362 INFO [org.junit.Test] zero00120
2016-08-04 20:04:40,362 INFO [org.junit.Test] zero00121
2016-08-04 20:04:40,362 INFO [org.junit.Test] zero00122
2016-08-04 20:04:40,362 INFO [org.junit.Test] zero00123
2016-08-04 20:04:40,362 INFO [org.junit.Test] zero00124
2016-08-04 20:04:40,362 INFO [org.junit.Test] zero00125
2016-08-04 20:04:40,545 INFO [org.junit.Test] zero00126
2016-08-04 20:04:40,545 INFO [org.junit.Test] zero00127
2016-08-04 20:04:40,545 INFO [org.junit.Test] zero00128
2016-08-04 20:04:40,545 INFO [org.junit.Test] zero00129
2016-08-04 20:04:40,545 INFO [org.junit.Test] zero00130
2016-08-04 20:04:40,545 INFO [org.junit.Test] zero00131
2016-08-04 20:04:40,545 INFO [org.junit.Test] zero00132
2016-08-04 20:04:40,545 INFO [org.junit.Test] zero00133
2016-08-04 20:04:40,545 INFO [org.junit.Test] zero00134
2016-08-04 20:04:40,545 INFO [org.junit.Test] zero00135
2016-08-04 20:04:40,545 INFO [org.junit.Test] zero00136
2016-08-04 20:04:40,545 INFO [org.junit.Test] zero00137
2016-08-04 20:04:40,545 INFO [org.junit.Test] zero00138
2016-08-04 20:04:40,545 INFO [org.junit.Test] zero00139
2016-08-04 20:04:40,545 INFO [org.junit.Test] zero00140
2016-08-04 20:04:40,545 INFO [org.junit.Test] zero00141
2016-08-04 20:04:40,545 INFO [org.junit.Test] zero00142
2016-08-04 20:04:40,545 INFO [org.junit.Test] zero00143
2016-08-04 20:04:40,545 INFO [org.junit.Test] zero00144
2016-08-04 20:04:40,545 INFO [org.junit.Test] zero00145
2016-08-04 20:04:40,545 INFO [org.junit.Test] zero00146
2016-08-04 20:04:40,545 INFO [org.junit.Test] zero00147
2016-08-04 20:04:40,545 INFO [org.junit.Test] zero00148
2016-08-04 20:04:40,545 INFO [org.junit.Test] zero00149
2016-08-04 20:04:40,545 INFO [org.junit.Test] zero00150
2016-08-04 20:04:40,545 INFO [org.junit.Test] zero00151
2016-08-04 20:04:40,545 INFO [org.junit.Test] zero00152
2016-08-04 20:04:40,545 INFO [org.junit.Test] zero00153
2016-08-04 20:04:40,545 INFO [org.junit.Test] zero00154
2016-08-04 20:04:40,545 INFO [org.junit.Test] zero00155
2016-08-04 20:04:40,545 INFO [org.junit.Test] zero00156
2016-08-04 20:04:40,545 INFO [org.junit.Test] zero00157
2016-08-04 20:04:40,545 INFO [org.junit.Test] zero00158
2016-08-04 20:04:40,545 INFO [org.junit.Test] zero00159
2016-08-04 20:04:40,545 INFO [org.junit.Test] zero00160
2016-08-04 20:04:40,545 INFO [org.junit.Test] zero00161
2016-08-04 20:04:40,545 INFO [org.junit.Test] zero00162
2016-08-04 20:04:40,545 INFO [org.junit.Test] zero00163
2016-08-04 20:04:40,545 INFO [org.junit.Test] zero00164
2016-08-04 20:04:40,545 INFO [org.junit.Test] zero00165
2016-08-04 20:04:40,545 INFO [org.junit.Test] zero00166
2016-08-04 20:04:40,545 INFO [org.junit.Test] zero00167
2016-08-04 20:04:40,545 INFO [org.junit.Test] zero00168
2016-08-04 20:04:40,545 INFO [org.junit.Test] zero00169
2016-08-04 20:04:40,545 INFO [org.junit.Test] zero00170
2016-08-04 20:04:40,545 INFO [org.junit.Test] zero00171
2016-08-04 20:04:40,545 INFO [org.junit.Test] zero00172
2016-08-04 20:04:40,545 INFO [org.junit.Test] zero00173
2016-08-04 20:04:40,545 INFO [org.junit.Test] zero00174
2016-08-04 20:04:40,545 INFO [org.junit.Test] zero00175
2016-08-04 20:04:40,545 INFO [org.junit.Test] zero00176
2016-08-04 20:04:40,545 INFO [org.junit.Test] zero00177
2016-08-04 20:04:40,545 INFO [org.junit.Test] zero00178
2016-08-04 20:04:40,545 INFO [org.junit.Test] zero00179
2016-08-04 20:04:40,545 INFO [org.junit.Test] zero00180
2016-08-04 20:04:40,545 INFO [org.junit.Test] zero00181
2016-08-04 20:04:40,545 INFO [org.junit.Test] zero00182
2016-08-04 20:04:40,545 INFO [org.junit.Test] zero00183
2016-08-04 20:04:40,545 INFO [org.junit.Test] zero00184
2016-08-04 20:04:40,545 INFO [org.junit.Test] zero00185
2016-08-04 20:04:40,545 INFO [org.junit.Test] zero00186
2016-08-04 20:04:40,545 INFO [org.junit.Test] zero00187
2016-08-04 20:04:40,545 INFO [org.junit.Test] zero00188
2016-08-04 20:04:40,545 INFO [org.junit.Test] zero00189
2016-08-04 20:04:40,545 INFO [org.junit.Test] zero00190
2016-08-04 20:04:40,545 INFO [org.junit.Test] zero00191
2016-08-04 20:04:40,545 INFO [org.junit.Test] zero00192
2016-08-04 20:04:40,545 INFO [org.junit.Test] zero00193
2016-08-04 20:04:40,545 INFO [org.junit.Test] zero00194
2016-08-04 20:04:40,545 INFO [org.junit.Test] zero00195
2016-08-04 20:04:40,545 INFO [org.junit.Test] zero00196
2016-08-04 20:04:40,545 INFO [org.junit.Test] zero00197
2016-08-04 20:04:40,545 INFO [org.junit.Test] zero00198
2016-08-04 20:04:40,545 INFO [org.junit.Test] zero00199
2016-08-04 20:04:40,545 INFO [org.junit.Test] zero00200
2016-08-04 20:04:40,545 INFO [org.junit.Test] zero00201
2016-08-04 20:04:40,545 INFO [org.junit.Test] zero00202
2016-08-04 20:04:40,545 INFO [org.junit.Test] zero00203
2016-08-04 20:04:40,545 INFO [org.junit.Test] zero00204
2016-08-04 20:04:40,545 INFO [org.junit.Test] zero00205
2016-08-04 20:04:40,545 INFO [org.junit.Test] zero00206
2016-08-04 20:04:40,545 INFO [org.junit.Test] zero00207
2016-08-04 20:04:40,545 INFO [org.junit.Test] zero00208
2016-08-04 20:04:40,545 INFO [org.junit.Test] zero00209
2016-08-04 20:04:40,545 INFO [org.junit.Test] zero00210
2016-08-04 20:04:40,545 INFO [org.junit.Test] zero00211
2016-08-04 20:04:40,545 INFO [org.junit.Test] zero00212
2016-08-04 20:04:40,545 INFO [org.junit.Test] zero00213
2016-08-04 20:04:40,545 INFO [org.junit.Test] zero00214
2016-08-04 20:04:40,545 INFO [org.junit.Test] zero00215
2016-08-04 20:04:40,545 INFO [org.junit.Test] zero00216
2016-08-04 20:04:40,545 INFO [org.junit.Test] zero00217
2016-08-04 20:04:40,545 INFO [org.junit.Test] zero00218
2016-08-04 20:04:40,545 INFO [org.junit.Test] zero00219
2016-08-04 20:04:40,545 INFO [org.junit.Test] zero00220
2016-08-04 20:04:40,545 INFO [org.junit.Test] zero00221
2016-08-04 20:04:40,545 INFO [org.junit.Test] zero00222
2016-08-04 20:04:40,545 INFO [org.junit.Test] zero00223
2016-08-04 20:04:40,545 INFO [org.junit.Test] zero00224
2016-08-04 20:04:40,545 INFO [org.junit.Test] zero00225
2016-08-04 20:04:40,545 INFO [org.junit.Test] zero00226
2016-08-04 20:04:40,545 INFO [org.junit.Test] zero00227
2016-08-04 20:04:40,545 INFO [org.junit.Test] zero00228
2016-08-04 20:04:40,545 INFO [org.junit.Test] zero00229
2016-08-04 20:04:40,545 INFO [org.junit.Test] zero00230
2016-08-04 20:04:40,545 INFO [org.junit.Test] zero00231
2016-08-04 20:04:40,545 INFO [org.junit.Test] zero00232
2016-08-04 20:04:40,545 INFO [org.junit.Test] zero00233
2016-08-04 20:04:40,545 INFO [org.junit.Test] zero00234
2016-08-04 20:04:40,546 INFO [org.junit.Test] zero00235
2016-08-04 20:04:40,546 INFO [org.junit.Test] zero00236
2016-08-04 20:04:40,546 INFO [org.junit.Test] zero00237
2016-08-04 20:04:40,546 INFO [org.junit.Test] zero00238
2016-08-04 20:04:40,546 INFO [org.junit.Test] zero00239
2016-08-04 20:04:40,546 INFO [org.junit.Test] zero00240
2016-08-04 20:04:40,546 INFO [org.junit.Test] zero00241
2016-08-04 20:04:40,546 INFO [org.junit.Test] zero00242
2016-08-04 20:04:40,546 INFO [org.junit.Test] zero00243
2016-08-04 20:04:40,546 INFO [org.junit.Test] zero00244
2016-08-04 20:04:40,546 INFO [org.junit.Test] zero00245
2016-08-04 20:04:40,546 INFO [org.junit.Test] zero00246
2016-08-04 20:04:40,546 INFO [org.junit.Test] zero00247
2016-08-04 20:04:40,546 INFO [org.junit.Test] zero00248
2016-08-04 20:04:40,546 INFO [org.junit.Test] zero00249
2016-08-04 20:04:40,546 INFO [org.junit.Test] zero00250
2016-08-04 20:04:40,546 INFO [org.junit.Test] zero00251
2016-08-04 20:04:40,546 INFO [org.junit.Test] zero00252
2016-08-04 20:04:40,546 INFO [org.junit.Test] zero00253
2016-08-04 20:04:40,546 INFO [org.junit.Test] zero00254
2016-08-04 20:04:40,546 INFO [org.junit.Test] zero00255
2016-08-04 20:04:40,546 INFO [org.junit.Test] zero00256
2016-08-04 20:04:40,546 INFO [org.junit.Test] zero00257
2016-08-04 20:04:40,546 INFO [org.junit.Test] zero00258
2016-08-04 20:04:40,546 INFO [org.junit.Test] zero00259
2016-08-04 20:04:40,546 INFO [org.junit.Test] zero00260
2016-08-04 20:04:40,546 INFO [org.junit.Test] zero00261
2016-08-04 20:04:40,546 INFO [org.junit.Test] zero00262
2016-08-04 20:04:40,546 INFO [org.junit.Test] zero00263
2016-08-04 20:04:40,546 INFO [org.junit.Test] zero00264
2016-08-04 20:04:40,546 INFO [org.junit.Test] zero00265
2016-08-04 20:04:40,546 INFO [org.junit.Test] zero00266
2016-08-04 20:04:40,546 INFO [org.junit.Test] zero00267
2016-08-04 20:04:40,546 INFO [org.junit.Test] zero00268
2016-08-04 20:04:40,546 INFO [org.junit.Test] zero00269
2016-08-04 20:04:40,546 INFO [org.junit.Test] zero00270
2016-08-04 20:04:40,546 INFO [org.junit.Test] zero00271
2016-08-04 20:04:40,546 INFO [org.junit.Test] zero00272
2016-08-04 20:04:40,546 INFO [org.junit.Test] zero00273
2016-08-04 20:04:40,546 INFO [org.junit.Test] zero00274
2016-08-04 20:04:40,546 INFO [org.junit.Test] zero00275
2016-08-04 20:04:40,546 INFO [org.junit.Test] zero00276
2016-08-04 20:04:40,546 INFO [org.junit.Test] zero00277
2016-08-04 20:04:40,547 INFO [org.junit.Test] zero00278
2016-08-04 20:04:40,547 INFO [org.junit.Test] zero00279
2016-08-04 20:04:40,547 INFO [org.junit.Test] zero00280
2016-08-04 20:04:40,547 INFO [org.junit.Test] zero00281
2016-08-04 20:04:40,547 INFO [org.junit.Test] zero00282
2016-08-04 20:04:40,547 INFO [org.junit.Test] zero00283
2016-08-04 20:04:40,547 INFO [org.junit.Test] zero00284
2016-08-04 20:04:40,547 INFO [org.junit.Test] zero00285
2016-08-04 20:04:40,547 INFO [org.junit.Test] zero00286
2016-08-04 20:04:40,547 INFO [org.junit.Test] zero00287
2016-08-04 20:04:40,547 INFO [org.junit.Test] zero00288
2016-08-04 20:04:40,547 INFO [org.junit.Test] zero00289
2016-08-04 20:04:40,547 INFO [org.junit.Test] zero00290
2016-08-04 20:04:40,547 INFO [org.junit.Test] zero00291
2016-08-04 20:04:40,547 INFO [org.junit.Test] zero00292
2016-08-04 20:04:40,547 INFO [org.junit.Test] zero00293
2016-08-04 20:04:40,547 INFO [org.junit.Test] zero00294
2016-08-04 20:04:40,547 INFO [org.junit.Test] zero00295
2016-08-04 20:04:40,547 INFO [org.junit.Test] zero00296
2016-08-04 20:04:40,547 INFO [org.junit.Test] zero00297
2016-08-04 20:04:40,547 INFO [org.junit.Test] zero00298
2016-08-04 20:04:40,547 INFO [org.junit.Test] zero00299
2016-08-04 20:04:40,547 INFO [org.junit.Test] zero00300
2016-08-04 20:04:40,547 INFO [org.junit.Test] zero00301
2016-08-04 20:04:40,547 INFO [org.junit.Test] zero00302
2016-08-04 20:04:40,547 INFO [org.junit.Test] zero00303
2016-08-04 20:04:40,547 INFO [org.junit.Test] zero00304
2016-08-04 20:04:40,547 INFO [org.junit.Test] zero00305
2016-08-04 20:04:40,547 INFO [org.junit.Test] zero00306
2016-08-04 20:04:40,547 INFO [org.junit.Test] zero00307
2016-08-04 20:04:40,547 INFO [org.junit.Test] zero00308
2016-08-04 20:04:40,547 INFO [org.junit.Test] zero00309
2016-08-04 20:04:40,547 INFO [org.junit.Test] zero00310
2016-08-04 20:04:40,547 INFO [org.junit.Test] zero00311
2016-08-04 20:04:40,547 INFO [org.junit.Test] zero00312
2016-08-04 20:04:40,547 INFO [org.junit.Test] zero00313
2016-08-04 20:04:40,547 INFO [org.junit.Test] zero00314
2016-08-04 20:04:40,547 INFO [org.junit.Test] zero00315
2016-08-04 20:04:40,547 INFO [org.junit.Test] zero00316
2016-08-04 20:04:40,547 INFO [org.junit.Test] zero00317
2016-08-04 20:04:40,547 INFO [org.junit.Test] zero00318
2016-08-04 20:04:40,547 INFO [org.junit.Test] zero00319
2016-08-04 20:04:40,547 INFO [org.junit.Test] zero00320
2016-08-04 20:04:40,547 INFO [org.junit.Test] zero00321
2016-08-04 20:04:40,547 INFO [org.junit.Test] zero00322
2016-08-04 20:04:40,547 INFO [org.junit.Test] zero00323
2016-08-04 20:04:40,547 INFO [org.junit.Test] zero00324
2016-08-04 20:04:40,547 INFO [org.junit.Test] zero00325
2016-08-04 20:04:40,547 INFO [org.junit.Test] zero00326
2016-08-04 20:04:40,547 INFO [org.junit.Test] zero00327
2016-08-04 20:04:40,547 INFO [org.junit.Test] zero00328
2016-08-04 20:04:40,547 INFO [org.junit.Test] zero00329
2016-08-04 20:04:40,547 INFO [org.junit.Test] zero00330
2016-08-04 20:04:40,547 INFO [org.junit.Test] zero00331
2016-08-04 20:04:40,547 INFO [org.junit.Test] zero00332
2016-08-04 20:04:40,547 INFO [org.junit.Test] zero00333
2016-08-04 20:04:40,547 INFO [org.junit.Test] zero00334
2016-08-04 20:04:40,547 INFO [org.junit.Test] zero00335
2016-08-04 20:04:40,547 INFO [org.junit.Test] zero00336
2016-08-04 20:04:40,547 INFO [org.junit.Test] zero00337
2016-08-04 20:04:40,547 INFO [org.junit.Test] zero00338
2016-08-04 20:04:40,547 INFO [org.junit.Test] zero00339
2016-08-04 20:04:40,547 INFO [org.junit.Test] zero00340
2016-08-04 20:04:40,547 INFO [org.junit.Test] zero00341
2016-08-04 20:04:40,547 INFO [org.junit.Test] zero00342
2016-08-04 20:04:40,547 INFO [org.junit.Test] zero00343
2016-08-04 20:04:40,547 INFO [org.junit.Test] zero00344
2016-08-04 20:04:40,547 INFO [org.junit.Test] zero00345
2016-08-04 20:04:40,547 INFO [org.junit.Test] zero00346
2016-08-04 20:04:40,547 INFO [org.junit.Test] zero00347
2016-08-04 20:04:40,547 INFO [org.junit.Test] zero00348
2016-08-04 20:04:40,547 INFO [org.junit.Test] zero00349
2016-08-04 20:04:40,547 INFO [org.junit.Test] zero00350
2016-08-04 20:04:40,547 INFO [org.junit.Test] zero00351
2016-08-04 20:04:40,547 INFO [org.junit.Test] zero00352
2016-08-04 20:04:40,547 INFO [org.junit.Test] zero00353
2016-08-04 20:04:40,547 INFO [org.junit.Test] zero00354
2016-08-04 20:04:40,547 INFO [org.junit.Test] zero00355
2016-08-04 20:04:40,547 INFO [org.junit.Test] zero00356
2016-08-04 20:04:40,547 INFO [org.junit.Test] zero00357
2016-08-04 20:04:40,547 INFO [org.junit.Test] zero00358
2016-08-04 20:04:40,547 INFO [org.junit.Test] zero00359
2016-08-04 20:04:40,547 INFO [org.junit.Test] zero00360
2016-08-04 20:04:40,547 INFO [org.junit.Test] zero00361
2016-08-04 20:04:40,547 INFO [org.junit.Test] zero00362
2016-08-04 20:04:40,547 INFO [org.junit.Test] zero00363
2016-08-04 20:04:40,547 INFO [org.junit.Test] zero00364
2016-08-04 20:04:40,547 INFO [org.junit.Test] zero00365
2016-08-04 20:04:40,547 INFO [org.junit.Test] zero00366
2016-08-04 20:04:40,547 INFO [org.junit.Test] zero00367
2016-08-04 20:04:40,547 INFO [org.junit.Test] zero00368
2016-08-04 20:04:40,547 INFO [org.junit.Test] zero00369
2016-08-04 20:04:40,547 INFO [org.junit.Test] zero00370
2016-08-04 20:04:40,547 INFO [org.junit.Test] zero00371
2016-08-04 20:04:40,547 INFO [org.junit.Test] zero00372
2016-08-04 20:04:40,547 INFO [org.junit.Test] zero00373
2016-08-04 20:04:40,547 INFO [org.junit.Test] zero00374
2016-08-04 20:04:40,547 INFO [org.junit.Test] zero00375
2016-08-04 20:04:40,547 INFO [org.junit.Test] zero00376
2016-08-04 20:04:40,547 INFO [org.junit.Test] zero00377
2016-08-04 20:04:40,547 INFO [org.junit.Test] zero00378
2016-08-04 20:04:40,547 INFO [org.junit.Test] zero00379
2016-08-04 20:04:40,547 INFO [org.junit.Test] zero00380
2016-08-04 20:04:40,547 INFO [org.junit.Test] zero00381
2016-08-04 20:04:40,547 INFO [org.junit.Test] zero00382
2016-08-04 20:04:40,547 INFO [org.junit.Test] zero00383
2016-08-04 20:04:40,547 INFO [org.junit.Test] zero00384
2016-08-04 20:04:40,547 INFO [org.junit.Test] zero00385
2016-08-04 20:04:40,547 INFO [org.junit.Test] zero00386
2016-08-04 20:04:40,547 INFO [org.junit.Test] zero00387
2016-08-04 20:04:40,547 INFO [org.junit.Test] zero00388
2016-08-04 20:04:40,547 INFO [org.junit.Test] zero00389
2016-08-04 20:04:40,547 INFO [org.junit.Test] zero00390
2016-08-04 20:04:40,547 INFO [org.junit.Test] zero00391
2016-08-04 20:04:40,547 INFO [org.junit.Test] zero00392
2016-08-04 20:04:40,547 INFO [org.junit.Test] zero00393
2016-08-04 20:04:40,547 INFO [org.junit.Test] zero00394
2016-08-04 20:04:40,547 INFO [org.junit.Test] zero00395
2016-08-04 20:04:40,547 INFO [org.junit.Test] zero00396
2016-08-04 20:04:40,547 INFO [org.junit.Test] zero00397
2016-08-04 20:04:40,547 INFO [org.junit.Test] zero00398
2016-08-04 20:04:40,547 INFO [org.junit.Test] zero00399
2016-08-04 20:04:40,547 INFO [org.junit.Test] zero00400
2016-08-04 20:04:40,547 INFO [org.junit.Test] zero00401
2016-08-04 20:04:40,547 INFO [org.junit.Test] zero00402
2016-08-04 20:04:40,547 INFO [org.junit.Test] zero00403
2016-08-04 20:04:40,547 INFO [org.junit.Test] zero00404
2016-08-04 20:04:40,547 INFO [org.junit.Test] zero00405
2016-08-04 20:04:40,547 INFO [org.junit.Test] zero00406
2016-08-04 20:04:40,547 INFO [org.junit.Test] zero00407
2016-08-04 20:04:40,547 INFO [org.junit.Test] zero00408
2016-08-04 20:04:40,547 INFO [org.junit.Test] zero00409
2016-08-04 20:04:40,547 INFO [org.junit.Test] zero00410
2016-08-04 20:04:40,547 INFO [org.junit.Test] zero00411
2016-08-04 20:04:40,547 INFO [org.junit.Test] zero00412
2016-08-04 20:04:40,547 INFO [org.junit.Test] zero00413
2016-08-04 20:04:40,547 INFO [org.junit.Test] zero00414
2016-08-04 20:04:40,547 INFO [org.junit.Test] zero00415
2016-08-04 20:04:40,547 INFO [org.junit.Test] zero00416
2016-08-04 20:04:40,547 INFO [org.junit.Test] zero00417
2016-08-04 20:04:40,547 INFO [org.junit.Test] zero00418
2016-08-04 20:04:40,547 INFO [org.junit.Test] zero00419
2016-08-04 20:04:40,547 INFO [org.junit.Test] zero00420
2016-08-04 20:04:40,547 INFO [org.junit.Test] zero00421
2016-08-04 20:04:40,547 INFO [org.junit.Test] zero00422
2016-08-04 20:04:40,547 INFO [org.junit.Test] zero00423
2016-08-04 20:04:40,547 INFO [org.junit.Test] zero00424
2016-08-04 20:04:40,547 INFO [org.junit.Test] zero00425
2016-08-04 20:04:40,547 INFO [org.junit.Test] zero00426
2016-08-04 20:04:40,547 INFO [org.junit.Test] zero00427
2016-08-04 20:04:40,547 INFO [org.junit.Test] zero00428
2016-08-04 20:04:40,547 INFO [org.junit.Test] zero00429
2016-08-04 20:04:40,547 INFO [org.junit.Test] zero00430
2016-08-04 20:04:40,547 INFO [org.junit.Test] zero00431
2016-08-04 20:04:40,547 INFO [org.junit.Test] zero00432
2016-08-04 20:04:40,547 INFO [org.junit.Test] zero00433
2016-08-04 20:04:40,547 INFO [org.junit.Test] zero00434
2016-08-04 20:04:40,547 INFO [org.junit.Test] zero00435
2016-08-04 20:04:40,547 INFO [org.junit.Test] zero00436
2016-08-04 20:04:40,547 INFO [org.junit.Test] zero00437
2016-08-04 20:04:40,547 INFO [org.junit.Test] zero00438
2016-08-04 20:04:40,547 INFO [org.junit.Test] zero00439
2016-08-04 20:04:40,547 INFO [org.junit.Test] zero00440
2016-08-04 20:04:40,547 INFO [org.junit.Test] zero00441
2016-08-04 20:04:40,547 INFO [org.junit.Test] zero00442
2016-08-04 20:04:40,547 INFO [org.junit.Test] zero00443
2016-08-04 20:04:40,547 INFO [org.junit.Test] zero00444
2016-08-04 20:04:40,547 INFO [org.junit.Test] zero00445
2016-08-04 20:04:40,547 INFO [org.junit.Test] zero00446
2016-08-04 20:04:40,547 INFO [org.junit.Test] zero00447
2016-08-04 20:04:40,547 INFO [org.junit.Test] zero00448
2016-08-04 20:04:40,547 INFO [org.junit.Test] zero00449
2016-08-04 20:04:40,547 INFO [org.junit.Test] zero00450
2016-08-04 20:04:40,547 INFO [org.junit.Test] zero00451
2016-08-04 20:04:40,547 INFO [org.junit.Test] zero00452
2016-08-04 20:04:40,547 INFO [org.junit.Test] zero00453
2016-08-04 20:04:40,547 INFO [org.junit.Test] zero00454
2016-08-04 20:04:40,547 INFO [org.junit.Test] zero00455
2016-08-04 20:04:40,547 INFO [org.junit.Test] zero00456
2016-08-04 20:04:40,547 INFO [org.junit.Test] zero00457
2016-08-04 20:04:40,547 INFO [org.junit.Test] zero00458
2016-08-04 20:04:40,547 INFO [org.junit.Test] zero00459
2016-08-04 20:04:40,547 INFO [org.junit.Test] zero00460
2016-08-04 20:04:40,547 INFO [org.junit.Test] zero00461
2016-08-04 20:04:40,547 INFO [org.junit.Test] zero00462
2016-08-04 20:04:40,547 INFO [org.junit.Test] zero00463
2016-08-04 20:04:40,547 INFO [org.junit.Test] zero00464
2016-08-04 20:04:40,547 INFO [org.junit.Test] zero00465
2016-08-04 20:04:40,547 INFO [org.junit.Test] zero00466
2016-08-04 20:04:40,547 INFO [org.junit.Test] zero00467
2016-08-04 20:04:40,547 INFO [org.junit.Test] zero00468
2016-08-04 20:04:40,547 INFO [org.junit.Test] zero00469
2016-08-04 20:04:40,547 INFO [org.junit.Test] zero00470
2016-08-04 20:04:40,547 INFO [org.junit.Test] zero00471
2016-08-04 20:04:40,547 INFO [org.junit.Test] zero00472
2016-08-04 20:04:40,547 INFO [org.junit.Test] zero00473
2016-08-04 20:04:40,547 INFO [org.junit.Test] zero00474
2016-08-04 20:04:40,547 INFO [org.junit.Test] zero00475
2016-08-04 20:04:40,547 INFO [org.junit.Test] zero00476
2016-08-04 20:04:40,547 INFO [org.junit.Test] zero00477
2016-08-04 20:04:40,547 INFO [org.junit.Test] zero00478
2016-08-04 20:04:40,547 INFO [org.junit.Test] zero00479
2016-08-04 20:04:40,547 INFO [org.junit.Test] zero00480
2016-08-04 20:04:40,547 INFO [org.junit.Test] zero00481
2016-08-04 20:04:40,547 INFO [org.junit.Test] zero00482
2016-08-04 20:04:40,547 INFO [org.junit.Test] zero00483
2016-08-04 20:04:40,547 INFO [org.junit.Test] zero00484
2016-08-04 20:04:40,547 INFO [org.junit.Test] zero00485
2016-08-04 20:04:40,547 INFO [org.junit.Test] zero00486
2016-08-04 20:04:40,547 INFO [org.junit.Test] zero00487
2016-08-04 20:04:40,547 INFO [org.junit.Test] zero00488
2016-08-04 20:04:40,547 INFO [org.junit.Test] zero00489
2016-08-04 20:04:40,547 INFO [org.junit.Test] zero00490
2016-08-04 20:04:40,547 INFO [org.junit.Test] zero00491
2016-08-04 20:04:40,547 INFO [org.junit.Test] zero00492
2016-08-04 20:04:40,547 INFO [org.junit.Test] zero00493
2016-08-04 20:04:40,547 INFO [org.junit.Test] zero00494
2016-08-04 20:04:40,547 INFO [org.junit.Test] zero00495
2016-08-04 20:04:40,547 INFO [org.junit.Test] zero00496
2016-08-04 20:04:40,547 INFO [org.junit.Test] zero00497
2016-08-04 20:04:40,547 INFO [org.junit.Test] zero00498
2016-08-04 20:04:40,547 INFO [org.junit.Test] zero00499
2016-08-04 20:04:40,547 INFO [org.junit.Test] zero00500
2016-08-04 20:04:40,547 INFO [org.junit.Test] zero00501
2016-08-04 20:04:40,547 INFO [org.junit.Test] zero00502
2016-08-04 20:04:40,547 INFO [org.junit.Test] zero00503
2016-08-04 20:04:40,547 INFO [org.junit.Test] zero00504
2016-08-04 20:04:40,547 INFO [org.junit.Test] zero00505
2016-08-04 20:04:40,547 INFO [org.junit.Test] zero00506
2016-08-04 20:04:40,547 INFO [org.junit.Test] zero00507
2016-08-04 20:04:40,547 INFO [org.junit.Test] zero00508
2016-08-04 20:04:40,547 INFO [org.junit.Test] zero00509
2016-08-04 20:04:40,547 INFO [org.junit.Test] zero00510
2016-08-04 20:04:40,547 INFO [org.junit.Test] zero00511
2016-08-04 20:04:40,547 INFO [org.junit.Test] zero00512
2016-08-04 20:04:40,547 INFO [org.junit.Test] zero00513
2016-08-04 20:04:40,547 INFO [org.junit.Test] zero00514
2016-08-04 20:04:40,547 INFO [org.junit.Test] zero00515
2016-08-04 20:04:40,547 INFO [org.junit.Test] zero00516
2016-08-04 20:04:40,547 INFO [org.junit.Test] zero00517
2016-08-04 20:04:40,547 INFO [org.junit.Test] zero00518
2016-08-04 20:04:40,547 INFO [org.junit.Test] zero00519
2016-08-04 20:04:40,547 INFO [org.junit.Test] zero00520
2016-08-04 20:04:40,547 INFO [org.junit.Test] zero00521
2016-08-04 20:04:40,547 INFO [org.junit.Test] zero00522
2016-08-04 20:04:40,547 INFO [org.junit.Test] zero00523
2016-08-04 20:04:40,547 INFO [org.junit.Test] zero00524
2016-08-04 20:04:40,547 INFO [org.junit.Test] zero00525
2016-08-04 20:04:40,547 INFO [org.junit.Test] zero00526
2016-08-04 20:04:40,547 INFO [org.junit.Test] zero00527
2016-08-04 20:04:40,547 INFO [org.junit.Test] zero00528
2016-08-04 20:04:40,547 INFO [org.junit.Test] zero00529
2016-08-04 20:04:40,547 INFO [org.junit.Test] zero00530
2016-08-04 20:04:40,547 INFO [org.junit.Test] zero00531
2016-08-04 20:04:40,547 INFO [org.junit.Test] zero00532
2016-08-04 20:04:40,547 INFO [org.junit.Test] zero00533
2016-08-04 20:04:40,547 INFO [org.junit.Test] zero00534
2016-08-04 20:04:40,547 INFO [org.junit.Test] zero00535
2016-08-04 20:04:40,547 INFO [org.junit.Test] zero00536
2016-08-04 20:04:40,547 INFO [org.junit.Test] zero00537
2016-08-04 20:04:40,547 INFO [org.junit.Test] zero00538
2016-08-04 20:04:40,547 INFO [org.junit.Test] zero00539
2016-08-04 20:04:40,547 INFO [org.junit.Test] zero00540
2016-08-04 20:04:40,547 INFO [org.junit.Test] zero00541
2016-08-04 20:04:40,547 INFO [org.junit.Test] zero00542
2016-08-04 20:04:40,547 INFO [org.junit.Test] zero00543
2016-08-04 20:04:40,547 INFO [org.junit.Test] zero00544
2016-08-04 20:04:40,547 INFO [org.junit.Test] zero00545
2016-08-04 20:04:40,547 INFO [org.junit.Test] zero00546
2016-08-04 20:04:40,547 INFO [org.junit.Test] zero00547
2016-08-04 20:04:40,547 INFO [org.junit.Test] zero00548
2016-08-04 20:04:40,547 INFO [org.junit.Test] zero00549
2016-08-04 20:04:40,547 INFO [org.junit.Test] zero00550
2016-08-04 20:04:40,547 INFO [org.junit.Test] zero00551
2016-08-04 20:04:40,547 INFO [org.junit.Test] zero00552
2016-08-04 20:04:40,547 INFO [org.junit.Test] zero00553
2016-08-04 20:04:40,547 INFO [org.junit.Test] zero00554
2016-08-04 20:04:40,547 INFO [org.junit.Test] zero00555
2016-08-04 20:04:40,547 INFO [org.junit.Test] zero00556
2016-08-04 20:04:40,547 INFO [org.junit.Test] zero00557
2016-08-04 20:04:40,547 INFO [org.junit.Test] zero00558
2016-08-04 20:04:40,547 INFO [org.junit.Test] zero00559
2016-08-04 20:04:40,547 INFO [org.junit.Test] zero00560
2016-08-04 20:04:40,547 INFO [org.junit.Test] zero00561
2016-08-04 20:04:40,547 INFO [org.junit.Test] zero00562
2016-08-04 20:04:40,547 INFO [org.junit.Test] zero00563
2016-08-04 20:04:40,547 INFO [org.junit.Test] zero00564
2016-08-04 20:04:40,547 INFO [org.junit.Test] zero00565
2016-08-04 20:04:40,547 INFO [org.junit.Test] zero00566
2016-08-04 20:04:40,547 INFO [org.junit.Test] zero00567
2016-08-04 20:04:40,547 INFO [org.junit.Test] zero00568
2016-08-04 20:04:40,547 INFO [org.junit.Test] zero00569
2016-08-04 20:04:40,547 INFO [org.junit.Test] zero00570
2016-08-04 20:04:40,547 INFO [org.junit.Test] zero00571
2016-08-04 20:04:40,547 INFO [org.junit.Test] zero00572
2016-08-04 20:04:40,547 INFO [org.junit.Test] zero00573
2016-08-04 20:04:40,547 INFO [org.junit.Test] zero00574
2016-08-04 20:04:40,547 INFO [org.junit.Test] zero00575
2016-08-04 20:04:40,547 INFO [org.junit.Test] zero00576
2016-08-04 20:04:40,547 INFO [org.junit.Test] zero00577
2016-08-04 20:04:40,547 INFO [org.junit.Test] zero00578
2016-08-04 20:04:40,547 INFO [org.junit.Test] zero00579
2016-08-04 20:04:40,547 INFO [org.junit.Test] zero00580
2016-08-04 20:04:40,547 INFO [org.junit.Test] zero00581
2016-08-04 20:04:40,547 INFO [org.junit.Test] zero00582
2016-08-04 20:04:40,547 INFO [org.junit.Test] zero00583
2016-08-04 20:04:40,547 INFO [org.junit.Test] zero00584
2016-08-04 20:04:40,547 INFO [org.junit.Test] zero00585
2016-08-04 20:04:40,547 INFO [org.junit.Test] zero00586
2016-08-04 20:04:40,547 INFO [org.junit.Test] zero00587
2016-08-04 20:04:40,547 INFO [org.junit.Test] zero00588
2016-08-04 20:04:40,547 INFO [org.junit.Test] zero00589
2016-08-04 20:04:40,547 INFO [org.junit.Test] zero00590
2016-08-04 20:04:40,547 INFO [org.junit.Test] zero00591
2016-08-04 20:04:40,547 INFO [org.junit.Test] zero00592
2016-08-04 20:04:40,547 INFO [org.junit.Test] zero00593
2016-08-04 20:04:40,547 INFO [org.junit.Test] zero00594
2016-08-04 20:04:40,547 INFO [org.junit.Test] zero00595
2016-08-04 20:04:40,547 INFO [org.junit.Test] zero00596
2016-08-04 20:04:40,547 INFO [org.junit.Test] zero00597
2016-08-04 20:04:40,547 INFO [org.junit.Test] zero00598
2016-08-04 20:04:40,547 INFO [org.junit.Test] zero00599
2016-08-04 20:04:40,547 INFO [org.junit.Test] zero00600
2016-08-04 20:04:40,547 INFO [org.junit.Test] zero00601
2016-08-04 20:04:40,547 INFO [org.junit.Test] zero00602
2016-08-04 20:04:40,547 INFO [org.junit.Test] zero00603
2016-08-04 20:04:40,547 INFO [org.junit.Test] zero00604
2016-08-04 20:04:40,547 INFO [org.junit.Test] zero00605
2016-08-04 20:04:40,547 INFO [org.junit.Test] zero00606
2016-08-04 20:04:40,547 INFO [org.junit.Test] zero00607
2016-08-04 20:04:40,547 INFO [org.junit.Test] zero00608
2016-08-04 20:04:40,547 INFO [org.junit.Test] zero00609
2016-08-04 20:04:40,547 INFO [org.junit.Test] zero00610
2016-08-04 20:04:40,547 INFO [org.junit.Test] zero00611
2016-08-04 20:04:40,547 INFO [org.junit.Test] zero00612
2016-08-04 20:04:40,547 INFO [org.junit.Test] zero00613
2016-08-04 20:04:40,547 INFO [org.junit.Test] zero00614
2016-08-04 20:04:40,547 INFO [org.junit.Test] zero00615
2016-08-04 20:04:40,547 INFO [org.junit.Test] zero00616
2016-08-04 20:04:40,547 INFO [org.junit.Test] zero00617
2016-08-04 20:04:40,547 INFO [org.junit.Test] zero00618
2016-08-04 20:04:40,547 INFO [org.junit.Test] zero00619
2016-08-04 20:04:40,547 INFO [org.junit.Test] zero00620
2016-08-04 20:04:40,547 INFO [org.junit.Test] zero00621
2016-08-04 20:04:40,547 INFO [org.junit.Test] zero00622
2016-08-04 20:04:40,547 INFO [org.junit.Test] zero00623
2016-08-04 20:04:40,547 INFO [org.junit.Test] zero00624
2016-08-04 20:04:40,547 INFO [org.junit.Test] zero00625
2016-08-04 20:04:40,547 INFO [org.junit.Test] zero00626
2016-08-04 20:04:40,547 INFO [org.junit.Test] zero00627
2016-08-04 20:04:40,547 INFO [org.junit.Test] zero00628
2016-08-04 20:04:40,547 INFO [org.junit.Test] zero00629
2016-08-04 20:04:40,547 INFO [org.junit.Test] zero00630
2016-08-04 20:04:40,547 INFO [org.junit.Test] zero00631
2016-08-04 20:04:40,547 INFO [org.junit.Test] zero00632
2016-08-04 20:04:40,547 INFO [org.junit.Test] zero00633
2016-08-04 20:04:40,547 INFO [org.junit.Test] zero00634
2016-08-04 20:04:40,547 INFO [org.junit.Test] zero00635
2016-08-04 20:04:40,547 INFO [org.junit.Test] zero00636
2016-08-04 20:04:40,547 INFO [org.junit.Test] zero00637
2016-08-04 20:04:40,547 INFO [org.junit.Test] zero00638
2016-08-04 20:04:40,547 INFO [org.junit.Test] zero00639
2016-08-04 20:04:40,547 INFO [org.junit.Test] zero00640
2016-08-04 20:04:40,547 INFO [org.junit.Test] zero00641
2016-08-04 20:04:40,547 INFO [org.junit.Test] zero00642
2016-08-04 20:04:40,547 INFO [org.junit.Test] zero00643
2016-08-04 20:04:40,547 INFO [org.junit.Test] zero00644
2016-08-04 20:04:40,547 INFO [org.junit.Test] zero00645
2016-08-04 20:04:40,547 INFO [org.junit.Test] zero00646
2016-08-04 20:04:40,547 INFO [org.junit.Test] zero00647
2016-08-04 20:04:40,547 INFO [org.junit.Test] zero00648
2016-08-04 20:04:40,547 INFO [org.junit.Test] zero00649
2016-08-04 20:04:40,547 INFO [org.junit.Test] zero00650
2016-08-04 20:04:40,547 INFO [org.junit.Test] zero00651
2016-08-04 20:04:40,547 INFO [org.junit.Test] zero00652
2016-08-04 20:04:40,547 INFO [org.junit.Test] zero00653
2016-08-04 20:04:40,547 INFO [org.junit.Test] zero00654
2016-08-04 20:04:40,547 INFO [org.junit.Test] zero00655
2016-08-04 20:04:40,547 INFO [org.junit.Test] zero00656
2016-08-04 20:04:40,547 INFO [org.junit.Test] zero00657
2016-08-04 20:04:40,547 INFO [org.junit.Test] zero00658
2016-08-04 20:04:40,547 INFO [org.junit.Test] zero00659
2016-08-04 20:04:40,547 INFO [org.junit.Test] zero00660
2016-08-04 20:04:40,547 INFO [org.junit.Test] zero00661
2016-08-04 20:04:40,547 INFO [org.junit.Test] zero00662
2016-08-04 20:04:40,547 INFO [org.junit.Test] zero00663
2016-08-04 20:04:40,547 INFO [org.junit.Test] zero00664
2016-08-04 20:04:40,547 INFO [org.junit.Test] zero00665
2016-08-04 20:04:40,547 INFO [org.junit.Test] zero00666
2016-08-04 20:04:40,547 INFO [org.junit.Test] zero00667
2016-08-04 20:04:40,547 INFO [org.junit.Test] zero00668
2016-08-04 20:04:40,547 INFO [org.junit.Test] zero00669
2016-08-04 20:04:40,547 INFO [org.junit.Test] zero00670
2016-08-04 20:04:40,547 INFO [org.junit.Test] zero00671
2016-08-04 20:04:40,547 INFO [org.junit.Test] zero00672
2016-08-04 20:04:40,547 INFO [org.junit.Test] zero00673
2016-08-04 20:04:40,547 INFO [org.junit.Test] zero00674
2016-08-04 20:04:40,547 INFO [org.junit.Test] zero00675
2016-08-04 20:04:40,547 INFO [org.junit.Test] zero00676
2016-08-04 20:04:40,547 INFO [org.junit.Test] zero00677
2016-08-04 20:04:40,547 INFO [org.junit.Test] zero00678
2016-08-04 20:04:40,547 INFO [org.junit.Test] zero00679
2016-08-04 20:04:40,547 INFO [org.junit.Test] zero00680
2016-08-04 20:04:40,547 INFO [org.junit.Test] zero00681
2016-08-04 20:04:40,547 INFO [org.junit.Test] zero00682
2016-08-04 20:04:40,547 INFO [org.junit.Test] zero00683
2016-08-04 20:04:40,547 INFO [org.junit.Test] zero00684
2016-08-04 20:04:40,547 INFO [org.junit.Test] zero00685
2016-08-04 20:04:40,547 INFO [org.junit.Test] zero00686
2016-08-04 20:04:40,547 INFO [org.junit.Test] zero00687
2016-08-04 20:04:40,547 INFO [org.junit.Test] zero00688
2016-08-04 20:04:40,547 INFO [org.junit.Test] zero00689
2016-08-04 20:04:40,547 INFO [org.junit.Test] zero00690
2016-08-04 20:04:40,547 INFO [org.junit.Test] zero00691
2016-08-04 20:04:40,547 INFO [org.junit.Test] zero00692
2016-08-04 20:04:40,547 INFO [org.junit.Test] zero00693
2016-08-04 20:04:40,547 INFO [org.junit.Test] zero00694
2016-08-04 20:04:40,547 INFO [org.junit.Test] zero00695
2016-08-04 20:04:40,547 INFO [org.junit.Test] zero00696
2016-08-04 20:04:40,547 INFO [org.junit.Test] zero00697
2016-08-04 20:04:40,547 INFO [org.junit.Test] zero00698
2016-08-04 20:04:40,547 INFO [org.junit.Test] zero00699
2016-08-04 20:04:40,547 INFO [org.junit.Test] zero00700
2016-08-04 20:04:40,547 INFO [org.junit.Test] zero00701
2016-08-04 20:04:40,547 INFO [org.junit.Test] zero00702
2016-08-04 20:04:40,547 INFO [org.junit.Test] zero00703
2016-08-04 20:04:40,547 INFO [org.junit.Test] zero00704
2016-08-04 20:04:40,547 INFO [org.junit.Test] zero00705
2016-08-04 20:04:40,547 INFO [org.junit.Test] zero00706
2016-08-04 20:04:40,547 INFO [org.junit.Test] zero00707
2016-08-04 20:04:40,547 INFO [org.junit.Test] zero00708
2016-08-04 20:04:40,547 INFO [org.junit.Test] zero00709
2016-08-04 20:04:40,547 INFO [org.junit.Test] zero00710
2016-08-04 20:04:40,547 INFO [org.junit.Test] zero00711
2016-08-04 20:04:40,547 INFO [org.junit.Test] zero00712
2016-08-04 20:04:40,547 INFO [org.junit.Test] zero00713
2016-08-04 20:04:40,547 INFO [org.junit.Test] zero00714
2016-08-04 20:04:40,547 INFO [org.junit.Test] zero00715
2016-08-04 20:04:40,547 INFO [org.junit.Test] zero00716
2016-08-04 20:04:40,547 INFO [org.junit.Test] zero00717
2016-08-04 20:04:40,547 INFO [org.junit.Test] zero00718
2016-08-04 20:04:40,547 INFO [org.junit.Test] zero00719
2016-08-04 20:04:40,547 INFO [org.junit.Test] zero00720
2016-08-04 20:04:40,547 INFO [org.junit.Test] zero00721
2016-08-04 20:04:40,547 INFO [org.junit.Test] zero00722
2016-08-04 20:04:40,547 INFO [org.junit.Test] zero00723
2016-08-04 20:04:40,547 INFO [org.junit.Test] zero00724
2016-08-04 20:04:40,547 INFO [org.junit.Test] zero00725
2016-08-04 20:04:40,547 INFO [org.junit.Test] zero00726
2016-08-04 20:04:40,547 INFO [org.junit.Test] zero00727
2016-08-04 20:04:40,547 INFO [org.junit.Test] zero00728
2016-08-04 20:04:40,547 INFO [org.junit.Test] zero00729
2016-08-04 20:04:40,547 INFO [org.junit.Test] zero00730
2016-08-04 20:04:40,547 INFO [org.junit.Test] zero00731
2016-08-04 20:04:40,547 INFO [org.junit.Test] zero00732
2016-08-04 20:04:40,547 INFO [org.junit.Test] zero00733
2016-08-04 20:04:40,547 INFO [org.junit.Test] zero00734
2016-08-04 20:04:40,547 INFO [org.junit.Test] zero00735
2016-08-04 20:04:40,547 INFO [org.junit.Test] zero00736
2016-08-04 20:04:40,547 INFO [org.junit.Test] zero00737
2016-08-04 20:04:40,547 INFO [org.junit.Test] zero00738
2016-08-04 20:04:40,547 INFO [org.junit.Test] zero00739
2016-08-04 20:04:40,547 INFO [org.junit.Test] zero00740
2016-08-04 20:04:40,547 INFO [org.junit.Test] zero00741
2016-08-04 20:04:40,547 INFO [org.junit.Test] zero00742
2016-08-04 20:04:40,547 INFO [org.junit.Test] zero00743
2016-08-04 20:04:40,547 INFO [org.junit.Test] zero00744
2016-08-04 20:04:40,547 INFO [org.junit.Test] zero00745
2016-08-04 20:04:40,547 INFO [org.junit.Test] zero00746
2016-08-04 20:04:40,547 INFO [org.junit.Test] zero00747
2016-08-04 20:04:40,547 INFO [org.junit.Test] zero00748
2016-08-04 20:04:40,547 INFO [org.junit.Test] zero00749
2016-08-04 20:04:40,547 INFO [org.junit.Test] zero00750
2016-08-04 20:04:40,547 INFO [org.junit.Test] zero00751
2016-08-04 20:04:40,547 INFO [org.junit.Test] zero00752
2016-08-04 20:04:40,547 INFO [org.junit.Test] zero00753
2016-08-04 20:04:40,547 INFO [org.junit.Test] zero00754
2016-08-04 20:04:40,547 INFO [org.junit.Test] zero00755
2016-08-04 20:04:40,547 INFO [org.junit.Test] zero00756
2016-08-04 20:04:40,547 INFO [org.junit.Test] zero00757
2016-08-04 20:04:40,547 INFO [org.junit.Test] zero00758
2016-08-04 20:04:40,547 INFO [org.junit.Test] zero00759
2016-08-04 20:04:40,547 INFO [org.junit.Test] zero00760
2016-08-04 20:04:40,547 INFO [org.junit.Test] zero00761
2016-08-04 20:04:40,547 INFO [org.junit.Test] zero00762
2016-08-04 20:04:40,547 INFO [org.junit.Test] zero00763
2016-08-04 20:04:40,547 INFO [org.junit.Test] zero00764
2016-08-04 20:04:40,547 INFO [org.junit.Test] zero00765
2016-08-04 20:04:40,547 INFO [org.junit.Test] zero00766
2016-08-04 20:04:40,547 INFO [org.junit.Test] zero00767
2016-08-04 20:04:40,547 INFO [org.junit.Test] zero00768
2016-08-04 20:04:40,547 INFO [org.junit.Test] zero00769
2016-08-04 20:04:40,547 INFO [org.junit.Test] zero00770
2016-08-04 20:04:40,547 INFO [org.junit.Test] zero00771
2016-08-04 20:04:40,547 INFO [org.junit.Test] zero00772
2016-08-04 20:04:40,547 INFO [org.junit.Test] zero00773
2016-08-04 20:04:40,547 INFO [org.junit.Test] zero00774
2016-08-04 20:04:40,547 INFO [org.junit.Test] zero00775
2016-08-04 20:04:40,547 INFO [org.junit.Test] zero00776
2016-08-04 20:04:40,547 INFO [org.junit.Test] zero00777
2016-08-04 20:04:40,547 INFO [org.junit.Test] zero00778
2016-08-04 20:04:40,547 INFO [org.junit.Test] zero00779
2016-08-04 20:04:40,547 INFO [org.junit.Test] zero00780
2016-08-04 20:04:40,547 INFO [org.junit.Test] zero00781
2016-08-04 20:04:40,547 INFO [org.junit.Test] zero00782
2016-08-04 20:04:40,547 INFO [org.junit.Test] zero00783
2016-08-04 20:04:40,547 INFO [org.junit.Test] zero00784
2016-08-04 20:04:40,547 INFO [org.junit.Test] zero00785
2016-08-04 20:04:40,547 INFO [org.junit.Test] zero00786
2016-08-04 20:04:40,547 INFO [org.junit.Test] zero00787
2016-08-04 20:04:40,547 INFO [org.junit.Test] zero00788
2016-08-04 20:04:40,547 INFO [org.junit.Test] zero00789
2016-08-04 20:04:40,547 INFO [org.junit.Test] zero00790
2016-08-04 20:04:40,547 INFO [org.junit.Test] zero00791
2016-08-04 20:04:40,547 INFO [org.junit.Test] zero00792
2016-08-04 20:04:40,547 INFO [org.junit.Test] zero00793
2016-08-04 20:04:40,547 INFO [org.junit.Test] zero00794
2016-08-04 20:04:40,547 INFO [org.junit.Test] zero00795
2016-08-04 20:04:40,547 INFO [org.junit.Test] zero00796
2016-08-04 20:04:40,547 INFO [org.junit.Test] zero00797
2016-08-04 20:04:40,547 INFO [org.junit.Test] zero00798
2016-08-04 20:04:40,547 INFO [org.junit.Test] zero00799
2016-08-04 20:04:40,547 INFO [org.junit.Test] zero00800
2016-08-04 20:04:40,547 INFO [org.junit.Test] zero00801
2016-08-04 20:04:40,547 INFO [org.junit.Test] zero00802
2016-08-04 20:04:40,547 INFO [org.junit.Test] zero00803
2016-08-04 20:04:40,547 INFO [org.junit.Test] zero00804
2016-08-04 20:04:40,547 INFO [org.junit.Test] zero00805
2016-08-04 20:04:40,547 INFO [org.junit.Test] zero00806
2016-08-04 20:04:40,547 INFO [org.junit.Test] zero00807
2016-08-04 20:04:40,547 INFO [org.junit.Test] zero00808
2016-08-04 20:04:40,547 INFO [org.junit.Test] zero00809
2016-08-04 20:04:40,547 INFO [org.junit.Test] zero00810
2016-08-04 20:04:40,547 INFO [org.junit.Test] zero00811
2016-08-04 20:04:40,547 INFO [org.junit.Test] zero00812
2016-08-04 20:04:40,547 INFO [org.junit.Test] zero00813
2016-08-04 20:04:40,547 INFO [org.junit.Test] zero00814
2016-08-04 20:04:40,547 INFO [org.junit.Test] zero00815
2016-08-04 20:04:40,547 INFO [org.junit.Test] zero00816
2016-08-04 20:04:40,547 INFO [org.junit.Test] zero00817
2016-08-04 20:04:40,547 INFO [org.junit.Test] zero00818
2016-08-04 20:04:40,547 INFO [org.junit.Test] zero00819
2016-08-04 20:04:40,547 INFO [org.junit.Test] zero00820
2016-08-04 20:04:40,547 INFO [org.junit.Test] zero00821
2016-08-04 20:04:40,547 INFO [org.junit.Test] zero00822
2016-08-04 20:04:40,547 INFO [org.junit.Test] zero00823
2016-08-04 20:04:40,547 INFO [org.junit.Test] zero00824
2016-08-04 20:04:40,547 INFO [org.junit.Test] zero00825
2016-08-04 20:04:40,547 INFO [org.junit.Test] zero00826
2016-08-04 20:04:40,547 INFO [org.junit.Test] zero00827
2016-08-04 20:04:40,547 INFO [org.junit.Test] zero00828
2016-08-04 20:04:40,547 INFO [org.junit.Test] zero00829
2016-08-04 20:04:40,547 INFO [org.junit.Test] zero00830
2016-08-04 20:04:40,547 INFO [org.junit.Test] zero00831
2016-08-04 20:04:40,547 INFO [org.junit.Test] zero00832
2016-08-04 20:04:40,547 INFO [org.junit.Test] zero00833
2016-08-04 20:04:40,547 INFO [org.junit.Test] zero00834
2016-08-04 20:04:40,547 INFO [org.junit.Test] zero00835
2016-08-04 20:04:40,547 INFO [org.junit.Test] zero00836
2016-08-04 20:04:40,547 INFO [org.junit.Test] zero00837
2016-08-04 20:04:40,547 INFO [org.junit.Test] zero00838
2016-08-04 20:04:40,547 INFO [org.junit.Test] zero00839
2016-08-04 20:04:40,547 INFO [org.junit.Test] zero00840
2016-08-04 20:04:40,547 INFO [org.junit.Test] zero00841
2016-08-04 20:04:40,547 INFO [org.junit.Test] zero00842
2016-08-04 20:04:40,547 INFO [org.junit.Test] zero00843
2016-08-04 20:04:40,547 INFO [org.junit.Test] zero00844
2016-08-04 20:04:40,547 INFO [org.junit.Test] zero00845
2016-08-04 20:04:40,547 INFO [org.junit.Test] zero00846
2016-08-04 20:04:40,547 INFO [org.junit.Test] zero00847
2016-08-04 20:04:40,547 INFO [org.junit.Test] zero00848
2016-08-04 20:04:40,547 INFO [org.junit.Test] zero00849
2016-08-04 20:04:40,547 INFO [org.junit.Test] zero00850
2016-08-04 20:04:40,547 INFO [org.junit.Test] zero00851
2016-08-04 20:04:40,547 INFO [org.junit.Test] zero00852
2016-08-04 20:04:40,547 INFO [org.junit.Test] zero00853
2016-08-04 20:04:40,547 INFO [org.junit.Test] zero00854
2016-08-04 20:04:40,547 INFO [org.junit.Test] zero00855
2016-08-04 20:04:40,547 INFO [org.junit.Test] zero00856
2016-08-04 20:04:40,547 INFO [org.junit.Test] zero00857
2016-08-04 20:04:40,547 INFO [org.junit.Test] zero00858
2016-08-04 20:04:40,547 INFO [org.junit.Test] zero00859
2016-08-04 20:04:40,547 INFO [org.junit.Test] zero00860
2016-08-04 20:04:40,547 INFO [org.junit.Test] zero00861
2016-08-04 20:04:40,547 INFO [org.junit.Test] zero00862
2016-08-04 20:04:40,547 INFO [org.junit.Test] zero00863
2016-08-04 20:04:40,547 INFO [org.junit.Test] zero00864
2016-08-04 20:04:40,547 INFO [org.junit.Test] zero00865
2016-08-04 20:04:40,547 INFO [org.junit.Test] zero00866
2016-08-04 20:04:40,547 INFO [org.junit.Test] zero00867
2016-08-04 20:04:40,547 INFO [org.junit.Test] zero00868
2016-08-04 20:04:40,547 INFO [org.junit.Test] zero00869
2016-08-04 20:04:40,547 INFO [org.junit.Test] zero00870
2016-08-04 20:04:40,547 INFO [org.junit.Test] zero00871
2016-08-04 20:04:40,547 INFO [org.junit.Test] zero00872
2016-08-04 20:04:40,547 INFO [org.junit.Test] zero00873
2016-08-04 20:04:40,547 INFO [org.junit.Test] zero00874
2016-08-04 20:04:40,547 INFO [org.junit.Test] zero00875
2016-08-04 20:04:40,547 INFO [org.junit.Test] zero00876
2016-08-04 20:04:40,547 INFO [org.junit.Test] zero00877
2016-08-04 20:04:40,547 INFO [org.junit.Test] zero00878
2016-08-04 20:04:40,547 INFO [org.junit.Test] zero00879
2016-08-04 20:04:40,547 INFO [org.junit.Test] zero00880
2016-08-04 20:04:40,547 INFO [org.junit.Test] zero00881
2016-08-04 20:04:40,547 INFO [org.junit.Test] zero00882
2016-08-04 20:04:40,547 INFO [org.junit.Test] zero00883
2016-08-04 20:04:40,547 INFO [org.junit.Test] zero00884
2016-08-04 20:04:40,547 INFO [org.junit.Test] zero00885
2016-08-04 20:04:40,547 INFO [org.junit.Test] zero00886
2016-08-04 20:04:40,547 INFO [org.junit.Test] zero00887
2016-08-04 20:04:40,547 INFO [org.junit.Test] zero00888
2016-08-04 20:04:40,547 INFO [org.junit.Test] zero00889
2016-08-04 20:04:40,547 INFO [org.junit.Test] zero00890
2016-08-04 20:04:40,547 INFO [org.junit.Test] zero00891
2016-08-04 20:04:40,547 INFO [org.junit.Test] zero00892
2016-08-04 20:04:40,547 INFO [org.junit.Test] zero00893
2016-08-04 20:04:40,547 INFO [org.junit.Test] zero00894
2016-08-04 20:04:40,547 INFO [org.junit.Test] zero00895
2016-08-04 20:04:40,547 INFO [org.junit.Test] zero00896
2016-08-04 20:04:40,547 INFO [org.junit.Test] zero00897
2016-08-04 20:04:40,547 INFO [org.junit.Test] zero00898
2016-08-04 20:04:40,547 INFO [org.junit.Test] zero00899
2016-08-04 20:04:40,547 INFO [org.junit.Test] zero00900
2016-08-04 20:04:40,547 INFO [org.junit.Test] zero00901
2016-08-04 20:04:40,547 INFO [org.junit.Test] zero00902
2016-08-04 20:04:40,547 INFO [org.junit.Test] zero00903
2016-08-04 20:04:40,547 INFO [org.junit.Test] zero00904
2016-08-04 20:04:40,547 INFO [org.junit.Test] zero00905
2016-08-04 20:04:40,547 INFO [org.junit.Test] zero00906
2016-08-04 20:04:40,547 INFO [org.junit.Test] zero00907
2016-08-04 20:04:40,547 INFO [org.junit.Test] zero00908
2016-08-04 20:04:40,547 INFO [org.junit.Test] zero00909
2016-08-04 20:04:40,547 INFO [org.junit.Test] zero00910
2016-08-04 20:04:40,547 INFO [org.junit.Test] zero00911
2016-08-04 20:04:40,547 INFO [org.junit.Test] zero00912
2016-08-04 20:04:40,547 INFO [org.junit.Test] zero00913
2016-08-04 20:04:40,547 INFO [org.junit.Test] zero00914
2016-08-04 20:04:40,547 INFO [org.junit.Test] zero00915
2016-08-04 20:04:40,547 INFO [org.junit.Test] zero00916
2016-08-04 20:04:40,547 INFO [org.junit.Test] zero00917
2016-08-04 20:04:40,547 INFO [org.junit.Test] zero00918
2016-08-04 20:04:40,547 INFO [org.junit.Test] zero00919
2016-08-04 20:04:40,548 INFO [org.junit.Test] zero00920
2016-08-04 20:04:40,548 INFO [org.junit.Test] zero00921
2016-08-04 20:04:40,548 INFO [org.junit.Test] zero00922
2016-08-04 20:04:40,548 INFO [org.junit.Test] zero00923
2016-08-04 20:04:40,548 INFO [org.junit.Test] zero00924
2016-08-04 20:04:40,548 INFO [org.junit.Test] zero00925
2016-08-04 20:04:40,548 INFO [org.junit.Test] zero00926
2016-08-04 20:04:40,548 INFO [org.junit.Test] zero00927
2016-08-04 20:04:40,548 INFO [org.junit.Test] zero00928
2016-08-04 20:04:40,548 INFO [org.junit.Test] zero00929
2016-08-04 20:04:40,548 INFO [org.junit.Test] zero00930
2016-08-04 20:04:40,548 INFO [org.junit.Test] zero00931
2016-08-04 20:04:40,548 INFO [org.junit.Test] zero00932
2016-08-04 20:04:40,548 INFO [org.junit.Test] zero00933
2016-08-04 20:04:40,548 INFO [org.junit.Test] zero00934
2016-08-04 20:04:40,548 INFO [org.junit.Test] zero00935
2016-08-04 20:04:40,548 INFO [org.junit.Test] zero00936
2016-08-04 20:04:40,548 INFO [org.junit.Test] zero00937
2016-08-04 20:04:40,548 INFO [org.junit.Test] zero00938
2016-08-04 20:04:40,548 INFO [org.junit.Test] zero00939
2016-08-04 20:04:40,548 INFO [org.junit.Test] zero00940
2016-08-04 20:04:40,548 INFO [org.junit.Test] zero00941
2016-08-04 20:04:40,548 INFO [org.junit.Test] zero00942
2016-08-04 20:04:40,548 INFO [org.junit.Test] zero00943
2016-08-04 20:04:40,548 INFO [org.junit.Test] zero00944
2016-08-04 20:04:40,548 INFO [org.junit.Test] zero00945
2016-08-04 20:04:40,548 INFO [org.junit.Test] zero00946
2016-08-04 20:04:40,548 INFO [org.junit.Test] zero00947
2016-08-04 20:04:40,548 INFO [org.junit.Test] zero00948
2016-08-04 20:04:40,548 INFO [org.junit.Test] zero00949
2016-08-04 20:04:40,548 INFO [org.junit.Test] zero00950
2016-08-04 20:04:40,548 INFO [org.junit.Test] zero00951
2016-08-04 20:04:40,548 INFO [org.junit.Test] zero00952
2016-08-04 20:04:40,548 INFO [org.junit.Test] zero00953
2016-08-04 20:04:40,548 INFO [org.junit.Test] zero00954
2016-08-04 20:04:40,548 INFO [org.junit.Test] zero00955
2016-08-04 20:04:40,548 INFO [org.junit.Test] zero00956
2016-08-04 20:04:40,548 INFO [org.junit.Test] zero00957
2016-08-04 20:04:40,548 INFO [org.junit.Test] zero00958
2016-08-04 20:04:40,548 INFO [org.junit.Test] zero00959
2016-08-04 20:04:40,548 INFO [org.junit.Test] zero00960
2016-08-04 20:04:40,548 INFO [org.junit.Test] zero00961
2016-08-04 20:04:40,548 INFO [org.junit.Test] zero00962
2016-08-04 20:04:40,548 INFO [org.junit.Test] zero00963
2016-08-04 20:04:40,548 INFO [org.junit.Test] zero00964
2016-08-04 20:04:40,548 INFO [org.junit.Test] zero00965
2016-08-04 20:04:40,548 INFO [org.junit.Test] zero00966
2016-08-04 20:04:40,548 INFO [org.junit.Test] zero00967
2016-08-04 20:04:40,548 INFO [org.junit.Test] zero00968
2016-08-04 20:04:40,548 INFO [org.junit.Test] zero00969
2016-08-04 20:04:40,548 INFO [org.junit.Test] zero00970
2016-08-04 20:04:40,548 INFO [org.junit.Test] zero00971
2016-08-04 20:04:40,548 INFO [org.junit.Test] zero00972
2016-08-04 20:04:40,548 INFO [org.junit.Test] zero00973
2016-08-04 20:04:40,548 INFO [org.junit.Test] zero00974
2016-08-04 20:04:40,548 INFO [org.junit.Test] zero00975
2016-08-04 20:04:40,548 INFO [org.junit.Test] zero00976
2016-08-04 20:04:40,548 INFO [org.junit.Test] zero00977
2016-08-04 20:04:40,548 INFO [org.junit.Test] zero00978
2016-08-04 20:04:40,548 INFO [org.junit.Test] zero00979
2016-08-04 20:04:40,548 INFO [org.junit.Test] zero00980
2016-08-04 20:04:40,548 INFO [org.junit.Test] zero00981
2016-08-04 20:04:40,548 INFO [org.junit.Test] zero00982
2016-08-04 20:04:40,548 INFO [org.junit.Test] zero00983
2016-08-04 20:04:40,548 INFO [org.junit.Test] zero00984
2016-08-04 20:04:40,548 INFO [org.junit.Test] zero00985
2016-08-04 20:04:40,548 INFO [org.junit.Test] zero00986
2016-08-04 20:04:40,548 INFO [org.junit.Test] zero00987
2016-08-04 20:04:40,548 INFO [org.junit.Test] zero00988
2016-08-04 20:04:40,548 INFO [org.junit.Test] zero00989
2016-08-04 20:04:40,548 INFO [org.junit.Test] zero00990
2016-08-04 20:04:40,548 INFO [org.junit.Test] zero00991
2016-08-04 20:04:40,548 INFO [org.junit.Test] zero00992
2016-08-04 20:04:40,548 INFO [org.junit.Test] zero00993
2016-08-04 20:04:40,548 INFO [org.junit.Test] zero00994
2016-08-04 20:04:40,548 INFO [org.junit.Test] zero00995
2016-08-04 20:04:40,548 INFO [org.junit.Test] zero00996
2016-08-04 20:04:40,548 INFO [org.junit.Test] zero00997
2016-08-04 20:04:40,548 INFO [org.junit.Test] zero00998
2016-08-04 20:04:40,548 INFO [org.junit.Test] zero00999
2016-08-04 20:04:43,548 INFO [org.junit.Test] zero000
2016-08-04 20:04:43,548 INFO [org.junit.Test] zero001
2016-08-04 20:04:43,548 INFO [org.junit.Test] zero002
2016-08-04 20:04:43,548 INFO [org.junit.Test] zero003
2016-08-04 20:04:43,548 INFO [org.junit.Test] zero004
2016-08-04 20:04:43,548 INFO [org.junit.Test] zero005
2016-08-04 20:04:43,548 INFO [org.junit.Test] zero006
2016-08-04 20:04:43,548 INFO [org.junit.Test] zero007
2016-08-04 20:04:43,548 INFO [org.junit.Test] zero008
2016-08-04 20:04:43,548 INFO [org.junit.Test] zero009
2016-08-04 20:04:43,548 INFO [org.junit.Test] zero0010
2016-08-04 20:04:43,548 INFO [org.junit.Test] zero0011
2016-08-04 20:04:43,548 INFO [org.junit.Test] zero0012
2016-08-04 20:04:43,548 INFO [org.junit.Test] zero0013
2016-08-04 20:04:43,548 INFO [org.junit.Test] zero0014
2016-08-04 20:04:43,548 INFO [org.junit.Test] zero0015
2016-08-04 20:04:43,548 INFO [org.junit.Test] zero0016
2016-08-04 20:04:43,548 INFO [org.junit.Test] zero0017
2016-08-04 20:04:43,548 INFO [org.junit.Test] zero0018
2016-08-04 20:04:43,548 INFO [org.junit.Test] zero0019
2016-08-04 20:04:43,548 INFO [org.junit.Test] zero0020
2016-08-04 20:04:43,548 INFO [org.junit.Test] zero0021
2016-08-04 20:04:43,548 INFO [org.junit.Test] zero0022
2016-08-04 20:04:43,548 INFO [org.junit.Test] zero0023
2016-08-04 20:04:43,548 INFO [org.junit.Test] zero0024
2016-08-04 20:04:43,548 INFO [org.junit.Test] zero0025
2016-08-04 20:04:43,548 INFO [org.junit.Test] zero0026
2016-08-04 20:04:43,548 INFO [org.junit.Test] zero0027
2016-08-04 20:04:43,548 INFO [org.junit.Test] zero0028
2016-08-04 20:04:43,548 INFO [org.junit.Test] zero0029
2016-08-04 20:04:43,548 INFO [org.junit.Test] zero0030
2016-08-04 20:04:43,548 INFO [org.junit.Test] zero0031
2016-08-04 20:04:43,548 INFO [org.junit.Test] zero0032
2016-08-04 20:04:43,548 INFO [org.junit.Test] zero0033
2016-08-04 20:04:43,548 INFO [org.junit.Test] zero0034
2016-08-04 20:04:43,548 INFO [org.junit.Test] zero0035
2016-08-04 20:04:43,548 INFO [org.junit.Test] zero0036
2016-08-04 20:04:43,548 INFO [org.junit.Test] zero0037
2016-08-04 20:04:43,548 INFO [org.junit.Test] zero0038
2016-08-04 20:04:43,548 INFO [org.junit.Test] zero0039
2016-08-04 20:04:43,548 INFO [org.junit.Test] zero0040
2016-08-04 20:04:43,548 INFO [org.junit.Test] zero0041
2016-08-04 20:04:43,548 INFO [org.junit.Test] zero0042
2016-08-04 20:04:43,548 INFO [org.junit.Test] zero0043
2016-08-04 20:04:43,548 INFO [org.junit.Test] zero0044
2016-08-04 20:04:43,548 INFO [org.junit.Test] zero0045
2016-08-04 20:04:43,548 INFO [org.junit.Test] zero0046
2016-08-04 20:04:43,548 INFO [org.junit.Test] zero0047
2016-08-04 20:04:43,548 INFO [org.junit.Test] zero0048
2016-08-04 20:04:43,548 INFO [org.junit.Test] zero0049
2016-08-04 20:04:43,548 INFO [org.junit.Test] zero0050
2016-08-04 20:04:43,548 INFO [org.junit.Test] zero0051
2016-08-04 20:04:43,548 INFO [org.junit.Test] zero0052
2016-08-04 20:04:43,548 INFO [org.junit.Test] zero0053
2016-08-04 20:04:43,548 INFO [org.junit.Test] zero0054
2016-08-04 20:04:43,548 INFO [org.junit.Test] zero0055
2016-08-04 20:04:43,548 INFO [org.junit.Test] zero0056
2016-08-04 20:04:43,548 INFO [org.junit.Test] zero0057
2016-08-04 20:04:43,548 INFO [org.junit.Test] zero0058
2016-08-04 20:04:43,548 INFO [org.junit.Test] zero0059
2016-08-04 20:04:43,548 INFO [org.junit.Test] zero0060
2016-08-04 20:04:43,548 INFO [org.junit.Test] zero0061
2016-08-04 20:04:43,548 INFO [org.junit.Test] zero0062
2016-08-04 20:04:43,548 INFO [org.junit.Test] zero0063
2016-08-04 20:04:43,548 INFO [org.junit.Test] zero0064
2016-08-04 20:04:43,548 INFO [org.junit.Test] zero0065
2016-08-04 20:04:43,548 INFO [org.junit.Test] zero0066
2016-08-04 20:04:43,548 INFO [org.junit.Test] zero0067
2016-08-04 20:04:43,548 INFO [org.junit.Test] zero0068
2016-08-04 20:04:43,548 INFO [org.junit.Test] zero0069
2016-08-04 20:04:43,548 INFO [org.junit.Test] zero0070
2016-08-04 20:04:43,548 INFO [org.junit.Test] zero0071
2016-08-04 20:04:43,548 INFO [org.junit.Test] zero0072
2016-08-04 20:04:43,548 INFO [org.junit.Test] zero0073
2016-08-04 20:04:43,548 INFO [org.junit.Test] zero0074
2016-08-04 20:04:43,548 INFO [org.junit.Test] zero0075
2016-08-04 20:04:43,548 INFO [org.junit.Test] zero0076
2016-08-04 20:04:43,548 INFO [org.junit.Test] zero0077
2016-08-04 20:04:43,548 INFO [org.junit.Test] zero0078
2016-08-04 20:04:43,548 INFO [org.junit.Test] zero0079
2016-08-04 20:04:43,548 INFO [org.junit.Test] zero0080
2016-08-04 20:04:43,548 INFO [org.junit.Test] zero0081
2016-08-04 20:04:43,548 INFO [org.junit.Test] zero0082
2016-08-04 20:04:43,548 INFO [org.junit.Test] zero0083
2016-08-04 20:04:43,548 INFO [org.junit.Test] zero0084
2016-08-04 20:04:43,548 INFO [org.junit.Test] zero0085
2016-08-04 20:04:43,548 INFO [org.junit.Test] zero0086
2016-08-04 20:04:43,548 INFO [org.junit.Test] zero0087
2016-08-04 20:04:43,548 INFO [org.junit.Test] zero0088
2016-08-04 20:04:43,548 INFO [org.junit.Test] zero0089
2016-08-04 20:04:43,548 INFO [org.junit.Test] zero0090
2016-08-04 20:04:43,548 INFO [org.junit.Test] zero0091
2016-08-04 20:04:43,548 INFO [org.junit.Test] zero0092
2016-08-04 20:04:43,548 INFO [org.junit.Test] zero0093
2016-08-04 20:04:43,548 INFO [org.junit.Test] zero0094
2016-08-04 20:04:43,548 INFO [org.junit.Test] zero0095
2016-08-04 20:04:43,548 INFO [org.junit.Test] zero0096
2016-08-04 20:04:43,548 INFO [org.junit.Test] zero0097
2016-08-04 20:04:43,548 INFO [org.junit.Test] zero0098
2016-08-04 20:04:43,548 INFO [org.junit.Test] zero0099
2016-08-04 20:04:43,548 INFO [org.junit.Test] zero00100
2016-08-04 20:04:43,548 INFO [org.junit.Test] zero00101
2016-08-04 20:04:43,548 INFO [org.junit.Test] zero00102
2016-08-04 20:04:43,548 INFO [org.junit.Test] zero00103
2016-08-04 20:04:43,548 INFO [org.junit.Test] zero00104
2016-08-04 20:04:43,548 INFO [org.junit.Test] zero00105
2016-08-04 20:04:43,548 INFO [org.junit.Test] zero00106
2016-08-04 20:04:43,548 INFO [org.junit.Test] zero00107
2016-08-04 20:04:43,548 INFO [org.junit.Test] zero00108
2016-08-04 20:04:43,548 INFO [org.junit.Test] zero00109
2016-08-04 20:04:43,548 INFO [org.junit.Test] zero00110
2016-08-04 20:04:43,548 INFO [org.junit.Test] zero00111
2016-08-04 20:04:43,548 INFO [org.junit.Test] zero00112
2016-08-04 20:04:43,548 INFO [org.junit.Test] zero00113
2016-08-04 20:04:43,548 INFO [org.junit.Test] zero00114
2016-08-04 20:04:43,548 INFO [org.junit.Test] zero00115
2016-08-04 20:04:43,548 INFO [org.junit.Test] zero00116
2016-08-04 20:04:43,548 INFO [org.junit.Test] zero00117
2016-08-04 20:04:43,548 INFO [org.junit.Test] zero00118
2016-08-04 20:04:43,548 INFO [org.junit.Test] zero00119
2016-08-04 20:04:43,548 INFO [org.junit.Test] zero00120
2016-08-04 20:04:43,548 INFO [org.junit.Test] zero00121
2016-08-04 20:04:43,548 INFO [org.junit.Test] zero00122
2016-08-04 20:04:43,548 INFO [org.junit.Test] zero00123
2016-08-04 20:04:43,548 INFO [org.junit.Test] zero00124
2016-08-04 20:04:43,548 INFO [org.junit.Test] zero00125
2016-08-04 20:04:43,548 INFO [org.junit.Test] zero00126
2016-08-04 20:04:43,548 INFO [org.junit.Test] zero00127
2016-08-04 20:04:43,548 INFO [org.junit.Test] zero00128
2016-08-04 20:04:43,548 INFO [org.junit.Test] zero00129
2016-08-04 20:04:43,548 INFO [org.junit.Test] zero00130
2016-08-04 20:04:43,548 INFO [org.junit.Test] zero00131
2016-08-04 20:04:43,548 INFO [org.junit.Test] zero00132
2016-08-04 20:04:43,548 INFO [org.junit.Test] zero00133
2016-08-04 20:04:43,548 INFO [org.junit.Test] zero00134
2016-08-04 20:04:43,548 INFO [org.junit.Test] zero00135
2016-08-04 20:04:43,548 INFO [org.junit.Test] zero00136
2016-08-04 20:04:43,548 INFO [org.junit.Test] zero00137
2016-08-04 20:04:43,548 INFO [org.junit.Test] zero00138
2016-08-04 20:04:43,548 INFO [org.junit.Test] zero00139
2016-08-04 20:04:43,548 INFO [org.junit.Test] zero00140
2016-08-04 20:04:43,548 INFO [org.junit.Test] zero00141
2016-08-04 20:04:43,548 INFO [org.junit.Test] zero00142
2016-08-04 20:04:43,548 INFO [org.junit.Test] zero00143
2016-08-04 20:04:43,548 INFO [org.junit.Test] zero00144
2016-08-04 20:04:43,548 INFO [org.junit.Test] zero00145
2016-08-04 20:04:43,548 INFO [org.junit.Test] zero00146
2016-08-04 20:04:43,548 INFO [org.junit.Test] zero00147
2016-08-04 20:04:43,548 INFO [org.junit.Test] zero00148
2016-08-04 20:04:43,548 INFO [org.junit.Test] zero00149
2016-08-04 20:04:43,548 INFO [org.junit.Test] zero00150
2016-08-04 20:04:43,548 INFO [org.junit.Test] zero00151
2016-08-04 20:04:43,548 INFO [org.junit.Test] zero00152
2016-08-04 20:04:43,548 INFO [org.junit.Test] zero00153
2016-08-04 20:04:43,548 INFO [org.junit.Test] zero00154
2016-08-04 20:04:43,548 INFO [org.junit.Test] zero00155
2016-08-04 20:04:43,548 INFO [org.junit.Test] zero00156
2016-08-04 20:04:43,548 INFO [org.junit.Test] zero00157
2016-08-04 20:04:43,548 INFO [org.junit.Test] zero00158
2016-08-04 20:04:43,548 INFO [org.junit.Test] zero00159
2016-08-04 20:04:43,548 INFO [org.junit.Test] zero00160
2016-08-04 20:04:43,548 INFO [org.junit.Test] zero00161
2016-08-04 20:04:43,548 INFO [org.junit.Test] zero00162
2016-08-04 20:04:43,548 INFO [org.junit.Test] zero00163
2016-08-04 20:04:43,548 INFO [org.junit.Test] zero00164
2016-08-04 20:04:43,548 INFO [org.junit.Test] zero00165
2016-08-04 20:04:43,548 INFO [org.junit.Test] zero00166
2016-08-04 20:04:43,548 INFO [org.junit.Test] zero00167
2016-08-04 20:04:43,548 INFO [org.junit.Test] zero00168
2016-08-04 20:04:43,548 INFO [org.junit.Test] zero00169
2016-08-04 20:04:43,548 INFO [org.junit.Test] zero00170
2016-08-04 20:04:43,548 INFO [org.junit.Test] zero00171
2016-08-04 20:04:43,548 INFO [org.junit.Test] zero00172
2016-08-04 20:04:43,548 INFO [org.junit.Test] zero00173
2016-08-04 20:04:43,548 INFO [org.junit.Test] zero00174
2016-08-04 20:04:43,548 INFO [org.junit.Test] zero00175
2016-08-04 20:04:43,548 INFO [org.junit.Test] zero00176
2016-08-04 20:04:43,548 INFO [org.junit.Test] zero00177
2016-08-04 20:04:43,548 INFO [org.junit.Test] zero00178
2016-08-04 20:04:43,548 INFO [org.junit.Test] zero00179
2016-08-04 20:04:43,548 INFO [org.junit.Test] zero00180
2016-08-04 20:04:43,548 INFO [org.junit.Test] zero00181
2016-08-04 20:04:43,548 INFO [org.junit.Test] zero00182
2016-08-04 20:04:43,548 INFO [org.junit.Test] zero00183
2016-08-04 20:04:43,548 INFO [org.junit.Test] zero00184
2016-08-04 20:04:43,548 INFO [org.junit.Test] zero00185
2016-08-04 20:04:43,548 INFO [org.junit.Test] zero00186
2016-08-04 20:04:43,548 INFO [org.junit.Test] zero00187
2016-08-04 20:04:43,548 INFO [org.junit.Test] zero00188
2016-08-04 20:04:43,548 INFO [org.junit.Test] zero00189
2016-08-04 20:04:43,548 INFO [org.junit.Test] zero00190
2016-08-04 20:04:43,548 INFO [org.junit.Test] zero00191
2016-08-04 20:04:43,548 INFO [org.junit.Test] zero00192
2016-08-04 20:04:43,548 INFO [org.junit.Test] zero00193
2016-08-04 20:04:43,548 INFO [org.junit.Test] zero00194
2016-08-04 20:04:43,548 INFO [org.junit.Test] zero00195
2016-08-04 20:04:43,548 INFO [org.junit.Test] zero00196
2016-08-04 20:04:43,548 INFO [org.junit.Test] zero00197
2016-08-04 20:04:43,548 INFO [org.junit.Test] zero00198
2016-08-04 20:04:43,548 INFO [org.junit.Test] zero00199
2016-08-04 20:04:43,548 INFO [org.junit.Test] zero00200
2016-08-04 20:04:43,548 INFO [org.junit.Test] zero00201
2016-08-04 20:04:43,548 INFO [org.junit.Test] zero00202
2016-08-04 20:04:43,548 INFO [org.junit.Test] zero00203
2016-08-04 20:04:43,548 INFO [org.junit.Test] zero00204
2016-08-04 20:04:43,548 INFO [org.junit.Test] zero00205
2016-08-04 20:04:43,548 INFO [org.junit.Test] zero00206
2016-08-04 20:04:43,548 INFO [org.junit.Test] zero00207
2016-08-04 20:04:43,548 INFO [org.junit.Test] zero00208
2016-08-04 20:04:43,548 INFO [org.junit.Test] zero00209
2016-08-04 20:04:43,548 INFO [org.junit.Test] zero00210
2016-08-04 20:04:43,548 INFO [org.junit.Test] zero00211
2016-08-04 20:04:43,548 INFO [org.junit.Test] zero00212
2016-08-04 20:04:43,548 INFO [org.junit.Test] zero00213
2016-08-04 20:04:43,548 INFO [org.junit.Test] zero00214
2016-08-04 20:04:43,548 INFO [org.junit.Test] zero00215
2016-08-04 20:04:43,548 INFO [org.junit.Test] zero00216
2016-08-04 20:04:43,548 INFO [org.junit.Test] zero00217
2016-08-04 20:04:43,548 INFO [org.junit.Test] zero00218
2016-08-04 20:04:43,548 INFO [org.junit.Test] zero00219
2016-08-04 20:04:43,548 INFO [org.junit.Test] zero00220
2016-08-04 20:04:43,548 INFO [org.junit.Test] zero00221
2016-08-04 20:04:43,548 INFO [org.junit.Test] zero00222
2016-08-04 20:04:43,548 INFO [org.junit.Test] zero00223
2016-08-04 20:04:43,548 INFO [org.junit.Test] zero00224
2016-08-04 20:04:43,548 INFO [org.junit.Test] zero00225
2016-08-04 20:04:43,548 INFO [org.junit.Test] zero00226
2016-08-04 20:04:43,548 INFO [org.junit.Test] zero00227
2016-08-04 20:04:43,548 INFO [org.junit.Test] zero00228
2016-08-04 20:04:43,548 INFO [org.junit.Test] zero00229
2016-08-04 20:04:43,548 INFO [org.junit.Test] zero00230
2016-08-04 20:04:43,548 INFO [org.junit.Test] zero00231
2016-08-04 20:04:43,548 INFO [org.junit.Test] zero00232
2016-08-04 20:04:43,548 INFO [org.junit.Test] zero00233
2016-08-04 20:04:43,548 INFO [org.junit.Test] zero00234
2016-08-04 20:04:43,548 INFO [org.junit.Test] zero00235
2016-08-04 20:04:43,548 INFO [org.junit.Test] zero00236
2016-08-04 20:04:43,548 INFO [org.junit.Test] zero00237
2016-08-04 20:04:43,548 INFO [org.junit.Test] zero00238
2016-08-04 20:04:43,548 INFO [org.junit.Test] zero00239
2016-08-04 20:04:43,548 INFO [org.junit.Test] zero00240
2016-08-04 20:04:43,548 INFO [org.junit.Test] zero00241
2016-08-04 20:04:43,548 INFO [org.junit.Test] zero00242
2016-08-04 20:04:43,548 INFO [org.junit.Test] zero00243
2016-08-04 20:04:43,548 INFO [org.junit.Test] zero00244
2016-08-04 20:04:43,548 INFO [org.junit.Test] zero00245
2016-08-04 20:04:43,548 INFO [org.junit.Test] zero00246
2016-08-04 20:04:43,548 INFO [org.junit.Test] zero00247
2016-08-04 20:04:43,548 INFO [org.junit.Test] zero00248
2016-08-04 20:04:43,548 INFO [org.junit.Test] zero00249
2016-08-04 20:04:43,548 INFO [org.junit.Test] zero00250
2016-08-04 20:04:43,548 INFO [org.junit.Test] zero00251
2016-08-04 20:04:43,548 INFO [org.junit.Test] zero00252
2016-08-04 20:04:43,548 INFO [org.junit.Test] zero00253
2016-08-04 20:04:43,548 INFO [org.junit.Test] zero00254
2016-08-04 20:04:43,548 INFO [org.junit.Test] zero00255
2016-08-04 20:04:43,548 INFO [org.junit.Test] zero00256
2016-08-04 20:04:43,548 INFO [org.junit.Test] zero00257
2016-08-04 20:04:43,548 INFO [org.junit.Test] zero00258
2016-08-04 20:04:43,548 INFO [org.junit.Test] zero00259
2016-08-04 20:04:43,548 INFO [org.junit.Test] zero00260
2016-08-04 20:04:43,548 INFO [org.junit.Test] zero00261
2016-08-04 20:04:43,548 INFO [org.junit.Test] zero00262
2016-08-04 20:04:43,548 INFO [org.junit.Test] zero00263
2016-08-04 20:04:43,548 INFO [org.junit.Test] zero00264
2016-08-04 20:04:43,548 INFO [org.junit.Test] zero00265
2016-08-04 20:04:43,548 INFO [org.junit.Test] zero00266
2016-08-04 20:04:43,548 INFO [org.junit.Test] zero00267
2016-08-04 20:04:43,548 INFO [org.junit.Test] zero00268
2016-08-04 20:04:43,548 INFO [org.junit.Test] zero00269
2016-08-04 20:04:43,548 INFO [org.junit.Test] zero00270
2016-08-04 20:04:43,548 INFO [org.junit.Test] zero00271
2016-08-04 20:04:43,548 INFO [org.junit.Test] zero00272
2016-08-04 20:04:43,548 INFO [org.junit.Test] zero00273
2016-08-04 20:04:43,548 INFO [org.junit.Test] zero00274
2016-08-04 20:04:43,548 INFO [org.junit.Test] zero00275
2016-08-04 20:04:43,548 INFO [org.junit.Test] zero00276
2016-08-04 20:04:43,548 INFO [org.junit.Test] zero00277
2016-08-04 20:04:43,548 INFO [org.junit.Test] zero00278
2016-08-04 20:04:43,548 INFO [org.junit.Test] zero00279
2016-08-04 20:04:43,548 INFO [org.junit.Test] zero00280
2016-08-04 20:04:43,548 INFO [org.junit.Test] zero00281
2016-08-04 20:04:43,548 INFO [org.junit.Test] zero00282
2016-08-04 20:04:43,548 INFO [org.junit.Test] zero00283
2016-08-04 20:04:43,548 INFO [org.junit.Test] zero00284
2016-08-04 20:04:43,548 INFO [org.junit.Test] zero00285
2016-08-04 20:04:43,548 INFO [org.junit.Test] zero00286
2016-08-04 20:04:43,548 INFO [org.junit.Test] zero00287
2016-08-04 20:04:43,548 INFO [org.junit.Test] zero00288
2016-08-04 20:04:43,548 INFO [org.junit.Test] zero00289
2016-08-04 20:04:43,548 INFO [org.junit.Test] zero00290
2016-08-04 20:04:43,548 INFO [org.junit.Test] zero00291
2016-08-04 20:04:43,548 INFO [org.junit.Test] zero00292
2016-08-04 20:04:43,548 INFO [org.junit.Test] zero00293
2016-08-04 20:04:43,548 INFO [org.junit.Test] zero00294
2016-08-04 20:04:43,548 INFO [org.junit.Test] zero00295
2016-08-04 20:04:43,548 INFO [org.junit.Test] zero00296
2016-08-04 20:04:43,548 INFO [org.junit.Test] zero00297
2016-08-04 20:04:43,548 INFO [org.junit.Test] zero00298
2016-08-04 20:04:43,548 INFO [org.junit.Test] zero00299
2016-08-04 20:04:43,548 INFO [org.junit.Test] zero00300
2016-08-04 20:04:43,548 INFO [org.junit.Test] zero00301
2016-08-04 20:04:43,548 INFO [org.junit.Test] zero00302
2016-08-04 20:04:43,548 INFO [org.junit.Test] zero00303
2016-08-04 20:04:43,548 INFO [org.junit.Test] zero00304
2016-08-04 20:04:43,548 INFO [org.junit.Test] zero00305
2016-08-04 20:04:43,548 INFO [org.junit.Test] zero00306
2016-08-04 20:04:43,548 INFO [org.junit.Test] zero00307
2016-08-04 20:04:43,548 INFO [org.junit.Test] zero00308
2016-08-04 20:04:43,548 INFO [org.junit.Test] zero00309
2016-08-04 20:04:43,548 INFO [org.junit.Test] zero00310
2016-08-04 20:04:43,548 INFO [org.junit.Test] zero00311
2016-08-04 20:04:43,548 INFO [org.junit.Test] zero00312
2016-08-04 20:04:43,548 INFO [org.junit.Test] zero00313
2016-08-04 20:04:43,548 INFO [org.junit.Test] zero00314
2016-08-04 20:04:43,548 INFO [org.junit.Test] zero00315
2016-08-04 20:04:43,548 INFO [org.junit.Test] zero00316
2016-08-04 20:04:43,548 INFO [org.junit.Test] zero00317
2016-08-04 20:04:43,548 INFO [org.junit.Test] zero00318
2016-08-04 20:04:43,548 INFO [org.junit.Test] zero00319
2016-08-04 20:04:43,548 INFO [org.junit.Test] zero00320
2016-08-04 20:04:43,548 INFO [org.junit.Test] zero00321
2016-08-04 20:04:43,548 INFO [org.junit.Test] zero00322
2016-08-04 20:04:43,548 INFO [org.junit.Test] zero00323
2016-08-04 20:04:43,548 INFO [org.junit.Test] zero00324
2016-08-04 20:04:43,548 INFO [org.junit.Test] zero00325
2016-08-04 20:04:43,548 INFO [org.junit.Test] zero00326
2016-08-04 20:04:43,548 INFO [org.junit.Test] zero00327
2016-08-04 20:04:43,548 INFO [org.junit.Test] zero00328
2016-08-04 20:04:43,548 INFO [org.junit.Test] zero00329
2016-08-04 20:04:43,548 INFO [org.junit.Test] zero00330
2016-08-04 20:04:43,548 INFO [org.junit.Test] zero00331
2016-08-04 20:04:43,548 INFO [org.junit.Test] zero00332
2016-08-04 20:04:43,548 INFO [org.junit.Test] zero00333
2016-08-04 20:04:43,548 INFO [org.junit.Test] zero00334
2016-08-04 20:04:43,548 INFO [org.junit.Test] zero00335
2016-08-04 20:04:43,548 INFO [org.junit.Test] zero00336
2016-08-04 20:04:43,548 INFO [org.junit.Test] zero00337
2016-08-04 20:04:43,548 INFO [org.junit.Test] zero00338
2016-08-04 20:04:43,548 INFO [org.junit.Test] zero00339
2016-08-04 20:04:43,548 INFO [org.junit.Test] zero00340
2016-08-04 20:04:43,548 INFO [org.junit.Test] zero00341
2016-08-04 20:04:43,548 INFO [org.junit.Test] zero00342
2016-08-04 20:04:43,548 INFO [org.junit.Test] zero00343
2016-08-04 20:04:43,548 INFO [org.junit.Test] zero00344
2016-08-04 20:04:43,548 INFO [org.junit.Test] zero00345
2016-08-04 20:04:43,548 INFO [org.junit.Test] zero00346
2016-08-04 20:04:43,548 INFO [org.junit.Test] zero00347
2016-08-04 20:04:43,548 INFO [org.junit.Test] zero00348
2016-08-04 20:04:43,548 INFO [org.junit.Test] zero00349
2016-08-04 20:04:43,548 INFO [org.junit.Test] zero00350
2016-08-04 20:04:43,548 INFO [org.junit.Test] zero00351
2016-08-04 20:04:43,548 INFO [org.junit.Test] zero00352
2016-08-04 20:04:43,548 INFO [org.junit.Test] zero00353
2016-08-04 20:04:43,548 INFO [org.junit.Test] zero00354
2016-08-04 20:04:43,548 INFO [org.junit.Test] zero00355
2016-08-04 20:04:43,548 INFO [org.junit.Test] zero00356
2016-08-04 20:04:43,548 INFO [org.junit.Test] zero00357
2016-08-04 20:04:43,548 INFO [org.junit.Test] zero00358
2016-08-04 20:04:43,548 INFO [org.junit.Test] zero00359
2016-08-04 20:04:43,548 INFO [org.junit.Test] zero00360
2016-08-04 20:04:43,548 INFO [org.junit.Test] zero00361
2016-08-04 20:04:43,548 INFO [org.junit.Test] zero00362
2016-08-04 20:04:43,548 INFO [org.junit.Test] zero00363
2016-08-04 20:04:43,548 INFO [org.junit.Test] zero00364
2016-08-04 20:04:43,548 INFO [org.junit.Test] zero00365
2016-08-04 20:04:43,548 INFO [org.junit.Test] zero00366
2016-08-04 20:04:43,548 INFO [org.junit.Test] zero00367
2016-08-04 20:04:43,548 INFO [org.junit.Test] zero00368
2016-08-04 20:04:43,548 INFO [org.junit.Test] zero00369
2016-08-04 20:04:43,548 INFO [org.junit.Test] zero00370
2016-08-04 20:04:43,548 INFO [org.junit.Test] zero00371
2016-08-04 20:04:43,548 INFO [org.junit.Test] zero00372
2016-08-04 20:04:43,548 INFO [org.junit.Test] zero00373
2016-08-04 20:04:43,548 INFO [org.junit.Test] zero00374
2016-08-04 20:04:43,548 INFO [org.junit.Test] zero00375
2016-08-04 20:04:43,548 INFO [org.junit.Test] zero00376
2016-08-04 20:04:43,548 INFO [org.junit.Test] zero00377
2016-08-04 20:04:43,548 INFO [org.junit.Test] zero00378
2016-08-04 20:04:43,548 INFO [org.junit.Test] zero00379
2016-08-04 20:04:43,548 INFO [org.junit.Test] zero00380
2016-08-04 20:04:43,548 INFO [org.junit.Test] zero00381
2016-08-04 20:04:43,548 INFO [org.junit.Test] zero00382
2016-08-04 20:04:43,548 INFO [org.junit.Test] zero00383
2016-08-04 20:04:43,548 INFO [org.junit.Test] zero00384
2016-08-04 20:04:43,548 INFO [org.junit.Test] zero00385
2016-08-04 20:04:43,548 INFO [org.junit.Test] zero00386
2016-08-04 20:04:43,548 INFO [org.junit.Test] zero00387
2016-08-04 20:04:43,548 INFO [org.junit.Test] zero00388
2016-08-04 20:04:43,548 INFO [org.junit.Test] zero00389
2016-08-04 20:04:43,548 INFO [org.junit.Test] zero00390
2016-08-04 20:04:43,548 INFO [org.junit.Test] zero00391
2016-08-04 20:04:43,548 INFO [org.junit.Test] zero00392
2016-08-04 20:04:43,548 INFO [org.junit.Test] zero00393
2016-08-04 20:04:43,548 INFO [org.junit.Test] zero00394
2016-08-04 20:04:43,548 INFO [org.junit.Test] zero00395
2016-08-04 20:04:43,548 INFO [org.junit.Test] zero00396
2016-08-04 20:04:43,548 INFO [org.junit.Test] zero00397
2016-08-04 20:04:43,548 INFO [org.junit.Test] zero00398
2016-08-04 20:04:43,548 INFO [org.junit.Test] zero00399
2016-08-04 20:04:43,548 INFO [org.junit.Test] zero00400
2016-08-04 20:04:43,548 INFO [org.junit.Test] zero00401
2016-08-04 20:04:43,548 INFO [org.junit.Test] zero00402
2016-08-04 20:04:43,548 INFO [org.junit.Test] zero00403
2016-08-04 20:04:43,548 INFO [org.junit.Test] zero00404
2016-08-04 20:04:43,548 INFO [org.junit.Test] zero00405
2016-08-04 20:04:43,548 INFO [org.junit.Test] zero00406
2016-08-04 20:04:43,548 INFO [org.junit.Test] zero00407
2016-08-04 20:04:43,548 INFO [org.junit.Test] zero00408
2016-08-04 20:04:43,548 INFO [org.junit.Test] zero00409
2016-08-04 20:04:43,548 INFO [org.junit.Test] zero00410
2016-08-04 20:04:43,548 INFO [org.junit.Test] zero00411
2016-08-04 20:04:43,548 INFO [org.junit.Test] zero00412
2016-08-04 20:04:43,548 INFO [org.junit.Test] zero00413
2016-08-04 20:04:43,548 INFO [org.junit.Test] zero00414
2016-08-04 20:04:43,548 INFO [org.junit.Test] zero00415
2016-08-04 20:04:43,548 INFO [org.junit.Test] zero00416
2016-08-04 20:04:43,548 INFO [org.junit.Test] zero00417
2016-08-04 20:04:43,548 INFO [org.junit.Test] zero00418
2016-08-04 20:04:43,548 INFO [org.junit.Test] zero00419
2016-08-04 20:04:43,548 INFO [org.junit.Test] zero00420
2016-08-04 20:04:43,548 INFO [org.junit.Test] zero00421
2016-08-04 20:04:43,548 INFO [org.junit.Test] zero00422
2016-08-04 20:04:43,548 INFO [org.junit.Test] zero00423
2016-08-04 20:04:43,548 INFO [org.junit.Test] zero00424
2016-08-04 20:04:43,548 INFO [org.junit.Test] zero00425
2016-08-04 20:04:43,548 INFO [org.junit.Test] zero00426
2016-08-04 20:04:43,548 INFO [org.junit.Test] zero00427
2016-08-04 20:04:43,548 INFO [org.junit.Test] zero00428
2016-08-04 20:04:43,548 INFO [org.junit.Test] zero00429
2016-08-04 20:04:43,548 INFO [org.junit.Test] zero00430
2016-08-04 20:04:43,548 INFO [org.junit.Test] zero00431
2016-08-04 20:04:43,548 INFO [org.junit.Test] zero00432
2016-08-04 20:04:43,548 INFO [org.junit.Test] zero00433
2016-08-04 20:04:43,548 INFO [org.junit.Test] zero00434
2016-08-04 20:04:43,548 INFO [org.junit.Test] zero00435
2016-08-04 20:04:43,548 INFO [org.junit.Test] zero00436
2016-08-04 20:04:43,548 INFO [org.junit.Test] zero00437
2016-08-04 20:04:43,548 INFO [org.junit.Test] zero00438
2016-08-04 20:04:43,548 INFO [org.junit.Test] zero00439
2016-08-04 20:04:43,548 INFO [org.junit.Test] zero00440
2016-08-04 20:04:43,548 INFO [org.junit.Test] zero00441
2016-08-04 20:04:43,548 INFO [org.junit.Test] zero00442
2016-08-04 20:04:43,548 INFO [org.junit.Test] zero00443
2016-08-04 20:04:43,548 INFO [org.junit.Test] zero00444
2016-08-04 20:04:43,548 INFO [org.junit.Test] zero00445
2016-08-04 20:04:43,548 INFO [org.junit.Test] zero00446
2016-08-04 20:04:43,548 INFO [org.junit.Test] zero00447
2016-08-04 20:04:43,548 INFO [org.junit.Test] zero00448
2016-08-04 20:04:43,548 INFO [org.junit.Test] zero00449
2016-08-04 20:04:43,548 INFO [org.junit.Test] zero00450
2016-08-04 20:04:43,548 INFO [org.junit.Test] zero00451
2016-08-04 20:04:43,548 INFO [org.junit.Test] zero00452
2016-08-04 20:04:43,548 INFO [org.junit.Test] zero00453
2016-08-04 20:04:43,548 INFO [org.junit.Test] zero00454
2016-08-04 20:04:43,548 INFO [org.junit.Test] zero00455
2016-08-04 20:04:43,548 INFO [org.junit.Test] zero00456
2016-08-04 20:04:43,548 INFO [org.junit.Test] zero00457
2016-08-04 20:04:43,548 INFO [org.junit.Test] zero00458
2016-08-04 20:04:43,548 INFO [org.junit.Test] zero00459
2016-08-04 20:04:43,548 INFO [org.junit.Test] zero00460
2016-08-04 20:04:43,548 INFO [org.junit.Test] zero00461
2016-08-04 20:04:43,548 INFO [org.junit.Test] zero00462
2016-08-04 20:04:43,548 INFO [org.junit.Test] zero00463
2016-08-04 20:04:43,548 INFO [org.junit.Test] zero00464
2016-08-04 20:04:43,548 INFO [org.junit.Test] zero00465
2016-08-04 20:04:43,548 INFO [org.junit.Test] zero00466
2016-08-04 20:04:43,548 INFO [org.junit.Test] zero00467
2016-08-04 20:04:43,548 INFO [org.junit.Test] zero00468
2016-08-04 20:04:43,548 INFO [org.junit.Test] zero00469
2016-08-04 20:04:43,548 INFO [org.junit.Test] zero00470
2016-08-04 20:04:43,548 INFO [org.junit.Test] zero00471
2016-08-04 20:04:43,548 INFO [org.junit.Test] zero00472
2016-08-04 20:04:43,548 INFO [org.junit.Test] zero00473
2016-08-04 20:04:43,548 INFO [org.junit.Test] zero00474
2016-08-04 20:04:43,548 INFO [org.junit.Test] zero00475
2016-08-04 20:04:43,548 INFO [org.junit.Test] zero00476
2016-08-04 20:04:43,548 INFO [org.junit.Test] zero00477
2016-08-04 20:04:43,548 INFO [org.junit.Test] zero00478
2016-08-04 20:04:43,548 INFO [org.junit.Test] zero00479
2016-08-04 20:04:43,548 INFO [org.junit.Test] zero00480
2016-08-04 20:04:43,548 INFO [org.junit.Test] zero00481
2016-08-04 20:04:43,548 INFO [org.junit.Test] zero00482
2016-08-04 20:04:43,548 INFO [org.junit.Test] zero00483
2016-08-04 20:04:43,548 INFO [org.junit.Test] zero00484
2016-08-04 20:04:43,548 INFO [org.junit.Test] zero00485
2016-08-04 20:04:43,548 INFO [org.junit.Test] zero00486
2016-08-04 20:04:43,548 INFO [org.junit.Test] zero00487
2016-08-04 20:04:43,548 INFO [org.junit.Test] zero00488
2016-08-04 20:04:43,548 INFO [org.junit.Test] zero00489
2016-08-04 20:04:43,548 INFO [org.junit.Test] zero00490
2016-08-04 20:04:43,548 INFO [org.junit.Test] zero00491
2016-08-04 20:04:43,548 INFO [org.junit.Test] zero00492
2016-08-04 20:04:43,548 INFO [org.junit.Test] zero00493
2016-08-04 20:04:43,548 INFO [org.junit.Test] zero00494
2016-08-04 20:04:43,548 INFO [org.junit.Test] zero00495
2016-08-04 20:04:43,548 INFO [org.junit.Test] zero00496
2016-08-04 20:04:43,548 INFO [org.junit.Test] zero00497
2016-08-04 20:04:43,548 INFO [org.junit.Test] zero00498
2016-08-04 20:04:43,548 INFO [org.junit.Test] zero00499
2016-08-04 20:04:43,548 INFO [org.junit.Test] zero00500
2016-08-04 20:04:43,548 INFO [org.junit.Test] zero00501
2016-08-04 20:04:43,548 INFO [org.junit.Test] zero00502
2016-08-04 20:04:43,548 INFO [org.junit.Test] zero00503
2016-08-04 20:04:43,548 INFO [org.junit.Test] zero00504
2016-08-04 20:04:43,548 INFO [org.junit.Test] zero00505
2016-08-04 20:04:43,548 INFO [org.junit.Test] zero00506
2016-08-04 20:04:43,548 INFO [org.junit.Test] zero00507
2016-08-04 20:04:43,548 INFO [org.junit.Test] zero00508
2016-08-04 20:04:43,548 INFO [org.junit.Test] zero00509
2016-08-04 20:04:43,548 INFO [org.junit.Test] zero00510
2016-08-04 20:04:43,548 INFO [org.junit.Test] zero00511
2016-08-04 20:04:43,548 INFO [org.junit.Test] zero00512
2016-08-04 20:04:43,548 INFO [org.junit.Test] zero00513
2016-08-04 20:04:43,548 INFO [org.junit.Test] zero00514
2016-08-04 20:04:43,548 INFO [org.junit.Test] zero00515
2016-08-04 20:04:43,548 INFO [org.junit.Test] zero00516
2016-08-04 20:04:43,548 INFO [org.junit.Test] zero00517
2016-08-04 20:04:43,548 INFO [org.junit.Test] zero00518
2016-08-04 20:04:43,548 INFO [org.junit.Test] zero00519
2016-08-04 20:04:43,548 INFO [org.junit.Test] zero00520
2016-08-04 20:04:43,548 INFO [org.junit.Test] zero00521
2016-08-04 20:04:43,548 INFO [org.junit.Test] zero00522
2016-08-04 20:04:43,548 INFO [org.junit.Test] zero00523
2016-08-04 20:04:43,548 INFO [org.junit.Test] zero00524
2016-08-04 20:04:43,548 INFO [org.junit.Test] zero00525
2016-08-04 20:04:43,548 INFO [org.junit.Test] zero00526
2016-08-04 20:04:43,548 INFO [org.junit.Test] zero00527
2016-08-04 20:04:43,548 INFO [org.junit.Test] zero00528
2016-08-04 20:04:43,548 INFO [org.junit.Test] zero00529
2016-08-04 20:04:43,548 INFO [org.junit.Test] zero00530
2016-08-04 20:04:43,548 INFO [org.junit.Test] zero00531
2016-08-04 20:04:43,548 INFO [org.junit.Test] zero00532
2016-08-04 20:04:43,548 INFO [org.junit.Test] zero00533
2016-08-04 20:04:43,548 INFO [org.junit.Test] zero00534
2016-08-04 20:04:43,548 INFO [org.junit.Test] zero00535
2016-08-04 20:04:43,548 INFO [org.junit.Test] zero00536
2016-08-04 20:04:43,548 INFO [org.junit.Test] zero00537
2016-08-04 20:04:43,548 INFO [org.junit.Test] zero00538
2016-08-04 20:04:43,548 INFO [org.junit.Test] zero00539
2016-08-04 20:04:43,548 INFO [org.junit.Test] zero00540
2016-08-04 20:04:43,548 INFO [org.junit.Test] zero00541
2016-08-04 20:04:43,548 INFO [org.junit.Test] zero00542
2016-08-04 20:04:43,548 INFO [org.junit.Test] zero00543
2016-08-04 20:04:43,548 INFO [org.junit.Test] zero00544
2016-08-04 20:04:43,548 INFO [org.junit.Test] zero00545
2016-08-04 20:04:43,548 INFO [org.junit.Test] zero00546
2016-08-04 20:04:43,548 INFO [org.junit.Test] zero00547
2016-08-04 20:04:43,548 INFO [org.junit.Test] zero00548
2016-08-04 20:04:43,548 INFO [org.junit.Test] zero00549
2016-08-04 20:04:43,548 INFO [org.junit.Test] zero00550
2016-08-04 20:04:43,548 INFO [org.junit.Test] zero00551
2016-08-04 20:04:43,548 INFO [org.junit.Test] zero00552
2016-08-04 20:04:43,548 INFO [org.junit.Test] zero00553
2016-08-04 20:04:43,548 INFO [org.junit.Test] zero00554
2016-08-04 20:04:43,548 INFO [org.junit.Test] zero00555
2016-08-04 20:04:43,548 INFO [org.junit.Test] zero00556
2016-08-04 20:04:43,548 INFO [org.junit.Test] zero00557
2016-08-04 20:04:43,548 INFO [org.junit.Test] zero00558
2016-08-04 20:04:43,548 INFO [org.junit.Test] zero00559
2016-08-04 20:04:43,548 INFO [org.junit.Test] zero00560
2016-08-04 20:04:43,548 INFO [org.junit.Test] zero00561
2016-08-04 20:04:43,548 INFO [org.junit.Test] zero00562
2016-08-04 20:04:43,548 INFO [org.junit.Test] zero00563
2016-08-04 20:04:43,548 INFO [org.junit.Test] zero00564
2016-08-04 20:04:43,548 INFO [org.junit.Test] zero00565
2016-08-04 20:04:43,548 INFO [org.junit.Test] zero00566
2016-08-04 20:04:43,548 INFO [org.junit.Test] zero00567
2016-08-04 20:04:43,548 INFO [org.junit.Test] zero00568
2016-08-04 20:04:43,548 INFO [org.junit.Test] zero00569
2016-08-04 20:04:43,548 INFO [org.junit.Test] zero00570
2016-08-04 20:04:43,548 INFO [org.junit.Test] zero00571
2016-08-04 20:04:43,548 INFO [org.junit.Test] zero00572
2016-08-04 20:04:43,548 INFO [org.junit.Test] zero00573
2016-08-04 20:04:43,548 INFO [org.junit.Test] zero00574
2016-08-04 20:04:43,548 INFO [org.junit.Test] zero00575
2016-08-04 20:04:43,548 INFO [org.junit.Test] zero00576
2016-08-04 20:04:43,548 INFO [org.junit.Test] zero00577
2016-08-04 20:04:43,548 INFO [org.junit.Test] zero00578
2016-08-04 20:04:43,548 INFO [org.junit.Test] zero00579
2016-08-04 20:04:43,548 INFO [org.junit.Test] zero00580
2016-08-04 20:04:43,548 INFO [org.junit.Test] zero00581
2016-08-04 20:04:43,548 INFO [org.junit.Test] zero00582
2016-08-04 20:04:43,548 INFO [org.junit.Test] zero00583
2016-08-04 20:04:43,548 INFO [org.junit.Test] zero00584
2016-08-04 20:04:43,548 INFO [org.junit.Test] zero00585
2016-08-04 20:04:43,548 INFO [org.junit.Test] zero00586
2016-08-04 20:04:43,548 INFO [org.junit.Test] zero00587
2016-08-04 20:04:43,548 INFO [org.junit.Test] zero00588
2016-08-04 20:04:43,548 INFO [org.junit.Test] zero00589
2016-08-04 20:04:43,548 INFO [org.junit.Test] zero00590
2016-08-04 20:04:43,548 INFO [org.junit.Test] zero00591
2016-08-04 20:04:43,548 INFO [org.junit.Test] zero00592
2016-08-04 20:04:43,548 INFO [org.junit.Test] zero00593
2016-08-04 20:04:43,548 INFO [org.junit.Test] zero00594
2016-08-04 20:04:43,548 INFO [org.junit.Test] zero00595
2016-08-04 20:04:43,548 INFO [org.junit.Test] zero00596
2016-08-04 20:04:43,548 INFO [org.junit.Test] zero00597
2016-08-04 20:04:43,548 INFO [org.junit.Test] zero00598
2016-08-04 20:04:43,548 INFO [org.junit.Test] zero00599
2016-08-04 20:04:43,548 INFO [org.junit.Test] zero00600
2016-08-04 20:04:43,548 INFO [org.junit.Test] zero00601
2016-08-04 20:04:43,548 INFO [org.junit.Test] zero00602
2016-08-04 20:04:43,548 INFO [org.junit.Test] zero00603
2016-08-04 20:04:43,548 INFO [org.junit.Test] zero00604
2016-08-04 20:04:43,548 INFO [org.junit.Test] zero00605
2016-08-04 20:04:43,548 INFO [org.junit.Test] zero00606
2016-08-04 20:04:43,548 INFO [org.junit.Test] zero00607
2016-08-04 20:04:43,548 INFO [org.junit.Test] zero00608
2016-08-04 20:04:43,548 INFO [org.junit.Test] zero00609
2016-08-04 20:04:43,548 INFO [org.junit.Test] zero00610
2016-08-04 20:04:43,548 INFO [org.junit.Test] zero00611
2016-08-04 20:04:43,548 INFO [org.junit.Test] zero00612
2016-08-04 20:04:43,548 INFO [org.junit.Test] zero00613
2016-08-04 20:04:43,548 INFO [org.junit.Test] zero00614
2016-08-04 20:04:43,548 INFO [org.junit.Test] zero00615
2016-08-04 20:04:43,548 INFO [org.junit.Test] zero00616
2016-08-04 20:04:43,548 INFO [org.junit.Test] zero00617
2016-08-04 20:04:43,548 INFO [org.junit.Test] zero00618
2016-08-04 20:04:43,548 INFO [org.junit.Test] zero00619
2016-08-04 20:04:43,548 INFO [org.junit.Test] zero00620
2016-08-04 20:04:43,548 INFO [org.junit.Test] zero00621
2016-08-04 20:04:43,548 INFO [org.junit.Test] zero00622
2016-08-04 20:04:43,548 INFO [org.junit.Test] zero00623
2016-08-04 20:04:43,548 INFO [org.junit.Test] zero00624
2016-08-04 20:04:43,548 INFO [org.junit.Test] zero00625
2016-08-04 20:04:43,548 INFO [org.junit.Test] zero00626
2016-08-04 20:04:43,548 INFO [org.junit.Test] zero00627
2016-08-04 20:04:43,548 INFO [org.junit.Test] zero00628
2016-08-04 20:04:43,548 INFO [org.junit.Test] zero00629
2016-08-04 20:04:43,548 INFO [org.junit.Test] zero00630
2016-08-04 20:04:43,548 INFO [org.junit.Test] zero00631
2016-08-04 20:04:43,548 INFO [org.junit.Test] zero00632
2016-08-04 20:04:43,548 INFO [org.junit.Test] zero00633
2016-08-04 20:04:43,548 INFO [org.junit.Test] zero00634
2016-08-04 20:04:43,548 INFO [org.junit.Test] zero00635
2016-08-04 20:04:43,548 INFO [org.junit.Test] zero00636
2016-08-04 20:04:43,548 INFO [org.junit.Test] zero00637
2016-08-04 20:04:43,548 INFO [org.junit.Test] zero00638
2016-08-04 20:04:43,548 INFO [org.junit.Test] zero00639
2016-08-04 20:04:43,548 INFO [org.junit.Test] zero00640
2016-08-04 20:04:43,548 INFO [org.junit.Test] zero00641
2016-08-04 20:04:43,548 INFO [org.junit.Test] zero00642
2016-08-04 20:04:43,548 INFO [org.junit.Test] zero00643
2016-08-04 20:04:43,548 INFO [org.junit.Test] zero00644
2016-08-04 20:04:43,548 INFO [org.junit.Test] zero00645
2016-08-04 20:04:43,548 INFO [org.junit.Test] zero00646
2016-08-04 20:04:43,548 INFO [org.junit.Test] zero00647
2016-08-04 20:04:43,548 INFO [org.junit.Test] zero00648
2016-08-04 20:04:43,548 INFO [org.junit.Test] zero00649
2016-08-04 20:04:43,548 INFO [org.junit.Test] zero00650
2016-08-04 20:04:43,548 INFO [org.junit.Test] zero00651
2016-08-04 20:04:43,548 INFO [org.junit.Test] zero00652
2016-08-04 20:04:43,548 INFO [org.junit.Test] zero00653
2016-08-04 20:04:43,548 INFO [org.junit.Test] zero00654
2016-08-04 20:04:43,548 INFO [org.junit.Test] zero00655
2016-08-04 20:04:43,548 INFO [org.junit.Test] zero00656
2016-08-04 20:04:43,548 INFO [org.junit.Test] zero00657
2016-08-04 20:04:43,548 INFO [org.junit.Test] zero00658
2016-08-04 20:04:43,548 INFO [org.junit.Test] zero00659
2016-08-04 20:04:43,548 INFO [org.junit.Test] zero00660
2016-08-04 20:04:43,548 INFO [org.junit.Test] zero00661
2016-08-04 20:04:43,548 INFO [org.junit.Test] zero00662
2016-08-04 20:04:43,548 INFO [org.junit.Test] zero00663
2016-08-04 20:04:43,548 INFO [org.junit.Test] zero00664
2016-08-04 20:04:43,548 INFO [org.junit.Test] zero00665
2016-08-04 20:04:43,548 INFO [org.junit.Test] zero00666
2016-08-04 20:04:43,548 INFO [org.junit.Test] zero00667
2016-08-04 20:04:43,548 INFO [org.junit.Test] zero00668
2016-08-04 20:04:43,548 INFO [org.junit.Test] zero00669
2016-08-04 20:04:43,548 INFO [org.junit.Test] zero00670
2016-08-04 20:04:43,548 INFO [org.junit.Test] zero00671
2016-08-04 20:04:43,548 INFO [org.junit.Test] zero00672
2016-08-04 20:04:43,548 INFO [org.junit.Test] zero00673
2016-08-04 20:04:43,548 INFO [org.junit.Test] zero00674
2016-08-04 20:04:43,548 INFO [org.junit.Test] zero00675
2016-08-04 20:04:43,548 INFO [org.junit.Test] zero00676
2016-08-04 20:04:43,548 INFO [org.junit.Test] zero00677
2016-08-04 20:04:43,548 INFO [org.junit.Test] zero00678
2016-08-04 20:04:43,548 INFO [org.junit.Test] zero00679
2016-08-04 20:04:43,548 INFO [org.junit.Test] zero00680
2016-08-04 20:04:43,548 INFO [org.junit.Test] zero00681
2016-08-04 20:04:43,548 INFO [org.junit.Test] zero00682
2016-08-04 20:04:43,548 INFO [org.junit.Test] zero00683
2016-08-04 20:04:43,548 INFO [org.junit.Test] zero00684
2016-08-04 20:04:43,548 INFO [org.junit.Test] zero00685
2016-08-04 20:04:43,548 INFO [org.junit.Test] zero00686
2016-08-04 20:04:43,548 INFO [org.junit.Test] zero00687
2016-08-04 20:04:43,548 INFO [org.junit.Test] zero00688
2016-08-04 20:04:43,548 INFO [org.junit.Test] zero00689
2016-08-04 20:04:43,548 INFO [org.junit.Test] zero00690
2016-08-04 20:04:43,548 INFO [org.junit.Test] zero00691
2016-08-04 20:04:43,548 INFO [org.junit.Test] zero00692
2016-08-04 20:04:43,548 INFO [org.junit.Test] zero00693
2016-08-04 20:04:43,548 INFO [org.junit.Test] zero00694
2016-08-04 20:04:43,548 INFO [org.junit.Test] zero00695
2016-08-04 20:04:43,548 INFO [org.junit.Test] zero00696
2016-08-04 20:04:43,548 INFO [org.junit.Test] zero00697
2016-08-04 20:04:43,548 INFO [org.junit.Test] zero00698
2016-08-04 20:04:43,548 INFO [org.junit.Test] zero00699
2016-08-04 20:04:43,548 INFO [org.junit.Test] zero00700
2016-08-04 20:04:43,548 INFO [org.junit.Test] zero00701
2016-08-04 20:04:43,548 INFO [org.junit.Test] zero00702
2016-08-04 20:04:43,548 INFO [org.junit.Test] zero00703
2016-08-04 20:04:43,548 INFO [org.junit.Test] zero00704
2016-08-04 20:04:43,548 INFO [org.junit.Test] zero00705
2016-08-04 20:04:43,548 INFO [org.junit.Test] zero00706
2016-08-04 20:04:43,548 INFO [org.junit.Test] zero00707
2016-08-04 20:04:43,548 INFO [org.junit.Test] zero00708
2016-08-04 20:04:43,548 INFO [org.junit.Test] zero00709
2016-08-04 20:04:43,548 INFO [org.junit.Test] zero00710
2016-08-04 20:04:43,548 INFO [org.junit.Test] zero00711
2016-08-04 20:04:43,548 INFO [org.junit.Test] zero00712
2016-08-04 20:04:43,548 INFO [org.junit.Test] zero00713
2016-08-04 20:04:43,548 INFO [org.junit.Test] zero00714
2016-08-04 20:04:43,548 INFO [org.junit.Test] zero00715
2016-08-04 20:04:43,548 INFO [org.junit.Test] zero00716
2016-08-04 20:04:43,548 INFO [org.junit.Test] zero00717
2016-08-04 20:04:43,548 INFO [org.junit.Test] zero00718
2016-08-04 20:04:43,548 INFO [org.junit.Test] zero00719
2016-08-04 20:04:43,548 INFO [org.junit.Test] zero00720
2016-08-04 20:04:43,548 INFO [org.junit.Test] zero00721
2016-08-04 20:04:43,548 INFO [org.junit.Test] zero00722
2016-08-04 20:04:43,548 INFO [org.junit.Test] zero00723
2016-08-04 20:04:43,548 INFO [org.junit.Test] zero00724
2016-08-04 20:04:43,548 INFO [org.junit.Test] zero00725
2016-08-04 20:04:43,548 INFO [org.junit.Test] zero00726
2016-08-04 20:04:43,548 INFO [org.junit.Test] zero00727
2016-08-04 20:04:43,548 INFO [org.junit.Test] zero00728
2016-08-04 20:04:43,548 INFO [org.junit.Test] zero00729
2016-08-04 20:04:43,548 INFO [org.junit.Test] zero00730
2016-08-04 20:04:43,548 INFO [org.junit.Test] zero00731
2016-08-04 20:04:43,548 INFO [org.junit.Test] zero00732
2016-08-04 20:04:43,548 INFO [org.junit.Test] zero00733
2016-08-04 20:04:43,548 INFO [org.junit.Test] zero00734
2016-08-04 20:04:43,548 INFO [org.junit.Test] zero00735
2016-08-04 20:04:43,548 INFO [org.junit.Test] zero00736
2016-08-04 20:04:43,548 INFO [org.junit.Test] zero00737
2016-08-04 20:04:43,548 INFO [org.junit.Test] zero00738
2016-08-04 20:04:43,548 INFO [org.junit.Test] zero00739
2016-08-04 20:04:43,548 INFO [org.junit.Test] zero00740
2016-08-04 20:04:43,548 INFO [org.junit.Test] zero00741
2016-08-04 20:04:43,548 INFO [org.junit.Test] zero00742
2016-08-04 20:04:43,548 INFO [org.junit.Test] zero00743
2016-08-04 20:04:43,548 INFO [org.junit.Test] zero00744
2016-08-04 20:04:43,548 INFO [org.junit.Test] zero00745
2016-08-04 20:04:43,548 INFO [org.junit.Test] zero00746
2016-08-04 20:04:43,548 INFO [org.junit.Test] zero00747
2016-08-04 20:04:43,548 INFO [org.junit.Test] zero00748
2016-08-04 20:04:43,548 INFO [org.junit.Test] zero00749
2016-08-04 20:04:43,548 INFO [org.junit.Test] zero00750
2016-08-04 20:04:43,548 INFO [org.junit.Test] zero00751
2016-08-04 20:04:43,548 INFO [org.junit.Test] zero00752
2016-08-04 20:04:43,548 INFO [org.junit.Test] zero00753
2016-08-04 20:04:43,548 INFO [org.junit.Test] zero00754
2016-08-04 20:04:43,548 INFO [org.junit.Test] zero00755
2016-08-04 20:04:43,548 INFO [org.junit.Test] zero00756
2016-08-04 20:04:43,548 INFO [org.junit.Test] zero00757
2016-08-04 20:04:43,548 INFO [org.junit.Test] zero00758
2016-08-04 20:04:43,548 INFO [org.junit.Test] zero00759
2016-08-04 20:04:43,548 INFO [org.junit.Test] zero00760
2016-08-04 20:04:43,548 INFO [org.junit.Test] zero00761
2016-08-04 20:04:43,548 INFO [org.junit.Test] zero00762
2016-08-04 20:04:43,548 INFO [org.junit.Test] zero00763
2016-08-04 20:04:43,548 INFO [org.junit.Test] zero00764
2016-08-04 20:04:43,548 INFO [org.junit.Test] zero00765
2016-08-04 20:04:43,548 INFO [org.junit.Test] zero00766
2016-08-04 20:04:43,548 INFO [org.junit.Test] zero00767
2016-08-04 20:04:43,548 INFO [org.junit.Test] zero00768
2016-08-04 20:04:43,548 INFO [org.junit.Test] zero00769
2016-08-04 20:04:43,548 INFO [org.junit.Test] zero00770
2016-08-04 20:04:43,548 INFO [org.junit.Test] zero00771
2016-08-04 20:04:43,548 INFO [org.junit.Test] zero00772
2016-08-04 20:04:43,548 INFO [org.junit.Test] zero00773
2016-08-04 20:04:43,548 INFO [org.junit.Test] zero00774
2016-08-04 20:04:43,548 INFO [org.junit.Test] zero00775
2016-08-04 20:04:43,548 INFO [org.junit.Test] zero00776
2016-08-04 20:04:43,548 INFO [org.junit.Test] zero00777
2016-08-04 20:04:43,548 INFO [org.junit.Test] zero00778
2016-08-04 20:04:43,548 INFO [org.junit.Test] zero00779
2016-08-04 20:04:43,548 INFO [org.junit.Test] zero00780
2016-08-04 20:04:43,548 INFO [org.junit.Test] zero00781
2016-08-04 20:04:43,548 INFO [org.junit.Test] zero00782
2016-08-04 20:04:43,548 INFO [org.junit.Test] zero00783
2016-08-04 20:04:43,548 INFO [org.junit.Test] zero00784
2016-08-04 20:04:43,548 INFO [org.junit.Test] zero00785
2016-08-04 20:04:43,548 INFO [org.junit.Test] zero00786
2016-08-04 20:04:43,548 INFO [org.junit.Test] zero00787
2016-08-04 20:04:43,548 INFO [org.junit.Test] zero00788
2016-08-04 20:04:43,548 INFO [org.junit.Test] zero00789
2016-08-04 20:04:43,548 INFO [org.junit.Test] zero00790
2016-08-04 20:04:43,548 INFO [org.junit.Test] zero00791
2016-08-04 20:04:43,548 INFO [org.junit.Test] zero00792
2016-08-04 20:04:43,548 INFO [org.junit.Test] zero00793
2016-08-04 20:04:43,548 INFO [org.junit.Test] zero00794
2016-08-04 20:04:43,548 INFO [org.junit.Test] zero00795
2016-08-04 20:04:43,548 INFO [org.junit.Test] zero00796
2016-08-04 20:04:43,548 INFO [org.junit.Test] zero00797
2016-08-04 20:04:43,548 INFO [org.junit.Test] zero00798
2016-08-04 20:04:43,548 INFO [org.junit.Test] zero00799
2016-08-04 20:04:43,548 INFO [org.junit.Test] zero00800
2016-08-04 20:04:43,548 INFO [org.junit.Test] zero00801
2016-08-04 20:04:43,548 INFO [org.junit.Test] zero00802
2016-08-04 20:04:43,548 INFO [org.junit.Test] zero00803
2016-08-04 20:04:43,548 INFO [org.junit.Test] zero00804
2016-08-04 20:04:43,548 INFO [org.junit.Test] zero00805
2016-08-04 20:04:43,548 INFO [org.junit.Test] zero00806
2016-08-04 20:04:43,548 INFO [org.junit.Test] zero00807
2016-08-04 20:04:43,548 INFO [org.junit.Test] zero00808
2016-08-04 20:04:43,548 INFO [org.junit.Test] zero00809
2016-08-04 20:04:43,548 INFO [org.junit.Test] zero00810
2016-08-04 20:04:43,548 INFO [org.junit.Test] zero00811
2016-08-04 20:04:43,548 INFO [org.junit.Test] zero00812
2016-08-04 20:04:43,548 INFO [org.junit.Test] zero00813
2016-08-04 20:04:43,548 INFO [org.junit.Test] zero00814
2016-08-04 20:04:43,548 INFO [org.junit.Test] zero00815
2016-08-04 20:04:43,548 INFO [org.junit.Test] zero00816
2016-08-04 20:04:43,548 INFO [org.junit.Test] zero00817
2016-08-04 20:04:43,548 INFO [org.junit.Test] zero00818
2016-08-04 20:04:43,548 INFO [org.junit.Test] zero00819
2016-08-04 20:04:43,548 INFO [org.junit.Test] zero00820
2016-08-04 20:04:43,548 INFO [org.junit.Test] zero00821
2016-08-04 20:04:43,548 INFO [org.junit.Test] zero00822
2016-08-04 20:04:43,548 INFO [org.junit.Test] zero00823
2016-08-04 20:04:43,548 INFO [org.junit.Test] zero00824
2016-08-04 20:04:43,548 INFO [org.junit.Test] zero00825
2016-08-04 20:04:43,548 INFO [org.junit.Test] zero00826
2016-08-04 20:04:43,548 INFO [org.junit.Test] zero00827
2016-08-04 20:04:43,548 INFO [org.junit.Test] zero00828
2016-08-04 20:04:43,548 INFO [org.junit.Test] zero00829
2016-08-04 20:04:43,548 INFO [org.junit.Test] zero00830
2016-08-04 20:04:43,548 INFO [org.junit.Test] zero00831
2016-08-04 20:04:43,548 INFO [org.junit.Test] zero00832
2016-08-04 20:04:43,548 INFO [org.junit.Test] zero00833
2016-08-04 20:04:43,548 INFO [org.junit.Test] zero00834
2016-08-04 20:04:43,548 INFO [org.junit.Test] zero00835
2016-08-04 20:04:43,548 INFO [org.junit.Test] zero00836
2016-08-04 20:04:43,548 INFO [org.junit.Test] zero00837
2016-08-04 20:04:43,548 INFO [org.junit.Test] zero00838
2016-08-04 20:04:43,548 INFO [org.junit.Test] zero00839
2016-08-04 20:04:43,548 INFO [org.junit.Test] zero00840
2016-08-04 20:04:43,548 INFO [org.junit.Test] zero00841
2016-08-04 20:04:43,548 INFO [org.junit.Test] zero00842
2016-08-04 20:04:43,548 INFO [org.junit.Test] zero00843
2016-08-04 20:04:43,548 INFO [org.junit.Test] zero00844
2016-08-04 20:04:43,548 INFO [org.junit.Test] zero00845
2016-08-04 20:04:43,548 INFO [org.junit.Test] zero00846
2016-08-04 20:04:43,548 INFO [org.junit.Test] zero00847
2016-08-04 20:04:43,548 INFO [org.junit.Test] zero00848
2016-08-04 20:04:43,548 INFO [org.junit.Test] zero00849
2016-08-04 20:04:43,548 INFO [org.junit.Test] zero00850
2016-08-04 20:04:43,548 INFO [org.junit.Test] zero00851
2016-08-04 20:04:43,548 INFO [org.junit.Test] zero00852
2016-08-04 20:04:43,548 INFO [org.junit.Test] zero00853
2016-08-04 20:04:43,548 INFO [org.junit.Test] zero00854
2016-08-04 20:04:43,548 INFO [org.junit.Test] zero00855
2016-08-04 20:04:43,548 INFO [org.junit.Test] zero00856
2016-08-04 20:04:43,548 INFO [org.junit.Test] zero00857
2016-08-04 20:04:43,548 INFO [org.junit.Test] zero00858
2016-08-04 20:04:43,548 INFO [org.junit.Test] zero00859
2016-08-04 20:04:43,548 INFO [org.junit.Test] zero00860
2016-08-04 20:04:43,548 INFO [org.junit.Test] zero00861
2016-08-04 20:04:43,548 INFO [org.junit.Test] zero00862
2016-08-04 20:04:43,548 INFO [org.junit.Test] zero00863
2016-08-04 20:04:43,548 INFO [org.junit.Test] zero00864
2016-08-04 20:04:43,548 INFO [org.junit.Test] zero00865
2016-08-04 20:04:43,548 INFO [org.junit.Test] zero00866
2016-08-04 20:04:43,548 INFO [org.junit.Test] zero00867
2016-08-04 20:04:43,548 INFO [org.junit.Test] zero00868
2016-08-04 20:04:43,548 INFO [org.junit.Test] zero00869
2016-08-04 20:04:43,548 INFO [org.junit.Test] zero00870
2016-08-04 20:04:43,548 INFO [org.junit.Test] zero00871
2016-08-04 20:04:43,548 INFO [org.junit.Test] zero00872
2016-08-04 20:04:43,548 INFO [org.junit.Test] zero00873
2016-08-04 20:04:43,548 INFO [org.junit.Test] zero00874
2016-08-04 20:04:43,548 INFO [org.junit.Test] zero00875
2016-08-04 20:04:43,548 INFO [org.junit.Test] zero00876
2016-08-04 20:04:43,548 INFO [org.junit.Test] zero00877
2016-08-04 20:04:43,548 INFO [org.junit.Test] zero00878
2016-08-04 20:04:43,548 INFO [org.junit.Test] zero00879
2016-08-04 20:04:43,548 INFO [org.junit.Test] zero00880
2016-08-04 20:04:43,548 INFO [org.junit.Test] zero00881
2016-08-04 20:04:43,548 INFO [org.junit.Test] zero00882
2016-08-04 20:04:43,548 INFO [org.junit.Test] zero00883
2016-08-04 20:04:43,548 INFO [org.junit.Test] zero00884
2016-08-04 20:04:43,548 INFO [org.junit.Test] zero00885
2016-08-04 20:04:43,548 INFO [org.junit.Test] zero00886
2016-08-04 20:04:43,548 INFO [org.junit.Test] zero00887
2016-08-04 20:04:43,548 INFO [org.junit.Test] zero00888
2016-08-04 20:04:43,548 INFO [org.junit.Test] zero00889
2016-08-04 20:04:43,548 INFO [org.junit.Test] zero00890
2016-08-04 20:04:43,548 INFO [org.junit.Test] zero00891
2016-08-04 20:04:43,548 INFO [org.junit.Test] zero00892
2016-08-04 20:04:43,548 INFO [org.junit.Test] zero00893
2016-08-04 20:04:43,548 INFO [org.junit.Test] zero00894
2016-08-04 20:04:43,548 INFO [org.junit.Test] zero00895
2016-08-04 20:04:43,548 INFO [org.junit.Test] zero00896
2016-08-04 20:04:43,548 INFO [org.junit.Test] zero00897
2016-08-04 20:04:43,548 INFO [org.junit.Test] zero00898
2016-08-04 20:04:43,548 INFO [org.junit.Test] zero00899
2016-08-04 20:04:43,548 INFO [org.junit.Test] zero00900
2016-08-04 20:04:43,548 INFO [org.junit.Test] zero00901
2016-08-04 20:04:43,548 INFO [org.junit.Test] zero00902
2016-08-04 20:04:43,548 INFO [org.junit.Test] zero00903
2016-08-04 20:04:43,548 INFO [org.junit.Test] zero00904
2016-08-04 20:04:43,548 INFO [org.junit.Test] zero00905
2016-08-04 20:04:43,548 INFO [org.junit.Test] zero00906
2016-08-04 20:04:43,548 INFO [org.junit.Test] zero00907
2016-08-04 20:04:43,548 INFO [org.junit.Test] zero00908
2016-08-04 20:04:43,548 INFO [org.junit.Test] zero00909
2016-08-04 20:04:43,548 INFO [org.junit.Test] zero00910
2016-08-04 20:04:43,548 INFO [org.junit.Test] zero00911
2016-08-04 20:04:43,548 INFO [org.junit.Test] zero00912
2016-08-04 20:04:43,548 INFO [org.junit.Test] zero00913
2016-08-04 20:04:43,548 INFO [org.junit.Test] zero00914
2016-08-04 20:04:43,548 INFO [org.junit.Test] zero00915
2016-08-04 20:04:43,548 INFO [org.junit.Test] zero00916
2016-08-04 20:04:43,548 INFO [org.junit.Test] zero00917
2016-08-04 20:04:43,548 INFO [org.junit.Test] zero00918
2016-08-04 20:04:43,548 INFO [org.junit.Test] zero00919
2016-08-04 20:04:43,548 INFO [org.junit.Test] zero00920
2016-08-04 20:04:43,548 INFO [org.junit.Test] zero00921
2016-08-04 20:04:43,548 INFO [org.junit.Test] zero00922
2016-08-04 20:04:43,548 INFO [org.junit.Test] zero00923
2016-08-04 20:04:43,548 INFO [org.junit.Test] zero00924
2016-08-04 20:04:43,548 INFO [org.junit.Test] zero00925
2016-08-04 20:04:43,548 INFO [org.junit.Test] zero00926
2016-08-04 20:04:43,548 INFO [org.junit.Test] zero00927
2016-08-04 20:04:43,548 INFO [org.junit.Test] zero00928
2016-08-04 20:04:43,548 INFO [org.junit.Test] zero00929
2016-08-04 20:04:43,548 INFO [org.junit.Test] zero00930
2016-08-04 20:04:43,548 INFO [org.junit.Test] zero00931
2016-08-04 20:04:43,548 INFO [org.junit.Test] zero00932
2016-08-04 20:04:43,548 INFO [org.junit.Test] zero00933
2016-08-04 20:04:43,548 INFO [org.junit.Test] zero00934
2016-08-04 20:04:43,548 INFO [org.junit.Test] zero00935
2016-08-04 20:04:43,548 INFO [org.junit.Test] zero00936
2016-08-04 20:04:43,548 INFO [org.junit.Test] zero00937
2016-08-04 20:04:43,548 INFO [org.junit.Test] zero00938
2016-08-04 20:04:43,548 INFO [org.junit.Test] zero00939
2016-08-04 20:04:43,548 INFO [org.junit.Test] zero00940
2016-08-04 20:04:43,548 INFO [org.junit.Test] zero00941
2016-08-04 20:04:43,548 INFO [org.junit.Test] zero00942
2016-08-04 20:04:43,548 INFO [org.junit.Test] zero00943
2016-08-04 20:04:43,548 INFO [org.junit.Test] zero00944
2016-08-04 20:04:43,548 INFO [org.junit.Test] zero00945
2016-08-04 20:04:43,548 INFO [org.junit.Test] zero00946
2016-08-04 20:04:43,548 INFO [org.junit.Test] zero00947
2016-08-04 20:04:43,548 INFO [org.junit.Test] zero00948
2016-08-04 20:04:43,548 INFO [org.junit.Test] zero00949
2016-08-04 20:04:43,548 INFO [org.junit.Test] zero00950
2016-08-04 20:04:43,548 INFO [org.junit.Test] zero00951
2016-08-04 20:04:43,548 INFO [org.junit.Test] zero00952
2016-08-04 20:04:43,548 INFO [org.junit.Test] zero00953
2016-08-04 20:04:43,548 INFO [org.junit.Test] zero00954
2016-08-04 20:04:43,548 INFO [org.junit.Test] zero00955
2016-08-04 20:04:43,548 INFO [org.junit.Test] zero00956
2016-08-04 20:04:43,548 INFO [org.junit.Test] zero00957
2016-08-04 20:04:43,548 INFO [org.junit.Test] zero00958
2016-08-04 20:04:43,548 INFO [org.junit.Test] zero00959
2016-08-04 20:04:43,548 INFO [org.junit.Test] zero00960
2016-08-04 20:04:43,548 INFO [org.junit.Test] zero00961
2016-08-04 20:04:43,548 INFO [org.junit.Test] zero00962
2016-08-04 20:04:43,548 INFO [org.junit.Test] zero00963
2016-08-04 20:04:43,548 INFO [org.junit.Test] zero00964
2016-08-04 20:04:43,548 INFO [org.junit.Test] zero00965
2016-08-04 20:04:43,548 INFO [org.junit.Test] zero00966
2016-08-04 20:04:43,548 INFO [org.junit.Test] zero00967
2016-08-04 20:04:43,548 INFO [org.junit.Test] zero00968
2016-08-04 20:04:43,548 INFO [org.junit.Test] zero00969
2016-08-04 20:04:43,548 INFO [org.junit.Test] zero00970
2016-08-04 20:04:43,548 INFO [org.junit.Test] zero00971
2016-08-04 20:04:43,548 INFO [org.junit.Test] zero00972
2016-08-04 20:04:43,548 INFO [org.junit.Test] zero00973
2016-08-04 20:04:43,548 INFO [org.junit.Test] zero00974
2016-08-04 20:04:43,548 INFO [org.junit.Test] zero00975
2016-08-04 20:04:43,548 INFO [org.junit.Test] zero00976
2016-08-04 20:04:43,548 INFO [org.junit.Test] zero00977
2016-08-04 20:04:43,548 INFO [org.junit.Test] zero00978
2016-08-04 20:04:43,548 INFO [org.junit.Test] zero00979
2016-08-04 20:04:43,548 INFO [org.junit.Test] zero00980
2016-08-04 20:04:43,548 INFO [org.junit.Test] zero00981
2016-08-04 20:04:43,548 INFO [org.junit.Test] zero00982
2016-08-04 20:04:43,548 INFO [org.junit.Test] zero00983
2016-08-04 20:04:43,548 INFO [org.junit.Test] zero00984
2016-08-04 20:04:43,548 INFO [org.junit.Test] zero00985
2016-08-04 20:04:43,548 INFO [org.junit.Test] zero00986
2016-08-04 20:04:43,548 INFO [org.junit.Test] zero00987
2016-08-04 20:04:43,548 INFO [org.junit.Test] zero00988
2016-08-04 20:04:43,548 INFO [org.junit.Test] zero00989
2016-08-04 20:04:43,548 INFO [org.junit.Test] zero00990
2016-08-04 20:04:43,548 INFO [org.junit.Test] zero00991
2016-08-04 20:04:43,548 INFO [org.junit.Test] zero00992
2016-08-04 20:04:43,548 INFO [org.junit.Test] zero00993
2016-08-04 20:04:43,548 INFO [org.junit.Test] zero00994
2016-08-04 20:04:43,548 INFO [org.junit.Test] zero00995
2016-08-04 20:04:43,548 INFO [org.junit.Test] zero00996
2016-08-04 20:04:43,548 INFO [org.junit.Test] zero00997
2016-08-04 20:04:43,548 INFO [org.junit.Test] zero00998
2016-08-04 20:04:43,548 INFO [org.junit.Test] zero00999
2016-08-04 20:04:46,548 INFO [org.junit.Test] zero000
2016-08-04 20:04:46,548 INFO [org.junit.Test] zero001
2016-08-04 20:04:46,548 INFO [org.junit.Test] zero002
2016-08-04 20:04:46,548 INFO [org.junit.Test] zero003
2016-08-04 20:04:46,548 INFO [org.junit.Test] zero004
2016-08-04 20:04:46,548 INFO [org.junit.Test] zero005
2016-08-04 20:04:46,548 INFO [org.junit.Test] zero006
2016-08-04 20:04:46,548 INFO [org.junit.Test] zero007
2016-08-04 20:04:46,548 INFO [org.junit.Test] zero008
2016-08-04 20:04:46,548 INFO [org.junit.Test] zero009
2016-08-04 20:04:46,548 INFO [org.junit.Test] zero0010
2016-08-04 20:04:46,548 INFO [org.junit.Test] zero0011
2016-08-04 20:04:46,548 INFO [org.junit.Test] zero0012
2016-08-04 20:04:46,548 INFO [org.junit.Test] zero0013
2016-08-04 20:04:46,548 INFO [org.junit.Test] zero0014
2016-08-04 20:04:46,548 INFO [org.junit.Test] zero0015
2016-08-04 20:04:46,548 INFO [org.junit.Test] zero0016
2016-08-04 20:04:46,548 INFO [org.junit.Test] zero0017
2016-08-04 20:04:46,548 INFO [org.junit.Test] zero0018
2016-08-04 20:04:46,548 INFO [org.junit.Test] zero0019
2016-08-04 20:04:46,548 INFO [org.junit.Test] zero0020
2016-08-04 20:04:46,548 INFO [org.junit.Test] zero0021
2016-08-04 20:04:46,548 INFO [org.junit.Test] zero0022
2016-08-04 20:04:46,548 INFO [org.junit.Test] zero0023
2016-08-04 20:04:46,548 INFO [org.junit.Test] zero0024
2016-08-04 20:04:46,548 INFO [org.junit.Test] zero0025
2016-08-04 20:04:46,548 INFO [org.junit.Test] zero0026
2016-08-04 20:04:46,548 INFO [org.junit.Test] zero0027
2016-08-04 20:04:46,548 INFO [org.junit.Test] zero0028
2016-08-04 20:04:46,548 INFO [org.junit.Test] zero0029
2016-08-04 20:04:46,548 INFO [org.junit.Test] zero0030
2016-08-04 20:04:46,548 INFO [org.junit.Test] zero0031
2016-08-04 20:04:46,548 INFO [org.junit.Test] zero0032
2016-08-04 20:04:46,548 INFO [org.junit.Test] zero0033
2016-08-04 20:04:46,548 INFO [org.junit.Test] zero0034
2016-08-04 20:04:46,548 INFO [org.junit.Test] zero0035
2016-08-04 20:04:46,548 INFO [org.junit.Test] zero0036
2016-08-04 20:04:46,548 INFO [org.junit.Test] zero0037
2016-08-04 20:04:46,548 INFO [org.junit.Test] zero0038
2016-08-04 20:04:46,548 INFO [org.junit.Test] zero0039
2016-08-04 20:04:46,548 INFO [org.junit.Test] zero0040
2016-08-04 20:04:46,548 INFO [org.junit.Test] zero0041
2016-08-04 20:04:46,548 INFO [org.junit.Test] zero0042
2016-08-04 20:04:46,548 INFO [org.junit.Test] zero0043
2016-08-04 20:04:46,548 INFO [org.junit.Test] zero0044
2016-08-04 20:04:46,548 INFO [org.junit.Test] zero0045
2016-08-04 20:04:46,548 INFO [org.junit.Test] zero0046
2016-08-04 20:04:46,548 INFO [org.junit.Test] zero0047
2016-08-04 20:04:46,548 INFO [org.junit.Test] zero0048
2016-08-04 20:04:46,548 INFO [org.junit.Test] zero0049
2016-08-04 20:04:46,548 INFO [org.junit.Test] zero0050
2016-08-04 20:04:46,548 INFO [org.junit.Test] zero0051
2016-08-04 20:04:46,548 INFO [org.junit.Test] zero0052
2016-08-04 20:04:46,548 INFO [org.junit.Test] zero0053
2016-08-04 20:04:46,548 INFO [org.junit.Test] zero0054
2016-08-04 20:04:46,548 INFO [org.junit.Test] zero0055
2016-08-04 20:04:46,548 INFO [org.junit.Test] zero0056
2016-08-04 20:04:46,548 INFO [org.junit.Test] zero0057
2016-08-04 20:04:46,548 INFO [org.junit.Test] zero0058
2016-08-04 20:04:46,548 INFO [org.junit.Test] zero0059
2016-08-04 20:04:46,548 INFO [org.junit.Test] zero0060
2016-08-04 20:04:46,548 INFO [org.junit.Test] zero0061
2016-08-04 20:04:46,548 INFO [org.junit.Test] zero0062
2016-08-04 20:04:46,548 INFO [org.junit.Test] zero0063
2016-08-04 20:04:46,548 INFO [org.junit.Test] zero0064
2016-08-04 20:04:46,548 INFO [org.junit.Test] zero0065
2016-08-04 20:04:46,548 INFO [org.junit.Test] zero0066
2016-08-04 20:04:46,548 INFO [org.junit.Test] zero0067
2016-08-04 20:04:46,548 INFO [org.junit.Test] zero0068
2016-08-04 20:04:46,548 INFO [org.junit.Test] zero0069
2016-08-04 20:04:46,548 INFO [org.junit.Test] zero0070
2016-08-04 20:04:46,548 INFO [org.junit.Test] zero0071
2016-08-04 20:04:46,548 INFO [org.junit.Test] zero0072
2016-08-04 20:04:46,548 INFO [org.junit.Test] zero0073
2016-08-04 20:04:46,548 INFO [org.junit.Test] zero0074
2016-08-04 20:04:46,548 INFO [org.junit.Test] zero0075
2016-08-04 20:04:46,548 INFO [org.junit.Test] zero0076
2016-08-04 20:04:46,548 INFO [org.junit.Test] zero0077
2016-08-04 20:04:46,548 INFO [org.junit.Test] zero0078
2016-08-04 20:04:46,548 INFO [org.junit.Test] zero0079
2016-08-04 20:04:46,548 INFO [org.junit.Test] zero0080
2016-08-04 20:04:46,548 INFO [org.junit.Test] zero0081
2016-08-04 20:04:46,548 INFO [org.junit.Test] zero0082
2016-08-04 20:04:46,548 INFO [org.junit.Test] zero0083
2016-08-04 20:04:46,548 INFO [org.junit.Test] zero0084
2016-08-04 20:04:46,548 INFO [org.junit.Test] zero0085
2016-08-04 20:04:46,548 INFO [org.junit.Test] zero0086
2016-08-04 20:04:46,548 INFO [org.junit.Test] zero0087
2016-08-04 20:04:46,548 INFO [org.junit.Test] zero0088
2016-08-04 20:04:46,548 INFO [org.junit.Test] zero0089
2016-08-04 20:04:46,548 INFO [org.junit.Test] zero0090
2016-08-04 20:04:46,548 INFO [org.junit.Test] zero0091
2016-08-04 20:04:46,548 INFO [org.junit.Test] zero0092
2016-08-04 20:04:46,548 INFO [org.junit.Test] zero0093
2016-08-04 20:04:46,548 INFO [org.junit.Test] zero0094
2016-08-04 20:04:46,548 INFO [org.junit.Test] zero0095
2016-08-04 20:04:46,548 INFO [org.junit.Test] zero0096
2016-08-04 20:04:46,548 INFO [org.junit.Test] zero0097
2016-08-04 20:04:46,548 INFO [org.junit.Test] zero0098
2016-08-04 20:04:46,548 INFO [org.junit.Test] zero0099
2016-08-04 20:04:46,548 INFO [org.junit.Test] zero00100
2016-08-04 20:04:46,548 INFO [org.junit.Test] zero00101
2016-08-04 20:04:46,548 INFO [org.junit.Test] zero00102
2016-08-04 20:04:46,548 INFO [org.junit.Test] zero00103
2016-08-04 20:04:46,548 INFO [org.junit.Test] zero00104
2016-08-04 20:04:46,548 INFO [org.junit.Test] zero00105
2016-08-04 20:04:46,548 INFO [org.junit.Test] zero00106
2016-08-04 20:04:46,548 INFO [org.junit.Test] zero00107
2016-08-04 20:04:46,548 INFO [org.junit.Test] zero00108
2016-08-04 20:04:46,548 INFO [org.junit.Test] zero00109
2016-08-04 20:04:46,548 INFO [org.junit.Test] zero00110
2016-08-04 20:04:46,548 INFO [org.junit.Test] zero00111
2016-08-04 20:04:46,548 INFO [org.junit.Test] zero00112
2016-08-04 20:04:46,548 INFO [org.junit.Test] zero00113
2016-08-04 20:04:46,548 INFO [org.junit.Test] zero00114
2016-08-04 20:04:46,548 INFO [org.junit.Test] zero00115
2016-08-04 20:04:46,548 INFO [org.junit.Test] zero00116
2016-08-04 20:04:46,548 INFO [org.junit.Test] zero00117
2016-08-04 20:04:46,548 INFO [org.junit.Test] zero00118
2016-08-04 20:04:46,548 INFO [org.junit.Test] zero00119
2016-08-04 20:04:46,548 INFO [org.junit.Test] zero00120
2016-08-04 20:04:46,548 INFO [org.junit.Test] zero00121
2016-08-04 20:04:46,548 INFO [org.junit.Test] zero00122
2016-08-04 20:04:46,548 INFO [org.junit.Test] zero00123
2016-08-04 20:04:46,548 INFO [org.junit.Test] zero00124
2016-08-04 20:04:46,548 INFO [org.junit.Test] zero00125
2016-08-04 20:04:46,548 INFO [org.junit.Test] zero00126
2016-08-04 20:04:46,548 INFO [org.junit.Test] zero00127
2016-08-04 20:04:46,548 INFO [org.junit.Test] zero00128
2016-08-04 20:04:46,548 INFO [org.junit.Test] zero00129
2016-08-04 20:04:46,548 INFO [org.junit.Test] zero00130
2016-08-04 20:04:46,548 INFO [org.junit.Test] zero00131
2016-08-04 20:04:46,548 INFO [org.junit.Test] zero00132
2016-08-04 20:04:46,548 INFO [org.junit.Test] zero00133
2016-08-04 20:04:46,548 INFO [org.junit.Test] zero00134
2016-08-04 20:04:46,548 INFO [org.junit.Test] zero00135
2016-08-04 20:04:46,548 INFO [org.junit.Test] zero00136
2016-08-04 20:04:46,548 INFO [org.junit.Test] zero00137
2016-08-04 20:04:46,548 INFO [org.junit.Test] zero00138
2016-08-04 20:04:46,548 INFO [org.junit.Test] zero00139
2016-08-04 20:04:46,548 INFO [org.junit.Test] zero00140
2016-08-04 20:04:46,548 INFO [org.junit.Test] zero00141
2016-08-04 20:04:46,548 INFO [org.junit.Test] zero00142
2016-08-04 20:04:46,548 INFO [org.junit.Test] zero00143
2016-08-04 20:04:46,548 INFO [org.junit.Test] zero00144
2016-08-04 20:04:46,548 INFO [org.junit.Test] zero00145
2016-08-04 20:04:46,548 INFO [org.junit.Test] zero00146
2016-08-04 20:04:46,548 INFO [org.junit.Test] zero00147
2016-08-04 20:04:46,548 INFO [org.junit.Test] zero00148
2016-08-04 20:04:46,548 INFO [org.junit.Test] zero00149
2016-08-04 20:04:46,548 INFO [org.junit.Test] zero00150
2016-08-04 20:04:46,548 INFO [org.junit.Test] zero00151
2016-08-04 20:04:46,548 INFO [org.junit.Test] zero00152
2016-08-04 20:04:46,548 INFO [org.junit.Test] zero00153
2016-08-04 20:04:46,548 INFO [org.junit.Test] zero00154
2016-08-04 20:04:46,548 INFO [org.junit.Test] zero00155
2016-08-04 20:04:46,548 INFO [org.junit.Test] zero00156
2016-08-04 20:04:46,548 INFO [org.junit.Test] zero00157
2016-08-04 20:04:46,548 INFO [org.junit.Test] zero00158
2016-08-04 20:04:46,548 INFO [org.junit.Test] zero00159
2016-08-04 20:04:46,548 INFO [org.junit.Test] zero00160
2016-08-04 20:04:46,548 INFO [org.junit.Test] zero00161
2016-08-04 20:04:46,548 INFO [org.junit.Test] zero00162
2016-08-04 20:04:46,548 INFO [org.junit.Test] zero00163
2016-08-04 20:04:46,548 INFO [org.junit.Test] zero00164
2016-08-04 20:04:46,548 INFO [org.junit.Test] zero00165
2016-08-04 20:04:46,548 INFO [org.junit.Test] zero00166
2016-08-04 20:04:46,548 INFO [org.junit.Test] zero00167
2016-08-04 20:04:46,548 INFO [org.junit.Test] zero00168
2016-08-04 20:04:46,548 INFO [org.junit.Test] zero00169
2016-08-04 20:04:46,548 INFO [org.junit.Test] zero00170
2016-08-04 20:04:46,548 INFO [org.junit.Test] zero00171
2016-08-04 20:04:46,548 INFO [org.junit.Test] zero00172
2016-08-04 20:04:46,548 INFO [org.junit.Test] zero00173
2016-08-04 20:04:46,548 INFO [org.junit.Test] zero00174
2016-08-04 20:04:46,548 INFO [org.junit.Test] zero00175
2016-08-04 20:04:46,548 INFO [org.junit.Test] zero00176
2016-08-04 20:04:46,548 INFO [org.junit.Test] zero00177
2016-08-04 20:04:46,548 INFO [org.junit.Test] zero00178
2016-08-04 20:04:46,548 INFO [org.junit.Test] zero00179
2016-08-04 20:04:46,548 INFO [org.junit.Test] zero00180
2016-08-04 20:04:46,548 INFO [org.junit.Test] zero00181
2016-08-04 20:04:46,548 INFO [org.junit.Test] zero00182
2016-08-04 20:04:46,548 INFO [org.junit.Test] zero00183
2016-08-04 20:04:46,548 INFO [org.junit.Test] zero00184
2016-08-04 20:04:46,548 INFO [org.junit.Test] zero00185
2016-08-04 20:04:46,548 INFO [org.junit.Test] zero00186
2016-08-04 20:04:46,548 INFO [org.junit.Test] zero00187
2016-08-04 20:04:46,548 INFO [org.junit.Test] zero00188
2016-08-04 20:04:46,548 INFO [org.junit.Test] zero00189
2016-08-04 20:04:46,548 INFO [org.junit.Test] zero00190
2016-08-04 20:04:46,548 INFO [org.junit.Test] zero00191
2016-08-04 20:04:46,548 INFO [org.junit.Test] zero00192
2016-08-04 20:04:46,548 INFO [org.junit.Test] zero00193
2016-08-04 20:04:46,548 INFO [org.junit.Test] zero00194
2016-08-04 20:04:46,548 INFO [org.junit.Test] zero00195
2016-08-04 20:04:46,548 INFO [org.junit.Test] zero00196
2016-08-04 20:04:46,548 INFO [org.junit.Test] zero00197
2016-08-04 20:04:46,548 INFO [org.junit.Test] zero00198
2016-08-04 20:04:46,548 INFO [org.junit.Test] zero00199
2016-08-04 20:04:46,548 INFO [org.junit.Test] zero00200
2016-08-04 20:04:46,548 INFO [org.junit.Test] zero00201
2016-08-04 20:04:46,548 INFO [org.junit.Test] zero00202
2016-08-04 20:04:46,548 INFO [org.junit.Test] zero00203
2016-08-04 20:04:46,548 INFO [org.junit.Test] zero00204
2016-08-04 20:04:46,548 INFO [org.junit.Test] zero00205
2016-08-04 20:04:46,548 INFO [org.junit.Test] zero00206
2016-08-04 20:04:46,548 INFO [org.junit.Test] zero00207
2016-08-04 20:04:46,548 INFO [org.junit.Test] zero00208
2016-08-04 20:04:46,548 INFO [org.junit.Test] zero00209
2016-08-04 20:04:46,548 INFO [org.junit.Test] zero00210
2016-08-04 20:04:46,548 INFO [org.junit.Test] zero00211
2016-08-04 20:04:46,548 INFO [org.junit.Test] zero00212
2016-08-04 20:04:46,548 INFO [org.junit.Test] zero00213
2016-08-04 20:04:46,548 INFO [org.junit.Test] zero00214
2016-08-04 20:04:46,548 INFO [org.junit.Test] zero00215
2016-08-04 20:04:46,548 INFO [org.junit.Test] zero00216
2016-08-04 20:04:46,548 INFO [org.junit.Test] zero00217
2016-08-04 20:04:46,548 INFO [org.junit.Test] zero00218
2016-08-04 20:04:46,548 INFO [org.junit.Test] zero00219
2016-08-04 20:04:46,548 INFO [org.junit.Test] zero00220
2016-08-04 20:04:46,548 INFO [org.junit.Test] zero00221
2016-08-04 20:04:46,548 INFO [org.junit.Test] zero00222
2016-08-04 20:04:46,548 INFO [org.junit.Test] zero00223
2016-08-04 20:04:46,548 INFO [org.junit.Test] zero00224
2016-08-04 20:04:46,548 INFO [org.junit.Test] zero00225
2016-08-04 20:04:46,548 INFO [org.junit.Test] zero00226
2016-08-04 20:04:46,548 INFO [org.junit.Test] zero00227
2016-08-04 20:04:46,548 INFO [org.junit.Test] zero00228
2016-08-04 20:04:46,548 INFO [org.junit.Test] zero00229
2016-08-04 20:04:46,548 INFO [org.junit.Test] zero00230
2016-08-04 20:04:46,549 INFO [org.junit.Test] zero00231
2016-08-04 20:04:46,549 INFO [org.junit.Test] zero00232
2016-08-04 20:04:46,549 INFO [org.junit.Test] zero00233
2016-08-04 20:04:46,549 INFO [org.junit.Test] zero00234
2016-08-04 20:04:46,549 INFO [org.junit.Test] zero00235
2016-08-04 20:04:46,549 INFO [org.junit.Test] zero00236
2016-08-04 20:04:46,549 INFO [org.junit.Test] zero00237
2016-08-04 20:04:46,549 INFO [org.junit.Test] zero00238
2016-08-04 20:04:46,549 INFO [org.junit.Test] zero00239
2016-08-04 20:04:46,549 INFO [org.junit.Test] zero00240
2016-08-04 20:04:46,549 INFO [org.junit.Test] zero00241
2016-08-04 20:04:46,549 INFO [org.junit.Test] zero00242
2016-08-04 20:04:46,549 INFO [org.junit.Test] zero00243
2016-08-04 20:04:46,549 INFO [org.junit.Test] zero00244
2016-08-04 20:04:46,549 INFO [org.junit.Test] zero00245
2016-08-04 20:04:46,549 INFO [org.junit.Test] zero00246
2016-08-04 20:04:46,549 INFO [org.junit.Test] zero00247
2016-08-04 20:04:46,549 INFO [org.junit.Test] zero00248
2016-08-04 20:04:46,549 INFO [org.junit.Test] zero00249
2016-08-04 20:04:46,549 INFO [org.junit.Test] zero00250
2016-08-04 20:04:46,549 INFO [org.junit.Test] zero00251
2016-08-04 20:04:46,549 INFO [org.junit.Test] zero00252
2016-08-04 20:04:46,549 INFO [org.junit.Test] zero00253
2016-08-04 20:04:46,549 INFO [org.junit.Test] zero00254
2016-08-04 20:04:46,549 INFO [org.junit.Test] zero00255
2016-08-04 20:04:46,549 INFO [org.junit.Test] zero00256
2016-08-04 20:04:46,549 INFO [org.junit.Test] zero00257
2016-08-04 20:04:46,549 INFO [org.junit.Test] zero00258
2016-08-04 20:04:46,549 INFO [org.junit.Test] zero00259
2016-08-04 20:04:46,549 INFO [org.junit.Test] zero00260
2016-08-04 20:04:46,549 INFO [org.junit.Test] zero00261
2016-08-04 20:04:46,549 INFO [org.junit.Test] zero00262
2016-08-04 20:04:46,549 INFO [org.junit.Test] zero00263
2016-08-04 20:04:46,549 INFO [org.junit.Test] zero00264
2016-08-04 20:04:46,549 INFO [org.junit.Test] zero00265
2016-08-04 20:04:46,549 INFO [org.junit.Test] zero00266
2016-08-04 20:04:46,549 INFO [org.junit.Test] zero00267
2016-08-04 20:04:46,549 INFO [org.junit.Test] zero00268
2016-08-04 20:04:46,549 INFO [org.junit.Test] zero00269
2016-08-04 20:04:46,549 INFO [org.junit.Test] zero00270
2016-08-04 20:04:46,549 INFO [org.junit.Test] zero00271
2016-08-04 20:04:46,549 INFO [org.junit.Test] zero00272
2016-08-04 20:04:46,549 INFO [org.junit.Test] zero00273
2016-08-04 20:04:46,549 INFO [org.junit.Test] zero00274
2016-08-04 20:04:46,549 INFO [org.junit.Test] zero00275
2016-08-04 20:04:46,549 INFO [org.junit.Test] zero00276
2016-08-04 20:04:46,549 INFO [org.junit.Test] zero00277
2016-08-04 20:04:46,549 INFO [org.junit.Test] zero00278
2016-08-04 20:04:46,549 INFO [org.junit.Test] zero00279
2016-08-04 20:04:46,549 INFO [org.junit.Test] zero00280
2016-08-04 20:04:46,549 INFO [org.junit.Test] zero00281
2016-08-04 20:04:46,549 INFO [org.junit.Test] zero00282
2016-08-04 20:04:46,549 INFO [org.junit.Test] zero00283
2016-08-04 20:04:46,549 INFO [org.junit.Test] zero00284
2016-08-04 20:04:46,549 INFO [org.junit.Test] zero00285
2016-08-04 20:04:46,549 INFO [org.junit.Test] zero00286
2016-08-04 20:04:46,549 INFO [org.junit.Test] zero00287
2016-08-04 20:04:46,549 INFO [org.junit.Test] zero00288
2016-08-04 20:04:46,549 INFO [org.junit.Test] zero00289
2016-08-04 20:04:46,549 INFO [org.junit.Test] zero00290
2016-08-04 20:04:46,549 INFO [org.junit.Test] zero00291
2016-08-04 20:04:46,549 INFO [org.junit.Test] zero00292
2016-08-04 20:04:46,549 INFO [org.junit.Test] zero00293
2016-08-04 20:04:46,549 INFO [org.junit.Test] zero00294
2016-08-04 20:04:46,549 INFO [org.junit.Test] zero00295
2016-08-04 20:04:46,549 INFO [org.junit.Test] zero00296
2016-08-04 20:04:46,549 INFO [org.junit.Test] zero00297
2016-08-04 20:04:46,549 INFO [org.junit.Test] zero00298
2016-08-04 20:04:46,549 INFO [org.junit.Test] zero00299
2016-08-04 20:04:46,549 INFO [org.junit.Test] zero00300
2016-08-04 20:04:46,549 INFO [org.junit.Test] zero00301
2016-08-04 20:04:46,549 INFO [org.junit.Test] zero00302
2016-08-04 20:04:46,549 INFO [org.junit.Test] zero00303
2016-08-04 20:04:46,549 INFO [org.junit.Test] zero00304
2016-08-04 20:04:46,549 INFO [org.junit.Test] zero00305
2016-08-04 20:04:46,549 INFO [org.junit.Test] zero00306
2016-08-04 20:04:46,549 INFO [org.junit.Test] zero00307
2016-08-04 20:04:46,549 INFO [org.junit.Test] zero00308
2016-08-04 20:04:46,549 INFO [org.junit.Test] zero00309
2016-08-04 20:04:46,549 INFO [org.junit.Test] zero00310
2016-08-04 20:04:46,549 INFO [org.junit.Test] zero00311
2016-08-04 20:04:46,549 INFO [org.junit.Test] zero00312
2016-08-04 20:04:46,549 INFO [org.junit.Test] zero00313
2016-08-04 20:04:46,549 INFO [org.junit.Test] zero00314
2016-08-04 20:04:46,549 INFO [org.junit.Test] zero00315
2016-08-04 20:04:46,549 INFO [org.junit.Test] zero00316
2016-08-04 20:04:46,549 INFO [org.junit.Test] zero00317
2016-08-04 20:04:46,549 INFO [org.junit.Test] zero00318
2016-08-04 20:04:46,549 INFO [org.junit.Test] zero00319
2016-08-04 20:04:46,549 INFO [org.junit.Test] zero00320
2016-08-04 20:04:46,549 INFO [org.junit.Test] zero00321
2016-08-04 20:04:46,549 INFO [org.junit.Test] zero00322
2016-08-04 20:04:46,549 INFO [org.junit.Test] zero00323
2016-08-04 20:04:46,549 INFO [org.junit.Test] zero00324
2016-08-04 20:04:46,549 INFO [org.junit.Test] zero00325
2016-08-04 20:04:46,549 INFO [org.junit.Test] zero00326
2016-08-04 20:04:46,549 INFO [org.junit.Test] zero00327
2016-08-04 20:04:46,549 INFO [org.junit.Test] zero00328
2016-08-04 20:04:46,549 INFO [org.junit.Test] zero00329
2016-08-04 20:04:46,549 INFO [org.junit.Test] zero00330
2016-08-04 20:04:46,549 INFO [org.junit.Test] zero00331
2016-08-04 20:04:46,549 INFO [org.junit.Test] zero00332
2016-08-04 20:04:46,549 INFO [org.junit.Test] zero00333
2016-08-04 20:04:46,549 INFO [org.junit.Test] zero00334
2016-08-04 20:04:46,549 INFO [org.junit.Test] zero00335
2016-08-04 20:04:46,549 INFO [org.junit.Test] zero00336
2016-08-04 20:04:46,549 INFO [org.junit.Test] zero00337
2016-08-04 20:04:46,549 INFO [org.junit.Test] zero00338
2016-08-04 20:04:46,549 INFO [org.junit.Test] zero00339
2016-08-04 20:04:46,549 INFO [org.junit.Test] zero00340
2016-08-04 20:04:46,549 INFO [org.junit.Test] zero00341
2016-08-04 20:04:46,549 INFO [org.junit.Test] zero00342
2016-08-04 20:04:46,549 INFO [org.junit.Test] zero00343
2016-08-04 20:04:46,549 INFO [org.junit.Test] zero00344
2016-08-04 20:04:46,549 INFO [org.junit.Test] zero00345
2016-08-04 20:04:46,549 INFO [org.junit.Test] zero00346
2016-08-04 20:04:46,549 INFO [org.junit.Test] zero00347
2016-08-04 20:04:46,549 INFO [org.junit.Test] zero00348
2016-08-04 20:04:46,549 INFO [org.junit.Test] zero00349
2016-08-04 20:04:46,549 INFO [org.junit.Test] zero00350
2016-08-04 20:04:46,549 INFO [org.junit.Test] zero00351
2016-08-04 20:04:46,549 INFO [org.junit.Test] zero00352
2016-08-04 20:04:46,549 INFO [org.junit.Test] zero00353
2016-08-04 20:04:46,549 INFO [org.junit.Test] zero00354
2016-08-04 20:04:46,549 INFO [org.junit.Test] zero00355
2016-08-04 20:04:46,549 INFO [org.junit.Test] zero00356
2016-08-04 20:04:46,549 INFO [org.junit.Test] zero00357
2016-08-04 20:04:46,549 INFO [org.junit.Test] zero00358
2016-08-04 20:04:46,549 INFO [org.junit.Test] zero00359
2016-08-04 20:04:46,549 INFO [org.junit.Test] zero00360
2016-08-04 20:04:46,549 INFO [org.junit.Test] zero00361
2016-08-04 20:04:46,549 INFO [org.junit.Test] zero00362
2016-08-04 20:04:46,549 INFO [org.junit.Test] zero00363
2016-08-04 20:04:46,549 INFO [org.junit.Test] zero00364
2016-08-04 20:04:46,549 INFO [org.junit.Test] zero00365
2016-08-04 20:04:46,549 INFO [org.junit.Test] zero00366
2016-08-04 20:04:46,549 INFO [org.junit.Test] zero00367
2016-08-04 20:04:46,549 INFO [org.junit.Test] zero00368
2016-08-04 20:04:46,549 INFO [org.junit.Test] zero00369
2016-08-04 20:04:46,549 INFO [org.junit.Test] zero00370
2016-08-04 20:04:46,549 INFO [org.junit.Test] zero00371
2016-08-04 20:04:46,549 INFO [org.junit.Test] zero00372
2016-08-04 20:04:46,549 INFO [org.junit.Test] zero00373
2016-08-04 20:04:46,549 INFO [org.junit.Test] zero00374
2016-08-04 20:04:46,549 INFO [org.junit.Test] zero00375
2016-08-04 20:04:46,549 INFO [org.junit.Test] zero00376
2016-08-04 20:04:46,549 INFO [org.junit.Test] zero00377
2016-08-04 20:04:46,549 INFO [org.junit.Test] zero00378
2016-08-04 20:04:46,549 INFO [org.junit.Test] zero00379
2016-08-04 20:04:46,549 INFO [org.junit.Test] zero00380
2016-08-04 20:04:46,549 INFO [org.junit.Test] zero00381
2016-08-04 20:04:46,549 INFO [org.junit.Test] zero00382
2016-08-04 20:04:46,549 INFO [org.junit.Test] zero00383
2016-08-04 20:04:46,549 INFO [org.junit.Test] zero00384
2016-08-04 20:04:46,549 INFO [org.junit.Test] zero00385
2016-08-04 20:04:46,549 INFO [org.junit.Test] zero00386
2016-08-04 20:04:46,549 INFO [org.junit.Test] zero00387
2016-08-04 20:04:46,549 INFO [org.junit.Test] zero00388
2016-08-04 20:04:46,549 INFO [org.junit.Test] zero00389
2016-08-04 20:04:46,549 INFO [org.junit.Test] zero00390
2016-08-04 20:04:46,549 INFO [org.junit.Test] zero00391
2016-08-04 20:04:46,549 INFO [org.junit.Test] zero00392
2016-08-04 20:04:46,549 INFO [org.junit.Test] zero00393
2016-08-04 20:04:46,549 INFO [org.junit.Test] zero00394
2016-08-04 20:04:46,549 INFO [org.junit.Test] zero00395
2016-08-04 20:04:46,549 INFO [org.junit.Test] zero00396
2016-08-04 20:04:46,549 INFO [org.junit.Test] zero00397
2016-08-04 20:04:46,549 INFO [org.junit.Test] zero00398
2016-08-04 20:04:46,549 INFO [org.junit.Test] zero00399
2016-08-04 20:04:46,549 INFO [org.junit.Test] zero00400
2016-08-04 20:04:46,549 INFO [org.junit.Test] zero00401
2016-08-04 20:04:46,549 INFO [org.junit.Test] zero00402
2016-08-04 20:04:46,549 INFO [org.junit.Test] zero00403
2016-08-04 20:04:46,549 INFO [org.junit.Test] zero00404
2016-08-04 20:04:46,549 INFO [org.junit.Test] zero00405
2016-08-04 20:04:46,549 INFO [org.junit.Test] zero00406
2016-08-04 20:04:46,549 INFO [org.junit.Test] zero00407
2016-08-04 20:04:46,549 INFO [org.junit.Test] zero00408
2016-08-04 20:04:46,549 INFO [org.junit.Test] zero00409
2016-08-04 20:04:46,549 INFO [org.junit.Test] zero00410
2016-08-04 20:04:46,549 INFO [org.junit.Test] zero00411
2016-08-04 20:04:46,549 INFO [org.junit.Test] zero00412
2016-08-04 20:04:46,549 INFO [org.junit.Test] zero00413
2016-08-04 20:04:46,549 INFO [org.junit.Test] zero00414
2016-08-04 20:04:46,549 INFO [org.junit.Test] zero00415
2016-08-04 20:04:46,549 INFO [org.junit.Test] zero00416
2016-08-04 20:04:46,549 INFO [org.junit.Test] zero00417
2016-08-04 20:04:46,549 INFO [org.junit.Test] zero00418
2016-08-04 20:04:46,549 INFO [org.junit.Test] zero00419
2016-08-04 20:04:46,549 INFO [org.junit.Test] zero00420
2016-08-04 20:04:46,549 INFO [org.junit.Test] zero00421
2016-08-04 20:04:46,549 INFO [org.junit.Test] zero00422
2016-08-04 20:04:46,549 INFO [org.junit.Test] zero00423
2016-08-04 20:04:46,549 INFO [org.junit.Test] zero00424
2016-08-04 20:04:46,549 INFO [org.junit.Test] zero00425
2016-08-04 20:04:46,549 INFO [org.junit.Test] zero00426
2016-08-04 20:04:46,549 INFO [org.junit.Test] zero00427
2016-08-04 20:04:46,549 INFO [org.junit.Test] zero00428
2016-08-04 20:04:46,549 INFO [org.junit.Test] zero00429
2016-08-04 20:04:46,549 INFO [org.junit.Test] zero00430
2016-08-04 20:04:46,549 INFO [org.junit.Test] zero00431
2016-08-04 20:04:46,549 INFO [org.junit.Test] zero00432
2016-08-04 20:04:46,549 INFO [org.junit.Test] zero00433
2016-08-04 20:04:46,549 INFO [org.junit.Test] zero00434
2016-08-04 20:04:46,549 INFO [org.junit.Test] zero00435
2016-08-04 20:04:46,549 INFO [org.junit.Test] zero00436
2016-08-04 20:04:46,549 INFO [org.junit.Test] zero00437
2016-08-04 20:04:46,549 INFO [org.junit.Test] zero00438
2016-08-04 20:04:46,549 INFO [org.junit.Test] zero00439
2016-08-04 20:04:46,549 INFO [org.junit.Test] zero00440
2016-08-04 20:04:46,549 INFO [org.junit.Test] zero00441
2016-08-04 20:04:46,549 INFO [org.junit.Test] zero00442
2016-08-04 20:04:46,549 INFO [org.junit.Test] zero00443
2016-08-04 20:04:46,549 INFO [org.junit.Test] zero00444
2016-08-04 20:04:46,549 INFO [org.junit.Test] zero00445
2016-08-04 20:04:46,549 INFO [org.junit.Test] zero00446
2016-08-04 20:04:46,549 INFO [org.junit.Test] zero00447
2016-08-04 20:04:46,549 INFO [org.junit.Test] zero00448
2016-08-04 20:04:46,549 INFO [org.junit.Test] zero00449
2016-08-04 20:04:46,549 INFO [org.junit.Test] zero00450
2016-08-04 20:04:46,549 INFO [org.junit.Test] zero00451
2016-08-04 20:04:46,549 INFO [org.junit.Test] zero00452
2016-08-04 20:04:46,549 INFO [org.junit.Test] zero00453
2016-08-04 20:04:46,549 INFO [org.junit.Test] zero00454
2016-08-04 20:04:46,549 INFO [org.junit.Test] zero00455
2016-08-04 20:04:46,549 INFO [org.junit.Test] zero00456
2016-08-04 20:04:46,549 INFO [org.junit.Test] zero00457
2016-08-04 20:04:46,549 INFO [org.junit.Test] zero00458
2016-08-04 20:04:46,549 INFO [org.junit.Test] zero00459
2016-08-04 20:04:46,549 INFO [org.junit.Test] zero00460
2016-08-04 20:04:46,549 INFO [org.junit.Test] zero00461
2016-08-04 20:04:46,549 INFO [org.junit.Test] zero00462
2016-08-04 20:04:46,549 INFO [org.junit.Test] zero00463
2016-08-04 20:04:46,549 INFO [org.junit.Test] zero00464
2016-08-04 20:04:46,549 INFO [org.junit.Test] zero00465
2016-08-04 20:04:46,549 INFO [org.junit.Test] zero00466
2016-08-04 20:04:46,549 INFO [org.junit.Test] zero00467
2016-08-04 20:04:46,549 INFO [org.junit.Test] zero00468
2016-08-04 20:04:46,549 INFO [org.junit.Test] zero00469
2016-08-04 20:04:46,549 INFO [org.junit.Test] zero00470
2016-08-04 20:04:46,549 INFO [org.junit.Test] zero00471
2016-08-04 20:04:46,549 INFO [org.junit.Test] zero00472
2016-08-04 20:04:46,549 INFO [org.junit.Test] zero00473
2016-08-04 20:04:46,549 INFO [org.junit.Test] zero00474
2016-08-04 20:04:46,549 INFO [org.junit.Test] zero00475
2016-08-04 20:04:46,549 INFO [org.junit.Test] zero00476
2016-08-04 20:04:46,549 INFO [org.junit.Test] zero00477
2016-08-04 20:04:46,549 INFO [org.junit.Test] zero00478
2016-08-04 20:04:46,549 INFO [org.junit.Test] zero00479
2016-08-04 20:04:46,549 INFO [org.junit.Test] zero00480
2016-08-04 20:04:46,549 INFO [org.junit.Test] zero00481
2016-08-04 20:04:46,549 INFO [org.junit.Test] zero00482
2016-08-04 20:04:46,549 INFO [org.junit.Test] zero00483
2016-08-04 20:04:46,549 INFO [org.junit.Test] zero00484
2016-08-04 20:04:46,549 INFO [org.junit.Test] zero00485
2016-08-04 20:04:46,549 INFO [org.junit.Test] zero00486
2016-08-04 20:04:46,549 INFO [org.junit.Test] zero00487
2016-08-04 20:04:46,549 INFO [org.junit.Test] zero00488
2016-08-04 20:04:46,549 INFO [org.junit.Test] zero00489
2016-08-04 20:04:46,549 INFO [org.junit.Test] zero00490
2016-08-04 20:04:46,549 INFO [org.junit.Test] zero00491
2016-08-04 20:04:46,549 INFO [org.junit.Test] zero00492
2016-08-04 20:04:46,549 INFO [org.junit.Test] zero00493
2016-08-04 20:04:46,549 INFO [org.junit.Test] zero00494
2016-08-04 20:04:46,549 INFO [org.junit.Test] zero00495
2016-08-04 20:04:46,549 INFO [org.junit.Test] zero00496
2016-08-04 20:04:46,549 INFO [org.junit.Test] zero00497
2016-08-04 20:04:46,549 INFO [org.junit.Test] zero00498
2016-08-04 20:04:46,549 INFO [org.junit.Test] zero00499
2016-08-04 20:04:46,549 INFO [org.junit.Test] zero00500
2016-08-04 20:04:46,549 INFO [org.junit.Test] zero00501
2016-08-04 20:04:46,549 INFO [org.junit.Test] zero00502
2016-08-04 20:04:46,549 INFO [org.junit.Test] zero00503
2016-08-04 20:04:46,549 INFO [org.junit.Test] zero00504
2016-08-04 20:04:46,549 INFO [org.junit.Test] zero00505
2016-08-04 20:04:46,549 INFO [org.junit.Test] zero00506
2016-08-04 20:04:46,549 INFO [org.junit.Test] zero00507
2016-08-04 20:04:46,549 INFO [org.junit.Test] zero00508
2016-08-04 20:04:46,549 INFO [org.junit.Test] zero00509
2016-08-04 20:04:46,549 INFO [org.junit.Test] zero00510
2016-08-04 20:04:46,549 INFO [org.junit.Test] zero00511
2016-08-04 20:04:46,549 INFO [org.junit.Test] zero00512
2016-08-04 20:04:46,549 INFO [org.junit.Test] zero00513
2016-08-04 20:04:46,549 INFO [org.junit.Test] zero00514
2016-08-04 20:04:46,549 INFO [org.junit.Test] zero00515
2016-08-04 20:04:46,549 INFO [org.junit.Test] zero00516
2016-08-04 20:04:46,549 INFO [org.junit.Test] zero00517
2016-08-04 20:04:46,549 INFO [org.junit.Test] zero00518
2016-08-04 20:04:46,549 INFO [org.junit.Test] zero00519
2016-08-04 20:04:46,549 INFO [org.junit.Test] zero00520
2016-08-04 20:04:46,549 INFO [org.junit.Test] zero00521
2016-08-04 20:04:46,549 INFO [org.junit.Test] zero00522
2016-08-04 20:04:46,549 INFO [org.junit.Test] zero00523
2016-08-04 20:04:46,549 INFO [org.junit.Test] zero00524
2016-08-04 20:04:46,549 INFO [org.junit.Test] zero00525
2016-08-04 20:04:46,549 INFO [org.junit.Test] zero00526
2016-08-04 20:04:46,549 INFO [org.junit.Test] zero00527
2016-08-04 20:04:46,549 INFO [org.junit.Test] zero00528
2016-08-04 20:04:46,549 INFO [org.junit.Test] zero00529
2016-08-04 20:04:46,549 INFO [org.junit.Test] zero00530
2016-08-04 20:04:46,549 INFO [org.junit.Test] zero00531
2016-08-04 20:04:46,549 INFO [org.junit.Test] zero00532
2016-08-04 20:04:46,549 INFO [org.junit.Test] zero00533
2016-08-04 20:04:46,549 INFO [org.junit.Test] zero00534
2016-08-04 20:04:46,549 INFO [org.junit.Test] zero00535
2016-08-04 20:04:46,549 INFO [org.junit.Test] zero00536
2016-08-04 20:04:46,549 INFO [org.junit.Test] zero00537
2016-08-04 20:04:46,549 INFO [org.junit.Test] zero00538
2016-08-04 20:04:46,549 INFO [org.junit.Test] zero00539
2016-08-04 20:04:46,549 INFO [org.junit.Test] zero00540
2016-08-04 20:04:46,549 INFO [org.junit.Test] zero00541
2016-08-04 20:04:46,549 INFO [org.junit.Test] zero00542
2016-08-04 20:04:46,549 INFO [org.junit.Test] zero00543
2016-08-04 20:04:46,549 INFO [org.junit.Test] zero00544
2016-08-04 20:04:46,549 INFO [org.junit.Test] zero00545
2016-08-04 20:04:46,549 INFO [org.junit.Test] zero00546
2016-08-04 20:04:46,549 INFO [org.junit.Test] zero00547
2016-08-04 20:04:46,549 INFO [org.junit.Test] zero00548
2016-08-04 20:04:46,549 INFO [org.junit.Test] zero00549
2016-08-04 20:04:46,549 INFO [org.junit.Test] zero00550
2016-08-04 20:04:46,549 INFO [org.junit.Test] zero00551
2016-08-04 20:04:46,549 INFO [org.junit.Test] zero00552
2016-08-04 20:04:46,549 INFO [org.junit.Test] zero00553
2016-08-04 20:04:46,549 INFO [org.junit.Test] zero00554
2016-08-04 20:04:46,549 INFO [org.junit.Test] zero00555
2016-08-04 20:04:46,549 INFO [org.junit.Test] zero00556
2016-08-04 20:04:46,549 INFO [org.junit.Test] zero00557
2016-08-04 20:04:46,549 INFO [org.junit.Test] zero00558
2016-08-04 20:04:46,549 INFO [org.junit.Test] zero00559
2016-08-04 20:04:46,549 INFO [org.junit.Test] zero00560
2016-08-04 20:04:46,549 INFO [org.junit.Test] zero00561
2016-08-04 20:04:46,549 INFO [org.junit.Test] zero00562
2016-08-04 20:04:46,549 INFO [org.junit.Test] zero00563
2016-08-04 20:04:46,549 INFO [org.junit.Test] zero00564
2016-08-04 20:04:46,549 INFO [org.junit.Test] zero00565
2016-08-04 20:04:46,549 INFO [org.junit.Test] zero00566
2016-08-04 20:04:46,549 INFO [org.junit.Test] zero00567
2016-08-04 20:04:46,549 INFO [org.junit.Test] zero00568
2016-08-04 20:04:46,549 INFO [org.junit.Test] zero00569
2016-08-04 20:04:46,549 INFO [org.junit.Test] zero00570
2016-08-04 20:04:46,549 INFO [org.junit.Test] zero00571
2016-08-04 20:04:46,549 INFO [org.junit.Test] zero00572
2016-08-04 20:04:46,549 INFO [org.junit.Test] zero00573
2016-08-04 20:04:46,549 INFO [org.junit.Test] zero00574
2016-08-04 20:04:46,549 INFO [org.junit.Test] zero00575
2016-08-04 20:04:46,549 INFO [org.junit.Test] zero00576
2016-08-04 20:04:46,549 INFO [org.junit.Test] zero00577
2016-08-04 20:04:46,549 INFO [org.junit.Test] zero00578
2016-08-04 20:04:46,549 INFO [org.junit.Test] zero00579
2016-08-04 20:04:46,549 INFO [org.junit.Test] zero00580
2016-08-04 20:04:46,549 INFO [org.junit.Test] zero00581
2016-08-04 20:04:46,549 INFO [org.junit.Test] zero00582
2016-08-04 20:04:46,549 INFO [org.junit.Test] zero00583
2016-08-04 20:04:46,549 INFO [org.junit.Test] zero00584
2016-08-04 20:04:46,549 INFO [org.junit.Test] zero00585
2016-08-04 20:04:46,549 INFO [org.junit.Test] zero00586
2016-08-04 20:04:46,549 INFO [org.junit.Test] zero00587
2016-08-04 20:04:46,549 INFO [org.junit.Test] zero00588
2016-08-04 20:04:46,549 INFO [org.junit.Test] zero00589
2016-08-04 20:04:46,549 INFO [org.junit.Test] zero00590
2016-08-04 20:04:46,549 INFO [org.junit.Test] zero00591
2016-08-04 20:04:46,549 INFO [org.junit.Test] zero00592
2016-08-04 20:04:46,549 INFO [org.junit.Test] zero00593
2016-08-04 20:04:46,549 INFO [org.junit.Test] zero00594
2016-08-04 20:04:46,549 INFO [org.junit.Test] zero00595
2016-08-04 20:04:46,549 INFO [org.junit.Test] zero00596
2016-08-04 20:04:46,549 INFO [org.junit.Test] zero00597
2016-08-04 20:04:46,549 INFO [org.junit.Test] zero00598
2016-08-04 20:04:46,549 INFO [org.junit.Test] zero00599
2016-08-04 20:04:46,549 INFO [org.junit.Test] zero00600
2016-08-04 20:04:46,549 INFO [org.junit.Test] zero00601
2016-08-04 20:04:46,549 INFO [org.junit.Test] zero00602
2016-08-04 20:04:46,549 INFO [org.junit.Test] zero00603
2016-08-04 20:04:46,549 INFO [org.junit.Test] zero00604
2016-08-04 20:04:46,549 INFO [org.junit.Test] zero00605
2016-08-04 20:04:46,549 INFO [org.junit.Test] zero00606
2016-08-04 20:04:46,549 INFO [org.junit.Test] zero00607
2016-08-04 20:04:46,549 INFO [org.junit.Test] zero00608
2016-08-04 20:04:46,549 INFO [org.junit.Test] zero00609
2016-08-04 20:04:46,549 INFO [org.junit.Test] zero00610
2016-08-04 20:04:46,549 INFO [org.junit.Test] zero00611
2016-08-04 20:04:46,549 INFO [org.junit.Test] zero00612
2016-08-04 20:04:46,549 INFO [org.junit.Test] zero00613
2016-08-04 20:04:46,549 INFO [org.junit.Test] zero00614
2016-08-04 20:04:46,549 INFO [org.junit.Test] zero00615
2016-08-04 20:04:46,549 INFO [org.junit.Test] zero00616
2016-08-04 20:04:46,549 INFO [org.junit.Test] zero00617
2016-08-04 20:04:46,549 INFO [org.junit.Test] zero00618
2016-08-04 20:04:46,549 INFO [org.junit.Test] zero00619
2016-08-04 20:04:46,549 INFO [org.junit.Test] zero00620
2016-08-04 20:04:46,549 INFO [org.junit.Test] zero00621
2016-08-04 20:04:46,549 INFO [org.junit.Test] zero00622
2016-08-04 20:04:46,549 INFO [org.junit.Test] zero00623
2016-08-04 20:04:46,549 INFO [org.junit.Test] zero00624
2016-08-04 20:04:46,549 INFO [org.junit.Test] zero00625
2016-08-04 20:04:46,549 INFO [org.junit.Test] zero00626
2016-08-04 20:04:46,549 INFO [org.junit.Test] zero00627
2016-08-04 20:04:46,549 INFO [org.junit.Test] zero00628
2016-08-04 20:04:46,549 INFO [org.junit.Test] zero00629
2016-08-04 20:04:46,549 INFO [org.junit.Test] zero00630
2016-08-04 20:04:46,549 INFO [org.junit.Test] zero00631
2016-08-04 20:04:46,549 INFO [org.junit.Test] zero00632
2016-08-04 20:04:46,549 INFO [org.junit.Test] zero00633
2016-08-04 20:04:46,549 INFO [org.junit.Test] zero00634
2016-08-04 20:04:46,549 INFO [org.junit.Test] zero00635
2016-08-04 20:04:46,549 INFO [org.junit.Test] zero00636
2016-08-04 20:04:46,549 INFO [org.junit.Test] zero00637
2016-08-04 20:04:46,549 INFO [org.junit.Test] zero00638
2016-08-04 20:04:46,549 INFO [org.junit.Test] zero00639
2016-08-04 20:04:46,549 INFO [org.junit.Test] zero00640
2016-08-04 20:04:46,549 INFO [org.junit.Test] zero00641
2016-08-04 20:04:46,549 INFO [org.junit.Test] zero00642
2016-08-04 20:04:46,549 INFO [org.junit.Test] zero00643
2016-08-04 20:04:46,549 INFO [org.junit.Test] zero00644
2016-08-04 20:04:46,549 INFO [org.junit.Test] zero00645
2016-08-04 20:04:46,549 INFO [org.junit.Test] zero00646
2016-08-04 20:04:46,549 INFO [org.junit.Test] zero00647
2016-08-04 20:04:46,549 INFO [org.junit.Test] zero00648
2016-08-04 20:04:46,549 INFO [org.junit.Test] zero00649
2016-08-04 20:04:46,549 INFO [org.junit.Test] zero00650
2016-08-04 20:04:46,549 INFO [org.junit.Test] zero00651
2016-08-04 20:04:46,549 INFO [org.junit.Test] zero00652
2016-08-04 20:04:46,549 INFO [org.junit.Test] zero00653
2016-08-04 20:04:46,549 INFO [org.junit.Test] zero00654
2016-08-04 20:04:46,549 INFO [org.junit.Test] zero00655
2016-08-04 20:04:46,549 INFO [org.junit.Test] zero00656
2016-08-04 20:04:46,549 INFO [org.junit.Test] zero00657
2016-08-04 20:04:46,549 INFO [org.junit.Test] zero00658
2016-08-04 20:04:46,549 INFO [org.junit.Test] zero00659
2016-08-04 20:04:46,549 INFO [org.junit.Test] zero00660
2016-08-04 20:04:46,549 INFO [org.junit.Test] zero00661
2016-08-04 20:04:46,549 INFO [org.junit.Test] zero00662
2016-08-04 20:04:46,549 INFO [org.junit.Test] zero00663
2016-08-04 20:04:46,549 INFO [org.junit.Test] zero00664
2016-08-04 20:04:46,549 INFO [org.junit.Test] zero00665
2016-08-04 20:04:46,549 INFO [org.junit.Test] zero00666
2016-08-04 20:04:46,549 INFO [org.junit.Test] zero00667
2016-08-04 20:04:46,549 INFO [org.junit.Test] zero00668
2016-08-04 20:04:46,549 INFO [org.junit.Test] zero00669
2016-08-04 20:04:46,549 INFO [org.junit.Test] zero00670
2016-08-04 20:04:46,549 INFO [org.junit.Test] zero00671
2016-08-04 20:04:46,549 INFO [org.junit.Test] zero00672
2016-08-04 20:04:46,549 INFO [org.junit.Test] zero00673
2016-08-04 20:04:46,549 INFO [org.junit.Test] zero00674
2016-08-04 20:04:46,549 INFO [org.junit.Test] zero00675
2016-08-04 20:04:46,549 INFO [org.junit.Test] zero00676
2016-08-04 20:04:46,549 INFO [org.junit.Test] zero00677
2016-08-04 20:04:46,549 INFO [org.junit.Test] zero00678
2016-08-04 20:04:46,549 INFO [org.junit.Test] zero00679
2016-08-04 20:04:46,549 INFO [org.junit.Test] zero00680
2016-08-04 20:04:46,549 INFO [org.junit.Test] zero00681
2016-08-04 20:04:46,549 INFO [org.junit.Test] zero00682
2016-08-04 20:04:46,549 INFO [org.junit.Test] zero00683
2016-08-04 20:04:46,549 INFO [org.junit.Test] zero00684
2016-08-04 20:04:46,549 INFO [org.junit.Test] zero00685
2016-08-04 20:04:46,549 INFO [org.junit.Test] zero00686
2016-08-04 20:04:46,549 INFO [org.junit.Test] zero00687
2016-08-04 20:04:46,549 INFO [org.junit.Test] zero00688
2016-08-04 20:04:46,549 INFO [org.junit.Test] zero00689
2016-08-04 20:04:46,549 INFO [org.junit.Test] zero00690
2016-08-04 20:04:46,549 INFO [org.junit.Test] zero00691
2016-08-04 20:04:46,549 INFO [org.junit.Test] zero00692
2016-08-04 20:04:46,549 INFO [org.junit.Test] zero00693
2016-08-04 20:04:46,549 INFO [org.junit.Test] zero00694
2016-08-04 20:04:46,549 INFO [org.junit.Test] zero00695
2016-08-04 20:04:46,549 INFO [org.junit.Test] zero00696
2016-08-04 20:04:46,549 INFO [org.junit.Test] zero00697
2016-08-04 20:04:46,549 INFO [org.junit.Test] zero00698
2016-08-04 20:04:46,549 INFO [org.junit.Test] zero00699
2016-08-04 20:04:46,549 INFO [org.junit.Test] zero00700
2016-08-04 20:04:46,549 INFO [org.junit.Test] zero00701
2016-08-04 20:04:46,549 INFO [org.junit.Test] zero00702
2016-08-04 20:04:46,549 INFO [org.junit.Test] zero00703
2016-08-04 20:04:46,549 INFO [org.junit.Test] zero00704
2016-08-04 20:04:46,549 INFO [org.junit.Test] zero00705
2016-08-04 20:04:46,549 INFO [org.junit.Test] zero00706
2016-08-04 20:04:46,549 INFO [org.junit.Test] zero00707
2016-08-04 20:04:46,549 INFO [org.junit.Test] zero00708
2016-08-04 20:04:46,549 INFO [org.junit.Test] zero00709
2016-08-04 20:04:46,549 INFO [org.junit.Test] zero00710
2016-08-04 20:04:46,549 INFO [org.junit.Test] zero00711
2016-08-04 20:04:46,549 INFO [org.junit.Test] zero00712
2016-08-04 20:04:46,549 INFO [org.junit.Test] zero00713
2016-08-04 20:04:46,549 INFO [org.junit.Test] zero00714
2016-08-04 20:04:46,549 INFO [org.junit.Test] zero00715
2016-08-04 20:04:46,549 INFO [org.junit.Test] zero00716
2016-08-04 20:04:46,549 INFO [org.junit.Test] zero00717
2016-08-04 20:04:46,549 INFO [org.junit.Test] zero00718
2016-08-04 20:04:46,549 INFO [org.junit.Test] zero00719
2016-08-04 20:04:46,549 INFO [org.junit.Test] zero00720
2016-08-04 20:04:46,549 INFO [org.junit.Test] zero00721
2016-08-04 20:04:46,549 INFO [org.junit.Test] zero00722
2016-08-04 20:04:46,549 INFO [org.junit.Test] zero00723
2016-08-04 20:04:46,549 INFO [org.junit.Test] zero00724
2016-08-04 20:04:46,549 INFO [org.junit.Test] zero00725
2016-08-04 20:04:46,549 INFO [org.junit.Test] zero00726
2016-08-04 20:04:46,549 INFO [org.junit.Test] zero00727
2016-08-04 20:04:46,549 INFO [org.junit.Test] zero00728
2016-08-04 20:04:46,549 INFO [org.junit.Test] zero00729
2016-08-04 20:04:46,549 INFO [org.junit.Test] zero00730
2016-08-04 20:04:46,549 INFO [org.junit.Test] zero00731
2016-08-04 20:04:46,549 INFO [org.junit.Test] zero00732
2016-08-04 20:04:46,549 INFO [org.junit.Test] zero00733
2016-08-04 20:04:46,549 INFO [org.junit.Test] zero00734
2016-08-04 20:04:46,549 INFO [org.junit.Test] zero00735
2016-08-04 20:04:46,549 INFO [org.junit.Test] zero00736
2016-08-04 20:04:46,549 INFO [org.junit.Test] zero00737
2016-08-04 20:04:46,549 INFO [org.junit.Test] zero00738
2016-08-04 20:04:46,549 INFO [org.junit.Test] zero00739
2016-08-04 20:04:46,549 INFO [org.junit.Test] zero00740
2016-08-04 20:04:46,549 INFO [org.junit.Test] zero00741
2016-08-04 20:04:46,549 INFO [org.junit.Test] zero00742
2016-08-04 20:04:46,549 INFO [org.junit.Test] zero00743
2016-08-04 20:04:46,549 INFO [org.junit.Test] zero00744
2016-08-04 20:04:46,549 INFO [org.junit.Test] zero00745
2016-08-04 20:04:46,549 INFO [org.junit.Test] zero00746
2016-08-04 20:04:46,549 INFO [org.junit.Test] zero00747
2016-08-04 20:04:46,549 INFO [org.junit.Test] zero00748
2016-08-04 20:04:46,549 INFO [org.junit.Test] zero00749
2016-08-04 20:04:46,549 INFO [org.junit.Test] zero00750
2016-08-04 20:04:46,549 INFO [org.junit.Test] zero00751
2016-08-04 20:04:46,549 INFO [org.junit.Test] zero00752
2016-08-04 20:04:46,549 INFO [org.junit.Test] zero00753
2016-08-04 20:04:46,549 INFO [org.junit.Test] zero00754
2016-08-04 20:04:46,549 INFO [org.junit.Test] zero00755
2016-08-04 20:04:46,549 INFO [org.junit.Test] zero00756
2016-08-04 20:04:46,549 INFO [org.junit.Test] zero00757
2016-08-04 20:04:46,549 INFO [org.junit.Test] zero00758
2016-08-04 20:04:46,549 INFO [org.junit.Test] zero00759
2016-08-04 20:04:46,549 INFO [org.junit.Test] zero00760
2016-08-04 20:04:46,549 INFO [org.junit.Test] zero00761
2016-08-04 20:04:46,549 INFO [org.junit.Test] zero00762
2016-08-04 20:04:46,549 INFO [org.junit.Test] zero00763
2016-08-04 20:04:46,549 INFO [org.junit.Test] zero00764
2016-08-04 20:04:46,549 INFO [org.junit.Test] zero00765
2016-08-04 20:04:46,549 INFO [org.junit.Test] zero00766
2016-08-04 20:04:46,549 INFO [org.junit.Test] zero00767
2016-08-04 20:04:46,549 INFO [org.junit.Test] zero00768
2016-08-04 20:04:46,549 INFO [org.junit.Test] zero00769
2016-08-04 20:04:46,549 INFO [org.junit.Test] zero00770
2016-08-04 20:04:46,549 INFO [org.junit.Test] zero00771
2016-08-04 20:04:46,549 INFO [org.junit.Test] zero00772
2016-08-04 20:04:46,549 INFO [org.junit.Test] zero00773
2016-08-04 20:04:46,549 INFO [org.junit.Test] zero00774
2016-08-04 20:04:46,549 INFO [org.junit.Test] zero00775
2016-08-04 20:04:46,549 INFO [org.junit.Test] zero00776
2016-08-04 20:04:46,549 INFO [org.junit.Test] zero00777
2016-08-04 20:04:46,549 INFO [org.junit.Test] zero00778
2016-08-04 20:04:46,549 INFO [org.junit.Test] zero00779
2016-08-04 20:04:46,549 INFO [org.junit.Test] zero00780
2016-08-04 20:04:46,549 INFO [org.junit.Test] zero00781
2016-08-04 20:04:46,549 INFO [org.junit.Test] zero00782
2016-08-04 20:04:46,549 INFO [org.junit.Test] zero00783
2016-08-04 20:04:46,549 INFO [org.junit.Test] zero00784
2016-08-04 20:04:46,549 INFO [org.junit.Test] zero00785
2016-08-04 20:04:46,549 INFO [org.junit.Test] zero00786
2016-08-04 20:04:46,549 INFO [org.junit.Test] zero00787
2016-08-04 20:04:46,549 INFO [org.junit.Test] zero00788
2016-08-04 20:04:46,549 INFO [org.junit.Test] zero00789
2016-08-04 20:04:46,549 INFO [org.junit.Test] zero00790
2016-08-04 20:04:46,549 INFO [org.junit.Test] zero00791
2016-08-04 20:04:46,549 INFO [org.junit.Test] zero00792
2016-08-04 20:04:46,549 INFO [org.junit.Test] zero00793
2016-08-04 20:04:46,549 INFO [org.junit.Test] zero00794
2016-08-04 20:04:46,549 INFO [org.junit.Test] zero00795
2016-08-04 20:04:46,549 INFO [org.junit.Test] zero00796
2016-08-04 20:04:46,549 INFO [org.junit.Test] zero00797
2016-08-04 20:04:46,549 INFO [org.junit.Test] zero00798
2016-08-04 20:04:46,549 INFO [org.junit.Test] zero00799
2016-08-04 20:04:46,549 INFO [org.junit.Test] zero00800
2016-08-04 20:04:46,549 INFO [org.junit.Test] zero00801
2016-08-04 20:04:46,549 INFO [org.junit.Test] zero00802
2016-08-04 20:04:46,549 INFO [org.junit.Test] zero00803
2016-08-04 20:04:46,550 INFO [org.junit.Test] zero00804
2016-08-04 20:04:46,550 INFO [org.junit.Test] zero00805
2016-08-04 20:04:46,550 INFO [org.junit.Test] zero00806
2016-08-04 20:04:46,550 INFO [org.junit.Test] zero00807
2016-08-04 20:04:46,550 INFO [org.junit.Test] zero00808
2016-08-04 20:04:46,550 INFO [org.junit.Test] zero00809
2016-08-04 20:04:46,550 INFO [org.junit.Test] zero00810
2016-08-04 20:04:46,550 INFO [org.junit.Test] zero00811
2016-08-04 20:04:46,550 INFO [org.junit.Test] zero00812
2016-08-04 20:04:46,550 INFO [org.junit.Test] zero00813
2016-08-04 20:04:46,550 INFO [org.junit.Test] zero00814
2016-08-04 20:04:46,550 INFO [org.junit.Test] zero00815
2016-08-04 20:04:46,550 INFO [org.junit.Test] zero00816
2016-08-04 20:04:46,550 INFO [org.junit.Test] zero00817
2016-08-04 20:04:46,550 INFO [org.junit.Test] zero00818
2016-08-04 20:04:46,550 INFO [org.junit.Test] zero00819
2016-08-04 20:04:46,550 INFO [org.junit.Test] zero00820
2016-08-04 20:04:46,550 INFO [org.junit.Test] zero00821
2016-08-04 20:04:46,550 INFO [org.junit.Test] zero00822
2016-08-04 20:04:46,550 INFO [org.junit.Test] zero00823
2016-08-04 20:04:46,550 INFO [org.junit.Test] zero00824
2016-08-04 20:04:46,550 INFO [org.junit.Test] zero00825
2016-08-04 20:04:46,550 INFO [org.junit.Test] zero00826
2016-08-04 20:04:46,550 INFO [org.junit.Test] zero00827
2016-08-04 20:04:46,550 INFO [org.junit.Test] zero00828
2016-08-04 20:04:46,550 INFO [org.junit.Test] zero00829
2016-08-04 20:04:46,550 INFO [org.junit.Test] zero00830
2016-08-04 20:04:46,550 INFO [org.junit.Test] zero00831
2016-08-04 20:04:46,550 INFO [org.junit.Test] zero00832
2016-08-04 20:04:46,550 INFO [org.junit.Test] zero00833
2016-08-04 20:04:46,550 INFO [org.junit.Test] zero00834
2016-08-04 20:04:46,550 INFO [org.junit.Test] zero00835
2016-08-04 20:04:46,550 INFO [org.junit.Test] zero00836
2016-08-04 20:04:46,550 INFO [org.junit.Test] zero00837
2016-08-04 20:04:46,550 INFO [org.junit.Test] zero00838
2016-08-04 20:04:46,550 INFO [org.junit.Test] zero00839
2016-08-04 20:04:46,550 INFO [org.junit.Test] zero00840
2016-08-04 20:04:46,550 INFO [org.junit.Test] zero00841
2016-08-04 20:04:46,550 INFO [org.junit.Test] zero00842
2016-08-04 20:04:46,550 INFO [org.junit.Test] zero00843
2016-08-04 20:04:46,550 INFO [org.junit.Test] zero00844
2016-08-04 20:04:46,550 INFO [org.junit.Test] zero00845
2016-08-04 20:04:46,550 INFO [org.junit.Test] zero00846
2016-08-04 20:04:46,550 INFO [org.junit.Test] zero00847
2016-08-04 20:04:46,550 INFO [org.junit.Test] zero00848
2016-08-04 20:04:46,550 INFO [org.junit.Test] zero00849
2016-08-04 20:04:46,550 INFO [org.junit.Test] zero00850
2016-08-04 20:04:46,550 INFO [org.junit.Test] zero00851
2016-08-04 20:04:46,550 INFO [org.junit.Test] zero00852
2016-08-04 20:04:46,550 INFO [org.junit.Test] zero00853
2016-08-04 20:04:46,550 INFO [org.junit.Test] zero00854
2016-08-04 20:04:46,550 INFO [org.junit.Test] zero00855
2016-08-04 20:04:46,550 INFO [org.junit.Test] zero00856
2016-08-04 20:04:46,550 INFO [org.junit.Test] zero00857
2016-08-04 20:04:46,550 INFO [org.junit.Test] zero00858
2016-08-04 20:04:46,550 INFO [org.junit.Test] zero00859
2016-08-04 20:04:46,550 INFO [org.junit.Test] zero00860
2016-08-04 20:04:46,550 INFO [org.junit.Test] zero00861
2016-08-04 20:04:46,550 INFO [org.junit.Test] zero00862
2016-08-04 20:04:46,550 INFO [org.junit.Test] zero00863
2016-08-04 20:04:46,550 INFO [org.junit.Test] zero00864
2016-08-04 20:04:46,550 INFO [org.junit.Test] zero00865
2016-08-04 20:04:46,550 INFO [org.junit.Test] zero00866
2016-08-04 20:04:46,550 INFO [org.junit.Test] zero00867
2016-08-04 20:04:46,550 INFO [org.junit.Test] zero00868
2016-08-04 20:04:46,550 INFO [org.junit.Test] zero00869
2016-08-04 20:04:46,550 INFO [org.junit.Test] zero00870
2016-08-04 20:04:46,550 INFO [org.junit.Test] zero00871
2016-08-04 20:04:46,550 INFO [org.junit.Test] zero00872
2016-08-04 20:04:46,550 INFO [org.junit.Test] zero00873
2016-08-04 20:04:46,550 INFO [org.junit.Test] zero00874
2016-08-04 20:04:46,550 INFO [org.junit.Test] zero00875
2016-08-04 20:04:46,550 INFO [org.junit.Test] zero00876
2016-08-04 20:04:46,550 INFO [org.junit.Test] zero00877
2016-08-04 20:04:46,550 INFO [org.junit.Test] zero00878
2016-08-04 20:04:46,550 INFO [org.junit.Test] zero00879
2016-08-04 20:04:46,550 INFO [org.junit.Test] zero00880
2016-08-04 20:04:46,550 INFO [org.junit.Test] zero00881
2016-08-04 20:04:46,550 INFO [org.junit.Test] zero00882
2016-08-04 20:04:46,550 INFO [org.junit.Test] zero00883
2016-08-04 20:04:46,550 INFO [org.junit.Test] zero00884
2016-08-04 20:04:46,550 INFO [org.junit.Test] zero00885
2016-08-04 20:04:46,550 INFO [org.junit.Test] zero00886
2016-08-04 20:04:46,550 INFO [org.junit.Test] zero00887
2016-08-04 20:04:46,550 INFO [org.junit.Test] zero00888
2016-08-04 20:04:46,550 INFO [org.junit.Test] zero00889
2016-08-04 20:04:46,550 INFO [org.junit.Test] zero00890
2016-08-04 20:04:46,550 INFO [org.junit.Test] zero00891
2016-08-04 20:04:46,550 INFO [org.junit.Test] zero00892
2016-08-04 20:04:46,550 INFO [org.junit.Test] zero00893
2016-08-04 20:04:46,550 INFO [org.junit.Test] zero00894
2016-08-04 20:04:46,550 INFO [org.junit.Test] zero00895
2016-08-04 20:04:46,550 INFO [org.junit.Test] zero00896
2016-08-04 20:04:46,550 INFO [org.junit.Test] zero00897
2016-08-04 20:04:46,550 INFO [org.junit.Test] zero00898
2016-08-04 20:04:46,550 INFO [org.junit.Test] zero00899
2016-08-04 20:04:46,550 INFO [org.junit.Test] zero00900
2016-08-04 20:04:46,550 INFO [org.junit.Test] zero00901
2016-08-04 20:04:46,550 INFO [org.junit.Test] zero00902
2016-08-04 20:04:46,550 INFO [org.junit.Test] zero00903
2016-08-04 20:04:46,550 INFO [org.junit.Test] zero00904
2016-08-04 20:04:46,550 INFO [org.junit.Test] zero00905
2016-08-04 20:04:46,550 INFO [org.junit.Test] zero00906
2016-08-04 20:04:46,550 INFO [org.junit.Test] zero00907
2016-08-04 20:04:46,550 INFO [org.junit.Test] zero00908
2016-08-04 20:04:46,550 INFO [org.junit.Test] zero00909
2016-08-04 20:04:46,550 INFO [org.junit.Test] zero00910
2016-08-04 20:04:46,550 INFO [org.junit.Test] zero00911
2016-08-04 20:04:46,550 INFO [org.junit.Test] zero00912
2016-08-04 20:04:46,550 INFO [org.junit.Test] zero00913
2016-08-04 20:04:46,550 INFO [org.junit.Test] zero00914
2016-08-04 20:04:46,550 INFO [org.junit.Test] zero00915
2016-08-04 20:04:46,550 INFO [org.junit.Test] zero00916
2016-08-04 20:04:46,550 INFO [org.junit.Test] zero00917
2016-08-04 20:04:46,550 INFO [org.junit.Test] zero00918
2016-08-04 20:04:46,550 INFO [org.junit.Test] zero00919
2016-08-04 20:04:46,550 INFO [org.junit.Test] zero00920
2016-08-04 20:04:46,550 INFO [org.junit.Test] zero00921
2016-08-04 20:04:46,550 INFO [org.junit.Test] zero00922
2016-08-04 20:04:46,550 INFO [org.junit.Test] zero00923
2016-08-04 20:04:46,550 INFO [org.junit.Test] zero00924
2016-08-04 20:04:46,550 INFO [org.junit.Test] zero00925
2016-08-04 20:04:46,550 INFO [org.junit.Test] zero00926
2016-08-04 20:04:46,550 INFO [org.junit.Test] zero00927
2016-08-04 20:04:46,550 INFO [org.junit.Test] zero00928
2016-08-04 20:04:46,550 INFO [org.junit.Test] zero00929
2016-08-04 20:04:46,550 INFO [org.junit.Test] zero00930
2016-08-04 20:04:46,550 INFO [org.junit.Test] zero00931
2016-08-04 20:04:46,550 INFO [org.junit.Test] zero00932
2016-08-04 20:04:46,550 INFO [org.junit.Test] zero00933
2016-08-04 20:04:46,550 INFO [org.junit.Test] zero00934
2016-08-04 20:04:46,550 INFO [org.junit.Test] zero00935
2016-08-04 20:04:46,550 INFO [org.junit.Test] zero00936
2016-08-04 20:04:46,550 INFO [org.junit.Test] zero00937
2016-08-04 20:04:46,550 INFO [org.junit.Test] zero00938
2016-08-04 20:04:46,550 INFO [org.junit.Test] zero00939
2016-08-04 20:04:46,550 INFO [org.junit.Test] zero00940
2016-08-04 20:04:46,550 INFO [org.junit.Test] zero00941
2016-08-04 20:04:46,550 INFO [org.junit.Test] zero00942
2016-08-04 20:04:46,550 INFO [org.junit.Test] zero00943
2016-08-04 20:04:46,550 INFO [org.junit.Test] zero00944
2016-08-04 20:04:46,550 INFO [org.junit.Test] zero00945
2016-08-04 20:04:46,550 INFO [org.junit.Test] zero00946
2016-08-04 20:04:46,550 INFO [org.junit.Test] zero00947
2016-08-04 20:04:46,550 INFO [org.junit.Test] zero00948
2016-08-04 20:04:46,550 INFO [org.junit.Test] zero00949
2016-08-04 20:04:46,550 INFO [org.junit.Test] zero00950
2016-08-04 20:04:46,550 INFO [org.junit.Test] zero00951
2016-08-04 20:04:46,550 INFO [org.junit.Test] zero00952
2016-08-04 20:04:46,550 INFO [org.junit.Test] zero00953
2016-08-04 20:04:46,550 INFO [org.junit.Test] zero00954
2016-08-04 20:04:46,550 INFO [org.junit.Test] zero00955
2016-08-04 20:04:46,550 INFO [org.junit.Test] zero00956
2016-08-04 20:04:46,550 INFO [org.junit.Test] zero00957
2016-08-04 20:04:46,550 INFO [org.junit.Test] zero00958
2016-08-04 20:04:46,550 INFO [org.junit.Test] zero00959
2016-08-04 20:04:46,550 INFO [org.junit.Test] zero00960
2016-08-04 20:04:46,550 INFO [org.junit.Test] zero00961
2016-08-04 20:04:46,550 INFO [org.junit.Test] zero00962
2016-08-04 20:04:46,550 INFO [org.junit.Test] zero00963
2016-08-04 20:04:46,550 INFO [org.junit.Test] zero00964
2016-08-04 20:04:46,550 INFO [org.junit.Test] zero00965
2016-08-04 20:04:46,550 INFO [org.junit.Test] zero00966
2016-08-04 20:04:46,550 INFO [org.junit.Test] zero00967
2016-08-04 20:04:46,550 INFO [org.junit.Test] zero00968
2016-08-04 20:04:46,550 INFO [org.junit.Test] zero00969
2016-08-04 20:04:46,550 INFO [org.junit.Test] zero00970
2016-08-04 20:04:46,550 INFO [org.junit.Test] zero00971
2016-08-04 20:04:46,550 INFO [org.junit.Test] zero00972
2016-08-04 20:04:46,550 INFO [org.junit.Test] zero00973
2016-08-04 20:04:46,550 INFO [org.junit.Test] zero00974
2016-08-04 20:04:46,550 INFO [org.junit.Test] zero00975
2016-08-04 20:04:46,550 INFO [org.junit.Test] zero00976
2016-08-04 20:04:46,550 INFO [org.junit.Test] zero00977
2016-08-04 20:04:46,550 INFO [org.junit.Test] zero00978
2016-08-04 20:04:46,550 INFO [org.junit.Test] zero00979
2016-08-04 20:04:46,550 INFO [org.junit.Test] zero00980
2016-08-04 20:04:46,550 INFO [org.junit.Test] zero00981
2016-08-04 20:04:46,550 INFO [org.junit.Test] zero00982
2016-08-04 20:04:46,550 INFO [org.junit.Test] zero00983
2016-08-04 20:04:46,550 INFO [org.junit.Test] zero00984
2016-08-04 20:04:46,550 INFO [org.junit.Test] zero00985
2016-08-04 20:04:46,550 INFO [org.junit.Test] zero00986
2016-08-04 20:04:46,550 INFO [org.junit.Test] zero00987
2016-08-04 20:04:46,550 INFO [org.junit.Test] zero00988
2016-08-04 20:04:46,550 INFO [org.junit.Test] zero00989
2016-08-04 20:04:46,550 INFO [org.junit.Test] zero00990
2016-08-04 20:04:46,550 INFO [org.junit.Test] zero00991
2016-08-04 20:04:46,550 INFO [org.junit.Test] zero00992
2016-08-04 20:04:46,550 INFO [org.junit.Test] zero00993
2016-08-04 20:04:46,550 INFO [org.junit.Test] zero00994
2016-08-04 20:04:46,550 INFO [org.junit.Test] zero00995
2016-08-04 20:04:46,550 INFO [org.junit.Test] zero00996
2016-08-04 20:04:46,550 INFO [org.junit.Test] zero00997
2016-08-04 20:04:46,550 INFO [org.junit.Test] zero00998
2016-08-04 20:04:46,550 INFO [org.junit.Test] zero00999
2016-08-04 20:04:49,550 INFO [org.junit.Test] zero000
2016-08-04 20:04:49,550 INFO [org.junit.Test] zero001
2016-08-04 20:04:49,550 INFO [org.junit.Test] zero002
2016-08-04 20:04:49,550 INFO [org.junit.Test] zero003
2016-08-04 20:04:49,550 INFO [org.junit.Test] zero004
2016-08-04 20:04:49,550 INFO [org.junit.Test] zero005
2016-08-04 20:04:49,550 INFO [org.junit.Test] zero006
2016-08-04 20:04:49,550 INFO [org.junit.Test] zero007
2016-08-04 20:04:49,550 INFO [org.junit.Test] zero008
2016-08-04 20:04:49,550 INFO [org.junit.Test] zero009
2016-08-04 20:04:49,550 INFO [org.junit.Test] zero0010
2016-08-04 20:04:49,550 INFO [org.junit.Test] zero0011
2016-08-04 20:04:49,550 INFO [org.junit.Test] zero0012
2016-08-04 20:04:49,550 INFO [org.junit.Test] zero0013
2016-08-04 20:04:49,550 INFO [org.junit.Test] zero0014
2016-08-04 20:04:49,550 INFO [org.junit.Test] zero0015
2016-08-04 20:04:49,550 INFO [org.junit.Test] zero0016
2016-08-04 20:04:49,550 INFO [org.junit.Test] zero0017
2016-08-04 20:04:49,550 INFO [org.junit.Test] zero0018
2016-08-04 20:04:49,550 INFO [org.junit.Test] zero0019
2016-08-04 20:04:49,550 INFO [org.junit.Test] zero0020
2016-08-04 20:04:49,550 INFO [org.junit.Test] zero0021
2016-08-04 20:04:49,550 INFO [org.junit.Test] zero0022
2016-08-04 20:04:49,550 INFO [org.junit.Test] zero0023
2016-08-04 20:04:49,550 INFO [org.junit.Test] zero0024
2016-08-04 20:04:49,550 INFO [org.junit.Test] zero0025
2016-08-04 20:04:49,550 INFO [org.junit.Test] zero0026
2016-08-04 20:04:49,550 INFO [org.junit.Test] zero0027
2016-08-04 20:04:49,550 INFO [org.junit.Test] zero0028
2016-08-04 20:04:49,550 INFO [org.junit.Test] zero0029
2016-08-04 20:04:49,550 INFO [org.junit.Test] zero0030
2016-08-04 20:04:49,550 INFO [org.junit.Test] zero0031
2016-08-04 20:04:49,550 INFO [org.junit.Test] zero0032
2016-08-04 20:04:49,550 INFO [org.junit.Test] zero0033
2016-08-04 20:04:49,550 INFO [org.junit.Test] zero0034
2016-08-04 20:04:49,550 INFO [org.junit.Test] zero0035
2016-08-04 20:04:49,550 INFO [org.junit.Test] zero0036
2016-08-04 20:04:49,550 INFO [org.junit.Test] zero0037
2016-08-04 20:04:49,550 INFO [org.junit.Test] zero0038
2016-08-04 20:04:49,550 INFO [org.junit.Test] zero0039
2016-08-04 20:04:49,550 INFO [org.junit.Test] zero0040
2016-08-04 20:04:49,550 INFO [org.junit.Test] zero0041
2016-08-04 20:04:49,550 INFO [org.junit.Test] zero0042
2016-08-04 20:04:49,550 INFO [org.junit.Test] zero0043
2016-08-04 20:04:49,550 INFO [org.junit.Test] zero0044
2016-08-04 20:04:49,550 INFO [org.junit.Test] zero0045
2016-08-04 20:04:49,550 INFO [org.junit.Test] zero0046
2016-08-04 20:04:49,550 INFO [org.junit.Test] zero0047
2016-08-04 20:04:49,550 INFO [org.junit.Test] zero0048
2016-08-04 20:04:49,550 INFO [org.junit.Test] zero0049
2016-08-04 20:04:49,550 INFO [org.junit.Test] zero0050
2016-08-04 20:04:49,550 INFO [org.junit.Test] zero0051
2016-08-04 20:04:49,550 INFO [org.junit.Test] zero0052
2016-08-04 20:04:49,550 INFO [org.junit.Test] zero0053
2016-08-04 20:04:49,550 INFO [org.junit.Test] zero0054
2016-08-04 20:04:49,550 INFO [org.junit.Test] zero0055
2016-08-04 20:04:49,550 INFO [org.junit.Test] zero0056
2016-08-04 20:04:49,550 INFO [org.junit.Test] zero0057
2016-08-04 20:04:49,550 INFO [org.junit.Test] zero0058
2016-08-04 20:04:49,550 INFO [org.junit.Test] zero0059
2016-08-04 20:04:49,550 INFO [org.junit.Test] zero0060
2016-08-04 20:04:49,550 INFO [org.junit.Test] zero0061
2016-08-04 20:04:49,550 INFO [org.junit.Test] zero0062
2016-08-04 20:04:49,550 INFO [org.junit.Test] zero0063
2016-08-04 20:04:49,550 INFO [org.junit.Test] zero0064
2016-08-04 20:04:49,550 INFO [org.junit.Test] zero0065
2016-08-04 20:04:49,550 INFO [org.junit.Test] zero0066
2016-08-04 20:04:49,550 INFO [org.junit.Test] zero0067
2016-08-04 20:04:49,550 INFO [org.junit.Test] zero0068
2016-08-04 20:04:49,550 INFO [org.junit.Test] zero0069
2016-08-04 20:04:49,550 INFO [org.junit.Test] zero0070
2016-08-04 20:04:49,550 INFO [org.junit.Test] zero0071
2016-08-04 20:04:49,550 INFO [org.junit.Test] zero0072
2016-08-04 20:04:49,550 INFO [org.junit.Test] zero0073
2016-08-04 20:04:49,550 INFO [org.junit.Test] zero0074
2016-08-04 20:04:49,550 INFO [org.junit.Test] zero0075
2016-08-04 20:04:49,550 INFO [org.junit.Test] zero0076
2016-08-04 20:04:49,550 INFO [org.junit.Test] zero0077
2016-08-04 20:04:49,550 INFO [org.junit.Test] zero0078
2016-08-04 20:04:49,550 INFO [org.junit.Test] zero0079
2016-08-04 20:04:49,550 INFO [org.junit.Test] zero0080
2016-08-04 20:04:49,550 INFO [org.junit.Test] zero0081
2016-08-04 20:04:49,550 INFO [org.junit.Test] zero0082
2016-08-04 20:04:49,550 INFO [org.junit.Test] zero0083
2016-08-04 20:04:49,550 INFO [org.junit.Test] zero0084
2016-08-04 20:04:49,550 INFO [org.junit.Test] zero0085
2016-08-04 20:04:49,550 INFO [org.junit.Test] zero0086
2016-08-04 20:04:49,550 INFO [org.junit.Test] zero0087
2016-08-04 20:04:49,550 INFO [org.junit.Test] zero0088
2016-08-04 20:04:49,550 INFO [org.junit.Test] zero0089
2016-08-04 20:04:49,550 INFO [org.junit.Test] zero0090
2016-08-04 20:04:49,550 INFO [org.junit.Test] zero0091
2016-08-04 20:04:49,550 INFO [org.junit.Test] zero0092
2016-08-04 20:04:49,550 INFO [org.junit.Test] zero0093
2016-08-04 20:04:49,550 INFO [org.junit.Test] zero0094
2016-08-04 20:04:49,550 INFO [org.junit.Test] zero0095
2016-08-04 20:04:49,550 INFO [org.junit.Test] zero0096
2016-08-04 20:04:49,550 INFO [org.junit.Test] zero0097
2016-08-04 20:04:49,550 INFO [org.junit.Test] zero0098
2016-08-04 20:04:49,550 INFO [org.junit.Test] zero0099
2016-08-04 20:04:49,550 INFO [org.junit.Test] zero00100
2016-08-04 20:04:49,550 INFO [org.junit.Test] zero00101
2016-08-04 20:04:49,550 INFO [org.junit.Test] zero00102
2016-08-04 20:04:49,550 INFO [org.junit.Test] zero00103
2016-08-04 20:04:49,550 INFO [org.junit.Test] zero00104
2016-08-04 20:04:49,550 INFO [org.junit.Test] zero00105
2016-08-04 20:04:49,550 INFO [org.junit.Test] zero00106
2016-08-04 20:04:49,550 INFO [org.junit.Test] zero00107
2016-08-04 20:04:49,550 INFO [org.junit.Test] zero00108
2016-08-04 20:04:49,550 INFO [org.junit.Test] zero00109
2016-08-04 20:04:49,550 INFO [org.junit.Test] zero00110
2016-08-04 20:04:49,550 INFO [org.junit.Test] zero00111
2016-08-04 20:04:49,550 INFO [org.junit.Test] zero00112
2016-08-04 20:04:49,550 INFO [org.junit.Test] zero00113
2016-08-04 20:04:49,550 INFO [org.junit.Test] zero00114
2016-08-04 20:04:49,550 INFO [org.junit.Test] zero00115
2016-08-04 20:04:49,550 INFO [org.junit.Test] zero00116
2016-08-04 20:04:49,550 INFO [org.junit.Test] zero00117
2016-08-04 20:04:49,550 INFO [org.junit.Test] zero00118
2016-08-04 20:04:49,550 INFO [org.junit.Test] zero00119
2016-08-04 20:04:49,550 INFO [org.junit.Test] zero00120
2016-08-04 20:04:49,550 INFO [org.junit.Test] zero00121
2016-08-04 20:04:49,550 INFO [org.junit.Test] zero00122
2016-08-04 20:04:49,550 INFO [org.junit.Test] zero00123
2016-08-04 20:04:49,550 INFO [org.junit.Test] zero00124
2016-08-04 20:04:49,550 INFO [org.junit.Test] zero00125
2016-08-04 20:04:49,550 INFO [org.junit.Test] zero00126
2016-08-04 20:04:49,550 INFO [org.junit.Test] zero00127
2016-08-04 20:04:49,550 INFO [org.junit.Test] zero00128
2016-08-04 20:04:49,550 INFO [org.junit.Test] zero00129
2016-08-04 20:04:49,550 INFO [org.junit.Test] zero00130
2016-08-04 20:04:49,550 INFO [org.junit.Test] zero00131
2016-08-04 20:04:49,550 INFO [org.junit.Test] zero00132
2016-08-04 20:04:49,550 INFO [org.junit.Test] zero00133
2016-08-04 20:04:49,550 INFO [org.junit.Test] zero00134
2016-08-04 20:04:49,550 INFO [org.junit.Test] zero00135
2016-08-04 20:04:49,550 INFO [org.junit.Test] zero00136
2016-08-04 20:04:49,550 INFO [org.junit.Test] zero00137
2016-08-04 20:04:49,550 INFO [org.junit.Test] zero00138
2016-08-04 20:04:49,550 INFO [org.junit.Test] zero00139
2016-08-04 20:04:49,550 INFO [org.junit.Test] zero00140
2016-08-04 20:04:49,551 INFO [org.junit.Test] zero00141
2016-08-04 20:04:49,551 INFO [org.junit.Test] zero00142
2016-08-04 20:04:49,551 INFO [org.junit.Test] zero00143
2016-08-04 20:04:49,551 INFO [org.junit.Test] zero00144
2016-08-04 20:04:49,551 INFO [org.junit.Test] zero00145
2016-08-04 20:04:49,551 INFO [org.junit.Test] zero00146
2016-08-04 20:04:49,551 INFO [org.junit.Test] zero00147
2016-08-04 20:04:49,551 INFO [org.junit.Test] zero00148
2016-08-04 20:04:49,551 INFO [org.junit.Test] zero00149
2016-08-04 20:04:49,551 INFO [org.junit.Test] zero00150
2016-08-04 20:04:49,551 INFO [org.junit.Test] zero00151
2016-08-04 20:04:49,551 INFO [org.junit.Test] zero00152
2016-08-04 20:04:49,551 INFO [org.junit.Test] zero00153
2016-08-04 20:04:49,551 INFO [org.junit.Test] zero00154
2016-08-04 20:04:49,551 INFO [org.junit.Test] zero00155
2016-08-04 20:04:49,551 INFO [org.junit.Test] zero00156
2016-08-04 20:04:49,551 INFO [org.junit.Test] zero00157
2016-08-04 20:04:49,551 INFO [org.junit.Test] zero00158
2016-08-04 20:04:49,551 INFO [org.junit.Test] zero00159
2016-08-04 20:04:49,551 INFO [org.junit.Test] zero00160
2016-08-04 20:04:49,551 INFO [org.junit.Test] zero00161
2016-08-04 20:04:49,551 INFO [org.junit.Test] zero00162
2016-08-04 20:04:49,551 INFO [org.junit.Test] zero00163
2016-08-04 20:04:49,551 INFO [org.junit.Test] zero00164
2016-08-04 20:04:49,551 INFO [org.junit.Test] zero00165
2016-08-04 20:04:49,551 INFO [org.junit.Test] zero00166
2016-08-04 20:04:49,551 INFO [org.junit.Test] zero00167
2016-08-04 20:04:49,551 INFO [org.junit.Test] zero00168
2016-08-04 20:04:49,551 INFO [org.junit.Test] zero00169
2016-08-04 20:04:49,551 INFO [org.junit.Test] zero00170
2016-08-04 20:04:49,551 INFO [org.junit.Test] zero00171
2016-08-04 20:04:49,551 INFO [org.junit.Test] zero00172
2016-08-04 20:04:49,551 INFO [org.junit.Test] zero00173
2016-08-04 20:04:49,551 INFO [org.junit.Test] zero00174
2016-08-04 20:04:49,551 INFO [org.junit.Test] zero00175
2016-08-04 20:04:49,551 INFO [org.junit.Test] zero00176
2016-08-04 20:04:49,551 INFO [org.junit.Test] zero00177
2016-08-04 20:04:49,551 INFO [org.junit.Test] zero00178
2016-08-04 20:04:49,551 INFO [org.junit.Test] zero00179
2016-08-04 20:04:49,551 INFO [org.junit.Test] zero00180
2016-08-04 20:04:49,551 INFO [org.junit.Test] zero00181
2016-08-04 20:04:49,551 INFO [org.junit.Test] zero00182
2016-08-04 20:04:49,551 INFO [org.junit.Test] zero00183
2016-08-04 20:04:49,551 INFO [org.junit.Test] zero00184
2016-08-04 20:04:49,551 INFO [org.junit.Test] zero00185
2016-08-04 20:04:49,551 INFO [org.junit.Test] zero00186
2016-08-04 20:04:49,551 INFO [org.junit.Test] zero00187
2016-08-04 20:04:49,551 INFO [org.junit.Test] zero00188
2016-08-04 20:04:49,551 INFO [org.junit.Test] zero00189
2016-08-04 20:04:49,551 INFO [org.junit.Test] zero00190
2016-08-04 20:04:49,551 INFO [org.junit.Test] zero00191
2016-08-04 20:04:49,551 INFO [org.junit.Test] zero00192
2016-08-04 20:04:49,551 INFO [org.junit.Test] zero00193
2016-08-04 20:04:49,551 INFO [org.junit.Test] zero00194
2016-08-04 20:04:49,551 INFO [org.junit.Test] zero00195
2016-08-04 20:04:49,551 INFO [org.junit.Test] zero00196
2016-08-04 20:04:49,551 INFO [org.junit.Test] zero00197
2016-08-04 20:04:49,551 INFO [org.junit.Test] zero00198
2016-08-04 20:04:49,551 INFO [org.junit.Test] zero00199
2016-08-04 20:04:49,551 INFO [org.junit.Test] zero00200
2016-08-04 20:04:49,551 INFO [org.junit.Test] zero00201
2016-08-04 20:04:49,551 INFO [org.junit.Test] zero00202
2016-08-04 20:04:49,551 INFO [org.junit.Test] zero00203
2016-08-04 20:04:49,551 INFO [org.junit.Test] zero00204
2016-08-04 20:04:49,551 INFO [org.junit.Test] zero00205
2016-08-04 20:04:49,551 INFO [org.junit.Test] zero00206
2016-08-04 20:04:49,551 INFO [org.junit.Test] zero00207
2016-08-04 20:04:49,551 INFO [org.junit.Test] zero00208
2016-08-04 20:04:49,551 INFO [org.junit.Test] zero00209
2016-08-04 20:04:49,551 INFO [org.junit.Test] zero00210
2016-08-04 20:04:49,551 INFO [org.junit.Test] zero00211
2016-08-04 20:04:49,551 INFO [org.junit.Test] zero00212
2016-08-04 20:04:49,551 INFO [org.junit.Test] zero00213
2016-08-04 20:04:49,551 INFO [org.junit.Test] zero00214
2016-08-04 20:04:49,551 INFO [org.junit.Test] zero00215
2016-08-04 20:04:49,551 INFO [org.junit.Test] zero00216
2016-08-04 20:04:49,551 INFO [org.junit.Test] zero00217
2016-08-04 20:04:49,551 INFO [org.junit.Test] zero00218
2016-08-04 20:04:49,551 INFO [org.junit.Test] zero00219
2016-08-04 20:04:49,551 INFO [org.junit.Test] zero00220
2016-08-04 20:04:49,551 INFO [org.junit.Test] zero00221
2016-08-04 20:04:49,551 INFO [org.junit.Test] zero00222
2016-08-04 20:04:49,551 INFO [org.junit.Test] zero00223
2016-08-04 20:04:49,551 INFO [org.junit.Test] zero00224
2016-08-04 20:04:49,551 INFO [org.junit.Test] zero00225
2016-08-04 20:04:49,551 INFO [org.junit.Test] zero00226
2016-08-04 20:04:49,551 INFO [org.junit.Test] zero00227
2016-08-04 20:04:49,551 INFO [org.junit.Test] zero00228
2016-08-04 20:04:49,551 INFO [org.junit.Test] zero00229
2016-08-04 20:04:49,551 INFO [org.junit.Test] zero00230
2016-08-04 20:04:49,551 INFO [org.junit.Test] zero00231
2016-08-04 20:04:49,551 INFO [org.junit.Test] zero00232
2016-08-04 20:04:49,551 INFO [org.junit.Test] zero00233
2016-08-04 20:04:49,551 INFO [org.junit.Test] zero00234
2016-08-04 20:04:49,551 INFO [org.junit.Test] zero00235
2016-08-04 20:04:49,551 INFO [org.junit.Test] zero00236
2016-08-04 20:04:49,551 INFO [org.junit.Test] zero00237
2016-08-04 20:04:49,551 INFO [org.junit.Test] zero00238
2016-08-04 20:04:49,551 INFO [org.junit.Test] zero00239
2016-08-04 20:04:49,551 INFO [org.junit.Test] zero00240
2016-08-04 20:04:49,551 INFO [org.junit.Test] zero00241
2016-08-04 20:04:49,551 INFO [org.junit.Test] zero00242
2016-08-04 20:04:49,551 INFO [org.junit.Test] zero00243
2016-08-04 20:04:49,551 INFO [org.junit.Test] zero00244
2016-08-04 20:04:49,551 INFO [org.junit.Test] zero00245
2016-08-04 20:04:49,551 INFO [org.junit.Test] zero00246
2016-08-04 20:04:49,551 INFO [org.junit.Test] zero00247
2016-08-04 20:04:49,551 INFO [org.junit.Test] zero00248
2016-08-04 20:04:49,551 INFO [org.junit.Test] zero00249
2016-08-04 20:04:49,551 INFO [org.junit.Test] zero00250
2016-08-04 20:04:49,551 INFO [org.junit.Test] zero00251
2016-08-04 20:04:49,551 INFO [org.junit.Test] zero00252
2016-08-04 20:04:49,551 INFO [org.junit.Test] zero00253
2016-08-04 20:04:49,551 INFO [org.junit.Test] zero00254
2016-08-04 20:04:49,551 INFO [org.junit.Test] zero00255
2016-08-04 20:04:49,551 INFO [org.junit.Test] zero00256
2016-08-04 20:04:49,551 INFO [org.junit.Test] zero00257
2016-08-04 20:04:49,551 INFO [org.junit.Test] zero00258
2016-08-04 20:04:49,551 INFO [org.junit.Test] zero00259
2016-08-04 20:04:49,551 INFO [org.junit.Test] zero00260
2016-08-04 20:04:49,551 INFO [org.junit.Test] zero00261
2016-08-04 20:04:49,551 INFO [org.junit.Test] zero00262
2016-08-04 20:04:49,551 INFO [org.junit.Test] zero00263
2016-08-04 20:04:49,551 INFO [org.junit.Test] zero00264
2016-08-04 20:04:49,551 INFO [org.junit.Test] zero00265
2016-08-04 20:04:49,551 INFO [org.junit.Test] zero00266
2016-08-04 20:04:49,551 INFO [org.junit.Test] zero00267
2016-08-04 20:04:49,551 INFO [org.junit.Test] zero00268
2016-08-04 20:04:49,551 INFO [org.junit.Test] zero00269
2016-08-04 20:04:49,551 INFO [org.junit.Test] zero00270
2016-08-04 20:04:49,551 INFO [org.junit.Test] zero00271
2016-08-04 20:04:49,551 INFO [org.junit.Test] zero00272
2016-08-04 20:04:49,551 INFO [org.junit.Test] zero00273
2016-08-04 20:04:49,551 INFO [org.junit.Test] zero00274
2016-08-04 20:04:49,551 INFO [org.junit.Test] zero00275
2016-08-04 20:04:49,551 INFO [org.junit.Test] zero00276
2016-08-04 20:04:49,551 INFO [org.junit.Test] zero00277
2016-08-04 20:04:49,551 INFO [org.junit.Test] zero00278
2016-08-04 20:04:49,551 INFO [org.junit.Test] zero00279
2016-08-04 20:04:49,551 INFO [org.junit.Test] zero00280
2016-08-04 20:04:49,551 INFO [org.junit.Test] zero00281
2016-08-04 20:04:49,551 INFO [org.junit.Test] zero00282
2016-08-04 20:04:49,551 INFO [org.junit.Test] zero00283
2016-08-04 20:04:49,551 INFO [org.junit.Test] zero00284
2016-08-04 20:04:49,551 INFO [org.junit.Test] zero00285
2016-08-04 20:04:49,551 INFO [org.junit.Test] zero00286
2016-08-04 20:04:49,551 INFO [org.junit.Test] zero00287
2016-08-04 20:04:49,551 INFO [org.junit.Test] zero00288
2016-08-04 20:04:49,551 INFO [org.junit.Test] zero00289
2016-08-04 20:04:49,551 INFO [org.junit.Test] zero00290
2016-08-04 20:04:49,551 INFO [org.junit.Test] zero00291
2016-08-04 20:04:49,551 INFO [org.junit.Test] zero00292
2016-08-04 20:04:49,551 INFO [org.junit.Test] zero00293
2016-08-04 20:04:49,551 INFO [org.junit.Test] zero00294
2016-08-04 20:04:49,551 INFO [org.junit.Test] zero00295
2016-08-04 20:04:49,551 INFO [org.junit.Test] zero00296
2016-08-04 20:04:49,551 INFO [org.junit.Test] zero00297
2016-08-04 20:04:49,551 INFO [org.junit.Test] zero00298
2016-08-04 20:04:49,551 INFO [org.junit.Test] zero00299
2016-08-04 20:04:49,551 INFO [org.junit.Test] zero00300
2016-08-04 20:04:49,551 INFO [org.junit.Test] zero00301
2016-08-04 20:04:49,551 INFO [org.junit.Test] zero00302
2016-08-04 20:04:49,551 INFO [org.junit.Test] zero00303
2016-08-04 20:04:49,551 INFO [org.junit.Test] zero00304
2016-08-04 20:04:49,551 INFO [org.junit.Test] zero00305
2016-08-04 20:04:49,551 INFO [org.junit.Test] zero00306
2016-08-04 20:04:49,551 INFO [org.junit.Test] zero00307
2016-08-04 20:04:49,551 INFO [org.junit.Test] zero00308
2016-08-04 20:04:49,551 INFO [org.junit.Test] zero00309
2016-08-04 20:04:49,551 INFO [org.junit.Test] zero00310
2016-08-04 20:04:49,551 INFO [org.junit.Test] zero00311
2016-08-04 20:04:49,551 INFO [org.junit.Test] zero00312
2016-08-04 20:04:49,551 INFO [org.junit.Test] zero00313
2016-08-04 20:04:49,551 INFO [org.junit.Test] zero00314
2016-08-04 20:04:49,551 INFO [org.junit.Test] zero00315
2016-08-04 20:04:49,551 INFO [org.junit.Test] zero00316
2016-08-04 20:04:49,551 INFO [org.junit.Test] zero00317
2016-08-04 20:04:49,551 INFO [org.junit.Test] zero00318
2016-08-04 20:04:49,551 INFO [org.junit.Test] zero00319
2016-08-04 20:04:49,551 INFO [org.junit.Test] zero00320
2016-08-04 20:04:49,551 INFO [org.junit.Test] zero00321
2016-08-04 20:04:49,551 INFO [org.junit.Test] zero00322
2016-08-04 20:04:49,551 INFO [org.junit.Test] zero00323
2016-08-04 20:04:49,551 INFO [org.junit.Test] zero00324
2016-08-04 20:04:49,551 INFO [org.junit.Test] zero00325
2016-08-04 20:04:49,551 INFO [org.junit.Test] zero00326
2016-08-04 20:04:49,551 INFO [org.junit.Test] zero00327
2016-08-04 20:04:49,551 INFO [org.junit.Test] zero00328
2016-08-04 20:04:49,551 INFO [org.junit.Test] zero00329
2016-08-04 20:04:49,551 INFO [org.junit.Test] zero00330
2016-08-04 20:04:49,551 INFO [org.junit.Test] zero00331
2016-08-04 20:04:49,551 INFO [org.junit.Test] zero00332
2016-08-04 20:04:49,551 INFO [org.junit.Test] zero00333
2016-08-04 20:04:49,551 INFO [org.junit.Test] zero00334
2016-08-04 20:04:49,551 INFO [org.junit.Test] zero00335
2016-08-04 20:04:49,551 INFO [org.junit.Test] zero00336
2016-08-04 20:04:49,551 INFO [org.junit.Test] zero00337
2016-08-04 20:04:49,551 INFO [org.junit.Test] zero00338
2016-08-04 20:04:49,551 INFO [org.junit.Test] zero00339
2016-08-04 20:04:49,551 INFO [org.junit.Test] zero00340
2016-08-04 20:04:49,551 INFO [org.junit.Test] zero00341
2016-08-04 20:04:49,551 INFO [org.junit.Test] zero00342
2016-08-04 20:04:49,551 INFO [org.junit.Test] zero00343
2016-08-04 20:04:49,551 INFO [org.junit.Test] zero00344
2016-08-04 20:04:49,551 INFO [org.junit.Test] zero00345
2016-08-04 20:04:49,551 INFO [org.junit.Test] zero00346
2016-08-04 20:04:49,551 INFO [org.junit.Test] zero00347
2016-08-04 20:04:49,551 INFO [org.junit.Test] zero00348
2016-08-04 20:04:49,551 INFO [org.junit.Test] zero00349
2016-08-04 20:04:49,551 INFO [org.junit.Test] zero00350
2016-08-04 20:04:49,551 INFO [org.junit.Test] zero00351
2016-08-04 20:04:49,551 INFO [org.junit.Test] zero00352
2016-08-04 20:04:49,551 INFO [org.junit.Test] zero00353
2016-08-04 20:04:49,551 INFO [org.junit.Test] zero00354
2016-08-04 20:04:49,551 INFO [org.junit.Test] zero00355
2016-08-04 20:04:49,551 INFO [org.junit.Test] zero00356
2016-08-04 20:04:49,551 INFO [org.junit.Test] zero00357
2016-08-04 20:04:49,551 INFO [org.junit.Test] zero00358
2016-08-04 20:04:49,551 INFO [org.junit.Test] zero00359
2016-08-04 20:04:49,551 INFO [org.junit.Test] zero00360
2016-08-04 20:04:49,551 INFO [org.junit.Test] zero00361
2016-08-04 20:04:49,551 INFO [org.junit.Test] zero00362
2016-08-04 20:04:49,551 INFO [org.junit.Test] zero00363
2016-08-04 20:04:49,551 INFO [org.junit.Test] zero00364
2016-08-04 20:04:49,551 INFO [org.junit.Test] zero00365
2016-08-04 20:04:49,551 INFO [org.junit.Test] zero00366
2016-08-04 20:04:49,551 INFO [org.junit.Test] zero00367
2016-08-04 20:04:49,551 INFO [org.junit.Test] zero00368
2016-08-04 20:04:49,551 INFO [org.junit.Test] zero00369
2016-08-04 20:04:49,551 INFO [org.junit.Test] zero00370
2016-08-04 20:04:49,551 INFO [org.junit.Test] zero00371
2016-08-04 20:04:49,551 INFO [org.junit.Test] zero00372
2016-08-04 20:04:49,551 INFO [org.junit.Test] zero00373
2016-08-04 20:04:49,551 INFO [org.junit.Test] zero00374
2016-08-04 20:04:49,551 INFO [org.junit.Test] zero00375
2016-08-04 20:04:49,551 INFO [org.junit.Test] zero00376
2016-08-04 20:04:49,551 INFO [org.junit.Test] zero00377
2016-08-04 20:04:49,551 INFO [org.junit.Test] zero00378
2016-08-04 20:04:49,551 INFO [org.junit.Test] zero00379
2016-08-04 20:04:49,551 INFO [org.junit.Test] zero00380
2016-08-04 20:04:49,551 INFO [org.junit.Test] zero00381
2016-08-04 20:04:49,551 INFO [org.junit.Test] zero00382
2016-08-04 20:04:49,551 INFO [org.junit.Test] zero00383
2016-08-04 20:04:49,551 INFO [org.junit.Test] zero00384
2016-08-04 20:04:49,551 INFO [org.junit.Test] zero00385
2016-08-04 20:04:49,551 INFO [org.junit.Test] zero00386
2016-08-04 20:04:49,551 INFO [org.junit.Test] zero00387
2016-08-04 20:04:49,551 INFO [org.junit.Test] zero00388
2016-08-04 20:04:49,551 INFO [org.junit.Test] zero00389
2016-08-04 20:04:49,551 INFO [org.junit.Test] zero00390
2016-08-04 20:04:49,551 INFO [org.junit.Test] zero00391
2016-08-04 20:04:49,551 INFO [org.junit.Test] zero00392
2016-08-04 20:04:49,551 INFO [org.junit.Test] zero00393
2016-08-04 20:04:49,551 INFO [org.junit.Test] zero00394
2016-08-04 20:04:49,551 INFO [org.junit.Test] zero00395
2016-08-04 20:04:49,551 INFO [org.junit.Test] zero00396
2016-08-04 20:04:49,551 INFO [org.junit.Test] zero00397
2016-08-04 20:04:49,551 INFO [org.junit.Test] zero00398
2016-08-04 20:04:49,551 INFO [org.junit.Test] zero00399
2016-08-04 20:04:49,551 INFO [org.junit.Test] zero00400
2016-08-04 20:04:49,551 INFO [org.junit.Test] zero00401
2016-08-04 20:04:49,551 INFO [org.junit.Test] zero00402
2016-08-04 20:04:49,551 INFO [org.junit.Test] zero00403
2016-08-04 20:04:49,551 INFO [org.junit.Test] zero00404
2016-08-04 20:04:49,551 INFO [org.junit.Test] zero00405
2016-08-04 20:04:49,551 INFO [org.junit.Test] zero00406
2016-08-04 20:04:49,551 INFO [org.junit.Test] zero00407
2016-08-04 20:04:49,551 INFO [org.junit.Test] zero00408
2016-08-04 20:04:49,551 INFO [org.junit.Test] zero00409
2016-08-04 20:04:49,551 INFO [org.junit.Test] zero00410
2016-08-04 20:04:49,551 INFO [org.junit.Test] zero00411
2016-08-04 20:04:49,551 INFO [org.junit.Test] zero00412
2016-08-04 20:04:49,551 INFO [org.junit.Test] zero00413
2016-08-04 20:04:49,551 INFO [org.junit.Test] zero00414
2016-08-04 20:04:49,551 INFO [org.junit.Test] zero00415
2016-08-04 20:04:49,551 INFO [org.junit.Test] zero00416
2016-08-04 20:04:49,551 INFO [org.junit.Test] zero00417
2016-08-04 20:04:49,551 INFO [org.junit.Test] zero00418
2016-08-04 20:04:49,551 INFO [org.junit.Test] zero00419
2016-08-04 20:04:49,551 INFO [org.junit.Test] zero00420
2016-08-04 20:04:49,551 INFO [org.junit.Test] zero00421
2016-08-04 20:04:49,551 INFO [org.junit.Test] zero00422
2016-08-04 20:04:49,551 INFO [org.junit.Test] zero00423
2016-08-04 20:04:49,551 INFO [org.junit.Test] zero00424
2016-08-04 20:04:49,551 INFO [org.junit.Test] zero00425
2016-08-04 20:04:49,551 INFO [org.junit.Test] zero00426
2016-08-04 20:04:49,551 INFO [org.junit.Test] zero00427
2016-08-04 20:04:49,551 INFO [org.junit.Test] zero00428
2016-08-04 20:04:49,551 INFO [org.junit.Test] zero00429
2016-08-04 20:04:49,551 INFO [org.junit.Test] zero00430
2016-08-04 20:04:49,551 INFO [org.junit.Test] zero00431
2016-08-04 20:04:49,551 INFO [org.junit.Test] zero00432
2016-08-04 20:04:49,551 INFO [org.junit.Test] zero00433
2016-08-04 20:04:49,551 INFO [org.junit.Test] zero00434
2016-08-04 20:04:49,551 INFO [org.junit.Test] zero00435
2016-08-04 20:04:49,551 INFO [org.junit.Test] zero00436
2016-08-04 20:04:49,551 INFO [org.junit.Test] zero00437
2016-08-04 20:04:49,551 INFO [org.junit.Test] zero00438
2016-08-04 20:04:49,551 INFO [org.junit.Test] zero00439
2016-08-04 20:04:49,551 INFO [org.junit.Test] zero00440
2016-08-04 20:04:49,551 INFO [org.junit.Test] zero00441
2016-08-04 20:04:49,551 INFO [org.junit.Test] zero00442
2016-08-04 20:04:49,551 INFO [org.junit.Test] zero00443
2016-08-04 20:04:49,551 INFO [org.junit.Test] zero00444
2016-08-04 20:04:49,551 INFO [org.junit.Test] zero00445
2016-08-04 20:04:49,551 INFO [org.junit.Test] zero00446
2016-08-04 20:04:49,551 INFO [org.junit.Test] zero00447
2016-08-04 20:04:49,551 INFO [org.junit.Test] zero00448
2016-08-04 20:04:49,551 INFO [org.junit.Test] zero00449
2016-08-04 20:04:49,551 INFO [org.junit.Test] zero00450
2016-08-04 20:04:49,551 INFO [org.junit.Test] zero00451
2016-08-04 20:04:49,551 INFO [org.junit.Test] zero00452
2016-08-04 20:04:49,551 INFO [org.junit.Test] zero00453
2016-08-04 20:04:49,551 INFO [org.junit.Test] zero00454
2016-08-04 20:04:49,551 INFO [org.junit.Test] zero00455
2016-08-04 20:04:49,551 INFO [org.junit.Test] zero00456
2016-08-04 20:04:49,551 INFO [org.junit.Test] zero00457
2016-08-04 20:04:49,551 INFO [org.junit.Test] zero00458
2016-08-04 20:04:49,551 INFO [org.junit.Test] zero00459
2016-08-04 20:04:49,551 INFO [org.junit.Test] zero00460
2016-08-04 20:04:49,551 INFO [org.junit.Test] zero00461
2016-08-04 20:04:49,551 INFO [org.junit.Test] zero00462
2016-08-04 20:04:49,551 INFO [org.junit.Test] zero00463
2016-08-04 20:04:49,551 INFO [org.junit.Test] zero00464
2016-08-04 20:04:49,551 INFO [org.junit.Test] zero00465
2016-08-04 20:04:49,551 INFO [org.junit.Test] zero00466
2016-08-04 20:04:49,551 INFO [org.junit.Test] zero00467
2016-08-04 20:04:49,551 INFO [org.junit.Test] zero00468
2016-08-04 20:04:49,551 INFO [org.junit.Test] zero00469
2016-08-04 20:04:49,552 INFO [org.junit.Test] zero00470
2016-08-04 20:04:49,552 INFO [org.junit.Test] zero00471
2016-08-04 20:04:49,552 INFO [org.junit.Test] zero00472
2016-08-04 20:04:49,552 INFO [org.junit.Test] zero00473
2016-08-04 20:04:49,552 INFO [org.junit.Test] zero00474
2016-08-04 20:04:49,552 INFO [org.junit.Test] zero00475
2016-08-04 20:04:49,552 INFO [org.junit.Test] zero00476
2016-08-04 20:04:49,552 INFO [org.junit.Test] zero00477
2016-08-04 20:04:49,552 INFO [org.junit.Test] zero00478
2016-08-04 20:04:49,552 INFO [org.junit.Test] zero00479
2016-08-04 20:04:49,552 INFO [org.junit.Test] zero00480
2016-08-04 20:04:49,552 INFO [org.junit.Test] zero00481
2016-08-04 20:04:49,552 INFO [org.junit.Test] zero00482
2016-08-04 20:04:49,552 INFO [org.junit.Test] zero00483
2016-08-04 20:04:49,552 INFO [org.junit.Test] zero00484
2016-08-04 20:04:49,552 INFO [org.junit.Test] zero00485
2016-08-04 20:04:49,552 INFO [org.junit.Test] zero00486
2016-08-04 20:04:49,552 INFO [org.junit.Test] zero00487
2016-08-04 20:04:49,552 INFO [org.junit.Test] zero00488
2016-08-04 20:04:49,552 INFO [org.junit.Test] zero00489
2016-08-04 20:04:49,552 INFO [org.junit.Test] zero00490
2016-08-04 20:04:49,552 INFO [org.junit.Test] zero00491
2016-08-04 20:04:49,552 INFO [org.junit.Test] zero00492
2016-08-04 20:04:49,552 INFO [org.junit.Test] zero00493
2016-08-04 20:04:49,552 INFO [org.junit.Test] zero00494
2016-08-04 20:04:49,552 INFO [org.junit.Test] zero00495
2016-08-04 20:04:49,552 INFO [org.junit.Test] zero00496
2016-08-04 20:04:49,552 INFO [org.junit.Test] zero00497
2016-08-04 20:04:49,552 INFO [org.junit.Test] zero00498
2016-08-04 20:04:49,552 INFO [org.junit.Test] zero00499
2016-08-04 20:04:49,552 INFO [org.junit.Test] zero00500
2016-08-04 20:04:49,552 INFO [org.junit.Test] zero00501
2016-08-04 20:04:49,552 INFO [org.junit.Test] zero00502
2016-08-04 20:04:49,552 INFO [org.junit.Test] zero00503
2016-08-04 20:04:49,552 INFO [org.junit.Test] zero00504
2016-08-04 20:04:49,552 INFO [org.junit.Test] zero00505
2016-08-04 20:04:49,552 INFO [org.junit.Test] zero00506
2016-08-04 20:04:49,552 INFO [org.junit.Test] zero00507
2016-08-04 20:04:49,552 INFO [org.junit.Test] zero00508
2016-08-04 20:04:49,552 INFO [org.junit.Test] zero00509
2016-08-04 20:04:49,552 INFO [org.junit.Test] zero00510
2016-08-04 20:04:49,552 INFO [org.junit.Test] zero00511
2016-08-04 20:04:49,552 INFO [org.junit.Test] zero00512
2016-08-04 20:04:49,552 INFO [org.junit.Test] zero00513
2016-08-04 20:04:49,552 INFO [org.junit.Test] zero00514
2016-08-04 20:04:49,552 INFO [org.junit.Test] zero00515
2016-08-04 20:04:49,552 INFO [org.junit.Test] zero00516
2016-08-04 20:04:49,552 INFO [org.junit.Test] zero00517
2016-08-04 20:04:49,552 INFO [org.junit.Test] zero00518
2016-08-04 20:04:49,552 INFO [org.junit.Test] zero00519
2016-08-04 20:04:49,552 INFO [org.junit.Test] zero00520
2016-08-04 20:04:49,552 INFO [org.junit.Test] zero00521
2016-08-04 20:04:49,552 INFO [org.junit.Test] zero00522
2016-08-04 20:04:49,552 INFO [org.junit.Test] zero00523
2016-08-04 20:04:49,552 INFO [org.junit.Test] zero00524
2016-08-04 20:04:49,552 INFO [org.junit.Test] zero00525
2016-08-04 20:04:49,552 INFO [org.junit.Test] zero00526
2016-08-04 20:04:49,552 INFO [org.junit.Test] zero00527
2016-08-04 20:04:49,552 INFO [org.junit.Test] zero00528
2016-08-04 20:04:49,552 INFO [org.junit.Test] zero00529
2016-08-04 20:04:49,552 INFO [org.junit.Test] zero00530
2016-08-04 20:04:49,552 INFO [org.junit.Test] zero00531
2016-08-04 20:04:49,552 INFO [org.junit.Test] zero00532
2016-08-04 20:04:49,552 INFO [org.junit.Test] zero00533
2016-08-04 20:04:49,552 INFO [org.junit.Test] zero00534
2016-08-04 20:04:49,552 INFO [org.junit.Test] zero00535
2016-08-04 20:04:49,552 INFO [org.junit.Test] zero00536
2016-08-04 20:04:49,552 INFO [org.junit.Test] zero00537
2016-08-04 20:04:49,552 INFO [org.junit.Test] zero00538
2016-08-04 20:04:49,552 INFO [org.junit.Test] zero00539
2016-08-04 20:04:49,552 INFO [org.junit.Test] zero00540
2016-08-04 20:04:49,552 INFO [org.junit.Test] zero00541
2016-08-04 20:04:49,552 INFO [org.junit.Test] zero00542
2016-08-04 20:04:49,552 INFO [org.junit.Test] zero00543
2016-08-04 20:04:49,552 INFO [org.junit.Test] zero00544
2016-08-04 20:04:49,552 INFO [org.junit.Test] zero00545
2016-08-04 20:04:49,552 INFO [org.junit.Test] zero00546
2016-08-04 20:04:49,552 INFO [org.junit.Test] zero00547
2016-08-04 20:04:49,552 INFO [org.junit.Test] zero00548
2016-08-04 20:04:49,552 INFO [org.junit.Test] zero00549
2016-08-04 20:04:49,552 INFO [org.junit.Test] zero00550
2016-08-04 20:04:49,552 INFO [org.junit.Test] zero00551
2016-08-04 20:04:49,552 INFO [org.junit.Test] zero00552
2016-08-04 20:04:49,552 INFO [org.junit.Test] zero00553
2016-08-04 20:04:49,552 INFO [org.junit.Test] zero00554
2016-08-04 20:04:49,552 INFO [org.junit.Test] zero00555
2016-08-04 20:04:49,552 INFO [org.junit.Test] zero00556
2016-08-04 20:04:49,552 INFO [org.junit.Test] zero00557
2016-08-04 20:04:49,552 INFO [org.junit.Test] zero00558
2016-08-04 20:04:49,552 INFO [org.junit.Test] zero00559
2016-08-04 20:04:49,552 INFO [org.junit.Test] zero00560
2016-08-04 20:04:49,552 INFO [org.junit.Test] zero00561
2016-08-04 20:04:49,552 INFO [org.junit.Test] zero00562
2016-08-04 20:04:49,552 INFO [org.junit.Test] zero00563
2016-08-04 20:04:49,552 INFO [org.junit.Test] zero00564
2016-08-04 20:04:49,552 INFO [org.junit.Test] zero00565
2016-08-04 20:04:49,552 INFO [org.junit.Test] zero00566
2016-08-04 20:04:49,552 INFO [org.junit.Test] zero00567
2016-08-04 20:04:49,552 INFO [org.junit.Test] zero00568
2016-08-04 20:04:49,552 INFO [org.junit.Test] zero00569
2016-08-04 20:04:49,552 INFO [org.junit.Test] zero00570
2016-08-04 20:04:49,552 INFO [org.junit.Test] zero00571
2016-08-04 20:04:49,552 INFO [org.junit.Test] zero00572
2016-08-04 20:04:49,552 INFO [org.junit.Test] zero00573
2016-08-04 20:04:49,552 INFO [org.junit.Test] zero00574
2016-08-04 20:04:49,552 INFO [org.junit.Test] zero00575
2016-08-04 20:04:49,552 INFO [org.junit.Test] zero00576
2016-08-04 20:04:49,552 INFO [org.junit.Test] zero00577
2016-08-04 20:04:49,552 INFO [org.junit.Test] zero00578
2016-08-04 20:04:49,552 INFO [org.junit.Test] zero00579
2016-08-04 20:04:49,552 INFO [org.junit.Test] zero00580
2016-08-04 20:04:49,552 INFO [org.junit.Test] zero00581
2016-08-04 20:04:49,552 INFO [org.junit.Test] zero00582
2016-08-04 20:04:49,552 INFO [org.junit.Test] zero00583
2016-08-04 20:04:49,552 INFO [org.junit.Test] zero00584
2016-08-04 20:04:49,552 INFO [org.junit.Test] zero00585
2016-08-04 20:04:49,552 INFO [org.junit.Test] zero00586
2016-08-04 20:04:49,552 INFO [org.junit.Test] zero00587
2016-08-04 20:04:49,552 INFO [org.junit.Test] zero00588
2016-08-04 20:04:49,552 INFO [org.junit.Test] zero00589
2016-08-04 20:04:49,552 INFO [org.junit.Test] zero00590
2016-08-04 20:04:49,552 INFO [org.junit.Test] zero00591
2016-08-04 20:04:49,552 INFO [org.junit.Test] zero00592
2016-08-04 20:04:49,552 INFO [org.junit.Test] zero00593
2016-08-04 20:04:49,552 INFO [org.junit.Test] zero00594
2016-08-04 20:04:49,552 INFO [org.junit.Test] zero00595
2016-08-04 20:04:49,552 INFO [org.junit.Test] zero00596
2016-08-04 20:04:49,552 INFO [org.junit.Test] zero00597
2016-08-04 20:04:49,552 INFO [org.junit.Test] zero00598
2016-08-04 20:04:49,552 INFO [org.junit.Test] zero00599
2016-08-04 20:04:49,552 INFO [org.junit.Test] zero00600
2016-08-04 20:04:49,552 INFO [org.junit.Test] zero00601
2016-08-04 20:04:49,552 INFO [org.junit.Test] zero00602
2016-08-04 20:04:49,552 INFO [org.junit.Test] zero00603
2016-08-04 20:04:49,552 INFO [org.junit.Test] zero00604
2016-08-04 20:04:49,552 INFO [org.junit.Test] zero00605
2016-08-04 20:04:49,552 INFO [org.junit.Test] zero00606
2016-08-04 20:04:49,552 INFO [org.junit.Test] zero00607
2016-08-04 20:04:49,552 INFO [org.junit.Test] zero00608
2016-08-04 20:04:49,552 INFO [org.junit.Test] zero00609
2016-08-04 20:04:49,552 INFO [org.junit.Test] zero00610
2016-08-04 20:04:49,552 INFO [org.junit.Test] zero00611
2016-08-04 20:04:49,552 INFO [org.junit.Test] zero00612
2016-08-04 20:04:49,552 INFO [org.junit.Test] zero00613
2016-08-04 20:04:49,552 INFO [org.junit.Test] zero00614
2016-08-04 20:04:49,552 INFO [org.junit.Test] zero00615
2016-08-04 20:04:49,552 INFO [org.junit.Test] zero00616
2016-08-04 20:04:49,552 INFO [org.junit.Test] zero00617
2016-08-04 20:04:49,552 INFO [org.junit.Test] zero00618
2016-08-04 20:04:49,552 INFO [org.junit.Test] zero00619
2016-08-04 20:04:49,552 INFO [org.junit.Test] zero00620
2016-08-04 20:04:49,552 INFO [org.junit.Test] zero00621
2016-08-04 20:04:49,552 INFO [org.junit.Test] zero00622
2016-08-04 20:04:49,552 INFO [org.junit.Test] zero00623
2016-08-04 20:04:49,552 INFO [org.junit.Test] zero00624
2016-08-04 20:04:49,552 INFO [org.junit.Test] zero00625
2016-08-04 20:04:49,552 INFO [org.junit.Test] zero00626
2016-08-04 20:04:49,552 INFO [org.junit.Test] zero00627
2016-08-04 20:04:49,552 INFO [org.junit.Test] zero00628
2016-08-04 20:04:49,552 INFO [org.junit.Test] zero00629
2016-08-04 20:04:49,552 INFO [org.junit.Test] zero00630
2016-08-04 20:04:49,552 INFO [org.junit.Test] zero00631
2016-08-04 20:04:49,552 INFO [org.junit.Test] zero00632
2016-08-04 20:04:49,552 INFO [org.junit.Test] zero00633
2016-08-04 20:04:49,552 INFO [org.junit.Test] zero00634
2016-08-04 20:04:49,552 INFO [org.junit.Test] zero00635
2016-08-04 20:04:49,552 INFO [org.junit.Test] zero00636
2016-08-04 20:04:49,552 INFO [org.junit.Test] zero00637
2016-08-04 20:04:49,552 INFO [org.junit.Test] zero00638
2016-08-04 20:04:49,552 INFO [org.junit.Test] zero00639
2016-08-04 20:04:49,552 INFO [org.junit.Test] zero00640
2016-08-04 20:04:49,552 INFO [org.junit.Test] zero00641
2016-08-04 20:04:49,552 INFO [org.junit.Test] zero00642
2016-08-04 20:04:49,552 INFO [org.junit.Test] zero00643
2016-08-04 20:04:49,552 INFO [org.junit.Test] zero00644
2016-08-04 20:04:49,552 INFO [org.junit.Test] zero00645
2016-08-04 20:04:49,552 INFO [org.junit.Test] zero00646
2016-08-04 20:04:49,552 INFO [org.junit.Test] zero00647
2016-08-04 20:04:49,552 INFO [org.junit.Test] zero00648
2016-08-04 20:04:49,552 INFO [org.junit.Test] zero00649
2016-08-04 20:04:49,552 INFO [org.junit.Test] zero00650
2016-08-04 20:04:49,552 INFO [org.junit.Test] zero00651
2016-08-04 20:04:49,552 INFO [org.junit.Test] zero00652
2016-08-04 20:04:49,552 INFO [org.junit.Test] zero00653
2016-08-04 20:04:49,552 INFO [org.junit.Test] zero00654
2016-08-04 20:04:49,552 INFO [org.junit.Test] zero00655
2016-08-04 20:04:49,552 INFO [org.junit.Test] zero00656
2016-08-04 20:04:49,552 INFO [org.junit.Test] zero00657
2016-08-04 20:04:49,552 INFO [org.junit.Test] zero00658
2016-08-04 20:04:49,552 INFO [org.junit.Test] zero00659
2016-08-04 20:04:49,552 INFO [org.junit.Test] zero00660
2016-08-04 20:04:49,552 INFO [org.junit.Test] zero00661
2016-08-04 20:04:49,552 INFO [org.junit.Test] zero00662
2016-08-04 20:04:49,552 INFO [org.junit.Test] zero00663
2016-08-04 20:04:49,552 INFO [org.junit.Test] zero00664
2016-08-04 20:04:49,552 INFO [org.junit.Test] zero00665
2016-08-04 20:04:49,552 INFO [org.junit.Test] zero00666
2016-08-04 20:04:49,552 INFO [org.junit.Test] zero00667
2016-08-04 20:04:49,552 INFO [org.junit.Test] zero00668
2016-08-04 20:04:49,552 INFO [org.junit.Test] zero00669
2016-08-04 20:04:49,552 INFO [org.junit.Test] zero00670
2016-08-04 20:04:49,552 INFO [org.junit.Test] zero00671
2016-08-04 20:04:49,552 INFO [org.junit.Test] zero00672
2016-08-04 20:04:49,552 INFO [org.junit.Test] zero00673
2016-08-04 20:04:49,552 INFO [org.junit.Test] zero00674
2016-08-04 20:04:49,552 INFO [org.junit.Test] zero00675
2016-08-04 20:04:49,552 INFO [org.junit.Test] zero00676
2016-08-04 20:04:49,552 INFO [org.junit.Test] zero00677
2016-08-04 20:04:49,552 INFO [org.junit.Test] zero00678
2016-08-04 20:04:49,552 INFO [org.junit.Test] zero00679
2016-08-04 20:04:49,552 INFO [org.junit.Test] zero00680
2016-08-04 20:04:49,552 INFO [org.junit.Test] zero00681
2016-08-04 20:04:49,552 INFO [org.junit.Test] zero00682
2016-08-04 20:04:49,552 INFO [org.junit.Test] zero00683
2016-08-04 20:04:49,552 INFO [org.junit.Test] zero00684
2016-08-04 20:04:49,552 INFO [org.junit.Test] zero00685
2016-08-04 20:04:49,552 INFO [org.junit.Test] zero00686
2016-08-04 20:04:49,552 INFO [org.junit.Test] zero00687
2016-08-04 20:04:49,552 INFO [org.junit.Test] zero00688
2016-08-04 20:04:49,552 INFO [org.junit.Test] zero00689
2016-08-04 20:04:49,552 INFO [org.junit.Test] zero00690
2016-08-04 20:04:49,552 INFO [org.junit.Test] zero00691
2016-08-04 20:04:49,552 INFO [org.junit.Test] zero00692
2016-08-04 20:04:49,552 INFO [org.junit.Test] zero00693
2016-08-04 20:04:49,552 INFO [org.junit.Test] zero00694
2016-08-04 20:04:49,552 INFO [org.junit.Test] zero00695
2016-08-04 20:04:49,552 INFO [org.junit.Test] zero00696
2016-08-04 20:04:49,552 INFO [org.junit.Test] zero00697
2016-08-04 20:04:49,552 INFO [org.junit.Test] zero00698
2016-08-04 20:04:49,552 INFO [org.junit.Test] zero00699
2016-08-04 20:04:49,552 INFO [org.junit.Test] zero00700
2016-08-04 20:04:49,552 INFO [org.junit.Test] zero00701
2016-08-04 20:04:49,552 INFO [org.junit.Test] zero00702
2016-08-04 20:04:49,552 INFO [org.junit.Test] zero00703
2016-08-04 20:04:49,552 INFO [org.junit.Test] zero00704
2016-08-04 20:04:49,552 INFO [org.junit.Test] zero00705
2016-08-04 20:04:49,552 INFO [org.junit.Test] zero00706
2016-08-04 20:04:49,552 INFO [org.junit.Test] zero00707
2016-08-04 20:04:49,552 INFO [org.junit.Test] zero00708
2016-08-04 20:04:49,552 INFO [org.junit.Test] zero00709
2016-08-04 20:04:49,552 INFO [org.junit.Test] zero00710
2016-08-04 20:04:49,552 INFO [org.junit.Test] zero00711
2016-08-04 20:04:49,552 INFO [org.junit.Test] zero00712
2016-08-04 20:04:49,552 INFO [org.junit.Test] zero00713
2016-08-04 20:04:49,552 INFO [org.junit.Test] zero00714
2016-08-04 20:04:49,552 INFO [org.junit.Test] zero00715
2016-08-04 20:04:49,552 INFO [org.junit.Test] zero00716
2016-08-04 20:04:49,552 INFO [org.junit.Test] zero00717
2016-08-04 20:04:49,552 INFO [org.junit.Test] zero00718
2016-08-04 20:04:49,552 INFO [org.junit.Test] zero00719
2016-08-04 20:04:49,552 INFO [org.junit.Test] zero00720
2016-08-04 20:04:49,552 INFO [org.junit.Test] zero00721
2016-08-04 20:04:49,552 INFO [org.junit.Test] zero00722
2016-08-04 20:04:49,552 INFO [org.junit.Test] zero00723
2016-08-04 20:04:49,552 INFO [org.junit.Test] zero00724
2016-08-04 20:04:49,552 INFO [org.junit.Test] zero00725
2016-08-04 20:04:49,552 INFO [org.junit.Test] zero00726
2016-08-04 20:04:49,552 INFO [org.junit.Test] zero00727
2016-08-04 20:04:49,552 INFO [org.junit.Test] zero00728
2016-08-04 20:04:49,552 INFO [org.junit.Test] zero00729
2016-08-04 20:04:49,552 INFO [org.junit.Test] zero00730
2016-08-04 20:04:49,552 INFO [org.junit.Test] zero00731
2016-08-04 20:04:49,552 INFO [org.junit.Test] zero00732
2016-08-04 20:04:49,552 INFO [org.junit.Test] zero00733
2016-08-04 20:04:49,552 INFO [org.junit.Test] zero00734
2016-08-04 20:04:49,552 INFO [org.junit.Test] zero00735
2016-08-04 20:04:49,552 INFO [org.junit.Test] zero00736
2016-08-04 20:04:49,552 INFO [org.junit.Test] zero00737
2016-08-04 20:04:49,552 INFO [org.junit.Test] zero00738
2016-08-04 20:04:49,552 INFO [org.junit.Test] zero00739
2016-08-04 20:04:49,552 INFO [org.junit.Test] zero00740
2016-08-04 20:04:49,552 INFO [org.junit.Test] zero00741
2016-08-04 20:04:49,552 INFO [org.junit.Test] zero00742
2016-08-04 20:04:49,552 INFO [org.junit.Test] zero00743
2016-08-04 20:04:49,552 INFO [org.junit.Test] zero00744
2016-08-04 20:04:49,552 INFO [org.junit.Test] zero00745
2016-08-04 20:04:49,552 INFO [org.junit.Test] zero00746
2016-08-04 20:04:49,552 INFO [org.junit.Test] zero00747
2016-08-04 20:04:49,552 INFO [org.junit.Test] zero00748
2016-08-04 20:04:49,552 INFO [org.junit.Test] zero00749
2016-08-04 20:04:49,552 INFO [org.junit.Test] zero00750
2016-08-04 20:04:49,552 INFO [org.junit.Test] zero00751
2016-08-04 20:04:49,552 INFO [org.junit.Test] zero00752
2016-08-04 20:04:49,552 INFO [org.junit.Test] zero00753
2016-08-04 20:04:49,552 INFO [org.junit.Test] zero00754
2016-08-04 20:04:49,552 INFO [org.junit.Test] zero00755
2016-08-04 20:04:49,552 INFO [org.junit.Test] zero00756
2016-08-04 20:04:49,552 INFO [org.junit.Test] zero00757
2016-08-04 20:04:49,552 INFO [org.junit.Test] zero00758
2016-08-04 20:04:49,552 INFO [org.junit.Test] zero00759
2016-08-04 20:04:49,552 INFO [org.junit.Test] zero00760
2016-08-04 20:04:49,552 INFO [org.junit.Test] zero00761
2016-08-04 20:04:49,552 INFO [org.junit.Test] zero00762
2016-08-04 20:04:49,552 INFO [org.junit.Test] zero00763
2016-08-04 20:04:49,552 INFO [org.junit.Test] zero00764
2016-08-04 20:04:49,552 INFO [org.junit.Test] zero00765
2016-08-04 20:04:49,552 INFO [org.junit.Test] zero00766
2016-08-04 20:04:49,552 INFO [org.junit.Test] zero00767
2016-08-04 20:04:49,552 INFO [org.junit.Test] zero00768
2016-08-04 20:04:49,552 INFO [org.junit.Test] zero00769
2016-08-04 20:04:49,552 INFO [org.junit.Test] zero00770
2016-08-04 20:04:49,552 INFO [org.junit.Test] zero00771
2016-08-04 20:04:49,552 INFO [org.junit.Test] zero00772
2016-08-04 20:04:49,552 INFO [org.junit.Test] zero00773
2016-08-04 20:04:49,552 INFO [org.junit.Test] zero00774
2016-08-04 20:04:49,552 INFO [org.junit.Test] zero00775
2016-08-04 20:04:49,552 INFO [org.junit.Test] zero00776
2016-08-04 20:04:49,552 INFO [org.junit.Test] zero00777
2016-08-04 20:04:49,552 INFO [org.junit.Test] zero00778
2016-08-04 20:04:49,552 INFO [org.junit.Test] zero00779
2016-08-04 20:04:49,552 INFO [org.junit.Test] zero00780
2016-08-04 20:04:49,552 INFO [org.junit.Test] zero00781
2016-08-04 20:04:49,552 INFO [org.junit.Test] zero00782
2016-08-04 20:04:49,552 INFO [org.junit.Test] zero00783
2016-08-04 20:04:49,552 INFO [org.junit.Test] zero00784
2016-08-04 20:04:49,552 INFO [org.junit.Test] zero00785
2016-08-04 20:04:49,552 INFO [org.junit.Test] zero00786
2016-08-04 20:04:49,552 INFO [org.junit.Test] zero00787
2016-08-04 20:04:49,552 INFO [org.junit.Test] zero00788
2016-08-04 20:04:49,552 INFO [org.junit.Test] zero00789
2016-08-04 20:04:49,552 INFO [org.junit.Test] zero00790
2016-08-04 20:04:49,552 INFO [org.junit.Test] zero00791
2016-08-04 20:04:49,552 INFO [org.junit.Test] zero00792
2016-08-04 20:04:49,552 INFO [org.junit.Test] zero00793
2016-08-04 20:04:49,552 INFO [org.junit.Test] zero00794
2016-08-04 20:04:49,552 INFO [org.junit.Test] zero00795
2016-08-04 20:04:49,552 INFO [org.junit.Test] zero00796
2016-08-04 20:04:49,552 INFO [org.junit.Test] zero00797
2016-08-04 20:04:49,553 INFO [org.junit.Test] zero00798
2016-08-04 20:04:49,553 INFO [org.junit.Test] zero00799
2016-08-04 20:04:49,553 INFO [org.junit.Test] zero00800
2016-08-04 20:04:49,553 INFO [org.junit.Test] zero00801
2016-08-04 20:04:49,553 INFO [org.junit.Test] zero00802
2016-08-04 20:04:49,553 INFO [org.junit.Test] zero00803
2016-08-04 20:04:49,553 INFO [org.junit.Test] zero00804
2016-08-04 20:04:49,553 INFO [org.junit.Test] zero00805
2016-08-04 20:04:49,553 INFO [org.junit.Test] zero00806
2016-08-04 20:04:49,553 INFO [org.junit.Test] zero00807
2016-08-04 20:04:49,553 INFO [org.junit.Test] zero00808
2016-08-04 20:04:49,553 INFO [org.junit.Test] zero00809
2016-08-04 20:04:49,553 INFO [org.junit.Test] zero00810
2016-08-04 20:04:49,553 INFO [org.junit.Test] zero00811
2016-08-04 20:04:49,553 INFO [org.junit.Test] zero00812
2016-08-04 20:04:49,553 INFO [org.junit.Test] zero00813
2016-08-04 20:04:49,553 INFO [org.junit.Test] zero00814
2016-08-04 20:04:49,553 INFO [org.junit.Test] zero00815
2016-08-04 20:04:49,553 INFO [org.junit.Test] zero00816
2016-08-04 20:04:49,553 INFO [org.junit.Test] zero00817
2016-08-04 20:04:49,553 INFO [org.junit.Test] zero00818
2016-08-04 20:04:49,553 INFO [org.junit.Test] zero00819
2016-08-04 20:04:49,553 INFO [org.junit.Test] zero00820
2016-08-04 20:04:49,553 INFO [org.junit.Test] zero00821
2016-08-04 20:04:49,553 INFO [org.junit.Test] zero00822
2016-08-04 20:04:49,553 INFO [org.junit.Test] zero00823
2016-08-04 20:04:49,553 INFO [org.junit.Test] zero00824
2016-08-04 20:04:49,553 INFO [org.junit.Test] zero00825
2016-08-04 20:04:49,553 INFO [org.junit.Test] zero00826
2016-08-04 20:04:49,553 INFO [org.junit.Test] zero00827
2016-08-04 20:04:49,553 INFO [org.junit.Test] zero00828
2016-08-04 20:04:49,553 INFO [org.junit.Test] zero00829
2016-08-04 20:04:49,553 INFO [org.junit.Test] zero00830
2016-08-04 20:04:49,553 INFO [org.junit.Test] zero00831
2016-08-04 20:04:49,553 INFO [org.junit.Test] zero00832
2016-08-04 20:04:49,553 INFO [org.junit.Test] zero00833
2016-08-04 20:04:49,553 INFO [org.junit.Test] zero00834
2016-08-04 20:04:49,553 INFO [org.junit.Test] zero00835
2016-08-04 20:04:49,553 INFO [org.junit.Test] zero00836
2016-08-04 20:04:49,553 INFO [org.junit.Test] zero00837
2016-08-04 20:04:49,553 INFO [org.junit.Test] zero00838
2016-08-04 20:04:49,553 INFO [org.junit.Test] zero00839
2016-08-04 20:04:49,553 INFO [org.junit.Test] zero00840
2016-08-04 20:04:49,553 INFO [org.junit.Test] zero00841
2016-08-04 20:04:49,553 INFO [org.junit.Test] zero00842
2016-08-04 20:04:49,553 INFO [org.junit.Test] zero00843
2016-08-04 20:04:49,553 INFO [org.junit.Test] zero00844
2016-08-04 20:04:49,553 INFO [org.junit.Test] zero00845
2016-08-04 20:04:49,553 INFO [org.junit.Test] zero00846
2016-08-04 20:04:49,553 INFO [org.junit.Test] zero00847
2016-08-04 20:04:49,553 INFO [org.junit.Test] zero00848
2016-08-04 20:04:49,553 INFO [org.junit.Test] zero00849
2016-08-04 20:04:49,553 INFO [org.junit.Test] zero00850
2016-08-04 20:04:49,553 INFO [org.junit.Test] zero00851
2016-08-04 20:04:49,553 INFO [org.junit.Test] zero00852
2016-08-04 20:04:49,553 INFO [org.junit.Test] zero00853
2016-08-04 20:04:49,553 INFO [org.junit.Test] zero00854
2016-08-04 20:04:49,553 INFO [org.junit.Test] zero00855
2016-08-04 20:04:49,553 INFO [org.junit.Test] zero00856
2016-08-04 20:04:49,553 INFO [org.junit.Test] zero00857
2016-08-04 20:04:49,553 INFO [org.junit.Test] zero00858
2016-08-04 20:04:49,553 INFO [org.junit.Test] zero00859
2016-08-04 20:04:49,553 INFO [org.junit.Test] zero00860
2016-08-04 20:04:49,553 INFO [org.junit.Test] zero00861
2016-08-04 20:04:49,553 INFO [org.junit.Test] zero00862
2016-08-04 20:04:49,553 INFO [org.junit.Test] zero00863
2016-08-04 20:04:49,553 INFO [org.junit.Test] zero00864
2016-08-04 20:04:49,553 INFO [org.junit.Test] zero00865
2016-08-04 20:04:49,553 INFO [org.junit.Test] zero00866
2016-08-04 20:04:49,553 INFO [org.junit.Test] zero00867
2016-08-04 20:04:49,553 INFO [org.junit.Test] zero00868
2016-08-04 20:04:49,553 INFO [org.junit.Test] zero00869
2016-08-04 20:04:49,553 INFO [org.junit.Test] zero00870
2016-08-04 20:04:49,553 INFO [org.junit.Test] zero00871
2016-08-04 20:04:49,553 INFO [org.junit.Test] zero00872
2016-08-04 20:04:49,553 INFO [org.junit.Test] zero00873
2016-08-04 20:04:49,553 INFO [org.junit.Test] zero00874
2016-08-04 20:04:49,553 INFO [org.junit.Test] zero00875
2016-08-04 20:04:49,553 INFO [org.junit.Test] zero00876
2016-08-04 20:04:49,553 INFO [org.junit.Test] zero00877
2016-08-04 20:04:49,553 INFO [org.junit.Test] zero00878
2016-08-04 20:04:49,553 INFO [org.junit.Test] zero00879
2016-08-04 20:04:49,553 INFO [org.junit.Test] zero00880
2016-08-04 20:04:49,553 INFO [org.junit.Test] zero00881
2016-08-04 20:04:49,553 INFO [org.junit.Test] zero00882
2016-08-04 20:04:49,553 INFO [org.junit.Test] zero00883
2016-08-04 20:04:49,553 INFO [org.junit.Test] zero00884
2016-08-04 20:04:49,553 INFO [org.junit.Test] zero00885
2016-08-04 20:04:49,553 INFO [org.junit.Test] zero00886
2016-08-04 20:04:49,553 INFO [org.junit.Test] zero00887
2016-08-04 20:04:49,553 INFO [org.junit.Test] zero00888
2016-08-04 20:04:49,553 INFO [org.junit.Test] zero00889
2016-08-04 20:04:49,553 INFO [org.junit.Test] zero00890
2016-08-04 20:04:49,553 INFO [org.junit.Test] zero00891
2016-08-04 20:04:49,553 INFO [org.junit.Test] zero00892
2016-08-04 20:04:49,553 INFO [org.junit.Test] zero00893
2016-08-04 20:04:49,553 INFO [org.junit.Test] zero00894
2016-08-04 20:04:49,553 INFO [org.junit.Test] zero00895
2016-08-04 20:04:49,553 INFO [org.junit.Test] zero00896
2016-08-04 20:04:49,553 INFO [org.junit.Test] zero00897
2016-08-04 20:04:49,553 INFO [org.junit.Test] zero00898
2016-08-04 20:04:49,553 INFO [org.junit.Test] zero00899
2016-08-04 20:04:49,553 INFO [org.junit.Test] zero00900
2016-08-04 20:04:49,553 INFO [org.junit.Test] zero00901
2016-08-04 20:04:49,553 INFO [org.junit.Test] zero00902
2016-08-04 20:04:49,553 INFO [org.junit.Test] zero00903
2016-08-04 20:04:49,553 INFO [org.junit.Test] zero00904
2016-08-04 20:04:49,553 INFO [org.junit.Test] zero00905
2016-08-04 20:04:49,553 INFO [org.junit.Test] zero00906
2016-08-04 20:04:49,553 INFO [org.junit.Test] zero00907
2016-08-04 20:04:49,553 INFO [org.junit.Test] zero00908
2016-08-04 20:04:49,553 INFO [org.junit.Test] zero00909
2016-08-04 20:04:49,553 INFO [org.junit.Test] zero00910
2016-08-04 20:04:49,553 INFO [org.junit.Test] zero00911
2016-08-04 20:04:49,553 INFO [org.junit.Test] zero00912
2016-08-04 20:04:49,553 INFO [org.junit.Test] zero00913
2016-08-04 20:04:49,553 INFO [org.junit.Test] zero00914
2016-08-04 20:04:49,553 INFO [org.junit.Test] zero00915
2016-08-04 20:04:49,553 INFO [org.junit.Test] zero00916
2016-08-04 20:04:49,553 INFO [org.junit.Test] zero00917
2016-08-04 20:04:49,553 INFO [org.junit.Test] zero00918
2016-08-04 20:04:49,553 INFO [org.junit.Test] zero00919
2016-08-04 20:04:49,553 INFO [org.junit.Test] zero00920
2016-08-04 20:04:49,553 INFO [org.junit.Test] zero00921
2016-08-04 20:04:49,553 INFO [org.junit.Test] zero00922
2016-08-04 20:04:49,553 INFO [org.junit.Test] zero00923
2016-08-04 20:04:49,553 INFO [org.junit.Test] zero00924
2016-08-04 20:04:49,553 INFO [org.junit.Test] zero00925
2016-08-04 20:04:49,553 INFO [org.junit.Test] zero00926
2016-08-04 20:04:49,553 INFO [org.junit.Test] zero00927
2016-08-04 20:04:49,553 INFO [org.junit.Test] zero00928
2016-08-04 20:04:49,553 INFO [org.junit.Test] zero00929
2016-08-04 20:04:49,553 INFO [org.junit.Test] zero00930
2016-08-04 20:04:49,553 INFO [org.junit.Test] zero00931
2016-08-04 20:04:49,553 INFO [org.junit.Test] zero00932
2016-08-04 20:04:49,553 INFO [org.junit.Test] zero00933
2016-08-04 20:04:49,553 INFO [org.junit.Test] zero00934
2016-08-04 20:04:49,553 INFO [org.junit.Test] zero00935
2016-08-04 20:04:49,553 INFO [org.junit.Test] zero00936
2016-08-04 20:04:49,553 INFO [org.junit.Test] zero00937
2016-08-04 20:04:49,553 INFO [org.junit.Test] zero00938
2016-08-04 20:04:49,553 INFO [org.junit.Test] zero00939
2016-08-04 20:04:49,553 INFO [org.junit.Test] zero00940
2016-08-04 20:04:49,553 INFO [org.junit.Test] zero00941
2016-08-04 20:04:49,553 INFO [org.junit.Test] zero00942
2016-08-04 20:04:49,553 INFO [org.junit.Test] zero00943
2016-08-04 20:04:49,553 INFO [org.junit.Test] zero00944
2016-08-04 20:04:49,553 INFO [org.junit.Test] zero00945
2016-08-04 20:04:49,553 INFO [org.junit.Test] zero00946
2016-08-04 20:04:49,553 INFO [org.junit.Test] zero00947
2016-08-04 20:04:49,553 INFO [org.junit.Test] zero00948
2016-08-04 20:04:49,553 INFO [org.junit.Test] zero00949
2016-08-04 20:04:49,553 INFO [org.junit.Test] zero00950
2016-08-04 20:04:49,553 INFO [org.junit.Test] zero00951
2016-08-04 20:04:49,553 INFO [org.junit.Test] zero00952
2016-08-04 20:04:49,553 INFO [org.junit.Test] zero00953
2016-08-04 20:04:49,553 INFO [org.junit.Test] zero00954
2016-08-04 20:04:49,553 INFO [org.junit.Test] zero00955
2016-08-04 20:04:49,553 INFO [org.junit.Test] zero00956
2016-08-04 20:04:49,553 INFO [org.junit.Test] zero00957
2016-08-04 20:04:49,553 INFO [org.junit.Test] zero00958
2016-08-04 20:04:49,553 INFO [org.junit.Test] zero00959
2016-08-04 20:04:49,553 INFO [org.junit.Test] zero00960
2016-08-04 20:04:49,553 INFO [org.junit.Test] zero00961
2016-08-04 20:04:49,553 INFO [org.junit.Test] zero00962
2016-08-04 20:04:49,553 INFO [org.junit.Test] zero00963
2016-08-04 20:04:49,553 INFO [org.junit.Test] zero00964
2016-08-04 20:04:49,553 INFO [org.junit.Test] zero00965
2016-08-04 20:04:49,553 INFO [org.junit.Test] zero00966
2016-08-04 20:04:49,553 INFO [org.junit.Test] zero00967
2016-08-04 20:04:49,553 INFO [org.junit.Test] zero00968
2016-08-04 20:04:49,553 INFO [org.junit.Test] zero00969
2016-08-04 20:04:49,553 INFO [org.junit.Test] zero00970
2016-08-04 20:04:49,553 INFO [org.junit.Test] zero00971
2016-08-04 20:04:49,553 INFO [org.junit.Test] zero00972
2016-08-04 20:04:49,553 INFO [org.junit.Test] zero00973
2016-08-04 20:04:49,553 INFO [org.junit.Test] zero00974
2016-08-04 20:04:49,553 INFO [org.junit.Test] zero00975
2016-08-04 20:04:49,553 INFO [org.junit.Test] zero00976
2016-08-04 20:04:49,553 INFO [org.junit.Test] zero00977
2016-08-04 20:04:49,553 INFO [org.junit.Test] zero00978
2016-08-04 20:04:49,553 INFO [org.junit.Test] zero00979
2016-08-04 20:04:49,553 INFO [org.junit.Test] zero00980
2016-08-04 20:04:49,553 INFO [org.junit.Test] zero00981
2016-08-04 20:04:49,553 INFO [org.junit.Test] zero00982
2016-08-04 20:04:49,553 INFO [org.junit.Test] zero00983
2016-08-04 20:04:49,553 INFO [org.junit.Test] zero00984
2016-08-04 20:04:49,553 INFO [org.junit.Test] zero00985
2016-08-04 20:04:49,553 INFO [org.junit.Test] zero00986
2016-08-04 20:04:49,553 INFO [org.junit.Test] zero00987
2016-08-04 20:04:49,553 INFO [org.junit.Test] zero00988
2016-08-04 20:04:49,553 INFO [org.junit.Test] zero00989
2016-08-04 20:04:49,553 INFO [org.junit.Test] zero00990
2016-08-04 20:04:49,553 INFO [org.junit.Test] zero00991
2016-08-04 20:04:49,553 INFO [org.junit.Test] zero00992
2016-08-04 20:04:49,553 INFO [org.junit.Test] zero00993
2016-08-04 20:04:49,553 INFO [org.junit.Test] zero00994
2016-08-04 20:04:49,553 INFO [org.junit.Test] zero00995
2016-08-04 20:04:49,553 INFO [org.junit.Test] zero00996
2016-08-04 20:04:49,553 INFO [org.junit.Test] zero00997
2016-08-04 20:04:49,553 INFO [org.junit.Test] zero00998
2016-08-04 20:04:49,553 INFO [org.junit.Test] zero00999
2016-08-04 20:04:52,553 INFO [org.junit.Test] zero000
2016-08-04 20:04:52,553 INFO [org.junit.Test] zero001
2016-08-04 20:04:52,553 INFO [org.junit.Test] zero002
2016-08-04 20:04:52,553 INFO [org.junit.Test] zero003
2016-08-04 20:04:52,553 INFO [org.junit.Test] zero004
2016-08-04 20:04:52,553 INFO [org.junit.Test] zero005
2016-08-04 20:04:52,553 INFO [org.junit.Test] zero006
2016-08-04 20:04:52,553 INFO [org.junit.Test] zero007
2016-08-04 20:04:52,553 INFO [org.junit.Test] zero008
2016-08-04 20:04:52,553 INFO [org.junit.Test] zero009
2016-08-04 20:04:52,553 INFO [org.junit.Test] zero0010
2016-08-04 20:04:52,553 INFO [org.junit.Test] zero0011
2016-08-04 20:04:52,553 INFO [org.junit.Test] zero0012
2016-08-04 20:04:52,553 INFO [org.junit.Test] zero0013
2016-08-04 20:04:52,553 INFO [org.junit.Test] zero0014
2016-08-04 20:04:52,553 INFO [org.junit.Test] zero0015
2016-08-04 20:04:52,553 INFO [org.junit.Test] zero0016
2016-08-04 20:04:52,553 INFO [org.junit.Test] zero0017
2016-08-04 20:04:52,553 INFO [org.junit.Test] zero0018
2016-08-04 20:04:52,553 INFO [org.junit.Test] zero0019
2016-08-04 20:04:52,553 INFO [org.junit.Test] zero0020
2016-08-04 20:04:52,553 INFO [org.junit.Test] zero0021
2016-08-04 20:04:52,553 INFO [org.junit.Test] zero0022
2016-08-04 20:04:52,553 INFO [org.junit.Test] zero0023
2016-08-04 20:04:52,553 INFO [org.junit.Test] zero0024
2016-08-04 20:04:52,553 INFO [org.junit.Test] zero0025
2016-08-04 20:04:52,553 INFO [org.junit.Test] zero0026
2016-08-04 20:04:52,553 INFO [org.junit.Test] zero0027
2016-08-04 20:04:52,553 INFO [org.junit.Test] zero0028
2016-08-04 20:04:52,553 INFO [org.junit.Test] zero0029
2016-08-04 20:04:52,553 INFO [org.junit.Test] zero0030
2016-08-04 20:04:52,553 INFO [org.junit.Test] zero0031
2016-08-04 20:04:52,553 INFO [org.junit.Test] zero0032
2016-08-04 20:04:52,553 INFO [org.junit.Test] zero0033
2016-08-04 20:04:52,553 INFO [org.junit.Test] zero0034
2016-08-04 20:04:52,553 INFO [org.junit.Test] zero0035
2016-08-04 20:04:52,553 INFO [org.junit.Test] zero0036
2016-08-04 20:04:52,553 INFO [org.junit.Test] zero0037
2016-08-04 20:04:52,553 INFO [org.junit.Test] zero0038
2016-08-04 20:04:52,553 INFO [org.junit.Test] zero0039
2016-08-04 20:04:52,553 INFO [org.junit.Test] zero0040
2016-08-04 20:04:52,553 INFO [org.junit.Test] zero0041
2016-08-04 20:04:52,553 INFO [org.junit.Test] zero0042
2016-08-04 20:04:52,553 INFO [org.junit.Test] zero0043
2016-08-04 20:04:52,553 INFO [org.junit.Test] zero0044
2016-08-04 20:04:52,553 INFO [org.junit.Test] zero0045
2016-08-04 20:04:52,553 INFO [org.junit.Test] zero0046
2016-08-04 20:04:52,553 INFO [org.junit.Test] zero0047
2016-08-04 20:04:52,553 INFO [org.junit.Test] zero0048
2016-08-04 20:04:52,553 INFO [org.junit.Test] zero0049
2016-08-04 20:04:52,553 INFO [org.junit.Test] zero0050
2016-08-04 20:04:52,553 INFO [org.junit.Test] zero0051
2016-08-04 20:04:52,553 INFO [org.junit.Test] zero0052
2016-08-04 20:04:52,553 INFO [org.junit.Test] zero0053
2016-08-04 20:04:52,553 INFO [org.junit.Test] zero0054
2016-08-04 20:04:52,553 INFO [org.junit.Test] zero0055
2016-08-04 20:04:52,553 INFO [org.junit.Test] zero0056
2016-08-04 20:04:52,553 INFO [org.junit.Test] zero0057
2016-08-04 20:04:52,553 INFO [org.junit.Test] zero0058
2016-08-04 20:04:52,553 INFO [org.junit.Test] zero0059
2016-08-04 20:04:52,553 INFO [org.junit.Test] zero0060
2016-08-04 20:04:52,553 INFO [org.junit.Test] zero0061
2016-08-04 20:04:52,553 INFO [org.junit.Test] zero0062
2016-08-04 20:04:52,553 INFO [org.junit.Test] zero0063
2016-08-04 20:04:52,553 INFO [org.junit.Test] zero0064
2016-08-04 20:04:52,553 INFO [org.junit.Test] zero0065
2016-08-04 20:04:52,553 INFO [org.junit.Test] zero0066
2016-08-04 20:04:52,553 INFO [org.junit.Test] zero0067
2016-08-04 20:04:52,553 INFO [org.junit.Test] zero0068
2016-08-04 20:04:52,553 INFO [org.junit.Test] zero0069
2016-08-04 20:04:52,553 INFO [org.junit.Test] zero0070
2016-08-04 20:04:52,553 INFO [org.junit.Test] zero0071
2016-08-04 20:04:52,553 INFO [org.junit.Test] zero0072
2016-08-04 20:04:52,553 INFO [org.junit.Test] zero0073
2016-08-04 20:04:52,553 INFO [org.junit.Test] zero0074
2016-08-04 20:04:52,553 INFO [org.junit.Test] zero0075
2016-08-04 20:04:52,553 INFO [org.junit.Test] zero0076
2016-08-04 20:04:52,553 INFO [org.junit.Test] zero0077
2016-08-04 20:04:52,553 INFO [org.junit.Test] zero0078
2016-08-04 20:04:52,553 INFO [org.junit.Test] zero0079
2016-08-04 20:04:52,553 INFO [org.junit.Test] zero0080
2016-08-04 20:04:52,553 INFO [org.junit.Test] zero0081
2016-08-04 20:04:52,553 INFO [org.junit.Test] zero0082
2016-08-04 20:04:52,553 INFO [org.junit.Test] zero0083
2016-08-04 20:04:52,553 INFO [org.junit.Test] zero0084
2016-08-04 20:04:52,553 INFO [org.junit.Test] zero0085
2016-08-04 20:04:52,553 INFO [org.junit.Test] zero0086
2016-08-04 20:04:52,553 INFO [org.junit.Test] zero0087
2016-08-04 20:04:52,553 INFO [org.junit.Test] zero0088
2016-08-04 20:04:52,553 INFO [org.junit.Test] zero0089
2016-08-04 20:04:52,553 INFO [org.junit.Test] zero0090
2016-08-04 20:04:52,553 INFO [org.junit.Test] zero0091
2016-08-04 20:04:52,553 INFO [org.junit.Test] zero0092
2016-08-04 20:04:52,553 INFO [org.junit.Test] zero0093
2016-08-04 20:04:52,553 INFO [org.junit.Test] zero0094
2016-08-04 20:04:52,553 INFO [org.junit.Test] zero0095
2016-08-04 20:04:52,553 INFO [org.junit.Test] zero0096
2016-08-04 20:04:52,553 INFO [org.junit.Test] zero0097
2016-08-04 20:04:52,553 INFO [org.junit.Test] zero0098
2016-08-04 20:04:52,553 INFO [org.junit.Test] zero0099
2016-08-04 20:04:52,553 INFO [org.junit.Test] zero00100
2016-08-04 20:04:52,553 INFO [org.junit.Test] zero00101
2016-08-04 20:04:52,553 INFO [org.junit.Test] zero00102
2016-08-04 20:04:52,553 INFO [org.junit.Test] zero00103
2016-08-04 20:04:52,553 INFO [org.junit.Test] zero00104
2016-08-04 20:04:52,553 INFO [org.junit.Test] zero00105
2016-08-04 20:04:52,553 INFO [org.junit.Test] zero00106
2016-08-04 20:04:52,553 INFO [org.junit.Test] zero00107
2016-08-04 20:04:52,553 INFO [org.junit.Test] zero00108
2016-08-04 20:04:52,553 INFO [org.junit.Test] zero00109
2016-08-04 20:04:52,553 INFO [org.junit.Test] zero00110
2016-08-04 20:04:52,553 INFO [org.junit.Test] zero00111
2016-08-04 20:04:52,553 INFO [org.junit.Test] zero00112
2016-08-04 20:04:52,553 INFO [org.junit.Test] zero00113
2016-08-04 20:04:52,553 INFO [org.junit.Test] zero00114
2016-08-04 20:04:52,553 INFO [org.junit.Test] zero00115
2016-08-04 20:04:52,553 INFO [org.junit.Test] zero00116
2016-08-04 20:04:52,553 INFO [org.junit.Test] zero00117
2016-08-04 20:04:52,553 INFO [org.junit.Test] zero00118
2016-08-04 20:04:52,553 INFO [org.junit.Test] zero00119
2016-08-04 20:04:52,553 INFO [org.junit.Test] zero00120
2016-08-04 20:04:52,553 INFO [org.junit.Test] zero00121
2016-08-04 20:04:52,553 INFO [org.junit.Test] zero00122
2016-08-04 20:04:52,553 INFO [org.junit.Test] zero00123
2016-08-04 20:04:52,553 INFO [org.junit.Test] zero00124
2016-08-04 20:04:52,553 INFO [org.junit.Test] zero00125
2016-08-04 20:04:52,553 INFO [org.junit.Test] zero00126
2016-08-04 20:04:52,553 INFO [org.junit.Test] zero00127
2016-08-04 20:04:52,553 INFO [org.junit.Test] zero00128
2016-08-04 20:04:52,553 INFO [org.junit.Test] zero00129
2016-08-04 20:04:52,553 INFO [org.junit.Test] zero00130
2016-08-04 20:04:52,553 INFO [org.junit.Test] zero00131
2016-08-04 20:04:52,553 INFO [org.junit.Test] zero00132
2016-08-04 20:04:52,553 INFO [org.junit.Test] zero00133
2016-08-04 20:04:52,553 INFO [org.junit.Test] zero00134
2016-08-04 20:04:52,553 INFO [org.junit.Test] zero00135
2016-08-04 20:04:52,553 INFO [org.junit.Test] zero00136
2016-08-04 20:04:52,553 INFO [org.junit.Test] zero00137
2016-08-04 20:04:52,553 INFO [org.junit.Test] zero00138
2016-08-04 20:04:52,553 INFO [org.junit.Test] zero00139
2016-08-04 20:04:52,553 INFO [org.junit.Test] zero00140
2016-08-04 20:04:52,553 INFO [org.junit.Test] zero00141
2016-08-04 20:04:52,553 INFO [org.junit.Test] zero00142
2016-08-04 20:04:52,553 INFO [org.junit.Test] zero00143
2016-08-04 20:04:52,554 INFO [org.junit.Test] zero00144
2016-08-04 20:04:52,554 INFO [org.junit.Test] zero00145
2016-08-04 20:04:52,554 INFO [org.junit.Test] zero00146
2016-08-04 20:04:52,554 INFO [org.junit.Test] zero00147
2016-08-04 20:04:52,554 INFO [org.junit.Test] zero00148
2016-08-04 20:04:52,554 INFO [org.junit.Test] zero00149
2016-08-04 20:04:52,554 INFO [org.junit.Test] zero00150
2016-08-04 20:04:52,554 INFO [org.junit.Test] zero00151
2016-08-04 20:04:52,554 INFO [org.junit.Test] zero00152
2016-08-04 20:04:52,554 INFO [org.junit.Test] zero00153
2016-08-04 20:04:52,554 INFO [org.junit.Test] zero00154
2016-08-04 20:04:52,554 INFO [org.junit.Test] zero00155
2016-08-04 20:04:52,554 INFO [org.junit.Test] zero00156
2016-08-04 20:04:52,554 INFO [org.junit.Test] zero00157
2016-08-04 20:04:52,554 INFO [org.junit.Test] zero00158
2016-08-04 20:04:52,554 INFO [org.junit.Test] zero00159
2016-08-04 20:04:52,554 INFO [org.junit.Test] zero00160
2016-08-04 20:04:52,554 INFO [org.junit.Test] zero00161
2016-08-04 20:04:52,554 INFO [org.junit.Test] zero00162
2016-08-04 20:04:52,554 INFO [org.junit.Test] zero00163
2016-08-04 20:04:52,554 INFO [org.junit.Test] zero00164
2016-08-04 20:04:52,554 INFO [org.junit.Test] zero00165
2016-08-04 20:04:52,554 INFO [org.junit.Test] zero00166
2016-08-04 20:04:52,554 INFO [org.junit.Test] zero00167
2016-08-04 20:04:52,554 INFO [org.junit.Test] zero00168
2016-08-04 20:04:52,554 INFO [org.junit.Test] zero00169
2016-08-04 20:04:52,554 INFO [org.junit.Test] zero00170
2016-08-04 20:04:52,554 INFO [org.junit.Test] zero00171
2016-08-04 20:04:52,554 INFO [org.junit.Test] zero00172
2016-08-04 20:04:52,554 INFO [org.junit.Test] zero00173
2016-08-04 20:04:52,554 INFO [org.junit.Test] zero00174
2016-08-04 20:04:52,554 INFO [org.junit.Test] zero00175
2016-08-04 20:04:52,554 INFO [org.junit.Test] zero00176
2016-08-04 20:04:52,554 INFO [org.junit.Test] zero00177
2016-08-04 20:04:52,554 INFO [org.junit.Test] zero00178
2016-08-04 20:04:52,554 INFO [org.junit.Test] zero00179
2016-08-04 20:04:52,554 INFO [org.junit.Test] zero00180
2016-08-04 20:04:52,554 INFO [org.junit.Test] zero00181
2016-08-04 20:04:52,554 INFO [org.junit.Test] zero00182
2016-08-04 20:04:52,554 INFO [org.junit.Test] zero00183
2016-08-04 20:04:52,554 INFO [org.junit.Test] zero00184
2016-08-04 20:04:52,554 INFO [org.junit.Test] zero00185
2016-08-04 20:04:52,554 INFO [org.junit.Test] zero00186
2016-08-04 20:04:52,554 INFO [org.junit.Test] zero00187
2016-08-04 20:04:52,554 INFO [org.junit.Test] zero00188
2016-08-04 20:04:52,554 INFO [org.junit.Test] zero00189
2016-08-04 20:04:52,554 INFO [org.junit.Test] zero00190
2016-08-04 20:04:52,554 INFO [org.junit.Test] zero00191
2016-08-04 20:04:52,554 INFO [org.junit.Test] zero00192
2016-08-04 20:04:52,554 INFO [org.junit.Test] zero00193
2016-08-04 20:04:52,554 INFO [org.junit.Test] zero00194
2016-08-04 20:04:52,554 INFO [org.junit.Test] zero00195
2016-08-04 20:04:52,554 INFO [org.junit.Test] zero00196
2016-08-04 20:04:52,554 INFO [org.junit.Test] zero00197
2016-08-04 20:04:52,554 INFO [org.junit.Test] zero00198
2016-08-04 20:04:52,554 INFO [org.junit.Test] zero00199
2016-08-04 20:04:52,554 INFO [org.junit.Test] zero00200
2016-08-04 20:04:52,554 INFO [org.junit.Test] zero00201
2016-08-04 20:04:52,554 INFO [org.junit.Test] zero00202
2016-08-04 20:04:52,554 INFO [org.junit.Test] zero00203
2016-08-04 20:04:52,554 INFO [org.junit.Test] zero00204
2016-08-04 20:04:52,554 INFO [org.junit.Test] zero00205
2016-08-04 20:04:52,554 INFO [org.junit.Test] zero00206
2016-08-04 20:04:52,554 INFO [org.junit.Test] zero00207
2016-08-04 20:04:52,554 INFO [org.junit.Test] zero00208
2016-08-04 20:04:52,554 INFO [org.junit.Test] zero00209
2016-08-04 20:04:52,554 INFO [org.junit.Test] zero00210
2016-08-04 20:04:52,554 INFO [org.junit.Test] zero00211
2016-08-04 20:04:52,554 INFO [org.junit.Test] zero00212
2016-08-04 20:04:52,554 INFO [org.junit.Test] zero00213
2016-08-04 20:04:52,554 INFO [org.junit.Test] zero00214
2016-08-04 20:04:52,554 INFO [org.junit.Test] zero00215
2016-08-04 20:04:52,554 INFO [org.junit.Test] zero00216
2016-08-04 20:04:52,554 INFO [org.junit.Test] zero00217
2016-08-04 20:04:52,554 INFO [org.junit.Test] zero00218
2016-08-04 20:04:52,554 INFO [org.junit.Test] zero00219
2016-08-04 20:04:52,554 INFO [org.junit.Test] zero00220
2016-08-04 20:04:52,554 INFO [org.junit.Test] zero00221
2016-08-04 20:04:52,554 INFO [org.junit.Test] zero00222
2016-08-04 20:04:52,554 INFO [org.junit.Test] zero00223
2016-08-04 20:04:52,554 INFO [org.junit.Test] zero00224
2016-08-04 20:04:52,554 INFO [org.junit.Test] zero00225
2016-08-04 20:04:52,554 INFO [org.junit.Test] zero00226
2016-08-04 20:04:52,554 INFO [org.junit.Test] zero00227
2016-08-04 20:04:52,554 INFO [org.junit.Test] zero00228
2016-08-04 20:04:52,554 INFO [org.junit.Test] zero00229
2016-08-04 20:04:52,554 INFO [org.junit.Test] zero00230
2016-08-04 20:04:52,554 INFO [org.junit.Test] zero00231
2016-08-04 20:04:52,554 INFO [org.junit.Test] zero00232
2016-08-04 20:04:52,554 INFO [org.junit.Test] zero00233
2016-08-04 20:04:52,554 INFO [org.junit.Test] zero00234
2016-08-04 20:04:52,554 INFO [org.junit.Test] zero00235
2016-08-04 20:04:52,554 INFO [org.junit.Test] zero00236
2016-08-04 20:04:52,554 INFO [org.junit.Test] zero00237
2016-08-04 20:04:52,554 INFO [org.junit.Test] zero00238
2016-08-04 20:04:52,554 INFO [org.junit.Test] zero00239
2016-08-04 20:04:52,554 INFO [org.junit.Test] zero00240
2016-08-04 20:04:52,554 INFO [org.junit.Test] zero00241
2016-08-04 20:04:52,554 INFO [org.junit.Test] zero00242
2016-08-04 20:04:52,554 INFO [org.junit.Test] zero00243
2016-08-04 20:04:52,554 INFO [org.junit.Test] zero00244
2016-08-04 20:04:52,554 INFO [org.junit.Test] zero00245
2016-08-04 20:04:52,554 INFO [org.junit.Test] zero00246
2016-08-04 20:04:52,554 INFO [org.junit.Test] zero00247
2016-08-04 20:04:52,554 INFO [org.junit.Test] zero00248
2016-08-04 20:04:52,554 INFO [org.junit.Test] zero00249
2016-08-04 20:04:52,554 INFO [org.junit.Test] zero00250
2016-08-04 20:04:52,554 INFO [org.junit.Test] zero00251
2016-08-04 20:04:52,554 INFO [org.junit.Test] zero00252
2016-08-04 20:04:52,554 INFO [org.junit.Test] zero00253
2016-08-04 20:04:52,554 INFO [org.junit.Test] zero00254
2016-08-04 20:04:52,554 INFO [org.junit.Test] zero00255
2016-08-04 20:04:52,554 INFO [org.junit.Test] zero00256
2016-08-04 20:04:52,554 INFO [org.junit.Test] zero00257
2016-08-04 20:04:52,554 INFO [org.junit.Test] zero00258
2016-08-04 20:04:52,554 INFO [org.junit.Test] zero00259
2016-08-04 20:04:52,554 INFO [org.junit.Test] zero00260
2016-08-04 20:04:52,554 INFO [org.junit.Test] zero00261
2016-08-04 20:04:52,554 INFO [org.junit.Test] zero00262
2016-08-04 20:04:52,554 INFO [org.junit.Test] zero00263
2016-08-04 20:04:52,554 INFO [org.junit.Test] zero00264
2016-08-04 20:04:52,554 INFO [org.junit.Test] zero00265
2016-08-04 20:04:52,554 INFO [org.junit.Test] zero00266
2016-08-04 20:04:52,554 INFO [org.junit.Test] zero00267
2016-08-04 20:04:52,554 INFO [org.junit.Test] zero00268
2016-08-04 20:04:52,554 INFO [org.junit.Test] zero00269
2016-08-04 20:04:52,554 INFO [org.junit.Test] zero00270
2016-08-04 20:04:52,554 INFO [org.junit.Test] zero00271
2016-08-04 20:04:52,554 INFO [org.junit.Test] zero00272
2016-08-04 20:04:52,554 INFO [org.junit.Test] zero00273
2016-08-04 20:04:52,554 INFO [org.junit.Test] zero00274
2016-08-04 20:04:52,554 INFO [org.junit.Test] zero00275
2016-08-04 20:04:52,554 INFO [org.junit.Test] zero00276
2016-08-04 20:04:52,554 INFO [org.junit.Test] zero00277
2016-08-04 20:04:52,554 INFO [org.junit.Test] zero00278
2016-08-04 20:04:52,554 INFO [org.junit.Test] zero00279
2016-08-04 20:04:52,554 INFO [org.junit.Test] zero00280
2016-08-04 20:04:52,554 INFO [org.junit.Test] zero00281
2016-08-04 20:04:52,554 INFO [org.junit.Test] zero00282
2016-08-04 20:04:52,554 INFO [org.junit.Test] zero00283
2016-08-04 20:04:52,554 INFO [org.junit.Test] zero00284
2016-08-04 20:04:52,554 INFO [org.junit.Test] zero00285
2016-08-04 20:04:52,554 INFO [org.junit.Test] zero00286
2016-08-04 20:04:52,554 INFO [org.junit.Test] zero00287
2016-08-04 20:04:52,554 INFO [org.junit.Test] zero00288
2016-08-04 20:04:52,554 INFO [org.junit.Test] zero00289
2016-08-04 20:04:52,554 INFO [org.junit.Test] zero00290
2016-08-04 20:04:52,554 INFO [org.junit.Test] zero00291
2016-08-04 20:04:52,554 INFO [org.junit.Test] zero00292
2016-08-04 20:04:52,554 INFO [org.junit.Test] zero00293
2016-08-04 20:04:52,554 INFO [org.junit.Test] zero00294
2016-08-04 20:04:52,554 INFO [org.junit.Test] zero00295
2016-08-04 20:04:52,554 INFO [org.junit.Test] zero00296
2016-08-04 20:04:52,554 INFO [org.junit.Test] zero00297
2016-08-04 20:04:52,554 INFO [org.junit.Test] zero00298
2016-08-04 20:04:52,554 INFO [org.junit.Test] zero00299
2016-08-04 20:04:52,554 INFO [org.junit.Test] zero00300
2016-08-04 20:04:52,554 INFO [org.junit.Test] zero00301
2016-08-04 20:04:52,554 INFO [org.junit.Test] zero00302
2016-08-04 20:04:52,554 INFO [org.junit.Test] zero00303
2016-08-04 20:04:52,554 INFO [org.junit.Test] zero00304
2016-08-04 20:04:52,554 INFO [org.junit.Test] zero00305
2016-08-04 20:04:52,554 INFO [org.junit.Test] zero00306
2016-08-04 20:04:52,554 INFO [org.junit.Test] zero00307
2016-08-04 20:04:52,554 INFO [org.junit.Test] zero00308
2016-08-04 20:04:52,554 INFO [org.junit.Test] zero00309
2016-08-04 20:04:52,554 INFO [org.junit.Test] zero00310
2016-08-04 20:04:52,554 INFO [org.junit.Test] zero00311
2016-08-04 20:04:52,554 INFO [org.junit.Test] zero00312
2016-08-04 20:04:52,554 INFO [org.junit.Test] zero00313
2016-08-04 20:04:52,554 INFO [org.junit.Test] zero00314
2016-08-04 20:04:52,554 INFO [org.junit.Test] zero00315
2016-08-04 20:04:52,554 INFO [org.junit.Test] zero00316
2016-08-04 20:04:52,554 INFO [org.junit.Test] zero00317
2016-08-04 20:04:52,554 INFO [org.junit.Test] zero00318
2016-08-04 20:04:52,554 INFO [org.junit.Test] zero00319
2016-08-04 20:04:52,554 INFO [org.junit.Test] zero00320
2016-08-04 20:04:52,554 INFO [org.junit.Test] zero00321
2016-08-04 20:04:52,554 INFO [org.junit.Test] zero00322
2016-08-04 20:04:52,554 INFO [org.junit.Test] zero00323
2016-08-04 20:04:52,554 INFO [org.junit.Test] zero00324
2016-08-04 20:04:52,554 INFO [org.junit.Test] zero00325
2016-08-04 20:04:52,554 INFO [org.junit.Test] zero00326
2016-08-04 20:04:52,554 INFO [org.junit.Test] zero00327
2016-08-04 20:04:52,554 INFO [org.junit.Test] zero00328
2016-08-04 20:04:52,554 INFO [org.junit.Test] zero00329
2016-08-04 20:04:52,554 INFO [org.junit.Test] zero00330
2016-08-04 20:04:52,554 INFO [org.junit.Test] zero00331
2016-08-04 20:04:52,554 INFO [org.junit.Test] zero00332
2016-08-04 20:04:52,554 INFO [org.junit.Test] zero00333
2016-08-04 20:04:52,554 INFO [org.junit.Test] zero00334
2016-08-04 20:04:52,554 INFO [org.junit.Test] zero00335
2016-08-04 20:04:52,554 INFO [org.junit.Test] zero00336
2016-08-04 20:04:52,554 INFO [org.junit.Test] zero00337
2016-08-04 20:04:52,554 INFO [org.junit.Test] zero00338
2016-08-04 20:04:52,554 INFO [org.junit.Test] zero00339
2016-08-04 20:04:52,554 INFO [org.junit.Test] zero00340
2016-08-04 20:04:52,554 INFO [org.junit.Test] zero00341
2016-08-04 20:04:52,554 INFO [org.junit.Test] zero00342
2016-08-04 20:04:52,554 INFO [org.junit.Test] zero00343
2016-08-04 20:04:52,554 INFO [org.junit.Test] zero00344
2016-08-04 20:04:52,554 INFO [org.junit.Test] zero00345
2016-08-04 20:04:52,554 INFO [org.junit.Test] zero00346
2016-08-04 20:04:52,554 INFO [org.junit.Test] zero00347
2016-08-04 20:04:52,554 INFO [org.junit.Test] zero00348
2016-08-04 20:04:52,554 INFO [org.junit.Test] zero00349
2016-08-04 20:04:52,554 INFO [org.junit.Test] zero00350
2016-08-04 20:04:52,554 INFO [org.junit.Test] zero00351
2016-08-04 20:04:52,554 INFO [org.junit.Test] zero00352
2016-08-04 20:04:52,554 INFO [org.junit.Test] zero00353
2016-08-04 20:04:52,554 INFO [org.junit.Test] zero00354
2016-08-04 20:04:52,554 INFO [org.junit.Test] zero00355
2016-08-04 20:04:52,554 INFO [org.junit.Test] zero00356
2016-08-04 20:04:52,554 INFO [org.junit.Test] zero00357
2016-08-04 20:04:52,554 INFO [org.junit.Test] zero00358
2016-08-04 20:04:52,554 INFO [org.junit.Test] zero00359
2016-08-04 20:04:52,554 INFO [org.junit.Test] zero00360
2016-08-04 20:04:52,554 INFO [org.junit.Test] zero00361
2016-08-04 20:04:52,554 INFO [org.junit.Test] zero00362
2016-08-04 20:04:52,554 INFO [org.junit.Test] zero00363
2016-08-04 20:04:52,554 INFO [org.junit.Test] zero00364
2016-08-04 20:04:52,554 INFO [org.junit.Test] zero00365
2016-08-04 20:04:52,554 INFO [org.junit.Test] zero00366
2016-08-04 20:04:52,554 INFO [org.junit.Test] zero00367
2016-08-04 20:04:52,554 INFO [org.junit.Test] zero00368
2016-08-04 20:04:52,554 INFO [org.junit.Test] zero00369
2016-08-04 20:04:52,554 INFO [org.junit.Test] zero00370
2016-08-04 20:04:52,554 INFO [org.junit.Test] zero00371
2016-08-04 20:04:52,554 INFO [org.junit.Test] zero00372
2016-08-04 20:04:52,554 INFO [org.junit.Test] zero00373
2016-08-04 20:04:52,554 INFO [org.junit.Test] zero00374
2016-08-04 20:04:52,554 INFO [org.junit.Test] zero00375
2016-08-04 20:04:52,554 INFO [org.junit.Test] zero00376
2016-08-04 20:04:52,554 INFO [org.junit.Test] zero00377
2016-08-04 20:04:52,554 INFO [org.junit.Test] zero00378
2016-08-04 20:04:52,554 INFO [org.junit.Test] zero00379
2016-08-04 20:04:52,554 INFO [org.junit.Test] zero00380
2016-08-04 20:04:52,554 INFO [org.junit.Test] zero00381
2016-08-04 20:04:52,554 INFO [org.junit.Test] zero00382
2016-08-04 20:04:52,554 INFO [org.junit.Test] zero00383
2016-08-04 20:04:52,554 INFO [org.junit.Test] zero00384
2016-08-04 20:04:52,554 INFO [org.junit.Test] zero00385
2016-08-04 20:04:52,554 INFO [org.junit.Test] zero00386
2016-08-04 20:04:52,554 INFO [org.junit.Test] zero00387
2016-08-04 20:04:52,554 INFO [org.junit.Test] zero00388
2016-08-04 20:04:52,554 INFO [org.junit.Test] zero00389
2016-08-04 20:04:52,554 INFO [org.junit.Test] zero00390
2016-08-04 20:04:52,554 INFO [org.junit.Test] zero00391
2016-08-04 20:04:52,554 INFO [org.junit.Test] zero00392
2016-08-04 20:04:52,554 INFO [org.junit.Test] zero00393
2016-08-04 20:04:52,554 INFO [org.junit.Test] zero00394
2016-08-04 20:04:52,554 INFO [org.junit.Test] zero00395
2016-08-04 20:04:52,554 INFO [org.junit.Test] zero00396
2016-08-04 20:04:52,554 INFO [org.junit.Test] zero00397
2016-08-04 20:04:52,554 INFO [org.junit.Test] zero00398
2016-08-04 20:04:52,554 INFO [org.junit.Test] zero00399
2016-08-04 20:04:52,554 INFO [org.junit.Test] zero00400
2016-08-04 20:04:52,554 INFO [org.junit.Test] zero00401
2016-08-04 20:04:52,554 INFO [org.junit.Test] zero00402
2016-08-04 20:04:52,554 INFO [org.junit.Test] zero00403
2016-08-04 20:04:52,554 INFO [org.junit.Test] zero00404
2016-08-04 20:04:52,554 INFO [org.junit.Test] zero00405
2016-08-04 20:04:52,554 INFO [org.junit.Test] zero00406
2016-08-04 20:04:52,554 INFO [org.junit.Test] zero00407
2016-08-04 20:04:52,554 INFO [org.junit.Test] zero00408
2016-08-04 20:04:52,554 INFO [org.junit.Test] zero00409
2016-08-04 20:04:52,554 INFO [org.junit.Test] zero00410
2016-08-04 20:04:52,554 INFO [org.junit.Test] zero00411
2016-08-04 20:04:52,554 INFO [org.junit.Test] zero00412
2016-08-04 20:04:52,554 INFO [org.junit.Test] zero00413
2016-08-04 20:04:52,554 INFO [org.junit.Test] zero00414
2016-08-04 20:04:52,554 INFO [org.junit.Test] zero00415
2016-08-04 20:04:52,554 INFO [org.junit.Test] zero00416
2016-08-04 20:04:52,554 INFO [org.junit.Test] zero00417
2016-08-04 20:04:52,554 INFO [org.junit.Test] zero00418
2016-08-04 20:04:52,554 INFO [org.junit.Test] zero00419
2016-08-04 20:04:52,554 INFO [org.junit.Test] zero00420
2016-08-04 20:04:52,554 INFO [org.junit.Test] zero00421
2016-08-04 20:04:52,554 INFO [org.junit.Test] zero00422
2016-08-04 20:04:52,554 INFO [org.junit.Test] zero00423
2016-08-04 20:04:52,554 INFO [org.junit.Test] zero00424
2016-08-04 20:04:52,554 INFO [org.junit.Test] zero00425
2016-08-04 20:04:52,554 INFO [org.junit.Test] zero00426
2016-08-04 20:04:52,554 INFO [org.junit.Test] zero00427
2016-08-04 20:04:52,554 INFO [org.junit.Test] zero00428
2016-08-04 20:04:52,554 INFO [org.junit.Test] zero00429
2016-08-04 20:04:52,554 INFO [org.junit.Test] zero00430
2016-08-04 20:04:52,554 INFO [org.junit.Test] zero00431
2016-08-04 20:04:52,554 INFO [org.junit.Test] zero00432
2016-08-04 20:04:52,554 INFO [org.junit.Test] zero00433
2016-08-04 20:04:52,554 INFO [org.junit.Test] zero00434
2016-08-04 20:04:52,554 INFO [org.junit.Test] zero00435
2016-08-04 20:04:52,554 INFO [org.junit.Test] zero00436
2016-08-04 20:04:52,554 INFO [org.junit.Test] zero00437
2016-08-04 20:04:52,554 INFO [org.junit.Test] zero00438
2016-08-04 20:04:52,554 INFO [org.junit.Test] zero00439
2016-08-04 20:04:52,554 INFO [org.junit.Test] zero00440
2016-08-04 20:04:52,554 INFO [org.junit.Test] zero00441
2016-08-04 20:04:52,554 INFO [org.junit.Test] zero00442
2016-08-04 20:04:52,554 INFO [org.junit.Test] zero00443
2016-08-04 20:04:52,554 INFO [org.junit.Test] zero00444
2016-08-04 20:04:52,554 INFO [org.junit.Test] zero00445
2016-08-04 20:04:52,554 INFO [org.junit.Test] zero00446
2016-08-04 20:04:52,554 INFO [org.junit.Test] zero00447
2016-08-04 20:04:52,554 INFO [org.junit.Test] zero00448
2016-08-04 20:04:52,554 INFO [org.junit.Test] zero00449
2016-08-04 20:04:52,554 INFO [org.junit.Test] zero00450
2016-08-04 20:04:52,554 INFO [org.junit.Test] zero00451
2016-08-04 20:04:52,554 INFO [org.junit.Test] zero00452
2016-08-04 20:04:52,554 INFO [org.junit.Test] zero00453
2016-08-04 20:04:52,554 INFO [org.junit.Test] zero00454
2016-08-04 20:04:52,554 INFO [org.junit.Test] zero00455
2016-08-04 20:04:52,554 INFO [org.junit.Test] zero00456
2016-08-04 20:04:52,554 INFO [org.junit.Test] zero00457
2016-08-04 20:04:52,554 INFO [org.junit.Test] zero00458
2016-08-04 20:04:52,554 INFO [org.junit.Test] zero00459
2016-08-04 20:04:52,554 INFO [org.junit.Test] zero00460
2016-08-04 20:04:52,554 INFO [org.junit.Test] zero00461
2016-08-04 20:04:52,554 INFO [org.junit.Test] zero00462
2016-08-04 20:04:52,554 INFO [org.junit.Test] zero00463
2016-08-04 20:04:52,554 INFO [org.junit.Test] zero00464
2016-08-04 20:04:52,555 INFO [org.junit.Test] zero00465
2016-08-04 20:04:52,555 INFO [org.junit.Test] zero00466
2016-08-04 20:04:52,555 INFO [org.junit.Test] zero00467
2016-08-04 20:04:52,555 INFO [org.junit.Test] zero00468
2016-08-04 20:04:52,555 INFO [org.junit.Test] zero00469
2016-08-04 20:04:52,555 INFO [org.junit.Test] zero00470
2016-08-04 20:04:52,555 INFO [org.junit.Test] zero00471
2016-08-04 20:04:52,555 INFO [org.junit.Test] zero00472
2016-08-04 20:04:52,555 INFO [org.junit.Test] zero00473
2016-08-04 20:04:52,555 INFO [org.junit.Test] zero00474
2016-08-04 20:04:52,555 INFO [org.junit.Test] zero00475
2016-08-04 20:04:52,555 INFO [org.junit.Test] zero00476
2016-08-04 20:04:52,555 INFO [org.junit.Test] zero00477
2016-08-04 20:04:52,555 INFO [org.junit.Test] zero00478
2016-08-04 20:04:52,555 INFO [org.junit.Test] zero00479
2016-08-04 20:04:52,555 INFO [org.junit.Test] zero00480
2016-08-04 20:04:52,555 INFO [org.junit.Test] zero00481
2016-08-04 20:04:52,555 INFO [org.junit.Test] zero00482
2016-08-04 20:04:52,555 INFO [org.junit.Test] zero00483
2016-08-04 20:04:52,555 INFO [org.junit.Test] zero00484
2016-08-04 20:04:52,555 INFO [org.junit.Test] zero00485
2016-08-04 20:04:52,555 INFO [org.junit.Test] zero00486
2016-08-04 20:04:52,555 INFO [org.junit.Test] zero00487
2016-08-04 20:04:52,555 INFO [org.junit.Test] zero00488
2016-08-04 20:04:52,555 INFO [org.junit.Test] zero00489
2016-08-04 20:04:52,555 INFO [org.junit.Test] zero00490
2016-08-04 20:04:52,555 INFO [org.junit.Test] zero00491
2016-08-04 20:04:52,555 INFO [org.junit.Test] zero00492
2016-08-04 20:04:52,555 INFO [org.junit.Test] zero00493
2016-08-04 20:04:52,555 INFO [org.junit.Test] zero00494
2016-08-04 20:04:52,555 INFO [org.junit.Test] zero00495
2016-08-04 20:04:52,555 INFO [org.junit.Test] zero00496
2016-08-04 20:04:52,555 INFO [org.junit.Test] zero00497
2016-08-04 20:04:52,555 INFO [org.junit.Test] zero00498
2016-08-04 20:04:52,555 INFO [org.junit.Test] zero00499
2016-08-04 20:04:52,555 INFO [org.junit.Test] zero00500
2016-08-04 20:04:52,555 INFO [org.junit.Test] zero00501
2016-08-04 20:04:52,555 INFO [org.junit.Test] zero00502
2016-08-04 20:04:52,555 INFO [org.junit.Test] zero00503
2016-08-04 20:04:52,555 INFO [org.junit.Test] zero00504
2016-08-04 20:04:52,555 INFO [org.junit.Test] zero00505
2016-08-04 20:04:52,555 INFO [org.junit.Test] zero00506
2016-08-04 20:04:52,555 INFO [org.junit.Test] zero00507
2016-08-04 20:04:52,555 INFO [org.junit.Test] zero00508
2016-08-04 20:04:52,555 INFO [org.junit.Test] zero00509
2016-08-04 20:04:52,555 INFO [org.junit.Test] zero00510
2016-08-04 20:04:52,555 INFO [org.junit.Test] zero00511
2016-08-04 20:04:52,555 INFO [org.junit.Test] zero00512
2016-08-04 20:04:52,555 INFO [org.junit.Test] zero00513
2016-08-04 20:04:52,555 INFO [org.junit.Test] zero00514
2016-08-04 20:04:52,555 INFO [org.junit.Test] zero00515
2016-08-04 20:04:52,555 INFO [org.junit.Test] zero00516
2016-08-04 20:04:52,555 INFO [org.junit.Test] zero00517
2016-08-04 20:04:52,555 INFO [org.junit.Test] zero00518
2016-08-04 20:04:52,555 INFO [org.junit.Test] zero00519
2016-08-04 20:04:52,555 INFO [org.junit.Test] zero00520
2016-08-04 20:04:52,555 INFO [org.junit.Test] zero00521
2016-08-04 20:04:52,555 INFO [org.junit.Test] zero00522
2016-08-04 20:04:52,555 INFO [org.junit.Test] zero00523
2016-08-04 20:04:52,555 INFO [org.junit.Test] zero00524
2016-08-04 20:04:52,555 INFO [org.junit.Test] zero00525
2016-08-04 20:04:52,555 INFO [org.junit.Test] zero00526
2016-08-04 20:04:52,555 INFO [org.junit.Test] zero00527
2016-08-04 20:04:52,555 INFO [org.junit.Test] zero00528
2016-08-04 20:04:52,555 INFO [org.junit.Test] zero00529
2016-08-04 20:04:52,555 INFO [org.junit.Test] zero00530
2016-08-04 20:04:52,555 INFO [org.junit.Test] zero00531
2016-08-04 20:04:52,555 INFO [org.junit.Test] zero00532
2016-08-04 20:04:52,555 INFO [org.junit.Test] zero00533
2016-08-04 20:04:52,555 INFO [org.junit.Test] zero00534
2016-08-04 20:04:52,555 INFO [org.junit.Test] zero00535
2016-08-04 20:04:52,555 INFO [org.junit.Test] zero00536
2016-08-04 20:04:52,555 INFO [org.junit.Test] zero00537
2016-08-04 20:04:52,555 INFO [org.junit.Test] zero00538
2016-08-04 20:04:52,555 INFO [org.junit.Test] zero00539
2016-08-04 20:04:52,555 INFO [org.junit.Test] zero00540
2016-08-04 20:04:52,555 INFO [org.junit.Test] zero00541
2016-08-04 20:04:52,555 INFO [org.junit.Test] zero00542
2016-08-04 20:04:52,555 INFO [org.junit.Test] zero00543
2016-08-04 20:04:52,555 INFO [org.junit.Test] zero00544
2016-08-04 20:04:52,555 INFO [org.junit.Test] zero00545
2016-08-04 20:04:52,555 INFO [org.junit.Test] zero00546
2016-08-04 20:04:52,555 INFO [org.junit.Test] zero00547
2016-08-04 20:04:52,555 INFO [org.junit.Test] zero00548
2016-08-04 20:04:52,555 INFO [org.junit.Test] zero00549
2016-08-04 20:04:52,555 INFO [org.junit.Test] zero00550
2016-08-04 20:04:52,555 INFO [org.junit.Test] zero00551
2016-08-04 20:04:52,555 INFO [org.junit.Test] zero00552
2016-08-04 20:04:52,555 INFO [org.junit.Test] zero00553
2016-08-04 20:04:52,555 INFO [org.junit.Test] zero00554
2016-08-04 20:04:52,555 INFO [org.junit.Test] zero00555
2016-08-04 20:04:52,555 INFO [org.junit.Test] zero00556
2016-08-04 20:04:52,555 INFO [org.junit.Test] zero00557
2016-08-04 20:04:52,555 INFO [org.junit.Test] zero00558
2016-08-04 20:04:52,555 INFO [org.junit.Test] zero00559
2016-08-04 20:04:52,555 INFO [org.junit.Test] zero00560
2016-08-04 20:04:52,555 INFO [org.junit.Test] zero00561
2016-08-04 20:04:52,555 INFO [org.junit.Test] zero00562
2016-08-04 20:04:52,555 INFO [org.junit.Test] zero00563
2016-08-04 20:04:52,555 INFO [org.junit.Test] zero00564
2016-08-04 20:04:52,555 INFO [org.junit.Test] zero00565
2016-08-04 20:04:52,555 INFO [org.junit.Test] zero00566
2016-08-04 20:04:52,555 INFO [org.junit.Test] zero00567
2016-08-04 20:04:52,555 INFO [org.junit.Test] zero00568
2016-08-04 20:04:52,555 INFO [org.junit.Test] zero00569
2016-08-04 20:04:52,555 INFO [org.junit.Test] zero00570
2016-08-04 20:04:52,555 INFO [org.junit.Test] zero00571
2016-08-04 20:04:52,555 INFO [org.junit.Test] zero00572
2016-08-04 20:04:52,555 INFO [org.junit.Test] zero00573
2016-08-04 20:04:52,555 INFO [org.junit.Test] zero00574
2016-08-04 20:04:52,555 INFO [org.junit.Test] zero00575
2016-08-04 20:04:52,555 INFO [org.junit.Test] zero00576
2016-08-04 20:04:52,555 INFO [org.junit.Test] zero00577
2016-08-04 20:04:52,555 INFO [org.junit.Test] zero00578
2016-08-04 20:04:52,555 INFO [org.junit.Test] zero00579
2016-08-04 20:04:52,555 INFO [org.junit.Test] zero00580
2016-08-04 20:04:52,555 INFO [org.junit.Test] zero00581
2016-08-04 20:04:52,555 INFO [org.junit.Test] zero00582
2016-08-04 20:04:52,555 INFO [org.junit.Test] zero00583
2016-08-04 20:04:52,555 INFO [org.junit.Test] zero00584
2016-08-04 20:04:52,555 INFO [org.junit.Test] zero00585
2016-08-04 20:04:52,555 INFO [org.junit.Test] zero00586
2016-08-04 20:04:52,555 INFO [org.junit.Test] zero00587
2016-08-04 20:04:52,555 INFO [org.junit.Test] zero00588
2016-08-04 20:04:52,555 INFO [org.junit.Test] zero00589
2016-08-04 20:04:52,555 INFO [org.junit.Test] zero00590
2016-08-04 20:04:52,555 INFO [org.junit.Test] zero00591
2016-08-04 20:04:52,555 INFO [org.junit.Test] zero00592
2016-08-04 20:04:52,555 INFO [org.junit.Test] zero00593
2016-08-04 20:04:52,555 INFO [org.junit.Test] zero00594
2016-08-04 20:04:52,555 INFO [org.junit.Test] zero00595
2016-08-04 20:04:52,555 INFO [org.junit.Test] zero00596
2016-08-04 20:04:52,555 INFO [org.junit.Test] zero00597
2016-08-04 20:04:52,555 INFO [org.junit.Test] zero00598
2016-08-04 20:04:52,555 INFO [org.junit.Test] zero00599
2016-08-04 20:04:52,555 INFO [org.junit.Test] zero00600
2016-08-04 20:04:52,555 INFO [org.junit.Test] zero00601
2016-08-04 20:04:52,555 INFO [org.junit.Test] zero00602
2016-08-04 20:04:52,555 INFO [org.junit.Test] zero00603
2016-08-04 20:04:52,555 INFO [org.junit.Test] zero00604
2016-08-04 20:04:52,555 INFO [org.junit.Test] zero00605
2016-08-04 20:04:52,555 INFO [org.junit.Test] zero00606
2016-08-04 20:04:52,555 INFO [org.junit.Test] zero00607
2016-08-04 20:04:52,555 INFO [org.junit.Test] zero00608
2016-08-04 20:04:52,555 INFO [org.junit.Test] zero00609
2016-08-04 20:04:52,555 INFO [org.junit.Test] zero00610
2016-08-04 20:04:52,555 INFO [org.junit.Test] zero00611
2016-08-04 20:04:52,555 INFO [org.junit.Test] zero00612
2016-08-04 20:04:52,555 INFO [org.junit.Test] zero00613
2016-08-04 20:04:52,555 INFO [org.junit.Test] zero00614
2016-08-04 20:04:52,555 INFO [org.junit.Test] zero00615
2016-08-04 20:04:52,555 INFO [org.junit.Test] zero00616
2016-08-04 20:04:52,555 INFO [org.junit.Test] zero00617
2016-08-04 20:04:52,555 INFO [org.junit.Test] zero00618
2016-08-04 20:04:52,555 INFO [org.junit.Test] zero00619
2016-08-04 20:04:52,555 INFO [org.junit.Test] zero00620
2016-08-04 20:04:52,555 INFO [org.junit.Test] zero00621
2016-08-04 20:04:52,555 INFO [org.junit.Test] zero00622
2016-08-04 20:04:52,555 INFO [org.junit.Test] zero00623
2016-08-04 20:04:52,555 INFO [org.junit.Test] zero00624
2016-08-04 20:04:52,555 INFO [org.junit.Test] zero00625
2016-08-04 20:04:52,555 INFO [org.junit.Test] zero00626
2016-08-04 20:04:52,555 INFO [org.junit.Test] zero00627
2016-08-04 20:04:52,555 INFO [org.junit.Test] zero00628
2016-08-04 20:04:52,555 INFO [org.junit.Test] zero00629
2016-08-04 20:04:52,555 INFO [org.junit.Test] zero00630
2016-08-04 20:04:52,555 INFO [org.junit.Test] zero00631
2016-08-04 20:04:52,555 INFO [org.junit.Test] zero00632
2016-08-04 20:04:52,555 INFO [org.junit.Test] zero00633
2016-08-04 20:04:52,555 INFO [org.junit.Test] zero00634
2016-08-04 20:04:52,555 INFO [org.junit.Test] zero00635
2016-08-04 20:04:52,555 INFO [org.junit.Test] zero00636
2016-08-04 20:04:52,555 INFO [org.junit.Test] zero00637
2016-08-04 20:04:52,555 INFO [org.junit.Test] zero00638
2016-08-04 20:04:52,555 INFO [org.junit.Test] zero00639
2016-08-04 20:04:52,555 INFO [org.junit.Test] zero00640
2016-08-04 20:04:52,555 INFO [org.junit.Test] zero00641
2016-08-04 20:04:52,555 INFO [org.junit.Test] zero00642
2016-08-04 20:04:52,555 INFO [org.junit.Test] zero00643
2016-08-04 20:04:52,555 INFO [org.junit.Test] zero00644
2016-08-04 20:04:52,555 INFO [org.junit.Test] zero00645
2016-08-04 20:04:52,555 INFO [org.junit.Test] zero00646
2016-08-04 20:04:52,555 INFO [org.junit.Test] zero00647
2016-08-04 20:04:52,555 INFO [org.junit.Test] zero00648
2016-08-04 20:04:52,555 INFO [org.junit.Test] zero00649
2016-08-04 20:04:52,555 INFO [org.junit.Test] zero00650
2016-08-04 20:04:52,555 INFO [org.junit.Test] zero00651
2016-08-04 20:04:52,555 INFO [org.junit.Test] zero00652
2016-08-04 20:04:52,555 INFO [org.junit.Test] zero00653
2016-08-04 20:04:52,555 INFO [org.junit.Test] zero00654
2016-08-04 20:04:52,555 INFO [org.junit.Test] zero00655
2016-08-04 20:04:52,555 INFO [org.junit.Test] zero00656
2016-08-04 20:04:52,555 INFO [org.junit.Test] zero00657
2016-08-04 20:04:52,555 INFO [org.junit.Test] zero00658
2016-08-04 20:04:52,555 INFO [org.junit.Test] zero00659
2016-08-04 20:04:52,555 INFO [org.junit.Test] zero00660
2016-08-04 20:04:52,555 INFO [org.junit.Test] zero00661
2016-08-04 20:04:52,555 INFO [org.junit.Test] zero00662
2016-08-04 20:04:52,555 INFO [org.junit.Test] zero00663
2016-08-04 20:04:52,555 INFO [org.junit.Test] zero00664
2016-08-04 20:04:52,555 INFO [org.junit.Test] zero00665
2016-08-04 20:04:52,555 INFO [org.junit.Test] zero00666
2016-08-04 20:04:52,555 INFO [org.junit.Test] zero00667
2016-08-04 20:04:52,555 INFO [org.junit.Test] zero00668
2016-08-04 20:04:52,555 INFO [org.junit.Test] zero00669
2016-08-04 20:04:52,555 INFO [org.junit.Test] zero00670
2016-08-04 20:04:52,555 INFO [org.junit.Test] zero00671
2016-08-04 20:04:52,555 INFO [org.junit.Test] zero00672
2016-08-04 20:04:52,555 INFO [org.junit.Test] zero00673
2016-08-04 20:04:52,555 INFO [org.junit.Test] zero00674
2016-08-04 20:04:52,555 INFO [org.junit.Test] zero00675
2016-08-04 20:04:52,555 INFO [org.junit.Test] zero00676
2016-08-04 20:04:52,555 INFO [org.junit.Test] zero00677
2016-08-04 20:04:52,555 INFO [org.junit.Test] zero00678
2016-08-04 20:04:52,555 INFO [org.junit.Test] zero00679
2016-08-04 20:04:52,555 INFO [org.junit.Test] zero00680
2016-08-04 20:04:52,555 INFO [org.junit.Test] zero00681
2016-08-04 20:04:52,555 INFO [org.junit.Test] zero00682
2016-08-04 20:04:52,555 INFO [org.junit.Test] zero00683
2016-08-04 20:04:52,555 INFO [org.junit.Test] zero00684
2016-08-04 20:04:52,555 INFO [org.junit.Test] zero00685
2016-08-04 20:04:52,555 INFO [org.junit.Test] zero00686
2016-08-04 20:04:52,555 INFO [org.junit.Test] zero00687
2016-08-04 20:04:52,555 INFO [org.junit.Test] zero00688
2016-08-04 20:04:52,555 INFO [org.junit.Test] zero00689
2016-08-04 20:04:52,555 INFO [org.junit.Test] zero00690
2016-08-04 20:04:52,555 INFO [org.junit.Test] zero00691
2016-08-04 20:04:52,555 INFO [org.junit.Test] zero00692
2016-08-04 20:04:52,555 INFO [org.junit.Test] zero00693
2016-08-04 20:04:52,555 INFO [org.junit.Test] zero00694
2016-08-04 20:04:52,555 INFO [org.junit.Test] zero00695
2016-08-04 20:04:52,555 INFO [org.junit.Test] zero00696
2016-08-04 20:04:52,555 INFO [org.junit.Test] zero00697
2016-08-04 20:04:52,555 INFO [org.junit.Test] zero00698
2016-08-04 20:04:52,555 INFO [org.junit.Test] zero00699
2016-08-04 20:04:52,555 INFO [org.junit.Test] zero00700
2016-08-04 20:04:52,555 INFO [org.junit.Test] zero00701
2016-08-04 20:04:52,555 INFO [org.junit.Test] zero00702
2016-08-04 20:04:52,555 INFO [org.junit.Test] zero00703
2016-08-04 20:04:52,555 INFO [org.junit.Test] zero00704
2016-08-04 20:04:52,555 INFO [org.junit.Test] zero00705
2016-08-04 20:04:52,555 INFO [org.junit.Test] zero00706
2016-08-04 20:04:52,555 INFO [org.junit.Test] zero00707
2016-08-04 20:04:52,555 INFO [org.junit.Test] zero00708
2016-08-04 20:04:52,555 INFO [org.junit.Test] zero00709
2016-08-04 20:04:52,555 INFO [org.junit.Test] zero00710
2016-08-04 20:04:52,555 INFO [org.junit.Test] zero00711
2016-08-04 20:04:52,555 INFO [org.junit.Test] zero00712
2016-08-04 20:04:52,555 INFO [org.junit.Test] zero00713
2016-08-04 20:04:52,555 INFO [org.junit.Test] zero00714
2016-08-04 20:04:52,555 INFO [org.junit.Test] zero00715
2016-08-04 20:04:52,555 INFO [org.junit.Test] zero00716
2016-08-04 20:04:52,555 INFO [org.junit.Test] zero00717
2016-08-04 20:04:52,555 INFO [org.junit.Test] zero00718
2016-08-04 20:04:52,555 INFO [org.junit.Test] zero00719
2016-08-04 20:04:52,555 INFO [org.junit.Test] zero00720
2016-08-04 20:04:52,555 INFO [org.junit.Test] zero00721
2016-08-04 20:04:52,555 INFO [org.junit.Test] zero00722
2016-08-04 20:04:52,555 INFO [org.junit.Test] zero00723
2016-08-04 20:04:52,555 INFO [org.junit.Test] zero00724
2016-08-04 20:04:52,555 INFO [org.junit.Test] zero00725
2016-08-04 20:04:52,555 INFO [org.junit.Test] zero00726
2016-08-04 20:04:52,555 INFO [org.junit.Test] zero00727
2016-08-04 20:04:52,555 INFO [org.junit.Test] zero00728
2016-08-04 20:04:52,555 INFO [org.junit.Test] zero00729
2016-08-04 20:04:52,555 INFO [org.junit.Test] zero00730
2016-08-04 20:04:52,555 INFO [org.junit.Test] zero00731
2016-08-04 20:04:52,555 INFO [org.junit.Test] zero00732
2016-08-04 20:04:52,555 INFO [org.junit.Test] zero00733
2016-08-04 20:04:52,555 INFO [org.junit.Test] zero00734
2016-08-04 20:04:52,555 INFO [org.junit.Test] zero00735
2016-08-04 20:04:52,555 INFO [org.junit.Test] zero00736
2016-08-04 20:04:52,555 INFO [org.junit.Test] zero00737
2016-08-04 20:04:52,555 INFO [org.junit.Test] zero00738
2016-08-04 20:04:52,555 INFO [org.junit.Test] zero00739
2016-08-04 20:04:52,555 INFO [org.junit.Test] zero00740
2016-08-04 20:04:52,555 INFO [org.junit.Test] zero00741
2016-08-04 20:04:52,555 INFO [org.junit.Test] zero00742
2016-08-04 20:04:52,555 INFO [org.junit.Test] zero00743
2016-08-04 20:04:52,555 INFO [org.junit.Test] zero00744
2016-08-04 20:04:52,555 INFO [org.junit.Test] zero00745
2016-08-04 20:04:52,555 INFO [org.junit.Test] zero00746
2016-08-04 20:04:52,555 INFO [org.junit.Test] zero00747
2016-08-04 20:04:52,555 INFO [org.junit.Test] zero00748
2016-08-04 20:04:52,555 INFO [org.junit.Test] zero00749
2016-08-04 20:04:52,555 INFO [org.junit.Test] zero00750
2016-08-04 20:04:52,555 INFO [org.junit.Test] zero00751
2016-08-04 20:04:52,555 INFO [org.junit.Test] zero00752
2016-08-04 20:04:52,555 INFO [org.junit.Test] zero00753
2016-08-04 20:04:52,555 INFO [org.junit.Test] zero00754
2016-08-04 20:04:52,555 INFO [org.junit.Test] zero00755
2016-08-04 20:04:52,555 INFO [org.junit.Test] zero00756
2016-08-04 20:04:52,555 INFO [org.junit.Test] zero00757
2016-08-04 20:04:52,555 INFO [org.junit.Test] zero00758
2016-08-04 20:04:52,555 INFO [org.junit.Test] zero00759
2016-08-04 20:04:52,555 INFO [org.junit.Test] zero00760
2016-08-04 20:04:52,555 INFO [org.junit.Test] zero00761
2016-08-04 20:04:52,555 INFO [org.junit.Test] zero00762
2016-08-04 20:04:52,555 INFO [org.junit.Test] zero00763
2016-08-04 20:04:52,555 INFO [org.junit.Test] zero00764
2016-08-04 20:04:52,555 INFO [org.junit.Test] zero00765
2016-08-04 20:04:52,555 INFO [org.junit.Test] zero00766
2016-08-04 20:04:52,555 INFO [org.junit.Test] zero00767
2016-08-04 20:04:52,555 INFO [org.junit.Test] zero00768
2016-08-04 20:04:52,555 INFO [org.junit.Test] zero00769
2016-08-04 20:04:52,555 INFO [org.junit.Test] zero00770
2016-08-04 20:04:52,555 INFO [org.junit.Test] zero00771
2016-08-04 20:04:52,555 INFO [org.junit.Test] zero00772
2016-08-04 20:04:52,555 INFO [org.junit.Test] zero00773
2016-08-04 20:04:52,555 INFO [org.junit.Test] zero00774
2016-08-04 20:04:52,555 INFO [org.junit.Test] zero00775
2016-08-04 20:04:52,555 INFO [org.junit.Test] zero00776
2016-08-04 20:04:52,555 INFO [org.junit.Test] zero00777
2016-08-04 20:04:52,555 INFO [org.junit.Test] zero00778
2016-08-04 20:04:52,555 INFO [org.junit.Test] zero00779
2016-08-04 20:04:52,555 INFO [org.junit.Test] zero00780
2016-08-04 20:04:52,555 INFO [org.junit.Test] zero00781
2016-08-04 20:04:52,555 INFO [org.junit.Test] zero00782
2016-08-04 20:04:52,555 INFO [org.junit.Test] zero00783
2016-08-04 20:04:52,556 INFO [org.junit.Test] zero00784
2016-08-04 20:04:52,556 INFO [org.junit.Test] zero00785
2016-08-04 20:04:52,556 INFO [org.junit.Test] zero00786
2016-08-04 20:04:52,556 INFO [org.junit.Test] zero00787
2016-08-04 20:04:52,556 INFO [org.junit.Test] zero00788
2016-08-04 20:04:52,556 INFO [org.junit.Test] zero00789
2016-08-04 20:04:52,556 INFO [org.junit.Test] zero00790
2016-08-04 20:04:52,556 INFO [org.junit.Test] zero00791
2016-08-04 20:04:52,556 INFO [org.junit.Test] zero00792
2016-08-04 20:04:52,556 INFO [org.junit.Test] zero00793
2016-08-04 20:04:52,556 INFO [org.junit.Test] zero00794
2016-08-04 20:04:52,556 INFO [org.junit.Test] zero00795
2016-08-04 20:04:52,556 INFO [org.junit.Test] zero00796
2016-08-04 20:04:52,556 INFO [org.junit.Test] zero00797
2016-08-04 20:04:52,556 INFO [org.junit.Test] zero00798
2016-08-04 20:04:52,556 INFO [org.junit.Test] zero00799
2016-08-04 20:04:52,556 INFO [org.junit.Test] zero00800
2016-08-04 20:04:52,556 INFO [org.junit.Test] zero00801
2016-08-04 20:04:52,556 INFO [org.junit.Test] zero00802
2016-08-04 20:04:52,556 INFO [org.junit.Test] zero00803
2016-08-04 20:04:52,556 INFO [org.junit.Test] zero00804
2016-08-04 20:04:52,556 INFO [org.junit.Test] zero00805
2016-08-04 20:04:52,556 INFO [org.junit.Test] zero00806
2016-08-04 20:04:52,556 INFO [org.junit.Test] zero00807
2016-08-04 20:04:52,556 INFO [org.junit.Test] zero00808
2016-08-04 20:04:52,556 INFO [org.junit.Test] zero00809
2016-08-04 20:04:52,556 INFO [org.junit.Test] zero00810
2016-08-04 20:04:52,556 INFO [org.junit.Test] zero00811
2016-08-04 20:04:52,556 INFO [org.junit.Test] zero00812
2016-08-04 20:04:52,556 INFO [org.junit.Test] zero00813
2016-08-04 20:04:52,556 INFO [org.junit.Test] zero00814
2016-08-04 20:04:52,556 INFO [org.junit.Test] zero00815
2016-08-04 20:04:52,556 INFO [org.junit.Test] zero00816
2016-08-04 20:04:52,556 INFO [org.junit.Test] zero00817
2016-08-04 20:04:52,556 INFO [org.junit.Test] zero00818
2016-08-04 20:04:52,556 INFO [org.junit.Test] zero00819
2016-08-04 20:04:52,556 INFO [org.junit.Test] zero00820
2016-08-04 20:04:52,556 INFO [org.junit.Test] zero00821
2016-08-04 20:04:52,556 INFO [org.junit.Test] zero00822
2016-08-04 20:04:52,556 INFO [org.junit.Test] zero00823
2016-08-04 20:04:52,556 INFO [org.junit.Test] zero00824
2016-08-04 20:04:52,556 INFO [org.junit.Test] zero00825
2016-08-04 20:04:52,556 INFO [org.junit.Test] zero00826
2016-08-04 20:04:52,556 INFO [org.junit.Test] zero00827
2016-08-04 20:04:52,556 INFO [org.junit.Test] zero00828
2016-08-04 20:04:52,556 INFO [org.junit.Test] zero00829
2016-08-04 20:04:52,556 INFO [org.junit.Test] zero00830
2016-08-04 20:04:52,556 INFO [org.junit.Test] zero00831
2016-08-04 20:04:52,556 INFO [org.junit.Test] zero00832
2016-08-04 20:04:52,556 INFO [org.junit.Test] zero00833
2016-08-04 20:04:52,556 INFO [org.junit.Test] zero00834
2016-08-04 20:04:52,556 INFO [org.junit.Test] zero00835
2016-08-04 20:04:52,556 INFO [org.junit.Test] zero00836
2016-08-04 20:04:52,556 INFO [org.junit.Test] zero00837
2016-08-04 20:04:52,556 INFO [org.junit.Test] zero00838
2016-08-04 20:04:52,556 INFO [org.junit.Test] zero00839
2016-08-04 20:04:52,556 INFO [org.junit.Test] zero00840
2016-08-04 20:04:52,556 INFO [org.junit.Test] zero00841
2016-08-04 20:04:52,556 INFO [org.junit.Test] zero00842
2016-08-04 20:04:52,556 INFO [org.junit.Test] zero00843
2016-08-04 20:04:52,556 INFO [org.junit.Test] zero00844
2016-08-04 20:04:52,556 INFO [org.junit.Test] zero00845
2016-08-04 20:04:52,556 INFO [org.junit.Test] zero00846
2016-08-04 20:04:52,556 INFO [org.junit.Test] zero00847
2016-08-04 20:04:52,556 INFO [org.junit.Test] zero00848
2016-08-04 20:04:52,556 INFO [org.junit.Test] zero00849
2016-08-04 20:04:52,556 INFO [org.junit.Test] zero00850
2016-08-04 20:04:52,556 INFO [org.junit.Test] zero00851
2016-08-04 20:04:52,556 INFO [org.junit.Test] zero00852
2016-08-04 20:04:52,556 INFO [org.junit.Test] zero00853
2016-08-04 20:04:52,556 INFO [org.junit.Test] zero00854
2016-08-04 20:04:52,556 INFO [org.junit.Test] zero00855
2016-08-04 20:04:52,556 INFO [org.junit.Test] zero00856
2016-08-04 20:04:52,556 INFO [org.junit.Test] zero00857
2016-08-04 20:04:52,556 INFO [org.junit.Test] zero00858
2016-08-04 20:04:52,556 INFO [org.junit.Test] zero00859
2016-08-04 20:04:52,556 INFO [org.junit.Test] zero00860
2016-08-04 20:04:52,556 INFO [org.junit.Test] zero00861
2016-08-04 20:04:52,556 INFO [org.junit.Test] zero00862
2016-08-04 20:04:52,556 INFO [org.junit.Test] zero00863
2016-08-04 20:04:52,556 INFO [org.junit.Test] zero00864
2016-08-04 20:04:52,556 INFO [org.junit.Test] zero00865
2016-08-04 20:04:52,556 INFO [org.junit.Test] zero00866
2016-08-04 20:04:52,556 INFO [org.junit.Test] zero00867
2016-08-04 20:04:52,556 INFO [org.junit.Test] zero00868
2016-08-04 20:04:52,556 INFO [org.junit.Test] zero00869
2016-08-04 20:04:52,556 INFO [org.junit.Test] zero00870
2016-08-04 20:04:52,556 INFO [org.junit.Test] zero00871
2016-08-04 20:04:52,556 INFO [org.junit.Test] zero00872
2016-08-04 20:04:52,556 INFO [org.junit.Test] zero00873
2016-08-04 20:04:52,556 INFO [org.junit.Test] zero00874
2016-08-04 20:04:52,556 INFO [org.junit.Test] zero00875
2016-08-04 20:04:52,556 INFO [org.junit.Test] zero00876
2016-08-04 20:04:52,556 INFO [org.junit.Test] zero00877
2016-08-04 20:04:52,556 INFO [org.junit.Test] zero00878
2016-08-04 20:04:52,556 INFO [org.junit.Test] zero00879
2016-08-04 20:04:52,556 INFO [org.junit.Test] zero00880
2016-08-04 20:04:52,556 INFO [org.junit.Test] zero00881
2016-08-04 20:04:52,556 INFO [org.junit.Test] zero00882
2016-08-04 20:04:52,556 INFO [org.junit.Test] zero00883
2016-08-04 20:04:52,556 INFO [org.junit.Test] zero00884
2016-08-04 20:04:52,556 INFO [org.junit.Test] zero00885
2016-08-04 20:04:52,556 INFO [org.junit.Test] zero00886
2016-08-04 20:04:52,556 INFO [org.junit.Test] zero00887
2016-08-04 20:04:52,556 INFO [org.junit.Test] zero00888
2016-08-04 20:04:52,556 INFO [org.junit.Test] zero00889
2016-08-04 20:04:52,556 INFO [org.junit.Test] zero00890
2016-08-04 20:04:52,556 INFO [org.junit.Test] zero00891
2016-08-04 20:04:52,556 INFO [org.junit.Test] zero00892
2016-08-04 20:04:52,556 INFO [org.junit.Test] zero00893
2016-08-04 20:04:52,556 INFO [org.junit.Test] zero00894
2016-08-04 20:04:52,556 INFO [org.junit.Test] zero00895
2016-08-04 20:04:52,556 INFO [org.junit.Test] zero00896
2016-08-04 20:04:52,556 INFO [org.junit.Test] zero00897
2016-08-04 20:04:52,556 INFO [org.junit.Test] zero00898
2016-08-04 20:04:52,556 INFO [org.junit.Test] zero00899
2016-08-04 20:04:52,556 INFO [org.junit.Test] zero00900
2016-08-04 20:04:52,556 INFO [org.junit.Test] zero00901
2016-08-04 20:04:52,556 INFO [org.junit.Test] zero00902
2016-08-04 20:04:52,556 INFO [org.junit.Test] zero00903
2016-08-04 20:04:52,556 INFO [org.junit.Test] zero00904
2016-08-04 20:04:52,556 INFO [org.junit.Test] zero00905
2016-08-04 20:04:52,556 INFO [org.junit.Test] zero00906
2016-08-04 20:04:52,556 INFO [org.junit.Test] zero00907
2016-08-04 20:04:52,556 INFO [org.junit.Test] zero00908
2016-08-04 20:04:52,556 INFO [org.junit.Test] zero00909
2016-08-04 20:04:52,556 INFO [org.junit.Test] zero00910
2016-08-04 20:04:52,556 INFO [org.junit.Test] zero00911
2016-08-04 20:04:52,556 INFO [org.junit.Test] zero00912
2016-08-04 20:04:52,556 INFO [org.junit.Test] zero00913
2016-08-04 20:04:52,556 INFO [org.junit.Test] zero00914
2016-08-04 20:04:52,556 INFO [org.junit.Test] zero00915
2016-08-04 20:04:52,556 INFO [org.junit.Test] zero00916
2016-08-04 20:04:52,556 INFO [org.junit.Test] zero00917
2016-08-04 20:04:52,556 INFO [org.junit.Test] zero00918
2016-08-04 20:04:52,556 INFO [org.junit.Test] zero00919
2016-08-04 20:04:52,556 INFO [org.junit.Test] zero00920
2016-08-04 20:04:52,556 INFO [org.junit.Test] zero00921
2016-08-04 20:04:52,556 INFO [org.junit.Test] zero00922
2016-08-04 20:04:52,556 INFO [org.junit.Test] zero00923
2016-08-04 20:04:52,556 INFO [org.junit.Test] zero00924
2016-08-04 20:04:52,556 INFO [org.junit.Test] zero00925
2016-08-04 20:04:52,556 INFO [org.junit.Test] zero00926
2016-08-04 20:04:52,556 INFO [org.junit.Test] zero00927
2016-08-04 20:04:52,556 INFO [org.junit.Test] zero00928
2016-08-04 20:04:52,556 INFO [org.junit.Test] zero00929
2016-08-04 20:04:52,556 INFO [org.junit.Test] zero00930
2016-08-04 20:04:52,556 INFO [org.junit.Test] zero00931
2016-08-04 20:04:52,556 INFO [org.junit.Test] zero00932
2016-08-04 20:04:52,556 INFO [org.junit.Test] zero00933
2016-08-04 20:04:52,556 INFO [org.junit.Test] zero00934
2016-08-04 20:04:52,556 INFO [org.junit.Test] zero00935
2016-08-04 20:04:52,556 INFO [org.junit.Test] zero00936
2016-08-04 20:04:52,556 INFO [org.junit.Test] zero00937
2016-08-04 20:04:52,556 INFO [org.junit.Test] zero00938
2016-08-04 20:04:52,556 INFO [org.junit.Test] zero00939
2016-08-04 20:04:52,556 INFO [org.junit.Test] zero00940
2016-08-04 20:04:52,556 INFO [org.junit.Test] zero00941
2016-08-04 20:04:52,556 INFO [org.junit.Test] zero00942
2016-08-04 20:04:52,556 INFO [org.junit.Test] zero00943
2016-08-04 20:04:52,556 INFO [org.junit.Test] zero00944
2016-08-04 20:04:52,556 INFO [org.junit.Test] zero00945
2016-08-04 20:04:52,556 INFO [org.junit.Test] zero00946
2016-08-04 20:04:52,556 INFO [org.junit.Test] zero00947
2016-08-04 20:04:52,556 INFO [org.junit.Test] zero00948
2016-08-04 20:04:52,556 INFO [org.junit.Test] zero00949
2016-08-04 20:04:52,556 INFO [org.junit.Test] zero00950
2016-08-04 20:04:52,556 INFO [org.junit.Test] zero00951
2016-08-04 20:04:52,556 INFO [org.junit.Test] zero00952
2016-08-04 20:04:52,556 INFO [org.junit.Test] zero00953
2016-08-04 20:04:52,556 INFO [org.junit.Test] zero00954
2016-08-04 20:04:52,556 INFO [org.junit.Test] zero00955
2016-08-04 20:04:52,556 INFO [org.junit.Test] zero00956
2016-08-04 20:04:52,556 INFO [org.junit.Test] zero00957
2016-08-04 20:04:52,556 INFO [org.junit.Test] zero00958
2016-08-04 20:04:52,556 INFO [org.junit.Test] zero00959
2016-08-04 20:04:52,556 INFO [org.junit.Test] zero00960
2016-08-04 20:04:52,556 INFO [org.junit.Test] zero00961
2016-08-04 20:04:52,556 INFO [org.junit.Test] zero00962
2016-08-04 20:04:52,556 INFO [org.junit.Test] zero00963
2016-08-04 20:04:52,556 INFO [org.junit.Test] zero00964
2016-08-04 20:04:52,556 INFO [org.junit.Test] zero00965
2016-08-04 20:04:52,556 INFO [org.junit.Test] zero00966
2016-08-04 20:04:52,556 INFO [org.junit.Test] zero00967
2016-08-04 20:04:52,556 INFO [org.junit.Test] zero00968
2016-08-04 20:04:52,556 INFO [org.junit.Test] zero00969
2016-08-04 20:04:52,556 INFO [org.junit.Test] zero00970
2016-08-04 20:04:52,556 INFO [org.junit.Test] zero00971
2016-08-04 20:04:52,556 INFO [org.junit.Test] zero00972
2016-08-04 20:04:52,556 INFO [org.junit.Test] zero00973
2016-08-04 20:04:52,556 INFO [org.junit.Test] zero00974
2016-08-04 20:04:52,556 INFO [org.junit.Test] zero00975
2016-08-04 20:04:52,556 INFO [org.junit.Test] zero00976
2016-08-04 20:04:52,556 INFO [org.junit.Test] zero00977
2016-08-04 20:04:52,556 INFO [org.junit.Test] zero00978
2016-08-04 20:04:52,556 INFO [org.junit.Test] zero00979
2016-08-04 20:04:52,556 INFO [org.junit.Test] zero00980
2016-08-04 20:04:52,556 INFO [org.junit.Test] zero00981
2016-08-04 20:04:52,556 INFO [org.junit.Test] zero00982
2016-08-04 20:04:52,556 INFO [org.junit.Test] zero00983
2016-08-04 20:04:52,556 INFO [org.junit.Test] zero00984
2016-08-04 20:04:52,556 INFO [org.junit.Test] zero00985
2016-08-04 20:04:52,556 INFO [org.junit.Test] zero00986
2016-08-04 20:04:52,556 INFO [org.junit.Test] zero00987
2016-08-04 20:04:52,556 INFO [org.junit.Test] zero00988
2016-08-04 20:04:52,556 INFO [org.junit.Test] zero00989
2016-08-04 20:04:52,556 INFO [org.junit.Test] zero00990
2016-08-04 20:04:52,556 INFO [org.junit.Test] zero00991
2016-08-04 20:04:52,556 INFO [org.junit.Test] zero00992
2016-08-04 20:04:52,556 INFO [org.junit.Test] zero00993
2016-08-04 20:04:52,556 INFO [org.junit.Test] zero00994
2016-08-04 20:04:52,556 INFO [org.junit.Test] zero00995
2016-08-04 20:04:52,556 INFO [org.junit.Test] zero00996
2016-08-04 20:04:52,556 INFO [org.junit.Test] zero00997
2016-08-04 20:04:52,556 INFO [org.junit.Test] zero00998
2016-08-04 20:04:52,556 INFO [org.junit.Test] zero00999
2016-08-04 20:04:55,557 INFO [org.junit.Test] zero000
2016-08-04 20:04:55,557 INFO [org.junit.Test] zero001
2016-08-04 20:04:55,557 INFO [org.junit.Test] zero002
2016-08-04 20:04:55,557 INFO [org.junit.Test] zero003
2016-08-04 20:04:55,557 INFO [org.junit.Test] zero004
2016-08-04 20:04:55,557 INFO [org.junit.Test] zero005
2016-08-04 20:04:55,557 INFO [org.junit.Test] zero006
2016-08-04 20:04:55,557 INFO [org.junit.Test] zero007
2016-08-04 20:04:55,557 INFO [org.junit.Test] zero008
2016-08-04 20:04:55,557 INFO [org.junit.Test] zero009
2016-08-04 20:04:55,557 INFO [org.junit.Test] zero0010
2016-08-04 20:04:55,557 INFO [org.junit.Test] zero0011
2016-08-04 20:04:55,557 INFO [org.junit.Test] zero0012
2016-08-04 20:04:55,557 INFO [org.junit.Test] zero0013
2016-08-04 20:04:55,557 INFO [org.junit.Test] zero0014
2016-08-04 20:04:55,557 INFO [org.junit.Test] zero0015
2016-08-04 20:04:55,557 INFO [org.junit.Test] zero0016
2016-08-04 20:04:55,557 INFO [org.junit.Test] zero0017
2016-08-04 20:04:55,557 INFO [org.junit.Test] zero0018
2016-08-04 20:04:55,557 INFO [org.junit.Test] zero0019
2016-08-04 20:04:55,557 INFO [org.junit.Test] zero0020
2016-08-04 20:04:55,557 INFO [org.junit.Test] zero0021
2016-08-04 20:04:55,557 INFO [org.junit.Test] zero0022
2016-08-04 20:04:55,557 INFO [org.junit.Test] zero0023
2016-08-04 20:04:55,557 INFO [org.junit.Test] zero0024
2016-08-04 20:04:55,557 INFO [org.junit.Test] zero0025
2016-08-04 20:04:55,557 INFO [org.junit.Test] zero0026
2016-08-04 20:04:55,557 INFO [org.junit.Test] zero0027
2016-08-04 20:04:55,557 INFO [org.junit.Test] zero0028
2016-08-04 20:04:55,557 INFO [org.junit.Test] zero0029
2016-08-04 20:04:55,557 INFO [org.junit.Test] zero0030
2016-08-04 20:04:55,557 INFO [org.junit.Test] zero0031
2016-08-04 20:04:55,557 INFO [org.junit.Test] zero0032
2016-08-04 20:04:55,557 INFO [org.junit.Test] zero0033
2016-08-04 20:04:55,557 INFO [org.junit.Test] zero0034
2016-08-04 20:04:55,557 INFO [org.junit.Test] zero0035
2016-08-04 20:04:55,557 INFO [org.junit.Test] zero0036
2016-08-04 20:04:55,557 INFO [org.junit.Test] zero0037
2016-08-04 20:04:55,557 INFO [org.junit.Test] zero0038
2016-08-04 20:04:55,557 INFO [org.junit.Test] zero0039
2016-08-04 20:04:55,557 INFO [org.junit.Test] zero0040
2016-08-04 20:04:55,557 INFO [org.junit.Test] zero0041
2016-08-04 20:04:55,557 INFO [org.junit.Test] zero0042
2016-08-04 20:04:55,557 INFO [org.junit.Test] zero0043
2016-08-04 20:04:55,557 INFO [org.junit.Test] zero0044
2016-08-04 20:04:55,557 INFO [org.junit.Test] zero0045
2016-08-04 20:04:55,557 INFO [org.junit.Test] zero0046
2016-08-04 20:04:55,557 INFO [org.junit.Test] zero0047
2016-08-04 20:04:55,557 INFO [org.junit.Test] zero0048
2016-08-04 20:04:55,557 INFO [org.junit.Test] zero0049
2016-08-04 20:04:55,557 INFO [org.junit.Test] zero0050
2016-08-04 20:04:55,557 INFO [org.junit.Test] zero0051
2016-08-04 20:04:55,557 INFO [org.junit.Test] zero0052
2016-08-04 20:04:55,557 INFO [org.junit.Test] zero0053
2016-08-04 20:04:55,557 INFO [org.junit.Test] zero0054
2016-08-04 20:04:55,557 INFO [org.junit.Test] zero0055
2016-08-04 20:04:55,557 INFO [org.junit.Test] zero0056
2016-08-04 20:04:55,557 INFO [org.junit.Test] zero0057
2016-08-04 20:04:55,557 INFO [org.junit.Test] zero0058
2016-08-04 20:04:55,557 INFO [org.junit.Test] zero0059
2016-08-04 20:04:55,557 INFO [org.junit.Test] zero0060
2016-08-04 20:04:55,557 INFO [org.junit.Test] zero0061
2016-08-04 20:04:55,557 INFO [org.junit.Test] zero0062
2016-08-04 20:04:55,557 INFO [org.junit.Test] zero0063
2016-08-04 20:04:55,557 INFO [org.junit.Test] zero0064
2016-08-04 20:04:55,557 INFO [org.junit.Test] zero0065
2016-08-04 20:04:55,557 INFO [org.junit.Test] zero0066
2016-08-04 20:04:55,557 INFO [org.junit.Test] zero0067
2016-08-04 20:04:55,557 INFO [org.junit.Test] zero0068
2016-08-04 20:04:55,557 INFO [org.junit.Test] zero0069
2016-08-04 20:04:55,557 INFO [org.junit.Test] zero0070
2016-08-04 20:04:55,557 INFO [org.junit.Test] zero0071
2016-08-04 20:04:55,557 INFO [org.junit.Test] zero0072
2016-08-04 20:04:55,557 INFO [org.junit.Test] zero0073
2016-08-04 20:04:55,557 INFO [org.junit.Test] zero0074
2016-08-04 20:04:55,557 INFO [org.junit.Test] zero0075
2016-08-04 20:04:55,557 INFO [org.junit.Test] zero0076
2016-08-04 20:04:55,557 INFO [org.junit.Test] zero0077
2016-08-04 20:04:55,557 INFO [org.junit.Test] zero0078
2016-08-04 20:04:55,557 INFO [org.junit.Test] zero0079
2016-08-04 20:04:55,557 INFO [org.junit.Test] zero0080
2016-08-04 20:04:55,557 INFO [org.junit.Test] zero0081
2016-08-04 20:04:55,557 INFO [org.junit.Test] zero0082
2016-08-04 20:04:55,557 INFO [org.junit.Test] zero0083
2016-08-04 20:04:55,557 INFO [org.junit.Test] zero0084
2016-08-04 20:04:55,557 INFO [org.junit.Test] zero0085
2016-08-04 20:04:55,557 INFO [org.junit.Test] zero0086
2016-08-04 20:04:55,557 INFO [org.junit.Test] zero0087
2016-08-04 20:04:55,557 INFO [org.junit.Test] zero0088
2016-08-04 20:04:55,557 INFO [org.junit.Test] zero0089
2016-08-04 20:04:55,557 INFO [org.junit.Test] zero0090
2016-08-04 20:04:55,557 INFO [org.junit.Test] zero0091
2016-08-04 20:04:55,557 INFO [org.junit.Test] zero0092
2016-08-04 20:04:55,557 INFO [org.junit.Test] zero0093
2016-08-04 20:04:55,557 INFO [org.junit.Test] zero0094
2016-08-04 20:04:55,557 INFO [org.junit.Test] zero0095
2016-08-04 20:04:55,557 INFO [org.junit.Test] zero0096
2016-08-04 20:04:55,557 INFO [org.junit.Test] zero0097
2016-08-04 20:04:55,557 INFO [org.junit.Test] zero0098
2016-08-04 20:04:55,557 INFO [org.junit.Test] zero0099
2016-08-04 20:04:55,557 INFO [org.junit.Test] zero00100
2016-08-04 20:04:55,557 INFO [org.junit.Test] zero00101
2016-08-04 20:04:55,557 INFO [org.junit.Test] zero00102
2016-08-04 20:04:55,557 INFO [org.junit.Test] zero00103
2016-08-04 20:04:55,557 INFO [org.junit.Test] zero00104
2016-08-04 20:04:55,557 INFO [org.junit.Test] zero00105
2016-08-04 20:04:55,557 INFO [org.junit.Test] zero00106
2016-08-04 20:04:55,557 INFO [org.junit.Test] zero00107
2016-08-04 20:04:55,557 INFO [org.junit.Test] zero00108
2016-08-04 20:04:55,557 INFO [org.junit.Test] zero00109
2016-08-04 20:04:55,557 INFO [org.junit.Test] zero00110
2016-08-04 20:04:55,557 INFO [org.junit.Test] zero00111
2016-08-04 20:04:55,557 INFO [org.junit.Test] zero00112
2016-08-04 20:04:55,557 INFO [org.junit.Test] zero00113
2016-08-04 20:04:55,557 INFO [org.junit.Test] zero00114
2016-08-04 20:04:55,557 INFO [org.junit.Test] zero00115
2016-08-04 20:04:55,557 INFO [org.junit.Test] zero00116
2016-08-04 20:04:55,557 INFO [org.junit.Test] zero00117
2016-08-04 20:04:55,557 INFO [org.junit.Test] zero00118
2016-08-04 20:04:55,557 INFO [org.junit.Test] zero00119
2016-08-04 20:04:55,557 INFO [org.junit.Test] zero00120
2016-08-04 20:04:55,557 INFO [org.junit.Test] zero00121
2016-08-04 20:04:55,557 INFO [org.junit.Test] zero00122
2016-08-04 20:04:55,557 INFO [org.junit.Test] zero00123
2016-08-04 20:04:55,557 INFO [org.junit.Test] zero00124
2016-08-04 20:04:55,557 INFO [org.junit.Test] zero00125
2016-08-04 20:04:55,557 INFO [org.junit.Test] zero00126
2016-08-04 20:04:55,557 INFO [org.junit.Test] zero00127
2016-08-04 20:04:55,557 INFO [org.junit.Test] zero00128
2016-08-04 20:04:55,557 INFO [org.junit.Test] zero00129
2016-08-04 20:04:55,557 INFO [org.junit.Test] zero00130
2016-08-04 20:04:55,557 INFO [org.junit.Test] zero00131
2016-08-04 20:04:55,557 INFO [org.junit.Test] zero00132
2016-08-04 20:04:55,557 INFO [org.junit.Test] zero00133
2016-08-04 20:04:55,557 INFO [org.junit.Test] zero00134
2016-08-04 20:04:55,557 INFO [org.junit.Test] zero00135
2016-08-04 20:04:55,557 INFO [org.junit.Test] zero00136
2016-08-04 20:04:55,557 INFO [org.junit.Test] zero00137
2016-08-04 20:04:55,557 INFO [org.junit.Test] zero00138
2016-08-04 20:04:55,557 INFO [org.junit.Test] zero00139
2016-08-04 20:04:55,557 INFO [org.junit.Test] zero00140
2016-08-04 20:04:55,557 INFO [org.junit.Test] zero00141
2016-08-04 20:04:55,557 INFO [org.junit.Test] zero00142
2016-08-04 20:04:55,557 INFO [org.junit.Test] zero00143
2016-08-04 20:04:55,557 INFO [org.junit.Test] zero00144
2016-08-04 20:04:55,557 INFO [org.junit.Test] zero00145
2016-08-04 20:04:55,557 INFO [org.junit.Test] zero00146
2016-08-04 20:04:55,557 INFO [org.junit.Test] zero00147
2016-08-04 20:04:55,557 INFO [org.junit.Test] zero00148
2016-08-04 20:04:55,557 INFO [org.junit.Test] zero00149
2016-08-04 20:04:55,557 INFO [org.junit.Test] zero00150
2016-08-04 20:04:55,557 INFO [org.junit.Test] zero00151
2016-08-04 20:04:55,557 INFO [org.junit.Test] zero00152
2016-08-04 20:04:55,557 INFO [org.junit.Test] zero00153
2016-08-04 20:04:55,557 INFO [org.junit.Test] zero00154
2016-08-04 20:04:55,557 INFO [org.junit.Test] zero00155
2016-08-04 20:04:55,557 INFO [org.junit.Test] zero00156
2016-08-04 20:04:55,557 INFO [org.junit.Test] zero00157
2016-08-04 20:04:55,557 INFO [org.junit.Test] zero00158
2016-08-04 20:04:55,557 INFO [org.junit.Test] zero00159
2016-08-04 20:04:55,557 INFO [org.junit.Test] zero00160
2016-08-04 20:04:55,557 INFO [org.junit.Test] zero00161
2016-08-04 20:04:55,557 INFO [org.junit.Test] zero00162
2016-08-04 20:04:55,557 INFO [org.junit.Test] zero00163
2016-08-04 20:04:55,557 INFO [org.junit.Test] zero00164
2016-08-04 20:04:55,557 INFO [org.junit.Test] zero00165
2016-08-04 20:04:55,557 INFO [org.junit.Test] zero00166
2016-08-04 20:04:55,557 INFO [org.junit.Test] zero00167
2016-08-04 20:04:55,557 INFO [org.junit.Test] zero00168
2016-08-04 20:04:55,557 INFO [org.junit.Test] zero00169
2016-08-04 20:04:55,557 INFO [org.junit.Test] zero00170
2016-08-04 20:04:55,557 INFO [org.junit.Test] zero00171
2016-08-04 20:04:55,557 INFO [org.junit.Test] zero00172
2016-08-04 20:04:55,557 INFO [org.junit.Test] zero00173
2016-08-04 20:04:55,557 INFO [org.junit.Test] zero00174
2016-08-04 20:04:55,557 INFO [org.junit.Test] zero00175
2016-08-04 20:04:55,557 INFO [org.junit.Test] zero00176
2016-08-04 20:04:55,557 INFO [org.junit.Test] zero00177
2016-08-04 20:04:55,557 INFO [org.junit.Test] zero00178
2016-08-04 20:04:55,557 INFO [org.junit.Test] zero00179
2016-08-04 20:04:55,557 INFO [org.junit.Test] zero00180
2016-08-04 20:04:55,558 INFO [org.junit.Test] zero00181
2016-08-04 20:04:55,558 INFO [org.junit.Test] zero00182
2016-08-04 20:04:55,558 INFO [org.junit.Test] zero00183
2016-08-04 20:04:55,558 INFO [org.junit.Test] zero00184
2016-08-04 20:04:55,558 INFO [org.junit.Test] zero00185
2016-08-04 20:04:55,558 INFO [org.junit.Test] zero00186
2016-08-04 20:04:55,558 INFO [org.junit.Test] zero00187
2016-08-04 20:04:55,558 INFO [org.junit.Test] zero00188
2016-08-04 20:04:55,558 INFO [org.junit.Test] zero00189
2016-08-04 20:04:55,558 INFO [org.junit.Test] zero00190
2016-08-04 20:04:55,558 INFO [org.junit.Test] zero00191
2016-08-04 20:04:55,558 INFO [org.junit.Test] zero00192
2016-08-04 20:04:55,558 INFO [org.junit.Test] zero00193
2016-08-04 20:04:55,558 INFO [org.junit.Test] zero00194
2016-08-04 20:04:55,558 INFO [org.junit.Test] zero00195
2016-08-04 20:04:55,558 INFO [org.junit.Test] zero00196
2016-08-04 20:04:55,558 INFO [org.junit.Test] zero00197
2016-08-04 20:04:55,558 INFO [org.junit.Test] zero00198
2016-08-04 20:04:55,558 INFO [org.junit.Test] zero00199
2016-08-04 20:04:55,558 INFO [org.junit.Test] zero00200
2016-08-04 20:04:55,558 INFO [org.junit.Test] zero00201
2016-08-04 20:04:55,558 INFO [org.junit.Test] zero00202
2016-08-04 20:04:55,558 INFO [org.junit.Test] zero00203
2016-08-04 20:04:55,558 INFO [org.junit.Test] zero00204
2016-08-04 20:04:55,558 INFO [org.junit.Test] zero00205
2016-08-04 20:04:55,558 INFO [org.junit.Test] zero00206
2016-08-04 20:04:55,558 INFO [org.junit.Test] zero00207
2016-08-04 20:04:55,558 INFO [org.junit.Test] zero00208
2016-08-04 20:04:55,558 INFO [org.junit.Test] zero00209
2016-08-04 20:04:55,558 INFO [org.junit.Test] zero00210
2016-08-04 20:04:55,558 INFO [org.junit.Test] zero00211
2016-08-04 20:04:55,558 INFO [org.junit.Test] zero00212
2016-08-04 20:04:55,558 INFO [org.junit.Test] zero00213
2016-08-04 20:04:55,558 INFO [org.junit.Test] zero00214
2016-08-04 20:04:55,558 INFO [org.junit.Test] zero00215
2016-08-04 20:04:55,558 INFO [org.junit.Test] zero00216
2016-08-04 20:04:55,558 INFO [org.junit.Test] zero00217
2016-08-04 20:04:55,558 INFO [org.junit.Test] zero00218
2016-08-04 20:04:55,558 INFO [org.junit.Test] zero00219
2016-08-04 20:04:55,558 INFO [org.junit.Test] zero00220
2016-08-04 20:04:55,558 INFO [org.junit.Test] zero00221
2016-08-04 20:04:55,558 INFO [org.junit.Test] zero00222
2016-08-04 20:04:55,558 INFO [org.junit.Test] zero00223
2016-08-04 20:04:55,558 INFO [org.junit.Test] zero00224
2016-08-04 20:04:55,558 INFO [org.junit.Test] zero00225
2016-08-04 20:04:55,558 INFO [org.junit.Test] zero00226
2016-08-04 20:04:55,558 INFO [org.junit.Test] zero00227
2016-08-04 20:04:55,558 INFO [org.junit.Test] zero00228
2016-08-04 20:04:55,558 INFO [org.junit.Test] zero00229
2016-08-04 20:04:55,558 INFO [org.junit.Test] zero00230
2016-08-04 20:04:55,558 INFO [org.junit.Test] zero00231
2016-08-04 20:04:55,558 INFO [org.junit.Test] zero00232
2016-08-04 20:04:55,558 INFO [org.junit.Test] zero00233
2016-08-04 20:04:55,558 INFO [org.junit.Test] zero00234
2016-08-04 20:04:55,558 INFO [org.junit.Test] zero00235
2016-08-04 20:04:55,558 INFO [org.junit.Test] zero00236
2016-08-04 20:04:55,558 INFO [org.junit.Test] zero00237
2016-08-04 20:04:55,558 INFO [org.junit.Test] zero00238
2016-08-04 20:04:55,558 INFO [org.junit.Test] zero00239
2016-08-04 20:04:55,558 INFO [org.junit.Test] zero00240
2016-08-04 20:04:55,558 INFO [org.junit.Test] zero00241
2016-08-04 20:04:55,558 INFO [org.junit.Test] zero00242
2016-08-04 20:04:55,558 INFO [org.junit.Test] zero00243
2016-08-04 20:04:55,558 INFO [org.junit.Test] zero00244
2016-08-04 20:04:55,558 INFO [org.junit.Test] zero00245
2016-08-04 20:04:55,558 INFO [org.junit.Test] zero00246
2016-08-04 20:04:55,558 INFO [org.junit.Test] zero00247
2016-08-04 20:04:55,558 INFO [org.junit.Test] zero00248
2016-08-04 20:04:55,558 INFO [org.junit.Test] zero00249
2016-08-04 20:04:55,558 INFO [org.junit.Test] zero00250
2016-08-04 20:04:55,558 INFO [org.junit.Test] zero00251
2016-08-04 20:04:55,558 INFO [org.junit.Test] zero00252
2016-08-04 20:04:55,558 INFO [org.junit.Test] zero00253
2016-08-04 20:04:55,558 INFO [org.junit.Test] zero00254
2016-08-04 20:04:55,558 INFO [org.junit.Test] zero00255
2016-08-04 20:04:55,558 INFO [org.junit.Test] zero00256
2016-08-04 20:04:55,558 INFO [org.junit.Test] zero00257
2016-08-04 20:04:55,558 INFO [org.junit.Test] zero00258
2016-08-04 20:04:55,558 INFO [org.junit.Test] zero00259
2016-08-04 20:04:55,558 INFO [org.junit.Test] zero00260
2016-08-04 20:04:55,558 INFO [org.junit.Test] zero00261
2016-08-04 20:04:55,558 INFO [org.junit.Test] zero00262
2016-08-04 20:04:55,558 INFO [org.junit.Test] zero00263
2016-08-04 20:04:55,558 INFO [org.junit.Test] zero00264
2016-08-04 20:04:55,558 INFO [org.junit.Test] zero00265
2016-08-04 20:04:55,558 INFO [org.junit.Test] zero00266
2016-08-04 20:04:55,558 INFO [org.junit.Test] zero00267
2016-08-04 20:04:55,558 INFO [org.junit.Test] zero00268
2016-08-04 20:04:55,558 INFO [org.junit.Test] zero00269
2016-08-04 20:04:55,558 INFO [org.junit.Test] zero00270
2016-08-04 20:04:55,558 INFO [org.junit.Test] zero00271
2016-08-04 20:04:55,558 INFO [org.junit.Test] zero00272
2016-08-04 20:04:55,558 INFO [org.junit.Test] zero00273
2016-08-04 20:04:55,558 INFO [org.junit.Test] zero00274
2016-08-04 20:04:55,558 INFO [org.junit.Test] zero00275
2016-08-04 20:04:55,558 INFO [org.junit.Test] zero00276
2016-08-04 20:04:55,558 INFO [org.junit.Test] zero00277
2016-08-04 20:04:55,558 INFO [org.junit.Test] zero00278
2016-08-04 20:04:55,558 INFO [org.junit.Test] zero00279
2016-08-04 20:04:55,558 INFO [org.junit.Test] zero00280
2016-08-04 20:04:55,558 INFO [org.junit.Test] zero00281
2016-08-04 20:04:55,558 INFO [org.junit.Test] zero00282
2016-08-04 20:04:55,558 INFO [org.junit.Test] zero00283
2016-08-04 20:04:55,558 INFO [org.junit.Test] zero00284
2016-08-04 20:04:55,558 INFO [org.junit.Test] zero00285
2016-08-04 20:04:55,558 INFO [org.junit.Test] zero00286
2016-08-04 20:04:55,558 INFO [org.junit.Test] zero00287
2016-08-04 20:04:55,558 INFO [org.junit.Test] zero00288
2016-08-04 20:04:55,558 INFO [org.junit.Test] zero00289
2016-08-04 20:04:55,558 INFO [org.junit.Test] zero00290
2016-08-04 20:04:55,558 INFO [org.junit.Test] zero00291
2016-08-04 20:04:55,558 INFO [org.junit.Test] zero00292
2016-08-04 20:04:55,558 INFO [org.junit.Test] zero00293
2016-08-04 20:04:55,558 INFO [org.junit.Test] zero00294
2016-08-04 20:04:55,558 INFO [org.junit.Test] zero00295
2016-08-04 20:04:55,558 INFO [org.junit.Test] zero00296
2016-08-04 20:04:55,558 INFO [org.junit.Test] zero00297
2016-08-04 20:04:55,558 INFO [org.junit.Test] zero00298
2016-08-04 20:04:55,558 INFO [org.junit.Test] zero00299
2016-08-04 20:04:55,558 INFO [org.junit.Test] zero00300
2016-08-04 20:04:55,558 INFO [org.junit.Test] zero00301
2016-08-04 20:04:55,558 INFO [org.junit.Test] zero00302
2016-08-04 20:04:55,558 INFO [org.junit.Test] zero00303
2016-08-04 20:04:55,558 INFO [org.junit.Test] zero00304
2016-08-04 20:04:55,558 INFO [org.junit.Test] zero00305
2016-08-04 20:04:55,558 INFO [org.junit.Test] zero00306
2016-08-04 20:04:55,558 INFO [org.junit.Test] zero00307
2016-08-04 20:04:55,558 INFO [org.junit.Test] zero00308
2016-08-04 20:04:55,558 INFO [org.junit.Test] zero00309
2016-08-04 20:04:55,558 INFO [org.junit.Test] zero00310
2016-08-04 20:04:55,558 INFO [org.junit.Test] zero00311
2016-08-04 20:04:55,558 INFO [org.junit.Test] zero00312
2016-08-04 20:04:55,558 INFO [org.junit.Test] zero00313
2016-08-04 20:04:55,558 INFO [org.junit.Test] zero00314
2016-08-04 20:04:55,558 INFO [org.junit.Test] zero00315
2016-08-04 20:04:55,558 INFO [org.junit.Test] zero00316
2016-08-04 20:04:55,558 INFO [org.junit.Test] zero00317
2016-08-04 20:04:55,558 INFO [org.junit.Test] zero00318
2016-08-04 20:04:55,558 INFO [org.junit.Test] zero00319
2016-08-04 20:04:55,558 INFO [org.junit.Test] zero00320
2016-08-04 20:04:55,558 INFO [org.junit.Test] zero00321
2016-08-04 20:04:55,558 INFO [org.junit.Test] zero00322
2016-08-04 20:04:55,558 INFO [org.junit.Test] zero00323
2016-08-04 20:04:55,558 INFO [org.junit.Test] zero00324
2016-08-04 20:04:55,558 INFO [org.junit.Test] zero00325
2016-08-04 20:04:55,558 INFO [org.junit.Test] zero00326
2016-08-04 20:04:55,558 INFO [org.junit.Test] zero00327
2016-08-04 20:04:55,558 INFO [org.junit.Test] zero00328
2016-08-04 20:04:55,558 INFO [org.junit.Test] zero00329
2016-08-04 20:04:55,558 INFO [org.junit.Test] zero00330
2016-08-04 20:04:55,558 INFO [org.junit.Test] zero00331
2016-08-04 20:04:55,558 INFO [org.junit.Test] zero00332
2016-08-04 20:04:55,558 INFO [org.junit.Test] zero00333
2016-08-04 20:04:55,558 INFO [org.junit.Test] zero00334
2016-08-04 20:04:55,558 INFO [org.junit.Test] zero00335
2016-08-04 20:04:55,558 INFO [org.junit.Test] zero00336
2016-08-04 20:04:55,558 INFO [org.junit.Test] zero00337
2016-08-04 20:04:55,558 INFO [org.junit.Test] zero00338
2016-08-04 20:04:55,558 INFO [org.junit.Test] zero00339
2016-08-04 20:04:55,558 INFO [org.junit.Test] zero00340
2016-08-04 20:04:55,558 INFO [org.junit.Test] zero00341
2016-08-04 20:04:55,558 INFO [org.junit.Test] zero00342
2016-08-04 20:04:55,558 INFO [org.junit.Test] zero00343
2016-08-04 20:04:55,558 INFO [org.junit.Test] zero00344
2016-08-04 20:04:55,558 INFO [org.junit.Test] zero00345
2016-08-04 20:04:55,558 INFO [org.junit.Test] zero00346
2016-08-04 20:04:55,558 INFO [org.junit.Test] zero00347
2016-08-04 20:04:55,558 INFO [org.junit.Test] zero00348
2016-08-04 20:04:55,558 INFO [org.junit.Test] zero00349
2016-08-04 20:04:55,558 INFO [org.junit.Test] zero00350
2016-08-04 20:04:55,558 INFO [org.junit.Test] zero00351
2016-08-04 20:04:55,558 INFO [org.junit.Test] zero00352
2016-08-04 20:04:55,558 INFO [org.junit.Test] zero00353
2016-08-04 20:04:55,558 INFO [org.junit.Test] zero00354
2016-08-04 20:04:55,558 INFO [org.junit.Test] zero00355
2016-08-04 20:04:55,558 INFO [org.junit.Test] zero00356
2016-08-04 20:04:55,558 INFO [org.junit.Test] zero00357
2016-08-04 20:04:55,558 INFO [org.junit.Test] zero00358
2016-08-04 20:04:55,558 INFO [org.junit.Test] zero00359
2016-08-04 20:04:55,558 INFO [org.junit.Test] zero00360
2016-08-04 20:04:55,558 INFO [org.junit.Test] zero00361
2016-08-04 20:04:55,558 INFO [org.junit.Test] zero00362
2016-08-04 20:04:55,558 INFO [org.junit.Test] zero00363
2016-08-04 20:04:55,558 INFO [org.junit.Test] zero00364
2016-08-04 20:04:55,558 INFO [org.junit.Test] zero00365
2016-08-04 20:04:55,558 INFO [org.junit.Test] zero00366
2016-08-04 20:04:55,558 INFO [org.junit.Test] zero00367
2016-08-04 20:04:55,558 INFO [org.junit.Test] zero00368
2016-08-04 20:04:55,558 INFO [org.junit.Test] zero00369
2016-08-04 20:04:55,558 INFO [org.junit.Test] zero00370
2016-08-04 20:04:55,558 INFO [org.junit.Test] zero00371
2016-08-04 20:04:55,558 INFO [org.junit.Test] zero00372
2016-08-04 20:04:55,558 INFO [org.junit.Test] zero00373
2016-08-04 20:04:55,558 INFO [org.junit.Test] zero00374
2016-08-04 20:04:55,558 INFO [org.junit.Test] zero00375
2016-08-04 20:04:55,558 INFO [org.junit.Test] zero00376
2016-08-04 20:04:55,558 INFO [org.junit.Test] zero00377
2016-08-04 20:04:55,558 INFO [org.junit.Test] zero00378
2016-08-04 20:04:55,558 INFO [org.junit.Test] zero00379
2016-08-04 20:04:55,558 INFO [org.junit.Test] zero00380
2016-08-04 20:04:55,558 INFO [org.junit.Test] zero00381
2016-08-04 20:04:55,558 INFO [org.junit.Test] zero00382
2016-08-04 20:04:55,558 INFO [org.junit.Test] zero00383
2016-08-04 20:04:55,558 INFO [org.junit.Test] zero00384
2016-08-04 20:04:55,558 INFO [org.junit.Test] zero00385
2016-08-04 20:04:55,558 INFO [org.junit.Test] zero00386
2016-08-04 20:04:55,558 INFO [org.junit.Test] zero00387
2016-08-04 20:04:55,558 INFO [org.junit.Test] zero00388
2016-08-04 20:04:55,558 INFO [org.junit.Test] zero00389
2016-08-04 20:04:55,558 INFO [org.junit.Test] zero00390
2016-08-04 20:04:55,558 INFO [org.junit.Test] zero00391
2016-08-04 20:04:55,558 INFO [org.junit.Test] zero00392
2016-08-04 20:04:55,558 INFO [org.junit.Test] zero00393
2016-08-04 20:04:55,558 INFO [org.junit.Test] zero00394
2016-08-04 20:04:55,558 INFO [org.junit.Test] zero00395
2016-08-04 20:04:55,558 INFO [org.junit.Test] zero00396
2016-08-04 20:04:55,558 INFO [org.junit.Test] zero00397
2016-08-04 20:04:55,558 INFO [org.junit.Test] zero00398
2016-08-04 20:04:55,558 INFO [org.junit.Test] zero00399
2016-08-04 20:04:55,558 INFO [org.junit.Test] zero00400
2016-08-04 20:04:55,558 INFO [org.junit.Test] zero00401
2016-08-04 20:04:55,558 INFO [org.junit.Test] zero00402
2016-08-04 20:04:55,558 INFO [org.junit.Test] zero00403
2016-08-04 20:04:55,558 INFO [org.junit.Test] zero00404
2016-08-04 20:04:55,558 INFO [org.junit.Test] zero00405
2016-08-04 20:04:55,558 INFO [org.junit.Test] zero00406
2016-08-04 20:04:55,558 INFO [org.junit.Test] zero00407
2016-08-04 20:04:55,558 INFO [org.junit.Test] zero00408
2016-08-04 20:04:55,558 INFO [org.junit.Test] zero00409
2016-08-04 20:04:55,558 INFO [org.junit.Test] zero00410
2016-08-04 20:04:55,558 INFO [org.junit.Test] zero00411
2016-08-04 20:04:55,558 INFO [org.junit.Test] zero00412
2016-08-04 20:04:55,558 INFO [org.junit.Test] zero00413
2016-08-04 20:04:55,558 INFO [org.junit.Test] zero00414
2016-08-04 20:04:55,558 INFO [org.junit.Test] zero00415
2016-08-04 20:04:55,558 INFO [org.junit.Test] zero00416
2016-08-04 20:04:55,558 INFO [org.junit.Test] zero00417
2016-08-04 20:04:55,558 INFO [org.junit.Test] zero00418
2016-08-04 20:04:55,558 INFO [org.junit.Test] zero00419
2016-08-04 20:04:55,558 INFO [org.junit.Test] zero00420
2016-08-04 20:04:55,558 INFO [org.junit.Test] zero00421
2016-08-04 20:04:55,558 INFO [org.junit.Test] zero00422
2016-08-04 20:04:55,558 INFO [org.junit.Test] zero00423
2016-08-04 20:04:55,558 INFO [org.junit.Test] zero00424
2016-08-04 20:04:55,558 INFO [org.junit.Test] zero00425
2016-08-04 20:04:55,558 INFO [org.junit.Test] zero00426
2016-08-04 20:04:55,558 INFO [org.junit.Test] zero00427
2016-08-04 20:04:55,558 INFO [org.junit.Test] zero00428
2016-08-04 20:04:55,558 INFO [org.junit.Test] zero00429
2016-08-04 20:04:55,558 INFO [org.junit.Test] zero00430
2016-08-04 20:04:55,558 INFO [org.junit.Test] zero00431
2016-08-04 20:04:55,558 INFO [org.junit.Test] zero00432
2016-08-04 20:04:55,558 INFO [org.junit.Test] zero00433
2016-08-04 20:04:55,558 INFO [org.junit.Test] zero00434
2016-08-04 20:04:55,558 INFO [org.junit.Test] zero00435
2016-08-04 20:04:55,558 INFO [org.junit.Test] zero00436
2016-08-04 20:04:55,558 INFO [org.junit.Test] zero00437
2016-08-04 20:04:55,558 INFO [org.junit.Test] zero00438
2016-08-04 20:04:55,558 INFO [org.junit.Test] zero00439
2016-08-04 20:04:55,558 INFO [org.junit.Test] zero00440
2016-08-04 20:04:55,558 INFO [org.junit.Test] zero00441
2016-08-04 20:04:55,558 INFO [org.junit.Test] zero00442
2016-08-04 20:04:55,558 INFO [org.junit.Test] zero00443
2016-08-04 20:04:55,558 INFO [org.junit.Test] zero00444
2016-08-04 20:04:55,558 INFO [org.junit.Test] zero00445
2016-08-04 20:04:55,558 INFO [org.junit.Test] zero00446
2016-08-04 20:04:55,558 INFO [org.junit.Test] zero00447
2016-08-04 20:04:55,558 INFO [org.junit.Test] zero00448
2016-08-04 20:04:55,558 INFO [org.junit.Test] zero00449
2016-08-04 20:04:55,558 INFO [org.junit.Test] zero00450
2016-08-04 20:04:55,558 INFO [org.junit.Test] zero00451
2016-08-04 20:04:55,558 INFO [org.junit.Test] zero00452
2016-08-04 20:04:55,558 INFO [org.junit.Test] zero00453
2016-08-04 20:04:55,558 INFO [org.junit.Test] zero00454
2016-08-04 20:04:55,558 INFO [org.junit.Test] zero00455
2016-08-04 20:04:55,558 INFO [org.junit.Test] zero00456
2016-08-04 20:04:55,558 INFO [org.junit.Test] zero00457
2016-08-04 20:04:55,558 INFO [org.junit.Test] zero00458
2016-08-04 20:04:55,558 INFO [org.junit.Test] zero00459
2016-08-04 20:04:55,558 INFO [org.junit.Test] zero00460
2016-08-04 20:04:55,558 INFO [org.junit.Test] zero00461
2016-08-04 20:04:55,558 INFO [org.junit.Test] zero00462
2016-08-04 20:04:55,558 INFO [org.junit.Test] zero00463
2016-08-04 20:04:55,558 INFO [org.junit.Test] zero00464
2016-08-04 20:04:55,558 INFO [org.junit.Test] zero00465
2016-08-04 20:04:55,558 INFO [org.junit.Test] zero00466
2016-08-04 20:04:55,558 INFO [org.junit.Test] zero00467
2016-08-04 20:04:55,558 INFO [org.junit.Test] zero00468
2016-08-04 20:04:55,558 INFO [org.junit.Test] zero00469
2016-08-04 20:04:55,558 INFO [org.junit.Test] zero00470
2016-08-04 20:04:55,558 INFO [org.junit.Test] zero00471
2016-08-04 20:04:55,558 INFO [org.junit.Test] zero00472
2016-08-04 20:04:55,558 INFO [org.junit.Test] zero00473
2016-08-04 20:04:55,558 INFO [org.junit.Test] zero00474
2016-08-04 20:04:55,558 INFO [org.junit.Test] zero00475
2016-08-04 20:04:55,558 INFO [org.junit.Test] zero00476
2016-08-04 20:04:55,558 INFO [org.junit.Test] zero00477
2016-08-04 20:04:55,558 INFO [org.junit.Test] zero00478
2016-08-04 20:04:55,558 INFO [org.junit.Test] zero00479
2016-08-04 20:04:55,558 INFO [org.junit.Test] zero00480
2016-08-04 20:04:55,558 INFO [org.junit.Test] zero00481
2016-08-04 20:04:55,558 INFO [org.junit.Test] zero00482
2016-08-04 20:04:55,558 INFO [org.junit.Test] zero00483
2016-08-04 20:04:55,558 INFO [org.junit.Test] zero00484
2016-08-04 20:04:55,558 INFO [org.junit.Test] zero00485
2016-08-04 20:04:55,558 INFO [org.junit.Test] zero00486
2016-08-04 20:04:55,558 INFO [org.junit.Test] zero00487
2016-08-04 20:04:55,558 INFO [org.junit.Test] zero00488
2016-08-04 20:04:55,558 INFO [org.junit.Test] zero00489
2016-08-04 20:04:55,558 INFO [org.junit.Test] zero00490
2016-08-04 20:04:55,558 INFO [org.junit.Test] zero00491
2016-08-04 20:04:55,558 INFO [org.junit.Test] zero00492
2016-08-04 20:04:55,558 INFO [org.junit.Test] zero00493
2016-08-04 20:04:55,558 INFO [org.junit.Test] zero00494
2016-08-04 20:04:55,558 INFO [org.junit.Test] zero00495
2016-08-04 20:04:55,558 INFO [org.junit.Test] zero00496
2016-08-04 20:04:55,558 INFO [org.junit.Test] zero00497
2016-08-04 20:04:55,558 INFO [org.junit.Test] zero00498
2016-08-04 20:04:55,558 INFO [org.junit.Test] zero00499
2016-08-04 20:04:55,558 INFO [org.junit.Test] zero00500
2016-08-04 20:04:55,558 INFO [org.junit.Test] zero00501
2016-08-04 20:04:55,558 INFO [org.junit.Test] zero00502
2016-08-04 20:04:55,558 INFO [org.junit.Test] zero00503
2016-08-04 20:04:55,558 INFO [org.junit.Test] zero00504
2016-08-04 20:04:55,558 INFO [org.junit.Test] zero00505
2016-08-04 20:04:55,558 INFO [org.junit.Test] zero00506
2016-08-04 20:04:55,558 INFO [org.junit.Test] zero00507
2016-08-04 20:04:55,559 INFO [org.junit.Test] zero00508
2016-08-04 20:04:55,559 INFO [org.junit.Test] zero00509
2016-08-04 20:04:55,559 INFO [org.junit.Test] zero00510
2016-08-04 20:04:55,559 INFO [org.junit.Test] zero00511
2016-08-04 20:04:55,559 INFO [org.junit.Test] zero00512
2016-08-04 20:04:55,559 INFO [org.junit.Test] zero00513
2016-08-04 20:04:55,559 INFO [org.junit.Test] zero00514
2016-08-04 20:04:55,559 INFO [org.junit.Test] zero00515
2016-08-04 20:04:55,559 INFO [org.junit.Test] zero00516
2016-08-04 20:04:55,559 INFO [org.junit.Test] zero00517
2016-08-04 20:04:55,559 INFO [org.junit.Test] zero00518
2016-08-04 20:04:55,559 INFO [org.junit.Test] zero00519
2016-08-04 20:04:55,559 INFO [org.junit.Test] zero00520
2016-08-04 20:04:55,559 INFO [org.junit.Test] zero00521
2016-08-04 20:04:55,559 INFO [org.junit.Test] zero00522
2016-08-04 20:04:55,559 INFO [org.junit.Test] zero00523
2016-08-04 20:04:55,559 INFO [org.junit.Test] zero00524
2016-08-04 20:04:55,559 INFO [org.junit.Test] zero00525
2016-08-04 20:04:55,559 INFO [org.junit.Test] zero00526
2016-08-04 20:04:55,559 INFO [org.junit.Test] zero00527
2016-08-04 20:04:55,559 INFO [org.junit.Test] zero00528
2016-08-04 20:04:55,559 INFO [org.junit.Test] zero00529
2016-08-04 20:04:55,559 INFO [org.junit.Test] zero00530
2016-08-04 20:04:55,559 INFO [org.junit.Test] zero00531
2016-08-04 20:04:55,559 INFO [org.junit.Test] zero00532
2016-08-04 20:04:55,559 INFO [org.junit.Test] zero00533
2016-08-04 20:04:55,559 INFO [org.junit.Test] zero00534
2016-08-04 20:04:55,559 INFO [org.junit.Test] zero00535
2016-08-04 20:04:55,559 INFO [org.junit.Test] zero00536
2016-08-04 20:04:55,559 INFO [org.junit.Test] zero00537
2016-08-04 20:04:55,559 INFO [org.junit.Test] zero00538
2016-08-04 20:04:55,559 INFO [org.junit.Test] zero00539
2016-08-04 20:04:55,559 INFO [org.junit.Test] zero00540
2016-08-04 20:04:55,559 INFO [org.junit.Test] zero00541
2016-08-04 20:04:55,559 INFO [org.junit.Test] zero00542
2016-08-04 20:04:55,559 INFO [org.junit.Test] zero00543
2016-08-04 20:04:55,559 INFO [org.junit.Test] zero00544
2016-08-04 20:04:55,559 INFO [org.junit.Test] zero00545
2016-08-04 20:04:55,559 INFO [org.junit.Test] zero00546
2016-08-04 20:04:55,559 INFO [org.junit.Test] zero00547
2016-08-04 20:04:55,559 INFO [org.junit.Test] zero00548
2016-08-04 20:04:55,559 INFO [org.junit.Test] zero00549
2016-08-04 20:04:55,559 INFO [org.junit.Test] zero00550
2016-08-04 20:04:55,559 INFO [org.junit.Test] zero00551
2016-08-04 20:04:55,559 INFO [org.junit.Test] zero00552
2016-08-04 20:04:55,559 INFO [org.junit.Test] zero00553
2016-08-04 20:04:55,559 INFO [org.junit.Test] zero00554
2016-08-04 20:04:55,559 INFO [org.junit.Test] zero00555
2016-08-04 20:04:55,559 INFO [org.junit.Test] zero00556
2016-08-04 20:04:55,559 INFO [org.junit.Test] zero00557
2016-08-04 20:04:55,559 INFO [org.junit.Test] zero00558
2016-08-04 20:04:55,559 INFO [org.junit.Test] zero00559
2016-08-04 20:04:55,559 INFO [org.junit.Test] zero00560
2016-08-04 20:04:55,559 INFO [org.junit.Test] zero00561
2016-08-04 20:04:55,559 INFO [org.junit.Test] zero00562
2016-08-04 20:04:55,559 INFO [org.junit.Test] zero00563
2016-08-04 20:04:55,559 INFO [org.junit.Test] zero00564
2016-08-04 20:04:55,559 INFO [org.junit.Test] zero00565
2016-08-04 20:04:55,559 INFO [org.junit.Test] zero00566
2016-08-04 20:04:55,559 INFO [org.junit.Test] zero00567
2016-08-04 20:04:55,559 INFO [org.junit.Test] zero00568
2016-08-04 20:04:55,559 INFO [org.junit.Test] zero00569
2016-08-04 20:04:55,559 INFO [org.junit.Test] zero00570
2016-08-04 20:04:55,559 INFO [org.junit.Test] zero00571
2016-08-04 20:04:55,559 INFO [org.junit.Test] zero00572
2016-08-04 20:04:55,559 INFO [org.junit.Test] zero00573
2016-08-04 20:04:55,559 INFO [org.junit.Test] zero00574
2016-08-04 20:04:55,559 INFO [org.junit.Test] zero00575
2016-08-04 20:04:55,559 INFO [org.junit.Test] zero00576
2016-08-04 20:04:55,559 INFO [org.junit.Test] zero00577
2016-08-04 20:04:55,559 INFO [org.junit.Test] zero00578
2016-08-04 20:04:55,559 INFO [org.junit.Test] zero00579
2016-08-04 20:04:55,559 INFO [org.junit.Test] zero00580
2016-08-04 20:04:55,559 INFO [org.junit.Test] zero00581
2016-08-04 20:04:55,559 INFO [org.junit.Test] zero00582
2016-08-04 20:04:55,559 INFO [org.junit.Test] zero00583
2016-08-04 20:04:55,559 INFO [org.junit.Test] zero00584
2016-08-04 20:04:55,559 INFO [org.junit.Test] zero00585
2016-08-04 20:04:55,559 INFO [org.junit.Test] zero00586
2016-08-04 20:04:55,559 INFO [org.junit.Test] zero00587
2016-08-04 20:04:55,559 INFO [org.junit.Test] zero00588
2016-08-04 20:04:55,559 INFO [org.junit.Test] zero00589
2016-08-04 20:04:55,559 INFO [org.junit.Test] zero00590
2016-08-04 20:04:55,559 INFO [org.junit.Test] zero00591
2016-08-04 20:04:55,559 INFO [org.junit.Test] zero00592
2016-08-04 20:04:55,559 INFO [org.junit.Test] zero00593
2016-08-04 20:04:55,559 INFO [org.junit.Test] zero00594
2016-08-04 20:04:55,559 INFO [org.junit.Test] zero00595
2016-08-04 20:04:55,559 INFO [org.junit.Test] zero00596
2016-08-04 20:04:55,559 INFO [org.junit.Test] zero00597
2016-08-04 20:04:55,559 INFO [org.junit.Test] zero00598
2016-08-04 20:04:55,559 INFO [org.junit.Test] zero00599
2016-08-04 20:04:55,559 INFO [org.junit.Test] zero00600
2016-08-04 20:04:55,559 INFO [org.junit.Test] zero00601
2016-08-04 20:04:55,559 INFO [org.junit.Test] zero00602
2016-08-04 20:04:55,559 INFO [org.junit.Test] zero00603
2016-08-04 20:04:55,559 INFO [org.junit.Test] zero00604
2016-08-04 20:04:55,559 INFO [org.junit.Test] zero00605
2016-08-04 20:04:55,559 INFO [org.junit.Test] zero00606
2016-08-04 20:04:55,559 INFO [org.junit.Test] zero00607
2016-08-04 20:04:55,559 INFO [org.junit.Test] zero00608
2016-08-04 20:04:55,559 INFO [org.junit.Test] zero00609
2016-08-04 20:04:55,559 INFO [org.junit.Test] zero00610
2016-08-04 20:04:55,559 INFO [org.junit.Test] zero00611
2016-08-04 20:04:55,559 INFO [org.junit.Test] zero00612
2016-08-04 20:04:55,559 INFO [org.junit.Test] zero00613
2016-08-04 20:04:55,559 INFO [org.junit.Test] zero00614
2016-08-04 20:04:55,559 INFO [org.junit.Test] zero00615
2016-08-04 20:04:55,559 INFO [org.junit.Test] zero00616
2016-08-04 20:04:55,559 INFO [org.junit.Test] zero00617
2016-08-04 20:04:55,559 INFO [org.junit.Test] zero00618
2016-08-04 20:04:55,559 INFO [org.junit.Test] zero00619
2016-08-04 20:04:55,559 INFO [org.junit.Test] zero00620
2016-08-04 20:04:55,559 INFO [org.junit.Test] zero00621
2016-08-04 20:04:55,559 INFO [org.junit.Test] zero00622
2016-08-04 20:04:55,559 INFO [org.junit.Test] zero00623
2016-08-04 20:04:55,559 INFO [org.junit.Test] zero00624
2016-08-04 20:04:55,559 INFO [org.junit.Test] zero00625
2016-08-04 20:04:55,559 INFO [org.junit.Test] zero00626
2016-08-04 20:04:55,559 INFO [org.junit.Test] zero00627
2016-08-04 20:04:55,559 INFO [org.junit.Test] zero00628
2016-08-04 20:04:55,559 INFO [org.junit.Test] zero00629
2016-08-04 20:04:55,559 INFO [org.junit.Test] zero00630
2016-08-04 20:04:55,559 INFO [org.junit.Test] zero00631
2016-08-04 20:04:55,559 INFO [org.junit.Test] zero00632
2016-08-04 20:04:55,559 INFO [org.junit.Test] zero00633
2016-08-04 20:04:55,559 INFO [org.junit.Test] zero00634
2016-08-04 20:04:55,559 INFO [org.junit.Test] zero00635
2016-08-04 20:04:55,559 INFO [org.junit.Test] zero00636
2016-08-04 20:04:55,559 INFO [org.junit.Test] zero00637
2016-08-04 20:04:55,559 INFO [org.junit.Test] zero00638
2016-08-04 20:04:55,559 INFO [org.junit.Test] zero00639
2016-08-04 20:04:55,559 INFO [org.junit.Test] zero00640
2016-08-04 20:04:55,559 INFO [org.junit.Test] zero00641
2016-08-04 20:04:55,559 INFO [org.junit.Test] zero00642
2016-08-04 20:04:55,559 INFO [org.junit.Test] zero00643
2016-08-04 20:04:55,559 INFO [org.junit.Test] zero00644
2016-08-04 20:04:55,559 INFO [org.junit.Test] zero00645
2016-08-04 20:04:55,559 INFO [org.junit.Test] zero00646
2016-08-04 20:04:55,559 INFO [org.junit.Test] zero00647
2016-08-04 20:04:55,559 INFO [org.junit.Test] zero00648
2016-08-04 20:04:55,559 INFO [org.junit.Test] zero00649
2016-08-04 20:04:55,559 INFO [org.junit.Test] zero00650
2016-08-04 20:04:55,559 INFO [org.junit.Test] zero00651
2016-08-04 20:04:55,559 INFO [org.junit.Test] zero00652
2016-08-04 20:04:55,559 INFO [org.junit.Test] zero00653
2016-08-04 20:04:55,559 INFO [org.junit.Test] zero00654
2016-08-04 20:04:55,559 INFO [org.junit.Test] zero00655
2016-08-04 20:04:55,559 INFO [org.junit.Test] zero00656
2016-08-04 20:04:55,559 INFO [org.junit.Test] zero00657
2016-08-04 20:04:55,559 INFO [org.junit.Test] zero00658
2016-08-04 20:04:55,559 INFO [org.junit.Test] zero00659
2016-08-04 20:04:55,559 INFO [org.junit.Test] zero00660
2016-08-04 20:04:55,559 INFO [org.junit.Test] zero00661
2016-08-04 20:04:55,559 INFO [org.junit.Test] zero00662
2016-08-04 20:04:55,559 INFO [org.junit.Test] zero00663
2016-08-04 20:04:55,559 INFO [org.junit.Test] zero00664
2016-08-04 20:04:55,559 INFO [org.junit.Test] zero00665
2016-08-04 20:04:55,559 INFO [org.junit.Test] zero00666
2016-08-04 20:04:55,559 INFO [org.junit.Test] zero00667
2016-08-04 20:04:55,559 INFO [org.junit.Test] zero00668
2016-08-04 20:04:55,559 INFO [org.junit.Test] zero00669
2016-08-04 20:04:55,559 INFO [org.junit.Test] zero00670
2016-08-04 20:04:55,559 INFO [org.junit.Test] zero00671
2016-08-04 20:04:55,559 INFO [org.junit.Test] zero00672
2016-08-04 20:04:55,559 INFO [org.junit.Test] zero00673
2016-08-04 20:04:55,559 INFO [org.junit.Test] zero00674
2016-08-04 20:04:55,559 INFO [org.junit.Test] zero00675
2016-08-04 20:04:55,559 INFO [org.junit.Test] zero00676
2016-08-04 20:04:55,559 INFO [org.junit.Test] zero00677
2016-08-04 20:04:55,559 INFO [org.junit.Test] zero00678
2016-08-04 20:04:55,559 INFO [org.junit.Test] zero00679
2016-08-04 20:04:55,559 INFO [org.junit.Test] zero00680
2016-08-04 20:04:55,559 INFO [org.junit.Test] zero00681
2016-08-04 20:04:55,559 INFO [org.junit.Test] zero00682
2016-08-04 20:04:55,559 INFO [org.junit.Test] zero00683
2016-08-04 20:04:55,559 INFO [org.junit.Test] zero00684
2016-08-04 20:04:55,559 INFO [org.junit.Test] zero00685
2016-08-04 20:04:55,559 INFO [org.junit.Test] zero00686
2016-08-04 20:04:55,559 INFO [org.junit.Test] zero00687
2016-08-04 20:04:55,559 INFO [org.junit.Test] zero00688
2016-08-04 20:04:55,559 INFO [org.junit.Test] zero00689
2016-08-04 20:04:55,559 INFO [org.junit.Test] zero00690
2016-08-04 20:04:55,559 INFO [org.junit.Test] zero00691
2016-08-04 20:04:55,559 INFO [org.junit.Test] zero00692
2016-08-04 20:04:55,559 INFO [org.junit.Test] zero00693
2016-08-04 20:04:55,559 INFO [org.junit.Test] zero00694
2016-08-04 20:04:55,559 INFO [org.junit.Test] zero00695
2016-08-04 20:04:55,559 INFO [org.junit.Test] zero00696
2016-08-04 20:04:55,559 INFO [org.junit.Test] zero00697
2016-08-04 20:04:55,559 INFO [org.junit.Test] zero00698
2016-08-04 20:04:55,559 INFO [org.junit.Test] zero00699
2016-08-04 20:04:55,559 INFO [org.junit.Test] zero00700
2016-08-04 20:04:55,559 INFO [org.junit.Test] zero00701
2016-08-04 20:04:55,559 INFO [org.junit.Test] zero00702
2016-08-04 20:04:55,559 INFO [org.junit.Test] zero00703
2016-08-04 20:04:55,559 INFO [org.junit.Test] zero00704
2016-08-04 20:04:55,559 INFO [org.junit.Test] zero00705
2016-08-04 20:04:55,559 INFO [org.junit.Test] zero00706
2016-08-04 20:04:55,559 INFO [org.junit.Test] zero00707
2016-08-04 20:04:55,559 INFO [org.junit.Test] zero00708
2016-08-04 20:04:55,559 INFO [org.junit.Test] zero00709
2016-08-04 20:04:55,559 INFO [org.junit.Test] zero00710
2016-08-04 20:04:55,559 INFO [org.junit.Test] zero00711
2016-08-04 20:04:55,559 INFO [org.junit.Test] zero00712
2016-08-04 20:04:55,559 INFO [org.junit.Test] zero00713
2016-08-04 20:04:55,559 INFO [org.junit.Test] zero00714
2016-08-04 20:04:55,559 INFO [org.junit.Test] zero00715
2016-08-04 20:04:55,559 INFO [org.junit.Test] zero00716
2016-08-04 20:04:55,559 INFO [org.junit.Test] zero00717
2016-08-04 20:04:55,559 INFO [org.junit.Test] zero00718
2016-08-04 20:04:55,559 INFO [org.junit.Test] zero00719
2016-08-04 20:04:55,559 INFO [org.junit.Test] zero00720
2016-08-04 20:04:55,559 INFO [org.junit.Test] zero00721
2016-08-04 20:04:55,559 INFO [org.junit.Test] zero00722
2016-08-04 20:04:55,559 INFO [org.junit.Test] zero00723
2016-08-04 20:04:55,559 INFO [org.junit.Test] zero00724
2016-08-04 20:04:55,559 INFO [org.junit.Test] zero00725
2016-08-04 20:04:55,559 INFO [org.junit.Test] zero00726
2016-08-04 20:04:55,559 INFO [org.junit.Test] zero00727
2016-08-04 20:04:55,559 INFO [org.junit.Test] zero00728
2016-08-04 20:04:55,559 INFO [org.junit.Test] zero00729
2016-08-04 20:04:55,559 INFO [org.junit.Test] zero00730
2016-08-04 20:04:55,559 INFO [org.junit.Test] zero00731
2016-08-04 20:04:55,559 INFO [org.junit.Test] zero00732
2016-08-04 20:04:55,559 INFO [org.junit.Test] zero00733
2016-08-04 20:04:55,559 INFO [org.junit.Test] zero00734
2016-08-04 20:04:55,559 INFO [org.junit.Test] zero00735
2016-08-04 20:04:55,559 INFO [org.junit.Test] zero00736
2016-08-04 20:04:55,559 INFO [org.junit.Test] zero00737
2016-08-04 20:04:55,559 INFO [org.junit.Test] zero00738
2016-08-04 20:04:55,559 INFO [org.junit.Test] zero00739
2016-08-04 20:04:55,559 INFO [org.junit.Test] zero00740
2016-08-04 20:04:55,559 INFO [org.junit.Test] zero00741
2016-08-04 20:04:55,559 INFO [org.junit.Test] zero00742
2016-08-04 20:04:55,559 INFO [org.junit.Test] zero00743
2016-08-04 20:04:55,559 INFO [org.junit.Test] zero00744
2016-08-04 20:04:55,559 INFO [org.junit.Test] zero00745
2016-08-04 20:04:55,559 INFO [org.junit.Test] zero00746
2016-08-04 20:04:55,559 INFO [org.junit.Test] zero00747
2016-08-04 20:04:55,559 INFO [org.junit.Test] zero00748
2016-08-04 20:04:55,559 INFO [org.junit.Test] zero00749
2016-08-04 20:04:55,559 INFO [org.junit.Test] zero00750
2016-08-04 20:04:55,559 INFO [org.junit.Test] zero00751
2016-08-04 20:04:55,559 INFO [org.junit.Test] zero00752
2016-08-04 20:04:55,559 INFO [org.junit.Test] zero00753
2016-08-04 20:04:55,559 INFO [org.junit.Test] zero00754
2016-08-04 20:04:55,559 INFO [org.junit.Test] zero00755
2016-08-04 20:04:55,559 INFO [org.junit.Test] zero00756
2016-08-04 20:04:55,559 INFO [org.junit.Test] zero00757
2016-08-04 20:04:55,559 INFO [org.junit.Test] zero00758
2016-08-04 20:04:55,559 INFO [org.junit.Test] zero00759
2016-08-04 20:04:55,559 INFO [org.junit.Test] zero00760
2016-08-04 20:04:55,559 INFO [org.junit.Test] zero00761
2016-08-04 20:04:55,559 INFO [org.junit.Test] zero00762
2016-08-04 20:04:55,559 INFO [org.junit.Test] zero00763
2016-08-04 20:04:55,559 INFO [org.junit.Test] zero00764
2016-08-04 20:04:55,559 INFO [org.junit.Test] zero00765
2016-08-04 20:04:55,559 INFO [org.junit.Test] zero00766
2016-08-04 20:04:55,559 INFO [org.junit.Test] zero00767
2016-08-04 20:04:55,559 INFO [org.junit.Test] zero00768
2016-08-04 20:04:55,559 INFO [org.junit.Test] zero00769
2016-08-04 20:04:55,559 INFO [org.junit.Test] zero00770
2016-08-04 20:04:55,559 INFO [org.junit.Test] zero00771
2016-08-04 20:04:55,559 INFO [org.junit.Test] zero00772
2016-08-04 20:04:55,559 INFO [org.junit.Test] zero00773
2016-08-04 20:04:55,559 INFO [org.junit.Test] zero00774
2016-08-04 20:04:55,559 INFO [org.junit.Test] zero00775
2016-08-04 20:04:55,559 INFO [org.junit.Test] zero00776
2016-08-04 20:04:55,559 INFO [org.junit.Test] zero00777
2016-08-04 20:04:55,559 INFO [org.junit.Test] zero00778
2016-08-04 20:04:55,559 INFO [org.junit.Test] zero00779
2016-08-04 20:04:55,559 INFO [org.junit.Test] zero00780
2016-08-04 20:04:55,559 INFO [org.junit.Test] zero00781
2016-08-04 20:04:55,559 INFO [org.junit.Test] zero00782
2016-08-04 20:04:55,559 INFO [org.junit.Test] zero00783
2016-08-04 20:04:55,559 INFO [org.junit.Test] zero00784
2016-08-04 20:04:55,559 INFO [org.junit.Test] zero00785
2016-08-04 20:04:55,559 INFO [org.junit.Test] zero00786
2016-08-04 20:04:55,559 INFO [org.junit.Test] zero00787
2016-08-04 20:04:55,559 INFO [org.junit.Test] zero00788
2016-08-04 20:04:55,559 INFO [org.junit.Test] zero00789
2016-08-04 20:04:55,559 INFO [org.junit.Test] zero00790
2016-08-04 20:04:55,559 INFO [org.junit.Test] zero00791
2016-08-04 20:04:55,559 INFO [org.junit.Test] zero00792
2016-08-04 20:04:55,559 INFO [org.junit.Test] zero00793
2016-08-04 20:04:55,559 INFO [org.junit.Test] zero00794
2016-08-04 20:04:55,559 INFO [org.junit.Test] zero00795
2016-08-04 20:04:55,559 INFO [org.junit.Test] zero00796
2016-08-04 20:04:55,559 INFO [org.junit.Test] zero00797
2016-08-04 20:04:55,559 INFO [org.junit.Test] zero00798
2016-08-04 20:04:55,559 INFO [org.junit.Test] zero00799
2016-08-04 20:04:55,559 INFO [org.junit.Test] zero00800
2016-08-04 20:04:55,559 INFO [org.junit.Test] zero00801
2016-08-04 20:04:55,559 INFO [org.junit.Test] zero00802
2016-08-04 20:04:55,559 INFO [org.junit.Test] zero00803
2016-08-04 20:04:55,559 INFO [org.junit.Test] zero00804
2016-08-04 20:04:55,559 INFO [org.junit.Test] zero00805
2016-08-04 20:04:55,559 INFO [org.junit.Test] zero00806
2016-08-04 20:04:55,559 INFO [org.junit.Test] zero00807
2016-08-04 20:04:55,559 INFO [org.junit.Test] zero00808
2016-08-04 20:04:55,559 INFO [org.junit.Test] zero00809
2016-08-04 20:04:55,559 INFO [org.junit.Test] zero00810
2016-08-04 20:04:55,559 INFO [org.junit.Test] zero00811
2016-08-04 20:04:55,559 INFO [org.junit.Test] zero00812
2016-08-04 20:04:55,559 INFO [org.junit.Test] zero00813
2016-08-04 20:04:55,559 INFO [org.junit.Test] zero00814
2016-08-04 20:04:55,559 INFO [org.junit.Test] zero00815
2016-08-04 20:04:55,559 INFO [org.junit.Test] zero00816
2016-08-04 20:04:55,559 INFO [org.junit.Test] zero00817
2016-08-04 20:04:55,559 INFO [org.junit.Test] zero00818
2016-08-04 20:04:55,559 INFO [org.junit.Test] zero00819
2016-08-04 20:04:55,559 INFO [org.junit.Test] zero00820
2016-08-04 20:04:55,559 INFO [org.junit.Test] zero00821
2016-08-04 20:04:55,559 INFO [org.junit.Test] zero00822
2016-08-04 20:04:55,559 INFO [org.junit.Test] zero00823
2016-08-04 20:04:55,559 INFO [org.junit.Test] zero00824
2016-08-04 20:04:55,559 INFO [org.junit.Test] zero00825
2016-08-04 20:04:55,559 INFO [org.junit.Test] zero00826
2016-08-04 20:04:55,559 INFO [org.junit.Test] zero00827
2016-08-04 20:04:55,559 INFO [org.junit.Test] zero00828
2016-08-04 20:04:55,559 INFO [org.junit.Test] zero00829
2016-08-04 20:04:55,559 INFO [org.junit.Test] zero00830
2016-08-04 20:04:55,559 INFO [org.junit.Test] zero00831
2016-08-04 20:04:55,559 INFO [org.junit.Test] zero00832
2016-08-04 20:04:55,559 INFO [org.junit.Test] zero00833
2016-08-04 20:04:55,559 INFO [org.junit.Test] zero00834
2016-08-04 20:04:55,559 INFO [org.junit.Test] zero00835
2016-08-04 20:04:55,559 INFO [org.junit.Test] zero00836
2016-08-04 20:04:55,559 INFO [org.junit.Test] zero00837
2016-08-04 20:04:55,559 INFO [org.junit.Test] zero00838
2016-08-04 20:04:55,559 INFO [org.junit.Test] zero00839
2016-08-04 20:04:55,559 INFO [org.junit.Test] zero00840
2016-08-04 20:04:55,559 INFO [org.junit.Test] zero00841
2016-08-04 20:04:55,559 INFO [org.junit.Test] zero00842
2016-08-04 20:04:55,559 INFO [org.junit.Test] zero00843
2016-08-04 20:04:55,559 INFO [org.junit.Test] zero00844
2016-08-04 20:04:55,560 INFO [org.junit.Test] zero00845
2016-08-04 20:04:55,560 INFO [org.junit.Test] zero00846
2016-08-04 20:04:55,560 INFO [org.junit.Test] zero00847
2016-08-04 20:04:55,560 INFO [org.junit.Test] zero00848
2016-08-04 20:04:55,560 INFO [org.junit.Test] zero00849
2016-08-04 20:04:55,560 INFO [org.junit.Test] zero00850
2016-08-04 20:04:55,560 INFO [org.junit.Test] zero00851
2016-08-04 20:04:55,560 INFO [org.junit.Test] zero00852
2016-08-04 20:04:55,560 INFO [org.junit.Test] zero00853
2016-08-04 20:04:55,560 INFO [org.junit.Test] zero00854
2016-08-04 20:04:55,560 INFO [org.junit.Test] zero00855
2016-08-04 20:04:55,560 INFO [org.junit.Test] zero00856
2016-08-04 20:04:55,560 INFO [org.junit.Test] zero00857
2016-08-04 20:04:55,560 INFO [org.junit.Test] zero00858
2016-08-04 20:04:55,560 INFO [org.junit.Test] zero00859
2016-08-04 20:04:55,560 INFO [org.junit.Test] zero00860
2016-08-04 20:04:55,560 INFO [org.junit.Test] zero00861
2016-08-04 20:04:55,560 INFO [org.junit.Test] zero00862
2016-08-04 20:04:55,560 INFO [org.junit.Test] zero00863
2016-08-04 20:04:55,560 INFO [org.junit.Test] zero00864
2016-08-04 20:04:55,560 INFO [org.junit.Test] zero00865
2016-08-04 20:04:55,560 INFO [org.junit.Test] zero00866
2016-08-04 20:04:55,560 INFO [org.junit.Test] zero00867
2016-08-04 20:04:55,560 INFO [org.junit.Test] zero00868
2016-08-04 20:04:55,560 INFO [org.junit.Test] zero00869
2016-08-04 20:04:55,560 INFO [org.junit.Test] zero00870
2016-08-04 20:04:55,560 INFO [org.junit.Test] zero00871
2016-08-04 20:04:55,560 INFO [org.junit.Test] zero00872
2016-08-04 20:04:55,560 INFO [org.junit.Test] zero00873
2016-08-04 20:04:55,560 INFO [org.junit.Test] zero00874
2016-08-04 20:04:55,560 INFO [org.junit.Test] zero00875
2016-08-04 20:04:55,560 INFO [org.junit.Test] zero00876
2016-08-04 20:04:55,560 INFO [org.junit.Test] zero00877
2016-08-04 20:04:55,560 INFO [org.junit.Test] zero00878
2016-08-04 20:04:55,560 INFO [org.junit.Test] zero00879
2016-08-04 20:04:55,560 INFO [org.junit.Test] zero00880
2016-08-04 20:04:55,560 INFO [org.junit.Test] zero00881
2016-08-04 20:04:55,560 INFO [org.junit.Test] zero00882
2016-08-04 20:04:55,560 INFO [org.junit.Test] zero00883
2016-08-04 20:04:55,560 INFO [org.junit.Test] zero00884
2016-08-04 20:04:55,560 INFO [org.junit.Test] zero00885
2016-08-04 20:04:55,560 INFO [org.junit.Test] zero00886
2016-08-04 20:04:55,560 INFO [org.junit.Test] zero00887
2016-08-04 20:04:55,560 INFO [org.junit.Test] zero00888
2016-08-04 20:04:55,560 INFO [org.junit.Test] zero00889
2016-08-04 20:04:55,560 INFO [org.junit.Test] zero00890
2016-08-04 20:04:55,560 INFO [org.junit.Test] zero00891
2016-08-04 20:04:55,560 INFO [org.junit.Test] zero00892
2016-08-04 20:04:55,560 INFO [org.junit.Test] zero00893
2016-08-04 20:04:55,560 INFO [org.junit.Test] zero00894
2016-08-04 20:04:55,560 INFO [org.junit.Test] zero00895
2016-08-04 20:04:55,560 INFO [org.junit.Test] zero00896
2016-08-04 20:04:55,560 INFO [org.junit.Test] zero00897
2016-08-04 20:04:55,560 INFO [org.junit.Test] zero00898
2016-08-04 20:04:55,560 INFO [org.junit.Test] zero00899
2016-08-04 20:04:55,560 INFO [org.junit.Test] zero00900
2016-08-04 20:04:55,560 INFO [org.junit.Test] zero00901
2016-08-04 20:04:55,560 INFO [org.junit.Test] zero00902
2016-08-04 20:04:55,560 INFO [org.junit.Test] zero00903
2016-08-04 20:04:55,560 INFO [org.junit.Test] zero00904
2016-08-04 20:04:55,560 INFO [org.junit.Test] zero00905
2016-08-04 20:04:55,560 INFO [org.junit.Test] zero00906
2016-08-04 20:04:55,560 INFO [org.junit.Test] zero00907
2016-08-04 20:04:55,560 INFO [org.junit.Test] zero00908
2016-08-04 20:04:55,560 INFO [org.junit.Test] zero00909
2016-08-04 20:04:55,560 INFO [org.junit.Test] zero00910
2016-08-04 20:04:55,560 INFO [org.junit.Test] zero00911
2016-08-04 20:04:55,560 INFO [org.junit.Test] zero00912
2016-08-04 20:04:55,560 INFO [org.junit.Test] zero00913
2016-08-04 20:04:55,560 INFO [org.junit.Test] zero00914
2016-08-04 20:04:55,560 INFO [org.junit.Test] zero00915
2016-08-04 20:04:55,560 INFO [org.junit.Test] zero00916
2016-08-04 20:04:55,560 INFO [org.junit.Test] zero00917
2016-08-04 20:04:55,560 INFO [org.junit.Test] zero00918
2016-08-04 20:04:55,560 INFO [org.junit.Test] zero00919
2016-08-04 20:04:55,560 INFO [org.junit.Test] zero00920
2016-08-04 20:04:55,560 INFO [org.junit.Test] zero00921
2016-08-04 20:04:55,560 INFO [org.junit.Test] zero00922
2016-08-04 20:04:55,560 INFO [org.junit.Test] zero00923
2016-08-04 20:04:55,560 INFO [org.junit.Test] zero00924
2016-08-04 20:04:55,560 INFO [org.junit.Test] zero00925
2016-08-04 20:04:55,560 INFO [org.junit.Test] zero00926
2016-08-04 20:04:55,560 INFO [org.junit.Test] zero00927
2016-08-04 20:04:55,560 INFO [org.junit.Test] zero00928
2016-08-04 20:04:55,560 INFO [org.junit.Test] zero00929
2016-08-04 20:04:55,560 INFO [org.junit.Test] zero00930
2016-08-04 20:04:55,560 INFO [org.junit.Test] zero00931
2016-08-04 20:04:55,560 INFO [org.junit.Test] zero00932
2016-08-04 20:04:55,560 INFO [org.junit.Test] zero00933
2016-08-04 20:04:55,560 INFO [org.junit.Test] zero00934
2016-08-04 20:04:55,560 INFO [org.junit.Test] zero00935
2016-08-04 20:04:55,560 INFO [org.junit.Test] zero00936
2016-08-04 20:04:55,560 INFO [org.junit.Test] zero00937
2016-08-04 20:04:55,560 INFO [org.junit.Test] zero00938
2016-08-04 20:04:55,560 INFO [org.junit.Test] zero00939
2016-08-04 20:04:55,560 INFO [org.junit.Test] zero00940
2016-08-04 20:04:55,560 INFO [org.junit.Test] zero00941
2016-08-04 20:04:55,560 INFO [org.junit.Test] zero00942
2016-08-04 20:04:55,560 INFO [org.junit.Test] zero00943
2016-08-04 20:04:55,560 INFO [org.junit.Test] zero00944
2016-08-04 20:04:55,560 INFO [org.junit.Test] zero00945
2016-08-04 20:04:55,560 INFO [org.junit.Test] zero00946
2016-08-04 20:04:55,560 INFO [org.junit.Test] zero00947
2016-08-04 20:04:55,560 INFO [org.junit.Test] zero00948
2016-08-04 20:04:55,560 INFO [org.junit.Test] zero00949
2016-08-04 20:04:55,560 INFO [org.junit.Test] zero00950
2016-08-04 20:04:55,560 INFO [org.junit.Test] zero00951
2016-08-04 20:04:55,560 INFO [org.junit.Test] zero00952
2016-08-04 20:04:55,560 INFO [org.junit.Test] zero00953
2016-08-04 20:04:55,560 INFO [org.junit.Test] zero00954
2016-08-04 20:04:55,560 INFO [org.junit.Test] zero00955
2016-08-04 20:04:55,560 INFO [org.junit.Test] zero00956
2016-08-04 20:04:55,560 INFO [org.junit.Test] zero00957
2016-08-04 20:04:55,560 INFO [org.junit.Test] zero00958
2016-08-04 20:04:55,560 INFO [org.junit.Test] zero00959
2016-08-04 20:04:55,560 INFO [org.junit.Test] zero00960
2016-08-04 20:04:55,560 INFO [org.junit.Test] zero00961
2016-08-04 20:04:55,560 INFO [org.junit.Test] zero00962
2016-08-04 20:04:55,560 INFO [org.junit.Test] zero00963
2016-08-04 20:04:55,560 INFO [org.junit.Test] zero00964
2016-08-04 20:04:55,560 INFO [org.junit.Test] zero00965
2016-08-04 20:04:55,560 INFO [org.junit.Test] zero00966
2016-08-04 20:04:55,560 INFO [org.junit.Test] zero00967
2016-08-04 20:04:55,560 INFO [org.junit.Test] zero00968
2016-08-04 20:04:55,560 INFO [org.junit.Test] zero00969
2016-08-04 20:04:55,560 INFO [org.junit.Test] zero00970
2016-08-04 20:04:55,560 INFO [org.junit.Test] zero00971
2016-08-04 20:04:55,560 INFO [org.junit.Test] zero00972
2016-08-04 20:04:55,560 INFO [org.junit.Test] zero00973
2016-08-04 20:04:55,560 INFO [org.junit.Test] zero00974
2016-08-04 20:04:55,560 INFO [org.junit.Test] zero00975
2016-08-04 20:04:55,560 INFO [org.junit.Test] zero00976
2016-08-04 20:04:55,560 INFO [org.junit.Test] zero00977
2016-08-04 20:04:55,560 INFO [org.junit.Test] zero00978
2016-08-04 20:04:55,560 INFO [org.junit.Test] zero00979
2016-08-04 20:04:55,560 INFO [org.junit.Test] zero00980
2016-08-04 20:04:55,560 INFO [org.junit.Test] zero00981
2016-08-04 20:04:55,560 INFO [org.junit.Test] zero00982
2016-08-04 20:04:55,560 INFO [org.junit.Test] zero00983
2016-08-04 20:04:55,560 INFO [org.junit.Test] zero00984
2016-08-04 20:04:55,560 INFO [org.junit.Test] zero00985
2016-08-04 20:04:55,560 INFO [org.junit.Test] zero00986
2016-08-04 20:04:55,560 INFO [org.junit.Test] zero00987
2016-08-04 20:04:55,560 INFO [org.junit.Test] zero00988
2016-08-04 20:04:55,560 INFO [org.junit.Test] zero00989
2016-08-04 20:04:55,560 INFO [org.junit.Test] zero00990
2016-08-04 20:04:55,560 INFO [org.junit.Test] zero00991
2016-08-04 20:04:55,560 INFO [org.junit.Test] zero00992
2016-08-04 20:04:55,560 INFO [org.junit.Test] zero00993
2016-08-04 20:04:55,560 INFO [org.junit.Test] zero00994
2016-08-04 20:04:55,560 INFO [org.junit.Test] zero00995
2016-08-04 20:04:55,560 INFO [org.junit.Test] zero00996
2016-08-04 20:04:55,560 INFO [org.junit.Test] zero00997
2016-08-04 20:04:55,560 INFO [org.junit.Test] zero00998
2016-08-04 20:04:55,560 INFO [org.junit.Test] zero00999
2016-08-04 20:04:58,560 INFO [org.junit.Test] zero000
2016-08-04 20:04:58,560 INFO [org.junit.Test] zero001
2016-08-04 20:04:58,560 INFO [org.junit.Test] zero002
2016-08-04 20:04:58,560 INFO [org.junit.Test] zero003
2016-08-04 20:04:58,560 INFO [org.junit.Test] zero004
2016-08-04 20:04:58,560 INFO [org.junit.Test] zero005
2016-08-04 20:04:58,560 INFO [org.junit.Test] zero006
2016-08-04 20:04:58,560 INFO [org.junit.Test] zero007
2016-08-04 20:04:58,560 INFO [org.junit.Test] zero008
2016-08-04 20:04:58,560 INFO [org.junit.Test] zero009
2016-08-04 20:04:58,560 INFO [org.junit.Test] zero0010
2016-08-04 20:04:58,560 INFO [org.junit.Test] zero0011
2016-08-04 20:04:58,560 INFO [org.junit.Test] zero0012
2016-08-04 20:04:58,560 INFO [org.junit.Test] zero0013
2016-08-04 20:04:58,560 INFO [org.junit.Test] zero0014
2016-08-04 20:04:58,560 INFO [org.junit.Test] zero0015
2016-08-04 20:04:58,560 INFO [org.junit.Test] zero0016
2016-08-04 20:04:58,560 INFO [org.junit.Test] zero0017
2016-08-04 20:04:58,560 INFO [org.junit.Test] zero0018
2016-08-04 20:04:58,560 INFO [org.junit.Test] zero0019
2016-08-04 20:04:58,560 INFO [org.junit.Test] zero0020
2016-08-04 20:04:58,560 INFO [org.junit.Test] zero0021
2016-08-04 20:04:58,560 INFO [org.junit.Test] zero0022
2016-08-04 20:04:58,560 INFO [org.junit.Test] zero0023
2016-08-04 20:04:58,560 INFO [org.junit.Test] zero0024
2016-08-04 20:04:58,560 INFO [org.junit.Test] zero0025
2016-08-04 20:04:58,560 INFO [org.junit.Test] zero0026
2016-08-04 20:04:58,560 INFO [org.junit.Test] zero0027
2016-08-04 20:04:58,560 INFO [org.junit.Test] zero0028
2016-08-04 20:04:58,560 INFO [org.junit.Test] zero0029
2016-08-04 20:04:58,560 INFO [org.junit.Test] zero0030
2016-08-04 20:04:58,560 INFO [org.junit.Test] zero0031
2016-08-04 20:04:58,560 INFO [org.junit.Test] zero0032
2016-08-04 20:04:58,560 INFO [org.junit.Test] zero0033
2016-08-04 20:04:58,560 INFO [org.junit.Test] zero0034
2016-08-04 20:04:58,560 INFO [org.junit.Test] zero0035
2016-08-04 20:04:58,560 INFO [org.junit.Test] zero0036
2016-08-04 20:04:58,560 INFO [org.junit.Test] zero0037
2016-08-04 20:04:58,560 INFO [org.junit.Test] zero0038
2016-08-04 20:04:58,560 INFO [org.junit.Test] zero0039
2016-08-04 20:04:58,560 INFO [org.junit.Test] zero0040
2016-08-04 20:04:58,560 INFO [org.junit.Test] zero0041
2016-08-04 20:04:58,560 INFO [org.junit.Test] zero0042
2016-08-04 20:04:58,560 INFO [org.junit.Test] zero0043
2016-08-04 20:04:58,560 INFO [org.junit.Test] zero0044
2016-08-04 20:04:58,560 INFO [org.junit.Test] zero0045
2016-08-04 20:04:58,560 INFO [org.junit.Test] zero0046
2016-08-04 20:04:58,560 INFO [org.junit.Test] zero0047
2016-08-04 20:04:58,560 INFO [org.junit.Test] zero0048
2016-08-04 20:04:58,560 INFO [org.junit.Test] zero0049
2016-08-04 20:04:58,560 INFO [org.junit.Test] zero0050
2016-08-04 20:04:58,560 INFO [org.junit.Test] zero0051
2016-08-04 20:04:58,560 INFO [org.junit.Test] zero0052
2016-08-04 20:04:58,560 INFO [org.junit.Test] zero0053
2016-08-04 20:04:58,560 INFO [org.junit.Test] zero0054
2016-08-04 20:04:58,560 INFO [org.junit.Test] zero0055
2016-08-04 20:04:58,560 INFO [org.junit.Test] zero0056
2016-08-04 20:04:58,560 INFO [org.junit.Test] zero0057
2016-08-04 20:04:58,560 INFO [org.junit.Test] zero0058
2016-08-04 20:04:58,560 INFO [org.junit.Test] zero0059
2016-08-04 20:04:58,560 INFO [org.junit.Test] zero0060
2016-08-04 20:04:58,560 INFO [org.junit.Test] zero0061
2016-08-04 20:04:58,560 INFO [org.junit.Test] zero0062
2016-08-04 20:04:58,560 INFO [org.junit.Test] zero0063
2016-08-04 20:04:58,560 INFO [org.junit.Test] zero0064
2016-08-04 20:04:58,560 INFO [org.junit.Test] zero0065
2016-08-04 20:04:58,560 INFO [org.junit.Test] zero0066
2016-08-04 20:04:58,560 INFO [org.junit.Test] zero0067
2016-08-04 20:04:58,560 INFO [org.junit.Test] zero0068
2016-08-04 20:04:58,560 INFO [org.junit.Test] zero0069
2016-08-04 20:04:58,560 INFO [org.junit.Test] zero0070
2016-08-04 20:04:58,560 INFO [org.junit.Test] zero0071
2016-08-04 20:04:58,560 INFO [org.junit.Test] zero0072
2016-08-04 20:04:58,560 INFO [org.junit.Test] zero0073
2016-08-04 20:04:58,560 INFO [org.junit.Test] zero0074
2016-08-04 20:04:58,560 INFO [org.junit.Test] zero0075
2016-08-04 20:04:58,560 INFO [org.junit.Test] zero0076
2016-08-04 20:04:58,560 INFO [org.junit.Test] zero0077
2016-08-04 20:04:58,560 INFO [org.junit.Test] zero0078
2016-08-04 20:04:58,560 INFO [org.junit.Test] zero0079
2016-08-04 20:04:58,560 INFO [org.junit.Test] zero0080
2016-08-04 20:04:58,560 INFO [org.junit.Test] zero0081
2016-08-04 20:04:58,560 INFO [org.junit.Test] zero0082
2016-08-04 20:04:58,560 INFO [org.junit.Test] zero0083
2016-08-04 20:04:58,560 INFO [org.junit.Test] zero0084
2016-08-04 20:04:58,560 INFO [org.junit.Test] zero0085
2016-08-04 20:04:58,560 INFO [org.junit.Test] zero0086
2016-08-04 20:04:58,560 INFO [org.junit.Test] zero0087
2016-08-04 20:04:58,560 INFO [org.junit.Test] zero0088
2016-08-04 20:04:58,560 INFO [org.junit.Test] zero0089
2016-08-04 20:04:58,560 INFO [org.junit.Test] zero0090
2016-08-04 20:04:58,560 INFO [org.junit.Test] zero0091
2016-08-04 20:04:58,560 INFO [org.junit.Test] zero0092
2016-08-04 20:04:58,560 INFO [org.junit.Test] zero0093
2016-08-04 20:04:58,560 INFO [org.junit.Test] zero0094
2016-08-04 20:04:58,560 INFO [org.junit.Test] zero0095
2016-08-04 20:04:58,560 INFO [org.junit.Test] zero0096
2016-08-04 20:04:58,560 INFO [org.junit.Test] zero0097
2016-08-04 20:04:58,560 INFO [org.junit.Test] zero0098
2016-08-04 20:04:58,560 INFO [org.junit.Test] zero0099
2016-08-04 20:04:58,560 INFO [org.junit.Test] zero00100
2016-08-04 20:04:58,560 INFO [org.junit.Test] zero00101
2016-08-04 20:04:58,560 INFO [org.junit.Test] zero00102
2016-08-04 20:04:58,560 INFO [org.junit.Test] zero00103
2016-08-04 20:04:58,560 INFO [org.junit.Test] zero00104
2016-08-04 20:04:58,560 INFO [org.junit.Test] zero00105
2016-08-04 20:04:58,560 INFO [org.junit.Test] zero00106
2016-08-04 20:04:58,560 INFO [org.junit.Test] zero00107
2016-08-04 20:04:58,560 INFO [org.junit.Test] zero00108
2016-08-04 20:04:58,560 INFO [org.junit.Test] zero00109
2016-08-04 20:04:58,560 INFO [org.junit.Test] zero00110
2016-08-04 20:04:58,560 INFO [org.junit.Test] zero00111
2016-08-04 20:04:58,560 INFO [org.junit.Test] zero00112
2016-08-04 20:04:58,560 INFO [org.junit.Test] zero00113
2016-08-04 20:04:58,560 INFO [org.junit.Test] zero00114
2016-08-04 20:04:58,560 INFO [org.junit.Test] zero00115
2016-08-04 20:04:58,560 INFO [org.junit.Test] zero00116
2016-08-04 20:04:58,560 INFO [org.junit.Test] zero00117
2016-08-04 20:04:58,560 INFO [org.junit.Test] zero00118
2016-08-04 20:04:58,560 INFO [org.junit.Test] zero00119
2016-08-04 20:04:58,560 INFO [org.junit.Test] zero00120
2016-08-04 20:04:58,560 INFO [org.junit.Test] zero00121
2016-08-04 20:04:58,560 INFO [org.junit.Test] zero00122
2016-08-04 20:04:58,560 INFO [org.junit.Test] zero00123
2016-08-04 20:04:58,560 INFO [org.junit.Test] zero00124
2016-08-04 20:04:58,560 INFO [org.junit.Test] zero00125
2016-08-04 20:04:58,560 INFO [org.junit.Test] zero00126
2016-08-04 20:04:58,560 INFO [org.junit.Test] zero00127
2016-08-04 20:04:58,560 INFO [org.junit.Test] zero00128
2016-08-04 20:04:58,560 INFO [org.junit.Test] zero00129
2016-08-04 20:04:58,560 INFO [org.junit.Test] zero00130
2016-08-04 20:04:58,560 INFO [org.junit.Test] zero00131
2016-08-04 20:04:58,560 INFO [org.junit.Test] zero00132
2016-08-04 20:04:58,560 INFO [org.junit.Test] zero00133
2016-08-04 20:04:58,560 INFO [org.junit.Test] zero00134
2016-08-04 20:04:58,560 INFO [org.junit.Test] zero00135
2016-08-04 20:04:58,560 INFO [org.junit.Test] zero00136
2016-08-04 20:04:58,560 INFO [org.junit.Test] zero00137
2016-08-04 20:04:58,560 INFO [org.junit.Test] zero00138
2016-08-04 20:04:58,560 INFO [org.junit.Test] zero00139
2016-08-04 20:04:58,560 INFO [org.junit.Test] zero00140
2016-08-04 20:04:58,560 INFO [org.junit.Test] zero00141
2016-08-04 20:04:58,560 INFO [org.junit.Test] zero00142
2016-08-04 20:04:58,560 INFO [org.junit.Test] zero00143
2016-08-04 20:04:58,561 INFO [org.junit.Test] zero00144
2016-08-04 20:04:58,561 INFO [org.junit.Test] zero00145
2016-08-04 20:04:58,561 INFO [org.junit.Test] zero00146
2016-08-04 20:04:58,561 INFO [org.junit.Test] zero00147
2016-08-04 20:04:58,561 INFO [org.junit.Test] zero00148
2016-08-04 20:04:58,561 INFO [org.junit.Test] zero00149
2016-08-04 20:04:58,561 INFO [org.junit.Test] zero00150
2016-08-04 20:04:58,561 INFO [org.junit.Test] zero00151
2016-08-04 20:04:58,561 INFO [org.junit.Test] zero00152
2016-08-04 20:04:58,561 INFO [org.junit.Test] zero00153
2016-08-04 20:04:58,561 INFO [org.junit.Test] zero00154
2016-08-04 20:04:58,561 INFO [org.junit.Test] zero00155
2016-08-04 20:04:58,561 INFO [org.junit.Test] zero00156
2016-08-04 20:04:58,561 INFO [org.junit.Test] zero00157
2016-08-04 20:04:58,561 INFO [org.junit.Test] zero00158
2016-08-04 20:04:58,561 INFO [org.junit.Test] zero00159
2016-08-04 20:04:58,561 INFO [org.junit.Test] zero00160
2016-08-04 20:04:58,561 INFO [org.junit.Test] zero00161
2016-08-04 20:04:58,561 INFO [org.junit.Test] zero00162
2016-08-04 20:04:58,561 INFO [org.junit.Test] zero00163
2016-08-04 20:04:58,561 INFO [org.junit.Test] zero00164
2016-08-04 20:04:58,561 INFO [org.junit.Test] zero00165
2016-08-04 20:04:58,561 INFO [org.junit.Test] zero00166
2016-08-04 20:04:58,561 INFO [org.junit.Test] zero00167
2016-08-04 20:04:58,561 INFO [org.junit.Test] zero00168
2016-08-04 20:04:58,561 INFO [org.junit.Test] zero00169
2016-08-04 20:04:58,561 INFO [org.junit.Test] zero00170
2016-08-04 20:04:58,561 INFO [org.junit.Test] zero00171
2016-08-04 20:04:58,561 INFO [org.junit.Test] zero00172
2016-08-04 20:04:58,561 INFO [org.junit.Test] zero00173
2016-08-04 20:04:58,561 INFO [org.junit.Test] zero00174
2016-08-04 20:04:58,561 INFO [org.junit.Test] zero00175
2016-08-04 20:04:58,561 INFO [org.junit.Test] zero00176
2016-08-04 20:04:58,561 INFO [org.junit.Test] zero00177
2016-08-04 20:04:58,561 INFO [org.junit.Test] zero00178
2016-08-04 20:04:58,561 INFO [org.junit.Test] zero00179
2016-08-04 20:04:58,561 INFO [org.junit.Test] zero00180
2016-08-04 20:04:58,561 INFO [org.junit.Test] zero00181
2016-08-04 20:04:58,561 INFO [org.junit.Test] zero00182
2016-08-04 20:04:58,561 INFO [org.junit.Test] zero00183
2016-08-04 20:04:58,561 INFO [org.junit.Test] zero00184
2016-08-04 20:04:58,561 INFO [org.junit.Test] zero00185
2016-08-04 20:04:58,561 INFO [org.junit.Test] zero00186
2016-08-04 20:04:58,561 INFO [org.junit.Test] zero00187
2016-08-04 20:04:58,561 INFO [org.junit.Test] zero00188
2016-08-04 20:04:58,561 INFO [org.junit.Test] zero00189
2016-08-04 20:04:58,561 INFO [org.junit.Test] zero00190
2016-08-04 20:04:58,561 INFO [org.junit.Test] zero00191
2016-08-04 20:04:58,561 INFO [org.junit.Test] zero00192
2016-08-04 20:04:58,561 INFO [org.junit.Test] zero00193
2016-08-04 20:04:58,561 INFO [org.junit.Test] zero00194
2016-08-04 20:04:58,561 INFO [org.junit.Test] zero00195
2016-08-04 20:04:58,561 INFO [org.junit.Test] zero00196
2016-08-04 20:04:58,561 INFO [org.junit.Test] zero00197
2016-08-04 20:04:58,561 INFO [org.junit.Test] zero00198
2016-08-04 20:04:58,561 INFO [org.junit.Test] zero00199
2016-08-04 20:04:58,561 INFO [org.junit.Test] zero00200
2016-08-04 20:04:58,561 INFO [org.junit.Test] zero00201
2016-08-04 20:04:58,561 INFO [org.junit.Test] zero00202
2016-08-04 20:04:58,561 INFO [org.junit.Test] zero00203
2016-08-04 20:04:58,561 INFO [org.junit.Test] zero00204
2016-08-04 20:04:58,561 INFO [org.junit.Test] zero00205
2016-08-04 20:04:58,561 INFO [org.junit.Test] zero00206
2016-08-04 20:04:58,561 INFO [org.junit.Test] zero00207
2016-08-04 20:04:58,561 INFO [org.junit.Test] zero00208
2016-08-04 20:04:58,561 INFO [org.junit.Test] zero00209
2016-08-04 20:04:58,561 INFO [org.junit.Test] zero00210
2016-08-04 20:04:58,561 INFO [org.junit.Test] zero00211
2016-08-04 20:04:58,561 INFO [org.junit.Test] zero00212
2016-08-04 20:04:58,561 INFO [org.junit.Test] zero00213
2016-08-04 20:04:58,561 INFO [org.junit.Test] zero00214
2016-08-04 20:04:58,561 INFO [org.junit.Test] zero00215
2016-08-04 20:04:58,561 INFO [org.junit.Test] zero00216
2016-08-04 20:04:58,561 INFO [org.junit.Test] zero00217
2016-08-04 20:04:58,561 INFO [org.junit.Test] zero00218
2016-08-04 20:04:58,561 INFO [org.junit.Test] zero00219
2016-08-04 20:04:58,561 INFO [org.junit.Test] zero00220
2016-08-04 20:04:58,561 INFO [org.junit.Test] zero00221
2016-08-04 20:04:58,561 INFO [org.junit.Test] zero00222
2016-08-04 20:04:58,561 INFO [org.junit.Test] zero00223
2016-08-04 20:04:58,561 INFO [org.junit.Test] zero00224
2016-08-04 20:04:58,561 INFO [org.junit.Test] zero00225
2016-08-04 20:04:58,561 INFO [org.junit.Test] zero00226
2016-08-04 20:04:58,561 INFO [org.junit.Test] zero00227
2016-08-04 20:04:58,561 INFO [org.junit.Test] zero00228
2016-08-04 20:04:58,561 INFO [org.junit.Test] zero00229
2016-08-04 20:04:58,561 INFO [org.junit.Test] zero00230
2016-08-04 20:04:58,561 INFO [org.junit.Test] zero00231
2016-08-04 20:04:58,561 INFO [org.junit.Test] zero00232
2016-08-04 20:04:58,561 INFO [org.junit.Test] zero00233
2016-08-04 20:04:58,561 INFO [org.junit.Test] zero00234
2016-08-04 20:04:58,561 INFO [org.junit.Test] zero00235
2016-08-04 20:04:58,561 INFO [org.junit.Test] zero00236
2016-08-04 20:04:58,561 INFO [org.junit.Test] zero00237
2016-08-04 20:04:58,561 INFO [org.junit.Test] zero00238
2016-08-04 20:04:58,561 INFO [org.junit.Test] zero00239
2016-08-04 20:04:58,561 INFO [org.junit.Test] zero00240
2016-08-04 20:04:58,561 INFO [org.junit.Test] zero00241
2016-08-04 20:04:58,561 INFO [org.junit.Test] zero00242
2016-08-04 20:04:58,561 INFO [org.junit.Test] zero00243
2016-08-04 20:04:58,561 INFO [org.junit.Test] zero00244
2016-08-04 20:04:58,561 INFO [org.junit.Test] zero00245
2016-08-04 20:04:58,561 INFO [org.junit.Test] zero00246
2016-08-04 20:04:58,561 INFO [org.junit.Test] zero00247
2016-08-04 20:04:58,561 INFO [org.junit.Test] zero00248
2016-08-04 20:04:58,561 INFO [org.junit.Test] zero00249
2016-08-04 20:04:58,561 INFO [org.junit.Test] zero00250
2016-08-04 20:04:58,561 INFO [org.junit.Test] zero00251
2016-08-04 20:04:58,561 INFO [org.junit.Test] zero00252
2016-08-04 20:04:58,561 INFO [org.junit.Test] zero00253
2016-08-04 20:04:58,561 INFO [org.junit.Test] zero00254
2016-08-04 20:04:58,561 INFO [org.junit.Test] zero00255
2016-08-04 20:04:58,561 INFO [org.junit.Test] zero00256
2016-08-04 20:04:58,561 INFO [org.junit.Test] zero00257
2016-08-04 20:04:58,561 INFO [org.junit.Test] zero00258
2016-08-04 20:04:58,561 INFO [org.junit.Test] zero00259
2016-08-04 20:04:58,561 INFO [org.junit.Test] zero00260
2016-08-04 20:04:58,561 INFO [org.junit.Test] zero00261
2016-08-04 20:04:58,561 INFO [org.junit.Test] zero00262
2016-08-04 20:04:58,561 INFO [org.junit.Test] zero00263
2016-08-04 20:04:58,561 INFO [org.junit.Test] zero00264
2016-08-04 20:04:58,561 INFO [org.junit.Test] zero00265
2016-08-04 20:04:58,561 INFO [org.junit.Test] zero00266
2016-08-04 20:04:58,561 INFO [org.junit.Test] zero00267
2016-08-04 20:04:58,561 INFO [org.junit.Test] zero00268
2016-08-04 20:04:58,561 INFO [org.junit.Test] zero00269
2016-08-04 20:04:58,561 INFO [org.junit.Test] zero00270
2016-08-04 20:04:58,561 INFO [org.junit.Test] zero00271
2016-08-04 20:04:58,561 INFO [org.junit.Test] zero00272
2016-08-04 20:04:58,561 INFO [org.junit.Test] zero00273
2016-08-04 20:04:58,561 INFO [org.junit.Test] zero00274
2016-08-04 20:04:58,561 INFO [org.junit.Test] zero00275
2016-08-04 20:04:58,561 INFO [org.junit.Test] zero00276
2016-08-04 20:04:58,561 INFO [org.junit.Test] zero00277
2016-08-04 20:04:58,561 INFO [org.junit.Test] zero00278
2016-08-04 20:04:58,561 INFO [org.junit.Test] zero00279
2016-08-04 20:04:58,561 INFO [org.junit.Test] zero00280
2016-08-04 20:04:58,561 INFO [org.junit.Test] zero00281
2016-08-04 20:04:58,561 INFO [org.junit.Test] zero00282
2016-08-04 20:04:58,561 INFO [org.junit.Test] zero00283
2016-08-04 20:04:58,561 INFO [org.junit.Test] zero00284
2016-08-04 20:04:58,561 INFO [org.junit.Test] zero00285
2016-08-04 20:04:58,561 INFO [org.junit.Test] zero00286
2016-08-04 20:04:58,561 INFO [org.junit.Test] zero00287
2016-08-04 20:04:58,561 INFO [org.junit.Test] zero00288
2016-08-04 20:04:58,561 INFO [org.junit.Test] zero00289
2016-08-04 20:04:58,561 INFO [org.junit.Test] zero00290
2016-08-04 20:04:58,561 INFO [org.junit.Test] zero00291
2016-08-04 20:04:58,561 INFO [org.junit.Test] zero00292
2016-08-04 20:04:58,561 INFO [org.junit.Test] zero00293
2016-08-04 20:04:58,561 INFO [org.junit.Test] zero00294
2016-08-04 20:04:58,561 INFO [org.junit.Test] zero00295
2016-08-04 20:04:58,561 INFO [org.junit.Test] zero00296
2016-08-04 20:04:58,561 INFO [org.junit.Test] zero00297
2016-08-04 20:04:58,561 INFO [org.junit.Test] zero00298
2016-08-04 20:04:58,561 INFO [org.junit.Test] zero00299
2016-08-04 20:04:58,561 INFO [org.junit.Test] zero00300
2016-08-04 20:04:58,561 INFO [org.junit.Test] zero00301
2016-08-04 20:04:58,561 INFO [org.junit.Test] zero00302
2016-08-04 20:04:58,561 INFO [org.junit.Test] zero00303
2016-08-04 20:04:58,561 INFO [org.junit.Test] zero00304
2016-08-04 20:04:58,561 INFO [org.junit.Test] zero00305
2016-08-04 20:04:58,561 INFO [org.junit.Test] zero00306
2016-08-04 20:04:58,561 INFO [org.junit.Test] zero00307
2016-08-04 20:04:58,561 INFO [org.junit.Test] zero00308
2016-08-04 20:04:58,561 INFO [org.junit.Test] zero00309
2016-08-04 20:04:58,561 INFO [org.junit.Test] zero00310
2016-08-04 20:04:58,561 INFO [org.junit.Test] zero00311
2016-08-04 20:04:58,561 INFO [org.junit.Test] zero00312
2016-08-04 20:04:58,561 INFO [org.junit.Test] zero00313
2016-08-04 20:04:58,561 INFO [org.junit.Test] zero00314
2016-08-04 20:04:58,561 INFO [org.junit.Test] zero00315
2016-08-04 20:04:58,561 INFO [org.junit.Test] zero00316
2016-08-04 20:04:58,561 INFO [org.junit.Test] zero00317
2016-08-04 20:04:58,561 INFO [org.junit.Test] zero00318
2016-08-04 20:04:58,561 INFO [org.junit.Test] zero00319
2016-08-04 20:04:58,561 INFO [org.junit.Test] zero00320
2016-08-04 20:04:58,561 INFO [org.junit.Test] zero00321
2016-08-04 20:04:58,561 INFO [org.junit.Test] zero00322
2016-08-04 20:04:58,561 INFO [org.junit.Test] zero00323
2016-08-04 20:04:58,561 INFO [org.junit.Test] zero00324
2016-08-04 20:04:58,561 INFO [org.junit.Test] zero00325
2016-08-04 20:04:58,561 INFO [org.junit.Test] zero00326
2016-08-04 20:04:58,561 INFO [org.junit.Test] zero00327
2016-08-04 20:04:58,561 INFO [org.junit.Test] zero00328
2016-08-04 20:04:58,561 INFO [org.junit.Test] zero00329
2016-08-04 20:04:58,561 INFO [org.junit.Test] zero00330
2016-08-04 20:04:58,561 INFO [org.junit.Test] zero00331
2016-08-04 20:04:58,561 INFO [org.junit.Test] zero00332
2016-08-04 20:04:58,561 INFO [org.junit.Test] zero00333
2016-08-04 20:04:58,561 INFO [org.junit.Test] zero00334
2016-08-04 20:04:58,561 INFO [org.junit.Test] zero00335
2016-08-04 20:04:58,561 INFO [org.junit.Test] zero00336
2016-08-04 20:04:58,561 INFO [org.junit.Test] zero00337
2016-08-04 20:04:58,561 INFO [org.junit.Test] zero00338
2016-08-04 20:04:58,561 INFO [org.junit.Test] zero00339
2016-08-04 20:04:58,561 INFO [org.junit.Test] zero00340
2016-08-04 20:04:58,561 INFO [org.junit.Test] zero00341
2016-08-04 20:04:58,561 INFO [org.junit.Test] zero00342
2016-08-04 20:04:58,561 INFO [org.junit.Test] zero00343
2016-08-04 20:04:58,561 INFO [org.junit.Test] zero00344
2016-08-04 20:04:58,561 INFO [org.junit.Test] zero00345
2016-08-04 20:04:58,561 INFO [org.junit.Test] zero00346
2016-08-04 20:04:58,561 INFO [org.junit.Test] zero00347
2016-08-04 20:04:58,561 INFO [org.junit.Test] zero00348
2016-08-04 20:04:58,561 INFO [org.junit.Test] zero00349
2016-08-04 20:04:58,561 INFO [org.junit.Test] zero00350
2016-08-04 20:04:58,561 INFO [org.junit.Test] zero00351
2016-08-04 20:04:58,561 INFO [org.junit.Test] zero00352
2016-08-04 20:04:58,561 INFO [org.junit.Test] zero00353
2016-08-04 20:04:58,561 INFO [org.junit.Test] zero00354
2016-08-04 20:04:58,561 INFO [org.junit.Test] zero00355
2016-08-04 20:04:58,561 INFO [org.junit.Test] zero00356
2016-08-04 20:04:58,561 INFO [org.junit.Test] zero00357
2016-08-04 20:04:58,561 INFO [org.junit.Test] zero00358
2016-08-04 20:04:58,561 INFO [org.junit.Test] zero00359
2016-08-04 20:04:58,561 INFO [org.junit.Test] zero00360
2016-08-04 20:04:58,561 INFO [org.junit.Test] zero00361
2016-08-04 20:04:58,561 INFO [org.junit.Test] zero00362
2016-08-04 20:04:58,561 INFO [org.junit.Test] zero00363
2016-08-04 20:04:58,561 INFO [org.junit.Test] zero00364
2016-08-04 20:04:58,561 INFO [org.junit.Test] zero00365
2016-08-04 20:04:58,561 INFO [org.junit.Test] zero00366
2016-08-04 20:04:58,561 INFO [org.junit.Test] zero00367
2016-08-04 20:04:58,561 INFO [org.junit.Test] zero00368
2016-08-04 20:04:58,561 INFO [org.junit.Test] zero00369
2016-08-04 20:04:58,561 INFO [org.junit.Test] zero00370
2016-08-04 20:04:58,561 INFO [org.junit.Test] zero00371
2016-08-04 20:04:58,561 INFO [org.junit.Test] zero00372
2016-08-04 20:04:58,561 INFO [org.junit.Test] zero00373
2016-08-04 20:04:58,561 INFO [org.junit.Test] zero00374
2016-08-04 20:04:58,561 INFO [org.junit.Test] zero00375
2016-08-04 20:04:58,561 INFO [org.junit.Test] zero00376
2016-08-04 20:04:58,561 INFO [org.junit.Test] zero00377
2016-08-04 20:04:58,561 INFO [org.junit.Test] zero00378
2016-08-04 20:04:58,561 INFO [org.junit.Test] zero00379
2016-08-04 20:04:58,561 INFO [org.junit.Test] zero00380
2016-08-04 20:04:58,561 INFO [org.junit.Test] zero00381
2016-08-04 20:04:58,561 INFO [org.junit.Test] zero00382
2016-08-04 20:04:58,561 INFO [org.junit.Test] zero00383
2016-08-04 20:04:58,561 INFO [org.junit.Test] zero00384
2016-08-04 20:04:58,561 INFO [org.junit.Test] zero00385
2016-08-04 20:04:58,561 INFO [org.junit.Test] zero00386
2016-08-04 20:04:58,561 INFO [org.junit.Test] zero00387
2016-08-04 20:04:58,561 INFO [org.junit.Test] zero00388
2016-08-04 20:04:58,561 INFO [org.junit.Test] zero00389
2016-08-04 20:04:58,561 INFO [org.junit.Test] zero00390
2016-08-04 20:04:58,561 INFO [org.junit.Test] zero00391
2016-08-04 20:04:58,561 INFO [org.junit.Test] zero00392
2016-08-04 20:04:58,561 INFO [org.junit.Test] zero00393
2016-08-04 20:04:58,561 INFO [org.junit.Test] zero00394
2016-08-04 20:04:58,561 INFO [org.junit.Test] zero00395
2016-08-04 20:04:58,561 INFO [org.junit.Test] zero00396
2016-08-04 20:04:58,561 INFO [org.junit.Test] zero00397
2016-08-04 20:04:58,561 INFO [org.junit.Test] zero00398
2016-08-04 20:04:58,561 INFO [org.junit.Test] zero00399
2016-08-04 20:04:58,561 INFO [org.junit.Test] zero00400
2016-08-04 20:04:58,561 INFO [org.junit.Test] zero00401
2016-08-04 20:04:58,561 INFO [org.junit.Test] zero00402
2016-08-04 20:04:58,561 INFO [org.junit.Test] zero00403
2016-08-04 20:04:58,561 INFO [org.junit.Test] zero00404
2016-08-04 20:04:58,561 INFO [org.junit.Test] zero00405
2016-08-04 20:04:58,561 INFO [org.junit.Test] zero00406
2016-08-04 20:04:58,561 INFO [org.junit.Test] zero00407
2016-08-04 20:04:58,561 INFO [org.junit.Test] zero00408
2016-08-04 20:04:58,561 INFO [org.junit.Test] zero00409
2016-08-04 20:04:58,561 INFO [org.junit.Test] zero00410
2016-08-04 20:04:58,561 INFO [org.junit.Test] zero00411
2016-08-04 20:04:58,561 INFO [org.junit.Test] zero00412
2016-08-04 20:04:58,561 INFO [org.junit.Test] zero00413
2016-08-04 20:04:58,561 INFO [org.junit.Test] zero00414
2016-08-04 20:04:58,561 INFO [org.junit.Test] zero00415
2016-08-04 20:04:58,561 INFO [org.junit.Test] zero00416
2016-08-04 20:04:58,561 INFO [org.junit.Test] zero00417
2016-08-04 20:04:58,561 INFO [org.junit.Test] zero00418
2016-08-04 20:04:58,561 INFO [org.junit.Test] zero00419
2016-08-04 20:04:58,561 INFO [org.junit.Test] zero00420
2016-08-04 20:04:58,561 INFO [org.junit.Test] zero00421
2016-08-04 20:04:58,561 INFO [org.junit.Test] zero00422
2016-08-04 20:04:58,561 INFO [org.junit.Test] zero00423
2016-08-04 20:04:58,561 INFO [org.junit.Test] zero00424
2016-08-04 20:04:58,561 INFO [org.junit.Test] zero00425
2016-08-04 20:04:58,561 INFO [org.junit.Test] zero00426
2016-08-04 20:04:58,561 INFO [org.junit.Test] zero00427
2016-08-04 20:04:58,561 INFO [org.junit.Test] zero00428
2016-08-04 20:04:58,561 INFO [org.junit.Test] zero00429
2016-08-04 20:04:58,561 INFO [org.junit.Test] zero00430
2016-08-04 20:04:58,561 INFO [org.junit.Test] zero00431
2016-08-04 20:04:58,561 INFO [org.junit.Test] zero00432
2016-08-04 20:04:58,561 INFO [org.junit.Test] zero00433
2016-08-04 20:04:58,561 INFO [org.junit.Test] zero00434
2016-08-04 20:04:58,561 INFO [org.junit.Test] zero00435
2016-08-04 20:04:58,561 INFO [org.junit.Test] zero00436
2016-08-04 20:04:58,561 INFO [org.junit.Test] zero00437
2016-08-04 20:04:58,561 INFO [org.junit.Test] zero00438
2016-08-04 20:04:58,561 INFO [org.junit.Test] zero00439
2016-08-04 20:04:58,561 INFO [org.junit.Test] zero00440
2016-08-04 20:04:58,561 INFO [org.junit.Test] zero00441
2016-08-04 20:04:58,561 INFO [org.junit.Test] zero00442
2016-08-04 20:04:58,561 INFO [org.junit.Test] zero00443
2016-08-04 20:04:58,561 INFO [org.junit.Test] zero00444
2016-08-04 20:04:58,561 INFO [org.junit.Test] zero00445
2016-08-04 20:04:58,561 INFO [org.junit.Test] zero00446
2016-08-04 20:04:58,561 INFO [org.junit.Test] zero00447
2016-08-04 20:04:58,561 INFO [org.junit.Test] zero00448
2016-08-04 20:04:58,561 INFO [org.junit.Test] zero00449
2016-08-04 20:04:58,561 INFO [org.junit.Test] zero00450
2016-08-04 20:04:58,561 INFO [org.junit.Test] zero00451
2016-08-04 20:04:58,561 INFO [org.junit.Test] zero00452
2016-08-04 20:04:58,561 INFO [org.junit.Test] zero00453
2016-08-04 20:04:58,561 INFO [org.junit.Test] zero00454
2016-08-04 20:04:58,561 INFO [org.junit.Test] zero00455
2016-08-04 20:04:58,561 INFO [org.junit.Test] zero00456
2016-08-04 20:04:58,561 INFO [org.junit.Test] zero00457
2016-08-04 20:04:58,561 INFO [org.junit.Test] zero00458
2016-08-04 20:04:58,561 INFO [org.junit.Test] zero00459
2016-08-04 20:04:58,561 INFO [org.junit.Test] zero00460
2016-08-04 20:04:58,561 INFO [org.junit.Test] zero00461
2016-08-04 20:04:58,561 INFO [org.junit.Test] zero00462
2016-08-04 20:04:58,561 INFO [org.junit.Test] zero00463
2016-08-04 20:04:58,561 INFO [org.junit.Test] zero00464
2016-08-04 20:04:58,562 INFO [org.junit.Test] zero00465
2016-08-04 20:04:58,562 INFO [org.junit.Test] zero00466
2016-08-04 20:04:58,562 INFO [org.junit.Test] zero00467
2016-08-04 20:04:58,562 INFO [org.junit.Test] zero00468
2016-08-04 20:04:58,562 INFO [org.junit.Test] zero00469
2016-08-04 20:04:58,562 INFO [org.junit.Test] zero00470
2016-08-04 20:04:58,562 INFO [org.junit.Test] zero00471
2016-08-04 20:04:58,562 INFO [org.junit.Test] zero00472
2016-08-04 20:04:58,562 INFO [org.junit.Test] zero00473
2016-08-04 20:04:58,562 INFO [org.junit.Test] zero00474
2016-08-04 20:04:58,562 INFO [org.junit.Test] zero00475
2016-08-04 20:04:58,562 INFO [org.junit.Test] zero00476
2016-08-04 20:04:58,562 INFO [org.junit.Test] zero00477
2016-08-04 20:04:58,562 INFO [org.junit.Test] zero00478
2016-08-04 20:04:58,562 INFO [org.junit.Test] zero00479
2016-08-04 20:04:58,562 INFO [org.junit.Test] zero00480
2016-08-04 20:04:58,562 INFO [org.junit.Test] zero00481
2016-08-04 20:04:58,562 INFO [org.junit.Test] zero00482
2016-08-04 20:04:58,562 INFO [org.junit.Test] zero00483
2016-08-04 20:04:58,562 INFO [org.junit.Test] zero00484
2016-08-04 20:04:58,562 INFO [org.junit.Test] zero00485
2016-08-04 20:04:58,562 INFO [org.junit.Test] zero00486
2016-08-04 20:04:58,562 INFO [org.junit.Test] zero00487
2016-08-04 20:04:58,562 INFO [org.junit.Test] zero00488
2016-08-04 20:04:58,562 INFO [org.junit.Test] zero00489
2016-08-04 20:04:58,562 INFO [org.junit.Test] zero00490
2016-08-04 20:04:58,562 INFO [org.junit.Test] zero00491
2016-08-04 20:04:58,562 INFO [org.junit.Test] zero00492
2016-08-04 20:04:58,562 INFO [org.junit.Test] zero00493
2016-08-04 20:04:58,562 INFO [org.junit.Test] zero00494
2016-08-04 20:04:58,562 INFO [org.junit.Test] zero00495
2016-08-04 20:04:58,562 INFO [org.junit.Test] zero00496
2016-08-04 20:04:58,562 INFO [org.junit.Test] zero00497
2016-08-04 20:04:58,562 INFO [org.junit.Test] zero00498
2016-08-04 20:04:58,562 INFO [org.junit.Test] zero00499
2016-08-04 20:04:58,562 INFO [org.junit.Test] zero00500
2016-08-04 20:04:58,562 INFO [org.junit.Test] zero00501
2016-08-04 20:04:58,562 INFO [org.junit.Test] zero00502
2016-08-04 20:04:58,562 INFO [org.junit.Test] zero00503
2016-08-04 20:04:58,562 INFO [org.junit.Test] zero00504
2016-08-04 20:04:58,562 INFO [org.junit.Test] zero00505
2016-08-04 20:04:58,562 INFO [org.junit.Test] zero00506
2016-08-04 20:04:58,562 INFO [org.junit.Test] zero00507
2016-08-04 20:04:58,562 INFO [org.junit.Test] zero00508
2016-08-04 20:04:58,562 INFO [org.junit.Test] zero00509
2016-08-04 20:04:58,562 INFO [org.junit.Test] zero00510
2016-08-04 20:04:58,562 INFO [org.junit.Test] zero00511
2016-08-04 20:04:58,562 INFO [org.junit.Test] zero00512
2016-08-04 20:04:58,562 INFO [org.junit.Test] zero00513
2016-08-04 20:04:58,562 INFO [org.junit.Test] zero00514
2016-08-04 20:04:58,562 INFO [org.junit.Test] zero00515
2016-08-04 20:04:58,562 INFO [org.junit.Test] zero00516
2016-08-04 20:04:58,562 INFO [org.junit.Test] zero00517
2016-08-04 20:04:58,562 INFO [org.junit.Test] zero00518
2016-08-04 20:04:58,562 INFO [org.junit.Test] zero00519
2016-08-04 20:04:58,562 INFO [org.junit.Test] zero00520
2016-08-04 20:04:58,562 INFO [org.junit.Test] zero00521
2016-08-04 20:04:58,562 INFO [org.junit.Test] zero00522
2016-08-04 20:04:58,562 INFO [org.junit.Test] zero00523
2016-08-04 20:04:58,562 INFO [org.junit.Test] zero00524
2016-08-04 20:04:58,562 INFO [org.junit.Test] zero00525
2016-08-04 20:04:58,562 INFO [org.junit.Test] zero00526
2016-08-04 20:04:58,562 INFO [org.junit.Test] zero00527
2016-08-04 20:04:58,562 INFO [org.junit.Test] zero00528
2016-08-04 20:04:58,562 INFO [org.junit.Test] zero00529
2016-08-04 20:04:58,562 INFO [org.junit.Test] zero00530
2016-08-04 20:04:58,562 INFO [org.junit.Test] zero00531
2016-08-04 20:04:58,562 INFO [org.junit.Test] zero00532
2016-08-04 20:04:58,562 INFO [org.junit.Test] zero00533
2016-08-04 20:04:58,562 INFO [org.junit.Test] zero00534
2016-08-04 20:04:58,562 INFO [org.junit.Test] zero00535
2016-08-04 20:04:58,562 INFO [org.junit.Test] zero00536
2016-08-04 20:04:58,562 INFO [org.junit.Test] zero00537
2016-08-04 20:04:58,562 INFO [org.junit.Test] zero00538
2016-08-04 20:04:58,562 INFO [org.junit.Test] zero00539
2016-08-04 20:04:58,562 INFO [org.junit.Test] zero00540
2016-08-04 20:04:58,562 INFO [org.junit.Test] zero00541
2016-08-04 20:04:58,562 INFO [org.junit.Test] zero00542
2016-08-04 20:04:58,562 INFO [org.junit.Test] zero00543
2016-08-04 20:04:58,562 INFO [org.junit.Test] zero00544
2016-08-04 20:04:58,562 INFO [org.junit.Test] zero00545
2016-08-04 20:04:58,562 INFO [org.junit.Test] zero00546
2016-08-04 20:04:58,562 INFO [org.junit.Test] zero00547
2016-08-04 20:04:58,562 INFO [org.junit.Test] zero00548
2016-08-04 20:04:58,562 INFO [org.junit.Test] zero00549
2016-08-04 20:04:58,562 INFO [org.junit.Test] zero00550
2016-08-04 20:04:58,562 INFO [org.junit.Test] zero00551
2016-08-04 20:04:58,562 INFO [org.junit.Test] zero00552
2016-08-04 20:04:58,562 INFO [org.junit.Test] zero00553
2016-08-04 20:04:58,562 INFO [org.junit.Test] zero00554
2016-08-04 20:04:58,562 INFO [org.junit.Test] zero00555
2016-08-04 20:04:58,562 INFO [org.junit.Test] zero00556
2016-08-04 20:04:58,562 INFO [org.junit.Test] zero00557
2016-08-04 20:04:58,562 INFO [org.junit.Test] zero00558
2016-08-04 20:04:58,562 INFO [org.junit.Test] zero00559
2016-08-04 20:04:58,562 INFO [org.junit.Test] zero00560
2016-08-04 20:04:58,562 INFO [org.junit.Test] zero00561
2016-08-04 20:04:58,562 INFO [org.junit.Test] zero00562
2016-08-04 20:04:58,562 INFO [org.junit.Test] zero00563
2016-08-04 20:04:58,562 INFO [org.junit.Test] zero00564
2016-08-04 20:04:58,562 INFO [org.junit.Test] zero00565
2016-08-04 20:04:58,562 INFO [org.junit.Test] zero00566
2016-08-04 20:04:58,562 INFO [org.junit.Test] zero00567
2016-08-04 20:04:58,562 INFO [org.junit.Test] zero00568
2016-08-04 20:04:58,562 INFO [org.junit.Test] zero00569
2016-08-04 20:04:58,562 INFO [org.junit.Test] zero00570
2016-08-04 20:04:58,562 INFO [org.junit.Test] zero00571
2016-08-04 20:04:58,562 INFO [org.junit.Test] zero00572
2016-08-04 20:04:58,562 INFO [org.junit.Test] zero00573
2016-08-04 20:04:58,562 INFO [org.junit.Test] zero00574
2016-08-04 20:04:58,562 INFO [org.junit.Test] zero00575
2016-08-04 20:04:58,562 INFO [org.junit.Test] zero00576
2016-08-04 20:04:58,562 INFO [org.junit.Test] zero00577
2016-08-04 20:04:58,562 INFO [org.junit.Test] zero00578
2016-08-04 20:04:58,562 INFO [org.junit.Test] zero00579
2016-08-04 20:04:58,562 INFO [org.junit.Test] zero00580
2016-08-04 20:04:58,562 INFO [org.junit.Test] zero00581
2016-08-04 20:04:58,562 INFO [org.junit.Test] zero00582
2016-08-04 20:04:58,562 INFO [org.junit.Test] zero00583
2016-08-04 20:04:58,562 INFO [org.junit.Test] zero00584
2016-08-04 20:04:58,562 INFO [org.junit.Test] zero00585
2016-08-04 20:04:58,562 INFO [org.junit.Test] zero00586
2016-08-04 20:04:58,562 INFO [org.junit.Test] zero00587
2016-08-04 20:04:58,562 INFO [org.junit.Test] zero00588
2016-08-04 20:04:58,562 INFO [org.junit.Test] zero00589
2016-08-04 20:04:58,562 INFO [org.junit.Test] zero00590
2016-08-04 20:04:58,562 INFO [org.junit.Test] zero00591
2016-08-04 20:04:58,562 INFO [org.junit.Test] zero00592
2016-08-04 20:04:58,562 INFO [org.junit.Test] zero00593
2016-08-04 20:04:58,562 INFO [org.junit.Test] zero00594
2016-08-04 20:04:58,562 INFO [org.junit.Test] zero00595
2016-08-04 20:04:58,562 INFO [org.junit.Test] zero00596
2016-08-04 20:04:58,562 INFO [org.junit.Test] zero00597
2016-08-04 20:04:58,562 INFO [org.junit.Test] zero00598
2016-08-04 20:04:58,562 INFO [org.junit.Test] zero00599
2016-08-04 20:04:58,562 INFO [org.junit.Test] zero00600
2016-08-04 20:04:58,562 INFO [org.junit.Test] zero00601
2016-08-04 20:04:58,562 INFO [org.junit.Test] zero00602
2016-08-04 20:04:58,562 INFO [org.junit.Test] zero00603
2016-08-04 20:04:58,562 INFO [org.junit.Test] zero00604
2016-08-04 20:04:58,562 INFO [org.junit.Test] zero00605
2016-08-04 20:04:58,562 INFO [org.junit.Test] zero00606
2016-08-04 20:04:58,562 INFO [org.junit.Test] zero00607
2016-08-04 20:04:58,562 INFO [org.junit.Test] zero00608
2016-08-04 20:04:58,562 INFO [org.junit.Test] zero00609
2016-08-04 20:04:58,562 INFO [org.junit.Test] zero00610
2016-08-04 20:04:58,562 INFO [org.junit.Test] zero00611
2016-08-04 20:04:58,562 INFO [org.junit.Test] zero00612
2016-08-04 20:04:58,562 INFO [org.junit.Test] zero00613
2016-08-04 20:04:58,562 INFO [org.junit.Test] zero00614
2016-08-04 20:04:58,562 INFO [org.junit.Test] zero00615
2016-08-04 20:04:58,562 INFO [org.junit.Test] zero00616
2016-08-04 20:04:58,562 INFO [org.junit.Test] zero00617
2016-08-04 20:04:58,562 INFO [org.junit.Test] zero00618
2016-08-04 20:04:58,562 INFO [org.junit.Test] zero00619
2016-08-04 20:04:58,562 INFO [org.junit.Test] zero00620
2016-08-04 20:04:58,562 INFO [org.junit.Test] zero00621
2016-08-04 20:04:58,562 INFO [org.junit.Test] zero00622
2016-08-04 20:04:58,562 INFO [org.junit.Test] zero00623
2016-08-04 20:04:58,562 INFO [org.junit.Test] zero00624
2016-08-04 20:04:58,562 INFO [org.junit.Test] zero00625
2016-08-04 20:04:58,562 INFO [org.junit.Test] zero00626
2016-08-04 20:04:58,562 INFO [org.junit.Test] zero00627
2016-08-04 20:04:58,562 INFO [org.junit.Test] zero00628
2016-08-04 20:04:58,562 INFO [org.junit.Test] zero00629
2016-08-04 20:04:58,562 INFO [org.junit.Test] zero00630
2016-08-04 20:04:58,562 INFO [org.junit.Test] zero00631
2016-08-04 20:04:58,562 INFO [org.junit.Test] zero00632
2016-08-04 20:04:58,562 INFO [org.junit.Test] zero00633
2016-08-04 20:04:58,562 INFO [org.junit.Test] zero00634
2016-08-04 20:04:58,562 INFO [org.junit.Test] zero00635
2016-08-04 20:04:58,562 INFO [org.junit.Test] zero00636
2016-08-04 20:04:58,562 INFO [org.junit.Test] zero00637
2016-08-04 20:04:58,562 INFO [org.junit.Test] zero00638
2016-08-04 20:04:58,562 INFO [org.junit.Test] zero00639
2016-08-04 20:04:58,562 INFO [org.junit.Test] zero00640
2016-08-04 20:04:58,562 INFO [org.junit.Test] zero00641
2016-08-04 20:04:58,562 INFO [org.junit.Test] zero00642
2016-08-04 20:04:58,562 INFO [org.junit.Test] zero00643
2016-08-04 20:04:58,562 INFO [org.junit.Test] zero00644
2016-08-04 20:04:58,562 INFO [org.junit.Test] zero00645
2016-08-04 20:04:58,562 INFO [org.junit.Test] zero00646
2016-08-04 20:04:58,562 INFO [org.junit.Test] zero00647
2016-08-04 20:04:58,562 INFO [org.junit.Test] zero00648
2016-08-04 20:04:58,562 INFO [org.junit.Test] zero00649
2016-08-04 20:04:58,562 INFO [org.junit.Test] zero00650
2016-08-04 20:04:58,562 INFO [org.junit.Test] zero00651
2016-08-04 20:04:58,562 INFO [org.junit.Test] zero00652
2016-08-04 20:04:58,562 INFO [org.junit.Test] zero00653
2016-08-04 20:04:58,562 INFO [org.junit.Test] zero00654
2016-08-04 20:04:58,562 INFO [org.junit.Test] zero00655
2016-08-04 20:04:58,562 INFO [org.junit.Test] zero00656
2016-08-04 20:04:58,562 INFO [org.junit.Test] zero00657
2016-08-04 20:04:58,562 INFO [org.junit.Test] zero00658
2016-08-04 20:04:58,562 INFO [org.junit.Test] zero00659
2016-08-04 20:04:58,562 INFO [org.junit.Test] zero00660
2016-08-04 20:04:58,562 INFO [org.junit.Test] zero00661
2016-08-04 20:04:58,562 INFO [org.junit.Test] zero00662
2016-08-04 20:04:58,562 INFO [org.junit.Test] zero00663
2016-08-04 20:04:58,562 INFO [org.junit.Test] zero00664
2016-08-04 20:04:58,562 INFO [org.junit.Test] zero00665
2016-08-04 20:04:58,562 INFO [org.junit.Test] zero00666
2016-08-04 20:04:58,562 INFO [org.junit.Test] zero00667
2016-08-04 20:04:58,562 INFO [org.junit.Test] zero00668
2016-08-04 20:04:58,562 INFO [org.junit.Test] zero00669
2016-08-04 20:04:58,562 INFO [org.junit.Test] zero00670
2016-08-04 20:04:58,562 INFO [org.junit.Test] zero00671
2016-08-04 20:04:58,562 INFO [org.junit.Test] zero00672
2016-08-04 20:04:58,562 INFO [org.junit.Test] zero00673
2016-08-04 20:04:58,562 INFO [org.junit.Test] zero00674
2016-08-04 20:04:58,562 INFO [org.junit.Test] zero00675
2016-08-04 20:04:58,562 INFO [org.junit.Test] zero00676
2016-08-04 20:04:58,562 INFO [org.junit.Test] zero00677
2016-08-04 20:04:58,562 INFO [org.junit.Test] zero00678
2016-08-04 20:04:58,562 INFO [org.junit.Test] zero00679
2016-08-04 20:04:58,562 INFO [org.junit.Test] zero00680
2016-08-04 20:04:58,562 INFO [org.junit.Test] zero00681
2016-08-04 20:04:58,562 INFO [org.junit.Test] zero00682
2016-08-04 20:04:58,562 INFO [org.junit.Test] zero00683
2016-08-04 20:04:58,562 INFO [org.junit.Test] zero00684
2016-08-04 20:04:58,562 INFO [org.junit.Test] zero00685
2016-08-04 20:04:58,562 INFO [org.junit.Test] zero00686
2016-08-04 20:04:58,562 INFO [org.junit.Test] zero00687
2016-08-04 20:04:58,562 INFO [org.junit.Test] zero00688
2016-08-04 20:04:58,562 INFO [org.junit.Test] zero00689
2016-08-04 20:04:58,562 INFO [org.junit.Test] zero00690
2016-08-04 20:04:58,562 INFO [org.junit.Test] zero00691
2016-08-04 20:04:58,562 INFO [org.junit.Test] zero00692
2016-08-04 20:04:58,562 INFO [org.junit.Test] zero00693
2016-08-04 20:04:58,562 INFO [org.junit.Test] zero00694
2016-08-04 20:04:58,562 INFO [org.junit.Test] zero00695
2016-08-04 20:04:58,562 INFO [org.junit.Test] zero00696
2016-08-04 20:04:58,562 INFO [org.junit.Test] zero00697
2016-08-04 20:04:58,562 INFO [org.junit.Test] zero00698
2016-08-04 20:04:58,562 INFO [org.junit.Test] zero00699
2016-08-04 20:04:58,562 INFO [org.junit.Test] zero00700
2016-08-04 20:04:58,562 INFO [org.junit.Test] zero00701
2016-08-04 20:04:58,562 INFO [org.junit.Test] zero00702
2016-08-04 20:04:58,562 INFO [org.junit.Test] zero00703
2016-08-04 20:04:58,562 INFO [org.junit.Test] zero00704
2016-08-04 20:04:58,562 INFO [org.junit.Test] zero00705
2016-08-04 20:04:58,562 INFO [org.junit.Test] zero00706
2016-08-04 20:04:58,562 INFO [org.junit.Test] zero00707
2016-08-04 20:04:58,562 INFO [org.junit.Test] zero00708
2016-08-04 20:04:58,562 INFO [org.junit.Test] zero00709
2016-08-04 20:04:58,562 INFO [org.junit.Test] zero00710
2016-08-04 20:04:58,562 INFO [org.junit.Test] zero00711
2016-08-04 20:04:58,562 INFO [org.junit.Test] zero00712
2016-08-04 20:04:58,562 INFO [org.junit.Test] zero00713
2016-08-04 20:04:58,562 INFO [org.junit.Test] zero00714
2016-08-04 20:04:58,562 INFO [org.junit.Test] zero00715
2016-08-04 20:04:58,562 INFO [org.junit.Test] zero00716
2016-08-04 20:04:58,562 INFO [org.junit.Test] zero00717
2016-08-04 20:04:58,562 INFO [org.junit.Test] zero00718
2016-08-04 20:04:58,562 INFO [org.junit.Test] zero00719
2016-08-04 20:04:58,562 INFO [org.junit.Test] zero00720
2016-08-04 20:04:58,562 INFO [org.junit.Test] zero00721
2016-08-04 20:04:58,562 INFO [org.junit.Test] zero00722
2016-08-04 20:04:58,562 INFO [org.junit.Test] zero00723
2016-08-04 20:04:58,562 INFO [org.junit.Test] zero00724
2016-08-04 20:04:58,562 INFO [org.junit.Test] zero00725
2016-08-04 20:04:58,562 INFO [org.junit.Test] zero00726
2016-08-04 20:04:58,562 INFO [org.junit.Test] zero00727
2016-08-04 20:04:58,562 INFO [org.junit.Test] zero00728
2016-08-04 20:04:58,562 INFO [org.junit.Test] zero00729
2016-08-04 20:04:58,562 INFO [org.junit.Test] zero00730
2016-08-04 20:04:58,562 INFO [org.junit.Test] zero00731
2016-08-04 20:04:58,562 INFO [org.junit.Test] zero00732
2016-08-04 20:04:58,562 INFO [org.junit.Test] zero00733
2016-08-04 20:04:58,562 INFO [org.junit.Test] zero00734
2016-08-04 20:04:58,562 INFO [org.junit.Test] zero00735
2016-08-04 20:04:58,562 INFO [org.junit.Test] zero00736
2016-08-04 20:04:58,562 INFO [org.junit.Test] zero00737
2016-08-04 20:04:58,562 INFO [org.junit.Test] zero00738
2016-08-04 20:04:58,562 INFO [org.junit.Test] zero00739
2016-08-04 20:04:58,562 INFO [org.junit.Test] zero00740
2016-08-04 20:04:58,562 INFO [org.junit.Test] zero00741
2016-08-04 20:04:58,562 INFO [org.junit.Test] zero00742
2016-08-04 20:04:58,562 INFO [org.junit.Test] zero00743
2016-08-04 20:04:58,562 INFO [org.junit.Test] zero00744
2016-08-04 20:04:58,562 INFO [org.junit.Test] zero00745
2016-08-04 20:04:58,562 INFO [org.junit.Test] zero00746
2016-08-04 20:04:58,562 INFO [org.junit.Test] zero00747
2016-08-04 20:04:58,562 INFO [org.junit.Test] zero00748
2016-08-04 20:04:58,562 INFO [org.junit.Test] zero00749
2016-08-04 20:04:58,562 INFO [org.junit.Test] zero00750
2016-08-04 20:04:58,562 INFO [org.junit.Test] zero00751
2016-08-04 20:04:58,562 INFO [org.junit.Test] zero00752
2016-08-04 20:04:58,562 INFO [org.junit.Test] zero00753
2016-08-04 20:04:58,562 INFO [org.junit.Test] zero00754
2016-08-04 20:04:58,562 INFO [org.junit.Test] zero00755
2016-08-04 20:04:58,562 INFO [org.junit.Test] zero00756
2016-08-04 20:04:58,562 INFO [org.junit.Test] zero00757
2016-08-04 20:04:58,563 INFO [org.junit.Test] zero00758
2016-08-04 20:04:58,563 INFO [org.junit.Test] zero00759
2016-08-04 20:04:58,563 INFO [org.junit.Test] zero00760
2016-08-04 20:04:58,563 INFO [org.junit.Test] zero00761
2016-08-04 20:04:58,563 INFO [org.junit.Test] zero00762
2016-08-04 20:04:58,563 INFO [org.junit.Test] zero00763
2016-08-04 20:04:58,563 INFO [org.junit.Test] zero00764
2016-08-04 20:04:58,563 INFO [org.junit.Test] zero00765
2016-08-04 20:04:58,563 INFO [org.junit.Test] zero00766
2016-08-04 20:04:58,563 INFO [org.junit.Test] zero00767
2016-08-04 20:04:58,563 INFO [org.junit.Test] zero00768
2016-08-04 20:04:58,563 INFO [org.junit.Test] zero00769
2016-08-04 20:04:58,563 INFO [org.junit.Test] zero00770
2016-08-04 20:04:58,563 INFO [org.junit.Test] zero00771
2016-08-04 20:04:58,563 INFO [org.junit.Test] zero00772
2016-08-04 20:04:58,563 INFO [org.junit.Test] zero00773
2016-08-04 20:04:58,563 INFO [org.junit.Test] zero00774
2016-08-04 20:04:58,563 INFO [org.junit.Test] zero00775
2016-08-04 20:04:58,563 INFO [org.junit.Test] zero00776
2016-08-04 20:04:58,563 INFO [org.junit.Test] zero00777
2016-08-04 20:04:58,563 INFO [org.junit.Test] zero00778
2016-08-04 20:04:58,563 INFO [org.junit.Test] zero00779
2016-08-04 20:04:58,563 INFO [org.junit.Test] zero00780
2016-08-04 20:04:58,563 INFO [org.junit.Test] zero00781
2016-08-04 20:04:58,563 INFO [org.junit.Test] zero00782
2016-08-04 20:04:58,563 INFO [org.junit.Test] zero00783
2016-08-04 20:04:58,563 INFO [org.junit.Test] zero00784
2016-08-04 20:04:58,563 INFO [org.junit.Test] zero00785
2016-08-04 20:04:58,563 INFO [org.junit.Test] zero00786
2016-08-04 20:04:58,563 INFO [org.junit.Test] zero00787
2016-08-04 20:04:58,563 INFO [org.junit.Test] zero00788
2016-08-04 20:04:58,563 INFO [org.junit.Test] zero00789
2016-08-04 20:04:58,563 INFO [org.junit.Test] zero00790
2016-08-04 20:04:58,563 INFO [org.junit.Test] zero00791
2016-08-04 20:04:58,563 INFO [org.junit.Test] zero00792
2016-08-04 20:04:58,563 INFO [org.junit.Test] zero00793
2016-08-04 20:04:58,563 INFO [org.junit.Test] zero00794
2016-08-04 20:04:58,563 INFO [org.junit.Test] zero00795
2016-08-04 20:04:58,563 INFO [org.junit.Test] zero00796
2016-08-04 20:04:58,563 INFO [org.junit.Test] zero00797
2016-08-04 20:04:58,563 INFO [org.junit.Test] zero00798
2016-08-04 20:04:58,563 INFO [org.junit.Test] zero00799
2016-08-04 20:04:58,563 INFO [org.junit.Test] zero00800
2016-08-04 20:04:58,563 INFO [org.junit.Test] zero00801
2016-08-04 20:04:58,563 INFO [org.junit.Test] zero00802
2016-08-04 20:04:58,563 INFO [org.junit.Test] zero00803
2016-08-04 20:04:58,563 INFO [org.junit.Test] zero00804
2016-08-04 20:04:58,563 INFO [org.junit.Test] zero00805
2016-08-04 20:04:58,563 INFO [org.junit.Test] zero00806
2016-08-04 20:04:58,563 INFO [org.junit.Test] zero00807
2016-08-04 20:04:58,563 INFO [org.junit.Test] zero00808
2016-08-04 20:04:58,563 INFO [org.junit.Test] zero00809
2016-08-04 20:04:58,563 INFO [org.junit.Test] zero00810
2016-08-04 20:04:58,563 INFO [org.junit.Test] zero00811
2016-08-04 20:04:58,563 INFO [org.junit.Test] zero00812
2016-08-04 20:04:58,563 INFO [org.junit.Test] zero00813
2016-08-04 20:04:58,563 INFO [org.junit.Test] zero00814
2016-08-04 20:04:58,563 INFO [org.junit.Test] zero00815
2016-08-04 20:04:58,563 INFO [org.junit.Test] zero00816
2016-08-04 20:04:58,563 INFO [org.junit.Test] zero00817
2016-08-04 20:04:58,563 INFO [org.junit.Test] zero00818
2016-08-04 20:04:58,563 INFO [org.junit.Test] zero00819
2016-08-04 20:04:58,563 INFO [org.junit.Test] zero00820
2016-08-04 20:04:58,563 INFO [org.junit.Test] zero00821
2016-08-04 20:04:58,563 INFO [org.junit.Test] zero00822
2016-08-04 20:04:58,563 INFO [org.junit.Test] zero00823
2016-08-04 20:04:58,563 INFO [org.junit.Test] zero00824
2016-08-04 20:04:58,563 INFO [org.junit.Test] zero00825
2016-08-04 20:04:58,563 INFO [org.junit.Test] zero00826
2016-08-04 20:04:58,563 INFO [org.junit.Test] zero00827
2016-08-04 20:04:58,563 INFO [org.junit.Test] zero00828
2016-08-04 20:04:58,563 INFO [org.junit.Test] zero00829
2016-08-04 20:04:58,563 INFO [org.junit.Test] zero00830
2016-08-04 20:04:58,563 INFO [org.junit.Test] zero00831
2016-08-04 20:04:58,563 INFO [org.junit.Test] zero00832
2016-08-04 20:04:58,563 INFO [org.junit.Test] zero00833
2016-08-04 20:04:58,563 INFO [org.junit.Test] zero00834
2016-08-04 20:04:58,563 INFO [org.junit.Test] zero00835
2016-08-04 20:04:58,563 INFO [org.junit.Test] zero00836
2016-08-04 20:04:58,563 INFO [org.junit.Test] zero00837
2016-08-04 20:04:58,563 INFO [org.junit.Test] zero00838
2016-08-04 20:04:58,563 INFO [org.junit.Test] zero00839
2016-08-04 20:04:58,563 INFO [org.junit.Test] zero00840
2016-08-04 20:04:58,563 INFO [org.junit.Test] zero00841
2016-08-04 20:04:58,563 INFO [org.junit.Test] zero00842
2016-08-04 20:04:58,563 INFO [org.junit.Test] zero00843
2016-08-04 20:04:58,563 INFO [org.junit.Test] zero00844
2016-08-04 20:04:58,563 INFO [org.junit.Test] zero00845
2016-08-04 20:04:58,563 INFO [org.junit.Test] zero00846
2016-08-04 20:04:58,563 INFO [org.junit.Test] zero00847
2016-08-04 20:04:58,563 INFO [org.junit.Test] zero00848
2016-08-04 20:04:58,563 INFO [org.junit.Test] zero00849
2016-08-04 20:04:58,563 INFO [org.junit.Test] zero00850
2016-08-04 20:04:58,563 INFO [org.junit.Test] zero00851
2016-08-04 20:04:58,563 INFO [org.junit.Test] zero00852
2016-08-04 20:04:58,563 INFO [org.junit.Test] zero00853
2016-08-04 20:04:58,563 INFO [org.junit.Test] zero00854
2016-08-04 20:04:58,563 INFO [org.junit.Test] zero00855
2016-08-04 20:04:58,563 INFO [org.junit.Test] zero00856
2016-08-04 20:04:58,563 INFO [org.junit.Test] zero00857
2016-08-04 20:04:58,563 INFO [org.junit.Test] zero00858
2016-08-04 20:04:58,563 INFO [org.junit.Test] zero00859
2016-08-04 20:04:58,563 INFO [org.junit.Test] zero00860
2016-08-04 20:04:58,563 INFO [org.junit.Test] zero00861
2016-08-04 20:04:58,563 INFO [org.junit.Test] zero00862
2016-08-04 20:04:58,563 INFO [org.junit.Test] zero00863
2016-08-04 20:04:58,563 INFO [org.junit.Test] zero00864
2016-08-04 20:04:58,563 INFO [org.junit.Test] zero00865
2016-08-04 20:04:58,563 INFO [org.junit.Test] zero00866
2016-08-04 20:04:58,563 INFO [org.junit.Test] zero00867
2016-08-04 20:04:58,563 INFO [org.junit.Test] zero00868
2016-08-04 20:04:58,563 INFO [org.junit.Test] zero00869
2016-08-04 20:04:58,563 INFO [org.junit.Test] zero00870
2016-08-04 20:04:58,563 INFO [org.junit.Test] zero00871
2016-08-04 20:04:58,563 INFO [org.junit.Test] zero00872
2016-08-04 20:04:58,563 INFO [org.junit.Test] zero00873
2016-08-04 20:04:58,563 INFO [org.junit.Test] zero00874
2016-08-04 20:04:58,563 INFO [org.junit.Test] zero00875
2016-08-04 20:04:58,563 INFO [org.junit.Test] zero00876
2016-08-04 20:04:58,563 INFO [org.junit.Test] zero00877
2016-08-04 20:04:58,563 INFO [org.junit.Test] zero00878
2016-08-04 20:04:58,563 INFO [org.junit.Test] zero00879
2016-08-04 20:04:58,563 INFO [org.junit.Test] zero00880
2016-08-04 20:04:58,563 INFO [org.junit.Test] zero00881
2016-08-04 20:04:58,563 INFO [org.junit.Test] zero00882
2016-08-04 20:04:58,563 INFO [org.junit.Test] zero00883
2016-08-04 20:04:58,563 INFO [org.junit.Test] zero00884
2016-08-04 20:04:58,563 INFO [org.junit.Test] zero00885
2016-08-04 20:04:58,563 INFO [org.junit.Test] zero00886
2016-08-04 20:04:58,563 INFO [org.junit.Test] zero00887
2016-08-04 20:04:58,563 INFO [org.junit.Test] zero00888
2016-08-04 20:04:58,563 INFO [org.junit.Test] zero00889
2016-08-04 20:04:58,563 INFO [org.junit.Test] zero00890
2016-08-04 20:04:58,563 INFO [org.junit.Test] zero00891
2016-08-04 20:04:58,563 INFO [org.junit.Test] zero00892
2016-08-04 20:04:58,563 INFO [org.junit.Test] zero00893
2016-08-04 20:04:58,563 INFO [org.junit.Test] zero00894
2016-08-04 20:04:58,563 INFO [org.junit.Test] zero00895
2016-08-04 20:04:58,563 INFO [org.junit.Test] zero00896
2016-08-04 20:04:58,563 INFO [org.junit.Test] zero00897
2016-08-04 20:04:58,563 INFO [org.junit.Test] zero00898
2016-08-04 20:04:58,563 INFO [org.junit.Test] zero00899
2016-08-04 20:04:58,563 INFO [org.junit.Test] zero00900
2016-08-04 20:04:58,563 INFO [org.junit.Test] zero00901
2016-08-04 20:04:58,563 INFO [org.junit.Test] zero00902
2016-08-04 20:04:58,563 INFO [org.junit.Test] zero00903
2016-08-04 20:04:58,563 INFO [org.junit.Test] zero00904
2016-08-04 20:04:58,563 INFO [org.junit.Test] zero00905
2016-08-04 20:04:58,563 INFO [org.junit.Test] zero00906
2016-08-04 20:04:58,563 INFO [org.junit.Test] zero00907
2016-08-04 20:04:58,563 INFO [org.junit.Test] zero00908
2016-08-04 20:04:58,563 INFO [org.junit.Test] zero00909
2016-08-04 20:04:58,563 INFO [org.junit.Test] zero00910
2016-08-04 20:04:58,563 INFO [org.junit.Test] zero00911
2016-08-04 20:04:58,563 INFO [org.junit.Test] zero00912
2016-08-04 20:04:58,563 INFO [org.junit.Test] zero00913
2016-08-04 20:04:58,563 INFO [org.junit.Test] zero00914
2016-08-04 20:04:58,563 INFO [org.junit.Test] zero00915
2016-08-04 20:04:58,563 INFO [org.junit.Test] zero00916
2016-08-04 20:04:58,563 INFO [org.junit.Test] zero00917
2016-08-04 20:04:58,563 INFO [org.junit.Test] zero00918
2016-08-04 20:04:58,563 INFO [org.junit.Test] zero00919
2016-08-04 20:04:58,563 INFO [org.junit.Test] zero00920
2016-08-04 20:04:58,563 INFO [org.junit.Test] zero00921
2016-08-04 20:04:58,563 INFO [org.junit.Test] zero00922
2016-08-04 20:04:58,563 INFO [org.junit.Test] zero00923
2016-08-04 20:04:58,563 INFO [org.junit.Test] zero00924
2016-08-04 20:04:58,563 INFO [org.junit.Test] zero00925
2016-08-04 20:04:58,563 INFO [org.junit.Test] zero00926
2016-08-04 20:04:58,563 INFO [org.junit.Test] zero00927
2016-08-04 20:04:58,563 INFO [org.junit.Test] zero00928
2016-08-04 20:04:58,563 INFO [org.junit.Test] zero00929
2016-08-04 20:04:58,563 INFO [org.junit.Test] zero00930
2016-08-04 20:04:58,563 INFO [org.junit.Test] zero00931
2016-08-04 20:04:58,563 INFO [org.junit.Test] zero00932
2016-08-04 20:04:58,563 INFO [org.junit.Test] zero00933
2016-08-04 20:04:58,563 INFO [org.junit.Test] zero00934
2016-08-04 20:04:58,563 INFO [org.junit.Test] zero00935
2016-08-04 20:04:58,563 INFO [org.junit.Test] zero00936
2016-08-04 20:04:58,563 INFO [org.junit.Test] zero00937
2016-08-04 20:04:58,563 INFO [org.junit.Test] zero00938
2016-08-04 20:04:58,563 INFO [org.junit.Test] zero00939
2016-08-04 20:04:58,563 INFO [org.junit.Test] zero00940
2016-08-04 20:04:58,563 INFO [org.junit.Test] zero00941
2016-08-04 20:04:58,563 INFO [org.junit.Test] zero00942
2016-08-04 20:04:58,563 INFO [org.junit.Test] zero00943
2016-08-04 20:04:58,563 INFO [org.junit.Test] zero00944
2016-08-04 20:04:58,563 INFO [org.junit.Test] zero00945
2016-08-04 20:04:58,563 INFO [org.junit.Test] zero00946
2016-08-04 20:04:58,563 INFO [org.junit.Test] zero00947
2016-08-04 20:04:58,563 INFO [org.junit.Test] zero00948
2016-08-04 20:04:58,563 INFO [org.junit.Test] zero00949
2016-08-04 20:04:58,563 INFO [org.junit.Test] zero00950
2016-08-04 20:04:58,563 INFO [org.junit.Test] zero00951
2016-08-04 20:04:58,563 INFO [org.junit.Test] zero00952
2016-08-04 20:04:58,563 INFO [org.junit.Test] zero00953
2016-08-04 20:04:58,563 INFO [org.junit.Test] zero00954
2016-08-04 20:04:58,563 INFO [org.junit.Test] zero00955
2016-08-04 20:04:58,563 INFO [org.junit.Test] zero00956
2016-08-04 20:04:58,563 INFO [org.junit.Test] zero00957
2016-08-04 20:04:58,563 INFO [org.junit.Test] zero00958
2016-08-04 20:04:58,563 INFO [org.junit.Test] zero00959
2016-08-04 20:04:58,563 INFO [org.junit.Test] zero00960
2016-08-04 20:04:58,563 INFO [org.junit.Test] zero00961
2016-08-04 20:04:58,563 INFO [org.junit.Test] zero00962
2016-08-04 20:04:58,563 INFO [org.junit.Test] zero00963
2016-08-04 20:04:58,563 INFO [org.junit.Test] zero00964
2016-08-04 20:04:58,563 INFO [org.junit.Test] zero00965
2016-08-04 20:04:58,563 INFO [org.junit.Test] zero00966
2016-08-04 20:04:58,563 INFO [org.junit.Test] zero00967
2016-08-04 20:04:58,563 INFO [org.junit.Test] zero00968
2016-08-04 20:04:58,563 INFO [org.junit.Test] zero00969
2016-08-04 20:04:58,563 INFO [org.junit.Test] zero00970
2016-08-04 20:04:58,563 INFO [org.junit.Test] zero00971
2016-08-04 20:04:58,563 INFO [org.junit.Test] zero00972
2016-08-04 20:04:58,563 INFO [org.junit.Test] zero00973
2016-08-04 20:04:58,563 INFO [org.junit.Test] zero00974
2016-08-04 20:04:58,563 INFO [org.junit.Test] zero00975
2016-08-04 20:04:58,563 INFO [org.junit.Test] zero00976
2016-08-04 20:04:58,563 INFO [org.junit.Test] zero00977
2016-08-04 20:04:58,563 INFO [org.junit.Test] zero00978
2016-08-04 20:04:58,563 INFO [org.junit.Test] zero00979
2016-08-04 20:04:58,563 INFO [org.junit.Test] zero00980
2016-08-04 20:04:58,563 INFO [org.junit.Test] zero00981
2016-08-04 20:04:58,563 INFO [org.junit.Test] zero00982
2016-08-04 20:04:58,563 INFO [org.junit.Test] zero00983
2016-08-04 20:04:58,563 INFO [org.junit.Test] zero00984
2016-08-04 20:04:58,563 INFO [org.junit.Test] zero00985
2016-08-04 20:04:58,563 INFO [org.junit.Test] zero00986
2016-08-04 20:04:58,563 INFO [org.junit.Test] zero00987
2016-08-04 20:04:58,563 INFO [org.junit.Test] zero00988
2016-08-04 20:04:58,563 INFO [org.junit.Test] zero00989
2016-08-04 20:04:58,563 INFO [org.junit.Test] zero00990
2016-08-04 20:04:58,563 INFO [org.junit.Test] zero00991
2016-08-04 20:04:58,563 INFO [org.junit.Test] zero00992
2016-08-04 20:04:58,563 INFO [org.junit.Test] zero00993
2016-08-04 20:04:58,563 INFO [org.junit.Test] zero00994
2016-08-04 20:04:58,563 INFO [org.junit.Test] zero00995
2016-08-04 20:04:58,563 INFO [org.junit.Test] zero00996
2016-08-04 20:04:58,563 INFO [org.junit.Test] zero00997
2016-08-04 20:04:58,563 INFO [org.junit.Test] zero00998
2016-08-04 20:04:58,563 INFO [org.junit.Test] zero00999
2016-08-04 20:05:01,563 INFO [org.junit.Test] zero000
2016-08-04 20:05:01,563 INFO [org.junit.Test] zero001
2016-08-04 20:05:01,563 INFO [org.junit.Test] zero002
2016-08-04 20:05:01,563 INFO [org.junit.Test] zero003
2016-08-04 20:05:01,563 INFO [org.junit.Test] zero004
2016-08-04 20:05:01,563 INFO [org.junit.Test] zero005
2016-08-04 20:05:01,563 INFO [org.junit.Test] zero006
2016-08-04 20:05:01,563 INFO [org.junit.Test] zero007
2016-08-04 20:05:01,563 INFO [org.junit.Test] zero008
2016-08-04 20:05:01,563 INFO [org.junit.Test] zero009
2016-08-04 20:05:01,563 INFO [org.junit.Test] zero0010
2016-08-04 20:05:01,563 INFO [org.junit.Test] zero0011
2016-08-04 20:05:01,563 INFO [org.junit.Test] zero0012
2016-08-04 20:05:01,563 INFO [org.junit.Test] zero0013
2016-08-04 20:05:01,563 INFO [org.junit.Test] zero0014
2016-08-04 20:05:01,563 INFO [org.junit.Test] zero0015
2016-08-04 20:05:01,563 INFO [org.junit.Test] zero0016
2016-08-04 20:05:01,563 INFO [org.junit.Test] zero0017
2016-08-04 20:05:01,563 INFO [org.junit.Test] zero0018
2016-08-04 20:05:01,563 INFO [org.junit.Test] zero0019
2016-08-04 20:05:01,563 INFO [org.junit.Test] zero0020
2016-08-04 20:05:01,563 INFO [org.junit.Test] zero0021
2016-08-04 20:05:01,563 INFO [org.junit.Test] zero0022
2016-08-04 20:05:01,563 INFO [org.junit.Test] zero0023
2016-08-04 20:05:01,563 INFO [org.junit.Test] zero0024
2016-08-04 20:05:01,563 INFO [org.junit.Test] zero0025
2016-08-04 20:05:01,563 INFO [org.junit.Test] zero0026
2016-08-04 20:05:01,563 INFO [org.junit.Test] zero0027
2016-08-04 20:05:01,563 INFO [org.junit.Test] zero0028
2016-08-04 20:05:01,563 INFO [org.junit.Test] zero0029
2016-08-04 20:05:01,563 INFO [org.junit.Test] zero0030
2016-08-04 20:05:01,563 INFO [org.junit.Test] zero0031
2016-08-04 20:05:01,563 INFO [org.junit.Test] zero0032
2016-08-04 20:05:01,563 INFO [org.junit.Test] zero0033
2016-08-04 20:05:01,563 INFO [org.junit.Test] zero0034
2016-08-04 20:05:01,563 INFO [org.junit.Test] zero0035
2016-08-04 20:05:01,563 INFO [org.junit.Test] zero0036
2016-08-04 20:05:01,563 INFO [org.junit.Test] zero0037
2016-08-04 20:05:01,563 INFO [org.junit.Test] zero0038
2016-08-04 20:05:01,563 INFO [org.junit.Test] zero0039
2016-08-04 20:05:01,563 INFO [org.junit.Test] zero0040
2016-08-04 20:05:01,563 INFO [org.junit.Test] zero0041
2016-08-04 20:05:01,563 INFO [org.junit.Test] zero0042
2016-08-04 20:05:01,563 INFO [org.junit.Test] zero0043
2016-08-04 20:05:01,563 INFO [org.junit.Test] zero0044
2016-08-04 20:05:01,563 INFO [org.junit.Test] zero0045
2016-08-04 20:05:01,563 INFO [org.junit.Test] zero0046
2016-08-04 20:05:01,563 INFO [org.junit.Test] zero0047
2016-08-04 20:05:01,563 INFO [org.junit.Test] zero0048
2016-08-04 20:05:01,563 INFO [org.junit.Test] zero0049
2016-08-04 20:05:01,563 INFO [org.junit.Test] zero0050
2016-08-04 20:05:01,563 INFO [org.junit.Test] zero0051
2016-08-04 20:05:01,563 INFO [org.junit.Test] zero0052
2016-08-04 20:05:01,563 INFO [org.junit.Test] zero0053
2016-08-04 20:05:01,563 INFO [org.junit.Test] zero0054
2016-08-04 20:05:01,563 INFO [org.junit.Test] zero0055
2016-08-04 20:05:01,563 INFO [org.junit.Test] zero0056
2016-08-04 20:05:01,563 INFO [org.junit.Test] zero0057
2016-08-04 20:05:01,563 INFO [org.junit.Test] zero0058
2016-08-04 20:05:01,563 INFO [org.junit.Test] zero0059
2016-08-04 20:05:01,563 INFO [org.junit.Test] zero0060
2016-08-04 20:05:01,563 INFO [org.junit.Test] zero0061
2016-08-04 20:05:01,563 INFO [org.junit.Test] zero0062
2016-08-04 20:05:01,563 INFO [org.junit.Test] zero0063
2016-08-04 20:05:01,563 INFO [org.junit.Test] zero0064
2016-08-04 20:05:01,563 INFO [org.junit.Test] zero0065
2016-08-04 20:05:01,563 INFO [org.junit.Test] zero0066
2016-08-04 20:05:01,563 INFO [org.junit.Test] zero0067
2016-08-04 20:05:01,563 INFO [org.junit.Test] zero0068
2016-08-04 20:05:01,563 INFO [org.junit.Test] zero0069
2016-08-04 20:05:01,563 INFO [org.junit.Test] zero0070
2016-08-04 20:05:01,563 INFO [org.junit.Test] zero0071
2016-08-04 20:05:01,563 INFO [org.junit.Test] zero0072
2016-08-04 20:05:01,563 INFO [org.junit.Test] zero0073
2016-08-04 20:05:01,563 INFO [org.junit.Test] zero0074
2016-08-04 20:05:01,563 INFO [org.junit.Test] zero0075
2016-08-04 20:05:01,563 INFO [org.junit.Test] zero0076
2016-08-04 20:05:01,563 INFO [org.junit.Test] zero0077
2016-08-04 20:05:01,563 INFO [org.junit.Test] zero0078
2016-08-04 20:05:01,563 INFO [org.junit.Test] zero0079
2016-08-04 20:05:01,563 INFO [org.junit.Test] zero0080
2016-08-04 20:05:01,563 INFO [org.junit.Test] zero0081
2016-08-04 20:05:01,563 INFO [org.junit.Test] zero0082
2016-08-04 20:05:01,563 INFO [org.junit.Test] zero0083
2016-08-04 20:05:01,563 INFO [org.junit.Test] zero0084
2016-08-04 20:05:01,563 INFO [org.junit.Test] zero0085
2016-08-04 20:05:01,563 INFO [org.junit.Test] zero0086
2016-08-04 20:05:01,563 INFO [org.junit.Test] zero0087
2016-08-04 20:05:01,563 INFO [org.junit.Test] zero0088
2016-08-04 20:05:01,563 INFO [org.junit.Test] zero0089
2016-08-04 20:05:01,563 INFO [org.junit.Test] zero0090
2016-08-04 20:05:01,563 INFO [org.junit.Test] zero0091
2016-08-04 20:05:01,563 INFO [org.junit.Test] zero0092
2016-08-04 20:05:01,563 INFO [org.junit.Test] zero0093
2016-08-04 20:05:01,563 INFO [org.junit.Test] zero0094
2016-08-04 20:05:01,563 INFO [org.junit.Test] zero0095
2016-08-04 20:05:01,563 INFO [org.junit.Test] zero0096
2016-08-04 20:05:01,563 INFO [org.junit.Test] zero0097
2016-08-04 20:05:01,563 INFO [org.junit.Test] zero0098
2016-08-04 20:05:01,563 INFO [org.junit.Test] zero0099
2016-08-04 20:05:01,563 INFO [org.junit.Test] zero00100
2016-08-04 20:05:01,563 INFO [org.junit.Test] zero00101
2016-08-04 20:05:01,563 INFO [org.junit.Test] zero00102
2016-08-04 20:05:01,563 INFO [org.junit.Test] zero00103
2016-08-04 20:05:01,563 INFO [org.junit.Test] zero00104
2016-08-04 20:05:01,563 INFO [org.junit.Test] zero00105
2016-08-04 20:05:01,563 INFO [org.junit.Test] zero00106
2016-08-04 20:05:01,563 INFO [org.junit.Test] zero00107
2016-08-04 20:05:01,563 INFO [org.junit.Test] zero00108
2016-08-04 20:05:01,563 INFO [org.junit.Test] zero00109
2016-08-04 20:05:01,563 INFO [org.junit.Test] zero00110
2016-08-04 20:05:01,563 INFO [org.junit.Test] zero00111
2016-08-04 20:05:01,563 INFO [org.junit.Test] zero00112
2016-08-04 20:05:01,563 INFO [org.junit.Test] zero00113
2016-08-04 20:05:01,563 INFO [org.junit.Test] zero00114
2016-08-04 20:05:01,563 INFO [org.junit.Test] zero00115
2016-08-04 20:05:01,563 INFO [org.junit.Test] zero00116
2016-08-04 20:05:01,563 INFO [org.junit.Test] zero00117
2016-08-04 20:05:01,563 INFO [org.junit.Test] zero00118
2016-08-04 20:05:01,563 INFO [org.junit.Test] zero00119
2016-08-04 20:05:01,563 INFO [org.junit.Test] zero00120
2016-08-04 20:05:01,563 INFO [org.junit.Test] zero00121
2016-08-04 20:05:01,563 INFO [org.junit.Test] zero00122
2016-08-04 20:05:01,563 INFO [org.junit.Test] zero00123
2016-08-04 20:05:01,563 INFO [org.junit.Test] zero00124
2016-08-04 20:05:01,563 INFO [org.junit.Test] zero00125
2016-08-04 20:05:01,563 INFO [org.junit.Test] zero00126
2016-08-04 20:05:01,563 INFO [org.junit.Test] zero00127
2016-08-04 20:05:01,563 INFO [org.junit.Test] zero00128
2016-08-04 20:05:01,563 INFO [org.junit.Test] zero00129
2016-08-04 20:05:01,563 INFO [org.junit.Test] zero00130
2016-08-04 20:05:01,563 INFO [org.junit.Test] zero00131
2016-08-04 20:05:01,563 INFO [org.junit.Test] zero00132
2016-08-04 20:05:01,563 INFO [org.junit.Test] zero00133
2016-08-04 20:05:01,563 INFO [org.junit.Test] zero00134
2016-08-04 20:05:01,563 INFO [org.junit.Test] zero00135
2016-08-04 20:05:01,563 INFO [org.junit.Test] zero00136
2016-08-04 20:05:01,563 INFO [org.junit.Test] zero00137
2016-08-04 20:05:01,563 INFO [org.junit.Test] zero00138
2016-08-04 20:05:01,563 INFO [org.junit.Test] zero00139
2016-08-04 20:05:01,563 INFO [org.junit.Test] zero00140
2016-08-04 20:05:01,563 INFO [org.junit.Test] zero00141
2016-08-04 20:05:01,563 INFO [org.junit.Test] zero00142
2016-08-04 20:05:01,563 INFO [org.junit.Test] zero00143
2016-08-04 20:05:01,563 INFO [org.junit.Test] zero00144
2016-08-04 20:05:01,563 INFO [org.junit.Test] zero00145
2016-08-04 20:05:01,563 INFO [org.junit.Test] zero00146
2016-08-04 20:05:01,563 INFO [org.junit.Test] zero00147
2016-08-04 20:05:01,563 INFO [org.junit.Test] zero00148
2016-08-04 20:05:01,563 INFO [org.junit.Test] zero00149
2016-08-04 20:05:01,563 INFO [org.junit.Test] zero00150
2016-08-04 20:05:01,563 INFO [org.junit.Test] zero00151
2016-08-04 20:05:01,563 INFO [org.junit.Test] zero00152
2016-08-04 20:05:01,563 INFO [org.junit.Test] zero00153
2016-08-04 20:05:01,564 INFO [org.junit.Test] zero00154
2016-08-04 20:05:01,564 INFO [org.junit.Test] zero00155
2016-08-04 20:05:01,564 INFO [org.junit.Test] zero00156
2016-08-04 20:05:01,564 INFO [org.junit.Test] zero00157
2016-08-04 20:05:01,564 INFO [org.junit.Test] zero00158
2016-08-04 20:05:01,564 INFO [org.junit.Test] zero00159
2016-08-04 20:05:01,564 INFO [org.junit.Test] zero00160
2016-08-04 20:05:01,564 INFO [org.junit.Test] zero00161
2016-08-04 20:05:01,564 INFO [org.junit.Test] zero00162
2016-08-04 20:05:01,564 INFO [org.junit.Test] zero00163
2016-08-04 20:05:01,564 INFO [org.junit.Test] zero00164
2016-08-04 20:05:01,564 INFO [org.junit.Test] zero00165
2016-08-04 20:05:01,564 INFO [org.junit.Test] zero00166
2016-08-04 20:05:01,564 INFO [org.junit.Test] zero00167
2016-08-04 20:05:01,564 INFO [org.junit.Test] zero00168
2016-08-04 20:05:01,564 INFO [org.junit.Test] zero00169
2016-08-04 20:05:01,564 INFO [org.junit.Test] zero00170
2016-08-04 20:05:01,564 INFO [org.junit.Test] zero00171
2016-08-04 20:05:01,564 INFO [org.junit.Test] zero00172
2016-08-04 20:05:01,564 INFO [org.junit.Test] zero00173
2016-08-04 20:05:01,564 INFO [org.junit.Test] zero00174
2016-08-04 20:05:01,564 INFO [org.junit.Test] zero00175
2016-08-04 20:05:01,564 INFO [org.junit.Test] zero00176
2016-08-04 20:05:01,564 INFO [org.junit.Test] zero00177
2016-08-04 20:05:01,564 INFO [org.junit.Test] zero00178
2016-08-04 20:05:01,564 INFO [org.junit.Test] zero00179
2016-08-04 20:05:01,564 INFO [org.junit.Test] zero00180
2016-08-04 20:05:01,564 INFO [org.junit.Test] zero00181
2016-08-04 20:05:01,564 INFO [org.junit.Test] zero00182
2016-08-04 20:05:01,564 INFO [org.junit.Test] zero00183
2016-08-04 20:05:01,564 INFO [org.junit.Test] zero00184
2016-08-04 20:05:01,564 INFO [org.junit.Test] zero00185
2016-08-04 20:05:01,564 INFO [org.junit.Test] zero00186
2016-08-04 20:05:01,564 INFO [org.junit.Test] zero00187
2016-08-04 20:05:01,564 INFO [org.junit.Test] zero00188
2016-08-04 20:05:01,564 INFO [org.junit.Test] zero00189
2016-08-04 20:05:01,564 INFO [org.junit.Test] zero00190
2016-08-04 20:05:01,564 INFO [org.junit.Test] zero00191
2016-08-04 20:05:01,564 INFO [org.junit.Test] zero00192
2016-08-04 20:05:01,564 INFO [org.junit.Test] zero00193
2016-08-04 20:05:01,564 INFO [org.junit.Test] zero00194
2016-08-04 20:05:01,564 INFO [org.junit.Test] zero00195
2016-08-04 20:05:01,564 INFO [org.junit.Test] zero00196
2016-08-04 20:05:01,564 INFO [org.junit.Test] zero00197
2016-08-04 20:05:01,564 INFO [org.junit.Test] zero00198
2016-08-04 20:05:01,564 INFO [org.junit.Test] zero00199
2016-08-04 20:05:01,564 INFO [org.junit.Test] zero00200
2016-08-04 20:05:01,564 INFO [org.junit.Test] zero00201
2016-08-04 20:05:01,564 INFO [org.junit.Test] zero00202
2016-08-04 20:05:01,564 INFO [org.junit.Test] zero00203
2016-08-04 20:05:01,564 INFO [org.junit.Test] zero00204
2016-08-04 20:05:01,564 INFO [org.junit.Test] zero00205
2016-08-04 20:05:01,564 INFO [org.junit.Test] zero00206
2016-08-04 20:05:01,564 INFO [org.junit.Test] zero00207
2016-08-04 20:05:01,564 INFO [org.junit.Test] zero00208
2016-08-04 20:05:01,564 INFO [org.junit.Test] zero00209
2016-08-04 20:05:01,564 INFO [org.junit.Test] zero00210
2016-08-04 20:05:01,564 INFO [org.junit.Test] zero00211
2016-08-04 20:05:01,564 INFO [org.junit.Test] zero00212
2016-08-04 20:05:01,564 INFO [org.junit.Test] zero00213
2016-08-04 20:05:01,564 INFO [org.junit.Test] zero00214
2016-08-04 20:05:01,564 INFO [org.junit.Test] zero00215
2016-08-04 20:05:01,564 INFO [org.junit.Test] zero00216
2016-08-04 20:05:01,564 INFO [org.junit.Test] zero00217
2016-08-04 20:05:01,564 INFO [org.junit.Test] zero00218
2016-08-04 20:05:01,564 INFO [org.junit.Test] zero00219
2016-08-04 20:05:01,564 INFO [org.junit.Test] zero00220
2016-08-04 20:05:01,564 INFO [org.junit.Test] zero00221
2016-08-04 20:05:01,564 INFO [org.junit.Test] zero00222
2016-08-04 20:05:01,564 INFO [org.junit.Test] zero00223
2016-08-04 20:05:01,564 INFO [org.junit.Test] zero00224
2016-08-04 20:05:01,564 INFO [org.junit.Test] zero00225
2016-08-04 20:05:01,564 INFO [org.junit.Test] zero00226
2016-08-04 20:05:01,564 INFO [org.junit.Test] zero00227
2016-08-04 20:05:01,564 INFO [org.junit.Test] zero00228
2016-08-04 20:05:01,564 INFO [org.junit.Test] zero00229
2016-08-04 20:05:01,564 INFO [org.junit.Test] zero00230
2016-08-04 20:05:01,564 INFO [org.junit.Test] zero00231
2016-08-04 20:05:01,564 INFO [org.junit.Test] zero00232
2016-08-04 20:05:01,564 INFO [org.junit.Test] zero00233
2016-08-04 20:05:01,564 INFO [org.junit.Test] zero00234
2016-08-04 20:05:01,564 INFO [org.junit.Test] zero00235
2016-08-04 20:05:01,564 INFO [org.junit.Test] zero00236
2016-08-04 20:05:01,564 INFO [org.junit.Test] zero00237
2016-08-04 20:05:01,564 INFO [org.junit.Test] zero00238
2016-08-04 20:05:01,564 INFO [org.junit.Test] zero00239
2016-08-04 20:05:01,564 INFO [org.junit.Test] zero00240
2016-08-04 20:05:01,564 INFO [org.junit.Test] zero00241
2016-08-04 20:05:01,564 INFO [org.junit.Test] zero00242
2016-08-04 20:05:01,564 INFO [org.junit.Test] zero00243
2016-08-04 20:05:01,564 INFO [org.junit.Test] zero00244
2016-08-04 20:05:01,564 INFO [org.junit.Test] zero00245
2016-08-04 20:05:01,564 INFO [org.junit.Test] zero00246
2016-08-04 20:05:01,564 INFO [org.junit.Test] zero00247
2016-08-04 20:05:01,564 INFO [org.junit.Test] zero00248
2016-08-04 20:05:01,564 INFO [org.junit.Test] zero00249
2016-08-04 20:05:01,564 INFO [org.junit.Test] zero00250
2016-08-04 20:05:01,564 INFO [org.junit.Test] zero00251
2016-08-04 20:05:01,564 INFO [org.junit.Test] zero00252
2016-08-04 20:05:01,564 INFO [org.junit.Test] zero00253
2016-08-04 20:05:01,564 INFO [org.junit.Test] zero00254
2016-08-04 20:05:01,564 INFO [org.junit.Test] zero00255
2016-08-04 20:05:01,564 INFO [org.junit.Test] zero00256
2016-08-04 20:05:01,564 INFO [org.junit.Test] zero00257
2016-08-04 20:05:01,564 INFO [org.junit.Test] zero00258
2016-08-04 20:05:01,564 INFO [org.junit.Test] zero00259
2016-08-04 20:05:01,564 INFO [org.junit.Test] zero00260
2016-08-04 20:05:01,564 INFO [org.junit.Test] zero00261
2016-08-04 20:05:01,564 INFO [org.junit.Test] zero00262
2016-08-04 20:05:01,564 INFO [org.junit.Test] zero00263
2016-08-04 20:05:01,564 INFO [org.junit.Test] zero00264
2016-08-04 20:05:01,564 INFO [org.junit.Test] zero00265
2016-08-04 20:05:01,564 INFO [org.junit.Test] zero00266
2016-08-04 20:05:01,564 INFO [org.junit.Test] zero00267
2016-08-04 20:05:01,564 INFO [org.junit.Test] zero00268
2016-08-04 20:05:01,564 INFO [org.junit.Test] zero00269
2016-08-04 20:05:01,564 INFO [org.junit.Test] zero00270
2016-08-04 20:05:01,564 INFO [org.junit.Test] zero00271
2016-08-04 20:05:01,564 INFO [org.junit.Test] zero00272
2016-08-04 20:05:01,564 INFO [org.junit.Test] zero00273
2016-08-04 20:05:01,564 INFO [org.junit.Test] zero00274
2016-08-04 20:05:01,564 INFO [org.junit.Test] zero00275
2016-08-04 20:05:01,564 INFO [org.junit.Test] zero00276
2016-08-04 20:05:01,564 INFO [org.junit.Test] zero00277
2016-08-04 20:05:01,564 INFO [org.junit.Test] zero00278
2016-08-04 20:05:01,564 INFO [org.junit.Test] zero00279
2016-08-04 20:05:01,564 INFO [org.junit.Test] zero00280
2016-08-04 20:05:01,564 INFO [org.junit.Test] zero00281
2016-08-04 20:05:01,564 INFO [org.junit.Test] zero00282
2016-08-04 20:05:01,564 INFO [org.junit.Test] zero00283
2016-08-04 20:05:01,564 INFO [org.junit.Test] zero00284
2016-08-04 20:05:01,564 INFO [org.junit.Test] zero00285
2016-08-04 20:05:01,564 INFO [org.junit.Test] zero00286
2016-08-04 20:05:01,564 INFO [org.junit.Test] zero00287
2016-08-04 20:05:01,564 INFO [org.junit.Test] zero00288
2016-08-04 20:05:01,564 INFO [org.junit.Test] zero00289
2016-08-04 20:05:01,564 INFO [org.junit.Test] zero00290
2016-08-04 20:05:01,564 INFO [org.junit.Test] zero00291
2016-08-04 20:05:01,564 INFO [org.junit.Test] zero00292
2016-08-04 20:05:01,564 INFO [org.junit.Test] zero00293
2016-08-04 20:05:01,564 INFO [org.junit.Test] zero00294
2016-08-04 20:05:01,564 INFO [org.junit.Test] zero00295
2016-08-04 20:05:01,564 INFO [org.junit.Test] zero00296
2016-08-04 20:05:01,564 INFO [org.junit.Test] zero00297
2016-08-04 20:05:01,564 INFO [org.junit.Test] zero00298
2016-08-04 20:05:01,564 INFO [org.junit.Test] zero00299
2016-08-04 20:05:01,564 INFO [org.junit.Test] zero00300
2016-08-04 20:05:01,564 INFO [org.junit.Test] zero00301
2016-08-04 20:05:01,564 INFO [org.junit.Test] zero00302
2016-08-04 20:05:01,564 INFO [org.junit.Test] zero00303
2016-08-04 20:05:01,564 INFO [org.junit.Test] zero00304
2016-08-04 20:05:01,564 INFO [org.junit.Test] zero00305
2016-08-04 20:05:01,564 INFO [org.junit.Test] zero00306
2016-08-04 20:05:01,564 INFO [org.junit.Test] zero00307
2016-08-04 20:05:01,564 INFO [org.junit.Test] zero00308
2016-08-04 20:05:01,564 INFO [org.junit.Test] zero00309
2016-08-04 20:05:01,564 INFO [org.junit.Test] zero00310
2016-08-04 20:05:01,564 INFO [org.junit.Test] zero00311
2016-08-04 20:05:01,564 INFO [org.junit.Test] zero00312
2016-08-04 20:05:01,564 INFO [org.junit.Test] zero00313
2016-08-04 20:05:01,564 INFO [org.junit.Test] zero00314
2016-08-04 20:05:01,564 INFO [org.junit.Test] zero00315
2016-08-04 20:05:01,564 INFO [org.junit.Test] zero00316
2016-08-04 20:05:01,564 INFO [org.junit.Test] zero00317
2016-08-04 20:05:01,564 INFO [org.junit.Test] zero00318
2016-08-04 20:05:01,564 INFO [org.junit.Test] zero00319
2016-08-04 20:05:01,564 INFO [org.junit.Test] zero00320
2016-08-04 20:05:01,564 INFO [org.junit.Test] zero00321
2016-08-04 20:05:01,564 INFO [org.junit.Test] zero00322
2016-08-04 20:05:01,564 INFO [org.junit.Test] zero00323
2016-08-04 20:05:01,564 INFO [org.junit.Test] zero00324
2016-08-04 20:05:01,564 INFO [org.junit.Test] zero00325
2016-08-04 20:05:01,564 INFO [org.junit.Test] zero00326
2016-08-04 20:05:01,564 INFO [org.junit.Test] zero00327
2016-08-04 20:05:01,564 INFO [org.junit.Test] zero00328
2016-08-04 20:05:01,564 INFO [org.junit.Test] zero00329
2016-08-04 20:05:01,564 INFO [org.junit.Test] zero00330
2016-08-04 20:05:01,564 INFO [org.junit.Test] zero00331
2016-08-04 20:05:01,564 INFO [org.junit.Test] zero00332
2016-08-04 20:05:01,564 INFO [org.junit.Test] zero00333
2016-08-04 20:05:01,564 INFO [org.junit.Test] zero00334
2016-08-04 20:05:01,564 INFO [org.junit.Test] zero00335
2016-08-04 20:05:01,564 INFO [org.junit.Test] zero00336
2016-08-04 20:05:01,564 INFO [org.junit.Test] zero00337
2016-08-04 20:05:01,564 INFO [org.junit.Test] zero00338
2016-08-04 20:05:01,564 INFO [org.junit.Test] zero00339
2016-08-04 20:05:01,564 INFO [org.junit.Test] zero00340
2016-08-04 20:05:01,564 INFO [org.junit.Test] zero00341
2016-08-04 20:05:01,564 INFO [org.junit.Test] zero00342
2016-08-04 20:05:01,564 INFO [org.junit.Test] zero00343
2016-08-04 20:05:01,564 INFO [org.junit.Test] zero00344
2016-08-04 20:05:01,564 INFO [org.junit.Test] zero00345
2016-08-04 20:05:01,564 INFO [org.junit.Test] zero00346
2016-08-04 20:05:01,564 INFO [org.junit.Test] zero00347
2016-08-04 20:05:01,564 INFO [org.junit.Test] zero00348
2016-08-04 20:05:01,564 INFO [org.junit.Test] zero00349
2016-08-04 20:05:01,564 INFO [org.junit.Test] zero00350
2016-08-04 20:05:01,564 INFO [org.junit.Test] zero00351
2016-08-04 20:05:01,564 INFO [org.junit.Test] zero00352
2016-08-04 20:05:01,564 INFO [org.junit.Test] zero00353
2016-08-04 20:05:01,564 INFO [org.junit.Test] zero00354
2016-08-04 20:05:01,564 INFO [org.junit.Test] zero00355
2016-08-04 20:05:01,564 INFO [org.junit.Test] zero00356
2016-08-04 20:05:01,564 INFO [org.junit.Test] zero00357
2016-08-04 20:05:01,564 INFO [org.junit.Test] zero00358
2016-08-04 20:05:01,564 INFO [org.junit.Test] zero00359
2016-08-04 20:05:01,564 INFO [org.junit.Test] zero00360
2016-08-04 20:05:01,564 INFO [org.junit.Test] zero00361
2016-08-04 20:05:01,564 INFO [org.junit.Test] zero00362
2016-08-04 20:05:01,564 INFO [org.junit.Test] zero00363
2016-08-04 20:05:01,564 INFO [org.junit.Test] zero00364
2016-08-04 20:05:01,564 INFO [org.junit.Test] zero00365
2016-08-04 20:05:01,564 INFO [org.junit.Test] zero00366
2016-08-04 20:05:01,564 INFO [org.junit.Test] zero00367
2016-08-04 20:05:01,564 INFO [org.junit.Test] zero00368
2016-08-04 20:05:01,564 INFO [org.junit.Test] zero00369
2016-08-04 20:05:01,564 INFO [org.junit.Test] zero00370
2016-08-04 20:05:01,564 INFO [org.junit.Test] zero00371
2016-08-04 20:05:01,564 INFO [org.junit.Test] zero00372
2016-08-04 20:05:01,564 INFO [org.junit.Test] zero00373
2016-08-04 20:05:01,564 INFO [org.junit.Test] zero00374
2016-08-04 20:05:01,564 INFO [org.junit.Test] zero00375
2016-08-04 20:05:01,564 INFO [org.junit.Test] zero00376
2016-08-04 20:05:01,564 INFO [org.junit.Test] zero00377
2016-08-04 20:05:01,564 INFO [org.junit.Test] zero00378
2016-08-04 20:05:01,564 INFO [org.junit.Test] zero00379
2016-08-04 20:05:01,564 INFO [org.junit.Test] zero00380
2016-08-04 20:05:01,564 INFO [org.junit.Test] zero00381
2016-08-04 20:05:01,564 INFO [org.junit.Test] zero00382
2016-08-04 20:05:01,564 INFO [org.junit.Test] zero00383
2016-08-04 20:05:01,564 INFO [org.junit.Test] zero00384
2016-08-04 20:05:01,564 INFO [org.junit.Test] zero00385
2016-08-04 20:05:01,564 INFO [org.junit.Test] zero00386
2016-08-04 20:05:01,564 INFO [org.junit.Test] zero00387
2016-08-04 20:05:01,564 INFO [org.junit.Test] zero00388
2016-08-04 20:05:01,564 INFO [org.junit.Test] zero00389
2016-08-04 20:05:01,564 INFO [org.junit.Test] zero00390
2016-08-04 20:05:01,564 INFO [org.junit.Test] zero00391
2016-08-04 20:05:01,564 INFO [org.junit.Test] zero00392
2016-08-04 20:05:01,564 INFO [org.junit.Test] zero00393
2016-08-04 20:05:01,564 INFO [org.junit.Test] zero00394
2016-08-04 20:05:01,564 INFO [org.junit.Test] zero00395
2016-08-04 20:05:01,564 INFO [org.junit.Test] zero00396
2016-08-04 20:05:01,564 INFO [org.junit.Test] zero00397
2016-08-04 20:05:01,564 INFO [org.junit.Test] zero00398
2016-08-04 20:05:01,564 INFO [org.junit.Test] zero00399
2016-08-04 20:05:01,564 INFO [org.junit.Test] zero00400
2016-08-04 20:05:01,564 INFO [org.junit.Test] zero00401
2016-08-04 20:05:01,564 INFO [org.junit.Test] zero00402
2016-08-04 20:05:01,564 INFO [org.junit.Test] zero00403
2016-08-04 20:05:01,564 INFO [org.junit.Test] zero00404
2016-08-04 20:05:01,564 INFO [org.junit.Test] zero00405
2016-08-04 20:05:01,564 INFO [org.junit.Test] zero00406
2016-08-04 20:05:01,564 INFO [org.junit.Test] zero00407
2016-08-04 20:05:01,564 INFO [org.junit.Test] zero00408
2016-08-04 20:05:01,564 INFO [org.junit.Test] zero00409
2016-08-04 20:05:01,564 INFO [org.junit.Test] zero00410
2016-08-04 20:05:01,564 INFO [org.junit.Test] zero00411
2016-08-04 20:05:01,564 INFO [org.junit.Test] zero00412
2016-08-04 20:05:01,564 INFO [org.junit.Test] zero00413
2016-08-04 20:05:01,564 INFO [org.junit.Test] zero00414
2016-08-04 20:05:01,564 INFO [org.junit.Test] zero00415
2016-08-04 20:05:01,564 INFO [org.junit.Test] zero00416
2016-08-04 20:05:01,564 INFO [org.junit.Test] zero00417
2016-08-04 20:05:01,564 INFO [org.junit.Test] zero00418
2016-08-04 20:05:01,564 INFO [org.junit.Test] zero00419
2016-08-04 20:05:01,564 INFO [org.junit.Test] zero00420
2016-08-04 20:05:01,564 INFO [org.junit.Test] zero00421
2016-08-04 20:05:01,564 INFO [org.junit.Test] zero00422
2016-08-04 20:05:01,564 INFO [org.junit.Test] zero00423
2016-08-04 20:05:01,564 INFO [org.junit.Test] zero00424
2016-08-04 20:05:01,564 INFO [org.junit.Test] zero00425
2016-08-04 20:05:01,564 INFO [org.junit.Test] zero00426
2016-08-04 20:05:01,564 INFO [org.junit.Test] zero00427
2016-08-04 20:05:01,564 INFO [org.junit.Test] zero00428
2016-08-04 20:05:01,564 INFO [org.junit.Test] zero00429
2016-08-04 20:05:01,564 INFO [org.junit.Test] zero00430
2016-08-04 20:05:01,564 INFO [org.junit.Test] zero00431
2016-08-04 20:05:01,564 INFO [org.junit.Test] zero00432
2016-08-04 20:05:01,564 INFO [org.junit.Test] zero00433
2016-08-04 20:05:01,564 INFO [org.junit.Test] zero00434
2016-08-04 20:05:01,564 INFO [org.junit.Test] zero00435
2016-08-04 20:05:01,564 INFO [org.junit.Test] zero00436
2016-08-04 20:05:01,564 INFO [org.junit.Test] zero00437
2016-08-04 20:05:01,564 INFO [org.junit.Test] zero00438
2016-08-04 20:05:01,564 INFO [org.junit.Test] zero00439
2016-08-04 20:05:01,564 INFO [org.junit.Test] zero00440
2016-08-04 20:05:01,564 INFO [org.junit.Test] zero00441
2016-08-04 20:05:01,564 INFO [org.junit.Test] zero00442
2016-08-04 20:05:01,564 INFO [org.junit.Test] zero00443
2016-08-04 20:05:01,564 INFO [org.junit.Test] zero00444
2016-08-04 20:05:01,564 INFO [org.junit.Test] zero00445
2016-08-04 20:05:01,564 INFO [org.junit.Test] zero00446
2016-08-04 20:05:01,564 INFO [org.junit.Test] zero00447
2016-08-04 20:05:01,564 INFO [org.junit.Test] zero00448
2016-08-04 20:05:01,564 INFO [org.junit.Test] zero00449
2016-08-04 20:05:01,564 INFO [org.junit.Test] zero00450
2016-08-04 20:05:01,564 INFO [org.junit.Test] zero00451
2016-08-04 20:05:01,564 INFO [org.junit.Test] zero00452
2016-08-04 20:05:01,564 INFO [org.junit.Test] zero00453
2016-08-04 20:05:01,564 INFO [org.junit.Test] zero00454
2016-08-04 20:05:01,564 INFO [org.junit.Test] zero00455
2016-08-04 20:05:01,564 INFO [org.junit.Test] zero00456
2016-08-04 20:05:01,564 INFO [org.junit.Test] zero00457
2016-08-04 20:05:01,564 INFO [org.junit.Test] zero00458
2016-08-04 20:05:01,564 INFO [org.junit.Test] zero00459
2016-08-04 20:05:01,564 INFO [org.junit.Test] zero00460
2016-08-04 20:05:01,564 INFO [org.junit.Test] zero00461
2016-08-04 20:05:01,564 INFO [org.junit.Test] zero00462
2016-08-04 20:05:01,564 INFO [org.junit.Test] zero00463
2016-08-04 20:05:01,564 INFO [org.junit.Test] zero00464
2016-08-04 20:05:01,564 INFO [org.junit.Test] zero00465
2016-08-04 20:05:01,564 INFO [org.junit.Test] zero00466
2016-08-04 20:05:01,564 INFO [org.junit.Test] zero00467
2016-08-04 20:05:01,564 INFO [org.junit.Test] zero00468
2016-08-04 20:05:01,564 INFO [org.junit.Test] zero00469
2016-08-04 20:05:01,564 INFO [org.junit.Test] zero00470
2016-08-04 20:05:01,564 INFO [org.junit.Test] zero00471
2016-08-04 20:05:01,564 INFO [org.junit.Test] zero00472
2016-08-04 20:05:01,564 INFO [org.junit.Test] zero00473
2016-08-04 20:05:01,564 INFO [org.junit.Test] zero00474
2016-08-04 20:05:01,564 INFO [org.junit.Test] zero00475
2016-08-04 20:05:01,564 INFO [org.junit.Test] zero00476
2016-08-04 20:05:01,564 INFO [org.junit.Test] zero00477
2016-08-04 20:05:01,564 INFO [org.junit.Test] zero00478
2016-08-04 20:05:01,564 INFO [org.junit.Test] zero00479
2016-08-04 20:05:01,564 INFO [org.junit.Test] zero00480
2016-08-04 20:05:01,564 INFO [org.junit.Test] zero00481
2016-08-04 20:05:01,564 INFO [org.junit.Test] zero00482
2016-08-04 20:05:01,564 INFO [org.junit.Test] zero00483
2016-08-04 20:05:01,564 INFO [org.junit.Test] zero00484
2016-08-04 20:05:01,564 INFO [org.junit.Test] zero00485
2016-08-04 20:05:01,564 INFO [org.junit.Test] zero00486
2016-08-04 20:05:01,564 INFO [org.junit.Test] zero00487
2016-08-04 20:05:01,564 INFO [org.junit.Test] zero00488
2016-08-04 20:05:01,564 INFO [org.junit.Test] zero00489
2016-08-04 20:05:01,564 INFO [org.junit.Test] zero00490
2016-08-04 20:05:01,564 INFO [org.junit.Test] zero00491
2016-08-04 20:05:01,564 INFO [org.junit.Test] zero00492
2016-08-04 20:05:01,564 INFO [org.junit.Test] zero00493
2016-08-04 20:05:01,564 INFO [org.junit.Test] zero00494
2016-08-04 20:05:01,564 INFO [org.junit.Test] zero00495
2016-08-04 20:05:01,564 INFO [org.junit.Test] zero00496
2016-08-04 20:05:01,564 INFO [org.junit.Test] zero00497
2016-08-04 20:05:01,564 INFO [org.junit.Test] zero00498
2016-08-04 20:05:01,564 INFO [org.junit.Test] zero00499
2016-08-04 20:05:01,565 INFO [org.junit.Test] zero00500
2016-08-04 20:05:01,565 INFO [org.junit.Test] zero00501
2016-08-04 20:05:01,565 INFO [org.junit.Test] zero00502
2016-08-04 20:05:01,565 INFO [org.junit.Test] zero00503
2016-08-04 20:05:01,565 INFO [org.junit.Test] zero00504
2016-08-04 20:05:01,565 INFO [org.junit.Test] zero00505
2016-08-04 20:05:01,565 INFO [org.junit.Test] zero00506
2016-08-04 20:05:01,565 INFO [org.junit.Test] zero00507
2016-08-04 20:05:01,565 INFO [org.junit.Test] zero00508
2016-08-04 20:05:01,565 INFO [org.junit.Test] zero00509
2016-08-04 20:05:01,565 INFO [org.junit.Test] zero00510
2016-08-04 20:05:01,565 INFO [org.junit.Test] zero00511
2016-08-04 20:05:01,565 INFO [org.junit.Test] zero00512
2016-08-04 20:05:01,565 INFO [org.junit.Test] zero00513
2016-08-04 20:05:01,565 INFO [org.junit.Test] zero00514
2016-08-04 20:05:01,565 INFO [org.junit.Test] zero00515
2016-08-04 20:05:01,565 INFO [org.junit.Test] zero00516
2016-08-04 20:05:01,565 INFO [org.junit.Test] zero00517
2016-08-04 20:05:01,565 INFO [org.junit.Test] zero00518
2016-08-04 20:05:01,565 INFO [org.junit.Test] zero00519
2016-08-04 20:05:01,565 INFO [org.junit.Test] zero00520
2016-08-04 20:05:01,565 INFO [org.junit.Test] zero00521
2016-08-04 20:05:01,565 INFO [org.junit.Test] zero00522
2016-08-04 20:05:01,565 INFO [org.junit.Test] zero00523
2016-08-04 20:05:01,565 INFO [org.junit.Test] zero00524
2016-08-04 20:05:01,565 INFO [org.junit.Test] zero00525
2016-08-04 20:05:01,565 INFO [org.junit.Test] zero00526
2016-08-04 20:05:01,565 INFO [org.junit.Test] zero00527
2016-08-04 20:05:01,565 INFO [org.junit.Test] zero00528
2016-08-04 20:05:01,565 INFO [org.junit.Test] zero00529
2016-08-04 20:05:01,565 INFO [org.junit.Test] zero00530
2016-08-04 20:05:01,565 INFO [org.junit.Test] zero00531
2016-08-04 20:05:01,565 INFO [org.junit.Test] zero00532
2016-08-04 20:05:01,565 INFO [org.junit.Test] zero00533
2016-08-04 20:05:01,565 INFO [org.junit.Test] zero00534
2016-08-04 20:05:01,565 INFO [org.junit.Test] zero00535
2016-08-04 20:05:01,565 INFO [org.junit.Test] zero00536
2016-08-04 20:05:01,565 INFO [org.junit.Test] zero00537
2016-08-04 20:05:01,565 INFO [org.junit.Test] zero00538
2016-08-04 20:05:01,565 INFO [org.junit.Test] zero00539
2016-08-04 20:05:01,565 INFO [org.junit.Test] zero00540
2016-08-04 20:05:01,565 INFO [org.junit.Test] zero00541
2016-08-04 20:05:01,565 INFO [org.junit.Test] zero00542
2016-08-04 20:05:01,565 INFO [org.junit.Test] zero00543
2016-08-04 20:05:01,565 INFO [org.junit.Test] zero00544
2016-08-04 20:05:01,565 INFO [org.junit.Test] zero00545
2016-08-04 20:05:01,565 INFO [org.junit.Test] zero00546
2016-08-04 20:05:01,565 INFO [org.junit.Test] zero00547
2016-08-04 20:05:01,565 INFO [org.junit.Test] zero00548
2016-08-04 20:05:01,565 INFO [org.junit.Test] zero00549
2016-08-04 20:05:01,565 INFO [org.junit.Test] zero00550
2016-08-04 20:05:01,565 INFO [org.junit.Test] zero00551
2016-08-04 20:05:01,565 INFO [org.junit.Test] zero00552
2016-08-04 20:05:01,565 INFO [org.junit.Test] zero00553
2016-08-04 20:05:01,565 INFO [org.junit.Test] zero00554
2016-08-04 20:05:01,565 INFO [org.junit.Test] zero00555
2016-08-04 20:05:01,565 INFO [org.junit.Test] zero00556
2016-08-04 20:05:01,565 INFO [org.junit.Test] zero00557
2016-08-04 20:05:01,565 INFO [org.junit.Test] zero00558
2016-08-04 20:05:01,565 INFO [org.junit.Test] zero00559
2016-08-04 20:05:01,565 INFO [org.junit.Test] zero00560
2016-08-04 20:05:01,565 INFO [org.junit.Test] zero00561
2016-08-04 20:05:01,565 INFO [org.junit.Test] zero00562
2016-08-04 20:05:01,565 INFO [org.junit.Test] zero00563
2016-08-04 20:05:01,565 INFO [org.junit.Test] zero00564
2016-08-04 20:05:01,565 INFO [org.junit.Test] zero00565
2016-08-04 20:05:01,565 INFO [org.junit.Test] zero00566
2016-08-04 20:05:01,565 INFO [org.junit.Test] zero00567
2016-08-04 20:05:01,565 INFO [org.junit.Test] zero00568
2016-08-04 20:05:01,565 INFO [org.junit.Test] zero00569
2016-08-04 20:05:01,565 INFO [org.junit.Test] zero00570
2016-08-04 20:05:01,565 INFO [org.junit.Test] zero00571
2016-08-04 20:05:01,565 INFO [org.junit.Test] zero00572
2016-08-04 20:05:01,565 INFO [org.junit.Test] zero00573
2016-08-04 20:05:01,565 INFO [org.junit.Test] zero00574
2016-08-04 20:05:01,565 INFO [org.junit.Test] zero00575
2016-08-04 20:05:01,565 INFO [org.junit.Test] zero00576
2016-08-04 20:05:01,565 INFO [org.junit.Test] zero00577
2016-08-04 20:05:01,565 INFO [org.junit.Test] zero00578
2016-08-04 20:05:01,565 INFO [org.junit.Test] zero00579
2016-08-04 20:05:01,565 INFO [org.junit.Test] zero00580
2016-08-04 20:05:01,565 INFO [org.junit.Test] zero00581
2016-08-04 20:05:01,565 INFO [org.junit.Test] zero00582
2016-08-04 20:05:01,565 INFO [org.junit.Test] zero00583
2016-08-04 20:05:01,565 INFO [org.junit.Test] zero00584
2016-08-04 20:05:01,565 INFO [org.junit.Test] zero00585
2016-08-04 20:05:01,565 INFO [org.junit.Test] zero00586
2016-08-04 20:05:01,565 INFO [org.junit.Test] zero00587
2016-08-04 20:05:01,565 INFO [org.junit.Test] zero00588
2016-08-04 20:05:01,565 INFO [org.junit.Test] zero00589
2016-08-04 20:05:01,565 INFO [org.junit.Test] zero00590
2016-08-04 20:05:01,565 INFO [org.junit.Test] zero00591
2016-08-04 20:05:01,565 INFO [org.junit.Test] zero00592
2016-08-04 20:05:01,565 INFO [org.junit.Test] zero00593
2016-08-04 20:05:01,565 INFO [org.junit.Test] zero00594
2016-08-04 20:05:01,565 INFO [org.junit.Test] zero00595
2016-08-04 20:05:01,565 INFO [org.junit.Test] zero00596
2016-08-04 20:05:01,565 INFO [org.junit.Test] zero00597
2016-08-04 20:05:01,565 INFO [org.junit.Test] zero00598
2016-08-04 20:05:01,565 INFO [org.junit.Test] zero00599
2016-08-04 20:05:01,565 INFO [org.junit.Test] zero00600
2016-08-04 20:05:01,565 INFO [org.junit.Test] zero00601
2016-08-04 20:05:01,565 INFO [org.junit.Test] zero00602
2016-08-04 20:05:01,565 INFO [org.junit.Test] zero00603
2016-08-04 20:05:01,565 INFO [org.junit.Test] zero00604
2016-08-04 20:05:01,565 INFO [org.junit.Test] zero00605
2016-08-04 20:05:01,565 INFO [org.junit.Test] zero00606
2016-08-04 20:05:01,565 INFO [org.junit.Test] zero00607
2016-08-04 20:05:01,565 INFO [org.junit.Test] zero00608
2016-08-04 20:05:01,565 INFO [org.junit.Test] zero00609
2016-08-04 20:05:01,565 INFO [org.junit.Test] zero00610
2016-08-04 20:05:01,565 INFO [org.junit.Test] zero00611
2016-08-04 20:05:01,565 INFO [org.junit.Test] zero00612
2016-08-04 20:05:01,565 INFO [org.junit.Test] zero00613
2016-08-04 20:05:01,565 INFO [org.junit.Test] zero00614
2016-08-04 20:05:01,565 INFO [org.junit.Test] zero00615
2016-08-04 20:05:01,565 INFO [org.junit.Test] zero00616
2016-08-04 20:05:01,565 INFO [org.junit.Test] zero00617
2016-08-04 20:05:01,565 INFO [org.junit.Test] zero00618
2016-08-04 20:05:01,565 INFO [org.junit.Test] zero00619
2016-08-04 20:05:01,565 INFO [org.junit.Test] zero00620
2016-08-04 20:05:01,565 INFO [org.junit.Test] zero00621
2016-08-04 20:05:01,565 INFO [org.junit.Test] zero00622
2016-08-04 20:05:01,565 INFO [org.junit.Test] zero00623
2016-08-04 20:05:01,565 INFO [org.junit.Test] zero00624
2016-08-04 20:05:01,565 INFO [org.junit.Test] zero00625
2016-08-04 20:05:01,565 INFO [org.junit.Test] zero00626
2016-08-04 20:05:01,565 INFO [org.junit.Test] zero00627
2016-08-04 20:05:01,565 INFO [org.junit.Test] zero00628
2016-08-04 20:05:01,565 INFO [org.junit.Test] zero00629
2016-08-04 20:05:01,565 INFO [org.junit.Test] zero00630
2016-08-04 20:05:01,565 INFO [org.junit.Test] zero00631
2016-08-04 20:05:01,565 INFO [org.junit.Test] zero00632
2016-08-04 20:05:01,565 INFO [org.junit.Test] zero00633
2016-08-04 20:05:01,565 INFO [org.junit.Test] zero00634
2016-08-04 20:05:01,565 INFO [org.junit.Test] zero00635
2016-08-04 20:05:01,565 INFO [org.junit.Test] zero00636
2016-08-04 20:05:01,565 INFO [org.junit.Test] zero00637
2016-08-04 20:05:01,565 INFO [org.junit.Test] zero00638
2016-08-04 20:05:01,565 INFO [org.junit.Test] zero00639
2016-08-04 20:05:01,565 INFO [org.junit.Test] zero00640
2016-08-04 20:05:01,565 INFO [org.junit.Test] zero00641
2016-08-04 20:05:01,565 INFO [org.junit.Test] zero00642
2016-08-04 20:05:01,565 INFO [org.junit.Test] zero00643
2016-08-04 20:05:01,565 INFO [org.junit.Test] zero00644
2016-08-04 20:05:01,565 INFO [org.junit.Test] zero00645
2016-08-04 20:05:01,565 INFO [org.junit.Test] zero00646
2016-08-04 20:05:01,565 INFO [org.junit.Test] zero00647
2016-08-04 20:05:01,565 INFO [org.junit.Test] zero00648
2016-08-04 20:05:01,565 INFO [org.junit.Test] zero00649
2016-08-04 20:05:01,565 INFO [org.junit.Test] zero00650
2016-08-04 20:05:01,565 INFO [org.junit.Test] zero00651
2016-08-04 20:05:01,565 INFO [org.junit.Test] zero00652
2016-08-04 20:05:01,565 INFO [org.junit.Test] zero00653
2016-08-04 20:05:01,565 INFO [org.junit.Test] zero00654
2016-08-04 20:05:01,565 INFO [org.junit.Test] zero00655
2016-08-04 20:05:01,565 INFO [org.junit.Test] zero00656
2016-08-04 20:05:01,565 INFO [org.junit.Test] zero00657
2016-08-04 20:05:01,565 INFO [org.junit.Test] zero00658
2016-08-04 20:05:01,565 INFO [org.junit.Test] zero00659
2016-08-04 20:05:01,565 INFO [org.junit.Test] zero00660
2016-08-04 20:05:01,565 INFO [org.junit.Test] zero00661
2016-08-04 20:05:01,565 INFO [org.junit.Test] zero00662
2016-08-04 20:05:01,565 INFO [org.junit.Test] zero00663
2016-08-04 20:05:01,565 INFO [org.junit.Test] zero00664
2016-08-04 20:05:01,565 INFO [org.junit.Test] zero00665
2016-08-04 20:05:01,565 INFO [org.junit.Test] zero00666
2016-08-04 20:05:01,565 INFO [org.junit.Test] zero00667
2016-08-04 20:05:01,565 INFO [org.junit.Test] zero00668
2016-08-04 20:05:01,565 INFO [org.junit.Test] zero00669
2016-08-04 20:05:01,565 INFO [org.junit.Test] zero00670
2016-08-04 20:05:01,565 INFO [org.junit.Test] zero00671
2016-08-04 20:05:01,565 INFO [org.junit.Test] zero00672
2016-08-04 20:05:01,565 INFO [org.junit.Test] zero00673
2016-08-04 20:05:01,565 INFO [org.junit.Test] zero00674
2016-08-04 20:05:01,565 INFO [org.junit.Test] zero00675
2016-08-04 20:05:01,565 INFO [org.junit.Test] zero00676
2016-08-04 20:05:01,565 INFO [org.junit.Test] zero00677
2016-08-04 20:05:01,565 INFO [org.junit.Test] zero00678
2016-08-04 20:05:01,565 INFO [org.junit.Test] zero00679
2016-08-04 20:05:01,565 INFO [org.junit.Test] zero00680
2016-08-04 20:05:01,565 INFO [org.junit.Test] zero00681
2016-08-04 20:05:01,565 INFO [org.junit.Test] zero00682
2016-08-04 20:05:01,565 INFO [org.junit.Test] zero00683
2016-08-04 20:05:01,565 INFO [org.junit.Test] zero00684
2016-08-04 20:05:01,565 INFO [org.junit.Test] zero00685
2016-08-04 20:05:01,565 INFO [org.junit.Test] zero00686
2016-08-04 20:05:01,565 INFO [org.junit.Test] zero00687
2016-08-04 20:05:01,565 INFO [org.junit.Test] zero00688
2016-08-04 20:05:01,565 INFO [org.junit.Test] zero00689
2016-08-04 20:05:01,565 INFO [org.junit.Test] zero00690
2016-08-04 20:05:01,565 INFO [org.junit.Test] zero00691
2016-08-04 20:05:01,565 INFO [org.junit.Test] zero00692
2016-08-04 20:05:01,565 INFO [org.junit.Test] zero00693
2016-08-04 20:05:01,565 INFO [org.junit.Test] zero00694
2016-08-04 20:05:01,565 INFO [org.junit.Test] zero00695
2016-08-04 20:05:01,565 INFO [org.junit.Test] zero00696
2016-08-04 20:05:01,565 INFO [org.junit.Test] zero00697
2016-08-04 20:05:01,565 INFO [org.junit.Test] zero00698
2016-08-04 20:05:01,565 INFO [org.junit.Test] zero00699
2016-08-04 20:05:01,565 INFO [org.junit.Test] zero00700
2016-08-04 20:05:01,565 INFO [org.junit.Test] zero00701
2016-08-04 20:05:01,565 INFO [org.junit.Test] zero00702
2016-08-04 20:05:01,565 INFO [org.junit.Test] zero00703
2016-08-04 20:05:01,565 INFO [org.junit.Test] zero00704
2016-08-04 20:05:01,565 INFO [org.junit.Test] zero00705
2016-08-04 20:05:01,565 INFO [org.junit.Test] zero00706
2016-08-04 20:05:01,565 INFO [org.junit.Test] zero00707
2016-08-04 20:05:01,565 INFO [org.junit.Test] zero00708
2016-08-04 20:05:01,565 INFO [org.junit.Test] zero00709
2016-08-04 20:05:01,565 INFO [org.junit.Test] zero00710
2016-08-04 20:05:01,565 INFO [org.junit.Test] zero00711
2016-08-04 20:05:01,565 INFO [org.junit.Test] zero00712
2016-08-04 20:05:01,565 INFO [org.junit.Test] zero00713
2016-08-04 20:05:01,565 INFO [org.junit.Test] zero00714
2016-08-04 20:05:01,565 INFO [org.junit.Test] zero00715
2016-08-04 20:05:01,565 INFO [org.junit.Test] zero00716
2016-08-04 20:05:01,565 INFO [org.junit.Test] zero00717
2016-08-04 20:05:01,565 INFO [org.junit.Test] zero00718
2016-08-04 20:05:01,565 INFO [org.junit.Test] zero00719
2016-08-04 20:05:01,565 INFO [org.junit.Test] zero00720
2016-08-04 20:05:01,565 INFO [org.junit.Test] zero00721
2016-08-04 20:05:01,565 INFO [org.junit.Test] zero00722
2016-08-04 20:05:01,565 INFO [org.junit.Test] zero00723
2016-08-04 20:05:01,565 INFO [org.junit.Test] zero00724
2016-08-04 20:05:01,565 INFO [org.junit.Test] zero00725
2016-08-04 20:05:01,565 INFO [org.junit.Test] zero00726
2016-08-04 20:05:01,565 INFO [org.junit.Test] zero00727
2016-08-04 20:05:01,565 INFO [org.junit.Test] zero00728
2016-08-04 20:05:01,565 INFO [org.junit.Test] zero00729
2016-08-04 20:05:01,565 INFO [org.junit.Test] zero00730
2016-08-04 20:05:01,565 INFO [org.junit.Test] zero00731
2016-08-04 20:05:01,565 INFO [org.junit.Test] zero00732
2016-08-04 20:05:01,565 INFO [org.junit.Test] zero00733
2016-08-04 20:05:01,565 INFO [org.junit.Test] zero00734
2016-08-04 20:05:01,565 INFO [org.junit.Test] zero00735
2016-08-04 20:05:01,565 INFO [org.junit.Test] zero00736
2016-08-04 20:05:01,565 INFO [org.junit.Test] zero00737
2016-08-04 20:05:01,565 INFO [org.junit.Test] zero00738
2016-08-04 20:05:01,565 INFO [org.junit.Test] zero00739
2016-08-04 20:05:01,565 INFO [org.junit.Test] zero00740
2016-08-04 20:05:01,565 INFO [org.junit.Test] zero00741
2016-08-04 20:05:01,565 INFO [org.junit.Test] zero00742
2016-08-04 20:05:01,565 INFO [org.junit.Test] zero00743
2016-08-04 20:05:01,565 INFO [org.junit.Test] zero00744
2016-08-04 20:05:01,565 INFO [org.junit.Test] zero00745
2016-08-04 20:05:01,565 INFO [org.junit.Test] zero00746
2016-08-04 20:05:01,565 INFO [org.junit.Test] zero00747
2016-08-04 20:05:01,565 INFO [org.junit.Test] zero00748
2016-08-04 20:05:01,565 INFO [org.junit.Test] zero00749
2016-08-04 20:05:01,565 INFO [org.junit.Test] zero00750
2016-08-04 20:05:01,565 INFO [org.junit.Test] zero00751
2016-08-04 20:05:01,565 INFO [org.junit.Test] zero00752
2016-08-04 20:05:01,565 INFO [org.junit.Test] zero00753
2016-08-04 20:05:01,565 INFO [org.junit.Test] zero00754
2016-08-04 20:05:01,565 INFO [org.junit.Test] zero00755
2016-08-04 20:05:01,565 INFO [org.junit.Test] zero00756
2016-08-04 20:05:01,565 INFO [org.junit.Test] zero00757
2016-08-04 20:05:01,565 INFO [org.junit.Test] zero00758
2016-08-04 20:05:01,565 INFO [org.junit.Test] zero00759
2016-08-04 20:05:01,565 INFO [org.junit.Test] zero00760
2016-08-04 20:05:01,566 INFO [org.junit.Test] zero00761
2016-08-04 20:05:01,566 INFO [org.junit.Test] zero00762
2016-08-04 20:05:01,566 INFO [org.junit.Test] zero00763
2016-08-04 20:05:01,566 INFO [org.junit.Test] zero00764
2016-08-04 20:05:01,566 INFO [org.junit.Test] zero00765
2016-08-04 20:05:01,566 INFO [org.junit.Test] zero00766
2016-08-04 20:05:01,566 INFO [org.junit.Test] zero00767
2016-08-04 20:05:01,566 INFO [org.junit.Test] zero00768
2016-08-04 20:05:01,566 INFO [org.junit.Test] zero00769
2016-08-04 20:05:01,566 INFO [org.junit.Test] zero00770
2016-08-04 20:05:01,566 INFO [org.junit.Test] zero00771
2016-08-04 20:05:01,566 INFO [org.junit.Test] zero00772
2016-08-04 20:05:01,566 INFO [org.junit.Test] zero00773
2016-08-04 20:05:01,566 INFO [org.junit.Test] zero00774
2016-08-04 20:05:01,566 INFO [org.junit.Test] zero00775
2016-08-04 20:05:01,566 INFO [org.junit.Test] zero00776
2016-08-04 20:05:01,566 INFO [org.junit.Test] zero00777
2016-08-04 20:05:01,566 INFO [org.junit.Test] zero00778
2016-08-04 20:05:01,566 INFO [org.junit.Test] zero00779
2016-08-04 20:05:01,566 INFO [org.junit.Test] zero00780
2016-08-04 20:05:01,566 INFO [org.junit.Test] zero00781
2016-08-04 20:05:01,566 INFO [org.junit.Test] zero00782
2016-08-04 20:05:01,566 INFO [org.junit.Test] zero00783
2016-08-04 20:05:01,566 INFO [org.junit.Test] zero00784
2016-08-04 20:05:01,566 INFO [org.junit.Test] zero00785
2016-08-04 20:05:01,566 INFO [org.junit.Test] zero00786
2016-08-04 20:05:01,566 INFO [org.junit.Test] zero00787
2016-08-04 20:05:01,566 INFO [org.junit.Test] zero00788
2016-08-04 20:05:01,566 INFO [org.junit.Test] zero00789
2016-08-04 20:05:01,566 INFO [org.junit.Test] zero00790
2016-08-04 20:05:01,566 INFO [org.junit.Test] zero00791
2016-08-04 20:05:01,566 INFO [org.junit.Test] zero00792
2016-08-04 20:05:01,566 INFO [org.junit.Test] zero00793
2016-08-04 20:05:01,566 INFO [org.junit.Test] zero00794
2016-08-04 20:05:01,566 INFO [org.junit.Test] zero00795
2016-08-04 20:05:01,566 INFO [org.junit.Test] zero00796
2016-08-04 20:05:01,566 INFO [org.junit.Test] zero00797
2016-08-04 20:05:01,566 INFO [org.junit.Test] zero00798
2016-08-04 20:05:01,566 INFO [org.junit.Test] zero00799
2016-08-04 20:05:01,566 INFO [org.junit.Test] zero00800
2016-08-04 20:05:01,566 INFO [org.junit.Test] zero00801
2016-08-04 20:05:01,566 INFO [org.junit.Test] zero00802
2016-08-04 20:05:01,566 INFO [org.junit.Test] zero00803
2016-08-04 20:05:01,566 INFO [org.junit.Test] zero00804
2016-08-04 20:05:01,566 INFO [org.junit.Test] zero00805
2016-08-04 20:05:01,566 INFO [org.junit.Test] zero00806
2016-08-04 20:05:01,566 INFO [org.junit.Test] zero00807
2016-08-04 20:05:01,566 INFO [org.junit.Test] zero00808
2016-08-04 20:05:01,566 INFO [org.junit.Test] zero00809
2016-08-04 20:05:01,566 INFO [org.junit.Test] zero00810
2016-08-04 20:05:01,566 INFO [org.junit.Test] zero00811
2016-08-04 20:05:01,566 INFO [org.junit.Test] zero00812
2016-08-04 20:05:01,566 INFO [org.junit.Test] zero00813
2016-08-04 20:05:01,566 INFO [org.junit.Test] zero00814
2016-08-04 20:05:01,566 INFO [org.junit.Test] zero00815
2016-08-04 20:05:01,566 INFO [org.junit.Test] zero00816
2016-08-04 20:05:01,566 INFO [org.junit.Test] zero00817
2016-08-04 20:05:01,566 INFO [org.junit.Test] zero00818
2016-08-04 20:05:01,566 INFO [org.junit.Test] zero00819
2016-08-04 20:05:01,566 INFO [org.junit.Test] zero00820
2016-08-04 20:05:01,566 INFO [org.junit.Test] zero00821
2016-08-04 20:05:01,566 INFO [org.junit.Test] zero00822
2016-08-04 20:05:01,566 INFO [org.junit.Test] zero00823
2016-08-04 20:05:01,566 INFO [org.junit.Test] zero00824
2016-08-04 20:05:01,566 INFO [org.junit.Test] zero00825
2016-08-04 20:05:01,566 INFO [org.junit.Test] zero00826
2016-08-04 20:05:01,566 INFO [org.junit.Test] zero00827
2016-08-04 20:05:01,566 INFO [org.junit.Test] zero00828
2016-08-04 20:05:01,566 INFO [org.junit.Test] zero00829
2016-08-04 20:05:01,566 INFO [org.junit.Test] zero00830
2016-08-04 20:05:01,566 INFO [org.junit.Test] zero00831
2016-08-04 20:05:01,566 INFO [org.junit.Test] zero00832
2016-08-04 20:05:01,566 INFO [org.junit.Test] zero00833
2016-08-04 20:05:01,566 INFO [org.junit.Test] zero00834
2016-08-04 20:05:01,566 INFO [org.junit.Test] zero00835
2016-08-04 20:05:01,566 INFO [org.junit.Test] zero00836
2016-08-04 20:05:01,566 INFO [org.junit.Test] zero00837
2016-08-04 20:05:01,566 INFO [org.junit.Test] zero00838
2016-08-04 20:05:01,566 INFO [org.junit.Test] zero00839
2016-08-04 20:05:01,566 INFO [org.junit.Test] zero00840
2016-08-04 20:05:01,566 INFO [org.junit.Test] zero00841
2016-08-04 20:05:01,566 INFO [org.junit.Test] zero00842
2016-08-04 20:05:01,566 INFO [org.junit.Test] zero00843
2016-08-04 20:05:01,566 INFO [org.junit.Test] zero00844
2016-08-04 20:05:01,566 INFO [org.junit.Test] zero00845
2016-08-04 20:05:01,566 INFO [org.junit.Test] zero00846
2016-08-04 20:05:01,566 INFO [org.junit.Test] zero00847
2016-08-04 20:05:01,566 INFO [org.junit.Test] zero00848
2016-08-04 20:05:01,566 INFO [org.junit.Test] zero00849
2016-08-04 20:05:01,566 INFO [org.junit.Test] zero00850
2016-08-04 20:05:01,566 INFO [org.junit.Test] zero00851
2016-08-04 20:05:01,566 INFO [org.junit.Test] zero00852
2016-08-04 20:05:01,566 INFO [org.junit.Test] zero00853
2016-08-04 20:05:01,566 INFO [org.junit.Test] zero00854
2016-08-04 20:05:01,566 INFO [org.junit.Test] zero00855
2016-08-04 20:05:01,566 INFO [org.junit.Test] zero00856
2016-08-04 20:05:01,566 INFO [org.junit.Test] zero00857
2016-08-04 20:05:01,566 INFO [org.junit.Test] zero00858
2016-08-04 20:05:01,566 INFO [org.junit.Test] zero00859
2016-08-04 20:05:01,566 INFO [org.junit.Test] zero00860
2016-08-04 20:05:01,566 INFO [org.junit.Test] zero00861
2016-08-04 20:05:01,566 INFO [org.junit.Test] zero00862
2016-08-04 20:05:01,566 INFO [org.junit.Test] zero00863
2016-08-04 20:05:01,566 INFO [org.junit.Test] zero00864
2016-08-04 20:05:01,566 INFO [org.junit.Test] zero00865
2016-08-04 20:05:01,566 INFO [org.junit.Test] zero00866
2016-08-04 20:05:01,566 INFO [org.junit.Test] zero00867
2016-08-04 20:05:01,566 INFO [org.junit.Test] zero00868
2016-08-04 20:05:01,566 INFO [org.junit.Test] zero00869
2016-08-04 20:05:01,566 INFO [org.junit.Test] zero00870
2016-08-04 20:05:01,566 INFO [org.junit.Test] zero00871
2016-08-04 20:05:01,566 INFO [org.junit.Test] zero00872
2016-08-04 20:05:01,566 INFO [org.junit.Test] zero00873
2016-08-04 20:05:01,566 INFO [org.junit.Test] zero00874
2016-08-04 20:05:01,566 INFO [org.junit.Test] zero00875
2016-08-04 20:05:01,566 INFO [org.junit.Test] zero00876
2016-08-04 20:05:01,566 INFO [org.junit.Test] zero00877
2016-08-04 20:05:01,566 INFO [org.junit.Test] zero00878
2016-08-04 20:05:01,566 INFO [org.junit.Test] zero00879
2016-08-04 20:05:01,566 INFO [org.junit.Test] zero00880
2016-08-04 20:05:01,566 INFO [org.junit.Test] zero00881
2016-08-04 20:05:01,566 INFO [org.junit.Test] zero00882
2016-08-04 20:05:01,566 INFO [org.junit.Test] zero00883
2016-08-04 20:05:01,566 INFO [org.junit.Test] zero00884
2016-08-04 20:05:01,566 INFO [org.junit.Test] zero00885
2016-08-04 20:05:01,566 INFO [org.junit.Test] zero00886
2016-08-04 20:05:01,566 INFO [org.junit.Test] zero00887
2016-08-04 20:05:01,566 INFO [org.junit.Test] zero00888
2016-08-04 20:05:01,566 INFO [org.junit.Test] zero00889
2016-08-04 20:05:01,566 INFO [org.junit.Test] zero00890
2016-08-04 20:05:01,566 INFO [org.junit.Test] zero00891
2016-08-04 20:05:01,566 INFO [org.junit.Test] zero00892
2016-08-04 20:05:01,566 INFO [org.junit.Test] zero00893
2016-08-04 20:05:01,566 INFO [org.junit.Test] zero00894
2016-08-04 20:05:01,566 INFO [org.junit.Test] zero00895
2016-08-04 20:05:01,566 INFO [org.junit.Test] zero00896
2016-08-04 20:05:01,566 INFO [org.junit.Test] zero00897
2016-08-04 20:05:01,566 INFO [org.junit.Test] zero00898
2016-08-04 20:05:01,566 INFO [org.junit.Test] zero00899
2016-08-04 20:05:01,566 INFO [org.junit.Test] zero00900
2016-08-04 20:05:01,566 INFO [org.junit.Test] zero00901
2016-08-04 20:05:01,566 INFO [org.junit.Test] zero00902
2016-08-04 20:05:01,566 INFO [org.junit.Test] zero00903
2016-08-04 20:05:01,566 INFO [org.junit.Test] zero00904
2016-08-04 20:05:01,566 INFO [org.junit.Test] zero00905
2016-08-04 20:05:01,566 INFO [org.junit.Test] zero00906
2016-08-04 20:05:01,566 INFO [org.junit.Test] zero00907
2016-08-04 20:05:01,566 INFO [org.junit.Test] zero00908
2016-08-04 20:05:01,566 INFO [org.junit.Test] zero00909
2016-08-04 20:05:01,566 INFO [org.junit.Test] zero00910
2016-08-04 20:05:01,566 INFO [org.junit.Test] zero00911
2016-08-04 20:05:01,566 INFO [org.junit.Test] zero00912
2016-08-04 20:05:01,566 INFO [org.junit.Test] zero00913
2016-08-04 20:05:01,566 INFO [org.junit.Test] zero00914
2016-08-04 20:05:01,566 INFO [org.junit.Test] zero00915
2016-08-04 20:05:01,566 INFO [org.junit.Test] zero00916
2016-08-04 20:05:01,566 INFO [org.junit.Test] zero00917
2016-08-04 20:05:01,566 INFO [org.junit.Test] zero00918
2016-08-04 20:05:01,566 INFO [org.junit.Test] zero00919
2016-08-04 20:05:01,566 INFO [org.junit.Test] zero00920
2016-08-04 20:05:01,566 INFO [org.junit.Test] zero00921
2016-08-04 20:05:01,566 INFO [org.junit.Test] zero00922
2016-08-04 20:05:01,566 INFO [org.junit.Test] zero00923
2016-08-04 20:05:01,566 INFO [org.junit.Test] zero00924
2016-08-04 20:05:01,566 INFO [org.junit.Test] zero00925
2016-08-04 20:05:01,566 INFO [org.junit.Test] zero00926
2016-08-04 20:05:01,566 INFO [org.junit.Test] zero00927
2016-08-04 20:05:01,566 INFO [org.junit.Test] zero00928
2016-08-04 20:05:01,566 INFO [org.junit.Test] zero00929
2016-08-04 20:05:01,566 INFO [org.junit.Test] zero00930
2016-08-04 20:05:01,566 INFO [org.junit.Test] zero00931
2016-08-04 20:05:01,566 INFO [org.junit.Test] zero00932
2016-08-04 20:05:01,566 INFO [org.junit.Test] zero00933
2016-08-04 20:05:01,566 INFO [org.junit.Test] zero00934
2016-08-04 20:05:01,566 INFO [org.junit.Test] zero00935
2016-08-04 20:05:01,566 INFO [org.junit.Test] zero00936
2016-08-04 20:05:01,566 INFO [org.junit.Test] zero00937
2016-08-04 20:05:01,566 INFO [org.junit.Test] zero00938
2016-08-04 20:05:01,566 INFO [org.junit.Test] zero00939
2016-08-04 20:05:01,566 INFO [org.junit.Test] zero00940
2016-08-04 20:05:01,566 INFO [org.junit.Test] zero00941
2016-08-04 20:05:01,566 INFO [org.junit.Test] zero00942
2016-08-04 20:05:01,566 INFO [org.junit.Test] zero00943
2016-08-04 20:05:01,566 INFO [org.junit.Test] zero00944
2016-08-04 20:05:01,566 INFO [org.junit.Test] zero00945
2016-08-04 20:05:01,566 INFO [org.junit.Test] zero00946
2016-08-04 20:05:01,566 INFO [org.junit.Test] zero00947
2016-08-04 20:05:01,566 INFO [org.junit.Test] zero00948
2016-08-04 20:05:01,566 INFO [org.junit.Test] zero00949
2016-08-04 20:05:01,566 INFO [org.junit.Test] zero00950
2016-08-04 20:05:01,566 INFO [org.junit.Test] zero00951
2016-08-04 20:05:01,566 INFO [org.junit.Test] zero00952
2016-08-04 20:05:01,566 INFO [org.junit.Test] zero00953
2016-08-04 20:05:01,566 INFO [org.junit.Test] zero00954
2016-08-04 20:05:01,566 INFO [org.junit.Test] zero00955
2016-08-04 20:05:01,566 INFO [org.junit.Test] zero00956
2016-08-04 20:05:01,566 INFO [org.junit.Test] zero00957
2016-08-04 20:05:01,566 INFO [org.junit.Test] zero00958
2016-08-04 20:05:01,566 INFO [org.junit.Test] zero00959
2016-08-04 20:05:01,566 INFO [org.junit.Test] zero00960
2016-08-04 20:05:01,566 INFO [org.junit.Test] zero00961
2016-08-04 20:05:01,566 INFO [org.junit.Test] zero00962
2016-08-04 20:05:01,566 INFO [org.junit.Test] zero00963
2016-08-04 20:05:01,566 INFO [org.junit.Test] zero00964
2016-08-04 20:05:01,566 INFO [org.junit.Test] zero00965
2016-08-04 20:05:01,566 INFO [org.junit.Test] zero00966
2016-08-04 20:05:01,566 INFO [org.junit.Test] zero00967
2016-08-04 20:05:01,566 INFO [org.junit.Test] zero00968
2016-08-04 20:05:01,566 INFO [org.junit.Test] zero00969
2016-08-04 20:05:01,566 INFO [org.junit.Test] zero00970
2016-08-04 20:05:01,566 INFO [org.junit.Test] zero00971
2016-08-04 20:05:01,566 INFO [org.junit.Test] zero00972
2016-08-04 20:05:01,566 INFO [org.junit.Test] zero00973
2016-08-04 20:05:01,566 INFO [org.junit.Test] zero00974
2016-08-04 20:05:01,566 INFO [org.junit.Test] zero00975
2016-08-04 20:05:01,566 INFO [org.junit.Test] zero00976
2016-08-04 20:05:01,566 INFO [org.junit.Test] zero00977
2016-08-04 20:05:01,566 INFO [org.junit.Test] zero00978
2016-08-04 20:05:01,566 INFO [org.junit.Test] zero00979
2016-08-04 20:05:01,566 INFO [org.junit.Test] zero00980
2016-08-04 20:05:01,566 INFO [org.junit.Test] zero00981
2016-08-04 20:05:01,566 INFO [org.junit.Test] zero00982
2016-08-04 20:05:01,566 INFO [org.junit.Test] zero00983
2016-08-04 20:05:01,566 INFO [org.junit.Test] zero00984
2016-08-04 20:05:01,566 INFO [org.junit.Test] zero00985
2016-08-04 20:05:01,566 INFO [org.junit.Test] zero00986
2016-08-04 20:05:01,566 INFO [org.junit.Test] zero00987
2016-08-04 20:05:01,566 INFO [org.junit.Test] zero00988
2016-08-04 20:05:01,566 INFO [org.junit.Test] zero00989
2016-08-04 20:05:01,566 INFO [org.junit.Test] zero00990
2016-08-04 20:05:01,566 INFO [org.junit.Test] zero00991
2016-08-04 20:05:01,566 INFO [org.junit.Test] zero00992
2016-08-04 20:05:01,567 INFO [org.junit.Test] zero00993
2016-08-04 20:05:01,567 INFO [org.junit.Test] zero00994
2016-08-04 20:05:01,567 INFO [org.junit.Test] zero00995
2016-08-04 20:05:01,567 INFO [org.junit.Test] zero00996
2016-08-04 20:05:01,567 INFO [org.junit.Test] zero00997
2016-08-04 20:05:01,567 INFO [org.junit.Test] zero00998
2016-08-04 20:05:01,567 INFO [org.junit.Test] zero00999
2016-08-04 20:05:04,567 INFO [org.junit.Test] zero000
2016-08-04 20:05:04,567 INFO [org.junit.Test] zero001
2016-08-04 20:05:04,567 INFO [org.junit.Test] zero002
2016-08-04 20:05:04,567 INFO [org.junit.Test] zero003
2016-08-04 20:05:04,567 INFO [org.junit.Test] zero004
2016-08-04 20:05:04,567 INFO [org.junit.Test] zero005
2016-08-04 20:05:04,567 INFO [org.junit.Test] zero006
2016-08-04 20:05:04,567 INFO [org.junit.Test] zero007
2016-08-04 20:05:04,567 INFO [org.junit.Test] zero008
2016-08-04 20:05:04,567 INFO [org.junit.Test] zero009
2016-08-04 20:05:04,567 INFO [org.junit.Test] zero0010
2016-08-04 20:05:04,567 INFO [org.junit.Test] zero0011
2016-08-04 20:05:04,567 INFO [org.junit.Test] zero0012
2016-08-04 20:05:04,567 INFO [org.junit.Test] zero0013
2016-08-04 20:05:04,567 INFO [org.junit.Test] zero0014
2016-08-04 20:05:04,567 INFO [org.junit.Test] zero0015
2016-08-04 20:05:04,567 INFO [org.junit.Test] zero0016
2016-08-04 20:05:04,567 INFO [org.junit.Test] zero0017
2016-08-04 20:05:04,567 INFO [org.junit.Test] zero0018
2016-08-04 20:05:04,567 INFO [org.junit.Test] zero0019
2016-08-04 20:05:04,567 INFO [org.junit.Test] zero0020
2016-08-04 20:05:04,567 INFO [org.junit.Test] zero0021
2016-08-04 20:05:04,567 INFO [org.junit.Test] zero0022
2016-08-04 20:05:04,567 INFO [org.junit.Test] zero0023
2016-08-04 20:05:04,567 INFO [org.junit.Test] zero0024
2016-08-04 20:05:04,567 INFO [org.junit.Test] zero0025
2016-08-04 20:05:04,567 INFO [org.junit.Test] zero0026
2016-08-04 20:05:04,567 INFO [org.junit.Test] zero0027
2016-08-04 20:05:04,567 INFO [org.junit.Test] zero0028
2016-08-04 20:05:04,567 INFO [org.junit.Test] zero0029
2016-08-04 20:05:04,567 INFO [org.junit.Test] zero0030
2016-08-04 20:05:04,567 INFO [org.junit.Test] zero0031
2016-08-04 20:05:04,567 INFO [org.junit.Test] zero0032
2016-08-04 20:05:04,567 INFO [org.junit.Test] zero0033
2016-08-04 20:05:04,567 INFO [org.junit.Test] zero0034
2016-08-04 20:05:04,567 INFO [org.junit.Test] zero0035
2016-08-04 20:05:04,567 INFO [org.junit.Test] zero0036
2016-08-04 20:05:04,567 INFO [org.junit.Test] zero0037
2016-08-04 20:05:04,567 INFO [org.junit.Test] zero0038
2016-08-04 20:05:04,567 INFO [org.junit.Test] zero0039
2016-08-04 20:05:04,568 INFO [org.junit.Test] zero0040
2016-08-04 20:05:04,568 INFO [org.junit.Test] zero0041
2016-08-04 20:05:04,568 INFO [org.junit.Test] zero0042
2016-08-04 20:05:04,568 INFO [org.junit.Test] zero0043
2016-08-04 20:05:04,568 INFO [org.junit.Test] zero0044
2016-08-04 20:05:04,568 INFO [org.junit.Test] zero0045
2016-08-04 20:05:04,568 INFO [org.junit.Test] zero0046
2016-08-04 20:05:04,568 INFO [org.junit.Test] zero0047
2016-08-04 20:05:04,568 INFO [org.junit.Test] zero0048
2016-08-04 20:05:04,568 INFO [org.junit.Test] zero0049
2016-08-04 20:05:04,568 INFO [org.junit.Test] zero0050
2016-08-04 20:05:04,568 INFO [org.junit.Test] zero0051
2016-08-04 20:05:04,568 INFO [org.junit.Test] zero0052
2016-08-04 20:05:04,568 INFO [org.junit.Test] zero0053
2016-08-04 20:05:04,568 INFO [org.junit.Test] zero0054
2016-08-04 20:05:04,568 INFO [org.junit.Test] zero0055
2016-08-04 20:05:04,568 INFO [org.junit.Test] zero0056
2016-08-04 20:05:04,568 INFO [org.junit.Test] zero0057
2016-08-04 20:05:04,568 INFO [org.junit.Test] zero0058
2016-08-04 20:05:04,568 INFO [org.junit.Test] zero0059
2016-08-04 20:05:04,568 INFO [org.junit.Test] zero0060
2016-08-04 20:05:04,568 INFO [org.junit.Test] zero0061
2016-08-04 20:05:04,568 INFO [org.junit.Test] zero0062
2016-08-04 20:05:04,568 INFO [org.junit.Test] zero0063
2016-08-04 20:05:04,568 INFO [org.junit.Test] zero0064
2016-08-04 20:05:04,568 INFO [org.junit.Test] zero0065
2016-08-04 20:05:04,568 INFO [org.junit.Test] zero0066
2016-08-04 20:05:04,568 INFO [org.junit.Test] zero0067
2016-08-04 20:05:04,568 INFO [org.junit.Test] zero0068
2016-08-04 20:05:04,568 INFO [org.junit.Test] zero0069
2016-08-04 20:05:04,568 INFO [org.junit.Test] zero0070
2016-08-04 20:05:04,568 INFO [org.junit.Test] zero0071
2016-08-04 20:05:04,568 INFO [org.junit.Test] zero0072
2016-08-04 20:05:04,568 INFO [org.junit.Test] zero0073
2016-08-04 20:05:04,568 INFO [org.junit.Test] zero0074
2016-08-04 20:05:04,568 INFO [org.junit.Test] zero0075
2016-08-04 20:05:04,568 INFO [org.junit.Test] zero0076
2016-08-04 20:05:04,568 INFO [org.junit.Test] zero0077
2016-08-04 20:05:04,568 INFO [org.junit.Test] zero0078
2016-08-04 20:05:04,568 INFO [org.junit.Test] zero0079
2016-08-04 20:05:04,568 INFO [org.junit.Test] zero0080
2016-08-04 20:05:04,568 INFO [org.junit.Test] zero0081
2016-08-04 20:05:04,568 INFO [org.junit.Test] zero0082
2016-08-04 20:05:04,568 INFO [org.junit.Test] zero0083
2016-08-04 20:05:04,568 INFO [org.junit.Test] zero0084
2016-08-04 20:05:04,568 INFO [org.junit.Test] zero0085
2016-08-04 20:05:04,568 INFO [org.junit.Test] zero0086
2016-08-04 20:05:04,568 INFO [org.junit.Test] zero0087
2016-08-04 20:05:04,568 INFO [org.junit.Test] zero0088
2016-08-04 20:05:04,568 INFO [org.junit.Test] zero0089
2016-08-04 20:05:04,568 INFO [org.junit.Test] zero0090
2016-08-04 20:05:04,568 INFO [org.junit.Test] zero0091
2016-08-04 20:05:04,568 INFO [org.junit.Test] zero0092
2016-08-04 20:05:04,568 INFO [org.junit.Test] zero0093
2016-08-04 20:05:04,568 INFO [org.junit.Test] zero0094
2016-08-04 20:05:04,568 INFO [org.junit.Test] zero0095
2016-08-04 20:05:04,568 INFO [org.junit.Test] zero0096
2016-08-04 20:05:04,568 INFO [org.junit.Test] zero0097
2016-08-04 20:05:04,568 INFO [org.junit.Test] zero0098
2016-08-04 20:05:04,568 INFO [org.junit.Test] zero0099
2016-08-04 20:05:04,568 INFO [org.junit.Test] zero00100
2016-08-04 20:05:04,568 INFO [org.junit.Test] zero00101
2016-08-04 20:05:04,568 INFO [org.junit.Test] zero00102
2016-08-04 20:05:04,568 INFO [org.junit.Test] zero00103
2016-08-04 20:05:04,568 INFO [org.junit.Test] zero00104
2016-08-04 20:05:04,568 INFO [org.junit.Test] zero00105
2016-08-04 20:05:04,568 INFO [org.junit.Test] zero00106
2016-08-04 20:05:04,568 INFO [org.junit.Test] zero00107
2016-08-04 20:05:04,568 INFO [org.junit.Test] zero00108
2016-08-04 20:05:04,568 INFO [org.junit.Test] zero00109
2016-08-04 20:05:04,568 INFO [org.junit.Test] zero00110
2016-08-04 20:05:04,568 INFO [org.junit.Test] zero00111
2016-08-04 20:05:04,568 INFO [org.junit.Test] zero00112
2016-08-04 20:05:04,568 INFO [org.junit.Test] zero00113
2016-08-04 20:05:04,568 INFO [org.junit.Test] zero00114
2016-08-04 20:05:04,568 INFO [org.junit.Test] zero00115
2016-08-04 20:05:04,568 INFO [org.junit.Test] zero00116
2016-08-04 20:05:04,568 INFO [org.junit.Test] zero00117
2016-08-04 20:05:04,568 INFO [org.junit.Test] zero00118
2016-08-04 20:05:04,568 INFO [org.junit.Test] zero00119
2016-08-04 20:05:04,568 INFO [org.junit.Test] zero00120
2016-08-04 20:05:04,568 INFO [org.junit.Test] zero00121
2016-08-04 20:05:04,568 INFO [org.junit.Test] zero00122
2016-08-04 20:05:04,568 INFO [org.junit.Test] zero00123
2016-08-04 20:05:04,568 INFO [org.junit.Test] zero00124
2016-08-04 20:05:04,568 INFO [org.junit.Test] zero00125
2016-08-04 20:05:04,568 INFO [org.junit.Test] zero00126
2016-08-04 20:05:04,568 INFO [org.junit.Test] zero00127
2016-08-04 20:05:04,568 INFO [org.junit.Test] zero00128
2016-08-04 20:05:04,568 INFO [org.junit.Test] zero00129
2016-08-04 20:05:04,568 INFO [org.junit.Test] zero00130
2016-08-04 20:05:04,568 INFO [org.junit.Test] zero00131
2016-08-04 20:05:04,568 INFO [org.junit.Test] zero00132
2016-08-04 20:05:04,568 INFO [org.junit.Test] zero00133
2016-08-04 20:05:04,568 INFO [org.junit.Test] zero00134
2016-08-04 20:05:04,568 INFO [org.junit.Test] zero00135
2016-08-04 20:05:04,568 INFO [org.junit.Test] zero00136
2016-08-04 20:05:04,568 INFO [org.junit.Test] zero00137
2016-08-04 20:05:04,568 INFO [org.junit.Test] zero00138
2016-08-04 20:05:04,568 INFO [org.junit.Test] zero00139
2016-08-04 20:05:04,568 INFO [org.junit.Test] zero00140
2016-08-04 20:05:04,568 INFO [org.junit.Test] zero00141
2016-08-04 20:05:04,568 INFO [org.junit.Test] zero00142
2016-08-04 20:05:04,568 INFO [org.junit.Test] zero00143
2016-08-04 20:05:04,568 INFO [org.junit.Test] zero00144
2016-08-04 20:05:04,568 INFO [org.junit.Test] zero00145
2016-08-04 20:05:04,568 INFO [org.junit.Test] zero00146
2016-08-04 20:05:04,568 INFO [org.junit.Test] zero00147
2016-08-04 20:05:04,568 INFO [org.junit.Test] zero00148
2016-08-04 20:05:04,568 INFO [org.junit.Test] zero00149
2016-08-04 20:05:04,568 INFO [org.junit.Test] zero00150
2016-08-04 20:05:04,568 INFO [org.junit.Test] zero00151
2016-08-04 20:05:04,568 INFO [org.junit.Test] zero00152
2016-08-04 20:05:04,568 INFO [org.junit.Test] zero00153
2016-08-04 20:05:04,568 INFO [org.junit.Test] zero00154
2016-08-04 20:05:04,568 INFO [org.junit.Test] zero00155
2016-08-04 20:05:04,568 INFO [org.junit.Test] zero00156
2016-08-04 20:05:04,568 INFO [org.junit.Test] zero00157
2016-08-04 20:05:04,568 INFO [org.junit.Test] zero00158
2016-08-04 20:05:04,568 INFO [org.junit.Test] zero00159
2016-08-04 20:05:04,568 INFO [org.junit.Test] zero00160
2016-08-04 20:05:04,568 INFO [org.junit.Test] zero00161
2016-08-04 20:05:04,568 INFO [org.junit.Test] zero00162
2016-08-04 20:05:04,568 INFO [org.junit.Test] zero00163
2016-08-04 20:05:04,568 INFO [org.junit.Test] zero00164
2016-08-04 20:05:04,568 INFO [org.junit.Test] zero00165
2016-08-04 20:05:04,568 INFO [org.junit.Test] zero00166
2016-08-04 20:05:04,568 INFO [org.junit.Test] zero00167
2016-08-04 20:05:04,568 INFO [org.junit.Test] zero00168
2016-08-04 20:05:04,569 INFO [org.junit.Test] zero00169
2016-08-04 20:05:04,569 INFO [org.junit.Test] zero00170
2016-08-04 20:05:04,569 INFO [org.junit.Test] zero00171
2016-08-04 20:05:04,569 INFO [org.junit.Test] zero00172
2016-08-04 20:05:04,569 INFO [org.junit.Test] zero00173
2016-08-04 20:05:04,569 INFO [org.junit.Test] zero00174
2016-08-04 20:05:04,569 INFO [org.junit.Test] zero00175
2016-08-04 20:05:04,569 INFO [org.junit.Test] zero00176
2016-08-04 20:05:04,569 INFO [org.junit.Test] zero00177
2016-08-04 20:05:04,569 INFO [org.junit.Test] zero00178
2016-08-04 20:05:04,569 INFO [org.junit.Test] zero00179
2016-08-04 20:05:04,569 INFO [org.junit.Test] zero00180
2016-08-04 20:05:04,569 INFO [org.junit.Test] zero00181
2016-08-04 20:05:04,569 INFO [org.junit.Test] zero00182
2016-08-04 20:05:04,569 INFO [org.junit.Test] zero00183
2016-08-04 20:05:04,569 INFO [org.junit.Test] zero00184
2016-08-04 20:05:04,569 INFO [org.junit.Test] zero00185
2016-08-04 20:05:04,569 INFO [org.junit.Test] zero00186
2016-08-04 20:05:04,569 INFO [org.junit.Test] zero00187
2016-08-04 20:05:04,569 INFO [org.junit.Test] zero00188
2016-08-04 20:05:04,569 INFO [org.junit.Test] zero00189
2016-08-04 20:05:04,569 INFO [org.junit.Test] zero00190
2016-08-04 20:05:04,569 INFO [org.junit.Test] zero00191
2016-08-04 20:05:04,569 INFO [org.junit.Test] zero00192
2016-08-04 20:05:04,569 INFO [org.junit.Test] zero00193
2016-08-04 20:05:04,569 INFO [org.junit.Test] zero00194
2016-08-04 20:05:04,569 INFO [org.junit.Test] zero00195
2016-08-04 20:05:04,569 INFO [org.junit.Test] zero00196
2016-08-04 20:05:04,569 INFO [org.junit.Test] zero00197
2016-08-04 20:05:04,569 INFO [org.junit.Test] zero00198
2016-08-04 20:05:04,569 INFO [org.junit.Test] zero00199
2016-08-04 20:05:04,569 INFO [org.junit.Test] zero00200
2016-08-04 20:05:04,569 INFO [org.junit.Test] zero00201
2016-08-04 20:05:04,569 INFO [org.junit.Test] zero00202
2016-08-04 20:05:04,569 INFO [org.junit.Test] zero00203
2016-08-04 20:05:04,569 INFO [org.junit.Test] zero00204
2016-08-04 20:05:04,569 INFO [org.junit.Test] zero00205
2016-08-04 20:05:04,569 INFO [org.junit.Test] zero00206
2016-08-04 20:05:04,569 INFO [org.junit.Test] zero00207
2016-08-04 20:05:04,569 INFO [org.junit.Test] zero00208
2016-08-04 20:05:04,569 INFO [org.junit.Test] zero00209
2016-08-04 20:05:04,569 INFO [org.junit.Test] zero00210
2016-08-04 20:05:04,569 INFO [org.junit.Test] zero00211
2016-08-04 20:05:04,569 INFO [org.junit.Test] zero00212
2016-08-04 20:05:04,569 INFO [org.junit.Test] zero00213
2016-08-04 20:05:04,569 INFO [org.junit.Test] zero00214
2016-08-04 20:05:04,569 INFO [org.junit.Test] zero00215
2016-08-04 20:05:04,569 INFO [org.junit.Test] zero00216
2016-08-04 20:05:04,569 INFO [org.junit.Test] zero00217
2016-08-04 20:05:04,569 INFO [org.junit.Test] zero00218
2016-08-04 20:05:04,569 INFO [org.junit.Test] zero00219
2016-08-04 20:05:04,569 INFO [org.junit.Test] zero00220
2016-08-04 20:05:04,569 INFO [org.junit.Test] zero00221
2016-08-04 20:05:04,569 INFO [org.junit.Test] zero00222
2016-08-04 20:05:04,569 INFO [org.junit.Test] zero00223
2016-08-04 20:05:04,569 INFO [org.junit.Test] zero00224
2016-08-04 20:05:04,569 INFO [org.junit.Test] zero00225
2016-08-04 20:05:04,569 INFO [org.junit.Test] zero00226
2016-08-04 20:05:04,569 INFO [org.junit.Test] zero00227
2016-08-04 20:05:04,569 INFO [org.junit.Test] zero00228
2016-08-04 20:05:04,569 INFO [org.junit.Test] zero00229
2016-08-04 20:05:04,569 INFO [org.junit.Test] zero00230
2016-08-04 20:05:04,569 INFO [org.junit.Test] zero00231
2016-08-04 20:05:04,569 INFO [org.junit.Test] zero00232
2016-08-04 20:05:04,569 INFO [org.junit.Test] zero00233
2016-08-04 20:05:04,569 INFO [org.junit.Test] zero00234
2016-08-04 20:05:04,569 INFO [org.junit.Test] zero00235
2016-08-04 20:05:04,569 INFO [org.junit.Test] zero00236
2016-08-04 20:05:04,569 INFO [org.junit.Test] zero00237
2016-08-04 20:05:04,569 INFO [org.junit.Test] zero00238
2016-08-04 20:05:04,569 INFO [org.junit.Test] zero00239
2016-08-04 20:05:04,569 INFO [org.junit.Test] zero00240
2016-08-04 20:05:04,569 INFO [org.junit.Test] zero00241
2016-08-04 20:05:04,569 INFO [org.junit.Test] zero00242
2016-08-04 20:05:04,569 INFO [org.junit.Test] zero00243
2016-08-04 20:05:04,569 INFO [org.junit.Test] zero00244
2016-08-04 20:05:04,569 INFO [org.junit.Test] zero00245
2016-08-04 20:05:04,569 INFO [org.junit.Test] zero00246
2016-08-04 20:05:04,569 INFO [org.junit.Test] zero00247
2016-08-04 20:05:04,569 INFO [org.junit.Test] zero00248
2016-08-04 20:05:04,569 INFO [org.junit.Test] zero00249
2016-08-04 20:05:04,569 INFO [org.junit.Test] zero00250
2016-08-04 20:05:04,569 INFO [org.junit.Test] zero00251
2016-08-04 20:05:04,569 INFO [org.junit.Test] zero00252
2016-08-04 20:05:04,569 INFO [org.junit.Test] zero00253
2016-08-04 20:05:04,569 INFO [org.junit.Test] zero00254
2016-08-04 20:05:04,569 INFO [org.junit.Test] zero00255
2016-08-04 20:05:04,569 INFO [org.junit.Test] zero00256
2016-08-04 20:05:04,569 INFO [org.junit.Test] zero00257
2016-08-04 20:05:04,569 INFO [org.junit.Test] zero00258
2016-08-04 20:05:04,569 INFO [org.junit.Test] zero00259
2016-08-04 20:05:04,569 INFO [org.junit.Test] zero00260
2016-08-04 20:05:04,569 INFO [org.junit.Test] zero00261
2016-08-04 20:05:04,569 INFO [org.junit.Test] zero00262
2016-08-04 20:05:04,569 INFO [org.junit.Test] zero00263
2016-08-04 20:05:04,569 INFO [org.junit.Test] zero00264
2016-08-04 20:05:04,569 INFO [org.junit.Test] zero00265
2016-08-04 20:05:04,569 INFO [org.junit.Test] zero00266
2016-08-04 20:05:04,569 INFO [org.junit.Test] zero00267
2016-08-04 20:05:04,569 INFO [org.junit.Test] zero00268
2016-08-04 20:05:04,569 INFO [org.junit.Test] zero00269
2016-08-04 20:05:04,569 INFO [org.junit.Test] zero00270
2016-08-04 20:05:04,569 INFO [org.junit.Test] zero00271
2016-08-04 20:05:04,569 INFO [org.junit.Test] zero00272
2016-08-04 20:05:04,569 INFO [org.junit.Test] zero00273
2016-08-04 20:05:04,569 INFO [org.junit.Test] zero00274
2016-08-04 20:05:04,569 INFO [org.junit.Test] zero00275
2016-08-04 20:05:04,569 INFO [org.junit.Test] zero00276
2016-08-04 20:05:04,569 INFO [org.junit.Test] zero00277
2016-08-04 20:05:04,569 INFO [org.junit.Test] zero00278
2016-08-04 20:05:04,569 INFO [org.junit.Test] zero00279
2016-08-04 20:05:04,569 INFO [org.junit.Test] zero00280
2016-08-04 20:05:04,569 INFO [org.junit.Test] zero00281
2016-08-04 20:05:04,569 INFO [org.junit.Test] zero00282
2016-08-04 20:05:04,569 INFO [org.junit.Test] zero00283
2016-08-04 20:05:04,569 INFO [org.junit.Test] zero00284
2016-08-04 20:05:04,569 INFO [org.junit.Test] zero00285
2016-08-04 20:05:04,569 INFO [org.junit.Test] zero00286
2016-08-04 20:05:04,569 INFO [org.junit.Test] zero00287
2016-08-04 20:05:04,569 INFO [org.junit.Test] zero00288
2016-08-04 20:05:04,569 INFO [org.junit.Test] zero00289
2016-08-04 20:05:04,569 INFO [org.junit.Test] zero00290
2016-08-04 20:05:04,569 INFO [org.junit.Test] zero00291
2016-08-04 20:05:04,569 INFO [org.junit.Test] zero00292
2016-08-04 20:05:04,569 INFO [org.junit.Test] zero00293
2016-08-04 20:05:04,569 INFO [org.junit.Test] zero00294
2016-08-04 20:05:04,569 INFO [org.junit.Test] zero00295
2016-08-04 20:05:04,569 INFO [org.junit.Test] zero00296
2016-08-04 20:05:04,569 INFO [org.junit.Test] zero00297
2016-08-04 20:05:04,569 INFO [org.junit.Test] zero00298
2016-08-04 20:05:04,569 INFO [org.junit.Test] zero00299
2016-08-04 20:05:04,569 INFO [org.junit.Test] zero00300
2016-08-04 20:05:04,569 INFO [org.junit.Test] zero00301
2016-08-04 20:05:04,569 INFO [org.junit.Test] zero00302
2016-08-04 20:05:04,569 INFO [org.junit.Test] zero00303
2016-08-04 20:05:04,569 INFO [org.junit.Test] zero00304
2016-08-04 20:05:04,569 INFO [org.junit.Test] zero00305
2016-08-04 20:05:04,569 INFO [org.junit.Test] zero00306
2016-08-04 20:05:04,569 INFO [org.junit.Test] zero00307
2016-08-04 20:05:04,569 INFO [org.junit.Test] zero00308
2016-08-04 20:05:04,569 INFO [org.junit.Test] zero00309
2016-08-04 20:05:04,569 INFO [org.junit.Test] zero00310
2016-08-04 20:05:04,569 INFO [org.junit.Test] zero00311
2016-08-04 20:05:04,569 INFO [org.junit.Test] zero00312
2016-08-04 20:05:04,569 INFO [org.junit.Test] zero00313
2016-08-04 20:05:04,569 INFO [org.junit.Test] zero00314
2016-08-04 20:05:04,569 INFO [org.junit.Test] zero00315
2016-08-04 20:05:04,569 INFO [org.junit.Test] zero00316
2016-08-04 20:05:04,569 INFO [org.junit.Test] zero00317
2016-08-04 20:05:04,569 INFO [org.junit.Test] zero00318
2016-08-04 20:05:04,569 INFO [org.junit.Test] zero00319
2016-08-04 20:05:04,569 INFO [org.junit.Test] zero00320
2016-08-04 20:05:04,569 INFO [org.junit.Test] zero00321
2016-08-04 20:05:04,569 INFO [org.junit.Test] zero00322
2016-08-04 20:05:04,569 INFO [org.junit.Test] zero00323
2016-08-04 20:05:04,569 INFO [org.junit.Test] zero00324
2016-08-04 20:05:04,569 INFO [org.junit.Test] zero00325
2016-08-04 20:05:04,569 INFO [org.junit.Test] zero00326
2016-08-04 20:05:04,569 INFO [org.junit.Test] zero00327
2016-08-04 20:05:04,569 INFO [org.junit.Test] zero00328
2016-08-04 20:05:04,569 INFO [org.junit.Test] zero00329
2016-08-04 20:05:04,569 INFO [org.junit.Test] zero00330
2016-08-04 20:05:04,569 INFO [org.junit.Test] zero00331
2016-08-04 20:05:04,569 INFO [org.junit.Test] zero00332
2016-08-04 20:05:04,569 INFO [org.junit.Test] zero00333
2016-08-04 20:05:04,569 INFO [org.junit.Test] zero00334
2016-08-04 20:05:04,569 INFO [org.junit.Test] zero00335
2016-08-04 20:05:04,569 INFO [org.junit.Test] zero00336
2016-08-04 20:05:04,569 INFO [org.junit.Test] zero00337
2016-08-04 20:05:04,569 INFO [org.junit.Test] zero00338
2016-08-04 20:05:04,569 INFO [org.junit.Test] zero00339
2016-08-04 20:05:04,569 INFO [org.junit.Test] zero00340
2016-08-04 20:05:04,569 INFO [org.junit.Test] zero00341
2016-08-04 20:05:04,569 INFO [org.junit.Test] zero00342
2016-08-04 20:05:04,569 INFO [org.junit.Test] zero00343
2016-08-04 20:05:04,569 INFO [org.junit.Test] zero00344
2016-08-04 20:05:04,569 INFO [org.junit.Test] zero00345
2016-08-04 20:05:04,569 INFO [org.junit.Test] zero00346
2016-08-04 20:05:04,569 INFO [org.junit.Test] zero00347
2016-08-04 20:05:04,569 INFO [org.junit.Test] zero00348
2016-08-04 20:05:04,569 INFO [org.junit.Test] zero00349
2016-08-04 20:05:04,569 INFO [org.junit.Test] zero00350
2016-08-04 20:05:04,569 INFO [org.junit.Test] zero00351
2016-08-04 20:05:04,569 INFO [org.junit.Test] zero00352
2016-08-04 20:05:04,569 INFO [org.junit.Test] zero00353
2016-08-04 20:05:04,569 INFO [org.junit.Test] zero00354
2016-08-04 20:05:04,569 INFO [org.junit.Test] zero00355
2016-08-04 20:05:04,569 INFO [org.junit.Test] zero00356
2016-08-04 20:05:04,569 INFO [org.junit.Test] zero00357
2016-08-04 20:05:04,569 INFO [org.junit.Test] zero00358
2016-08-04 20:05:04,569 INFO [org.junit.Test] zero00359
2016-08-04 20:05:04,569 INFO [org.junit.Test] zero00360
2016-08-04 20:05:04,569 INFO [org.junit.Test] zero00361
2016-08-04 20:05:04,569 INFO [org.junit.Test] zero00362
2016-08-04 20:05:04,569 INFO [org.junit.Test] zero00363
2016-08-04 20:05:04,569 INFO [org.junit.Test] zero00364
2016-08-04 20:05:04,569 INFO [org.junit.Test] zero00365
2016-08-04 20:05:04,569 INFO [org.junit.Test] zero00366
2016-08-04 20:05:04,569 INFO [org.junit.Test] zero00367
2016-08-04 20:05:04,569 INFO [org.junit.Test] zero00368
2016-08-04 20:05:04,569 INFO [org.junit.Test] zero00369
2016-08-04 20:05:04,569 INFO [org.junit.Test] zero00370
2016-08-04 20:05:04,569 INFO [org.junit.Test] zero00371
2016-08-04 20:05:04,569 INFO [org.junit.Test] zero00372
2016-08-04 20:05:04,569 INFO [org.junit.Test] zero00373
2016-08-04 20:05:04,569 INFO [org.junit.Test] zero00374
2016-08-04 20:05:04,569 INFO [org.junit.Test] zero00375
2016-08-04 20:05:04,569 INFO [org.junit.Test] zero00376
2016-08-04 20:05:04,569 INFO [org.junit.Test] zero00377
2016-08-04 20:05:04,569 INFO [org.junit.Test] zero00378
2016-08-04 20:05:04,569 INFO [org.junit.Test] zero00379
2016-08-04 20:05:04,569 INFO [org.junit.Test] zero00380
2016-08-04 20:05:04,569 INFO [org.junit.Test] zero00381
2016-08-04 20:05:04,569 INFO [org.junit.Test] zero00382
2016-08-04 20:05:04,569 INFO [org.junit.Test] zero00383
2016-08-04 20:05:04,569 INFO [org.junit.Test] zero00384
2016-08-04 20:05:04,569 INFO [org.junit.Test] zero00385
2016-08-04 20:05:04,569 INFO [org.junit.Test] zero00386
2016-08-04 20:05:04,569 INFO [org.junit.Test] zero00387
2016-08-04 20:05:04,569 INFO [org.junit.Test] zero00388
2016-08-04 20:05:04,569 INFO [org.junit.Test] zero00389
2016-08-04 20:05:04,569 INFO [org.junit.Test] zero00390
2016-08-04 20:05:04,569 INFO [org.junit.Test] zero00391
2016-08-04 20:05:04,569 INFO [org.junit.Test] zero00392
2016-08-04 20:05:04,569 INFO [org.junit.Test] zero00393
2016-08-04 20:05:04,569 INFO [org.junit.Test] zero00394
2016-08-04 20:05:04,569 INFO [org.junit.Test] zero00395
2016-08-04 20:05:04,569 INFO [org.junit.Test] zero00396
2016-08-04 20:05:04,569 INFO [org.junit.Test] zero00397
2016-08-04 20:05:04,569 INFO [org.junit.Test] zero00398
2016-08-04 20:05:04,569 INFO [org.junit.Test] zero00399
2016-08-04 20:05:04,569 INFO [org.junit.Test] zero00400
2016-08-04 20:05:04,569 INFO [org.junit.Test] zero00401
2016-08-04 20:05:04,569 INFO [org.junit.Test] zero00402
2016-08-04 20:05:04,569 INFO [org.junit.Test] zero00403
2016-08-04 20:05:04,569 INFO [org.junit.Test] zero00404
2016-08-04 20:05:04,569 INFO [org.junit.Test] zero00405
2016-08-04 20:05:04,569 INFO [org.junit.Test] zero00406
2016-08-04 20:05:04,569 INFO [org.junit.Test] zero00407
2016-08-04 20:05:04,569 INFO [org.junit.Test] zero00408
2016-08-04 20:05:04,569 INFO [org.junit.Test] zero00409
2016-08-04 20:05:04,569 INFO [org.junit.Test] zero00410
2016-08-04 20:05:04,569 INFO [org.junit.Test] zero00411
2016-08-04 20:05:04,569 INFO [org.junit.Test] zero00412
2016-08-04 20:05:04,569 INFO [org.junit.Test] zero00413
2016-08-04 20:05:04,569 INFO [org.junit.Test] zero00414
2016-08-04 20:05:04,569 INFO [org.junit.Test] zero00415
2016-08-04 20:05:04,569 INFO [org.junit.Test] zero00416
2016-08-04 20:05:04,569 INFO [org.junit.Test] zero00417
2016-08-04 20:05:04,569 INFO [org.junit.Test] zero00418
2016-08-04 20:05:04,569 INFO [org.junit.Test] zero00419
2016-08-04 20:05:04,569 INFO [org.junit.Test] zero00420
2016-08-04 20:05:04,569 INFO [org.junit.Test] zero00421
2016-08-04 20:05:04,569 INFO [org.junit.Test] zero00422
2016-08-04 20:05:04,569 INFO [org.junit.Test] zero00423
2016-08-04 20:05:04,569 INFO [org.junit.Test] zero00424
2016-08-04 20:05:04,569 INFO [org.junit.Test] zero00425
2016-08-04 20:05:04,569 INFO [org.junit.Test] zero00426
2016-08-04 20:05:04,569 INFO [org.junit.Test] zero00427
2016-08-04 20:05:04,569 INFO [org.junit.Test] zero00428
2016-08-04 20:05:04,569 INFO [org.junit.Test] zero00429
2016-08-04 20:05:04,569 INFO [org.junit.Test] zero00430
2016-08-04 20:05:04,569 INFO [org.junit.Test] zero00431
2016-08-04 20:05:04,569 INFO [org.junit.Test] zero00432
2016-08-04 20:05:04,569 INFO [org.junit.Test] zero00433
2016-08-04 20:05:04,569 INFO [org.junit.Test] zero00434
2016-08-04 20:05:04,569 INFO [org.junit.Test] zero00435
2016-08-04 20:05:04,569 INFO [org.junit.Test] zero00436
2016-08-04 20:05:04,569 INFO [org.junit.Test] zero00437
2016-08-04 20:05:04,569 INFO [org.junit.Test] zero00438
2016-08-04 20:05:04,569 INFO [org.junit.Test] zero00439
2016-08-04 20:05:04,569 INFO [org.junit.Test] zero00440
2016-08-04 20:05:04,569 INFO [org.junit.Test] zero00441
2016-08-04 20:05:04,569 INFO [org.junit.Test] zero00442
2016-08-04 20:05:04,569 INFO [org.junit.Test] zero00443
2016-08-04 20:05:04,569 INFO [org.junit.Test] zero00444
2016-08-04 20:05:04,569 INFO [org.junit.Test] zero00445
2016-08-04 20:05:04,569 INFO [org.junit.Test] zero00446
2016-08-04 20:05:04,569 INFO [org.junit.Test] zero00447
2016-08-04 20:05:04,569 INFO [org.junit.Test] zero00448
2016-08-04 20:05:04,569 INFO [org.junit.Test] zero00449
2016-08-04 20:05:04,569 INFO [org.junit.Test] zero00450
2016-08-04 20:05:04,569 INFO [org.junit.Test] zero00451
2016-08-04 20:05:04,569 INFO [org.junit.Test] zero00452
2016-08-04 20:05:04,569 INFO [org.junit.Test] zero00453
2016-08-04 20:05:04,569 INFO [org.junit.Test] zero00454
2016-08-04 20:05:04,569 INFO [org.junit.Test] zero00455
2016-08-04 20:05:04,569 INFO [org.junit.Test] zero00456
2016-08-04 20:05:04,569 INFO [org.junit.Test] zero00457
2016-08-04 20:05:04,569 INFO [org.junit.Test] zero00458
2016-08-04 20:05:04,569 INFO [org.junit.Test] zero00459
2016-08-04 20:05:04,569 INFO [org.junit.Test] zero00460
2016-08-04 20:05:04,569 INFO [org.junit.Test] zero00461
2016-08-04 20:05:04,569 INFO [org.junit.Test] zero00462
2016-08-04 20:05:04,569 INFO [org.junit.Test] zero00463
2016-08-04 20:05:04,569 INFO [org.junit.Test] zero00464
2016-08-04 20:05:04,569 INFO [org.junit.Test] zero00465
2016-08-04 20:05:04,569 INFO [org.junit.Test] zero00466
2016-08-04 20:05:04,569 INFO [org.junit.Test] zero00467
2016-08-04 20:05:04,569 INFO [org.junit.Test] zero00468
2016-08-04 20:05:04,569 INFO [org.junit.Test] zero00469
2016-08-04 20:05:04,569 INFO [org.junit.Test] zero00470
2016-08-04 20:05:04,570 INFO [org.junit.Test] zero00471
2016-08-04 20:05:04,570 INFO [org.junit.Test] zero00472
2016-08-04 20:05:04,570 INFO [org.junit.Test] zero00473
2016-08-04 20:05:04,570 INFO [org.junit.Test] zero00474
2016-08-04 20:05:04,570 INFO [org.junit.Test] zero00475
2016-08-04 20:05:04,570 INFO [org.junit.Test] zero00476
2016-08-04 20:05:04,570 INFO [org.junit.Test] zero00477
2016-08-04 20:05:04,570 INFO [org.junit.Test] zero00478
2016-08-04 20:05:04,570 INFO [org.junit.Test] zero00479
2016-08-04 20:05:04,570 INFO [org.junit.Test] zero00480
2016-08-04 20:05:04,570 INFO [org.junit.Test] zero00481
2016-08-04 20:05:04,570 INFO [org.junit.Test] zero00482
2016-08-04 20:05:04,570 INFO [org.junit.Test] zero00483
2016-08-04 20:05:04,570 INFO [org.junit.Test] zero00484
2016-08-04 20:05:04,570 INFO [org.junit.Test] zero00485
2016-08-04 20:05:04,570 INFO [org.junit.Test] zero00486
2016-08-04 20:05:04,570 INFO [org.junit.Test] zero00487
2016-08-04 20:05:04,570 INFO [org.junit.Test] zero00488
2016-08-04 20:05:04,570 INFO [org.junit.Test] zero00489
2016-08-04 20:05:04,570 INFO [org.junit.Test] zero00490
2016-08-04 20:05:04,570 INFO [org.junit.Test] zero00491
2016-08-04 20:05:04,570 INFO [org.junit.Test] zero00492
2016-08-04 20:05:04,570 INFO [org.junit.Test] zero00493
2016-08-04 20:05:04,570 INFO [org.junit.Test] zero00494
2016-08-04 20:05:04,570 INFO [org.junit.Test] zero00495
2016-08-04 20:05:04,570 INFO [org.junit.Test] zero00496
2016-08-04 20:05:04,570 INFO [org.junit.Test] zero00497
2016-08-04 20:05:04,570 INFO [org.junit.Test] zero00498
2016-08-04 20:05:04,570 INFO [org.junit.Test] zero00499
2016-08-04 20:05:04,570 INFO [org.junit.Test] zero00500
2016-08-04 20:05:04,570 INFO [org.junit.Test] zero00501
2016-08-04 20:05:04,570 INFO [org.junit.Test] zero00502
2016-08-04 20:05:04,570 INFO [org.junit.Test] zero00503
2016-08-04 20:05:04,570 INFO [org.junit.Test] zero00504
2016-08-04 20:05:04,570 INFO [org.junit.Test] zero00505
2016-08-04 20:05:04,570 INFO [org.junit.Test] zero00506
2016-08-04 20:05:04,570 INFO [org.junit.Test] zero00507
2016-08-04 20:05:04,570 INFO [org.junit.Test] zero00508
2016-08-04 20:05:04,570 INFO [org.junit.Test] zero00509
2016-08-04 20:05:04,570 INFO [org.junit.Test] zero00510
2016-08-04 20:05:04,570 INFO [org.junit.Test] zero00511
2016-08-04 20:05:04,570 INFO [org.junit.Test] zero00512
2016-08-04 20:05:04,570 INFO [org.junit.Test] zero00513
2016-08-04 20:05:04,570 INFO [org.junit.Test] zero00514
2016-08-04 20:05:04,570 INFO [org.junit.Test] zero00515
2016-08-04 20:05:04,570 INFO [org.junit.Test] zero00516
2016-08-04 20:05:04,570 INFO [org.junit.Test] zero00517
2016-08-04 20:05:04,570 INFO [org.junit.Test] zero00518
2016-08-04 20:05:04,570 INFO [org.junit.Test] zero00519
2016-08-04 20:05:04,570 INFO [org.junit.Test] zero00520
2016-08-04 20:05:04,570 INFO [org.junit.Test] zero00521
2016-08-04 20:05:04,570 INFO [org.junit.Test] zero00522
2016-08-04 20:05:04,570 INFO [org.junit.Test] zero00523
2016-08-04 20:05:04,570 INFO [org.junit.Test] zero00524
2016-08-04 20:05:04,570 INFO [org.junit.Test] zero00525
2016-08-04 20:05:04,570 INFO [org.junit.Test] zero00526
2016-08-04 20:05:04,570 INFO [org.junit.Test] zero00527
2016-08-04 20:05:04,570 INFO [org.junit.Test] zero00528
2016-08-04 20:05:04,570 INFO [org.junit.Test] zero00529
2016-08-04 20:05:04,570 INFO [org.junit.Test] zero00530
2016-08-04 20:05:04,570 INFO [org.junit.Test] zero00531
2016-08-04 20:05:04,570 INFO [org.junit.Test] zero00532
2016-08-04 20:05:04,570 INFO [org.junit.Test] zero00533
2016-08-04 20:05:04,570 INFO [org.junit.Test] zero00534
2016-08-04 20:05:04,570 INFO [org.junit.Test] zero00535
2016-08-04 20:05:04,570 INFO [org.junit.Test] zero00536
2016-08-04 20:05:04,570 INFO [org.junit.Test] zero00537
2016-08-04 20:05:04,570 INFO [org.junit.Test] zero00538
2016-08-04 20:05:04,570 INFO [org.junit.Test] zero00539
2016-08-04 20:05:04,570 INFO [org.junit.Test] zero00540
2016-08-04 20:05:04,570 INFO [org.junit.Test] zero00541
2016-08-04 20:05:04,570 INFO [org.junit.Test] zero00542
2016-08-04 20:05:04,570 INFO [org.junit.Test] zero00543
2016-08-04 20:05:04,570 INFO [org.junit.Test] zero00544
2016-08-04 20:05:04,570 INFO [org.junit.Test] zero00545
2016-08-04 20:05:04,570 INFO [org.junit.Test] zero00546
2016-08-04 20:05:04,570 INFO [org.junit.Test] zero00547
2016-08-04 20:05:04,570 INFO [org.junit.Test] zero00548
2016-08-04 20:05:04,570 INFO [org.junit.Test] zero00549
2016-08-04 20:05:04,570 INFO [org.junit.Test] zero00550
2016-08-04 20:05:04,570 INFO [org.junit.Test] zero00551
2016-08-04 20:05:04,570 INFO [org.junit.Test] zero00552
2016-08-04 20:05:04,570 INFO [org.junit.Test] zero00553
2016-08-04 20:05:04,570 INFO [org.junit.Test] zero00554
2016-08-04 20:05:04,570 INFO [org.junit.Test] zero00555
2016-08-04 20:05:04,570 INFO [org.junit.Test] zero00556
2016-08-04 20:05:04,570 INFO [org.junit.Test] zero00557
2016-08-04 20:05:04,570 INFO [org.junit.Test] zero00558
2016-08-04 20:05:04,570 INFO [org.junit.Test] zero00559
2016-08-04 20:05:04,570 INFO [org.junit.Test] zero00560
2016-08-04 20:05:04,570 INFO [org.junit.Test] zero00561
2016-08-04 20:05:04,570 INFO [org.junit.Test] zero00562
2016-08-04 20:05:04,570 INFO [org.junit.Test] zero00563
2016-08-04 20:05:04,570 INFO [org.junit.Test] zero00564
2016-08-04 20:05:04,570 INFO [org.junit.Test] zero00565
2016-08-04 20:05:04,570 INFO [org.junit.Test] zero00566
2016-08-04 20:05:04,570 INFO [org.junit.Test] zero00567
2016-08-04 20:05:04,570 INFO [org.junit.Test] zero00568
2016-08-04 20:05:04,570 INFO [org.junit.Test] zero00569
2016-08-04 20:05:04,570 INFO [org.junit.Test] zero00570
2016-08-04 20:05:04,570 INFO [org.junit.Test] zero00571
2016-08-04 20:05:04,570 INFO [org.junit.Test] zero00572
2016-08-04 20:05:04,570 INFO [org.junit.Test] zero00573
2016-08-04 20:05:04,570 INFO [org.junit.Test] zero00574
2016-08-04 20:05:04,570 INFO [org.junit.Test] zero00575
2016-08-04 20:05:04,570 INFO [org.junit.Test] zero00576
2016-08-04 20:05:04,570 INFO [org.junit.Test] zero00577
2016-08-04 20:05:04,570 INFO [org.junit.Test] zero00578
2016-08-04 20:05:04,570 INFO [org.junit.Test] zero00579
2016-08-04 20:05:04,570 INFO [org.junit.Test] zero00580
2016-08-04 20:05:04,570 INFO [org.junit.Test] zero00581
2016-08-04 20:05:04,570 INFO [org.junit.Test] zero00582
2016-08-04 20:05:04,570 INFO [org.junit.Test] zero00583
2016-08-04 20:05:04,570 INFO [org.junit.Test] zero00584
2016-08-04 20:05:04,570 INFO [org.junit.Test] zero00585
2016-08-04 20:05:04,570 INFO [org.junit.Test] zero00586
2016-08-04 20:05:04,570 INFO [org.junit.Test] zero00587
2016-08-04 20:05:04,570 INFO [org.junit.Test] zero00588
2016-08-04 20:05:04,570 INFO [org.junit.Test] zero00589
2016-08-04 20:05:04,570 INFO [org.junit.Test] zero00590
2016-08-04 20:05:04,570 INFO [org.junit.Test] zero00591
2016-08-04 20:05:04,570 INFO [org.junit.Test] zero00592
2016-08-04 20:05:04,570 INFO [org.junit.Test] zero00593
2016-08-04 20:05:04,570 INFO [org.junit.Test] zero00594
2016-08-04 20:05:04,570 INFO [org.junit.Test] zero00595
2016-08-04 20:05:04,570 INFO [org.junit.Test] zero00596
2016-08-04 20:05:04,570 INFO [org.junit.Test] zero00597
2016-08-04 20:05:04,570 INFO [org.junit.Test] zero00598
2016-08-04 20:05:04,570 INFO [org.junit.Test] zero00599
2016-08-04 20:05:04,570 INFO [org.junit.Test] zero00600
2016-08-04 20:05:04,570 INFO [org.junit.Test] zero00601
2016-08-04 20:05:04,570 INFO [org.junit.Test] zero00602
2016-08-04 20:05:04,570 INFO [org.junit.Test] zero00603
2016-08-04 20:05:04,570 INFO [org.junit.Test] zero00604
2016-08-04 20:05:04,570 INFO [org.junit.Test] zero00605
2016-08-04 20:05:04,570 INFO [org.junit.Test] zero00606
2016-08-04 20:05:04,570 INFO [org.junit.Test] zero00607
2016-08-04 20:05:04,570 INFO [org.junit.Test] zero00608
2016-08-04 20:05:04,570 INFO [org.junit.Test] zero00609
2016-08-04 20:05:04,570 INFO [org.junit.Test] zero00610
2016-08-04 20:05:04,570 INFO [org.junit.Test] zero00611
2016-08-04 20:05:04,570 INFO [org.junit.Test] zero00612
2016-08-04 20:05:04,570 INFO [org.junit.Test] zero00613
2016-08-04 20:05:04,570 INFO [org.junit.Test] zero00614
2016-08-04 20:05:04,570 INFO [org.junit.Test] zero00615
2016-08-04 20:05:04,570 INFO [org.junit.Test] zero00616
2016-08-04 20:05:04,570 INFO [org.junit.Test] zero00617
2016-08-04 20:05:04,570 INFO [org.junit.Test] zero00618
2016-08-04 20:05:04,570 INFO [org.junit.Test] zero00619
2016-08-04 20:05:04,570 INFO [org.junit.Test] zero00620
2016-08-04 20:05:04,570 INFO [org.junit.Test] zero00621
2016-08-04 20:05:04,570 INFO [org.junit.Test] zero00622
2016-08-04 20:05:04,570 INFO [org.junit.Test] zero00623
2016-08-04 20:05:04,570 INFO [org.junit.Test] zero00624
2016-08-04 20:05:04,570 INFO [org.junit.Test] zero00625
2016-08-04 20:05:04,570 INFO [org.junit.Test] zero00626
2016-08-04 20:05:04,570 INFO [org.junit.Test] zero00627
2016-08-04 20:05:04,570 INFO [org.junit.Test] zero00628
2016-08-04 20:05:04,570 INFO [org.junit.Test] zero00629
2016-08-04 20:05:04,570 INFO [org.junit.Test] zero00630
2016-08-04 20:05:04,570 INFO [org.junit.Test] zero00631
2016-08-04 20:05:04,570 INFO [org.junit.Test] zero00632
2016-08-04 20:05:04,570 INFO [org.junit.Test] zero00633
2016-08-04 20:05:04,570 INFO [org.junit.Test] zero00634
2016-08-04 20:05:04,570 INFO [org.junit.Test] zero00635
2016-08-04 20:05:04,570 INFO [org.junit.Test] zero00636
2016-08-04 20:05:04,570 INFO [org.junit.Test] zero00637
2016-08-04 20:05:04,570 INFO [org.junit.Test] zero00638
2016-08-04 20:05:04,570 INFO [org.junit.Test] zero00639
2016-08-04 20:05:04,570 INFO [org.junit.Test] zero00640
2016-08-04 20:05:04,570 INFO [org.junit.Test] zero00641
2016-08-04 20:05:04,570 INFO [org.junit.Test] zero00642
2016-08-04 20:05:04,570 INFO [org.junit.Test] zero00643
2016-08-04 20:05:04,570 INFO [org.junit.Test] zero00644
2016-08-04 20:05:04,570 INFO [org.junit.Test] zero00645
2016-08-04 20:05:04,570 INFO [org.junit.Test] zero00646
2016-08-04 20:05:04,570 INFO [org.junit.Test] zero00647
2016-08-04 20:05:04,570 INFO [org.junit.Test] zero00648
2016-08-04 20:05:04,570 INFO [org.junit.Test] zero00649
2016-08-04 20:05:04,570 INFO [org.junit.Test] zero00650
2016-08-04 20:05:04,570 INFO [org.junit.Test] zero00651
2016-08-04 20:05:04,570 INFO [org.junit.Test] zero00652
2016-08-04 20:05:04,570 INFO [org.junit.Test] zero00653
2016-08-04 20:05:04,570 INFO [org.junit.Test] zero00654
2016-08-04 20:05:04,570 INFO [org.junit.Test] zero00655
2016-08-04 20:05:04,570 INFO [org.junit.Test] zero00656
2016-08-04 20:05:04,570 INFO [org.junit.Test] zero00657
2016-08-04 20:05:04,570 INFO [org.junit.Test] zero00658
2016-08-04 20:05:04,570 INFO [org.junit.Test] zero00659
2016-08-04 20:05:04,570 INFO [org.junit.Test] zero00660
2016-08-04 20:05:04,570 INFO [org.junit.Test] zero00661
2016-08-04 20:05:04,570 INFO [org.junit.Test] zero00662
2016-08-04 20:05:04,570 INFO [org.junit.Test] zero00663
2016-08-04 20:05:04,570 INFO [org.junit.Test] zero00664
2016-08-04 20:05:04,570 INFO [org.junit.Test] zero00665
2016-08-04 20:05:04,570 INFO [org.junit.Test] zero00666
2016-08-04 20:05:04,570 INFO [org.junit.Test] zero00667
2016-08-04 20:05:04,570 INFO [org.junit.Test] zero00668
2016-08-04 20:05:04,570 INFO [org.junit.Test] zero00669
2016-08-04 20:05:04,570 INFO [org.junit.Test] zero00670
2016-08-04 20:05:04,570 INFO [org.junit.Test] zero00671
2016-08-04 20:05:04,570 INFO [org.junit.Test] zero00672
2016-08-04 20:05:04,570 INFO [org.junit.Test] zero00673
2016-08-04 20:05:04,570 INFO [org.junit.Test] zero00674
2016-08-04 20:05:04,570 INFO [org.junit.Test] zero00675
2016-08-04 20:05:04,570 INFO [org.junit.Test] zero00676
2016-08-04 20:05:04,570 INFO [org.junit.Test] zero00677
2016-08-04 20:05:04,570 INFO [org.junit.Test] zero00678
2016-08-04 20:05:04,570 INFO [org.junit.Test] zero00679
2016-08-04 20:05:04,570 INFO [org.junit.Test] zero00680
2016-08-04 20:05:04,570 INFO [org.junit.Test] zero00681
2016-08-04 20:05:04,570 INFO [org.junit.Test] zero00682
2016-08-04 20:05:04,570 INFO [org.junit.Test] zero00683
2016-08-04 20:05:04,570 INFO [org.junit.Test] zero00684
2016-08-04 20:05:04,570 INFO [org.junit.Test] zero00685
2016-08-04 20:05:04,570 INFO [org.junit.Test] zero00686
2016-08-04 20:05:04,570 INFO [org.junit.Test] zero00687
2016-08-04 20:05:04,570 INFO [org.junit.Test] zero00688
2016-08-04 20:05:04,570 INFO [org.junit.Test] zero00689
2016-08-04 20:05:04,570 INFO [org.junit.Test] zero00690
2016-08-04 20:05:04,570 INFO [org.junit.Test] zero00691
2016-08-04 20:05:04,570 INFO [org.junit.Test] zero00692
2016-08-04 20:05:04,570 INFO [org.junit.Test] zero00693
2016-08-04 20:05:04,570 INFO [org.junit.Test] zero00694
2016-08-04 20:05:04,570 INFO [org.junit.Test] zero00695
2016-08-04 20:05:04,570 INFO [org.junit.Test] zero00696
2016-08-04 20:05:04,570 INFO [org.junit.Test] zero00697
2016-08-04 20:05:04,570 INFO [org.junit.Test] zero00698
2016-08-04 20:05:04,570 INFO [org.junit.Test] zero00699
2016-08-04 20:05:04,570 INFO [org.junit.Test] zero00700
2016-08-04 20:05:04,570 INFO [org.junit.Test] zero00701
2016-08-04 20:05:04,570 INFO [org.junit.Test] zero00702
2016-08-04 20:05:04,570 INFO [org.junit.Test] zero00703
2016-08-04 20:05:04,570 INFO [org.junit.Test] zero00704
2016-08-04 20:05:04,570 INFO [org.junit.Test] zero00705
2016-08-04 20:05:04,570 INFO [org.junit.Test] zero00706
2016-08-04 20:05:04,570 INFO [org.junit.Test] zero00707
2016-08-04 20:05:04,570 INFO [org.junit.Test] zero00708
2016-08-04 20:05:04,570 INFO [org.junit.Test] zero00709
2016-08-04 20:05:04,570 INFO [org.junit.Test] zero00710
2016-08-04 20:05:04,570 INFO [org.junit.Test] zero00711
2016-08-04 20:05:04,570 INFO [org.junit.Test] zero00712
2016-08-04 20:05:04,570 INFO [org.junit.Test] zero00713
2016-08-04 20:05:04,570 INFO [org.junit.Test] zero00714
2016-08-04 20:05:04,570 INFO [org.junit.Test] zero00715
2016-08-04 20:05:04,570 INFO [org.junit.Test] zero00716
2016-08-04 20:05:04,570 INFO [org.junit.Test] zero00717
2016-08-04 20:05:04,570 INFO [org.junit.Test] zero00718
2016-08-04 20:05:04,570 INFO [org.junit.Test] zero00719
2016-08-04 20:05:04,570 INFO [org.junit.Test] zero00720
2016-08-04 20:05:04,570 INFO [org.junit.Test] zero00721
2016-08-04 20:05:04,570 INFO [org.junit.Test] zero00722
2016-08-04 20:05:04,570 INFO [org.junit.Test] zero00723
2016-08-04 20:05:04,570 INFO [org.junit.Test] zero00724
2016-08-04 20:05:04,570 INFO [org.junit.Test] zero00725
2016-08-04 20:05:04,570 INFO [org.junit.Test] zero00726
2016-08-04 20:05:04,570 INFO [org.junit.Test] zero00727
2016-08-04 20:05:04,570 INFO [org.junit.Test] zero00728
2016-08-04 20:05:04,570 INFO [org.junit.Test] zero00729
2016-08-04 20:05:04,570 INFO [org.junit.Test] zero00730
2016-08-04 20:05:04,570 INFO [org.junit.Test] zero00731
2016-08-04 20:05:04,570 INFO [org.junit.Test] zero00732
2016-08-04 20:05:04,570 INFO [org.junit.Test] zero00733
2016-08-04 20:05:04,570 INFO [org.junit.Test] zero00734
2016-08-04 20:05:04,570 INFO [org.junit.Test] zero00735
2016-08-04 20:05:04,570 INFO [org.junit.Test] zero00736
2016-08-04 20:05:04,570 INFO [org.junit.Test] zero00737
2016-08-04 20:05:04,570 INFO [org.junit.Test] zero00738
2016-08-04 20:05:04,570 INFO [org.junit.Test] zero00739
2016-08-04 20:05:04,570 INFO [org.junit.Test] zero00740
2016-08-04 20:05:04,570 INFO [org.junit.Test] zero00741
2016-08-04 20:05:04,570 INFO [org.junit.Test] zero00742
2016-08-04 20:05:04,570 INFO [org.junit.Test] zero00743
2016-08-04 20:05:04,570 INFO [org.junit.Test] zero00744
2016-08-04 20:05:04,570 INFO [org.junit.Test] zero00745
2016-08-04 20:05:04,570 INFO [org.junit.Test] zero00746
2016-08-04 20:05:04,570 INFO [org.junit.Test] zero00747
2016-08-04 20:05:04,570 INFO [org.junit.Test] zero00748
2016-08-04 20:05:04,570 INFO [org.junit.Test] zero00749
2016-08-04 20:05:04,570 INFO [org.junit.Test] zero00750
2016-08-04 20:05:04,570 INFO [org.junit.Test] zero00751
2016-08-04 20:05:04,570 INFO [org.junit.Test] zero00752
2016-08-04 20:05:04,570 INFO [org.junit.Test] zero00753
2016-08-04 20:05:04,570 INFO [org.junit.Test] zero00754
2016-08-04 20:05:04,570 INFO [org.junit.Test] zero00755
2016-08-04 20:05:04,570 INFO [org.junit.Test] zero00756
2016-08-04 20:05:04,570 INFO [org.junit.Test] zero00757
2016-08-04 20:05:04,570 INFO [org.junit.Test] zero00758
2016-08-04 20:05:04,570 INFO [org.junit.Test] zero00759
2016-08-04 20:05:04,570 INFO [org.junit.Test] zero00760
2016-08-04 20:05:04,570 INFO [org.junit.Test] zero00761
2016-08-04 20:05:04,570 INFO [org.junit.Test] zero00762
2016-08-04 20:05:04,570 INFO [org.junit.Test] zero00763
2016-08-04 20:05:04,570 INFO [org.junit.Test] zero00764
2016-08-04 20:05:04,570 INFO [org.junit.Test] zero00765
2016-08-04 20:05:04,570 INFO [org.junit.Test] zero00766
2016-08-04 20:05:04,570 INFO [org.junit.Test] zero00767
2016-08-04 20:05:04,570 INFO [org.junit.Test] zero00768
2016-08-04 20:05:04,570 INFO [org.junit.Test] zero00769
2016-08-04 20:05:04,570 INFO [org.junit.Test] zero00770
2016-08-04 20:05:04,570 INFO [org.junit.Test] zero00771
2016-08-04 20:05:04,570 INFO [org.junit.Test] zero00772
2016-08-04 20:05:04,570 INFO [org.junit.Test] zero00773
2016-08-04 20:05:04,571 INFO [org.junit.Test] zero00774
2016-08-04 20:05:04,571 INFO [org.junit.Test] zero00775
2016-08-04 20:05:04,571 INFO [org.junit.Test] zero00776
2016-08-04 20:05:04,571 INFO [org.junit.Test] zero00777
2016-08-04 20:05:04,571 INFO [org.junit.Test] zero00778
2016-08-04 20:05:04,571 INFO [org.junit.Test] zero00779
2016-08-04 20:05:04,571 INFO [org.junit.Test] zero00780
2016-08-04 20:05:04,571 INFO [org.junit.Test] zero00781
2016-08-04 20:05:04,571 INFO [org.junit.Test] zero00782
2016-08-04 20:05:04,571 INFO [org.junit.Test] zero00783
2016-08-04 20:05:04,571 INFO [org.junit.Test] zero00784
2016-08-04 20:05:04,571 INFO [org.junit.Test] zero00785
2016-08-04 20:05:04,571 INFO [org.junit.Test] zero00786
2016-08-04 20:05:04,571 INFO [org.junit.Test] zero00787
2016-08-04 20:05:04,571 INFO [org.junit.Test] zero00788
2016-08-04 20:05:04,571 INFO [org.junit.Test] zero00789
2016-08-04 20:05:04,571 INFO [org.junit.Test] zero00790
2016-08-04 20:05:04,571 INFO [org.junit.Test] zero00791
2016-08-04 20:05:04,571 INFO [org.junit.Test] zero00792
2016-08-04 20:05:04,571 INFO [org.junit.Test] zero00793
2016-08-04 20:05:04,571 INFO [org.junit.Test] zero00794
2016-08-04 20:05:04,571 INFO [org.junit.Test] zero00795
2016-08-04 20:05:04,571 INFO [org.junit.Test] zero00796
2016-08-04 20:05:04,571 INFO [org.junit.Test] zero00797
2016-08-04 20:05:04,571 INFO [org.junit.Test] zero00798
2016-08-04 20:05:04,571 INFO [org.junit.Test] zero00799
2016-08-04 20:05:04,571 INFO [org.junit.Test] zero00800
2016-08-04 20:05:04,571 INFO [org.junit.Test] zero00801
2016-08-04 20:05:04,571 INFO [org.junit.Test] zero00802
2016-08-04 20:05:04,571 INFO [org.junit.Test] zero00803
2016-08-04 20:05:04,571 INFO [org.junit.Test] zero00804
2016-08-04 20:05:04,571 INFO [org.junit.Test] zero00805
2016-08-04 20:05:04,571 INFO [org.junit.Test] zero00806
2016-08-04 20:05:04,571 INFO [org.junit.Test] zero00807
2016-08-04 20:05:04,571 INFO [org.junit.Test] zero00808
2016-08-04 20:05:04,571 INFO [org.junit.Test] zero00809
2016-08-04 20:05:04,571 INFO [org.junit.Test] zero00810
2016-08-04 20:05:04,571 INFO [org.junit.Test] zero00811
2016-08-04 20:05:04,571 INFO [org.junit.Test] zero00812
2016-08-04 20:05:04,571 INFO [org.junit.Test] zero00813
2016-08-04 20:05:04,571 INFO [org.junit.Test] zero00814
2016-08-04 20:05:04,571 INFO [org.junit.Test] zero00815
2016-08-04 20:05:04,571 INFO [org.junit.Test] zero00816
2016-08-04 20:05:04,571 INFO [org.junit.Test] zero00817
2016-08-04 20:05:04,571 INFO [org.junit.Test] zero00818
2016-08-04 20:05:04,571 INFO [org.junit.Test] zero00819
2016-08-04 20:05:04,571 INFO [org.junit.Test] zero00820
2016-08-04 20:05:04,571 INFO [org.junit.Test] zero00821
2016-08-04 20:05:04,571 INFO [org.junit.Test] zero00822
2016-08-04 20:05:04,571 INFO [org.junit.Test] zero00823
2016-08-04 20:05:04,571 INFO [org.junit.Test] zero00824
2016-08-04 20:05:04,571 INFO [org.junit.Test] zero00825
2016-08-04 20:05:04,571 INFO [org.junit.Test] zero00826
2016-08-04 20:05:04,571 INFO [org.junit.Test] zero00827
2016-08-04 20:05:04,571 INFO [org.junit.Test] zero00828
2016-08-04 20:05:04,571 INFO [org.junit.Test] zero00829
2016-08-04 20:05:04,571 INFO [org.junit.Test] zero00830
2016-08-04 20:05:04,571 INFO [org.junit.Test] zero00831
2016-08-04 20:05:04,571 INFO [org.junit.Test] zero00832
2016-08-04 20:05:04,571 INFO [org.junit.Test] zero00833
2016-08-04 20:05:04,571 INFO [org.junit.Test] zero00834
2016-08-04 20:05:04,571 INFO [org.junit.Test] zero00835
2016-08-04 20:05:04,571 INFO [org.junit.Test] zero00836
2016-08-04 20:05:04,571 INFO [org.junit.Test] zero00837
2016-08-04 20:05:04,571 INFO [org.junit.Test] zero00838
2016-08-04 20:05:04,571 INFO [org.junit.Test] zero00839
2016-08-04 20:05:04,571 INFO [org.junit.Test] zero00840
2016-08-04 20:05:04,571 INFO [org.junit.Test] zero00841
2016-08-04 20:05:04,571 INFO [org.junit.Test] zero00842
2016-08-04 20:05:04,571 INFO [org.junit.Test] zero00843
2016-08-04 20:05:04,571 INFO [org.junit.Test] zero00844
2016-08-04 20:05:04,571 INFO [org.junit.Test] zero00845
2016-08-04 20:05:04,571 INFO [org.junit.Test] zero00846
2016-08-04 20:05:04,571 INFO [org.junit.Test] zero00847
2016-08-04 20:05:04,571 INFO [org.junit.Test] zero00848
2016-08-04 20:05:04,571 INFO [org.junit.Test] zero00849
2016-08-04 20:05:04,571 INFO [org.junit.Test] zero00850
2016-08-04 20:05:04,571 INFO [org.junit.Test] zero00851
2016-08-04 20:05:04,571 INFO [org.junit.Test] zero00852
2016-08-04 20:05:04,571 INFO [org.junit.Test] zero00853
2016-08-04 20:05:04,571 INFO [org.junit.Test] zero00854
2016-08-04 20:05:04,571 INFO [org.junit.Test] zero00855
2016-08-04 20:05:04,571 INFO [org.junit.Test] zero00856
2016-08-04 20:05:04,571 INFO [org.junit.Test] zero00857
2016-08-04 20:05:04,571 INFO [org.junit.Test] zero00858
2016-08-04 20:05:04,571 INFO [org.junit.Test] zero00859
2016-08-04 20:05:04,571 INFO [org.junit.Test] zero00860
2016-08-04 20:05:04,571 INFO [org.junit.Test] zero00861
2016-08-04 20:05:04,571 INFO [org.junit.Test] zero00862
2016-08-04 20:05:04,571 INFO [org.junit.Test] zero00863
2016-08-04 20:05:04,571 INFO [org.junit.Test] zero00864
2016-08-04 20:05:04,571 INFO [org.junit.Test] zero00865
2016-08-04 20:05:04,571 INFO [org.junit.Test] zero00866
2016-08-04 20:05:04,571 INFO [org.junit.Test] zero00867
2016-08-04 20:05:04,571 INFO [org.junit.Test] zero00868
2016-08-04 20:05:04,571 INFO [org.junit.Test] zero00869
2016-08-04 20:05:04,571 INFO [org.junit.Test] zero00870
2016-08-04 20:05:04,571 INFO [org.junit.Test] zero00871
2016-08-04 20:05:04,571 INFO [org.junit.Test] zero00872
2016-08-04 20:05:04,571 INFO [org.junit.Test] zero00873
2016-08-04 20:05:04,571 INFO [org.junit.Test] zero00874
2016-08-04 20:05:04,571 INFO [org.junit.Test] zero00875
2016-08-04 20:05:04,571 INFO [org.junit.Test] zero00876
2016-08-04 20:05:04,571 INFO [org.junit.Test] zero00877
2016-08-04 20:05:04,571 INFO [org.junit.Test] zero00878
2016-08-04 20:05:04,571 INFO [org.junit.Test] zero00879
2016-08-04 20:05:04,571 INFO [org.junit.Test] zero00880
2016-08-04 20:05:04,571 INFO [org.junit.Test] zero00881
2016-08-04 20:05:04,571 INFO [org.junit.Test] zero00882
2016-08-04 20:05:04,571 INFO [org.junit.Test] zero00883
2016-08-04 20:05:04,571 INFO [org.junit.Test] zero00884
2016-08-04 20:05:04,571 INFO [org.junit.Test] zero00885
2016-08-04 20:05:04,571 INFO [org.junit.Test] zero00886
2016-08-04 20:05:04,571 INFO [org.junit.Test] zero00887
2016-08-04 20:05:04,571 INFO [org.junit.Test] zero00888
2016-08-04 20:05:04,571 INFO [org.junit.Test] zero00889
2016-08-04 20:05:04,571 INFO [org.junit.Test] zero00890
2016-08-04 20:05:04,571 INFO [org.junit.Test] zero00891
2016-08-04 20:05:04,571 INFO [org.junit.Test] zero00892
2016-08-04 20:05:04,571 INFO [org.junit.Test] zero00893
2016-08-04 20:05:04,571 INFO [org.junit.Test] zero00894
2016-08-04 20:05:04,571 INFO [org.junit.Test] zero00895
2016-08-04 20:05:04,571 INFO [org.junit.Test] zero00896
2016-08-04 20:05:04,571 INFO [org.junit.Test] zero00897
2016-08-04 20:05:04,571 INFO [org.junit.Test] zero00898
2016-08-04 20:05:04,571 INFO [org.junit.Test] zero00899
2016-08-04 20:05:04,571 INFO [org.junit.Test] zero00900
2016-08-04 20:05:04,571 INFO [org.junit.Test] zero00901
2016-08-04 20:05:04,571 INFO [org.junit.Test] zero00902
2016-08-04 20:05:04,571 INFO [org.junit.Test] zero00903
2016-08-04 20:05:04,571 INFO [org.junit.Test] zero00904
2016-08-04 20:05:04,571 INFO [org.junit.Test] zero00905
2016-08-04 20:05:04,571 INFO [org.junit.Test] zero00906
2016-08-04 20:05:04,571 INFO [org.junit.Test] zero00907
2016-08-04 20:05:04,571 INFO [org.junit.Test] zero00908
2016-08-04 20:05:04,571 INFO [org.junit.Test] zero00909
2016-08-04 20:05:04,571 INFO [org.junit.Test] zero00910
2016-08-04 20:05:04,571 INFO [org.junit.Test] zero00911
2016-08-04 20:05:04,571 INFO [org.junit.Test] zero00912
2016-08-04 20:05:04,571 INFO [org.junit.Test] zero00913
2016-08-04 20:05:04,571 INFO [org.junit.Test] zero00914
2016-08-04 20:05:04,571 INFO [org.junit.Test] zero00915
2016-08-04 20:05:04,571 INFO [org.junit.Test] zero00916
2016-08-04 20:05:04,571 INFO [org.junit.Test] zero00917
2016-08-04 20:05:04,571 INFO [org.junit.Test] zero00918
2016-08-04 20:05:04,571 INFO [org.junit.Test] zero00919
2016-08-04 20:05:04,571 INFO [org.junit.Test] zero00920
2016-08-04 20:05:04,571 INFO [org.junit.Test] zero00921
2016-08-04 20:05:04,571 INFO [org.junit.Test] zero00922
2016-08-04 20:05:04,571 INFO [org.junit.Test] zero00923
2016-08-04 20:05:04,571 INFO [org.junit.Test] zero00924
2016-08-04 20:05:04,571 INFO [org.junit.Test] zero00925
2016-08-04 20:05:04,571 INFO [org.junit.Test] zero00926
2016-08-04 20:05:04,571 INFO [org.junit.Test] zero00927
2016-08-04 20:05:04,571 INFO [org.junit.Test] zero00928
2016-08-04 20:05:04,571 INFO [org.junit.Test] zero00929
2016-08-04 20:05:04,571 INFO [org.junit.Test] zero00930
2016-08-04 20:05:04,571 INFO [org.junit.Test] zero00931
2016-08-04 20:05:04,571 INFO [org.junit.Test] zero00932
2016-08-04 20:05:04,571 INFO [org.junit.Test] zero00933
2016-08-04 20:05:04,571 INFO [org.junit.Test] zero00934
2016-08-04 20:05:04,571 INFO [org.junit.Test] zero00935
2016-08-04 20:05:04,571 INFO [org.junit.Test] zero00936
2016-08-04 20:05:04,571 INFO [org.junit.Test] zero00937
2016-08-04 20:05:04,571 INFO [org.junit.Test] zero00938
2016-08-04 20:05:04,571 INFO [org.junit.Test] zero00939
2016-08-04 20:05:04,571 INFO [org.junit.Test] zero00940
2016-08-04 20:05:04,571 INFO [org.junit.Test] zero00941
2016-08-04 20:05:04,571 INFO [org.junit.Test] zero00942
2016-08-04 20:05:04,571 INFO [org.junit.Test] zero00943
2016-08-04 20:05:04,571 INFO [org.junit.Test] zero00944
2016-08-04 20:05:04,571 INFO [org.junit.Test] zero00945
2016-08-04 20:05:04,571 INFO [org.junit.Test] zero00946
2016-08-04 20:05:04,571 INFO [org.junit.Test] zero00947
2016-08-04 20:05:04,571 INFO [org.junit.Test] zero00948
2016-08-04 20:05:04,571 INFO [org.junit.Test] zero00949
2016-08-04 20:05:04,571 INFO [org.junit.Test] zero00950
2016-08-04 20:05:04,571 INFO [org.junit.Test] zero00951
2016-08-04 20:05:04,571 INFO [org.junit.Test] zero00952
2016-08-04 20:05:04,571 INFO [org.junit.Test] zero00953
2016-08-04 20:05:04,571 INFO [org.junit.Test] zero00954
2016-08-04 20:05:04,571 INFO [org.junit.Test] zero00955
2016-08-04 20:05:04,571 INFO [org.junit.Test] zero00956
2016-08-04 20:05:04,571 INFO [org.junit.Test] zero00957
2016-08-04 20:05:04,571 INFO [org.junit.Test] zero00958
2016-08-04 20:05:04,571 INFO [org.junit.Test] zero00959
2016-08-04 20:05:04,571 INFO [org.junit.Test] zero00960
2016-08-04 20:05:04,571 INFO [org.junit.Test] zero00961
2016-08-04 20:05:04,571 INFO [org.junit.Test] zero00962
2016-08-04 20:05:04,571 INFO [org.junit.Test] zero00963
2016-08-04 20:05:04,571 INFO [org.junit.Test] zero00964
2016-08-04 20:05:04,571 INFO [org.junit.Test] zero00965
2016-08-04 20:05:04,571 INFO [org.junit.Test] zero00966
2016-08-04 20:05:04,571 INFO [org.junit.Test] zero00967
2016-08-04 20:05:04,571 INFO [org.junit.Test] zero00968
2016-08-04 20:05:04,571 INFO [org.junit.Test] zero00969
2016-08-04 20:05:04,571 INFO [org.junit.Test] zero00970
2016-08-04 20:05:04,571 INFO [org.junit.Test] zero00971
2016-08-04 20:05:04,571 INFO [org.junit.Test] zero00972
2016-08-04 20:05:04,571 INFO [org.junit.Test] zero00973
2016-08-04 20:05:04,571 INFO [org.junit.Test] zero00974
2016-08-04 20:05:04,571 INFO [org.junit.Test] zero00975
2016-08-04 20:05:04,571 INFO [org.junit.Test] zero00976
2016-08-04 20:05:04,571 INFO [org.junit.Test] zero00977
2016-08-04 20:05:04,571 INFO [org.junit.Test] zero00978
2016-08-04 20:05:04,571 INFO [org.junit.Test] zero00979
2016-08-04 20:05:04,571 INFO [org.junit.Test] zero00980
2016-08-04 20:05:04,571 INFO [org.junit.Test] zero00981
2016-08-04 20:05:04,571 INFO [org.junit.Test] zero00982
2016-08-04 20:05:04,571 INFO [org.junit.Test] zero00983
2016-08-04 20:05:04,571 INFO [org.junit.Test] zero00984
2016-08-04 20:05:04,571 INFO [org.junit.Test] zero00985
2016-08-04 20:05:04,571 INFO [org.junit.Test] zero00986
2016-08-04 20:05:04,571 INFO [org.junit.Test] zero00987
2016-08-04 20:05:04,571 INFO [org.junit.Test] zero00988
2016-08-04 20:05:04,571 INFO [org.junit.Test] zero00989
2016-08-04 20:05:04,571 INFO [org.junit.Test] zero00990
2016-08-04 20:05:04,571 INFO [org.junit.Test] zero00991
2016-08-04 20:05:04,571 INFO [org.junit.Test] zero00992
2016-08-04 20:05:04,571 INFO [org.junit.Test] zero00993
2016-08-04 20:05:04,571 INFO [org.junit.Test] zero00994
2016-08-04 20:05:04,571 INFO [org.junit.Test] zero00995
2016-08-04 20:05:04,571 INFO [org.junit.Test] zero00996
2016-08-04 20:05:04,571 INFO [org.junit.Test] zero00997
2016-08-04 20:05:04,571 INFO [org.junit.Test] zero00998
2016-08-04 20:05:04,571 INFO [org.junit.Test] zero00999
2016-08-04 20:05:07,571 INFO [org.junit.Test] zero000
2016-08-04 20:05:07,571 INFO [org.junit.Test] zero001
2016-08-04 20:05:07,571 INFO [org.junit.Test] zero002
2016-08-04 20:05:07,571 INFO [org.junit.Test] zero003
2016-08-04 20:05:07,571 INFO [org.junit.Test] zero004
2016-08-04 20:05:07,571 INFO [org.junit.Test] zero005
2016-08-04 20:05:07,571 INFO [org.junit.Test] zero006
2016-08-04 20:05:07,571 INFO [org.junit.Test] zero007
2016-08-04 20:05:07,571 INFO [org.junit.Test] zero008
2016-08-04 20:05:07,571 INFO [org.junit.Test] zero009
2016-08-04 20:05:07,571 INFO [org.junit.Test] zero0010
2016-08-04 20:05:07,571 INFO [org.junit.Test] zero0011
2016-08-04 20:05:07,571 INFO [org.junit.Test] zero0012
2016-08-04 20:05:07,571 INFO [org.junit.Test] zero0013
2016-08-04 20:05:07,571 INFO [org.junit.Test] zero0014
2016-08-04 20:05:07,571 INFO [org.junit.Test] zero0015
2016-08-04 20:05:07,571 INFO [org.junit.Test] zero0016
2016-08-04 20:05:07,571 INFO [org.junit.Test] zero0017
2016-08-04 20:05:07,571 INFO [org.junit.Test] zero0018
2016-08-04 20:05:07,571 INFO [org.junit.Test] zero0019
2016-08-04 20:05:07,571 INFO [org.junit.Test] zero0020
2016-08-04 20:05:07,571 INFO [org.junit.Test] zero0021
2016-08-04 20:05:07,571 INFO [org.junit.Test] zero0022
2016-08-04 20:05:07,571 INFO [org.junit.Test] zero0023
2016-08-04 20:05:07,571 INFO [org.junit.Test] zero0024
2016-08-04 20:05:07,571 INFO [org.junit.Test] zero0025
2016-08-04 20:05:07,571 INFO [org.junit.Test] zero0026
2016-08-04 20:05:07,571 INFO [org.junit.Test] zero0027
2016-08-04 20:05:07,571 INFO [org.junit.Test] zero0028
2016-08-04 20:05:07,571 INFO [org.junit.Test] zero0029
2016-08-04 20:05:07,571 INFO [org.junit.Test] zero0030
2016-08-04 20:05:07,571 INFO [org.junit.Test] zero0031
2016-08-04 20:05:07,571 INFO [org.junit.Test] zero0032
2016-08-04 20:05:07,571 INFO [org.junit.Test] zero0033
2016-08-04 20:05:07,571 INFO [org.junit.Test] zero0034
2016-08-04 20:05:07,571 INFO [org.junit.Test] zero0035
2016-08-04 20:05:07,571 INFO [org.junit.Test] zero0036
2016-08-04 20:05:07,571 INFO [org.junit.Test] zero0037
2016-08-04 20:05:07,571 INFO [org.junit.Test] zero0038
2016-08-04 20:05:07,571 INFO [org.junit.Test] zero0039
2016-08-04 20:05:07,571 INFO [org.junit.Test] zero0040
2016-08-04 20:05:07,571 INFO [org.junit.Test] zero0041
2016-08-04 20:05:07,571 INFO [org.junit.Test] zero0042
2016-08-04 20:05:07,571 INFO [org.junit.Test] zero0043
2016-08-04 20:05:07,571 INFO [org.junit.Test] zero0044
2016-08-04 20:05:07,571 INFO [org.junit.Test] zero0045
2016-08-04 20:05:07,571 INFO [org.junit.Test] zero0046
2016-08-04 20:05:07,571 INFO [org.junit.Test] zero0047
2016-08-04 20:05:07,571 INFO [org.junit.Test] zero0048
2016-08-04 20:05:07,571 INFO [org.junit.Test] zero0049
2016-08-04 20:05:07,571 INFO [org.junit.Test] zero0050
2016-08-04 20:05:07,571 INFO [org.junit.Test] zero0051
2016-08-04 20:05:07,571 INFO [org.junit.Test] zero0052
2016-08-04 20:05:07,571 INFO [org.junit.Test] zero0053
2016-08-04 20:05:07,571 INFO [org.junit.Test] zero0054
2016-08-04 20:05:07,571 INFO [org.junit.Test] zero0055
2016-08-04 20:05:07,571 INFO [org.junit.Test] zero0056
2016-08-04 20:05:07,571 INFO [org.junit.Test] zero0057
2016-08-04 20:05:07,571 INFO [org.junit.Test] zero0058
2016-08-04 20:05:07,571 INFO [org.junit.Test] zero0059
2016-08-04 20:05:07,571 INFO [org.junit.Test] zero0060
2016-08-04 20:05:07,571 INFO [org.junit.Test] zero0061
2016-08-04 20:05:07,571 INFO [org.junit.Test] zero0062
2016-08-04 20:05:07,571 INFO [org.junit.Test] zero0063
2016-08-04 20:05:07,571 INFO [org.junit.Test] zero0064
2016-08-04 20:05:07,571 INFO [org.junit.Test] zero0065
2016-08-04 20:05:07,571 INFO [org.junit.Test] zero0066
2016-08-04 20:05:07,571 INFO [org.junit.Test] zero0067
2016-08-04 20:05:07,571 INFO [org.junit.Test] zero0068
2016-08-04 20:05:07,571 INFO [org.junit.Test] zero0069
2016-08-04 20:05:07,571 INFO [org.junit.Test] zero0070
2016-08-04 20:05:07,571 INFO [org.junit.Test] zero0071
2016-08-04 20:05:07,571 INFO [org.junit.Test] zero0072
2016-08-04 20:05:07,571 INFO [org.junit.Test] zero0073
2016-08-04 20:05:07,571 INFO [org.junit.Test] zero0074
2016-08-04 20:05:07,571 INFO [org.junit.Test] zero0075
2016-08-04 20:05:07,571 INFO [org.junit.Test] zero0076
2016-08-04 20:05:07,571 INFO [org.junit.Test] zero0077
2016-08-04 20:05:07,571 INFO [org.junit.Test] zero0078
2016-08-04 20:05:07,571 INFO [org.junit.Test] zero0079
2016-08-04 20:05:07,571 INFO [org.junit.Test] zero0080
2016-08-04 20:05:07,571 INFO [org.junit.Test] zero0081
2016-08-04 20:05:07,571 INFO [org.junit.Test] zero0082
2016-08-04 20:05:07,571 INFO [org.junit.Test] zero0083
2016-08-04 20:05:07,571 INFO [org.junit.Test] zero0084
2016-08-04 20:05:07,571 INFO [org.junit.Test] zero0085
2016-08-04 20:05:07,571 INFO [org.junit.Test] zero0086
2016-08-04 20:05:07,571 INFO [org.junit.Test] zero0087
2016-08-04 20:05:07,571 INFO [org.junit.Test] zero0088
2016-08-04 20:05:07,571 INFO [org.junit.Test] zero0089
2016-08-04 20:05:07,571 INFO [org.junit.Test] zero0090
2016-08-04 20:05:07,571 INFO [org.junit.Test] zero0091
2016-08-04 20:05:07,571 INFO [org.junit.Test] zero0092
2016-08-04 20:05:07,571 INFO [org.junit.Test] zero0093
2016-08-04 20:05:07,571 INFO [org.junit.Test] zero0094
2016-08-04 20:05:07,571 INFO [org.junit.Test] zero0095
2016-08-04 20:05:07,571 INFO [org.junit.Test] zero0096
2016-08-04 20:05:07,571 INFO [org.junit.Test] zero0097
2016-08-04 20:05:07,571 INFO [org.junit.Test] zero0098
2016-08-04 20:05:07,571 INFO [org.junit.Test] zero0099
2016-08-04 20:05:07,571 INFO [org.junit.Test] zero00100
2016-08-04 20:05:07,571 INFO [org.junit.Test] zero00101
2016-08-04 20:05:07,571 INFO [org.junit.Test] zero00102
2016-08-04 20:05:07,571 INFO [org.junit.Test] zero00103
2016-08-04 20:05:07,571 INFO [org.junit.Test] zero00104
2016-08-04 20:05:07,571 INFO [org.junit.Test] zero00105
2016-08-04 20:05:07,571 INFO [org.junit.Test] zero00106
2016-08-04 20:05:07,571 INFO [org.junit.Test] zero00107
2016-08-04 20:05:07,571 INFO [org.junit.Test] zero00108
2016-08-04 20:05:07,571 INFO [org.junit.Test] zero00109
2016-08-04 20:05:07,571 INFO [org.junit.Test] zero00110
2016-08-04 20:05:07,571 INFO [org.junit.Test] zero00111
2016-08-04 20:05:07,571 INFO [org.junit.Test] zero00112
2016-08-04 20:05:07,571 INFO [org.junit.Test] zero00113
2016-08-04 20:05:07,571 INFO [org.junit.Test] zero00114
2016-08-04 20:05:07,571 INFO [org.junit.Test] zero00115
2016-08-04 20:05:07,571 INFO [org.junit.Test] zero00116
2016-08-04 20:05:07,571 INFO [org.junit.Test] zero00117
2016-08-04 20:05:07,571 INFO [org.junit.Test] zero00118
2016-08-04 20:05:07,571 INFO [org.junit.Test] zero00119
2016-08-04 20:05:07,571 INFO [org.junit.Test] zero00120
2016-08-04 20:05:07,571 INFO [org.junit.Test] zero00121
2016-08-04 20:05:07,571 INFO [org.junit.Test] zero00122
2016-08-04 20:05:07,571 INFO [org.junit.Test] zero00123
2016-08-04 20:05:07,571 INFO [org.junit.Test] zero00124
2016-08-04 20:05:07,571 INFO [org.junit.Test] zero00125
2016-08-04 20:05:07,571 INFO [org.junit.Test] zero00126
2016-08-04 20:05:07,571 INFO [org.junit.Test] zero00127
2016-08-04 20:05:07,571 INFO [org.junit.Test] zero00128
2016-08-04 20:05:07,571 INFO [org.junit.Test] zero00129
2016-08-04 20:05:07,571 INFO [org.junit.Test] zero00130
2016-08-04 20:05:07,571 INFO [org.junit.Test] zero00131
2016-08-04 20:05:07,571 INFO [org.junit.Test] zero00132
2016-08-04 20:05:07,571 INFO [org.junit.Test] zero00133
2016-08-04 20:05:07,571 INFO [org.junit.Test] zero00134
2016-08-04 20:05:07,571 INFO [org.junit.Test] zero00135
2016-08-04 20:05:07,571 INFO [org.junit.Test] zero00136
2016-08-04 20:05:07,571 INFO [org.junit.Test] zero00137
2016-08-04 20:05:07,571 INFO [org.junit.Test] zero00138
2016-08-04 20:05:07,571 INFO [org.junit.Test] zero00139
2016-08-04 20:05:07,571 INFO [org.junit.Test] zero00140
2016-08-04 20:05:07,571 INFO [org.junit.Test] zero00141
2016-08-04 20:05:07,572 INFO [org.junit.Test] zero00142
2016-08-04 20:05:07,572 INFO [org.junit.Test] zero00143
2016-08-04 20:05:07,572 INFO [org.junit.Test] zero00144
2016-08-04 20:05:07,572 INFO [org.junit.Test] zero00145
2016-08-04 20:05:07,572 INFO [org.junit.Test] zero00146
2016-08-04 20:05:07,572 INFO [org.junit.Test] zero00147
2016-08-04 20:05:07,572 INFO [org.junit.Test] zero00148
2016-08-04 20:05:07,572 INFO [org.junit.Test] zero00149
2016-08-04 20:05:07,572 INFO [org.junit.Test] zero00150
2016-08-04 20:05:07,572 INFO [org.junit.Test] zero00151
2016-08-04 20:05:07,572 INFO [org.junit.Test] zero00152
2016-08-04 20:05:07,572 INFO [org.junit.Test] zero00153
2016-08-04 20:05:07,572 INFO [org.junit.Test] zero00154
2016-08-04 20:05:07,572 INFO [org.junit.Test] zero00155
2016-08-04 20:05:07,572 INFO [org.junit.Test] zero00156
2016-08-04 20:05:07,572 INFO [org.junit.Test] zero00157
2016-08-04 20:05:07,572 INFO [org.junit.Test] zero00158
2016-08-04 20:05:07,572 INFO [org.junit.Test] zero00159
2016-08-04 20:05:07,572 INFO [org.junit.Test] zero00160
2016-08-04 20:05:07,572 INFO [org.junit.Test] zero00161
2016-08-04 20:05:07,572 INFO [org.junit.Test] zero00162
2016-08-04 20:05:07,572 INFO [org.junit.Test] zero00163
2016-08-04 20:05:07,572 INFO [org.junit.Test] zero00164
2016-08-04 20:05:07,572 INFO [org.junit.Test] zero00165
2016-08-04 20:05:07,572 INFO [org.junit.Test] zero00166
2016-08-04 20:05:07,572 INFO [org.junit.Test] zero00167
2016-08-04 20:05:07,572 INFO [org.junit.Test] zero00168
2016-08-04 20:05:07,572 INFO [org.junit.Test] zero00169
2016-08-04 20:05:07,572 INFO [org.junit.Test] zero00170
2016-08-04 20:05:07,572 INFO [org.junit.Test] zero00171
2016-08-04 20:05:07,572 INFO [org.junit.Test] zero00172
2016-08-04 20:05:07,572 INFO [org.junit.Test] zero00173
2016-08-04 20:05:07,572 INFO [org.junit.Test] zero00174
2016-08-04 20:05:07,572 INFO [org.junit.Test] zero00175
2016-08-04 20:05:07,572 INFO [org.junit.Test] zero00176
2016-08-04 20:05:07,572 INFO [org.junit.Test] zero00177
2016-08-04 20:05:07,572 INFO [org.junit.Test] zero00178
2016-08-04 20:05:07,572 INFO [org.junit.Test] zero00179
2016-08-04 20:05:07,572 INFO [org.junit.Test] zero00180
2016-08-04 20:05:07,572 INFO [org.junit.Test] zero00181
2016-08-04 20:05:07,572 INFO [org.junit.Test] zero00182
2016-08-04 20:05:07,572 INFO [org.junit.Test] zero00183
2016-08-04 20:05:07,572 INFO [org.junit.Test] zero00184
2016-08-04 20:05:07,572 INFO [org.junit.Test] zero00185
2016-08-04 20:05:07,572 INFO [org.junit.Test] zero00186
2016-08-04 20:05:07,572 INFO [org.junit.Test] zero00187
2016-08-04 20:05:07,572 INFO [org.junit.Test] zero00188
2016-08-04 20:05:07,572 INFO [org.junit.Test] zero00189
2016-08-04 20:05:07,572 INFO [org.junit.Test] zero00190
2016-08-04 20:05:07,572 INFO [org.junit.Test] zero00191
2016-08-04 20:05:07,572 INFO [org.junit.Test] zero00192
2016-08-04 20:05:07,572 INFO [org.junit.Test] zero00193
2016-08-04 20:05:07,572 INFO [org.junit.Test] zero00194
2016-08-04 20:05:07,572 INFO [org.junit.Test] zero00195
2016-08-04 20:05:07,572 INFO [org.junit.Test] zero00196
2016-08-04 20:05:07,572 INFO [org.junit.Test] zero00197
2016-08-04 20:05:07,572 INFO [org.junit.Test] zero00198
2016-08-04 20:05:07,572 INFO [org.junit.Test] zero00199
2016-08-04 20:05:07,572 INFO [org.junit.Test] zero00200
2016-08-04 20:05:07,572 INFO [org.junit.Test] zero00201
2016-08-04 20:05:07,572 INFO [org.junit.Test] zero00202
2016-08-04 20:05:07,572 INFO [org.junit.Test] zero00203
2016-08-04 20:05:07,572 INFO [org.junit.Test] zero00204
2016-08-04 20:05:07,572 INFO [org.junit.Test] zero00205
2016-08-04 20:05:07,572 INFO [org.junit.Test] zero00206
2016-08-04 20:05:07,572 INFO [org.junit.Test] zero00207
2016-08-04 20:05:07,572 INFO [org.junit.Test] zero00208
2016-08-04 20:05:07,572 INFO [org.junit.Test] zero00209
2016-08-04 20:05:07,572 INFO [org.junit.Test] zero00210
2016-08-04 20:05:07,572 INFO [org.junit.Test] zero00211
2016-08-04 20:05:07,572 INFO [org.junit.Test] zero00212
2016-08-04 20:05:07,572 INFO [org.junit.Test] zero00213
2016-08-04 20:05:07,572 INFO [org.junit.Test] zero00214
2016-08-04 20:05:07,572 INFO [org.junit.Test] zero00215
2016-08-04 20:05:07,572 INFO [org.junit.Test] zero00216
2016-08-04 20:05:07,572 INFO [org.junit.Test] zero00217
2016-08-04 20:05:07,572 INFO [org.junit.Test] zero00218
2016-08-04 20:05:07,572 INFO [org.junit.Test] zero00219
2016-08-04 20:05:07,572 INFO [org.junit.Test] zero00220
2016-08-04 20:05:07,572 INFO [org.junit.Test] zero00221
2016-08-04 20:05:07,572 INFO [org.junit.Test] zero00222
2016-08-04 20:05:07,572 INFO [org.junit.Test] zero00223
2016-08-04 20:05:07,572 INFO [org.junit.Test] zero00224
2016-08-04 20:05:07,572 INFO [org.junit.Test] zero00225
2016-08-04 20:05:07,572 INFO [org.junit.Test] zero00226
2016-08-04 20:05:07,572 INFO [org.junit.Test] zero00227
2016-08-04 20:05:07,572 INFO [org.junit.Test] zero00228
2016-08-04 20:05:07,572 INFO [org.junit.Test] zero00229
2016-08-04 20:05:07,572 INFO [org.junit.Test] zero00230
2016-08-04 20:05:07,572 INFO [org.junit.Test] zero00231
2016-08-04 20:05:07,572 INFO [org.junit.Test] zero00232
2016-08-04 20:05:07,572 INFO [org.junit.Test] zero00233
2016-08-04 20:05:07,572 INFO [org.junit.Test] zero00234
2016-08-04 20:05:07,572 INFO [org.junit.Test] zero00235
2016-08-04 20:05:07,572 INFO [org.junit.Test] zero00236
2016-08-04 20:05:07,572 INFO [org.junit.Test] zero00237
2016-08-04 20:05:07,572 INFO [org.junit.Test] zero00238
2016-08-04 20:05:07,572 INFO [org.junit.Test] zero00239
2016-08-04 20:05:07,572 INFO [org.junit.Test] zero00240
2016-08-04 20:05:07,572 INFO [org.junit.Test] zero00241
2016-08-04 20:05:07,572 INFO [org.junit.Test] zero00242
2016-08-04 20:05:07,572 INFO [org.junit.Test] zero00243
2016-08-04 20:05:07,572 INFO [org.junit.Test] zero00244
2016-08-04 20:05:07,572 INFO [org.junit.Test] zero00245
2016-08-04 20:05:07,572 INFO [org.junit.Test] zero00246
2016-08-04 20:05:07,572 INFO [org.junit.Test] zero00247
2016-08-04 20:05:07,572 INFO [org.junit.Test] zero00248
2016-08-04 20:05:07,572 INFO [org.junit.Test] zero00249
2016-08-04 20:05:07,572 INFO [org.junit.Test] zero00250
2016-08-04 20:05:07,572 INFO [org.junit.Test] zero00251
2016-08-04 20:05:07,572 INFO [org.junit.Test] zero00252
2016-08-04 20:05:07,572 INFO [org.junit.Test] zero00253
2016-08-04 20:05:07,572 INFO [org.junit.Test] zero00254
2016-08-04 20:05:07,572 INFO [org.junit.Test] zero00255
2016-08-04 20:05:07,572 INFO [org.junit.Test] zero00256
2016-08-04 20:05:07,572 INFO [org.junit.Test] zero00257
2016-08-04 20:05:07,572 INFO [org.junit.Test] zero00258
2016-08-04 20:05:07,572 INFO [org.junit.Test] zero00259
2016-08-04 20:05:07,572 INFO [org.junit.Test] zero00260
2016-08-04 20:05:07,572 INFO [org.junit.Test] zero00261
2016-08-04 20:05:07,572 INFO [org.junit.Test] zero00262
2016-08-04 20:05:07,572 INFO [org.junit.Test] zero00263
2016-08-04 20:05:07,572 INFO [org.junit.Test] zero00264
2016-08-04 20:05:07,572 INFO [org.junit.Test] zero00265
2016-08-04 20:05:07,572 INFO [org.junit.Test] zero00266
2016-08-04 20:05:07,572 INFO [org.junit.Test] zero00267
2016-08-04 20:05:07,572 INFO [org.junit.Test] zero00268
2016-08-04 20:05:07,572 INFO [org.junit.Test] zero00269
2016-08-04 20:05:07,572 INFO [org.junit.Test] zero00270
2016-08-04 20:05:07,572 INFO [org.junit.Test] zero00271
2016-08-04 20:05:07,572 INFO [org.junit.Test] zero00272
2016-08-04 20:05:07,572 INFO [org.junit.Test] zero00273
2016-08-04 20:05:07,572 INFO [org.junit.Test] zero00274
2016-08-04 20:05:07,572 INFO [org.junit.Test] zero00275
2016-08-04 20:05:07,572 INFO [org.junit.Test] zero00276
2016-08-04 20:05:07,572 INFO [org.junit.Test] zero00277
2016-08-04 20:05:07,572 INFO [org.junit.Test] zero00278
2016-08-04 20:05:07,572 INFO [org.junit.Test] zero00279
2016-08-04 20:05:07,572 INFO [org.junit.Test] zero00280
2016-08-04 20:05:07,572 INFO [org.junit.Test] zero00281
2016-08-04 20:05:07,572 INFO [org.junit.Test] zero00282
2016-08-04 20:05:07,572 INFO [org.junit.Test] zero00283
2016-08-04 20:05:07,572 INFO [org.junit.Test] zero00284
2016-08-04 20:05:07,572 INFO [org.junit.Test] zero00285
2016-08-04 20:05:07,572 INFO [org.junit.Test] zero00286
2016-08-04 20:05:07,572 INFO [org.junit.Test] zero00287
2016-08-04 20:05:07,572 INFO [org.junit.Test] zero00288
2016-08-04 20:05:07,572 INFO [org.junit.Test] zero00289
2016-08-04 20:05:07,572 INFO [org.junit.Test] zero00290
2016-08-04 20:05:07,572 INFO [org.junit.Test] zero00291
2016-08-04 20:05:07,572 INFO [org.junit.Test] zero00292
2016-08-04 20:05:07,572 INFO [org.junit.Test] zero00293
2016-08-04 20:05:07,572 INFO [org.junit.Test] zero00294
2016-08-04 20:05:07,572 INFO [org.junit.Test] zero00295
2016-08-04 20:05:07,572 INFO [org.junit.Test] zero00296
2016-08-04 20:05:07,572 INFO [org.junit.Test] zero00297
2016-08-04 20:05:07,572 INFO [org.junit.Test] zero00298
2016-08-04 20:05:07,572 INFO [org.junit.Test] zero00299
2016-08-04 20:05:07,572 INFO [org.junit.Test] zero00300
2016-08-04 20:05:07,572 INFO [org.junit.Test] zero00301
2016-08-04 20:05:07,572 INFO [org.junit.Test] zero00302
2016-08-04 20:05:07,572 INFO [org.junit.Test] zero00303
2016-08-04 20:05:07,572 INFO [org.junit.Test] zero00304
2016-08-04 20:05:07,572 INFO [org.junit.Test] zero00305
2016-08-04 20:05:07,572 INFO [org.junit.Test] zero00306
2016-08-04 20:05:07,572 INFO [org.junit.Test] zero00307
2016-08-04 20:05:07,572 INFO [org.junit.Test] zero00308
2016-08-04 20:05:07,572 INFO [org.junit.Test] zero00309
2016-08-04 20:05:07,572 INFO [org.junit.Test] zero00310
2016-08-04 20:05:07,572 INFO [org.junit.Test] zero00311
2016-08-04 20:05:07,572 INFO [org.junit.Test] zero00312
2016-08-04 20:05:07,572 INFO [org.junit.Test] zero00313
2016-08-04 20:05:07,572 INFO [org.junit.Test] zero00314
2016-08-04 20:05:07,572 INFO [org.junit.Test] zero00315
2016-08-04 20:05:07,572 INFO [org.junit.Test] zero00316
2016-08-04 20:05:07,572 INFO [org.junit.Test] zero00317
2016-08-04 20:05:07,572 INFO [org.junit.Test] zero00318
2016-08-04 20:05:07,572 INFO [org.junit.Test] zero00319
2016-08-04 20:05:07,572 INFO [org.junit.Test] zero00320
2016-08-04 20:05:07,572 INFO [org.junit.Test] zero00321
2016-08-04 20:05:07,572 INFO [org.junit.Test] zero00322
2016-08-04 20:05:07,572 INFO [org.junit.Test] zero00323
2016-08-04 20:05:07,572 INFO [org.junit.Test] zero00324
2016-08-04 20:05:07,572 INFO [org.junit.Test] zero00325
2016-08-04 20:05:07,572 INFO [org.junit.Test] zero00326
2016-08-04 20:05:07,572 INFO [org.junit.Test] zero00327
2016-08-04 20:05:07,572 INFO [org.junit.Test] zero00328
2016-08-04 20:05:07,572 INFO [org.junit.Test] zero00329
2016-08-04 20:05:07,572 INFO [org.junit.Test] zero00330
2016-08-04 20:05:07,572 INFO [org.junit.Test] zero00331
2016-08-04 20:05:07,572 INFO [org.junit.Test] zero00332
2016-08-04 20:05:07,572 INFO [org.junit.Test] zero00333
2016-08-04 20:05:07,572 INFO [org.junit.Test] zero00334
2016-08-04 20:05:07,572 INFO [org.junit.Test] zero00335
2016-08-04 20:05:07,572 INFO [org.junit.Test] zero00336
2016-08-04 20:05:07,572 INFO [org.junit.Test] zero00337
2016-08-04 20:05:07,572 INFO [org.junit.Test] zero00338
2016-08-04 20:05:07,572 INFO [org.junit.Test] zero00339
2016-08-04 20:05:07,572 INFO [org.junit.Test] zero00340
2016-08-04 20:05:07,572 INFO [org.junit.Test] zero00341
2016-08-04 20:05:07,572 INFO [org.junit.Test] zero00342
2016-08-04 20:05:07,572 INFO [org.junit.Test] zero00343
2016-08-04 20:05:07,572 INFO [org.junit.Test] zero00344
2016-08-04 20:05:07,572 INFO [org.junit.Test] zero00345
2016-08-04 20:05:07,572 INFO [org.junit.Test] zero00346
2016-08-04 20:05:07,572 INFO [org.junit.Test] zero00347
2016-08-04 20:05:07,572 INFO [org.junit.Test] zero00348
2016-08-04 20:05:07,572 INFO [org.junit.Test] zero00349
2016-08-04 20:05:07,572 INFO [org.junit.Test] zero00350
2016-08-04 20:05:07,572 INFO [org.junit.Test] zero00351
2016-08-04 20:05:07,572 INFO [org.junit.Test] zero00352
2016-08-04 20:05:07,572 INFO [org.junit.Test] zero00353
2016-08-04 20:05:07,572 INFO [org.junit.Test] zero00354
2016-08-04 20:05:07,572 INFO [org.junit.Test] zero00355
2016-08-04 20:05:07,572 INFO [org.junit.Test] zero00356
2016-08-04 20:05:07,572 INFO [org.junit.Test] zero00357
2016-08-04 20:05:07,572 INFO [org.junit.Test] zero00358
2016-08-04 20:05:07,572 INFO [org.junit.Test] zero00359
2016-08-04 20:05:07,572 INFO [org.junit.Test] zero00360
2016-08-04 20:05:07,572 INFO [org.junit.Test] zero00361
2016-08-04 20:05:07,572 INFO [org.junit.Test] zero00362
2016-08-04 20:05:07,572 INFO [org.junit.Test] zero00363
2016-08-04 20:05:07,572 INFO [org.junit.Test] zero00364
2016-08-04 20:05:07,572 INFO [org.junit.Test] zero00365
2016-08-04 20:05:07,572 INFO [org.junit.Test] zero00366
2016-08-04 20:05:07,572 INFO [org.junit.Test] zero00367
2016-08-04 20:05:07,572 INFO [org.junit.Test] zero00368
2016-08-04 20:05:07,572 INFO [org.junit.Test] zero00369
2016-08-04 20:05:07,572 INFO [org.junit.Test] zero00370
2016-08-04 20:05:07,572 INFO [org.junit.Test] zero00371
2016-08-04 20:05:07,572 INFO [org.junit.Test] zero00372
2016-08-04 20:05:07,572 INFO [org.junit.Test] zero00373
2016-08-04 20:05:07,572 INFO [org.junit.Test] zero00374
2016-08-04 20:05:07,572 INFO [org.junit.Test] zero00375
2016-08-04 20:05:07,572 INFO [org.junit.Test] zero00376
2016-08-04 20:05:07,572 INFO [org.junit.Test] zero00377
2016-08-04 20:05:07,572 INFO [org.junit.Test] zero00378
2016-08-04 20:05:07,572 INFO [org.junit.Test] zero00379
2016-08-04 20:05:07,572 INFO [org.junit.Test] zero00380
2016-08-04 20:05:07,572 INFO [org.junit.Test] zero00381
2016-08-04 20:05:07,572 INFO [org.junit.Test] zero00382
2016-08-04 20:05:07,572 INFO [org.junit.Test] zero00383
2016-08-04 20:05:07,572 INFO [org.junit.Test] zero00384
2016-08-04 20:05:07,572 INFO [org.junit.Test] zero00385
2016-08-04 20:05:07,572 INFO [org.junit.Test] zero00386
2016-08-04 20:05:07,572 INFO [org.junit.Test] zero00387
2016-08-04 20:05:07,572 INFO [org.junit.Test] zero00388
2016-08-04 20:05:07,572 INFO [org.junit.Test] zero00389
2016-08-04 20:05:07,572 INFO [org.junit.Test] zero00390
2016-08-04 20:05:07,572 INFO [org.junit.Test] zero00391
2016-08-04 20:05:07,572 INFO [org.junit.Test] zero00392
2016-08-04 20:05:07,572 INFO [org.junit.Test] zero00393
2016-08-04 20:05:07,572 INFO [org.junit.Test] zero00394
2016-08-04 20:05:07,572 INFO [org.junit.Test] zero00395
2016-08-04 20:05:07,572 INFO [org.junit.Test] zero00396
2016-08-04 20:05:07,572 INFO [org.junit.Test] zero00397
2016-08-04 20:05:07,572 INFO [org.junit.Test] zero00398
2016-08-04 20:05:07,572 INFO [org.junit.Test] zero00399
2016-08-04 20:05:07,572 INFO [org.junit.Test] zero00400
2016-08-04 20:05:07,572 INFO [org.junit.Test] zero00401
2016-08-04 20:05:07,572 INFO [org.junit.Test] zero00402
2016-08-04 20:05:07,572 INFO [org.junit.Test] zero00403
2016-08-04 20:05:07,572 INFO [org.junit.Test] zero00404
2016-08-04 20:05:07,572 INFO [org.junit.Test] zero00405
2016-08-04 20:05:07,572 INFO [org.junit.Test] zero00406
2016-08-04 20:05:07,572 INFO [org.junit.Test] zero00407
2016-08-04 20:05:07,572 INFO [org.junit.Test] zero00408
2016-08-04 20:05:07,572 INFO [org.junit.Test] zero00409
2016-08-04 20:05:07,572 INFO [org.junit.Test] zero00410
2016-08-04 20:05:07,572 INFO [org.junit.Test] zero00411
2016-08-04 20:05:07,572 INFO [org.junit.Test] zero00412
2016-08-04 20:05:07,572 INFO [org.junit.Test] zero00413
2016-08-04 20:05:07,572 INFO [org.junit.Test] zero00414
2016-08-04 20:05:07,572 INFO [org.junit.Test] zero00415
2016-08-04 20:05:07,572 INFO [org.junit.Test] zero00416
2016-08-04 20:05:07,572 INFO [org.junit.Test] zero00417
2016-08-04 20:05:07,572 INFO [org.junit.Test] zero00418
2016-08-04 20:05:07,572 INFO [org.junit.Test] zero00419
2016-08-04 20:05:07,572 INFO [org.junit.Test] zero00420
2016-08-04 20:05:07,572 INFO [org.junit.Test] zero00421
2016-08-04 20:05:07,572 INFO [org.junit.Test] zero00422
2016-08-04 20:05:07,572 INFO [org.junit.Test] zero00423
2016-08-04 20:05:07,572 INFO [org.junit.Test] zero00424
2016-08-04 20:05:07,572 INFO [org.junit.Test] zero00425
2016-08-04 20:05:07,572 INFO [org.junit.Test] zero00426
2016-08-04 20:05:07,572 INFO [org.junit.Test] zero00427
2016-08-04 20:05:07,572 INFO [org.junit.Test] zero00428
2016-08-04 20:05:07,572 INFO [org.junit.Test] zero00429
2016-08-04 20:05:07,572 INFO [org.junit.Test] zero00430
2016-08-04 20:05:07,572 INFO [org.junit.Test] zero00431
2016-08-04 20:05:07,572 INFO [org.junit.Test] zero00432
2016-08-04 20:05:07,572 INFO [org.junit.Test] zero00433
2016-08-04 20:05:07,572 INFO [org.junit.Test] zero00434
2016-08-04 20:05:07,572 INFO [org.junit.Test] zero00435
2016-08-04 20:05:07,572 INFO [org.junit.Test] zero00436
2016-08-04 20:05:07,572 INFO [org.junit.Test] zero00437
2016-08-04 20:05:07,572 INFO [org.junit.Test] zero00438
2016-08-04 20:05:07,572 INFO [org.junit.Test] zero00439
2016-08-04 20:05:07,572 INFO [org.junit.Test] zero00440
2016-08-04 20:05:07,572 INFO [org.junit.Test] zero00441
2016-08-04 20:05:07,572 INFO [org.junit.Test] zero00442
2016-08-04 20:05:07,572 INFO [org.junit.Test] zero00443
2016-08-04 20:05:07,572 INFO [org.junit.Test] zero00444
2016-08-04 20:05:07,572 INFO [org.junit.Test] zero00445
2016-08-04 20:05:07,572 INFO [org.junit.Test] zero00446
2016-08-04 20:05:07,573 INFO [org.junit.Test] zero00447
2016-08-04 20:05:07,573 INFO [org.junit.Test] zero00448
2016-08-04 20:05:07,573 INFO [org.junit.Test] zero00449
2016-08-04 20:05:07,573 INFO [org.junit.Test] zero00450
2016-08-04 20:05:07,573 INFO [org.junit.Test] zero00451
2016-08-04 20:05:07,573 INFO [org.junit.Test] zero00452
2016-08-04 20:05:07,573 INFO [org.junit.Test] zero00453
2016-08-04 20:05:07,573 INFO [org.junit.Test] zero00454
2016-08-04 20:05:07,573 INFO [org.junit.Test] zero00455
2016-08-04 20:05:07,573 INFO [org.junit.Test] zero00456
2016-08-04 20:05:07,573 INFO [org.junit.Test] zero00457
2016-08-04 20:05:07,573 INFO [org.junit.Test] zero00458
2016-08-04 20:05:07,573 INFO [org.junit.Test] zero00459
2016-08-04 20:05:07,573 INFO [org.junit.Test] zero00460
2016-08-04 20:05:07,573 INFO [org.junit.Test] zero00461
2016-08-04 20:05:07,573 INFO [org.junit.Test] zero00462
2016-08-04 20:05:07,573 INFO [org.junit.Test] zero00463
2016-08-04 20:05:07,573 INFO [org.junit.Test] zero00464
2016-08-04 20:05:07,573 INFO [org.junit.Test] zero00465
2016-08-04 20:05:07,573 INFO [org.junit.Test] zero00466
2016-08-04 20:05:07,573 INFO [org.junit.Test] zero00467
2016-08-04 20:05:07,573 INFO [org.junit.Test] zero00468
2016-08-04 20:05:07,573 INFO [org.junit.Test] zero00469
2016-08-04 20:05:07,573 INFO [org.junit.Test] zero00470
2016-08-04 20:05:07,573 INFO [org.junit.Test] zero00471
2016-08-04 20:05:07,573 INFO [org.junit.Test] zero00472
2016-08-04 20:05:07,573 INFO [org.junit.Test] zero00473
2016-08-04 20:05:07,573 INFO [org.junit.Test] zero00474
2016-08-04 20:05:07,573 INFO [org.junit.Test] zero00475
2016-08-04 20:05:07,573 INFO [org.junit.Test] zero00476
2016-08-04 20:05:07,573 INFO [org.junit.Test] zero00477
2016-08-04 20:05:07,573 INFO [org.junit.Test] zero00478
2016-08-04 20:05:07,573 INFO [org.junit.Test] zero00479
2016-08-04 20:05:07,573 INFO [org.junit.Test] zero00480
2016-08-04 20:05:07,573 INFO [org.junit.Test] zero00481
2016-08-04 20:05:07,573 INFO [org.junit.Test] zero00482
2016-08-04 20:05:07,573 INFO [org.junit.Test] zero00483
2016-08-04 20:05:07,573 INFO [org.junit.Test] zero00484
2016-08-04 20:05:07,573 INFO [org.junit.Test] zero00485
2016-08-04 20:05:07,573 INFO [org.junit.Test] zero00486
2016-08-04 20:05:07,573 INFO [org.junit.Test] zero00487
2016-08-04 20:05:07,573 INFO [org.junit.Test] zero00488
2016-08-04 20:05:07,573 INFO [org.junit.Test] zero00489
2016-08-04 20:05:07,573 INFO [org.junit.Test] zero00490
2016-08-04 20:05:07,573 INFO [org.junit.Test] zero00491
2016-08-04 20:05:07,573 INFO [org.junit.Test] zero00492
2016-08-04 20:05:07,573 INFO [org.junit.Test] zero00493
2016-08-04 20:05:07,573 INFO [org.junit.Test] zero00494
2016-08-04 20:05:07,573 INFO [org.junit.Test] zero00495
2016-08-04 20:05:07,573 INFO [org.junit.Test] zero00496
2016-08-04 20:05:07,573 INFO [org.junit.Test] zero00497
2016-08-04 20:05:07,573 INFO [org.junit.Test] zero00498
2016-08-04 20:05:07,573 INFO [org.junit.Test] zero00499
2016-08-04 20:05:07,573 INFO [org.junit.Test] zero00500
2016-08-04 20:05:07,573 INFO [org.junit.Test] zero00501
2016-08-04 20:05:07,573 INFO [org.junit.Test] zero00502
2016-08-04 20:05:07,573 INFO [org.junit.Test] zero00503
2016-08-04 20:05:07,573 INFO [org.junit.Test] zero00504
2016-08-04 20:05:07,573 INFO [org.junit.Test] zero00505
2016-08-04 20:05:07,573 INFO [org.junit.Test] zero00506
2016-08-04 20:05:07,573 INFO [org.junit.Test] zero00507
2016-08-04 20:05:07,573 INFO [org.junit.Test] zero00508
2016-08-04 20:05:07,573 INFO [org.junit.Test] zero00509
2016-08-04 20:05:07,573 INFO [org.junit.Test] zero00510
2016-08-04 20:05:07,573 INFO [org.junit.Test] zero00511
2016-08-04 20:05:07,573 INFO [org.junit.Test] zero00512
2016-08-04 20:05:07,573 INFO [org.junit.Test] zero00513
2016-08-04 20:05:07,573 INFO [org.junit.Test] zero00514
2016-08-04 20:05:07,573 INFO [org.junit.Test] zero00515
2016-08-04 20:05:07,573 INFO [org.junit.Test] zero00516
2016-08-04 20:05:07,573 INFO [org.junit.Test] zero00517
2016-08-04 20:05:07,573 INFO [org.junit.Test] zero00518
2016-08-04 20:05:07,573 INFO [org.junit.Test] zero00519
2016-08-04 20:05:07,573 INFO [org.junit.Test] zero00520
2016-08-04 20:05:07,573 INFO [org.junit.Test] zero00521
2016-08-04 20:05:07,573 INFO [org.junit.Test] zero00522
2016-08-04 20:05:07,573 INFO [org.junit.Test] zero00523
2016-08-04 20:05:07,573 INFO [org.junit.Test] zero00524
2016-08-04 20:05:07,573 INFO [org.junit.Test] zero00525
2016-08-04 20:05:07,573 INFO [org.junit.Test] zero00526
2016-08-04 20:05:07,573 INFO [org.junit.Test] zero00527
2016-08-04 20:05:07,573 INFO [org.junit.Test] zero00528
2016-08-04 20:05:07,573 INFO [org.junit.Test] zero00529
2016-08-04 20:05:07,573 INFO [org.junit.Test] zero00530
2016-08-04 20:05:07,573 INFO [org.junit.Test] zero00531
2016-08-04 20:05:07,573 INFO [org.junit.Test] zero00532
2016-08-04 20:05:07,573 INFO [org.junit.Test] zero00533
2016-08-04 20:05:07,573 INFO [org.junit.Test] zero00534
2016-08-04 20:05:07,573 INFO [org.junit.Test] zero00535
2016-08-04 20:05:07,573 INFO [org.junit.Test] zero00536
2016-08-04 20:05:07,573 INFO [org.junit.Test] zero00537
2016-08-04 20:05:07,573 INFO [org.junit.Test] zero00538
2016-08-04 20:05:07,573 INFO [org.junit.Test] zero00539
2016-08-04 20:05:07,573 INFO [org.junit.Test] zero00540
2016-08-04 20:05:07,573 INFO [org.junit.Test] zero00541
2016-08-04 20:05:07,573 INFO [org.junit.Test] zero00542
2016-08-04 20:05:07,573 INFO [org.junit.Test] zero00543
2016-08-04 20:05:07,573 INFO [org.junit.Test] zero00544
2016-08-04 20:05:07,573 INFO [org.junit.Test] zero00545
2016-08-04 20:05:07,573 INFO [org.junit.Test] zero00546
2016-08-04 20:05:07,573 INFO [org.junit.Test] zero00547
2016-08-04 20:05:07,573 INFO [org.junit.Test] zero00548
2016-08-04 20:05:07,573 INFO [org.junit.Test] zero00549
2016-08-04 20:05:07,573 INFO [org.junit.Test] zero00550
2016-08-04 20:05:07,573 INFO [org.junit.Test] zero00551
2016-08-04 20:05:07,573 INFO [org.junit.Test] zero00552
2016-08-04 20:05:07,573 INFO [org.junit.Test] zero00553
2016-08-04 20:05:07,573 INFO [org.junit.Test] zero00554
2016-08-04 20:05:07,573 INFO [org.junit.Test] zero00555
2016-08-04 20:05:07,573 INFO [org.junit.Test] zero00556
2016-08-04 20:05:07,573 INFO [org.junit.Test] zero00557
2016-08-04 20:05:07,573 INFO [org.junit.Test] zero00558
2016-08-04 20:05:07,573 INFO [org.junit.Test] zero00559
2016-08-04 20:05:07,573 INFO [org.junit.Test] zero00560
2016-08-04 20:05:07,573 INFO [org.junit.Test] zero00561
2016-08-04 20:05:07,573 INFO [org.junit.Test] zero00562
2016-08-04 20:05:07,573 INFO [org.junit.Test] zero00563
2016-08-04 20:05:07,573 INFO [org.junit.Test] zero00564
2016-08-04 20:05:07,573 INFO [org.junit.Test] zero00565
2016-08-04 20:05:07,573 INFO [org.junit.Test] zero00566
2016-08-04 20:05:07,573 INFO [org.junit.Test] zero00567
2016-08-04 20:05:07,573 INFO [org.junit.Test] zero00568
2016-08-04 20:05:07,573 INFO [org.junit.Test] zero00569
2016-08-04 20:05:07,573 INFO [org.junit.Test] zero00570
2016-08-04 20:05:07,573 INFO [org.junit.Test] zero00571
2016-08-04 20:05:07,573 INFO [org.junit.Test] zero00572
2016-08-04 20:05:07,573 INFO [org.junit.Test] zero00573
2016-08-04 20:05:07,573 INFO [org.junit.Test] zero00574
2016-08-04 20:05:07,573 INFO [org.junit.Test] zero00575
2016-08-04 20:05:07,573 INFO [org.junit.Test] zero00576
2016-08-04 20:05:07,573 INFO [org.junit.Test] zero00577
2016-08-04 20:05:07,573 INFO [org.junit.Test] zero00578
2016-08-04 20:05:07,573 INFO [org.junit.Test] zero00579
2016-08-04 20:05:07,573 INFO [org.junit.Test] zero00580
2016-08-04 20:05:07,573 INFO [org.junit.Test] zero00581
2016-08-04 20:05:07,573 INFO [org.junit.Test] zero00582
2016-08-04 20:05:07,573 INFO [org.junit.Test] zero00583
2016-08-04 20:05:07,573 INFO [org.junit.Test] zero00584
2016-08-04 20:05:07,573 INFO [org.junit.Test] zero00585
2016-08-04 20:05:07,573 INFO [org.junit.Test] zero00586
2016-08-04 20:05:07,573 INFO [org.junit.Test] zero00587
2016-08-04 20:05:07,573 INFO [org.junit.Test] zero00588
2016-08-04 20:05:07,573 INFO [org.junit.Test] zero00589
2016-08-04 20:05:07,573 INFO [org.junit.Test] zero00590
2016-08-04 20:05:07,573 INFO [org.junit.Test] zero00591
2016-08-04 20:05:07,573 INFO [org.junit.Test] zero00592
2016-08-04 20:05:07,573 INFO [org.junit.Test] zero00593
2016-08-04 20:05:07,573 INFO [org.junit.Test] zero00594
2016-08-04 20:05:07,573 INFO [org.junit.Test] zero00595
2016-08-04 20:05:07,573 INFO [org.junit.Test] zero00596
2016-08-04 20:05:07,573 INFO [org.junit.Test] zero00597
2016-08-04 20:05:07,573 INFO [org.junit.Test] zero00598
2016-08-04 20:05:07,573 INFO [org.junit.Test] zero00599
2016-08-04 20:05:07,573 INFO [org.junit.Test] zero00600
2016-08-04 20:05:07,573 INFO [org.junit.Test] zero00601
2016-08-04 20:05:07,573 INFO [org.junit.Test] zero00602
2016-08-04 20:05:07,573 INFO [org.junit.Test] zero00603
2016-08-04 20:05:07,573 INFO [org.junit.Test] zero00604
2016-08-04 20:05:07,573 INFO [org.junit.Test] zero00605
2016-08-04 20:05:07,573 INFO [org.junit.Test] zero00606
2016-08-04 20:05:07,573 INFO [org.junit.Test] zero00607
2016-08-04 20:05:07,573 INFO [org.junit.Test] zero00608
2016-08-04 20:05:07,573 INFO [org.junit.Test] zero00609
2016-08-04 20:05:07,573 INFO [org.junit.Test] zero00610
2016-08-04 20:05:07,573 INFO [org.junit.Test] zero00611
2016-08-04 20:05:07,573 INFO [org.junit.Test] zero00612
2016-08-04 20:05:07,573 INFO [org.junit.Test] zero00613
2016-08-04 20:05:07,573 INFO [org.junit.Test] zero00614
2016-08-04 20:05:07,573 INFO [org.junit.Test] zero00615
2016-08-04 20:05:07,573 INFO [org.junit.Test] zero00616
2016-08-04 20:05:07,573 INFO [org.junit.Test] zero00617
2016-08-04 20:05:07,573 INFO [org.junit.Test] zero00618
2016-08-04 20:05:07,573 INFO [org.junit.Test] zero00619
2016-08-04 20:05:07,573 INFO [org.junit.Test] zero00620
2016-08-04 20:05:07,573 INFO [org.junit.Test] zero00621
2016-08-04 20:05:07,573 INFO [org.junit.Test] zero00622
2016-08-04 20:05:07,573 INFO [org.junit.Test] zero00623
2016-08-04 20:05:07,573 INFO [org.junit.Test] zero00624
2016-08-04 20:05:07,573 INFO [org.junit.Test] zero00625
2016-08-04 20:05:07,573 INFO [org.junit.Test] zero00626
2016-08-04 20:05:07,573 INFO [org.junit.Test] zero00627
2016-08-04 20:05:07,573 INFO [org.junit.Test] zero00628
2016-08-04 20:05:07,573 INFO [org.junit.Test] zero00629
2016-08-04 20:05:07,573 INFO [org.junit.Test] zero00630
2016-08-04 20:05:07,573 INFO [org.junit.Test] zero00631
2016-08-04 20:05:07,573 INFO [org.junit.Test] zero00632
2016-08-04 20:05:07,573 INFO [org.junit.Test] zero00633
2016-08-04 20:05:07,573 INFO [org.junit.Test] zero00634
2016-08-04 20:05:07,573 INFO [org.junit.Test] zero00635
2016-08-04 20:05:07,573 INFO [org.junit.Test] zero00636
2016-08-04 20:05:07,573 INFO [org.junit.Test] zero00637
2016-08-04 20:05:07,573 INFO [org.junit.Test] zero00638
2016-08-04 20:05:07,573 INFO [org.junit.Test] zero00639
2016-08-04 20:05:07,573 INFO [org.junit.Test] zero00640
2016-08-04 20:05:07,573 INFO [org.junit.Test] zero00641
2016-08-04 20:05:07,573 INFO [org.junit.Test] zero00642
2016-08-04 20:05:07,573 INFO [org.junit.Test] zero00643
2016-08-04 20:05:07,573 INFO [org.junit.Test] zero00644
2016-08-04 20:05:07,573 INFO [org.junit.Test] zero00645
2016-08-04 20:05:07,573 INFO [org.junit.Test] zero00646
2016-08-04 20:05:07,573 INFO [org.junit.Test] zero00647
2016-08-04 20:05:07,573 INFO [org.junit.Test] zero00648
2016-08-04 20:05:07,573 INFO [org.junit.Test] zero00649
2016-08-04 20:05:07,573 INFO [org.junit.Test] zero00650
2016-08-04 20:05:07,573 INFO [org.junit.Test] zero00651
2016-08-04 20:05:07,573 INFO [org.junit.Test] zero00652
2016-08-04 20:05:07,573 INFO [org.junit.Test] zero00653
2016-08-04 20:05:07,573 INFO [org.junit.Test] zero00654
2016-08-04 20:05:07,573 INFO [org.junit.Test] zero00655
2016-08-04 20:05:07,573 INFO [org.junit.Test] zero00656
2016-08-04 20:05:07,573 INFO [org.junit.Test] zero00657
2016-08-04 20:05:07,573 INFO [org.junit.Test] zero00658
2016-08-04 20:05:07,573 INFO [org.junit.Test] zero00659
2016-08-04 20:05:07,573 INFO [org.junit.Test] zero00660
2016-08-04 20:05:07,573 INFO [org.junit.Test] zero00661
2016-08-04 20:05:07,573 INFO [org.junit.Test] zero00662
2016-08-04 20:05:07,573 INFO [org.junit.Test] zero00663
2016-08-04 20:05:07,573 INFO [org.junit.Test] zero00664
2016-08-04 20:05:07,573 INFO [org.junit.Test] zero00665
2016-08-04 20:05:07,573 INFO [org.junit.Test] zero00666
2016-08-04 20:05:07,573 INFO [org.junit.Test] zero00667
2016-08-04 20:05:07,573 INFO [org.junit.Test] zero00668
2016-08-04 20:05:07,573 INFO [org.junit.Test] zero00669
2016-08-04 20:05:07,573 INFO [org.junit.Test] zero00670
2016-08-04 20:05:07,573 INFO [org.junit.Test] zero00671
2016-08-04 20:05:07,573 INFO [org.junit.Test] zero00672
2016-08-04 20:05:07,573 INFO [org.junit.Test] zero00673
2016-08-04 20:05:07,573 INFO [org.junit.Test] zero00674
2016-08-04 20:05:07,573 INFO [org.junit.Test] zero00675
2016-08-04 20:05:07,573 INFO [org.junit.Test] zero00676
2016-08-04 20:05:07,573 INFO [org.junit.Test] zero00677
2016-08-04 20:05:07,573 INFO [org.junit.Test] zero00678
2016-08-04 20:05:07,573 INFO [org.junit.Test] zero00679
2016-08-04 20:05:07,573 INFO [org.junit.Test] zero00680
2016-08-04 20:05:07,573 INFO [org.junit.Test] zero00681
2016-08-04 20:05:07,573 INFO [org.junit.Test] zero00682
2016-08-04 20:05:07,573 INFO [org.junit.Test] zero00683
2016-08-04 20:05:07,573 INFO [org.junit.Test] zero00684
2016-08-04 20:05:07,573 INFO [org.junit.Test] zero00685
2016-08-04 20:05:07,573 INFO [org.junit.Test] zero00686
2016-08-04 20:05:07,573 INFO [org.junit.Test] zero00687
2016-08-04 20:05:07,573 INFO [org.junit.Test] zero00688
2016-08-04 20:05:07,573 INFO [org.junit.Test] zero00689
2016-08-04 20:05:07,573 INFO [org.junit.Test] zero00690
2016-08-04 20:05:07,573 INFO [org.junit.Test] zero00691
2016-08-04 20:05:07,573 INFO [org.junit.Test] zero00692
2016-08-04 20:05:07,573 INFO [org.junit.Test] zero00693
2016-08-04 20:05:07,573 INFO [org.junit.Test] zero00694
2016-08-04 20:05:07,573 INFO [org.junit.Test] zero00695
2016-08-04 20:05:07,573 INFO [org.junit.Test] zero00696
2016-08-04 20:05:07,573 INFO [org.junit.Test] zero00697
2016-08-04 20:05:07,573 INFO [org.junit.Test] zero00698
2016-08-04 20:05:07,573 INFO [org.junit.Test] zero00699
2016-08-04 20:05:07,573 INFO [org.junit.Test] zero00700
2016-08-04 20:05:07,573 INFO [org.junit.Test] zero00701
2016-08-04 20:05:07,573 INFO [org.junit.Test] zero00702
2016-08-04 20:05:07,573 INFO [org.junit.Test] zero00703
2016-08-04 20:05:07,573 INFO [org.junit.Test] zero00704
2016-08-04 20:05:07,573 INFO [org.junit.Test] zero00705
2016-08-04 20:05:07,573 INFO [org.junit.Test] zero00706
2016-08-04 20:05:07,573 INFO [org.junit.Test] zero00707
2016-08-04 20:05:07,573 INFO [org.junit.Test] zero00708
2016-08-04 20:05:07,573 INFO [org.junit.Test] zero00709
2016-08-04 20:05:07,573 INFO [org.junit.Test] zero00710
2016-08-04 20:05:07,573 INFO [org.junit.Test] zero00711
2016-08-04 20:05:07,573 INFO [org.junit.Test] zero00712
2016-08-04 20:05:07,573 INFO [org.junit.Test] zero00713
2016-08-04 20:05:07,573 INFO [org.junit.Test] zero00714
2016-08-04 20:05:07,573 INFO [org.junit.Test] zero00715
2016-08-04 20:05:07,573 INFO [org.junit.Test] zero00716
2016-08-04 20:05:07,573 INFO [org.junit.Test] zero00717
2016-08-04 20:05:07,573 INFO [org.junit.Test] zero00718
2016-08-04 20:05:07,573 INFO [org.junit.Test] zero00719
2016-08-04 20:05:07,573 INFO [org.junit.Test] zero00720
2016-08-04 20:05:07,573 INFO [org.junit.Test] zero00721
2016-08-04 20:05:07,573 INFO [org.junit.Test] zero00722
2016-08-04 20:05:07,573 INFO [org.junit.Test] zero00723
2016-08-04 20:05:07,573 INFO [org.junit.Test] zero00724
2016-08-04 20:05:07,573 INFO [org.junit.Test] zero00725
2016-08-04 20:05:07,573 INFO [org.junit.Test] zero00726
2016-08-04 20:05:07,573 INFO [org.junit.Test] zero00727
2016-08-04 20:05:07,573 INFO [org.junit.Test] zero00728
2016-08-04 20:05:07,573 INFO [org.junit.Test] zero00729
2016-08-04 20:05:07,573 INFO [org.junit.Test] zero00730
2016-08-04 20:05:07,573 INFO [org.junit.Test] zero00731
2016-08-04 20:05:07,573 INFO [org.junit.Test] zero00732
2016-08-04 20:05:07,573 INFO [org.junit.Test] zero00733
2016-08-04 20:05:07,573 INFO [org.junit.Test] zero00734
2016-08-04 20:05:07,573 INFO [org.junit.Test] zero00735
2016-08-04 20:05:07,573 INFO [org.junit.Test] zero00736
2016-08-04 20:05:07,573 INFO [org.junit.Test] zero00737
2016-08-04 20:05:07,573 INFO [org.junit.Test] zero00738
2016-08-04 20:05:07,573 INFO [org.junit.Test] zero00739
2016-08-04 20:05:07,573 INFO [org.junit.Test] zero00740
2016-08-04 20:05:07,573 INFO [org.junit.Test] zero00741
2016-08-04 20:05:07,573 INFO [org.junit.Test] zero00742
2016-08-04 20:05:07,573 INFO [org.junit.Test] zero00743
2016-08-04 20:05:07,573 INFO [org.junit.Test] zero00744
2016-08-04 20:05:07,573 INFO [org.junit.Test] zero00745
2016-08-04 20:05:07,573 INFO [org.junit.Test] zero00746
2016-08-04 20:05:07,573 INFO [org.junit.Test] zero00747
2016-08-04 20:05:07,573 INFO [org.junit.Test] zero00748
2016-08-04 20:05:07,573 INFO [org.junit.Test] zero00749
2016-08-04 20:05:07,573 INFO [org.junit.Test] zero00750
2016-08-04 20:05:07,573 INFO [org.junit.Test] zero00751
2016-08-04 20:05:07,573 INFO [org.junit.Test] zero00752
2016-08-04 20:05:07,573 INFO [org.junit.Test] zero00753
2016-08-04 20:05:07,573 INFO [org.junit.Test] zero00754
2016-08-04 20:05:07,573 INFO [org.junit.Test] zero00755
2016-08-04 20:05:07,573 INFO [org.junit.Test] zero00756
2016-08-04 20:05:07,573 INFO [org.junit.Test] zero00757
2016-08-04 20:05:07,573 INFO [org.junit.Test] zero00758
2016-08-04 20:05:07,573 INFO [org.junit.Test] zero00759
2016-08-04 20:05:07,573 INFO [org.junit.Test] zero00760
2016-08-04 20:05:07,573 INFO [org.junit.Test] zero00761
2016-08-04 20:05:07,573 INFO [org.junit.Test] zero00762
2016-08-04 20:05:07,573 INFO [org.junit.Test] zero00763
2016-08-04 20:05:07,573 INFO [org.junit.Test] zero00764
2016-08-04 20:05:07,573 INFO [org.junit.Test] zero00765
2016-08-04 20:05:07,573 INFO [org.junit.Test] zero00766
2016-08-04 20:05:07,573 INFO [org.junit.Test] zero00767
2016-08-04 20:05:07,573 INFO [org.junit.Test] zero00768
2016-08-04 20:05:07,573 INFO [org.junit.Test] zero00769
2016-08-04 20:05:07,573 INFO [org.junit.Test] zero00770
2016-08-04 20:05:07,573 INFO [org.junit.Test] zero00771
2016-08-04 20:05:07,573 INFO [org.junit.Test] zero00772
2016-08-04 20:05:07,573 INFO [org.junit.Test] zero00773
2016-08-04 20:05:07,573 INFO [org.junit.Test] zero00774
2016-08-04 20:05:07,573 INFO [org.junit.Test] zero00775
2016-08-04 20:05:07,573 INFO [org.junit.Test] zero00776
2016-08-04 20:05:07,573 INFO [org.junit.Test] zero00777
2016-08-04 20:05:07,573 INFO [org.junit.Test] zero00778
2016-08-04 20:05:07,573 INFO [org.junit.Test] zero00779
2016-08-04 20:05:07,573 INFO [org.junit.Test] zero00780
2016-08-04 20:05:07,573 INFO [org.junit.Test] zero00781
2016-08-04 20:05:07,573 INFO [org.junit.Test] zero00782
2016-08-04 20:05:07,573 INFO [org.junit.Test] zero00783
2016-08-04 20:05:07,573 INFO [org.junit.Test] zero00784
2016-08-04 20:05:07,573 INFO [org.junit.Test] zero00785
2016-08-04 20:05:07,573 INFO [org.junit.Test] zero00786
2016-08-04 20:05:07,574 INFO [org.junit.Test] zero00787
2016-08-04 20:05:07,574 INFO [org.junit.Test] zero00788
2016-08-04 20:05:07,574 INFO [org.junit.Test] zero00789
2016-08-04 20:05:07,574 INFO [org.junit.Test] zero00790
2016-08-04 20:05:07,574 INFO [org.junit.Test] zero00791
2016-08-04 20:05:07,574 INFO [org.junit.Test] zero00792
2016-08-04 20:05:07,574 INFO [org.junit.Test] zero00793
2016-08-04 20:05:07,574 INFO [org.junit.Test] zero00794
2016-08-04 20:05:07,574 INFO [org.junit.Test] zero00795
2016-08-04 20:05:07,574 INFO [org.junit.Test] zero00796
2016-08-04 20:05:07,574 INFO [org.junit.Test] zero00797
2016-08-04 20:05:07,574 INFO [org.junit.Test] zero00798
2016-08-04 20:05:07,574 INFO [org.junit.Test] zero00799
2016-08-04 20:05:07,574 INFO [org.junit.Test] zero00800
2016-08-04 20:05:07,574 INFO [org.junit.Test] zero00801
2016-08-04 20:05:07,574 INFO [org.junit.Test] zero00802
2016-08-04 20:05:07,574 INFO [org.junit.Test] zero00803
2016-08-04 20:05:07,574 INFO [org.junit.Test] zero00804
2016-08-04 20:05:07,574 INFO [org.junit.Test] zero00805
2016-08-04 20:05:07,574 INFO [org.junit.Test] zero00806
2016-08-04 20:05:07,574 INFO [org.junit.Test] zero00807
2016-08-04 20:05:07,574 INFO [org.junit.Test] zero00808
2016-08-04 20:05:07,574 INFO [org.junit.Test] zero00809
2016-08-04 20:05:07,574 INFO [org.junit.Test] zero00810
2016-08-04 20:05:07,574 INFO [org.junit.Test] zero00811
2016-08-04 20:05:07,574 INFO [org.junit.Test] zero00812
2016-08-04 20:05:07,574 INFO [org.junit.Test] zero00813
2016-08-04 20:05:07,574 INFO [org.junit.Test] zero00814
2016-08-04 20:05:07,574 INFO [org.junit.Test] zero00815
2016-08-04 20:05:07,574 INFO [org.junit.Test] zero00816
2016-08-04 20:05:07,574 INFO [org.junit.Test] zero00817
2016-08-04 20:05:07,574 INFO [org.junit.Test] zero00818
2016-08-04 20:05:07,574 INFO [org.junit.Test] zero00819
2016-08-04 20:05:07,574 INFO [org.junit.Test] zero00820
2016-08-04 20:05:07,574 INFO [org.junit.Test] zero00821
2016-08-04 20:05:07,574 INFO [org.junit.Test] zero00822
2016-08-04 20:05:07,574 INFO [org.junit.Test] zero00823
2016-08-04 20:05:07,574 INFO [org.junit.Test] zero00824
2016-08-04 20:05:07,574 INFO [org.junit.Test] zero00825
2016-08-04 20:05:07,574 INFO [org.junit.Test] zero00826
2016-08-04 20:05:07,574 INFO [org.junit.Test] zero00827
2016-08-04 20:05:07,574 INFO [org.junit.Test] zero00828
2016-08-04 20:05:07,574 INFO [org.junit.Test] zero00829
2016-08-04 20:05:07,574 INFO [org.junit.Test] zero00830
2016-08-04 20:05:07,574 INFO [org.junit.Test] zero00831
2016-08-04 20:05:07,574 INFO [org.junit.Test] zero00832
2016-08-04 20:05:07,574 INFO [org.junit.Test] zero00833
2016-08-04 20:05:07,574 INFO [org.junit.Test] zero00834
2016-08-04 20:05:07,574 INFO [org.junit.Test] zero00835
2016-08-04 20:05:07,574 INFO [org.junit.Test] zero00836
2016-08-04 20:05:07,574 INFO [org.junit.Test] zero00837
2016-08-04 20:05:07,574 INFO [org.junit.Test] zero00838
2016-08-04 20:05:07,574 INFO [org.junit.Test] zero00839
2016-08-04 20:05:07,574 INFO [org.junit.Test] zero00840
2016-08-04 20:05:07,574 INFO [org.junit.Test] zero00841
2016-08-04 20:05:07,574 INFO [org.junit.Test] zero00842
2016-08-04 20:05:07,574 INFO [org.junit.Test] zero00843
2016-08-04 20:05:07,574 INFO [org.junit.Test] zero00844
2016-08-04 20:05:07,574 INFO [org.junit.Test] zero00845
2016-08-04 20:05:07,574 INFO [org.junit.Test] zero00846
2016-08-04 20:05:07,574 INFO [org.junit.Test] zero00847
2016-08-04 20:05:07,574 INFO [org.junit.Test] zero00848
2016-08-04 20:05:07,574 INFO [org.junit.Test] zero00849
2016-08-04 20:05:07,574 INFO [org.junit.Test] zero00850
2016-08-04 20:05:07,574 INFO [org.junit.Test] zero00851
2016-08-04 20:05:07,574 INFO [org.junit.Test] zero00852
2016-08-04 20:05:07,574 INFO [org.junit.Test] zero00853
2016-08-04 20:05:07,574 INFO [org.junit.Test] zero00854
2016-08-04 20:05:07,574 INFO [org.junit.Test] zero00855
2016-08-04 20:05:07,574 INFO [org.junit.Test] zero00856
2016-08-04 20:05:07,574 INFO [org.junit.Test] zero00857
2016-08-04 20:05:07,574 INFO [org.junit.Test] zero00858
2016-08-04 20:05:07,574 INFO [org.junit.Test] zero00859
2016-08-04 20:05:07,574 INFO [org.junit.Test] zero00860
2016-08-04 20:05:07,574 INFO [org.junit.Test] zero00861
2016-08-04 20:05:07,574 INFO [org.junit.Test] zero00862
2016-08-04 20:05:07,574 INFO [org.junit.Test] zero00863
2016-08-04 20:05:07,574 INFO [org.junit.Test] zero00864
2016-08-04 20:05:07,574 INFO [org.junit.Test] zero00865
2016-08-04 20:05:07,574 INFO [org.junit.Test] zero00866
2016-08-04 20:05:07,574 INFO [org.junit.Test] zero00867
2016-08-04 20:05:07,574 INFO [org.junit.Test] zero00868
2016-08-04 20:05:07,574 INFO [org.junit.Test] zero00869
2016-08-04 20:05:07,574 INFO [org.junit.Test] zero00870
2016-08-04 20:05:07,574 INFO [org.junit.Test] zero00871
2016-08-04 20:05:07,574 INFO [org.junit.Test] zero00872
2016-08-04 20:05:07,574 INFO [org.junit.Test] zero00873
2016-08-04 20:05:07,574 INFO [org.junit.Test] zero00874
2016-08-04 20:05:07,574 INFO [org.junit.Test] zero00875
2016-08-04 20:05:07,574 INFO [org.junit.Test] zero00876
2016-08-04 20:05:07,574 INFO [org.junit.Test] zero00877
2016-08-04 20:05:07,574 INFO [org.junit.Test] zero00878
2016-08-04 20:05:07,574 INFO [org.junit.Test] zero00879
2016-08-04 20:05:07,574 INFO [org.junit.Test] zero00880
2016-08-04 20:05:07,574 INFO [org.junit.Test] zero00881
2016-08-04 20:05:07,574 INFO [org.junit.Test] zero00882
2016-08-04 20:05:07,574 INFO [org.junit.Test] zero00883
2016-08-04 20:05:07,574 INFO [org.junit.Test] zero00884
2016-08-04 20:05:07,574 INFO [org.junit.Test] zero00885
2016-08-04 20:05:07,574 INFO [org.junit.Test] zero00886
2016-08-04 20:05:07,574 INFO [org.junit.Test] zero00887
2016-08-04 20:05:07,574 INFO [org.junit.Test] zero00888
2016-08-04 20:05:07,574 INFO [org.junit.Test] zero00889
2016-08-04 20:05:07,574 INFO [org.junit.Test] zero00890
2016-08-04 20:05:07,574 INFO [org.junit.Test] zero00891
2016-08-04 20:05:07,574 INFO [org.junit.Test] zero00892
2016-08-04 20:05:07,574 INFO [org.junit.Test] zero00893
2016-08-04 20:05:07,574 INFO [org.junit.Test] zero00894
2016-08-04 20:05:07,574 INFO [org.junit.Test] zero00895
2016-08-04 20:05:07,574 INFO [org.junit.Test] zero00896
2016-08-04 20:05:07,574 INFO [org.junit.Test] zero00897
2016-08-04 20:05:07,574 INFO [org.junit.Test] zero00898
2016-08-04 20:05:07,574 INFO [org.junit.Test] zero00899
2016-08-04 20:05:07,574 INFO [org.junit.Test] zero00900
2016-08-04 20:05:07,574 INFO [org.junit.Test] zero00901
2016-08-04 20:05:07,574 INFO [org.junit.Test] zero00902
2016-08-04 20:05:07,574 INFO [org.junit.Test] zero00903
2016-08-04 20:05:07,574 INFO [org.junit.Test] zero00904
2016-08-04 20:05:07,574 INFO [org.junit.Test] zero00905
2016-08-04 20:05:07,574 INFO [org.junit.Test] zero00906
2016-08-04 20:05:07,574 INFO [org.junit.Test] zero00907
2016-08-04 20:05:07,574 INFO [org.junit.Test] zero00908
2016-08-04 20:05:07,574 INFO [org.junit.Test] zero00909
2016-08-04 20:05:07,574 INFO [org.junit.Test] zero00910
2016-08-04 20:05:07,574 INFO [org.junit.Test] zero00911
2016-08-04 20:05:07,574 INFO [org.junit.Test] zero00912
2016-08-04 20:05:07,574 INFO [org.junit.Test] zero00913
2016-08-04 20:05:07,574 INFO [org.junit.Test] zero00914
2016-08-04 20:05:07,574 INFO [org.junit.Test] zero00915
2016-08-04 20:05:07,574 INFO [org.junit.Test] zero00916
2016-08-04 20:05:07,574 INFO [org.junit.Test] zero00917
2016-08-04 20:05:07,574 INFO [org.junit.Test] zero00918
2016-08-04 20:05:07,574 INFO [org.junit.Test] zero00919
2016-08-04 20:05:07,574 INFO [org.junit.Test] zero00920
2016-08-04 20:05:07,574 INFO [org.junit.Test] zero00921
2016-08-04 20:05:07,574 INFO [org.junit.Test] zero00922
2016-08-04 20:05:07,574 INFO [org.junit.Test] zero00923
2016-08-04 20:05:07,574 INFO [org.junit.Test] zero00924
2016-08-04 20:05:07,574 INFO [org.junit.Test] zero00925
2016-08-04 20:05:07,574 INFO [org.junit.Test] zero00926
2016-08-04 20:05:07,574 INFO [org.junit.Test] zero00927
2016-08-04 20:05:07,574 INFO [org.junit.Test] zero00928
2016-08-04 20:05:07,574 INFO [org.junit.Test] zero00929
2016-08-04 20:05:07,574 INFO [org.junit.Test] zero00930
2016-08-04 20:05:07,574 INFO [org.junit.Test] zero00931
2016-08-04 20:05:07,574 INFO [org.junit.Test] zero00932
2016-08-04 20:05:07,574 INFO [org.junit.Test] zero00933
2016-08-04 20:05:07,574 INFO [org.junit.Test] zero00934
2016-08-04 20:05:07,574 INFO [org.junit.Test] zero00935
2016-08-04 20:05:07,574 INFO [org.junit.Test] zero00936
2016-08-04 20:05:07,574 INFO [org.junit.Test] zero00937
2016-08-04 20:05:07,574 INFO [org.junit.Test] zero00938
2016-08-04 20:05:07,574 INFO [org.junit.Test] zero00939
2016-08-04 20:05:07,574 INFO [org.junit.Test] zero00940
2016-08-04 20:05:07,574 INFO [org.junit.Test] zero00941
2016-08-04 20:05:07,574 INFO [org.junit.Test] zero00942
2016-08-04 20:05:07,574 INFO [org.junit.Test] zero00943
2016-08-04 20:05:07,574 INFO [org.junit.Test] zero00944
2016-08-04 20:05:07,574 INFO [org.junit.Test] zero00945
2016-08-04 20:05:07,574 INFO [org.junit.Test] zero00946
2016-08-04 20:05:07,574 INFO [org.junit.Test] zero00947
2016-08-04 20:05:07,574 INFO [org.junit.Test] zero00948
2016-08-04 20:05:07,574 INFO [org.junit.Test] zero00949
2016-08-04 20:05:07,574 INFO [org.junit.Test] zero00950
2016-08-04 20:05:07,574 INFO [org.junit.Test] zero00951
2016-08-04 20:05:07,574 INFO [org.junit.Test] zero00952
2016-08-04 20:05:07,574 INFO [org.junit.Test] zero00953
2016-08-04 20:05:07,574 INFO [org.junit.Test] zero00954
2016-08-04 20:05:07,574 INFO [org.junit.Test] zero00955
2016-08-04 20:05:07,574 INFO [org.junit.Test] zero00956
2016-08-04 20:05:07,574 INFO [org.junit.Test] zero00957
2016-08-04 20:05:07,574 INFO [org.junit.Test] zero00958
2016-08-04 20:05:07,574 INFO [org.junit.Test] zero00959
2016-08-04 20:05:07,574 INFO [org.junit.Test] zero00960
2016-08-04 20:05:07,574 INFO [org.junit.Test] zero00961
2016-08-04 20:05:07,574 INFO [org.junit.Test] zero00962
2016-08-04 20:05:07,574 INFO [org.junit.Test] zero00963
2016-08-04 20:05:07,574 INFO [org.junit.Test] zero00964
2016-08-04 20:05:07,574 INFO [org.junit.Test] zero00965
2016-08-04 20:05:07,574 INFO [org.junit.Test] zero00966
2016-08-04 20:05:07,574 INFO [org.junit.Test] zero00967
2016-08-04 20:05:07,574 INFO [org.junit.Test] zero00968
2016-08-04 20:05:07,574 INFO [org.junit.Test] zero00969
2016-08-04 20:05:07,574 INFO [org.junit.Test] zero00970
2016-08-04 20:05:07,574 INFO [org.junit.Test] zero00971
2016-08-04 20:05:07,574 INFO [org.junit.Test] zero00972
2016-08-04 20:05:07,574 INFO [org.junit.Test] zero00973
2016-08-04 20:05:07,574 INFO [org.junit.Test] zero00974
2016-08-04 20:05:07,574 INFO [org.junit.Test] zero00975
2016-08-04 20:05:07,574 INFO [org.junit.Test] zero00976
2016-08-04 20:05:07,574 INFO [org.junit.Test] zero00977
2016-08-04 20:05:07,574 INFO [org.junit.Test] zero00978
2016-08-04 20:05:07,574 INFO [org.junit.Test] zero00979
2016-08-04 20:05:07,574 INFO [org.junit.Test] zero00980
2016-08-04 20:05:07,574 INFO [org.junit.Test] zero00981
2016-08-04 20:05:07,574 INFO [org.junit.Test] zero00982
2016-08-04 20:05:07,574 INFO [org.junit.Test] zero00983
2016-08-04 20:05:07,574 INFO [org.junit.Test] zero00984
2016-08-04 20:05:07,574 INFO [org.junit.Test] zero00985
2016-08-04 20:05:07,574 INFO [org.junit.Test] zero00986
2016-08-04 20:05:07,574 INFO [org.junit.Test] zero00987
2016-08-04 20:05:07,574 INFO [org.junit.Test] zero00988
2016-08-04 20:05:07,574 INFO [org.junit.Test] zero00989
2016-08-04 20:05:07,574 INFO [org.junit.Test] zero00990
2016-08-04 20:05:07,574 INFO [org.junit.Test] zero00991
2016-08-04 20:05:07,574 INFO [org.junit.Test] zero00992
2016-08-04 20:05:07,574 INFO [org.junit.Test] zero00993
2016-08-04 20:05:07,574 INFO [org.junit.Test] zero00994
2016-08-04 20:05:07,574 INFO [org.junit.Test] zero00995
2016-08-04 20:05:07,574 INFO [org.junit.Test] zero00996
2016-08-04 20:05:07,574 INFO [org.junit.Test] zero00997
2016-08-04 20:05:07,574 INFO [org.junit.Test] zero00998
2016-08-04 20:05:07,574 INFO [org.junit.Test] zero00999
2016-08-04 20:05:10,574 INFO [org.junit.Test] zero000
2016-08-04 20:05:10,574 INFO [org.junit.Test] zero001
2016-08-04 20:05:10,574 INFO [org.junit.Test] zero002
2016-08-04 20:05:10,574 INFO [org.junit.Test] zero003
2016-08-04 20:05:10,574 INFO [org.junit.Test] zero004
2016-08-04 20:05:10,574 INFO [org.junit.Test] zero005
2016-08-04 20:05:10,574 INFO [org.junit.Test] zero006
2016-08-04 20:05:10,574 INFO [org.junit.Test] zero007
2016-08-04 20:05:10,574 INFO [org.junit.Test] zero008
2016-08-04 20:05:10,574 INFO [org.junit.Test] zero009
2016-08-04 20:05:10,574 INFO [org.junit.Test] zero0010
2016-08-04 20:05:10,574 INFO [org.junit.Test] zero0011
2016-08-04 20:05:10,574 INFO [org.junit.Test] zero0012
2016-08-04 20:05:10,574 INFO [org.junit.Test] zero0013
2016-08-04 20:05:10,574 INFO [org.junit.Test] zero0014
2016-08-04 20:05:10,574 INFO [org.junit.Test] zero0015
2016-08-04 20:05:10,574 INFO [org.junit.Test] zero0016
2016-08-04 20:05:10,574 INFO [org.junit.Test] zero0017
2016-08-04 20:05:10,574 INFO [org.junit.Test] zero0018
2016-08-04 20:05:10,574 INFO [org.junit.Test] zero0019
2016-08-04 20:05:10,574 INFO [org.junit.Test] zero0020
2016-08-04 20:05:10,574 INFO [org.junit.Test] zero0021
2016-08-04 20:05:10,574 INFO [org.junit.Test] zero0022
2016-08-04 20:05:10,574 INFO [org.junit.Test] zero0023
2016-08-04 20:05:10,574 INFO [org.junit.Test] zero0024
2016-08-04 20:05:10,574 INFO [org.junit.Test] zero0025
2016-08-04 20:05:10,574 INFO [org.junit.Test] zero0026
2016-08-04 20:05:10,574 INFO [org.junit.Test] zero0027
2016-08-04 20:05:10,574 INFO [org.junit.Test] zero0028
2016-08-04 20:05:10,574 INFO [org.junit.Test] zero0029
2016-08-04 20:05:10,574 INFO [org.junit.Test] zero0030
2016-08-04 20:05:10,574 INFO [org.junit.Test] zero0031
2016-08-04 20:05:10,574 INFO [org.junit.Test] zero0032
2016-08-04 20:05:10,574 INFO [org.junit.Test] zero0033
2016-08-04 20:05:10,574 INFO [org.junit.Test] zero0034
2016-08-04 20:05:10,574 INFO [org.junit.Test] zero0035
2016-08-04 20:05:10,574 INFO [org.junit.Test] zero0036
2016-08-04 20:05:10,574 INFO [org.junit.Test] zero0037
2016-08-04 20:05:10,574 INFO [org.junit.Test] zero0038
2016-08-04 20:05:10,574 INFO [org.junit.Test] zero0039
2016-08-04 20:05:10,574 INFO [org.junit.Test] zero0040
2016-08-04 20:05:10,574 INFO [org.junit.Test] zero0041
2016-08-04 20:05:10,574 INFO [org.junit.Test] zero0042
2016-08-04 20:05:10,574 INFO [org.junit.Test] zero0043
2016-08-04 20:05:10,574 INFO [org.junit.Test] zero0044
2016-08-04 20:05:10,574 INFO [org.junit.Test] zero0045
2016-08-04 20:05:10,574 INFO [org.junit.Test] zero0046
2016-08-04 20:05:10,574 INFO [org.junit.Test] zero0047
2016-08-04 20:05:10,574 INFO [org.junit.Test] zero0048
2016-08-04 20:05:10,574 INFO [org.junit.Test] zero0049
2016-08-04 20:05:10,574 INFO [org.junit.Test] zero0050
2016-08-04 20:05:10,574 INFO [org.junit.Test] zero0051
2016-08-04 20:05:10,574 INFO [org.junit.Test] zero0052
2016-08-04 20:05:10,574 INFO [org.junit.Test] zero0053
2016-08-04 20:05:10,574 INFO [org.junit.Test] zero0054
2016-08-04 20:05:10,574 INFO [org.junit.Test] zero0055
2016-08-04 20:05:10,574 INFO [org.junit.Test] zero0056
2016-08-04 20:05:10,574 INFO [org.junit.Test] zero0057
2016-08-04 20:05:10,574 INFO [org.junit.Test] zero0058
2016-08-04 20:05:10,574 INFO [org.junit.Test] zero0059
2016-08-04 20:05:10,574 INFO [org.junit.Test] zero0060
2016-08-04 20:05:10,574 INFO [org.junit.Test] zero0061
2016-08-04 20:05:10,574 INFO [org.junit.Test] zero0062
2016-08-04 20:05:10,574 INFO [org.junit.Test] zero0063
2016-08-04 20:05:10,574 INFO [org.junit.Test] zero0064
2016-08-04 20:05:10,574 INFO [org.junit.Test] zero0065
2016-08-04 20:05:10,574 INFO [org.junit.Test] zero0066
2016-08-04 20:05:10,574 INFO [org.junit.Test] zero0067
2016-08-04 20:05:10,574 INFO [org.junit.Test] zero0068
2016-08-04 20:05:10,574 INFO [org.junit.Test] zero0069
2016-08-04 20:05:10,574 INFO [org.junit.Test] zero0070
2016-08-04 20:05:10,574 INFO [org.junit.Test] zero0071
2016-08-04 20:05:10,574 INFO [org.junit.Test] zero0072
2016-08-04 20:05:10,574 INFO [org.junit.Test] zero0073
2016-08-04 20:05:10,574 INFO [org.junit.Test] zero0074
2016-08-04 20:05:10,574 INFO [org.junit.Test] zero0075
2016-08-04 20:05:10,574 INFO [org.junit.Test] zero0076
2016-08-04 20:05:10,574 INFO [org.junit.Test] zero0077
2016-08-04 20:05:10,574 INFO [org.junit.Test] zero0078
2016-08-04 20:05:10,574 INFO [org.junit.Test] zero0079
2016-08-04 20:05:10,574 INFO [org.junit.Test] zero0080
2016-08-04 20:05:10,574 INFO [org.junit.Test] zero0081
2016-08-04 20:05:10,574 INFO [org.junit.Test] zero0082
2016-08-04 20:05:10,574 INFO [org.junit.Test] zero0083
2016-08-04 20:05:10,574 INFO [org.junit.Test] zero0084
2016-08-04 20:05:10,574 INFO [org.junit.Test] zero0085
2016-08-04 20:05:10,574 INFO [org.junit.Test] zero0086
2016-08-04 20:05:10,574 INFO [org.junit.Test] zero0087
2016-08-04 20:05:10,574 INFO [org.junit.Test] zero0088
2016-08-04 20:05:10,574 INFO [org.junit.Test] zero0089
2016-08-04 20:05:10,574 INFO [org.junit.Test] zero0090
2016-08-04 20:05:10,574 INFO [org.junit.Test] zero0091
2016-08-04 20:05:10,574 INFO [org.junit.Test] zero0092
2016-08-04 20:05:10,574 INFO [org.junit.Test] zero0093
2016-08-04 20:05:10,574 INFO [org.junit.Test] zero0094
2016-08-04 20:05:10,574 INFO [org.junit.Test] zero0095
2016-08-04 20:05:10,574 INFO [org.junit.Test] zero0096
2016-08-04 20:05:10,574 INFO [org.junit.Test] zero0097
2016-08-04 20:05:10,574 INFO [org.junit.Test] zero0098
2016-08-04 20:05:10,574 INFO [org.junit.Test] zero0099
2016-08-04 20:05:10,574 INFO [org.junit.Test] zero00100
2016-08-04 20:05:10,574 INFO [org.junit.Test] zero00101
2016-08-04 20:05:10,574 INFO [org.junit.Test] zero00102
2016-08-04 20:05:10,574 INFO [org.junit.Test] zero00103
2016-08-04 20:05:10,574 INFO [org.junit.Test] zero00104
2016-08-04 20:05:10,574 INFO [org.junit.Test] zero00105
2016-08-04 20:05:10,574 INFO [org.junit.Test] zero00106
2016-08-04 20:05:10,574 INFO [org.junit.Test] zero00107
2016-08-04 20:05:10,574 INFO [org.junit.Test] zero00108
2016-08-04 20:05:10,574 INFO [org.junit.Test] zero00109
2016-08-04 20:05:10,574 INFO [org.junit.Test] zero00110
2016-08-04 20:05:10,574 INFO [org.junit.Test] zero00111
2016-08-04 20:05:10,574 INFO [org.junit.Test] zero00112
2016-08-04 20:05:10,574 INFO [org.junit.Test] zero00113
2016-08-04 20:05:10,574 INFO [org.junit.Test] zero00114
2016-08-04 20:05:10,574 INFO [org.junit.Test] zero00115
2016-08-04 20:05:10,574 INFO [org.junit.Test] zero00116
2016-08-04 20:05:10,574 INFO [org.junit.Test] zero00117
2016-08-04 20:05:10,574 INFO [org.junit.Test] zero00118
2016-08-04 20:05:10,574 INFO [org.junit.Test] zero00119
2016-08-04 20:05:10,574 INFO [org.junit.Test] zero00120
2016-08-04 20:05:10,574 INFO [org.junit.Test] zero00121
2016-08-04 20:05:10,574 INFO [org.junit.Test] zero00122
2016-08-04 20:05:10,574 INFO [org.junit.Test] zero00123
2016-08-04 20:05:10,574 INFO [org.junit.Test] zero00124
2016-08-04 20:05:10,574 INFO [org.junit.Test] zero00125
2016-08-04 20:05:10,574 INFO [org.junit.Test] zero00126
2016-08-04 20:05:10,574 INFO [org.junit.Test] zero00127
2016-08-04 20:05:10,574 INFO [org.junit.Test] zero00128
2016-08-04 20:05:10,574 INFO [org.junit.Test] zero00129
2016-08-04 20:05:10,574 INFO [org.junit.Test] zero00130
2016-08-04 20:05:10,574 INFO [org.junit.Test] zero00131
2016-08-04 20:05:10,574 INFO [org.junit.Test] zero00132
2016-08-04 20:05:10,574 INFO [org.junit.Test] zero00133
2016-08-04 20:05:10,574 INFO [org.junit.Test] zero00134
2016-08-04 20:05:10,574 INFO [org.junit.Test] zero00135
2016-08-04 20:05:10,574 INFO [org.junit.Test] zero00136
2016-08-04 20:05:10,574 INFO [org.junit.Test] zero00137
2016-08-04 20:05:10,574 INFO [org.junit.Test] zero00138
2016-08-04 20:05:10,574 INFO [org.junit.Test] zero00139
2016-08-04 20:05:10,574 INFO [org.junit.Test] zero00140
2016-08-04 20:05:10,574 INFO [org.junit.Test] zero00141
2016-08-04 20:05:10,574 INFO [org.junit.Test] zero00142
2016-08-04 20:05:10,574 INFO [org.junit.Test] zero00143
2016-08-04 20:05:10,574 INFO [org.junit.Test] zero00144
2016-08-04 20:05:10,574 INFO [org.junit.Test] zero00145
2016-08-04 20:05:10,574 INFO [org.junit.Test] zero00146
2016-08-04 20:05:10,575 INFO [org.junit.Test] zero00147
2016-08-04 20:05:10,575 INFO [org.junit.Test] zero00148
2016-08-04 20:05:10,575 INFO [org.junit.Test] zero00149
2016-08-04 20:05:10,575 INFO [org.junit.Test] zero00150
2016-08-04 20:05:10,575 INFO [org.junit.Test] zero00151
2016-08-04 20:05:10,575 INFO [org.junit.Test] zero00152
2016-08-04 20:05:10,575 INFO [org.junit.Test] zero00153
2016-08-04 20:05:10,575 INFO [org.junit.Test] zero00154
2016-08-04 20:05:10,575 INFO [org.junit.Test] zero00155
2016-08-04 20:05:10,575 INFO [org.junit.Test] zero00156
2016-08-04 20:05:10,575 INFO [org.junit.Test] zero00157
2016-08-04 20:05:10,575 INFO [org.junit.Test] zero00158
2016-08-04 20:05:10,575 INFO [org.junit.Test] zero00159
2016-08-04 20:05:10,575 INFO [org.junit.Test] zero00160
2016-08-04 20:05:10,575 INFO [org.junit.Test] zero00161
2016-08-04 20:05:10,575 INFO [org.junit.Test] zero00162
2016-08-04 20:05:10,575 INFO [org.junit.Test] zero00163
2016-08-04 20:05:10,575 INFO [org.junit.Test] zero00164
2016-08-04 20:05:10,575 INFO [org.junit.Test] zero00165
2016-08-04 20:05:10,575 INFO [org.junit.Test] zero00166
2016-08-04 20:05:10,575 INFO [org.junit.Test] zero00167
2016-08-04 20:05:10,575 INFO [org.junit.Test] zero00168
2016-08-04 20:05:10,575 INFO [org.junit.Test] zero00169
2016-08-04 20:05:10,575 INFO [org.junit.Test] zero00170
2016-08-04 20:05:10,575 INFO [org.junit.Test] zero00171
2016-08-04 20:05:10,575 INFO [org.junit.Test] zero00172
2016-08-04 20:05:10,575 INFO [org.junit.Test] zero00173
2016-08-04 20:05:10,575 INFO [org.junit.Test] zero00174
2016-08-04 20:05:10,575 INFO [org.junit.Test] zero00175
2016-08-04 20:05:10,575 INFO [org.junit.Test] zero00176
2016-08-04 20:05:10,575 INFO [org.junit.Test] zero00177
2016-08-04 20:05:10,575 INFO [org.junit.Test] zero00178
2016-08-04 20:05:10,575 INFO [org.junit.Test] zero00179
2016-08-04 20:05:10,575 INFO [org.junit.Test] zero00180
2016-08-04 20:05:10,575 INFO [org.junit.Test] zero00181
2016-08-04 20:05:10,575 INFO [org.junit.Test] zero00182
2016-08-04 20:05:10,575 INFO [org.junit.Test] zero00183
2016-08-04 20:05:10,575 INFO [org.junit.Test] zero00184
2016-08-04 20:05:10,575 INFO [org.junit.Test] zero00185
2016-08-04 20:05:10,575 INFO [org.junit.Test] zero00186
2016-08-04 20:05:10,575 INFO [org.junit.Test] zero00187
2016-08-04 20:05:10,575 INFO [org.junit.Test] zero00188
2016-08-04 20:05:10,575 INFO [org.junit.Test] zero00189
2016-08-04 20:05:10,575 INFO [org.junit.Test] zero00190
2016-08-04 20:05:10,575 INFO [org.junit.Test] zero00191
2016-08-04 20:05:10,575 INFO [org.junit.Test] zero00192
2016-08-04 20:05:10,575 INFO [org.junit.Test] zero00193
2016-08-04 20:05:10,575 INFO [org.junit.Test] zero00194
2016-08-04 20:05:10,575 INFO [org.junit.Test] zero00195
2016-08-04 20:05:10,575 INFO [org.junit.Test] zero00196
2016-08-04 20:05:10,575 INFO [org.junit.Test] zero00197
2016-08-04 20:05:10,575 INFO [org.junit.Test] zero00198
2016-08-04 20:05:10,575 INFO [org.junit.Test] zero00199
2016-08-04 20:05:10,575 INFO [org.junit.Test] zero00200
2016-08-04 20:05:10,575 INFO [org.junit.Test] zero00201
2016-08-04 20:05:10,575 INFO [org.junit.Test] zero00202
2016-08-04 20:05:10,575 INFO [org.junit.Test] zero00203
2016-08-04 20:05:10,575 INFO [org.junit.Test] zero00204
2016-08-04 20:05:10,575 INFO [org.junit.Test] zero00205
2016-08-04 20:05:10,575 INFO [org.junit.Test] zero00206
2016-08-04 20:05:10,575 INFO [org.junit.Test] zero00207
2016-08-04 20:05:10,575 INFO [org.junit.Test] zero00208
2016-08-04 20:05:10,575 INFO [org.junit.Test] zero00209
2016-08-04 20:05:10,575 INFO [org.junit.Test] zero00210
2016-08-04 20:05:10,575 INFO [org.junit.Test] zero00211
2016-08-04 20:05:10,575 INFO [org.junit.Test] zero00212
2016-08-04 20:05:10,575 INFO [org.junit.Test] zero00213
2016-08-04 20:05:10,575 INFO [org.junit.Test] zero00214
2016-08-04 20:05:10,575 INFO [org.junit.Test] zero00215
2016-08-04 20:05:10,575 INFO [org.junit.Test] zero00216
2016-08-04 20:05:10,575 INFO [org.junit.Test] zero00217
2016-08-04 20:05:10,575 INFO [org.junit.Test] zero00218
2016-08-04 20:05:10,575 INFO [org.junit.Test] zero00219
2016-08-04 20:05:10,575 INFO [org.junit.Test] zero00220
2016-08-04 20:05:10,575 INFO [org.junit.Test] zero00221
2016-08-04 20:05:10,575 INFO [org.junit.Test] zero00222
2016-08-04 20:05:10,575 INFO [org.junit.Test] zero00223
2016-08-04 20:05:10,575 INFO [org.junit.Test] zero00224
2016-08-04 20:05:10,575 INFO [org.junit.Test] zero00225
2016-08-04 20:05:10,575 INFO [org.junit.Test] zero00226
2016-08-04 20:05:10,575 INFO [org.junit.Test] zero00227
2016-08-04 20:05:10,575 INFO [org.junit.Test] zero00228
2016-08-04 20:05:10,575 INFO [org.junit.Test] zero00229
2016-08-04 20:05:10,575 INFO [org.junit.Test] zero00230
2016-08-04 20:05:10,575 INFO [org.junit.Test] zero00231
2016-08-04 20:05:10,575 INFO [org.junit.Test] zero00232
2016-08-04 20:05:10,575 INFO [org.junit.Test] zero00233
2016-08-04 20:05:10,575 INFO [org.junit.Test] zero00234
2016-08-04 20:05:10,575 INFO [org.junit.Test] zero00235
2016-08-04 20:05:10,575 INFO [org.junit.Test] zero00236
2016-08-04 20:05:10,575 INFO [org.junit.Test] zero00237
2016-08-04 20:05:10,575 INFO [org.junit.Test] zero00238
2016-08-04 20:05:10,575 INFO [org.junit.Test] zero00239
2016-08-04 20:05:10,575 INFO [org.junit.Test] zero00240
2016-08-04 20:05:10,575 INFO [org.junit.Test] zero00241
2016-08-04 20:05:10,575 INFO [org.junit.Test] zero00242
2016-08-04 20:05:10,575 INFO [org.junit.Test] zero00243
2016-08-04 20:05:10,575 INFO [org.junit.Test] zero00244
2016-08-04 20:05:10,575 INFO [org.junit.Test] zero00245
2016-08-04 20:05:10,575 INFO [org.junit.Test] zero00246
2016-08-04 20:05:10,575 INFO [org.junit.Test] zero00247
2016-08-04 20:05:10,575 INFO [org.junit.Test] zero00248
2016-08-04 20:05:10,575 INFO [org.junit.Test] zero00249
2016-08-04 20:05:10,575 INFO [org.junit.Test] zero00250
2016-08-04 20:05:10,575 INFO [org.junit.Test] zero00251
2016-08-04 20:05:10,575 INFO [org.junit.Test] zero00252
2016-08-04 20:05:10,575 INFO [org.junit.Test] zero00253
2016-08-04 20:05:10,575 INFO [org.junit.Test] zero00254
2016-08-04 20:05:10,575 INFO [org.junit.Test] zero00255
2016-08-04 20:05:10,575 INFO [org.junit.Test] zero00256
2016-08-04 20:05:10,575 INFO [org.junit.Test] zero00257
2016-08-04 20:05:10,575 INFO [org.junit.Test] zero00258
2016-08-04 20:05:10,575 INFO [org.junit.Test] zero00259
2016-08-04 20:05:10,575 INFO [org.junit.Test] zero00260
2016-08-04 20:05:10,575 INFO [org.junit.Test] zero00261
2016-08-04 20:05:10,575 INFO [org.junit.Test] zero00262
2016-08-04 20:05:10,575 INFO [org.junit.Test] zero00263
2016-08-04 20:05:10,575 INFO [org.junit.Test] zero00264
2016-08-04 20:05:10,575 INFO [org.junit.Test] zero00265
2016-08-04 20:05:10,575 INFO [org.junit.Test] zero00266
2016-08-04 20:05:10,575 INFO [org.junit.Test] zero00267
2016-08-04 20:05:10,575 INFO [org.junit.Test] zero00268
2016-08-04 20:05:10,575 INFO [org.junit.Test] zero00269
2016-08-04 20:05:10,575 INFO [org.junit.Test] zero00270
2016-08-04 20:05:10,575 INFO [org.junit.Test] zero00271
2016-08-04 20:05:10,575 INFO [org.junit.Test] zero00272
2016-08-04 20:05:10,575 INFO [org.junit.Test] zero00273
2016-08-04 20:05:10,575 INFO [org.junit.Test] zero00274
2016-08-04 20:05:10,575 INFO [org.junit.Test] zero00275
2016-08-04 20:05:10,575 INFO [org.junit.Test] zero00276
2016-08-04 20:05:10,575 INFO [org.junit.Test] zero00277
2016-08-04 20:05:10,575 INFO [org.junit.Test] zero00278
2016-08-04 20:05:10,575 INFO [org.junit.Test] zero00279
2016-08-04 20:05:10,575 INFO [org.junit.Test] zero00280
2016-08-04 20:05:10,575 INFO [org.junit.Test] zero00281
2016-08-04 20:05:10,575 INFO [org.junit.Test] zero00282
2016-08-04 20:05:10,575 INFO [org.junit.Test] zero00283
2016-08-04 20:05:10,575 INFO [org.junit.Test] zero00284
2016-08-04 20:05:10,575 INFO [org.junit.Test] zero00285
2016-08-04 20:05:10,575 INFO [org.junit.Test] zero00286
2016-08-04 20:05:10,575 INFO [org.junit.Test] zero00287
2016-08-04 20:05:10,575 INFO [org.junit.Test] zero00288
2016-08-04 20:05:10,575 INFO [org.junit.Test] zero00289
2016-08-04 20:05:10,575 INFO [org.junit.Test] zero00290
2016-08-04 20:05:10,575 INFO [org.junit.Test] zero00291
2016-08-04 20:05:10,575 INFO [org.junit.Test] zero00292
2016-08-04 20:05:10,575 INFO [org.junit.Test] zero00293
2016-08-04 20:05:10,575 INFO [org.junit.Test] zero00294
2016-08-04 20:05:10,575 INFO [org.junit.Test] zero00295
2016-08-04 20:05:10,575 INFO [org.junit.Test] zero00296
2016-08-04 20:05:10,575 INFO [org.junit.Test] zero00297
2016-08-04 20:05:10,575 INFO [org.junit.Test] zero00298
2016-08-04 20:05:10,575 INFO [org.junit.Test] zero00299
2016-08-04 20:05:10,575 INFO [org.junit.Test] zero00300
2016-08-04 20:05:10,575 INFO [org.junit.Test] zero00301
2016-08-04 20:05:10,575 INFO [org.junit.Test] zero00302
2016-08-04 20:05:10,575 INFO [org.junit.Test] zero00303
2016-08-04 20:05:10,575 INFO [org.junit.Test] zero00304
2016-08-04 20:05:10,575 INFO [org.junit.Test] zero00305
2016-08-04 20:05:10,575 INFO [org.junit.Test] zero00306
2016-08-04 20:05:10,575 INFO [org.junit.Test] zero00307
2016-08-04 20:05:10,575 INFO [org.junit.Test] zero00308
2016-08-04 20:05:10,575 INFO [org.junit.Test] zero00309
2016-08-04 20:05:10,575 INFO [org.junit.Test] zero00310
2016-08-04 20:05:10,575 INFO [org.junit.Test] zero00311
2016-08-04 20:05:10,575 INFO [org.junit.Test] zero00312
2016-08-04 20:05:10,575 INFO [org.junit.Test] zero00313
2016-08-04 20:05:10,575 INFO [org.junit.Test] zero00314
2016-08-04 20:05:10,575 INFO [org.junit.Test] zero00315
2016-08-04 20:05:10,575 INFO [org.junit.Test] zero00316
2016-08-04 20:05:10,575 INFO [org.junit.Test] zero00317
2016-08-04 20:05:10,575 INFO [org.junit.Test] zero00318
2016-08-04 20:05:10,575 INFO [org.junit.Test] zero00319
2016-08-04 20:05:10,575 INFO [org.junit.Test] zero00320
2016-08-04 20:05:10,575 INFO [org.junit.Test] zero00321
2016-08-04 20:05:10,575 INFO [org.junit.Test] zero00322
2016-08-04 20:05:10,575 INFO [org.junit.Test] zero00323
2016-08-04 20:05:10,575 INFO [org.junit.Test] zero00324
2016-08-04 20:05:10,575 INFO [org.junit.Test] zero00325
2016-08-04 20:05:10,575 INFO [org.junit.Test] zero00326
2016-08-04 20:05:10,575 INFO [org.junit.Test] zero00327
2016-08-04 20:05:10,575 INFO [org.junit.Test] zero00328
2016-08-04 20:05:10,575 INFO [org.junit.Test] zero00329
2016-08-04 20:05:10,575 INFO [org.junit.Test] zero00330
2016-08-04 20:05:10,575 INFO [org.junit.Test] zero00331
2016-08-04 20:05:10,575 INFO [org.junit.Test] zero00332
2016-08-04 20:05:10,575 INFO [org.junit.Test] zero00333
2016-08-04 20:05:10,575 INFO [org.junit.Test] zero00334
2016-08-04 20:05:10,575 INFO [org.junit.Test] zero00335
2016-08-04 20:05:10,575 INFO [org.junit.Test] zero00336
2016-08-04 20:05:10,575 INFO [org.junit.Test] zero00337
2016-08-04 20:05:10,575 INFO [org.junit.Test] zero00338
2016-08-04 20:05:10,575 INFO [org.junit.Test] zero00339
2016-08-04 20:05:10,575 INFO [org.junit.Test] zero00340
2016-08-04 20:05:10,575 INFO [org.junit.Test] zero00341
2016-08-04 20:05:10,575 INFO [org.junit.Test] zero00342
2016-08-04 20:05:10,575 INFO [org.junit.Test] zero00343
2016-08-04 20:05:10,575 INFO [org.junit.Test] zero00344
2016-08-04 20:05:10,575 INFO [org.junit.Test] zero00345
2016-08-04 20:05:10,575 INFO [org.junit.Test] zero00346
2016-08-04 20:05:10,575 INFO [org.junit.Test] zero00347
2016-08-04 20:05:10,575 INFO [org.junit.Test] zero00348
2016-08-04 20:05:10,575 INFO [org.junit.Test] zero00349
2016-08-04 20:05:10,575 INFO [org.junit.Test] zero00350
2016-08-04 20:05:10,575 INFO [org.junit.Test] zero00351
2016-08-04 20:05:10,575 INFO [org.junit.Test] zero00352
2016-08-04 20:05:10,575 INFO [org.junit.Test] zero00353
2016-08-04 20:05:10,575 INFO [org.junit.Test] zero00354
2016-08-04 20:05:10,575 INFO [org.junit.Test] zero00355
2016-08-04 20:05:10,575 INFO [org.junit.Test] zero00356
2016-08-04 20:05:10,575 INFO [org.junit.Test] zero00357
2016-08-04 20:05:10,575 INFO [org.junit.Test] zero00358
2016-08-04 20:05:10,575 INFO [org.junit.Test] zero00359
2016-08-04 20:05:10,575 INFO [org.junit.Test] zero00360
2016-08-04 20:05:10,575 INFO [org.junit.Test] zero00361
2016-08-04 20:05:10,575 INFO [org.junit.Test] zero00362
2016-08-04 20:05:10,575 INFO [org.junit.Test] zero00363
2016-08-04 20:05:10,575 INFO [org.junit.Test] zero00364
2016-08-04 20:05:10,575 INFO [org.junit.Test] zero00365
2016-08-04 20:05:10,575 INFO [org.junit.Test] zero00366
2016-08-04 20:05:10,575 INFO [org.junit.Test] zero00367
2016-08-04 20:05:10,575 INFO [org.junit.Test] zero00368
2016-08-04 20:05:10,575 INFO [org.junit.Test] zero00369
2016-08-04 20:05:10,575 INFO [org.junit.Test] zero00370
2016-08-04 20:05:10,575 INFO [org.junit.Test] zero00371
2016-08-04 20:05:10,575 INFO [org.junit.Test] zero00372
2016-08-04 20:05:10,575 INFO [org.junit.Test] zero00373
2016-08-04 20:05:10,575 INFO [org.junit.Test] zero00374
2016-08-04 20:05:10,575 INFO [org.junit.Test] zero00375
2016-08-04 20:05:10,575 INFO [org.junit.Test] zero00376
2016-08-04 20:05:10,575 INFO [org.junit.Test] zero00377
2016-08-04 20:05:10,575 INFO [org.junit.Test] zero00378
2016-08-04 20:05:10,575 INFO [org.junit.Test] zero00379
2016-08-04 20:05:10,575 INFO [org.junit.Test] zero00380
2016-08-04 20:05:10,575 INFO [org.junit.Test] zero00381
2016-08-04 20:05:10,575 INFO [org.junit.Test] zero00382
2016-08-04 20:05:10,575 INFO [org.junit.Test] zero00383
2016-08-04 20:05:10,575 INFO [org.junit.Test] zero00384
2016-08-04 20:05:10,575 INFO [org.junit.Test] zero00385
2016-08-04 20:05:10,575 INFO [org.junit.Test] zero00386
2016-08-04 20:05:10,575 INFO [org.junit.Test] zero00387
2016-08-04 20:05:10,575 INFO [org.junit.Test] zero00388
2016-08-04 20:05:10,575 INFO [org.junit.Test] zero00389
2016-08-04 20:05:10,575 INFO [org.junit.Test] zero00390
2016-08-04 20:05:10,575 INFO [org.junit.Test] zero00391
2016-08-04 20:05:10,575 INFO [org.junit.Test] zero00392
2016-08-04 20:05:10,575 INFO [org.junit.Test] zero00393
2016-08-04 20:05:10,575 INFO [org.junit.Test] zero00394
2016-08-04 20:05:10,575 INFO [org.junit.Test] zero00395
2016-08-04 20:05:10,575 INFO [org.junit.Test] zero00396
2016-08-04 20:05:10,575 INFO [org.junit.Test] zero00397
2016-08-04 20:05:10,575 INFO [org.junit.Test] zero00398
2016-08-04 20:05:10,575 INFO [org.junit.Test] zero00399
2016-08-04 20:05:10,575 INFO [org.junit.Test] zero00400
2016-08-04 20:05:10,575 INFO [org.junit.Test] zero00401
2016-08-04 20:05:10,575 INFO [org.junit.Test] zero00402
2016-08-04 20:05:10,575 INFO [org.junit.Test] zero00403
2016-08-04 20:05:10,575 INFO [org.junit.Test] zero00404
2016-08-04 20:05:10,575 INFO [org.junit.Test] zero00405
2016-08-04 20:05:10,575 INFO [org.junit.Test] zero00406
2016-08-04 20:05:10,575 INFO [org.junit.Test] zero00407
2016-08-04 20:05:10,575 INFO [org.junit.Test] zero00408
2016-08-04 20:05:10,575 INFO [org.junit.Test] zero00409
2016-08-04 20:05:10,575 INFO [org.junit.Test] zero00410
2016-08-04 20:05:10,575 INFO [org.junit.Test] zero00411
2016-08-04 20:05:10,575 INFO [org.junit.Test] zero00412
2016-08-04 20:05:10,575 INFO [org.junit.Test] zero00413
2016-08-04 20:05:10,575 INFO [org.junit.Test] zero00414
2016-08-04 20:05:10,575 INFO [org.junit.Test] zero00415
2016-08-04 20:05:10,575 INFO [org.junit.Test] zero00416
2016-08-04 20:05:10,575 INFO [org.junit.Test] zero00417
2016-08-04 20:05:10,575 INFO [org.junit.Test] zero00418
2016-08-04 20:05:10,575 INFO [org.junit.Test] zero00419
2016-08-04 20:05:10,575 INFO [org.junit.Test] zero00420
2016-08-04 20:05:10,575 INFO [org.junit.Test] zero00421
2016-08-04 20:05:10,575 INFO [org.junit.Test] zero00422
2016-08-04 20:05:10,575 INFO [org.junit.Test] zero00423
2016-08-04 20:05:10,575 INFO [org.junit.Test] zero00424
2016-08-04 20:05:10,575 INFO [org.junit.Test] zero00425
2016-08-04 20:05:10,575 INFO [org.junit.Test] zero00426
2016-08-04 20:05:10,575 INFO [org.junit.Test] zero00427
2016-08-04 20:05:10,575 INFO [org.junit.Test] zero00428
2016-08-04 20:05:10,575 INFO [org.junit.Test] zero00429
2016-08-04 20:05:10,575 INFO [org.junit.Test] zero00430
2016-08-04 20:05:10,575 INFO [org.junit.Test] zero00431
2016-08-04 20:05:10,575 INFO [org.junit.Test] zero00432
2016-08-04 20:05:10,575 INFO [org.junit.Test] zero00433
2016-08-04 20:05:10,575 INFO [org.junit.Test] zero00434
2016-08-04 20:05:10,575 INFO [org.junit.Test] zero00435
2016-08-04 20:05:10,575 INFO [org.junit.Test] zero00436
2016-08-04 20:05:10,575 INFO [org.junit.Test] zero00437
2016-08-04 20:05:10,575 INFO [org.junit.Test] zero00438
2016-08-04 20:05:10,575 INFO [org.junit.Test] zero00439
2016-08-04 20:05:10,575 INFO [org.junit.Test] zero00440
2016-08-04 20:05:10,575 INFO [org.junit.Test] zero00441
2016-08-04 20:05:10,575 INFO [org.junit.Test] zero00442
2016-08-04 20:05:10,575 INFO [org.junit.Test] zero00443
2016-08-04 20:05:10,575 INFO [org.junit.Test] zero00444
2016-08-04 20:05:10,575 INFO [org.junit.Test] zero00445
2016-08-04 20:05:10,575 INFO [org.junit.Test] zero00446
2016-08-04 20:05:10,575 INFO [org.junit.Test] zero00447
2016-08-04 20:05:10,575 INFO [org.junit.Test] zero00448
2016-08-04 20:05:10,575 INFO [org.junit.Test] zero00449
2016-08-04 20:05:10,575 INFO [org.junit.Test] zero00450
2016-08-04 20:05:10,575 INFO [org.junit.Test] zero00451
2016-08-04 20:05:10,575 INFO [org.junit.Test] zero00452
2016-08-04 20:05:10,575 INFO [org.junit.Test] zero00453
2016-08-04 20:05:10,575 INFO [org.junit.Test] zero00454
2016-08-04 20:05:10,575 INFO [org.junit.Test] zero00455
2016-08-04 20:05:10,575 INFO [org.junit.Test] zero00456
2016-08-04 20:05:10,575 INFO [org.junit.Test] zero00457
2016-08-04 20:05:10,575 INFO [org.junit.Test] zero00458
2016-08-04 20:05:10,575 INFO [org.junit.Test] zero00459
2016-08-04 20:05:10,575 INFO [org.junit.Test] zero00460
2016-08-04 20:05:10,575 INFO [org.junit.Test] zero00461
2016-08-04 20:05:10,575 INFO [org.junit.Test] zero00462
2016-08-04 20:05:10,575 INFO [org.junit.Test] zero00463
2016-08-04 20:05:10,575 INFO [org.junit.Test] zero00464
2016-08-04 20:05:10,576 INFO [org.junit.Test] zero00465
2016-08-04 20:05:10,576 INFO [org.junit.Test] zero00466
2016-08-04 20:05:10,576 INFO [org.junit.Test] zero00467
2016-08-04 20:05:10,576 INFO [org.junit.Test] zero00468
2016-08-04 20:05:10,576 INFO [org.junit.Test] zero00469
2016-08-04 20:05:10,576 INFO [org.junit.Test] zero00470
2016-08-04 20:05:10,576 INFO [org.junit.Test] zero00471
2016-08-04 20:05:10,576 INFO [org.junit.Test] zero00472
2016-08-04 20:05:10,576 INFO [org.junit.Test] zero00473
2016-08-04 20:05:10,576 INFO [org.junit.Test] zero00474
2016-08-04 20:05:10,576 INFO [org.junit.Test] zero00475
2016-08-04 20:05:10,576 INFO [org.junit.Test] zero00476
2016-08-04 20:05:10,576 INFO [org.junit.Test] zero00477
2016-08-04 20:05:10,576 INFO [org.junit.Test] zero00478
2016-08-04 20:05:10,576 INFO [org.junit.Test] zero00479
2016-08-04 20:05:10,576 INFO [org.junit.Test] zero00480
2016-08-04 20:05:10,576 INFO [org.junit.Test] zero00481
2016-08-04 20:05:10,576 INFO [org.junit.Test] zero00482
2016-08-04 20:05:10,576 INFO [org.junit.Test] zero00483
2016-08-04 20:05:10,576 INFO [org.junit.Test] zero00484
2016-08-04 20:05:10,576 INFO [org.junit.Test] zero00485
2016-08-04 20:05:10,576 INFO [org.junit.Test] zero00486
2016-08-04 20:05:10,576 INFO [org.junit.Test] zero00487
2016-08-04 20:05:10,576 INFO [org.junit.Test] zero00488
2016-08-04 20:05:10,576 INFO [org.junit.Test] zero00489
2016-08-04 20:05:10,576 INFO [org.junit.Test] zero00490
2016-08-04 20:05:10,576 INFO [org.junit.Test] zero00491
2016-08-04 20:05:10,576 INFO [org.junit.Test] zero00492
2016-08-04 20:05:10,576 INFO [org.junit.Test] zero00493
2016-08-04 20:05:10,576 INFO [org.junit.Test] zero00494
2016-08-04 20:05:10,576 INFO [org.junit.Test] zero00495
2016-08-04 20:05:10,576 INFO [org.junit.Test] zero00496
2016-08-04 20:05:10,576 INFO [org.junit.Test] zero00497
2016-08-04 20:05:10,576 INFO [org.junit.Test] zero00498
2016-08-04 20:05:10,576 INFO [org.junit.Test] zero00499
2016-08-04 20:05:10,576 INFO [org.junit.Test] zero00500
2016-08-04 20:05:10,576 INFO [org.junit.Test] zero00501
2016-08-04 20:05:10,576 INFO [org.junit.Test] zero00502
2016-08-04 20:05:10,576 INFO [org.junit.Test] zero00503
2016-08-04 20:05:10,576 INFO [org.junit.Test] zero00504
2016-08-04 20:05:10,576 INFO [org.junit.Test] zero00505
2016-08-04 20:05:10,576 INFO [org.junit.Test] zero00506
2016-08-04 20:05:10,576 INFO [org.junit.Test] zero00507
2016-08-04 20:05:10,576 INFO [org.junit.Test] zero00508
2016-08-04 20:05:10,576 INFO [org.junit.Test] zero00509
2016-08-04 20:05:10,576 INFO [org.junit.Test] zero00510
2016-08-04 20:05:10,576 INFO [org.junit.Test] zero00511
2016-08-04 20:05:10,576 INFO [org.junit.Test] zero00512
2016-08-04 20:05:10,576 INFO [org.junit.Test] zero00513
2016-08-04 20:05:10,576 INFO [org.junit.Test] zero00514
2016-08-04 20:05:10,576 INFO [org.junit.Test] zero00515
2016-08-04 20:05:10,576 INFO [org.junit.Test] zero00516
2016-08-04 20:05:10,576 INFO [org.junit.Test] zero00517
2016-08-04 20:05:10,576 INFO [org.junit.Test] zero00518
2016-08-04 20:05:10,576 INFO [org.junit.Test] zero00519
2016-08-04 20:05:10,576 INFO [org.junit.Test] zero00520
2016-08-04 20:05:10,576 INFO [org.junit.Test] zero00521
2016-08-04 20:05:10,576 INFO [org.junit.Test] zero00522
2016-08-04 20:05:10,576 INFO [org.junit.Test] zero00523
2016-08-04 20:05:10,576 INFO [org.junit.Test] zero00524
2016-08-04 20:05:10,576 INFO [org.junit.Test] zero00525
2016-08-04 20:05:10,576 INFO [org.junit.Test] zero00526
2016-08-04 20:05:10,576 INFO [org.junit.Test] zero00527
2016-08-04 20:05:10,576 INFO [org.junit.Test] zero00528
2016-08-04 20:05:10,576 INFO [org.junit.Test] zero00529
2016-08-04 20:05:10,576 INFO [org.junit.Test] zero00530
2016-08-04 20:05:10,576 INFO [org.junit.Test] zero00531
2016-08-04 20:05:10,576 INFO [org.junit.Test] zero00532
2016-08-04 20:05:10,576 INFO [org.junit.Test] zero00533
2016-08-04 20:05:10,576 INFO [org.junit.Test] zero00534
2016-08-04 20:05:10,576 INFO [org.junit.Test] zero00535
2016-08-04 20:05:10,576 INFO [org.junit.Test] zero00536
2016-08-04 20:05:10,576 INFO [org.junit.Test] zero00537
2016-08-04 20:05:10,576 INFO [org.junit.Test] zero00538
2016-08-04 20:05:10,576 INFO [org.junit.Test] zero00539
2016-08-04 20:05:10,576 INFO [org.junit.Test] zero00540
2016-08-04 20:05:10,576 INFO [org.junit.Test] zero00541
2016-08-04 20:05:10,576 INFO [org.junit.Test] zero00542
2016-08-04 20:05:10,576 INFO [org.junit.Test] zero00543
2016-08-04 20:05:10,576 INFO [org.junit.Test] zero00544
2016-08-04 20:05:10,576 INFO [org.junit.Test] zero00545
2016-08-04 20:05:10,576 INFO [org.junit.Test] zero00546
2016-08-04 20:05:10,576 INFO [org.junit.Test] zero00547
2016-08-04 20:05:10,576 INFO [org.junit.Test] zero00548
2016-08-04 20:05:10,576 INFO [org.junit.Test] zero00549
2016-08-04 20:05:10,576 INFO [org.junit.Test] zero00550
2016-08-04 20:05:10,576 INFO [org.junit.Test] zero00551
2016-08-04 20:05:10,576 INFO [org.junit.Test] zero00552
2016-08-04 20:05:10,576 INFO [org.junit.Test] zero00553
2016-08-04 20:05:10,576 INFO [org.junit.Test] zero00554
2016-08-04 20:05:10,576 INFO [org.junit.Test] zero00555
2016-08-04 20:05:10,576 INFO [org.junit.Test] zero00556
2016-08-04 20:05:10,576 INFO [org.junit.Test] zero00557
2016-08-04 20:05:10,576 INFO [org.junit.Test] zero00558
2016-08-04 20:05:10,576 INFO [org.junit.Test] zero00559
2016-08-04 20:05:10,576 INFO [org.junit.Test] zero00560
2016-08-04 20:05:10,576 INFO [org.junit.Test] zero00561
2016-08-04 20:05:10,576 INFO [org.junit.Test] zero00562
2016-08-04 20:05:10,576 INFO [org.junit.Test] zero00563
2016-08-04 20:05:10,576 INFO [org.junit.Test] zero00564
2016-08-04 20:05:10,576 INFO [org.junit.Test] zero00565
2016-08-04 20:05:10,576 INFO [org.junit.Test] zero00566
2016-08-04 20:05:10,576 INFO [org.junit.Test] zero00567
2016-08-04 20:05:10,576 INFO [org.junit.Test] zero00568
2016-08-04 20:05:10,576 INFO [org.junit.Test] zero00569
2016-08-04 20:05:10,576 INFO [org.junit.Test] zero00570
2016-08-04 20:05:10,576 INFO [org.junit.Test] zero00571
2016-08-04 20:05:10,576 INFO [org.junit.Test] zero00572
2016-08-04 20:05:10,576 INFO [org.junit.Test] zero00573
2016-08-04 20:05:10,576 INFO [org.junit.Test] zero00574
2016-08-04 20:05:10,576 INFO [org.junit.Test] zero00575
2016-08-04 20:05:10,576 INFO [org.junit.Test] zero00576
2016-08-04 20:05:10,576 INFO [org.junit.Test] zero00577
2016-08-04 20:05:10,576 INFO [org.junit.Test] zero00578
2016-08-04 20:05:10,576 INFO [org.junit.Test] zero00579
2016-08-04 20:05:10,576 INFO [org.junit.Test] zero00580
2016-08-04 20:05:10,576 INFO [org.junit.Test] zero00581
2016-08-04 20:05:10,576 INFO [org.junit.Test] zero00582
2016-08-04 20:05:10,576 INFO [org.junit.Test] zero00583
2016-08-04 20:05:10,576 INFO [org.junit.Test] zero00584
2016-08-04 20:05:10,576 INFO [org.junit.Test] zero00585
2016-08-04 20:05:10,576 INFO [org.junit.Test] zero00586
2016-08-04 20:05:10,576 INFO [org.junit.Test] zero00587
2016-08-04 20:05:10,576 INFO [org.junit.Test] zero00588
2016-08-04 20:05:10,576 INFO [org.junit.Test] zero00589
2016-08-04 20:05:10,576 INFO [org.junit.Test] zero00590
2016-08-04 20:05:10,576 INFO [org.junit.Test] zero00591
2016-08-04 20:05:10,577 INFO [org.junit.Test] zero00592
2016-08-04 20:05:10,577 INFO [org.junit.Test] zero00593
2016-08-04 20:05:10,577 INFO [org.junit.Test] zero00594
2016-08-04 20:05:10,577 INFO [org.junit.Test] zero00595
2016-08-04 20:05:10,577 INFO [org.junit.Test] zero00596
2016-08-04 20:05:10,577 INFO [org.junit.Test] zero00597
2016-08-04 20:05:10,577 INFO [org.junit.Test] zero00598
2016-08-04 20:05:10,577 INFO [org.junit.Test] zero00599
2016-08-04 20:05:10,577 INFO [org.junit.Test] zero00600
2016-08-04 20:05:10,577 INFO [org.junit.Test] zero00601
2016-08-04 20:05:10,577 INFO [org.junit.Test] zero00602
2016-08-04 20:05:10,577 INFO [org.junit.Test] zero00603
2016-08-04 20:05:10,577 INFO [org.junit.Test] zero00604
2016-08-04 20:05:10,577 INFO [org.junit.Test] zero00605
2016-08-04 20:05:10,577 INFO [org.junit.Test] zero00606
2016-08-04 20:05:10,577 INFO [org.junit.Test] zero00607
2016-08-04 20:05:10,577 INFO [org.junit.Test] zero00608
2016-08-04 20:05:10,577 INFO [org.junit.Test] zero00609
2016-08-04 20:05:10,577 INFO [org.junit.Test] zero00610
2016-08-04 20:05:10,577 INFO [org.junit.Test] zero00611
2016-08-04 20:05:10,577 INFO [org.junit.Test] zero00612
2016-08-04 20:05:10,577 INFO [org.junit.Test] zero00613
2016-08-04 20:05:10,577 INFO [org.junit.Test] zero00614
2016-08-04 20:05:10,577 INFO [org.junit.Test] zero00615
2016-08-04 20:05:10,577 INFO [org.junit.Test] zero00616
2016-08-04 20:05:10,577 INFO [org.junit.Test] zero00617
2016-08-04 20:05:10,577 INFO [org.junit.Test] zero00618
2016-08-04 20:05:10,577 INFO [org.junit.Test] zero00619
2016-08-04 20:05:10,577 INFO [org.junit.Test] zero00620
2016-08-04 20:05:10,577 INFO [org.junit.Test] zero00621
2016-08-04 20:05:10,577 INFO [org.junit.Test] zero00622
2016-08-04 20:05:10,577 INFO [org.junit.Test] zero00623
2016-08-04 20:05:10,577 INFO [org.junit.Test] zero00624
2016-08-04 20:05:10,577 INFO [org.junit.Test] zero00625
2016-08-04 20:05:10,577 INFO [org.junit.Test] zero00626
2016-08-04 20:05:10,577 INFO [org.junit.Test] zero00627
2016-08-04 20:05:10,577 INFO [org.junit.Test] zero00628
2016-08-04 20:05:10,577 INFO [org.junit.Test] zero00629
2016-08-04 20:05:10,577 INFO [org.junit.Test] zero00630
2016-08-04 20:05:10,577 INFO [org.junit.Test] zero00631
2016-08-04 20:05:10,577 INFO [org.junit.Test] zero00632
2016-08-04 20:05:10,577 INFO [org.junit.Test] zero00633
2016-08-04 20:05:10,577 INFO [org.junit.Test] zero00634
2016-08-04 20:05:10,577 INFO [org.junit.Test] zero00635
2016-08-04 20:05:10,577 INFO [org.junit.Test] zero00636
2016-08-04 20:05:10,577 INFO [org.junit.Test] zero00637
2016-08-04 20:05:10,577 INFO [org.junit.Test] zero00638
2016-08-04 20:05:10,577 INFO [org.junit.Test] zero00639
2016-08-04 20:05:10,577 INFO [org.junit.Test] zero00640
2016-08-04 20:05:10,577 INFO [org.junit.Test] zero00641
2016-08-04 20:05:10,577 INFO [org.junit.Test] zero00642
2016-08-04 20:05:10,577 INFO [org.junit.Test] zero00643
2016-08-04 20:05:10,577 INFO [org.junit.Test] zero00644
2016-08-04 20:05:10,577 INFO [org.junit.Test] zero00645
2016-08-04 20:05:10,577 INFO [org.junit.Test] zero00646
2016-08-04 20:05:10,577 INFO [org.junit.Test] zero00647
2016-08-04 20:05:10,577 INFO [org.junit.Test] zero00648
2016-08-04 20:05:10,577 INFO [org.junit.Test] zero00649
2016-08-04 20:05:10,577 INFO [org.junit.Test] zero00650
2016-08-04 20:05:10,577 INFO [org.junit.Test] zero00651
2016-08-04 20:05:10,577 INFO [org.junit.Test] zero00652
2016-08-04 20:05:10,577 INFO [org.junit.Test] zero00653
2016-08-04 20:05:10,577 INFO [org.junit.Test] zero00654
2016-08-04 20:05:10,577 INFO [org.junit.Test] zero00655
2016-08-04 20:05:10,577 INFO [org.junit.Test] zero00656
2016-08-04 20:05:10,577 INFO [org.junit.Test] zero00657
2016-08-04 20:05:10,577 INFO [org.junit.Test] zero00658
2016-08-04 20:05:10,577 INFO [org.junit.Test] zero00659
2016-08-04 20:05:10,577 INFO [org.junit.Test] zero00660
2016-08-04 20:05:10,577 INFO [org.junit.Test] zero00661
2016-08-04 20:05:10,577 INFO [org.junit.Test] zero00662
2016-08-04 20:05:10,577 INFO [org.junit.Test] zero00663
2016-08-04 20:05:10,577 INFO [org.junit.Test] zero00664
2016-08-04 20:05:10,577 INFO [org.junit.Test] zero00665
2016-08-04 20:05:10,577 INFO [org.junit.Test] zero00666
2016-08-04 20:05:10,577 INFO [org.junit.Test] zero00667
2016-08-04 20:05:10,577 INFO [org.junit.Test] zero00668
2016-08-04 20:05:10,577 INFO [org.junit.Test] zero00669
2016-08-04 20:05:10,577 INFO [org.junit.Test] zero00670
2016-08-04 20:05:10,577 INFO [org.junit.Test] zero00671
2016-08-04 20:05:10,577 INFO [org.junit.Test] zero00672
2016-08-04 20:05:10,577 INFO [org.junit.Test] zero00673
2016-08-04 20:05:10,577 INFO [org.junit.Test] zero00674
2016-08-04 20:05:10,577 INFO [org.junit.Test] zero00675
2016-08-04 20:05:10,577 INFO [org.junit.Test] zero00676
2016-08-04 20:05:10,577 INFO [org.junit.Test] zero00677
2016-08-04 20:05:10,577 INFO [org.junit.Test] zero00678
2016-08-04 20:05:10,577 INFO [org.junit.Test] zero00679
2016-08-04 20:05:10,577 INFO [org.junit.Test] zero00680
2016-08-04 20:05:10,577 INFO [org.junit.Test] zero00681
2016-08-04 20:05:10,577 INFO [org.junit.Test] zero00682
2016-08-04 20:05:10,577 INFO [org.junit.Test] zero00683
2016-08-04 20:05:10,577 INFO [org.junit.Test] zero00684
2016-08-04 20:05:10,577 INFO [org.junit.Test] zero00685
2016-08-04 20:05:10,577 INFO [org.junit.Test] zero00686
2016-08-04 20:05:10,577 INFO [org.junit.Test] zero00687
2016-08-04 20:05:10,577 INFO [org.junit.Test] zero00688
2016-08-04 20:05:10,577 INFO [org.junit.Test] zero00689
2016-08-04 20:05:10,577 INFO [org.junit.Test] zero00690
2016-08-04 20:05:10,577 INFO [org.junit.Test] zero00691
2016-08-04 20:05:10,577 INFO [org.junit.Test] zero00692
2016-08-04 20:05:10,577 INFO [org.junit.Test] zero00693
2016-08-04 20:05:10,577 INFO [org.junit.Test] zero00694
2016-08-04 20:05:10,577 INFO [org.junit.Test] zero00695
2016-08-04 20:05:10,577 INFO [org.junit.Test] zero00696
2016-08-04 20:05:10,577 INFO [org.junit.Test] zero00697
2016-08-04 20:05:10,577 INFO [org.junit.Test] zero00698
2016-08-04 20:05:10,577 INFO [org.junit.Test] zero00699
2016-08-04 20:05:10,577 INFO [org.junit.Test] zero00700
2016-08-04 20:05:10,577 INFO [org.junit.Test] zero00701
2016-08-04 20:05:10,577 INFO [org.junit.Test] zero00702
2016-08-04 20:05:10,577 INFO [org.junit.Test] zero00703
2016-08-04 20:05:10,577 INFO [org.junit.Test] zero00704
2016-08-04 20:05:10,577 INFO [org.junit.Test] zero00705
2016-08-04 20:05:10,577 INFO [org.junit.Test] zero00706
2016-08-04 20:05:10,577 INFO [org.junit.Test] zero00707
2016-08-04 20:05:10,577 INFO [org.junit.Test] zero00708
2016-08-04 20:05:10,577 INFO [org.junit.Test] zero00709
2016-08-04 20:05:10,577 INFO [org.junit.Test] zero00710
2016-08-04 20:05:10,577 INFO [org.junit.Test] zero00711
2016-08-04 20:05:10,577 INFO [org.junit.Test] zero00712
2016-08-04 20:05:10,577 INFO [org.junit.Test] zero00713
2016-08-04 20:05:10,577 INFO [org.junit.Test] zero00714
2016-08-04 20:05:10,577 INFO [org.junit.Test] zero00715
2016-08-04 20:05:10,577 INFO [org.junit.Test] zero00716
2016-08-04 20:05:10,577 INFO [org.junit.Test] zero00717
2016-08-04 20:05:10,577 INFO [org.junit.Test] zero00718
2016-08-04 20:05:10,577 INFO [org.junit.Test] zero00719
2016-08-04 20:05:10,577 INFO [org.junit.Test] zero00720
2016-08-04 20:05:10,577 INFO [org.junit.Test] zero00721
2016-08-04 20:05:10,577 INFO [org.junit.Test] zero00722
2016-08-04 20:05:10,577 INFO [org.junit.Test] zero00723
2016-08-04 20:05:10,577 INFO [org.junit.Test] zero00724
2016-08-04 20:05:10,577 INFO [org.junit.Test] zero00725
2016-08-04 20:05:10,577 INFO [org.junit.Test] zero00726
2016-08-04 20:05:10,577 INFO [org.junit.Test] zero00727
2016-08-04 20:05:10,577 INFO [org.junit.Test] zero00728
2016-08-04 20:05:10,577 INFO [org.junit.Test] zero00729
2016-08-04 20:05:10,577 INFO [org.junit.Test] zero00730
2016-08-04 20:05:10,577 INFO [org.junit.Test] zero00731
2016-08-04 20:05:10,577 INFO [org.junit.Test] zero00732
2016-08-04 20:05:10,577 INFO [org.junit.Test] zero00733
2016-08-04 20:05:10,577 INFO [org.junit.Test] zero00734
2016-08-04 20:05:10,577 INFO [org.junit.Test] zero00735
2016-08-04 20:05:10,577 INFO [org.junit.Test] zero00736
2016-08-04 20:05:10,577 INFO [org.junit.Test] zero00737
2016-08-04 20:05:10,577 INFO [org.junit.Test] zero00738
2016-08-04 20:05:10,577 INFO [org.junit.Test] zero00739
2016-08-04 20:05:10,577 INFO [org.junit.Test] zero00740
2016-08-04 20:05:10,577 INFO [org.junit.Test] zero00741
2016-08-04 20:05:10,577 INFO [org.junit.Test] zero00742
2016-08-04 20:05:10,577 INFO [org.junit.Test] zero00743
2016-08-04 20:05:10,577 INFO [org.junit.Test] zero00744
2016-08-04 20:05:10,577 INFO [org.junit.Test] zero00745
2016-08-04 20:05:10,577 INFO [org.junit.Test] zero00746
2016-08-04 20:05:10,577 INFO [org.junit.Test] zero00747
2016-08-04 20:05:10,577 INFO [org.junit.Test] zero00748
2016-08-04 20:05:10,577 INFO [org.junit.Test] zero00749
2016-08-04 20:05:10,577 INFO [org.junit.Test] zero00750
2016-08-04 20:05:10,577 INFO [org.junit.Test] zero00751
2016-08-04 20:05:10,577 INFO [org.junit.Test] zero00752
2016-08-04 20:05:10,577 INFO [org.junit.Test] zero00753
2016-08-04 20:05:10,577 INFO [org.junit.Test] zero00754
2016-08-04 20:05:10,577 INFO [org.junit.Test] zero00755
2016-08-04 20:05:10,577 INFO [org.junit.Test] zero00756
2016-08-04 20:05:10,577 INFO [org.junit.Test] zero00757
2016-08-04 20:05:10,577 INFO [org.junit.Test] zero00758
2016-08-04 20:05:10,577 INFO [org.junit.Test] zero00759
2016-08-04 20:05:10,577 INFO [org.junit.Test] zero00760
2016-08-04 20:05:10,577 INFO [org.junit.Test] zero00761
2016-08-04 20:05:10,577 INFO [org.junit.Test] zero00762
2016-08-04 20:05:10,577 INFO [org.junit.Test] zero00763
2016-08-04 20:05:10,577 INFO [org.junit.Test] zero00764
2016-08-04 20:05:10,577 INFO [org.junit.Test] zero00765
2016-08-04 20:05:10,577 INFO [org.junit.Test] zero00766
2016-08-04 20:05:10,577 INFO [org.junit.Test] zero00767
2016-08-04 20:05:10,577 INFO [org.junit.Test] zero00768
2016-08-04 20:05:10,577 INFO [org.junit.Test] zero00769
2016-08-04 20:05:10,577 INFO [org.junit.Test] zero00770
2016-08-04 20:05:10,577 INFO [org.junit.Test] zero00771
2016-08-04 20:05:10,577 INFO [org.junit.Test] zero00772
2016-08-04 20:05:10,577 INFO [org.junit.Test] zero00773
2016-08-04 20:05:10,577 INFO [org.junit.Test] zero00774
2016-08-04 20:05:10,577 INFO [org.junit.Test] zero00775
2016-08-04 20:05:10,577 INFO [org.junit.Test] zero00776
2016-08-04 20:05:10,577 INFO [org.junit.Test] zero00777
2016-08-04 20:05:10,577 INFO [org.junit.Test] zero00778
2016-08-04 20:05:10,577 INFO [org.junit.Test] zero00779
2016-08-04 20:05:10,577 INFO [org.junit.Test] zero00780
2016-08-04 20:05:10,577 INFO [org.junit.Test] zero00781
2016-08-04 20:05:10,577 INFO [org.junit.Test] zero00782
2016-08-04 20:05:10,577 INFO [org.junit.Test] zero00783
2016-08-04 20:05:10,577 INFO [org.junit.Test] zero00784
2016-08-04 20:05:10,577 INFO [org.junit.Test] zero00785
2016-08-04 20:05:10,577 INFO [org.junit.Test] zero00786
2016-08-04 20:05:10,577 INFO [org.junit.Test] zero00787
2016-08-04 20:05:10,577 INFO [org.junit.Test] zero00788
2016-08-04 20:05:10,577 INFO [org.junit.Test] zero00789
2016-08-04 20:05:10,577 INFO [org.junit.Test] zero00790
2016-08-04 20:05:10,577 INFO [org.junit.Test] zero00791
2016-08-04 20:05:10,577 INFO [org.junit.Test] zero00792
2016-08-04 20:05:10,577 INFO [org.junit.Test] zero00793
2016-08-04 20:05:10,577 INFO [org.junit.Test] zero00794
2016-08-04 20:05:10,577 INFO [org.junit.Test] zero00795
2016-08-04 20:05:10,577 INFO [org.junit.Test] zero00796
2016-08-04 20:05:10,577 INFO [org.junit.Test] zero00797
2016-08-04 20:05:10,578 INFO [org.junit.Test] zero00798
2016-08-04 20:05:10,578 INFO [org.junit.Test] zero00799
2016-08-04 20:05:10,578 INFO [org.junit.Test] zero00800
2016-08-04 20:05:10,578 INFO [org.junit.Test] zero00801
2016-08-04 20:05:10,578 INFO [org.junit.Test] zero00802
2016-08-04 20:05:10,578 INFO [org.junit.Test] zero00803
2016-08-04 20:05:10,578 INFO [org.junit.Test] zero00804
2016-08-04 20:05:10,578 INFO [org.junit.Test] zero00805
2016-08-04 20:05:10,578 INFO [org.junit.Test] zero00806
2016-08-04 20:05:10,578 INFO [org.junit.Test] zero00807
2016-08-04 20:05:10,578 INFO [org.junit.Test] zero00808
2016-08-04 20:05:10,578 INFO [org.junit.Test] zero00809
2016-08-04 20:05:10,578 INFO [org.junit.Test] zero00810
2016-08-04 20:05:10,578 INFO [org.junit.Test] zero00811
2016-08-04 20:05:10,578 INFO [org.junit.Test] zero00812
2016-08-04 20:05:10,578 INFO [org.junit.Test] zero00813
2016-08-04 20:05:10,578 INFO [org.junit.Test] zero00814
2016-08-04 20:05:10,578 INFO [org.junit.Test] zero00815
2016-08-04 20:05:10,578 INFO [org.junit.Test] zero00816
2016-08-04 20:05:10,578 INFO [org.junit.Test] zero00817
2016-08-04 20:05:10,578 INFO [org.junit.Test] zero00818
2016-08-04 20:05:10,578 INFO [org.junit.Test] zero00819
2016-08-04 20:05:10,578 INFO [org.junit.Test] zero00820
2016-08-04 20:05:10,578 INFO [org.junit.Test] zero00821
2016-08-04 20:05:10,578 INFO [org.junit.Test] zero00822
2016-08-04 20:05:10,578 INFO [org.junit.Test] zero00823
2016-08-04 20:05:10,578 INFO [org.junit.Test] zero00824
2016-08-04 20:05:10,578 INFO [org.junit.Test] zero00825
2016-08-04 20:05:10,578 INFO [org.junit.Test] zero00826
2016-08-04 20:05:10,578 INFO [org.junit.Test] zero00827
2016-08-04 20:05:10,578 INFO [org.junit.Test] zero00828
2016-08-04 20:05:10,578 INFO [org.junit.Test] zero00829
2016-08-04 20:05:10,578 INFO [org.junit.Test] zero00830
2016-08-04 20:05:10,578 INFO [org.junit.Test] zero00831
2016-08-04 20:05:10,578 INFO [org.junit.Test] zero00832
2016-08-04 20:05:10,578 INFO [org.junit.Test] zero00833
2016-08-04 20:05:10,578 INFO [org.junit.Test] zero00834
2016-08-04 20:05:10,578 INFO [org.junit.Test] zero00835
2016-08-04 20:05:10,578 INFO [org.junit.Test] zero00836
2016-08-04 20:05:10,578 INFO [org.junit.Test] zero00837
2016-08-04 20:05:10,578 INFO [org.junit.Test] zero00838
2016-08-04 20:05:10,578 INFO [org.junit.Test] zero00839
2016-08-04 20:05:10,578 INFO [org.junit.Test] zero00840
2016-08-04 20:05:10,578 INFO [org.junit.Test] zero00841
2016-08-04 20:05:10,578 INFO [org.junit.Test] zero00842
2016-08-04 20:05:10,578 INFO [org.junit.Test] zero00843
2016-08-04 20:05:10,578 INFO [org.junit.Test] zero00844
2016-08-04 20:05:10,578 INFO [org.junit.Test] zero00845
2016-08-04 20:05:10,578 INFO [org.junit.Test] zero00846
2016-08-04 20:05:10,578 INFO [org.junit.Test] zero00847
2016-08-04 20:05:10,578 INFO [org.junit.Test] zero00848
2016-08-04 20:05:10,578 INFO [org.junit.Test] zero00849
2016-08-04 20:05:10,578 INFO [org.junit.Test] zero00850
2016-08-04 20:05:10,578 INFO [org.junit.Test] zero00851
2016-08-04 20:05:10,578 INFO [org.junit.Test] zero00852
2016-08-04 20:05:10,578 INFO [org.junit.Test] zero00853
2016-08-04 20:05:10,578 INFO [org.junit.Test] zero00854
2016-08-04 20:05:10,578 INFO [org.junit.Test] zero00855
2016-08-04 20:05:10,578 INFO [org.junit.Test] zero00856
2016-08-04 20:05:10,578 INFO [org.junit.Test] zero00857
2016-08-04 20:05:10,578 INFO [org.junit.Test] zero00858
2016-08-04 20:05:10,578 INFO [org.junit.Test] zero00859
2016-08-04 20:05:10,578 INFO [org.junit.Test] zero00860
2016-08-04 20:05:10,578 INFO [org.junit.Test] zero00861
2016-08-04 20:05:10,578 INFO [org.junit.Test] zero00862
2016-08-04 20:05:10,578 INFO [org.junit.Test] zero00863
2016-08-04 20:05:10,578 INFO [org.junit.Test] zero00864
2016-08-04 20:05:10,578 INFO [org.junit.Test] zero00865
2016-08-04 20:05:10,578 INFO [org.junit.Test] zero00866
2016-08-04 20:05:10,578 INFO [org.junit.Test] zero00867
2016-08-04 20:05:10,578 INFO [org.junit.Test] zero00868
2016-08-04 20:05:10,578 INFO [org.junit.Test] zero00869
2016-08-04 20:05:10,578 INFO [org.junit.Test] zero00870
2016-08-04 20:05:10,578 INFO [org.junit.Test] zero00871
2016-08-04 20:05:10,578 INFO [org.junit.Test] zero00872
2016-08-04 20:05:10,578 INFO [org.junit.Test] zero00873
2016-08-04 20:05:10,578 INFO [org.junit.Test] zero00874
2016-08-04 20:05:10,578 INFO [org.junit.Test] zero00875
2016-08-04 20:05:10,578 INFO [org.junit.Test] zero00876
2016-08-04 20:05:10,578 INFO [org.junit.Test] zero00877
2016-08-04 20:05:10,578 INFO [org.junit.Test] zero00878
2016-08-04 20:05:10,578 INFO [org.junit.Test] zero00879
2016-08-04 20:05:10,578 INFO [org.junit.Test] zero00880
2016-08-04 20:05:10,578 INFO [org.junit.Test] zero00881
2016-08-04 20:05:10,578 INFO [org.junit.Test] zero00882
2016-08-04 20:05:10,578 INFO [org.junit.Test] zero00883
2016-08-04 20:05:10,578 INFO [org.junit.Test] zero00884
2016-08-04 20:05:10,578 INFO [org.junit.Test] zero00885
2016-08-04 20:05:10,578 INFO [org.junit.Test] zero00886
2016-08-04 20:05:10,578 INFO [org.junit.Test] zero00887
2016-08-04 20:05:10,578 INFO [org.junit.Test] zero00888
2016-08-04 20:05:10,578 INFO [org.junit.Test] zero00889
2016-08-04 20:05:10,578 INFO [org.junit.Test] zero00890
2016-08-04 20:05:10,578 INFO [org.junit.Test] zero00891
2016-08-04 20:05:10,578 INFO [org.junit.Test] zero00892
2016-08-04 20:05:10,578 INFO [org.junit.Test] zero00893
2016-08-04 20:05:10,578 INFO [org.junit.Test] zero00894
2016-08-04 20:05:10,578 INFO [org.junit.Test] zero00895
2016-08-04 20:05:10,578 INFO [org.junit.Test] zero00896
2016-08-04 20:05:10,578 INFO [org.junit.Test] zero00897
2016-08-04 20:05:10,578 INFO [org.junit.Test] zero00898
2016-08-04 20:05:10,578 INFO [org.junit.Test] zero00899
2016-08-04 20:05:10,578 INFO [org.junit.Test] zero00900
2016-08-04 20:05:10,578 INFO [org.junit.Test] zero00901
2016-08-04 20:05:10,578 INFO [org.junit.Test] zero00902
2016-08-04 20:05:10,578 INFO [org.junit.Test] zero00903
2016-08-04 20:05:10,578 INFO [org.junit.Test] zero00904
2016-08-04 20:05:10,578 INFO [org.junit.Test] zero00905
2016-08-04 20:05:10,578 INFO [org.junit.Test] zero00906
2016-08-04 20:05:10,578 INFO [org.junit.Test] zero00907
2016-08-04 20:05:10,578 INFO [org.junit.Test] zero00908
2016-08-04 20:05:10,578 INFO [org.junit.Test] zero00909
2016-08-04 20:05:10,578 INFO [org.junit.Test] zero00910
2016-08-04 20:05:10,578 INFO [org.junit.Test] zero00911
2016-08-04 20:05:10,578 INFO [org.junit.Test] zero00912
2016-08-04 20:05:10,578 INFO [org.junit.Test] zero00913
2016-08-04 20:05:10,578 INFO [org.junit.Test] zero00914
2016-08-04 20:05:10,578 INFO [org.junit.Test] zero00915
2016-08-04 20:05:10,578 INFO [org.junit.Test] zero00916
2016-08-04 20:05:10,578 INFO [org.junit.Test] zero00917
2016-08-04 20:05:10,578 INFO [org.junit.Test] zero00918
2016-08-04 20:05:10,578 INFO [org.junit.Test] zero00919
2016-08-04 20:05:10,578 INFO [org.junit.Test] zero00920
2016-08-04 20:05:10,578 INFO [org.junit.Test] zero00921
2016-08-04 20:05:10,578 INFO [org.junit.Test] zero00922
2016-08-04 20:05:10,578 INFO [org.junit.Test] zero00923
2016-08-04 20:05:10,578 INFO [org.junit.Test] zero00924
2016-08-04 20:05:10,578 INFO [org.junit.Test] zero00925
2016-08-04 20:05:10,578 INFO [org.junit.Test] zero00926
2016-08-04 20:05:10,578 INFO [org.junit.Test] zero00927
2016-08-04 20:05:10,578 INFO [org.junit.Test] zero00928
2016-08-04 20:05:10,578 INFO [org.junit.Test] zero00929
2016-08-04 20:05:10,578 INFO [org.junit.Test] zero00930
2016-08-04 20:05:10,578 INFO [org.junit.Test] zero00931
2016-08-04 20:05:10,578 INFO [org.junit.Test] zero00932
2016-08-04 20:05:10,578 INFO [org.junit.Test] zero00933
2016-08-04 20:05:10,578 INFO [org.junit.Test] zero00934
2016-08-04 20:05:10,578 INFO [org.junit.Test] zero00935
2016-08-04 20:05:10,578 INFO [org.junit.Test] zero00936
2016-08-04 20:05:10,578 INFO [org.junit.Test] zero00937
2016-08-04 20:05:10,578 INFO [org.junit.Test] zero00938
2016-08-04 20:05:10,578 INFO [org.junit.Test] zero00939
2016-08-04 20:05:10,578 INFO [org.junit.Test] zero00940
2016-08-04 20:05:10,578 INFO [org.junit.Test] zero00941
2016-08-04 20:05:10,578 INFO [org.junit.Test] zero00942
2016-08-04 20:05:10,578 INFO [org.junit.Test] zero00943
2016-08-04 20:05:10,578 INFO [org.junit.Test] zero00944
2016-08-04 20:05:10,578 INFO [org.junit.Test] zero00945
2016-08-04 20:05:10,578 INFO [org.junit.Test] zero00946
2016-08-04 20:05:10,578 INFO [org.junit.Test] zero00947
2016-08-04 20:05:10,578 INFO [org.junit.Test] zero00948
2016-08-04 20:05:10,578 INFO [org.junit.Test] zero00949
2016-08-04 20:05:10,578 INFO [org.junit.Test] zero00950
2016-08-04 20:05:10,578 INFO [org.junit.Test] zero00951
2016-08-04 20:05:10,578 INFO [org.junit.Test] zero00952
2016-08-04 20:05:10,578 INFO [org.junit.Test] zero00953
2016-08-04 20:05:10,578 INFO [org.junit.Test] zero00954
2016-08-04 20:05:10,578 INFO [org.junit.Test] zero00955
2016-08-04 20:05:10,578 INFO [org.junit.Test] zero00956
2016-08-04 20:05:10,578 INFO [org.junit.Test] zero00957
2016-08-04 20:05:10,578 INFO [org.junit.Test] zero00958
2016-08-04 20:05:10,578 INFO [org.junit.Test] zero00959
2016-08-04 20:05:10,578 INFO [org.junit.Test] zero00960
2016-08-04 20:05:10,578 INFO [org.junit.Test] zero00961
2016-08-04 20:05:10,578 INFO [org.junit.Test] zero00962
2016-08-04 20:05:10,578 INFO [org.junit.Test] zero00963
2016-08-04 20:05:10,578 INFO [org.junit.Test] zero00964
2016-08-04 20:05:10,578 INFO [org.junit.Test] zero00965
2016-08-04 20:05:10,578 INFO [org.junit.Test] zero00966
2016-08-04 20:05:10,578 INFO [org.junit.Test] zero00967
2016-08-04 20:05:10,578 INFO [org.junit.Test] zero00968
2016-08-04 20:05:10,578 INFO [org.junit.Test] zero00969
2016-08-04 20:05:10,578 INFO [org.junit.Test] zero00970
2016-08-04 20:05:10,578 INFO [org.junit.Test] zero00971
2016-08-04 20:05:10,578 INFO [org.junit.Test] zero00972
2016-08-04 20:05:10,578 INFO [org.junit.Test] zero00973
2016-08-04 20:05:10,578 INFO [org.junit.Test] zero00974
2016-08-04 20:05:10,578 INFO [org.junit.Test] zero00975
2016-08-04 20:05:10,578 INFO [org.junit.Test] zero00976
2016-08-04 20:05:10,578 INFO [org.junit.Test] zero00977
2016-08-04 20:05:10,578 INFO [org.junit.Test] zero00978
2016-08-04 20:05:10,578 INFO [org.junit.Test] zero00979
2016-08-04 20:05:10,578 INFO [org.junit.Test] zero00980
2016-08-04 20:05:10,579 INFO [org.junit.Test] zero00981
2016-08-04 20:05:10,579 INFO [org.junit.Test] zero00982
2016-08-04 20:05:10,579 INFO [org.junit.Test] zero00983
2016-08-04 20:05:10,579 INFO [org.junit.Test] zero00984
2016-08-04 20:05:10,579 INFO [org.junit.Test] zero00985
2016-08-04 20:05:10,579 INFO [org.junit.Test] zero00986
2016-08-04 20:05:10,579 INFO [org.junit.Test] zero00987
2016-08-04 20:05:10,579 INFO [org.junit.Test] zero00988
2016-08-04 20:05:10,579 INFO [org.junit.Test] zero00989
2016-08-04 20:05:10,579 INFO [org.junit.Test] zero00990
2016-08-04 20:05:10,579 INFO [org.junit.Test] zero00991
2016-08-04 20:05:10,579 INFO [org.junit.Test] zero00992
2016-08-04 20:05:10,579 INFO [org.junit.Test] zero00993
2016-08-04 20:05:10,579 INFO [org.junit.Test] zero00994
2016-08-04 20:05:10,579 INFO [org.junit.Test] zero00995
2016-08-04 20:05:10,579 INFO [org.junit.Test] zero00996
2016-08-04 20:05:10,579 INFO [org.junit.Test] zero00997
2016-08-04 20:05:10,579 INFO [org.junit.Test] zero00998
2016-08-04 20:05:10,579 INFO [org.junit.Test] zero00999
2016-08-04 20:05:13,579 INFO [org.junit.Test] zero000
2016-08-04 20:05:13,579 INFO [org.junit.Test] zero001
2016-08-04 20:05:13,579 INFO [org.junit.Test] zero002
2016-08-04 20:05:13,579 INFO [org.junit.Test] zero003
2016-08-04 20:05:13,579 INFO [org.junit.Test] zero004
2016-08-04 20:05:13,579 INFO [org.junit.Test] zero005
2016-08-04 20:05:13,579 INFO [org.junit.Test] zero006
2016-08-04 20:05:13,579 INFO [org.junit.Test] zero007
2016-08-04 20:05:13,579 INFO [org.junit.Test] zero008
2016-08-04 20:05:13,579 INFO [org.junit.Test] zero009
2016-08-04 20:05:13,579 INFO [org.junit.Test] zero0010
2016-08-04 20:05:13,579 INFO [org.junit.Test] zero0011
2016-08-04 20:05:13,579 INFO [org.junit.Test] zero0012
2016-08-04 20:05:13,579 INFO [org.junit.Test] zero0013
2016-08-04 20:05:13,579 INFO [org.junit.Test] zero0014
2016-08-04 20:05:13,579 INFO [org.junit.Test] zero0015
2016-08-04 20:05:13,579 INFO [org.junit.Test] zero0016
2016-08-04 20:05:13,579 INFO [org.junit.Test] zero0017
2016-08-04 20:05:13,579 INFO [org.junit.Test] zero0018
2016-08-04 20:05:13,579 INFO [org.junit.Test] zero0019
2016-08-04 20:05:13,579 INFO [org.junit.Test] zero0020
2016-08-04 20:05:13,579 INFO [org.junit.Test] zero0021
2016-08-04 20:05:13,579 INFO [org.junit.Test] zero0022
2016-08-04 20:05:13,579 INFO [org.junit.Test] zero0023
2016-08-04 20:05:13,579 INFO [org.junit.Test] zero0024
2016-08-04 20:05:13,579 INFO [org.junit.Test] zero0025
2016-08-04 20:05:13,579 INFO [org.junit.Test] zero0026
2016-08-04 20:05:13,579 INFO [org.junit.Test] zero0027
2016-08-04 20:05:13,579 INFO [org.junit.Test] zero0028
2016-08-04 20:05:13,579 INFO [org.junit.Test] zero0029
2016-08-04 20:05:13,579 INFO [org.junit.Test] zero0030
2016-08-04 20:05:13,579 INFO [org.junit.Test] zero0031
2016-08-04 20:05:13,579 INFO [org.junit.Test] zero0032
2016-08-04 20:05:13,579 INFO [org.junit.Test] zero0033
2016-08-04 20:05:13,579 INFO [org.junit.Test] zero0034
2016-08-04 20:05:13,579 INFO [org.junit.Test] zero0035
2016-08-04 20:05:13,579 INFO [org.junit.Test] zero0036
2016-08-04 20:05:13,579 INFO [org.junit.Test] zero0037
2016-08-04 20:05:13,579 INFO [org.junit.Test] zero0038
2016-08-04 20:05:13,579 INFO [org.junit.Test] zero0039
2016-08-04 20:05:13,579 INFO [org.junit.Test] zero0040
2016-08-04 20:05:13,579 INFO [org.junit.Test] zero0041
2016-08-04 20:05:13,579 INFO [org.junit.Test] zero0042
2016-08-04 20:05:13,579 INFO [org.junit.Test] zero0043
2016-08-04 20:05:13,579 INFO [org.junit.Test] zero0044
2016-08-04 20:05:13,579 INFO [org.junit.Test] zero0045
2016-08-04 20:05:13,579 INFO [org.junit.Test] zero0046
2016-08-04 20:05:13,579 INFO [org.junit.Test] zero0047
2016-08-04 20:05:13,579 INFO [org.junit.Test] zero0048
2016-08-04 20:05:13,579 INFO [org.junit.Test] zero0049
2016-08-04 20:05:13,579 INFO [org.junit.Test] zero0050
2016-08-04 20:05:13,579 INFO [org.junit.Test] zero0051
2016-08-04 20:05:13,579 INFO [org.junit.Test] zero0052
2016-08-04 20:05:13,579 INFO [org.junit.Test] zero0053
2016-08-04 20:05:13,579 INFO [org.junit.Test] zero0054
2016-08-04 20:05:13,579 INFO [org.junit.Test] zero0055
2016-08-04 20:05:13,579 INFO [org.junit.Test] zero0056
2016-08-04 20:05:13,579 INFO [org.junit.Test] zero0057
2016-08-04 20:05:13,579 INFO [org.junit.Test] zero0058
2016-08-04 20:05:13,579 INFO [org.junit.Test] zero0059
2016-08-04 20:05:13,579 INFO [org.junit.Test] zero0060
2016-08-04 20:05:13,579 INFO [org.junit.Test] zero0061
2016-08-04 20:05:13,579 INFO [org.junit.Test] zero0062
2016-08-04 20:05:13,579 INFO [org.junit.Test] zero0063
2016-08-04 20:05:13,579 INFO [org.junit.Test] zero0064
2016-08-04 20:05:13,579 INFO [org.junit.Test] zero0065
2016-08-04 20:05:13,579 INFO [org.junit.Test] zero0066
2016-08-04 20:05:13,579 INFO [org.junit.Test] zero0067
2016-08-04 20:05:13,579 INFO [org.junit.Test] zero0068
2016-08-04 20:05:13,579 INFO [org.junit.Test] zero0069
2016-08-04 20:05:13,579 INFO [org.junit.Test] zero0070
2016-08-04 20:05:13,579 INFO [org.junit.Test] zero0071
2016-08-04 20:05:13,579 INFO [org.junit.Test] zero0072
2016-08-04 20:05:13,579 INFO [org.junit.Test] zero0073
2016-08-04 20:05:13,579 INFO [org.junit.Test] zero0074
2016-08-04 20:05:13,579 INFO [org.junit.Test] zero0075
2016-08-04 20:05:13,579 INFO [org.junit.Test] zero0076
2016-08-04 20:05:13,579 INFO [org.junit.Test] zero0077
2016-08-04 20:05:13,579 INFO [org.junit.Test] zero0078
2016-08-04 20:05:13,579 INFO [org.junit.Test] zero0079
2016-08-04 20:05:13,579 INFO [org.junit.Test] zero0080
2016-08-04 20:05:13,579 INFO [org.junit.Test] zero0081
2016-08-04 20:05:13,579 INFO [org.junit.Test] zero0082
2016-08-04 20:05:13,579 INFO [org.junit.Test] zero0083
2016-08-04 20:05:13,579 INFO [org.junit.Test] zero0084
2016-08-04 20:05:13,579 INFO [org.junit.Test] zero0085
2016-08-04 20:05:13,579 INFO [org.junit.Test] zero0086
2016-08-04 20:05:13,579 INFO [org.junit.Test] zero0087
2016-08-04 20:05:13,579 INFO [org.junit.Test] zero0088
2016-08-04 20:05:13,579 INFO [org.junit.Test] zero0089
2016-08-04 20:05:13,579 INFO [org.junit.Test] zero0090
2016-08-04 20:05:13,579 INFO [org.junit.Test] zero0091
2016-08-04 20:05:13,579 INFO [org.junit.Test] zero0092
2016-08-04 20:05:13,579 INFO [org.junit.Test] zero0093
2016-08-04 20:05:13,579 INFO [org.junit.Test] zero0094
2016-08-04 20:05:13,579 INFO [org.junit.Test] zero0095
2016-08-04 20:05:13,579 INFO [org.junit.Test] zero0096
2016-08-04 20:05:13,579 INFO [org.junit.Test] zero0097
2016-08-04 20:05:13,579 INFO [org.junit.Test] zero0098
2016-08-04 20:05:13,579 INFO [org.junit.Test] zero0099
2016-08-04 20:05:13,579 INFO [org.junit.Test] zero00100
2016-08-04 20:05:13,579 INFO [org.junit.Test] zero00101
2016-08-04 20:05:13,579 INFO [org.junit.Test] zero00102
2016-08-04 20:05:13,579 INFO [org.junit.Test] zero00103
2016-08-04 20:05:13,579 INFO [org.junit.Test] zero00104
2016-08-04 20:05:13,579 INFO [org.junit.Test] zero00105
2016-08-04 20:05:13,579 INFO [org.junit.Test] zero00106
2016-08-04 20:05:13,579 INFO [org.junit.Test] zero00107
2016-08-04 20:05:13,579 INFO [org.junit.Test] zero00108
2016-08-04 20:05:13,579 INFO [org.junit.Test] zero00109
2016-08-04 20:05:13,579 INFO [org.junit.Test] zero00110
2016-08-04 20:05:13,579 INFO [org.junit.Test] zero00111
2016-08-04 20:05:13,579 INFO [org.junit.Test] zero00112
2016-08-04 20:05:13,579 INFO [org.junit.Test] zero00113
2016-08-04 20:05:13,579 INFO [org.junit.Test] zero00114
2016-08-04 20:05:13,579 INFO [org.junit.Test] zero00115
2016-08-04 20:05:13,579 INFO [org.junit.Test] zero00116
2016-08-04 20:05:13,579 INFO [org.junit.Test] zero00117
2016-08-04 20:05:13,579 INFO [org.junit.Test] zero00118
2016-08-04 20:05:13,579 INFO [org.junit.Test] zero00119
2016-08-04 20:05:13,579 INFO [org.junit.Test] zero00120
2016-08-04 20:05:13,579 INFO [org.junit.Test] zero00121
2016-08-04 20:05:13,579 INFO [org.junit.Test] zero00122
2016-08-04 20:05:13,579 INFO [org.junit.Test] zero00123
2016-08-04 20:05:13,579 INFO [org.junit.Test] zero00124
2016-08-04 20:05:13,579 INFO [org.junit.Test] zero00125
2016-08-04 20:05:13,579 INFO [org.junit.Test] zero00126
2016-08-04 20:05:13,579 INFO [org.junit.Test] zero00127
2016-08-04 20:05:13,579 INFO [org.junit.Test] zero00128
2016-08-04 20:05:13,579 INFO [org.junit.Test] zero00129
2016-08-04 20:05:13,579 INFO [org.junit.Test] zero00130
2016-08-04 20:05:13,579 INFO [org.junit.Test] zero00131
2016-08-04 20:05:13,579 INFO [org.junit.Test] zero00132
2016-08-04 20:05:13,579 INFO [org.junit.Test] zero00133
2016-08-04 20:05:13,579 INFO [org.junit.Test] zero00134
2016-08-04 20:05:13,579 INFO [org.junit.Test] zero00135
2016-08-04 20:05:13,579 INFO [org.junit.Test] zero00136
2016-08-04 20:05:13,579 INFO [org.junit.Test] zero00137
2016-08-04 20:05:13,579 INFO [org.junit.Test] zero00138
2016-08-04 20:05:13,579 INFO [org.junit.Test] zero00139
2016-08-04 20:05:13,579 INFO [org.junit.Test] zero00140
2016-08-04 20:05:13,579 INFO [org.junit.Test] zero00141
2016-08-04 20:05:13,579 INFO [org.junit.Test] zero00142
2016-08-04 20:05:13,579 INFO [org.junit.Test] zero00143
2016-08-04 20:05:13,579 INFO [org.junit.Test] zero00144
2016-08-04 20:05:13,579 INFO [org.junit.Test] zero00145
2016-08-04 20:05:13,579 INFO [org.junit.Test] zero00146
2016-08-04 20:05:13,579 INFO [org.junit.Test] zero00147
2016-08-04 20:05:13,579 INFO [org.junit.Test] zero00148
2016-08-04 20:05:13,579 INFO [org.junit.Test] zero00149
2016-08-04 20:05:13,579 INFO [org.junit.Test] zero00150
2016-08-04 20:05:13,579 INFO [org.junit.Test] zero00151
2016-08-04 20:05:13,579 INFO [org.junit.Test] zero00152
2016-08-04 20:05:13,579 INFO [org.junit.Test] zero00153
2016-08-04 20:05:13,579 INFO [org.junit.Test] zero00154
2016-08-04 20:05:13,579 INFO [org.junit.Test] zero00155
2016-08-04 20:05:13,579 INFO [org.junit.Test] zero00156
2016-08-04 20:05:13,579 INFO [org.junit.Test] zero00157
2016-08-04 20:05:13,579 INFO [org.junit.Test] zero00158
2016-08-04 20:05:13,579 INFO [org.junit.Test] zero00159
2016-08-04 20:05:13,579 INFO [org.junit.Test] zero00160
2016-08-04 20:05:13,579 INFO [org.junit.Test] zero00161
2016-08-04 20:05:13,579 INFO [org.junit.Test] zero00162
2016-08-04 20:05:13,579 INFO [org.junit.Test] zero00163
2016-08-04 20:05:13,579 INFO [org.junit.Test] zero00164
2016-08-04 20:05:13,579 INFO [org.junit.Test] zero00165
2016-08-04 20:05:13,579 INFO [org.junit.Test] zero00166
2016-08-04 20:05:13,579 INFO [org.junit.Test] zero00167
2016-08-04 20:05:13,579 INFO [org.junit.Test] zero00168
2016-08-04 20:05:13,579 INFO [org.junit.Test] zero00169
2016-08-04 20:05:13,579 INFO [org.junit.Test] zero00170
2016-08-04 20:05:13,579 INFO [org.junit.Test] zero00171
2016-08-04 20:05:13,579 INFO [org.junit.Test] zero00172
2016-08-04 20:05:13,579 INFO [org.junit.Test] zero00173
2016-08-04 20:05:13,579 INFO [org.junit.Test] zero00174
2016-08-04 20:05:13,579 INFO [org.junit.Test] zero00175
2016-08-04 20:05:13,579 INFO [org.junit.Test] zero00176
2016-08-04 20:05:13,579 INFO [org.junit.Test] zero00177
2016-08-04 20:05:13,579 INFO [org.junit.Test] zero00178
2016-08-04 20:05:13,579 INFO [org.junit.Test] zero00179
2016-08-04 20:05:13,579 INFO [org.junit.Test] zero00180
2016-08-04 20:05:13,579 INFO [org.junit.Test] zero00181
2016-08-04 20:05:13,579 INFO [org.junit.Test] zero00182
2016-08-04 20:05:13,579 INFO [org.junit.Test] zero00183
2016-08-04 20:05:13,579 INFO [org.junit.Test] zero00184
2016-08-04 20:05:13,579 INFO [org.junit.Test] zero00185
2016-08-04 20:05:13,579 INFO [org.junit.Test] zero00186
2016-08-04 20:05:13,579 INFO [org.junit.Test] zero00187
2016-08-04 20:05:13,579 INFO [org.junit.Test] zero00188
2016-08-04 20:05:13,579 INFO [org.junit.Test] zero00189
2016-08-04 20:05:13,579 INFO [org.junit.Test] zero00190
2016-08-04 20:05:13,579 INFO [org.junit.Test] zero00191
2016-08-04 20:05:13,579 INFO [org.junit.Test] zero00192
2016-08-04 20:05:13,579 INFO [org.junit.Test] zero00193
2016-08-04 20:05:13,579 INFO [org.junit.Test] zero00194
2016-08-04 20:05:13,579 INFO [org.junit.Test] zero00195
2016-08-04 20:05:13,579 INFO [org.junit.Test] zero00196
2016-08-04 20:05:13,579 INFO [org.junit.Test] zero00197
2016-08-04 20:05:13,579 INFO [org.junit.Test] zero00198
2016-08-04 20:05:13,579 INFO [org.junit.Test] zero00199
2016-08-04 20:05:13,579 INFO [org.junit.Test] zero00200
2016-08-04 20:05:13,579 INFO [org.junit.Test] zero00201
2016-08-04 20:05:13,579 INFO [org.junit.Test] zero00202
2016-08-04 20:05:13,579 INFO [org.junit.Test] zero00203
2016-08-04 20:05:13,579 INFO [org.junit.Test] zero00204
2016-08-04 20:05:13,579 INFO [org.junit.Test] zero00205
2016-08-04 20:05:13,579 INFO [org.junit.Test] zero00206
2016-08-04 20:05:13,579 INFO [org.junit.Test] zero00207
2016-08-04 20:05:13,579 INFO [org.junit.Test] zero00208
2016-08-04 20:05:13,579 INFO [org.junit.Test] zero00209
2016-08-04 20:05:13,579 INFO [org.junit.Test] zero00210
2016-08-04 20:05:13,579 INFO [org.junit.Test] zero00211
2016-08-04 20:05:13,579 INFO [org.junit.Test] zero00212
2016-08-04 20:05:13,579 INFO [org.junit.Test] zero00213
2016-08-04 20:05:13,579 INFO [org.junit.Test] zero00214
2016-08-04 20:05:13,579 INFO [org.junit.Test] zero00215
2016-08-04 20:05:13,579 INFO [org.junit.Test] zero00216
2016-08-04 20:05:13,579 INFO [org.junit.Test] zero00217
2016-08-04 20:05:13,579 INFO [org.junit.Test] zero00218
2016-08-04 20:05:13,579 INFO [org.junit.Test] zero00219
2016-08-04 20:05:13,579 INFO [org.junit.Test] zero00220
2016-08-04 20:05:13,579 INFO [org.junit.Test] zero00221
2016-08-04 20:05:13,579 INFO [org.junit.Test] zero00222
2016-08-04 20:05:13,579 INFO [org.junit.Test] zero00223
2016-08-04 20:05:13,579 INFO [org.junit.Test] zero00224
2016-08-04 20:05:13,579 INFO [org.junit.Test] zero00225
2016-08-04 20:05:13,579 INFO [org.junit.Test] zero00226
2016-08-04 20:05:13,579 INFO [org.junit.Test] zero00227
2016-08-04 20:05:13,579 INFO [org.junit.Test] zero00228
2016-08-04 20:05:13,579 INFO [org.junit.Test] zero00229
2016-08-04 20:05:13,579 INFO [org.junit.Test] zero00230
2016-08-04 20:05:13,579 INFO [org.junit.Test] zero00231
2016-08-04 20:05:13,579 INFO [org.junit.Test] zero00232
2016-08-04 20:05:13,579 INFO [org.junit.Test] zero00233
2016-08-04 20:05:13,579 INFO [org.junit.Test] zero00234
2016-08-04 20:05:13,579 INFO [org.junit.Test] zero00235
2016-08-04 20:05:13,579 INFO [org.junit.Test] zero00236
2016-08-04 20:05:13,579 INFO [org.junit.Test] zero00237
2016-08-04 20:05:13,579 INFO [org.junit.Test] zero00238
2016-08-04 20:05:13,579 INFO [org.junit.Test] zero00239
2016-08-04 20:05:13,579 INFO [org.junit.Test] zero00240
2016-08-04 20:05:13,579 INFO [org.junit.Test] zero00241
2016-08-04 20:05:13,579 INFO [org.junit.Test] zero00242
2016-08-04 20:05:13,579 INFO [org.junit.Test] zero00243
2016-08-04 20:05:13,579 INFO [org.junit.Test] zero00244
2016-08-04 20:05:13,579 INFO [org.junit.Test] zero00245
2016-08-04 20:05:13,579 INFO [org.junit.Test] zero00246
2016-08-04 20:05:13,579 INFO [org.junit.Test] zero00247
2016-08-04 20:05:13,579 INFO [org.junit.Test] zero00248
2016-08-04 20:05:13,579 INFO [org.junit.Test] zero00249
2016-08-04 20:05:13,579 INFO [org.junit.Test] zero00250
2016-08-04 20:05:13,579 INFO [org.junit.Test] zero00251
2016-08-04 20:05:13,579 INFO [org.junit.Test] zero00252
2016-08-04 20:05:13,579 INFO [org.junit.Test] zero00253
2016-08-04 20:05:13,579 INFO [org.junit.Test] zero00254
2016-08-04 20:05:13,579 INFO [org.junit.Test] zero00255
2016-08-04 20:05:13,579 INFO [org.junit.Test] zero00256
2016-08-04 20:05:13,579 INFO [org.junit.Test] zero00257
2016-08-04 20:05:13,579 INFO [org.junit.Test] zero00258
2016-08-04 20:05:13,579 INFO [org.junit.Test] zero00259
2016-08-04 20:05:13,579 INFO [org.junit.Test] zero00260
2016-08-04 20:05:13,579 INFO [org.junit.Test] zero00261
2016-08-04 20:05:13,579 INFO [org.junit.Test] zero00262
2016-08-04 20:05:13,579 INFO [org.junit.Test] zero00263
2016-08-04 20:05:13,579 INFO [org.junit.Test] zero00264
2016-08-04 20:05:13,579 INFO [org.junit.Test] zero00265
2016-08-04 20:05:13,579 INFO [org.junit.Test] zero00266
2016-08-04 20:05:13,579 INFO [org.junit.Test] zero00267
2016-08-04 20:05:13,579 INFO [org.junit.Test] zero00268
2016-08-04 20:05:13,579 INFO [org.junit.Test] zero00269
2016-08-04 20:05:13,579 INFO [org.junit.Test] zero00270
2016-08-04 20:05:13,579 INFO [org.junit.Test] zero00271
2016-08-04 20:05:13,579 INFO [org.junit.Test] zero00272
2016-08-04 20:05:13,579 INFO [org.junit.Test] zero00273
2016-08-04 20:05:13,579 INFO [org.junit.Test] zero00274
2016-08-04 20:05:13,579 INFO [org.junit.Test] zero00275
2016-08-04 20:05:13,579 INFO [org.junit.Test] zero00276
2016-08-04 20:05:13,579 INFO [org.junit.Test] zero00277
2016-08-04 20:05:13,579 INFO [org.junit.Test] zero00278
2016-08-04 20:05:13,579 INFO [org.junit.Test] zero00279
2016-08-04 20:05:13,579 INFO [org.junit.Test] zero00280
2016-08-04 20:05:13,579 INFO [org.junit.Test] zero00281
2016-08-04 20:05:13,579 INFO [org.junit.Test] zero00282
2016-08-04 20:05:13,579 INFO [org.junit.Test] zero00283
2016-08-04 20:05:13,579 INFO [org.junit.Test] zero00284
2016-08-04 20:05:13,579 INFO [org.junit.Test] zero00285
2016-08-04 20:05:13,579 INFO [org.junit.Test] zero00286
2016-08-04 20:05:13,579 INFO [org.junit.Test] zero00287
2016-08-04 20:05:13,579 INFO [org.junit.Test] zero00288
2016-08-04 20:05:13,579 INFO [org.junit.Test] zero00289
2016-08-04 20:05:13,579 INFO [org.junit.Test] zero00290
2016-08-04 20:05:13,579 INFO [org.junit.Test] zero00291
2016-08-04 20:05:13,579 INFO [org.junit.Test] zero00292
2016-08-04 20:05:13,579 INFO [org.junit.Test] zero00293
2016-08-04 20:05:13,579 INFO [org.junit.Test] zero00294
2016-08-04 20:05:13,579 INFO [org.junit.Test] zero00295
2016-08-04 20:05:13,579 INFO [org.junit.Test] zero00296
2016-08-04 20:05:13,579 INFO [org.junit.Test] zero00297
2016-08-04 20:05:13,579 INFO [org.junit.Test] zero00298
2016-08-04 20:05:13,579 INFO [org.junit.Test] zero00299
2016-08-04 20:05:13,579 INFO [org.junit.Test] zero00300
2016-08-04 20:05:13,579 INFO [org.junit.Test] zero00301
2016-08-04 20:05:13,579 INFO [org.junit.Test] zero00302
2016-08-04 20:05:13,579 INFO [org.junit.Test] zero00303
2016-08-04 20:05:13,579 INFO [org.junit.Test] zero00304
2016-08-04 20:05:13,579 INFO [org.junit.Test] zero00305
2016-08-04 20:05:13,579 INFO [org.junit.Test] zero00306
2016-08-04 20:05:13,579 INFO [org.junit.Test] zero00307
2016-08-04 20:05:13,579 INFO [org.junit.Test] zero00308
2016-08-04 20:05:13,579 INFO [org.junit.Test] zero00309
2016-08-04 20:05:13,579 INFO [org.junit.Test] zero00310
2016-08-04 20:05:13,579 INFO [org.junit.Test] zero00311
2016-08-04 20:05:13,579 INFO [org.junit.Test] zero00312
2016-08-04 20:05:13,579 INFO [org.junit.Test] zero00313
2016-08-04 20:05:13,579 INFO [org.junit.Test] zero00314
2016-08-04 20:05:13,579 INFO [org.junit.Test] zero00315
2016-08-04 20:05:13,580 INFO [org.junit.Test] zero00316
2016-08-04 20:05:13,580 INFO [org.junit.Test] zero00317
2016-08-04 20:05:13,580 INFO [org.junit.Test] zero00318
2016-08-04 20:05:13,580 INFO [org.junit.Test] zero00319
2016-08-04 20:05:13,580 INFO [org.junit.Test] zero00320
2016-08-04 20:05:13,580 INFO [org.junit.Test] zero00321
2016-08-04 20:05:13,580 INFO [org.junit.Test] zero00322
2016-08-04 20:05:13,580 INFO [org.junit.Test] zero00323
2016-08-04 20:05:13,580 INFO [org.junit.Test] zero00324
2016-08-04 20:05:13,580 INFO [org.junit.Test] zero00325
2016-08-04 20:05:13,580 INFO [org.junit.Test] zero00326
2016-08-04 20:05:13,580 INFO [org.junit.Test] zero00327
2016-08-04 20:05:13,580 INFO [org.junit.Test] zero00328
2016-08-04 20:05:13,580 INFO [org.junit.Test] zero00329
2016-08-04 20:05:13,580 INFO [org.junit.Test] zero00330
2016-08-04 20:05:13,580 INFO [org.junit.Test] zero00331
2016-08-04 20:05:13,580 INFO [org.junit.Test] zero00332
2016-08-04 20:05:13,580 INFO [org.junit.Test] zero00333
2016-08-04 20:05:13,580 INFO [org.junit.Test] zero00334
2016-08-04 20:05:13,580 INFO [org.junit.Test] zero00335
2016-08-04 20:05:13,580 INFO [org.junit.Test] zero00336
2016-08-04 20:05:13,580 INFO [org.junit.Test] zero00337
2016-08-04 20:05:13,580 INFO [org.junit.Test] zero00338
2016-08-04 20:05:13,580 INFO [org.junit.Test] zero00339
2016-08-04 20:05:13,580 INFO [org.junit.Test] zero00340
2016-08-04 20:05:13,580 INFO [org.junit.Test] zero00341
2016-08-04 20:05:13,580 INFO [org.junit.Test] zero00342
2016-08-04 20:05:13,580 INFO [org.junit.Test] zero00343
2016-08-04 20:05:13,580 INFO [org.junit.Test] zero00344
2016-08-04 20:05:13,580 INFO [org.junit.Test] zero00345
2016-08-04 20:05:13,580 INFO [org.junit.Test] zero00346
2016-08-04 20:05:13,580 INFO [org.junit.Test] zero00347
2016-08-04 20:05:13,580 INFO [org.junit.Test] zero00348
2016-08-04 20:05:13,580 INFO [org.junit.Test] zero00349
2016-08-04 20:05:13,580 INFO [org.junit.Test] zero00350
2016-08-04 20:05:13,580 INFO [org.junit.Test] zero00351
2016-08-04 20:05:13,580 INFO [org.junit.Test] zero00352
2016-08-04 20:05:13,580 INFO [org.junit.Test] zero00353
2016-08-04 20:05:13,580 INFO [org.junit.Test] zero00354
2016-08-04 20:05:13,580 INFO [org.junit.Test] zero00355
2016-08-04 20:05:13,580 INFO [org.junit.Test] zero00356
2016-08-04 20:05:13,580 INFO [org.junit.Test] zero00357
2016-08-04 20:05:13,580 INFO [org.junit.Test] zero00358
2016-08-04 20:05:13,580 INFO [org.junit.Test] zero00359
2016-08-04 20:05:13,580 INFO [org.junit.Test] zero00360
2016-08-04 20:05:13,580 INFO [org.junit.Test] zero00361
2016-08-04 20:05:13,580 INFO [org.junit.Test] zero00362
2016-08-04 20:05:13,580 INFO [org.junit.Test] zero00363
2016-08-04 20:05:13,580 INFO [org.junit.Test] zero00364
2016-08-04 20:05:13,580 INFO [org.junit.Test] zero00365
2016-08-04 20:05:13,580 INFO [org.junit.Test] zero00366
2016-08-04 20:05:13,580 INFO [org.junit.Test] zero00367
2016-08-04 20:05:13,580 INFO [org.junit.Test] zero00368
2016-08-04 20:05:13,580 INFO [org.junit.Test] zero00369
2016-08-04 20:05:13,580 INFO [org.junit.Test] zero00370
2016-08-04 20:05:13,580 INFO [org.junit.Test] zero00371
2016-08-04 20:05:13,580 INFO [org.junit.Test] zero00372
2016-08-04 20:05:13,580 INFO [org.junit.Test] zero00373
2016-08-04 20:05:13,580 INFO [org.junit.Test] zero00374
2016-08-04 20:05:13,580 INFO [org.junit.Test] zero00375
2016-08-04 20:05:13,580 INFO [org.junit.Test] zero00376
2016-08-04 20:05:13,580 INFO [org.junit.Test] zero00377
2016-08-04 20:05:13,580 INFO [org.junit.Test] zero00378
2016-08-04 20:05:13,580 INFO [org.junit.Test] zero00379
2016-08-04 20:05:13,580 INFO [org.junit.Test] zero00380
2016-08-04 20:05:13,580 INFO [org.junit.Test] zero00381
2016-08-04 20:05:13,580 INFO [org.junit.Test] zero00382
2016-08-04 20:05:13,580 INFO [org.junit.Test] zero00383
2016-08-04 20:05:13,580 INFO [org.junit.Test] zero00384
2016-08-04 20:05:13,580 INFO [org.junit.Test] zero00385
2016-08-04 20:05:13,580 INFO [org.junit.Test] zero00386
2016-08-04 20:05:13,580 INFO [org.junit.Test] zero00387
2016-08-04 20:05:13,580 INFO [org.junit.Test] zero00388
2016-08-04 20:05:13,580 INFO [org.junit.Test] zero00389
2016-08-04 20:05:13,580 INFO [org.junit.Test] zero00390
2016-08-04 20:05:13,580 INFO [org.junit.Test] zero00391
2016-08-04 20:05:13,580 INFO [org.junit.Test] zero00392
2016-08-04 20:05:13,580 INFO [org.junit.Test] zero00393
2016-08-04 20:05:13,580 INFO [org.junit.Test] zero00394
2016-08-04 20:05:13,580 INFO [org.junit.Test] zero00395
2016-08-04 20:05:13,580 INFO [org.junit.Test] zero00396
2016-08-04 20:05:13,580 INFO [org.junit.Test] zero00397
2016-08-04 20:05:13,580 INFO [org.junit.Test] zero00398
2016-08-04 20:05:13,580 INFO [org.junit.Test] zero00399
2016-08-04 20:05:13,580 INFO [org.junit.Test] zero00400
2016-08-04 20:05:13,580 INFO [org.junit.Test] zero00401
2016-08-04 20:05:13,580 INFO [org.junit.Test] zero00402
2016-08-04 20:05:13,580 INFO [org.junit.Test] zero00403
2016-08-04 20:05:13,580 INFO [org.junit.Test] zero00404
2016-08-04 20:05:13,580 INFO [org.junit.Test] zero00405
2016-08-04 20:05:13,580 INFO [org.junit.Test] zero00406
2016-08-04 20:05:13,580 INFO [org.junit.Test] zero00407
2016-08-04 20:05:13,580 INFO [org.junit.Test] zero00408
2016-08-04 20:05:13,580 INFO [org.junit.Test] zero00409
2016-08-04 20:05:13,580 INFO [org.junit.Test] zero00410
2016-08-04 20:05:13,580 INFO [org.junit.Test] zero00411
2016-08-04 20:05:13,580 INFO [org.junit.Test] zero00412
2016-08-04 20:05:13,580 INFO [org.junit.Test] zero00413
2016-08-04 20:05:13,580 INFO [org.junit.Test] zero00414
2016-08-04 20:05:13,580 INFO [org.junit.Test] zero00415
2016-08-04 20:05:13,580 INFO [org.junit.Test] zero00416
2016-08-04 20:05:13,580 INFO [org.junit.Test] zero00417
2016-08-04 20:05:13,580 INFO [org.junit.Test] zero00418
2016-08-04 20:05:13,580 INFO [org.junit.Test] zero00419
2016-08-04 20:05:13,580 INFO [org.junit.Test] zero00420
2016-08-04 20:05:13,580 INFO [org.junit.Test] zero00421
2016-08-04 20:05:13,580 INFO [org.junit.Test] zero00422
2016-08-04 20:05:13,580 INFO [org.junit.Test] zero00423
2016-08-04 20:05:13,580 INFO [org.junit.Test] zero00424
2016-08-04 20:05:13,580 INFO [org.junit.Test] zero00425
2016-08-04 20:05:13,580 INFO [org.junit.Test] zero00426
2016-08-04 20:05:13,580 INFO [org.junit.Test] zero00427
2016-08-04 20:05:13,580 INFO [org.junit.Test] zero00428
2016-08-04 20:05:13,580 INFO [org.junit.Test] zero00429
2016-08-04 20:05:13,580 INFO [org.junit.Test] zero00430
2016-08-04 20:05:13,580 INFO [org.junit.Test] zero00431
2016-08-04 20:05:13,580 INFO [org.junit.Test] zero00432
2016-08-04 20:05:13,580 INFO [org.junit.Test] zero00433
2016-08-04 20:05:13,580 INFO [org.junit.Test] zero00434
2016-08-04 20:05:13,580 INFO [org.junit.Test] zero00435
2016-08-04 20:05:13,580 INFO [org.junit.Test] zero00436
2016-08-04 20:05:13,580 INFO [org.junit.Test] zero00437
2016-08-04 20:05:13,580 INFO [org.junit.Test] zero00438
2016-08-04 20:05:13,580 INFO [org.junit.Test] zero00439
2016-08-04 20:05:13,580 INFO [org.junit.Test] zero00440
2016-08-04 20:05:13,580 INFO [org.junit.Test] zero00441
2016-08-04 20:05:13,580 INFO [org.junit.Test] zero00442
2016-08-04 20:05:13,580 INFO [org.junit.Test] zero00443
2016-08-04 20:05:13,580 INFO [org.junit.Test] zero00444
2016-08-04 20:05:13,580 INFO [org.junit.Test] zero00445
2016-08-04 20:05:13,580 INFO [org.junit.Test] zero00446
2016-08-04 20:05:13,580 INFO [org.junit.Test] zero00447
2016-08-04 20:05:13,580 INFO [org.junit.Test] zero00448
2016-08-04 20:05:13,580 INFO [org.junit.Test] zero00449
2016-08-04 20:05:13,580 INFO [org.junit.Test] zero00450
2016-08-04 20:05:13,580 INFO [org.junit.Test] zero00451
2016-08-04 20:05:13,580 INFO [org.junit.Test] zero00452
2016-08-04 20:05:13,580 INFO [org.junit.Test] zero00453
2016-08-04 20:05:13,580 INFO [org.junit.Test] zero00454
2016-08-04 20:05:13,580 INFO [org.junit.Test] zero00455
2016-08-04 20:05:13,580 INFO [org.junit.Test] zero00456
2016-08-04 20:05:13,580 INFO [org.junit.Test] zero00457
2016-08-04 20:05:13,580 INFO [org.junit.Test] zero00458
2016-08-04 20:05:13,580 INFO [org.junit.Test] zero00459
2016-08-04 20:05:13,580 INFO [org.junit.Test] zero00460
2016-08-04 20:05:13,580 INFO [org.junit.Test] zero00461
2016-08-04 20:05:13,580 INFO [org.junit.Test] zero00462
2016-08-04 20:05:13,580 INFO [org.junit.Test] zero00463
2016-08-04 20:05:13,580 INFO [org.junit.Test] zero00464
2016-08-04 20:05:13,580 INFO [org.junit.Test] zero00465
2016-08-04 20:05:13,580 INFO [org.junit.Test] zero00466
2016-08-04 20:05:13,580 INFO [org.junit.Test] zero00467
2016-08-04 20:05:13,580 INFO [org.junit.Test] zero00468
2016-08-04 20:05:13,580 INFO [org.junit.Test] zero00469
2016-08-04 20:05:13,580 INFO [org.junit.Test] zero00470
2016-08-04 20:05:13,580 INFO [org.junit.Test] zero00471
2016-08-04 20:05:13,580 INFO [org.junit.Test] zero00472
2016-08-04 20:05:13,580 INFO [org.junit.Test] zero00473
2016-08-04 20:05:13,580 INFO [org.junit.Test] zero00474
2016-08-04 20:05:13,580 INFO [org.junit.Test] zero00475
2016-08-04 20:05:13,580 INFO [org.junit.Test] zero00476
2016-08-04 20:05:13,580 INFO [org.junit.Test] zero00477
2016-08-04 20:05:13,580 INFO [org.junit.Test] zero00478
2016-08-04 20:05:13,580 INFO [org.junit.Test] zero00479
2016-08-04 20:05:13,580 INFO [org.junit.Test] zero00480
2016-08-04 20:05:13,580 INFO [org.junit.Test] zero00481
2016-08-04 20:05:13,580 INFO [org.junit.Test] zero00482
2016-08-04 20:05:13,580 INFO [org.junit.Test] zero00483
2016-08-04 20:05:13,580 INFO [org.junit.Test] zero00484
2016-08-04 20:05:13,580 INFO [org.junit.Test] zero00485
2016-08-04 20:05:13,580 INFO [org.junit.Test] zero00486
2016-08-04 20:05:13,580 INFO [org.junit.Test] zero00487
2016-08-04 20:05:13,580 INFO [org.junit.Test] zero00488
2016-08-04 20:05:13,580 INFO [org.junit.Test] zero00489
2016-08-04 20:05:13,580 INFO [org.junit.Test] zero00490
2016-08-04 20:05:13,580 INFO [org.junit.Test] zero00491
2016-08-04 20:05:13,580 INFO [org.junit.Test] zero00492
2016-08-04 20:05:13,580 INFO [org.junit.Test] zero00493
2016-08-04 20:05:13,580 INFO [org.junit.Test] zero00494
2016-08-04 20:05:13,580 INFO [org.junit.Test] zero00495
2016-08-04 20:05:13,580 INFO [org.junit.Test] zero00496
2016-08-04 20:05:13,580 INFO [org.junit.Test] zero00497
2016-08-04 20:05:13,580 INFO [org.junit.Test] zero00498
2016-08-04 20:05:13,580 INFO [org.junit.Test] zero00499
2016-08-04 20:05:13,580 INFO [org.junit.Test] zero00500
2016-08-04 20:05:13,580 INFO [org.junit.Test] zero00501
2016-08-04 20:05:13,580 INFO [org.junit.Test] zero00502
2016-08-04 20:05:13,580 INFO [org.junit.Test] zero00503
2016-08-04 20:05:13,580 INFO [org.junit.Test] zero00504
2016-08-04 20:05:13,580 INFO [org.junit.Test] zero00505
2016-08-04 20:05:13,580 INFO [org.junit.Test] zero00506
2016-08-04 20:05:13,580 INFO [org.junit.Test] zero00507
2016-08-04 20:05:13,580 INFO [org.junit.Test] zero00508
2016-08-04 20:05:13,580 INFO [org.junit.Test] zero00509
2016-08-04 20:05:13,580 INFO [org.junit.Test] zero00510
2016-08-04 20:05:13,580 INFO [org.junit.Test] zero00511
2016-08-04 20:05:13,580 INFO [org.junit.Test] zero00512
2016-08-04 20:05:13,580 INFO [org.junit.Test] zero00513
2016-08-04 20:05:13,580 INFO [org.junit.Test] zero00514
2016-08-04 20:05:13,580 INFO [org.junit.Test] zero00515
2016-08-04 20:05:13,580 INFO [org.junit.Test] zero00516
2016-08-04 20:05:13,580 INFO [org.junit.Test] zero00517
2016-08-04 20:05:13,580 INFO [org.junit.Test] zero00518
2016-08-04 20:05:13,580 INFO [org.junit.Test] zero00519
2016-08-04 20:05:13,580 INFO [org.junit.Test] zero00520
2016-08-04 20:05:13,580 INFO [org.junit.Test] zero00521
2016-08-04 20:05:13,580 INFO [org.junit.Test] zero00522
2016-08-04 20:05:13,580 INFO [org.junit.Test] zero00523
2016-08-04 20:05:13,580 INFO [org.junit.Test] zero00524
2016-08-04 20:05:13,580 INFO [org.junit.Test] zero00525
2016-08-04 20:05:13,580 INFO [org.junit.Test] zero00526
2016-08-04 20:05:13,580 INFO [org.junit.Test] zero00527
2016-08-04 20:05:13,580 INFO [org.junit.Test] zero00528
2016-08-04 20:05:13,580 INFO [org.junit.Test] zero00529
2016-08-04 20:05:13,580 INFO [org.junit.Test] zero00530
2016-08-04 20:05:13,580 INFO [org.junit.Test] zero00531
2016-08-04 20:05:13,580 INFO [org.junit.Test] zero00532
2016-08-04 20:05:13,580 INFO [org.junit.Test] zero00533
2016-08-04 20:05:13,580 INFO [org.junit.Test] zero00534
2016-08-04 20:05:13,580 INFO [org.junit.Test] zero00535
2016-08-04 20:05:13,580 INFO [org.junit.Test] zero00536
2016-08-04 20:05:13,580 INFO [org.junit.Test] zero00537
2016-08-04 20:05:13,580 INFO [org.junit.Test] zero00538
2016-08-04 20:05:13,580 INFO [org.junit.Test] zero00539
2016-08-04 20:05:13,580 INFO [org.junit.Test] zero00540
2016-08-04 20:05:13,580 INFO [org.junit.Test] zero00541
2016-08-04 20:05:13,580 INFO [org.junit.Test] zero00542
2016-08-04 20:05:13,580 INFO [org.junit.Test] zero00543
2016-08-04 20:05:13,580 INFO [org.junit.Test] zero00544
2016-08-04 20:05:13,580 INFO [org.junit.Test] zero00545
2016-08-04 20:05:13,580 INFO [org.junit.Test] zero00546
2016-08-04 20:05:13,580 INFO [org.junit.Test] zero00547
2016-08-04 20:05:13,580 INFO [org.junit.Test] zero00548
2016-08-04 20:05:13,580 INFO [org.junit.Test] zero00549
2016-08-04 20:05:13,580 INFO [org.junit.Test] zero00550
2016-08-04 20:05:13,580 INFO [org.junit.Test] zero00551
2016-08-04 20:05:13,580 INFO [org.junit.Test] zero00552
2016-08-04 20:05:13,580 INFO [org.junit.Test] zero00553
2016-08-04 20:05:13,580 INFO [org.junit.Test] zero00554
2016-08-04 20:05:13,580 INFO [org.junit.Test] zero00555
2016-08-04 20:05:13,580 INFO [org.junit.Test] zero00556
2016-08-04 20:05:13,580 INFO [org.junit.Test] zero00557
2016-08-04 20:05:13,580 INFO [org.junit.Test] zero00558
2016-08-04 20:05:13,580 INFO [org.junit.Test] zero00559
2016-08-04 20:05:13,580 INFO [org.junit.Test] zero00560
2016-08-04 20:05:13,580 INFO [org.junit.Test] zero00561
2016-08-04 20:05:13,580 INFO [org.junit.Test] zero00562
2016-08-04 20:05:13,580 INFO [org.junit.Test] zero00563
2016-08-04 20:05:13,580 INFO [org.junit.Test] zero00564
2016-08-04 20:05:13,580 INFO [org.junit.Test] zero00565
2016-08-04 20:05:13,580 INFO [org.junit.Test] zero00566
2016-08-04 20:05:13,580 INFO [org.junit.Test] zero00567
2016-08-04 20:05:13,580 INFO [org.junit.Test] zero00568
2016-08-04 20:05:13,580 INFO [org.junit.Test] zero00569
2016-08-04 20:05:13,580 INFO [org.junit.Test] zero00570
2016-08-04 20:05:13,580 INFO [org.junit.Test] zero00571
2016-08-04 20:05:13,580 INFO [org.junit.Test] zero00572
2016-08-04 20:05:13,580 INFO [org.junit.Test] zero00573
2016-08-04 20:05:13,580 INFO [org.junit.Test] zero00574
2016-08-04 20:05:13,580 INFO [org.junit.Test] zero00575
2016-08-04 20:05:13,580 INFO [org.junit.Test] zero00576
2016-08-04 20:05:13,580 INFO [org.junit.Test] zero00577
2016-08-04 20:05:13,580 INFO [org.junit.Test] zero00578
2016-08-04 20:05:13,580 INFO [org.junit.Test] zero00579
2016-08-04 20:05:13,580 INFO [org.junit.Test] zero00580
2016-08-04 20:05:13,580 INFO [org.junit.Test] zero00581
2016-08-04 20:05:13,580 INFO [org.junit.Test] zero00582
2016-08-04 20:05:13,580 INFO [org.junit.Test] zero00583
2016-08-04 20:05:13,580 INFO [org.junit.Test] zero00584
2016-08-04 20:05:13,580 INFO [org.junit.Test] zero00585
2016-08-04 20:05:13,580 INFO [org.junit.Test] zero00586
2016-08-04 20:05:13,580 INFO [org.junit.Test] zero00587
2016-08-04 20:05:13,580 INFO [org.junit.Test] zero00588
2016-08-04 20:05:13,580 INFO [org.junit.Test] zero00589
2016-08-04 20:05:13,580 INFO [org.junit.Test] zero00590
2016-08-04 20:05:13,580 INFO [org.junit.Test] zero00591
2016-08-04 20:05:13,580 INFO [org.junit.Test] zero00592
2016-08-04 20:05:13,580 INFO [org.junit.Test] zero00593
2016-08-04 20:05:13,580 INFO [org.junit.Test] zero00594
2016-08-04 20:05:13,580 INFO [org.junit.Test] zero00595
2016-08-04 20:05:13,580 INFO [org.junit.Test] zero00596
2016-08-04 20:05:13,580 INFO [org.junit.Test] zero00597
2016-08-04 20:05:13,580 INFO [org.junit.Test] zero00598
2016-08-04 20:05:13,580 INFO [org.junit.Test] zero00599
2016-08-04 20:05:13,580 INFO [org.junit.Test] zero00600
2016-08-04 20:05:13,580 INFO [org.junit.Test] zero00601
2016-08-04 20:05:13,580 INFO [org.junit.Test] zero00602
2016-08-04 20:05:13,580 INFO [org.junit.Test] zero00603
2016-08-04 20:05:13,580 INFO [org.junit.Test] zero00604
2016-08-04 20:05:13,580 INFO [org.junit.Test] zero00605
2016-08-04 20:05:13,580 INFO [org.junit.Test] zero00606
2016-08-04 20:05:13,580 INFO [org.junit.Test] zero00607
2016-08-04 20:05:13,580 INFO [org.junit.Test] zero00608
2016-08-04 20:05:13,580 INFO [org.junit.Test] zero00609
2016-08-04 20:05:13,580 INFO [org.junit.Test] zero00610
2016-08-04 20:05:13,580 INFO [org.junit.Test] zero00611
2016-08-04 20:05:13,580 INFO [org.junit.Test] zero00612
2016-08-04 20:05:13,580 INFO [org.junit.Test] zero00613
2016-08-04 20:05:13,580 INFO [org.junit.Test] zero00614
2016-08-04 20:05:13,580 INFO [org.junit.Test] zero00615
2016-08-04 20:05:13,580 INFO [org.junit.Test] zero00616
2016-08-04 20:05:13,580 INFO [org.junit.Test] zero00617
2016-08-04 20:05:13,580 INFO [org.junit.Test] zero00618
2016-08-04 20:05:13,580 INFO [org.junit.Test] zero00619
2016-08-04 20:05:13,580 INFO [org.junit.Test] zero00620
2016-08-04 20:05:13,580 INFO [org.junit.Test] zero00621
2016-08-04 20:05:13,580 INFO [org.junit.Test] zero00622
2016-08-04 20:05:13,580 INFO [org.junit.Test] zero00623
2016-08-04 20:05:13,580 INFO [org.junit.Test] zero00624
2016-08-04 20:05:13,580 INFO [org.junit.Test] zero00625
2016-08-04 20:05:13,580 INFO [org.junit.Test] zero00626
2016-08-04 20:05:13,580 INFO [org.junit.Test] zero00627
2016-08-04 20:05:13,580 INFO [org.junit.Test] zero00628
2016-08-04 20:05:13,580 INFO [org.junit.Test] zero00629
2016-08-04 20:05:13,580 INFO [org.junit.Test] zero00630
2016-08-04 20:05:13,580 INFO [org.junit.Test] zero00631
2016-08-04 20:05:13,580 INFO [org.junit.Test] zero00632
2016-08-04 20:05:13,580 INFO [org.junit.Test] zero00633
2016-08-04 20:05:13,580 INFO [org.junit.Test] zero00634
2016-08-04 20:05:13,580 INFO [org.junit.Test] zero00635
2016-08-04 20:05:13,580 INFO [org.junit.Test] zero00636
2016-08-04 20:05:13,580 INFO [org.junit.Test] zero00637
2016-08-04 20:05:13,580 INFO [org.junit.Test] zero00638
2016-08-04 20:05:13,580 INFO [org.junit.Test] zero00639
2016-08-04 20:05:13,580 INFO [org.junit.Test] zero00640
2016-08-04 20:05:13,580 INFO [org.junit.Test] zero00641
2016-08-04 20:05:13,580 INFO [org.junit.Test] zero00642
2016-08-04 20:05:13,580 INFO [org.junit.Test] zero00643
2016-08-04 20:05:13,580 INFO [org.junit.Test] zero00644
2016-08-04 20:05:13,580 INFO [org.junit.Test] zero00645
2016-08-04 20:05:13,580 INFO [org.junit.Test] zero00646
2016-08-04 20:05:13,580 INFO [org.junit.Test] zero00647
2016-08-04 20:05:13,580 INFO [org.junit.Test] zero00648
2016-08-04 20:05:13,580 INFO [org.junit.Test] zero00649
2016-08-04 20:05:13,580 INFO [org.junit.Test] zero00650
2016-08-04 20:05:13,580 INFO [org.junit.Test] zero00651
2016-08-04 20:05:13,580 INFO [org.junit.Test] zero00652
2016-08-04 20:05:13,580 INFO [org.junit.Test] zero00653
2016-08-04 20:05:13,580 INFO [org.junit.Test] zero00654
2016-08-04 20:05:13,580 INFO [org.junit.Test] zero00655
2016-08-04 20:05:13,580 INFO [org.junit.Test] zero00656
2016-08-04 20:05:13,580 INFO [org.junit.Test] zero00657
2016-08-04 20:05:13,580 INFO [org.junit.Test] zero00658
2016-08-04 20:05:13,580 INFO [org.junit.Test] zero00659
2016-08-04 20:05:13,580 INFO [org.junit.Test] zero00660
2016-08-04 20:05:13,580 INFO [org.junit.Test] zero00661
2016-08-04 20:05:13,580 INFO [org.junit.Test] zero00662
2016-08-04 20:05:13,580 INFO [org.junit.Test] zero00663
2016-08-04 20:05:13,580 INFO [org.junit.Test] zero00664
2016-08-04 20:05:13,580 INFO [org.junit.Test] zero00665
2016-08-04 20:05:13,580 INFO [org.junit.Test] zero00666
2016-08-04 20:05:13,580 INFO [org.junit.Test] zero00667
2016-08-04 20:05:13,580 INFO [org.junit.Test] zero00668
2016-08-04 20:05:13,580 INFO [org.junit.Test] zero00669
2016-08-04 20:05:13,580 INFO [org.junit.Test] zero00670
2016-08-04 20:05:13,580 INFO [org.junit.Test] zero00671
2016-08-04 20:05:13,580 INFO [org.junit.Test] zero00672
2016-08-04 20:05:13,580 INFO [org.junit.Test] zero00673
2016-08-04 20:05:13,580 INFO [org.junit.Test] zero00674
2016-08-04 20:05:13,580 INFO [org.junit.Test] zero00675
2016-08-04 20:05:13,580 INFO [org.junit.Test] zero00676
2016-08-04 20:05:13,580 INFO [org.junit.Test] zero00677
2016-08-04 20:05:13,580 INFO [org.junit.Test] zero00678
2016-08-04 20:05:13,580 INFO [org.junit.Test] zero00679
2016-08-04 20:05:13,580 INFO [org.junit.Test] zero00680
2016-08-04 20:05:13,580 INFO [org.junit.Test] zero00681
2016-08-04 20:05:13,580 INFO [org.junit.Test] zero00682
2016-08-04 20:05:13,580 INFO [org.junit.Test] zero00683
2016-08-04 20:05:13,580 INFO [org.junit.Test] zero00684
2016-08-04 20:05:13,580 INFO [org.junit.Test] zero00685
2016-08-04 20:05:13,580 INFO [org.junit.Test] zero00686
2016-08-04 20:05:13,580 INFO [org.junit.Test] zero00687
2016-08-04 20:05:13,580 INFO [org.junit.Test] zero00688
2016-08-04 20:05:13,580 INFO [org.junit.Test] zero00689
2016-08-04 20:05:13,580 INFO [org.junit.Test] zero00690
2016-08-04 20:05:13,580 INFO [org.junit.Test] zero00691
2016-08-04 20:05:13,580 INFO [org.junit.Test] zero00692
2016-08-04 20:05:13,580 INFO [org.junit.Test] zero00693
2016-08-04 20:05:13,580 INFO [org.junit.Test] zero00694
2016-08-04 20:05:13,580 INFO [org.junit.Test] zero00695
2016-08-04 20:05:13,580 INFO [org.junit.Test] zero00696
2016-08-04 20:05:13,580 INFO [org.junit.Test] zero00697
2016-08-04 20:05:13,580 INFO [org.junit.Test] zero00698
2016-08-04 20:05:13,580 INFO [org.junit.Test] zero00699
2016-08-04 20:05:13,580 INFO [org.junit.Test] zero00700
2016-08-04 20:05:13,580 INFO [org.junit.Test] zero00701
2016-08-04 20:05:13,580 INFO [org.junit.Test] zero00702
2016-08-04 20:05:13,580 INFO [org.junit.Test] zero00703
2016-08-04 20:05:13,580 INFO [org.junit.Test] zero00704
2016-08-04 20:05:13,580 INFO [org.junit.Test] zero00705
2016-08-04 20:05:13,580 INFO [org.junit.Test] zero00706
2016-08-04 20:05:13,580 INFO [org.junit.Test] zero00707
2016-08-04 20:05:13,580 INFO [org.junit.Test] zero00708
2016-08-04 20:05:13,580 INFO [org.junit.Test] zero00709
2016-08-04 20:05:13,580 INFO [org.junit.Test] zero00710
2016-08-04 20:05:13,580 INFO [org.junit.Test] zero00711
2016-08-04 20:05:13,580 INFO [org.junit.Test] zero00712
2016-08-04 20:05:13,580 INFO [org.junit.Test] zero00713
2016-08-04 20:05:13,580 INFO [org.junit.Test] zero00714
2016-08-04 20:05:13,580 INFO [org.junit.Test] zero00715
2016-08-04 20:05:13,580 INFO [org.junit.Test] zero00716
2016-08-04 20:05:13,580 INFO [org.junit.Test] zero00717
2016-08-04 20:05:13,580 INFO [org.junit.Test] zero00718
2016-08-04 20:05:13,580 INFO [org.junit.Test] zero00719
2016-08-04 20:05:13,580 INFO [org.junit.Test] zero00720
2016-08-04 20:05:13,580 INFO [org.junit.Test] zero00721
2016-08-04 20:05:13,580 INFO [org.junit.Test] zero00722
2016-08-04 20:05:13,580 INFO [org.junit.Test] zero00723
2016-08-04 20:05:13,580 INFO [org.junit.Test] zero00724
2016-08-04 20:05:13,580 INFO [org.junit.Test] zero00725
2016-08-04 20:05:13,580 INFO [org.junit.Test] zero00726
2016-08-04 20:05:13,580 INFO [org.junit.Test] zero00727
2016-08-04 20:05:13,580 INFO [org.junit.Test] zero00728
2016-08-04 20:05:13,580 INFO [org.junit.Test] zero00729
2016-08-04 20:05:13,580 INFO [org.junit.Test] zero00730
2016-08-04 20:05:13,580 INFO [org.junit.Test] zero00731
2016-08-04 20:05:13,580 INFO [org.junit.Test] zero00732
2016-08-04 20:05:13,580 INFO [org.junit.Test] zero00733
2016-08-04 20:05:13,580 INFO [org.junit.Test] zero00734
2016-08-04 20:05:13,580 INFO [org.junit.Test] zero00735
2016-08-04 20:05:13,580 INFO [org.junit.Test] zero00736
2016-08-04 20:05:13,580 INFO [org.junit.Test] zero00737
2016-08-04 20:05:13,580 INFO [org.junit.Test] zero00738
2016-08-04 20:05:13,580 INFO [org.junit.Test] zero00739
2016-08-04 20:05:13,580 INFO [org.junit.Test] zero00740
2016-08-04 20:05:13,580 INFO [org.junit.Test] zero00741
2016-08-04 20:05:13,580 INFO [org.junit.Test] zero00742
2016-08-04 20:05:13,580 INFO [org.junit.Test] zero00743
2016-08-04 20:05:13,580 INFO [org.junit.Test] zero00744
2016-08-04 20:05:13,580 INFO [org.junit.Test] zero00745
2016-08-04 20:05:13,580 INFO [org.junit.Test] zero00746
2016-08-04 20:05:13,580 INFO [org.junit.Test] zero00747
2016-08-04 20:05:13,580 INFO [org.junit.Test] zero00748
2016-08-04 20:05:13,580 INFO [org.junit.Test] zero00749
2016-08-04 20:05:13,580 INFO [org.junit.Test] zero00750
2016-08-04 20:05:13,580 INFO [org.junit.Test] zero00751
2016-08-04 20:05:13,580 INFO [org.junit.Test] zero00752
2016-08-04 20:05:13,580 INFO [org.junit.Test] zero00753
2016-08-04 20:05:13,580 INFO [org.junit.Test] zero00754
2016-08-04 20:05:13,580 INFO [org.junit.Test] zero00755
2016-08-04 20:05:13,580 INFO [org.junit.Test] zero00756
2016-08-04 20:05:13,580 INFO [org.junit.Test] zero00757
2016-08-04 20:05:13,580 INFO [org.junit.Test] zero00758
2016-08-04 20:05:13,580 INFO [org.junit.Test] zero00759
2016-08-04 20:05:13,580 INFO [org.junit.Test] zero00760
2016-08-04 20:05:13,580 INFO [org.junit.Test] zero00761
2016-08-04 20:05:13,580 INFO [org.junit.Test] zero00762
2016-08-04 20:05:13,580 INFO [org.junit.Test] zero00763
2016-08-04 20:05:13,580 INFO [org.junit.Test] zero00764
2016-08-04 20:05:13,580 INFO [org.junit.Test] zero00765
2016-08-04 20:05:13,580 INFO [org.junit.Test] zero00766
2016-08-04 20:05:13,580 INFO [org.junit.Test] zero00767
2016-08-04 20:05:13,580 INFO [org.junit.Test] zero00768
2016-08-04 20:05:13,580 INFO [org.junit.Test] zero00769
2016-08-04 20:05:13,580 INFO [org.junit.Test] zero00770
2016-08-04 20:05:13,580 INFO [org.junit.Test] zero00771
2016-08-04 20:05:13,580 INFO [org.junit.Test] zero00772
2016-08-04 20:05:13,580 INFO [org.junit.Test] zero00773
2016-08-04 20:05:13,580 INFO [org.junit.Test] zero00774
2016-08-04 20:05:13,580 INFO [org.junit.Test] zero00775
2016-08-04 20:05:13,580 INFO [org.junit.Test] zero00776
2016-08-04 20:05:13,580 INFO [org.junit.Test] zero00777
2016-08-04 20:05:13,580 INFO [org.junit.Test] zero00778
2016-08-04 20:05:13,580 INFO [org.junit.Test] zero00779
2016-08-04 20:05:13,580 INFO [org.junit.Test] zero00780
2016-08-04 20:05:13,580 INFO [org.junit.Test] zero00781
2016-08-04 20:05:13,580 INFO [org.junit.Test] zero00782
2016-08-04 20:05:13,580 INFO [org.junit.Test] zero00783
2016-08-04 20:05:13,580 INFO [org.junit.Test] zero00784
2016-08-04 20:05:13,580 INFO [org.junit.Test] zero00785
2016-08-04 20:05:13,580 INFO [org.junit.Test] zero00786
2016-08-04 20:05:13,580 INFO [org.junit.Test] zero00787
2016-08-04 20:05:13,580 INFO [org.junit.Test] zero00788
2016-08-04 20:05:13,580 INFO [org.junit.Test] zero00789
2016-08-04 20:05:13,580 INFO [org.junit.Test] zero00790
2016-08-04 20:05:13,580 INFO [org.junit.Test] zero00791
2016-08-04 20:05:13,580 INFO [org.junit.Test] zero00792
2016-08-04 20:05:13,580 INFO [org.junit.Test] zero00793
2016-08-04 20:05:13,580 INFO [org.junit.Test] zero00794
2016-08-04 20:05:13,580 INFO [org.junit.Test] zero00795
2016-08-04 20:05:13,580 INFO [org.junit.Test] zero00796
2016-08-04 20:05:13,580 INFO [org.junit.Test] zero00797
2016-08-04 20:05:13,580 INFO [org.junit.Test] zero00798
2016-08-04 20:05:13,580 INFO [org.junit.Test] zero00799
2016-08-04 20:05:13,580 INFO [org.junit.Test] zero00800
2016-08-04 20:05:13,580 INFO [org.junit.Test] zero00801
2016-08-04 20:05:13,580 INFO [org.junit.Test] zero00802
2016-08-04 20:05:13,580 INFO [org.junit.Test] zero00803
2016-08-04 20:05:13,580 INFO [org.junit.Test] zero00804
2016-08-04 20:05:13,580 INFO [org.junit.Test] zero00805
2016-08-04 20:05:13,580 INFO [org.junit.Test] zero00806
2016-08-04 20:05:13,580 INFO [org.junit.Test] zero00807
2016-08-04 20:05:13,580 INFO [org.junit.Test] zero00808
2016-08-04 20:05:13,580 INFO [org.junit.Test] zero00809
2016-08-04 20:05:13,580 INFO [org.junit.Test] zero00810
2016-08-04 20:05:13,580 INFO [org.junit.Test] zero00811
2016-08-04 20:05:13,580 INFO [org.junit.Test] zero00812
2016-08-04 20:05:13,580 INFO [org.junit.Test] zero00813
2016-08-04 20:05:13,580 INFO [org.junit.Test] zero00814
2016-08-04 20:05:13,580 INFO [org.junit.Test] zero00815
2016-08-04 20:05:13,580 INFO [org.junit.Test] zero00816
2016-08-04 20:05:13,580 INFO [org.junit.Test] zero00817
2016-08-04 20:05:13,580 INFO [org.junit.Test] zero00818
2016-08-04 20:05:13,580 INFO [org.junit.Test] zero00819
2016-08-04 20:05:13,580 INFO [org.junit.Test] zero00820
2016-08-04 20:05:13,580 INFO [org.junit.Test] zero00821
2016-08-04 20:05:13,580 INFO [org.junit.Test] zero00822
2016-08-04 20:05:13,580 INFO [org.junit.Test] zero00823
2016-08-04 20:05:13,580 INFO [org.junit.Test] zero00824
2016-08-04 20:05:13,580 INFO [org.junit.Test] zero00825
2016-08-04 20:05:13,580 INFO [org.junit.Test] zero00826
2016-08-04 20:05:13,580 INFO [org.junit.Test] zero00827
2016-08-04 20:05:13,580 INFO [org.junit.Test] zero00828
2016-08-04 20:05:13,580 INFO [org.junit.Test] zero00829
2016-08-04 20:05:13,580 INFO [org.junit.Test] zero00830
2016-08-04 20:05:13,580 INFO [org.junit.Test] zero00831
2016-08-04 20:05:13,580 INFO [org.junit.Test] zero00832
2016-08-04 20:05:13,580 INFO [org.junit.Test] zero00833
2016-08-04 20:05:13,580 INFO [org.junit.Test] zero00834
2016-08-04 20:05:13,580 INFO [org.junit.Test] zero00835
2016-08-04 20:05:13,580 INFO [org.junit.Test] zero00836
2016-08-04 20:05:13,580 INFO [org.junit.Test] zero00837
2016-08-04 20:05:13,580 INFO [org.junit.Test] zero00838
2016-08-04 20:05:13,580 INFO [org.junit.Test] zero00839
2016-08-04 20:05:13,580 INFO [org.junit.Test] zero00840
2016-08-04 20:05:13,580 INFO [org.junit.Test] zero00841
2016-08-04 20:05:13,580 INFO [org.junit.Test] zero00842
2016-08-04 20:05:13,580 INFO [org.junit.Test] zero00843
2016-08-04 20:05:13,580 INFO [org.junit.Test] zero00844
2016-08-04 20:05:13,580 INFO [org.junit.Test] zero00845
2016-08-04 20:05:13,580 INFO [org.junit.Test] zero00846
2016-08-04 20:05:13,580 INFO [org.junit.Test] zero00847
2016-08-04 20:05:13,580 INFO [org.junit.Test] zero00848
2016-08-04 20:05:13,580 INFO [org.junit.Test] zero00849
2016-08-04 20:05:13,580 INFO [org.junit.Test] zero00850
2016-08-04 20:05:13,580 INFO [org.junit.Test] zero00851
2016-08-04 20:05:13,580 INFO [org.junit.Test] zero00852
2016-08-04 20:05:13,580 INFO [org.junit.Test] zero00853
2016-08-04 20:05:13,580 INFO [org.junit.Test] zero00854
2016-08-04 20:05:13,580 INFO [org.junit.Test] zero00855
2016-08-04 20:05:13,580 INFO [org.junit.Test] zero00856
2016-08-04 20:05:13,580 INFO [org.junit.Test] zero00857
2016-08-04 20:05:13,580 INFO [org.junit.Test] zero00858
2016-08-04 20:05:13,580 INFO [org.junit.Test] zero00859
2016-08-04 20:05:13,580 INFO [org.junit.Test] zero00860
2016-08-04 20:05:13,580 INFO [org.junit.Test] zero00861
2016-08-04 20:05:13,580 INFO [org.junit.Test] zero00862
2016-08-04 20:05:13,580 INFO [org.junit.Test] zero00863
2016-08-04 20:05:13,580 INFO [org.junit.Test] zero00864
2016-08-04 20:05:13,580 INFO [org.junit.Test] zero00865
2016-08-04 20:05:13,580 INFO [org.junit.Test] zero00866
2016-08-04 20:05:13,580 INFO [org.junit.Test] zero00867
2016-08-04 20:05:13,580 INFO [org.junit.Test] zero00868
2016-08-04 20:05:13,580 INFO [org.junit.Test] zero00869
2016-08-04 20:05:13,580 INFO [org.junit.Test] zero00870
2016-08-04 20:05:13,580 INFO [org.junit.Test] zero00871
2016-08-04 20:05:13,580 INFO [org.junit.Test] zero00872
2016-08-04 20:05:13,580 INFO [org.junit.Test] zero00873
2016-08-04 20:05:13,580 INFO [org.junit.Test] zero00874
2016-08-04 20:05:13,580 INFO [org.junit.Test] zero00875
2016-08-04 20:05:13,580 INFO [org.junit.Test] zero00876
2016-08-04 20:05:13,580 INFO [org.junit.Test] zero00877
2016-08-04 20:05:13,580 INFO [org.junit.Test] zero00878
2016-08-04 20:05:13,580 INFO [org.junit.Test] zero00879
2016-08-04 20:05:13,580 INFO [org.junit.Test] zero00880
2016-08-04 20:05:13,580 INFO [org.junit.Test] zero00881
2016-08-04 20:05:13,580 INFO [org.junit.Test] zero00882
2016-08-04 20:05:13,580 INFO [org.junit.Test] zero00883
2016-08-04 20:05:13,580 INFO [org.junit.Test] zero00884
2016-08-04 20:05:13,580 INFO [org.junit.Test] zero00885
2016-08-04 20:05:13,580 INFO [org.junit.Test] zero00886
2016-08-04 20:05:13,580 INFO [org.junit.Test] zero00887
2016-08-04 20:05:13,580 INFO [org.junit.Test] zero00888
2016-08-04 20:05:13,580 INFO [org.junit.Test] zero00889
2016-08-04 20:05:13,580 INFO [org.junit.Test] zero00890
2016-08-04 20:05:13,580 INFO [org.junit.Test] zero00891
2016-08-04 20:05:13,580 INFO [org.junit.Test] zero00892
2016-08-04 20:05:13,580 INFO [org.junit.Test] zero00893
2016-08-04 20:05:13,580 INFO [org.junit.Test] zero00894
2016-08-04 20:05:13,580 INFO [org.junit.Test] zero00895
2016-08-04 20:05:13,580 INFO [org.junit.Test] zero00896
2016-08-04 20:05:13,580 INFO [org.junit.Test] zero00897
2016-08-04 20:05:13,580 INFO [org.junit.Test] zero00898
2016-08-04 20:05:13,580 INFO [org.junit.Test] zero00899
2016-08-04 20:05:13,580 INFO [org.junit.Test] zero00900
2016-08-04 20:05:13,580 INFO [org.junit.Test] zero00901
2016-08-04 20:05:13,580 INFO [org.junit.Test] zero00902
2016-08-04 20:05:13,580 INFO [org.junit.Test] zero00903
2016-08-04 20:05:13,580 INFO [org.junit.Test] zero00904
2016-08-04 20:05:13,580 INFO [org.junit.Test] zero00905
2016-08-04 20:05:13,580 INFO [org.junit.Test] zero00906
2016-08-04 20:05:13,580 INFO [org.junit.Test] zero00907
2016-08-04 20:05:13,580 INFO [org.junit.Test] zero00908
2016-08-04 20:05:13,580 INFO [org.junit.Test] zero00909
2016-08-04 20:05:13,580 INFO [org.junit.Test] zero00910
2016-08-04 20:05:13,580 INFO [org.junit.Test] zero00911
2016-08-04 20:05:13,580 INFO [org.junit.Test] zero00912
2016-08-04 20:05:13,580 INFO [org.junit.Test] zero00913
2016-08-04 20:05:13,580 INFO [org.junit.Test] zero00914
2016-08-04 20:05:13,580 INFO [org.junit.Test] zero00915
2016-08-04 20:05:13,580 INFO [org.junit.Test] zero00916
2016-08-04 20:05:13,580 INFO [org.junit.Test] zero00917
2016-08-04 20:05:13,580 INFO [org.junit.Test] zero00918
2016-08-04 20:05:13,580 INFO [org.junit.Test] zero00919
2016-08-04 20:05:13,580 INFO [org.junit.Test] zero00920
2016-08-04 20:05:13,580 INFO [org.junit.Test] zero00921
2016-08-04 20:05:13,580 INFO [org.junit.Test] zero00922
2016-08-04 20:05:13,580 INFO [org.junit.Test] zero00923
2016-08-04 20:05:13,580 INFO [org.junit.Test] zero00924
2016-08-04 20:05:13,580 INFO [org.junit.Test] zero00925
2016-08-04 20:05:13,580 INFO [org.junit.Test] zero00926
2016-08-04 20:05:13,580 INFO [org.junit.Test] zero00927
2016-08-04 20:05:13,580 INFO [org.junit.Test] zero00928
2016-08-04 20:05:13,580 INFO [org.junit.Test] zero00929
2016-08-04 20:05:13,580 INFO [org.junit.Test] zero00930
2016-08-04 20:05:13,580 INFO [org.junit.Test] zero00931
2016-08-04 20:05:13,580 INFO [org.junit.Test] zero00932
2016-08-04 20:05:13,580 INFO [org.junit.Test] zero00933
2016-08-04 20:05:13,580 INFO [org.junit.Test] zero00934
2016-08-04 20:05:13,580 INFO [org.junit.Test] zero00935
2016-08-04 20:05:13,580 INFO [org.junit.Test] zero00936
2016-08-04 20:05:13,580 INFO [org.junit.Test] zero00937
2016-08-04 20:05:13,580 INFO [org.junit.Test] zero00938
2016-08-04 20:05:13,580 INFO [org.junit.Test] zero00939
2016-08-04 20:05:13,580 INFO [org.junit.Test] zero00940
2016-08-04 20:05:13,580 INFO [org.junit.Test] zero00941
2016-08-04 20:05:13,580 INFO [org.junit.Test] zero00942
2016-08-04 20:05:13,580 INFO [org.junit.Test] zero00943
2016-08-04 20:05:13,580 INFO [org.junit.Test] zero00944
2016-08-04 20:05:13,580 INFO [org.junit.Test] zero00945
2016-08-04 20:05:13,580 INFO [org.junit.Test] zero00946
2016-08-04 20:05:13,580 INFO [org.junit.Test] zero00947
2016-08-04 20:05:13,580 INFO [org.junit.Test] zero00948
2016-08-04 20:05:13,580 INFO [org.junit.Test] zero00949
2016-08-04 20:05:13,580 INFO [org.junit.Test] zero00950
2016-08-04 20:05:13,580 INFO [org.junit.Test] zero00951
2016-08-04 20:05:13,580 INFO [org.junit.Test] zero00952
2016-08-04 20:05:13,580 INFO [org.junit.Test] zero00953
2016-08-04 20:05:13,580 INFO [org.junit.Test] zero00954
2016-08-04 20:05:13,580 INFO [org.junit.Test] zero00955
2016-08-04 20:05:13,580 INFO [org.junit.Test] zero00956
2016-08-04 20:05:13,580 INFO [org.junit.Test] zero00957
2016-08-04 20:05:13,580 INFO [org.junit.Test] zero00958
2016-08-04 20:05:13,580 INFO [org.junit.Test] zero00959
2016-08-04 20:05:13,580 INFO [org.junit.Test] zero00960
2016-08-04 20:05:13,580 INFO [org.junit.Test] zero00961
2016-08-04 20:05:13,580 INFO [org.junit.Test] zero00962
2016-08-04 20:05:13,580 INFO [org.junit.Test] zero00963
2016-08-04 20:05:13,580 INFO [org.junit.Test] zero00964
2016-08-04 20:05:13,580 INFO [org.junit.Test] zero00965
2016-08-04 20:05:13,580 INFO [org.junit.Test] zero00966
2016-08-04 20:05:13,580 INFO [org.junit.Test] zero00967
2016-08-04 20:05:13,580 INFO [org.junit.Test] zero00968
2016-08-04 20:05:13,580 INFO [org.junit.Test] zero00969
2016-08-04 20:05:13,580 INFO [org.junit.Test] zero00970
2016-08-04 20:05:13,580 INFO [org.junit.Test] zero00971
2016-08-04 20:05:13,580 INFO [org.junit.Test] zero00972
2016-08-04 20:05:13,580 INFO [org.junit.Test] zero00973
2016-08-04 20:05:13,580 INFO [org.junit.Test] zero00974
2016-08-04 20:05:13,580 INFO [org.junit.Test] zero00975
2016-08-04 20:05:13,580 INFO [org.junit.Test] zero00976
2016-08-04 20:05:13,580 INFO [org.junit.Test] zero00977
2016-08-04 20:05:13,580 INFO [org.junit.Test] zero00978
2016-08-04 20:05:13,580 INFO [org.junit.Test] zero00979
2016-08-04 20:05:13,580 INFO [org.junit.Test] zero00980
2016-08-04 20:05:13,580 INFO [org.junit.Test] zero00981
2016-08-04 20:05:13,580 INFO [org.junit.Test] zero00982
2016-08-04 20:05:13,580 INFO [org.junit.Test] zero00983
2016-08-04 20:05:13,580 INFO [org.junit.Test] zero00984
2016-08-04 20:05:13,580 INFO [org.junit.Test] zero00985
2016-08-04 20:05:13,580 INFO [org.junit.Test] zero00986
2016-08-04 20:05:13,580 INFO [org.junit.Test] zero00987
2016-08-04 20:05:13,580 INFO [org.junit.Test] zero00988
2016-08-04 20:05:13,580 INFO [org.junit.Test] zero00989
2016-08-04 20:05:13,580 INFO [org.junit.Test] zero00990
2016-08-04 20:05:13,580 INFO [org.junit.Test] zero00991
2016-08-04 20:05:13,580 INFO [org.junit.Test] zero00992
2016-08-04 20:05:13,580 INFO [org.junit.Test] zero00993
2016-08-04 20:05:13,580 INFO [org.junit.Test] zero00994
2016-08-04 20:05:13,580 INFO [org.junit.Test] zero00995
2016-08-04 20:05:13,580 INFO [org.junit.Test] zero00996
2016-08-04 20:05:13,580 INFO [org.junit.Test] zero00997
2016-08-04 20:05:13,580 INFO [org.junit.Test] zero00998
2016-08-04 20:05:13,580 INFO [org.junit.Test] zero00999
2016-08-04 20:05:16,581 INFO [org.junit.Test] zero000
2016-08-04 20:05:16,581 INFO [org.junit.Test] zero001
2016-08-04 20:05:16,581 INFO [org.junit.Test] zero002
2016-08-04 20:05:16,581 INFO [org.junit.Test] zero003
2016-08-04 20:05:16,581 INFO [org.junit.Test] zero004
2016-08-04 20:05:16,581 INFO [org.junit.Test] zero005
2016-08-04 20:05:16,581 INFO [org.junit.Test] zero006
2016-08-04 20:05:16,581 INFO [org.junit.Test] zero007
2016-08-04 20:05:16,581 INFO [org.junit.Test] zero008
2016-08-04 20:05:16,581 INFO [org.junit.Test] zero009
2016-08-04 20:05:16,581 INFO [org.junit.Test] zero0010
2016-08-04 20:05:16,581 INFO [org.junit.Test] zero0011
2016-08-04 20:05:16,581 INFO [org.junit.Test] zero0012
2016-08-04 20:05:16,581 INFO [org.junit.Test] zero0013
2016-08-04 20:05:16,581 INFO [org.junit.Test] zero0014
2016-08-04 20:05:16,581 INFO [org.junit.Test] zero0015
2016-08-04 20:05:16,581 INFO [org.junit.Test] zero0016
2016-08-04 20:05:16,581 INFO [org.junit.Test] zero0017
2016-08-04 20:05:16,581 INFO [org.junit.Test] zero0018
2016-08-04 20:05:16,581 INFO [org.junit.Test] zero0019
2016-08-04 20:05:16,581 INFO [org.junit.Test] zero0020
2016-08-04 20:05:16,581 INFO [org.junit.Test] zero0021
2016-08-04 20:05:16,581 INFO [org.junit.Test] zero0022
2016-08-04 20:05:16,581 INFO [org.junit.Test] zero0023
2016-08-04 20:05:16,581 INFO [org.junit.Test] zero0024
2016-08-04 20:05:16,581 INFO [org.junit.Test] zero0025
2016-08-04 20:05:16,581 INFO [org.junit.Test] zero0026
2016-08-04 20:05:16,581 INFO [org.junit.Test] zero0027
2016-08-04 20:05:16,581 INFO [org.junit.Test] zero0028
2016-08-04 20:05:16,581 INFO [org.junit.Test] zero0029
2016-08-04 20:05:16,581 INFO [org.junit.Test] zero0030
2016-08-04 20:05:16,581 INFO [org.junit.Test] zero0031
2016-08-04 20:05:16,581 INFO [org.junit.Test] zero0032
2016-08-04 20:05:16,581 INFO [org.junit.Test] zero0033
2016-08-04 20:05:16,581 INFO [org.junit.Test] zero0034
2016-08-04 20:05:16,581 INFO [org.junit.Test] zero0035
2016-08-04 20:05:16,581 INFO [org.junit.Test] zero0036
2016-08-04 20:05:16,581 INFO [org.junit.Test] zero0037
2016-08-04 20:05:16,581 INFO [org.junit.Test] zero0038
2016-08-04 20:05:16,581 INFO [org.junit.Test] zero0039
2016-08-04 20:05:16,581 INFO [org.junit.Test] zero0040
2016-08-04 20:05:16,581 INFO [org.junit.Test] zero0041
2016-08-04 20:05:16,581 INFO [org.junit.Test] zero0042
2016-08-04 20:05:16,581 INFO [org.junit.Test] zero0043
2016-08-04 20:05:16,581 INFO [org.junit.Test] zero0044
2016-08-04 20:05:16,581 INFO [org.junit.Test] zero0045
2016-08-04 20:05:16,581 INFO [org.junit.Test] zero0046
2016-08-04 20:05:16,581 INFO [org.junit.Test] zero0047
2016-08-04 20:05:16,581 INFO [org.junit.Test] zero0048
2016-08-04 20:05:16,581 INFO [org.junit.Test] zero0049
2016-08-04 20:05:16,581 INFO [org.junit.Test] zero0050
2016-08-04 20:05:16,581 INFO [org.junit.Test] zero0051
2016-08-04 20:05:16,581 INFO [org.junit.Test] zero0052
2016-08-04 20:05:16,581 INFO [org.junit.Test] zero0053
2016-08-04 20:05:16,581 INFO [org.junit.Test] zero0054
2016-08-04 20:05:16,581 INFO [org.junit.Test] zero0055
2016-08-04 20:05:16,581 INFO [org.junit.Test] zero0056
2016-08-04 20:05:16,581 INFO [org.junit.Test] zero0057
2016-08-04 20:05:16,581 INFO [org.junit.Test] zero0058
2016-08-04 20:05:16,581 INFO [org.junit.Test] zero0059
2016-08-04 20:05:16,581 INFO [org.junit.Test] zero0060
2016-08-04 20:05:16,581 INFO [org.junit.Test] zero0061
2016-08-04 20:05:16,581 INFO [org.junit.Test] zero0062
2016-08-04 20:05:16,581 INFO [org.junit.Test] zero0063
2016-08-04 20:05:16,581 INFO [org.junit.Test] zero0064
2016-08-04 20:05:16,581 INFO [org.junit.Test] zero0065
2016-08-04 20:05:16,581 INFO [org.junit.Test] zero0066
2016-08-04 20:05:16,581 INFO [org.junit.Test] zero0067
2016-08-04 20:05:16,581 INFO [org.junit.Test] zero0068
2016-08-04 20:05:16,581 INFO [org.junit.Test] zero0069
2016-08-04 20:05:16,581 INFO [org.junit.Test] zero0070
2016-08-04 20:05:16,581 INFO [org.junit.Test] zero0071
2016-08-04 20:05:16,581 INFO [org.junit.Test] zero0072
2016-08-04 20:05:16,581 INFO [org.junit.Test] zero0073
2016-08-04 20:05:16,581 INFO [org.junit.Test] zero0074
2016-08-04 20:05:16,581 INFO [org.junit.Test] zero0075
2016-08-04 20:05:16,581 INFO [org.junit.Test] zero0076
2016-08-04 20:05:16,581 INFO [org.junit.Test] zero0077
2016-08-04 20:05:16,581 INFO [org.junit.Test] zero0078
2016-08-04 20:05:16,581 INFO [org.junit.Test] zero0079
2016-08-04 20:05:16,581 INFO [org.junit.Test] zero0080
2016-08-04 20:05:16,581 INFO [org.junit.Test] zero0081
2016-08-04 20:05:16,581 INFO [org.junit.Test] zero0082
2016-08-04 20:05:16,581 INFO [org.junit.Test] zero0083
2016-08-04 20:05:16,581 INFO [org.junit.Test] zero0084
2016-08-04 20:05:16,581 INFO [org.junit.Test] zero0085
2016-08-04 20:05:16,581 INFO [org.junit.Test] zero0086
2016-08-04 20:05:16,581 INFO [org.junit.Test] zero0087
2016-08-04 20:05:16,581 INFO [org.junit.Test] zero0088
2016-08-04 20:05:16,581 INFO [org.junit.Test] zero0089
2016-08-04 20:05:16,581 INFO [org.junit.Test] zero0090
2016-08-04 20:05:16,581 INFO [org.junit.Test] zero0091
2016-08-04 20:05:16,581 INFO [org.junit.Test] zero0092
2016-08-04 20:05:16,581 INFO [org.junit.Test] zero0093
2016-08-04 20:05:16,581 INFO [org.junit.Test] zero0094
2016-08-04 20:05:16,581 INFO [org.junit.Test] zero0095
2016-08-04 20:05:16,581 INFO [org.junit.Test] zero0096
2016-08-04 20:05:16,581 INFO [org.junit.Test] zero0097
2016-08-04 20:05:16,581 INFO [org.junit.Test] zero0098
2016-08-04 20:05:16,581 INFO [org.junit.Test] zero0099
2016-08-04 20:05:16,581 INFO [org.junit.Test] zero00100
2016-08-04 20:05:16,581 INFO [org.junit.Test] zero00101
2016-08-04 20:05:16,581 INFO [org.junit.Test] zero00102
2016-08-04 20:05:16,581 INFO [org.junit.Test] zero00103
2016-08-04 20:05:16,581 INFO [org.junit.Test] zero00104
2016-08-04 20:05:16,581 INFO [org.junit.Test] zero00105
2016-08-04 20:05:16,581 INFO [org.junit.Test] zero00106
2016-08-04 20:05:16,581 INFO [org.junit.Test] zero00107
2016-08-04 20:05:16,581 INFO [org.junit.Test] zero00108
2016-08-04 20:05:16,581 INFO [org.junit.Test] zero00109
2016-08-04 20:05:16,581 INFO [org.junit.Test] zero00110
2016-08-04 20:05:16,581 INFO [org.junit.Test] zero00111
2016-08-04 20:05:16,581 INFO [org.junit.Test] zero00112
2016-08-04 20:05:16,581 INFO [org.junit.Test] zero00113
2016-08-04 20:05:16,581 INFO [org.junit.Test] zero00114
2016-08-04 20:05:16,581 INFO [org.junit.Test] zero00115
2016-08-04 20:05:16,581 INFO [org.junit.Test] zero00116
2016-08-04 20:05:16,581 INFO [org.junit.Test] zero00117
2016-08-04 20:05:16,581 INFO [org.junit.Test] zero00118
2016-08-04 20:05:16,581 INFO [org.junit.Test] zero00119
2016-08-04 20:05:16,581 INFO [org.junit.Test] zero00120
2016-08-04 20:05:16,581 INFO [org.junit.Test] zero00121
2016-08-04 20:05:16,581 INFO [org.junit.Test] zero00122
2016-08-04 20:05:16,581 INFO [org.junit.Test] zero00123
2016-08-04 20:05:16,581 INFO [org.junit.Test] zero00124
2016-08-04 20:05:16,581 INFO [org.junit.Test] zero00125
2016-08-04 20:05:16,581 INFO [org.junit.Test] zero00126
2016-08-04 20:05:16,581 INFO [org.junit.Test] zero00127
2016-08-04 20:05:16,581 INFO [org.junit.Test] zero00128
2016-08-04 20:05:16,581 INFO [org.junit.Test] zero00129
2016-08-04 20:05:16,581 INFO [org.junit.Test] zero00130
2016-08-04 20:05:16,581 INFO [org.junit.Test] zero00131
2016-08-04 20:05:16,581 INFO [org.junit.Test] zero00132
2016-08-04 20:05:16,581 INFO [org.junit.Test] zero00133
2016-08-04 20:05:16,581 INFO [org.junit.Test] zero00134
2016-08-04 20:05:16,581 INFO [org.junit.Test] zero00135
2016-08-04 20:05:16,581 INFO [org.junit.Test] zero00136
2016-08-04 20:05:16,581 INFO [org.junit.Test] zero00137
2016-08-04 20:05:16,581 INFO [org.junit.Test] zero00138
2016-08-04 20:05:16,581 INFO [org.junit.Test] zero00139
2016-08-04 20:05:16,581 INFO [org.junit.Test] zero00140
2016-08-04 20:05:16,581 INFO [org.junit.Test] zero00141
2016-08-04 20:05:16,581 INFO [org.junit.Test] zero00142
2016-08-04 20:05:16,581 INFO [org.junit.Test] zero00143
2016-08-04 20:05:16,581 INFO [org.junit.Test] zero00144
2016-08-04 20:05:16,581 INFO [org.junit.Test] zero00145
2016-08-04 20:05:16,581 INFO [org.junit.Test] zero00146
2016-08-04 20:05:16,581 INFO [org.junit.Test] zero00147
2016-08-04 20:05:16,581 INFO [org.junit.Test] zero00148
2016-08-04 20:05:16,581 INFO [org.junit.Test] zero00149
2016-08-04 20:05:16,581 INFO [org.junit.Test] zero00150
2016-08-04 20:05:16,581 INFO [org.junit.Test] zero00151
2016-08-04 20:05:16,581 INFO [org.junit.Test] zero00152
2016-08-04 20:05:16,581 INFO [org.junit.Test] zero00153
2016-08-04 20:05:16,581 INFO [org.junit.Test] zero00154
2016-08-04 20:05:16,581 INFO [org.junit.Test] zero00155
2016-08-04 20:05:16,581 INFO [org.junit.Test] zero00156
2016-08-04 20:05:16,581 INFO [org.junit.Test] zero00157
2016-08-04 20:05:16,581 INFO [org.junit.Test] zero00158
2016-08-04 20:05:16,581 INFO [org.junit.Test] zero00159
2016-08-04 20:05:16,581 INFO [org.junit.Test] zero00160
2016-08-04 20:05:16,581 INFO [org.junit.Test] zero00161
2016-08-04 20:05:16,581 INFO [org.junit.Test] zero00162
2016-08-04 20:05:16,581 INFO [org.junit.Test] zero00163
2016-08-04 20:05:16,581 INFO [org.junit.Test] zero00164
2016-08-04 20:05:16,581 INFO [org.junit.Test] zero00165
2016-08-04 20:05:16,581 INFO [org.junit.Test] zero00166
2016-08-04 20:05:16,581 INFO [org.junit.Test] zero00167
2016-08-04 20:05:16,581 INFO [org.junit.Test] zero00168
2016-08-04 20:05:16,581 INFO [org.junit.Test] zero00169
2016-08-04 20:05:16,581 INFO [org.junit.Test] zero00170
2016-08-04 20:05:16,581 INFO [org.junit.Test] zero00171
2016-08-04 20:05:16,581 INFO [org.junit.Test] zero00172
2016-08-04 20:05:16,581 INFO [org.junit.Test] zero00173
2016-08-04 20:05:16,581 INFO [org.junit.Test] zero00174
2016-08-04 20:05:16,581 INFO [org.junit.Test] zero00175
2016-08-04 20:05:16,581 INFO [org.junit.Test] zero00176
2016-08-04 20:05:16,581 INFO [org.junit.Test] zero00177
2016-08-04 20:05:16,581 INFO [org.junit.Test] zero00178
2016-08-04 20:05:16,581 INFO [org.junit.Test] zero00179
2016-08-04 20:05:16,581 INFO [org.junit.Test] zero00180
2016-08-04 20:05:16,581 INFO [org.junit.Test] zero00181
2016-08-04 20:05:16,581 INFO [org.junit.Test] zero00182
2016-08-04 20:05:16,581 INFO [org.junit.Test] zero00183
2016-08-04 20:05:16,581 INFO [org.junit.Test] zero00184
2016-08-04 20:05:16,581 INFO [org.junit.Test] zero00185
2016-08-04 20:05:16,581 INFO [org.junit.Test] zero00186
2016-08-04 20:05:16,581 INFO [org.junit.Test] zero00187
2016-08-04 20:05:16,581 INFO [org.junit.Test] zero00188
2016-08-04 20:05:16,581 INFO [org.junit.Test] zero00189
2016-08-04 20:05:16,581 INFO [org.junit.Test] zero00190
2016-08-04 20:05:16,581 INFO [org.junit.Test] zero00191
2016-08-04 20:05:16,581 INFO [org.junit.Test] zero00192
2016-08-04 20:05:16,581 INFO [org.junit.Test] zero00193
2016-08-04 20:05:16,581 INFO [org.junit.Test] zero00194
2016-08-04 20:05:16,581 INFO [org.junit.Test] zero00195
2016-08-04 20:05:16,581 INFO [org.junit.Test] zero00196
2016-08-04 20:05:16,581 INFO [org.junit.Test] zero00197
2016-08-04 20:05:16,581 INFO [org.junit.Test] zero00198
2016-08-04 20:05:16,581 INFO [org.junit.Test] zero00199
2016-08-04 20:05:16,581 INFO [org.junit.Test] zero00200
2016-08-04 20:05:16,581 INFO [org.junit.Test] zero00201
2016-08-04 20:05:16,581 INFO [org.junit.Test] zero00202
2016-08-04 20:05:16,581 INFO [org.junit.Test] zero00203
2016-08-04 20:05:16,581 INFO [org.junit.Test] zero00204
2016-08-04 20:05:16,581 INFO [org.junit.Test] zero00205
2016-08-04 20:05:16,581 INFO [org.junit.Test] zero00206
2016-08-04 20:05:16,581 INFO [org.junit.Test] zero00207
2016-08-04 20:05:16,581 INFO [org.junit.Test] zero00208
2016-08-04 20:05:16,581 INFO [org.junit.Test] zero00209
2016-08-04 20:05:16,581 INFO [org.junit.Test] zero00210
2016-08-04 20:05:16,581 INFO [org.junit.Test] zero00211
2016-08-04 20:05:16,581 INFO [org.junit.Test] zero00212
2016-08-04 20:05:16,581 INFO [org.junit.Test] zero00213
2016-08-04 20:05:16,581 INFO [org.junit.Test] zero00214
2016-08-04 20:05:16,581 INFO [org.junit.Test] zero00215
2016-08-04 20:05:16,581 INFO [org.junit.Test] zero00216
2016-08-04 20:05:16,581 INFO [org.junit.Test] zero00217
2016-08-04 20:05:16,581 INFO [org.junit.Test] zero00218
2016-08-04 20:05:16,581 INFO [org.junit.Test] zero00219
2016-08-04 20:05:16,581 INFO [org.junit.Test] zero00220
2016-08-04 20:05:16,581 INFO [org.junit.Test] zero00221
2016-08-04 20:05:16,581 INFO [org.junit.Test] zero00222
2016-08-04 20:05:16,581 INFO [org.junit.Test] zero00223
2016-08-04 20:05:16,581 INFO [org.junit.Test] zero00224
2016-08-04 20:05:16,581 INFO [org.junit.Test] zero00225
2016-08-04 20:05:16,581 INFO [org.junit.Test] zero00226
2016-08-04 20:05:16,581 INFO [org.junit.Test] zero00227
2016-08-04 20:05:16,581 INFO [org.junit.Test] zero00228
2016-08-04 20:05:16,581 INFO [org.junit.Test] zero00229
2016-08-04 20:05:16,581 INFO [org.junit.Test] zero00230
2016-08-04 20:05:16,581 INFO [org.junit.Test] zero00231
2016-08-04 20:05:16,581 INFO [org.junit.Test] zero00232
2016-08-04 20:05:16,581 INFO [org.junit.Test] zero00233
2016-08-04 20:05:16,581 INFO [org.junit.Test] zero00234
2016-08-04 20:05:16,581 INFO [org.junit.Test] zero00235
2016-08-04 20:05:16,581 INFO [org.junit.Test] zero00236
2016-08-04 20:05:16,581 INFO [org.junit.Test] zero00237
2016-08-04 20:05:16,581 INFO [org.junit.Test] zero00238
2016-08-04 20:05:16,581 INFO [org.junit.Test] zero00239
2016-08-04 20:05:16,581 INFO [org.junit.Test] zero00240
2016-08-04 20:05:16,581 INFO [org.junit.Test] zero00241
2016-08-04 20:05:16,581 INFO [org.junit.Test] zero00242
2016-08-04 20:05:16,581 INFO [org.junit.Test] zero00243
2016-08-04 20:05:16,581 INFO [org.junit.Test] zero00244
2016-08-04 20:05:16,581 INFO [org.junit.Test] zero00245
2016-08-04 20:05:16,581 INFO [org.junit.Test] zero00246
2016-08-04 20:05:16,581 INFO [org.junit.Test] zero00247
2016-08-04 20:05:16,581 INFO [org.junit.Test] zero00248
2016-08-04 20:05:16,581 INFO [org.junit.Test] zero00249
2016-08-04 20:05:16,581 INFO [org.junit.Test] zero00250
2016-08-04 20:05:16,581 INFO [org.junit.Test] zero00251
2016-08-04 20:05:16,581 INFO [org.junit.Test] zero00252
2016-08-04 20:05:16,581 INFO [org.junit.Test] zero00253
2016-08-04 20:05:16,581 INFO [org.junit.Test] zero00254
2016-08-04 20:05:16,581 INFO [org.junit.Test] zero00255
2016-08-04 20:05:16,581 INFO [org.junit.Test] zero00256
2016-08-04 20:05:16,581 INFO [org.junit.Test] zero00257
2016-08-04 20:05:16,581 INFO [org.junit.Test] zero00258
2016-08-04 20:05:16,581 INFO [org.junit.Test] zero00259
2016-08-04 20:05:16,581 INFO [org.junit.Test] zero00260
2016-08-04 20:05:16,581 INFO [org.junit.Test] zero00261
2016-08-04 20:05:16,581 INFO [org.junit.Test] zero00262
2016-08-04 20:05:16,581 INFO [org.junit.Test] zero00263
2016-08-04 20:05:16,581 INFO [org.junit.Test] zero00264
2016-08-04 20:05:16,581 INFO [org.junit.Test] zero00265
2016-08-04 20:05:16,581 INFO [org.junit.Test] zero00266
2016-08-04 20:05:16,581 INFO [org.junit.Test] zero00267
2016-08-04 20:05:16,581 INFO [org.junit.Test] zero00268
2016-08-04 20:05:16,581 INFO [org.junit.Test] zero00269
2016-08-04 20:05:16,581 INFO [org.junit.Test] zero00270
2016-08-04 20:05:16,581 INFO [org.junit.Test] zero00271
2016-08-04 20:05:16,581 INFO [org.junit.Test] zero00272
2016-08-04 20:05:16,581 INFO [org.junit.Test] zero00273
2016-08-04 20:05:16,581 INFO [org.junit.Test] zero00274
2016-08-04 20:05:16,581 INFO [org.junit.Test] zero00275
2016-08-04 20:05:16,581 INFO [org.junit.Test] zero00276
2016-08-04 20:05:16,581 INFO [org.junit.Test] zero00277
2016-08-04 20:05:16,581 INFO [org.junit.Test] zero00278
2016-08-04 20:05:16,581 INFO [org.junit.Test] zero00279
2016-08-04 20:05:16,581 INFO [org.junit.Test] zero00280
2016-08-04 20:05:16,581 INFO [org.junit.Test] zero00281
2016-08-04 20:05:16,581 INFO [org.junit.Test] zero00282
2016-08-04 20:05:16,581 INFO [org.junit.Test] zero00283
2016-08-04 20:05:16,581 INFO [org.junit.Test] zero00284
2016-08-04 20:05:16,581 INFO [org.junit.Test] zero00285
2016-08-04 20:05:16,581 INFO [org.junit.Test] zero00286
2016-08-04 20:05:16,581 INFO [org.junit.Test] zero00287
2016-08-04 20:05:16,581 INFO [org.junit.Test] zero00288
2016-08-04 20:05:16,581 INFO [org.junit.Test] zero00289
2016-08-04 20:05:16,581 INFO [org.junit.Test] zero00290
2016-08-04 20:05:16,581 INFO [org.junit.Test] zero00291
2016-08-04 20:05:16,581 INFO [org.junit.Test] zero00292
2016-08-04 20:05:16,581 INFO [org.junit.Test] zero00293
2016-08-04 20:05:16,581 INFO [org.junit.Test] zero00294
2016-08-04 20:05:16,581 INFO [org.junit.Test] zero00295
2016-08-04 20:05:16,581 INFO [org.junit.Test] zero00296
2016-08-04 20:05:16,581 INFO [org.junit.Test] zero00297
2016-08-04 20:05:16,581 INFO [org.junit.Test] zero00298
2016-08-04 20:05:16,581 INFO [org.junit.Test] zero00299
2016-08-04 20:05:16,581 INFO [org.junit.Test] zero00300
2016-08-04 20:05:16,581 INFO [org.junit.Test] zero00301
2016-08-04 20:05:16,581 INFO [org.junit.Test] zero00302
2016-08-04 20:05:16,581 INFO [org.junit.Test] zero00303
2016-08-04 20:05:16,581 INFO [org.junit.Test] zero00304
2016-08-04 20:05:16,581 INFO [org.junit.Test] zero00305
2016-08-04 20:05:16,581 INFO [org.junit.Test] zero00306
2016-08-04 20:05:16,581 INFO [org.junit.Test] zero00307
2016-08-04 20:05:16,581 INFO [org.junit.Test] zero00308
2016-08-04 20:05:16,581 INFO [org.junit.Test] zero00309
2016-08-04 20:05:16,581 INFO [org.junit.Test] zero00310
2016-08-04 20:05:16,581 INFO [org.junit.Test] zero00311
2016-08-04 20:05:16,581 INFO [org.junit.Test] zero00312
2016-08-04 20:05:16,581 INFO [org.junit.Test] zero00313
2016-08-04 20:05:16,581 INFO [org.junit.Test] zero00314
2016-08-04 20:05:16,581 INFO [org.junit.Test] zero00315
2016-08-04 20:05:16,581 INFO [org.junit.Test] zero00316
2016-08-04 20:05:16,581 INFO [org.junit.Test] zero00317
2016-08-04 20:05:16,581 INFO [org.junit.Test] zero00318
2016-08-04 20:05:16,581 INFO [org.junit.Test] zero00319
2016-08-04 20:05:16,581 INFO [org.junit.Test] zero00320
2016-08-04 20:05:16,581 INFO [org.junit.Test] zero00321
2016-08-04 20:05:16,581 INFO [org.junit.Test] zero00322
2016-08-04 20:05:16,581 INFO [org.junit.Test] zero00323
2016-08-04 20:05:16,581 INFO [org.junit.Test] zero00324
2016-08-04 20:05:16,581 INFO [org.junit.Test] zero00325
2016-08-04 20:05:16,581 INFO [org.junit.Test] zero00326
2016-08-04 20:05:16,581 INFO [org.junit.Test] zero00327
2016-08-04 20:05:16,581 INFO [org.junit.Test] zero00328
2016-08-04 20:05:16,581 INFO [org.junit.Test] zero00329
2016-08-04 20:05:16,581 INFO [org.junit.Test] zero00330
2016-08-04 20:05:16,581 INFO [org.junit.Test] zero00331
2016-08-04 20:05:16,581 INFO [org.junit.Test] zero00332
2016-08-04 20:05:16,581 INFO [org.junit.Test] zero00333
2016-08-04 20:05:16,581 INFO [org.junit.Test] zero00334
2016-08-04 20:05:16,581 INFO [org.junit.Test] zero00335
2016-08-04 20:05:16,581 INFO [org.junit.Test] zero00336
2016-08-04 20:05:16,581 INFO [org.junit.Test] zero00337
2016-08-04 20:05:16,581 INFO [org.junit.Test] zero00338
2016-08-04 20:05:16,581 INFO [org.junit.Test] zero00339
2016-08-04 20:05:16,581 INFO [org.junit.Test] zero00340
2016-08-04 20:05:16,581 INFO [org.junit.Test] zero00341
2016-08-04 20:05:16,581 INFO [org.junit.Test] zero00342
2016-08-04 20:05:16,581 INFO [org.junit.Test] zero00343
2016-08-04 20:05:16,581 INFO [org.junit.Test] zero00344
2016-08-04 20:05:16,581 INFO [org.junit.Test] zero00345
2016-08-04 20:05:16,581 INFO [org.junit.Test] zero00346
2016-08-04 20:05:16,581 INFO [org.junit.Test] zero00347
2016-08-04 20:05:16,581 INFO [org.junit.Test] zero00348
2016-08-04 20:05:16,581 INFO [org.junit.Test] zero00349
2016-08-04 20:05:16,581 INFO [org.junit.Test] zero00350
2016-08-04 20:05:16,581 INFO [org.junit.Test] zero00351
2016-08-04 20:05:16,581 INFO [org.junit.Test] zero00352
2016-08-04 20:05:16,581 INFO [org.junit.Test] zero00353
2016-08-04 20:05:16,581 INFO [org.junit.Test] zero00354
2016-08-04 20:05:16,581 INFO [org.junit.Test] zero00355
2016-08-04 20:05:16,581 INFO [org.junit.Test] zero00356
2016-08-04 20:05:16,581 INFO [org.junit.Test] zero00357
2016-08-04 20:05:16,581 INFO [org.junit.Test] zero00358
2016-08-04 20:05:16,581 INFO [org.junit.Test] zero00359
2016-08-04 20:05:16,581 INFO [org.junit.Test] zero00360
2016-08-04 20:05:16,581 INFO [org.junit.Test] zero00361
2016-08-04 20:05:16,581 INFO [org.junit.Test] zero00362
2016-08-04 20:05:16,581 INFO [org.junit.Test] zero00363
2016-08-04 20:05:16,581 INFO [org.junit.Test] zero00364
2016-08-04 20:05:16,581 INFO [org.junit.Test] zero00365
2016-08-04 20:05:16,581 INFO [org.junit.Test] zero00366
2016-08-04 20:05:16,581 INFO [org.junit.Test] zero00367
2016-08-04 20:05:16,581 INFO [org.junit.Test] zero00368
2016-08-04 20:05:16,581 INFO [org.junit.Test] zero00369
2016-08-04 20:05:16,581 INFO [org.junit.Test] zero00370
2016-08-04 20:05:16,581 INFO [org.junit.Test] zero00371
2016-08-04 20:05:16,581 INFO [org.junit.Test] zero00372
2016-08-04 20:05:16,581 INFO [org.junit.Test] zero00373
2016-08-04 20:05:16,581 INFO [org.junit.Test] zero00374
2016-08-04 20:05:16,581 INFO [org.junit.Test] zero00375
2016-08-04 20:05:16,581 INFO [org.junit.Test] zero00376
2016-08-04 20:05:16,581 INFO [org.junit.Test] zero00377
2016-08-04 20:05:16,581 INFO [org.junit.Test] zero00378
2016-08-04 20:05:16,581 INFO [org.junit.Test] zero00379
2016-08-04 20:05:16,581 INFO [org.junit.Test] zero00380
2016-08-04 20:05:16,581 INFO [org.junit.Test] zero00381
2016-08-04 20:05:16,581 INFO [org.junit.Test] zero00382
2016-08-04 20:05:16,581 INFO [org.junit.Test] zero00383
2016-08-04 20:05:16,581 INFO [org.junit.Test] zero00384
2016-08-04 20:05:16,581 INFO [org.junit.Test] zero00385
2016-08-04 20:05:16,581 INFO [org.junit.Test] zero00386
2016-08-04 20:05:16,581 INFO [org.junit.Test] zero00387
2016-08-04 20:05:16,582 INFO [org.junit.Test] zero00388
2016-08-04 20:05:16,582 INFO [org.junit.Test] zero00389
2016-08-04 20:05:16,582 INFO [org.junit.Test] zero00390
2016-08-04 20:05:16,582 INFO [org.junit.Test] zero00391
2016-08-04 20:05:16,582 INFO [org.junit.Test] zero00392
2016-08-04 20:05:16,582 INFO [org.junit.Test] zero00393
2016-08-04 20:05:16,582 INFO [org.junit.Test] zero00394
2016-08-04 20:05:16,582 INFO [org.junit.Test] zero00395
2016-08-04 20:05:16,582 INFO [org.junit.Test] zero00396
2016-08-04 20:05:16,582 INFO [org.junit.Test] zero00397
2016-08-04 20:05:16,582 INFO [org.junit.Test] zero00398
2016-08-04 20:05:16,582 INFO [org.junit.Test] zero00399
2016-08-04 20:05:16,582 INFO [org.junit.Test] zero00400
2016-08-04 20:05:16,582 INFO [org.junit.Test] zero00401
2016-08-04 20:05:16,582 INFO [org.junit.Test] zero00402
2016-08-04 20:05:16,582 INFO [org.junit.Test] zero00403
2016-08-04 20:05:16,582 INFO [org.junit.Test] zero00404
2016-08-04 20:05:16,582 INFO [org.junit.Test] zero00405
2016-08-04 20:05:16,582 INFO [org.junit.Test] zero00406
2016-08-04 20:05:16,582 INFO [org.junit.Test] zero00407
2016-08-04 20:05:16,582 INFO [org.junit.Test] zero00408
2016-08-04 20:05:16,582 INFO [org.junit.Test] zero00409
2016-08-04 20:05:16,582 INFO [org.junit.Test] zero00410
2016-08-04 20:05:16,582 INFO [org.junit.Test] zero00411
2016-08-04 20:05:16,582 INFO [org.junit.Test] zero00412
2016-08-04 20:05:16,582 INFO [org.junit.Test] zero00413
2016-08-04 20:05:16,582 INFO [org.junit.Test] zero00414
2016-08-04 20:05:16,582 INFO [org.junit.Test] zero00415
2016-08-04 20:05:16,582 INFO [org.junit.Test] zero00416
2016-08-04 20:05:16,582 INFO [org.junit.Test] zero00417
2016-08-04 20:05:16,582 INFO [org.junit.Test] zero00418
2016-08-04 20:05:16,582 INFO [org.junit.Test] zero00419
2016-08-04 20:05:16,582 INFO [org.junit.Test] zero00420
2016-08-04 20:05:16,582 INFO [org.junit.Test] zero00421
2016-08-04 20:05:16,582 INFO [org.junit.Test] zero00422
2016-08-04 20:05:16,582 INFO [org.junit.Test] zero00423
2016-08-04 20:05:16,582 INFO [org.junit.Test] zero00424
2016-08-04 20:05:16,582 INFO [org.junit.Test] zero00425
2016-08-04 20:05:16,582 INFO [org.junit.Test] zero00426
2016-08-04 20:05:16,582 INFO [org.junit.Test] zero00427
2016-08-04 20:05:16,582 INFO [org.junit.Test] zero00428
2016-08-04 20:05:16,582 INFO [org.junit.Test] zero00429
2016-08-04 20:05:16,582 INFO [org.junit.Test] zero00430
2016-08-04 20:05:16,582 INFO [org.junit.Test] zero00431
2016-08-04 20:05:16,582 INFO [org.junit.Test] zero00432
2016-08-04 20:05:16,582 INFO [org.junit.Test] zero00433
2016-08-04 20:05:16,582 INFO [org.junit.Test] zero00434
2016-08-04 20:05:16,582 INFO [org.junit.Test] zero00435
2016-08-04 20:05:16,582 INFO [org.junit.Test] zero00436
2016-08-04 20:05:16,582 INFO [org.junit.Test] zero00437
2016-08-04 20:05:16,582 INFO [org.junit.Test] zero00438
2016-08-04 20:05:16,582 INFO [org.junit.Test] zero00439
2016-08-04 20:05:16,582 INFO [org.junit.Test] zero00440
2016-08-04 20:05:16,582 INFO [org.junit.Test] zero00441
2016-08-04 20:05:16,582 INFO [org.junit.Test] zero00442
2016-08-04 20:05:16,582 INFO [org.junit.Test] zero00443
2016-08-04 20:05:16,582 INFO [org.junit.Test] zero00444
2016-08-04 20:05:16,582 INFO [org.junit.Test] zero00445
2016-08-04 20:05:16,582 INFO [org.junit.Test] zero00446
2016-08-04 20:05:16,582 INFO [org.junit.Test] zero00447
2016-08-04 20:05:16,582 INFO [org.junit.Test] zero00448
2016-08-04 20:05:16,582 INFO [org.junit.Test] zero00449
2016-08-04 20:05:16,582 INFO [org.junit.Test] zero00450
2016-08-04 20:05:16,582 INFO [org.junit.Test] zero00451
2016-08-04 20:05:16,582 INFO [org.junit.Test] zero00452
2016-08-04 20:05:16,582 INFO [org.junit.Test] zero00453
2016-08-04 20:05:16,582 INFO [org.junit.Test] zero00454
2016-08-04 20:05:16,582 INFO [org.junit.Test] zero00455
2016-08-04 20:05:16,582 INFO [org.junit.Test] zero00456
2016-08-04 20:05:16,582 INFO [org.junit.Test] zero00457
2016-08-04 20:05:16,582 INFO [org.junit.Test] zero00458
2016-08-04 20:05:16,582 INFO [org.junit.Test] zero00459
2016-08-04 20:05:16,582 INFO [org.junit.Test] zero00460
2016-08-04 20:05:16,582 INFO [org.junit.Test] zero00461
2016-08-04 20:05:16,582 INFO [org.junit.Test] zero00462
2016-08-04 20:05:16,582 INFO [org.junit.Test] zero00463
2016-08-04 20:05:16,582 INFO [org.junit.Test] zero00464
2016-08-04 20:05:16,582 INFO [org.junit.Test] zero00465
2016-08-04 20:05:16,582 INFO [org.junit.Test] zero00466
2016-08-04 20:05:16,582 INFO [org.junit.Test] zero00467
2016-08-04 20:05:16,582 INFO [org.junit.Test] zero00468
2016-08-04 20:05:16,582 INFO [org.junit.Test] zero00469
2016-08-04 20:05:16,582 INFO [org.junit.Test] zero00470
2016-08-04 20:05:16,582 INFO [org.junit.Test] zero00471
2016-08-04 20:05:16,582 INFO [org.junit.Test] zero00472
2016-08-04 20:05:16,582 INFO [org.junit.Test] zero00473
2016-08-04 20:05:16,582 INFO [org.junit.Test] zero00474
2016-08-04 20:05:16,582 INFO [org.junit.Test] zero00475
2016-08-04 20:05:16,582 INFO [org.junit.Test] zero00476
2016-08-04 20:05:16,582 INFO [org.junit.Test] zero00477
2016-08-04 20:05:16,582 INFO [org.junit.Test] zero00478
2016-08-04 20:05:16,582 INFO [org.junit.Test] zero00479
2016-08-04 20:05:16,582 INFO [org.junit.Test] zero00480
2016-08-04 20:05:16,582 INFO [org.junit.Test] zero00481
2016-08-04 20:05:16,582 INFO [org.junit.Test] zero00482
2016-08-04 20:05:16,582 INFO [org.junit.Test] zero00483
2016-08-04 20:05:16,582 INFO [org.junit.Test] zero00484
2016-08-04 20:05:16,582 INFO [org.junit.Test] zero00485
2016-08-04 20:05:16,582 INFO [org.junit.Test] zero00486
2016-08-04 20:05:16,582 INFO [org.junit.Test] zero00487
2016-08-04 20:05:16,582 INFO [org.junit.Test] zero00488
2016-08-04 20:05:16,582 INFO [org.junit.Test] zero00489
2016-08-04 20:05:16,582 INFO [org.junit.Test] zero00490
2016-08-04 20:05:16,582 INFO [org.junit.Test] zero00491
2016-08-04 20:05:16,582 INFO [org.junit.Test] zero00492
2016-08-04 20:05:16,582 INFO [org.junit.Test] zero00493
2016-08-04 20:05:16,582 INFO [org.junit.Test] zero00494
2016-08-04 20:05:16,582 INFO [org.junit.Test] zero00495
2016-08-04 20:05:16,582 INFO [org.junit.Test] zero00496
2016-08-04 20:05:16,582 INFO [org.junit.Test] zero00497
2016-08-04 20:05:16,582 INFO [org.junit.Test] zero00498
2016-08-04 20:05:16,582 INFO [org.junit.Test] zero00499
2016-08-04 20:05:16,582 INFO [org.junit.Test] zero00500
2016-08-04 20:05:16,582 INFO [org.junit.Test] zero00501
2016-08-04 20:05:16,582 INFO [org.junit.Test] zero00502
2016-08-04 20:05:16,582 INFO [org.junit.Test] zero00503
2016-08-04 20:05:16,582 INFO [org.junit.Test] zero00504
2016-08-04 20:05:16,582 INFO [org.junit.Test] zero00505
2016-08-04 20:05:16,582 INFO [org.junit.Test] zero00506
2016-08-04 20:05:16,582 INFO [org.junit.Test] zero00507
2016-08-04 20:05:16,582 INFO [org.junit.Test] zero00508
2016-08-04 20:05:16,582 INFO [org.junit.Test] zero00509
2016-08-04 20:05:16,582 INFO [org.junit.Test] zero00510
2016-08-04 20:05:16,582 INFO [org.junit.Test] zero00511
2016-08-04 20:05:16,582 INFO [org.junit.Test] zero00512
2016-08-04 20:05:16,582 INFO [org.junit.Test] zero00513
2016-08-04 20:05:16,582 INFO [org.junit.Test] zero00514
2016-08-04 20:05:16,582 INFO [org.junit.Test] zero00515
2016-08-04 20:05:16,582 INFO [org.junit.Test] zero00516
2016-08-04 20:05:16,582 INFO [org.junit.Test] zero00517
2016-08-04 20:05:16,582 INFO [org.junit.Test] zero00518
2016-08-04 20:05:16,582 INFO [org.junit.Test] zero00519
2016-08-04 20:05:16,582 INFO [org.junit.Test] zero00520
2016-08-04 20:05:16,582 INFO [org.junit.Test] zero00521
2016-08-04 20:05:16,582 INFO [org.junit.Test] zero00522
2016-08-04 20:05:16,582 INFO [org.junit.Test] zero00523
2016-08-04 20:05:16,582 INFO [org.junit.Test] zero00524
2016-08-04 20:05:16,582 INFO [org.junit.Test] zero00525
2016-08-04 20:05:16,582 INFO [org.junit.Test] zero00526
2016-08-04 20:05:16,582 INFO [org.junit.Test] zero00527
2016-08-04 20:05:16,582 INFO [org.junit.Test] zero00528
2016-08-04 20:05:16,582 INFO [org.junit.Test] zero00529
2016-08-04 20:05:16,582 INFO [org.junit.Test] zero00530
2016-08-04 20:05:16,582 INFO [org.junit.Test] zero00531
2016-08-04 20:05:16,582 INFO [org.junit.Test] zero00532
2016-08-04 20:05:16,582 INFO [org.junit.Test] zero00533
2016-08-04 20:05:16,582 INFO [org.junit.Test] zero00534
2016-08-04 20:05:16,582 INFO [org.junit.Test] zero00535
2016-08-04 20:05:16,582 INFO [org.junit.Test] zero00536
2016-08-04 20:05:16,582 INFO [org.junit.Test] zero00537
2016-08-04 20:05:16,582 INFO [org.junit.Test] zero00538
2016-08-04 20:05:16,582 INFO [org.junit.Test] zero00539
2016-08-04 20:05:16,582 INFO [org.junit.Test] zero00540
2016-08-04 20:05:16,582 INFO [org.junit.Test] zero00541
2016-08-04 20:05:16,582 INFO [org.junit.Test] zero00542
2016-08-04 20:05:16,582 INFO [org.junit.Test] zero00543
2016-08-04 20:05:16,582 INFO [org.junit.Test] zero00544
2016-08-04 20:05:16,582 INFO [org.junit.Test] zero00545
2016-08-04 20:05:16,582 INFO [org.junit.Test] zero00546
2016-08-04 20:05:16,582 INFO [org.junit.Test] zero00547
2016-08-04 20:05:16,582 INFO [org.junit.Test] zero00548
2016-08-04 20:05:16,582 INFO [org.junit.Test] zero00549
2016-08-04 20:05:16,582 INFO [org.junit.Test] zero00550
2016-08-04 20:05:16,582 INFO [org.junit.Test] zero00551
2016-08-04 20:05:16,582 INFO [org.junit.Test] zero00552
2016-08-04 20:05:16,582 INFO [org.junit.Test] zero00553
2016-08-04 20:05:16,582 INFO [org.junit.Test] zero00554
2016-08-04 20:05:16,582 INFO [org.junit.Test] zero00555
2016-08-04 20:05:16,582 INFO [org.junit.Test] zero00556
2016-08-04 20:05:16,582 INFO [org.junit.Test] zero00557
2016-08-04 20:05:16,582 INFO [org.junit.Test] zero00558
2016-08-04 20:05:16,582 INFO [org.junit.Test] zero00559
2016-08-04 20:05:16,582 INFO [org.junit.Test] zero00560
2016-08-04 20:05:16,582 INFO [org.junit.Test] zero00561
2016-08-04 20:05:16,582 INFO [org.junit.Test] zero00562
2016-08-04 20:05:16,582 INFO [org.junit.Test] zero00563
2016-08-04 20:05:16,582 INFO [org.junit.Test] zero00564
2016-08-04 20:05:16,582 INFO [org.junit.Test] zero00565
2016-08-04 20:05:16,582 INFO [org.junit.Test] zero00566
2016-08-04 20:05:16,582 INFO [org.junit.Test] zero00567
2016-08-04 20:05:16,582 INFO [org.junit.Test] zero00568
2016-08-04 20:05:16,582 INFO [org.junit.Test] zero00569
2016-08-04 20:05:16,582 INFO [org.junit.Test] zero00570
2016-08-04 20:05:16,582 INFO [org.junit.Test] zero00571
2016-08-04 20:05:16,582 INFO [org.junit.Test] zero00572
2016-08-04 20:05:16,582 INFO [org.junit.Test] zero00573
2016-08-04 20:05:16,582 INFO [org.junit.Test] zero00574
2016-08-04 20:05:16,582 INFO [org.junit.Test] zero00575
2016-08-04 20:05:16,582 INFO [org.junit.Test] zero00576
2016-08-04 20:05:16,582 INFO [org.junit.Test] zero00577
2016-08-04 20:05:16,582 INFO [org.junit.Test] zero00578
2016-08-04 20:05:16,582 INFO [org.junit.Test] zero00579
2016-08-04 20:05:16,582 INFO [org.junit.Test] zero00580
2016-08-04 20:05:16,582 INFO [org.junit.Test] zero00581
2016-08-04 20:05:16,582 INFO [org.junit.Test] zero00582
2016-08-04 20:05:16,582 INFO [org.junit.Test] zero00583
2016-08-04 20:05:16,582 INFO [org.junit.Test] zero00584
2016-08-04 20:05:16,582 INFO [org.junit.Test] zero00585
2016-08-04 20:05:16,582 INFO [org.junit.Test] zero00586
2016-08-04 20:05:16,582 INFO [org.junit.Test] zero00587
2016-08-04 20:05:16,582 INFO [org.junit.Test] zero00588
2016-08-04 20:05:16,582 INFO [org.junit.Test] zero00589
2016-08-04 20:05:16,582 INFO [org.junit.Test] zero00590
2016-08-04 20:05:16,582 INFO [org.junit.Test] zero00591
2016-08-04 20:05:16,582 INFO [org.junit.Test] zero00592
2016-08-04 20:05:16,582 INFO [org.junit.Test] zero00593
2016-08-04 20:05:16,582 INFO [org.junit.Test] zero00594
2016-08-04 20:05:16,582 INFO [org.junit.Test] zero00595
2016-08-04 20:05:16,582 INFO [org.junit.Test] zero00596
2016-08-04 20:05:16,582 INFO [org.junit.Test] zero00597
2016-08-04 20:05:16,582 INFO [org.junit.Test] zero00598
2016-08-04 20:05:16,582 INFO [org.junit.Test] zero00599
2016-08-04 20:05:16,582 INFO [org.junit.Test] zero00600
2016-08-04 20:05:16,582 INFO [org.junit.Test] zero00601
2016-08-04 20:05:16,582 INFO [org.junit.Test] zero00602
2016-08-04 20:05:16,582 INFO [org.junit.Test] zero00603
2016-08-04 20:05:16,582 INFO [org.junit.Test] zero00604
2016-08-04 20:05:16,582 INFO [org.junit.Test] zero00605
2016-08-04 20:05:16,582 INFO [org.junit.Test] zero00606
2016-08-04 20:05:16,582 INFO [org.junit.Test] zero00607
2016-08-04 20:05:16,582 INFO [org.junit.Test] zero00608
2016-08-04 20:05:16,582 INFO [org.junit.Test] zero00609
2016-08-04 20:05:16,582 INFO [org.junit.Test] zero00610
2016-08-04 20:05:16,582 INFO [org.junit.Test] zero00611
2016-08-04 20:05:16,582 INFO [org.junit.Test] zero00612
2016-08-04 20:05:16,582 INFO [org.junit.Test] zero00613
2016-08-04 20:05:16,582 INFO [org.junit.Test] zero00614
2016-08-04 20:05:16,582 INFO [org.junit.Test] zero00615
2016-08-04 20:05:16,582 INFO [org.junit.Test] zero00616
2016-08-04 20:05:16,582 INFO [org.junit.Test] zero00617
2016-08-04 20:05:16,582 INFO [org.junit.Test] zero00618
2016-08-04 20:05:16,582 INFO [org.junit.Test] zero00619
2016-08-04 20:05:16,582 INFO [org.junit.Test] zero00620
2016-08-04 20:05:16,582 INFO [org.junit.Test] zero00621
2016-08-04 20:05:16,582 INFO [org.junit.Test] zero00622
2016-08-04 20:05:16,582 INFO [org.junit.Test] zero00623
2016-08-04 20:05:16,582 INFO [org.junit.Test] zero00624
2016-08-04 20:05:16,582 INFO [org.junit.Test] zero00625
2016-08-04 20:05:16,582 INFO [org.junit.Test] zero00626
2016-08-04 20:05:16,582 INFO [org.junit.Test] zero00627
2016-08-04 20:05:16,582 INFO [org.junit.Test] zero00628
2016-08-04 20:05:16,582 INFO [org.junit.Test] zero00629
2016-08-04 20:05:16,582 INFO [org.junit.Test] zero00630
2016-08-04 20:05:16,582 INFO [org.junit.Test] zero00631
2016-08-04 20:05:16,582 INFO [org.junit.Test] zero00632
2016-08-04 20:05:16,582 INFO [org.junit.Test] zero00633
2016-08-04 20:05:16,582 INFO [org.junit.Test] zero00634
2016-08-04 20:05:16,582 INFO [org.junit.Test] zero00635
2016-08-04 20:05:16,582 INFO [org.junit.Test] zero00636
2016-08-04 20:05:16,582 INFO [org.junit.Test] zero00637
2016-08-04 20:05:16,582 INFO [org.junit.Test] zero00638
2016-08-04 20:05:16,582 INFO [org.junit.Test] zero00639
2016-08-04 20:05:16,582 INFO [org.junit.Test] zero00640
2016-08-04 20:05:16,582 INFO [org.junit.Test] zero00641
2016-08-04 20:05:16,582 INFO [org.junit.Test] zero00642
2016-08-04 20:05:16,582 INFO [org.junit.Test] zero00643
2016-08-04 20:05:16,582 INFO [org.junit.Test] zero00644
2016-08-04 20:05:16,582 INFO [org.junit.Test] zero00645
2016-08-04 20:05:16,582 INFO [org.junit.Test] zero00646
2016-08-04 20:05:16,582 INFO [org.junit.Test] zero00647
2016-08-04 20:05:16,582 INFO [org.junit.Test] zero00648
2016-08-04 20:05:16,582 INFO [org.junit.Test] zero00649
2016-08-04 20:05:16,582 INFO [org.junit.Test] zero00650
2016-08-04 20:05:16,582 INFO [org.junit.Test] zero00651
2016-08-04 20:05:16,582 INFO [org.junit.Test] zero00652
2016-08-04 20:05:16,582 INFO [org.junit.Test] zero00653
2016-08-04 20:05:16,582 INFO [org.junit.Test] zero00654
2016-08-04 20:05:16,582 INFO [org.junit.Test] zero00655
2016-08-04 20:05:16,582 INFO [org.junit.Test] zero00656
2016-08-04 20:05:16,582 INFO [org.junit.Test] zero00657
2016-08-04 20:05:16,582 INFO [org.junit.Test] zero00658
2016-08-04 20:05:16,582 INFO [org.junit.Test] zero00659
2016-08-04 20:05:16,582 INFO [org.junit.Test] zero00660
2016-08-04 20:05:16,582 INFO [org.junit.Test] zero00661
2016-08-04 20:05:16,582 INFO [org.junit.Test] zero00662
2016-08-04 20:05:16,582 INFO [org.junit.Test] zero00663
2016-08-04 20:05:16,582 INFO [org.junit.Test] zero00664
2016-08-04 20:05:16,582 INFO [org.junit.Test] zero00665
2016-08-04 20:05:16,582 INFO [org.junit.Test] zero00666
2016-08-04 20:05:16,582 INFO [org.junit.Test] zero00667
2016-08-04 20:05:16,582 INFO [org.junit.Test] zero00668
2016-08-04 20:05:16,582 INFO [org.junit.Test] zero00669
2016-08-04 20:05:16,582 INFO [org.junit.Test] zero00670
2016-08-04 20:05:16,582 INFO [org.junit.Test] zero00671
2016-08-04 20:05:16,582 INFO [org.junit.Test] zero00672
2016-08-04 20:05:16,582 INFO [org.junit.Test] zero00673
2016-08-04 20:05:16,582 INFO [org.junit.Test] zero00674
2016-08-04 20:05:16,582 INFO [org.junit.Test] zero00675
2016-08-04 20:05:16,582 INFO [org.junit.Test] zero00676
2016-08-04 20:05:16,582 INFO [org.junit.Test] zero00677
2016-08-04 20:05:16,582 INFO [org.junit.Test] zero00678
2016-08-04 20:05:16,582 INFO [org.junit.Test] zero00679
2016-08-04 20:05:16,582 INFO [org.junit.Test] zero00680
2016-08-04 20:05:16,582 INFO [org.junit.Test] zero00681
2016-08-04 20:05:16,582 INFO [org.junit.Test] zero00682
2016-08-04 20:05:16,582 INFO [org.junit.Test] zero00683
2016-08-04 20:05:16,582 INFO [org.junit.Test] zero00684
2016-08-04 20:05:16,582 INFO [org.junit.Test] zero00685
2016-08-04 20:05:16,582 INFO [org.junit.Test] zero00686
2016-08-04 20:05:16,582 INFO [org.junit.Test] zero00687
2016-08-04 20:05:16,582 INFO [org.junit.Test] zero00688
2016-08-04 20:05:16,582 INFO [org.junit.Test] zero00689
2016-08-04 20:05:16,582 INFO [org.junit.Test] zero00690
2016-08-04 20:05:16,582 INFO [org.junit.Test] zero00691
2016-08-04 20:05:16,582 INFO [org.junit.Test] zero00692
2016-08-04 20:05:16,582 INFO [org.junit.Test] zero00693
2016-08-04 20:05:16,582 INFO [org.junit.Test] zero00694
2016-08-04 20:05:16,582 INFO [org.junit.Test] zero00695
2016-08-04 20:05:16,582 INFO [org.junit.Test] zero00696
2016-08-04 20:05:16,582 INFO [org.junit.Test] zero00697
2016-08-04 20:05:16,582 INFO [org.junit.Test] zero00698
2016-08-04 20:05:16,582 INFO [org.junit.Test] zero00699
2016-08-04 20:05:16,582 INFO [org.junit.Test] zero00700
2016-08-04 20:05:16,582 INFO [org.junit.Test] zero00701
2016-08-04 20:05:16,582 INFO [org.junit.Test] zero00702
2016-08-04 20:05:16,582 INFO [org.junit.Test] zero00703
2016-08-04 20:05:16,582 INFO [org.junit.Test] zero00704
2016-08-04 20:05:16,582 INFO [org.junit.Test] zero00705
2016-08-04 20:05:16,582 INFO [org.junit.Test] zero00706
2016-08-04 20:05:16,582 INFO [org.junit.Test] zero00707
2016-08-04 20:05:16,582 INFO [org.junit.Test] zero00708
2016-08-04 20:05:16,582 INFO [org.junit.Test] zero00709
2016-08-04 20:05:16,582 INFO [org.junit.Test] zero00710
2016-08-04 20:05:16,582 INFO [org.junit.Test] zero00711
2016-08-04 20:05:16,582 INFO [org.junit.Test] zero00712
2016-08-04 20:05:16,582 INFO [org.junit.Test] zero00713
2016-08-04 20:05:16,582 INFO [org.junit.Test] zero00714
2016-08-04 20:05:16,582 INFO [org.junit.Test] zero00715
2016-08-04 20:05:16,582 INFO [org.junit.Test] zero00716
2016-08-04 20:05:16,582 INFO [org.junit.Test] zero00717
2016-08-04 20:05:16,582 INFO [org.junit.Test] zero00718
2016-08-04 20:05:16,582 INFO [org.junit.Test] zero00719
2016-08-04 20:05:16,582 INFO [org.junit.Test] zero00720
2016-08-04 20:05:16,582 INFO [org.junit.Test] zero00721
2016-08-04 20:05:16,582 INFO [org.junit.Test] zero00722
2016-08-04 20:05:16,582 INFO [org.junit.Test] zero00723
2016-08-04 20:05:16,582 INFO [org.junit.Test] zero00724
2016-08-04 20:05:16,582 INFO [org.junit.Test] zero00725
2016-08-04 20:05:16,582 INFO [org.junit.Test] zero00726
2016-08-04 20:05:16,582 INFO [org.junit.Test] zero00727
2016-08-04 20:05:16,582 INFO [org.junit.Test] zero00728
2016-08-04 20:05:16,582 INFO [org.junit.Test] zero00729
2016-08-04 20:05:16,582 INFO [org.junit.Test] zero00730
2016-08-04 20:05:16,582 INFO [org.junit.Test] zero00731
2016-08-04 20:05:16,582 INFO [org.junit.Test] zero00732
2016-08-04 20:05:16,582 INFO [org.junit.Test] zero00733
2016-08-04 20:05:16,582 INFO [org.junit.Test] zero00734
2016-08-04 20:05:16,582 INFO [org.junit.Test] zero00735
2016-08-04 20:05:16,582 INFO [org.junit.Test] zero00736
2016-08-04 20:05:16,582 INFO [org.junit.Test] zero00737
2016-08-04 20:05:16,582 INFO [org.junit.Test] zero00738
2016-08-04 20:05:16,582 INFO [org.junit.Test] zero00739
2016-08-04 20:05:16,582 INFO [org.junit.Test] zero00740
2016-08-04 20:05:16,582 INFO [org.junit.Test] zero00741
2016-08-04 20:05:16,582 INFO [org.junit.Test] zero00742
2016-08-04 20:05:16,582 INFO [org.junit.Test] zero00743
2016-08-04 20:05:16,582 INFO [org.junit.Test] zero00744
2016-08-04 20:05:16,582 INFO [org.junit.Test] zero00745
2016-08-04 20:05:16,582 INFO [org.junit.Test] zero00746
2016-08-04 20:05:16,582 INFO [org.junit.Test] zero00747
2016-08-04 20:05:16,582 INFO [org.junit.Test] zero00748
2016-08-04 20:05:16,582 INFO [org.junit.Test] zero00749
2016-08-04 20:05:16,582 INFO [org.junit.Test] zero00750
2016-08-04 20:05:16,582 INFO [org.junit.Test] zero00751
2016-08-04 20:05:16,582 INFO [org.junit.Test] zero00752
2016-08-04 20:05:16,582 INFO [org.junit.Test] zero00753
2016-08-04 20:05:16,582 INFO [org.junit.Test] zero00754
2016-08-04 20:05:16,582 INFO [org.junit.Test] zero00755
2016-08-04 20:05:16,582 INFO [org.junit.Test] zero00756
2016-08-04 20:05:16,582 INFO [org.junit.Test] zero00757
2016-08-04 20:05:16,582 INFO [org.junit.Test] zero00758
2016-08-04 20:05:16,582 INFO [org.junit.Test] zero00759
2016-08-04 20:05:16,582 INFO [org.junit.Test] zero00760
2016-08-04 20:05:16,582 INFO [org.junit.Test] zero00761
2016-08-04 20:05:16,582 INFO [org.junit.Test] zero00762
2016-08-04 20:05:16,582 INFO [org.junit.Test] zero00763
2016-08-04 20:05:16,582 INFO [org.junit.Test] zero00764
2016-08-04 20:05:16,582 INFO [org.junit.Test] zero00765
2016-08-04 20:05:16,582 INFO [org.junit.Test] zero00766
2016-08-04 20:05:16,582 INFO [org.junit.Test] zero00767
2016-08-04 20:05:16,582 INFO [org.junit.Test] zero00768
2016-08-04 20:05:16,582 INFO [org.junit.Test] zero00769
2016-08-04 20:05:16,582 INFO [org.junit.Test] zero00770
2016-08-04 20:05:16,582 INFO [org.junit.Test] zero00771
2016-08-04 20:05:16,582 INFO [org.junit.Test] zero00772
2016-08-04 20:05:16,582 INFO [org.junit.Test] zero00773
2016-08-04 20:05:16,582 INFO [org.junit.Test] zero00774
2016-08-04 20:05:16,582 INFO [org.junit.Test] zero00775
2016-08-04 20:05:16,582 INFO [org.junit.Test] zero00776
2016-08-04 20:05:16,582 INFO [org.junit.Test] zero00777
2016-08-04 20:05:16,582 INFO [org.junit.Test] zero00778
2016-08-04 20:05:16,582 INFO [org.junit.Test] zero00779
2016-08-04 20:05:16,582 INFO [org.junit.Test] zero00780
2016-08-04 20:05:16,582 INFO [org.junit.Test] zero00781
2016-08-04 20:05:16,582 INFO [org.junit.Test] zero00782
2016-08-04 20:05:16,582 INFO [org.junit.Test] zero00783
2016-08-04 20:05:16,582 INFO [org.junit.Test] zero00784
2016-08-04 20:05:16,582 INFO [org.junit.Test] zero00785
2016-08-04 20:05:16,582 INFO [org.junit.Test] zero00786
2016-08-04 20:05:16,582 INFO [org.junit.Test] zero00787
2016-08-04 20:05:16,582 INFO [org.junit.Test] zero00788
2016-08-04 20:05:16,582 INFO [org.junit.Test] zero00789
2016-08-04 20:05:16,582 INFO [org.junit.Test] zero00790
2016-08-04 20:05:16,582 INFO [org.junit.Test] zero00791
2016-08-04 20:05:16,582 INFO [org.junit.Test] zero00792
2016-08-04 20:05:16,582 INFO [org.junit.Test] zero00793
2016-08-04 20:05:16,582 INFO [org.junit.Test] zero00794
2016-08-04 20:05:16,582 INFO [org.junit.Test] zero00795
2016-08-04 20:05:16,582 INFO [org.junit.Test] zero00796
2016-08-04 20:05:16,582 INFO [org.junit.Test] zero00797
2016-08-04 20:05:16,582 INFO [org.junit.Test] zero00798
2016-08-04 20:05:16,582 INFO [org.junit.Test] zero00799
2016-08-04 20:05:16,582 INFO [org.junit.Test] zero00800
2016-08-04 20:05:16,582 INFO [org.junit.Test] zero00801
2016-08-04 20:05:16,582 INFO [org.junit.Test] zero00802
2016-08-04 20:05:16,582 INFO [org.junit.Test] zero00803
2016-08-04 20:05:16,582 INFO [org.junit.Test] zero00804
2016-08-04 20:05:16,582 INFO [org.junit.Test] zero00805
2016-08-04 20:05:16,582 INFO [org.junit.Test] zero00806
2016-08-04 20:05:16,582 INFO [org.junit.Test] zero00807
2016-08-04 20:05:16,582 INFO [org.junit.Test] zero00808
2016-08-04 20:05:16,583 INFO [org.junit.Test] zero00809
2016-08-04 20:05:16,583 INFO [org.junit.Test] zero00810
2016-08-04 20:05:16,583 INFO [org.junit.Test] zero00811
2016-08-04 20:05:16,583 INFO [org.junit.Test] zero00812
2016-08-04 20:05:16,583 INFO [org.junit.Test] zero00813
2016-08-04 20:05:16,583 INFO [org.junit.Test] zero00814
2016-08-04 20:05:16,583 INFO [org.junit.Test] zero00815
2016-08-04 20:05:16,583 INFO [org.junit.Test] zero00816
2016-08-04 20:05:16,583 INFO [org.junit.Test] zero00817
2016-08-04 20:05:16,583 INFO [org.junit.Test] zero00818
2016-08-04 20:05:16,583 INFO [org.junit.Test] zero00819
2016-08-04 20:05:16,583 INFO [org.junit.Test] zero00820
2016-08-04 20:05:16,583 INFO [org.junit.Test] zero00821
2016-08-04 20:05:16,583 INFO [org.junit.Test] zero00822
2016-08-04 20:05:16,583 INFO [org.junit.Test] zero00823
2016-08-04 20:05:16,583 INFO [org.junit.Test] zero00824
2016-08-04 20:05:16,583 INFO [org.junit.Test] zero00825
2016-08-04 20:05:16,583 INFO [org.junit.Test] zero00826
2016-08-04 20:05:16,583 INFO [org.junit.Test] zero00827
2016-08-04 20:05:16,583 INFO [org.junit.Test] zero00828
2016-08-04 20:05:16,583 INFO [org.junit.Test] zero00829
2016-08-04 20:05:16,583 INFO [org.junit.Test] zero00830
2016-08-04 20:05:16,583 INFO [org.junit.Test] zero00831
2016-08-04 20:05:16,583 INFO [org.junit.Test] zero00832
2016-08-04 20:05:16,583 INFO [org.junit.Test] zero00833
2016-08-04 20:05:16,583 INFO [org.junit.Test] zero00834
2016-08-04 20:05:16,583 INFO [org.junit.Test] zero00835
2016-08-04 20:05:16,583 INFO [org.junit.Test] zero00836
2016-08-04 20:05:16,583 INFO [org.junit.Test] zero00837
2016-08-04 20:05:16,583 INFO [org.junit.Test] zero00838
2016-08-04 20:05:16,583 INFO [org.junit.Test] zero00839
2016-08-04 20:05:16,583 INFO [org.junit.Test] zero00840
2016-08-04 20:05:16,583 INFO [org.junit.Test] zero00841
2016-08-04 20:05:16,583 INFO [org.junit.Test] zero00842
2016-08-04 20:05:16,583 INFO [org.junit.Test] zero00843
2016-08-04 20:05:16,583 INFO [org.junit.Test] zero00844
2016-08-04 20:05:16,583 INFO [org.junit.Test] zero00845
2016-08-04 20:05:16,583 INFO [org.junit.Test] zero00846
2016-08-04 20:05:16,583 INFO [org.junit.Test] zero00847
2016-08-04 20:05:16,583 INFO [org.junit.Test] zero00848
2016-08-04 20:05:16,583 INFO [org.junit.Test] zero00849
2016-08-04 20:05:16,583 INFO [org.junit.Test] zero00850
2016-08-04 20:05:16,583 INFO [org.junit.Test] zero00851
2016-08-04 20:05:16,583 INFO [org.junit.Test] zero00852
2016-08-04 20:05:16,583 INFO [org.junit.Test] zero00853
2016-08-04 20:05:16,583 INFO [org.junit.Test] zero00854
2016-08-04 20:05:16,583 INFO [org.junit.Test] zero00855
2016-08-04 20:05:16,583 INFO [org.junit.Test] zero00856
2016-08-04 20:05:16,583 INFO [org.junit.Test] zero00857
2016-08-04 20:05:16,583 INFO [org.junit.Test] zero00858
2016-08-04 20:05:16,583 INFO [org.junit.Test] zero00859
2016-08-04 20:05:16,583 INFO [org.junit.Test] zero00860
2016-08-04 20:05:16,583 INFO [org.junit.Test] zero00861
2016-08-04 20:05:16,583 INFO [org.junit.Test] zero00862
2016-08-04 20:05:16,583 INFO [org.junit.Test] zero00863
2016-08-04 20:05:16,583 INFO [org.junit.Test] zero00864
2016-08-04 20:05:16,583 INFO [org.junit.Test] zero00865
2016-08-04 20:05:16,583 INFO [org.junit.Test] zero00866
2016-08-04 20:05:16,583 INFO [org.junit.Test] zero00867
2016-08-04 20:05:16,583 INFO [org.junit.Test] zero00868
2016-08-04 20:05:16,583 INFO [org.junit.Test] zero00869
2016-08-04 20:05:16,583 INFO [org.junit.Test] zero00870
2016-08-04 20:05:16,583 INFO [org.junit.Test] zero00871
2016-08-04 20:05:16,583 INFO [org.junit.Test] zero00872
2016-08-04 20:05:16,583 INFO [org.junit.Test] zero00873
2016-08-04 20:05:16,583 INFO [org.junit.Test] zero00874
2016-08-04 20:05:16,583 INFO [org.junit.Test] zero00875
2016-08-04 20:05:16,583 INFO [org.junit.Test] zero00876
2016-08-04 20:05:16,583 INFO [org.junit.Test] zero00877
2016-08-04 20:05:16,583 INFO [org.junit.Test] zero00878
2016-08-04 20:05:16,583 INFO [org.junit.Test] zero00879
2016-08-04 20:05:16,583 INFO [org.junit.Test] zero00880
2016-08-04 20:05:16,583 INFO [org.junit.Test] zero00881
2016-08-04 20:05:16,583 INFO [org.junit.Test] zero00882
2016-08-04 20:05:16,583 INFO [org.junit.Test] zero00883
2016-08-04 20:05:16,583 INFO [org.junit.Test] zero00884
2016-08-04 20:05:16,583 INFO [org.junit.Test] zero00885
2016-08-04 20:05:16,583 INFO [org.junit.Test] zero00886
2016-08-04 20:05:16,583 INFO [org.junit.Test] zero00887
2016-08-04 20:05:16,583 INFO [org.junit.Test] zero00888
2016-08-04 20:05:16,583 INFO [org.junit.Test] zero00889
2016-08-04 20:05:16,583 INFO [org.junit.Test] zero00890
2016-08-04 20:05:16,583 INFO [org.junit.Test] zero00891
2016-08-04 20:05:16,583 INFO [org.junit.Test] zero00892
2016-08-04 20:05:16,583 INFO [org.junit.Test] zero00893
2016-08-04 20:05:16,583 INFO [org.junit.Test] zero00894
2016-08-04 20:05:16,583 INFO [org.junit.Test] zero00895
2016-08-04 20:05:16,583 INFO [org.junit.Test] zero00896
2016-08-04 20:05:16,583 INFO [org.junit.Test] zero00897
2016-08-04 20:05:16,583 INFO [org.junit.Test] zero00898
2016-08-04 20:05:16,583 INFO [org.junit.Test] zero00899
2016-08-04 20:05:16,583 INFO [org.junit.Test] zero00900
2016-08-04 20:05:16,583 INFO [org.junit.Test] zero00901
2016-08-04 20:05:16,583 INFO [org.junit.Test] zero00902
2016-08-04 20:05:16,583 INFO [org.junit.Test] zero00903
2016-08-04 20:05:16,583 INFO [org.junit.Test] zero00904
2016-08-04 20:05:16,583 INFO [org.junit.Test] zero00905
2016-08-04 20:05:16,583 INFO [org.junit.Test] zero00906
2016-08-04 20:05:16,583 INFO [org.junit.Test] zero00907
2016-08-04 20:05:16,583 INFO [org.junit.Test] zero00908
2016-08-04 20:05:16,583 INFO [org.junit.Test] zero00909
2016-08-04 20:05:16,583 INFO [org.junit.Test] zero00910
2016-08-04 20:05:16,583 INFO [org.junit.Test] zero00911
2016-08-04 20:05:16,583 INFO [org.junit.Test] zero00912
2016-08-04 20:05:16,583 INFO [org.junit.Test] zero00913
2016-08-04 20:05:16,583 INFO [org.junit.Test] zero00914
2016-08-04 20:05:16,583 INFO [org.junit.Test] zero00915
2016-08-04 20:05:16,583 INFO [org.junit.Test] zero00916
2016-08-04 20:05:16,583 INFO [org.junit.Test] zero00917
2016-08-04 20:05:16,583 INFO [org.junit.Test] zero00918
2016-08-04 20:05:16,583 INFO [org.junit.Test] zero00919
2016-08-04 20:05:16,583 INFO [org.junit.Test] zero00920
2016-08-04 20:05:16,583 INFO [org.junit.Test] zero00921
2016-08-04 20:05:16,583 INFO [org.junit.Test] zero00922
2016-08-04 20:05:16,583 INFO [org.junit.Test] zero00923
2016-08-04 20:05:16,583 INFO [org.junit.Test] zero00924
2016-08-04 20:05:16,583 INFO [org.junit.Test] zero00925
2016-08-04 20:05:16,583 INFO [org.junit.Test] zero00926
2016-08-04 20:05:16,583 INFO [org.junit.Test] zero00927
2016-08-04 20:05:16,583 INFO [org.junit.Test] zero00928
2016-08-04 20:05:16,583 INFO [org.junit.Test] zero00929
2016-08-04 20:05:16,583 INFO [org.junit.Test] zero00930
2016-08-04 20:05:16,583 INFO [org.junit.Test] zero00931
2016-08-04 20:05:16,583 INFO [org.junit.Test] zero00932
2016-08-04 20:05:16,583 INFO [org.junit.Test] zero00933
2016-08-04 20:05:16,583 INFO [org.junit.Test] zero00934
2016-08-04 20:05:16,583 INFO [org.junit.Test] zero00935
2016-08-04 20:05:16,583 INFO [org.junit.Test] zero00936
2016-08-04 20:05:16,583 INFO [org.junit.Test] zero00937
2016-08-04 20:05:16,583 INFO [org.junit.Test] zero00938
2016-08-04 20:05:16,583 INFO [org.junit.Test] zero00939
2016-08-04 20:05:16,583 INFO [org.junit.Test] zero00940
2016-08-04 20:05:16,583 INFO [org.junit.Test] zero00941
2016-08-04 20:05:16,583 INFO [org.junit.Test] zero00942
2016-08-04 20:05:16,583 INFO [org.junit.Test] zero00943
2016-08-04 20:05:16,583 INFO [org.junit.Test] zero00944
2016-08-04 20:05:16,583 INFO [org.junit.Test] zero00945
2016-08-04 20:05:16,583 INFO [org.junit.Test] zero00946
2016-08-04 20:05:16,583 INFO [org.junit.Test] zero00947
2016-08-04 20:05:16,583 INFO [org.junit.Test] zero00948
2016-08-04 20:05:16,583 INFO [org.junit.Test] zero00949
2016-08-04 20:05:16,583 INFO [org.junit.Test] zero00950
2016-08-04 20:05:16,583 INFO [org.junit.Test] zero00951
2016-08-04 20:05:16,583 INFO [org.junit.Test] zero00952
2016-08-04 20:05:16,583 INFO [org.junit.Test] zero00953
2016-08-04 20:05:16,583 INFO [org.junit.Test] zero00954
2016-08-04 20:05:16,583 INFO [org.junit.Test] zero00955
2016-08-04 20:05:16,583 INFO [org.junit.Test] zero00956
2016-08-04 20:05:16,583 INFO [org.junit.Test] zero00957
2016-08-04 20:05:16,583 INFO [org.junit.Test] zero00958
2016-08-04 20:05:16,583 INFO [org.junit.Test] zero00959
2016-08-04 20:05:16,583 INFO [org.junit.Test] zero00960
2016-08-04 20:05:16,583 INFO [org.junit.Test] zero00961
2016-08-04 20:05:16,583 INFO [org.junit.Test] zero00962
2016-08-04 20:05:16,583 INFO [org.junit.Test] zero00963
2016-08-04 20:05:16,583 INFO [org.junit.Test] zero00964
2016-08-04 20:05:16,583 INFO [org.junit.Test] zero00965
2016-08-04 20:05:16,583 INFO [org.junit.Test] zero00966
2016-08-04 20:05:16,583 INFO [org.junit.Test] zero00967
2016-08-04 20:05:16,583 INFO [org.junit.Test] zero00968
2016-08-04 20:05:16,583 INFO [org.junit.Test] zero00969
2016-08-04 20:05:16,583 INFO [org.junit.Test] zero00970
2016-08-04 20:05:16,583 INFO [org.junit.Test] zero00971
2016-08-04 20:05:16,583 INFO [org.junit.Test] zero00972
2016-08-04 20:05:16,583 INFO [org.junit.Test] zero00973
2016-08-04 20:05:16,583 INFO [org.junit.Test] zero00974
2016-08-04 20:05:16,583 INFO [org.junit.Test] zero00975
2016-08-04 20:05:16,583 INFO [org.junit.Test] zero00976
2016-08-04 20:05:16,583 INFO [org.junit.Test] zero00977
2016-08-04 20:05:16,583 INFO [org.junit.Test] zero00978
2016-08-04 20:05:16,583 INFO [org.junit.Test] zero00979
2016-08-04 20:05:16,583 INFO [org.junit.Test] zero00980
2016-08-04 20:05:16,583 INFO [org.junit.Test] zero00981
2016-08-04 20:05:16,583 INFO [org.junit.Test] zero00982
2016-08-04 20:05:16,583 INFO [org.junit.Test] zero00983
2016-08-04 20:05:16,583 INFO [org.junit.Test] zero00984
2016-08-04 20:05:16,583 INFO [org.junit.Test] zero00985
2016-08-04 20:05:16,583 INFO [org.junit.Test] zero00986
2016-08-04 20:05:16,583 INFO [org.junit.Test] zero00987
2016-08-04 20:05:16,583 INFO [org.junit.Test] zero00988
2016-08-04 20:05:16,583 INFO [org.junit.Test] zero00989
2016-08-04 20:05:16,583 INFO [org.junit.Test] zero00990
2016-08-04 20:05:16,583 INFO [org.junit.Test] zero00991
2016-08-04 20:05:16,583 INFO [org.junit.Test] zero00992
2016-08-04 20:05:16,583 INFO [org.junit.Test] zero00993
2016-08-04 20:05:16,583 INFO [org.junit.Test] zero00994
2016-08-04 20:05:16,583 INFO [org.junit.Test] zero00995
2016-08-04 20:05:16,583 INFO [org.junit.Test] zero00996
2016-08-04 20:05:16,583 INFO [org.junit.Test] zero00997
2016-08-04 20:05:16,583 INFO [org.junit.Test] zero00998
2016-08-04 20:05:16,583 INFO [org.junit.Test] zero00999
2016-08-04 20:05:19,583 INFO [org.junit.Test] zero000
2016-08-04 20:05:19,583 INFO [org.junit.Test] zero001
2016-08-04 20:05:19,583 INFO [org.junit.Test] zero002
2016-08-04 20:05:19,583 INFO [org.junit.Test] zero003
2016-08-04 20:05:19,583 INFO [org.junit.Test] zero004
2016-08-04 20:05:19,583 INFO [org.junit.Test] zero005
2016-08-04 20:05:19,583 INFO [org.junit.Test] zero006
2016-08-04 20:05:19,583 INFO [org.junit.Test] zero007
2016-08-04 20:05:19,583 INFO [org.junit.Test] zero008
2016-08-04 20:05:19,583 INFO [org.junit.Test] zero009
2016-08-04 20:05:19,583 INFO [org.junit.Test] zero0010
2016-08-04 20:05:19,583 INFO [org.junit.Test] zero0011
2016-08-04 20:05:19,583 INFO [org.junit.Test] zero0012
2016-08-04 20:05:19,583 INFO [org.junit.Test] zero0013
2016-08-04 20:05:19,583 INFO [org.junit.Test] zero0014
2016-08-04 20:05:19,583 INFO [org.junit.Test] zero0015
2016-08-04 20:05:19,583 INFO [org.junit.Test] zero0016
2016-08-04 20:05:19,583 INFO [org.junit.Test] zero0017
2016-08-04 20:05:19,583 INFO [org.junit.Test] zero0018
2016-08-04 20:05:19,583 INFO [org.junit.Test] zero0019
2016-08-04 20:05:19,583 INFO [org.junit.Test] zero0020
2016-08-04 20:05:19,583 INFO [org.junit.Test] zero0021
2016-08-04 20:05:19,583 INFO [org.junit.Test] zero0022
2016-08-04 20:05:19,583 INFO [org.junit.Test] zero0023
2016-08-04 20:05:19,583 INFO [org.junit.Test] zero0024
2016-08-04 20:05:19,583 INFO [org.junit.Test] zero0025
2016-08-04 20:05:19,583 INFO [org.junit.Test] zero0026
2016-08-04 20:05:19,583 INFO [org.junit.Test] zero0027
2016-08-04 20:05:19,583 INFO [org.junit.Test] zero0028
2016-08-04 20:05:19,583 INFO [org.junit.Test] zero0029
2016-08-04 20:05:19,583 INFO [org.junit.Test] zero0030
2016-08-04 20:05:19,583 INFO [org.junit.Test] zero0031
2016-08-04 20:05:19,583 INFO [org.junit.Test] zero0032
2016-08-04 20:05:19,583 INFO [org.junit.Test] zero0033
2016-08-04 20:05:19,583 INFO [org.junit.Test] zero0034
2016-08-04 20:05:19,583 INFO [org.junit.Test] zero0035
2016-08-04 20:05:19,583 INFO [org.junit.Test] zero0036
2016-08-04 20:05:19,583 INFO [org.junit.Test] zero0037
2016-08-04 20:05:19,583 INFO [org.junit.Test] zero0038
2016-08-04 20:05:19,583 INFO [org.junit.Test] zero0039
2016-08-04 20:05:19,583 INFO [org.junit.Test] zero0040
2016-08-04 20:05:19,583 INFO [org.junit.Test] zero0041
2016-08-04 20:05:19,583 INFO [org.junit.Test] zero0042
2016-08-04 20:05:19,583 INFO [org.junit.Test] zero0043
2016-08-04 20:05:19,583 INFO [org.junit.Test] zero0044
2016-08-04 20:05:19,583 INFO [org.junit.Test] zero0045
2016-08-04 20:05:19,583 INFO [org.junit.Test] zero0046
2016-08-04 20:05:19,583 INFO [org.junit.Test] zero0047
2016-08-04 20:05:19,583 INFO [org.junit.Test] zero0048
2016-08-04 20:05:19,583 INFO [org.junit.Test] zero0049
2016-08-04 20:05:19,583 INFO [org.junit.Test] zero0050
2016-08-04 20:05:19,583 INFO [org.junit.Test] zero0051
2016-08-04 20:05:19,583 INFO [org.junit.Test] zero0052
2016-08-04 20:05:19,583 INFO [org.junit.Test] zero0053
2016-08-04 20:05:19,583 INFO [org.junit.Test] zero0054
2016-08-04 20:05:19,583 INFO [org.junit.Test] zero0055
2016-08-04 20:05:19,583 INFO [org.junit.Test] zero0056
2016-08-04 20:05:19,583 INFO [org.junit.Test] zero0057
2016-08-04 20:05:19,583 INFO [org.junit.Test] zero0058
2016-08-04 20:05:19,583 INFO [org.junit.Test] zero0059
2016-08-04 20:05:19,583 INFO [org.junit.Test] zero0060
2016-08-04 20:05:19,583 INFO [org.junit.Test] zero0061
2016-08-04 20:05:19,583 INFO [org.junit.Test] zero0062
2016-08-04 20:05:19,583 INFO [org.junit.Test] zero0063
2016-08-04 20:05:19,583 INFO [org.junit.Test] zero0064
2016-08-04 20:05:19,583 INFO [org.junit.Test] zero0065
2016-08-04 20:05:19,583 INFO [org.junit.Test] zero0066
2016-08-04 20:05:19,583 INFO [org.junit.Test] zero0067
2016-08-04 20:05:19,583 INFO [org.junit.Test] zero0068
2016-08-04 20:05:19,583 INFO [org.junit.Test] zero0069
2016-08-04 20:05:19,583 INFO [org.junit.Test] zero0070
2016-08-04 20:05:19,583 INFO [org.junit.Test] zero0071
2016-08-04 20:05:19,583 INFO [org.junit.Test] zero0072
2016-08-04 20:05:19,583 INFO [org.junit.Test] zero0073
2016-08-04 20:05:19,583 INFO [org.junit.Test] zero0074
2016-08-04 20:05:19,583 INFO [org.junit.Test] zero0075
2016-08-04 20:05:19,583 INFO [org.junit.Test] zero0076
2016-08-04 20:05:19,583 INFO [org.junit.Test] zero0077
2016-08-04 20:05:19,583 INFO [org.junit.Test] zero0078
2016-08-04 20:05:19,583 INFO [org.junit.Test] zero0079
2016-08-04 20:05:19,583 INFO [org.junit.Test] zero0080
2016-08-04 20:05:19,583 INFO [org.junit.Test] zero0081
2016-08-04 20:05:19,583 INFO [org.junit.Test] zero0082
2016-08-04 20:05:19,583 INFO [org.junit.Test] zero0083
2016-08-04 20:05:19,583 INFO [org.junit.Test] zero0084
2016-08-04 20:05:19,583 INFO [org.junit.Test] zero0085
2016-08-04 20:05:19,583 INFO [org.junit.Test] zero0086
2016-08-04 20:05:19,583 INFO [org.junit.Test] zero0087
2016-08-04 20:05:19,583 INFO [org.junit.Test] zero0088
2016-08-04 20:05:19,583 INFO [org.junit.Test] zero0089
2016-08-04 20:05:19,583 INFO [org.junit.Test] zero0090
2016-08-04 20:05:19,583 INFO [org.junit.Test] zero0091
2016-08-04 20:05:19,583 INFO [org.junit.Test] zero0092
2016-08-04 20:05:19,583 INFO [org.junit.Test] zero0093
2016-08-04 20:05:19,583 INFO [org.junit.Test] zero0094
2016-08-04 20:05:19,583 INFO [org.junit.Test] zero0095
2016-08-04 20:05:19,583 INFO [org.junit.Test] zero0096
2016-08-04 20:05:19,583 INFO [org.junit.Test] zero0097
2016-08-04 20:05:19,583 INFO [org.junit.Test] zero0098
2016-08-04 20:05:19,583 INFO [org.junit.Test] zero0099
2016-08-04 20:05:19,583 INFO [org.junit.Test] zero00100
2016-08-04 20:05:19,583 INFO [org.junit.Test] zero00101
2016-08-04 20:05:19,583 INFO [org.junit.Test] zero00102
2016-08-04 20:05:19,583 INFO [org.junit.Test] zero00103
2016-08-04 20:05:19,583 INFO [org.junit.Test] zero00104
2016-08-04 20:05:19,583 INFO [org.junit.Test] zero00105
2016-08-04 20:05:19,583 INFO [org.junit.Test] zero00106
2016-08-04 20:05:19,583 INFO [org.junit.Test] zero00107
2016-08-04 20:05:19,583 INFO [org.junit.Test] zero00108
2016-08-04 20:05:19,583 INFO [org.junit.Test] zero00109
2016-08-04 20:05:19,583 INFO [org.junit.Test] zero00110
2016-08-04 20:05:19,583 INFO [org.junit.Test] zero00111
2016-08-04 20:05:19,583 INFO [org.junit.Test] zero00112
2016-08-04 20:05:19,583 INFO [org.junit.Test] zero00113
2016-08-04 20:05:19,583 INFO [org.junit.Test] zero00114
2016-08-04 20:05:19,583 INFO [org.junit.Test] zero00115
2016-08-04 20:05:19,583 INFO [org.junit.Test] zero00116
2016-08-04 20:05:19,583 INFO [org.junit.Test] zero00117
2016-08-04 20:05:19,583 INFO [org.junit.Test] zero00118
2016-08-04 20:05:19,583 INFO [org.junit.Test] zero00119
2016-08-04 20:05:19,583 INFO [org.junit.Test] zero00120
2016-08-04 20:05:19,583 INFO [org.junit.Test] zero00121
2016-08-04 20:05:19,583 INFO [org.junit.Test] zero00122
2016-08-04 20:05:19,583 INFO [org.junit.Test] zero00123
2016-08-04 20:05:19,583 INFO [org.junit.Test] zero00124
2016-08-04 20:05:19,583 INFO [org.junit.Test] zero00125
2016-08-04 20:05:19,583 INFO [org.junit.Test] zero00126
2016-08-04 20:05:19,583 INFO [org.junit.Test] zero00127
2016-08-04 20:05:19,583 INFO [org.junit.Test] zero00128
2016-08-04 20:05:19,583 INFO [org.junit.Test] zero00129
2016-08-04 20:05:19,583 INFO [org.junit.Test] zero00130
2016-08-04 20:05:19,583 INFO [org.junit.Test] zero00131
2016-08-04 20:05:19,583 INFO [org.junit.Test] zero00132
2016-08-04 20:05:19,583 INFO [org.junit.Test] zero00133
2016-08-04 20:05:19,583 INFO [org.junit.Test] zero00134
2016-08-04 20:05:19,583 INFO [org.junit.Test] zero00135
2016-08-04 20:05:19,583 INFO [org.junit.Test] zero00136
2016-08-04 20:05:19,583 INFO [org.junit.Test] zero00137
2016-08-04 20:05:19,583 INFO [org.junit.Test] zero00138
2016-08-04 20:05:19,583 INFO [org.junit.Test] zero00139
2016-08-04 20:05:19,583 INFO [org.junit.Test] zero00140
2016-08-04 20:05:19,583 INFO [org.junit.Test] zero00141
2016-08-04 20:05:19,583 INFO [org.junit.Test] zero00142
2016-08-04 20:05:19,583 INFO [org.junit.Test] zero00143
2016-08-04 20:05:19,583 INFO [org.junit.Test] zero00144
2016-08-04 20:05:19,583 INFO [org.junit.Test] zero00145
2016-08-04 20:05:19,583 INFO [org.junit.Test] zero00146
2016-08-04 20:05:19,583 INFO [org.junit.Test] zero00147
2016-08-04 20:05:19,583 INFO [org.junit.Test] zero00148
2016-08-04 20:05:19,583 INFO [org.junit.Test] zero00149
2016-08-04 20:05:19,583 INFO [org.junit.Test] zero00150
2016-08-04 20:05:19,583 INFO [org.junit.Test] zero00151
2016-08-04 20:05:19,583 INFO [org.junit.Test] zero00152
2016-08-04 20:05:19,583 INFO [org.junit.Test] zero00153
2016-08-04 20:05:19,583 INFO [org.junit.Test] zero00154
2016-08-04 20:05:19,583 INFO [org.junit.Test] zero00155
2016-08-04 20:05:19,583 INFO [org.junit.Test] zero00156
2016-08-04 20:05:19,583 INFO [org.junit.Test] zero00157
2016-08-04 20:05:19,583 INFO [org.junit.Test] zero00158
2016-08-04 20:05:19,583 INFO [org.junit.Test] zero00159
2016-08-04 20:05:19,583 INFO [org.junit.Test] zero00160
2016-08-04 20:05:19,583 INFO [org.junit.Test] zero00161
2016-08-04 20:05:19,583 INFO [org.junit.Test] zero00162
2016-08-04 20:05:19,583 INFO [org.junit.Test] zero00163
2016-08-04 20:05:19,583 INFO [org.junit.Test] zero00164
2016-08-04 20:05:19,583 INFO [org.junit.Test] zero00165
2016-08-04 20:05:19,583 INFO [org.junit.Test] zero00166
2016-08-04 20:05:19,583 INFO [org.junit.Test] zero00167
2016-08-04 20:05:19,583 INFO [org.junit.Test] zero00168
2016-08-04 20:05:19,583 INFO [org.junit.Test] zero00169
2016-08-04 20:05:19,583 INFO [org.junit.Test] zero00170
2016-08-04 20:05:19,583 INFO [org.junit.Test] zero00171
2016-08-04 20:05:19,583 INFO [org.junit.Test] zero00172
2016-08-04 20:05:19,583 INFO [org.junit.Test] zero00173
2016-08-04 20:05:19,583 INFO [org.junit.Test] zero00174
2016-08-04 20:05:19,583 INFO [org.junit.Test] zero00175
2016-08-04 20:05:19,583 INFO [org.junit.Test] zero00176
2016-08-04 20:05:19,583 INFO [org.junit.Test] zero00177
2016-08-04 20:05:19,583 INFO [org.junit.Test] zero00178
2016-08-04 20:05:19,583 INFO [org.junit.Test] zero00179
2016-08-04 20:05:19,583 INFO [org.junit.Test] zero00180
2016-08-04 20:05:19,583 INFO [org.junit.Test] zero00181
2016-08-04 20:05:19,583 INFO [org.junit.Test] zero00182
2016-08-04 20:05:19,583 INFO [org.junit.Test] zero00183
2016-08-04 20:05:19,583 INFO [org.junit.Test] zero00184
2016-08-04 20:05:19,583 INFO [org.junit.Test] zero00185
2016-08-04 20:05:19,583 INFO [org.junit.Test] zero00186
2016-08-04 20:05:19,583 INFO [org.junit.Test] zero00187
2016-08-04 20:05:19,583 INFO [org.junit.Test] zero00188
2016-08-04 20:05:19,583 INFO [org.junit.Test] zero00189
2016-08-04 20:05:19,583 INFO [org.junit.Test] zero00190
2016-08-04 20:05:19,583 INFO [org.junit.Test] zero00191
2016-08-04 20:05:19,583 INFO [org.junit.Test] zero00192
2016-08-04 20:05:19,583 INFO [org.junit.Test] zero00193
2016-08-04 20:05:19,583 INFO [org.junit.Test] zero00194
2016-08-04 20:05:19,583 INFO [org.junit.Test] zero00195
2016-08-04 20:05:19,583 INFO [org.junit.Test] zero00196
2016-08-04 20:05:19,583 INFO [org.junit.Test] zero00197
2016-08-04 20:05:19,583 INFO [org.junit.Test] zero00198
2016-08-04 20:05:19,583 INFO [org.junit.Test] zero00199
2016-08-04 20:05:19,583 INFO [org.junit.Test] zero00200
2016-08-04 20:05:19,583 INFO [org.junit.Test] zero00201
2016-08-04 20:05:19,583 INFO [org.junit.Test] zero00202
2016-08-04 20:05:19,583 INFO [org.junit.Test] zero00203
2016-08-04 20:05:19,583 INFO [org.junit.Test] zero00204
2016-08-04 20:05:19,583 INFO [org.junit.Test] zero00205
2016-08-04 20:05:19,583 INFO [org.junit.Test] zero00206
2016-08-04 20:05:19,583 INFO [org.junit.Test] zero00207
2016-08-04 20:05:19,583 INFO [org.junit.Test] zero00208
2016-08-04 20:05:19,583 INFO [org.junit.Test] zero00209
2016-08-04 20:05:19,583 INFO [org.junit.Test] zero00210
2016-08-04 20:05:19,583 INFO [org.junit.Test] zero00211
2016-08-04 20:05:19,583 INFO [org.junit.Test] zero00212
2016-08-04 20:05:19,583 INFO [org.junit.Test] zero00213
2016-08-04 20:05:19,583 INFO [org.junit.Test] zero00214
2016-08-04 20:05:19,583 INFO [org.junit.Test] zero00215
2016-08-04 20:05:19,583 INFO [org.junit.Test] zero00216
2016-08-04 20:05:19,583 INFO [org.junit.Test] zero00217
2016-08-04 20:05:19,583 INFO [org.junit.Test] zero00218
2016-08-04 20:05:19,583 INFO [org.junit.Test] zero00219
2016-08-04 20:05:19,583 INFO [org.junit.Test] zero00220
2016-08-04 20:05:19,583 INFO [org.junit.Test] zero00221
2016-08-04 20:05:19,583 INFO [org.junit.Test] zero00222
2016-08-04 20:05:19,583 INFO [org.junit.Test] zero00223
2016-08-04 20:05:19,583 INFO [org.junit.Test] zero00224
2016-08-04 20:05:19,583 INFO [org.junit.Test] zero00225
2016-08-04 20:05:19,583 INFO [org.junit.Test] zero00226
2016-08-04 20:05:19,583 INFO [org.junit.Test] zero00227
2016-08-04 20:05:19,583 INFO [org.junit.Test] zero00228
2016-08-04 20:05:19,583 INFO [org.junit.Test] zero00229
2016-08-04 20:05:19,583 INFO [org.junit.Test] zero00230
2016-08-04 20:05:19,583 INFO [org.junit.Test] zero00231
2016-08-04 20:05:19,583 INFO [org.junit.Test] zero00232
2016-08-04 20:05:19,583 INFO [org.junit.Test] zero00233
2016-08-04 20:05:19,583 INFO [org.junit.Test] zero00234
2016-08-04 20:05:19,583 INFO [org.junit.Test] zero00235
2016-08-04 20:05:19,583 INFO [org.junit.Test] zero00236
2016-08-04 20:05:19,583 INFO [org.junit.Test] zero00237
2016-08-04 20:05:19,583 INFO [org.junit.Test] zero00238
2016-08-04 20:05:19,583 INFO [org.junit.Test] zero00239
2016-08-04 20:05:19,583 INFO [org.junit.Test] zero00240
2016-08-04 20:05:19,583 INFO [org.junit.Test] zero00241
2016-08-04 20:05:19,583 INFO [org.junit.Test] zero00242
2016-08-04 20:05:19,583 INFO [org.junit.Test] zero00243
2016-08-04 20:05:19,583 INFO [org.junit.Test] zero00244
2016-08-04 20:05:19,583 INFO [org.junit.Test] zero00245
2016-08-04 20:05:19,583 INFO [org.junit.Test] zero00246
2016-08-04 20:05:19,583 INFO [org.junit.Test] zero00247
2016-08-04 20:05:19,583 INFO [org.junit.Test] zero00248
2016-08-04 20:05:19,583 INFO [org.junit.Test] zero00249
2016-08-04 20:05:19,583 INFO [org.junit.Test] zero00250
2016-08-04 20:05:19,583 INFO [org.junit.Test] zero00251
2016-08-04 20:05:19,583 INFO [org.junit.Test] zero00252
2016-08-04 20:05:19,583 INFO [org.junit.Test] zero00253
2016-08-04 20:05:19,583 INFO [org.junit.Test] zero00254
2016-08-04 20:05:19,583 INFO [org.junit.Test] zero00255
2016-08-04 20:05:19,583 INFO [org.junit.Test] zero00256
2016-08-04 20:05:19,583 INFO [org.junit.Test] zero00257
2016-08-04 20:05:19,583 INFO [org.junit.Test] zero00258
2016-08-04 20:05:19,583 INFO [org.junit.Test] zero00259
2016-08-04 20:05:19,583 INFO [org.junit.Test] zero00260
2016-08-04 20:05:19,583 INFO [org.junit.Test] zero00261
2016-08-04 20:05:19,583 INFO [org.junit.Test] zero00262
2016-08-04 20:05:19,583 INFO [org.junit.Test] zero00263
2016-08-04 20:05:19,583 INFO [org.junit.Test] zero00264
2016-08-04 20:05:19,583 INFO [org.junit.Test] zero00265
2016-08-04 20:05:19,583 INFO [org.junit.Test] zero00266
2016-08-04 20:05:19,583 INFO [org.junit.Test] zero00267
2016-08-04 20:05:19,583 INFO [org.junit.Test] zero00268
2016-08-04 20:05:19,583 INFO [org.junit.Test] zero00269
2016-08-04 20:05:19,583 INFO [org.junit.Test] zero00270
2016-08-04 20:05:19,583 INFO [org.junit.Test] zero00271
2016-08-04 20:05:19,583 INFO [org.junit.Test] zero00272
2016-08-04 20:05:19,583 INFO [org.junit.Test] zero00273
2016-08-04 20:05:19,583 INFO [org.junit.Test] zero00274
2016-08-04 20:05:19,583 INFO [org.junit.Test] zero00275
2016-08-04 20:05:19,583 INFO [org.junit.Test] zero00276
2016-08-04 20:05:19,583 INFO [org.junit.Test] zero00277
2016-08-04 20:05:19,583 INFO [org.junit.Test] zero00278
2016-08-04 20:05:19,583 INFO [org.junit.Test] zero00279
2016-08-04 20:05:19,583 INFO [org.junit.Test] zero00280
2016-08-04 20:05:19,583 INFO [org.junit.Test] zero00281
2016-08-04 20:05:19,583 INFO [org.junit.Test] zero00282
2016-08-04 20:05:19,583 INFO [org.junit.Test] zero00283
2016-08-04 20:05:19,583 INFO [org.junit.Test] zero00284
2016-08-04 20:05:19,583 INFO [org.junit.Test] zero00285
2016-08-04 20:05:19,583 INFO [org.junit.Test] zero00286
2016-08-04 20:05:19,583 INFO [org.junit.Test] zero00287
2016-08-04 20:05:19,583 INFO [org.junit.Test] zero00288
2016-08-04 20:05:19,583 INFO [org.junit.Test] zero00289
2016-08-04 20:05:19,583 INFO [org.junit.Test] zero00290
2016-08-04 20:05:19,583 INFO [org.junit.Test] zero00291
2016-08-04 20:05:19,583 INFO [org.junit.Test] zero00292
2016-08-04 20:05:19,583 INFO [org.junit.Test] zero00293
2016-08-04 20:05:19,583 INFO [org.junit.Test] zero00294
2016-08-04 20:05:19,583 INFO [org.junit.Test] zero00295
2016-08-04 20:05:19,583 INFO [org.junit.Test] zero00296
2016-08-04 20:05:19,583 INFO [org.junit.Test] zero00297
2016-08-04 20:05:19,583 INFO [org.junit.Test] zero00298
2016-08-04 20:05:19,583 INFO [org.junit.Test] zero00299
2016-08-04 20:05:19,583 INFO [org.junit.Test] zero00300
2016-08-04 20:05:19,583 INFO [org.junit.Test] zero00301
2016-08-04 20:05:19,583 INFO [org.junit.Test] zero00302
2016-08-04 20:05:19,583 INFO [org.junit.Test] zero00303
2016-08-04 20:05:19,583 INFO [org.junit.Test] zero00304
2016-08-04 20:05:19,583 INFO [org.junit.Test] zero00305
2016-08-04 20:05:19,583 INFO [org.junit.Test] zero00306
2016-08-04 20:05:19,583 INFO [org.junit.Test] zero00307
2016-08-04 20:05:19,583 INFO [org.junit.Test] zero00308
2016-08-04 20:05:19,583 INFO [org.junit.Test] zero00309
2016-08-04 20:05:19,583 INFO [org.junit.Test] zero00310
2016-08-04 20:05:19,583 INFO [org.junit.Test] zero00311
2016-08-04 20:05:19,583 INFO [org.junit.Test] zero00312
2016-08-04 20:05:19,583 INFO [org.junit.Test] zero00313
2016-08-04 20:05:19,583 INFO [org.junit.Test] zero00314
2016-08-04 20:05:19,583 INFO [org.junit.Test] zero00315
2016-08-04 20:05:19,583 INFO [org.junit.Test] zero00316
2016-08-04 20:05:19,583 INFO [org.junit.Test] zero00317
2016-08-04 20:05:19,583 INFO [org.junit.Test] zero00318
2016-08-04 20:05:19,583 INFO [org.junit.Test] zero00319
2016-08-04 20:05:19,584 INFO [org.junit.Test] zero00320
2016-08-04 20:05:19,584 INFO [org.junit.Test] zero00321
2016-08-04 20:05:19,584 INFO [org.junit.Test] zero00322
2016-08-04 20:05:19,584 INFO [org.junit.Test] zero00323
2016-08-04 20:05:19,584 INFO [org.junit.Test] zero00324
2016-08-04 20:05:19,584 INFO [org.junit.Test] zero00325
2016-08-04 20:05:19,584 INFO [org.junit.Test] zero00326
2016-08-04 20:05:19,584 INFO [org.junit.Test] zero00327
2016-08-04 20:05:19,584 INFO [org.junit.Test] zero00328
2016-08-04 20:05:19,584 INFO [org.junit.Test] zero00329
2016-08-04 20:05:19,584 INFO [org.junit.Test] zero00330
2016-08-04 20:05:19,584 INFO [org.junit.Test] zero00331
2016-08-04 20:05:19,584 INFO [org.junit.Test] zero00332
2016-08-04 20:05:19,584 INFO [org.junit.Test] zero00333
2016-08-04 20:05:19,584 INFO [org.junit.Test] zero00334
2016-08-04 20:05:19,584 INFO [org.junit.Test] zero00335
2016-08-04 20:05:19,584 INFO [org.junit.Test] zero00336
2016-08-04 20:05:19,584 INFO [org.junit.Test] zero00337
2016-08-04 20:05:19,584 INFO [org.junit.Test] zero00338
2016-08-04 20:05:19,584 INFO [org.junit.Test] zero00339
2016-08-04 20:05:19,584 INFO [org.junit.Test] zero00340
2016-08-04 20:05:19,584 INFO [org.junit.Test] zero00341
2016-08-04 20:05:19,584 INFO [org.junit.Test] zero00342
2016-08-04 20:05:19,584 INFO [org.junit.Test] zero00343
2016-08-04 20:05:19,584 INFO [org.junit.Test] zero00344
2016-08-04 20:05:19,584 INFO [org.junit.Test] zero00345
2016-08-04 20:05:19,584 INFO [org.junit.Test] zero00346
2016-08-04 20:05:19,584 INFO [org.junit.Test] zero00347
2016-08-04 20:05:19,584 INFO [org.junit.Test] zero00348
2016-08-04 20:05:19,584 INFO [org.junit.Test] zero00349
2016-08-04 20:05:19,584 INFO [org.junit.Test] zero00350
2016-08-04 20:05:19,584 INFO [org.junit.Test] zero00351
2016-08-04 20:05:19,584 INFO [org.junit.Test] zero00352
2016-08-04 20:05:19,584 INFO [org.junit.Test] zero00353
2016-08-04 20:05:19,584 INFO [org.junit.Test] zero00354
2016-08-04 20:05:19,584 INFO [org.junit.Test] zero00355
2016-08-04 20:05:19,584 INFO [org.junit.Test] zero00356
2016-08-04 20:05:19,584 INFO [org.junit.Test] zero00357
2016-08-04 20:05:19,584 INFO [org.junit.Test] zero00358
2016-08-04 20:05:19,584 INFO [org.junit.Test] zero00359
2016-08-04 20:05:19,584 INFO [org.junit.Test] zero00360
2016-08-04 20:05:19,584 INFO [org.junit.Test] zero00361
2016-08-04 20:05:19,584 INFO [org.junit.Test] zero00362
2016-08-04 20:05:19,584 INFO [org.junit.Test] zero00363
2016-08-04 20:05:19,584 INFO [org.junit.Test] zero00364
2016-08-04 20:05:19,584 INFO [org.junit.Test] zero00365
2016-08-04 20:05:19,584 INFO [org.junit.Test] zero00366
2016-08-04 20:05:19,584 INFO [org.junit.Test] zero00367
2016-08-04 20:05:19,584 INFO [org.junit.Test] zero00368
2016-08-04 20:05:19,584 INFO [org.junit.Test] zero00369
2016-08-04 20:05:19,584 INFO [org.junit.Test] zero00370
2016-08-04 20:05:19,584 INFO [org.junit.Test] zero00371
2016-08-04 20:05:19,584 INFO [org.junit.Test] zero00372
2016-08-04 20:05:19,584 INFO [org.junit.Test] zero00373
2016-08-04 20:05:19,584 INFO [org.junit.Test] zero00374
2016-08-04 20:05:19,584 INFO [org.junit.Test] zero00375
2016-08-04 20:05:19,584 INFO [org.junit.Test] zero00376
2016-08-04 20:05:19,584 INFO [org.junit.Test] zero00377
2016-08-04 20:05:19,584 INFO [org.junit.Test] zero00378
2016-08-04 20:05:19,584 INFO [org.junit.Test] zero00379
2016-08-04 20:05:19,584 INFO [org.junit.Test] zero00380
2016-08-04 20:05:19,584 INFO [org.junit.Test] zero00381
2016-08-04 20:05:19,584 INFO [org.junit.Test] zero00382
2016-08-04 20:05:19,584 INFO [org.junit.Test] zero00383
2016-08-04 20:05:19,584 INFO [org.junit.Test] zero00384
2016-08-04 20:05:19,584 INFO [org.junit.Test] zero00385
2016-08-04 20:05:19,584 INFO [org.junit.Test] zero00386
2016-08-04 20:05:19,584 INFO [org.junit.Test] zero00387
2016-08-04 20:05:19,584 INFO [org.junit.Test] zero00388
2016-08-04 20:05:19,584 INFO [org.junit.Test] zero00389
2016-08-04 20:05:19,584 INFO [org.junit.Test] zero00390
2016-08-04 20:05:19,584 INFO [org.junit.Test] zero00391
2016-08-04 20:05:19,584 INFO [org.junit.Test] zero00392
2016-08-04 20:05:19,584 INFO [org.junit.Test] zero00393
2016-08-04 20:05:19,584 INFO [org.junit.Test] zero00394
2016-08-04 20:05:19,584 INFO [org.junit.Test] zero00395
2016-08-04 20:05:19,584 INFO [org.junit.Test] zero00396
2016-08-04 20:05:19,584 INFO [org.junit.Test] zero00397
2016-08-04 20:05:19,584 INFO [org.junit.Test] zero00398
2016-08-04 20:05:19,584 INFO [org.junit.Test] zero00399
2016-08-04 20:05:19,584 INFO [org.junit.Test] zero00400
2016-08-04 20:05:19,584 INFO [org.junit.Test] zero00401
2016-08-04 20:05:19,584 INFO [org.junit.Test] zero00402
2016-08-04 20:05:19,584 INFO [org.junit.Test] zero00403
2016-08-04 20:05:19,584 INFO [org.junit.Test] zero00404
2016-08-04 20:05:19,584 INFO [org.junit.Test] zero00405
2016-08-04 20:05:19,584 INFO [org.junit.Test] zero00406
2016-08-04 20:05:19,584 INFO [org.junit.Test] zero00407
2016-08-04 20:05:19,584 INFO [org.junit.Test] zero00408
2016-08-04 20:05:19,584 INFO [org.junit.Test] zero00409
2016-08-04 20:05:19,584 INFO [org.junit.Test] zero00410
2016-08-04 20:05:19,584 INFO [org.junit.Test] zero00411
2016-08-04 20:05:19,584 INFO [org.junit.Test] zero00412
2016-08-04 20:05:19,584 INFO [org.junit.Test] zero00413
2016-08-04 20:05:19,584 INFO [org.junit.Test] zero00414
2016-08-04 20:05:19,584 INFO [org.junit.Test] zero00415
2016-08-04 20:05:19,584 INFO [org.junit.Test] zero00416
2016-08-04 20:05:19,584 INFO [org.junit.Test] zero00417
2016-08-04 20:05:19,584 INFO [org.junit.Test] zero00418
2016-08-04 20:05:19,584 INFO [org.junit.Test] zero00419
2016-08-04 20:05:19,584 INFO [org.junit.Test] zero00420
2016-08-04 20:05:19,584 INFO [org.junit.Test] zero00421
2016-08-04 20:05:19,584 INFO [org.junit.Test] zero00422
2016-08-04 20:05:19,584 INFO [org.junit.Test] zero00423
2016-08-04 20:05:19,584 INFO [org.junit.Test] zero00424
2016-08-04 20:05:19,584 INFO [org.junit.Test] zero00425
2016-08-04 20:05:19,584 INFO [org.junit.Test] zero00426
2016-08-04 20:05:19,584 INFO [org.junit.Test] zero00427
2016-08-04 20:05:19,584 INFO [org.junit.Test] zero00428
2016-08-04 20:05:19,584 INFO [org.junit.Test] zero00429
2016-08-04 20:05:19,584 INFO [org.junit.Test] zero00430
2016-08-04 20:05:19,584 INFO [org.junit.Test] zero00431
2016-08-04 20:05:19,584 INFO [org.junit.Test] zero00432
2016-08-04 20:05:19,584 INFO [org.junit.Test] zero00433
2016-08-04 20:05:19,584 INFO [org.junit.Test] zero00434
2016-08-04 20:05:19,584 INFO [org.junit.Test] zero00435
2016-08-04 20:05:19,584 INFO [org.junit.Test] zero00436
2016-08-04 20:05:19,584 INFO [org.junit.Test] zero00437
2016-08-04 20:05:19,584 INFO [org.junit.Test] zero00438
2016-08-04 20:05:19,584 INFO [org.junit.Test] zero00439
2016-08-04 20:05:19,584 INFO [org.junit.Test] zero00440
2016-08-04 20:05:19,584 INFO [org.junit.Test] zero00441
2016-08-04 20:05:19,584 INFO [org.junit.Test] zero00442
2016-08-04 20:05:19,584 INFO [org.junit.Test] zero00443
2016-08-04 20:05:19,584 INFO [org.junit.Test] zero00444
2016-08-04 20:05:19,584 INFO [org.junit.Test] zero00445
2016-08-04 20:05:19,584 INFO [org.junit.Test] zero00446
2016-08-04 20:05:19,584 INFO [org.junit.Test] zero00447
2016-08-04 20:05:19,584 INFO [org.junit.Test] zero00448
2016-08-04 20:05:19,584 INFO [org.junit.Test] zero00449
2016-08-04 20:05:19,584 INFO [org.junit.Test] zero00450
2016-08-04 20:05:19,584 INFO [org.junit.Test] zero00451
2016-08-04 20:05:19,584 INFO [org.junit.Test] zero00452
2016-08-04 20:05:19,584 INFO [org.junit.Test] zero00453
2016-08-04 20:05:19,584 INFO [org.junit.Test] zero00454
2016-08-04 20:05:19,584 INFO [org.junit.Test] zero00455
2016-08-04 20:05:19,584 INFO [org.junit.Test] zero00456
2016-08-04 20:05:19,584 INFO [org.junit.Test] zero00457
2016-08-04 20:05:19,584 INFO [org.junit.Test] zero00458
2016-08-04 20:05:19,584 INFO [org.junit.Test] zero00459
2016-08-04 20:05:19,584 INFO [org.junit.Test] zero00460
2016-08-04 20:05:19,584 INFO [org.junit.Test] zero00461
2016-08-04 20:05:19,584 INFO [org.junit.Test] zero00462
2016-08-04 20:05:19,584 INFO [org.junit.Test] zero00463
2016-08-04 20:05:19,584 INFO [org.junit.Test] zero00464
2016-08-04 20:05:19,584 INFO [org.junit.Test] zero00465
2016-08-04 20:05:19,584 INFO [org.junit.Test] zero00466
2016-08-04 20:05:19,584 INFO [org.junit.Test] zero00467
2016-08-04 20:05:19,584 INFO [org.junit.Test] zero00468
2016-08-04 20:05:19,584 INFO [org.junit.Test] zero00469
2016-08-04 20:05:19,584 INFO [org.junit.Test] zero00470
2016-08-04 20:05:19,584 INFO [org.junit.Test] zero00471
2016-08-04 20:05:19,584 INFO [org.junit.Test] zero00472
2016-08-04 20:05:19,584 INFO [org.junit.Test] zero00473
2016-08-04 20:05:19,584 INFO [org.junit.Test] zero00474
2016-08-04 20:05:19,584 INFO [org.junit.Test] zero00475
2016-08-04 20:05:19,584 INFO [org.junit.Test] zero00476
2016-08-04 20:05:19,584 INFO [org.junit.Test] zero00477
2016-08-04 20:05:19,584 INFO [org.junit.Test] zero00478
2016-08-04 20:05:19,584 INFO [org.junit.Test] zero00479
2016-08-04 20:05:19,584 INFO [org.junit.Test] zero00480
2016-08-04 20:05:19,584 INFO [org.junit.Test] zero00481
2016-08-04 20:05:19,584 INFO [org.junit.Test] zero00482
2016-08-04 20:05:19,584 INFO [org.junit.Test] zero00483
2016-08-04 20:05:19,584 INFO [org.junit.Test] zero00484
2016-08-04 20:05:19,584 INFO [org.junit.Test] zero00485
2016-08-04 20:05:19,584 INFO [org.junit.Test] zero00486
2016-08-04 20:05:19,584 INFO [org.junit.Test] zero00487
2016-08-04 20:05:19,584 INFO [org.junit.Test] zero00488
2016-08-04 20:05:19,584 INFO [org.junit.Test] zero00489
2016-08-04 20:05:19,584 INFO [org.junit.Test] zero00490
2016-08-04 20:05:19,584 INFO [org.junit.Test] zero00491
2016-08-04 20:05:19,584 INFO [org.junit.Test] zero00492
2016-08-04 20:05:19,584 INFO [org.junit.Test] zero00493
2016-08-04 20:05:19,584 INFO [org.junit.Test] zero00494
2016-08-04 20:05:19,584 INFO [org.junit.Test] zero00495
2016-08-04 20:05:19,584 INFO [org.junit.Test] zero00496
2016-08-04 20:05:19,584 INFO [org.junit.Test] zero00497
2016-08-04 20:05:19,584 INFO [org.junit.Test] zero00498
2016-08-04 20:05:19,584 INFO [org.junit.Test] zero00499
2016-08-04 20:05:19,584 INFO [org.junit.Test] zero00500
2016-08-04 20:05:19,584 INFO [org.junit.Test] zero00501
2016-08-04 20:05:19,584 INFO [org.junit.Test] zero00502
2016-08-04 20:05:19,584 INFO [org.junit.Test] zero00503
2016-08-04 20:05:19,584 INFO [org.junit.Test] zero00504
2016-08-04 20:05:19,584 INFO [org.junit.Test] zero00505
2016-08-04 20:05:19,584 INFO [org.junit.Test] zero00506
2016-08-04 20:05:19,584 INFO [org.junit.Test] zero00507
2016-08-04 20:05:19,584 INFO [org.junit.Test] zero00508
2016-08-04 20:05:19,584 INFO [org.junit.Test] zero00509
2016-08-04 20:05:19,584 INFO [org.junit.Test] zero00510
2016-08-04 20:05:19,584 INFO [org.junit.Test] zero00511
2016-08-04 20:05:19,584 INFO [org.junit.Test] zero00512
2016-08-04 20:05:19,584 INFO [org.junit.Test] zero00513
2016-08-04 20:05:19,584 INFO [org.junit.Test] zero00514
2016-08-04 20:05:19,584 INFO [org.junit.Test] zero00515
2016-08-04 20:05:19,584 INFO [org.junit.Test] zero00516
2016-08-04 20:05:19,584 INFO [org.junit.Test] zero00517
2016-08-04 20:05:19,584 INFO [org.junit.Test] zero00518
2016-08-04 20:05:19,584 INFO [org.junit.Test] zero00519
2016-08-04 20:05:19,584 INFO [org.junit.Test] zero00520
2016-08-04 20:05:19,584 INFO [org.junit.Test] zero00521
2016-08-04 20:05:19,584 INFO [org.junit.Test] zero00522
2016-08-04 20:05:19,584 INFO [org.junit.Test] zero00523
2016-08-04 20:05:19,584 INFO [org.junit.Test] zero00524
2016-08-04 20:05:19,584 INFO [org.junit.Test] zero00525
2016-08-04 20:05:19,584 INFO [org.junit.Test] zero00526
2016-08-04 20:05:19,584 INFO [org.junit.Test] zero00527
2016-08-04 20:05:19,584 INFO [org.junit.Test] zero00528
2016-08-04 20:05:19,584 INFO [org.junit.Test] zero00529
2016-08-04 20:05:19,584 INFO [org.junit.Test] zero00530
2016-08-04 20:05:19,584 INFO [org.junit.Test] zero00531
2016-08-04 20:05:19,584 INFO [org.junit.Test] zero00532
2016-08-04 20:05:19,584 INFO [org.junit.Test] zero00533
2016-08-04 20:05:19,584 INFO [org.junit.Test] zero00534
2016-08-04 20:05:19,584 INFO [org.junit.Test] zero00535
2016-08-04 20:05:19,584 INFO [org.junit.Test] zero00536
2016-08-04 20:05:19,584 INFO [org.junit.Test] zero00537
2016-08-04 20:05:19,584 INFO [org.junit.Test] zero00538
2016-08-04 20:05:19,584 INFO [org.junit.Test] zero00539
2016-08-04 20:05:19,584 INFO [org.junit.Test] zero00540
2016-08-04 20:05:19,584 INFO [org.junit.Test] zero00541
2016-08-04 20:05:19,584 INFO [org.junit.Test] zero00542
2016-08-04 20:05:19,584 INFO [org.junit.Test] zero00543
2016-08-04 20:05:19,584 INFO [org.junit.Test] zero00544
2016-08-04 20:05:19,584 INFO [org.junit.Test] zero00545
2016-08-04 20:05:19,584 INFO [org.junit.Test] zero00546
2016-08-04 20:05:19,584 INFO [org.junit.Test] zero00547
2016-08-04 20:05:19,584 INFO [org.junit.Test] zero00548
2016-08-04 20:05:19,584 INFO [org.junit.Test] zero00549
2016-08-04 20:05:19,584 INFO [org.junit.Test] zero00550
2016-08-04 20:05:19,584 INFO [org.junit.Test] zero00551
2016-08-04 20:05:19,584 INFO [org.junit.Test] zero00552
2016-08-04 20:05:19,584 INFO [org.junit.Test] zero00553
2016-08-04 20:05:19,584 INFO [org.junit.Test] zero00554
2016-08-04 20:05:19,584 INFO [org.junit.Test] zero00555
2016-08-04 20:05:19,584 INFO [org.junit.Test] zero00556
2016-08-04 20:05:19,584 INFO [org.junit.Test] zero00557
2016-08-04 20:05:19,584 INFO [org.junit.Test] zero00558
2016-08-04 20:05:19,584 INFO [org.junit.Test] zero00559
2016-08-04 20:05:19,584 INFO [org.junit.Test] zero00560
2016-08-04 20:05:19,584 INFO [org.junit.Test] zero00561
2016-08-04 20:05:19,584 INFO [org.junit.Test] zero00562
2016-08-04 20:05:19,584 INFO [org.junit.Test] zero00563
2016-08-04 20:05:19,584 INFO [org.junit.Test] zero00564
2016-08-04 20:05:19,584 INFO [org.junit.Test] zero00565
2016-08-04 20:05:19,584 INFO [org.junit.Test] zero00566
2016-08-04 20:05:19,584 INFO [org.junit.Test] zero00567
2016-08-04 20:05:19,584 INFO [org.junit.Test] zero00568
2016-08-04 20:05:19,584 INFO [org.junit.Test] zero00569
2016-08-04 20:05:19,584 INFO [org.junit.Test] zero00570
2016-08-04 20:05:19,584 INFO [org.junit.Test] zero00571
2016-08-04 20:05:19,584 INFO [org.junit.Test] zero00572
2016-08-04 20:05:19,584 INFO [org.junit.Test] zero00573
2016-08-04 20:05:19,584 INFO [org.junit.Test] zero00574
2016-08-04 20:05:19,584 INFO [org.junit.Test] zero00575
2016-08-04 20:05:19,584 INFO [org.junit.Test] zero00576
2016-08-04 20:05:19,584 INFO [org.junit.Test] zero00577
2016-08-04 20:05:19,584 INFO [org.junit.Test] zero00578
2016-08-04 20:05:19,584 INFO [org.junit.Test] zero00579
2016-08-04 20:05:19,584 INFO [org.junit.Test] zero00580
2016-08-04 20:05:19,584 INFO [org.junit.Test] zero00581
2016-08-04 20:05:19,584 INFO [org.junit.Test] zero00582
2016-08-04 20:05:19,584 INFO [org.junit.Test] zero00583
2016-08-04 20:05:19,584 INFO [org.junit.Test] zero00584
2016-08-04 20:05:19,584 INFO [org.junit.Test] zero00585
2016-08-04 20:05:19,584 INFO [org.junit.Test] zero00586
2016-08-04 20:05:19,584 INFO [org.junit.Test] zero00587
2016-08-04 20:05:19,584 INFO [org.junit.Test] zero00588
2016-08-04 20:05:19,584 INFO [org.junit.Test] zero00589
2016-08-04 20:05:19,584 INFO [org.junit.Test] zero00590
2016-08-04 20:05:19,584 INFO [org.junit.Test] zero00591
2016-08-04 20:05:19,584 INFO [org.junit.Test] zero00592
2016-08-04 20:05:19,584 INFO [org.junit.Test] zero00593
2016-08-04 20:05:19,584 INFO [org.junit.Test] zero00594
2016-08-04 20:05:19,584 INFO [org.junit.Test] zero00595
2016-08-04 20:05:19,584 INFO [org.junit.Test] zero00596
2016-08-04 20:05:19,584 INFO [org.junit.Test] zero00597
2016-08-04 20:05:19,584 INFO [org.junit.Test] zero00598
2016-08-04 20:05:19,584 INFO [org.junit.Test] zero00599
2016-08-04 20:05:19,584 INFO [org.junit.Test] zero00600
2016-08-04 20:05:19,584 INFO [org.junit.Test] zero00601
2016-08-04 20:05:19,584 INFO [org.junit.Test] zero00602
2016-08-04 20:05:19,584 INFO [org.junit.Test] zero00603
2016-08-04 20:05:19,584 INFO [org.junit.Test] zero00604
2016-08-04 20:05:19,584 INFO [org.junit.Test] zero00605
2016-08-04 20:05:19,584 INFO [org.junit.Test] zero00606
2016-08-04 20:05:19,584 INFO [org.junit.Test] zero00607
2016-08-04 20:05:19,584 INFO [org.junit.Test] zero00608
2016-08-04 20:05:19,584 INFO [org.junit.Test] zero00609
2016-08-04 20:05:19,584 INFO [org.junit.Test] zero00610
2016-08-04 20:05:19,584 INFO [org.junit.Test] zero00611
2016-08-04 20:05:19,584 INFO [org.junit.Test] zero00612
2016-08-04 20:05:19,584 INFO [org.junit.Test] zero00613
2016-08-04 20:05:19,584 INFO [org.junit.Test] zero00614
2016-08-04 20:05:19,584 INFO [org.junit.Test] zero00615
2016-08-04 20:05:19,584 INFO [org.junit.Test] zero00616
2016-08-04 20:05:19,584 INFO [org.junit.Test] zero00617
2016-08-04 20:05:19,584 INFO [org.junit.Test] zero00618
2016-08-04 20:05:19,584 INFO [org.junit.Test] zero00619
2016-08-04 20:05:19,584 INFO [org.junit.Test] zero00620
2016-08-04 20:05:19,584 INFO [org.junit.Test] zero00621
2016-08-04 20:05:19,584 INFO [org.junit.Test] zero00622
2016-08-04 20:05:19,584 INFO [org.junit.Test] zero00623
2016-08-04 20:05:19,584 INFO [org.junit.Test] zero00624
2016-08-04 20:05:19,584 INFO [org.junit.Test] zero00625
2016-08-04 20:05:19,584 INFO [org.junit.Test] zero00626
2016-08-04 20:05:19,584 INFO [org.junit.Test] zero00627
2016-08-04 20:05:19,584 INFO [org.junit.Test] zero00628
2016-08-04 20:05:19,584 INFO [org.junit.Test] zero00629
2016-08-04 20:05:19,584 INFO [org.junit.Test] zero00630
2016-08-04 20:05:19,584 INFO [org.junit.Test] zero00631
2016-08-04 20:05:19,584 INFO [org.junit.Test] zero00632
2016-08-04 20:05:19,584 INFO [org.junit.Test] zero00633
2016-08-04 20:05:19,584 INFO [org.junit.Test] zero00634
2016-08-04 20:05:19,584 INFO [org.junit.Test] zero00635
2016-08-04 20:05:19,584 INFO [org.junit.Test] zero00636
2016-08-04 20:05:19,584 INFO [org.junit.Test] zero00637
2016-08-04 20:05:19,584 INFO [org.junit.Test] zero00638
2016-08-04 20:05:19,584 INFO [org.junit.Test] zero00639
2016-08-04 20:05:19,584 INFO [org.junit.Test] zero00640
2016-08-04 20:05:19,584 INFO [org.junit.Test] zero00641
2016-08-04 20:05:19,584 INFO [org.junit.Test] zero00642
2016-08-04 20:05:19,584 INFO [org.junit.Test] zero00643
2016-08-04 20:05:19,584 INFO [org.junit.Test] zero00644
2016-08-04 20:05:19,584 INFO [org.junit.Test] zero00645
2016-08-04 20:05:19,584 INFO [org.junit.Test] zero00646
2016-08-04 20:05:19,584 INFO [org.junit.Test] zero00647
2016-08-04 20:05:19,584 INFO [org.junit.Test] zero00648
2016-08-04 20:05:19,584 INFO [org.junit.Test] zero00649
2016-08-04 20:05:19,584 INFO [org.junit.Test] zero00650
2016-08-04 20:05:19,584 INFO [org.junit.Test] zero00651
2016-08-04 20:05:19,584 INFO [org.junit.Test] zero00652
2016-08-04 20:05:19,584 INFO [org.junit.Test] zero00653
2016-08-04 20:05:19,584 INFO [org.junit.Test] zero00654
2016-08-04 20:05:19,584 INFO [org.junit.Test] zero00655
2016-08-04 20:05:19,584 INFO [org.junit.Test] zero00656
2016-08-04 20:05:19,584 INFO [org.junit.Test] zero00657
2016-08-04 20:05:19,584 INFO [org.junit.Test] zero00658
2016-08-04 20:05:19,584 INFO [org.junit.Test] zero00659
2016-08-04 20:05:19,584 INFO [org.junit.Test] zero00660
2016-08-04 20:05:19,584 INFO [org.junit.Test] zero00661
2016-08-04 20:05:19,584 INFO [org.junit.Test] zero00662
2016-08-04 20:05:19,584 INFO [org.junit.Test] zero00663
2016-08-04 20:05:19,585 INFO [org.junit.Test] zero00664
2016-08-04 20:05:19,585 INFO [org.junit.Test] zero00665
2016-08-04 20:05:19,585 INFO [org.junit.Test] zero00666
2016-08-04 20:05:19,585 INFO [org.junit.Test] zero00667
2016-08-04 20:05:19,585 INFO [org.junit.Test] zero00668
2016-08-04 20:05:19,585 INFO [org.junit.Test] zero00669
2016-08-04 20:05:19,585 INFO [org.junit.Test] zero00670
2016-08-04 20:05:19,585 INFO [org.junit.Test] zero00671
2016-08-04 20:05:19,585 INFO [org.junit.Test] zero00672
2016-08-04 20:05:19,585 INFO [org.junit.Test] zero00673
2016-08-04 20:05:19,585 INFO [org.junit.Test] zero00674
2016-08-04 20:05:19,585 INFO [org.junit.Test] zero00675
2016-08-04 20:05:19,585 INFO [org.junit.Test] zero00676
2016-08-04 20:05:19,585 INFO [org.junit.Test] zero00677
2016-08-04 20:05:19,585 INFO [org.junit.Test] zero00678
2016-08-04 20:05:19,585 INFO [org.junit.Test] zero00679
2016-08-04 20:05:19,585 INFO [org.junit.Test] zero00680
2016-08-04 20:05:19,585 INFO [org.junit.Test] zero00681
2016-08-04 20:05:19,585 INFO [org.junit.Test] zero00682
2016-08-04 20:05:19,585 INFO [org.junit.Test] zero00683
2016-08-04 20:05:19,585 INFO [org.junit.Test] zero00684
2016-08-04 20:05:19,585 INFO [org.junit.Test] zero00685
2016-08-04 20:05:19,585 INFO [org.junit.Test] zero00686
2016-08-04 20:05:19,585 INFO [org.junit.Test] zero00687
2016-08-04 20:05:19,585 INFO [org.junit.Test] zero00688
2016-08-04 20:05:19,585 INFO [org.junit.Test] zero00689
2016-08-04 20:05:19,585 INFO [org.junit.Test] zero00690
2016-08-04 20:05:19,585 INFO [org.junit.Test] zero00691
2016-08-04 20:05:19,585 INFO [org.junit.Test] zero00692
2016-08-04 20:05:19,585 INFO [org.junit.Test] zero00693
2016-08-04 20:05:19,585 INFO [org.junit.Test] zero00694
2016-08-04 20:05:19,585 INFO [org.junit.Test] zero00695
2016-08-04 20:05:19,585 INFO [org.junit.Test] zero00696
2016-08-04 20:05:19,585 INFO [org.junit.Test] zero00697
2016-08-04 20:05:19,585 INFO [org.junit.Test] zero00698
2016-08-04 20:05:19,585 INFO [org.junit.Test] zero00699
2016-08-04 20:05:19,585 INFO [org.junit.Test] zero00700
2016-08-04 20:05:19,585 INFO [org.junit.Test] zero00701
2016-08-04 20:05:19,585 INFO [org.junit.Test] zero00702
2016-08-04 20:05:19,585 INFO [org.junit.Test] zero00703
2016-08-04 20:05:19,585 INFO [org.junit.Test] zero00704
2016-08-04 20:05:19,585 INFO [org.junit.Test] zero00705
2016-08-04 20:05:19,585 INFO [org.junit.Test] zero00706
2016-08-04 20:05:19,585 INFO [org.junit.Test] zero00707
2016-08-04 20:05:19,585 INFO [org.junit.Test] zero00708
2016-08-04 20:05:19,585 INFO [org.junit.Test] zero00709
2016-08-04 20:05:19,585 INFO [org.junit.Test] zero00710
2016-08-04 20:05:19,585 INFO [org.junit.Test] zero00711
2016-08-04 20:05:19,585 INFO [org.junit.Test] zero00712
2016-08-04 20:05:19,585 INFO [org.junit.Test] zero00713
2016-08-04 20:05:19,585 INFO [org.junit.Test] zero00714
2016-08-04 20:05:19,585 INFO [org.junit.Test] zero00715
2016-08-04 20:05:19,585 INFO [org.junit.Test] zero00716
2016-08-04 20:05:19,585 INFO [org.junit.Test] zero00717
2016-08-04 20:05:19,585 INFO [org.junit.Test] zero00718
2016-08-04 20:05:19,585 INFO [org.junit.Test] zero00719
2016-08-04 20:05:19,585 INFO [org.junit.Test] zero00720
2016-08-04 20:05:19,585 INFO [org.junit.Test] zero00721
2016-08-04 20:05:19,585 INFO [org.junit.Test] zero00722
2016-08-04 20:05:19,585 INFO [org.junit.Test] zero00723
2016-08-04 20:05:19,585 INFO [org.junit.Test] zero00724
2016-08-04 20:05:19,585 INFO [org.junit.Test] zero00725
2016-08-04 20:05:19,585 INFO [org.junit.Test] zero00726
2016-08-04 20:05:19,585 INFO [org.junit.Test] zero00727
2016-08-04 20:05:19,585 INFO [org.junit.Test] zero00728
2016-08-04 20:05:19,585 INFO [org.junit.Test] zero00729
2016-08-04 20:05:19,585 INFO [org.junit.Test] zero00730
2016-08-04 20:05:19,585 INFO [org.junit.Test] zero00731
2016-08-04 20:05:19,585 INFO [org.junit.Test] zero00732
2016-08-04 20:05:19,585 INFO [org.junit.Test] zero00733
2016-08-04 20:05:19,585 INFO [org.junit.Test] zero00734
2016-08-04 20:05:19,585 INFO [org.junit.Test] zero00735
2016-08-04 20:05:19,585 INFO [org.junit.Test] zero00736
2016-08-04 20:05:19,585 INFO [org.junit.Test] zero00737
2016-08-04 20:05:19,585 INFO [org.junit.Test] zero00738
2016-08-04 20:05:19,585 INFO [org.junit.Test] zero00739
2016-08-04 20:05:19,585 INFO [org.junit.Test] zero00740
2016-08-04 20:05:19,585 INFO [org.junit.Test] zero00741
2016-08-04 20:05:19,585 INFO [org.junit.Test] zero00742
2016-08-04 20:05:19,585 INFO [org.junit.Test] zero00743
2016-08-04 20:05:19,585 INFO [org.junit.Test] zero00744
2016-08-04 20:05:19,585 INFO [org.junit.Test] zero00745
2016-08-04 20:05:19,585 INFO [org.junit.Test] zero00746
2016-08-04 20:05:19,585 INFO [org.junit.Test] zero00747
2016-08-04 20:05:19,585 INFO [org.junit.Test] zero00748
2016-08-04 20:05:19,585 INFO [org.junit.Test] zero00749
2016-08-04 20:05:19,585 INFO [org.junit.Test] zero00750
2016-08-04 20:05:19,585 INFO [org.junit.Test] zero00751
2016-08-04 20:05:19,585 INFO [org.junit.Test] zero00752
2016-08-04 20:05:19,585 INFO [org.junit.Test] zero00753
2016-08-04 20:05:19,585 INFO [org.junit.Test] zero00754
2016-08-04 20:05:19,585 INFO [org.junit.Test] zero00755
2016-08-04 20:05:19,585 INFO [org.junit.Test] zero00756
2016-08-04 20:05:19,585 INFO [org.junit.Test] zero00757
2016-08-04 20:05:19,585 INFO [org.junit.Test] zero00758
2016-08-04 20:05:19,585 INFO [org.junit.Test] zero00759
2016-08-04 20:05:19,585 INFO [org.junit.Test] zero00760
2016-08-04 20:05:19,585 INFO [org.junit.Test] zero00761
2016-08-04 20:05:19,585 INFO [org.junit.Test] zero00762
2016-08-04 20:05:19,585 INFO [org.junit.Test] zero00763
2016-08-04 20:05:19,585 INFO [org.junit.Test] zero00764
2016-08-04 20:05:19,585 INFO [org.junit.Test] zero00765
2016-08-04 20:05:19,585 INFO [org.junit.Test] zero00766
2016-08-04 20:05:19,585 INFO [org.junit.Test] zero00767
2016-08-04 20:05:19,585 INFO [org.junit.Test] zero00768
2016-08-04 20:05:19,585 INFO [org.junit.Test] zero00769
2016-08-04 20:05:19,585 INFO [org.junit.Test] zero00770
2016-08-04 20:05:19,585 INFO [org.junit.Test] zero00771
2016-08-04 20:05:19,585 INFO [org.junit.Test] zero00772
2016-08-04 20:05:19,585 INFO [org.junit.Test] zero00773
2016-08-04 20:05:19,585 INFO [org.junit.Test] zero00774
2016-08-04 20:05:19,585 INFO [org.junit.Test] zero00775
2016-08-04 20:05:19,585 INFO [org.junit.Test] zero00776
2016-08-04 20:05:19,585 INFO [org.junit.Test] zero00777
2016-08-04 20:05:19,585 INFO [org.junit.Test] zero00778
2016-08-04 20:05:19,585 INFO [org.junit.Test] zero00779
2016-08-04 20:05:19,585 INFO [org.junit.Test] zero00780
2016-08-04 20:05:19,585 INFO [org.junit.Test] zero00781
2016-08-04 20:05:19,585 INFO [org.junit.Test] zero00782
2016-08-04 20:05:19,585 INFO [org.junit.Test] zero00783
2016-08-04 20:05:19,585 INFO [org.junit.Test] zero00784
2016-08-04 20:05:19,585 INFO [org.junit.Test] zero00785
2016-08-04 20:05:19,585 INFO [org.junit.Test] zero00786
2016-08-04 20:05:19,585 INFO [org.junit.Test] zero00787
2016-08-04 20:05:19,585 INFO [org.junit.Test] zero00788
2016-08-04 20:05:19,585 INFO [org.junit.Test] zero00789
2016-08-04 20:05:19,585 INFO [org.junit.Test] zero00790
2016-08-04 20:05:19,585 INFO [org.junit.Test] zero00791
2016-08-04 20:05:19,585 INFO [org.junit.Test] zero00792
2016-08-04 20:05:19,585 INFO [org.junit.Test] zero00793
2016-08-04 20:05:19,585 INFO [org.junit.Test] zero00794
2016-08-04 20:05:19,585 INFO [org.junit.Test] zero00795
2016-08-04 20:05:19,585 INFO [org.junit.Test] zero00796
2016-08-04 20:05:19,585 INFO [org.junit.Test] zero00797
2016-08-04 20:05:19,585 INFO [org.junit.Test] zero00798
2016-08-04 20:05:19,585 INFO [org.junit.Test] zero00799
2016-08-04 20:05:19,585 INFO [org.junit.Test] zero00800
2016-08-04 20:05:19,585 INFO [org.junit.Test] zero00801
2016-08-04 20:05:19,585 INFO [org.junit.Test] zero00802
2016-08-04 20:05:19,585 INFO [org.junit.Test] zero00803
2016-08-04 20:05:19,585 INFO [org.junit.Test] zero00804
2016-08-04 20:05:19,585 INFO [org.junit.Test] zero00805
2016-08-04 20:05:19,585 INFO [org.junit.Test] zero00806
2016-08-04 20:05:19,585 INFO [org.junit.Test] zero00807
2016-08-04 20:05:19,585 INFO [org.junit.Test] zero00808
2016-08-04 20:05:19,585 INFO [org.junit.Test] zero00809
2016-08-04 20:05:19,585 INFO [org.junit.Test] zero00810
2016-08-04 20:05:19,585 INFO [org.junit.Test] zero00811
2016-08-04 20:05:19,585 INFO [org.junit.Test] zero00812
2016-08-04 20:05:19,585 INFO [org.junit.Test] zero00813
2016-08-04 20:05:19,585 INFO [org.junit.Test] zero00814
2016-08-04 20:05:19,585 INFO [org.junit.Test] zero00815
2016-08-04 20:05:19,585 INFO [org.junit.Test] zero00816
2016-08-04 20:05:19,585 INFO [org.junit.Test] zero00817
2016-08-04 20:05:19,585 INFO [org.junit.Test] zero00818
2016-08-04 20:05:19,585 INFO [org.junit.Test] zero00819
2016-08-04 20:05:19,585 INFO [org.junit.Test] zero00820
2016-08-04 20:05:19,585 INFO [org.junit.Test] zero00821
2016-08-04 20:05:19,585 INFO [org.junit.Test] zero00822
2016-08-04 20:05:19,585 INFO [org.junit.Test] zero00823
2016-08-04 20:05:19,585 INFO [org.junit.Test] zero00824
2016-08-04 20:05:19,585 INFO [org.junit.Test] zero00825
2016-08-04 20:05:19,585 INFO [org.junit.Test] zero00826
2016-08-04 20:05:19,585 INFO [org.junit.Test] zero00827
2016-08-04 20:05:19,585 INFO [org.junit.Test] zero00828
2016-08-04 20:05:19,585 INFO [org.junit.Test] zero00829
2016-08-04 20:05:19,585 INFO [org.junit.Test] zero00830
2016-08-04 20:05:19,585 INFO [org.junit.Test] zero00831
2016-08-04 20:05:19,585 INFO [org.junit.Test] zero00832
2016-08-04 20:05:19,585 INFO [org.junit.Test] zero00833
2016-08-04 20:05:19,585 INFO [org.junit.Test] zero00834
2016-08-04 20:05:19,585 INFO [org.junit.Test] zero00835
2016-08-04 20:05:19,585 INFO [org.junit.Test] zero00836
2016-08-04 20:05:19,585 INFO [org.junit.Test] zero00837
2016-08-04 20:05:19,585 INFO [org.junit.Test] zero00838
2016-08-04 20:05:19,585 INFO [org.junit.Test] zero00839
2016-08-04 20:05:19,585 INFO [org.junit.Test] zero00840
2016-08-04 20:05:19,585 INFO [org.junit.Test] zero00841
2016-08-04 20:05:19,585 INFO [org.junit.Test] zero00842
2016-08-04 20:05:19,585 INFO [org.junit.Test] zero00843
2016-08-04 20:05:19,585 INFO [org.junit.Test] zero00844
2016-08-04 20:05:19,585 INFO [org.junit.Test] zero00845
2016-08-04 20:05:19,585 INFO [org.junit.Test] zero00846
2016-08-04 20:05:19,585 INFO [org.junit.Test] zero00847
2016-08-04 20:05:19,585 INFO [org.junit.Test] zero00848
2016-08-04 20:05:19,585 INFO [org.junit.Test] zero00849
2016-08-04 20:05:19,585 INFO [org.junit.Test] zero00850
2016-08-04 20:05:19,585 INFO [org.junit.Test] zero00851
2016-08-04 20:05:19,585 INFO [org.junit.Test] zero00852
2016-08-04 20:05:19,585 INFO [org.junit.Test] zero00853
2016-08-04 20:05:19,585 INFO [org.junit.Test] zero00854
2016-08-04 20:05:19,585 INFO [org.junit.Test] zero00855
2016-08-04 20:05:19,585 INFO [org.junit.Test] zero00856
2016-08-04 20:05:19,585 INFO [org.junit.Test] zero00857
2016-08-04 20:05:19,585 INFO [org.junit.Test] zero00858
2016-08-04 20:05:19,585 INFO [org.junit.Test] zero00859
2016-08-04 20:05:19,585 INFO [org.junit.Test] zero00860
2016-08-04 20:05:19,585 INFO [org.junit.Test] zero00861
2016-08-04 20:05:19,585 INFO [org.junit.Test] zero00862
2016-08-04 20:05:19,585 INFO [org.junit.Test] zero00863
2016-08-04 20:05:19,585 INFO [org.junit.Test] zero00864
2016-08-04 20:05:19,585 INFO [org.junit.Test] zero00865
2016-08-04 20:05:19,585 INFO [org.junit.Test] zero00866
2016-08-04 20:05:19,585 INFO [org.junit.Test] zero00867
2016-08-04 20:05:19,585 INFO [org.junit.Test] zero00868
2016-08-04 20:05:19,585 INFO [org.junit.Test] zero00869
2016-08-04 20:05:19,585 INFO [org.junit.Test] zero00870
2016-08-04 20:05:19,585 INFO [org.junit.Test] zero00871
2016-08-04 20:05:19,585 INFO [org.junit.Test] zero00872
2016-08-04 20:05:19,585 INFO [org.junit.Test] zero00873
2016-08-04 20:05:19,585 INFO [org.junit.Test] zero00874
2016-08-04 20:05:19,585 INFO [org.junit.Test] zero00875
2016-08-04 20:05:19,585 INFO [org.junit.Test] zero00876
2016-08-04 20:05:19,585 INFO [org.junit.Test] zero00877
2016-08-04 20:05:19,585 INFO [org.junit.Test] zero00878
2016-08-04 20:05:19,585 INFO [org.junit.Test] zero00879
2016-08-04 20:05:19,585 INFO [org.junit.Test] zero00880
2016-08-04 20:05:19,585 INFO [org.junit.Test] zero00881
2016-08-04 20:05:19,585 INFO [org.junit.Test] zero00882
2016-08-04 20:05:19,585 INFO [org.junit.Test] zero00883
2016-08-04 20:05:19,585 INFO [org.junit.Test] zero00884
2016-08-04 20:05:19,585 INFO [org.junit.Test] zero00885
2016-08-04 20:05:19,585 INFO [org.junit.Test] zero00886
2016-08-04 20:05:19,585 INFO [org.junit.Test] zero00887
2016-08-04 20:05:19,585 INFO [org.junit.Test] zero00888
2016-08-04 20:05:19,585 INFO [org.junit.Test] zero00889
2016-08-04 20:05:19,585 INFO [org.junit.Test] zero00890
2016-08-04 20:05:19,585 INFO [org.junit.Test] zero00891
2016-08-04 20:05:19,585 INFO [org.junit.Test] zero00892
2016-08-04 20:05:19,585 INFO [org.junit.Test] zero00893
2016-08-04 20:05:19,585 INFO [org.junit.Test] zero00894
2016-08-04 20:05:19,585 INFO [org.junit.Test] zero00895
2016-08-04 20:05:19,585 INFO [org.junit.Test] zero00896
2016-08-04 20:05:19,585 INFO [org.junit.Test] zero00897
2016-08-04 20:05:19,585 INFO [org.junit.Test] zero00898
2016-08-04 20:05:19,585 INFO [org.junit.Test] zero00899
2016-08-04 20:05:19,585 INFO [org.junit.Test] zero00900
2016-08-04 20:05:19,585 INFO [org.junit.Test] zero00901
2016-08-04 20:05:19,585 INFO [org.junit.Test] zero00902
2016-08-04 20:05:19,585 INFO [org.junit.Test] zero00903
2016-08-04 20:05:19,585 INFO [org.junit.Test] zero00904
2016-08-04 20:05:19,585 INFO [org.junit.Test] zero00905
2016-08-04 20:05:19,585 INFO [org.junit.Test] zero00906
2016-08-04 20:05:19,585 INFO [org.junit.Test] zero00907
2016-08-04 20:05:19,585 INFO [org.junit.Test] zero00908
2016-08-04 20:05:19,585 INFO [org.junit.Test] zero00909
2016-08-04 20:05:19,585 INFO [org.junit.Test] zero00910
2016-08-04 20:05:19,585 INFO [org.junit.Test] zero00911
2016-08-04 20:05:19,585 INFO [org.junit.Test] zero00912
2016-08-04 20:05:19,585 INFO [org.junit.Test] zero00913
2016-08-04 20:05:19,585 INFO [org.junit.Test] zero00914
2016-08-04 20:05:19,585 INFO [org.junit.Test] zero00915
2016-08-04 20:05:19,585 INFO [org.junit.Test] zero00916
2016-08-04 20:05:19,585 INFO [org.junit.Test] zero00917
2016-08-04 20:05:19,585 INFO [org.junit.Test] zero00918
2016-08-04 20:05:19,585 INFO [org.junit.Test] zero00919
2016-08-04 20:05:19,585 INFO [org.junit.Test] zero00920
2016-08-04 20:05:19,585 INFO [org.junit.Test] zero00921
2016-08-04 20:05:19,585 INFO [org.junit.Test] zero00922
2016-08-04 20:05:19,585 INFO [org.junit.Test] zero00923
2016-08-04 20:05:19,585 INFO [org.junit.Test] zero00924
2016-08-04 20:05:19,585 INFO [org.junit.Test] zero00925
2016-08-04 20:05:19,585 INFO [org.junit.Test] zero00926
2016-08-04 20:05:19,585 INFO [org.junit.Test] zero00927
2016-08-04 20:05:19,585 INFO [org.junit.Test] zero00928
2016-08-04 20:05:19,585 INFO [org.junit.Test] zero00929
2016-08-04 20:05:19,585 INFO [org.junit.Test] zero00930
2016-08-04 20:05:19,585 INFO [org.junit.Test] zero00931
2016-08-04 20:05:19,585 INFO [org.junit.Test] zero00932
2016-08-04 20:05:19,585 INFO [org.junit.Test] zero00933
2016-08-04 20:05:19,585 INFO [org.junit.Test] zero00934
2016-08-04 20:05:19,585 INFO [org.junit.Test] zero00935
2016-08-04 20:05:19,585 INFO [org.junit.Test] zero00936
2016-08-04 20:05:19,585 INFO [org.junit.Test] zero00937
2016-08-04 20:05:19,585 INFO [org.junit.Test] zero00938
2016-08-04 20:05:19,585 INFO [org.junit.Test] zero00939
2016-08-04 20:05:19,585 INFO [org.junit.Test] zero00940
2016-08-04 20:05:19,585 INFO [org.junit.Test] zero00941
2016-08-04 20:05:19,585 INFO [org.junit.Test] zero00942
2016-08-04 20:05:19,585 INFO [org.junit.Test] zero00943
2016-08-04 20:05:19,585 INFO [org.junit.Test] zero00944
2016-08-04 20:05:19,585 INFO [org.junit.Test] zero00945
2016-08-04 20:05:19,585 INFO [org.junit.Test] zero00946
2016-08-04 20:05:19,585 INFO [org.junit.Test] zero00947
2016-08-04 20:05:19,585 INFO [org.junit.Test] zero00948
2016-08-04 20:05:19,585 INFO [org.junit.Test] zero00949
2016-08-04 20:05:19,585 INFO [org.junit.Test] zero00950
2016-08-04 20:05:19,585 INFO [org.junit.Test] zero00951
2016-08-04 20:05:19,585 INFO [org.junit.Test] zero00952
2016-08-04 20:05:19,585 INFO [org.junit.Test] zero00953
2016-08-04 20:05:19,585 INFO [org.junit.Test] zero00954
2016-08-04 20:05:19,585 INFO [org.junit.Test] zero00955
2016-08-04 20:05:19,585 INFO [org.junit.Test] zero00956
2016-08-04 20:05:19,585 INFO [org.junit.Test] zero00957
2016-08-04 20:05:19,585 INFO [org.junit.Test] zero00958
2016-08-04 20:05:19,585 INFO [org.junit.Test] zero00959
2016-08-04 20:05:19,585 INFO [org.junit.Test] zero00960
2016-08-04 20:05:19,585 INFO [org.junit.Test] zero00961
2016-08-04 20:05:19,585 INFO [org.junit.Test] zero00962
2016-08-04 20:05:19,585 INFO [org.junit.Test] zero00963
2016-08-04 20:05:19,585 INFO [org.junit.Test] zero00964
2016-08-04 20:05:19,585 INFO [org.junit.Test] zero00965
2016-08-04 20:05:19,585 INFO [org.junit.Test] zero00966
2016-08-04 20:05:19,585 INFO [org.junit.Test] zero00967
2016-08-04 20:05:19,585 INFO [org.junit.Test] zero00968
2016-08-04 20:05:19,585 INFO [org.junit.Test] zero00969
2016-08-04 20:05:19,585 INFO [org.junit.Test] zero00970
2016-08-04 20:05:19,585 INFO [org.junit.Test] zero00971
2016-08-04 20:05:19,585 INFO [org.junit.Test] zero00972
2016-08-04 20:05:19,585 INFO [org.junit.Test] zero00973
2016-08-04 20:05:19,585 INFO [org.junit.Test] zero00974
2016-08-04 20:05:19,585 INFO [org.junit.Test] zero00975
2016-08-04 20:05:19,585 INFO [org.junit.Test] zero00976
2016-08-04 20:05:19,585 INFO [org.junit.Test] zero00977
2016-08-04 20:05:19,585 INFO [org.junit.Test] zero00978
2016-08-04 20:05:19,585 INFO [org.junit.Test] zero00979
2016-08-04 20:05:19,585 INFO [org.junit.Test] zero00980
2016-08-04 20:05:19,585 INFO [org.junit.Test] zero00981
2016-08-04 20:05:19,585 INFO [org.junit.Test] zero00982
2016-08-04 20:05:19,585 INFO [org.junit.Test] zero00983
2016-08-04 20:05:19,585 INFO [org.junit.Test] zero00984
2016-08-04 20:05:19,585 INFO [org.junit.Test] zero00985
2016-08-04 20:05:19,585 INFO [org.junit.Test] zero00986
2016-08-04 20:05:19,585 INFO [org.junit.Test] zero00987
2016-08-04 20:05:19,585 INFO [org.junit.Test] zero00988
2016-08-04 20:05:19,585 INFO [org.junit.Test] zero00989
2016-08-04 20:05:19,585 INFO [org.junit.Test] zero00990
2016-08-04 20:05:19,585 INFO [org.junit.Test] zero00991
2016-08-04 20:05:19,585 INFO [org.junit.Test] zero00992
2016-08-04 20:05:19,585 INFO [org.junit.Test] zero00993
2016-08-04 20:05:19,585 INFO [org.junit.Test] zero00994
2016-08-04 20:05:19,585 INFO [org.junit.Test] zero00995
2016-08-04 20:05:19,585 INFO [org.junit.Test] zero00996
2016-08-04 20:05:19,585 INFO [org.junit.Test] zero00997
2016-08-04 20:05:19,585 INFO [org.junit.Test] zero00998
2016-08-04 20:05:19,585 INFO [org.junit.Test] zero00999
2016-08-04 20:05:22,586 INFO [org.junit.Test] zero000
2016-08-04 20:05:22,586 INFO [org.junit.Test] zero001
2016-08-04 20:05:22,586 INFO [org.junit.Test] zero002
2016-08-04 20:05:22,586 INFO [org.junit.Test] zero003
2016-08-04 20:05:22,586 INFO [org.junit.Test] zero004
2016-08-04 20:05:22,586 INFO [org.junit.Test] zero005
2016-08-04 20:05:22,586 INFO [org.junit.Test] zero006
2016-08-04 20:05:22,586 INFO [org.junit.Test] zero007
2016-08-04 20:05:22,586 INFO [org.junit.Test] zero008
2016-08-04 20:05:22,586 INFO [org.junit.Test] zero009
2016-08-04 20:05:22,586 INFO [org.junit.Test] zero0010
2016-08-04 20:05:22,586 INFO [org.junit.Test] zero0011
2016-08-04 20:05:22,586 INFO [org.junit.Test] zero0012
2016-08-04 20:05:22,586 INFO [org.junit.Test] zero0013
2016-08-04 20:05:22,586 INFO [org.junit.Test] zero0014
2016-08-04 20:05:22,586 INFO [org.junit.Test] zero0015
2016-08-04 20:05:22,586 INFO [org.junit.Test] zero0016
2016-08-04 20:05:22,586 INFO [org.junit.Test] zero0017
2016-08-04 20:05:22,586 INFO [org.junit.Test] zero0018
2016-08-04 20:05:22,586 INFO [org.junit.Test] zero0019
2016-08-04 20:05:22,586 INFO [org.junit.Test] zero0020
2016-08-04 20:05:22,586 INFO [org.junit.Test] zero0021
2016-08-04 20:05:22,586 INFO [org.junit.Test] zero0022
2016-08-04 20:05:22,586 INFO [org.junit.Test] zero0023
2016-08-04 20:05:22,586 INFO [org.junit.Test] zero0024
2016-08-04 20:05:22,586 INFO [org.junit.Test] zero0025
2016-08-04 20:05:22,586 INFO [org.junit.Test] zero0026
2016-08-04 20:05:22,586 INFO [org.junit.Test] zero0027
2016-08-04 20:05:22,586 INFO [org.junit.Test] zero0028
2016-08-04 20:05:22,586 INFO [org.junit.Test] zero0029
2016-08-04 20:05:22,586 INFO [org.junit.Test] zero0030
2016-08-04 20:05:22,586 INFO [org.junit.Test] zero0031
2016-08-04 20:05:22,586 INFO [org.junit.Test] zero0032
2016-08-04 20:05:22,586 INFO [org.junit.Test] zero0033
2016-08-04 20:05:22,586 INFO [org.junit.Test] zero0034
2016-08-04 20:05:22,586 INFO [org.junit.Test] zero0035
2016-08-04 20:05:22,586 INFO [org.junit.Test] zero0036
2016-08-04 20:05:22,586 INFO [org.junit.Test] zero0037
2016-08-04 20:05:22,586 INFO [org.junit.Test] zero0038
2016-08-04 20:05:22,586 INFO [org.junit.Test] zero0039
2016-08-04 20:05:22,586 INFO [org.junit.Test] zero0040
2016-08-04 20:05:22,586 INFO [org.junit.Test] zero0041
2016-08-04 20:05:22,586 INFO [org.junit.Test] zero0042
2016-08-04 20:05:22,586 INFO [org.junit.Test] zero0043
2016-08-04 20:05:22,586 INFO [org.junit.Test] zero0044
2016-08-04 20:05:22,586 INFO [org.junit.Test] zero0045
2016-08-04 20:05:22,586 INFO [org.junit.Test] zero0046
2016-08-04 20:05:22,586 INFO [org.junit.Test] zero0047
2016-08-04 20:05:22,586 INFO [org.junit.Test] zero0048
2016-08-04 20:05:22,586 INFO [org.junit.Test] zero0049
2016-08-04 20:05:22,586 INFO [org.junit.Test] zero0050
2016-08-04 20:05:22,586 INFO [org.junit.Test] zero0051
2016-08-04 20:05:22,586 INFO [org.junit.Test] zero0052
2016-08-04 20:05:22,586 INFO [org.junit.Test] zero0053
2016-08-04 20:05:22,586 INFO [org.junit.Test] zero0054
2016-08-04 20:05:22,586 INFO [org.junit.Test] zero0055
2016-08-04 20:05:22,586 INFO [org.junit.Test] zero0056
2016-08-04 20:05:22,586 INFO [org.junit.Test] zero0057
2016-08-04 20:05:22,586 INFO [org.junit.Test] zero0058
2016-08-04 20:05:22,586 INFO [org.junit.Test] zero0059
2016-08-04 20:05:22,586 INFO [org.junit.Test] zero0060
2016-08-04 20:05:22,586 INFO [org.junit.Test] zero0061
2016-08-04 20:05:22,586 INFO [org.junit.Test] zero0062
2016-08-04 20:05:22,586 INFO [org.junit.Test] zero0063
2016-08-04 20:05:22,586 INFO [org.junit.Test] zero0064
2016-08-04 20:05:22,586 INFO [org.junit.Test] zero0065
2016-08-04 20:05:22,586 INFO [org.junit.Test] zero0066
2016-08-04 20:05:22,586 INFO [org.junit.Test] zero0067
2016-08-04 20:05:22,586 INFO [org.junit.Test] zero0068
2016-08-04 20:05:22,586 INFO [org.junit.Test] zero0069
2016-08-04 20:05:22,586 INFO [org.junit.Test] zero0070
2016-08-04 20:05:22,586 INFO [org.junit.Test] zero0071
2016-08-04 20:05:22,586 INFO [org.junit.Test] zero0072
2016-08-04 20:05:22,586 INFO [org.junit.Test] zero0073
2016-08-04 20:05:22,586 INFO [org.junit.Test] zero0074
2016-08-04 20:05:22,586 INFO [org.junit.Test] zero0075
2016-08-04 20:05:22,586 INFO [org.junit.Test] zero0076
2016-08-04 20:05:22,586 INFO [org.junit.Test] zero0077
2016-08-04 20:05:22,586 INFO [org.junit.Test] zero0078
2016-08-04 20:05:22,586 INFO [org.junit.Test] zero0079
2016-08-04 20:05:22,586 INFO [org.junit.Test] zero0080
2016-08-04 20:05:22,586 INFO [org.junit.Test] zero0081
2016-08-04 20:05:22,586 INFO [org.junit.Test] zero0082
2016-08-04 20:05:22,586 INFO [org.junit.Test] zero0083
2016-08-04 20:05:22,586 INFO [org.junit.Test] zero0084
2016-08-04 20:05:22,586 INFO [org.junit.Test] zero0085
2016-08-04 20:05:22,586 INFO [org.junit.Test] zero0086
2016-08-04 20:05:22,586 INFO [org.junit.Test] zero0087
2016-08-04 20:05:22,586 INFO [org.junit.Test] zero0088
2016-08-04 20:05:22,586 INFO [org.junit.Test] zero0089
2016-08-04 20:05:22,586 INFO [org.junit.Test] zero0090
2016-08-04 20:05:22,586 INFO [org.junit.Test] zero0091
2016-08-04 20:05:22,586 INFO [org.junit.Test] zero0092
2016-08-04 20:05:22,586 INFO [org.junit.Test] zero0093
2016-08-04 20:05:22,586 INFO [org.junit.Test] zero0094
2016-08-04 20:05:22,586 INFO [org.junit.Test] zero0095
2016-08-04 20:05:22,586 INFO [org.junit.Test] zero0096
2016-08-04 20:05:22,586 INFO [org.junit.Test] zero0097
2016-08-04 20:05:22,586 INFO [org.junit.Test] zero0098
2016-08-04 20:05:22,586 INFO [org.junit.Test] zero0099
2016-08-04 20:05:22,586 INFO [org.junit.Test] zero00100
2016-08-04 20:05:22,586 INFO [org.junit.Test] zero00101
2016-08-04 20:05:22,586 INFO [org.junit.Test] zero00102
2016-08-04 20:05:22,586 INFO [org.junit.Test] zero00103
2016-08-04 20:05:22,586 INFO [org.junit.Test] zero00104
2016-08-04 20:05:22,586 INFO [org.junit.Test] zero00105
2016-08-04 20:05:22,586 INFO [org.junit.Test] zero00106
2016-08-04 20:05:22,586 INFO [org.junit.Test] zero00107
2016-08-04 20:05:22,586 INFO [org.junit.Test] zero00108
2016-08-04 20:05:22,586 INFO [org.junit.Test] zero00109
2016-08-04 20:05:22,586 INFO [org.junit.Test] zero00110
2016-08-04 20:05:22,586 INFO [org.junit.Test] zero00111
2016-08-04 20:05:22,586 INFO [org.junit.Test] zero00112
2016-08-04 20:05:22,586 INFO [org.junit.Test] zero00113
2016-08-04 20:05:22,586 INFO [org.junit.Test] zero00114
2016-08-04 20:05:22,586 INFO [org.junit.Test] zero00115
2016-08-04 20:05:22,586 INFO [org.junit.Test] zero00116
2016-08-04 20:05:22,586 INFO [org.junit.Test] zero00117
2016-08-04 20:05:22,586 INFO [org.junit.Test] zero00118
2016-08-04 20:05:22,586 INFO [org.junit.Test] zero00119
2016-08-04 20:05:22,586 INFO [org.junit.Test] zero00120
2016-08-04 20:05:22,586 INFO [org.junit.Test] zero00121
2016-08-04 20:05:22,586 INFO [org.junit.Test] zero00122
2016-08-04 20:05:22,586 INFO [org.junit.Test] zero00123
2016-08-04 20:05:22,586 INFO [org.junit.Test] zero00124
2016-08-04 20:05:22,586 INFO [org.junit.Test] zero00125
2016-08-04 20:05:22,586 INFO [org.junit.Test] zero00126
2016-08-04 20:05:22,586 INFO [org.junit.Test] zero00127
2016-08-04 20:05:22,586 INFO [org.junit.Test] zero00128
2016-08-04 20:05:22,586 INFO [org.junit.Test] zero00129
2016-08-04 20:05:22,586 INFO [org.junit.Test] zero00130
2016-08-04 20:05:22,586 INFO [org.junit.Test] zero00131
2016-08-04 20:05:22,586 INFO [org.junit.Test] zero00132
2016-08-04 20:05:22,586 INFO [org.junit.Test] zero00133
2016-08-04 20:05:22,586 INFO [org.junit.Test] zero00134
2016-08-04 20:05:22,586 INFO [org.junit.Test] zero00135
2016-08-04 20:05:22,586 INFO [org.junit.Test] zero00136
2016-08-04 20:05:22,586 INFO [org.junit.Test] zero00137
2016-08-04 20:05:22,586 INFO [org.junit.Test] zero00138
2016-08-04 20:05:22,586 INFO [org.junit.Test] zero00139
2016-08-04 20:05:22,586 INFO [org.junit.Test] zero00140
2016-08-04 20:05:22,586 INFO [org.junit.Test] zero00141
2016-08-04 20:05:22,586 INFO [org.junit.Test] zero00142
2016-08-04 20:05:22,586 INFO [org.junit.Test] zero00143
2016-08-04 20:05:22,586 INFO [org.junit.Test] zero00144
2016-08-04 20:05:22,586 INFO [org.junit.Test] zero00145
2016-08-04 20:05:22,586 INFO [org.junit.Test] zero00146
2016-08-04 20:05:22,586 INFO [org.junit.Test] zero00147
2016-08-04 20:05:22,586 INFO [org.junit.Test] zero00148
2016-08-04 20:05:22,586 INFO [org.junit.Test] zero00149
2016-08-04 20:05:22,586 INFO [org.junit.Test] zero00150
2016-08-04 20:05:22,586 INFO [org.junit.Test] zero00151
2016-08-04 20:05:22,586 INFO [org.junit.Test] zero00152
2016-08-04 20:05:22,586 INFO [org.junit.Test] zero00153
2016-08-04 20:05:22,586 INFO [org.junit.Test] zero00154
2016-08-04 20:05:22,586 INFO [org.junit.Test] zero00155
2016-08-04 20:05:22,586 INFO [org.junit.Test] zero00156
2016-08-04 20:05:22,586 INFO [org.junit.Test] zero00157
2016-08-04 20:05:22,586 INFO [org.junit.Test] zero00158
2016-08-04 20:05:22,586 INFO [org.junit.Test] zero00159
2016-08-04 20:05:22,586 INFO [org.junit.Test] zero00160
2016-08-04 20:05:22,586 INFO [org.junit.Test] zero00161
2016-08-04 20:05:22,586 INFO [org.junit.Test] zero00162
2016-08-04 20:05:22,586 INFO [org.junit.Test] zero00163
2016-08-04 20:05:22,586 INFO [org.junit.Test] zero00164
2016-08-04 20:05:22,586 INFO [org.junit.Test] zero00165
2016-08-04 20:05:22,586 INFO [org.junit.Test] zero00166
2016-08-04 20:05:22,586 INFO [org.junit.Test] zero00167
2016-08-04 20:05:22,586 INFO [org.junit.Test] zero00168
2016-08-04 20:05:22,586 INFO [org.junit.Test] zero00169
2016-08-04 20:05:22,586 INFO [org.junit.Test] zero00170
2016-08-04 20:05:22,586 INFO [org.junit.Test] zero00171
2016-08-04 20:05:22,586 INFO [org.junit.Test] zero00172
2016-08-04 20:05:22,586 INFO [org.junit.Test] zero00173
2016-08-04 20:05:22,586 INFO [org.junit.Test] zero00174
2016-08-04 20:05:22,586 INFO [org.junit.Test] zero00175
2016-08-04 20:05:22,586 INFO [org.junit.Test] zero00176
2016-08-04 20:05:22,586 INFO [org.junit.Test] zero00177
2016-08-04 20:05:22,586 INFO [org.junit.Test] zero00178
2016-08-04 20:05:22,586 INFO [org.junit.Test] zero00179
2016-08-04 20:05:22,586 INFO [org.junit.Test] zero00180
2016-08-04 20:05:22,586 INFO [org.junit.Test] zero00181
2016-08-04 20:05:22,586 INFO [org.junit.Test] zero00182
2016-08-04 20:05:22,586 INFO [org.junit.Test] zero00183
2016-08-04 20:05:22,586 INFO [org.junit.Test] zero00184
2016-08-04 20:05:22,586 INFO [org.junit.Test] zero00185
2016-08-04 20:05:22,586 INFO [org.junit.Test] zero00186
2016-08-04 20:05:22,586 INFO [org.junit.Test] zero00187
2016-08-04 20:05:22,586 INFO [org.junit.Test] zero00188
2016-08-04 20:05:22,586 INFO [org.junit.Test] zero00189
2016-08-04 20:05:22,586 INFO [org.junit.Test] zero00190
2016-08-04 20:05:22,586 INFO [org.junit.Test] zero00191
2016-08-04 20:05:22,586 INFO [org.junit.Test] zero00192
2016-08-04 20:05:22,586 INFO [org.junit.Test] zero00193
2016-08-04 20:05:22,586 INFO [org.junit.Test] zero00194
2016-08-04 20:05:22,586 INFO [org.junit.Test] zero00195
2016-08-04 20:05:22,586 INFO [org.junit.Test] zero00196
2016-08-04 20:05:22,586 INFO [org.junit.Test] zero00197
2016-08-04 20:05:22,586 INFO [org.junit.Test] zero00198
2016-08-04 20:05:22,586 INFO [org.junit.Test] zero00199
2016-08-04 20:05:22,586 INFO [org.junit.Test] zero00200
2016-08-04 20:05:22,586 INFO [org.junit.Test] zero00201
2016-08-04 20:05:22,586 INFO [org.junit.Test] zero00202
2016-08-04 20:05:22,586 INFO [org.junit.Test] zero00203
2016-08-04 20:05:22,586 INFO [org.junit.Test] zero00204
2016-08-04 20:05:22,586 INFO [org.junit.Test] zero00205
2016-08-04 20:05:22,586 INFO [org.junit.Test] zero00206
2016-08-04 20:05:22,586 INFO [org.junit.Test] zero00207
2016-08-04 20:05:22,586 INFO [org.junit.Test] zero00208
2016-08-04 20:05:22,586 INFO [org.junit.Test] zero00209
2016-08-04 20:05:22,586 INFO [org.junit.Test] zero00210
2016-08-04 20:05:22,586 INFO [org.junit.Test] zero00211
2016-08-04 20:05:22,586 INFO [org.junit.Test] zero00212
2016-08-04 20:05:22,586 INFO [org.junit.Test] zero00213
2016-08-04 20:05:22,586 INFO [org.junit.Test] zero00214
2016-08-04 20:05:22,586 INFO [org.junit.Test] zero00215
2016-08-04 20:05:22,586 INFO [org.junit.Test] zero00216
2016-08-04 20:05:22,586 INFO [org.junit.Test] zero00217
2016-08-04 20:05:22,586 INFO [org.junit.Test] zero00218
2016-08-04 20:05:22,586 INFO [org.junit.Test] zero00219
2016-08-04 20:05:22,586 INFO [org.junit.Test] zero00220
2016-08-04 20:05:22,586 INFO [org.junit.Test] zero00221
2016-08-04 20:05:22,586 INFO [org.junit.Test] zero00222
2016-08-04 20:05:22,586 INFO [org.junit.Test] zero00223
2016-08-04 20:05:22,586 INFO [org.junit.Test] zero00224
2016-08-04 20:05:22,586 INFO [org.junit.Test] zero00225
2016-08-04 20:05:22,586 INFO [org.junit.Test] zero00226
2016-08-04 20:05:22,586 INFO [org.junit.Test] zero00227
2016-08-04 20:05:22,586 INFO [org.junit.Test] zero00228
2016-08-04 20:05:22,586 INFO [org.junit.Test] zero00229
2016-08-04 20:05:22,586 INFO [org.junit.Test] zero00230
2016-08-04 20:05:22,586 INFO [org.junit.Test] zero00231
2016-08-04 20:05:22,586 INFO [org.junit.Test] zero00232
2016-08-04 20:05:22,586 INFO [org.junit.Test] zero00233
2016-08-04 20:05:22,586 INFO [org.junit.Test] zero00234
2016-08-04 20:05:22,586 INFO [org.junit.Test] zero00235
2016-08-04 20:05:22,586 INFO [org.junit.Test] zero00236
2016-08-04 20:05:22,586 INFO [org.junit.Test] zero00237
2016-08-04 20:05:22,586 INFO [org.junit.Test] zero00238
2016-08-04 20:05:22,586 INFO [org.junit.Test] zero00239
2016-08-04 20:05:22,586 INFO [org.junit.Test] zero00240
2016-08-04 20:05:22,586 INFO [org.junit.Test] zero00241
2016-08-04 20:05:22,586 INFO [org.junit.Test] zero00242
2016-08-04 20:05:22,586 INFO [org.junit.Test] zero00243
2016-08-04 20:05:22,586 INFO [org.junit.Test] zero00244
2016-08-04 20:05:22,586 INFO [org.junit.Test] zero00245
2016-08-04 20:05:22,586 INFO [org.junit.Test] zero00246
2016-08-04 20:05:22,586 INFO [org.junit.Test] zero00247
2016-08-04 20:05:22,586 INFO [org.junit.Test] zero00248
2016-08-04 20:05:22,586 INFO [org.junit.Test] zero00249
2016-08-04 20:05:22,586 INFO [org.junit.Test] zero00250
2016-08-04 20:05:22,586 INFO [org.junit.Test] zero00251
2016-08-04 20:05:22,586 INFO [org.junit.Test] zero00252
2016-08-04 20:05:22,586 INFO [org.junit.Test] zero00253
2016-08-04 20:05:22,586 INFO [org.junit.Test] zero00254
2016-08-04 20:05:22,586 INFO [org.junit.Test] zero00255
2016-08-04 20:05:22,586 INFO [org.junit.Test] zero00256
2016-08-04 20:05:22,586 INFO [org.junit.Test] zero00257
2016-08-04 20:05:22,586 INFO [org.junit.Test] zero00258
2016-08-04 20:05:22,586 INFO [org.junit.Test] zero00259
2016-08-04 20:05:22,586 INFO [org.junit.Test] zero00260
2016-08-04 20:05:22,586 INFO [org.junit.Test] zero00261
2016-08-04 20:05:22,586 INFO [org.junit.Test] zero00262
2016-08-04 20:05:22,586 INFO [org.junit.Test] zero00263
2016-08-04 20:05:22,586 INFO [org.junit.Test] zero00264
2016-08-04 20:05:22,586 INFO [org.junit.Test] zero00265
2016-08-04 20:05:22,586 INFO [org.junit.Test] zero00266
2016-08-04 20:05:22,586 INFO [org.junit.Test] zero00267
2016-08-04 20:05:22,586 INFO [org.junit.Test] zero00268
2016-08-04 20:05:22,586 INFO [org.junit.Test] zero00269
2016-08-04 20:05:22,586 INFO [org.junit.Test] zero00270
2016-08-04 20:05:22,586 INFO [org.junit.Test] zero00271
2016-08-04 20:05:22,586 INFO [org.junit.Test] zero00272
2016-08-04 20:05:22,586 INFO [org.junit.Test] zero00273
2016-08-04 20:05:22,586 INFO [org.junit.Test] zero00274
2016-08-04 20:05:22,586 INFO [org.junit.Test] zero00275
2016-08-04 20:05:22,586 INFO [org.junit.Test] zero00276
2016-08-04 20:05:22,586 INFO [org.junit.Test] zero00277
2016-08-04 20:05:22,586 INFO [org.junit.Test] zero00278
2016-08-04 20:05:22,586 INFO [org.junit.Test] zero00279
2016-08-04 20:05:22,586 INFO [org.junit.Test] zero00280
2016-08-04 20:05:22,586 INFO [org.junit.Test] zero00281
2016-08-04 20:05:22,586 INFO [org.junit.Test] zero00282
2016-08-04 20:05:22,586 INFO [org.junit.Test] zero00283
2016-08-04 20:05:22,586 INFO [org.junit.Test] zero00284
2016-08-04 20:05:22,586 INFO [org.junit.Test] zero00285
2016-08-04 20:05:22,586 INFO [org.junit.Test] zero00286
2016-08-04 20:05:22,586 INFO [org.junit.Test] zero00287
2016-08-04 20:05:22,586 INFO [org.junit.Test] zero00288
2016-08-04 20:05:22,586 INFO [org.junit.Test] zero00289
2016-08-04 20:05:22,586 INFO [org.junit.Test] zero00290
2016-08-04 20:05:22,586 INFO [org.junit.Test] zero00291
2016-08-04 20:05:22,586 INFO [org.junit.Test] zero00292
2016-08-04 20:05:22,586 INFO [org.junit.Test] zero00293
2016-08-04 20:05:22,586 INFO [org.junit.Test] zero00294
2016-08-04 20:05:22,586 INFO [org.junit.Test] zero00295
2016-08-04 20:05:22,586 INFO [org.junit.Test] zero00296
2016-08-04 20:05:22,586 INFO [org.junit.Test] zero00297
2016-08-04 20:05:22,586 INFO [org.junit.Test] zero00298
2016-08-04 20:05:22,586 INFO [org.junit.Test] zero00299
2016-08-04 20:05:22,586 INFO [org.junit.Test] zero00300
2016-08-04 20:05:22,586 INFO [org.junit.Test] zero00301
2016-08-04 20:05:22,586 INFO [org.junit.Test] zero00302
2016-08-04 20:05:22,586 INFO [org.junit.Test] zero00303
2016-08-04 20:05:22,586 INFO [org.junit.Test] zero00304
2016-08-04 20:05:22,586 INFO [org.junit.Test] zero00305
2016-08-04 20:05:22,586 INFO [org.junit.Test] zero00306
2016-08-04 20:05:22,586 INFO [org.junit.Test] zero00307
2016-08-04 20:05:22,586 INFO [org.junit.Test] zero00308
2016-08-04 20:05:22,586 INFO [org.junit.Test] zero00309
2016-08-04 20:05:22,586 INFO [org.junit.Test] zero00310
2016-08-04 20:05:22,586 INFO [org.junit.Test] zero00311
2016-08-04 20:05:22,586 INFO [org.junit.Test] zero00312
2016-08-04 20:05:22,586 INFO [org.junit.Test] zero00313
2016-08-04 20:05:22,587 INFO [org.junit.Test] zero00314
2016-08-04 20:05:22,587 INFO [org.junit.Test] zero00315
2016-08-04 20:05:22,587 INFO [org.junit.Test] zero00316
2016-08-04 20:05:22,587 INFO [org.junit.Test] zero00317
2016-08-04 20:05:22,587 INFO [org.junit.Test] zero00318
2016-08-04 20:05:22,587 INFO [org.junit.Test] zero00319
2016-08-04 20:05:22,587 INFO [org.junit.Test] zero00320
2016-08-04 20:05:22,587 INFO [org.junit.Test] zero00321
2016-08-04 20:05:22,587 INFO [org.junit.Test] zero00322
2016-08-04 20:05:22,587 INFO [org.junit.Test] zero00323
2016-08-04 20:05:22,587 INFO [org.junit.Test] zero00324
2016-08-04 20:05:22,587 INFO [org.junit.Test] zero00325
2016-08-04 20:05:22,587 INFO [org.junit.Test] zero00326
2016-08-04 20:05:22,587 INFO [org.junit.Test] zero00327
2016-08-04 20:05:22,587 INFO [org.junit.Test] zero00328
2016-08-04 20:05:22,587 INFO [org.junit.Test] zero00329
2016-08-04 20:05:22,587 INFO [org.junit.Test] zero00330
2016-08-04 20:05:22,587 INFO [org.junit.Test] zero00331
2016-08-04 20:05:22,587 INFO [org.junit.Test] zero00332
2016-08-04 20:05:22,587 INFO [org.junit.Test] zero00333
2016-08-04 20:05:22,587 INFO [org.junit.Test] zero00334
2016-08-04 20:05:22,587 INFO [org.junit.Test] zero00335
2016-08-04 20:05:22,587 INFO [org.junit.Test] zero00336
2016-08-04 20:05:22,587 INFO [org.junit.Test] zero00337
2016-08-04 20:05:22,587 INFO [org.junit.Test] zero00338
2016-08-04 20:05:22,587 INFO [org.junit.Test] zero00339
2016-08-04 20:05:22,587 INFO [org.junit.Test] zero00340
2016-08-04 20:05:22,587 INFO [org.junit.Test] zero00341
2016-08-04 20:05:22,587 INFO [org.junit.Test] zero00342
2016-08-04 20:05:22,587 INFO [org.junit.Test] zero00343
2016-08-04 20:05:22,587 INFO [org.junit.Test] zero00344
2016-08-04 20:05:22,587 INFO [org.junit.Test] zero00345
2016-08-04 20:05:22,587 INFO [org.junit.Test] zero00346
2016-08-04 20:05:22,587 INFO [org.junit.Test] zero00347
2016-08-04 20:05:22,587 INFO [org.junit.Test] zero00348
2016-08-04 20:05:22,587 INFO [org.junit.Test] zero00349
2016-08-04 20:05:22,587 INFO [org.junit.Test] zero00350
2016-08-04 20:05:22,587 INFO [org.junit.Test] zero00351
2016-08-04 20:05:22,587 INFO [org.junit.Test] zero00352
2016-08-04 20:05:22,587 INFO [org.junit.Test] zero00353
2016-08-04 20:05:22,587 INFO [org.junit.Test] zero00354
2016-08-04 20:05:22,587 INFO [org.junit.Test] zero00355
2016-08-04 20:05:22,587 INFO [org.junit.Test] zero00356
2016-08-04 20:05:22,587 INFO [org.junit.Test] zero00357
2016-08-04 20:05:22,587 INFO [org.junit.Test] zero00358
2016-08-04 20:05:22,587 INFO [org.junit.Test] zero00359
2016-08-04 20:05:22,587 INFO [org.junit.Test] zero00360
2016-08-04 20:05:22,587 INFO [org.junit.Test] zero00361
2016-08-04 20:05:22,587 INFO [org.junit.Test] zero00362
2016-08-04 20:05:22,587 INFO [org.junit.Test] zero00363
2016-08-04 20:05:22,587 INFO [org.junit.Test] zero00364
2016-08-04 20:05:22,587 INFO [org.junit.Test] zero00365
2016-08-04 20:05:22,587 INFO [org.junit.Test] zero00366
2016-08-04 20:05:22,587 INFO [org.junit.Test] zero00367
2016-08-04 20:05:22,587 INFO [org.junit.Test] zero00368
2016-08-04 20:05:22,587 INFO [org.junit.Test] zero00369
2016-08-04 20:05:22,587 INFO [org.junit.Test] zero00370
2016-08-04 20:05:22,587 INFO [org.junit.Test] zero00371
2016-08-04 20:05:22,587 INFO [org.junit.Test] zero00372
2016-08-04 20:05:22,587 INFO [org.junit.Test] zero00373
2016-08-04 20:05:22,587 INFO [org.junit.Test] zero00374
2016-08-04 20:05:22,587 INFO [org.junit.Test] zero00375
2016-08-04 20:05:22,587 INFO [org.junit.Test] zero00376
2016-08-04 20:05:22,587 INFO [org.junit.Test] zero00377
2016-08-04 20:05:22,587 INFO [org.junit.Test] zero00378
2016-08-04 20:05:22,587 INFO [org.junit.Test] zero00379
2016-08-04 20:05:22,587 INFO [org.junit.Test] zero00380
2016-08-04 20:05:22,587 INFO [org.junit.Test] zero00381
2016-08-04 20:05:22,587 INFO [org.junit.Test] zero00382
2016-08-04 20:05:22,587 INFO [org.junit.Test] zero00383
2016-08-04 20:05:22,587 INFO [org.junit.Test] zero00384
2016-08-04 20:05:22,587 INFO [org.junit.Test] zero00385
2016-08-04 20:05:22,587 INFO [org.junit.Test] zero00386
2016-08-04 20:05:22,587 INFO [org.junit.Test] zero00387
2016-08-04 20:05:22,587 INFO [org.junit.Test] zero00388
2016-08-04 20:05:22,587 INFO [org.junit.Test] zero00389
2016-08-04 20:05:22,587 INFO [org.junit.Test] zero00390
2016-08-04 20:05:22,587 INFO [org.junit.Test] zero00391
2016-08-04 20:05:22,587 INFO [org.junit.Test] zero00392
2016-08-04 20:05:22,587 INFO [org.junit.Test] zero00393
2016-08-04 20:05:22,587 INFO [org.junit.Test] zero00394
2016-08-04 20:05:22,587 INFO [org.junit.Test] zero00395
2016-08-04 20:05:22,587 INFO [org.junit.Test] zero00396
2016-08-04 20:05:22,587 INFO [org.junit.Test] zero00397
2016-08-04 20:05:22,587 INFO [org.junit.Test] zero00398
2016-08-04 20:05:22,587 INFO [org.junit.Test] zero00399
2016-08-04 20:05:22,587 INFO [org.junit.Test] zero00400
2016-08-04 20:05:22,587 INFO [org.junit.Test] zero00401
2016-08-04 20:05:22,587 INFO [org.junit.Test] zero00402
2016-08-04 20:05:22,587 INFO [org.junit.Test] zero00403
2016-08-04 20:05:22,587 INFO [org.junit.Test] zero00404
2016-08-04 20:05:22,587 INFO [org.junit.Test] zero00405
2016-08-04 20:05:22,587 INFO [org.junit.Test] zero00406
2016-08-04 20:05:22,587 INFO [org.junit.Test] zero00407
2016-08-04 20:05:22,587 INFO [org.junit.Test] zero00408
2016-08-04 20:05:22,587 INFO [org.junit.Test] zero00409
2016-08-04 20:05:22,587 INFO [org.junit.Test] zero00410
2016-08-04 20:05:22,587 INFO [org.junit.Test] zero00411
2016-08-04 20:05:22,587 INFO [org.junit.Test] zero00412
2016-08-04 20:05:22,587 INFO [org.junit.Test] zero00413
2016-08-04 20:05:22,587 INFO [org.junit.Test] zero00414
2016-08-04 20:05:22,587 INFO [org.junit.Test] zero00415
2016-08-04 20:05:22,587 INFO [org.junit.Test] zero00416
2016-08-04 20:05:22,587 INFO [org.junit.Test] zero00417
2016-08-04 20:05:22,587 INFO [org.junit.Test] zero00418
2016-08-04 20:05:22,587 INFO [org.junit.Test] zero00419
2016-08-04 20:05:22,587 INFO [org.junit.Test] zero00420
2016-08-04 20:05:22,587 INFO [org.junit.Test] zero00421
2016-08-04 20:05:22,587 INFO [org.junit.Test] zero00422
2016-08-04 20:05:22,587 INFO [org.junit.Test] zero00423
2016-08-04 20:05:22,587 INFO [org.junit.Test] zero00424
2016-08-04 20:05:22,587 INFO [org.junit.Test] zero00425
2016-08-04 20:05:22,587 INFO [org.junit.Test] zero00426
2016-08-04 20:05:22,587 INFO [org.junit.Test] zero00427
2016-08-04 20:05:22,587 INFO [org.junit.Test] zero00428
2016-08-04 20:05:22,587 INFO [org.junit.Test] zero00429
2016-08-04 20:05:22,587 INFO [org.junit.Test] zero00430
2016-08-04 20:05:22,587 INFO [org.junit.Test] zero00431
2016-08-04 20:05:22,587 INFO [org.junit.Test] zero00432
2016-08-04 20:05:22,587 INFO [org.junit.Test] zero00433
2016-08-04 20:05:22,587 INFO [org.junit.Test] zero00434
2016-08-04 20:05:22,587 INFO [org.junit.Test] zero00435
2016-08-04 20:05:22,587 INFO [org.junit.Test] zero00436
2016-08-04 20:05:22,587 INFO [org.junit.Test] zero00437
2016-08-04 20:05:22,587 INFO [org.junit.Test] zero00438
2016-08-04 20:05:22,587 INFO [org.junit.Test] zero00439
2016-08-04 20:05:22,587 INFO [org.junit.Test] zero00440
2016-08-04 20:05:22,587 INFO [org.junit.Test] zero00441
2016-08-04 20:05:22,587 INFO [org.junit.Test] zero00442
2016-08-04 20:05:22,587 INFO [org.junit.Test] zero00443
2016-08-04 20:05:22,587 INFO [org.junit.Test] zero00444
2016-08-04 20:05:22,587 INFO [org.junit.Test] zero00445
2016-08-04 20:05:22,587 INFO [org.junit.Test] zero00446
2016-08-04 20:05:22,587 INFO [org.junit.Test] zero00447
2016-08-04 20:05:22,587 INFO [org.junit.Test] zero00448
2016-08-04 20:05:22,587 INFO [org.junit.Test] zero00449
2016-08-04 20:05:22,587 INFO [org.junit.Test] zero00450
2016-08-04 20:05:22,587 INFO [org.junit.Test] zero00451
2016-08-04 20:05:22,587 INFO [org.junit.Test] zero00452
2016-08-04 20:05:22,587 INFO [org.junit.Test] zero00453
2016-08-04 20:05:22,587 INFO [org.junit.Test] zero00454
2016-08-04 20:05:22,587 INFO [org.junit.Test] zero00455
2016-08-04 20:05:22,587 INFO [org.junit.Test] zero00456
2016-08-04 20:05:22,587 INFO [org.junit.Test] zero00457
2016-08-04 20:05:22,587 INFO [org.junit.Test] zero00458
2016-08-04 20:05:22,587 INFO [org.junit.Test] zero00459
2016-08-04 20:05:22,587 INFO [org.junit.Test] zero00460
2016-08-04 20:05:22,587 INFO [org.junit.Test] zero00461
2016-08-04 20:05:22,587 INFO [org.junit.Test] zero00462
2016-08-04 20:05:22,587 INFO [org.junit.Test] zero00463
2016-08-04 20:05:22,587 INFO [org.junit.Test] zero00464
2016-08-04 20:05:22,587 INFO [org.junit.Test] zero00465
2016-08-04 20:05:22,587 INFO [org.junit.Test] zero00466
2016-08-04 20:05:22,587 INFO [org.junit.Test] zero00467
2016-08-04 20:05:22,587 INFO [org.junit.Test] zero00468
2016-08-04 20:05:22,587 INFO [org.junit.Test] zero00469
2016-08-04 20:05:22,587 INFO [org.junit.Test] zero00470
2016-08-04 20:05:22,587 INFO [org.junit.Test] zero00471
2016-08-04 20:05:22,587 INFO [org.junit.Test] zero00472
2016-08-04 20:05:22,587 INFO [org.junit.Test] zero00473
2016-08-04 20:05:22,587 INFO [org.junit.Test] zero00474
2016-08-04 20:05:22,587 INFO [org.junit.Test] zero00475
2016-08-04 20:05:22,587 INFO [org.junit.Test] zero00476
2016-08-04 20:05:22,587 INFO [org.junit.Test] zero00477
2016-08-04 20:05:22,587 INFO [org.junit.Test] zero00478
2016-08-04 20:05:22,587 INFO [org.junit.Test] zero00479
2016-08-04 20:05:22,587 INFO [org.junit.Test] zero00480
2016-08-04 20:05:22,587 INFO [org.junit.Test] zero00481
2016-08-04 20:05:22,587 INFO [org.junit.Test] zero00482
2016-08-04 20:05:22,587 INFO [org.junit.Test] zero00483
2016-08-04 20:05:22,587 INFO [org.junit.Test] zero00484
2016-08-04 20:05:22,587 INFO [org.junit.Test] zero00485
2016-08-04 20:05:22,587 INFO [org.junit.Test] zero00486
2016-08-04 20:05:22,587 INFO [org.junit.Test] zero00487
2016-08-04 20:05:22,587 INFO [org.junit.Test] zero00488
2016-08-04 20:05:22,587 INFO [org.junit.Test] zero00489
2016-08-04 20:05:22,587 INFO [org.junit.Test] zero00490
2016-08-04 20:05:22,587 INFO [org.junit.Test] zero00491
2016-08-04 20:05:22,587 INFO [org.junit.Test] zero00492
2016-08-04 20:05:22,587 INFO [org.junit.Test] zero00493
2016-08-04 20:05:22,587 INFO [org.junit.Test] zero00494
2016-08-04 20:05:22,587 INFO [org.junit.Test] zero00495
2016-08-04 20:05:22,587 INFO [org.junit.Test] zero00496
2016-08-04 20:05:22,587 INFO [org.junit.Test] zero00497
2016-08-04 20:05:22,587 INFO [org.junit.Test] zero00498
2016-08-04 20:05:22,587 INFO [org.junit.Test] zero00499
2016-08-04 20:05:22,587 INFO [org.junit.Test] zero00500
2016-08-04 20:05:22,587 INFO [org.junit.Test] zero00501
2016-08-04 20:05:22,587 INFO [org.junit.Test] zero00502
2016-08-04 20:05:22,587 INFO [org.junit.Test] zero00503
2016-08-04 20:05:22,587 INFO [org.junit.Test] zero00504
2016-08-04 20:05:22,587 INFO [org.junit.Test] zero00505
2016-08-04 20:05:22,587 INFO [org.junit.Test] zero00506
2016-08-04 20:05:22,587 INFO [org.junit.Test] zero00507
2016-08-04 20:05:22,587 INFO [org.junit.Test] zero00508
2016-08-04 20:05:22,587 INFO [org.junit.Test] zero00509
2016-08-04 20:05:22,587 INFO [org.junit.Test] zero00510
2016-08-04 20:05:22,587 INFO [org.junit.Test] zero00511
2016-08-04 20:05:22,587 INFO [org.junit.Test] zero00512
2016-08-04 20:05:22,587 INFO [org.junit.Test] zero00513
2016-08-04 20:05:22,587 INFO [org.junit.Test] zero00514
2016-08-04 20:05:22,587 INFO [org.junit.Test] zero00515
2016-08-04 20:05:22,587 INFO [org.junit.Test] zero00516
2016-08-04 20:05:22,587 INFO [org.junit.Test] zero00517
2016-08-04 20:05:22,587 INFO [org.junit.Test] zero00518
2016-08-04 20:05:22,587 INFO [org.junit.Test] zero00519
2016-08-04 20:05:22,587 INFO [org.junit.Test] zero00520
2016-08-04 20:05:22,587 INFO [org.junit.Test] zero00521
2016-08-04 20:05:22,587 INFO [org.junit.Test] zero00522
2016-08-04 20:05:22,587 INFO [org.junit.Test] zero00523
2016-08-04 20:05:22,587 INFO [org.junit.Test] zero00524
2016-08-04 20:05:22,587 INFO [org.junit.Test] zero00525
2016-08-04 20:05:22,587 INFO [org.junit.Test] zero00526
2016-08-04 20:05:22,587 INFO [org.junit.Test] zero00527
2016-08-04 20:05:22,587 INFO [org.junit.Test] zero00528
2016-08-04 20:05:22,587 INFO [org.junit.Test] zero00529
2016-08-04 20:05:22,587 INFO [org.junit.Test] zero00530
2016-08-04 20:05:22,587 INFO [org.junit.Test] zero00531
2016-08-04 20:05:22,587 INFO [org.junit.Test] zero00532
2016-08-04 20:05:22,587 INFO [org.junit.Test] zero00533
2016-08-04 20:05:22,587 INFO [org.junit.Test] zero00534
2016-08-04 20:05:22,587 INFO [org.junit.Test] zero00535
2016-08-04 20:05:22,587 INFO [org.junit.Test] zero00536
2016-08-04 20:05:22,587 INFO [org.junit.Test] zero00537
2016-08-04 20:05:22,587 INFO [org.junit.Test] zero00538
2016-08-04 20:05:22,587 INFO [org.junit.Test] zero00539
2016-08-04 20:05:22,587 INFO [org.junit.Test] zero00540
2016-08-04 20:05:22,587 INFO [org.junit.Test] zero00541
2016-08-04 20:05:22,587 INFO [org.junit.Test] zero00542
2016-08-04 20:05:22,587 INFO [org.junit.Test] zero00543
2016-08-04 20:05:22,587 INFO [org.junit.Test] zero00544
2016-08-04 20:05:22,587 INFO [org.junit.Test] zero00545
2016-08-04 20:05:22,587 INFO [org.junit.Test] zero00546
2016-08-04 20:05:22,587 INFO [org.junit.Test] zero00547
2016-08-04 20:05:22,587 INFO [org.junit.Test] zero00548
2016-08-04 20:05:22,587 INFO [org.junit.Test] zero00549
2016-08-04 20:05:22,587 INFO [org.junit.Test] zero00550
2016-08-04 20:05:22,587 INFO [org.junit.Test] zero00551
2016-08-04 20:05:22,587 INFO [org.junit.Test] zero00552
2016-08-04 20:05:22,587 INFO [org.junit.Test] zero00553
2016-08-04 20:05:22,587 INFO [org.junit.Test] zero00554
2016-08-04 20:05:22,587 INFO [org.junit.Test] zero00555
2016-08-04 20:05:22,587 INFO [org.junit.Test] zero00556
2016-08-04 20:05:22,587 INFO [org.junit.Test] zero00557
2016-08-04 20:05:22,587 INFO [org.junit.Test] zero00558
2016-08-04 20:05:22,587 INFO [org.junit.Test] zero00559
2016-08-04 20:05:22,587 INFO [org.junit.Test] zero00560
2016-08-04 20:05:22,587 INFO [org.junit.Test] zero00561
2016-08-04 20:05:22,587 INFO [org.junit.Test] zero00562
2016-08-04 20:05:22,587 INFO [org.junit.Test] zero00563
2016-08-04 20:05:22,587 INFO [org.junit.Test] zero00564
2016-08-04 20:05:22,587 INFO [org.junit.Test] zero00565
2016-08-04 20:05:22,587 INFO [org.junit.Test] zero00566
2016-08-04 20:05:22,587 INFO [org.junit.Test] zero00567
2016-08-04 20:05:22,587 INFO [org.junit.Test] zero00568
2016-08-04 20:05:22,587 INFO [org.junit.Test] zero00569
2016-08-04 20:05:22,587 INFO [org.junit.Test] zero00570
2016-08-04 20:05:22,587 INFO [org.junit.Test] zero00571
2016-08-04 20:05:22,587 INFO [org.junit.Test] zero00572
2016-08-04 20:05:22,587 INFO [org.junit.Test] zero00573
2016-08-04 20:05:22,587 INFO [org.junit.Test] zero00574
2016-08-04 20:05:22,587 INFO [org.junit.Test] zero00575
2016-08-04 20:05:22,587 INFO [org.junit.Test] zero00576
2016-08-04 20:05:22,587 INFO [org.junit.Test] zero00577
2016-08-04 20:05:22,587 INFO [org.junit.Test] zero00578
2016-08-04 20:05:22,587 INFO [org.junit.Test] zero00579
2016-08-04 20:05:22,587 INFO [org.junit.Test] zero00580
2016-08-04 20:05:22,587 INFO [org.junit.Test] zero00581
2016-08-04 20:05:22,587 INFO [org.junit.Test] zero00582
2016-08-04 20:05:22,587 INFO [org.junit.Test] zero00583
2016-08-04 20:05:22,587 INFO [org.junit.Test] zero00584
2016-08-04 20:05:22,587 INFO [org.junit.Test] zero00585
2016-08-04 20:05:22,587 INFO [org.junit.Test] zero00586
2016-08-04 20:05:22,587 INFO [org.junit.Test] zero00587
2016-08-04 20:05:22,587 INFO [org.junit.Test] zero00588
2016-08-04 20:05:22,587 INFO [org.junit.Test] zero00589
2016-08-04 20:05:22,587 INFO [org.junit.Test] zero00590
2016-08-04 20:05:22,587 INFO [org.junit.Test] zero00591
2016-08-04 20:05:22,587 INFO [org.junit.Test] zero00592
2016-08-04 20:05:22,587 INFO [org.junit.Test] zero00593
2016-08-04 20:05:22,587 INFO [org.junit.Test] zero00594
2016-08-04 20:05:22,587 INFO [org.junit.Test] zero00595
2016-08-04 20:05:22,587 INFO [org.junit.Test] zero00596
2016-08-04 20:05:22,587 INFO [org.junit.Test] zero00597
2016-08-04 20:05:22,587 INFO [org.junit.Test] zero00598
2016-08-04 20:05:22,587 INFO [org.junit.Test] zero00599
2016-08-04 20:05:22,587 INFO [org.junit.Test] zero00600
2016-08-04 20:05:22,587 INFO [org.junit.Test] zero00601
2016-08-04 20:05:22,587 INFO [org.junit.Test] zero00602
2016-08-04 20:05:22,587 INFO [org.junit.Test] zero00603
2016-08-04 20:05:22,587 INFO [org.junit.Test] zero00604
2016-08-04 20:05:22,587 INFO [org.junit.Test] zero00605
2016-08-04 20:05:22,587 INFO [org.junit.Test] zero00606
2016-08-04 20:05:22,587 INFO [org.junit.Test] zero00607
2016-08-04 20:05:22,587 INFO [org.junit.Test] zero00608
2016-08-04 20:05:22,587 INFO [org.junit.Test] zero00609
2016-08-04 20:05:22,587 INFO [org.junit.Test] zero00610
2016-08-04 20:05:22,587 INFO [org.junit.Test] zero00611
2016-08-04 20:05:22,587 INFO [org.junit.Test] zero00612
2016-08-04 20:05:22,587 INFO [org.junit.Test] zero00613
2016-08-04 20:05:22,587 INFO [org.junit.Test] zero00614
2016-08-04 20:05:22,587 INFO [org.junit.Test] zero00615
2016-08-04 20:05:22,587 INFO [org.junit.Test] zero00616
2016-08-04 20:05:22,587 INFO [org.junit.Test] zero00617
2016-08-04 20:05:22,587 INFO [org.junit.Test] zero00618
2016-08-04 20:05:22,587 INFO [org.junit.Test] zero00619
2016-08-04 20:05:22,587 INFO [org.junit.Test] zero00620
2016-08-04 20:05:22,587 INFO [org.junit.Test] zero00621
2016-08-04 20:05:22,587 INFO [org.junit.Test] zero00622
2016-08-04 20:05:22,587 INFO [org.junit.Test] zero00623
2016-08-04 20:05:22,587 INFO [org.junit.Test] zero00624
2016-08-04 20:05:22,587 INFO [org.junit.Test] zero00625
2016-08-04 20:05:22,587 INFO [org.junit.Test] zero00626
2016-08-04 20:05:22,587 INFO [org.junit.Test] zero00627
2016-08-04 20:05:22,587 INFO [org.junit.Test] zero00628
2016-08-04 20:05:22,587 INFO [org.junit.Test] zero00629
2016-08-04 20:05:22,587 INFO [org.junit.Test] zero00630
2016-08-04 20:05:22,587 INFO [org.junit.Test] zero00631
2016-08-04 20:05:22,587 INFO [org.junit.Test] zero00632
2016-08-04 20:05:22,587 INFO [org.junit.Test] zero00633
2016-08-04 20:05:22,587 INFO [org.junit.Test] zero00634
2016-08-04 20:05:22,587 INFO [org.junit.Test] zero00635
2016-08-04 20:05:22,587 INFO [org.junit.Test] zero00636
2016-08-04 20:05:22,587 INFO [org.junit.Test] zero00637
2016-08-04 20:05:22,587 INFO [org.junit.Test] zero00638
2016-08-04 20:05:22,587 INFO [org.junit.Test] zero00639
2016-08-04 20:05:22,587 INFO [org.junit.Test] zero00640
2016-08-04 20:05:22,587 INFO [org.junit.Test] zero00641
2016-08-04 20:05:22,587 INFO [org.junit.Test] zero00642
2016-08-04 20:05:22,587 INFO [org.junit.Test] zero00643
2016-08-04 20:05:22,587 INFO [org.junit.Test] zero00644
2016-08-04 20:05:22,587 INFO [org.junit.Test] zero00645
2016-08-04 20:05:22,587 INFO [org.junit.Test] zero00646
2016-08-04 20:05:22,587 INFO [org.junit.Test] zero00647
2016-08-04 20:05:22,587 INFO [org.junit.Test] zero00648
2016-08-04 20:05:22,587 INFO [org.junit.Test] zero00649
2016-08-04 20:05:22,587 INFO [org.junit.Test] zero00650
2016-08-04 20:05:22,588 INFO [org.junit.Test] zero00651
2016-08-04 20:05:22,588 INFO [org.junit.Test] zero00652
2016-08-04 20:05:22,588 INFO [org.junit.Test] zero00653
2016-08-04 20:05:22,588 INFO [org.junit.Test] zero00654
2016-08-04 20:05:22,588 INFO [org.junit.Test] zero00655
2016-08-04 20:05:22,588 INFO [org.junit.Test] zero00656
2016-08-04 20:05:22,588 INFO [org.junit.Test] zero00657
2016-08-04 20:05:22,588 INFO [org.junit.Test] zero00658
2016-08-04 20:05:22,588 INFO [org.junit.Test] zero00659
2016-08-04 20:05:22,588 INFO [org.junit.Test] zero00660
2016-08-04 20:05:22,588 INFO [org.junit.Test] zero00661
2016-08-04 20:05:22,588 INFO [org.junit.Test] zero00662
2016-08-04 20:05:22,588 INFO [org.junit.Test] zero00663
2016-08-04 20:05:22,588 INFO [org.junit.Test] zero00664
2016-08-04 20:05:22,588 INFO [org.junit.Test] zero00665
2016-08-04 20:05:22,588 INFO [org.junit.Test] zero00666
2016-08-04 20:05:22,588 INFO [org.junit.Test] zero00667
2016-08-04 20:05:22,588 INFO [org.junit.Test] zero00668
2016-08-04 20:05:22,588 INFO [org.junit.Test] zero00669
2016-08-04 20:05:22,588 INFO [org.junit.Test] zero00670
2016-08-04 20:05:22,588 INFO [org.junit.Test] zero00671
2016-08-04 20:05:22,588 INFO [org.junit.Test] zero00672
2016-08-04 20:05:22,588 INFO [org.junit.Test] zero00673
2016-08-04 20:05:22,588 INFO [org.junit.Test] zero00674
2016-08-04 20:05:22,588 INFO [org.junit.Test] zero00675
2016-08-04 20:05:22,588 INFO [org.junit.Test] zero00676
2016-08-04 20:05:22,588 INFO [org.junit.Test] zero00677
2016-08-04 20:05:22,588 INFO [org.junit.Test] zero00678
2016-08-04 20:05:22,588 INFO [org.junit.Test] zero00679
2016-08-04 20:05:22,588 INFO [org.junit.Test] zero00680
2016-08-04 20:05:22,588 INFO [org.junit.Test] zero00681
2016-08-04 20:05:22,588 INFO [org.junit.Test] zero00682
2016-08-04 20:05:22,588 INFO [org.junit.Test] zero00683
2016-08-04 20:05:22,588 INFO [org.junit.Test] zero00684
2016-08-04 20:05:22,588 INFO [org.junit.Test] zero00685
2016-08-04 20:05:22,588 INFO [org.junit.Test] zero00686
2016-08-04 20:05:22,588 INFO [org.junit.Test] zero00687
2016-08-04 20:05:22,588 INFO [org.junit.Test] zero00688
2016-08-04 20:05:22,588 INFO [org.junit.Test] zero00689
2016-08-04 20:05:22,588 INFO [org.junit.Test] zero00690
2016-08-04 20:05:22,588 INFO [org.junit.Test] zero00691
2016-08-04 20:05:22,588 INFO [org.junit.Test] zero00692
2016-08-04 20:05:22,588 INFO [org.junit.Test] zero00693
2016-08-04 20:05:22,588 INFO [org.junit.Test] zero00694
2016-08-04 20:05:22,588 INFO [org.junit.Test] zero00695
2016-08-04 20:05:22,588 INFO [org.junit.Test] zero00696
2016-08-04 20:05:22,588 INFO [org.junit.Test] zero00697
2016-08-04 20:05:22,588 INFO [org.junit.Test] zero00698
2016-08-04 20:05:22,588 INFO [org.junit.Test] zero00699
2016-08-04 20:05:22,588 INFO [org.junit.Test] zero00700
2016-08-04 20:05:22,588 INFO [org.junit.Test] zero00701
2016-08-04 20:05:22,588 INFO [org.junit.Test] zero00702
2016-08-04 20:05:22,588 INFO [org.junit.Test] zero00703
2016-08-04 20:05:22,588 INFO [org.junit.Test] zero00704
2016-08-04 20:05:22,588 INFO [org.junit.Test] zero00705
2016-08-04 20:05:22,588 INFO [org.junit.Test] zero00706
2016-08-04 20:05:22,588 INFO [org.junit.Test] zero00707
2016-08-04 20:05:22,588 INFO [org.junit.Test] zero00708
2016-08-04 20:05:22,588 INFO [org.junit.Test] zero00709
2016-08-04 20:05:22,588 INFO [org.junit.Test] zero00710
2016-08-04 20:05:22,588 INFO [org.junit.Test] zero00711
2016-08-04 20:05:22,588 INFO [org.junit.Test] zero00712
2016-08-04 20:05:22,588 INFO [org.junit.Test] zero00713
2016-08-04 20:05:22,588 INFO [org.junit.Test] zero00714
2016-08-04 20:05:22,588 INFO [org.junit.Test] zero00715
2016-08-04 20:05:22,588 INFO [org.junit.Test] zero00716
2016-08-04 20:05:22,588 INFO [org.junit.Test] zero00717
2016-08-04 20:05:22,588 INFO [org.junit.Test] zero00718
2016-08-04 20:05:22,588 INFO [org.junit.Test] zero00719
2016-08-04 20:05:22,588 INFO [org.junit.Test] zero00720
2016-08-04 20:05:22,588 INFO [org.junit.Test] zero00721
2016-08-04 20:05:22,588 INFO [org.junit.Test] zero00722
2016-08-04 20:05:22,588 INFO [org.junit.Test] zero00723
2016-08-04 20:05:22,588 INFO [org.junit.Test] zero00724
2016-08-04 20:05:22,588 INFO [org.junit.Test] zero00725
2016-08-04 20:05:22,588 INFO [org.junit.Test] zero00726
2016-08-04 20:05:22,588 INFO [org.junit.Test] zero00727
2016-08-04 20:05:22,588 INFO [org.junit.Test] zero00728
2016-08-04 20:05:22,588 INFO [org.junit.Test] zero00729
2016-08-04 20:05:22,588 INFO [org.junit.Test] zero00730
2016-08-04 20:05:22,588 INFO [org.junit.Test] zero00731
2016-08-04 20:05:22,588 INFO [org.junit.Test] zero00732
2016-08-04 20:05:22,588 INFO [org.junit.Test] zero00733
2016-08-04 20:05:22,588 INFO [org.junit.Test] zero00734
2016-08-04 20:05:22,588 INFO [org.junit.Test] zero00735
2016-08-04 20:05:22,588 INFO [org.junit.Test] zero00736
2016-08-04 20:05:22,588 INFO [org.junit.Test] zero00737
2016-08-04 20:05:22,588 INFO [org.junit.Test] zero00738
2016-08-04 20:05:22,588 INFO [org.junit.Test] zero00739
2016-08-04 20:05:22,588 INFO [org.junit.Test] zero00740
2016-08-04 20:05:22,588 INFO [org.junit.Test] zero00741
2016-08-04 20:05:22,588 INFO [org.junit.Test] zero00742
2016-08-04 20:05:22,588 INFO [org.junit.Test] zero00743
2016-08-04 20:05:22,588 INFO [org.junit.Test] zero00744
2016-08-04 20:05:22,588 INFO [org.junit.Test] zero00745
2016-08-04 20:05:22,588 INFO [org.junit.Test] zero00746
2016-08-04 20:05:22,588 INFO [org.junit.Test] zero00747
2016-08-04 20:05:22,588 INFO [org.junit.Test] zero00748
2016-08-04 20:05:22,588 INFO [org.junit.Test] zero00749
2016-08-04 20:05:22,588 INFO [org.junit.Test] zero00750
2016-08-04 20:05:22,588 INFO [org.junit.Test] zero00751
2016-08-04 20:05:22,588 INFO [org.junit.Test] zero00752
2016-08-04 20:05:22,588 INFO [org.junit.Test] zero00753
2016-08-04 20:05:22,588 INFO [org.junit.Test] zero00754
2016-08-04 20:05:22,588 INFO [org.junit.Test] zero00755
2016-08-04 20:05:22,588 INFO [org.junit.Test] zero00756
2016-08-04 20:05:22,588 INFO [org.junit.Test] zero00757
2016-08-04 20:05:22,588 INFO [org.junit.Test] zero00758
2016-08-04 20:05:22,588 INFO [org.junit.Test] zero00759
2016-08-04 20:05:22,588 INFO [org.junit.Test] zero00760
2016-08-04 20:05:22,588 INFO [org.junit.Test] zero00761
2016-08-04 20:05:22,588 INFO [org.junit.Test] zero00762
2016-08-04 20:05:22,588 INFO [org.junit.Test] zero00763
2016-08-04 20:05:22,588 INFO [org.junit.Test] zero00764
2016-08-04 20:05:22,588 INFO [org.junit.Test] zero00765
2016-08-04 20:05:22,588 INFO [org.junit.Test] zero00766
2016-08-04 20:05:22,588 INFO [org.junit.Test] zero00767
2016-08-04 20:05:22,588 INFO [org.junit.Test] zero00768
2016-08-04 20:05:22,588 INFO [org.junit.Test] zero00769
2016-08-04 20:05:22,588 INFO [org.junit.Test] zero00770
2016-08-04 20:05:22,588 INFO [org.junit.Test] zero00771
2016-08-04 20:05:22,588 INFO [org.junit.Test] zero00772
2016-08-04 20:05:22,588 INFO [org.junit.Test] zero00773
2016-08-04 20:05:22,588 INFO [org.junit.Test] zero00774
2016-08-04 20:05:22,588 INFO [org.junit.Test] zero00775
2016-08-04 20:05:22,588 INFO [org.junit.Test] zero00776
2016-08-04 20:05:22,588 INFO [org.junit.Test] zero00777
2016-08-04 20:05:22,588 INFO [org.junit.Test] zero00778
2016-08-04 20:05:22,588 INFO [org.junit.Test] zero00779
2016-08-04 20:05:22,588 INFO [org.junit.Test] zero00780
2016-08-04 20:05:22,588 INFO [org.junit.Test] zero00781
2016-08-04 20:05:22,588 INFO [org.junit.Test] zero00782
2016-08-04 20:05:22,588 INFO [org.junit.Test] zero00783
2016-08-04 20:05:22,588 INFO [org.junit.Test] zero00784
2016-08-04 20:05:22,588 INFO [org.junit.Test] zero00785
2016-08-04 20:05:22,588 INFO [org.junit.Test] zero00786
2016-08-04 20:05:22,588 INFO [org.junit.Test] zero00787
2016-08-04 20:05:22,588 INFO [org.junit.Test] zero00788
2016-08-04 20:05:22,588 INFO [org.junit.Test] zero00789
2016-08-04 20:05:22,588 INFO [org.junit.Test] zero00790
2016-08-04 20:05:22,588 INFO [org.junit.Test] zero00791
2016-08-04 20:05:22,588 INFO [org.junit.Test] zero00792
2016-08-04 20:05:22,588 INFO [org.junit.Test] zero00793
2016-08-04 20:05:22,588 INFO [org.junit.Test] zero00794
2016-08-04 20:05:22,588 INFO [org.junit.Test] zero00795
2016-08-04 20:05:22,588 INFO [org.junit.Test] zero00796
2016-08-04 20:05:22,588 INFO [org.junit.Test] zero00797
2016-08-04 20:05:22,588 INFO [org.junit.Test] zero00798
2016-08-04 20:05:22,588 INFO [org.junit.Test] zero00799
2016-08-04 20:05:22,588 INFO [org.junit.Test] zero00800
2016-08-04 20:05:22,588 INFO [org.junit.Test] zero00801
2016-08-04 20:05:22,588 INFO [org.junit.Test] zero00802
2016-08-04 20:05:22,588 INFO [org.junit.Test] zero00803
2016-08-04 20:05:22,588 INFO [org.junit.Test] zero00804
2016-08-04 20:05:22,588 INFO [org.junit.Test] zero00805
2016-08-04 20:05:22,588 INFO [org.junit.Test] zero00806
2016-08-04 20:05:22,588 INFO [org.junit.Test] zero00807
2016-08-04 20:05:22,588 INFO [org.junit.Test] zero00808
2016-08-04 20:05:22,588 INFO [org.junit.Test] zero00809
2016-08-04 20:05:22,588 INFO [org.junit.Test] zero00810
2016-08-04 20:05:22,588 INFO [org.junit.Test] zero00811
2016-08-04 20:05:22,588 INFO [org.junit.Test] zero00812
2016-08-04 20:05:22,588 INFO [org.junit.Test] zero00813
2016-08-04 20:05:22,588 INFO [org.junit.Test] zero00814
2016-08-04 20:05:22,588 INFO [org.junit.Test] zero00815
2016-08-04 20:05:22,588 INFO [org.junit.Test] zero00816
2016-08-04 20:05:22,588 INFO [org.junit.Test] zero00817
2016-08-04 20:05:22,588 INFO [org.junit.Test] zero00818
2016-08-04 20:05:22,588 INFO [org.junit.Test] zero00819
2016-08-04 20:05:22,588 INFO [org.junit.Test] zero00820
2016-08-04 20:05:22,588 INFO [org.junit.Test] zero00821
2016-08-04 20:05:22,588 INFO [org.junit.Test] zero00822
2016-08-04 20:05:22,588 INFO [org.junit.Test] zero00823
2016-08-04 20:05:22,588 INFO [org.junit.Test] zero00824
2016-08-04 20:05:22,588 INFO [org.junit.Test] zero00825
2016-08-04 20:05:22,588 INFO [org.junit.Test] zero00826
2016-08-04 20:05:22,588 INFO [org.junit.Test] zero00827
2016-08-04 20:05:22,588 INFO [org.junit.Test] zero00828
2016-08-04 20:05:22,588 INFO [org.junit.Test] zero00829
2016-08-04 20:05:22,588 INFO [org.junit.Test] zero00830
2016-08-04 20:05:22,588 INFO [org.junit.Test] zero00831
2016-08-04 20:05:22,588 INFO [org.junit.Test] zero00832
2016-08-04 20:05:22,588 INFO [org.junit.Test] zero00833
2016-08-04 20:05:22,588 INFO [org.junit.Test] zero00834
2016-08-04 20:05:22,588 INFO [org.junit.Test] zero00835
2016-08-04 20:05:22,588 INFO [org.junit.Test] zero00836
2016-08-04 20:05:22,588 INFO [org.junit.Test] zero00837
2016-08-04 20:05:22,588 INFO [org.junit.Test] zero00838
2016-08-04 20:05:22,588 INFO [org.junit.Test] zero00839
2016-08-04 20:05:22,588 INFO [org.junit.Test] zero00840
2016-08-04 20:05:22,588 INFO [org.junit.Test] zero00841
2016-08-04 20:05:22,588 INFO [org.junit.Test] zero00842
2016-08-04 20:05:22,588 INFO [org.junit.Test] zero00843
2016-08-04 20:05:22,588 INFO [org.junit.Test] zero00844
2016-08-04 20:05:22,588 INFO [org.junit.Test] zero00845
2016-08-04 20:05:22,588 INFO [org.junit.Test] zero00846
2016-08-04 20:05:22,588 INFO [org.junit.Test] zero00847
2016-08-04 20:05:22,588 INFO [org.junit.Test] zero00848
2016-08-04 20:05:22,588 INFO [org.junit.Test] zero00849
2016-08-04 20:05:22,588 INFO [org.junit.Test] zero00850
2016-08-04 20:05:22,588 INFO [org.junit.Test] zero00851
2016-08-04 20:05:22,588 INFO [org.junit.Test] zero00852
2016-08-04 20:05:22,588 INFO [org.junit.Test] zero00853
2016-08-04 20:05:22,588 INFO [org.junit.Test] zero00854
2016-08-04 20:05:22,588 INFO [org.junit.Test] zero00855
2016-08-04 20:05:22,588 INFO [org.junit.Test] zero00856
2016-08-04 20:05:22,588 INFO [org.junit.Test] zero00857
2016-08-04 20:05:22,588 INFO [org.junit.Test] zero00858
2016-08-04 20:05:22,588 INFO [org.junit.Test] zero00859
2016-08-04 20:05:22,588 INFO [org.junit.Test] zero00860
2016-08-04 20:05:22,588 INFO [org.junit.Test] zero00861
2016-08-04 20:05:22,588 INFO [org.junit.Test] zero00862
2016-08-04 20:05:22,588 INFO [org.junit.Test] zero00863
2016-08-04 20:05:22,588 INFO [org.junit.Test] zero00864
2016-08-04 20:05:22,588 INFO [org.junit.Test] zero00865
2016-08-04 20:05:22,588 INFO [org.junit.Test] zero00866
2016-08-04 20:05:22,588 INFO [org.junit.Test] zero00867
2016-08-04 20:05:22,588 INFO [org.junit.Test] zero00868
2016-08-04 20:05:22,588 INFO [org.junit.Test] zero00869
2016-08-04 20:05:22,588 INFO [org.junit.Test] zero00870
2016-08-04 20:05:22,588 INFO [org.junit.Test] zero00871
2016-08-04 20:05:22,588 INFO [org.junit.Test] zero00872
2016-08-04 20:05:22,588 INFO [org.junit.Test] zero00873
2016-08-04 20:05:22,588 INFO [org.junit.Test] zero00874
2016-08-04 20:05:22,588 INFO [org.junit.Test] zero00875
2016-08-04 20:05:22,588 INFO [org.junit.Test] zero00876
2016-08-04 20:05:22,588 INFO [org.junit.Test] zero00877
2016-08-04 20:05:22,588 INFO [org.junit.Test] zero00878
2016-08-04 20:05:22,588 INFO [org.junit.Test] zero00879
2016-08-04 20:05:22,588 INFO [org.junit.Test] zero00880
2016-08-04 20:05:22,588 INFO [org.junit.Test] zero00881
2016-08-04 20:05:22,588 INFO [org.junit.Test] zero00882
2016-08-04 20:05:22,588 INFO [org.junit.Test] zero00883
2016-08-04 20:05:22,588 INFO [org.junit.Test] zero00884
2016-08-04 20:05:22,588 INFO [org.junit.Test] zero00885
2016-08-04 20:05:22,588 INFO [org.junit.Test] zero00886
2016-08-04 20:05:22,588 INFO [org.junit.Test] zero00887
2016-08-04 20:05:22,588 INFO [org.junit.Test] zero00888
2016-08-04 20:05:22,588 INFO [org.junit.Test] zero00889
2016-08-04 20:05:22,588 INFO [org.junit.Test] zero00890
2016-08-04 20:05:22,588 INFO [org.junit.Test] zero00891
2016-08-04 20:05:22,588 INFO [org.junit.Test] zero00892
2016-08-04 20:05:22,588 INFO [org.junit.Test] zero00893
2016-08-04 20:05:22,588 INFO [org.junit.Test] zero00894
2016-08-04 20:05:22,588 INFO [org.junit.Test] zero00895
2016-08-04 20:05:22,588 INFO [org.junit.Test] zero00896
2016-08-04 20:05:22,588 INFO [org.junit.Test] zero00897
2016-08-04 20:05:22,588 INFO [org.junit.Test] zero00898
2016-08-04 20:05:22,588 INFO [org.junit.Test] zero00899
2016-08-04 20:05:22,588 INFO [org.junit.Test] zero00900
2016-08-04 20:05:22,588 INFO [org.junit.Test] zero00901
2016-08-04 20:05:22,588 INFO [org.junit.Test] zero00902
2016-08-04 20:05:22,588 INFO [org.junit.Test] zero00903
2016-08-04 20:05:22,588 INFO [org.junit.Test] zero00904
2016-08-04 20:05:22,588 INFO [org.junit.Test] zero00905
2016-08-04 20:05:22,588 INFO [org.junit.Test] zero00906
2016-08-04 20:05:22,588 INFO [org.junit.Test] zero00907
2016-08-04 20:05:22,588 INFO [org.junit.Test] zero00908
2016-08-04 20:05:22,588 INFO [org.junit.Test] zero00909
2016-08-04 20:05:22,588 INFO [org.junit.Test] zero00910
2016-08-04 20:05:22,588 INFO [org.junit.Test] zero00911
2016-08-04 20:05:22,588 INFO [org.junit.Test] zero00912
2016-08-04 20:05:22,588 INFO [org.junit.Test] zero00913
2016-08-04 20:05:22,588 INFO [org.junit.Test] zero00914
2016-08-04 20:05:22,588 INFO [org.junit.Test] zero00915
2016-08-04 20:05:22,588 INFO [org.junit.Test] zero00916
2016-08-04 20:05:22,588 INFO [org.junit.Test] zero00917
2016-08-04 20:05:22,588 INFO [org.junit.Test] zero00918
2016-08-04 20:05:22,588 INFO [org.junit.Test] zero00919
2016-08-04 20:05:22,588 INFO [org.junit.Test] zero00920
2016-08-04 20:05:22,588 INFO [org.junit.Test] zero00921
2016-08-04 20:05:22,588 INFO [org.junit.Test] zero00922
2016-08-04 20:05:22,589 INFO [org.junit.Test] zero00923
2016-08-04 20:05:22,589 INFO [org.junit.Test] zero00924
2016-08-04 20:05:22,589 INFO [org.junit.Test] zero00925
2016-08-04 20:05:22,589 INFO [org.junit.Test] zero00926
2016-08-04 20:05:22,589 INFO [org.junit.Test] zero00927
2016-08-04 20:05:22,589 INFO [org.junit.Test] zero00928
2016-08-04 20:05:22,589 INFO [org.junit.Test] zero00929
2016-08-04 20:05:22,589 INFO [org.junit.Test] zero00930
2016-08-04 20:05:22,589 INFO [org.junit.Test] zero00931
2016-08-04 20:05:22,589 INFO [org.junit.Test] zero00932
2016-08-04 20:05:22,589 INFO [org.junit.Test] zero00933
2016-08-04 20:05:22,589 INFO [org.junit.Test] zero00934
2016-08-04 20:05:22,589 INFO [org.junit.Test] zero00935
2016-08-04 20:05:22,589 INFO [org.junit.Test] zero00936
2016-08-04 20:05:22,589 INFO [org.junit.Test] zero00937
2016-08-04 20:05:22,589 INFO [org.junit.Test] zero00938
2016-08-04 20:05:22,589 INFO [org.junit.Test] zero00939
2016-08-04 20:05:22,589 INFO [org.junit.Test] zero00940
2016-08-04 20:05:22,589 INFO [org.junit.Test] zero00941
2016-08-04 20:05:22,589 INFO [org.junit.Test] zero00942
2016-08-04 20:05:22,589 INFO [org.junit.Test] zero00943
2016-08-04 20:05:22,589 INFO [org.junit.Test] zero00944
2016-08-04 20:05:22,589 INFO [org.junit.Test] zero00945
2016-08-04 20:05:22,589 INFO [org.junit.Test] zero00946
2016-08-04 20:05:22,589 INFO [org.junit.Test] zero00947
2016-08-04 20:05:22,589 INFO [org.junit.Test] zero00948
2016-08-04 20:05:22,589 INFO [org.junit.Test] zero00949
2016-08-04 20:05:22,589 INFO [org.junit.Test] zero00950
2016-08-04 20:05:22,589 INFO [org.junit.Test] zero00951
2016-08-04 20:05:22,589 INFO [org.junit.Test] zero00952
2016-08-04 20:05:22,589 INFO [org.junit.Test] zero00953
2016-08-04 20:05:22,589 INFO [org.junit.Test] zero00954
2016-08-04 20:05:22,589 INFO [org.junit.Test] zero00955
2016-08-04 20:05:22,589 INFO [org.junit.Test] zero00956
2016-08-04 20:05:22,589 INFO [org.junit.Test] zero00957
2016-08-04 20:05:22,589 INFO [org.junit.Test] zero00958
2016-08-04 20:05:22,589 INFO [org.junit.Test] zero00959
2016-08-04 20:05:22,589 INFO [org.junit.Test] zero00960
2016-08-04 20:05:22,589 INFO [org.junit.Test] zero00961
2016-08-04 20:05:22,589 INFO [org.junit.Test] zero00962
2016-08-04 20:05:22,589 INFO [org.junit.Test] zero00963
2016-08-04 20:05:22,589 INFO [org.junit.Test] zero00964
2016-08-04 20:05:22,589 INFO [org.junit.Test] zero00965
2016-08-04 20:05:22,589 INFO [org.junit.Test] zero00966
2016-08-04 20:05:22,589 INFO [org.junit.Test] zero00967
2016-08-04 20:05:22,589 INFO [org.junit.Test] zero00968
2016-08-04 20:05:22,589 INFO [org.junit.Test] zero00969
2016-08-04 20:05:22,589 INFO [org.junit.Test] zero00970
2016-08-04 20:05:22,589 INFO [org.junit.Test] zero00971
2016-08-04 20:05:22,589 INFO [org.junit.Test] zero00972
2016-08-04 20:05:22,589 INFO [org.junit.Test] zero00973
2016-08-04 20:05:22,589 INFO [org.junit.Test] zero00974
2016-08-04 20:05:22,589 INFO [org.junit.Test] zero00975
2016-08-04 20:05:22,589 INFO [org.junit.Test] zero00976
2016-08-04 20:05:22,589 INFO [org.junit.Test] zero00977
2016-08-04 20:05:22,589 INFO [org.junit.Test] zero00978
2016-08-04 20:05:22,589 INFO [org.junit.Test] zero00979
2016-08-04 20:05:22,589 INFO [org.junit.Test] zero00980
2016-08-04 20:05:22,589 INFO [org.junit.Test] zero00981
2016-08-04 20:05:22,589 INFO [org.junit.Test] zero00982
2016-08-04 20:05:22,589 INFO [org.junit.Test] zero00983
2016-08-04 20:05:22,589 INFO [org.junit.Test] zero00984
2016-08-04 20:05:22,589 INFO [org.junit.Test] zero00985
2016-08-04 20:05:22,589 INFO [org.junit.Test] zero00986
2016-08-04 20:05:22,589 INFO [org.junit.Test] zero00987
2016-08-04 20:05:22,589 INFO [org.junit.Test] zero00988
2016-08-04 20:05:22,589 INFO [org.junit.Test] zero00989
2016-08-04 20:05:22,589 INFO [org.junit.Test] zero00990
2016-08-04 20:05:22,589 INFO [org.junit.Test] zero00991
2016-08-04 20:05:22,589 INFO [org.junit.Test] zero00992
2016-08-04 20:05:22,589 INFO [org.junit.Test] zero00993
2016-08-04 20:05:22,589 INFO [org.junit.Test] zero00994
2016-08-04 20:05:22,589 INFO [org.junit.Test] zero00995
2016-08-04 20:05:22,589 INFO [org.junit.Test] zero00996
2016-08-04 20:05:22,589 INFO [org.junit.Test] zero00997
2016-08-04 20:05:22,589 INFO [org.junit.Test] zero00998
2016-08-04 20:05:22,589 INFO [org.junit.Test] zero00999
2016-08-04 20:05:25,589 INFO [org.junit.Test] zero000
2016-08-04 20:05:25,589 INFO [org.junit.Test] zero001
2016-08-04 20:05:25,589 INFO [org.junit.Test] zero002
2016-08-04 20:05:25,589 INFO [org.junit.Test] zero003
2016-08-04 20:05:25,589 INFO [org.junit.Test] zero004
2016-08-04 20:05:25,589 INFO [org.junit.Test] zero005
2016-08-04 20:05:25,589 INFO [org.junit.Test] zero006
2016-08-04 20:05:25,589 INFO [org.junit.Test] zero007
2016-08-04 20:05:25,589 INFO [org.junit.Test] zero008
2016-08-04 20:05:25,589 INFO [org.junit.Test] zero009
2016-08-04 20:05:25,589 INFO [org.junit.Test] zero0010
2016-08-04 20:05:25,589 INFO [org.junit.Test] zero0011
2016-08-04 20:05:25,589 INFO [org.junit.Test] zero0012
2016-08-04 20:05:25,589 INFO [org.junit.Test] zero0013
2016-08-04 20:05:25,589 INFO [org.junit.Test] zero0014
2016-08-04 20:05:25,589 INFO [org.junit.Test] zero0015
2016-08-04 20:05:25,589 INFO [org.junit.Test] zero0016
2016-08-04 20:05:25,589 INFO [org.junit.Test] zero0017
2016-08-04 20:05:25,589 INFO [org.junit.Test] zero0018
2016-08-04 20:05:25,589 INFO [org.junit.Test] zero0019
2016-08-04 20:05:25,589 INFO [org.junit.Test] zero0020
2016-08-04 20:05:25,589 INFO [org.junit.Test] zero0021
2016-08-04 20:05:25,589 INFO [org.junit.Test] zero0022
2016-08-04 20:05:25,589 INFO [org.junit.Test] zero0023
2016-08-04 20:05:25,589 INFO [org.junit.Test] zero0024
2016-08-04 20:05:25,589 INFO [org.junit.Test] zero0025
2016-08-04 20:05:25,589 INFO [org.junit.Test] zero0026
2016-08-04 20:05:25,589 INFO [org.junit.Test] zero0027
2016-08-04 20:05:25,589 INFO [org.junit.Test] zero0028
2016-08-04 20:05:25,589 INFO [org.junit.Test] zero0029
2016-08-04 20:05:25,589 INFO [org.junit.Test] zero0030
2016-08-04 20:05:25,589 INFO [org.junit.Test] zero0031
2016-08-04 20:05:25,589 INFO [org.junit.Test] zero0032
2016-08-04 20:05:25,589 INFO [org.junit.Test] zero0033
2016-08-04 20:05:25,589 INFO [org.junit.Test] zero0034
2016-08-04 20:05:25,589 INFO [org.junit.Test] zero0035
2016-08-04 20:05:25,589 INFO [org.junit.Test] zero0036
2016-08-04 20:05:25,589 INFO [org.junit.Test] zero0037
2016-08-04 20:05:25,589 INFO [org.junit.Test] zero0038
2016-08-04 20:05:25,589 INFO [org.junit.Test] zero0039
2016-08-04 20:05:25,589 INFO [org.junit.Test] zero0040
2016-08-04 20:05:25,589 INFO [org.junit.Test] zero0041
2016-08-04 20:05:25,589 INFO [org.junit.Test] zero0042
2016-08-04 20:05:25,589 INFO [org.junit.Test] zero0043
2016-08-04 20:05:25,589 INFO [org.junit.Test] zero0044
2016-08-04 20:05:25,589 INFO [org.junit.Test] zero0045
2016-08-04 20:05:25,589 INFO [org.junit.Test] zero0046
2016-08-04 20:05:25,589 INFO [org.junit.Test] zero0047
2016-08-04 20:05:25,589 INFO [org.junit.Test] zero0048
2016-08-04 20:05:25,589 INFO [org.junit.Test] zero0049
2016-08-04 20:05:25,589 INFO [org.junit.Test] zero0050
2016-08-04 20:05:25,589 INFO [org.junit.Test] zero0051
2016-08-04 20:05:25,589 INFO [org.junit.Test] zero0052
2016-08-04 20:05:25,589 INFO [org.junit.Test] zero0053
2016-08-04 20:05:25,589 INFO [org.junit.Test] zero0054
2016-08-04 20:05:25,589 INFO [org.junit.Test] zero0055
2016-08-04 20:05:25,589 INFO [org.junit.Test] zero0056
2016-08-04 20:05:25,589 INFO [org.junit.Test] zero0057
2016-08-04 20:05:25,589 INFO [org.junit.Test] zero0058
2016-08-04 20:05:25,589 INFO [org.junit.Test] zero0059
2016-08-04 20:05:25,589 INFO [org.junit.Test] zero0060
2016-08-04 20:05:25,589 INFO [org.junit.Test] zero0061
2016-08-04 20:05:25,589 INFO [org.junit.Test] zero0062
2016-08-04 20:05:25,589 INFO [org.junit.Test] zero0063
2016-08-04 20:05:25,589 INFO [org.junit.Test] zero0064
2016-08-04 20:05:25,589 INFO [org.junit.Test] zero0065
2016-08-04 20:05:25,589 INFO [org.junit.Test] zero0066
2016-08-04 20:05:25,589 INFO [org.junit.Test] zero0067
2016-08-04 20:05:25,589 INFO [org.junit.Test] zero0068
2016-08-04 20:05:25,589 INFO [org.junit.Test] zero0069
2016-08-04 20:05:25,589 INFO [org.junit.Test] zero0070
2016-08-04 20:05:25,589 INFO [org.junit.Test] zero0071
2016-08-04 20:05:25,589 INFO [org.junit.Test] zero0072
2016-08-04 20:05:25,589 INFO [org.junit.Test] zero0073
2016-08-04 20:05:25,589 INFO [org.junit.Test] zero0074
2016-08-04 20:05:25,589 INFO [org.junit.Test] zero0075
2016-08-04 20:05:25,589 INFO [org.junit.Test] zero0076
2016-08-04 20:05:25,589 INFO [org.junit.Test] zero0077
2016-08-04 20:05:25,589 INFO [org.junit.Test] zero0078
2016-08-04 20:05:25,589 INFO [org.junit.Test] zero0079
2016-08-04 20:05:25,589 INFO [org.junit.Test] zero0080
2016-08-04 20:05:25,589 INFO [org.junit.Test] zero0081
2016-08-04 20:05:25,589 INFO [org.junit.Test] zero0082
2016-08-04 20:05:25,589 INFO [org.junit.Test] zero0083
2016-08-04 20:05:25,589 INFO [org.junit.Test] zero0084
2016-08-04 20:05:25,589 INFO [org.junit.Test] zero0085
2016-08-04 20:05:25,589 INFO [org.junit.Test] zero0086
2016-08-04 20:05:25,589 INFO [org.junit.Test] zero0087
2016-08-04 20:05:25,589 INFO [org.junit.Test] zero0088
2016-08-04 20:05:25,589 INFO [org.junit.Test] zero0089
2016-08-04 20:05:25,589 INFO [org.junit.Test] zero0090
2016-08-04 20:05:25,589 INFO [org.junit.Test] zero0091
2016-08-04 20:05:25,589 INFO [org.junit.Test] zero0092
2016-08-04 20:05:25,589 INFO [org.junit.Test] zero0093
2016-08-04 20:05:25,589 INFO [org.junit.Test] zero0094
2016-08-04 20:05:25,589 INFO [org.junit.Test] zero0095
2016-08-04 20:05:25,589 INFO [org.junit.Test] zero0096
2016-08-04 20:05:25,589 INFO [org.junit.Test] zero0097
2016-08-04 20:05:25,589 INFO [org.junit.Test] zero0098
2016-08-04 20:05:25,589 INFO [org.junit.Test] zero0099
2016-08-04 20:05:25,589 INFO [org.junit.Test] zero00100
2016-08-04 20:05:25,589 INFO [org.junit.Test] zero00101
2016-08-04 20:05:25,589 INFO [org.junit.Test] zero00102
2016-08-04 20:05:25,589 INFO [org.junit.Test] zero00103
2016-08-04 20:05:25,589 INFO [org.junit.Test] zero00104
2016-08-04 20:05:25,589 INFO [org.junit.Test] zero00105
2016-08-04 20:05:25,589 INFO [org.junit.Test] zero00106
2016-08-04 20:05:25,589 INFO [org.junit.Test] zero00107
2016-08-04 20:05:25,589 INFO [org.junit.Test] zero00108
2016-08-04 20:05:25,589 INFO [org.junit.Test] zero00109
2016-08-04 20:05:25,589 INFO [org.junit.Test] zero00110
2016-08-04 20:05:25,589 INFO [org.junit.Test] zero00111
2016-08-04 20:05:25,589 INFO [org.junit.Test] zero00112
2016-08-04 20:05:25,589 INFO [org.junit.Test] zero00113
2016-08-04 20:05:25,589 INFO [org.junit.Test] zero00114
2016-08-04 20:05:25,589 INFO [org.junit.Test] zero00115
2016-08-04 20:05:25,589 INFO [org.junit.Test] zero00116
2016-08-04 20:05:25,589 INFO [org.junit.Test] zero00117
2016-08-04 20:05:25,589 INFO [org.junit.Test] zero00118
2016-08-04 20:05:25,589 INFO [org.junit.Test] zero00119
2016-08-04 20:05:25,589 INFO [org.junit.Test] zero00120
2016-08-04 20:05:25,589 INFO [org.junit.Test] zero00121
2016-08-04 20:05:25,589 INFO [org.junit.Test] zero00122
2016-08-04 20:05:25,589 INFO [org.junit.Test] zero00123
2016-08-04 20:05:25,589 INFO [org.junit.Test] zero00124
2016-08-04 20:05:25,589 INFO [org.junit.Test] zero00125
2016-08-04 20:05:25,589 INFO [org.junit.Test] zero00126
2016-08-04 20:05:25,589 INFO [org.junit.Test] zero00127
2016-08-04 20:05:25,589 INFO [org.junit.Test] zero00128
2016-08-04 20:05:25,589 INFO [org.junit.Test] zero00129
2016-08-04 20:05:25,589 INFO [org.junit.Test] zero00130
2016-08-04 20:05:25,589 INFO [org.junit.Test] zero00131
2016-08-04 20:05:25,589 INFO [org.junit.Test] zero00132
2016-08-04 20:05:25,589 INFO [org.junit.Test] zero00133
2016-08-04 20:05:25,589 INFO [org.junit.Test] zero00134
2016-08-04 20:05:25,589 INFO [org.junit.Test] zero00135
2016-08-04 20:05:25,589 INFO [org.junit.Test] zero00136
2016-08-04 20:05:25,589 INFO [org.junit.Test] zero00137
2016-08-04 20:05:25,589 INFO [org.junit.Test] zero00138
2016-08-04 20:05:25,589 INFO [org.junit.Test] zero00139
2016-08-04 20:05:25,589 INFO [org.junit.Test] zero00140
2016-08-04 20:05:25,589 INFO [org.junit.Test] zero00141
2016-08-04 20:05:25,589 INFO [org.junit.Test] zero00142
2016-08-04 20:05:25,589 INFO [org.junit.Test] zero00143
2016-08-04 20:05:25,589 INFO [org.junit.Test] zero00144
2016-08-04 20:05:25,589 INFO [org.junit.Test] zero00145
2016-08-04 20:05:25,589 INFO [org.junit.Test] zero00146
2016-08-04 20:05:25,589 INFO [org.junit.Test] zero00147
2016-08-04 20:05:25,589 INFO [org.junit.Test] zero00148
2016-08-04 20:05:25,589 INFO [org.junit.Test] zero00149
2016-08-04 20:05:25,589 INFO [org.junit.Test] zero00150
2016-08-04 20:05:25,589 INFO [org.junit.Test] zero00151
2016-08-04 20:05:25,589 INFO [org.junit.Test] zero00152
2016-08-04 20:05:25,590 INFO [org.junit.Test] zero00153
2016-08-04 20:05:25,590 INFO [org.junit.Test] zero00154
2016-08-04 20:05:25,590 INFO [org.junit.Test] zero00155
2016-08-04 20:05:25,590 INFO [org.junit.Test] zero00156
2016-08-04 20:05:25,590 INFO [org.junit.Test] zero00157
2016-08-04 20:05:25,590 INFO [org.junit.Test] zero00158
2016-08-04 20:05:25,590 INFO [org.junit.Test] zero00159
2016-08-04 20:05:25,590 INFO [org.junit.Test] zero00160
2016-08-04 20:05:25,590 INFO [org.junit.Test] zero00161
2016-08-04 20:05:25,590 INFO [org.junit.Test] zero00162
2016-08-04 20:05:25,590 INFO [org.junit.Test] zero00163
2016-08-04 20:05:25,590 INFO [org.junit.Test] zero00164
2016-08-04 20:05:25,590 INFO [org.junit.Test] zero00165
2016-08-04 20:05:25,590 INFO [org.junit.Test] zero00166
2016-08-04 20:05:25,590 INFO [org.junit.Test] zero00167
2016-08-04 20:05:25,590 INFO [org.junit.Test] zero00168
2016-08-04 20:05:25,590 INFO [org.junit.Test] zero00169
2016-08-04 20:05:25,590 INFO [org.junit.Test] zero00170
2016-08-04 20:05:25,590 INFO [org.junit.Test] zero00171
2016-08-04 20:05:25,590 INFO [org.junit.Test] zero00172
2016-08-04 20:05:25,590 INFO [org.junit.Test] zero00173
2016-08-04 20:05:25,590 INFO [org.junit.Test] zero00174
2016-08-04 20:05:25,590 INFO [org.junit.Test] zero00175
2016-08-04 20:05:25,590 INFO [org.junit.Test] zero00176
2016-08-04 20:05:25,590 INFO [org.junit.Test] zero00177
2016-08-04 20:05:25,590 INFO [org.junit.Test] zero00178
2016-08-04 20:05:25,590 INFO [org.junit.Test] zero00179
2016-08-04 20:05:25,590 INFO [org.junit.Test] zero00180
2016-08-04 20:05:25,590 INFO [org.junit.Test] zero00181
2016-08-04 20:05:25,590 INFO [org.junit.Test] zero00182
2016-08-04 20:05:25,590 INFO [org.junit.Test] zero00183
2016-08-04 20:05:25,590 INFO [org.junit.Test] zero00184
2016-08-04 20:05:25,590 INFO [org.junit.Test] zero00185
2016-08-04 20:05:25,590 INFO [org.junit.Test] zero00186
2016-08-04 20:05:25,590 INFO [org.junit.Test] zero00187
2016-08-04 20:05:25,590 INFO [org.junit.Test] zero00188
2016-08-04 20:05:25,590 INFO [org.junit.Test] zero00189
2016-08-04 20:05:25,590 INFO [org.junit.Test] zero00190
2016-08-04 20:05:25,590 INFO [org.junit.Test] zero00191
2016-08-04 20:05:25,590 INFO [org.junit.Test] zero00192
2016-08-04 20:05:25,590 INFO [org.junit.Test] zero00193
2016-08-04 20:05:25,590 INFO [org.junit.Test] zero00194
2016-08-04 20:05:25,590 INFO [org.junit.Test] zero00195
2016-08-04 20:05:25,590 INFO [org.junit.Test] zero00196
2016-08-04 20:05:25,590 INFO [org.junit.Test] zero00197
2016-08-04 20:05:25,590 INFO [org.junit.Test] zero00198
2016-08-04 20:05:25,590 INFO [org.junit.Test] zero00199
2016-08-04 20:05:25,590 INFO [org.junit.Test] zero00200
2016-08-04 20:05:25,590 INFO [org.junit.Test] zero00201
2016-08-04 20:05:25,590 INFO [org.junit.Test] zero00202
2016-08-04 20:05:25,590 INFO [org.junit.Test] zero00203
2016-08-04 20:05:25,590 INFO [org.junit.Test] zero00204
2016-08-04 20:05:25,590 INFO [org.junit.Test] zero00205
2016-08-04 20:05:25,590 INFO [org.junit.Test] zero00206
2016-08-04 20:05:25,590 INFO [org.junit.Test] zero00207
2016-08-04 20:05:25,590 INFO [org.junit.Test] zero00208
2016-08-04 20:05:25,590 INFO [org.junit.Test] zero00209
2016-08-04 20:05:25,590 INFO [org.junit.Test] zero00210
2016-08-04 20:05:25,590 INFO [org.junit.Test] zero00211
2016-08-04 20:05:25,590 INFO [org.junit.Test] zero00212
2016-08-04 20:05:25,590 INFO [org.junit.Test] zero00213
2016-08-04 20:05:25,590 INFO [org.junit.Test] zero00214
2016-08-04 20:05:25,590 INFO [org.junit.Test] zero00215
2016-08-04 20:05:25,590 INFO [org.junit.Test] zero00216
2016-08-04 20:05:25,590 INFO [org.junit.Test] zero00217
2016-08-04 20:05:25,590 INFO [org.junit.Test] zero00218
2016-08-04 20:05:25,590 INFO [org.junit.Test] zero00219
2016-08-04 20:05:25,590 INFO [org.junit.Test] zero00220
2016-08-04 20:05:25,590 INFO [org.junit.Test] zero00221
2016-08-04 20:05:25,590 INFO [org.junit.Test] zero00222
2016-08-04 20:05:25,590 INFO [org.junit.Test] zero00223
2016-08-04 20:05:25,590 INFO [org.junit.Test] zero00224
2016-08-04 20:05:25,590 INFO [org.junit.Test] zero00225
2016-08-04 20:05:25,590 INFO [org.junit.Test] zero00226
2016-08-04 20:05:25,590 INFO [org.junit.Test] zero00227
2016-08-04 20:05:25,590 INFO [org.junit.Test] zero00228
2016-08-04 20:05:25,590 INFO [org.junit.Test] zero00229
2016-08-04 20:05:25,590 INFO [org.junit.Test] zero00230
2016-08-04 20:05:25,590 INFO [org.junit.Test] zero00231
2016-08-04 20:05:25,590 INFO [org.junit.Test] zero00232
2016-08-04 20:05:25,590 INFO [org.junit.Test] zero00233
2016-08-04 20:05:25,590 INFO [org.junit.Test] zero00234
2016-08-04 20:05:25,590 INFO [org.junit.Test] zero00235
2016-08-04 20:05:25,590 INFO [org.junit.Test] zero00236
2016-08-04 20:05:25,590 INFO [org.junit.Test] zero00237
2016-08-04 20:05:25,590 INFO [org.junit.Test] zero00238
2016-08-04 20:05:25,590 INFO [org.junit.Test] zero00239
2016-08-04 20:05:25,590 INFO [org.junit.Test] zero00240
2016-08-04 20:05:25,590 INFO [org.junit.Test] zero00241
2016-08-04 20:05:25,590 INFO [org.junit.Test] zero00242
2016-08-04 20:05:25,590 INFO [org.junit.Test] zero00243
2016-08-04 20:05:25,590 INFO [org.junit.Test] zero00244
2016-08-04 20:05:25,590 INFO [org.junit.Test] zero00245
2016-08-04 20:05:25,590 INFO [org.junit.Test] zero00246
2016-08-04 20:05:25,590 INFO [org.junit.Test] zero00247
2016-08-04 20:05:25,590 INFO [org.junit.Test] zero00248
2016-08-04 20:05:25,590 INFO [org.junit.Test] zero00249
2016-08-04 20:05:25,590 INFO [org.junit.Test] zero00250
2016-08-04 20:05:25,590 INFO [org.junit.Test] zero00251
2016-08-04 20:05:25,590 INFO [org.junit.Test] zero00252
2016-08-04 20:05:25,590 INFO [org.junit.Test] zero00253
2016-08-04 20:05:25,590 INFO [org.junit.Test] zero00254
2016-08-04 20:05:25,590 INFO [org.junit.Test] zero00255
2016-08-04 20:05:25,590 INFO [org.junit.Test] zero00256
2016-08-04 20:05:25,590 INFO [org.junit.Test] zero00257
2016-08-04 20:05:25,590 INFO [org.junit.Test] zero00258
2016-08-04 20:05:25,590 INFO [org.junit.Test] zero00259
2016-08-04 20:05:25,590 INFO [org.junit.Test] zero00260
2016-08-04 20:05:25,590 INFO [org.junit.Test] zero00261
2016-08-04 20:05:25,590 INFO [org.junit.Test] zero00262
2016-08-04 20:05:25,590 INFO [org.junit.Test] zero00263
2016-08-04 20:05:25,590 INFO [org.junit.Test] zero00264
2016-08-04 20:05:25,590 INFO [org.junit.Test] zero00265
2016-08-04 20:05:25,590 INFO [org.junit.Test] zero00266
2016-08-04 20:05:25,590 INFO [org.junit.Test] zero00267
2016-08-04 20:05:25,590 INFO [org.junit.Test] zero00268
2016-08-04 20:05:25,590 INFO [org.junit.Test] zero00269
2016-08-04 20:05:25,590 INFO [org.junit.Test] zero00270
2016-08-04 20:05:25,590 INFO [org.junit.Test] zero00271
2016-08-04 20:05:25,590 INFO [org.junit.Test] zero00272
2016-08-04 20:05:25,590 INFO [org.junit.Test] zero00273
2016-08-04 20:05:25,590 INFO [org.junit.Test] zero00274
2016-08-04 20:05:25,590 INFO [org.junit.Test] zero00275
2016-08-04 20:05:25,590 INFO [org.junit.Test] zero00276
2016-08-04 20:05:25,590 INFO [org.junit.Test] zero00277
2016-08-04 20:05:25,590 INFO [org.junit.Test] zero00278
2016-08-04 20:05:25,590 INFO [org.junit.Test] zero00279
2016-08-04 20:05:25,590 INFO [org.junit.Test] zero00280
2016-08-04 20:05:25,590 INFO [org.junit.Test] zero00281
2016-08-04 20:05:25,590 INFO [org.junit.Test] zero00282
2016-08-04 20:05:25,590 INFO [org.junit.Test] zero00283
2016-08-04 20:05:25,590 INFO [org.junit.Test] zero00284
2016-08-04 20:05:25,590 INFO [org.junit.Test] zero00285
2016-08-04 20:05:25,590 INFO [org.junit.Test] zero00286
2016-08-04 20:05:25,590 INFO [org.junit.Test] zero00287
2016-08-04 20:05:25,590 INFO [org.junit.Test] zero00288
2016-08-04 20:05:25,590 INFO [org.junit.Test] zero00289
2016-08-04 20:05:25,590 INFO [org.junit.Test] zero00290
2016-08-04 20:05:25,590 INFO [org.junit.Test] zero00291
2016-08-04 20:05:25,590 INFO [org.junit.Test] zero00292
2016-08-04 20:05:25,590 INFO [org.junit.Test] zero00293
2016-08-04 20:05:25,590 INFO [org.junit.Test] zero00294
2016-08-04 20:05:25,590 INFO [org.junit.Test] zero00295
2016-08-04 20:05:25,590 INFO [org.junit.Test] zero00296
2016-08-04 20:05:25,590 INFO [org.junit.Test] zero00297
2016-08-04 20:05:25,590 INFO [org.junit.Test] zero00298
2016-08-04 20:05:25,590 INFO [org.junit.Test] zero00299
2016-08-04 20:05:25,590 INFO [org.junit.Test] zero00300
2016-08-04 20:05:25,590 INFO [org.junit.Test] zero00301
2016-08-04 20:05:25,590 INFO [org.junit.Test] zero00302
2016-08-04 20:05:25,590 INFO [org.junit.Test] zero00303
2016-08-04 20:05:25,590 INFO [org.junit.Test] zero00304
2016-08-04 20:05:25,590 INFO [org.junit.Test] zero00305
2016-08-04 20:05:25,590 INFO [org.junit.Test] zero00306
2016-08-04 20:05:25,590 INFO [org.junit.Test] zero00307
2016-08-04 20:05:25,590 INFO [org.junit.Test] zero00308
2016-08-04 20:05:25,590 INFO [org.junit.Test] zero00309
2016-08-04 20:05:25,590 INFO [org.junit.Test] zero00310
2016-08-04 20:05:25,590 INFO [org.junit.Test] zero00311
2016-08-04 20:05:25,590 INFO [org.junit.Test] zero00312
2016-08-04 20:05:25,590 INFO [org.junit.Test] zero00313
2016-08-04 20:05:25,590 INFO [org.junit.Test] zero00314
2016-08-04 20:05:25,590 INFO [org.junit.Test] zero00315
2016-08-04 20:05:25,590 INFO [org.junit.Test] zero00316
2016-08-04 20:05:25,590 INFO [org.junit.Test] zero00317
2016-08-04 20:05:25,590 INFO [org.junit.Test] zero00318
2016-08-04 20:05:25,590 INFO [org.junit.Test] zero00319
2016-08-04 20:05:25,590 INFO [org.junit.Test] zero00320
2016-08-04 20:05:25,590 INFO [org.junit.Test] zero00321
2016-08-04 20:05:25,590 INFO [org.junit.Test] zero00322
2016-08-04 20:05:25,590 INFO [org.junit.Test] zero00323
2016-08-04 20:05:25,590 INFO [org.junit.Test] zero00324
2016-08-04 20:05:25,590 INFO [org.junit.Test] zero00325
2016-08-04 20:05:25,590 INFO [org.junit.Test] zero00326
2016-08-04 20:05:25,590 INFO [org.junit.Test] zero00327
2016-08-04 20:05:25,590 INFO [org.junit.Test] zero00328
2016-08-04 20:05:25,590 INFO [org.junit.Test] zero00329
2016-08-04 20:05:25,590 INFO [org.junit.Test] zero00330
2016-08-04 20:05:25,590 INFO [org.junit.Test] zero00331
2016-08-04 20:05:25,590 INFO [org.junit.Test] zero00332
2016-08-04 20:05:25,590 INFO [org.junit.Test] zero00333
2016-08-04 20:05:25,590 INFO [org.junit.Test] zero00334
2016-08-04 20:05:25,590 INFO [org.junit.Test] zero00335
2016-08-04 20:05:25,590 INFO [org.junit.Test] zero00336
2016-08-04 20:05:25,590 INFO [org.junit.Test] zero00337
2016-08-04 20:05:25,590 INFO [org.junit.Test] zero00338
2016-08-04 20:05:25,590 INFO [org.junit.Test] zero00339
2016-08-04 20:05:25,590 INFO [org.junit.Test] zero00340
2016-08-04 20:05:25,590 INFO [org.junit.Test] zero00341
2016-08-04 20:05:25,590 INFO [org.junit.Test] zero00342
2016-08-04 20:05:25,590 INFO [org.junit.Test] zero00343
2016-08-04 20:05:25,590 INFO [org.junit.Test] zero00344
2016-08-04 20:05:25,590 INFO [org.junit.Test] zero00345
2016-08-04 20:05:25,590 INFO [org.junit.Test] zero00346
2016-08-04 20:05:25,590 INFO [org.junit.Test] zero00347
2016-08-04 20:05:25,590 INFO [org.junit.Test] zero00348
2016-08-04 20:05:25,590 INFO [org.junit.Test] zero00349
2016-08-04 20:05:25,590 INFO [org.junit.Test] zero00350
2016-08-04 20:05:25,590 INFO [org.junit.Test] zero00351
2016-08-04 20:05:25,590 INFO [org.junit.Test] zero00352
2016-08-04 20:05:25,590 INFO [org.junit.Test] zero00353
2016-08-04 20:05:25,590 INFO [org.junit.Test] zero00354
2016-08-04 20:05:25,590 INFO [org.junit.Test] zero00355
2016-08-04 20:05:25,590 INFO [org.junit.Test] zero00356
2016-08-04 20:05:25,590 INFO [org.junit.Test] zero00357
2016-08-04 20:05:25,590 INFO [org.junit.Test] zero00358
2016-08-04 20:05:25,590 INFO [org.junit.Test] zero00359
2016-08-04 20:05:25,590 INFO [org.junit.Test] zero00360
2016-08-04 20:05:25,590 INFO [org.junit.Test] zero00361
2016-08-04 20:05:25,590 INFO [org.junit.Test] zero00362
2016-08-04 20:05:25,590 INFO [org.junit.Test] zero00363
2016-08-04 20:05:25,590 INFO [org.junit.Test] zero00364
2016-08-04 20:05:25,590 INFO [org.junit.Test] zero00365
2016-08-04 20:05:25,590 INFO [org.junit.Test] zero00366
2016-08-04 20:05:25,590 INFO [org.junit.Test] zero00367
2016-08-04 20:05:25,590 INFO [org.junit.Test] zero00368
2016-08-04 20:05:25,590 INFO [org.junit.Test] zero00369
2016-08-04 20:05:25,590 INFO [org.junit.Test] zero00370
2016-08-04 20:05:25,590 INFO [org.junit.Test] zero00371
2016-08-04 20:05:25,590 INFO [org.junit.Test] zero00372
2016-08-04 20:05:25,590 INFO [org.junit.Test] zero00373
2016-08-04 20:05:25,590 INFO [org.junit.Test] zero00374
2016-08-04 20:05:25,590 INFO [org.junit.Test] zero00375
2016-08-04 20:05:25,590 INFO [org.junit.Test] zero00376
2016-08-04 20:05:25,590 INFO [org.junit.Test] zero00377
2016-08-04 20:05:25,590 INFO [org.junit.Test] zero00378
2016-08-04 20:05:25,590 INFO [org.junit.Test] zero00379
2016-08-04 20:05:25,590 INFO [org.junit.Test] zero00380
2016-08-04 20:05:25,590 INFO [org.junit.Test] zero00381
2016-08-04 20:05:25,590 INFO [org.junit.Test] zero00382
2016-08-04 20:05:25,590 INFO [org.junit.Test] zero00383
2016-08-04 20:05:25,590 INFO [org.junit.Test] zero00384
2016-08-04 20:05:25,590 INFO [org.junit.Test] zero00385
2016-08-04 20:05:25,590 INFO [org.junit.Test] zero00386
2016-08-04 20:05:25,590 INFO [org.junit.Test] zero00387
2016-08-04 20:05:25,590 INFO [org.junit.Test] zero00388
2016-08-04 20:05:25,590 INFO [org.junit.Test] zero00389
2016-08-04 20:05:25,590 INFO [org.junit.Test] zero00390
2016-08-04 20:05:25,590 INFO [org.junit.Test] zero00391
2016-08-04 20:05:25,590 INFO [org.junit.Test] zero00392
2016-08-04 20:05:25,590 INFO [org.junit.Test] zero00393
2016-08-04 20:05:25,590 INFO [org.junit.Test] zero00394
2016-08-04 20:05:25,590 INFO [org.junit.Test] zero00395
2016-08-04 20:05:25,590 INFO [org.junit.Test] zero00396
2016-08-04 20:05:25,590 INFO [org.junit.Test] zero00397
2016-08-04 20:05:25,590 INFO [org.junit.Test] zero00398
2016-08-04 20:05:25,590 INFO [org.junit.Test] zero00399
2016-08-04 20:05:25,590 INFO [org.junit.Test] zero00400
2016-08-04 20:05:25,590 INFO [org.junit.Test] zero00401
2016-08-04 20:05:25,590 INFO [org.junit.Test] zero00402
2016-08-04 20:05:25,590 INFO [org.junit.Test] zero00403
2016-08-04 20:05:25,590 INFO [org.junit.Test] zero00404
2016-08-04 20:05:25,590 INFO [org.junit.Test] zero00405
2016-08-04 20:05:25,590 INFO [org.junit.Test] zero00406
2016-08-04 20:05:25,590 INFO [org.junit.Test] zero00407
2016-08-04 20:05:25,590 INFO [org.junit.Test] zero00408
2016-08-04 20:05:25,590 INFO [org.junit.Test] zero00409
2016-08-04 20:05:25,590 INFO [org.junit.Test] zero00410
2016-08-04 20:05:25,590 INFO [org.junit.Test] zero00411
2016-08-04 20:05:25,590 INFO [org.junit.Test] zero00412
2016-08-04 20:05:25,590 INFO [org.junit.Test] zero00413
2016-08-04 20:05:25,590 INFO [org.junit.Test] zero00414
2016-08-04 20:05:25,590 INFO [org.junit.Test] zero00415
2016-08-04 20:05:25,590 INFO [org.junit.Test] zero00416
2016-08-04 20:05:25,590 INFO [org.junit.Test] zero00417
2016-08-04 20:05:25,590 INFO [org.junit.Test] zero00418
2016-08-04 20:05:25,590 INFO [org.junit.Test] zero00419
2016-08-04 20:05:25,590 INFO [org.junit.Test] zero00420
2016-08-04 20:05:25,590 INFO [org.junit.Test] zero00421
2016-08-04 20:05:25,590 INFO [org.junit.Test] zero00422
2016-08-04 20:05:25,590 INFO [org.junit.Test] zero00423
2016-08-04 20:05:25,590 INFO [org.junit.Test] zero00424
2016-08-04 20:05:25,590 INFO [org.junit.Test] zero00425
2016-08-04 20:05:25,590 INFO [org.junit.Test] zero00426
2016-08-04 20:05:25,590 INFO [org.junit.Test] zero00427
2016-08-04 20:05:25,590 INFO [org.junit.Test] zero00428
2016-08-04 20:05:25,590 INFO [org.junit.Test] zero00429
2016-08-04 20:05:25,590 INFO [org.junit.Test] zero00430
2016-08-04 20:05:25,590 INFO [org.junit.Test] zero00431
2016-08-04 20:05:25,590 INFO [org.junit.Test] zero00432
2016-08-04 20:05:25,590 INFO [org.junit.Test] zero00433
2016-08-04 20:05:25,590 INFO [org.junit.Test] zero00434
2016-08-04 20:05:25,590 INFO [org.junit.Test] zero00435
2016-08-04 20:05:25,590 INFO [org.junit.Test] zero00436
2016-08-04 20:05:25,590 INFO [org.junit.Test] zero00437
2016-08-04 20:05:25,590 INFO [org.junit.Test] zero00438
2016-08-04 20:05:25,590 INFO [org.junit.Test] zero00439
2016-08-04 20:05:25,590 INFO [org.junit.Test] zero00440
2016-08-04 20:05:25,590 INFO [org.junit.Test] zero00441
2016-08-04 20:05:25,590 INFO [org.junit.Test] zero00442
2016-08-04 20:05:25,590 INFO [org.junit.Test] zero00443
2016-08-04 20:05:25,590 INFO [org.junit.Test] zero00444
2016-08-04 20:05:25,590 INFO [org.junit.Test] zero00445
2016-08-04 20:05:25,590 INFO [org.junit.Test] zero00446
2016-08-04 20:05:25,590 INFO [org.junit.Test] zero00447
2016-08-04 20:05:25,590 INFO [org.junit.Test] zero00448
2016-08-04 20:05:25,590 INFO [org.junit.Test] zero00449
2016-08-04 20:05:25,590 INFO [org.junit.Test] zero00450
2016-08-04 20:05:25,590 INFO [org.junit.Test] zero00451
2016-08-04 20:05:25,590 INFO [org.junit.Test] zero00452
2016-08-04 20:05:25,590 INFO [org.junit.Test] zero00453
2016-08-04 20:05:25,590 INFO [org.junit.Test] zero00454
2016-08-04 20:05:25,590 INFO [org.junit.Test] zero00455
2016-08-04 20:05:25,590 INFO [org.junit.Test] zero00456
2016-08-04 20:05:25,590 INFO [org.junit.Test] zero00457
2016-08-04 20:05:25,590 INFO [org.junit.Test] zero00458
2016-08-04 20:05:25,590 INFO [org.junit.Test] zero00459
2016-08-04 20:05:25,590 INFO [org.junit.Test] zero00460
2016-08-04 20:05:25,590 INFO [org.junit.Test] zero00461
2016-08-04 20:05:25,590 INFO [org.junit.Test] zero00462
2016-08-04 20:05:25,590 INFO [org.junit.Test] zero00463
2016-08-04 20:05:25,590 INFO [org.junit.Test] zero00464
2016-08-04 20:05:25,590 INFO [org.junit.Test] zero00465
2016-08-04 20:05:25,590 INFO [org.junit.Test] zero00466
2016-08-04 20:05:25,590 INFO [org.junit.Test] zero00467
2016-08-04 20:05:25,590 INFO [org.junit.Test] zero00468
2016-08-04 20:05:25,590 INFO [org.junit.Test] zero00469
2016-08-04 20:05:25,590 INFO [org.junit.Test] zero00470
2016-08-04 20:05:25,590 INFO [org.junit.Test] zero00471
2016-08-04 20:05:25,590 INFO [org.junit.Test] zero00472
2016-08-04 20:05:25,590 INFO [org.junit.Test] zero00473
2016-08-04 20:05:25,590 INFO [org.junit.Test] zero00474
2016-08-04 20:05:25,590 INFO [org.junit.Test] zero00475
2016-08-04 20:05:25,590 INFO [org.junit.Test] zero00476
2016-08-04 20:05:25,590 INFO [org.junit.Test] zero00477
2016-08-04 20:05:25,590 INFO [org.junit.Test] zero00478
2016-08-04 20:05:25,590 INFO [org.junit.Test] zero00479
2016-08-04 20:05:25,590 INFO [org.junit.Test] zero00480
2016-08-04 20:05:25,590 INFO [org.junit.Test] zero00481
2016-08-04 20:05:25,590 INFO [org.junit.Test] zero00482
2016-08-04 20:05:25,590 INFO [org.junit.Test] zero00483
2016-08-04 20:05:25,590 INFO [org.junit.Test] zero00484
2016-08-04 20:05:25,590 INFO [org.junit.Test] zero00485
2016-08-04 20:05:25,590 INFO [org.junit.Test] zero00486
2016-08-04 20:05:25,590 INFO [org.junit.Test] zero00487
2016-08-04 20:05:25,590 INFO [org.junit.Test] zero00488
2016-08-04 20:05:25,590 INFO [org.junit.Test] zero00489
2016-08-04 20:05:25,590 INFO [org.junit.Test] zero00490
2016-08-04 20:05:25,590 INFO [org.junit.Test] zero00491
2016-08-04 20:05:25,590 INFO [org.junit.Test] zero00492
2016-08-04 20:05:25,590 INFO [org.junit.Test] zero00493
2016-08-04 20:05:25,590 INFO [org.junit.Test] zero00494
2016-08-04 20:05:25,590 INFO [org.junit.Test] zero00495
2016-08-04 20:05:25,590 INFO [org.junit.Test] zero00496
2016-08-04 20:05:25,590 INFO [org.junit.Test] zero00497
2016-08-04 20:05:25,590 INFO [org.junit.Test] zero00498
2016-08-04 20:05:25,590 INFO [org.junit.Test] zero00499
2016-08-04 20:05:25,590 INFO [org.junit.Test] zero00500
2016-08-04 20:05:25,590 INFO [org.junit.Test] zero00501
2016-08-04 20:05:25,590 INFO [org.junit.Test] zero00502
2016-08-04 20:05:25,590 INFO [org.junit.Test] zero00503
2016-08-04 20:05:25,590 INFO [org.junit.Test] zero00504
2016-08-04 20:05:25,590 INFO [org.junit.Test] zero00505
2016-08-04 20:05:25,590 INFO [org.junit.Test] zero00506
2016-08-04 20:05:25,591 INFO [org.junit.Test] zero00507
2016-08-04 20:05:25,591 INFO [org.junit.Test] zero00508
2016-08-04 20:05:25,591 INFO [org.junit.Test] zero00509
2016-08-04 20:05:25,591 INFO [org.junit.Test] zero00510
2016-08-04 20:05:25,591 INFO [org.junit.Test] zero00511
2016-08-04 20:05:25,591 INFO [org.junit.Test] zero00512
2016-08-04 20:05:25,591 INFO [org.junit.Test] zero00513
2016-08-04 20:05:25,591 INFO [org.junit.Test] zero00514
2016-08-04 20:05:25,591 INFO [org.junit.Test] zero00515
2016-08-04 20:05:25,591 INFO [org.junit.Test] zero00516
2016-08-04 20:05:25,591 INFO [org.junit.Test] zero00517
2016-08-04 20:05:25,591 INFO [org.junit.Test] zero00518
2016-08-04 20:05:25,591 INFO [org.junit.Test] zero00519
2016-08-04 20:05:25,591 INFO [org.junit.Test] zero00520
2016-08-04 20:05:25,591 INFO [org.junit.Test] zero00521
2016-08-04 20:05:25,591 INFO [org.junit.Test] zero00522
2016-08-04 20:05:25,591 INFO [org.junit.Test] zero00523
2016-08-04 20:05:25,591 INFO [org.junit.Test] zero00524
2016-08-04 20:05:25,591 INFO [org.junit.Test] zero00525
2016-08-04 20:05:25,591 INFO [org.junit.Test] zero00526
2016-08-04 20:05:25,591 INFO [org.junit.Test] zero00527
2016-08-04 20:05:25,591 INFO [org.junit.Test] zero00528
2016-08-04 20:05:25,591 INFO [org.junit.Test] zero00529
2016-08-04 20:05:25,591 INFO [org.junit.Test] zero00530
2016-08-04 20:05:25,591 INFO [org.junit.Test] zero00531
2016-08-04 20:05:25,591 INFO [org.junit.Test] zero00532
2016-08-04 20:05:25,591 INFO [org.junit.Test] zero00533
2016-08-04 20:05:25,591 INFO [org.junit.Test] zero00534
2016-08-04 20:05:25,591 INFO [org.junit.Test] zero00535
2016-08-04 20:05:25,591 INFO [org.junit.Test] zero00536
2016-08-04 20:05:25,591 INFO [org.junit.Test] zero00537
2016-08-04 20:05:25,591 INFO [org.junit.Test] zero00538
2016-08-04 20:05:25,591 INFO [org.junit.Test] zero00539
2016-08-04 20:05:25,591 INFO [org.junit.Test] zero00540
2016-08-04 20:05:25,591 INFO [org.junit.Test] zero00541
2016-08-04 20:05:25,591 INFO [org.junit.Test] zero00542
2016-08-04 20:05:25,591 INFO [org.junit.Test] zero00543
2016-08-04 20:05:25,591 INFO [org.junit.Test] zero00544
2016-08-04 20:05:25,591 INFO [org.junit.Test] zero00545
2016-08-04 20:05:25,591 INFO [org.junit.Test] zero00546
2016-08-04 20:05:25,591 INFO [org.junit.Test] zero00547
2016-08-04 20:05:25,591 INFO [org.junit.Test] zero00548
2016-08-04 20:05:25,591 INFO [org.junit.Test] zero00549
2016-08-04 20:05:25,591 INFO [org.junit.Test] zero00550
2016-08-04 20:05:25,591 INFO [org.junit.Test] zero00551
2016-08-04 20:05:25,591 INFO [org.junit.Test] zero00552
2016-08-04 20:05:25,591 INFO [org.junit.Test] zero00553
2016-08-04 20:05:25,591 INFO [org.junit.Test] zero00554
2016-08-04 20:05:25,591 INFO [org.junit.Test] zero00555
2016-08-04 20:05:25,591 INFO [org.junit.Test] zero00556
2016-08-04 20:05:25,591 INFO [org.junit.Test] zero00557
2016-08-04 20:05:25,591 INFO [org.junit.Test] zero00558
2016-08-04 20:05:25,591 INFO [org.junit.Test] zero00559
2016-08-04 20:05:25,591 INFO [org.junit.Test] zero00560
2016-08-04 20:05:25,591 INFO [org.junit.Test] zero00561
2016-08-04 20:05:25,591 INFO [org.junit.Test] zero00562
2016-08-04 20:05:25,591 INFO [org.junit.Test] zero00563
2016-08-04 20:05:25,591 INFO [org.junit.Test] zero00564
2016-08-04 20:05:25,591 INFO [org.junit.Test] zero00565
2016-08-04 20:05:25,591 INFO [org.junit.Test] zero00566
2016-08-04 20:05:25,591 INFO [org.junit.Test] zero00567
2016-08-04 20:05:25,591 INFO [org.junit.Test] zero00568
2016-08-04 20:05:25,591 INFO [org.junit.Test] zero00569
2016-08-04 20:05:25,591 INFO [org.junit.Test] zero00570
2016-08-04 20:05:25,591 INFO [org.junit.Test] zero00571
2016-08-04 20:05:25,591 INFO [org.junit.Test] zero00572
2016-08-04 20:05:25,591 INFO [org.junit.Test] zero00573
2016-08-04 20:05:25,591 INFO [org.junit.Test] zero00574
2016-08-04 20:05:25,591 INFO [org.junit.Test] zero00575
2016-08-04 20:05:25,591 INFO [org.junit.Test] zero00576
2016-08-04 20:05:25,591 INFO [org.junit.Test] zero00577
2016-08-04 20:05:25,591 INFO [org.junit.Test] zero00578
2016-08-04 20:05:25,591 INFO [org.junit.Test] zero00579
2016-08-04 20:05:25,591 INFO [org.junit.Test] zero00580
2016-08-04 20:05:25,591 INFO [org.junit.Test] zero00581
2016-08-04 20:05:25,591 INFO [org.junit.Test] zero00582
2016-08-04 20:05:25,591 INFO [org.junit.Test] zero00583
2016-08-04 20:05:25,591 INFO [org.junit.Test] zero00584
2016-08-04 20:05:25,591 INFO [org.junit.Test] zero00585
2016-08-04 20:05:25,591 INFO [org.junit.Test] zero00586
2016-08-04 20:05:25,591 INFO [org.junit.Test] zero00587
2016-08-04 20:05:25,591 INFO [org.junit.Test] zero00588
2016-08-04 20:05:25,591 INFO [org.junit.Test] zero00589
2016-08-04 20:05:25,591 INFO [org.junit.Test] zero00590
2016-08-04 20:05:25,591 INFO [org.junit.Test] zero00591
2016-08-04 20:05:25,591 INFO [org.junit.Test] zero00592
2016-08-04 20:05:25,591 INFO [org.junit.Test] zero00593
2016-08-04 20:05:25,591 INFO [org.junit.Test] zero00594
2016-08-04 20:05:25,591 INFO [org.junit.Test] zero00595
2016-08-04 20:05:25,591 INFO [org.junit.Test] zero00596
2016-08-04 20:05:25,591 INFO [org.junit.Test] zero00597
2016-08-04 20:05:25,591 INFO [org.junit.Test] zero00598
2016-08-04 20:05:25,591 INFO [org.junit.Test] zero00599
2016-08-04 20:05:25,591 INFO [org.junit.Test] zero00600
2016-08-04 20:05:25,591 INFO [org.junit.Test] zero00601
2016-08-04 20:05:25,591 INFO [org.junit.Test] zero00602
2016-08-04 20:05:25,591 INFO [org.junit.Test] zero00603
2016-08-04 20:05:25,591 INFO [org.junit.Test] zero00604
2016-08-04 20:05:25,591 INFO [org.junit.Test] zero00605
2016-08-04 20:05:25,591 INFO [org.junit.Test] zero00606
2016-08-04 20:05:25,591 INFO [org.junit.Test] zero00607
2016-08-04 20:05:25,591 INFO [org.junit.Test] zero00608
2016-08-04 20:05:25,591 INFO [org.junit.Test] zero00609
2016-08-04 20:05:25,591 INFO [org.junit.Test] zero00610
2016-08-04 20:05:25,591 INFO [org.junit.Test] zero00611
2016-08-04 20:05:25,591 INFO [org.junit.Test] zero00612
2016-08-04 20:05:25,591 INFO [org.junit.Test] zero00613
2016-08-04 20:05:25,591 INFO [org.junit.Test] zero00614
2016-08-04 20:05:25,591 INFO [org.junit.Test] zero00615
2016-08-04 20:05:25,591 INFO [org.junit.Test] zero00616
2016-08-04 20:05:25,591 INFO [org.junit.Test] zero00617
2016-08-04 20:05:25,591 INFO [org.junit.Test] zero00618
2016-08-04 20:05:25,591 INFO [org.junit.Test] zero00619
2016-08-04 20:05:25,591 INFO [org.junit.Test] zero00620
2016-08-04 20:05:25,591 INFO [org.junit.Test] zero00621
2016-08-04 20:05:25,591 INFO [org.junit.Test] zero00622
2016-08-04 20:05:25,591 INFO [org.junit.Test] zero00623
2016-08-04 20:05:25,591 INFO [org.junit.Test] zero00624
2016-08-04 20:05:25,591 INFO [org.junit.Test] zero00625
2016-08-04 20:05:25,591 INFO [org.junit.Test] zero00626
2016-08-04 20:05:25,591 INFO [org.junit.Test] zero00627
2016-08-04 20:05:25,591 INFO [org.junit.Test] zero00628
2016-08-04 20:05:25,591 INFO [org.junit.Test] zero00629
2016-08-04 20:05:25,591 INFO [org.junit.Test] zero00630
2016-08-04 20:05:25,591 INFO [org.junit.Test] zero00631
2016-08-04 20:05:25,591 INFO [org.junit.Test] zero00632
2016-08-04 20:05:25,591 INFO [org.junit.Test] zero00633
2016-08-04 20:05:25,591 INFO [org.junit.Test] zero00634
2016-08-04 20:05:25,591 INFO [org.junit.Test] zero00635
2016-08-04 20:05:25,591 INFO [org.junit.Test] zero00636
2016-08-04 20:05:25,591 INFO [org.junit.Test] zero00637
2016-08-04 20:05:25,591 INFO [org.junit.Test] zero00638
2016-08-04 20:05:25,591 INFO [org.junit.Test] zero00639
2016-08-04 20:05:25,591 INFO [org.junit.Test] zero00640
2016-08-04 20:05:25,591 INFO [org.junit.Test] zero00641
2016-08-04 20:05:25,591 INFO [org.junit.Test] zero00642
2016-08-04 20:05:25,591 INFO [org.junit.Test] zero00643
2016-08-04 20:05:25,591 INFO [org.junit.Test] zero00644
2016-08-04 20:05:25,591 INFO [org.junit.Test] zero00645
2016-08-04 20:05:25,591 INFO [org.junit.Test] zero00646
2016-08-04 20:05:25,591 INFO [org.junit.Test] zero00647
2016-08-04 20:05:25,591 INFO [org.junit.Test] zero00648
2016-08-04 20:05:25,591 INFO [org.junit.Test] zero00649
2016-08-04 20:05:25,591 INFO [org.junit.Test] zero00650
2016-08-04 20:05:25,591 INFO [org.junit.Test] zero00651
2016-08-04 20:05:25,591 INFO [org.junit.Test] zero00652
2016-08-04 20:05:25,591 INFO [org.junit.Test] zero00653
2016-08-04 20:05:25,591 INFO [org.junit.Test] zero00654
2016-08-04 20:05:25,591 INFO [org.junit.Test] zero00655
2016-08-04 20:05:25,591 INFO [org.junit.Test] zero00656
2016-08-04 20:05:25,591 INFO [org.junit.Test] zero00657
2016-08-04 20:05:25,591 INFO [org.junit.Test] zero00658
2016-08-04 20:05:25,591 INFO [org.junit.Test] zero00659
2016-08-04 20:05:25,591 INFO [org.junit.Test] zero00660
2016-08-04 20:05:25,591 INFO [org.junit.Test] zero00661
2016-08-04 20:05:25,591 INFO [org.junit.Test] zero00662
2016-08-04 20:05:25,591 INFO [org.junit.Test] zero00663
2016-08-04 20:05:25,591 INFO [org.junit.Test] zero00664
2016-08-04 20:05:25,591 INFO [org.junit.Test] zero00665
2016-08-04 20:05:25,591 INFO [org.junit.Test] zero00666
2016-08-04 20:05:25,591 INFO [org.junit.Test] zero00667
2016-08-04 20:05:25,591 INFO [org.junit.Test] zero00668
2016-08-04 20:05:25,591 INFO [org.junit.Test] zero00669
2016-08-04 20:05:25,591 INFO [org.junit.Test] zero00670
2016-08-04 20:05:25,591 INFO [org.junit.Test] zero00671
2016-08-04 20:05:25,591 INFO [org.junit.Test] zero00672
2016-08-04 20:05:25,591 INFO [org.junit.Test] zero00673
2016-08-04 20:05:25,591 INFO [org.junit.Test] zero00674
2016-08-04 20:05:25,591 INFO [org.junit.Test] zero00675
2016-08-04 20:05:25,591 INFO [org.junit.Test] zero00676
2016-08-04 20:05:25,591 INFO [org.junit.Test] zero00677
2016-08-04 20:05:25,591 INFO [org.junit.Test] zero00678
2016-08-04 20:05:25,591 INFO [org.junit.Test] zero00679
2016-08-04 20:05:25,591 INFO [org.junit.Test] zero00680
2016-08-04 20:05:25,591 INFO [org.junit.Test] zero00681
2016-08-04 20:05:25,591 INFO [org.junit.Test] zero00682
2016-08-04 20:05:25,591 INFO [org.junit.Test] zero00683
2016-08-04 20:05:25,591 INFO [org.junit.Test] zero00684
2016-08-04 20:05:25,591 INFO [org.junit.Test] zero00685
2016-08-04 20:05:25,591 INFO [org.junit.Test] zero00686
2016-08-04 20:05:25,591 INFO [org.junit.Test] zero00687
2016-08-04 20:05:25,591 INFO [org.junit.Test] zero00688
2016-08-04 20:05:25,591 INFO [org.junit.Test] zero00689
2016-08-04 20:05:25,591 INFO [org.junit.Test] zero00690
2016-08-04 20:05:25,591 INFO [org.junit.Test] zero00691
2016-08-04 20:05:25,591 INFO [org.junit.Test] zero00692
2016-08-04 20:05:25,591 INFO [org.junit.Test] zero00693
2016-08-04 20:05:25,591 INFO [org.junit.Test] zero00694
2016-08-04 20:05:25,591 INFO [org.junit.Test] zero00695
2016-08-04 20:05:25,591 INFO [org.junit.Test] zero00696
2016-08-04 20:05:25,591 INFO [org.junit.Test] zero00697
2016-08-04 20:05:25,591 INFO [org.junit.Test] zero00698
2016-08-04 20:05:25,591 INFO [org.junit.Test] zero00699
2016-08-04 20:05:25,591 INFO [org.junit.Test] zero00700
2016-08-04 20:05:25,591 INFO [org.junit.Test] zero00701
2016-08-04 20:05:25,591 INFO [org.junit.Test] zero00702
2016-08-04 20:05:25,591 INFO [org.junit.Test] zero00703
2016-08-04 20:05:25,591 INFO [org.junit.Test] zero00704
2016-08-04 20:05:25,591 INFO [org.junit.Test] zero00705
2016-08-04 20:05:25,591 INFO [org.junit.Test] zero00706
2016-08-04 20:05:25,591 INFO [org.junit.Test] zero00707
2016-08-04 20:05:25,591 INFO [org.junit.Test] zero00708
2016-08-04 20:05:25,591 INFO [org.junit.Test] zero00709
2016-08-04 20:05:25,591 INFO [org.junit.Test] zero00710
2016-08-04 20:05:25,591 INFO [org.junit.Test] zero00711
2016-08-04 20:05:25,591 INFO [org.junit.Test] zero00712
2016-08-04 20:05:25,591 INFO [org.junit.Test] zero00713
2016-08-04 20:05:25,591 INFO [org.junit.Test] zero00714
2016-08-04 20:05:25,591 INFO [org.junit.Test] zero00715
2016-08-04 20:05:25,591 INFO [org.junit.Test] zero00716
2016-08-04 20:05:25,591 INFO [org.junit.Test] zero00717
2016-08-04 20:05:25,591 INFO [org.junit.Test] zero00718
2016-08-04 20:05:25,591 INFO [org.junit.Test] zero00719
2016-08-04 20:05:25,591 INFO [org.junit.Test] zero00720
2016-08-04 20:05:25,591 INFO [org.junit.Test] zero00721
2016-08-04 20:05:25,591 INFO [org.junit.Test] zero00722
2016-08-04 20:05:25,591 INFO [org.junit.Test] zero00723
2016-08-04 20:05:25,591 INFO [org.junit.Test] zero00724
2016-08-04 20:05:25,591 INFO [org.junit.Test] zero00725
2016-08-04 20:05:25,591 INFO [org.junit.Test] zero00726
2016-08-04 20:05:25,591 INFO [org.junit.Test] zero00727
2016-08-04 20:05:25,591 INFO [org.junit.Test] zero00728
2016-08-04 20:05:25,591 INFO [org.junit.Test] zero00729
2016-08-04 20:05:25,591 INFO [org.junit.Test] zero00730
2016-08-04 20:05:25,591 INFO [org.junit.Test] zero00731
2016-08-04 20:05:25,591 INFO [org.junit.Test] zero00732
2016-08-04 20:05:25,591 INFO [org.junit.Test] zero00733
2016-08-04 20:05:25,591 INFO [org.junit.Test] zero00734
2016-08-04 20:05:25,591 INFO [org.junit.Test] zero00735
2016-08-04 20:05:25,591 INFO [org.junit.Test] zero00736
2016-08-04 20:05:25,591 INFO [org.junit.Test] zero00737
2016-08-04 20:05:25,591 INFO [org.junit.Test] zero00738
2016-08-04 20:05:25,591 INFO [org.junit.Test] zero00739
2016-08-04 20:05:25,591 INFO [org.junit.Test] zero00740
2016-08-04 20:05:25,591 INFO [org.junit.Test] zero00741
2016-08-04 20:05:25,591 INFO [org.junit.Test] zero00742
2016-08-04 20:05:25,591 INFO [org.junit.Test] zero00743
2016-08-04 20:05:25,591 INFO [org.junit.Test] zero00744
2016-08-04 20:05:25,591 INFO [org.junit.Test] zero00745
2016-08-04 20:05:25,591 INFO [org.junit.Test] zero00746
2016-08-04 20:05:25,591 INFO [org.junit.Test] zero00747
2016-08-04 20:05:25,591 INFO [org.junit.Test] zero00748
2016-08-04 20:05:25,591 INFO [org.junit.Test] zero00749
2016-08-04 20:05:25,591 INFO [org.junit.Test] zero00750
2016-08-04 20:05:25,591 INFO [org.junit.Test] zero00751
2016-08-04 20:05:25,591 INFO [org.junit.Test] zero00752
2016-08-04 20:05:25,591 INFO [org.junit.Test] zero00753
2016-08-04 20:05:25,591 INFO [org.junit.Test] zero00754
2016-08-04 20:05:25,591 INFO [org.junit.Test] zero00755
2016-08-04 20:05:25,591 INFO [org.junit.Test] zero00756
2016-08-04 20:05:25,591 INFO [org.junit.Test] zero00757
2016-08-04 20:05:25,591 INFO [org.junit.Test] zero00758
2016-08-04 20:05:25,591 INFO [org.junit.Test] zero00759
2016-08-04 20:05:25,591 INFO [org.junit.Test] zero00760
2016-08-04 20:05:25,591 INFO [org.junit.Test] zero00761
2016-08-04 20:05:25,591 INFO [org.junit.Test] zero00762
2016-08-04 20:05:25,591 INFO [org.junit.Test] zero00763
2016-08-04 20:05:25,591 INFO [org.junit.Test] zero00764
2016-08-04 20:05:25,591 INFO [org.junit.Test] zero00765
2016-08-04 20:05:25,591 INFO [org.junit.Test] zero00766
2016-08-04 20:05:25,591 INFO [org.junit.Test] zero00767
2016-08-04 20:05:25,591 INFO [org.junit.Test] zero00768
2016-08-04 20:05:25,591 INFO [org.junit.Test] zero00769
2016-08-04 20:05:25,591 INFO [org.junit.Test] zero00770
2016-08-04 20:05:25,591 INFO [org.junit.Test] zero00771
2016-08-04 20:05:25,591 INFO [org.junit.Test] zero00772
2016-08-04 20:05:25,591 INFO [org.junit.Test] zero00773
2016-08-04 20:05:25,591 INFO [org.junit.Test] zero00774
2016-08-04 20:05:25,591 INFO [org.junit.Test] zero00775
2016-08-04 20:05:25,591 INFO [org.junit.Test] zero00776
2016-08-04 20:05:25,591 INFO [org.junit.Test] zero00777
2016-08-04 20:05:25,591 INFO [org.junit.Test] zero00778
2016-08-04 20:05:25,591 INFO [org.junit.Test] zero00779
2016-08-04 20:05:25,591 INFO [org.junit.Test] zero00780
2016-08-04 20:05:25,591 INFO [org.junit.Test] zero00781
2016-08-04 20:05:25,591 INFO [org.junit.Test] zero00782
2016-08-04 20:05:25,591 INFO [org.junit.Test] zero00783
2016-08-04 20:05:25,591 INFO [org.junit.Test] zero00784
2016-08-04 20:05:25,591 INFO [org.junit.Test] zero00785
2016-08-04 20:05:25,591 INFO [org.junit.Test] zero00786
2016-08-04 20:05:25,591 INFO [org.junit.Test] zero00787
2016-08-04 20:05:25,591 INFO [org.junit.Test] zero00788
2016-08-04 20:05:25,591 INFO [org.junit.Test] zero00789
2016-08-04 20:05:25,591 INFO [org.junit.Test] zero00790
2016-08-04 20:05:25,591 INFO [org.junit.Test] zero00791
2016-08-04 20:05:25,591 INFO [org.junit.Test] zero00792
2016-08-04 20:05:25,591 INFO [org.junit.Test] zero00793
2016-08-04 20:05:25,591 INFO [org.junit.Test] zero00794
2016-08-04 20:05:25,591 INFO [org.junit.Test] zero00795
2016-08-04 20:05:25,591 INFO [org.junit.Test] zero00796
2016-08-04 20:05:25,591 INFO [org.junit.Test] zero00797
2016-08-04 20:05:25,591 INFO [org.junit.Test] zero00798
2016-08-04 20:05:25,591 INFO [org.junit.Test] zero00799
2016-08-04 20:05:25,591 INFO [org.junit.Test] zero00800
2016-08-04 20:05:25,591 INFO [org.junit.Test] zero00801
2016-08-04 20:05:25,591 INFO [org.junit.Test] zero00802
2016-08-04 20:05:25,591 INFO [org.junit.Test] zero00803
2016-08-04 20:05:25,591 INFO [org.junit.Test] zero00804
2016-08-04 20:05:25,591 INFO [org.junit.Test] zero00805
2016-08-04 20:05:25,591 INFO [org.junit.Test] zero00806
2016-08-04 20:05:25,591 INFO [org.junit.Test] zero00807
2016-08-04 20:05:25,591 INFO [org.junit.Test] zero00808
2016-08-04 20:05:25,591 INFO [org.junit.Test] zero00809
2016-08-04 20:05:25,591 INFO [org.junit.Test] zero00810
2016-08-04 20:05:25,591 INFO [org.junit.Test] zero00811
2016-08-04 20:05:25,591 INFO [org.junit.Test] zero00812
2016-08-04 20:05:25,591 INFO [org.junit.Test] zero00813
2016-08-04 20:05:25,591 INFO [org.junit.Test] zero00814
2016-08-04 20:05:25,591 INFO [org.junit.Test] zero00815
2016-08-04 20:05:25,591 INFO [org.junit.Test] zero00816
2016-08-04 20:05:25,591 INFO [org.junit.Test] zero00817
2016-08-04 20:05:25,591 INFO [org.junit.Test] zero00818
2016-08-04 20:05:25,591 INFO [org.junit.Test] zero00819
2016-08-04 20:05:25,591 INFO [org.junit.Test] zero00820
2016-08-04 20:05:25,591 INFO [org.junit.Test] zero00821
2016-08-04 20:05:25,591 INFO [org.junit.Test] zero00822
2016-08-04 20:05:25,591 INFO [org.junit.Test] zero00823
2016-08-04 20:05:25,591 INFO [org.junit.Test] zero00824
2016-08-04 20:05:25,591 INFO [org.junit.Test] zero00825
2016-08-04 20:05:25,591 INFO [org.junit.Test] zero00826
2016-08-04 20:05:25,591 INFO [org.junit.Test] zero00827
2016-08-04 20:05:25,591 INFO [org.junit.Test] zero00828
2016-08-04 20:05:25,591 INFO [org.junit.Test] zero00829
2016-08-04 20:05:25,591 INFO [org.junit.Test] zero00830
2016-08-04 20:05:25,591 INFO [org.junit.Test] zero00831
2016-08-04 20:05:25,591 INFO [org.junit.Test] zero00832
2016-08-04 20:05:25,591 INFO [org.junit.Test] zero00833
2016-08-04 20:05:25,591 INFO [org.junit.Test] zero00834
2016-08-04 20:05:25,591 INFO [org.junit.Test] zero00835
2016-08-04 20:05:25,591 INFO [org.junit.Test] zero00836
2016-08-04 20:05:25,591 INFO [org.junit.Test] zero00837
2016-08-04 20:05:25,591 INFO [org.junit.Test] zero00838
2016-08-04 20:05:25,591 INFO [org.junit.Test] zero00839
2016-08-04 20:05:25,591 INFO [org.junit.Test] zero00840
2016-08-04 20:05:25,591 INFO [org.junit.Test] zero00841
2016-08-04 20:05:25,591 INFO [org.junit.Test] zero00842
2016-08-04 20:05:25,591 INFO [org.junit.Test] zero00843
2016-08-04 20:05:25,591 INFO [org.junit.Test] zero00844
2016-08-04 20:05:25,591 INFO [org.junit.Test] zero00845
2016-08-04 20:05:25,591 INFO [org.junit.Test] zero00846
2016-08-04 20:05:25,591 INFO [org.junit.Test] zero00847
2016-08-04 20:05:25,591 INFO [org.junit.Test] zero00848
2016-08-04 20:05:25,591 INFO [org.junit.Test] zero00849
2016-08-04 20:05:25,591 INFO [org.junit.Test] zero00850
2016-08-04 20:05:25,591 INFO [org.junit.Test] zero00851
2016-08-04 20:05:25,591 INFO [org.junit.Test] zero00852
2016-08-04 20:05:25,591 INFO [org.junit.Test] zero00853
2016-08-04 20:05:25,591 INFO [org.junit.Test] zero00854
2016-08-04 20:05:25,591 INFO [org.junit.Test] zero00855
2016-08-04 20:05:25,591 INFO [org.junit.Test] zero00856
2016-08-04 20:05:25,591 INFO [org.junit.Test] zero00857
2016-08-04 20:05:25,591 INFO [org.junit.Test] zero00858
2016-08-04 20:05:25,591 INFO [org.junit.Test] zero00859
2016-08-04 20:05:25,591 INFO [org.junit.Test] zero00860
2016-08-04 20:05:25,591 INFO [org.junit.Test] zero00861
2016-08-04 20:05:25,591 INFO [org.junit.Test] zero00862
2016-08-04 20:05:25,591 INFO [org.junit.Test] zero00863
2016-08-04 20:05:25,591 INFO [org.junit.Test] zero00864
2016-08-04 20:05:25,591 INFO [org.junit.Test] zero00865
2016-08-04 20:05:25,591 INFO [org.junit.Test] zero00866
2016-08-04 20:05:25,591 INFO [org.junit.Test] zero00867
2016-08-04 20:05:25,591 INFO [org.junit.Test] zero00868
2016-08-04 20:05:25,591 INFO [org.junit.Test] zero00869
2016-08-04 20:05:25,591 INFO [org.junit.Test] zero00870
2016-08-04 20:05:25,591 INFO [org.junit.Test] zero00871
2016-08-04 20:05:25,591 INFO [org.junit.Test] zero00872
2016-08-04 20:05:25,591 INFO [org.junit.Test] zero00873
2016-08-04 20:05:25,591 INFO [org.junit.Test] zero00874
2016-08-04 20:05:25,591 INFO [org.junit.Test] zero00875
2016-08-04 20:05:25,591 INFO [org.junit.Test] zero00876
2016-08-04 20:05:25,591 INFO [org.junit.Test] zero00877
2016-08-04 20:05:25,591 INFO [org.junit.Test] zero00878
2016-08-04 20:05:25,591 INFO [org.junit.Test] zero00879
2016-08-04 20:05:25,591 INFO [org.junit.Test] zero00880
2016-08-04 20:05:25,591 INFO [org.junit.Test] zero00881
2016-08-04 20:05:25,591 INFO [org.junit.Test] zero00882
2016-08-04 20:05:25,591 INFO [org.junit.Test] zero00883
2016-08-04 20:05:25,591 INFO [org.junit.Test] zero00884
2016-08-04 20:05:25,591 INFO [org.junit.Test] zero00885
2016-08-04 20:05:25,591 INFO [org.junit.Test] zero00886
2016-08-04 20:05:25,591 INFO [org.junit.Test] zero00887
2016-08-04 20:05:25,591 INFO [org.junit.Test] zero00888
2016-08-04 20:05:25,591 INFO [org.junit.Test] zero00889
2016-08-04 20:05:25,591 INFO [org.junit.Test] zero00890
2016-08-04 20:05:25,591 INFO [org.junit.Test] zero00891
2016-08-04 20:05:25,591 INFO [org.junit.Test] zero00892
2016-08-04 20:05:25,591 INFO [org.junit.Test] zero00893
2016-08-04 20:05:25,591 INFO [org.junit.Test] zero00894
2016-08-04 20:05:25,591 INFO [org.junit.Test] zero00895
2016-08-04 20:05:25,591 INFO [org.junit.Test] zero00896
2016-08-04 20:05:25,591 INFO [org.junit.Test] zero00897
2016-08-04 20:05:25,591 INFO [org.junit.Test] zero00898
2016-08-04 20:05:25,591 INFO [org.junit.Test] zero00899
2016-08-04 20:05:25,591 INFO [org.junit.Test] zero00900
2016-08-04 20:05:25,591 INFO [org.junit.Test] zero00901
2016-08-04 20:05:25,591 INFO [org.junit.Test] zero00902
2016-08-04 20:05:25,591 INFO [org.junit.Test] zero00903
2016-08-04 20:05:25,591 INFO [org.junit.Test] zero00904
2016-08-04 20:05:25,591 INFO [org.junit.Test] zero00905
2016-08-04 20:05:25,591 INFO [org.junit.Test] zero00906
2016-08-04 20:05:25,591 INFO [org.junit.Test] zero00907
2016-08-04 20:05:25,591 INFO [org.junit.Test] zero00908
2016-08-04 20:05:25,591 INFO [org.junit.Test] zero00909
2016-08-04 20:05:25,591 INFO [org.junit.Test] zero00910
2016-08-04 20:05:25,591 INFO [org.junit.Test] zero00911
2016-08-04 20:05:25,591 INFO [org.junit.Test] zero00912
2016-08-04 20:05:25,591 INFO [org.junit.Test] zero00913
2016-08-04 20:05:25,591 INFO [org.junit.Test] zero00914
2016-08-04 20:05:25,591 INFO [org.junit.Test] zero00915
2016-08-04 20:05:25,591 INFO [org.junit.Test] zero00916
2016-08-04 20:05:25,591 INFO [org.junit.Test] zero00917
2016-08-04 20:05:25,591 INFO [org.junit.Test] zero00918
2016-08-04 20:05:25,591 INFO [org.junit.Test] zero00919
2016-08-04 20:05:25,591 INFO [org.junit.Test] zero00920
2016-08-04 20:05:25,591 INFO [org.junit.Test] zero00921
2016-08-04 20:05:25,591 INFO [org.junit.Test] zero00922
2016-08-04 20:05:25,591 INFO [org.junit.Test] zero00923
2016-08-04 20:05:25,591 INFO [org.junit.Test] zero00924
2016-08-04 20:05:25,591 INFO [org.junit.Test] zero00925
2016-08-04 20:05:25,592 INFO [org.junit.Test] zero00926
2016-08-04 20:05:25,592 INFO [org.junit.Test] zero00927
2016-08-04 20:05:25,592 INFO [org.junit.Test] zero00928
2016-08-04 20:05:25,592 INFO [org.junit.Test] zero00929
2016-08-04 20:05:25,592 INFO [org.junit.Test] zero00930
2016-08-04 20:05:25,592 INFO [org.junit.Test] zero00931
2016-08-04 20:05:25,592 INFO [org.junit.Test] zero00932
2016-08-04 20:05:25,592 INFO [org.junit.Test] zero00933
2016-08-04 20:05:25,592 INFO [org.junit.Test] zero00934
2016-08-04 20:05:25,592 INFO [org.junit.Test] zero00935
2016-08-04 20:05:25,592 INFO [org.junit.Test] zero00936
2016-08-04 20:05:25,592 INFO [org.junit.Test] zero00937
2016-08-04 20:05:25,592 INFO [org.junit.Test] zero00938
2016-08-04 20:05:25,592 INFO [org.junit.Test] zero00939
2016-08-04 20:05:25,592 INFO [org.junit.Test] zero00940
2016-08-04 20:05:25,592 INFO [org.junit.Test] zero00941
2016-08-04 20:05:25,592 INFO [org.junit.Test] zero00942
2016-08-04 20:05:25,592 INFO [org.junit.Test] zero00943
2016-08-04 20:05:25,592 INFO [org.junit.Test] zero00944
2016-08-04 20:05:25,592 INFO [org.junit.Test] zero00945
2016-08-04 20:05:25,592 INFO [org.junit.Test] zero00946
2016-08-04 20:05:25,592 INFO [org.junit.Test] zero00947
2016-08-04 20:05:25,592 INFO [org.junit.Test] zero00948
2016-08-04 20:05:25,592 INFO [org.junit.Test] zero00949
2016-08-04 20:05:25,592 INFO [org.junit.Test] zero00950
2016-08-04 20:05:25,592 INFO [org.junit.Test] zero00951
2016-08-04 20:05:25,592 INFO [org.junit.Test] zero00952
2016-08-04 20:05:25,592 INFO [org.junit.Test] zero00953
2016-08-04 20:05:25,592 INFO [org.junit.Test] zero00954
2016-08-04 20:05:25,592 INFO [org.junit.Test] zero00955
2016-08-04 20:05:25,592 INFO [org.junit.Test] zero00956
2016-08-04 20:05:25,592 INFO [org.junit.Test] zero00957
2016-08-04 20:05:25,592 INFO [org.junit.Test] zero00958
2016-08-04 20:05:25,592 INFO [org.junit.Test] zero00959
2016-08-04 20:05:25,592 INFO [org.junit.Test] zero00960
2016-08-04 20:05:25,592 INFO [org.junit.Test] zero00961
2016-08-04 20:05:25,592 INFO [org.junit.Test] zero00962
2016-08-04 20:05:25,592 INFO [org.junit.Test] zero00963
2016-08-04 20:05:25,592 INFO [org.junit.Test] zero00964
2016-08-04 20:05:25,592 INFO [org.junit.Test] zero00965
2016-08-04 20:05:25,592 INFO [org.junit.Test] zero00966
2016-08-04 20:05:25,592 INFO [org.junit.Test] zero00967
2016-08-04 20:05:25,592 INFO [org.junit.Test] zero00968
2016-08-04 20:05:25,592 INFO [org.junit.Test] zero00969
2016-08-04 20:05:25,592 INFO [org.junit.Test] zero00970
2016-08-04 20:05:25,592 INFO [org.junit.Test] zero00971
2016-08-04 20:05:25,592 INFO [org.junit.Test] zero00972
2016-08-04 20:05:25,592 INFO [org.junit.Test] zero00973
2016-08-04 20:05:25,592 INFO [org.junit.Test] zero00974
2016-08-04 20:05:25,592 INFO [org.junit.Test] zero00975
2016-08-04 20:05:25,592 INFO [org.junit.Test] zero00976
2016-08-04 20:05:25,592 INFO [org.junit.Test] zero00977
2016-08-04 20:05:25,592 INFO [org.junit.Test] zero00978
2016-08-04 20:05:25,592 INFO [org.junit.Test] zero00979
2016-08-04 20:05:25,592 INFO [org.junit.Test] zero00980
2016-08-04 20:05:25,592 INFO [org.junit.Test] zero00981
2016-08-04 20:05:25,592 INFO [org.junit.Test] zero00982
2016-08-04 20:05:25,592 INFO [org.junit.Test] zero00983
2016-08-04 20:05:25,592 INFO [org.junit.Test] zero00984
2016-08-04 20:05:25,592 INFO [org.junit.Test] zero00985
2016-08-04 20:05:25,592 INFO [org.junit.Test] zero00986
2016-08-04 20:05:25,592 INFO [org.junit.Test] zero00987
2016-08-04 20:05:25,592 INFO [org.junit.Test] zero00988
2016-08-04 20:05:25,592 INFO [org.junit.Test] zero00989
2016-08-04 20:05:25,592 INFO [org.junit.Test] zero00990
2016-08-04 20:05:25,592 INFO [org.junit.Test] zero00991
2016-08-04 20:05:25,592 INFO [org.junit.Test] zero00992
2016-08-04 20:05:25,592 INFO [org.junit.Test] zero00993
2016-08-04 20:05:25,592 INFO [org.junit.Test] zero00994
2016-08-04 20:05:25,592 INFO [org.junit.Test] zero00995
2016-08-04 20:05:25,592 INFO [org.junit.Test] zero00996
2016-08-04 20:05:25,592 INFO [org.junit.Test] zero00997
2016-08-04 20:05:25,592 INFO [org.junit.Test] zero00998
2016-08-04 20:05:25,592 INFO [org.junit.Test] zero00999
2016-08-04 20:05:28,592 INFO [org.junit.Test] zero000
2016-08-04 20:05:28,592 INFO [org.junit.Test] zero001
2016-08-04 20:05:28,592 INFO [org.junit.Test] zero002
2016-08-04 20:05:28,592 INFO [org.junit.Test] zero003
2016-08-04 20:05:28,592 INFO [org.junit.Test] zero004
2016-08-04 20:05:28,592 INFO [org.junit.Test] zero005
2016-08-04 20:05:28,592 INFO [org.junit.Test] zero006
2016-08-04 20:05:28,592 INFO [org.junit.Test] zero007
2016-08-04 20:05:28,592 INFO [org.junit.Test] zero008
2016-08-04 20:05:28,592 INFO [org.junit.Test] zero009
2016-08-04 20:05:28,592 INFO [org.junit.Test] zero0010
2016-08-04 20:05:28,592 INFO [org.junit.Test] zero0011
2016-08-04 20:05:28,592 INFO [org.junit.Test] zero0012
2016-08-04 20:05:28,592 INFO [org.junit.Test] zero0013
2016-08-04 20:05:28,592 INFO [org.junit.Test] zero0014
2016-08-04 20:05:28,592 INFO [org.junit.Test] zero0015
2016-08-04 20:05:28,592 INFO [org.junit.Test] zero0016
2016-08-04 20:05:28,592 INFO [org.junit.Test] zero0017
2016-08-04 20:05:28,592 INFO [org.junit.Test] zero0018
2016-08-04 20:05:28,592 INFO [org.junit.Test] zero0019
2016-08-04 20:05:28,592 INFO [org.junit.Test] zero0020
2016-08-04 20:05:28,592 INFO [org.junit.Test] zero0021
2016-08-04 20:05:28,592 INFO [org.junit.Test] zero0022
2016-08-04 20:05:28,592 INFO [org.junit.Test] zero0023
2016-08-04 20:05:28,592 INFO [org.junit.Test] zero0024
2016-08-04 20:05:28,592 INFO [org.junit.Test] zero0025
2016-08-04 20:05:28,592 INFO [org.junit.Test] zero0026
2016-08-04 20:05:28,592 INFO [org.junit.Test] zero0027
2016-08-04 20:05:28,592 INFO [org.junit.Test] zero0028
2016-08-04 20:05:28,592 INFO [org.junit.Test] zero0029
2016-08-04 20:05:28,592 INFO [org.junit.Test] zero0030
2016-08-04 20:05:28,592 INFO [org.junit.Test] zero0031
2016-08-04 20:05:28,592 INFO [org.junit.Test] zero0032
2016-08-04 20:05:28,592 INFO [org.junit.Test] zero0033
2016-08-04 20:05:28,592 INFO [org.junit.Test] zero0034
2016-08-04 20:05:28,592 INFO [org.junit.Test] zero0035
2016-08-04 20:05:28,592 INFO [org.junit.Test] zero0036
2016-08-04 20:05:28,592 INFO [org.junit.Test] zero0037
2016-08-04 20:05:28,592 INFO [org.junit.Test] zero0038
2016-08-04 20:05:28,592 INFO [org.junit.Test] zero0039
2016-08-04 20:05:28,592 INFO [org.junit.Test] zero0040
2016-08-04 20:05:28,592 INFO [org.junit.Test] zero0041
2016-08-04 20:05:28,592 INFO [org.junit.Test] zero0042
2016-08-04 20:05:28,592 INFO [org.junit.Test] zero0043
2016-08-04 20:05:28,592 INFO [org.junit.Test] zero0044
2016-08-04 20:05:28,592 INFO [org.junit.Test] zero0045
2016-08-04 20:05:28,592 INFO [org.junit.Test] zero0046
2016-08-04 20:05:28,592 INFO [org.junit.Test] zero0047
2016-08-04 20:05:28,592 INFO [org.junit.Test] zero0048
2016-08-04 20:05:28,592 INFO [org.junit.Test] zero0049
2016-08-04 20:05:28,592 INFO [org.junit.Test] zero0050
2016-08-04 20:05:28,592 INFO [org.junit.Test] zero0051
2016-08-04 20:05:28,592 INFO [org.junit.Test] zero0052
2016-08-04 20:05:28,592 INFO [org.junit.Test] zero0053
2016-08-04 20:05:28,592 INFO [org.junit.Test] zero0054
2016-08-04 20:05:28,592 INFO [org.junit.Test] zero0055
2016-08-04 20:05:28,592 INFO [org.junit.Test] zero0056
2016-08-04 20:05:28,592 INFO [org.junit.Test] zero0057
2016-08-04 20:05:28,592 INFO [org.junit.Test] zero0058
2016-08-04 20:05:28,592 INFO [org.junit.Test] zero0059
2016-08-04 20:05:28,592 INFO [org.junit.Test] zero0060
2016-08-04 20:05:28,592 INFO [org.junit.Test] zero0061
2016-08-04 20:05:28,592 INFO [org.junit.Test] zero0062
2016-08-04 20:05:28,592 INFO [org.junit.Test] zero0063
2016-08-04 20:05:28,592 INFO [org.junit.Test] zero0064
2016-08-04 20:05:28,592 INFO [org.junit.Test] zero0065
2016-08-04 20:05:28,592 INFO [org.junit.Test] zero0066
2016-08-04 20:05:28,592 INFO [org.junit.Test] zero0067
2016-08-04 20:05:28,592 INFO [org.junit.Test] zero0068
2016-08-04 20:05:28,592 INFO [org.junit.Test] zero0069
2016-08-04 20:05:28,592 INFO [org.junit.Test] zero0070
2016-08-04 20:05:28,592 INFO [org.junit.Test] zero0071
2016-08-04 20:05:28,592 INFO [org.junit.Test] zero0072
2016-08-04 20:05:28,592 INFO [org.junit.Test] zero0073
2016-08-04 20:05:28,592 INFO [org.junit.Test] zero0074
2016-08-04 20:05:28,592 INFO [org.junit.Test] zero0075
2016-08-04 20:05:28,592 INFO [org.junit.Test] zero0076
2016-08-04 20:05:28,592 INFO [org.junit.Test] zero0077
2016-08-04 20:05:28,592 INFO [org.junit.Test] zero0078
2016-08-04 20:05:28,592 INFO [org.junit.Test] zero0079
2016-08-04 20:05:28,592 INFO [org.junit.Test] zero0080
2016-08-04 20:05:28,592 INFO [org.junit.Test] zero0081
2016-08-04 20:05:28,592 INFO [org.junit.Test] zero0082
2016-08-04 20:05:28,592 INFO [org.junit.Test] zero0083
2016-08-04 20:05:28,592 INFO [org.junit.Test] zero0084
2016-08-04 20:05:28,592 INFO [org.junit.Test] zero0085
2016-08-04 20:05:28,592 INFO [org.junit.Test] zero0086
2016-08-04 20:05:28,592 INFO [org.junit.Test] zero0087
2016-08-04 20:05:28,592 INFO [org.junit.Test] zero0088
2016-08-04 20:05:28,592 INFO [org.junit.Test] zero0089
2016-08-04 20:05:28,592 INFO [org.junit.Test] zero0090
2016-08-04 20:05:28,592 INFO [org.junit.Test] zero0091
2016-08-04 20:05:28,592 INFO [org.junit.Test] zero0092
2016-08-04 20:05:28,592 INFO [org.junit.Test] zero0093
2016-08-04 20:05:28,592 INFO [org.junit.Test] zero0094
2016-08-04 20:05:28,592 INFO [org.junit.Test] zero0095
2016-08-04 20:05:28,592 INFO [org.junit.Test] zero0096
2016-08-04 20:05:28,592 INFO [org.junit.Test] zero0097
2016-08-04 20:05:28,592 INFO [org.junit.Test] zero0098
2016-08-04 20:05:28,592 INFO [org.junit.Test] zero0099
2016-08-04 20:05:28,592 INFO [org.junit.Test] zero00100
2016-08-04 20:05:28,592 INFO [org.junit.Test] zero00101
2016-08-04 20:05:28,592 INFO [org.junit.Test] zero00102
2016-08-04 20:05:28,592 INFO [org.junit.Test] zero00103
2016-08-04 20:05:28,592 INFO [org.junit.Test] zero00104
2016-08-04 20:05:28,592 INFO [org.junit.Test] zero00105
2016-08-04 20:05:28,592 INFO [org.junit.Test] zero00106
2016-08-04 20:05:28,592 INFO [org.junit.Test] zero00107
2016-08-04 20:05:28,592 INFO [org.junit.Test] zero00108
2016-08-04 20:05:28,592 INFO [org.junit.Test] zero00109
2016-08-04 20:05:28,592 INFO [org.junit.Test] zero00110
2016-08-04 20:05:28,592 INFO [org.junit.Test] zero00111
2016-08-04 20:05:28,592 INFO [org.junit.Test] zero00112
2016-08-04 20:05:28,592 INFO [org.junit.Test] zero00113
2016-08-04 20:05:28,592 INFO [org.junit.Test] zero00114
2016-08-04 20:05:28,592 INFO [org.junit.Test] zero00115
2016-08-04 20:05:28,592 INFO [org.junit.Test] zero00116
2016-08-04 20:05:28,592 INFO [org.junit.Test] zero00117
2016-08-04 20:05:28,592 INFO [org.junit.Test] zero00118
2016-08-04 20:05:28,592 INFO [org.junit.Test] zero00119
2016-08-04 20:05:28,592 INFO [org.junit.Test] zero00120
2016-08-04 20:05:28,592 INFO [org.junit.Test] zero00121
2016-08-04 20:05:28,592 INFO [org.junit.Test] zero00122
2016-08-04 20:05:28,592 INFO [org.junit.Test] zero00123
2016-08-04 20:05:28,592 INFO [org.junit.Test] zero00124
2016-08-04 20:05:28,592 INFO [org.junit.Test] zero00125
2016-08-04 20:05:28,592 INFO [org.junit.Test] zero00126
2016-08-04 20:05:28,592 INFO [org.junit.Test] zero00127
2016-08-04 20:05:28,592 INFO [org.junit.Test] zero00128
2016-08-04 20:05:28,592 INFO [org.junit.Test] zero00129
2016-08-04 20:05:28,592 INFO [org.junit.Test] zero00130
2016-08-04 20:05:28,592 INFO [org.junit.Test] zero00131
2016-08-04 20:05:28,592 INFO [org.junit.Test] zero00132
2016-08-04 20:05:28,592 INFO [org.junit.Test] zero00133
2016-08-04 20:05:28,592 INFO [org.junit.Test] zero00134
2016-08-04 20:05:28,592 INFO [org.junit.Test] zero00135
2016-08-04 20:05:28,592 INFO [org.junit.Test] zero00136
2016-08-04 20:05:28,592 INFO [org.junit.Test] zero00137
2016-08-04 20:05:28,592 INFO [org.junit.Test] zero00138
2016-08-04 20:05:28,592 INFO [org.junit.Test] zero00139
2016-08-04 20:05:28,592 INFO [org.junit.Test] zero00140
2016-08-04 20:05:28,592 INFO [org.junit.Test] zero00141
2016-08-04 20:05:28,592 INFO [org.junit.Test] zero00142
2016-08-04 20:05:28,592 INFO [org.junit.Test] zero00143
2016-08-04 20:05:28,592 INFO [org.junit.Test] zero00144
2016-08-04 20:05:28,592 INFO [org.junit.Test] zero00145
2016-08-04 20:05:28,592 INFO [org.junit.Test] zero00146
2016-08-04 20:05:28,592 INFO [org.junit.Test] zero00147
2016-08-04 20:05:28,592 INFO [org.junit.Test] zero00148
2016-08-04 20:05:28,592 INFO [org.junit.Test] zero00149
2016-08-04 20:05:28,592 INFO [org.junit.Test] zero00150
2016-08-04 20:05:28,592 INFO [org.junit.Test] zero00151
2016-08-04 20:05:28,592 INFO [org.junit.Test] zero00152
2016-08-04 20:05:28,592 INFO [org.junit.Test] zero00153
2016-08-04 20:05:28,592 INFO [org.junit.Test] zero00154
2016-08-04 20:05:28,592 INFO [org.junit.Test] zero00155
2016-08-04 20:05:28,592 INFO [org.junit.Test] zero00156
2016-08-04 20:05:28,592 INFO [org.junit.Test] zero00157
2016-08-04 20:05:28,592 INFO [org.junit.Test] zero00158
2016-08-04 20:05:28,592 INFO [org.junit.Test] zero00159
2016-08-04 20:05:28,592 INFO [org.junit.Test] zero00160
2016-08-04 20:05:28,592 INFO [org.junit.Test] zero00161
2016-08-04 20:05:28,592 INFO [org.junit.Test] zero00162
2016-08-04 20:05:28,592 INFO [org.junit.Test] zero00163
2016-08-04 20:05:28,592 INFO [org.junit.Test] zero00164
2016-08-04 20:05:28,592 INFO [org.junit.Test] zero00165
2016-08-04 20:05:28,592 INFO [org.junit.Test] zero00166
2016-08-04 20:05:28,592 INFO [org.junit.Test] zero00167
2016-08-04 20:05:28,592 INFO [org.junit.Test] zero00168
2016-08-04 20:05:28,592 INFO [org.junit.Test] zero00169
2016-08-04 20:05:28,592 INFO [org.junit.Test] zero00170
2016-08-04 20:05:28,592 INFO [org.junit.Test] zero00171
2016-08-04 20:05:28,592 INFO [org.junit.Test] zero00172
2016-08-04 20:05:28,592 INFO [org.junit.Test] zero00173
2016-08-04 20:05:28,592 INFO [org.junit.Test] zero00174
2016-08-04 20:05:28,592 INFO [org.junit.Test] zero00175
2016-08-04 20:05:28,592 INFO [org.junit.Test] zero00176
2016-08-04 20:05:28,592 INFO [org.junit.Test] zero00177
2016-08-04 20:05:28,592 INFO [org.junit.Test] zero00178
2016-08-04 20:05:28,592 INFO [org.junit.Test] zero00179
2016-08-04 20:05:28,592 INFO [org.junit.Test] zero00180
2016-08-04 20:05:28,592 INFO [org.junit.Test] zero00181
2016-08-04 20:05:28,592 INFO [org.junit.Test] zero00182
2016-08-04 20:05:28,592 INFO [org.junit.Test] zero00183
2016-08-04 20:05:28,592 INFO [org.junit.Test] zero00184
2016-08-04 20:05:28,592 INFO [org.junit.Test] zero00185
2016-08-04 20:05:28,592 INFO [org.junit.Test] zero00186
2016-08-04 20:05:28,592 INFO [org.junit.Test] zero00187
2016-08-04 20:05:28,592 INFO [org.junit.Test] zero00188
2016-08-04 20:05:28,592 INFO [org.junit.Test] zero00189
2016-08-04 20:05:28,592 INFO [org.junit.Test] zero00190
2016-08-04 20:05:28,592 INFO [org.junit.Test] zero00191
2016-08-04 20:05:28,592 INFO [org.junit.Test] zero00192
2016-08-04 20:05:28,592 INFO [org.junit.Test] zero00193
2016-08-04 20:05:28,592 INFO [org.junit.Test] zero00194
2016-08-04 20:05:28,592 INFO [org.junit.Test] zero00195
2016-08-04 20:05:28,592 INFO [org.junit.Test] zero00196
2016-08-04 20:05:28,592 INFO [org.junit.Test] zero00197
2016-08-04 20:05:28,592 INFO [org.junit.Test] zero00198
2016-08-04 20:05:28,592 INFO [org.junit.Test] zero00199
2016-08-04 20:05:28,592 INFO [org.junit.Test] zero00200
2016-08-04 20:05:28,592 INFO [org.junit.Test] zero00201
2016-08-04 20:05:28,592 INFO [org.junit.Test] zero00202
2016-08-04 20:05:28,592 INFO [org.junit.Test] zero00203
2016-08-04 20:05:28,592 INFO [org.junit.Test] zero00204
2016-08-04 20:05:28,592 INFO [org.junit.Test] zero00205
2016-08-04 20:05:28,592 INFO [org.junit.Test] zero00206
2016-08-04 20:05:28,592 INFO [org.junit.Test] zero00207
2016-08-04 20:05:28,592 INFO [org.junit.Test] zero00208
2016-08-04 20:05:28,592 INFO [org.junit.Test] zero00209
2016-08-04 20:05:28,592 INFO [org.junit.Test] zero00210
2016-08-04 20:05:28,592 INFO [org.junit.Test] zero00211
2016-08-04 20:05:28,592 INFO [org.junit.Test] zero00212
2016-08-04 20:05:28,592 INFO [org.junit.Test] zero00213
2016-08-04 20:05:28,592 INFO [org.junit.Test] zero00214
2016-08-04 20:05:28,592 INFO [org.junit.Test] zero00215
2016-08-04 20:05:28,592 INFO [org.junit.Test] zero00216
2016-08-04 20:05:28,592 INFO [org.junit.Test] zero00217
2016-08-04 20:05:28,592 INFO [org.junit.Test] zero00218
2016-08-04 20:05:28,592 INFO [org.junit.Test] zero00219
2016-08-04 20:05:28,592 INFO [org.junit.Test] zero00220
2016-08-04 20:05:28,592 INFO [org.junit.Test] zero00221
2016-08-04 20:05:28,592 INFO [org.junit.Test] zero00222
2016-08-04 20:05:28,592 INFO [org.junit.Test] zero00223
2016-08-04 20:05:28,592 INFO [org.junit.Test] zero00224
2016-08-04 20:05:28,592 INFO [org.junit.Test] zero00225
2016-08-04 20:05:28,592 INFO [org.junit.Test] zero00226
2016-08-04 20:05:28,592 INFO [org.junit.Test] zero00227
2016-08-04 20:05:28,592 INFO [org.junit.Test] zero00228
2016-08-04 20:05:28,592 INFO [org.junit.Test] zero00229
2016-08-04 20:05:28,592 INFO [org.junit.Test] zero00230
2016-08-04 20:05:28,592 INFO [org.junit.Test] zero00231
2016-08-04 20:05:28,592 INFO [org.junit.Test] zero00232
2016-08-04 20:05:28,592 INFO [org.junit.Test] zero00233
2016-08-04 20:05:28,592 INFO [org.junit.Test] zero00234
2016-08-04 20:05:28,592 INFO [org.junit.Test] zero00235
2016-08-04 20:05:28,592 INFO [org.junit.Test] zero00236
2016-08-04 20:05:28,592 INFO [org.junit.Test] zero00237
2016-08-04 20:05:28,592 INFO [org.junit.Test] zero00238
2016-08-04 20:05:28,592 INFO [org.junit.Test] zero00239
2016-08-04 20:05:28,592 INFO [org.junit.Test] zero00240
2016-08-04 20:05:28,592 INFO [org.junit.Test] zero00241
2016-08-04 20:05:28,592 INFO [org.junit.Test] zero00242
2016-08-04 20:05:28,592 INFO [org.junit.Test] zero00243
2016-08-04 20:05:28,592 INFO [org.junit.Test] zero00244
2016-08-04 20:05:28,592 INFO [org.junit.Test] zero00245
2016-08-04 20:05:28,592 INFO [org.junit.Test] zero00246
2016-08-04 20:05:28,592 INFO [org.junit.Test] zero00247
2016-08-04 20:05:28,592 INFO [org.junit.Test] zero00248
2016-08-04 20:05:28,592 INFO [org.junit.Test] zero00249
2016-08-04 20:05:28,592 INFO [org.junit.Test] zero00250
2016-08-04 20:05:28,592 INFO [org.junit.Test] zero00251
2016-08-04 20:05:28,592 INFO [org.junit.Test] zero00252
2016-08-04 20:05:28,592 INFO [org.junit.Test] zero00253
2016-08-04 20:05:28,592 INFO [org.junit.Test] zero00254
2016-08-04 20:05:28,592 INFO [org.junit.Test] zero00255
2016-08-04 20:05:28,592 INFO [org.junit.Test] zero00256
2016-08-04 20:05:28,592 INFO [org.junit.Test] zero00257
2016-08-04 20:05:28,592 INFO [org.junit.Test] zero00258
2016-08-04 20:05:28,592 INFO [org.junit.Test] zero00259
2016-08-04 20:05:28,592 INFO [org.junit.Test] zero00260
2016-08-04 20:05:28,592 INFO [org.junit.Test] zero00261
2016-08-04 20:05:28,592 INFO [org.junit.Test] zero00262
2016-08-04 20:05:28,592 INFO [org.junit.Test] zero00263
2016-08-04 20:05:28,592 INFO [org.junit.Test] zero00264
2016-08-04 20:05:28,592 INFO [org.junit.Test] zero00265
2016-08-04 20:05:28,592 INFO [org.junit.Test] zero00266
2016-08-04 20:05:28,592 INFO [org.junit.Test] zero00267
2016-08-04 20:05:28,592 INFO [org.junit.Test] zero00268
2016-08-04 20:05:28,592 INFO [org.junit.Test] zero00269
2016-08-04 20:05:28,592 INFO [org.junit.Test] zero00270
2016-08-04 20:05:28,592 INFO [org.junit.Test] zero00271
2016-08-04 20:05:28,592 INFO [org.junit.Test] zero00272
2016-08-04 20:05:28,592 INFO [org.junit.Test] zero00273
2016-08-04 20:05:28,592 INFO [org.junit.Test] zero00274
2016-08-04 20:05:28,592 INFO [org.junit.Test] zero00275
2016-08-04 20:05:28,592 INFO [org.junit.Test] zero00276
2016-08-04 20:05:28,592 INFO [org.junit.Test] zero00277
2016-08-04 20:05:28,592 INFO [org.junit.Test] zero00278
2016-08-04 20:05:28,592 INFO [org.junit.Test] zero00279
2016-08-04 20:05:28,592 INFO [org.junit.Test] zero00280
2016-08-04 20:05:28,592 INFO [org.junit.Test] zero00281
2016-08-04 20:05:28,592 INFO [org.junit.Test] zero00282
2016-08-04 20:05:28,592 INFO [org.junit.Test] zero00283
2016-08-04 20:05:28,592 INFO [org.junit.Test] zero00284
2016-08-04 20:05:28,592 INFO [org.junit.Test] zero00285
2016-08-04 20:05:28,592 INFO [org.junit.Test] zero00286
2016-08-04 20:05:28,592 INFO [org.junit.Test] zero00287
2016-08-04 20:05:28,592 INFO [org.junit.Test] zero00288
2016-08-04 20:05:28,592 INFO [org.junit.Test] zero00289
2016-08-04 20:05:28,592 INFO [org.junit.Test] zero00290
2016-08-04 20:05:28,592 INFO [org.junit.Test] zero00291
2016-08-04 20:05:28,592 INFO [org.junit.Test] zero00292
2016-08-04 20:05:28,592 INFO [org.junit.Test] zero00293
2016-08-04 20:05:28,592 INFO [org.junit.Test] zero00294
2016-08-04 20:05:28,592 INFO [org.junit.Test] zero00295
2016-08-04 20:05:28,592 INFO [org.junit.Test] zero00296
2016-08-04 20:05:28,592 INFO [org.junit.Test] zero00297
2016-08-04 20:05:28,592 INFO [org.junit.Test] zero00298
2016-08-04 20:05:28,592 INFO [org.junit.Test] zero00299
2016-08-04 20:05:28,592 INFO [org.junit.Test] zero00300
2016-08-04 20:05:28,592 INFO [org.junit.Test] zero00301
2016-08-04 20:05:28,592 INFO [org.junit.Test] zero00302
2016-08-04 20:05:28,592 INFO [org.junit.Test] zero00303
2016-08-04 20:05:28,592 INFO [org.junit.Test] zero00304
2016-08-04 20:05:28,592 INFO [org.junit.Test] zero00305
2016-08-04 20:05:28,592 INFO [org.junit.Test] zero00306
2016-08-04 20:05:28,592 INFO [org.junit.Test] zero00307
2016-08-04 20:05:28,592 INFO [org.junit.Test] zero00308
2016-08-04 20:05:28,592 INFO [org.junit.Test] zero00309
2016-08-04 20:05:28,592 INFO [org.junit.Test] zero00310
2016-08-04 20:05:28,592 INFO [org.junit.Test] zero00311
2016-08-04 20:05:28,592 INFO [org.junit.Test] zero00312
2016-08-04 20:05:28,592 INFO [org.junit.Test] zero00313
2016-08-04 20:05:28,592 INFO [org.junit.Test] zero00314
2016-08-04 20:05:28,592 INFO [org.junit.Test] zero00315
2016-08-04 20:05:28,592 INFO [org.junit.Test] zero00316
2016-08-04 20:05:28,592 INFO [org.junit.Test] zero00317
2016-08-04 20:05:28,592 INFO [org.junit.Test] zero00318
2016-08-04 20:05:28,592 INFO [org.junit.Test] zero00319
2016-08-04 20:05:28,592 INFO [org.junit.Test] zero00320
2016-08-04 20:05:28,592 INFO [org.junit.Test] zero00321
2016-08-04 20:05:28,592 INFO [org.junit.Test] zero00322
2016-08-04 20:05:28,592 INFO [org.junit.Test] zero00323
2016-08-04 20:05:28,592 INFO [org.junit.Test] zero00324
2016-08-04 20:05:28,592 INFO [org.junit.Test] zero00325
2016-08-04 20:05:28,592 INFO [org.junit.Test] zero00326
2016-08-04 20:05:28,592 INFO [org.junit.Test] zero00327
2016-08-04 20:05:28,592 INFO [org.junit.Test] zero00328
2016-08-04 20:05:28,592 INFO [org.junit.Test] zero00329
2016-08-04 20:05:28,592 INFO [org.junit.Test] zero00330
2016-08-04 20:05:28,592 INFO [org.junit.Test] zero00331
2016-08-04 20:05:28,592 INFO [org.junit.Test] zero00332
2016-08-04 20:05:28,592 INFO [org.junit.Test] zero00333
2016-08-04 20:05:28,592 INFO [org.junit.Test] zero00334
2016-08-04 20:05:28,592 INFO [org.junit.Test] zero00335
2016-08-04 20:05:28,592 INFO [org.junit.Test] zero00336
2016-08-04 20:05:28,592 INFO [org.junit.Test] zero00337
2016-08-04 20:05:28,592 INFO [org.junit.Test] zero00338
2016-08-04 20:05:28,592 INFO [org.junit.Test] zero00339
2016-08-04 20:05:28,592 INFO [org.junit.Test] zero00340
2016-08-04 20:05:28,592 INFO [org.junit.Test] zero00341
2016-08-04 20:05:28,592 INFO [org.junit.Test] zero00342
2016-08-04 20:05:28,592 INFO [org.junit.Test] zero00343
2016-08-04 20:05:28,592 INFO [org.junit.Test] zero00344
2016-08-04 20:05:28,592 INFO [org.junit.Test] zero00345
2016-08-04 20:05:28,592 INFO [org.junit.Test] zero00346
2016-08-04 20:05:28,592 INFO [org.junit.Test] zero00347
2016-08-04 20:05:28,592 INFO [org.junit.Test] zero00348
2016-08-04 20:05:28,592 INFO [org.junit.Test] zero00349
2016-08-04 20:05:28,592 INFO [org.junit.Test] zero00350
2016-08-04 20:05:28,592 INFO [org.junit.Test] zero00351
2016-08-04 20:05:28,592 INFO [org.junit.Test] zero00352
2016-08-04 20:05:28,592 INFO [org.junit.Test] zero00353
2016-08-04 20:05:28,592 INFO [org.junit.Test] zero00354
2016-08-04 20:05:28,592 INFO [org.junit.Test] zero00355
2016-08-04 20:05:28,592 INFO [org.junit.Test] zero00356
2016-08-04 20:05:28,592 INFO [org.junit.Test] zero00357
2016-08-04 20:05:28,592 INFO [org.junit.Test] zero00358
2016-08-04 20:05:28,592 INFO [org.junit.Test] zero00359
2016-08-04 20:05:28,592 INFO [org.junit.Test] zero00360
2016-08-04 20:05:28,592 INFO [org.junit.Test] zero00361
2016-08-04 20:05:28,592 INFO [org.junit.Test] zero00362
2016-08-04 20:05:28,592 INFO [org.junit.Test] zero00363
2016-08-04 20:05:28,592 INFO [org.junit.Test] zero00364
2016-08-04 20:05:28,592 INFO [org.junit.Test] zero00365
2016-08-04 20:05:28,592 INFO [org.junit.Test] zero00366
2016-08-04 20:05:28,592 INFO [org.junit.Test] zero00367
2016-08-04 20:05:28,592 INFO [org.junit.Test] zero00368
2016-08-04 20:05:28,592 INFO [org.junit.Test] zero00369
2016-08-04 20:05:28,592 INFO [org.junit.Test] zero00370
2016-08-04 20:05:28,592 INFO [org.junit.Test] zero00371
2016-08-04 20:05:28,592 INFO [org.junit.Test] zero00372
2016-08-04 20:05:28,592 INFO [org.junit.Test] zero00373
2016-08-04 20:05:28,592 INFO [org.junit.Test] zero00374
2016-08-04 20:05:28,592 INFO [org.junit.Test] zero00375
2016-08-04 20:05:28,592 INFO [org.junit.Test] zero00376
2016-08-04 20:05:28,592 INFO [org.junit.Test] zero00377
2016-08-04 20:05:28,592 INFO [org.junit.Test] zero00378
2016-08-04 20:05:28,592 INFO [org.junit.Test] zero00379
2016-08-04 20:05:28,592 INFO [org.junit.Test] zero00380
2016-08-04 20:05:28,592 INFO [org.junit.Test] zero00381
2016-08-04 20:05:28,592 INFO [org.junit.Test] zero00382
2016-08-04 20:05:28,592 INFO [org.junit.Test] zero00383
2016-08-04 20:05:28,592 INFO [org.junit.Test] zero00384
2016-08-04 20:05:28,592 INFO [org.junit.Test] zero00385
2016-08-04 20:05:28,592 INFO [org.junit.Test] zero00386
2016-08-04 20:05:28,592 INFO [org.junit.Test] zero00387
2016-08-04 20:05:28,592 INFO [org.junit.Test] zero00388
2016-08-04 20:05:28,592 INFO [org.junit.Test] zero00389
2016-08-04 20:05:28,592 INFO [org.junit.Test] zero00390
2016-08-04 20:05:28,592 INFO [org.junit.Test] zero00391
2016-08-04 20:05:28,592 INFO [org.junit.Test] zero00392
2016-08-04 20:05:28,592 INFO [org.junit.Test] zero00393
2016-08-04 20:05:28,592 INFO [org.junit.Test] zero00394
2016-08-04 20:05:28,592 INFO [org.junit.Test] zero00395
2016-08-04 20:05:28,592 INFO [org.junit.Test] zero00396
2016-08-04 20:05:28,592 INFO [org.junit.Test] zero00397
2016-08-04 20:05:28,592 INFO [org.junit.Test] zero00398
2016-08-04 20:05:28,592 INFO [org.junit.Test] zero00399
2016-08-04 20:05:28,592 INFO [org.junit.Test] zero00400
2016-08-04 20:05:28,592 INFO [org.junit.Test] zero00401
2016-08-04 20:05:28,592 INFO [org.junit.Test] zero00402
2016-08-04 20:05:28,592 INFO [org.junit.Test] zero00403
2016-08-04 20:05:28,592 INFO [org.junit.Test] zero00404
2016-08-04 20:05:28,592 INFO [org.junit.Test] zero00405
2016-08-04 20:05:28,592 INFO [org.junit.Test] zero00406
2016-08-04 20:05:28,592 INFO [org.junit.Test] zero00407
2016-08-04 20:05:28,592 INFO [org.junit.Test] zero00408
2016-08-04 20:05:28,592 INFO [org.junit.Test] zero00409
2016-08-04 20:05:28,592 INFO [org.junit.Test] zero00410
2016-08-04 20:05:28,592 INFO [org.junit.Test] zero00411
2016-08-04 20:05:28,592 INFO [org.junit.Test] zero00412
2016-08-04 20:05:28,592 INFO [org.junit.Test] zero00413
2016-08-04 20:05:28,592 INFO [org.junit.Test] zero00414
2016-08-04 20:05:28,592 INFO [org.junit.Test] zero00415
2016-08-04 20:05:28,592 INFO [org.junit.Test] zero00416
2016-08-04 20:05:28,592 INFO [org.junit.Test] zero00417
2016-08-04 20:05:28,592 INFO [org.junit.Test] zero00418
2016-08-04 20:05:28,592 INFO [org.junit.Test] zero00419
2016-08-04 20:05:28,592 INFO [org.junit.Test] zero00420
2016-08-04 20:05:28,592 INFO [org.junit.Test] zero00421
2016-08-04 20:05:28,592 INFO [org.junit.Test] zero00422
2016-08-04 20:05:28,592 INFO [org.junit.Test] zero00423
2016-08-04 20:05:28,592 INFO [org.junit.Test] zero00424
2016-08-04 20:05:28,592 INFO [org.junit.Test] zero00425
2016-08-04 20:05:28,592 INFO [org.junit.Test] zero00426
2016-08-04 20:05:28,592 INFO [org.junit.Test] zero00427
2016-08-04 20:05:28,592 INFO [org.junit.Test] zero00428
2016-08-04 20:05:28,592 INFO [org.junit.Test] zero00429
2016-08-04 20:05:28,592 INFO [org.junit.Test] zero00430
2016-08-04 20:05:28,592 INFO [org.junit.Test] zero00431
2016-08-04 20:05:28,592 INFO [org.junit.Test] zero00432
2016-08-04 20:05:28,592 INFO [org.junit.Test] zero00433
2016-08-04 20:05:28,592 INFO [org.junit.Test] zero00434
2016-08-04 20:05:28,592 INFO [org.junit.Test] zero00435
2016-08-04 20:05:28,592 INFO [org.junit.Test] zero00436
2016-08-04 20:05:28,592 INFO [org.junit.Test] zero00437
2016-08-04 20:05:28,592 INFO [org.junit.Test] zero00438
2016-08-04 20:05:28,592 INFO [org.junit.Test] zero00439
2016-08-04 20:05:28,592 INFO [org.junit.Test] zero00440
2016-08-04 20:05:28,592 INFO [org.junit.Test] zero00441
2016-08-04 20:05:28,592 INFO [org.junit.Test] zero00442
2016-08-04 20:05:28,592 INFO [org.junit.Test] zero00443
2016-08-04 20:05:28,592 INFO [org.junit.Test] zero00444
2016-08-04 20:05:28,592 INFO [org.junit.Test] zero00445
2016-08-04 20:05:28,592 INFO [org.junit.Test] zero00446
2016-08-04 20:05:28,592 INFO [org.junit.Test] zero00447
2016-08-04 20:05:28,592 INFO [org.junit.Test] zero00448
2016-08-04 20:05:28,592 INFO [org.junit.Test] zero00449
2016-08-04 20:05:28,592 INFO [org.junit.Test] zero00450
2016-08-04 20:05:28,592 INFO [org.junit.Test] zero00451
2016-08-04 20:05:28,592 INFO [org.junit.Test] zero00452
2016-08-04 20:05:28,592 INFO [org.junit.Test] zero00453
2016-08-04 20:05:28,592 INFO [org.junit.Test] zero00454
2016-08-04 20:05:28,593 INFO [org.junit.Test] zero00455
2016-08-04 20:05:28,593 INFO [org.junit.Test] zero00456
2016-08-04 20:05:28,593 INFO [org.junit.Test] zero00457
2016-08-04 20:05:28,593 INFO [org.junit.Test] zero00458
2016-08-04 20:05:28,593 INFO [org.junit.Test] zero00459
2016-08-04 20:05:28,593 INFO [org.junit.Test] zero00460
2016-08-04 20:05:28,593 INFO [org.junit.Test] zero00461
2016-08-04 20:05:28,593 INFO [org.junit.Test] zero00462
2016-08-04 20:05:28,593 INFO [org.junit.Test] zero00463
2016-08-04 20:05:28,593 INFO [org.junit.Test] zero00464
2016-08-04 20:05:28,593 INFO [org.junit.Test] zero00465
2016-08-04 20:05:28,593 INFO [org.junit.Test] zero00466
2016-08-04 20:05:28,593 INFO [org.junit.Test] zero00467
2016-08-04 20:05:28,593 INFO [org.junit.Test] zero00468
2016-08-04 20:05:28,593 INFO [org.junit.Test] zero00469
2016-08-04 20:05:28,593 INFO [org.junit.Test] zero00470
2016-08-04 20:05:28,593 INFO [org.junit.Test] zero00471
2016-08-04 20:05:28,593 INFO [org.junit.Test] zero00472
2016-08-04 20:05:28,593 INFO [org.junit.Test] zero00473
2016-08-04 20:05:28,593 INFO [org.junit.Test] zero00474
2016-08-04 20:05:28,593 INFO [org.junit.Test] zero00475
2016-08-04 20:05:28,593 INFO [org.junit.Test] zero00476
2016-08-04 20:05:28,593 INFO [org.junit.Test] zero00477
2016-08-04 20:05:28,593 INFO [org.junit.Test] zero00478
2016-08-04 20:05:28,593 INFO [org.junit.Test] zero00479
2016-08-04 20:05:28,593 INFO [org.junit.Test] zero00480
2016-08-04 20:05:28,593 INFO [org.junit.Test] zero00481
2016-08-04 20:05:28,593 INFO [org.junit.Test] zero00482
2016-08-04 20:05:28,593 INFO [org.junit.Test] zero00483
2016-08-04 20:05:28,593 INFO [org.junit.Test] zero00484
2016-08-04 20:05:28,593 INFO [org.junit.Test] zero00485
2016-08-04 20:05:28,593 INFO [org.junit.Test] zero00486
2016-08-04 20:05:28,593 INFO [org.junit.Test] zero00487
2016-08-04 20:05:28,593 INFO [org.junit.Test] zero00488
2016-08-04 20:05:28,593 INFO [org.junit.Test] zero00489
2016-08-04 20:05:28,593 INFO [org.junit.Test] zero00490
2016-08-04 20:05:28,593 INFO [org.junit.Test] zero00491
2016-08-04 20:05:28,593 INFO [org.junit.Test] zero00492
2016-08-04 20:05:28,593 INFO [org.junit.Test] zero00493
2016-08-04 20:05:28,593 INFO [org.junit.Test] zero00494
2016-08-04 20:05:28,593 INFO [org.junit.Test] zero00495
2016-08-04 20:05:28,593 INFO [org.junit.Test] zero00496
2016-08-04 20:05:28,593 INFO [org.junit.Test] zero00497
2016-08-04 20:05:28,593 INFO [org.junit.Test] zero00498
2016-08-04 20:05:28,593 INFO [org.junit.Test] zero00499
2016-08-04 20:05:28,593 INFO [org.junit.Test] zero00500
2016-08-04 20:05:28,593 INFO [org.junit.Test] zero00501
2016-08-04 20:05:28,593 INFO [org.junit.Test] zero00502
2016-08-04 20:05:28,593 INFO [org.junit.Test] zero00503
2016-08-04 20:05:28,593 INFO [org.junit.Test] zero00504
2016-08-04 20:05:28,593 INFO [org.junit.Test] zero00505
2016-08-04 20:05:28,593 INFO [org.junit.Test] zero00506
2016-08-04 20:05:28,593 INFO [org.junit.Test] zero00507
2016-08-04 20:05:28,593 INFO [org.junit.Test] zero00508
2016-08-04 20:05:28,593 INFO [org.junit.Test] zero00509
2016-08-04 20:05:28,593 INFO [org.junit.Test] zero00510
2016-08-04 20:05:28,593 INFO [org.junit.Test] zero00511
2016-08-04 20:05:28,593 INFO [org.junit.Test] zero00512
2016-08-04 20:05:28,593 INFO [org.junit.Test] zero00513
2016-08-04 20:05:28,593 INFO [org.junit.Test] zero00514
2016-08-04 20:05:28,593 INFO [org.junit.Test] zero00515
2016-08-04 20:05:28,593 INFO [org.junit.Test] zero00516
2016-08-04 20:05:28,593 INFO [org.junit.Test] zero00517
2016-08-04 20:05:28,593 INFO [org.junit.Test] zero00518
2016-08-04 20:05:28,593 INFO [org.junit.Test] zero00519
2016-08-04 20:05:28,593 INFO [org.junit.Test] zero00520
2016-08-04 20:05:28,593 INFO [org.junit.Test] zero00521
2016-08-04 20:05:28,593 INFO [org.junit.Test] zero00522
2016-08-04 20:05:28,593 INFO [org.junit.Test] zero00523
2016-08-04 20:05:28,593 INFO [org.junit.Test] zero00524
2016-08-04 20:05:28,593 INFO [org.junit.Test] zero00525
2016-08-04 20:05:28,593 INFO [org.junit.Test] zero00526
2016-08-04 20:05:28,593 INFO [org.junit.Test] zero00527
2016-08-04 20:05:28,593 INFO [org.junit.Test] zero00528
2016-08-04 20:05:28,593 INFO [org.junit.Test] zero00529
2016-08-04 20:05:28,593 INFO [org.junit.Test] zero00530
2016-08-04 20:05:28,593 INFO [org.junit.Test] zero00531
2016-08-04 20:05:28,593 INFO [org.junit.Test] zero00532
2016-08-04 20:05:28,593 INFO [org.junit.Test] zero00533
2016-08-04 20:05:28,593 INFO [org.junit.Test] zero00534
2016-08-04 20:05:28,593 INFO [org.junit.Test] zero00535
2016-08-04 20:05:28,593 INFO [org.junit.Test] zero00536
2016-08-04 20:05:28,593 INFO [org.junit.Test] zero00537
2016-08-04 20:05:28,593 INFO [org.junit.Test] zero00538
2016-08-04 20:05:28,593 INFO [org.junit.Test] zero00539
2016-08-04 20:05:28,593 INFO [org.junit.Test] zero00540
2016-08-04 20:05:28,593 INFO [org.junit.Test] zero00541
2016-08-04 20:05:28,593 INFO [org.junit.Test] zero00542
2016-08-04 20:05:28,593 INFO [org.junit.Test] zero00543
2016-08-04 20:05:28,593 INFO [org.junit.Test] zero00544
2016-08-04 20:05:28,593 INFO [org.junit.Test] zero00545
2016-08-04 20:05:28,593 INFO [org.junit.Test] zero00546
2016-08-04 20:05:28,593 INFO [org.junit.Test] zero00547
2016-08-04 20:05:28,593 INFO [org.junit.Test] zero00548
2016-08-04 20:05:28,593 INFO [org.junit.Test] zero00549
2016-08-04 20:05:28,593 INFO [org.junit.Test] zero00550
2016-08-04 20:05:28,593 INFO [org.junit.Test] zero00551
2016-08-04 20:05:28,593 INFO [org.junit.Test] zero00552
2016-08-04 20:05:28,593 INFO [org.junit.Test] zero00553
2016-08-04 20:05:28,593 INFO [org.junit.Test] zero00554
2016-08-04 20:05:28,593 INFO [org.junit.Test] zero00555
2016-08-04 20:05:28,593 INFO [org.junit.Test] zero00556
2016-08-04 20:05:28,593 INFO [org.junit.Test] zero00557
2016-08-04 20:05:28,593 INFO [org.junit.Test] zero00558
2016-08-04 20:05:28,593 INFO [org.junit.Test] zero00559
2016-08-04 20:05:28,593 INFO [org.junit.Test] zero00560
2016-08-04 20:05:28,593 INFO [org.junit.Test] zero00561
2016-08-04 20:05:28,593 INFO [org.junit.Test] zero00562
2016-08-04 20:05:28,593 INFO [org.junit.Test] zero00563
2016-08-04 20:05:28,593 INFO [org.junit.Test] zero00564
2016-08-04 20:05:28,593 INFO [org.junit.Test] zero00565
2016-08-04 20:05:28,593 INFO [org.junit.Test] zero00566
2016-08-04 20:05:28,593 INFO [org.junit.Test] zero00567
2016-08-04 20:05:28,593 INFO [org.junit.Test] zero00568
2016-08-04 20:05:28,593 INFO [org.junit.Test] zero00569
2016-08-04 20:05:28,593 INFO [org.junit.Test] zero00570
2016-08-04 20:05:28,593 INFO [org.junit.Test] zero00571
2016-08-04 20:05:28,593 INFO [org.junit.Test] zero00572
2016-08-04 20:05:28,593 INFO [org.junit.Test] zero00573
2016-08-04 20:05:28,593 INFO [org.junit.Test] zero00574
2016-08-04 20:05:28,593 INFO [org.junit.Test] zero00575
2016-08-04 20:05:28,593 INFO [org.junit.Test] zero00576
2016-08-04 20:05:28,593 INFO [org.junit.Test] zero00577
2016-08-04 20:05:28,593 INFO [org.junit.Test] zero00578
2016-08-04 20:05:28,593 INFO [org.junit.Test] zero00579
2016-08-04 20:05:28,593 INFO [org.junit.Test] zero00580
2016-08-04 20:05:28,593 INFO [org.junit.Test] zero00581
2016-08-04 20:05:28,593 INFO [org.junit.Test] zero00582
2016-08-04 20:05:28,593 INFO [org.junit.Test] zero00583
2016-08-04 20:05:28,593 INFO [org.junit.Test] zero00584
2016-08-04 20:05:28,593 INFO [org.junit.Test] zero00585
2016-08-04 20:05:28,593 INFO [org.junit.Test] zero00586
2016-08-04 20:05:28,593 INFO [org.junit.Test] zero00587
2016-08-04 20:05:28,593 INFO [org.junit.Test] zero00588
2016-08-04 20:05:28,593 INFO [org.junit.Test] zero00589
2016-08-04 20:05:28,593 INFO [org.junit.Test] zero00590
2016-08-04 20:05:28,593 INFO [org.junit.Test] zero00591
2016-08-04 20:05:28,593 INFO [org.junit.Test] zero00592
2016-08-04 20:05:28,593 INFO [org.junit.Test] zero00593
2016-08-04 20:05:28,593 INFO [org.junit.Test] zero00594
2016-08-04 20:05:28,593 INFO [org.junit.Test] zero00595
2016-08-04 20:05:28,593 INFO [org.junit.Test] zero00596
2016-08-04 20:05:28,593 INFO [org.junit.Test] zero00597
2016-08-04 20:05:28,593 INFO [org.junit.Test] zero00598
2016-08-04 20:05:28,593 INFO [org.junit.Test] zero00599
2016-08-04 20:05:28,593 INFO [org.junit.Test] zero00600
2016-08-04 20:05:28,593 INFO [org.junit.Test] zero00601
2016-08-04 20:05:28,593 INFO [org.junit.Test] zero00602
2016-08-04 20:05:28,593 INFO [org.junit.Test] zero00603
2016-08-04 20:05:28,593 INFO [org.junit.Test] zero00604
2016-08-04 20:05:28,593 INFO [org.junit.Test] zero00605
2016-08-04 20:05:28,593 INFO [org.junit.Test] zero00606
2016-08-04 20:05:28,593 INFO [org.junit.Test] zero00607
2016-08-04 20:05:28,593 INFO [org.junit.Test] zero00608
2016-08-04 20:05:28,593 INFO [org.junit.Test] zero00609
2016-08-04 20:05:28,593 INFO [org.junit.Test] zero00610
2016-08-04 20:05:28,593 INFO [org.junit.Test] zero00611
2016-08-04 20:05:28,593 INFO [org.junit.Test] zero00612
2016-08-04 20:05:28,593 INFO [org.junit.Test] zero00613
2016-08-04 20:05:28,593 INFO [org.junit.Test] zero00614
2016-08-04 20:05:28,593 INFO [org.junit.Test] zero00615
2016-08-04 20:05:28,593 INFO [org.junit.Test] zero00616
2016-08-04 20:05:28,593 INFO [org.junit.Test] zero00617
2016-08-04 20:05:28,593 INFO [org.junit.Test] zero00618
2016-08-04 20:05:28,593 INFO [org.junit.Test] zero00619
2016-08-04 20:05:28,593 INFO [org.junit.Test] zero00620
2016-08-04 20:05:28,593 INFO [org.junit.Test] zero00621
2016-08-04 20:05:28,593 INFO [org.junit.Test] zero00622
2016-08-04 20:05:28,593 INFO [org.junit.Test] zero00623
2016-08-04 20:05:28,593 INFO [org.junit.Test] zero00624
2016-08-04 20:05:28,593 INFO [org.junit.Test] zero00625
2016-08-04 20:05:28,593 INFO [org.junit.Test] zero00626
2016-08-04 20:05:28,593 INFO [org.junit.Test] zero00627
2016-08-04 20:05:28,593 INFO [org.junit.Test] zero00628
2016-08-04 20:05:28,593 INFO [org.junit.Test] zero00629
2016-08-04 20:05:28,593 INFO [org.junit.Test] zero00630
2016-08-04 20:05:28,593 INFO [org.junit.Test] zero00631
2016-08-04 20:05:28,593 INFO [org.junit.Test] zero00632
2016-08-04 20:05:28,593 INFO [org.junit.Test] zero00633
2016-08-04 20:05:28,593 INFO [org.junit.Test] zero00634
2016-08-04 20:05:28,593 INFO [org.junit.Test] zero00635
2016-08-04 20:05:28,593 INFO [org.junit.Test] zero00636
2016-08-04 20:05:28,593 INFO [org.junit.Test] zero00637
2016-08-04 20:05:28,593 INFO [org.junit.Test] zero00638
2016-08-04 20:05:28,593 INFO [org.junit.Test] zero00639
2016-08-04 20:05:28,593 INFO [org.junit.Test] zero00640
2016-08-04 20:05:28,593 INFO [org.junit.Test] zero00641
2016-08-04 20:05:28,593 INFO [org.junit.Test] zero00642
2016-08-04 20:05:28,593 INFO [org.junit.Test] zero00643
2016-08-04 20:05:28,593 INFO [org.junit.Test] zero00644
2016-08-04 20:05:28,593 INFO [org.junit.Test] zero00645
2016-08-04 20:05:28,593 INFO [org.junit.Test] zero00646
2016-08-04 20:05:28,593 INFO [org.junit.Test] zero00647
2016-08-04 20:05:28,593 INFO [org.junit.Test] zero00648
2016-08-04 20:05:28,593 INFO [org.junit.Test] zero00649
2016-08-04 20:05:28,593 INFO [org.junit.Test] zero00650
2016-08-04 20:05:28,593 INFO [org.junit.Test] zero00651
2016-08-04 20:05:28,593 INFO [org.junit.Test] zero00652
2016-08-04 20:05:28,593 INFO [org.junit.Test] zero00653
2016-08-04 20:05:28,593 INFO [org.junit.Test] zero00654
2016-08-04 20:05:28,593 INFO [org.junit.Test] zero00655
2016-08-04 20:05:28,593 INFO [org.junit.Test] zero00656
2016-08-04 20:05:28,593 INFO [org.junit.Test] zero00657
2016-08-04 20:05:28,593 INFO [org.junit.Test] zero00658
2016-08-04 20:05:28,593 INFO [org.junit.Test] zero00659
2016-08-04 20:05:28,593 INFO [org.junit.Test] zero00660
2016-08-04 20:05:28,593 INFO [org.junit.Test] zero00661
2016-08-04 20:05:28,593 INFO [org.junit.Test] zero00662
2016-08-04 20:05:28,593 INFO [org.junit.Test] zero00663
2016-08-04 20:05:28,593 INFO [org.junit.Test] zero00664
2016-08-04 20:05:28,593 INFO [org.junit.Test] zero00665
2016-08-04 20:05:28,593 INFO [org.junit.Test] zero00666
2016-08-04 20:05:28,593 INFO [org.junit.Test] zero00667
2016-08-04 20:05:28,593 INFO [org.junit.Test] zero00668
2016-08-04 20:05:28,593 INFO [org.junit.Test] zero00669
2016-08-04 20:05:28,593 INFO [org.junit.Test] zero00670
2016-08-04 20:05:28,593 INFO [org.junit.Test] zero00671
2016-08-04 20:05:28,593 INFO [org.junit.Test] zero00672
2016-08-04 20:05:28,593 INFO [org.junit.Test] zero00673
2016-08-04 20:05:28,593 INFO [org.junit.Test] zero00674
2016-08-04 20:05:28,593 INFO [org.junit.Test] zero00675
2016-08-04 20:05:28,593 INFO [org.junit.Test] zero00676
2016-08-04 20:05:28,593 INFO [org.junit.Test] zero00677
2016-08-04 20:05:28,593 INFO [org.junit.Test] zero00678
2016-08-04 20:05:28,593 INFO [org.junit.Test] zero00679
2016-08-04 20:05:28,593 INFO [org.junit.Test] zero00680
2016-08-04 20:05:28,593 INFO [org.junit.Test] zero00681
2016-08-04 20:05:28,593 INFO [org.junit.Test] zero00682
2016-08-04 20:05:28,593 INFO [org.junit.Test] zero00683
2016-08-04 20:05:28,593 INFO [org.junit.Test] zero00684
2016-08-04 20:05:28,593 INFO [org.junit.Test] zero00685
2016-08-04 20:05:28,593 INFO [org.junit.Test] zero00686
2016-08-04 20:05:28,593 INFO [org.junit.Test] zero00687
2016-08-04 20:05:28,593 INFO [org.junit.Test] zero00688
2016-08-04 20:05:28,593 INFO [org.junit.Test] zero00689
2016-08-04 20:05:28,593 INFO [org.junit.Test] zero00690
2016-08-04 20:05:28,593 INFO [org.junit.Test] zero00691
2016-08-04 20:05:28,593 INFO [org.junit.Test] zero00692
2016-08-04 20:05:28,593 INFO [org.junit.Test] zero00693
2016-08-04 20:05:28,593 INFO [org.junit.Test] zero00694
2016-08-04 20:05:28,593 INFO [org.junit.Test] zero00695
2016-08-04 20:05:28,593 INFO [org.junit.Test] zero00696
2016-08-04 20:05:28,593 INFO [org.junit.Test] zero00697
2016-08-04 20:05:28,593 INFO [org.junit.Test] zero00698
2016-08-04 20:05:28,593 INFO [org.junit.Test] zero00699
2016-08-04 20:05:28,593 INFO [org.junit.Test] zero00700
2016-08-04 20:05:28,593 INFO [org.junit.Test] zero00701
2016-08-04 20:05:28,593 INFO [org.junit.Test] zero00702
2016-08-04 20:05:28,593 INFO [org.junit.Test] zero00703
2016-08-04 20:05:28,593 INFO [org.junit.Test] zero00704
2016-08-04 20:05:28,593 INFO [org.junit.Test] zero00705
2016-08-04 20:05:28,593 INFO [org.junit.Test] zero00706
2016-08-04 20:05:28,593 INFO [org.junit.Test] zero00707
2016-08-04 20:05:28,593 INFO [org.junit.Test] zero00708
2016-08-04 20:05:28,593 INFO [org.junit.Test] zero00709
2016-08-04 20:05:28,593 INFO [org.junit.Test] zero00710
2016-08-04 20:05:28,593 INFO [org.junit.Test] zero00711
2016-08-04 20:05:28,593 INFO [org.junit.Test] zero00712
2016-08-04 20:05:28,593 INFO [org.junit.Test] zero00713
2016-08-04 20:05:28,593 INFO [org.junit.Test] zero00714
2016-08-04 20:05:28,593 INFO [org.junit.Test] zero00715
2016-08-04 20:05:28,593 INFO [org.junit.Test] zero00716
2016-08-04 20:05:28,593 INFO [org.junit.Test] zero00717
2016-08-04 20:05:28,593 INFO [org.junit.Test] zero00718
2016-08-04 20:05:28,593 INFO [org.junit.Test] zero00719
2016-08-04 20:05:28,593 INFO [org.junit.Test] zero00720
2016-08-04 20:05:28,593 INFO [org.junit.Test] zero00721
2016-08-04 20:05:28,593 INFO [org.junit.Test] zero00722
2016-08-04 20:05:28,593 INFO [org.junit.Test] zero00723
2016-08-04 20:05:28,593 INFO [org.junit.Test] zero00724
2016-08-04 20:05:28,593 INFO [org.junit.Test] zero00725
2016-08-04 20:05:28,593 INFO [org.junit.Test] zero00726
2016-08-04 20:05:28,593 INFO [org.junit.Test] zero00727
2016-08-04 20:05:28,593 INFO [org.junit.Test] zero00728
2016-08-04 20:05:28,593 INFO [org.junit.Test] zero00729
2016-08-04 20:05:28,593 INFO [org.junit.Test] zero00730
2016-08-04 20:05:28,593 INFO [org.junit.Test] zero00731
2016-08-04 20:05:28,593 INFO [org.junit.Test] zero00732
2016-08-04 20:05:28,593 INFO [org.junit.Test] zero00733
2016-08-04 20:05:28,593 INFO [org.junit.Test] zero00734
2016-08-04 20:05:28,593 INFO [org.junit.Test] zero00735
2016-08-04 20:05:28,593 INFO [org.junit.Test] zero00736
2016-08-04 20:05:28,593 INFO [org.junit.Test] zero00737
2016-08-04 20:05:28,593 INFO [org.junit.Test] zero00738
2016-08-04 20:05:28,593 INFO [org.junit.Test] zero00739
2016-08-04 20:05:28,593 INFO [org.junit.Test] zero00740
2016-08-04 20:05:28,593 INFO [org.junit.Test] zero00741
2016-08-04 20:05:28,593 INFO [org.junit.Test] zero00742
2016-08-04 20:05:28,593 INFO [org.junit.Test] zero00743
2016-08-04 20:05:28,593 INFO [org.junit.Test] zero00744
2016-08-04 20:05:28,593 INFO [org.junit.Test] zero00745
2016-08-04 20:05:28,593 INFO [org.junit.Test] zero00746
2016-08-04 20:05:28,593 INFO [org.junit.Test] zero00747
2016-08-04 20:05:28,593 INFO [org.junit.Test] zero00748
2016-08-04 20:05:28,593 INFO [org.junit.Test] zero00749
2016-08-04 20:05:28,593 INFO [org.junit.Test] zero00750
2016-08-04 20:05:28,593 INFO [org.junit.Test] zero00751
2016-08-04 20:05:28,593 INFO [org.junit.Test] zero00752
2016-08-04 20:05:28,593 INFO [org.junit.Test] zero00753
2016-08-04 20:05:28,593 INFO [org.junit.Test] zero00754
2016-08-04 20:05:28,593 INFO [org.junit.Test] zero00755
2016-08-04 20:05:28,593 INFO [org.junit.Test] zero00756
2016-08-04 20:05:28,593 INFO [org.junit.Test] zero00757
2016-08-04 20:05:28,593 INFO [org.junit.Test] zero00758
2016-08-04 20:05:28,593 INFO [org.junit.Test] zero00759
2016-08-04 20:05:28,593 INFO [org.junit.Test] zero00760
2016-08-04 20:05:28,593 INFO [org.junit.Test] zero00761
2016-08-04 20:05:28,593 INFO [org.junit.Test] zero00762
2016-08-04 20:05:28,593 INFO [org.junit.Test] zero00763
2016-08-04 20:05:28,593 INFO [org.junit.Test] zero00764
2016-08-04 20:05:28,593 INFO [org.junit.Test] zero00765
2016-08-04 20:05:28,593 INFO [org.junit.Test] zero00766
2016-08-04 20:05:28,593 INFO [org.junit.Test] zero00767
2016-08-04 20:05:28,593 INFO [org.junit.Test] zero00768
2016-08-04 20:05:28,593 INFO [org.junit.Test] zero00769
2016-08-04 20:05:28,593 INFO [org.junit.Test] zero00770
2016-08-04 20:05:28,593 INFO [org.junit.Test] zero00771
2016-08-04 20:05:28,593 INFO [org.junit.Test] zero00772
2016-08-04 20:05:28,593 INFO [org.junit.Test] zero00773
2016-08-04 20:05:28,593 INFO [org.junit.Test] zero00774
2016-08-04 20:05:28,593 INFO [org.junit.Test] zero00775
2016-08-04 20:05:28,593 INFO [org.junit.Test] zero00776
2016-08-04 20:05:28,593 INFO [org.junit.Test] zero00777
2016-08-04 20:05:28,593 INFO [org.junit.Test] zero00778
2016-08-04 20:05:28,593 INFO [org.junit.Test] zero00779
2016-08-04 20:05:28,593 INFO [org.junit.Test] zero00780
2016-08-04 20:05:28,593 INFO [org.junit.Test] zero00781
2016-08-04 20:05:28,593 INFO [org.junit.Test] zero00782
2016-08-04 20:05:28,593 INFO [org.junit.Test] zero00783
2016-08-04 20:05:28,593 INFO [org.junit.Test] zero00784
2016-08-04 20:05:28,593 INFO [org.junit.Test] zero00785
2016-08-04 20:05:28,593 INFO [org.junit.Test] zero00786
2016-08-04 20:05:28,593 INFO [org.junit.Test] zero00787
2016-08-04 20:05:28,593 INFO [org.junit.Test] zero00788
2016-08-04 20:05:28,593 INFO [org.junit.Test] zero00789
2016-08-04 20:05:28,593 INFO [org.junit.Test] zero00790
2016-08-04 20:05:28,593 INFO [org.junit.Test] zero00791
2016-08-04 20:05:28,593 INFO [org.junit.Test] zero00792
2016-08-04 20:05:28,593 INFO [org.junit.Test] zero00793
2016-08-04 20:05:28,593 INFO [org.junit.Test] zero00794
2016-08-04 20:05:28,593 INFO [org.junit.Test] zero00795
2016-08-04 20:05:28,593 INFO [org.junit.Test] zero00796
2016-08-04 20:05:28,593 INFO [org.junit.Test] zero00797
2016-08-04 20:05:28,593 INFO [org.junit.Test] zero00798
2016-08-04 20:05:28,593 INFO [org.junit.Test] zero00799
2016-08-04 20:05:28,593 INFO [org.junit.Test] zero00800
2016-08-04 20:05:28,593 INFO [org.junit.Test] zero00801
2016-08-04 20:05:28,593 INFO [org.junit.Test] zero00802
2016-08-04 20:05:28,593 INFO [org.junit.Test] zero00803
2016-08-04 20:05:28,593 INFO [org.junit.Test] zero00804
2016-08-04 20:05:28,593 INFO [org.junit.Test] zero00805
2016-08-04 20:05:28,593 INFO [org.junit.Test] zero00806
2016-08-04 20:05:28,593 INFO [org.junit.Test] zero00807
2016-08-04 20:05:28,593 INFO [org.junit.Test] zero00808
2016-08-04 20:05:28,593 INFO [org.junit.Test] zero00809
2016-08-04 20:05:28,593 INFO [org.junit.Test] zero00810
2016-08-04 20:05:28,593 INFO [org.junit.Test] zero00811
2016-08-04 20:05:28,593 INFO [org.junit.Test] zero00812
2016-08-04 20:05:28,593 INFO [org.junit.Test] zero00813
2016-08-04 20:05:28,593 INFO [org.junit.Test] zero00814
2016-08-04 20:05:28,593 INFO [org.junit.Test] zero00815
2016-08-04 20:05:28,593 INFO [org.junit.Test] zero00816
2016-08-04 20:05:28,593 INFO [org.junit.Test] zero00817
2016-08-04 20:05:28,593 INFO [org.junit.Test] zero00818
2016-08-04 20:05:28,593 INFO [org.junit.Test] zero00819
2016-08-04 20:05:28,593 INFO [org.junit.Test] zero00820
2016-08-04 20:05:28,593 INFO [org.junit.Test] zero00821
2016-08-04 20:05:28,593 INFO [org.junit.Test] zero00822
2016-08-04 20:05:28,593 INFO [org.junit.Test] zero00823
2016-08-04 20:05:28,593 INFO [org.junit.Test] zero00824
2016-08-04 20:05:28,593 INFO [org.junit.Test] zero00825
2016-08-04 20:05:28,593 INFO [org.junit.Test] zero00826
2016-08-04 20:05:28,593 INFO [org.junit.Test] zero00827
2016-08-04 20:05:28,593 INFO [org.junit.Test] zero00828
2016-08-04 20:05:28,593 INFO [org.junit.Test] zero00829
2016-08-04 20:05:28,593 INFO [org.junit.Test] zero00830
2016-08-04 20:05:28,593 INFO [org.junit.Test] zero00831
2016-08-04 20:05:28,593 INFO [org.junit.Test] zero00832
2016-08-04 20:05:28,593 INFO [org.junit.Test] zero00833
2016-08-04 20:05:28,593 INFO [org.junit.Test] zero00834
2016-08-04 20:05:28,593 INFO [org.junit.Test] zero00835
2016-08-04 20:05:28,593 INFO [org.junit.Test] zero00836
2016-08-04 20:05:28,593 INFO [org.junit.Test] zero00837
2016-08-04 20:05:28,593 INFO [org.junit.Test] zero00838
2016-08-04 20:05:28,593 INFO [org.junit.Test] zero00839
2016-08-04 20:05:28,593 INFO [org.junit.Test] zero00840
2016-08-04 20:05:28,593 INFO [org.junit.Test] zero00841
2016-08-04 20:05:28,593 INFO [org.junit.Test] zero00842
2016-08-04 20:05:28,593 INFO [org.junit.Test] zero00843
2016-08-04 20:05:28,593 INFO [org.junit.Test] zero00844
2016-08-04 20:05:28,593 INFO [org.junit.Test] zero00845
2016-08-04 20:05:28,593 INFO [org.junit.Test] zero00846
2016-08-04 20:05:28,593 INFO [org.junit.Test] zero00847
2016-08-04 20:05:28,593 INFO [org.junit.Test] zero00848
2016-08-04 20:05:28,593 INFO [org.junit.Test] zero00849
2016-08-04 20:05:28,593 INFO [org.junit.Test] zero00850
2016-08-04 20:05:28,593 INFO [org.junit.Test] zero00851
2016-08-04 20:05:28,593 INFO [org.junit.Test] zero00852
2016-08-04 20:05:28,593 INFO [org.junit.Test] zero00853
2016-08-04 20:05:28,593 INFO [org.junit.Test] zero00854
2016-08-04 20:05:28,593 INFO [org.junit.Test] zero00855
2016-08-04 20:05:28,593 INFO [org.junit.Test] zero00856
2016-08-04 20:05:28,593 INFO [org.junit.Test] zero00857
2016-08-04 20:05:28,593 INFO [org.junit.Test] zero00858
2016-08-04 20:05:28,593 INFO [org.junit.Test] zero00859
2016-08-04 20:05:28,593 INFO [org.junit.Test] zero00860
2016-08-04 20:05:28,593 INFO [org.junit.Test] zero00861
2016-08-04 20:05:28,593 INFO [org.junit.Test] zero00862
2016-08-04 20:05:28,593 INFO [org.junit.Test] zero00863
2016-08-04 20:05:28,593 INFO [org.junit.Test] zero00864
2016-08-04 20:05:28,593 INFO [org.junit.Test] zero00865
2016-08-04 20:05:28,593 INFO [org.junit.Test] zero00866
2016-08-04 20:05:28,593 INFO [org.junit.Test] zero00867
2016-08-04 20:05:28,593 INFO [org.junit.Test] zero00868
2016-08-04 20:05:28,593 INFO [org.junit.Test] zero00869
2016-08-04 20:05:28,593 INFO [org.junit.Test] zero00870
2016-08-04 20:05:28,593 INFO [org.junit.Test] zero00871
2016-08-04 20:05:28,593 INFO [org.junit.Test] zero00872
2016-08-04 20:05:28,593 INFO [org.junit.Test] zero00873
2016-08-04 20:05:28,593 INFO [org.junit.Test] zero00874
2016-08-04 20:05:28,593 INFO [org.junit.Test] zero00875
2016-08-04 20:05:28,593 INFO [org.junit.Test] zero00876
2016-08-04 20:05:28,593 INFO [org.junit.Test] zero00877
2016-08-04 20:05:28,593 INFO [org.junit.Test] zero00878
2016-08-04 20:05:28,593 INFO [org.junit.Test] zero00879
2016-08-04 20:05:28,593 INFO [org.junit.Test] zero00880
2016-08-04 20:05:28,593 INFO [org.junit.Test] zero00881
2016-08-04 20:05:28,593 INFO [org.junit.Test] zero00882
2016-08-04 20:05:28,593 INFO [org.junit.Test] zero00883
2016-08-04 20:05:28,593 INFO [org.junit.Test] zero00884
2016-08-04 20:05:28,593 INFO [org.junit.Test] zero00885
2016-08-04 20:05:28,593 INFO [org.junit.Test] zero00886
2016-08-04 20:05:28,593 INFO [org.junit.Test] zero00887
2016-08-04 20:05:28,593 INFO [org.junit.Test] zero00888
2016-08-04 20:05:28,593 INFO [org.junit.Test] zero00889
2016-08-04 20:05:28,593 INFO [org.junit.Test] zero00890
2016-08-04 20:05:28,593 INFO [org.junit.Test] zero00891
2016-08-04 20:05:28,593 INFO [org.junit.Test] zero00892
2016-08-04 20:05:28,593 INFO [org.junit.Test] zero00893
2016-08-04 20:05:28,593 INFO [org.junit.Test] zero00894
2016-08-04 20:05:28,593 INFO [org.junit.Test] zero00895
2016-08-04 20:05:28,593 INFO [org.junit.Test] zero00896
2016-08-04 20:05:28,593 INFO [org.junit.Test] zero00897
2016-08-04 20:05:28,593 INFO [org.junit.Test] zero00898
2016-08-04 20:05:28,593 INFO [org.junit.Test] zero00899
2016-08-04 20:05:28,593 INFO [org.junit.Test] zero00900
2016-08-04 20:05:28,593 INFO [org.junit.Test] zero00901
2016-08-04 20:05:28,593 INFO [org.junit.Test] zero00902
2016-08-04 20:05:28,593 INFO [org.junit.Test] zero00903
2016-08-04 20:05:28,593 INFO [org.junit.Test] zero00904
2016-08-04 20:05:28,593 INFO [org.junit.Test] zero00905
2016-08-04 20:05:28,593 INFO [org.junit.Test] zero00906
2016-08-04 20:05:28,593 INFO [org.junit.Test] zero00907
2016-08-04 20:05:28,593 INFO [org.junit.Test] zero00908
2016-08-04 20:05:28,593 INFO [org.junit.Test] zero00909
2016-08-04 20:05:28,593 INFO [org.junit.Test] zero00910
2016-08-04 20:05:28,593 INFO [org.junit.Test] zero00911
2016-08-04 20:05:28,593 INFO [org.junit.Test] zero00912
2016-08-04 20:05:28,593 INFO [org.junit.Test] zero00913
2016-08-04 20:05:28,593 INFO [org.junit.Test] zero00914
2016-08-04 20:05:28,593 INFO [org.junit.Test] zero00915
2016-08-04 20:05:28,593 INFO [org.junit.Test] zero00916
2016-08-04 20:05:28,593 INFO [org.junit.Test] zero00917
2016-08-04 20:05:28,593 INFO [org.junit.Test] zero00918
2016-08-04 20:05:28,593 INFO [org.junit.Test] zero00919
2016-08-04 20:05:28,593 INFO [org.junit.Test] zero00920
2016-08-04 20:05:28,593 INFO [org.junit.Test] zero00921
2016-08-04 20:05:28,593 INFO [org.junit.Test] zero00922
2016-08-04 20:05:28,593 INFO [org.junit.Test] zero00923
2016-08-04 20:05:28,593 INFO [org.junit.Test] zero00924
2016-08-04 20:05:28,593 INFO [org.junit.Test] zero00925
2016-08-04 20:05:28,593 INFO [org.junit.Test] zero00926
2016-08-04 20:05:28,593 INFO [org.junit.Test] zero00927
2016-08-04 20:05:28,593 INFO [org.junit.Test] zero00928
2016-08-04 20:05:28,593 INFO [org.junit.Test] zero00929
2016-08-04 20:05:28,593 INFO [org.junit.Test] zero00930
2016-08-04 20:05:28,593 INFO [org.junit.Test] zero00931
2016-08-04 20:05:28,593 INFO [org.junit.Test] zero00932
2016-08-04 20:05:28,593 INFO [org.junit.Test] zero00933
2016-08-04 20:05:28,593 INFO [org.junit.Test] zero00934
2016-08-04 20:05:28,593 INFO [org.junit.Test] zero00935
2016-08-04 20:05:28,593 INFO [org.junit.Test] zero00936
2016-08-04 20:05:28,593 INFO [org.junit.Test] zero00937
2016-08-04 20:05:28,593 INFO [org.junit.Test] zero00938
2016-08-04 20:05:28,593 INFO [org.junit.Test] zero00939
2016-08-04 20:05:28,593 INFO [org.junit.Test] zero00940
2016-08-04 20:05:28,593 INFO [org.junit.Test] zero00941
2016-08-04 20:05:28,593 INFO [org.junit.Test] zero00942
2016-08-04 20:05:28,593 INFO [org.junit.Test] zero00943
2016-08-04 20:05:28,593 INFO [org.junit.Test] zero00944
2016-08-04 20:05:28,593 INFO [org.junit.Test] zero00945
2016-08-04 20:05:28,593 INFO [org.junit.Test] zero00946
2016-08-04 20:05:28,593 INFO [org.junit.Test] zero00947
2016-08-04 20:05:28,593 INFO [org.junit.Test] zero00948
2016-08-04 20:05:28,593 INFO [org.junit.Test] zero00949
2016-08-04 20:05:28,593 INFO [org.junit.Test] zero00950
2016-08-04 20:05:28,593 INFO [org.junit.Test] zero00951
2016-08-04 20:05:28,593 INFO [org.junit.Test] zero00952
2016-08-04 20:05:28,593 INFO [org.junit.Test] zero00953
2016-08-04 20:05:28,593 INFO [org.junit.Test] zero00954
2016-08-04 20:05:28,593 INFO [org.junit.Test] zero00955
2016-08-04 20:05:28,593 INFO [org.junit.Test] zero00956
2016-08-04 20:05:28,593 INFO [org.junit.Test] zero00957
2016-08-04 20:05:28,593 INFO [org.junit.Test] zero00958
2016-08-04 20:05:28,593 INFO [org.junit.Test] zero00959
2016-08-04 20:05:28,593 INFO [org.junit.Test] zero00960
2016-08-04 20:05:28,593 INFO [org.junit.Test] zero00961
2016-08-04 20:05:28,593 INFO [org.junit.Test] zero00962
2016-08-04 20:05:28,593 INFO [org.junit.Test] zero00963
2016-08-04 20:05:28,593 INFO [org.junit.Test] zero00964
2016-08-04 20:05:28,593 INFO [org.junit.Test] zero00965
2016-08-04 20:05:28,593 INFO [org.junit.Test] zero00966
2016-08-04 20:05:28,593 INFO [org.junit.Test] zero00967
2016-08-04 20:05:28,593 INFO [org.junit.Test] zero00968
2016-08-04 20:05:28,593 INFO [org.junit.Test] zero00969
2016-08-04 20:05:28,593 INFO [org.junit.Test] zero00970
2016-08-04 20:05:28,593 INFO [org.junit.Test] zero00971
2016-08-04 20:05:28,593 INFO [org.junit.Test] zero00972
2016-08-04 20:05:28,593 INFO [org.junit.Test] zero00973
2016-08-04 20:05:28,593 INFO [org.junit.Test] zero00974
2016-08-04 20:05:28,593 INFO [org.junit.Test] zero00975
2016-08-04 20:05:28,593 INFO [org.junit.Test] zero00976
2016-08-04 20:05:28,593 INFO [org.junit.Test] zero00977
2016-08-04 20:05:28,593 INFO [org.junit.Test] zero00978
2016-08-04 20:05:28,593 INFO [org.junit.Test] zero00979
2016-08-04 20:05:28,594 INFO [org.junit.Test] zero00980
2016-08-04 20:05:28,594 INFO [org.junit.Test] zero00981
2016-08-04 20:05:28,594 INFO [org.junit.Test] zero00982
2016-08-04 20:05:28,594 INFO [org.junit.Test] zero00983
2016-08-04 20:05:28,594 INFO [org.junit.Test] zero00984
2016-08-04 20:05:28,594 INFO [org.junit.Test] zero00985
2016-08-04 20:05:28,594 INFO [org.junit.Test] zero00986
2016-08-04 20:05:28,594 INFO [org.junit.Test] zero00987
2016-08-04 20:05:28,594 INFO [org.junit.Test] zero00988
2016-08-04 20:05:28,594 INFO [org.junit.Test] zero00989
2016-08-04 20:05:28,594 INFO [org.junit.Test] zero00990
2016-08-04 20:05:28,594 INFO [org.junit.Test] zero00991
2016-08-04 20:05:28,594 INFO [org.junit.Test] zero00992
2016-08-04 20:05:28,594 INFO [org.junit.Test] zero00993
2016-08-04 20:05:28,594 INFO [org.junit.Test] zero00994
2016-08-04 20:05:28,594 INFO [org.junit.Test] zero00995
2016-08-04 20:05:28,594 INFO [org.junit.Test] zero00996
2016-08-04 20:05:28,594 INFO [org.junit.Test] zero00997
2016-08-04 20:05:28,594 INFO [org.junit.Test] zero00998
2016-08-04 20:05:28,594 INFO [org.junit.Test] zero00999
2016-08-04 20:05:31,594 INFO [org.junit.Test] zero000
2016-08-04 20:05:31,594 INFO [org.junit.Test] zero001
2016-08-04 20:05:31,594 INFO [org.junit.Test] zero002
2016-08-04 20:05:31,594 INFO [org.junit.Test] zero003
2016-08-04 20:05:31,594 INFO [org.junit.Test] zero004
2016-08-04 20:05:31,594 INFO [org.junit.Test] zero005
2016-08-04 20:05:31,594 INFO [org.junit.Test] zero006
2016-08-04 20:05:31,594 INFO [org.junit.Test] zero007
2016-08-04 20:05:31,594 INFO [org.junit.Test] zero008
2016-08-04 20:05:31,594 INFO [org.junit.Test] zero009
2016-08-04 20:05:31,594 INFO [org.junit.Test] zero0010
2016-08-04 20:05:31,594 INFO [org.junit.Test] zero0011
2016-08-04 20:05:31,594 INFO [org.junit.Test] zero0012
2016-08-04 20:05:31,594 INFO [org.junit.Test] zero0013
2016-08-04 20:05:31,594 INFO [org.junit.Test] zero0014
2016-08-04 20:05:31,594 INFO [org.junit.Test] zero0015
2016-08-04 20:05:31,594 INFO [org.junit.Test] zero0016
2016-08-04 20:05:31,594 INFO [org.junit.Test] zero0017
2016-08-04 20:05:31,594 INFO [org.junit.Test] zero0018
2016-08-04 20:05:31,594 INFO [org.junit.Test] zero0019
2016-08-04 20:05:31,594 INFO [org.junit.Test] zero0020
2016-08-04 20:05:31,594 INFO [org.junit.Test] zero0021
2016-08-04 20:05:31,594 INFO [org.junit.Test] zero0022
2016-08-04 20:05:31,594 INFO [org.junit.Test] zero0023
2016-08-04 20:05:31,594 INFO [org.junit.Test] zero0024
2016-08-04 20:05:31,594 INFO [org.junit.Test] zero0025
2016-08-04 20:05:31,594 INFO [org.junit.Test] zero0026
2016-08-04 20:05:31,594 INFO [org.junit.Test] zero0027
2016-08-04 20:05:31,594 INFO [org.junit.Test] zero0028
2016-08-04 20:05:31,594 INFO [org.junit.Test] zero0029
2016-08-04 20:05:31,594 INFO [org.junit.Test] zero0030
2016-08-04 20:05:31,594 INFO [org.junit.Test] zero0031
2016-08-04 20:05:31,594 INFO [org.junit.Test] zero0032
2016-08-04 20:05:31,594 INFO [org.junit.Test] zero0033
2016-08-04 20:05:31,594 INFO [org.junit.Test] zero0034
2016-08-04 20:05:31,594 INFO [org.junit.Test] zero0035
2016-08-04 20:05:31,594 INFO [org.junit.Test] zero0036
2016-08-04 20:05:31,594 INFO [org.junit.Test] zero0037
2016-08-04 20:05:31,594 INFO [org.junit.Test] zero0038
2016-08-04 20:05:31,594 INFO [org.junit.Test] zero0039
2016-08-04 20:05:31,594 INFO [org.junit.Test] zero0040
2016-08-04 20:05:31,594 INFO [org.junit.Test] zero0041
2016-08-04 20:05:31,594 INFO [org.junit.Test] zero0042
2016-08-04 20:05:31,594 INFO [org.junit.Test] zero0043
2016-08-04 20:05:31,594 INFO [org.junit.Test] zero0044
2016-08-04 20:05:31,594 INFO [org.junit.Test] zero0045
2016-08-04 20:05:31,594 INFO [org.junit.Test] zero0046
2016-08-04 20:05:31,594 INFO [org.junit.Test] zero0047
2016-08-04 20:05:31,594 INFO [org.junit.Test] zero0048
2016-08-04 20:05:31,594 INFO [org.junit.Test] zero0049
2016-08-04 20:05:31,594 INFO [org.junit.Test] zero0050
2016-08-04 20:05:31,594 INFO [org.junit.Test] zero0051
2016-08-04 20:05:31,594 INFO [org.junit.Test] zero0052
2016-08-04 20:05:31,594 INFO [org.junit.Test] zero0053
2016-08-04 20:05:31,594 INFO [org.junit.Test] zero0054
2016-08-04 20:05:31,594 INFO [org.junit.Test] zero0055
2016-08-04 20:05:31,594 INFO [org.junit.Test] zero0056
2016-08-04 20:05:31,594 INFO [org.junit.Test] zero0057
2016-08-04 20:05:31,594 INFO [org.junit.Test] zero0058
2016-08-04 20:05:31,594 INFO [org.junit.Test] zero0059
2016-08-04 20:05:31,594 INFO [org.junit.Test] zero0060
2016-08-04 20:05:31,594 INFO [org.junit.Test] zero0061
2016-08-04 20:05:31,594 INFO [org.junit.Test] zero0062
2016-08-04 20:05:31,594 INFO [org.junit.Test] zero0063
2016-08-04 20:05:31,594 INFO [org.junit.Test] zero0064
2016-08-04 20:05:31,594 INFO [org.junit.Test] zero0065
2016-08-04 20:05:31,594 INFO [org.junit.Test] zero0066
2016-08-04 20:05:31,594 INFO [org.junit.Test] zero0067
2016-08-04 20:05:31,594 INFO [org.junit.Test] zero0068
2016-08-04 20:05:31,594 INFO [org.junit.Test] zero0069
2016-08-04 20:05:31,594 INFO [org.junit.Test] zero0070
2016-08-04 20:05:31,594 INFO [org.junit.Test] zero0071
2016-08-04 20:05:31,594 INFO [org.junit.Test] zero0072
2016-08-04 20:05:31,594 INFO [org.junit.Test] zero0073
2016-08-04 20:05:31,594 INFO [org.junit.Test] zero0074
2016-08-04 20:05:31,594 INFO [org.junit.Test] zero0075
2016-08-04 20:05:31,594 INFO [org.junit.Test] zero0076
2016-08-04 20:05:31,594 INFO [org.junit.Test] zero0077
2016-08-04 20:05:31,594 INFO [org.junit.Test] zero0078
2016-08-04 20:05:31,594 INFO [org.junit.Test] zero0079
2016-08-04 20:05:31,594 INFO [org.junit.Test] zero0080
2016-08-04 20:05:31,594 INFO [org.junit.Test] zero0081
2016-08-04 20:05:31,594 INFO [org.junit.Test] zero0082
2016-08-04 20:05:31,594 INFO [org.junit.Test] zero0083
2016-08-04 20:05:31,594 INFO [org.junit.Test] zero0084
2016-08-04 20:05:31,594 INFO [org.junit.Test] zero0085
2016-08-04 20:05:31,594 INFO [org.junit.Test] zero0086
2016-08-04 20:05:31,594 INFO [org.junit.Test] zero0087
2016-08-04 20:05:31,594 INFO [org.junit.Test] zero0088
2016-08-04 20:05:31,594 INFO [org.junit.Test] zero0089
2016-08-04 20:05:31,594 INFO [org.junit.Test] zero0090
2016-08-04 20:05:31,594 INFO [org.junit.Test] zero0091
2016-08-04 20:05:31,594 INFO [org.junit.Test] zero0092
2016-08-04 20:05:31,594 INFO [org.junit.Test] zero0093
2016-08-04 20:05:31,594 INFO [org.junit.Test] zero0094
2016-08-04 20:05:31,594 INFO [org.junit.Test] zero0095
2016-08-04 20:05:31,594 INFO [org.junit.Test] zero0096
2016-08-04 20:05:31,594 INFO [org.junit.Test] zero0097
2016-08-04 20:05:31,594 INFO [org.junit.Test] zero0098
2016-08-04 20:05:31,594 INFO [org.junit.Test] zero0099
2016-08-04 20:05:31,594 INFO [org.junit.Test] zero00100
2016-08-04 20:05:31,594 INFO [org.junit.Test] zero00101
2016-08-04 20:05:31,594 INFO [org.junit.Test] zero00102
2016-08-04 20:05:31,594 INFO [org.junit.Test] zero00103
2016-08-04 20:05:31,594 INFO [org.junit.Test] zero00104
2016-08-04 20:05:31,594 INFO [org.junit.Test] zero00105
2016-08-04 20:05:31,594 INFO [org.junit.Test] zero00106
2016-08-04 20:05:31,594 INFO [org.junit.Test] zero00107
2016-08-04 20:05:31,594 INFO [org.junit.Test] zero00108
2016-08-04 20:05:31,594 INFO [org.junit.Test] zero00109
2016-08-04 20:05:31,594 INFO [org.junit.Test] zero00110
2016-08-04 20:05:31,594 INFO [org.junit.Test] zero00111
2016-08-04 20:05:31,594 INFO [org.junit.Test] zero00112
2016-08-04 20:05:31,594 INFO [org.junit.Test] zero00113
2016-08-04 20:05:31,594 INFO [org.junit.Test] zero00114
2016-08-04 20:05:31,594 INFO [org.junit.Test] zero00115
2016-08-04 20:05:31,594 INFO [org.junit.Test] zero00116
2016-08-04 20:05:31,594 INFO [org.junit.Test] zero00117
2016-08-04 20:05:31,594 INFO [org.junit.Test] zero00118
2016-08-04 20:05:31,594 INFO [org.junit.Test] zero00119
2016-08-04 20:05:31,594 INFO [org.junit.Test] zero00120
2016-08-04 20:05:31,594 INFO [org.junit.Test] zero00121
2016-08-04 20:05:31,594 INFO [org.junit.Test] zero00122
2016-08-04 20:05:31,594 INFO [org.junit.Test] zero00123
2016-08-04 20:05:31,594 INFO [org.junit.Test] zero00124
2016-08-04 20:05:31,594 INFO [org.junit.Test] zero00125
2016-08-04 20:05:31,594 INFO [org.junit.Test] zero00126
2016-08-04 20:05:31,594 INFO [org.junit.Test] zero00127
2016-08-04 20:05:31,594 INFO [org.junit.Test] zero00128
2016-08-04 20:05:31,594 INFO [org.junit.Test] zero00129
2016-08-04 20:05:31,594 INFO [org.junit.Test] zero00130
2016-08-04 20:05:31,594 INFO [org.junit.Test] zero00131
2016-08-04 20:05:31,594 INFO [org.junit.Test] zero00132
2016-08-04 20:05:31,594 INFO [org.junit.Test] zero00133
2016-08-04 20:05:31,594 INFO [org.junit.Test] zero00134
2016-08-04 20:05:31,594 INFO [org.junit.Test] zero00135
2016-08-04 20:05:31,594 INFO [org.junit.Test] zero00136
2016-08-04 20:05:31,594 INFO [org.junit.Test] zero00137
2016-08-04 20:05:31,595 INFO [org.junit.Test] zero00138
2016-08-04 20:05:31,595 INFO [org.junit.Test] zero00139
2016-08-04 20:05:31,595 INFO [org.junit.Test] zero00140
2016-08-04 20:05:31,595 INFO [org.junit.Test] zero00141
2016-08-04 20:05:31,595 INFO [org.junit.Test] zero00142
2016-08-04 20:05:31,595 INFO [org.junit.Test] zero00143
2016-08-04 20:05:31,595 INFO [org.junit.Test] zero00144
2016-08-04 20:05:31,595 INFO [org.junit.Test] zero00145
2016-08-04 20:05:31,595 INFO [org.junit.Test] zero00146
2016-08-04 20:05:31,595 INFO [org.junit.Test] zero00147
2016-08-04 20:05:31,595 INFO [org.junit.Test] zero00148
2016-08-04 20:05:31,595 INFO [org.junit.Test] zero00149
2016-08-04 20:05:31,595 INFO [org.junit.Test] zero00150
2016-08-04 20:05:31,595 INFO [org.junit.Test] zero00151
2016-08-04 20:05:31,595 INFO [org.junit.Test] zero00152
2016-08-04 20:05:31,595 INFO [org.junit.Test] zero00153
2016-08-04 20:05:31,595 INFO [org.junit.Test] zero00154
2016-08-04 20:05:31,595 INFO [org.junit.Test] zero00155
2016-08-04 20:05:31,595 INFO [org.junit.Test] zero00156
2016-08-04 20:05:31,595 INFO [org.junit.Test] zero00157
2016-08-04 20:05:31,595 INFO [org.junit.Test] zero00158
2016-08-04 20:05:31,595 INFO [org.junit.Test] zero00159
2016-08-04 20:05:31,595 INFO [org.junit.Test] zero00160
2016-08-04 20:05:31,595 INFO [org.junit.Test] zero00161
2016-08-04 20:05:31,595 INFO [org.junit.Test] zero00162
2016-08-04 20:05:31,595 INFO [org.junit.Test] zero00163
2016-08-04 20:05:31,595 INFO [org.junit.Test] zero00164
2016-08-04 20:05:31,595 INFO [org.junit.Test] zero00165
2016-08-04 20:05:31,595 INFO [org.junit.Test] zero00166
2016-08-04 20:05:31,595 INFO [org.junit.Test] zero00167
2016-08-04 20:05:31,595 INFO [org.junit.Test] zero00168
2016-08-04 20:05:31,595 INFO [org.junit.Test] zero00169
2016-08-04 20:05:31,595 INFO [org.junit.Test] zero00170
2016-08-04 20:05:31,595 INFO [org.junit.Test] zero00171
2016-08-04 20:05:31,595 INFO [org.junit.Test] zero00172
2016-08-04 20:05:31,595 INFO [org.junit.Test] zero00173
2016-08-04 20:05:31,595 INFO [org.junit.Test] zero00174
2016-08-04 20:05:31,595 INFO [org.junit.Test] zero00175
2016-08-04 20:05:31,595 INFO [org.junit.Test] zero00176
2016-08-04 20:05:31,595 INFO [org.junit.Test] zero00177
2016-08-04 20:05:31,595 INFO [org.junit.Test] zero00178
2016-08-04 20:05:31,595 INFO [org.junit.Test] zero00179
2016-08-04 20:05:31,595 INFO [org.junit.Test] zero00180
2016-08-04 20:05:31,595 INFO [org.junit.Test] zero00181
2016-08-04 20:05:31,595 INFO [org.junit.Test] zero00182
2016-08-04 20:05:31,595 INFO [org.junit.Test] zero00183
2016-08-04 20:05:31,595 INFO [org.junit.Test] zero00184
2016-08-04 20:05:31,595 INFO [org.junit.Test] zero00185
2016-08-04 20:05:31,595 INFO [org.junit.Test] zero00186
2016-08-04 20:05:31,595 INFO [org.junit.Test] zero00187
2016-08-04 20:05:31,595 INFO [org.junit.Test] zero00188
2016-08-04 20:05:31,595 INFO [org.junit.Test] zero00189
2016-08-04 20:05:31,595 INFO [org.junit.Test] zero00190
2016-08-04 20:05:31,595 INFO [org.junit.Test] zero00191
2016-08-04 20:05:31,595 INFO [org.junit.Test] zero00192
2016-08-04 20:05:31,595 INFO [org.junit.Test] zero00193
2016-08-04 20:05:31,595 INFO [org.junit.Test] zero00194
2016-08-04 20:05:31,595 INFO [org.junit.Test] zero00195
2016-08-04 20:05:31,595 INFO [org.junit.Test] zero00196
2016-08-04 20:05:31,595 INFO [org.junit.Test] zero00197
2016-08-04 20:05:31,595 INFO [org.junit.Test] zero00198
2016-08-04 20:05:31,595 INFO [org.junit.Test] zero00199
2016-08-04 20:05:31,595 INFO [org.junit.Test] zero00200
2016-08-04 20:05:31,595 INFO [org.junit.Test] zero00201
2016-08-04 20:05:31,595 INFO [org.junit.Test] zero00202
2016-08-04 20:05:31,595 INFO [org.junit.Test] zero00203
2016-08-04 20:05:31,595 INFO [org.junit.Test] zero00204
2016-08-04 20:05:31,595 INFO [org.junit.Test] zero00205
2016-08-04 20:05:31,595 INFO [org.junit.Test] zero00206
2016-08-04 20:05:31,595 INFO [org.junit.Test] zero00207
2016-08-04 20:05:31,595 INFO [org.junit.Test] zero00208
2016-08-04 20:05:31,595 INFO [org.junit.Test] zero00209
2016-08-04 20:05:31,595 INFO [org.junit.Test] zero00210
2016-08-04 20:05:31,595 INFO [org.junit.Test] zero00211
2016-08-04 20:05:31,595 INFO [org.junit.Test] zero00212
2016-08-04 20:05:31,595 INFO [org.junit.Test] zero00213
2016-08-04 20:05:31,595 INFO [org.junit.Test] zero00214
2016-08-04 20:05:31,595 INFO [org.junit.Test] zero00215
2016-08-04 20:05:31,595 INFO [org.junit.Test] zero00216
2016-08-04 20:05:31,595 INFO [org.junit.Test] zero00217
2016-08-04 20:05:31,595 INFO [org.junit.Test] zero00218
2016-08-04 20:05:31,595 INFO [org.junit.Test] zero00219
2016-08-04 20:05:31,595 INFO [org.junit.Test] zero00220
2016-08-04 20:05:31,595 INFO [org.junit.Test] zero00221
2016-08-04 20:05:31,595 INFO [org.junit.Test] zero00222
2016-08-04 20:05:31,595 INFO [org.junit.Test] zero00223
2016-08-04 20:05:31,595 INFO [org.junit.Test] zero00224
2016-08-04 20:05:31,595 INFO [org.junit.Test] zero00225
2016-08-04 20:05:31,595 INFO [org.junit.Test] zero00226
2016-08-04 20:05:31,595 INFO [org.junit.Test] zero00227
2016-08-04 20:05:31,595 INFO [org.junit.Test] zero00228
2016-08-04 20:05:31,595 INFO [org.junit.Test] zero00229
2016-08-04 20:05:31,595 INFO [org.junit.Test] zero00230
2016-08-04 20:05:31,595 INFO [org.junit.Test] zero00231
2016-08-04 20:05:31,595 INFO [org.junit.Test] zero00232
2016-08-04 20:05:31,595 INFO [org.junit.Test] zero00233
2016-08-04 20:05:31,595 INFO [org.junit.Test] zero00234
2016-08-04 20:05:31,595 INFO [org.junit.Test] zero00235
2016-08-04 20:05:31,595 INFO [org.junit.Test] zero00236
2016-08-04 20:05:31,595 INFO [org.junit.Test] zero00237
2016-08-04 20:05:31,595 INFO [org.junit.Test] zero00238
2016-08-04 20:05:31,595 INFO [org.junit.Test] zero00239
2016-08-04 20:05:31,595 INFO [org.junit.Test] zero00240
2016-08-04 20:05:31,595 INFO [org.junit.Test] zero00241
2016-08-04 20:05:31,595 INFO [org.junit.Test] zero00242
2016-08-04 20:05:31,595 INFO [org.junit.Test] zero00243
2016-08-04 20:05:31,595 INFO [org.junit.Test] zero00244
2016-08-04 20:05:31,595 INFO [org.junit.Test] zero00245
2016-08-04 20:05:31,595 INFO [org.junit.Test] zero00246
2016-08-04 20:05:31,595 INFO [org.junit.Test] zero00247
2016-08-04 20:05:31,595 INFO [org.junit.Test] zero00248
2016-08-04 20:05:31,595 INFO [org.junit.Test] zero00249
2016-08-04 20:05:31,595 INFO [org.junit.Test] zero00250
2016-08-04 20:05:31,595 INFO [org.junit.Test] zero00251
2016-08-04 20:05:31,595 INFO [org.junit.Test] zero00252
2016-08-04 20:05:31,595 INFO [org.junit.Test] zero00253
2016-08-04 20:05:31,595 INFO [org.junit.Test] zero00254
2016-08-04 20:05:31,595 INFO [org.junit.Test] zero00255
2016-08-04 20:05:31,595 INFO [org.junit.Test] zero00256
2016-08-04 20:05:31,595 INFO [org.junit.Test] zero00257
2016-08-04 20:05:31,595 INFO [org.junit.Test] zero00258
2016-08-04 20:05:31,595 INFO [org.junit.Test] zero00259
2016-08-04 20:05:31,595 INFO [org.junit.Test] zero00260
2016-08-04 20:05:31,595 INFO [org.junit.Test] zero00261
2016-08-04 20:05:31,595 INFO [org.junit.Test] zero00262
2016-08-04 20:05:31,595 INFO [org.junit.Test] zero00263
2016-08-04 20:05:31,595 INFO [org.junit.Test] zero00264
2016-08-04 20:05:31,595 INFO [org.junit.Test] zero00265
2016-08-04 20:05:31,595 INFO [org.junit.Test] zero00266
2016-08-04 20:05:31,595 INFO [org.junit.Test] zero00267
2016-08-04 20:05:31,595 INFO [org.junit.Test] zero00268
2016-08-04 20:05:31,595 INFO [org.junit.Test] zero00269
2016-08-04 20:05:31,595 INFO [org.junit.Test] zero00270
2016-08-04 20:05:31,595 INFO [org.junit.Test] zero00271
2016-08-04 20:05:31,595 INFO [org.junit.Test] zero00272
2016-08-04 20:05:31,595 INFO [org.junit.Test] zero00273
2016-08-04 20:05:31,595 INFO [org.junit.Test] zero00274
2016-08-04 20:05:31,595 INFO [org.junit.Test] zero00275
2016-08-04 20:05:31,595 INFO [org.junit.Test] zero00276
2016-08-04 20:05:31,595 INFO [org.junit.Test] zero00277
2016-08-04 20:05:31,595 INFO [org.junit.Test] zero00278
2016-08-04 20:05:31,595 INFO [org.junit.Test] zero00279
2016-08-04 20:05:31,595 INFO [org.junit.Test] zero00280
2016-08-04 20:05:31,595 INFO [org.junit.Test] zero00281
2016-08-04 20:05:31,595 INFO [org.junit.Test] zero00282
2016-08-04 20:05:31,595 INFO [org.junit.Test] zero00283
2016-08-04 20:05:31,595 INFO [org.junit.Test] zero00284
2016-08-04 20:05:31,595 INFO [org.junit.Test] zero00285
2016-08-04 20:05:31,595 INFO [org.junit.Test] zero00286
2016-08-04 20:05:31,595 INFO [org.junit.Test] zero00287
2016-08-04 20:05:31,595 INFO [org.junit.Test] zero00288
2016-08-04 20:05:31,595 INFO [org.junit.Test] zero00289
2016-08-04 20:05:31,595 INFO [org.junit.Test] zero00290
2016-08-04 20:05:31,595 INFO [org.junit.Test] zero00291
2016-08-04 20:05:31,595 INFO [org.junit.Test] zero00292
2016-08-04 20:05:31,595 INFO [org.junit.Test] zero00293
2016-08-04 20:05:31,595 INFO [org.junit.Test] zero00294
2016-08-04 20:05:31,595 INFO [org.junit.Test] zero00295
2016-08-04 20:05:31,595 INFO [org.junit.Test] zero00296
2016-08-04 20:05:31,595 INFO [org.junit.Test] zero00297
2016-08-04 20:05:31,595 INFO [org.junit.Test] zero00298
2016-08-04 20:05:31,595 INFO [org.junit.Test] zero00299
2016-08-04 20:05:31,595 INFO [org.junit.Test] zero00300
2016-08-04 20:05:31,595 INFO [org.junit.Test] zero00301
2016-08-04 20:05:31,595 INFO [org.junit.Test] zero00302
2016-08-04 20:05:31,595 INFO [org.junit.Test] zero00303
2016-08-04 20:05:31,595 INFO [org.junit.Test] zero00304
2016-08-04 20:05:31,595 INFO [org.junit.Test] zero00305
2016-08-04 20:05:31,595 INFO [org.junit.Test] zero00306
2016-08-04 20:05:31,595 INFO [org.junit.Test] zero00307
2016-08-04 20:05:31,595 INFO [org.junit.Test] zero00308
2016-08-04 20:05:31,595 INFO [org.junit.Test] zero00309
2016-08-04 20:05:31,595 INFO [org.junit.Test] zero00310
2016-08-04 20:05:31,595 INFO [org.junit.Test] zero00311
2016-08-04 20:05:31,595 INFO [org.junit.Test] zero00312
2016-08-04 20:05:31,595 INFO [org.junit.Test] zero00313
2016-08-04 20:05:31,595 INFO [org.junit.Test] zero00314
2016-08-04 20:05:31,595 INFO [org.junit.Test] zero00315
2016-08-04 20:05:31,595 INFO [org.junit.Test] zero00316
2016-08-04 20:05:31,595 INFO [org.junit.Test] zero00317
2016-08-04 20:05:31,595 INFO [org.junit.Test] zero00318
2016-08-04 20:05:31,595 INFO [org.junit.Test] zero00319
2016-08-04 20:05:31,595 INFO [org.junit.Test] zero00320
2016-08-04 20:05:31,595 INFO [org.junit.Test] zero00321
2016-08-04 20:05:31,595 INFO [org.junit.Test] zero00322
2016-08-04 20:05:31,595 INFO [org.junit.Test] zero00323
2016-08-04 20:05:31,595 INFO [org.junit.Test] zero00324
2016-08-04 20:05:31,595 INFO [org.junit.Test] zero00325
2016-08-04 20:05:31,595 INFO [org.junit.Test] zero00326
2016-08-04 20:05:31,595 INFO [org.junit.Test] zero00327
2016-08-04 20:05:31,595 INFO [org.junit.Test] zero00328
2016-08-04 20:05:31,595 INFO [org.junit.Test] zero00329
2016-08-04 20:05:31,595 INFO [org.junit.Test] zero00330
2016-08-04 20:05:31,595 INFO [org.junit.Test] zero00331
2016-08-04 20:05:31,595 INFO [org.junit.Test] zero00332
2016-08-04 20:05:31,595 INFO [org.junit.Test] zero00333
2016-08-04 20:05:31,595 INFO [org.junit.Test] zero00334
2016-08-04 20:05:31,595 INFO [org.junit.Test] zero00335
2016-08-04 20:05:31,595 INFO [org.junit.Test] zero00336
2016-08-04 20:05:31,595 INFO [org.junit.Test] zero00337
2016-08-04 20:05:31,595 INFO [org.junit.Test] zero00338
2016-08-04 20:05:31,595 INFO [org.junit.Test] zero00339
2016-08-04 20:05:31,595 INFO [org.junit.Test] zero00340
2016-08-04 20:05:31,595 INFO [org.junit.Test] zero00341
2016-08-04 20:05:31,595 INFO [org.junit.Test] zero00342
2016-08-04 20:05:31,595 INFO [org.junit.Test] zero00343
2016-08-04 20:05:31,595 INFO [org.junit.Test] zero00344
2016-08-04 20:05:31,595 INFO [org.junit.Test] zero00345
2016-08-04 20:05:31,595 INFO [org.junit.Test] zero00346
2016-08-04 20:05:31,595 INFO [org.junit.Test] zero00347
2016-08-04 20:05:31,595 INFO [org.junit.Test] zero00348
2016-08-04 20:05:31,595 INFO [org.junit.Test] zero00349
2016-08-04 20:05:31,595 INFO [org.junit.Test] zero00350
2016-08-04 20:05:31,595 INFO [org.junit.Test] zero00351
2016-08-04 20:05:31,595 INFO [org.junit.Test] zero00352
2016-08-04 20:05:31,595 INFO [org.junit.Test] zero00353
2016-08-04 20:05:31,595 INFO [org.junit.Test] zero00354
2016-08-04 20:05:31,595 INFO [org.junit.Test] zero00355
2016-08-04 20:05:31,595 INFO [org.junit.Test] zero00356
2016-08-04 20:05:31,595 INFO [org.junit.Test] zero00357
2016-08-04 20:05:31,595 INFO [org.junit.Test] zero00358
2016-08-04 20:05:31,595 INFO [org.junit.Test] zero00359
2016-08-04 20:05:31,595 INFO [org.junit.Test] zero00360
2016-08-04 20:05:31,595 INFO [org.junit.Test] zero00361
2016-08-04 20:05:31,595 INFO [org.junit.Test] zero00362
2016-08-04 20:05:31,595 INFO [org.junit.Test] zero00363
2016-08-04 20:05:31,595 INFO [org.junit.Test] zero00364
2016-08-04 20:05:31,595 INFO [org.junit.Test] zero00365
2016-08-04 20:05:31,595 INFO [org.junit.Test] zero00366
2016-08-04 20:05:31,595 INFO [org.junit.Test] zero00367
2016-08-04 20:05:31,595 INFO [org.junit.Test] zero00368
2016-08-04 20:05:31,595 INFO [org.junit.Test] zero00369
2016-08-04 20:05:31,595 INFO [org.junit.Test] zero00370
2016-08-04 20:05:31,595 INFO [org.junit.Test] zero00371
2016-08-04 20:05:31,595 INFO [org.junit.Test] zero00372
2016-08-04 20:05:31,595 INFO [org.junit.Test] zero00373
2016-08-04 20:05:31,595 INFO [org.junit.Test] zero00374
2016-08-04 20:05:31,595 INFO [org.junit.Test] zero00375
2016-08-04 20:05:31,595 INFO [org.junit.Test] zero00376
2016-08-04 20:05:31,595 INFO [org.junit.Test] zero00377
2016-08-04 20:05:31,595 INFO [org.junit.Test] zero00378
2016-08-04 20:05:31,595 INFO [org.junit.Test] zero00379
2016-08-04 20:05:31,595 INFO [org.junit.Test] zero00380
2016-08-04 20:05:31,595 INFO [org.junit.Test] zero00381
2016-08-04 20:05:31,595 INFO [org.junit.Test] zero00382
2016-08-04 20:05:31,595 INFO [org.junit.Test] zero00383
2016-08-04 20:05:31,595 INFO [org.junit.Test] zero00384
2016-08-04 20:05:31,595 INFO [org.junit.Test] zero00385
2016-08-04 20:05:31,595 INFO [org.junit.Test] zero00386
2016-08-04 20:05:31,595 INFO [org.junit.Test] zero00387
2016-08-04 20:05:31,595 INFO [org.junit.Test] zero00388
2016-08-04 20:05:31,595 INFO [org.junit.Test] zero00389
2016-08-04 20:05:31,595 INFO [org.junit.Test] zero00390
2016-08-04 20:05:31,595 INFO [org.junit.Test] zero00391
2016-08-04 20:05:31,595 INFO [org.junit.Test] zero00392
2016-08-04 20:05:31,595 INFO [org.junit.Test] zero00393
2016-08-04 20:05:31,595 INFO [org.junit.Test] zero00394
2016-08-04 20:05:31,595 INFO [org.junit.Test] zero00395
2016-08-04 20:05:31,595 INFO [org.junit.Test] zero00396
2016-08-04 20:05:31,595 INFO [org.junit.Test] zero00397
2016-08-04 20:05:31,595 INFO [org.junit.Test] zero00398
2016-08-04 20:05:31,595 INFO [org.junit.Test] zero00399
2016-08-04 20:05:31,595 INFO [org.junit.Test] zero00400
2016-08-04 20:05:31,595 INFO [org.junit.Test] zero00401
2016-08-04 20:05:31,595 INFO [org.junit.Test] zero00402
2016-08-04 20:05:31,595 INFO [org.junit.Test] zero00403
2016-08-04 20:05:31,595 INFO [org.junit.Test] zero00404
2016-08-04 20:05:31,595 INFO [org.junit.Test] zero00405
2016-08-04 20:05:31,595 INFO [org.junit.Test] zero00406
2016-08-04 20:05:31,595 INFO [org.junit.Test] zero00407
2016-08-04 20:05:31,595 INFO [org.junit.Test] zero00408
2016-08-04 20:05:31,595 INFO [org.junit.Test] zero00409
2016-08-04 20:05:31,595 INFO [org.junit.Test] zero00410
2016-08-04 20:05:31,595 INFO [org.junit.Test] zero00411
2016-08-04 20:05:31,595 INFO [org.junit.Test] zero00412
2016-08-04 20:05:31,595 INFO [org.junit.Test] zero00413
2016-08-04 20:05:31,595 INFO [org.junit.Test] zero00414
2016-08-04 20:05:31,595 INFO [org.junit.Test] zero00415
2016-08-04 20:05:31,595 INFO [org.junit.Test] zero00416
2016-08-04 20:05:31,595 INFO [org.junit.Test] zero00417
2016-08-04 20:05:31,595 INFO [org.junit.Test] zero00418
2016-08-04 20:05:31,595 INFO [org.junit.Test] zero00419
2016-08-04 20:05:31,595 INFO [org.junit.Test] zero00420
2016-08-04 20:05:31,595 INFO [org.junit.Test] zero00421
2016-08-04 20:05:31,595 INFO [org.junit.Test] zero00422
2016-08-04 20:05:31,595 INFO [org.junit.Test] zero00423
2016-08-04 20:05:31,595 INFO [org.junit.Test] zero00424
2016-08-04 20:05:31,595 INFO [org.junit.Test] zero00425
2016-08-04 20:05:31,595 INFO [org.junit.Test] zero00426
2016-08-04 20:05:31,595 INFO [org.junit.Test] zero00427
2016-08-04 20:05:31,595 INFO [org.junit.Test] zero00428
2016-08-04 20:05:31,595 INFO [org.junit.Test] zero00429
2016-08-04 20:05:31,595 INFO [org.junit.Test] zero00430
2016-08-04 20:05:31,595 INFO [org.junit.Test] zero00431
2016-08-04 20:05:31,595 INFO [org.junit.Test] zero00432
2016-08-04 20:05:31,595 INFO [org.junit.Test] zero00433
2016-08-04 20:05:31,595 INFO [org.junit.Test] zero00434
2016-08-04 20:05:31,595 INFO [org.junit.Test] zero00435
2016-08-04 20:05:31,595 INFO [org.junit.Test] zero00436
2016-08-04 20:05:31,595 INFO [org.junit.Test] zero00437
2016-08-04 20:05:31,595 INFO [org.junit.Test] zero00438
2016-08-04 20:05:31,595 INFO [org.junit.Test] zero00439
2016-08-04 20:05:31,595 INFO [org.junit.Test] zero00440
2016-08-04 20:05:31,595 INFO [org.junit.Test] zero00441
2016-08-04 20:05:31,595 INFO [org.junit.Test] zero00442
2016-08-04 20:05:31,595 INFO [org.junit.Test] zero00443
2016-08-04 20:05:31,595 INFO [org.junit.Test] zero00444
2016-08-04 20:05:31,595 INFO [org.junit.Test] zero00445
2016-08-04 20:05:31,595 INFO [org.junit.Test] zero00446
2016-08-04 20:05:31,595 INFO [org.junit.Test] zero00447
2016-08-04 20:05:31,595 INFO [org.junit.Test] zero00448
2016-08-04 20:05:31,595 INFO [org.junit.Test] zero00449
2016-08-04 20:05:31,595 INFO [org.junit.Test] zero00450
2016-08-04 20:05:31,595 INFO [org.junit.Test] zero00451
2016-08-04 20:05:31,595 INFO [org.junit.Test] zero00452
2016-08-04 20:05:31,595 INFO [org.junit.Test] zero00453
2016-08-04 20:05:31,595 INFO [org.junit.Test] zero00454
2016-08-04 20:05:31,595 INFO [org.junit.Test] zero00455
2016-08-04 20:05:31,595 INFO [org.junit.Test] zero00456
2016-08-04 20:05:31,595 INFO [org.junit.Test] zero00457
2016-08-04 20:05:31,595 INFO [org.junit.Test] zero00458
2016-08-04 20:05:31,595 INFO [org.junit.Test] zero00459
2016-08-04 20:05:31,595 INFO [org.junit.Test] zero00460
2016-08-04 20:05:31,595 INFO [org.junit.Test] zero00461
2016-08-04 20:05:31,595 INFO [org.junit.Test] zero00462
2016-08-04 20:05:31,595 INFO [org.junit.Test] zero00463
2016-08-04 20:05:31,595 INFO [org.junit.Test] zero00464
2016-08-04 20:05:31,595 INFO [org.junit.Test] zero00465
2016-08-04 20:05:31,595 INFO [org.junit.Test] zero00466
2016-08-04 20:05:31,595 INFO [org.junit.Test] zero00467
2016-08-04 20:05:31,595 INFO [org.junit.Test] zero00468
2016-08-04 20:05:31,595 INFO [org.junit.Test] zero00469
2016-08-04 20:05:31,595 INFO [org.junit.Test] zero00470
2016-08-04 20:05:31,595 INFO [org.junit.Test] zero00471
2016-08-04 20:05:31,595 INFO [org.junit.Test] zero00472
2016-08-04 20:05:31,595 INFO [org.junit.Test] zero00473
2016-08-04 20:05:31,595 INFO [org.junit.Test] zero00474
2016-08-04 20:05:31,595 INFO [org.junit.Test] zero00475
2016-08-04 20:05:31,595 INFO [org.junit.Test] zero00476
2016-08-04 20:05:31,595 INFO [org.junit.Test] zero00477
2016-08-04 20:05:31,595 INFO [org.junit.Test] zero00478
2016-08-04 20:05:31,596 INFO [org.junit.Test] zero00479
2016-08-04 20:05:31,596 INFO [org.junit.Test] zero00480
2016-08-04 20:05:31,596 INFO [org.junit.Test] zero00481
2016-08-04 20:05:31,596 INFO [org.junit.Test] zero00482
2016-08-04 20:05:31,596 INFO [org.junit.Test] zero00483
2016-08-04 20:05:31,596 INFO [org.junit.Test] zero00484
2016-08-04 20:05:31,596 INFO [org.junit.Test] zero00485
2016-08-04 20:05:31,596 INFO [org.junit.Test] zero00486
2016-08-04 20:05:31,596 INFO [org.junit.Test] zero00487
2016-08-04 20:05:31,596 INFO [org.junit.Test] zero00488
2016-08-04 20:05:31,596 INFO [org.junit.Test] zero00489
2016-08-04 20:05:31,596 INFO [org.junit.Test] zero00490
2016-08-04 20:05:31,596 INFO [org.junit.Test] zero00491
2016-08-04 20:05:31,596 INFO [org.junit.Test] zero00492
2016-08-04 20:05:31,596 INFO [org.junit.Test] zero00493
2016-08-04 20:05:31,596 INFO [org.junit.Test] zero00494
2016-08-04 20:05:31,596 INFO [org.junit.Test] zero00495
2016-08-04 20:05:31,596 INFO [org.junit.Test] zero00496
2016-08-04 20:05:31,596 INFO [org.junit.Test] zero00497
2016-08-04 20:05:31,596 INFO [org.junit.Test] zero00498
2016-08-04 20:05:31,596 INFO [org.junit.Test] zero00499
2016-08-04 20:05:31,596 INFO [org.junit.Test] zero00500
2016-08-04 20:05:31,596 INFO [org.junit.Test] zero00501
2016-08-04 20:05:31,596 INFO [org.junit.Test] zero00502
2016-08-04 20:05:31,596 INFO [org.junit.Test] zero00503
2016-08-04 20:05:31,596 INFO [org.junit.Test] zero00504
2016-08-04 20:05:31,596 INFO [org.junit.Test] zero00505
2016-08-04 20:05:31,596 INFO [org.junit.Test] zero00506
2016-08-04 20:05:31,596 INFO [org.junit.Test] zero00507
2016-08-04 20:05:31,596 INFO [org.junit.Test] zero00508
2016-08-04 20:05:31,596 INFO [org.junit.Test] zero00509
2016-08-04 20:05:31,596 INFO [org.junit.Test] zero00510
2016-08-04 20:05:31,596 INFO [org.junit.Test] zero00511
2016-08-04 20:05:31,596 INFO [org.junit.Test] zero00512
2016-08-04 20:05:31,596 INFO [org.junit.Test] zero00513
2016-08-04 20:05:31,596 INFO [org.junit.Test] zero00514
2016-08-04 20:05:31,596 INFO [org.junit.Test] zero00515
2016-08-04 20:05:31,596 INFO [org.junit.Test] zero00516
2016-08-04 20:05:31,596 INFO [org.junit.Test] zero00517
2016-08-04 20:05:31,596 INFO [org.junit.Test] zero00518
2016-08-04 20:05:31,596 INFO [org.junit.Test] zero00519
2016-08-04 20:05:31,596 INFO [org.junit.Test] zero00520
2016-08-04 20:05:31,596 INFO [org.junit.Test] zero00521
2016-08-04 20:05:31,596 INFO [org.junit.Test] zero00522
2016-08-04 20:05:31,596 INFO [org.junit.Test] zero00523
2016-08-04 20:05:31,596 INFO [org.junit.Test] zero00524
2016-08-04 20:05:31,596 INFO [org.junit.Test] zero00525
2016-08-04 20:05:31,596 INFO [org.junit.Test] zero00526
2016-08-04 20:05:31,596 INFO [org.junit.Test] zero00527
2016-08-04 20:05:31,596 INFO [org.junit.Test] zero00528
2016-08-04 20:05:31,596 INFO [org.junit.Test] zero00529
2016-08-04 20:05:31,596 INFO [org.junit.Test] zero00530
2016-08-04 20:05:31,596 INFO [org.junit.Test] zero00531
2016-08-04 20:05:31,596 INFO [org.junit.Test] zero00532
2016-08-04 20:05:31,596 INFO [org.junit.Test] zero00533
2016-08-04 20:05:31,596 INFO [org.junit.Test] zero00534
2016-08-04 20:05:31,596 INFO [org.junit.Test] zero00535
2016-08-04 20:05:31,596 INFO [org.junit.Test] zero00536
2016-08-04 20:05:31,596 INFO [org.junit.Test] zero00537
2016-08-04 20:05:31,596 INFO [org.junit.Test] zero00538
2016-08-04 20:05:31,596 INFO [org.junit.Test] zero00539
2016-08-04 20:05:31,596 INFO [org.junit.Test] zero00540
2016-08-04 20:05:31,596 INFO [org.junit.Test] zero00541
2016-08-04 20:05:31,596 INFO [org.junit.Test] zero00542
2016-08-04 20:05:31,596 INFO [org.junit.Test] zero00543
2016-08-04 20:05:31,596 INFO [org.junit.Test] zero00544
2016-08-04 20:05:31,596 INFO [org.junit.Test] zero00545
2016-08-04 20:05:31,596 INFO [org.junit.Test] zero00546
2016-08-04 20:05:31,596 INFO [org.junit.Test] zero00547
2016-08-04 20:05:31,596 INFO [org.junit.Test] zero00548
2016-08-04 20:05:31,596 INFO [org.junit.Test] zero00549
2016-08-04 20:05:31,596 INFO [org.junit.Test] zero00550
2016-08-04 20:05:31,596 INFO [org.junit.Test] zero00551
2016-08-04 20:05:31,596 INFO [org.junit.Test] zero00552
2016-08-04 20:05:31,596 INFO [org.junit.Test] zero00553
2016-08-04 20:05:31,596 INFO [org.junit.Test] zero00554
2016-08-04 20:05:31,596 INFO [org.junit.Test] zero00555
2016-08-04 20:05:31,596 INFO [org.junit.Test] zero00556
2016-08-04 20:05:31,596 INFO [org.junit.Test] zero00557
2016-08-04 20:05:31,596 INFO [org.junit.Test] zero00558
2016-08-04 20:05:31,596 INFO [org.junit.Test] zero00559
2016-08-04 20:05:31,596 INFO [org.junit.Test] zero00560
2016-08-04 20:05:31,596 INFO [org.junit.Test] zero00561
2016-08-04 20:05:31,596 INFO [org.junit.Test] zero00562
2016-08-04 20:05:31,596 INFO [org.junit.Test] zero00563
2016-08-04 20:05:31,596 INFO [org.junit.Test] zero00564
2016-08-04 20:05:31,596 INFO [org.junit.Test] zero00565
2016-08-04 20:05:31,596 INFO [org.junit.Test] zero00566
2016-08-04 20:05:31,596 INFO [org.junit.Test] zero00567
2016-08-04 20:05:31,596 INFO [org.junit.Test] zero00568
2016-08-04 20:05:31,596 INFO [org.junit.Test] zero00569
2016-08-04 20:05:31,596 INFO [org.junit.Test] zero00570
2016-08-04 20:05:31,596 INFO [org.junit.Test] zero00571
2016-08-04 20:05:31,596 INFO [org.junit.Test] zero00572
2016-08-04 20:05:31,596 INFO [org.junit.Test] zero00573
2016-08-04 20:05:31,596 INFO [org.junit.Test] zero00574
2016-08-04 20:05:31,596 INFO [org.junit.Test] zero00575
2016-08-04 20:05:31,596 INFO [org.junit.Test] zero00576
2016-08-04 20:05:31,596 INFO [org.junit.Test] zero00577
2016-08-04 20:05:31,596 INFO [org.junit.Test] zero00578
2016-08-04 20:05:31,596 INFO [org.junit.Test] zero00579
2016-08-04 20:05:31,596 INFO [org.junit.Test] zero00580
2016-08-04 20:05:31,596 INFO [org.junit.Test] zero00581
2016-08-04 20:05:31,596 INFO [org.junit.Test] zero00582
2016-08-04 20:05:31,596 INFO [org.junit.Test] zero00583
2016-08-04 20:05:31,596 INFO [org.junit.Test] zero00584
2016-08-04 20:05:31,596 INFO [org.junit.Test] zero00585
2016-08-04 20:05:31,596 INFO [org.junit.Test] zero00586
2016-08-04 20:05:31,596 INFO [org.junit.Test] zero00587
2016-08-04 20:05:31,596 INFO [org.junit.Test] zero00588
2016-08-04 20:05:31,596 INFO [org.junit.Test] zero00589
2016-08-04 20:05:31,596 INFO [org.junit.Test] zero00590
2016-08-04 20:05:31,596 INFO [org.junit.Test] zero00591
2016-08-04 20:05:31,596 INFO [org.junit.Test] zero00592
2016-08-04 20:05:31,596 INFO [org.junit.Test] zero00593
2016-08-04 20:05:31,596 INFO [org.junit.Test] zero00594
2016-08-04 20:05:31,596 INFO [org.junit.Test] zero00595
2016-08-04 20:05:31,596 INFO [org.junit.Test] zero00596
2016-08-04 20:05:31,596 INFO [org.junit.Test] zero00597
2016-08-04 20:05:31,596 INFO [org.junit.Test] zero00598
2016-08-04 20:05:31,596 INFO [org.junit.Test] zero00599
2016-08-04 20:05:31,596 INFO [org.junit.Test] zero00600
2016-08-04 20:05:31,596 INFO [org.junit.Test] zero00601
2016-08-04 20:05:31,596 INFO [org.junit.Test] zero00602
2016-08-04 20:05:31,596 INFO [org.junit.Test] zero00603
2016-08-04 20:05:31,596 INFO [org.junit.Test] zero00604
2016-08-04 20:05:31,596 INFO [org.junit.Test] zero00605
2016-08-04 20:05:31,596 INFO [org.junit.Test] zero00606
2016-08-04 20:05:31,596 INFO [org.junit.Test] zero00607
2016-08-04 20:05:31,596 INFO [org.junit.Test] zero00608
2016-08-04 20:05:31,596 INFO [org.junit.Test] zero00609
2016-08-04 20:05:31,596 INFO [org.junit.Test] zero00610
2016-08-04 20:05:31,596 INFO [org.junit.Test] zero00611
2016-08-04 20:05:31,596 INFO [org.junit.Test] zero00612
2016-08-04 20:05:31,596 INFO [org.junit.Test] zero00613
2016-08-04 20:05:31,596 INFO [org.junit.Test] zero00614
2016-08-04 20:05:31,596 INFO [org.junit.Test] zero00615
2016-08-04 20:05:31,596 INFO [org.junit.Test] zero00616
2016-08-04 20:05:31,596 INFO [org.junit.Test] zero00617
2016-08-04 20:05:31,596 INFO [org.junit.Test] zero00618
2016-08-04 20:05:31,596 INFO [org.junit.Test] zero00619
2016-08-04 20:05:31,596 INFO [org.junit.Test] zero00620
2016-08-04 20:05:31,596 INFO [org.junit.Test] zero00621
2016-08-04 20:05:31,596 INFO [org.junit.Test] zero00622
2016-08-04 20:05:31,596 INFO [org.junit.Test] zero00623
2016-08-04 20:05:31,596 INFO [org.junit.Test] zero00624
2016-08-04 20:05:31,596 INFO [org.junit.Test] zero00625
2016-08-04 20:05:31,596 INFO [org.junit.Test] zero00626
2016-08-04 20:05:31,596 INFO [org.junit.Test] zero00627
2016-08-04 20:05:31,596 INFO [org.junit.Test] zero00628
2016-08-04 20:05:31,596 INFO [org.junit.Test] zero00629
2016-08-04 20:05:31,596 INFO [org.junit.Test] zero00630
2016-08-04 20:05:31,596 INFO [org.junit.Test] zero00631
2016-08-04 20:05:31,596 INFO [org.junit.Test] zero00632
2016-08-04 20:05:31,596 INFO [org.junit.Test] zero00633
2016-08-04 20:05:31,596 INFO [org.junit.Test] zero00634
2016-08-04 20:05:31,596 INFO [org.junit.Test] zero00635
2016-08-04 20:05:31,596 INFO [org.junit.Test] zero00636
2016-08-04 20:05:31,596 INFO [org.junit.Test] zero00637
2016-08-04 20:05:31,596 INFO [org.junit.Test] zero00638
2016-08-04 20:05:31,596 INFO [org.junit.Test] zero00639
2016-08-04 20:05:31,596 INFO [org.junit.Test] zero00640
2016-08-04 20:05:31,596 INFO [org.junit.Test] zero00641
2016-08-04 20:05:31,596 INFO [org.junit.Test] zero00642
2016-08-04 20:05:31,596 INFO [org.junit.Test] zero00643
2016-08-04 20:05:31,596 INFO [org.junit.Test] zero00644
2016-08-04 20:05:31,596 INFO [org.junit.Test] zero00645
2016-08-04 20:05:31,596 INFO [org.junit.Test] zero00646
2016-08-04 20:05:31,596 INFO [org.junit.Test] zero00647
2016-08-04 20:05:31,596 INFO [org.junit.Test] zero00648
2016-08-04 20:05:31,596 INFO [org.junit.Test] zero00649
2016-08-04 20:05:31,596 INFO [org.junit.Test] zero00650
2016-08-04 20:05:31,596 INFO [org.junit.Test] zero00651
2016-08-04 20:05:31,596 INFO [org.junit.Test] zero00652
2016-08-04 20:05:31,596 INFO [org.junit.Test] zero00653
2016-08-04 20:05:31,596 INFO [org.junit.Test] zero00654
2016-08-04 20:05:31,596 INFO [org.junit.Test] zero00655
2016-08-04 20:05:31,596 INFO [org.junit.Test] zero00656
2016-08-04 20:05:31,596 INFO [org.junit.Test] zero00657
2016-08-04 20:05:31,596 INFO [org.junit.Test] zero00658
2016-08-04 20:05:31,596 INFO [org.junit.Test] zero00659
2016-08-04 20:05:31,596 INFO [org.junit.Test] zero00660
2016-08-04 20:05:31,596 INFO [org.junit.Test] zero00661
2016-08-04 20:05:31,596 INFO [org.junit.Test] zero00662
2016-08-04 20:05:31,596 INFO [org.junit.Test] zero00663
2016-08-04 20:05:31,596 INFO [org.junit.Test] zero00664
2016-08-04 20:05:31,596 INFO [org.junit.Test] zero00665
2016-08-04 20:05:31,596 INFO [org.junit.Test] zero00666
2016-08-04 20:05:31,596 INFO [org.junit.Test] zero00667
2016-08-04 20:05:31,596 INFO [org.junit.Test] zero00668
2016-08-04 20:05:31,596 INFO [org.junit.Test] zero00669
2016-08-04 20:05:31,596 INFO [org.junit.Test] zero00670
2016-08-04 20:05:31,596 INFO [org.junit.Test] zero00671
2016-08-04 20:05:31,596 INFO [org.junit.Test] zero00672
2016-08-04 20:05:31,596 INFO [org.junit.Test] zero00673
2016-08-04 20:05:31,596 INFO [org.junit.Test] zero00674
2016-08-04 20:05:31,596 INFO [org.junit.Test] zero00675
2016-08-04 20:05:31,596 INFO [org.junit.Test] zero00676
2016-08-04 20:05:31,596 INFO [org.junit.Test] zero00677
2016-08-04 20:05:31,596 INFO [org.junit.Test] zero00678
2016-08-04 20:05:31,596 INFO [org.junit.Test] zero00679
2016-08-04 20:05:31,596 INFO [org.junit.Test] zero00680
2016-08-04 20:05:31,596 INFO [org.junit.Test] zero00681
2016-08-04 20:05:31,596 INFO [org.junit.Test] zero00682
2016-08-04 20:05:31,596 INFO [org.junit.Test] zero00683
2016-08-04 20:05:31,596 INFO [org.junit.Test] zero00684
2016-08-04 20:05:31,596 INFO [org.junit.Test] zero00685
2016-08-04 20:05:31,596 INFO [org.junit.Test] zero00686
2016-08-04 20:05:31,596 INFO [org.junit.Test] zero00687
2016-08-04 20:05:31,596 INFO [org.junit.Test] zero00688
2016-08-04 20:05:31,596 INFO [org.junit.Test] zero00689
2016-08-04 20:05:31,596 INFO [org.junit.Test] zero00690
2016-08-04 20:05:31,596 INFO [org.junit.Test] zero00691
2016-08-04 20:05:31,596 INFO [org.junit.Test] zero00692
2016-08-04 20:05:31,596 INFO [org.junit.Test] zero00693
2016-08-04 20:05:31,596 INFO [org.junit.Test] zero00694
2016-08-04 20:05:31,596 INFO [org.junit.Test] zero00695
2016-08-04 20:05:31,596 INFO [org.junit.Test] zero00696
2016-08-04 20:05:31,596 INFO [org.junit.Test] zero00697
2016-08-04 20:05:31,596 INFO [org.junit.Test] zero00698
2016-08-04 20:05:31,596 INFO [org.junit.Test] zero00699
2016-08-04 20:05:31,596 INFO [org.junit.Test] zero00700
2016-08-04 20:05:31,596 INFO [org.junit.Test] zero00701
2016-08-04 20:05:31,596 INFO [org.junit.Test] zero00702
2016-08-04 20:05:31,596 INFO [org.junit.Test] zero00703
2016-08-04 20:05:31,596 INFO [org.junit.Test] zero00704
2016-08-04 20:05:31,596 INFO [org.junit.Test] zero00705
2016-08-04 20:05:31,596 INFO [org.junit.Test] zero00706
2016-08-04 20:05:31,596 INFO [org.junit.Test] zero00707
2016-08-04 20:05:31,596 INFO [org.junit.Test] zero00708
2016-08-04 20:05:31,596 INFO [org.junit.Test] zero00709
2016-08-04 20:05:31,596 INFO [org.junit.Test] zero00710
2016-08-04 20:05:31,596 INFO [org.junit.Test] zero00711
2016-08-04 20:05:31,596 INFO [org.junit.Test] zero00712
2016-08-04 20:05:31,596 INFO [org.junit.Test] zero00713
2016-08-04 20:05:31,596 INFO [org.junit.Test] zero00714
2016-08-04 20:05:31,596 INFO [org.junit.Test] zero00715
2016-08-04 20:05:31,596 INFO [org.junit.Test] zero00716
2016-08-04 20:05:31,596 INFO [org.junit.Test] zero00717
2016-08-04 20:05:31,596 INFO [org.junit.Test] zero00718
2016-08-04 20:05:31,596 INFO [org.junit.Test] zero00719
2016-08-04 20:05:31,596 INFO [org.junit.Test] zero00720
2016-08-04 20:05:31,596 INFO [org.junit.Test] zero00721
2016-08-04 20:05:31,596 INFO [org.junit.Test] zero00722
2016-08-04 20:05:31,596 INFO [org.junit.Test] zero00723
2016-08-04 20:05:31,596 INFO [org.junit.Test] zero00724
2016-08-04 20:05:31,596 INFO [org.junit.Test] zero00725
2016-08-04 20:05:31,596 INFO [org.junit.Test] zero00726
2016-08-04 20:05:31,596 INFO [org.junit.Test] zero00727
2016-08-04 20:05:31,596 INFO [org.junit.Test] zero00728
2016-08-04 20:05:31,596 INFO [org.junit.Test] zero00729
2016-08-04 20:05:31,596 INFO [org.junit.Test] zero00730
2016-08-04 20:05:31,596 INFO [org.junit.Test] zero00731
2016-08-04 20:05:31,596 INFO [org.junit.Test] zero00732
2016-08-04 20:05:31,596 INFO [org.junit.Test] zero00733
2016-08-04 20:05:31,596 INFO [org.junit.Test] zero00734
2016-08-04 20:05:31,596 INFO [org.junit.Test] zero00735
2016-08-04 20:05:31,596 INFO [org.junit.Test] zero00736
2016-08-04 20:05:31,596 INFO [org.junit.Test] zero00737
2016-08-04 20:05:31,596 INFO [org.junit.Test] zero00738
2016-08-04 20:05:31,596 INFO [org.junit.Test] zero00739
2016-08-04 20:05:31,596 INFO [org.junit.Test] zero00740
2016-08-04 20:05:31,596 INFO [org.junit.Test] zero00741
2016-08-04 20:05:31,596 INFO [org.junit.Test] zero00742
2016-08-04 20:05:31,596 INFO [org.junit.Test] zero00743
2016-08-04 20:05:31,596 INFO [org.junit.Test] zero00744
2016-08-04 20:05:31,596 INFO [org.junit.Test] zero00745
2016-08-04 20:05:31,596 INFO [org.junit.Test] zero00746
2016-08-04 20:05:31,596 INFO [org.junit.Test] zero00747
2016-08-04 20:05:31,596 INFO [org.junit.Test] zero00748
2016-08-04 20:05:31,596 INFO [org.junit.Test] zero00749
2016-08-04 20:05:31,596 INFO [org.junit.Test] zero00750
2016-08-04 20:05:31,596 INFO [org.junit.Test] zero00751
2016-08-04 20:05:31,596 INFO [org.junit.Test] zero00752
2016-08-04 20:05:31,596 INFO [org.junit.Test] zero00753
2016-08-04 20:05:31,596 INFO [org.junit.Test] zero00754
2016-08-04 20:05:31,596 INFO [org.junit.Test] zero00755
2016-08-04 20:05:31,596 INFO [org.junit.Test] zero00756
2016-08-04 20:05:31,596 INFO [org.junit.Test] zero00757
2016-08-04 20:05:31,596 INFO [org.junit.Test] zero00758
2016-08-04 20:05:31,596 INFO [org.junit.Test] zero00759
2016-08-04 20:05:31,596 INFO [org.junit.Test] zero00760
2016-08-04 20:05:31,596 INFO [org.junit.Test] zero00761
2016-08-04 20:05:31,596 INFO [org.junit.Test] zero00762
2016-08-04 20:05:31,596 INFO [org.junit.Test] zero00763
2016-08-04 20:05:31,596 INFO [org.junit.Test] zero00764
2016-08-04 20:05:31,596 INFO [org.junit.Test] zero00765
2016-08-04 20:05:31,596 INFO [org.junit.Test] zero00766
2016-08-04 20:05:31,596 INFO [org.junit.Test] zero00767
2016-08-04 20:05:31,596 INFO [org.junit.Test] zero00768
2016-08-04 20:05:31,596 INFO [org.junit.Test] zero00769
2016-08-04 20:05:31,596 INFO [org.junit.Test] zero00770
2016-08-04 20:05:31,596 INFO [org.junit.Test] zero00771
2016-08-04 20:05:31,596 INFO [org.junit.Test] zero00772
2016-08-04 20:05:31,596 INFO [org.junit.Test] zero00773
2016-08-04 20:05:31,596 INFO [org.junit.Test] zero00774
2016-08-04 20:05:31,596 INFO [org.junit.Test] zero00775
2016-08-04 20:05:31,596 INFO [org.junit.Test] zero00776
2016-08-04 20:05:31,596 INFO [org.junit.Test] zero00777
2016-08-04 20:05:31,596 INFO [org.junit.Test] zero00778
2016-08-04 20:05:31,596 INFO [org.junit.Test] zero00779
2016-08-04 20:05:31,596 INFO [org.junit.Test] zero00780
2016-08-04 20:05:31,596 INFO [org.junit.Test] zero00781
2016-08-04 20:05:31,596 INFO [org.junit.Test] zero00782
2016-08-04 20:05:31,596 INFO [org.junit.Test] zero00783
2016-08-04 20:05:31,596 INFO [org.junit.Test] zero00784
2016-08-04 20:05:31,596 INFO [org.junit.Test] zero00785
2016-08-04 20:05:31,596 INFO [org.junit.Test] zero00786
2016-08-04 20:05:31,596 INFO [org.junit.Test] zero00787
2016-08-04 20:05:31,596 INFO [org.junit.Test] zero00788
2016-08-04 20:05:31,596 INFO [org.junit.Test] zero00789
2016-08-04 20:05:31,596 INFO [org.junit.Test] zero00790
2016-08-04 20:05:31,596 INFO [org.junit.Test] zero00791
2016-08-04 20:05:31,596 INFO [org.junit.Test] zero00792
2016-08-04 20:05:31,596 INFO [org.junit.Test] zero00793
2016-08-04 20:05:31,596 INFO [org.junit.Test] zero00794
2016-08-04 20:05:31,596 INFO [org.junit.Test] zero00795
2016-08-04 20:05:31,596 INFO [org.junit.Test] zero00796
2016-08-04 20:05:31,596 INFO [org.junit.Test] zero00797
2016-08-04 20:05:31,596 INFO [org.junit.Test] zero00798
2016-08-04 20:05:31,596 INFO [org.junit.Test] zero00799
2016-08-04 20:05:31,596 INFO [org.junit.Test] zero00800
2016-08-04 20:05:31,596 INFO [org.junit.Test] zero00801
2016-08-04 20:05:31,596 INFO [org.junit.Test] zero00802
2016-08-04 20:05:31,596 INFO [org.junit.Test] zero00803
2016-08-04 20:05:31,596 INFO [org.junit.Test] zero00804
2016-08-04 20:05:31,596 INFO [org.junit.Test] zero00805
2016-08-04 20:05:31,596 INFO [org.junit.Test] zero00806
2016-08-04 20:05:31,596 INFO [org.junit.Test] zero00807
2016-08-04 20:05:31,596 INFO [org.junit.Test] zero00808
2016-08-04 20:05:31,596 INFO [org.junit.Test] zero00809
2016-08-04 20:05:31,596 INFO [org.junit.Test] zero00810
2016-08-04 20:05:31,596 INFO [org.junit.Test] zero00811
2016-08-04 20:05:31,596 INFO [org.junit.Test] zero00812
2016-08-04 20:05:31,596 INFO [org.junit.Test] zero00813
2016-08-04 20:05:31,596 INFO [org.junit.Test] zero00814
2016-08-04 20:05:31,596 INFO [org.junit.Test] zero00815
2016-08-04 20:05:31,596 INFO [org.junit.Test] zero00816
2016-08-04 20:05:31,596 INFO [org.junit.Test] zero00817
2016-08-04 20:05:31,596 INFO [org.junit.Test] zero00818
2016-08-04 20:05:31,596 INFO [org.junit.Test] zero00819
2016-08-04 20:05:31,597 INFO [org.junit.Test] zero00820
2016-08-04 20:05:31,597 INFO [org.junit.Test] zero00821
2016-08-04 20:05:31,597 INFO [org.junit.Test] zero00822
2016-08-04 20:05:31,597 INFO [org.junit.Test] zero00823
2016-08-04 20:05:31,597 INFO [org.junit.Test] zero00824
2016-08-04 20:05:31,597 INFO [org.junit.Test] zero00825
2016-08-04 20:05:31,597 INFO [org.junit.Test] zero00826
2016-08-04 20:05:31,597 INFO [org.junit.Test] zero00827
2016-08-04 20:05:31,597 INFO [org.junit.Test] zero00828
2016-08-04 20:05:31,597 INFO [org.junit.Test] zero00829
2016-08-04 20:05:31,597 INFO [org.junit.Test] zero00830
2016-08-04 20:05:31,597 INFO [org.junit.Test] zero00831
2016-08-04 20:05:31,597 INFO [org.junit.Test] zero00832
2016-08-04 20:05:31,597 INFO [org.junit.Test] zero00833
2016-08-04 20:05:31,597 INFO [org.junit.Test] zero00834
2016-08-04 20:05:31,597 INFO [org.junit.Test] zero00835
2016-08-04 20:05:31,597 INFO [org.junit.Test] zero00836
2016-08-04 20:05:31,597 INFO [org.junit.Test] zero00837
2016-08-04 20:05:31,597 INFO [org.junit.Test] zero00838
2016-08-04 20:05:31,597 INFO [org.junit.Test] zero00839
2016-08-04 20:05:31,597 INFO [org.junit.Test] zero00840
2016-08-04 20:05:31,597 INFO [org.junit.Test] zero00841
2016-08-04 20:05:31,597 INFO [org.junit.Test] zero00842
2016-08-04 20:05:31,597 INFO [org.junit.Test] zero00843
2016-08-04 20:05:31,597 INFO [org.junit.Test] zero00844
2016-08-04 20:05:31,597 INFO [org.junit.Test] zero00845
2016-08-04 20:05:31,597 INFO [org.junit.Test] zero00846
2016-08-04 20:05:31,597 INFO [org.junit.Test] zero00847
2016-08-04 20:05:31,597 INFO [org.junit.Test] zero00848
2016-08-04 20:05:31,597 INFO [org.junit.Test] zero00849
2016-08-04 20:05:31,597 INFO [org.junit.Test] zero00850
2016-08-04 20:05:31,597 INFO [org.junit.Test] zero00851
2016-08-04 20:05:31,597 INFO [org.junit.Test] zero00852
2016-08-04 20:05:31,597 INFO [org.junit.Test] zero00853
2016-08-04 20:05:31,597 INFO [org.junit.Test] zero00854
2016-08-04 20:05:31,597 INFO [org.junit.Test] zero00855
2016-08-04 20:05:31,597 INFO [org.junit.Test] zero00856
2016-08-04 20:05:31,597 INFO [org.junit.Test] zero00857
2016-08-04 20:05:31,597 INFO [org.junit.Test] zero00858
2016-08-04 20:05:31,597 INFO [org.junit.Test] zero00859
2016-08-04 20:05:31,597 INFO [org.junit.Test] zero00860
2016-08-04 20:05:31,597 INFO [org.junit.Test] zero00861
2016-08-04 20:05:31,597 INFO [org.junit.Test] zero00862
2016-08-04 20:05:31,597 INFO [org.junit.Test] zero00863
2016-08-04 20:05:31,597 INFO [org.junit.Test] zero00864
2016-08-04 20:05:31,597 INFO [org.junit.Test] zero00865
2016-08-04 20:05:31,597 INFO [org.junit.Test] zero00866
2016-08-04 20:05:31,597 INFO [org.junit.Test] zero00867
2016-08-04 20:05:31,597 INFO [org.junit.Test] zero00868
2016-08-04 20:05:31,597 INFO [org.junit.Test] zero00869
2016-08-04 20:05:31,597 INFO [org.junit.Test] zero00870
2016-08-04 20:05:31,597 INFO [org.junit.Test] zero00871
2016-08-04 20:05:31,597 INFO [org.junit.Test] zero00872
2016-08-04 20:05:31,597 INFO [org.junit.Test] zero00873
2016-08-04 20:05:31,597 INFO [org.junit.Test] zero00874
2016-08-04 20:05:31,597 INFO [org.junit.Test] zero00875
2016-08-04 20:05:31,597 INFO [org.junit.Test] zero00876
2016-08-04 20:05:31,597 INFO [org.junit.Test] zero00877
2016-08-04 20:05:31,597 INFO [org.junit.Test] zero00878
2016-08-04 20:05:31,597 INFO [org.junit.Test] zero00879
2016-08-04 20:05:31,597 INFO [org.junit.Test] zero00880
2016-08-04 20:05:31,597 INFO [org.junit.Test] zero00881
2016-08-04 20:05:31,597 INFO [org.junit.Test] zero00882
2016-08-04 20:05:31,597 INFO [org.junit.Test] zero00883
2016-08-04 20:05:31,597 INFO [org.junit.Test] zero00884
2016-08-04 20:05:31,597 INFO [org.junit.Test] zero00885
2016-08-04 20:05:31,597 INFO [org.junit.Test] zero00886
2016-08-04 20:05:31,597 INFO [org.junit.Test] zero00887
2016-08-04 20:05:31,597 INFO [org.junit.Test] zero00888
2016-08-04 20:05:31,597 INFO [org.junit.Test] zero00889
2016-08-04 20:05:31,597 INFO [org.junit.Test] zero00890
2016-08-04 20:05:31,597 INFO [org.junit.Test] zero00891
2016-08-04 20:05:31,597 INFO [org.junit.Test] zero00892
2016-08-04 20:05:31,597 INFO [org.junit.Test] zero00893
2016-08-04 20:05:31,597 INFO [org.junit.Test] zero00894
2016-08-04 20:05:31,597 INFO [org.junit.Test] zero00895
2016-08-04 20:05:31,597 INFO [org.junit.Test] zero00896
2016-08-04 20:05:31,597 INFO [org.junit.Test] zero00897
2016-08-04 20:05:31,597 INFO [org.junit.Test] zero00898
2016-08-04 20:05:31,597 INFO [org.junit.Test] zero00899
2016-08-04 20:05:31,597 INFO [org.junit.Test] zero00900
2016-08-04 20:05:31,597 INFO [org.junit.Test] zero00901
2016-08-04 20:05:31,597 INFO [org.junit.Test] zero00902
2016-08-04 20:05:31,597 INFO [org.junit.Test] zero00903
2016-08-04 20:05:31,597 INFO [org.junit.Test] zero00904
2016-08-04 20:05:31,597 INFO [org.junit.Test] zero00905
2016-08-04 20:05:31,597 INFO [org.junit.Test] zero00906
2016-08-04 20:05:31,597 INFO [org.junit.Test] zero00907
2016-08-04 20:05:31,597 INFO [org.junit.Test] zero00908
2016-08-04 20:05:31,597 INFO [org.junit.Test] zero00909
2016-08-04 20:05:31,597 INFO [org.junit.Test] zero00910
2016-08-04 20:05:31,597 INFO [org.junit.Test] zero00911
2016-08-04 20:05:31,597 INFO [org.junit.Test] zero00912
2016-08-04 20:05:31,597 INFO [org.junit.Test] zero00913
2016-08-04 20:05:31,597 INFO [org.junit.Test] zero00914
2016-08-04 20:05:31,597 INFO [org.junit.Test] zero00915
2016-08-04 20:05:31,597 INFO [org.junit.Test] zero00916
2016-08-04 20:05:31,597 INFO [org.junit.Test] zero00917
2016-08-04 20:05:31,597 INFO [org.junit.Test] zero00918
2016-08-04 20:05:31,597 INFO [org.junit.Test] zero00919
2016-08-04 20:05:31,597 INFO [org.junit.Test] zero00920
2016-08-04 20:05:31,597 INFO [org.junit.Test] zero00921
2016-08-04 20:05:31,597 INFO [org.junit.Test] zero00922
2016-08-04 20:05:31,597 INFO [org.junit.Test] zero00923
2016-08-04 20:05:31,597 INFO [org.junit.Test] zero00924
2016-08-04 20:05:31,597 INFO [org.junit.Test] zero00925
2016-08-04 20:05:31,597 INFO [org.junit.Test] zero00926
2016-08-04 20:05:31,597 INFO [org.junit.Test] zero00927
2016-08-04 20:05:31,597 INFO [org.junit.Test] zero00928
2016-08-04 20:05:31,597 INFO [org.junit.Test] zero00929
2016-08-04 20:05:31,597 INFO [org.junit.Test] zero00930
2016-08-04 20:05:31,597 INFO [org.junit.Test] zero00931
2016-08-04 20:05:31,597 INFO [org.junit.Test] zero00932
2016-08-04 20:05:31,597 INFO [org.junit.Test] zero00933
2016-08-04 20:05:31,597 INFO [org.junit.Test] zero00934
2016-08-04 20:05:31,597 INFO [org.junit.Test] zero00935
2016-08-04 20:05:31,597 INFO [org.junit.Test] zero00936
2016-08-04 20:05:31,597 INFO [org.junit.Test] zero00937
2016-08-04 20:05:31,597 INFO [org.junit.Test] zero00938
2016-08-04 20:05:31,597 INFO [org.junit.Test] zero00939
2016-08-04 20:05:31,597 INFO [org.junit.Test] zero00940
2016-08-04 20:05:31,597 INFO [org.junit.Test] zero00941
2016-08-04 20:05:31,597 INFO [org.junit.Test] zero00942
2016-08-04 20:05:31,597 INFO [org.junit.Test] zero00943
2016-08-04 20:05:31,597 INFO [org.junit.Test] zero00944
2016-08-04 20:05:31,597 INFO [org.junit.Test] zero00945
2016-08-04 20:05:31,597 INFO [org.junit.Test] zero00946
2016-08-04 20:05:31,597 INFO [org.junit.Test] zero00947
2016-08-04 20:05:31,597 INFO [org.junit.Test] zero00948
2016-08-04 20:05:31,597 INFO [org.junit.Test] zero00949
2016-08-04 20:05:31,597 INFO [org.junit.Test] zero00950
2016-08-04 20:05:31,597 INFO [org.junit.Test] zero00951
2016-08-04 20:05:31,597 INFO [org.junit.Test] zero00952
2016-08-04 20:05:31,597 INFO [org.junit.Test] zero00953
2016-08-04 20:05:31,597 INFO [org.junit.Test] zero00954
2016-08-04 20:05:31,597 INFO [org.junit.Test] zero00955
2016-08-04 20:05:31,597 INFO [org.junit.Test] zero00956
2016-08-04 20:05:31,597 INFO [org.junit.Test] zero00957
2016-08-04 20:05:31,597 INFO [org.junit.Test] zero00958
2016-08-04 20:05:31,597 INFO [org.junit.Test] zero00959
2016-08-04 20:05:31,597 INFO [org.junit.Test] zero00960
2016-08-04 20:05:31,597 INFO [org.junit.Test] zero00961
2016-08-04 20:05:31,597 INFO [org.junit.Test] zero00962
2016-08-04 20:05:31,597 INFO [org.junit.Test] zero00963
2016-08-04 20:05:31,597 INFO [org.junit.Test] zero00964
2016-08-04 20:05:31,597 INFO [org.junit.Test] zero00965
2016-08-04 20:05:31,597 INFO [org.junit.Test] zero00966
2016-08-04 20:05:31,597 INFO [org.junit.Test] zero00967
2016-08-04 20:05:31,597 INFO [org.junit.Test] zero00968
2016-08-04 20:05:31,597 INFO [org.junit.Test] zero00969
2016-08-04 20:05:31,597 INFO [org.junit.Test] zero00970
2016-08-04 20:05:31,597 INFO [org.junit.Test] zero00971
2016-08-04 20:05:31,597 INFO [org.junit.Test] zero00972
2016-08-04 20:05:31,597 INFO [org.junit.Test] zero00973
2016-08-04 20:05:31,597 INFO [org.junit.Test] zero00974
2016-08-04 20:05:31,597 INFO [org.junit.Test] zero00975
2016-08-04 20:05:31,597 INFO [org.junit.Test] zero00976
2016-08-04 20:05:31,597 INFO [org.junit.Test] zero00977
2016-08-04 20:05:31,597 INFO [org.junit.Test] zero00978
2016-08-04 20:05:31,597 INFO [org.junit.Test] zero00979
2016-08-04 20:05:31,597 INFO [org.junit.Test] zero00980
2016-08-04 20:05:31,597 INFO [org.junit.Test] zero00981
2016-08-04 20:05:31,597 INFO [org.junit.Test] zero00982
2016-08-04 20:05:31,597 INFO [org.junit.Test] zero00983
2016-08-04 20:05:31,597 INFO [org.junit.Test] zero00984
2016-08-04 20:05:31,597 INFO [org.junit.Test] zero00985
2016-08-04 20:05:31,597 INFO [org.junit.Test] zero00986
2016-08-04 20:05:31,597 INFO [org.junit.Test] zero00987
2016-08-04 20:05:31,597 INFO [org.junit.Test] zero00988
2016-08-04 20:05:31,597 INFO [org.junit.Test] zero00989
2016-08-04 20:05:31,597 INFO [org.junit.Test] zero00990
2016-08-04 20:05:31,597 INFO [org.junit.Test] zero00991
2016-08-04 20:05:31,597 INFO [org.junit.Test] zero00992
2016-08-04 20:05:31,597 INFO [org.junit.Test] zero00993
2016-08-04 20:05:31,597 INFO [org.junit.Test] zero00994
2016-08-04 20:05:31,597 INFO [org.junit.Test] zero00995
2016-08-04 20:05:31,597 INFO [org.junit.Test] zero00996
2016-08-04 20:05:31,597 INFO [org.junit.Test] zero00997
2016-08-04 20:05:31,597 INFO [org.junit.Test] zero00998
2016-08-04 20:05:31,597 INFO [org.junit.Test] zero00999
2016-08-04 20:05:34,597 INFO [org.junit.Test] zero000
2016-08-04 20:05:34,597 INFO [org.junit.Test] zero001
2016-08-04 20:05:34,597 INFO [org.junit.Test] zero002
2016-08-04 20:05:34,597 INFO [org.junit.Test] zero003
2016-08-04 20:05:34,597 INFO [org.junit.Test] zero004
2016-08-04 20:05:34,597 INFO [org.junit.Test] zero005
2016-08-04 20:05:34,597 INFO [org.junit.Test] zero006
2016-08-04 20:05:34,597 INFO [org.junit.Test] zero007
2016-08-04 20:05:34,597 INFO [org.junit.Test] zero008
2016-08-04 20:05:34,597 INFO [org.junit.Test] zero009
2016-08-04 20:05:34,597 INFO [org.junit.Test] zero0010
2016-08-04 20:05:34,597 INFO [org.junit.Test] zero0011
2016-08-04 20:05:34,597 INFO [org.junit.Test] zero0012
2016-08-04 20:05:34,597 INFO [org.junit.Test] zero0013
2016-08-04 20:05:34,597 INFO [org.junit.Test] zero0014
2016-08-04 20:05:34,597 INFO [org.junit.Test] zero0015
2016-08-04 20:05:34,597 INFO [org.junit.Test] zero0016
2016-08-04 20:05:34,597 INFO [org.junit.Test] zero0017
2016-08-04 20:05:34,597 INFO [org.junit.Test] zero0018
2016-08-04 20:05:34,597 INFO [org.junit.Test] zero0019
2016-08-04 20:05:34,597 INFO [org.junit.Test] zero0020
2016-08-04 20:05:34,597 INFO [org.junit.Test] zero0021
2016-08-04 20:05:34,597 INFO [org.junit.Test] zero0022
2016-08-04 20:05:34,597 INFO [org.junit.Test] zero0023
2016-08-04 20:05:34,597 INFO [org.junit.Test] zero0024
2016-08-04 20:05:34,597 INFO [org.junit.Test] zero0025
2016-08-04 20:05:34,597 INFO [org.junit.Test] zero0026
2016-08-04 20:05:34,597 INFO [org.junit.Test] zero0027
2016-08-04 20:05:34,597 INFO [org.junit.Test] zero0028
2016-08-04 20:05:34,597 INFO [org.junit.Test] zero0029
2016-08-04 20:05:34,597 INFO [org.junit.Test] zero0030
2016-08-04 20:05:34,597 INFO [org.junit.Test] zero0031
2016-08-04 20:05:34,597 INFO [org.junit.Test] zero0032
2016-08-04 20:05:34,597 INFO [org.junit.Test] zero0033
2016-08-04 20:05:34,597 INFO [org.junit.Test] zero0034
2016-08-04 20:05:34,597 INFO [org.junit.Test] zero0035
2016-08-04 20:05:34,597 INFO [org.junit.Test] zero0036
2016-08-04 20:05:34,597 INFO [org.junit.Test] zero0037
2016-08-04 20:05:34,597 INFO [org.junit.Test] zero0038
2016-08-04 20:05:34,597 INFO [org.junit.Test] zero0039
2016-08-04 20:05:34,597 INFO [org.junit.Test] zero0040
2016-08-04 20:05:34,597 INFO [org.junit.Test] zero0041
2016-08-04 20:05:34,597 INFO [org.junit.Test] zero0042
2016-08-04 20:05:34,597 INFO [org.junit.Test] zero0043
2016-08-04 20:05:34,597 INFO [org.junit.Test] zero0044
2016-08-04 20:05:34,597 INFO [org.junit.Test] zero0045
2016-08-04 20:05:34,597 INFO [org.junit.Test] zero0046
2016-08-04 20:05:34,597 INFO [org.junit.Test] zero0047
2016-08-04 20:05:34,597 INFO [org.junit.Test] zero0048
2016-08-04 20:05:34,597 INFO [org.junit.Test] zero0049
2016-08-04 20:05:34,597 INFO [org.junit.Test] zero0050
2016-08-04 20:05:34,597 INFO [org.junit.Test] zero0051
2016-08-04 20:05:34,597 INFO [org.junit.Test] zero0052
2016-08-04 20:05:34,597 INFO [org.junit.Test] zero0053
2016-08-04 20:05:34,597 INFO [org.junit.Test] zero0054
2016-08-04 20:05:34,597 INFO [org.junit.Test] zero0055
2016-08-04 20:05:34,597 INFO [org.junit.Test] zero0056
2016-08-04 20:05:34,597 INFO [org.junit.Test] zero0057
2016-08-04 20:05:34,597 INFO [org.junit.Test] zero0058
2016-08-04 20:05:34,597 INFO [org.junit.Test] zero0059
2016-08-04 20:05:34,597 INFO [org.junit.Test] zero0060
2016-08-04 20:05:34,597 INFO [org.junit.Test] zero0061
2016-08-04 20:05:34,597 INFO [org.junit.Test] zero0062
2016-08-04 20:05:34,597 INFO [org.junit.Test] zero0063
2016-08-04 20:05:34,597 INFO [org.junit.Test] zero0064
2016-08-04 20:05:34,597 INFO [org.junit.Test] zero0065
2016-08-04 20:05:34,597 INFO [org.junit.Test] zero0066
2016-08-04 20:05:34,597 INFO [org.junit.Test] zero0067
2016-08-04 20:05:34,597 INFO [org.junit.Test] zero0068
2016-08-04 20:05:34,597 INFO [org.junit.Test] zero0069
2016-08-04 20:05:34,597 INFO [org.junit.Test] zero0070
2016-08-04 20:05:34,597 INFO [org.junit.Test] zero0071
2016-08-04 20:05:34,597 INFO [org.junit.Test] zero0072
2016-08-04 20:05:34,597 INFO [org.junit.Test] zero0073
2016-08-04 20:05:34,597 INFO [org.junit.Test] zero0074
2016-08-04 20:05:34,597 INFO [org.junit.Test] zero0075
2016-08-04 20:05:34,597 INFO [org.junit.Test] zero0076
2016-08-04 20:05:34,597 INFO [org.junit.Test] zero0077
2016-08-04 20:05:34,597 INFO [org.junit.Test] zero0078
2016-08-04 20:05:34,597 INFO [org.junit.Test] zero0079
2016-08-04 20:05:34,597 INFO [org.junit.Test] zero0080
2016-08-04 20:05:34,597 INFO [org.junit.Test] zero0081
2016-08-04 20:05:34,597 INFO [org.junit.Test] zero0082
2016-08-04 20:05:34,597 INFO [org.junit.Test] zero0083
2016-08-04 20:05:34,597 INFO [org.junit.Test] zero0084
2016-08-04 20:05:34,597 INFO [org.junit.Test] zero0085
2016-08-04 20:05:34,597 INFO [org.junit.Test] zero0086
2016-08-04 20:05:34,597 INFO [org.junit.Test] zero0087
2016-08-04 20:05:34,597 INFO [org.junit.Test] zero0088
2016-08-04 20:05:34,597 INFO [org.junit.Test] zero0089
2016-08-04 20:05:34,597 INFO [org.junit.Test] zero0090
2016-08-04 20:05:34,597 INFO [org.junit.Test] zero0091
2016-08-04 20:05:34,597 INFO [org.junit.Test] zero0092
2016-08-04 20:05:34,597 INFO [org.junit.Test] zero0093
2016-08-04 20:05:34,597 INFO [org.junit.Test] zero0094
2016-08-04 20:05:34,597 INFO [org.junit.Test] zero0095
2016-08-04 20:05:34,597 INFO [org.junit.Test] zero0096
2016-08-04 20:05:34,597 INFO [org.junit.Test] zero0097
2016-08-04 20:05:34,597 INFO [org.junit.Test] zero0098
2016-08-04 20:05:34,597 INFO [org.junit.Test] zero0099
2016-08-04 20:05:34,597 INFO [org.junit.Test] zero00100
2016-08-04 20:05:34,597 INFO [org.junit.Test] zero00101
2016-08-04 20:05:34,597 INFO [org.junit.Test] zero00102
2016-08-04 20:05:34,597 INFO [org.junit.Test] zero00103
2016-08-04 20:05:34,597 INFO [org.junit.Test] zero00104
2016-08-04 20:05:34,597 INFO [org.junit.Test] zero00105
2016-08-04 20:05:34,597 INFO [org.junit.Test] zero00106
2016-08-04 20:05:34,597 INFO [org.junit.Test] zero00107
2016-08-04 20:05:34,597 INFO [org.junit.Test] zero00108
2016-08-04 20:05:34,597 INFO [org.junit.Test] zero00109
2016-08-04 20:05:34,597 INFO [org.junit.Test] zero00110
2016-08-04 20:05:34,597 INFO [org.junit.Test] zero00111
2016-08-04 20:05:34,597 INFO [org.junit.Test] zero00112
2016-08-04 20:05:34,597 INFO [org.junit.Test] zero00113
2016-08-04 20:05:34,597 INFO [org.junit.Test] zero00114
2016-08-04 20:05:34,597 INFO [org.junit.Test] zero00115
2016-08-04 20:05:34,597 INFO [org.junit.Test] zero00116
2016-08-04 20:05:34,597 INFO [org.junit.Test] zero00117
2016-08-04 20:05:34,597 INFO [org.junit.Test] zero00118
2016-08-04 20:05:34,597 INFO [org.junit.Test] zero00119
2016-08-04 20:05:34,597 INFO [org.junit.Test] zero00120
2016-08-04 20:05:34,597 INFO [org.junit.Test] zero00121
2016-08-04 20:05:34,597 INFO [org.junit.Test] zero00122
2016-08-04 20:05:34,597 INFO [org.junit.Test] zero00123
2016-08-04 20:05:34,597 INFO [org.junit.Test] zero00124
2016-08-04 20:05:34,597 INFO [org.junit.Test] zero00125
2016-08-04 20:05:34,597 INFO [org.junit.Test] zero00126
2016-08-04 20:05:34,597 INFO [org.junit.Test] zero00127
2016-08-04 20:05:34,597 INFO [org.junit.Test] zero00128
2016-08-04 20:05:34,597 INFO [org.junit.Test] zero00129
2016-08-04 20:05:34,597 INFO [org.junit.Test] zero00130
2016-08-04 20:05:34,597 INFO [org.junit.Test] zero00131
2016-08-04 20:05:34,597 INFO [org.junit.Test] zero00132
2016-08-04 20:05:34,597 INFO [org.junit.Test] zero00133
2016-08-04 20:05:34,597 INFO [org.junit.Test] zero00134
2016-08-04 20:05:34,597 INFO [org.junit.Test] zero00135
2016-08-04 20:05:34,597 INFO [org.junit.Test] zero00136
2016-08-04 20:05:34,597 INFO [org.junit.Test] zero00137
2016-08-04 20:05:34,597 INFO [org.junit.Test] zero00138
2016-08-04 20:05:34,597 INFO [org.junit.Test] zero00139
2016-08-04 20:05:34,597 INFO [org.junit.Test] zero00140
2016-08-04 20:05:34,597 INFO [org.junit.Test] zero00141
2016-08-04 20:05:34,597 INFO [org.junit.Test] zero00142
2016-08-04 20:05:34,597 INFO [org.junit.Test] zero00143
2016-08-04 20:05:34,597 INFO [org.junit.Test] zero00144
2016-08-04 20:05:34,597 INFO [org.junit.Test] zero00145
2016-08-04 20:05:34,597 INFO [org.junit.Test] zero00146
2016-08-04 20:05:34,597 INFO [org.junit.Test] zero00147
2016-08-04 20:05:34,597 INFO [org.junit.Test] zero00148
2016-08-04 20:05:34,597 INFO [org.junit.Test] zero00149
2016-08-04 20:05:34,597 INFO [org.junit.Test] zero00150
2016-08-04 20:05:34,597 INFO [org.junit.Test] zero00151
2016-08-04 20:05:34,597 INFO [org.junit.Test] zero00152
2016-08-04 20:05:34,597 INFO [org.junit.Test] zero00153
2016-08-04 20:05:34,597 INFO [org.junit.Test] zero00154
2016-08-04 20:05:34,597 INFO [org.junit.Test] zero00155
2016-08-04 20:05:34,597 INFO [org.junit.Test] zero00156
2016-08-04 20:05:34,597 INFO [org.junit.Test] zero00157
2016-08-04 20:05:34,597 INFO [org.junit.Test] zero00158
2016-08-04 20:05:34,597 INFO [org.junit.Test] zero00159
2016-08-04 20:05:34,597 INFO [org.junit.Test] zero00160
2016-08-04 20:05:34,597 INFO [org.junit.Test] zero00161
2016-08-04 20:05:34,597 INFO [org.junit.Test] zero00162
2016-08-04 20:05:34,597 INFO [org.junit.Test] zero00163
2016-08-04 20:05:34,597 INFO [org.junit.Test] zero00164
2016-08-04 20:05:34,597 INFO [org.junit.Test] zero00165
2016-08-04 20:05:34,597 INFO [org.junit.Test] zero00166
2016-08-04 20:05:34,597 INFO [org.junit.Test] zero00167
2016-08-04 20:05:34,597 INFO [org.junit.Test] zero00168
2016-08-04 20:05:34,597 INFO [org.junit.Test] zero00169
2016-08-04 20:05:34,597 INFO [org.junit.Test] zero00170
2016-08-04 20:05:34,597 INFO [org.junit.Test] zero00171
2016-08-04 20:05:34,597 INFO [org.junit.Test] zero00172
2016-08-04 20:05:34,597 INFO [org.junit.Test] zero00173
2016-08-04 20:05:34,597 INFO [org.junit.Test] zero00174
2016-08-04 20:05:34,597 INFO [org.junit.Test] zero00175
2016-08-04 20:05:34,597 INFO [org.junit.Test] zero00176
2016-08-04 20:05:34,597 INFO [org.junit.Test] zero00177
2016-08-04 20:05:34,597 INFO [org.junit.Test] zero00178
2016-08-04 20:05:34,597 INFO [org.junit.Test] zero00179
2016-08-04 20:05:34,597 INFO [org.junit.Test] zero00180
2016-08-04 20:05:34,597 INFO [org.junit.Test] zero00181
2016-08-04 20:05:34,597 INFO [org.junit.Test] zero00182
2016-08-04 20:05:34,597 INFO [org.junit.Test] zero00183
2016-08-04 20:05:34,597 INFO [org.junit.Test] zero00184
2016-08-04 20:05:34,597 INFO [org.junit.Test] zero00185
2016-08-04 20:05:34,597 INFO [org.junit.Test] zero00186
2016-08-04 20:05:34,597 INFO [org.junit.Test] zero00187
2016-08-04 20:05:34,597 INFO [org.junit.Test] zero00188
2016-08-04 20:05:34,597 INFO [org.junit.Test] zero00189
2016-08-04 20:05:34,597 INFO [org.junit.Test] zero00190
2016-08-04 20:05:34,597 INFO [org.junit.Test] zero00191
2016-08-04 20:05:34,597 INFO [org.junit.Test] zero00192
2016-08-04 20:05:34,597 INFO [org.junit.Test] zero00193
2016-08-04 20:05:34,597 INFO [org.junit.Test] zero00194
2016-08-04 20:05:34,597 INFO [org.junit.Test] zero00195
2016-08-04 20:05:34,597 INFO [org.junit.Test] zero00196
2016-08-04 20:05:34,597 INFO [org.junit.Test] zero00197
2016-08-04 20:05:34,597 INFO [org.junit.Test] zero00198
2016-08-04 20:05:34,597 INFO [org.junit.Test] zero00199
2016-08-04 20:05:34,597 INFO [org.junit.Test] zero00200
2016-08-04 20:05:34,597 INFO [org.junit.Test] zero00201
2016-08-04 20:05:34,597 INFO [org.junit.Test] zero00202
2016-08-04 20:05:34,597 INFO [org.junit.Test] zero00203
2016-08-04 20:05:34,597 INFO [org.junit.Test] zero00204
2016-08-04 20:05:34,597 INFO [org.junit.Test] zero00205
2016-08-04 20:05:34,597 INFO [org.junit.Test] zero00206
2016-08-04 20:05:34,597 INFO [org.junit.Test] zero00207
2016-08-04 20:05:34,597 INFO [org.junit.Test] zero00208
2016-08-04 20:05:34,597 INFO [org.junit.Test] zero00209
2016-08-04 20:05:34,597 INFO [org.junit.Test] zero00210
2016-08-04 20:05:34,597 INFO [org.junit.Test] zero00211
2016-08-04 20:05:34,597 INFO [org.junit.Test] zero00212
2016-08-04 20:05:34,597 INFO [org.junit.Test] zero00213
2016-08-04 20:05:34,597 INFO [org.junit.Test] zero00214
2016-08-04 20:05:34,597 INFO [org.junit.Test] zero00215
2016-08-04 20:05:34,597 INFO [org.junit.Test] zero00216
2016-08-04 20:05:34,597 INFO [org.junit.Test] zero00217
2016-08-04 20:05:34,597 INFO [org.junit.Test] zero00218
2016-08-04 20:05:34,597 INFO [org.junit.Test] zero00219
2016-08-04 20:05:34,597 INFO [org.junit.Test] zero00220
2016-08-04 20:05:34,597 INFO [org.junit.Test] zero00221
2016-08-04 20:05:34,597 INFO [org.junit.Test] zero00222
2016-08-04 20:05:34,597 INFO [org.junit.Test] zero00223
2016-08-04 20:05:34,597 INFO [org.junit.Test] zero00224
2016-08-04 20:05:34,597 INFO [org.junit.Test] zero00225
2016-08-04 20:05:34,597 INFO [org.junit.Test] zero00226
2016-08-04 20:05:34,597 INFO [org.junit.Test] zero00227
2016-08-04 20:05:34,597 INFO [org.junit.Test] zero00228
2016-08-04 20:05:34,597 INFO [org.junit.Test] zero00229
2016-08-04 20:05:34,597 INFO [org.junit.Test] zero00230
2016-08-04 20:05:34,597 INFO [org.junit.Test] zero00231
2016-08-04 20:05:34,597 INFO [org.junit.Test] zero00232
2016-08-04 20:05:34,597 INFO [org.junit.Test] zero00233
2016-08-04 20:05:34,597 INFO [org.junit.Test] zero00234
2016-08-04 20:05:34,597 INFO [org.junit.Test] zero00235
2016-08-04 20:05:34,597 INFO [org.junit.Test] zero00236
2016-08-04 20:05:34,597 INFO [org.junit.Test] zero00237
2016-08-04 20:05:34,597 INFO [org.junit.Test] zero00238
2016-08-04 20:05:34,597 INFO [org.junit.Test] zero00239
2016-08-04 20:05:34,597 INFO [org.junit.Test] zero00240
2016-08-04 20:05:34,597 INFO [org.junit.Test] zero00241
2016-08-04 20:05:34,597 INFO [org.junit.Test] zero00242
2016-08-04 20:05:34,597 INFO [org.junit.Test] zero00243
2016-08-04 20:05:34,597 INFO [org.junit.Test] zero00244
2016-08-04 20:05:34,597 INFO [org.junit.Test] zero00245
2016-08-04 20:05:34,597 INFO [org.junit.Test] zero00246
2016-08-04 20:05:34,597 INFO [org.junit.Test] zero00247
2016-08-04 20:05:34,597 INFO [org.junit.Test] zero00248
2016-08-04 20:05:34,597 INFO [org.junit.Test] zero00249
2016-08-04 20:05:34,597 INFO [org.junit.Test] zero00250
2016-08-04 20:05:34,597 INFO [org.junit.Test] zero00251
2016-08-04 20:05:34,597 INFO [org.junit.Test] zero00252
2016-08-04 20:05:34,597 INFO [org.junit.Test] zero00253
2016-08-04 20:05:34,597 INFO [org.junit.Test] zero00254
2016-08-04 20:05:34,597 INFO [org.junit.Test] zero00255
2016-08-04 20:05:34,597 INFO [org.junit.Test] zero00256
2016-08-04 20:05:34,597 INFO [org.junit.Test] zero00257
2016-08-04 20:05:34,597 INFO [org.junit.Test] zero00258
2016-08-04 20:05:34,597 INFO [org.junit.Test] zero00259
2016-08-04 20:05:34,597 INFO [org.junit.Test] zero00260
2016-08-04 20:05:34,597 INFO [org.junit.Test] zero00261
2016-08-04 20:05:34,597 INFO [org.junit.Test] zero00262
2016-08-04 20:05:34,597 INFO [org.junit.Test] zero00263
2016-08-04 20:05:34,597 INFO [org.junit.Test] zero00264
2016-08-04 20:05:34,597 INFO [org.junit.Test] zero00265
2016-08-04 20:05:34,597 INFO [org.junit.Test] zero00266
2016-08-04 20:05:34,597 INFO [org.junit.Test] zero00267
2016-08-04 20:05:34,597 INFO [org.junit.Test] zero00268
2016-08-04 20:05:34,597 INFO [org.junit.Test] zero00269
2016-08-04 20:05:34,597 INFO [org.junit.Test] zero00270
2016-08-04 20:05:34,598 INFO [org.junit.Test] zero00271
2016-08-04 20:05:34,598 INFO [org.junit.Test] zero00272
2016-08-04 20:05:34,598 INFO [org.junit.Test] zero00273
2016-08-04 20:05:34,598 INFO [org.junit.Test] zero00274
2016-08-04 20:05:34,598 INFO [org.junit.Test] zero00275
2016-08-04 20:05:34,598 INFO [org.junit.Test] zero00276
2016-08-04 20:05:34,598 INFO [org.junit.Test] zero00277
2016-08-04 20:05:34,598 INFO [org.junit.Test] zero00278
2016-08-04 20:05:34,598 INFO [org.junit.Test] zero00279
2016-08-04 20:05:34,598 INFO [org.junit.Test] zero00280
2016-08-04 20:05:34,598 INFO [org.junit.Test] zero00281
2016-08-04 20:05:34,598 INFO [org.junit.Test] zero00282
2016-08-04 20:05:34,598 INFO [org.junit.Test] zero00283
2016-08-04 20:05:34,598 INFO [org.junit.Test] zero00284
2016-08-04 20:05:34,598 INFO [org.junit.Test] zero00285
2016-08-04 20:05:34,598 INFO [org.junit.Test] zero00286
2016-08-04 20:05:34,598 INFO [org.junit.Test] zero00287
2016-08-04 20:05:34,598 INFO [org.junit.Test] zero00288
2016-08-04 20:05:34,598 INFO [org.junit.Test] zero00289
2016-08-04 20:05:34,598 INFO [org.junit.Test] zero00290
2016-08-04 20:05:34,598 INFO [org.junit.Test] zero00291
2016-08-04 20:05:34,598 INFO [org.junit.Test] zero00292
2016-08-04 20:05:34,598 INFO [org.junit.Test] zero00293
2016-08-04 20:05:34,598 INFO [org.junit.Test] zero00294
2016-08-04 20:05:34,598 INFO [org.junit.Test] zero00295
2016-08-04 20:05:34,598 INFO [org.junit.Test] zero00296
2016-08-04 20:05:34,598 INFO [org.junit.Test] zero00297
2016-08-04 20:05:34,598 INFO [org.junit.Test] zero00298
2016-08-04 20:05:34,598 INFO [org.junit.Test] zero00299
2016-08-04 20:05:34,598 INFO [org.junit.Test] zero00300
2016-08-04 20:05:34,598 INFO [org.junit.Test] zero00301
2016-08-04 20:05:34,598 INFO [org.junit.Test] zero00302
2016-08-04 20:05:34,598 INFO [org.junit.Test] zero00303
2016-08-04 20:05:34,598 INFO [org.junit.Test] zero00304
2016-08-04 20:05:34,598 INFO [org.junit.Test] zero00305
2016-08-04 20:05:34,598 INFO [org.junit.Test] zero00306
2016-08-04 20:05:34,598 INFO [org.junit.Test] zero00307
2016-08-04 20:05:34,598 INFO [org.junit.Test] zero00308
2016-08-04 20:05:34,598 INFO [org.junit.Test] zero00309
2016-08-04 20:05:34,598 INFO [org.junit.Test] zero00310
2016-08-04 20:05:34,598 INFO [org.junit.Test] zero00311
2016-08-04 20:05:34,598 INFO [org.junit.Test] zero00312
2016-08-04 20:05:34,598 INFO [org.junit.Test] zero00313
2016-08-04 20:05:34,598 INFO [org.junit.Test] zero00314
2016-08-04 20:05:34,598 INFO [org.junit.Test] zero00315
2016-08-04 20:05:34,598 INFO [org.junit.Test] zero00316
2016-08-04 20:05:34,598 INFO [org.junit.Test] zero00317
2016-08-04 20:05:34,598 INFO [org.junit.Test] zero00318
2016-08-04 20:05:34,598 INFO [org.junit.Test] zero00319
2016-08-04 20:05:34,598 INFO [org.junit.Test] zero00320
2016-08-04 20:05:34,598 INFO [org.junit.Test] zero00321
2016-08-04 20:05:34,598 INFO [org.junit.Test] zero00322
2016-08-04 20:05:34,598 INFO [org.junit.Test] zero00323
2016-08-04 20:05:34,598 INFO [org.junit.Test] zero00324
2016-08-04 20:05:34,598 INFO [org.junit.Test] zero00325
2016-08-04 20:05:34,598 INFO [org.junit.Test] zero00326
2016-08-04 20:05:34,598 INFO [org.junit.Test] zero00327
2016-08-04 20:05:34,598 INFO [org.junit.Test] zero00328
2016-08-04 20:05:34,598 INFO [org.junit.Test] zero00329
2016-08-04 20:05:34,598 INFO [org.junit.Test] zero00330
2016-08-04 20:05:34,598 INFO [org.junit.Test] zero00331
2016-08-04 20:05:34,598 INFO [org.junit.Test] zero00332
2016-08-04 20:05:34,598 INFO [org.junit.Test] zero00333
2016-08-04 20:05:34,598 INFO [org.junit.Test] zero00334
2016-08-04 20:05:34,598 INFO [org.junit.Test] zero00335
2016-08-04 20:05:34,598 INFO [org.junit.Test] zero00336
2016-08-04 20:05:34,598 INFO [org.junit.Test] zero00337
2016-08-04 20:05:34,598 INFO [org.junit.Test] zero00338
2016-08-04 20:05:34,598 INFO [org.junit.Test] zero00339
2016-08-04 20:05:34,598 INFO [org.junit.Test] zero00340
2016-08-04 20:05:34,598 INFO [org.junit.Test] zero00341
2016-08-04 20:05:34,598 INFO [org.junit.Test] zero00342
2016-08-04 20:05:34,598 INFO [org.junit.Test] zero00343
2016-08-04 20:05:34,598 INFO [org.junit.Test] zero00344
2016-08-04 20:05:34,598 INFO [org.junit.Test] zero00345
2016-08-04 20:05:34,598 INFO [org.junit.Test] zero00346
2016-08-04 20:05:34,598 INFO [org.junit.Test] zero00347
2016-08-04 20:05:34,598 INFO [org.junit.Test] zero00348
2016-08-04 20:05:34,598 INFO [org.junit.Test] zero00349
2016-08-04 20:05:34,598 INFO [org.junit.Test] zero00350
2016-08-04 20:05:34,598 INFO [org.junit.Test] zero00351
2016-08-04 20:05:34,598 INFO [org.junit.Test] zero00352
2016-08-04 20:05:34,598 INFO [org.junit.Test] zero00353
2016-08-04 20:05:34,598 INFO [org.junit.Test] zero00354
2016-08-04 20:05:34,598 INFO [org.junit.Test] zero00355
2016-08-04 20:05:34,598 INFO [org.junit.Test] zero00356
2016-08-04 20:05:34,598 INFO [org.junit.Test] zero00357
2016-08-04 20:05:34,598 INFO [org.junit.Test] zero00358
2016-08-04 20:05:34,598 INFO [org.junit.Test] zero00359
2016-08-04 20:05:34,598 INFO [org.junit.Test] zero00360
2016-08-04 20:05:34,598 INFO [org.junit.Test] zero00361
2016-08-04 20:05:34,598 INFO [org.junit.Test] zero00362
2016-08-04 20:05:34,598 INFO [org.junit.Test] zero00363
2016-08-04 20:05:34,598 INFO [org.junit.Test] zero00364
2016-08-04 20:05:34,598 INFO [org.junit.Test] zero00365
2016-08-04 20:05:34,598 INFO [org.junit.Test] zero00366
2016-08-04 20:05:34,598 INFO [org.junit.Test] zero00367
2016-08-04 20:05:34,598 INFO [org.junit.Test] zero00368
2016-08-04 20:05:34,598 INFO [org.junit.Test] zero00369
2016-08-04 20:05:34,598 INFO [org.junit.Test] zero00370
2016-08-04 20:05:34,598 INFO [org.junit.Test] zero00371
2016-08-04 20:05:34,598 INFO [org.junit.Test] zero00372
2016-08-04 20:05:34,598 INFO [org.junit.Test] zero00373
2016-08-04 20:05:34,598 INFO [org.junit.Test] zero00374
2016-08-04 20:05:34,598 INFO [org.junit.Test] zero00375
2016-08-04 20:05:34,598 INFO [org.junit.Test] zero00376
2016-08-04 20:05:34,598 INFO [org.junit.Test] zero00377
2016-08-04 20:05:34,598 INFO [org.junit.Test] zero00378
2016-08-04 20:05:34,598 INFO [org.junit.Test] zero00379
2016-08-04 20:05:34,598 INFO [org.junit.Test] zero00380
2016-08-04 20:05:34,598 INFO [org.junit.Test] zero00381
2016-08-04 20:05:34,598 INFO [org.junit.Test] zero00382
2016-08-04 20:05:34,598 INFO [org.junit.Test] zero00383
2016-08-04 20:05:34,598 INFO [org.junit.Test] zero00384
2016-08-04 20:05:34,598 INFO [org.junit.Test] zero00385
2016-08-04 20:05:34,598 INFO [org.junit.Test] zero00386
2016-08-04 20:05:34,598 INFO [org.junit.Test] zero00387
2016-08-04 20:05:34,598 INFO [org.junit.Test] zero00388
2016-08-04 20:05:34,598 INFO [org.junit.Test] zero00389
2016-08-04 20:05:34,598 INFO [org.junit.Test] zero00390
2016-08-04 20:05:34,598 INFO [org.junit.Test] zero00391
2016-08-04 20:05:34,598 INFO [org.junit.Test] zero00392
2016-08-04 20:05:34,598 INFO [org.junit.Test] zero00393
2016-08-04 20:05:34,598 INFO [org.junit.Test] zero00394
2016-08-04 20:05:34,598 INFO [org.junit.Test] zero00395
2016-08-04 20:05:34,598 INFO [org.junit.Test] zero00396
2016-08-04 20:05:34,598 INFO [org.junit.Test] zero00397
2016-08-04 20:05:34,598 INFO [org.junit.Test] zero00398
2016-08-04 20:05:34,598 INFO [org.junit.Test] zero00399
2016-08-04 20:05:34,598 INFO [org.junit.Test] zero00400
2016-08-04 20:05:34,598 INFO [org.junit.Test] zero00401
2016-08-04 20:05:34,598 INFO [org.junit.Test] zero00402
2016-08-04 20:05:34,598 INFO [org.junit.Test] zero00403
2016-08-04 20:05:34,598 INFO [org.junit.Test] zero00404
2016-08-04 20:05:34,598 INFO [org.junit.Test] zero00405
2016-08-04 20:05:34,598 INFO [org.junit.Test] zero00406
2016-08-04 20:05:34,598 INFO [org.junit.Test] zero00407
2016-08-04 20:05:34,598 INFO [org.junit.Test] zero00408
2016-08-04 20:05:34,598 INFO [org.junit.Test] zero00409
2016-08-04 20:05:34,598 INFO [org.junit.Test] zero00410
2016-08-04 20:05:34,598 INFO [org.junit.Test] zero00411
2016-08-04 20:05:34,598 INFO [org.junit.Test] zero00412
2016-08-04 20:05:34,598 INFO [org.junit.Test] zero00413
2016-08-04 20:05:34,598 INFO [org.junit.Test] zero00414
2016-08-04 20:05:34,598 INFO [org.junit.Test] zero00415
2016-08-04 20:05:34,598 INFO [org.junit.Test] zero00416
2016-08-04 20:05:34,598 INFO [org.junit.Test] zero00417
2016-08-04 20:05:34,598 INFO [org.junit.Test] zero00418
2016-08-04 20:05:34,598 INFO [org.junit.Test] zero00419
2016-08-04 20:05:34,598 INFO [org.junit.Test] zero00420
2016-08-04 20:05:34,598 INFO [org.junit.Test] zero00421
2016-08-04 20:05:34,598 INFO [org.junit.Test] zero00422
2016-08-04 20:05:34,598 INFO [org.junit.Test] zero00423
2016-08-04 20:05:34,598 INFO [org.junit.Test] zero00424
2016-08-04 20:05:34,598 INFO [org.junit.Test] zero00425
2016-08-04 20:05:34,598 INFO [org.junit.Test] zero00426
2016-08-04 20:05:34,598 INFO [org.junit.Test] zero00427
2016-08-04 20:05:34,598 INFO [org.junit.Test] zero00428
2016-08-04 20:05:34,598 INFO [org.junit.Test] zero00429
2016-08-04 20:05:34,598 INFO [org.junit.Test] zero00430
2016-08-04 20:05:34,598 INFO [org.junit.Test] zero00431
2016-08-04 20:05:34,598 INFO [org.junit.Test] zero00432
2016-08-04 20:05:34,598 INFO [org.junit.Test] zero00433
2016-08-04 20:05:34,598 INFO [org.junit.Test] zero00434
2016-08-04 20:05:34,598 INFO [org.junit.Test] zero00435
2016-08-04 20:05:34,598 INFO [org.junit.Test] zero00436
2016-08-04 20:05:34,598 INFO [org.junit.Test] zero00437
2016-08-04 20:05:34,598 INFO [org.junit.Test] zero00438
2016-08-04 20:05:34,598 INFO [org.junit.Test] zero00439
2016-08-04 20:05:34,598 INFO [org.junit.Test] zero00440
2016-08-04 20:05:34,598 INFO [org.junit.Test] zero00441
2016-08-04 20:05:34,598 INFO [org.junit.Test] zero00442
2016-08-04 20:05:34,598 INFO [org.junit.Test] zero00443
2016-08-04 20:05:34,598 INFO [org.junit.Test] zero00444
2016-08-04 20:05:34,598 INFO [org.junit.Test] zero00445
2016-08-04 20:05:34,598 INFO [org.junit.Test] zero00446
2016-08-04 20:05:34,598 INFO [org.junit.Test] zero00447
2016-08-04 20:05:34,598 INFO [org.junit.Test] zero00448
2016-08-04 20:05:34,598 INFO [org.junit.Test] zero00449
2016-08-04 20:05:34,598 INFO [org.junit.Test] zero00450
2016-08-04 20:05:34,598 INFO [org.junit.Test] zero00451
2016-08-04 20:05:34,598 INFO [org.junit.Test] zero00452
2016-08-04 20:05:34,598 INFO [org.junit.Test] zero00453
2016-08-04 20:05:34,598 INFO [org.junit.Test] zero00454
2016-08-04 20:05:34,598 INFO [org.junit.Test] zero00455
2016-08-04 20:05:34,598 INFO [org.junit.Test] zero00456
2016-08-04 20:05:34,598 INFO [org.junit.Test] zero00457
2016-08-04 20:05:34,598 INFO [org.junit.Test] zero00458
2016-08-04 20:05:34,598 INFO [org.junit.Test] zero00459
2016-08-04 20:05:34,598 INFO [org.junit.Test] zero00460
2016-08-04 20:05:34,598 INFO [org.junit.Test] zero00461
2016-08-04 20:05:34,598 INFO [org.junit.Test] zero00462
2016-08-04 20:05:34,598 INFO [org.junit.Test] zero00463
2016-08-04 20:05:34,598 INFO [org.junit.Test] zero00464
2016-08-04 20:05:34,598 INFO [org.junit.Test] zero00465
2016-08-04 20:05:34,598 INFO [org.junit.Test] zero00466
2016-08-04 20:05:34,598 INFO [org.junit.Test] zero00467
2016-08-04 20:05:34,598 INFO [org.junit.Test] zero00468
2016-08-04 20:05:34,598 INFO [org.junit.Test] zero00469
2016-08-04 20:05:34,598 INFO [org.junit.Test] zero00470
2016-08-04 20:05:34,598 INFO [org.junit.Test] zero00471
2016-08-04 20:05:34,598 INFO [org.junit.Test] zero00472
2016-08-04 20:05:34,598 INFO [org.junit.Test] zero00473
2016-08-04 20:05:34,598 INFO [org.junit.Test] zero00474
2016-08-04 20:05:34,598 INFO [org.junit.Test] zero00475
2016-08-04 20:05:34,598 INFO [org.junit.Test] zero00476
2016-08-04 20:05:34,598 INFO [org.junit.Test] zero00477
2016-08-04 20:05:34,598 INFO [org.junit.Test] zero00478
2016-08-04 20:05:34,598 INFO [org.junit.Test] zero00479
2016-08-04 20:05:34,598 INFO [org.junit.Test] zero00480
2016-08-04 20:05:34,598 INFO [org.junit.Test] zero00481
2016-08-04 20:05:34,598 INFO [org.junit.Test] zero00482
2016-08-04 20:05:34,598 INFO [org.junit.Test] zero00483
2016-08-04 20:05:34,598 INFO [org.junit.Test] zero00484
2016-08-04 20:05:34,598 INFO [org.junit.Test] zero00485
2016-08-04 20:05:34,598 INFO [org.junit.Test] zero00486
2016-08-04 20:05:34,598 INFO [org.junit.Test] zero00487
2016-08-04 20:05:34,598 INFO [org.junit.Test] zero00488
2016-08-04 20:05:34,598 INFO [org.junit.Test] zero00489
2016-08-04 20:05:34,598 INFO [org.junit.Test] zero00490
2016-08-04 20:05:34,598 INFO [org.junit.Test] zero00491
2016-08-04 20:05:34,598 INFO [org.junit.Test] zero00492
2016-08-04 20:05:34,598 INFO [org.junit.Test] zero00493
2016-08-04 20:05:34,598 INFO [org.junit.Test] zero00494
2016-08-04 20:05:34,598 INFO [org.junit.Test] zero00495
2016-08-04 20:05:34,598 INFO [org.junit.Test] zero00496
2016-08-04 20:05:34,598 INFO [org.junit.Test] zero00497
2016-08-04 20:05:34,598 INFO [org.junit.Test] zero00498
2016-08-04 20:05:34,598 INFO [org.junit.Test] zero00499
2016-08-04 20:05:34,598 INFO [org.junit.Test] zero00500
2016-08-04 20:05:34,598 INFO [org.junit.Test] zero00501
2016-08-04 20:05:34,598 INFO [org.junit.Test] zero00502
2016-08-04 20:05:34,598 INFO [org.junit.Test] zero00503
2016-08-04 20:05:34,598 INFO [org.junit.Test] zero00504
2016-08-04 20:05:34,598 INFO [org.junit.Test] zero00505
2016-08-04 20:05:34,598 INFO [org.junit.Test] zero00506
2016-08-04 20:05:34,598 INFO [org.junit.Test] zero00507
2016-08-04 20:05:34,598 INFO [org.junit.Test] zero00508
2016-08-04 20:05:34,598 INFO [org.junit.Test] zero00509
2016-08-04 20:05:34,598 INFO [org.junit.Test] zero00510
2016-08-04 20:05:34,598 INFO [org.junit.Test] zero00511
2016-08-04 20:05:34,598 INFO [org.junit.Test] zero00512
2016-08-04 20:05:34,598 INFO [org.junit.Test] zero00513
2016-08-04 20:05:34,598 INFO [org.junit.Test] zero00514
2016-08-04 20:05:34,598 INFO [org.junit.Test] zero00515
2016-08-04 20:05:34,598 INFO [org.junit.Test] zero00516
2016-08-04 20:05:34,598 INFO [org.junit.Test] zero00517
2016-08-04 20:05:34,598 INFO [org.junit.Test] zero00518
2016-08-04 20:05:34,598 INFO [org.junit.Test] zero00519
2016-08-04 20:05:34,598 INFO [org.junit.Test] zero00520
2016-08-04 20:05:34,598 INFO [org.junit.Test] zero00521
2016-08-04 20:05:34,598 INFO [org.junit.Test] zero00522
2016-08-04 20:05:34,598 INFO [org.junit.Test] zero00523
2016-08-04 20:05:34,598 INFO [org.junit.Test] zero00524
2016-08-04 20:05:34,598 INFO [org.junit.Test] zero00525
2016-08-04 20:05:34,598 INFO [org.junit.Test] zero00526
2016-08-04 20:05:34,598 INFO [org.junit.Test] zero00527
2016-08-04 20:05:34,598 INFO [org.junit.Test] zero00528
2016-08-04 20:05:34,598 INFO [org.junit.Test] zero00529
2016-08-04 20:05:34,598 INFO [org.junit.Test] zero00530
2016-08-04 20:05:34,598 INFO [org.junit.Test] zero00531
2016-08-04 20:05:34,598 INFO [org.junit.Test] zero00532
2016-08-04 20:05:34,598 INFO [org.junit.Test] zero00533
2016-08-04 20:05:34,598 INFO [org.junit.Test] zero00534
2016-08-04 20:05:34,598 INFO [org.junit.Test] zero00535
2016-08-04 20:05:34,598 INFO [org.junit.Test] zero00536
2016-08-04 20:05:34,598 INFO [org.junit.Test] zero00537
2016-08-04 20:05:34,598 INFO [org.junit.Test] zero00538
2016-08-04 20:05:34,598 INFO [org.junit.Test] zero00539
2016-08-04 20:05:34,598 INFO [org.junit.Test] zero00540
2016-08-04 20:05:34,598 INFO [org.junit.Test] zero00541
2016-08-04 20:05:34,598 INFO [org.junit.Test] zero00542
2016-08-04 20:05:34,598 INFO [org.junit.Test] zero00543
2016-08-04 20:05:34,598 INFO [org.junit.Test] zero00544
2016-08-04 20:05:34,598 INFO [org.junit.Test] zero00545
2016-08-04 20:05:34,598 INFO [org.junit.Test] zero00546
2016-08-04 20:05:34,598 INFO [org.junit.Test] zero00547
2016-08-04 20:05:34,598 INFO [org.junit.Test] zero00548
2016-08-04 20:05:34,598 INFO [org.junit.Test] zero00549
2016-08-04 20:05:34,598 INFO [org.junit.Test] zero00550
2016-08-04 20:05:34,598 INFO [org.junit.Test] zero00551
2016-08-04 20:05:34,598 INFO [org.junit.Test] zero00552
2016-08-04 20:05:34,598 INFO [org.junit.Test] zero00553
2016-08-04 20:05:34,598 INFO [org.junit.Test] zero00554
2016-08-04 20:05:34,598 INFO [org.junit.Test] zero00555
2016-08-04 20:05:34,598 INFO [org.junit.Test] zero00556
2016-08-04 20:05:34,598 INFO [org.junit.Test] zero00557
2016-08-04 20:05:34,598 INFO [org.junit.Test] zero00558
2016-08-04 20:05:34,598 INFO [org.junit.Test] zero00559
2016-08-04 20:05:34,598 INFO [org.junit.Test] zero00560
2016-08-04 20:05:34,598 INFO [org.junit.Test] zero00561
2016-08-04 20:05:34,598 INFO [org.junit.Test] zero00562
2016-08-04 20:05:34,598 INFO [org.junit.Test] zero00563
2016-08-04 20:05:34,598 INFO [org.junit.Test] zero00564
2016-08-04 20:05:34,598 INFO [org.junit.Test] zero00565
2016-08-04 20:05:34,598 INFO [org.junit.Test] zero00566
2016-08-04 20:05:34,598 INFO [org.junit.Test] zero00567
2016-08-04 20:05:34,598 INFO [org.junit.Test] zero00568
2016-08-04 20:05:34,598 INFO [org.junit.Test] zero00569
2016-08-04 20:05:34,598 INFO [org.junit.Test] zero00570
2016-08-04 20:05:34,598 INFO [org.junit.Test] zero00571
2016-08-04 20:05:34,598 INFO [org.junit.Test] zero00572
2016-08-04 20:05:34,598 INFO [org.junit.Test] zero00573
2016-08-04 20:05:34,598 INFO [org.junit.Test] zero00574
2016-08-04 20:05:34,598 INFO [org.junit.Test] zero00575
2016-08-04 20:05:34,598 INFO [org.junit.Test] zero00576
2016-08-04 20:05:34,598 INFO [org.junit.Test] zero00577
2016-08-04 20:05:34,598 INFO [org.junit.Test] zero00578
2016-08-04 20:05:34,598 INFO [org.junit.Test] zero00579
2016-08-04 20:05:34,598 INFO [org.junit.Test] zero00580
2016-08-04 20:05:34,598 INFO [org.junit.Test] zero00581
2016-08-04 20:05:34,598 INFO [org.junit.Test] zero00582
2016-08-04 20:05:34,598 INFO [org.junit.Test] zero00583
2016-08-04 20:05:34,598 INFO [org.junit.Test] zero00584
2016-08-04 20:05:34,598 INFO [org.junit.Test] zero00585
2016-08-04 20:05:34,598 INFO [org.junit.Test] zero00586
2016-08-04 20:05:34,598 INFO [org.junit.Test] zero00587
2016-08-04 20:05:34,598 INFO [org.junit.Test] zero00588
2016-08-04 20:05:34,598 INFO [org.junit.Test] zero00589
2016-08-04 20:05:34,598 INFO [org.junit.Test] zero00590
2016-08-04 20:05:34,598 INFO [org.junit.Test] zero00591
2016-08-04 20:05:34,598 INFO [org.junit.Test] zero00592
2016-08-04 20:05:34,598 INFO [org.junit.Test] zero00593
2016-08-04 20:05:34,598 INFO [org.junit.Test] zero00594
2016-08-04 20:05:34,598 INFO [org.junit.Test] zero00595
2016-08-04 20:05:34,598 INFO [org.junit.Test] zero00596
2016-08-04 20:05:34,598 INFO [org.junit.Test] zero00597
2016-08-04 20:05:34,598 INFO [org.junit.Test] zero00598
2016-08-04 20:05:34,598 INFO [org.junit.Test] zero00599
2016-08-04 20:05:34,598 INFO [org.junit.Test] zero00600
2016-08-04 20:05:34,598 INFO [org.junit.Test] zero00601
2016-08-04 20:05:34,598 INFO [org.junit.Test] zero00602
2016-08-04 20:05:34,598 INFO [org.junit.Test] zero00603
2016-08-04 20:05:34,598 INFO [org.junit.Test] zero00604
2016-08-04 20:05:34,598 INFO [org.junit.Test] zero00605
2016-08-04 20:05:34,598 INFO [org.junit.Test] zero00606
2016-08-04 20:05:34,598 INFO [org.junit.Test] zero00607
2016-08-04 20:05:34,598 INFO [org.junit.Test] zero00608
2016-08-04 20:05:34,598 INFO [org.junit.Test] zero00609
2016-08-04 20:05:34,598 INFO [org.junit.Test] zero00610
2016-08-04 20:05:34,598 INFO [org.junit.Test] zero00611
2016-08-04 20:05:34,598 INFO [org.junit.Test] zero00612
2016-08-04 20:05:34,598 INFO [org.junit.Test] zero00613
2016-08-04 20:05:34,598 INFO [org.junit.Test] zero00614
2016-08-04 20:05:34,598 INFO [org.junit.Test] zero00615
2016-08-04 20:05:34,598 INFO [org.junit.Test] zero00616
2016-08-04 20:05:34,598 INFO [org.junit.Test] zero00617
2016-08-04 20:05:34,598 INFO [org.junit.Test] zero00618
2016-08-04 20:05:34,598 INFO [org.junit.Test] zero00619
2016-08-04 20:05:34,598 INFO [org.junit.Test] zero00620
2016-08-04 20:05:34,598 INFO [org.junit.Test] zero00621
2016-08-04 20:05:34,598 INFO [org.junit.Test] zero00622
2016-08-04 20:05:34,598 INFO [org.junit.Test] zero00623
2016-08-04 20:05:34,598 INFO [org.junit.Test] zero00624
2016-08-04 20:05:34,598 INFO [org.junit.Test] zero00625
2016-08-04 20:05:34,598 INFO [org.junit.Test] zero00626
2016-08-04 20:05:34,598 INFO [org.junit.Test] zero00627
2016-08-04 20:05:34,598 INFO [org.junit.Test] zero00628
2016-08-04 20:05:34,598 INFO [org.junit.Test] zero00629
2016-08-04 20:05:34,598 INFO [org.junit.Test] zero00630
2016-08-04 20:05:34,598 INFO [org.junit.Test] zero00631
2016-08-04 20:05:34,598 INFO [org.junit.Test] zero00632
2016-08-04 20:05:34,598 INFO [org.junit.Test] zero00633
2016-08-04 20:05:34,598 INFO [org.junit.Test] zero00634
2016-08-04 20:05:34,598 INFO [org.junit.Test] zero00635
2016-08-04 20:05:34,598 INFO [org.junit.Test] zero00636
2016-08-04 20:05:34,598 INFO [org.junit.Test] zero00637
2016-08-04 20:05:34,598 INFO [org.junit.Test] zero00638
2016-08-04 20:05:34,598 INFO [org.junit.Test] zero00639
2016-08-04 20:05:34,598 INFO [org.junit.Test] zero00640
2016-08-04 20:05:34,598 INFO [org.junit.Test] zero00641
2016-08-04 20:05:34,598 INFO [org.junit.Test] zero00642
2016-08-04 20:05:34,598 INFO [org.junit.Test] zero00643
2016-08-04 20:05:34,598 INFO [org.junit.Test] zero00644
2016-08-04 20:05:34,598 INFO [org.junit.Test] zero00645
2016-08-04 20:05:34,598 INFO [org.junit.Test] zero00646
2016-08-04 20:05:34,598 INFO [org.junit.Test] zero00647
2016-08-04 20:05:34,598 INFO [org.junit.Test] zero00648
2016-08-04 20:05:34,598 INFO [org.junit.Test] zero00649
2016-08-04 20:05:34,598 INFO [org.junit.Test] zero00650
2016-08-04 20:05:34,598 INFO [org.junit.Test] zero00651
2016-08-04 20:05:34,598 INFO [org.junit.Test] zero00652
2016-08-04 20:05:34,598 INFO [org.junit.Test] zero00653
2016-08-04 20:05:34,598 INFO [org.junit.Test] zero00654
2016-08-04 20:05:34,598 INFO [org.junit.Test] zero00655
2016-08-04 20:05:34,598 INFO [org.junit.Test] zero00656
2016-08-04 20:05:34,598 INFO [org.junit.Test] zero00657
2016-08-04 20:05:34,598 INFO [org.junit.Test] zero00658
2016-08-04 20:05:34,598 INFO [org.junit.Test] zero00659
2016-08-04 20:05:34,598 INFO [org.junit.Test] zero00660
2016-08-04 20:05:34,598 INFO [org.junit.Test] zero00661
2016-08-04 20:05:34,598 INFO [org.junit.Test] zero00662
2016-08-04 20:05:34,598 INFO [org.junit.Test] zero00663
2016-08-04 20:05:34,598 INFO [org.junit.Test] zero00664
2016-08-04 20:05:34,598 INFO [org.junit.Test] zero00665
2016-08-04 20:05:34,598 INFO [org.junit.Test] zero00666
2016-08-04 20:05:34,598 INFO [org.junit.Test] zero00667
2016-08-04 20:05:34,598 INFO [org.junit.Test] zero00668
2016-08-04 20:05:34,598 INFO [org.junit.Test] zero00669
2016-08-04 20:05:34,598 INFO [org.junit.Test] zero00670
2016-08-04 20:05:34,598 INFO [org.junit.Test] zero00671
2016-08-04 20:05:34,598 INFO [org.junit.Test] zero00672
2016-08-04 20:05:34,598 INFO [org.junit.Test] zero00673
2016-08-04 20:05:34,598 INFO [org.junit.Test] zero00674
2016-08-04 20:05:34,598 INFO [org.junit.Test] zero00675
2016-08-04 20:05:34,598 INFO [org.junit.Test] zero00676
2016-08-04 20:05:34,598 INFO [org.junit.Test] zero00677
2016-08-04 20:05:34,598 INFO [org.junit.Test] zero00678
2016-08-04 20:05:34,598 INFO [org.junit.Test] zero00679
2016-08-04 20:05:34,598 INFO [org.junit.Test] zero00680
2016-08-04 20:05:34,598 INFO [org.junit.Test] zero00681
2016-08-04 20:05:34,598 INFO [org.junit.Test] zero00682
2016-08-04 20:05:34,598 INFO [org.junit.Test] zero00683
2016-08-04 20:05:34,598 INFO [org.junit.Test] zero00684
2016-08-04 20:05:34,598 INFO [org.junit.Test] zero00685
2016-08-04 20:05:34,598 INFO [org.junit.Test] zero00686
2016-08-04 20:05:34,598 INFO [org.junit.Test] zero00687
2016-08-04 20:05:34,598 INFO [org.junit.Test] zero00688
2016-08-04 20:05:34,598 INFO [org.junit.Test] zero00689
2016-08-04 20:05:34,598 INFO [org.junit.Test] zero00690
2016-08-04 20:05:34,598 INFO [org.junit.Test] zero00691
2016-08-04 20:05:34,598 INFO [org.junit.Test] zero00692
2016-08-04 20:05:34,598 INFO [org.junit.Test] zero00693
2016-08-04 20:05:34,598 INFO [org.junit.Test] zero00694
2016-08-04 20:05:34,598 INFO [org.junit.Test] zero00695
2016-08-04 20:05:34,598 INFO [org.junit.Test] zero00696
2016-08-04 20:05:34,598 INFO [org.junit.Test] zero00697
2016-08-04 20:05:34,598 INFO [org.junit.Test] zero00698
2016-08-04 20:05:34,598 INFO [org.junit.Test] zero00699
2016-08-04 20:05:34,598 INFO [org.junit.Test] zero00700
2016-08-04 20:05:34,598 INFO [org.junit.Test] zero00701
2016-08-04 20:05:34,598 INFO [org.junit.Test] zero00702
2016-08-04 20:05:34,598 INFO [org.junit.Test] zero00703
2016-08-04 20:05:34,598 INFO [org.junit.Test] zero00704
2016-08-04 20:05:34,598 INFO [org.junit.Test] zero00705
2016-08-04 20:05:34,598 INFO [org.junit.Test] zero00706
2016-08-04 20:05:34,598 INFO [org.junit.Test] zero00707
2016-08-04 20:05:34,598 INFO [org.junit.Test] zero00708
2016-08-04 20:05:34,598 INFO [org.junit.Test] zero00709
2016-08-04 20:05:34,598 INFO [org.junit.Test] zero00710
2016-08-04 20:05:34,598 INFO [org.junit.Test] zero00711
2016-08-04 20:05:34,598 INFO [org.junit.Test] zero00712
2016-08-04 20:05:34,598 INFO [org.junit.Test] zero00713
2016-08-04 20:05:34,598 INFO [org.junit.Test] zero00714
2016-08-04 20:05:34,598 INFO [org.junit.Test] zero00715
2016-08-04 20:05:34,598 INFO [org.junit.Test] zero00716
2016-08-04 20:05:34,598 INFO [org.junit.Test] zero00717
2016-08-04 20:05:34,598 INFO [org.junit.Test] zero00718
2016-08-04 20:05:34,598 INFO [org.junit.Test] zero00719
2016-08-04 20:05:34,598 INFO [org.junit.Test] zero00720
2016-08-04 20:05:34,598 INFO [org.junit.Test] zero00721
2016-08-04 20:05:34,598 INFO [org.junit.Test] zero00722
2016-08-04 20:05:34,598 INFO [org.junit.Test] zero00723
2016-08-04 20:05:34,598 INFO [org.junit.Test] zero00724
2016-08-04 20:05:34,598 INFO [org.junit.Test] zero00725
2016-08-04 20:05:34,598 INFO [org.junit.Test] zero00726
2016-08-04 20:05:34,598 INFO [org.junit.Test] zero00727
2016-08-04 20:05:34,598 INFO [org.junit.Test] zero00728
2016-08-04 20:05:34,598 INFO [org.junit.Test] zero00729
2016-08-04 20:05:34,598 INFO [org.junit.Test] zero00730
2016-08-04 20:05:34,598 INFO [org.junit.Test] zero00731
2016-08-04 20:05:34,598 INFO [org.junit.Test] zero00732
2016-08-04 20:05:34,598 INFO [org.junit.Test] zero00733
2016-08-04 20:05:34,598 INFO [org.junit.Test] zero00734
2016-08-04 20:05:34,598 INFO [org.junit.Test] zero00735
2016-08-04 20:05:34,598 INFO [org.junit.Test] zero00736
2016-08-04 20:05:34,598 INFO [org.junit.Test] zero00737
2016-08-04 20:05:34,598 INFO [org.junit.Test] zero00738
2016-08-04 20:05:34,598 INFO [org.junit.Test] zero00739
2016-08-04 20:05:34,598 INFO [org.junit.Test] zero00740
2016-08-04 20:05:34,598 INFO [org.junit.Test] zero00741
2016-08-04 20:05:34,598 INFO [org.junit.Test] zero00742
2016-08-04 20:05:34,598 INFO [org.junit.Test] zero00743
2016-08-04 20:05:34,598 INFO [org.junit.Test] zero00744
2016-08-04 20:05:34,598 INFO [org.junit.Test] zero00745
2016-08-04 20:05:34,598 INFO [org.junit.Test] zero00746
2016-08-04 20:05:34,598 INFO [org.junit.Test] zero00747
2016-08-04 20:05:34,598 INFO [org.junit.Test] zero00748
2016-08-04 20:05:34,598 INFO [org.junit.Test] zero00749
2016-08-04 20:05:34,598 INFO [org.junit.Test] zero00750
2016-08-04 20:05:34,598 INFO [org.junit.Test] zero00751
2016-08-04 20:05:34,598 INFO [org.junit.Test] zero00752
2016-08-04 20:05:34,598 INFO [org.junit.Test] zero00753
2016-08-04 20:05:34,598 INFO [org.junit.Test] zero00754
2016-08-04 20:05:34,598 INFO [org.junit.Test] zero00755
2016-08-04 20:05:34,598 INFO [org.junit.Test] zero00756
2016-08-04 20:05:34,598 INFO [org.junit.Test] zero00757
2016-08-04 20:05:34,598 INFO [org.junit.Test] zero00758
2016-08-04 20:05:34,598 INFO [org.junit.Test] zero00759
2016-08-04 20:05:34,598 INFO [org.junit.Test] zero00760
2016-08-04 20:05:34,598 INFO [org.junit.Test] zero00761
2016-08-04 20:05:34,598 INFO [org.junit.Test] zero00762
2016-08-04 20:05:34,598 INFO [org.junit.Test] zero00763
2016-08-04 20:05:34,598 INFO [org.junit.Test] zero00764
2016-08-04 20:05:34,598 INFO [org.junit.Test] zero00765
2016-08-04 20:05:34,598 INFO [org.junit.Test] zero00766
2016-08-04 20:05:34,598 INFO [org.junit.Test] zero00767
2016-08-04 20:05:34,598 INFO [org.junit.Test] zero00768
2016-08-04 20:05:34,598 INFO [org.junit.Test] zero00769
2016-08-04 20:05:34,598 INFO [org.junit.Test] zero00770
2016-08-04 20:05:34,598 INFO [org.junit.Test] zero00771
2016-08-04 20:05:34,598 INFO [org.junit.Test] zero00772
2016-08-04 20:05:34,598 INFO [org.junit.Test] zero00773
2016-08-04 20:05:34,598 INFO [org.junit.Test] zero00774
2016-08-04 20:05:34,598 INFO [org.junit.Test] zero00775
2016-08-04 20:05:34,598 INFO [org.junit.Test] zero00776
2016-08-04 20:05:34,598 INFO [org.junit.Test] zero00777
2016-08-04 20:05:34,598 INFO [org.junit.Test] zero00778
2016-08-04 20:05:34,598 INFO [org.junit.Test] zero00779
2016-08-04 20:05:34,598 INFO [org.junit.Test] zero00780
2016-08-04 20:05:34,598 INFO [org.junit.Test] zero00781
2016-08-04 20:05:34,598 INFO [org.junit.Test] zero00782
2016-08-04 20:05:34,598 INFO [org.junit.Test] zero00783
2016-08-04 20:05:34,598 INFO [org.junit.Test] zero00784
2016-08-04 20:05:34,598 INFO [org.junit.Test] zero00785
2016-08-04 20:05:34,598 INFO [org.junit.Test] zero00786
2016-08-04 20:05:34,598 INFO [org.junit.Test] zero00787
2016-08-04 20:05:34,598 INFO [org.junit.Test] zero00788
2016-08-04 20:05:34,598 INFO [org.junit.Test] zero00789
2016-08-04 20:05:34,598 INFO [org.junit.Test] zero00790
2016-08-04 20:05:34,598 INFO [org.junit.Test] zero00791
2016-08-04 20:05:34,598 INFO [org.junit.Test] zero00792
2016-08-04 20:05:34,598 INFO [org.junit.Test] zero00793
2016-08-04 20:05:34,598 INFO [org.junit.Test] zero00794
2016-08-04 20:05:34,598 INFO [org.junit.Test] zero00795
2016-08-04 20:05:34,598 INFO [org.junit.Test] zero00796
2016-08-04 20:05:34,598 INFO [org.junit.Test] zero00797
2016-08-04 20:05:34,598 INFO [org.junit.Test] zero00798
2016-08-04 20:05:34,598 INFO [org.junit.Test] zero00799
2016-08-04 20:05:34,598 INFO [org.junit.Test] zero00800
2016-08-04 20:05:34,598 INFO [org.junit.Test] zero00801
2016-08-04 20:05:34,598 INFO [org.junit.Test] zero00802
2016-08-04 20:05:34,598 INFO [org.junit.Test] zero00803
2016-08-04 20:05:34,598 INFO [org.junit.Test] zero00804
2016-08-04 20:05:34,598 INFO [org.junit.Test] zero00805
2016-08-04 20:05:34,598 INFO [org.junit.Test] zero00806
2016-08-04 20:05:34,598 INFO [org.junit.Test] zero00807
2016-08-04 20:05:34,598 INFO [org.junit.Test] zero00808
2016-08-04 20:05:34,598 INFO [org.junit.Test] zero00809
2016-08-04 20:05:34,598 INFO [org.junit.Test] zero00810
2016-08-04 20:05:34,598 INFO [org.junit.Test] zero00811
2016-08-04 20:05:34,598 INFO [org.junit.Test] zero00812
2016-08-04 20:05:34,598 INFO [org.junit.Test] zero00813
2016-08-04 20:05:34,598 INFO [org.junit.Test] zero00814
2016-08-04 20:05:34,598 INFO [org.junit.Test] zero00815
2016-08-04 20:05:34,598 INFO [org.junit.Test] zero00816
2016-08-04 20:05:34,598 INFO [org.junit.Test] zero00817
2016-08-04 20:05:34,598 INFO [org.junit.Test] zero00818
2016-08-04 20:05:34,598 INFO [org.junit.Test] zero00819
2016-08-04 20:05:34,598 INFO [org.junit.Test] zero00820
2016-08-04 20:05:34,598 INFO [org.junit.Test] zero00821
2016-08-04 20:05:34,598 INFO [org.junit.Test] zero00822
2016-08-04 20:05:34,598 INFO [org.junit.Test] zero00823
2016-08-04 20:05:34,598 INFO [org.junit.Test] zero00824
2016-08-04 20:05:34,598 INFO [org.junit.Test] zero00825
2016-08-04 20:05:34,598 INFO [org.junit.Test] zero00826
2016-08-04 20:05:34,598 INFO [org.junit.Test] zero00827
2016-08-04 20:05:34,598 INFO [org.junit.Test] zero00828
2016-08-04 20:05:34,598 INFO [org.junit.Test] zero00829
2016-08-04 20:05:34,598 INFO [org.junit.Test] zero00830
2016-08-04 20:05:34,598 INFO [org.junit.Test] zero00831
2016-08-04 20:05:34,598 INFO [org.junit.Test] zero00832
2016-08-04 20:05:34,598 INFO [org.junit.Test] zero00833
2016-08-04 20:05:34,598 INFO [org.junit.Test] zero00834
2016-08-04 20:05:34,598 INFO [org.junit.Test] zero00835
2016-08-04 20:05:34,598 INFO [org.junit.Test] zero00836
2016-08-04 20:05:34,598 INFO [org.junit.Test] zero00837
2016-08-04 20:05:34,598 INFO [org.junit.Test] zero00838
2016-08-04 20:05:34,598 INFO [org.junit.Test] zero00839
2016-08-04 20:05:34,598 INFO [org.junit.Test] zero00840
2016-08-04 20:05:34,598 INFO [org.junit.Test] zero00841
2016-08-04 20:05:34,598 INFO [org.junit.Test] zero00842
2016-08-04 20:05:34,598 INFO [org.junit.Test] zero00843
2016-08-04 20:05:34,598 INFO [org.junit.Test] zero00844
2016-08-04 20:05:34,598 INFO [org.junit.Test] zero00845
2016-08-04 20:05:34,598 INFO [org.junit.Test] zero00846
2016-08-04 20:05:34,598 INFO [org.junit.Test] zero00847
2016-08-04 20:05:34,598 INFO [org.junit.Test] zero00848
2016-08-04 20:05:34,598 INFO [org.junit.Test] zero00849
2016-08-04 20:05:34,598 INFO [org.junit.Test] zero00850
2016-08-04 20:05:34,598 INFO [org.junit.Test] zero00851
2016-08-04 20:05:34,598 INFO [org.junit.Test] zero00852
2016-08-04 20:05:34,598 INFO [org.junit.Test] zero00853
2016-08-04 20:05:34,598 INFO [org.junit.Test] zero00854
2016-08-04 20:05:34,598 INFO [org.junit.Test] zero00855
2016-08-04 20:05:34,598 INFO [org.junit.Test] zero00856
2016-08-04 20:05:34,598 INFO [org.junit.Test] zero00857
2016-08-04 20:05:34,598 INFO [org.junit.Test] zero00858
2016-08-04 20:05:34,598 INFO [org.junit.Test] zero00859
2016-08-04 20:05:34,598 INFO [org.junit.Test] zero00860
2016-08-04 20:05:34,598 INFO [org.junit.Test] zero00861
2016-08-04 20:05:34,598 INFO [org.junit.Test] zero00862
2016-08-04 20:05:34,598 INFO [org.junit.Test] zero00863
2016-08-04 20:05:34,598 INFO [org.junit.Test] zero00864
2016-08-04 20:05:34,598 INFO [org.junit.Test] zero00865
2016-08-04 20:05:34,598 INFO [org.junit.Test] zero00866
2016-08-04 20:05:34,598 INFO [org.junit.Test] zero00867
2016-08-04 20:05:34,598 INFO [org.junit.Test] zero00868
2016-08-04 20:05:34,598 INFO [org.junit.Test] zero00869
2016-08-04 20:05:34,598 INFO [org.junit.Test] zero00870
2016-08-04 20:05:34,598 INFO [org.junit.Test] zero00871
2016-08-04 20:05:34,598 INFO [org.junit.Test] zero00872
2016-08-04 20:05:34,598 INFO [org.junit.Test] zero00873
2016-08-04 20:05:34,598 INFO [org.junit.Test] zero00874
2016-08-04 20:05:34,598 INFO [org.junit.Test] zero00875
2016-08-04 20:05:34,598 INFO [org.junit.Test] zero00876
2016-08-04 20:05:34,598 INFO [org.junit.Test] zero00877
2016-08-04 20:05:34,598 INFO [org.junit.Test] zero00878
2016-08-04 20:05:34,598 INFO [org.junit.Test] zero00879
2016-08-04 20:05:34,598 INFO [org.junit.Test] zero00880
2016-08-04 20:05:34,598 INFO [org.junit.Test] zero00881
2016-08-04 20:05:34,598 INFO [org.junit.Test] zero00882
2016-08-04 20:05:34,598 INFO [org.junit.Test] zero00883
2016-08-04 20:05:34,598 INFO [org.junit.Test] zero00884
2016-08-04 20:05:34,598 INFO [org.junit.Test] zero00885
2016-08-04 20:05:34,598 INFO [org.junit.Test] zero00886
2016-08-04 20:05:34,598 INFO [org.junit.Test] zero00887
2016-08-04 20:05:34,599 INFO [org.junit.Test] zero00888
2016-08-04 20:05:34,599 INFO [org.junit.Test] zero00889
2016-08-04 20:05:34,599 INFO [org.junit.Test] zero00890
2016-08-04 20:05:34,599 INFO [org.junit.Test] zero00891
2016-08-04 20:05:34,599 INFO [org.junit.Test] zero00892
2016-08-04 20:05:34,599 INFO [org.junit.Test] zero00893
2016-08-04 20:05:34,599 INFO [org.junit.Test] zero00894
2016-08-04 20:05:34,599 INFO [org.junit.Test] zero00895
2016-08-04 20:05:34,599 INFO [org.junit.Test] zero00896
2016-08-04 20:05:34,599 INFO [org.junit.Test] zero00897
2016-08-04 20:05:34,599 INFO [org.junit.Test] zero00898
2016-08-04 20:05:34,599 INFO [org.junit.Test] zero00899
2016-08-04 20:05:34,599 INFO [org.junit.Test] zero00900
2016-08-04 20:05:34,599 INFO [org.junit.Test] zero00901
2016-08-04 20:05:34,599 INFO [org.junit.Test] zero00902
2016-08-04 20:05:34,599 INFO [org.junit.Test] zero00903
2016-08-04 20:05:34,599 INFO [org.junit.Test] zero00904
2016-08-04 20:05:34,599 INFO [org.junit.Test] zero00905
2016-08-04 20:05:34,599 INFO [org.junit.Test] zero00906
2016-08-04 20:05:34,599 INFO [org.junit.Test] zero00907
2016-08-04 20:05:34,599 INFO [org.junit.Test] zero00908
2016-08-04 20:05:34,599 INFO [org.junit.Test] zero00909
2016-08-04 20:05:34,599 INFO [org.junit.Test] zero00910
2016-08-04 20:05:34,599 INFO [org.junit.Test] zero00911
2016-08-04 20:05:34,599 INFO [org.junit.Test] zero00912
2016-08-04 20:05:34,599 INFO [org.junit.Test] zero00913
2016-08-04 20:05:34,599 INFO [org.junit.Test] zero00914
2016-08-04 20:05:34,599 INFO [org.junit.Test] zero00915
2016-08-04 20:05:34,599 INFO [org.junit.Test] zero00916
2016-08-04 20:05:34,599 INFO [org.junit.Test] zero00917
2016-08-04 20:05:34,599 INFO [org.junit.Test] zero00918
2016-08-04 20:05:34,599 INFO [org.junit.Test] zero00919
2016-08-04 20:05:34,599 INFO [org.junit.Test] zero00920
2016-08-04 20:05:34,599 INFO [org.junit.Test] zero00921
2016-08-04 20:05:34,599 INFO [org.junit.Test] zero00922
2016-08-04 20:05:34,599 INFO [org.junit.Test] zero00923
2016-08-04 20:05:34,599 INFO [org.junit.Test] zero00924
2016-08-04 20:05:34,599 INFO [org.junit.Test] zero00925
2016-08-04 20:05:34,599 INFO [org.junit.Test] zero00926
2016-08-04 20:05:34,599 INFO [org.junit.Test] zero00927
2016-08-04 20:05:34,599 INFO [org.junit.Test] zero00928
2016-08-04 20:05:34,599 INFO [org.junit.Test] zero00929
2016-08-04 20:05:34,599 INFO [org.junit.Test] zero00930
2016-08-04 20:05:34,599 INFO [org.junit.Test] zero00931
2016-08-04 20:05:34,599 INFO [org.junit.Test] zero00932
2016-08-04 20:05:34,599 INFO [org.junit.Test] zero00933
2016-08-04 20:05:34,599 INFO [org.junit.Test] zero00934
2016-08-04 20:05:34,599 INFO [org.junit.Test] zero00935
2016-08-04 20:05:34,599 INFO [org.junit.Test] zero00936
2016-08-04 20:05:34,599 INFO [org.junit.Test] zero00937
2016-08-04 20:05:34,599 INFO [org.junit.Test] zero00938
2016-08-04 20:05:34,599 INFO [org.junit.Test] zero00939
2016-08-04 20:05:34,599 INFO [org.junit.Test] zero00940
2016-08-04 20:05:34,599 INFO [org.junit.Test] zero00941
2016-08-04 20:05:34,599 INFO [org.junit.Test] zero00942
2016-08-04 20:05:34,599 INFO [org.junit.Test] zero00943
2016-08-04 20:05:34,599 INFO [org.junit.Test] zero00944
2016-08-04 20:05:34,599 INFO [org.junit.Test] zero00945
2016-08-04 20:05:34,599 INFO [org.junit.Test] zero00946
2016-08-04 20:05:34,599 INFO [org.junit.Test] zero00947
2016-08-04 20:05:34,599 INFO [org.junit.Test] zero00948
2016-08-04 20:05:34,599 INFO [org.junit.Test] zero00949
2016-08-04 20:05:34,599 INFO [org.junit.Test] zero00950
2016-08-04 20:05:34,599 INFO [org.junit.Test] zero00951
2016-08-04 20:05:34,599 INFO [org.junit.Test] zero00952
2016-08-04 20:05:34,599 INFO [org.junit.Test] zero00953
2016-08-04 20:05:34,599 INFO [org.junit.Test] zero00954
2016-08-04 20:05:34,599 INFO [org.junit.Test] zero00955
2016-08-04 20:05:34,599 INFO [org.junit.Test] zero00956
2016-08-04 20:05:34,599 INFO [org.junit.Test] zero00957
2016-08-04 20:05:34,599 INFO [org.junit.Test] zero00958
2016-08-04 20:05:34,599 INFO [org.junit.Test] zero00959
2016-08-04 20:05:34,599 INFO [org.junit.Test] zero00960
2016-08-04 20:05:34,599 INFO [org.junit.Test] zero00961
2016-08-04 20:05:34,599 INFO [org.junit.Test] zero00962
2016-08-04 20:05:34,599 INFO [org.junit.Test] zero00963
2016-08-04 20:05:34,599 INFO [org.junit.Test] zero00964
2016-08-04 20:05:34,599 INFO [org.junit.Test] zero00965
2016-08-04 20:05:34,599 INFO [org.junit.Test] zero00966
2016-08-04 20:05:34,599 INFO [org.junit.Test] zero00967
2016-08-04 20:05:34,599 INFO [org.junit.Test] zero00968
2016-08-04 20:05:34,599 INFO [org.junit.Test] zero00969
2016-08-04 20:05:34,599 INFO [org.junit.Test] zero00970
2016-08-04 20:05:34,599 INFO [org.junit.Test] zero00971
2016-08-04 20:05:34,599 INFO [org.junit.Test] zero00972
2016-08-04 20:05:34,599 INFO [org.junit.Test] zero00973
2016-08-04 20:05:34,599 INFO [org.junit.Test] zero00974
2016-08-04 20:05:34,599 INFO [org.junit.Test] zero00975
2016-08-04 20:05:34,599 INFO [org.junit.Test] zero00976
2016-08-04 20:05:34,599 INFO [org.junit.Test] zero00977
2016-08-04 20:05:34,599 INFO [org.junit.Test] zero00978
2016-08-04 20:05:34,599 INFO [org.junit.Test] zero00979
2016-08-04 20:05:34,599 INFO [org.junit.Test] zero00980
2016-08-04 20:05:34,599 INFO [org.junit.Test] zero00981
2016-08-04 20:05:34,599 INFO [org.junit.Test] zero00982
2016-08-04 20:05:34,599 INFO [org.junit.Test] zero00983
2016-08-04 20:05:34,599 INFO [org.junit.Test] zero00984
2016-08-04 20:05:34,599 INFO [org.junit.Test] zero00985
2016-08-04 20:05:34,599 INFO [org.junit.Test] zero00986
2016-08-04 20:05:34,599 INFO [org.junit.Test] zero00987
2016-08-04 20:05:34,599 INFO [org.junit.Test] zero00988
2016-08-04 20:05:34,599 INFO [org.junit.Test] zero00989
2016-08-04 20:05:34,599 INFO [org.junit.Test] zero00990
2016-08-04 20:05:34,599 INFO [org.junit.Test] zero00991
2016-08-04 20:05:34,599 INFO [org.junit.Test] zero00992
2016-08-04 20:05:34,599 INFO [org.junit.Test] zero00993
2016-08-04 20:05:34,599 INFO [org.junit.Test] zero00994
2016-08-04 20:05:34,599 INFO [org.junit.Test] zero00995
2016-08-04 20:05:34,599 INFO [org.junit.Test] zero00996
2016-08-04 20:05:34,599 INFO [org.junit.Test] zero00997
2016-08-04 20:05:34,599 INFO [org.junit.Test] zero00998
2016-08-04 20:05:34,599 INFO [org.junit.Test] zero00999
2016-08-04 20:05:37,599 INFO [org.junit.Test] zero000
2016-08-04 20:05:37,599 INFO [org.junit.Test] zero001
2016-08-04 20:05:37,599 INFO [org.junit.Test] zero002
2016-08-04 20:05:37,599 INFO [org.junit.Test] zero003
2016-08-04 20:05:37,599 INFO [org.junit.Test] zero004
2016-08-04 20:05:37,599 INFO [org.junit.Test] zero005
2016-08-04 20:05:37,599 INFO [org.junit.Test] zero006
2016-08-04 20:05:37,599 INFO [org.junit.Test] zero007
2016-08-04 20:05:37,599 INFO [org.junit.Test] zero008
2016-08-04 20:05:37,599 INFO [org.junit.Test] zero009
2016-08-04 20:05:37,599 INFO [org.junit.Test] zero0010
2016-08-04 20:05:37,599 INFO [org.junit.Test] zero0011
2016-08-04 20:05:37,599 INFO [org.junit.Test] zero0012
2016-08-04 20:05:37,599 INFO [org.junit.Test] zero0013
2016-08-04 20:05:37,599 INFO [org.junit.Test] zero0014
2016-08-04 20:05:37,599 INFO [org.junit.Test] zero0015
2016-08-04 20:05:37,599 INFO [org.junit.Test] zero0016
2016-08-04 20:05:37,599 INFO [org.junit.Test] zero0017
2016-08-04 20:05:37,599 INFO [org.junit.Test] zero0018
2016-08-04 20:05:37,599 INFO [org.junit.Test] zero0019
2016-08-04 20:05:37,599 INFO [org.junit.Test] zero0020
2016-08-04 20:05:37,599 INFO [org.junit.Test] zero0021
2016-08-04 20:05:37,599 INFO [org.junit.Test] zero0022
2016-08-04 20:05:37,599 INFO [org.junit.Test] zero0023
2016-08-04 20:05:37,599 INFO [org.junit.Test] zero0024
2016-08-04 20:05:37,599 INFO [org.junit.Test] zero0025
2016-08-04 20:05:37,599 INFO [org.junit.Test] zero0026
2016-08-04 20:05:37,599 INFO [org.junit.Test] zero0027
2016-08-04 20:05:37,599 INFO [org.junit.Test] zero0028
2016-08-04 20:05:37,599 INFO [org.junit.Test] zero0029
2016-08-04 20:05:37,599 INFO [org.junit.Test] zero0030
2016-08-04 20:05:37,599 INFO [org.junit.Test] zero0031
2016-08-04 20:05:37,599 INFO [org.junit.Test] zero0032
2016-08-04 20:05:37,599 INFO [org.junit.Test] zero0033
2016-08-04 20:05:37,599 INFO [org.junit.Test] zero0034
2016-08-04 20:05:37,599 INFO [org.junit.Test] zero0035
2016-08-04 20:05:37,599 INFO [org.junit.Test] zero0036
2016-08-04 20:05:37,599 INFO [org.junit.Test] zero0037
2016-08-04 20:05:37,599 INFO [org.junit.Test] zero0038
2016-08-04 20:05:37,599 INFO [org.junit.Test] zero0039
2016-08-04 20:05:37,599 INFO [org.junit.Test] zero0040
2016-08-04 20:05:37,599 INFO [org.junit.Test] zero0041
2016-08-04 20:05:37,599 INFO [org.junit.Test] zero0042
2016-08-04 20:05:37,599 INFO [org.junit.Test] zero0043
2016-08-04 20:05:37,599 INFO [org.junit.Test] zero0044
2016-08-04 20:05:37,599 INFO [org.junit.Test] zero0045
2016-08-04 20:05:37,599 INFO [org.junit.Test] zero0046
2016-08-04 20:05:37,599 INFO [org.junit.Test] zero0047
2016-08-04 20:05:37,599 INFO [org.junit.Test] zero0048
2016-08-04 20:05:37,599 INFO [org.junit.Test] zero0049
2016-08-04 20:05:37,599 INFO [org.junit.Test] zero0050
2016-08-04 20:05:37,599 INFO [org.junit.Test] zero0051
2016-08-04 20:05:37,599 INFO [org.junit.Test] zero0052
2016-08-04 20:05:37,599 INFO [org.junit.Test] zero0053
2016-08-04 20:05:37,599 INFO [org.junit.Test] zero0054
2016-08-04 20:05:37,599 INFO [org.junit.Test] zero0055
2016-08-04 20:05:37,599 INFO [org.junit.Test] zero0056
2016-08-04 20:05:37,599 INFO [org.junit.Test] zero0057
2016-08-04 20:05:37,599 INFO [org.junit.Test] zero0058
2016-08-04 20:05:37,599 INFO [org.junit.Test] zero0059
2016-08-04 20:05:37,599 INFO [org.junit.Test] zero0060
2016-08-04 20:05:37,599 INFO [org.junit.Test] zero0061
2016-08-04 20:05:37,599 INFO [org.junit.Test] zero0062
2016-08-04 20:05:37,599 INFO [org.junit.Test] zero0063
2016-08-04 20:05:37,599 INFO [org.junit.Test] zero0064
2016-08-04 20:05:37,599 INFO [org.junit.Test] zero0065
2016-08-04 20:05:37,599 INFO [org.junit.Test] zero0066
2016-08-04 20:05:37,599 INFO [org.junit.Test] zero0067
2016-08-04 20:05:37,599 INFO [org.junit.Test] zero0068
2016-08-04 20:05:37,599 INFO [org.junit.Test] zero0069
2016-08-04 20:05:37,599 INFO [org.junit.Test] zero0070
2016-08-04 20:05:37,599 INFO [org.junit.Test] zero0071
2016-08-04 20:05:37,599 INFO [org.junit.Test] zero0072
2016-08-04 20:05:37,599 INFO [org.junit.Test] zero0073
2016-08-04 20:05:37,599 INFO [org.junit.Test] zero0074
2016-08-04 20:05:37,599 INFO [org.junit.Test] zero0075
2016-08-04 20:05:37,599 INFO [org.junit.Test] zero0076
2016-08-04 20:05:37,599 INFO [org.junit.Test] zero0077
2016-08-04 20:05:37,599 INFO [org.junit.Test] zero0078
2016-08-04 20:05:37,599 INFO [org.junit.Test] zero0079
2016-08-04 20:05:37,599 INFO [org.junit.Test] zero0080
2016-08-04 20:05:37,599 INFO [org.junit.Test] zero0081
2016-08-04 20:05:37,599 INFO [org.junit.Test] zero0082
2016-08-04 20:05:37,599 INFO [org.junit.Test] zero0083
2016-08-04 20:05:37,599 INFO [org.junit.Test] zero0084
2016-08-04 20:05:37,599 INFO [org.junit.Test] zero0085
2016-08-04 20:05:37,599 INFO [org.junit.Test] zero0086
2016-08-04 20:05:37,599 INFO [org.junit.Test] zero0087
2016-08-04 20:05:37,599 INFO [org.junit.Test] zero0088
2016-08-04 20:05:37,599 INFO [org.junit.Test] zero0089
2016-08-04 20:05:37,599 INFO [org.junit.Test] zero0090
2016-08-04 20:05:37,599 INFO [org.junit.Test] zero0091
2016-08-04 20:05:37,599 INFO [org.junit.Test] zero0092
2016-08-04 20:05:37,599 INFO [org.junit.Test] zero0093
2016-08-04 20:05:37,599 INFO [org.junit.Test] zero0094
2016-08-04 20:05:37,599 INFO [org.junit.Test] zero0095
2016-08-04 20:05:37,599 INFO [org.junit.Test] zero0096
2016-08-04 20:05:37,599 INFO [org.junit.Test] zero0097
2016-08-04 20:05:37,599 INFO [org.junit.Test] zero0098
2016-08-04 20:05:37,599 INFO [org.junit.Test] zero0099
2016-08-04 20:05:37,599 INFO [org.junit.Test] zero00100
2016-08-04 20:05:37,599 INFO [org.junit.Test] zero00101
2016-08-04 20:05:37,599 INFO [org.junit.Test] zero00102
2016-08-04 20:05:37,599 INFO [org.junit.Test] zero00103
2016-08-04 20:05:37,599 INFO [org.junit.Test] zero00104
2016-08-04 20:05:37,599 INFO [org.junit.Test] zero00105
2016-08-04 20:05:37,599 INFO [org.junit.Test] zero00106
2016-08-04 20:05:37,599 INFO [org.junit.Test] zero00107
2016-08-04 20:05:37,599 INFO [org.junit.Test] zero00108
2016-08-04 20:05:37,599 INFO [org.junit.Test] zero00109
2016-08-04 20:05:37,599 INFO [org.junit.Test] zero00110
2016-08-04 20:05:37,599 INFO [org.junit.Test] zero00111
2016-08-04 20:05:37,599 INFO [org.junit.Test] zero00112
2016-08-04 20:05:37,599 INFO [org.junit.Test] zero00113
2016-08-04 20:05:37,599 INFO [org.junit.Test] zero00114
2016-08-04 20:05:37,599 INFO [org.junit.Test] zero00115
2016-08-04 20:05:37,599 INFO [org.junit.Test] zero00116
2016-08-04 20:05:37,599 INFO [org.junit.Test] zero00117
2016-08-04 20:05:37,599 INFO [org.junit.Test] zero00118
2016-08-04 20:05:37,599 INFO [org.junit.Test] zero00119
2016-08-04 20:05:37,599 INFO [org.junit.Test] zero00120
2016-08-04 20:05:37,599 INFO [org.junit.Test] zero00121
2016-08-04 20:05:37,599 INFO [org.junit.Test] zero00122
2016-08-04 20:05:37,599 INFO [org.junit.Test] zero00123
2016-08-04 20:05:37,599 INFO [org.junit.Test] zero00124
2016-08-04 20:05:37,599 INFO [org.junit.Test] zero00125
2016-08-04 20:05:37,599 INFO [org.junit.Test] zero00126
2016-08-04 20:05:37,599 INFO [org.junit.Test] zero00127
2016-08-04 20:05:37,599 INFO [org.junit.Test] zero00128
2016-08-04 20:05:37,599 INFO [org.junit.Test] zero00129
2016-08-04 20:05:37,599 INFO [org.junit.Test] zero00130
2016-08-04 20:05:37,599 INFO [org.junit.Test] zero00131
2016-08-04 20:05:37,599 INFO [org.junit.Test] zero00132
2016-08-04 20:05:37,599 INFO [org.junit.Test] zero00133
2016-08-04 20:05:37,599 INFO [org.junit.Test] zero00134
2016-08-04 20:05:37,599 INFO [org.junit.Test] zero00135
2016-08-04 20:05:37,599 INFO [org.junit.Test] zero00136
2016-08-04 20:05:37,599 INFO [org.junit.Test] zero00137
2016-08-04 20:05:37,599 INFO [org.junit.Test] zero00138
2016-08-04 20:05:37,599 INFO [org.junit.Test] zero00139
2016-08-04 20:05:37,599 INFO [org.junit.Test] zero00140
2016-08-04 20:05:37,599 INFO [org.junit.Test] zero00141
2016-08-04 20:05:37,599 INFO [org.junit.Test] zero00142
2016-08-04 20:05:37,599 INFO [org.junit.Test] zero00143
2016-08-04 20:05:37,599 INFO [org.junit.Test] zero00144
2016-08-04 20:05:37,599 INFO [org.junit.Test] zero00145
2016-08-04 20:05:37,599 INFO [org.junit.Test] zero00146
2016-08-04 20:05:37,599 INFO [org.junit.Test] zero00147
2016-08-04 20:05:37,599 INFO [org.junit.Test] zero00148
2016-08-04 20:05:37,599 INFO [org.junit.Test] zero00149
2016-08-04 20:05:37,599 INFO [org.junit.Test] zero00150
2016-08-04 20:05:37,599 INFO [org.junit.Test] zero00151
2016-08-04 20:05:37,599 INFO [org.junit.Test] zero00152
2016-08-04 20:05:37,599 INFO [org.junit.Test] zero00153
2016-08-04 20:05:37,599 INFO [org.junit.Test] zero00154
2016-08-04 20:05:37,599 INFO [org.junit.Test] zero00155
2016-08-04 20:05:37,599 INFO [org.junit.Test] zero00156
2016-08-04 20:05:37,599 INFO [org.junit.Test] zero00157
2016-08-04 20:05:37,599 INFO [org.junit.Test] zero00158
2016-08-04 20:05:37,599 INFO [org.junit.Test] zero00159
2016-08-04 20:05:37,599 INFO [org.junit.Test] zero00160
2016-08-04 20:05:37,599 INFO [org.junit.Test] zero00161
2016-08-04 20:05:37,599 INFO [org.junit.Test] zero00162
2016-08-04 20:05:37,599 INFO [org.junit.Test] zero00163
2016-08-04 20:05:37,599 INFO [org.junit.Test] zero00164
2016-08-04 20:05:37,599 INFO [org.junit.Test] zero00165
2016-08-04 20:05:37,599 INFO [org.junit.Test] zero00166
2016-08-04 20:05:37,599 INFO [org.junit.Test] zero00167
2016-08-04 20:05:37,599 INFO [org.junit.Test] zero00168
2016-08-04 20:05:37,599 INFO [org.junit.Test] zero00169
2016-08-04 20:05:37,599 INFO [org.junit.Test] zero00170
2016-08-04 20:05:37,599 INFO [org.junit.Test] zero00171
2016-08-04 20:05:37,599 INFO [org.junit.Test] zero00172
2016-08-04 20:05:37,599 INFO [org.junit.Test] zero00173
2016-08-04 20:05:37,599 INFO [org.junit.Test] zero00174
2016-08-04 20:05:37,599 INFO [org.junit.Test] zero00175
2016-08-04 20:05:37,599 INFO [org.junit.Test] zero00176
2016-08-04 20:05:37,599 INFO [org.junit.Test] zero00177
2016-08-04 20:05:37,599 INFO [org.junit.Test] zero00178
2016-08-04 20:05:37,599 INFO [org.junit.Test] zero00179
2016-08-04 20:05:37,599 INFO [org.junit.Test] zero00180
2016-08-04 20:05:37,599 INFO [org.junit.Test] zero00181
2016-08-04 20:05:37,599 INFO [org.junit.Test] zero00182
2016-08-04 20:05:37,599 INFO [org.junit.Test] zero00183
2016-08-04 20:05:37,599 INFO [org.junit.Test] zero00184
2016-08-04 20:05:37,599 INFO [org.junit.Test] zero00185
2016-08-04 20:05:37,599 INFO [org.junit.Test] zero00186
2016-08-04 20:05:37,599 INFO [org.junit.Test] zero00187
2016-08-04 20:05:37,599 INFO [org.junit.Test] zero00188
2016-08-04 20:05:37,599 INFO [org.junit.Test] zero00189
2016-08-04 20:05:37,599 INFO [org.junit.Test] zero00190
2016-08-04 20:05:37,599 INFO [org.junit.Test] zero00191
2016-08-04 20:05:37,599 INFO [org.junit.Test] zero00192
2016-08-04 20:05:37,599 INFO [org.junit.Test] zero00193
2016-08-04 20:05:37,599 INFO [org.junit.Test] zero00194
2016-08-04 20:05:37,599 INFO [org.junit.Test] zero00195
2016-08-04 20:05:37,599 INFO [org.junit.Test] zero00196
2016-08-04 20:05:37,599 INFO [org.junit.Test] zero00197
2016-08-04 20:05:37,599 INFO [org.junit.Test] zero00198
2016-08-04 20:05:37,599 INFO [org.junit.Test] zero00199
2016-08-04 20:05:37,599 INFO [org.junit.Test] zero00200
2016-08-04 20:05:37,599 INFO [org.junit.Test] zero00201
2016-08-04 20:05:37,599 INFO [org.junit.Test] zero00202
2016-08-04 20:05:37,599 INFO [org.junit.Test] zero00203
2016-08-04 20:05:37,599 INFO [org.junit.Test] zero00204
2016-08-04 20:05:37,599 INFO [org.junit.Test] zero00205
2016-08-04 20:05:37,599 INFO [org.junit.Test] zero00206
2016-08-04 20:05:37,599 INFO [org.junit.Test] zero00207
2016-08-04 20:05:37,599 INFO [org.junit.Test] zero00208
2016-08-04 20:05:37,599 INFO [org.junit.Test] zero00209
2016-08-04 20:05:37,599 INFO [org.junit.Test] zero00210
2016-08-04 20:05:37,599 INFO [org.junit.Test] zero00211
2016-08-04 20:05:37,599 INFO [org.junit.Test] zero00212
2016-08-04 20:05:37,599 INFO [org.junit.Test] zero00213
2016-08-04 20:05:37,599 INFO [org.junit.Test] zero00214
2016-08-04 20:05:37,599 INFO [org.junit.Test] zero00215
2016-08-04 20:05:37,599 INFO [org.junit.Test] zero00216
2016-08-04 20:05:37,599 INFO [org.junit.Test] zero00217
2016-08-04 20:05:37,599 INFO [org.junit.Test] zero00218
2016-08-04 20:05:37,599 INFO [org.junit.Test] zero00219
2016-08-04 20:05:37,599 INFO [org.junit.Test] zero00220
2016-08-04 20:05:37,599 INFO [org.junit.Test] zero00221
2016-08-04 20:05:37,599 INFO [org.junit.Test] zero00222
2016-08-04 20:05:37,599 INFO [org.junit.Test] zero00223
2016-08-04 20:05:37,599 INFO [org.junit.Test] zero00224
2016-08-04 20:05:37,599 INFO [org.junit.Test] zero00225
2016-08-04 20:05:37,599 INFO [org.junit.Test] zero00226
2016-08-04 20:05:37,599 INFO [org.junit.Test] zero00227
2016-08-04 20:05:37,599 INFO [org.junit.Test] zero00228
2016-08-04 20:05:37,599 INFO [org.junit.Test] zero00229
2016-08-04 20:05:37,599 INFO [org.junit.Test] zero00230
2016-08-04 20:05:37,599 INFO [org.junit.Test] zero00231
2016-08-04 20:05:37,599 INFO [org.junit.Test] zero00232
2016-08-04 20:05:37,599 INFO [org.junit.Test] zero00233
2016-08-04 20:05:37,599 INFO [org.junit.Test] zero00234
2016-08-04 20:05:37,599 INFO [org.junit.Test] zero00235
2016-08-04 20:05:37,599 INFO [org.junit.Test] zero00236
2016-08-04 20:05:37,599 INFO [org.junit.Test] zero00237
2016-08-04 20:05:37,599 INFO [org.junit.Test] zero00238
2016-08-04 20:05:37,599 INFO [org.junit.Test] zero00239
2016-08-04 20:05:37,599 INFO [org.junit.Test] zero00240
2016-08-04 20:05:37,599 INFO [org.junit.Test] zero00241
2016-08-04 20:05:37,599 INFO [org.junit.Test] zero00242
2016-08-04 20:05:37,599 INFO [org.junit.Test] zero00243
2016-08-04 20:05:37,599 INFO [org.junit.Test] zero00244
2016-08-04 20:05:37,599 INFO [org.junit.Test] zero00245
2016-08-04 20:05:37,599 INFO [org.junit.Test] zero00246
2016-08-04 20:05:37,599 INFO [org.junit.Test] zero00247
2016-08-04 20:05:37,599 INFO [org.junit.Test] zero00248
2016-08-04 20:05:37,599 INFO [org.junit.Test] zero00249
2016-08-04 20:05:37,599 INFO [org.junit.Test] zero00250
2016-08-04 20:05:37,599 INFO [org.junit.Test] zero00251
2016-08-04 20:05:37,599 INFO [org.junit.Test] zero00252
2016-08-04 20:05:37,599 INFO [org.junit.Test] zero00253
2016-08-04 20:05:37,599 INFO [org.junit.Test] zero00254
2016-08-04 20:05:37,599 INFO [org.junit.Test] zero00255
2016-08-04 20:05:37,599 INFO [org.junit.Test] zero00256
2016-08-04 20:05:37,599 INFO [org.junit.Test] zero00257
2016-08-04 20:05:37,599 INFO [org.junit.Test] zero00258
2016-08-04 20:05:37,599 INFO [org.junit.Test] zero00259
2016-08-04 20:05:37,599 INFO [org.junit.Test] zero00260
2016-08-04 20:05:37,599 INFO [org.junit.Test] zero00261
2016-08-04 20:05:37,599 INFO [org.junit.Test] zero00262
2016-08-04 20:05:37,599 INFO [org.junit.Test] zero00263
2016-08-04 20:05:37,599 INFO [org.junit.Test] zero00264
2016-08-04 20:05:37,599 INFO [org.junit.Test] zero00265
2016-08-04 20:05:37,599 INFO [org.junit.Test] zero00266
2016-08-04 20:05:37,599 INFO [org.junit.Test] zero00267
2016-08-04 20:05:37,599 INFO [org.junit.Test] zero00268
2016-08-04 20:05:37,599 INFO [org.junit.Test] zero00269
2016-08-04 20:05:37,599 INFO [org.junit.Test] zero00270
2016-08-04 20:05:37,599 INFO [org.junit.Test] zero00271
2016-08-04 20:05:37,599 INFO [org.junit.Test] zero00272
2016-08-04 20:05:37,599 INFO [org.junit.Test] zero00273
2016-08-04 20:05:37,599 INFO [org.junit.Test] zero00274
2016-08-04 20:05:37,599 INFO [org.junit.Test] zero00275
2016-08-04 20:05:37,599 INFO [org.junit.Test] zero00276
2016-08-04 20:05:37,599 INFO [org.junit.Test] zero00277
2016-08-04 20:05:37,599 INFO [org.junit.Test] zero00278
2016-08-04 20:05:37,599 INFO [org.junit.Test] zero00279
2016-08-04 20:05:37,599 INFO [org.junit.Test] zero00280
2016-08-04 20:05:37,599 INFO [org.junit.Test] zero00281
2016-08-04 20:05:37,599 INFO [org.junit.Test] zero00282
2016-08-04 20:05:37,599 INFO [org.junit.Test] zero00283
2016-08-04 20:05:37,599 INFO [org.junit.Test] zero00284
2016-08-04 20:05:37,599 INFO [org.junit.Test] zero00285
2016-08-04 20:05:37,599 INFO [org.junit.Test] zero00286
2016-08-04 20:05:37,599 INFO [org.junit.Test] zero00287
2016-08-04 20:05:37,599 INFO [org.junit.Test] zero00288
2016-08-04 20:05:37,599 INFO [org.junit.Test] zero00289
2016-08-04 20:05:37,599 INFO [org.junit.Test] zero00290
2016-08-04 20:05:37,599 INFO [org.junit.Test] zero00291
2016-08-04 20:05:37,599 INFO [org.junit.Test] zero00292
2016-08-04 20:05:37,599 INFO [org.junit.Test] zero00293
2016-08-04 20:05:37,599 INFO [org.junit.Test] zero00294
2016-08-04 20:05:37,599 INFO [org.junit.Test] zero00295
2016-08-04 20:05:37,599 INFO [org.junit.Test] zero00296
2016-08-04 20:05:37,599 INFO [org.junit.Test] zero00297
2016-08-04 20:05:37,599 INFO [org.junit.Test] zero00298
2016-08-04 20:05:37,599 INFO [org.junit.Test] zero00299
2016-08-04 20:05:37,599 INFO [org.junit.Test] zero00300
2016-08-04 20:05:37,599 INFO [org.junit.Test] zero00301
2016-08-04 20:05:37,599 INFO [org.junit.Test] zero00302
2016-08-04 20:05:37,599 INFO [org.junit.Test] zero00303
2016-08-04 20:05:37,599 INFO [org.junit.Test] zero00304
2016-08-04 20:05:37,599 INFO [org.junit.Test] zero00305
2016-08-04 20:05:37,599 INFO [org.junit.Test] zero00306
2016-08-04 20:05:37,599 INFO [org.junit.Test] zero00307
2016-08-04 20:05:37,599 INFO [org.junit.Test] zero00308
2016-08-04 20:05:37,599 INFO [org.junit.Test] zero00309
2016-08-04 20:05:37,599 INFO [org.junit.Test] zero00310
2016-08-04 20:05:37,599 INFO [org.junit.Test] zero00311
2016-08-04 20:05:37,599 INFO [org.junit.Test] zero00312
2016-08-04 20:05:37,599 INFO [org.junit.Test] zero00313
2016-08-04 20:05:37,599 INFO [org.junit.Test] zero00314
2016-08-04 20:05:37,599 INFO [org.junit.Test] zero00315
2016-08-04 20:05:37,599 INFO [org.junit.Test] zero00316
2016-08-04 20:05:37,599 INFO [org.junit.Test] zero00317
2016-08-04 20:05:37,599 INFO [org.junit.Test] zero00318
2016-08-04 20:05:37,599 INFO [org.junit.Test] zero00319
2016-08-04 20:05:37,599 INFO [org.junit.Test] zero00320
2016-08-04 20:05:37,599 INFO [org.junit.Test] zero00321
2016-08-04 20:05:37,599 INFO [org.junit.Test] zero00322
2016-08-04 20:05:37,599 INFO [org.junit.Test] zero00323
2016-08-04 20:05:37,599 INFO [org.junit.Test] zero00324
2016-08-04 20:05:37,599 INFO [org.junit.Test] zero00325
2016-08-04 20:05:37,599 INFO [org.junit.Test] zero00326
2016-08-04 20:05:37,599 INFO [org.junit.Test] zero00327
2016-08-04 20:05:37,599 INFO [org.junit.Test] zero00328
2016-08-04 20:05:37,599 INFO [org.junit.Test] zero00329
2016-08-04 20:05:37,599 INFO [org.junit.Test] zero00330
2016-08-04 20:05:37,599 INFO [org.junit.Test] zero00331
2016-08-04 20:05:37,599 INFO [org.junit.Test] zero00332
2016-08-04 20:05:37,599 INFO [org.junit.Test] zero00333
2016-08-04 20:05:37,599 INFO [org.junit.Test] zero00334
2016-08-04 20:05:37,599 INFO [org.junit.Test] zero00335
2016-08-04 20:05:37,599 INFO [org.junit.Test] zero00336
2016-08-04 20:05:37,599 INFO [org.junit.Test] zero00337
2016-08-04 20:05:37,599 INFO [org.junit.Test] zero00338
2016-08-04 20:05:37,599 INFO [org.junit.Test] zero00339
2016-08-04 20:05:37,599 INFO [org.junit.Test] zero00340
2016-08-04 20:05:37,599 INFO [org.junit.Test] zero00341
2016-08-04 20:05:37,599 INFO [org.junit.Test] zero00342
2016-08-04 20:05:37,599 INFO [org.junit.Test] zero00343
2016-08-04 20:05:37,599 INFO [org.junit.Test] zero00344
2016-08-04 20:05:37,599 INFO [org.junit.Test] zero00345
2016-08-04 20:05:37,599 INFO [org.junit.Test] zero00346
2016-08-04 20:05:37,599 INFO [org.junit.Test] zero00347
2016-08-04 20:05:37,599 INFO [org.junit.Test] zero00348
2016-08-04 20:05:37,599 INFO [org.junit.Test] zero00349
2016-08-04 20:05:37,599 INFO [org.junit.Test] zero00350
2016-08-04 20:05:37,599 INFO [org.junit.Test] zero00351
2016-08-04 20:05:37,599 INFO [org.junit.Test] zero00352
2016-08-04 20:05:37,599 INFO [org.junit.Test] zero00353
2016-08-04 20:05:37,599 INFO [org.junit.Test] zero00354
2016-08-04 20:05:37,599 INFO [org.junit.Test] zero00355
2016-08-04 20:05:37,599 INFO [org.junit.Test] zero00356
2016-08-04 20:05:37,599 INFO [org.junit.Test] zero00357
2016-08-04 20:05:37,599 INFO [org.junit.Test] zero00358
2016-08-04 20:05:37,599 INFO [org.junit.Test] zero00359
2016-08-04 20:05:37,599 INFO [org.junit.Test] zero00360
2016-08-04 20:05:37,599 INFO [org.junit.Test] zero00361
2016-08-04 20:05:37,599 INFO [org.junit.Test] zero00362
2016-08-04 20:05:37,599 INFO [org.junit.Test] zero00363
2016-08-04 20:05:37,599 INFO [org.junit.Test] zero00364
2016-08-04 20:05:37,599 INFO [org.junit.Test] zero00365
2016-08-04 20:05:37,599 INFO [org.junit.Test] zero00366
2016-08-04 20:05:37,599 INFO [org.junit.Test] zero00367
2016-08-04 20:05:37,599 INFO [org.junit.Test] zero00368
2016-08-04 20:05:37,599 INFO [org.junit.Test] zero00369
2016-08-04 20:05:37,599 INFO [org.junit.Test] zero00370
2016-08-04 20:05:37,599 INFO [org.junit.Test] zero00371
2016-08-04 20:05:37,599 INFO [org.junit.Test] zero00372
2016-08-04 20:05:37,599 INFO [org.junit.Test] zero00373
2016-08-04 20:05:37,599 INFO [org.junit.Test] zero00374
2016-08-04 20:05:37,599 INFO [org.junit.Test] zero00375
2016-08-04 20:05:37,599 INFO [org.junit.Test] zero00376
2016-08-04 20:05:37,599 INFO [org.junit.Test] zero00377
2016-08-04 20:05:37,599 INFO [org.junit.Test] zero00378
2016-08-04 20:05:37,599 INFO [org.junit.Test] zero00379
2016-08-04 20:05:37,599 INFO [org.junit.Test] zero00380
2016-08-04 20:05:37,599 INFO [org.junit.Test] zero00381
2016-08-04 20:05:37,599 INFO [org.junit.Test] zero00382
2016-08-04 20:05:37,599 INFO [org.junit.Test] zero00383
2016-08-04 20:05:37,599 INFO [org.junit.Test] zero00384
2016-08-04 20:05:37,599 INFO [org.junit.Test] zero00385
2016-08-04 20:05:37,599 INFO [org.junit.Test] zero00386
2016-08-04 20:05:37,599 INFO [org.junit.Test] zero00387
2016-08-04 20:05:37,599 INFO [org.junit.Test] zero00388
2016-08-04 20:05:37,599 INFO [org.junit.Test] zero00389
2016-08-04 20:05:37,599 INFO [org.junit.Test] zero00390
2016-08-04 20:05:37,599 INFO [org.junit.Test] zero00391
2016-08-04 20:05:37,599 INFO [org.junit.Test] zero00392
2016-08-04 20:05:37,599 INFO [org.junit.Test] zero00393
2016-08-04 20:05:37,599 INFO [org.junit.Test] zero00394
2016-08-04 20:05:37,599 INFO [org.junit.Test] zero00395
2016-08-04 20:05:37,599 INFO [org.junit.Test] zero00396
2016-08-04 20:05:37,599 INFO [org.junit.Test] zero00397
2016-08-04 20:05:37,599 INFO [org.junit.Test] zero00398
2016-08-04 20:05:37,599 INFO [org.junit.Test] zero00399
2016-08-04 20:05:37,599 INFO [org.junit.Test] zero00400
2016-08-04 20:05:37,599 INFO [org.junit.Test] zero00401
2016-08-04 20:05:37,599 INFO [org.junit.Test] zero00402
2016-08-04 20:05:37,599 INFO [org.junit.Test] zero00403
2016-08-04 20:05:37,599 INFO [org.junit.Test] zero00404
2016-08-04 20:05:37,599 INFO [org.junit.Test] zero00405
2016-08-04 20:05:37,599 INFO [org.junit.Test] zero00406
2016-08-04 20:05:37,599 INFO [org.junit.Test] zero00407
2016-08-04 20:05:37,599 INFO [org.junit.Test] zero00408
2016-08-04 20:05:37,599 INFO [org.junit.Test] zero00409
2016-08-04 20:05:37,599 INFO [org.junit.Test] zero00410
2016-08-04 20:05:37,599 INFO [org.junit.Test] zero00411
2016-08-04 20:05:37,599 INFO [org.junit.Test] zero00412
2016-08-04 20:05:37,599 INFO [org.junit.Test] zero00413
2016-08-04 20:05:37,599 INFO [org.junit.Test] zero00414
2016-08-04 20:05:37,599 INFO [org.junit.Test] zero00415
2016-08-04 20:05:37,599 INFO [org.junit.Test] zero00416
2016-08-04 20:05:37,599 INFO [org.junit.Test] zero00417
2016-08-04 20:05:37,599 INFO [org.junit.Test] zero00418
2016-08-04 20:05:37,599 INFO [org.junit.Test] zero00419
2016-08-04 20:05:37,599 INFO [org.junit.Test] zero00420
2016-08-04 20:05:37,599 INFO [org.junit.Test] zero00421
2016-08-04 20:05:37,599 INFO [org.junit.Test] zero00422
2016-08-04 20:05:37,599 INFO [org.junit.Test] zero00423
2016-08-04 20:05:37,599 INFO [org.junit.Test] zero00424
2016-08-04 20:05:37,599 INFO [org.junit.Test] zero00425
2016-08-04 20:05:37,599 INFO [org.junit.Test] zero00426
2016-08-04 20:05:37,599 INFO [org.junit.Test] zero00427
2016-08-04 20:05:37,599 INFO [org.junit.Test] zero00428
2016-08-04 20:05:37,599 INFO [org.junit.Test] zero00429
2016-08-04 20:05:37,599 INFO [org.junit.Test] zero00430
2016-08-04 20:05:37,599 INFO [org.junit.Test] zero00431
2016-08-04 20:05:37,599 INFO [org.junit.Test] zero00432
2016-08-04 20:05:37,599 INFO [org.junit.Test] zero00433
2016-08-04 20:05:37,599 INFO [org.junit.Test] zero00434
2016-08-04 20:05:37,599 INFO [org.junit.Test] zero00435
2016-08-04 20:05:37,599 INFO [org.junit.Test] zero00436
2016-08-04 20:05:37,599 INFO [org.junit.Test] zero00437
2016-08-04 20:05:37,599 INFO [org.junit.Test] zero00438
2016-08-04 20:05:37,599 INFO [org.junit.Test] zero00439
2016-08-04 20:05:37,599 INFO [org.junit.Test] zero00440
2016-08-04 20:05:37,599 INFO [org.junit.Test] zero00441
2016-08-04 20:05:37,599 INFO [org.junit.Test] zero00442
2016-08-04 20:05:37,599 INFO [org.junit.Test] zero00443
2016-08-04 20:05:37,599 INFO [org.junit.Test] zero00444
2016-08-04 20:05:37,599 INFO [org.junit.Test] zero00445
2016-08-04 20:05:37,599 INFO [org.junit.Test] zero00446
2016-08-04 20:05:37,599 INFO [org.junit.Test] zero00447
2016-08-04 20:05:37,599 INFO [org.junit.Test] zero00448
2016-08-04 20:05:37,599 INFO [org.junit.Test] zero00449
2016-08-04 20:05:37,599 INFO [org.junit.Test] zero00450
2016-08-04 20:05:37,599 INFO [org.junit.Test] zero00451
2016-08-04 20:05:37,599 INFO [org.junit.Test] zero00452
2016-08-04 20:05:37,599 INFO [org.junit.Test] zero00453
2016-08-04 20:05:37,599 INFO [org.junit.Test] zero00454
2016-08-04 20:05:37,599 INFO [org.junit.Test] zero00455
2016-08-04 20:05:37,599 INFO [org.junit.Test] zero00456
2016-08-04 20:05:37,599 INFO [org.junit.Test] zero00457
2016-08-04 20:05:37,599 INFO [org.junit.Test] zero00458
2016-08-04 20:05:37,599 INFO [org.junit.Test] zero00459
2016-08-04 20:05:37,599 INFO [org.junit.Test] zero00460
2016-08-04 20:05:37,599 INFO [org.junit.Test] zero00461
2016-08-04 20:05:37,599 INFO [org.junit.Test] zero00462
2016-08-04 20:05:37,599 INFO [org.junit.Test] zero00463
2016-08-04 20:05:37,599 INFO [org.junit.Test] zero00464
2016-08-04 20:05:37,599 INFO [org.junit.Test] zero00465
2016-08-04 20:05:37,599 INFO [org.junit.Test] zero00466
2016-08-04 20:05:37,599 INFO [org.junit.Test] zero00467
2016-08-04 20:05:37,599 INFO [org.junit.Test] zero00468
2016-08-04 20:05:37,599 INFO [org.junit.Test] zero00469
2016-08-04 20:05:37,599 INFO [org.junit.Test] zero00470
2016-08-04 20:05:37,599 INFO [org.junit.Test] zero00471
2016-08-04 20:05:37,599 INFO [org.junit.Test] zero00472
2016-08-04 20:05:37,599 INFO [org.junit.Test] zero00473
2016-08-04 20:05:37,599 INFO [org.junit.Test] zero00474
2016-08-04 20:05:37,599 INFO [org.junit.Test] zero00475
2016-08-04 20:05:37,599 INFO [org.junit.Test] zero00476
2016-08-04 20:05:37,599 INFO [org.junit.Test] zero00477
2016-08-04 20:05:37,599 INFO [org.junit.Test] zero00478
2016-08-04 20:05:37,599 INFO [org.junit.Test] zero00479
2016-08-04 20:05:37,599 INFO [org.junit.Test] zero00480
2016-08-04 20:05:37,599 INFO [org.junit.Test] zero00481
2016-08-04 20:05:37,599 INFO [org.junit.Test] zero00482
2016-08-04 20:05:37,599 INFO [org.junit.Test] zero00483
2016-08-04 20:05:37,599 INFO [org.junit.Test] zero00484
2016-08-04 20:05:37,599 INFO [org.junit.Test] zero00485
2016-08-04 20:05:37,599 INFO [org.junit.Test] zero00486
2016-08-04 20:05:37,599 INFO [org.junit.Test] zero00487
2016-08-04 20:05:37,599 INFO [org.junit.Test] zero00488
2016-08-04 20:05:37,599 INFO [org.junit.Test] zero00489
2016-08-04 20:05:37,599 INFO [org.junit.Test] zero00490
2016-08-04 20:05:37,599 INFO [org.junit.Test] zero00491
2016-08-04 20:05:37,599 INFO [org.junit.Test] zero00492
2016-08-04 20:05:37,599 INFO [org.junit.Test] zero00493
2016-08-04 20:05:37,599 INFO [org.junit.Test] zero00494
2016-08-04 20:05:37,599 INFO [org.junit.Test] zero00495
2016-08-04 20:05:37,599 INFO [org.junit.Test] zero00496
2016-08-04 20:05:37,599 INFO [org.junit.Test] zero00497
2016-08-04 20:05:37,599 INFO [org.junit.Test] zero00498
2016-08-04 20:05:37,599 INFO [org.junit.Test] zero00499
2016-08-04 20:05:37,599 INFO [org.junit.Test] zero00500
2016-08-04 20:05:37,599 INFO [org.junit.Test] zero00501
2016-08-04 20:05:37,599 INFO [org.junit.Test] zero00502
2016-08-04 20:05:37,599 INFO [org.junit.Test] zero00503
2016-08-04 20:05:37,599 INFO [org.junit.Test] zero00504
2016-08-04 20:05:37,599 INFO [org.junit.Test] zero00505
2016-08-04 20:05:37,599 INFO [org.junit.Test] zero00506
2016-08-04 20:05:37,599 INFO [org.junit.Test] zero00507
2016-08-04 20:05:37,599 INFO [org.junit.Test] zero00508
2016-08-04 20:05:37,599 INFO [org.junit.Test] zero00509
2016-08-04 20:05:37,599 INFO [org.junit.Test] zero00510
2016-08-04 20:05:37,599 INFO [org.junit.Test] zero00511
2016-08-04 20:05:37,599 INFO [org.junit.Test] zero00512
2016-08-04 20:05:37,599 INFO [org.junit.Test] zero00513
2016-08-04 20:05:37,599 INFO [org.junit.Test] zero00514
2016-08-04 20:05:37,599 INFO [org.junit.Test] zero00515
2016-08-04 20:05:37,599 INFO [org.junit.Test] zero00516
2016-08-04 20:05:37,599 INFO [org.junit.Test] zero00517
2016-08-04 20:05:37,599 INFO [org.junit.Test] zero00518
2016-08-04 20:05:37,599 INFO [org.junit.Test] zero00519
2016-08-04 20:05:37,599 INFO [org.junit.Test] zero00520
2016-08-04 20:05:37,599 INFO [org.junit.Test] zero00521
2016-08-04 20:05:37,599 INFO [org.junit.Test] zero00522
2016-08-04 20:05:37,599 INFO [org.junit.Test] zero00523
2016-08-04 20:05:37,599 INFO [org.junit.Test] zero00524
2016-08-04 20:05:37,599 INFO [org.junit.Test] zero00525
2016-08-04 20:05:37,599 INFO [org.junit.Test] zero00526
2016-08-04 20:05:37,599 INFO [org.junit.Test] zero00527
2016-08-04 20:05:37,599 INFO [org.junit.Test] zero00528
2016-08-04 20:05:37,599 INFO [org.junit.Test] zero00529
2016-08-04 20:05:37,599 INFO [org.junit.Test] zero00530
2016-08-04 20:05:37,599 INFO [org.junit.Test] zero00531
2016-08-04 20:05:37,599 INFO [org.junit.Test] zero00532
2016-08-04 20:05:37,599 INFO [org.junit.Test] zero00533
2016-08-04 20:05:37,599 INFO [org.junit.Test] zero00534
2016-08-04 20:05:37,599 INFO [org.junit.Test] zero00535
2016-08-04 20:05:37,599 INFO [org.junit.Test] zero00536
2016-08-04 20:05:37,599 INFO [org.junit.Test] zero00537
2016-08-04 20:05:37,599 INFO [org.junit.Test] zero00538
2016-08-04 20:05:37,599 INFO [org.junit.Test] zero00539
2016-08-04 20:05:37,599 INFO [org.junit.Test] zero00540
2016-08-04 20:05:37,599 INFO [org.junit.Test] zero00541
2016-08-04 20:05:37,599 INFO [org.junit.Test] zero00542
2016-08-04 20:05:37,599 INFO [org.junit.Test] zero00543
2016-08-04 20:05:37,599 INFO [org.junit.Test] zero00544
2016-08-04 20:05:37,599 INFO [org.junit.Test] zero00545
2016-08-04 20:05:37,599 INFO [org.junit.Test] zero00546
2016-08-04 20:05:37,599 INFO [org.junit.Test] zero00547
2016-08-04 20:05:37,599 INFO [org.junit.Test] zero00548
2016-08-04 20:05:37,599 INFO [org.junit.Test] zero00549
2016-08-04 20:05:37,599 INFO [org.junit.Test] zero00550
2016-08-04 20:05:37,599 INFO [org.junit.Test] zero00551
2016-08-04 20:05:37,599 INFO [org.junit.Test] zero00552
2016-08-04 20:05:37,599 INFO [org.junit.Test] zero00553
2016-08-04 20:05:37,599 INFO [org.junit.Test] zero00554
2016-08-04 20:05:37,599 INFO [org.junit.Test] zero00555
2016-08-04 20:05:37,599 INFO [org.junit.Test] zero00556
2016-08-04 20:05:37,599 INFO [org.junit.Test] zero00557
2016-08-04 20:05:37,599 INFO [org.junit.Test] zero00558
2016-08-04 20:05:37,599 INFO [org.junit.Test] zero00559
2016-08-04 20:05:37,599 INFO [org.junit.Test] zero00560
2016-08-04 20:05:37,599 INFO [org.junit.Test] zero00561
2016-08-04 20:05:37,599 INFO [org.junit.Test] zero00562
2016-08-04 20:05:37,599 INFO [org.junit.Test] zero00563
2016-08-04 20:05:37,599 INFO [org.junit.Test] zero00564
2016-08-04 20:05:37,599 INFO [org.junit.Test] zero00565
2016-08-04 20:05:37,599 INFO [org.junit.Test] zero00566
2016-08-04 20:05:37,599 INFO [org.junit.Test] zero00567
2016-08-04 20:05:37,599 INFO [org.junit.Test] zero00568
2016-08-04 20:05:37,599 INFO [org.junit.Test] zero00569
2016-08-04 20:05:37,599 INFO [org.junit.Test] zero00570
2016-08-04 20:05:37,599 INFO [org.junit.Test] zero00571
2016-08-04 20:05:37,599 INFO [org.junit.Test] zero00572
2016-08-04 20:05:37,599 INFO [org.junit.Test] zero00573
2016-08-04 20:05:37,599 INFO [org.junit.Test] zero00574
2016-08-04 20:05:37,599 INFO [org.junit.Test] zero00575
2016-08-04 20:05:37,599 INFO [org.junit.Test] zero00576
2016-08-04 20:05:37,599 INFO [org.junit.Test] zero00577
2016-08-04 20:05:37,599 INFO [org.junit.Test] zero00578
2016-08-04 20:05:37,599 INFO [org.junit.Test] zero00579
2016-08-04 20:05:37,599 INFO [org.junit.Test] zero00580
2016-08-04 20:05:37,599 INFO [org.junit.Test] zero00581
2016-08-04 20:05:37,599 INFO [org.junit.Test] zero00582
2016-08-04 20:05:37,599 INFO [org.junit.Test] zero00583
2016-08-04 20:05:37,599 INFO [org.junit.Test] zero00584
2016-08-04 20:05:37,599 INFO [org.junit.Test] zero00585
2016-08-04 20:05:37,599 INFO [org.junit.Test] zero00586
2016-08-04 20:05:37,599 INFO [org.junit.Test] zero00587
2016-08-04 20:05:37,599 INFO [org.junit.Test] zero00588
2016-08-04 20:05:37,599 INFO [org.junit.Test] zero00589
2016-08-04 20:05:37,599 INFO [org.junit.Test] zero00590
2016-08-04 20:05:37,599 INFO [org.junit.Test] zero00591
2016-08-04 20:05:37,599 INFO [org.junit.Test] zero00592
2016-08-04 20:05:37,599 INFO [org.junit.Test] zero00593
2016-08-04 20:05:37,599 INFO [org.junit.Test] zero00594
2016-08-04 20:05:37,599 INFO [org.junit.Test] zero00595
2016-08-04 20:05:37,599 INFO [org.junit.Test] zero00596
2016-08-04 20:05:37,599 INFO [org.junit.Test] zero00597
2016-08-04 20:05:37,599 INFO [org.junit.Test] zero00598
2016-08-04 20:05:37,599 INFO [org.junit.Test] zero00599
2016-08-04 20:05:37,599 INFO [org.junit.Test] zero00600
2016-08-04 20:05:37,599 INFO [org.junit.Test] zero00601
2016-08-04 20:05:37,599 INFO [org.junit.Test] zero00602
2016-08-04 20:05:37,599 INFO [org.junit.Test] zero00603
2016-08-04 20:05:37,599 INFO [org.junit.Test] zero00604
2016-08-04 20:05:37,599 INFO [org.junit.Test] zero00605
2016-08-04 20:05:37,599 INFO [org.junit.Test] zero00606
2016-08-04 20:05:37,599 INFO [org.junit.Test] zero00607
2016-08-04 20:05:37,599 INFO [org.junit.Test] zero00608
2016-08-04 20:05:37,599 INFO [org.junit.Test] zero00609
2016-08-04 20:05:37,599 INFO [org.junit.Test] zero00610
2016-08-04 20:05:37,599 INFO [org.junit.Test] zero00611
2016-08-04 20:05:37,599 INFO [org.junit.Test] zero00612
2016-08-04 20:05:37,599 INFO [org.junit.Test] zero00613
2016-08-04 20:05:37,599 INFO [org.junit.Test] zero00614
2016-08-04 20:05:37,599 INFO [org.junit.Test] zero00615
2016-08-04 20:05:37,599 INFO [org.junit.Test] zero00616
2016-08-04 20:05:37,599 INFO [org.junit.Test] zero00617
2016-08-04 20:05:37,599 INFO [org.junit.Test] zero00618
2016-08-04 20:05:37,599 INFO [org.junit.Test] zero00619
2016-08-04 20:05:37,599 INFO [org.junit.Test] zero00620
2016-08-04 20:05:37,599 INFO [org.junit.Test] zero00621
2016-08-04 20:05:37,599 INFO [org.junit.Test] zero00622
2016-08-04 20:05:37,599 INFO [org.junit.Test] zero00623
2016-08-04 20:05:37,599 INFO [org.junit.Test] zero00624
2016-08-04 20:05:37,599 INFO [org.junit.Test] zero00625
2016-08-04 20:05:37,599 INFO [org.junit.Test] zero00626
2016-08-04 20:05:37,599 INFO [org.junit.Test] zero00627
2016-08-04 20:05:37,599 INFO [org.junit.Test] zero00628
2016-08-04 20:05:37,599 INFO [org.junit.Test] zero00629
2016-08-04 20:05:37,599 INFO [org.junit.Test] zero00630
2016-08-04 20:05:37,599 INFO [org.junit.Test] zero00631
2016-08-04 20:05:37,599 INFO [org.junit.Test] zero00632
2016-08-04 20:05:37,599 INFO [org.junit.Test] zero00633
2016-08-04 20:05:37,599 INFO [org.junit.Test] zero00634
2016-08-04 20:05:37,599 INFO [org.junit.Test] zero00635
2016-08-04 20:05:37,599 INFO [org.junit.Test] zero00636
2016-08-04 20:05:37,599 INFO [org.junit.Test] zero00637
2016-08-04 20:05:37,599 INFO [org.junit.Test] zero00638
2016-08-04 20:05:37,599 INFO [org.junit.Test] zero00639
2016-08-04 20:05:37,599 INFO [org.junit.Test] zero00640
2016-08-04 20:05:37,599 INFO [org.junit.Test] zero00641
2016-08-04 20:05:37,599 INFO [org.junit.Test] zero00642
2016-08-04 20:05:37,599 INFO [org.junit.Test] zero00643
2016-08-04 20:05:37,599 INFO [org.junit.Test] zero00644
2016-08-04 20:05:37,599 INFO [org.junit.Test] zero00645
2016-08-04 20:05:37,599 INFO [org.junit.Test] zero00646
2016-08-04 20:05:37,599 INFO [org.junit.Test] zero00647
2016-08-04 20:05:37,599 INFO [org.junit.Test] zero00648
2016-08-04 20:05:37,599 INFO [org.junit.Test] zero00649
2016-08-04 20:05:37,599 INFO [org.junit.Test] zero00650
2016-08-04 20:05:37,599 INFO [org.junit.Test] zero00651
2016-08-04 20:05:37,599 INFO [org.junit.Test] zero00652
2016-08-04 20:05:37,599 INFO [org.junit.Test] zero00653
2016-08-04 20:05:37,599 INFO [org.junit.Test] zero00654
2016-08-04 20:05:37,599 INFO [org.junit.Test] zero00655
2016-08-04 20:05:37,599 INFO [org.junit.Test] zero00656
2016-08-04 20:05:37,599 INFO [org.junit.Test] zero00657
2016-08-04 20:05:37,599 INFO [org.junit.Test] zero00658
2016-08-04 20:05:37,599 INFO [org.junit.Test] zero00659
2016-08-04 20:05:37,599 INFO [org.junit.Test] zero00660
2016-08-04 20:05:37,599 INFO [org.junit.Test] zero00661
2016-08-04 20:05:37,599 INFO [org.junit.Test] zero00662
2016-08-04 20:05:37,599 INFO [org.junit.Test] zero00663
2016-08-04 20:05:37,599 INFO [org.junit.Test] zero00664
2016-08-04 20:05:37,599 INFO [org.junit.Test] zero00665
2016-08-04 20:05:37,599 INFO [org.junit.Test] zero00666
2016-08-04 20:05:37,599 INFO [org.junit.Test] zero00667
2016-08-04 20:05:37,599 INFO [org.junit.Test] zero00668
2016-08-04 20:05:37,599 INFO [org.junit.Test] zero00669
2016-08-04 20:05:37,599 INFO [org.junit.Test] zero00670
2016-08-04 20:05:37,599 INFO [org.junit.Test] zero00671
2016-08-04 20:05:37,599 INFO [org.junit.Test] zero00672
2016-08-04 20:05:37,599 INFO [org.junit.Test] zero00673
2016-08-04 20:05:37,599 INFO [org.junit.Test] zero00674
2016-08-04 20:05:37,599 INFO [org.junit.Test] zero00675
2016-08-04 20:05:37,599 INFO [org.junit.Test] zero00676
2016-08-04 20:05:37,599 INFO [org.junit.Test] zero00677
2016-08-04 20:05:37,599 INFO [org.junit.Test] zero00678
2016-08-04 20:05:37,599 INFO [org.junit.Test] zero00679
2016-08-04 20:05:37,599 INFO [org.junit.Test] zero00680
2016-08-04 20:05:37,599 INFO [org.junit.Test] zero00681
2016-08-04 20:05:37,599 INFO [org.junit.Test] zero00682
2016-08-04 20:05:37,599 INFO [org.junit.Test] zero00683
2016-08-04 20:05:37,599 INFO [org.junit.Test] zero00684
2016-08-04 20:05:37,599 INFO [org.junit.Test] zero00685
2016-08-04 20:05:37,599 INFO [org.junit.Test] zero00686
2016-08-04 20:05:37,599 INFO [org.junit.Test] zero00687
2016-08-04 20:05:37,599 INFO [org.junit.Test] zero00688
2016-08-04 20:05:37,599 INFO [org.junit.Test] zero00689
2016-08-04 20:05:37,599 INFO [org.junit.Test] zero00690
2016-08-04 20:05:37,599 INFO [org.junit.Test] zero00691
2016-08-04 20:05:37,599 INFO [org.junit.Test] zero00692
2016-08-04 20:05:37,599 INFO [org.junit.Test] zero00693
2016-08-04 20:05:37,599 INFO [org.junit.Test] zero00694
2016-08-04 20:05:37,599 INFO [org.junit.Test] zero00695
2016-08-04 20:05:37,599 INFO [org.junit.Test] zero00696
2016-08-04 20:05:37,599 INFO [org.junit.Test] zero00697
2016-08-04 20:05:37,599 INFO [org.junit.Test] zero00698
2016-08-04 20:05:37,599 INFO [org.junit.Test] zero00699
2016-08-04 20:05:37,599 INFO [org.junit.Test] zero00700
2016-08-04 20:05:37,599 INFO [org.junit.Test] zero00701
2016-08-04 20:05:37,599 INFO [org.junit.Test] zero00702
2016-08-04 20:05:37,599 INFO [org.junit.Test] zero00703
2016-08-04 20:05:37,599 INFO [org.junit.Test] zero00704
2016-08-04 20:05:37,599 INFO [org.junit.Test] zero00705
2016-08-04 20:05:37,599 INFO [org.junit.Test] zero00706
2016-08-04 20:05:37,599 INFO [org.junit.Test] zero00707
2016-08-04 20:05:37,599 INFO [org.junit.Test] zero00708
2016-08-04 20:05:37,599 INFO [org.junit.Test] zero00709
2016-08-04 20:05:37,599 INFO [org.junit.Test] zero00710
2016-08-04 20:05:37,599 INFO [org.junit.Test] zero00711
2016-08-04 20:05:37,599 INFO [org.junit.Test] zero00712
2016-08-04 20:05:37,599 INFO [org.junit.Test] zero00713
2016-08-04 20:05:37,599 INFO [org.junit.Test] zero00714
2016-08-04 20:05:37,599 INFO [org.junit.Test] zero00715
2016-08-04 20:05:37,599 INFO [org.junit.Test] zero00716
2016-08-04 20:05:37,599 INFO [org.junit.Test] zero00717
2016-08-04 20:05:37,599 INFO [org.junit.Test] zero00718
2016-08-04 20:05:37,599 INFO [org.junit.Test] zero00719
2016-08-04 20:05:37,599 INFO [org.junit.Test] zero00720
2016-08-04 20:05:37,599 INFO [org.junit.Test] zero00721
2016-08-04 20:05:37,599 INFO [org.junit.Test] zero00722
2016-08-04 20:05:37,599 INFO [org.junit.Test] zero00723
2016-08-04 20:05:37,599 INFO [org.junit.Test] zero00724
2016-08-04 20:05:37,599 INFO [org.junit.Test] zero00725
2016-08-04 20:05:37,599 INFO [org.junit.Test] zero00726
2016-08-04 20:05:37,599 INFO [org.junit.Test] zero00727
2016-08-04 20:05:37,599 INFO [org.junit.Test] zero00728
2016-08-04 20:05:37,599 INFO [org.junit.Test] zero00729
2016-08-04 20:05:37,599 INFO [org.junit.Test] zero00730
2016-08-04 20:05:37,599 INFO [org.junit.Test] zero00731
2016-08-04 20:05:37,599 INFO [org.junit.Test] zero00732
2016-08-04 20:05:37,599 INFO [org.junit.Test] zero00733
2016-08-04 20:05:37,599 INFO [org.junit.Test] zero00734
2016-08-04 20:05:37,599 INFO [org.junit.Test] zero00735
2016-08-04 20:05:37,599 INFO [org.junit.Test] zero00736
2016-08-04 20:05:37,599 INFO [org.junit.Test] zero00737
2016-08-04 20:05:37,599 INFO [org.junit.Test] zero00738
2016-08-04 20:05:37,599 INFO [org.junit.Test] zero00739
2016-08-04 20:05:37,599 INFO [org.junit.Test] zero00740
2016-08-04 20:05:37,599 INFO [org.junit.Test] zero00741
2016-08-04 20:05:37,599 INFO [org.junit.Test] zero00742
2016-08-04 20:05:37,599 INFO [org.junit.Test] zero00743
2016-08-04 20:05:37,599 INFO [org.junit.Test] zero00744
2016-08-04 20:05:37,599 INFO [org.junit.Test] zero00745
2016-08-04 20:05:37,599 INFO [org.junit.Test] zero00746
2016-08-04 20:05:37,599 INFO [org.junit.Test] zero00747
2016-08-04 20:05:37,599 INFO [org.junit.Test] zero00748
2016-08-04 20:05:37,599 INFO [org.junit.Test] zero00749
2016-08-04 20:05:37,599 INFO [org.junit.Test] zero00750
2016-08-04 20:05:37,599 INFO [org.junit.Test] zero00751
2016-08-04 20:05:37,599 INFO [org.junit.Test] zero00752
2016-08-04 20:05:37,599 INFO [org.junit.Test] zero00753
2016-08-04 20:05:37,599 INFO [org.junit.Test] zero00754
2016-08-04 20:05:37,599 INFO [org.junit.Test] zero00755
2016-08-04 20:05:37,599 INFO [org.junit.Test] zero00756
2016-08-04 20:05:37,599 INFO [org.junit.Test] zero00757
2016-08-04 20:05:37,599 INFO [org.junit.Test] zero00758
2016-08-04 20:05:37,599 INFO [org.junit.Test] zero00759
2016-08-04 20:05:37,599 INFO [org.junit.Test] zero00760
2016-08-04 20:05:37,599 INFO [org.junit.Test] zero00761
2016-08-04 20:05:37,599 INFO [org.junit.Test] zero00762
2016-08-04 20:05:37,599 INFO [org.junit.Test] zero00763
2016-08-04 20:05:37,599 INFO [org.junit.Test] zero00764
2016-08-04 20:05:37,599 INFO [org.junit.Test] zero00765
2016-08-04 20:05:37,599 INFO [org.junit.Test] zero00766
2016-08-04 20:05:37,599 INFO [org.junit.Test] zero00767
2016-08-04 20:05:37,599 INFO [org.junit.Test] zero00768
2016-08-04 20:05:37,599 INFO [org.junit.Test] zero00769
2016-08-04 20:05:37,599 INFO [org.junit.Test] zero00770
2016-08-04 20:05:37,599 INFO [org.junit.Test] zero00771
2016-08-04 20:05:37,599 INFO [org.junit.Test] zero00772
2016-08-04 20:05:37,599 INFO [org.junit.Test] zero00773
2016-08-04 20:05:37,599 INFO [org.junit.Test] zero00774
2016-08-04 20:05:37,599 INFO [org.junit.Test] zero00775
2016-08-04 20:05:37,599 INFO [org.junit.Test] zero00776
2016-08-04 20:05:37,599 INFO [org.junit.Test] zero00777
2016-08-04 20:05:37,599 INFO [org.junit.Test] zero00778
2016-08-04 20:05:37,599 INFO [org.junit.Test] zero00779
2016-08-04 20:05:37,599 INFO [org.junit.Test] zero00780
2016-08-04 20:05:37,599 INFO [org.junit.Test] zero00781
2016-08-04 20:05:37,599 INFO [org.junit.Test] zero00782
2016-08-04 20:05:37,599 INFO [org.junit.Test] zero00783
2016-08-04 20:05:37,599 INFO [org.junit.Test] zero00784
2016-08-04 20:05:37,599 INFO [org.junit.Test] zero00785
2016-08-04 20:05:37,599 INFO [org.junit.Test] zero00786
2016-08-04 20:05:37,599 INFO [org.junit.Test] zero00787
2016-08-04 20:05:37,599 INFO [org.junit.Test] zero00788
2016-08-04 20:05:37,599 INFO [org.junit.Test] zero00789
2016-08-04 20:05:37,599 INFO [org.junit.Test] zero00790
2016-08-04 20:05:37,599 INFO [org.junit.Test] zero00791
2016-08-04 20:05:37,599 INFO [org.junit.Test] zero00792
2016-08-04 20:05:37,599 INFO [org.junit.Test] zero00793
2016-08-04 20:05:37,599 INFO [org.junit.Test] zero00794
2016-08-04 20:05:37,599 INFO [org.junit.Test] zero00795
2016-08-04 20:05:37,599 INFO [org.junit.Test] zero00796
2016-08-04 20:05:37,599 INFO [org.junit.Test] zero00797
2016-08-04 20:05:37,599 INFO [org.junit.Test] zero00798
2016-08-04 20:05:37,599 INFO [org.junit.Test] zero00799
2016-08-04 20:05:37,599 INFO [org.junit.Test] zero00800
2016-08-04 20:05:37,599 INFO [org.junit.Test] zero00801
2016-08-04 20:05:37,599 INFO [org.junit.Test] zero00802
2016-08-04 20:05:37,599 INFO [org.junit.Test] zero00803
2016-08-04 20:05:37,599 INFO [org.junit.Test] zero00804
2016-08-04 20:05:37,599 INFO [org.junit.Test] zero00805
2016-08-04 20:05:37,599 INFO [org.junit.Test] zero00806
2016-08-04 20:05:37,599 INFO [org.junit.Test] zero00807
2016-08-04 20:05:37,599 INFO [org.junit.Test] zero00808
2016-08-04 20:05:37,599 INFO [org.junit.Test] zero00809
2016-08-04 20:05:37,599 INFO [org.junit.Test] zero00810
2016-08-04 20:05:37,599 INFO [org.junit.Test] zero00811
2016-08-04 20:05:37,599 INFO [org.junit.Test] zero00812
2016-08-04 20:05:37,599 INFO [org.junit.Test] zero00813
2016-08-04 20:05:37,599 INFO [org.junit.Test] zero00814
2016-08-04 20:05:37,599 INFO [org.junit.Test] zero00815
2016-08-04 20:05:37,599 INFO [org.junit.Test] zero00816
2016-08-04 20:05:37,599 INFO [org.junit.Test] zero00817
2016-08-04 20:05:37,599 INFO [org.junit.Test] zero00818
2016-08-04 20:05:37,599 INFO [org.junit.Test] zero00819
2016-08-04 20:05:37,599 INFO [org.junit.Test] zero00820
2016-08-04 20:05:37,599 INFO [org.junit.Test] zero00821
2016-08-04 20:05:37,599 INFO [org.junit.Test] zero00822
2016-08-04 20:05:37,599 INFO [org.junit.Test] zero00823
2016-08-04 20:05:37,599 INFO [org.junit.Test] zero00824
2016-08-04 20:05:37,599 INFO [org.junit.Test] zero00825
2016-08-04 20:05:37,599 INFO [org.junit.Test] zero00826
2016-08-04 20:05:37,599 INFO [org.junit.Test] zero00827
2016-08-04 20:05:37,599 INFO [org.junit.Test] zero00828
2016-08-04 20:05:37,599 INFO [org.junit.Test] zero00829
2016-08-04 20:05:37,599 INFO [org.junit.Test] zero00830
2016-08-04 20:05:37,599 INFO [org.junit.Test] zero00831
2016-08-04 20:05:37,599 INFO [org.junit.Test] zero00832
2016-08-04 20:05:37,599 INFO [org.junit.Test] zero00833
2016-08-04 20:05:37,599 INFO [org.junit.Test] zero00834
2016-08-04 20:05:37,599 INFO [org.junit.Test] zero00835
2016-08-04 20:05:37,599 INFO [org.junit.Test] zero00836
2016-08-04 20:05:37,599 INFO [org.junit.Test] zero00837
2016-08-04 20:05:37,599 INFO [org.junit.Test] zero00838
2016-08-04 20:05:37,599 INFO [org.junit.Test] zero00839
2016-08-04 20:05:37,599 INFO [org.junit.Test] zero00840
2016-08-04 20:05:37,599 INFO [org.junit.Test] zero00841
2016-08-04 20:05:37,599 INFO [org.junit.Test] zero00842
2016-08-04 20:05:37,599 INFO [org.junit.Test] zero00843
2016-08-04 20:05:37,599 INFO [org.junit.Test] zero00844
2016-08-04 20:05:37,599 INFO [org.junit.Test] zero00845
2016-08-04 20:05:37,599 INFO [org.junit.Test] zero00846
2016-08-04 20:05:37,599 INFO [org.junit.Test] zero00847
2016-08-04 20:05:37,599 INFO [org.junit.Test] zero00848
2016-08-04 20:05:37,599 INFO [org.junit.Test] zero00849
2016-08-04 20:05:37,599 INFO [org.junit.Test] zero00850
2016-08-04 20:05:37,599 INFO [org.junit.Test] zero00851
2016-08-04 20:05:37,599 INFO [org.junit.Test] zero00852
2016-08-04 20:05:37,599 INFO [org.junit.Test] zero00853
2016-08-04 20:05:37,599 INFO [org.junit.Test] zero00854
2016-08-04 20:05:37,599 INFO [org.junit.Test] zero00855
2016-08-04 20:05:37,599 INFO [org.junit.Test] zero00856
2016-08-04 20:05:37,599 INFO [org.junit.Test] zero00857
2016-08-04 20:05:37,599 INFO [org.junit.Test] zero00858
2016-08-04 20:05:37,599 INFO [org.junit.Test] zero00859
2016-08-04 20:05:37,599 INFO [org.junit.Test] zero00860
2016-08-04 20:05:37,599 INFO [org.junit.Test] zero00861
2016-08-04 20:05:37,599 INFO [org.junit.Test] zero00862
2016-08-04 20:05:37,599 INFO [org.junit.Test] zero00863
2016-08-04 20:05:37,599 INFO [org.junit.Test] zero00864
2016-08-04 20:05:37,599 INFO [org.junit.Test] zero00865
2016-08-04 20:05:37,599 INFO [org.junit.Test] zero00866
2016-08-04 20:05:37,599 INFO [org.junit.Test] zero00867
2016-08-04 20:05:37,599 INFO [org.junit.Test] zero00868
2016-08-04 20:05:37,599 INFO [org.junit.Test] zero00869
2016-08-04 20:05:37,599 INFO [org.junit.Test] zero00870
2016-08-04 20:05:37,599 INFO [org.junit.Test] zero00871
2016-08-04 20:05:37,599 INFO [org.junit.Test] zero00872
2016-08-04 20:05:37,599 INFO [org.junit.Test] zero00873
2016-08-04 20:05:37,599 INFO [org.junit.Test] zero00874
2016-08-04 20:05:37,599 INFO [org.junit.Test] zero00875
2016-08-04 20:05:37,599 INFO [org.junit.Test] zero00876
2016-08-04 20:05:37,599 INFO [org.junit.Test] zero00877
2016-08-04 20:05:37,599 INFO [org.junit.Test] zero00878
2016-08-04 20:05:37,599 INFO [org.junit.Test] zero00879
2016-08-04 20:05:37,599 INFO [org.junit.Test] zero00880
2016-08-04 20:05:37,599 INFO [org.junit.Test] zero00881
2016-08-04 20:05:37,599 INFO [org.junit.Test] zero00882
2016-08-04 20:05:37,599 INFO [org.junit.Test] zero00883
2016-08-04 20:05:37,599 INFO [org.junit.Test] zero00884
2016-08-04 20:05:37,599 INFO [org.junit.Test] zero00885
2016-08-04 20:05:37,599 INFO [org.junit.Test] zero00886
2016-08-04 20:05:37,599 INFO [org.junit.Test] zero00887
2016-08-04 20:05:37,599 INFO [org.junit.Test] zero00888
2016-08-04 20:05:37,599 INFO [org.junit.Test] zero00889
2016-08-04 20:05:37,599 INFO [org.junit.Test] zero00890
2016-08-04 20:05:37,599 INFO [org.junit.Test] zero00891
2016-08-04 20:05:37,599 INFO [org.junit.Test] zero00892
2016-08-04 20:05:37,599 INFO [org.junit.Test] zero00893
2016-08-04 20:05:37,599 INFO [org.junit.Test] zero00894
2016-08-04 20:05:37,599 INFO [org.junit.Test] zero00895
2016-08-04 20:05:37,599 INFO [org.junit.Test] zero00896
2016-08-04 20:05:37,599 INFO [org.junit.Test] zero00897
2016-08-04 20:05:37,599 INFO [org.junit.Test] zero00898
2016-08-04 20:05:37,599 INFO [org.junit.Test] zero00899
2016-08-04 20:05:37,599 INFO [org.junit.Test] zero00900
2016-08-04 20:05:37,599 INFO [org.junit.Test] zero00901
2016-08-04 20:05:37,599 INFO [org.junit.Test] zero00902
2016-08-04 20:05:37,599 INFO [org.junit.Test] zero00903
2016-08-04 20:05:37,599 INFO [org.junit.Test] zero00904
2016-08-04 20:05:37,599 INFO [org.junit.Test] zero00905
2016-08-04 20:05:37,599 INFO [org.junit.Test] zero00906
2016-08-04 20:05:37,599 INFO [org.junit.Test] zero00907
2016-08-04 20:05:37,599 INFO [org.junit.Test] zero00908
2016-08-04 20:05:37,599 INFO [org.junit.Test] zero00909
2016-08-04 20:05:37,599 INFO [org.junit.Test] zero00910
2016-08-04 20:05:37,599 INFO [org.junit.Test] zero00911
2016-08-04 20:05:37,599 INFO [org.junit.Test] zero00912
2016-08-04 20:05:37,599 INFO [org.junit.Test] zero00913
2016-08-04 20:05:37,599 INFO [org.junit.Test] zero00914
2016-08-04 20:05:37,599 INFO [org.junit.Test] zero00915
2016-08-04 20:05:37,599 INFO [org.junit.Test] zero00916
2016-08-04 20:05:37,599 INFO [org.junit.Test] zero00917
2016-08-04 20:05:37,599 INFO [org.junit.Test] zero00918
2016-08-04 20:05:37,599 INFO [org.junit.Test] zero00919
2016-08-04 20:05:37,599 INFO [org.junit.Test] zero00920
2016-08-04 20:05:37,599 INFO [org.junit.Test] zero00921
2016-08-04 20:05:37,599 INFO [org.junit.Test] zero00922
2016-08-04 20:05:37,599 INFO [org.junit.Test] zero00923
2016-08-04 20:05:37,599 INFO [org.junit.Test] zero00924
2016-08-04 20:05:37,599 INFO [org.junit.Test] zero00925
2016-08-04 20:05:37,599 INFO [org.junit.Test] zero00926
2016-08-04 20:05:37,599 INFO [org.junit.Test] zero00927
2016-08-04 20:05:37,599 INFO [org.junit.Test] zero00928
2016-08-04 20:05:37,599 INFO [org.junit.Test] zero00929
2016-08-04 20:05:37,599 INFO [org.junit.Test] zero00930
2016-08-04 20:05:37,599 INFO [org.junit.Test] zero00931
2016-08-04 20:05:37,599 INFO [org.junit.Test] zero00932
2016-08-04 20:05:37,599 INFO [org.junit.Test] zero00933
2016-08-04 20:05:37,599 INFO [org.junit.Test] zero00934
2016-08-04 20:05:37,599 INFO [org.junit.Test] zero00935
2016-08-04 20:05:37,599 INFO [org.junit.Test] zero00936
2016-08-04 20:05:37,599 INFO [org.junit.Test] zero00937
2016-08-04 20:05:37,599 INFO [org.junit.Test] zero00938
2016-08-04 20:05:37,599 INFO [org.junit.Test] zero00939
2016-08-04 20:05:37,599 INFO [org.junit.Test] zero00940
2016-08-04 20:05:37,599 INFO [org.junit.Test] zero00941
2016-08-04 20:05:37,599 INFO [org.junit.Test] zero00942
2016-08-04 20:05:37,599 INFO [org.junit.Test] zero00943
2016-08-04 20:05:37,599 INFO [org.junit.Test] zero00944
2016-08-04 20:05:37,599 INFO [org.junit.Test] zero00945
2016-08-04 20:05:37,599 INFO [org.junit.Test] zero00946
2016-08-04 20:05:37,599 INFO [org.junit.Test] zero00947
2016-08-04 20:05:37,599 INFO [org.junit.Test] zero00948
2016-08-04 20:05:37,599 INFO [org.junit.Test] zero00949
2016-08-04 20:05:37,599 INFO [org.junit.Test] zero00950
2016-08-04 20:05:37,599 INFO [org.junit.Test] zero00951
2016-08-04 20:05:37,599 INFO [org.junit.Test] zero00952
2016-08-04 20:05:37,599 INFO [org.junit.Test] zero00953
2016-08-04 20:05:37,599 INFO [org.junit.Test] zero00954
2016-08-04 20:05:37,599 INFO [org.junit.Test] zero00955
2016-08-04 20:05:37,599 INFO [org.junit.Test] zero00956
2016-08-04 20:05:37,599 INFO [org.junit.Test] zero00957
2016-08-04 20:05:37,599 INFO [org.junit.Test] zero00958
2016-08-04 20:05:37,599 INFO [org.junit.Test] zero00959
2016-08-04 20:05:37,599 INFO [org.junit.Test] zero00960
2016-08-04 20:05:37,599 INFO [org.junit.Test] zero00961
2016-08-04 20:05:37,599 INFO [org.junit.Test] zero00962
2016-08-04 20:05:37,599 INFO [org.junit.Test] zero00963
2016-08-04 20:05:37,599 INFO [org.junit.Test] zero00964
2016-08-04 20:05:37,599 INFO [org.junit.Test] zero00965
2016-08-04 20:05:37,599 INFO [org.junit.Test] zero00966
2016-08-04 20:05:37,599 INFO [org.junit.Test] zero00967
2016-08-04 20:05:37,599 INFO [org.junit.Test] zero00968
2016-08-04 20:05:37,599 INFO [org.junit.Test] zero00969
2016-08-04 20:05:37,599 INFO [org.junit.Test] zero00970
2016-08-04 20:05:37,599 INFO [org.junit.Test] zero00971
2016-08-04 20:05:37,599 INFO [org.junit.Test] zero00972
2016-08-04 20:05:37,599 INFO [org.junit.Test] zero00973
2016-08-04 20:05:37,599 INFO [org.junit.Test] zero00974
2016-08-04 20:05:37,599 INFO [org.junit.Test] zero00975
2016-08-04 20:05:37,599 INFO [org.junit.Test] zero00976
2016-08-04 20:05:37,599 INFO [org.junit.Test] zero00977
2016-08-04 20:05:37,599 INFO [org.junit.Test] zero00978
2016-08-04 20:05:37,599 INFO [org.junit.Test] zero00979
2016-08-04 20:05:37,599 INFO [org.junit.Test] zero00980
2016-08-04 20:05:37,599 INFO [org.junit.Test] zero00981
2016-08-04 20:05:37,599 INFO [org.junit.Test] zero00982
2016-08-04 20:05:37,599 INFO [org.junit.Test] zero00983
2016-08-04 20:05:37,599 INFO [org.junit.Test] zero00984
2016-08-04 20:05:37,599 INFO [org.junit.Test] zero00985
2016-08-04 20:05:37,599 INFO [org.junit.Test] zero00986
2016-08-04 20:05:37,599 INFO [org.junit.Test] zero00987
2016-08-04 20:05:37,599 INFO [org.junit.Test] zero00988
2016-08-04 20:05:37,599 INFO [org.junit.Test] zero00989
2016-08-04 20:05:37,599 INFO [org.junit.Test] zero00990
2016-08-04 20:05:37,599 INFO [org.junit.Test] zero00991
2016-08-04 20:05:37,599 INFO [org.junit.Test] zero00992
2016-08-04 20:05:37,599 INFO [org.junit.Test] zero00993
2016-08-04 20:05:37,599 INFO [org.junit.Test] zero00994
2016-08-04 20:05:37,599 INFO [org.junit.Test] zero00995
2016-08-04 20:05:37,599 INFO [org.junit.Test] zero00996
2016-08-04 20:05:37,599 INFO [org.junit.Test] zero00997
2016-08-04 20:05:37,599 INFO [org.junit.Test] zero00998
2016-08-04 20:05:37,599 INFO [org.junit.Test] zero00999
2016-08-04 20:05:40,600 INFO [org.junit.Test] zero000
2016-08-04 20:05:40,600 INFO [org.junit.Test] zero001
2016-08-04 20:05:40,600 INFO [org.junit.Test] zero002
2016-08-04 20:05:40,600 INFO [org.junit.Test] zero003
2016-08-04 20:05:40,600 INFO [org.junit.Test] zero004
2016-08-04 20:05:40,600 INFO [org.junit.Test] zero005
2016-08-04 20:05:40,600 INFO [org.junit.Test] zero006
2016-08-04 20:05:40,600 INFO [org.junit.Test] zero007
2016-08-04 20:05:40,600 INFO [org.junit.Test] zero008
2016-08-04 20:05:40,600 INFO [org.junit.Test] zero009
2016-08-04 20:05:40,600 INFO [org.junit.Test] zero0010
2016-08-04 20:05:40,600 INFO [org.junit.Test] zero0011
2016-08-04 20:05:40,600 INFO [org.junit.Test] zero0012
2016-08-04 20:05:40,600 INFO [org.junit.Test] zero0013
2016-08-04 20:05:40,600 INFO [org.junit.Test] zero0014
2016-08-04 20:05:40,600 INFO [org.junit.Test] zero0015
2016-08-04 20:05:40,600 INFO [org.junit.Test] zero0016
2016-08-04 20:05:40,600 INFO [org.junit.Test] zero0017
2016-08-04 20:05:40,600 INFO [org.junit.Test] zero0018
2016-08-04 20:05:40,600 INFO [org.junit.Test] zero0019
2016-08-04 20:05:40,600 INFO [org.junit.Test] zero0020
2016-08-04 20:05:40,600 INFO [org.junit.Test] zero0021
2016-08-04 20:05:40,600 INFO [org.junit.Test] zero0022
2016-08-04 20:05:40,600 INFO [org.junit.Test] zero0023
2016-08-04 20:05:40,600 INFO [org.junit.Test] zero0024
2016-08-04 20:05:40,600 INFO [org.junit.Test] zero0025
2016-08-04 20:05:40,600 INFO [org.junit.Test] zero0026
2016-08-04 20:05:40,600 INFO [org.junit.Test] zero0027
2016-08-04 20:05:40,600 INFO [org.junit.Test] zero0028
2016-08-04 20:05:40,600 INFO [org.junit.Test] zero0029
2016-08-04 20:05:40,600 INFO [org.junit.Test] zero0030
2016-08-04 20:05:40,600 INFO [org.junit.Test] zero0031
2016-08-04 20:05:40,600 INFO [org.junit.Test] zero0032
2016-08-04 20:05:40,600 INFO [org.junit.Test] zero0033
2016-08-04 20:05:40,600 INFO [org.junit.Test] zero0034
2016-08-04 20:05:40,600 INFO [org.junit.Test] zero0035
2016-08-04 20:05:40,600 INFO [org.junit.Test] zero0036
2016-08-04 20:05:40,600 INFO [org.junit.Test] zero0037
2016-08-04 20:05:40,600 INFO [org.junit.Test] zero0038
2016-08-04 20:05:40,600 INFO [org.junit.Test] zero0039
2016-08-04 20:05:40,600 INFO [org.junit.Test] zero0040
2016-08-04 20:05:40,600 INFO [org.junit.Test] zero0041
2016-08-04 20:05:40,600 INFO [org.junit.Test] zero0042
2016-08-04 20:05:40,600 INFO [org.junit.Test] zero0043
2016-08-04 20:05:40,600 INFO [org.junit.Test] zero0044
2016-08-04 20:05:40,600 INFO [org.junit.Test] zero0045
2016-08-04 20:05:40,600 INFO [org.junit.Test] zero0046
2016-08-04 20:05:40,600 INFO [org.junit.Test] zero0047
2016-08-04 20:05:40,600 INFO [org.junit.Test] zero0048
2016-08-04 20:05:40,600 INFO [org.junit.Test] zero0049
2016-08-04 20:05:40,600 INFO [org.junit.Test] zero0050
2016-08-04 20:05:40,600 INFO [org.junit.Test] zero0051
2016-08-04 20:05:40,600 INFO [org.junit.Test] zero0052
2016-08-04 20:05:40,600 INFO [org.junit.Test] zero0053
2016-08-04 20:05:40,600 INFO [org.junit.Test] zero0054
2016-08-04 20:05:40,600 INFO [org.junit.Test] zero0055
2016-08-04 20:05:40,600 INFO [org.junit.Test] zero0056
2016-08-04 20:05:40,600 INFO [org.junit.Test] zero0057
2016-08-04 20:05:40,600 INFO [org.junit.Test] zero0058
2016-08-04 20:05:40,600 INFO [org.junit.Test] zero0059
2016-08-04 20:05:40,600 INFO [org.junit.Test] zero0060
2016-08-04 20:05:40,600 INFO [org.junit.Test] zero0061
2016-08-04 20:05:40,600 INFO [org.junit.Test] zero0062
2016-08-04 20:05:40,600 INFO [org.junit.Test] zero0063
2016-08-04 20:05:40,600 INFO [org.junit.Test] zero0064
2016-08-04 20:05:40,600 INFO [org.junit.Test] zero0065
2016-08-04 20:05:40,600 INFO [org.junit.Test] zero0066
2016-08-04 20:05:40,600 INFO [org.junit.Test] zero0067
2016-08-04 20:05:40,600 INFO [org.junit.Test] zero0068
2016-08-04 20:05:40,600 INFO [org.junit.Test] zero0069
2016-08-04 20:05:40,600 INFO [org.junit.Test] zero0070
2016-08-04 20:05:40,600 INFO [org.junit.Test] zero0071
2016-08-04 20:05:40,600 INFO [org.junit.Test] zero0072
2016-08-04 20:05:40,600 INFO [org.junit.Test] zero0073
2016-08-04 20:05:40,600 INFO [org.junit.Test] zero0074
2016-08-04 20:05:40,600 INFO [org.junit.Test] zero0075
2016-08-04 20:05:40,600 INFO [org.junit.Test] zero0076
2016-08-04 20:05:40,600 INFO [org.junit.Test] zero0077
2016-08-04 20:05:40,600 INFO [org.junit.Test] zero0078
2016-08-04 20:05:40,600 INFO [org.junit.Test] zero0079
2016-08-04 20:05:40,600 INFO [org.junit.Test] zero0080
2016-08-04 20:05:40,600 INFO [org.junit.Test] zero0081
2016-08-04 20:05:40,600 INFO [org.junit.Test] zero0082
2016-08-04 20:05:40,600 INFO [org.junit.Test] zero0083
2016-08-04 20:05:40,600 INFO [org.junit.Test] zero0084
2016-08-04 20:05:40,600 INFO [org.junit.Test] zero0085
2016-08-04 20:05:40,600 INFO [org.junit.Test] zero0086
2016-08-04 20:05:40,600 INFO [org.junit.Test] zero0087
2016-08-04 20:05:40,600 INFO [org.junit.Test] zero0088
2016-08-04 20:05:40,600 INFO [org.junit.Test] zero0089
2016-08-04 20:05:40,600 INFO [org.junit.Test] zero0090
2016-08-04 20:05:40,600 INFO [org.junit.Test] zero0091
2016-08-04 20:05:40,600 INFO [org.junit.Test] zero0092
2016-08-04 20:05:40,600 INFO [org.junit.Test] zero0093
2016-08-04 20:05:40,600 INFO [org.junit.Test] zero0094
2016-08-04 20:05:40,600 INFO [org.junit.Test] zero0095
2016-08-04 20:05:40,600 INFO [org.junit.Test] zero0096
2016-08-04 20:05:40,600 INFO [org.junit.Test] zero0097
2016-08-04 20:05:40,600 INFO [org.junit.Test] zero0098
2016-08-04 20:05:40,600 INFO [org.junit.Test] zero0099
2016-08-04 20:05:40,600 INFO [org.junit.Test] zero00100
2016-08-04 20:05:40,600 INFO [org.junit.Test] zero00101
2016-08-04 20:05:40,600 INFO [org.junit.Test] zero00102
2016-08-04 20:05:40,600 INFO [org.junit.Test] zero00103
2016-08-04 20:05:40,600 INFO [org.junit.Test] zero00104
2016-08-04 20:05:40,600 INFO [org.junit.Test] zero00105
2016-08-04 20:05:40,600 INFO [org.junit.Test] zero00106
2016-08-04 20:05:40,600 INFO [org.junit.Test] zero00107
2016-08-04 20:05:40,600 INFO [org.junit.Test] zero00108
2016-08-04 20:05:40,600 INFO [org.junit.Test] zero00109
2016-08-04 20:05:40,600 INFO [org.junit.Test] zero00110
2016-08-04 20:05:40,600 INFO [org.junit.Test] zero00111
2016-08-04 20:05:40,600 INFO [org.junit.Test] zero00112
2016-08-04 20:05:40,600 INFO [org.junit.Test] zero00113
2016-08-04 20:05:40,600 INFO [org.junit.Test] zero00114
2016-08-04 20:05:40,600 INFO [org.junit.Test] zero00115
2016-08-04 20:05:40,600 INFO [org.junit.Test] zero00116
2016-08-04 20:05:40,600 INFO [org.junit.Test] zero00117
2016-08-04 20:05:40,600 INFO [org.junit.Test] zero00118
2016-08-04 20:05:40,600 INFO [org.junit.Test] zero00119
2016-08-04 20:05:40,600 INFO [org.junit.Test] zero00120
2016-08-04 20:05:40,600 INFO [org.junit.Test] zero00121
2016-08-04 20:05:40,600 INFO [org.junit.Test] zero00122
2016-08-04 20:05:40,600 INFO [org.junit.Test] zero00123
2016-08-04 20:05:40,600 INFO [org.junit.Test] zero00124
2016-08-04 20:05:40,600 INFO [org.junit.Test] zero00125
2016-08-04 20:05:40,600 INFO [org.junit.Test] zero00126
2016-08-04 20:05:40,600 INFO [org.junit.Test] zero00127
2016-08-04 20:05:40,600 INFO [org.junit.Test] zero00128
2016-08-04 20:05:40,600 INFO [org.junit.Test] zero00129
2016-08-04 20:05:40,600 INFO [org.junit.Test] zero00130
2016-08-04 20:05:40,600 INFO [org.junit.Test] zero00131
2016-08-04 20:05:40,600 INFO [org.junit.Test] zero00132
2016-08-04 20:05:40,600 INFO [org.junit.Test] zero00133
2016-08-04 20:05:40,600 INFO [org.junit.Test] zero00134
2016-08-04 20:05:40,600 INFO [org.junit.Test] zero00135
2016-08-04 20:05:40,600 INFO [org.junit.Test] zero00136
2016-08-04 20:05:40,600 INFO [org.junit.Test] zero00137
2016-08-04 20:05:40,600 INFO [org.junit.Test] zero00138
2016-08-04 20:05:40,600 INFO [org.junit.Test] zero00139
2016-08-04 20:05:40,600 INFO [org.junit.Test] zero00140
2016-08-04 20:05:40,600 INFO [org.junit.Test] zero00141
2016-08-04 20:05:40,600 INFO [org.junit.Test] zero00142
2016-08-04 20:05:40,600 INFO [org.junit.Test] zero00143
2016-08-04 20:05:40,600 INFO [org.junit.Test] zero00144
2016-08-04 20:05:40,600 INFO [org.junit.Test] zero00145
2016-08-04 20:05:40,600 INFO [org.junit.Test] zero00146
2016-08-04 20:05:40,600 INFO [org.junit.Test] zero00147
2016-08-04 20:05:40,600 INFO [org.junit.Test] zero00148
2016-08-04 20:05:40,600 INFO [org.junit.Test] zero00149
2016-08-04 20:05:40,600 INFO [org.junit.Test] zero00150
2016-08-04 20:05:40,600 INFO [org.junit.Test] zero00151
2016-08-04 20:05:40,600 INFO [org.junit.Test] zero00152
2016-08-04 20:05:40,600 INFO [org.junit.Test] zero00153
2016-08-04 20:05:40,600 INFO [org.junit.Test] zero00154
2016-08-04 20:05:40,600 INFO [org.junit.Test] zero00155
2016-08-04 20:05:40,600 INFO [org.junit.Test] zero00156
2016-08-04 20:05:40,600 INFO [org.junit.Test] zero00157
2016-08-04 20:05:40,600 INFO [org.junit.Test] zero00158
2016-08-04 20:05:40,600 INFO [org.junit.Test] zero00159
2016-08-04 20:05:40,600 INFO [org.junit.Test] zero00160
2016-08-04 20:05:40,600 INFO [org.junit.Test] zero00161
2016-08-04 20:05:40,600 INFO [org.junit.Test] zero00162
2016-08-04 20:05:40,600 INFO [org.junit.Test] zero00163
2016-08-04 20:05:40,600 INFO [org.junit.Test] zero00164
2016-08-04 20:05:40,600 INFO [org.junit.Test] zero00165
2016-08-04 20:05:40,600 INFO [org.junit.Test] zero00166
2016-08-04 20:05:40,600 INFO [org.junit.Test] zero00167
2016-08-04 20:05:40,600 INFO [org.junit.Test] zero00168
2016-08-04 20:05:40,600 INFO [org.junit.Test] zero00169
2016-08-04 20:05:40,600 INFO [org.junit.Test] zero00170
2016-08-04 20:05:40,600 INFO [org.junit.Test] zero00171
2016-08-04 20:05:40,600 INFO [org.junit.Test] zero00172
2016-08-04 20:05:40,600 INFO [org.junit.Test] zero00173
2016-08-04 20:05:40,600 INFO [org.junit.Test] zero00174
2016-08-04 20:05:40,600 INFO [org.junit.Test] zero00175
2016-08-04 20:05:40,600 INFO [org.junit.Test] zero00176
2016-08-04 20:05:40,600 INFO [org.junit.Test] zero00177
2016-08-04 20:05:40,600 INFO [org.junit.Test] zero00178
2016-08-04 20:05:40,600 INFO [org.junit.Test] zero00179
2016-08-04 20:05:40,600 INFO [org.junit.Test] zero00180
2016-08-04 20:05:40,600 INFO [org.junit.Test] zero00181
2016-08-04 20:05:40,600 INFO [org.junit.Test] zero00182
2016-08-04 20:05:40,600 INFO [org.junit.Test] zero00183
2016-08-04 20:05:40,600 INFO [org.junit.Test] zero00184
2016-08-04 20:05:40,600 INFO [org.junit.Test] zero00185
2016-08-04 20:05:40,600 INFO [org.junit.Test] zero00186
2016-08-04 20:05:40,600 INFO [org.junit.Test] zero00187
2016-08-04 20:05:40,600 INFO [org.junit.Test] zero00188
2016-08-04 20:05:40,600 INFO [org.junit.Test] zero00189
2016-08-04 20:05:40,600 INFO [org.junit.Test] zero00190
2016-08-04 20:05:40,600 INFO [org.junit.Test] zero00191
2016-08-04 20:05:40,600 INFO [org.junit.Test] zero00192
2016-08-04 20:05:40,600 INFO [org.junit.Test] zero00193
2016-08-04 20:05:40,600 INFO [org.junit.Test] zero00194
2016-08-04 20:05:40,600 INFO [org.junit.Test] zero00195
2016-08-04 20:05:40,600 INFO [org.junit.Test] zero00196
2016-08-04 20:05:40,600 INFO [org.junit.Test] zero00197
2016-08-04 20:05:40,600 INFO [org.junit.Test] zero00198
2016-08-04 20:05:40,600 INFO [org.junit.Test] zero00199
2016-08-04 20:05:40,600 INFO [org.junit.Test] zero00200
2016-08-04 20:05:40,600 INFO [org.junit.Test] zero00201
2016-08-04 20:05:40,600 INFO [org.junit.Test] zero00202
2016-08-04 20:05:40,600 INFO [org.junit.Test] zero00203
2016-08-04 20:05:40,600 INFO [org.junit.Test] zero00204
2016-08-04 20:05:40,600 INFO [org.junit.Test] zero00205
2016-08-04 20:05:40,600 INFO [org.junit.Test] zero00206
2016-08-04 20:05:40,600 INFO [org.junit.Test] zero00207
2016-08-04 20:05:40,600 INFO [org.junit.Test] zero00208
2016-08-04 20:05:40,600 INFO [org.junit.Test] zero00209
2016-08-04 20:05:40,600 INFO [org.junit.Test] zero00210
2016-08-04 20:05:40,600 INFO [org.junit.Test] zero00211
2016-08-04 20:05:40,600 INFO [org.junit.Test] zero00212
2016-08-04 20:05:40,600 INFO [org.junit.Test] zero00213
2016-08-04 20:05:40,600 INFO [org.junit.Test] zero00214
2016-08-04 20:05:40,600 INFO [org.junit.Test] zero00215
2016-08-04 20:05:40,600 INFO [org.junit.Test] zero00216
2016-08-04 20:05:40,600 INFO [org.junit.Test] zero00217
2016-08-04 20:05:40,600 INFO [org.junit.Test] zero00218
2016-08-04 20:05:40,600 INFO [org.junit.Test] zero00219
2016-08-04 20:05:40,600 INFO [org.junit.Test] zero00220
2016-08-04 20:05:40,600 INFO [org.junit.Test] zero00221
2016-08-04 20:05:40,600 INFO [org.junit.Test] zero00222
2016-08-04 20:05:40,600 INFO [org.junit.Test] zero00223
2016-08-04 20:05:40,600 INFO [org.junit.Test] zero00224
2016-08-04 20:05:40,600 INFO [org.junit.Test] zero00225
2016-08-04 20:05:40,600 INFO [org.junit.Test] zero00226
2016-08-04 20:05:40,600 INFO [org.junit.Test] zero00227
2016-08-04 20:05:40,600 INFO [org.junit.Test] zero00228
2016-08-04 20:05:40,600 INFO [org.junit.Test] zero00229
2016-08-04 20:05:40,600 INFO [org.junit.Test] zero00230
2016-08-04 20:05:40,600 INFO [org.junit.Test] zero00231
2016-08-04 20:05:40,600 INFO [org.junit.Test] zero00232
2016-08-04 20:05:40,600 INFO [org.junit.Test] zero00233
2016-08-04 20:05:40,600 INFO [org.junit.Test] zero00234
2016-08-04 20:05:40,600 INFO [org.junit.Test] zero00235
2016-08-04 20:05:40,600 INFO [org.junit.Test] zero00236
2016-08-04 20:05:40,600 INFO [org.junit.Test] zero00237
2016-08-04 20:05:40,600 INFO [org.junit.Test] zero00238
2016-08-04 20:05:40,600 INFO [org.junit.Test] zero00239
2016-08-04 20:05:40,600 INFO [org.junit.Test] zero00240
2016-08-04 20:05:40,600 INFO [org.junit.Test] zero00241
2016-08-04 20:05:40,600 INFO [org.junit.Test] zero00242
2016-08-04 20:05:40,600 INFO [org.junit.Test] zero00243
2016-08-04 20:05:40,600 INFO [org.junit.Test] zero00244
2016-08-04 20:05:40,600 INFO [org.junit.Test] zero00245
2016-08-04 20:05:40,600 INFO [org.junit.Test] zero00246
2016-08-04 20:05:40,600 INFO [org.junit.Test] zero00247
2016-08-04 20:05:40,600 INFO [org.junit.Test] zero00248
2016-08-04 20:05:40,600 INFO [org.junit.Test] zero00249
2016-08-04 20:05:40,600 INFO [org.junit.Test] zero00250
2016-08-04 20:05:40,600 INFO [org.junit.Test] zero00251
2016-08-04 20:05:40,600 INFO [org.junit.Test] zero00252
2016-08-04 20:05:40,600 INFO [org.junit.Test] zero00253
2016-08-04 20:05:40,600 INFO [org.junit.Test] zero00254
2016-08-04 20:05:40,600 INFO [org.junit.Test] zero00255
2016-08-04 20:05:40,600 INFO [org.junit.Test] zero00256
2016-08-04 20:05:40,600 INFO [org.junit.Test] zero00257
2016-08-04 20:05:40,600 INFO [org.junit.Test] zero00258
2016-08-04 20:05:40,600 INFO [org.junit.Test] zero00259
2016-08-04 20:05:40,600 INFO [org.junit.Test] zero00260
2016-08-04 20:05:40,600 INFO [org.junit.Test] zero00261
2016-08-04 20:05:40,600 INFO [org.junit.Test] zero00262
2016-08-04 20:05:40,600 INFO [org.junit.Test] zero00263
2016-08-04 20:05:40,600 INFO [org.junit.Test] zero00264
2016-08-04 20:05:40,600 INFO [org.junit.Test] zero00265
2016-08-04 20:05:40,600 INFO [org.junit.Test] zero00266
2016-08-04 20:05:40,600 INFO [org.junit.Test] zero00267
2016-08-04 20:05:40,600 INFO [org.junit.Test] zero00268
2016-08-04 20:05:40,600 INFO [org.junit.Test] zero00269
2016-08-04 20:05:40,600 INFO [org.junit.Test] zero00270
2016-08-04 20:05:40,600 INFO [org.junit.Test] zero00271
2016-08-04 20:05:40,600 INFO [org.junit.Test] zero00272
2016-08-04 20:05:40,600 INFO [org.junit.Test] zero00273
2016-08-04 20:05:40,600 INFO [org.junit.Test] zero00274
2016-08-04 20:05:40,600 INFO [org.junit.Test] zero00275
2016-08-04 20:05:40,600 INFO [org.junit.Test] zero00276
2016-08-04 20:05:40,600 INFO [org.junit.Test] zero00277
2016-08-04 20:05:40,600 INFO [org.junit.Test] zero00278
2016-08-04 20:05:40,600 INFO [org.junit.Test] zero00279
2016-08-04 20:05:40,600 INFO [org.junit.Test] zero00280
2016-08-04 20:05:40,600 INFO [org.junit.Test] zero00281
2016-08-04 20:05:40,600 INFO [org.junit.Test] zero00282
2016-08-04 20:05:40,600 INFO [org.junit.Test] zero00283
2016-08-04 20:05:40,600 INFO [org.junit.Test] zero00284
2016-08-04 20:05:40,600 INFO [org.junit.Test] zero00285
2016-08-04 20:05:40,600 INFO [org.junit.Test] zero00286
2016-08-04 20:05:40,600 INFO [org.junit.Test] zero00287
2016-08-04 20:05:40,600 INFO [org.junit.Test] zero00288
2016-08-04 20:05:40,600 INFO [org.junit.Test] zero00289
2016-08-04 20:05:40,600 INFO [org.junit.Test] zero00290
2016-08-04 20:05:40,600 INFO [org.junit.Test] zero00291
2016-08-04 20:05:40,600 INFO [org.junit.Test] zero00292
2016-08-04 20:05:40,600 INFO [org.junit.Test] zero00293
2016-08-04 20:05:40,600 INFO [org.junit.Test] zero00294
2016-08-04 20:05:40,600 INFO [org.junit.Test] zero00295
2016-08-04 20:05:40,600 INFO [org.junit.Test] zero00296
2016-08-04 20:05:40,600 INFO [org.junit.Test] zero00297
2016-08-04 20:05:40,600 INFO [org.junit.Test] zero00298
2016-08-04 20:05:40,600 INFO [org.junit.Test] zero00299
2016-08-04 20:05:40,600 INFO [org.junit.Test] zero00300
2016-08-04 20:05:40,600 INFO [org.junit.Test] zero00301
2016-08-04 20:05:40,600 INFO [org.junit.Test] zero00302
2016-08-04 20:05:40,600 INFO [org.junit.Test] zero00303
2016-08-04 20:05:40,600 INFO [org.junit.Test] zero00304
2016-08-04 20:05:40,600 INFO [org.junit.Test] zero00305
2016-08-04 20:05:40,600 INFO [org.junit.Test] zero00306
2016-08-04 20:05:40,600 INFO [org.junit.Test] zero00307
2016-08-04 20:05:40,600 INFO [org.junit.Test] zero00308
2016-08-04 20:05:40,600 INFO [org.junit.Test] zero00309
2016-08-04 20:05:40,601 INFO [org.junit.Test] zero00310
2016-08-04 20:05:40,601 INFO [org.junit.Test] zero00311
2016-08-04 20:05:40,601 INFO [org.junit.Test] zero00312
2016-08-04 20:05:40,601 INFO [org.junit.Test] zero00313
2016-08-04 20:05:40,601 INFO [org.junit.Test] zero00314
2016-08-04 20:05:40,601 INFO [org.junit.Test] zero00315
2016-08-04 20:05:40,601 INFO [org.junit.Test] zero00316
2016-08-04 20:05:40,601 INFO [org.junit.Test] zero00317
2016-08-04 20:05:40,601 INFO [org.junit.Test] zero00318
2016-08-04 20:05:40,601 INFO [org.junit.Test] zero00319
2016-08-04 20:05:40,601 INFO [org.junit.Test] zero00320
2016-08-04 20:05:40,601 INFO [org.junit.Test] zero00321
2016-08-04 20:05:40,601 INFO [org.junit.Test] zero00322
2016-08-04 20:05:40,601 INFO [org.junit.Test] zero00323
2016-08-04 20:05:40,601 INFO [org.junit.Test] zero00324
2016-08-04 20:05:40,601 INFO [org.junit.Test] zero00325
2016-08-04 20:05:40,601 INFO [org.junit.Test] zero00326
2016-08-04 20:05:40,601 INFO [org.junit.Test] zero00327
2016-08-04 20:05:40,601 INFO [org.junit.Test] zero00328
2016-08-04 20:05:40,601 INFO [org.junit.Test] zero00329
2016-08-04 20:05:40,601 INFO [org.junit.Test] zero00330
2016-08-04 20:05:40,601 INFO [org.junit.Test] zero00331
2016-08-04 20:05:40,601 INFO [org.junit.Test] zero00332
2016-08-04 20:05:40,601 INFO [org.junit.Test] zero00333
2016-08-04 20:05:40,601 INFO [org.junit.Test] zero00334
2016-08-04 20:05:40,601 INFO [org.junit.Test] zero00335
2016-08-04 20:05:40,601 INFO [org.junit.Test] zero00336
2016-08-04 20:05:40,601 INFO [org.junit.Test] zero00337
2016-08-04 20:05:40,601 INFO [org.junit.Test] zero00338
2016-08-04 20:05:40,601 INFO [org.junit.Test] zero00339
2016-08-04 20:05:40,601 INFO [org.junit.Test] zero00340
2016-08-04 20:05:40,601 INFO [org.junit.Test] zero00341
2016-08-04 20:05:40,601 INFO [org.junit.Test] zero00342
2016-08-04 20:05:40,601 INFO [org.junit.Test] zero00343
2016-08-04 20:05:40,601 INFO [org.junit.Test] zero00344
2016-08-04 20:05:40,601 INFO [org.junit.Test] zero00345
2016-08-04 20:05:40,601 INFO [org.junit.Test] zero00346
2016-08-04 20:05:40,601 INFO [org.junit.Test] zero00347
2016-08-04 20:05:40,601 INFO [org.junit.Test] zero00348
2016-08-04 20:05:40,601 INFO [org.junit.Test] zero00349
2016-08-04 20:05:40,601 INFO [org.junit.Test] zero00350
2016-08-04 20:05:40,601 INFO [org.junit.Test] zero00351
2016-08-04 20:05:40,601 INFO [org.junit.Test] zero00352
2016-08-04 20:05:40,601 INFO [org.junit.Test] zero00353
2016-08-04 20:05:40,601 INFO [org.junit.Test] zero00354
2016-08-04 20:05:40,601 INFO [org.junit.Test] zero00355
2016-08-04 20:05:40,601 INFO [org.junit.Test] zero00356
2016-08-04 20:05:40,601 INFO [org.junit.Test] zero00357
2016-08-04 20:05:40,601 INFO [org.junit.Test] zero00358
2016-08-04 20:05:40,601 INFO [org.junit.Test] zero00359
2016-08-04 20:05:40,601 INFO [org.junit.Test] zero00360
2016-08-04 20:05:40,601 INFO [org.junit.Test] zero00361
2016-08-04 20:05:40,601 INFO [org.junit.Test] zero00362
2016-08-04 20:05:40,601 INFO [org.junit.Test] zero00363
2016-08-04 20:05:40,601 INFO [org.junit.Test] zero00364
2016-08-04 20:05:40,601 INFO [org.junit.Test] zero00365
2016-08-04 20:05:40,601 INFO [org.junit.Test] zero00366
2016-08-04 20:05:40,601 INFO [org.junit.Test] zero00367
2016-08-04 20:05:40,601 INFO [org.junit.Test] zero00368
2016-08-04 20:05:40,601 INFO [org.junit.Test] zero00369
2016-08-04 20:05:40,601 INFO [org.junit.Test] zero00370
2016-08-04 20:05:40,601 INFO [org.junit.Test] zero00371
2016-08-04 20:05:40,601 INFO [org.junit.Test] zero00372
2016-08-04 20:05:40,601 INFO [org.junit.Test] zero00373
2016-08-04 20:05:40,601 INFO [org.junit.Test] zero00374
2016-08-04 20:05:40,601 INFO [org.junit.Test] zero00375
2016-08-04 20:05:40,601 INFO [org.junit.Test] zero00376
2016-08-04 20:05:40,601 INFO [org.junit.Test] zero00377
2016-08-04 20:05:40,601 INFO [org.junit.Test] zero00378
2016-08-04 20:05:40,601 INFO [org.junit.Test] zero00379
2016-08-04 20:05:40,601 INFO [org.junit.Test] zero00380
2016-08-04 20:05:40,601 INFO [org.junit.Test] zero00381
2016-08-04 20:05:40,601 INFO [org.junit.Test] zero00382
2016-08-04 20:05:40,601 INFO [org.junit.Test] zero00383
2016-08-04 20:05:40,601 INFO [org.junit.Test] zero00384
2016-08-04 20:05:40,601 INFO [org.junit.Test] zero00385
2016-08-04 20:05:40,601 INFO [org.junit.Test] zero00386
2016-08-04 20:05:40,601 INFO [org.junit.Test] zero00387
2016-08-04 20:05:40,601 INFO [org.junit.Test] zero00388
2016-08-04 20:05:40,601 INFO [org.junit.Test] zero00389
2016-08-04 20:05:40,601 INFO [org.junit.Test] zero00390
2016-08-04 20:05:40,601 INFO [org.junit.Test] zero00391
2016-08-04 20:05:40,601 INFO [org.junit.Test] zero00392
2016-08-04 20:05:40,601 INFO [org.junit.Test] zero00393
2016-08-04 20:05:40,601 INFO [org.junit.Test] zero00394
2016-08-04 20:05:40,601 INFO [org.junit.Test] zero00395
2016-08-04 20:05:40,601 INFO [org.junit.Test] zero00396
2016-08-04 20:05:40,601 INFO [org.junit.Test] zero00397
2016-08-04 20:05:40,601 INFO [org.junit.Test] zero00398
2016-08-04 20:05:40,601 INFO [org.junit.Test] zero00399
2016-08-04 20:05:40,601 INFO [org.junit.Test] zero00400
2016-08-04 20:05:40,601 INFO [org.junit.Test] zero00401
2016-08-04 20:05:40,601 INFO [org.junit.Test] zero00402
2016-08-04 20:05:40,601 INFO [org.junit.Test] zero00403
2016-08-04 20:05:40,601 INFO [org.junit.Test] zero00404
2016-08-04 20:05:40,601 INFO [org.junit.Test] zero00405
2016-08-04 20:05:40,601 INFO [org.junit.Test] zero00406
2016-08-04 20:05:40,601 INFO [org.junit.Test] zero00407
2016-08-04 20:05:40,601 INFO [org.junit.Test] zero00408
2016-08-04 20:05:40,601 INFO [org.junit.Test] zero00409
2016-08-04 20:05:40,601 INFO [org.junit.Test] zero00410
2016-08-04 20:05:40,601 INFO [org.junit.Test] zero00411
2016-08-04 20:05:40,601 INFO [org.junit.Test] zero00412
2016-08-04 20:05:40,601 INFO [org.junit.Test] zero00413
2016-08-04 20:05:40,601 INFO [org.junit.Test] zero00414
2016-08-04 20:05:40,601 INFO [org.junit.Test] zero00415
2016-08-04 20:05:40,601 INFO [org.junit.Test] zero00416
2016-08-04 20:05:40,601 INFO [org.junit.Test] zero00417
2016-08-04 20:05:40,601 INFO [org.junit.Test] zero00418
2016-08-04 20:05:40,601 INFO [org.junit.Test] zero00419
2016-08-04 20:05:40,601 INFO [org.junit.Test] zero00420
2016-08-04 20:05:40,601 INFO [org.junit.Test] zero00421
2016-08-04 20:05:40,601 INFO [org.junit.Test] zero00422
2016-08-04 20:05:40,601 INFO [org.junit.Test] zero00423
2016-08-04 20:05:40,601 INFO [org.junit.Test] zero00424
2016-08-04 20:05:40,601 INFO [org.junit.Test] zero00425
2016-08-04 20:05:40,601 INFO [org.junit.Test] zero00426
2016-08-04 20:05:40,601 INFO [org.junit.Test] zero00427
2016-08-04 20:05:40,601 INFO [org.junit.Test] zero00428
2016-08-04 20:05:40,601 INFO [org.junit.Test] zero00429
2016-08-04 20:05:40,601 INFO [org.junit.Test] zero00430
2016-08-04 20:05:40,601 INFO [org.junit.Test] zero00431
2016-08-04 20:05:40,601 INFO [org.junit.Test] zero00432
2016-08-04 20:05:40,601 INFO [org.junit.Test] zero00433
2016-08-04 20:05:40,601 INFO [org.junit.Test] zero00434
2016-08-04 20:05:40,601 INFO [org.junit.Test] zero00435
2016-08-04 20:05:40,601 INFO [org.junit.Test] zero00436
2016-08-04 20:05:40,601 INFO [org.junit.Test] zero00437
2016-08-04 20:05:40,601 INFO [org.junit.Test] zero00438
2016-08-04 20:05:40,601 INFO [org.junit.Test] zero00439
2016-08-04 20:05:40,601 INFO [org.junit.Test] zero00440
2016-08-04 20:05:40,601 INFO [org.junit.Test] zero00441
2016-08-04 20:05:40,601 INFO [org.junit.Test] zero00442
2016-08-04 20:05:40,601 INFO [org.junit.Test] zero00443
2016-08-04 20:05:40,601 INFO [org.junit.Test] zero00444
2016-08-04 20:05:40,601 INFO [org.junit.Test] zero00445
2016-08-04 20:05:40,601 INFO [org.junit.Test] zero00446
2016-08-04 20:05:40,601 INFO [org.junit.Test] zero00447
2016-08-04 20:05:40,601 INFO [org.junit.Test] zero00448
2016-08-04 20:05:40,601 INFO [org.junit.Test] zero00449
2016-08-04 20:05:40,601 INFO [org.junit.Test] zero00450
2016-08-04 20:05:40,601 INFO [org.junit.Test] zero00451
2016-08-04 20:05:40,601 INFO [org.junit.Test] zero00452
2016-08-04 20:05:40,601 INFO [org.junit.Test] zero00453
2016-08-04 20:05:40,601 INFO [org.junit.Test] zero00454
2016-08-04 20:05:40,601 INFO [org.junit.Test] zero00455
2016-08-04 20:05:40,601 INFO [org.junit.Test] zero00456
2016-08-04 20:05:40,601 INFO [org.junit.Test] zero00457
2016-08-04 20:05:40,601 INFO [org.junit.Test] zero00458
2016-08-04 20:05:40,601 INFO [org.junit.Test] zero00459
2016-08-04 20:05:40,601 INFO [org.junit.Test] zero00460
2016-08-04 20:05:40,601 INFO [org.junit.Test] zero00461
2016-08-04 20:05:40,601 INFO [org.junit.Test] zero00462
2016-08-04 20:05:40,601 INFO [org.junit.Test] zero00463
2016-08-04 20:05:40,601 INFO [org.junit.Test] zero00464
2016-08-04 20:05:40,601 INFO [org.junit.Test] zero00465
2016-08-04 20:05:40,601 INFO [org.junit.Test] zero00466
2016-08-04 20:05:40,601 INFO [org.junit.Test] zero00467
2016-08-04 20:05:40,601 INFO [org.junit.Test] zero00468
2016-08-04 20:05:40,601 INFO [org.junit.Test] zero00469
2016-08-04 20:05:40,601 INFO [org.junit.Test] zero00470
2016-08-04 20:05:40,601 INFO [org.junit.Test] zero00471
2016-08-04 20:05:40,601 INFO [org.junit.Test] zero00472
2016-08-04 20:05:40,601 INFO [org.junit.Test] zero00473
2016-08-04 20:05:40,601 INFO [org.junit.Test] zero00474
2016-08-04 20:05:40,601 INFO [org.junit.Test] zero00475
2016-08-04 20:05:40,601 INFO [org.junit.Test] zero00476
2016-08-04 20:05:40,601 INFO [org.junit.Test] zero00477
2016-08-04 20:05:40,601 INFO [org.junit.Test] zero00478
2016-08-04 20:05:40,601 INFO [org.junit.Test] zero00479
2016-08-04 20:05:40,601 INFO [org.junit.Test] zero00480
2016-08-04 20:05:40,601 INFO [org.junit.Test] zero00481
2016-08-04 20:05:40,601 INFO [org.junit.Test] zero00482
2016-08-04 20:05:40,601 INFO [org.junit.Test] zero00483
2016-08-04 20:05:40,601 INFO [org.junit.Test] zero00484
2016-08-04 20:05:40,601 INFO [org.junit.Test] zero00485
2016-08-04 20:05:40,601 INFO [org.junit.Test] zero00486
2016-08-04 20:05:40,601 INFO [org.junit.Test] zero00487
2016-08-04 20:05:40,601 INFO [org.junit.Test] zero00488
2016-08-04 20:05:40,601 INFO [org.junit.Test] zero00489
2016-08-04 20:05:40,601 INFO [org.junit.Test] zero00490
2016-08-04 20:05:40,601 INFO [org.junit.Test] zero00491
2016-08-04 20:05:40,601 INFO [org.junit.Test] zero00492
2016-08-04 20:05:40,601 INFO [org.junit.Test] zero00493
2016-08-04 20:05:40,601 INFO [org.junit.Test] zero00494
2016-08-04 20:05:40,601 INFO [org.junit.Test] zero00495
2016-08-04 20:05:40,601 INFO [org.junit.Test] zero00496
2016-08-04 20:05:40,601 INFO [org.junit.Test] zero00497
2016-08-04 20:05:40,601 INFO [org.junit.Test] zero00498
2016-08-04 20:05:40,601 INFO [org.junit.Test] zero00499
2016-08-04 20:05:40,601 INFO [org.junit.Test] zero00500
2016-08-04 20:05:40,601 INFO [org.junit.Test] zero00501
2016-08-04 20:05:40,601 INFO [org.junit.Test] zero00502
2016-08-04 20:05:40,601 INFO [org.junit.Test] zero00503
2016-08-04 20:05:40,601 INFO [org.junit.Test] zero00504
2016-08-04 20:05:40,601 INFO [org.junit.Test] zero00505
2016-08-04 20:05:40,601 INFO [org.junit.Test] zero00506
2016-08-04 20:05:40,601 INFO [org.junit.Test] zero00507
2016-08-04 20:05:40,601 INFO [org.junit.Test] zero00508
2016-08-04 20:05:40,601 INFO [org.junit.Test] zero00509
2016-08-04 20:05:40,601 INFO [org.junit.Test] zero00510
2016-08-04 20:05:40,601 INFO [org.junit.Test] zero00511
2016-08-04 20:05:40,601 INFO [org.junit.Test] zero00512
2016-08-04 20:05:40,601 INFO [org.junit.Test] zero00513
2016-08-04 20:05:40,601 INFO [org.junit.Test] zero00514
2016-08-04 20:05:40,601 INFO [org.junit.Test] zero00515
2016-08-04 20:05:40,601 INFO [org.junit.Test] zero00516
2016-08-04 20:05:40,601 INFO [org.junit.Test] zero00517
2016-08-04 20:05:40,601 INFO [org.junit.Test] zero00518
2016-08-04 20:05:40,601 INFO [org.junit.Test] zero00519
2016-08-04 20:05:40,601 INFO [org.junit.Test] zero00520
2016-08-04 20:05:40,601 INFO [org.junit.Test] zero00521
2016-08-04 20:05:40,601 INFO [org.junit.Test] zero00522
2016-08-04 20:05:40,601 INFO [org.junit.Test] zero00523
2016-08-04 20:05:40,601 INFO [org.junit.Test] zero00524
2016-08-04 20:05:40,601 INFO [org.junit.Test] zero00525
2016-08-04 20:05:40,601 INFO [org.junit.Test] zero00526
2016-08-04 20:05:40,601 INFO [org.junit.Test] zero00527
2016-08-04 20:05:40,601 INFO [org.junit.Test] zero00528
2016-08-04 20:05:40,601 INFO [org.junit.Test] zero00529
2016-08-04 20:05:40,601 INFO [org.junit.Test] zero00530
2016-08-04 20:05:40,601 INFO [org.junit.Test] zero00531
2016-08-04 20:05:40,601 INFO [org.junit.Test] zero00532
2016-08-04 20:05:40,601 INFO [org.junit.Test] zero00533
2016-08-04 20:05:40,601 INFO [org.junit.Test] zero00534
2016-08-04 20:05:40,601 INFO [org.junit.Test] zero00535
2016-08-04 20:05:40,601 INFO [org.junit.Test] zero00536
2016-08-04 20:05:40,601 INFO [org.junit.Test] zero00537
2016-08-04 20:05:40,601 INFO [org.junit.Test] zero00538
2016-08-04 20:05:40,601 INFO [org.junit.Test] zero00539
2016-08-04 20:05:40,601 INFO [org.junit.Test] zero00540
2016-08-04 20:05:40,601 INFO [org.junit.Test] zero00541
2016-08-04 20:05:40,601 INFO [org.junit.Test] zero00542
2016-08-04 20:05:40,601 INFO [org.junit.Test] zero00543
2016-08-04 20:05:40,601 INFO [org.junit.Test] zero00544
2016-08-04 20:05:40,601 INFO [org.junit.Test] zero00545
2016-08-04 20:05:40,601 INFO [org.junit.Test] zero00546
2016-08-04 20:05:40,601 INFO [org.junit.Test] zero00547
2016-08-04 20:05:40,601 INFO [org.junit.Test] zero00548
2016-08-04 20:05:40,601 INFO [org.junit.Test] zero00549
2016-08-04 20:05:40,601 INFO [org.junit.Test] zero00550
2016-08-04 20:05:40,601 INFO [org.junit.Test] zero00551
2016-08-04 20:05:40,601 INFO [org.junit.Test] zero00552
2016-08-04 20:05:40,601 INFO [org.junit.Test] zero00553
2016-08-04 20:05:40,601 INFO [org.junit.Test] zero00554
2016-08-04 20:05:40,601 INFO [org.junit.Test] zero00555
2016-08-04 20:05:40,601 INFO [org.junit.Test] zero00556
2016-08-04 20:05:40,601 INFO [org.junit.Test] zero00557
2016-08-04 20:05:40,601 INFO [org.junit.Test] zero00558
2016-08-04 20:05:40,601 INFO [org.junit.Test] zero00559
2016-08-04 20:05:40,601 INFO [org.junit.Test] zero00560
2016-08-04 20:05:40,601 INFO [org.junit.Test] zero00561
2016-08-04 20:05:40,601 INFO [org.junit.Test] zero00562
2016-08-04 20:05:40,601 INFO [org.junit.Test] zero00563
2016-08-04 20:05:40,601 INFO [org.junit.Test] zero00564
2016-08-04 20:05:40,601 INFO [org.junit.Test] zero00565
2016-08-04 20:05:40,601 INFO [org.junit.Test] zero00566
2016-08-04 20:05:40,601 INFO [org.junit.Test] zero00567
2016-08-04 20:05:40,601 INFO [org.junit.Test] zero00568
2016-08-04 20:05:40,601 INFO [org.junit.Test] zero00569
2016-08-04 20:05:40,601 INFO [org.junit.Test] zero00570
2016-08-04 20:05:40,601 INFO [org.junit.Test] zero00571
2016-08-04 20:05:40,601 INFO [org.junit.Test] zero00572
2016-08-04 20:05:40,601 INFO [org.junit.Test] zero00573
2016-08-04 20:05:40,601 INFO [org.junit.Test] zero00574
2016-08-04 20:05:40,601 INFO [org.junit.Test] zero00575
2016-08-04 20:05:40,601 INFO [org.junit.Test] zero00576
2016-08-04 20:05:40,601 INFO [org.junit.Test] zero00577
2016-08-04 20:05:40,601 INFO [org.junit.Test] zero00578
2016-08-04 20:05:40,601 INFO [org.junit.Test] zero00579
2016-08-04 20:05:40,601 INFO [org.junit.Test] zero00580
2016-08-04 20:05:40,601 INFO [org.junit.Test] zero00581
2016-08-04 20:05:40,601 INFO [org.junit.Test] zero00582
2016-08-04 20:05:40,601 INFO [org.junit.Test] zero00583
2016-08-04 20:05:40,601 INFO [org.junit.Test] zero00584
2016-08-04 20:05:40,601 INFO [org.junit.Test] zero00585
2016-08-04 20:05:40,601 INFO [org.junit.Test] zero00586
2016-08-04 20:05:40,601 INFO [org.junit.Test] zero00587
2016-08-04 20:05:40,601 INFO [org.junit.Test] zero00588
2016-08-04 20:05:40,601 INFO [org.junit.Test] zero00589
2016-08-04 20:05:40,601 INFO [org.junit.Test] zero00590
2016-08-04 20:05:40,601 INFO [org.junit.Test] zero00591
2016-08-04 20:05:40,601 INFO [org.junit.Test] zero00592
2016-08-04 20:05:40,601 INFO [org.junit.Test] zero00593
2016-08-04 20:05:40,602 INFO [org.junit.Test] zero00594
2016-08-04 20:05:40,602 INFO [org.junit.Test] zero00595
2016-08-04 20:05:40,602 INFO [org.junit.Test] zero00596
2016-08-04 20:05:40,602 INFO [org.junit.Test] zero00597
2016-08-04 20:05:40,602 INFO [org.junit.Test] zero00598
2016-08-04 20:05:40,602 INFO [org.junit.Test] zero00599
2016-08-04 20:05:40,602 INFO [org.junit.Test] zero00600
2016-08-04 20:05:40,602 INFO [org.junit.Test] zero00601
2016-08-04 20:05:40,602 INFO [org.junit.Test] zero00602
2016-08-04 20:05:40,602 INFO [org.junit.Test] zero00603
2016-08-04 20:05:40,602 INFO [org.junit.Test] zero00604
2016-08-04 20:05:40,602 INFO [org.junit.Test] zero00605
2016-08-04 20:05:40,602 INFO [org.junit.Test] zero00606
2016-08-04 20:05:40,602 INFO [org.junit.Test] zero00607
2016-08-04 20:05:40,602 INFO [org.junit.Test] zero00608
2016-08-04 20:05:40,602 INFO [org.junit.Test] zero00609
2016-08-04 20:05:40,602 INFO [org.junit.Test] zero00610
2016-08-04 20:05:40,602 INFO [org.junit.Test] zero00611
2016-08-04 20:05:40,602 INFO [org.junit.Test] zero00612
2016-08-04 20:05:40,602 INFO [org.junit.Test] zero00613
2016-08-04 20:05:40,602 INFO [org.junit.Test] zero00614
2016-08-04 20:05:40,602 INFO [org.junit.Test] zero00615
2016-08-04 20:05:40,602 INFO [org.junit.Test] zero00616
2016-08-04 20:05:40,602 INFO [org.junit.Test] zero00617
2016-08-04 20:05:40,602 INFO [org.junit.Test] zero00618
2016-08-04 20:05:40,602 INFO [org.junit.Test] zero00619
2016-08-04 20:05:40,602 INFO [org.junit.Test] zero00620
2016-08-04 20:05:40,602 INFO [org.junit.Test] zero00621
2016-08-04 20:05:40,602 INFO [org.junit.Test] zero00622
2016-08-04 20:05:40,602 INFO [org.junit.Test] zero00623
2016-08-04 20:05:40,602 INFO [org.junit.Test] zero00624
2016-08-04 20:05:40,602 INFO [org.junit.Test] zero00625
2016-08-04 20:05:40,602 INFO [org.junit.Test] zero00626
2016-08-04 20:05:40,602 INFO [org.junit.Test] zero00627
2016-08-04 20:05:40,602 INFO [org.junit.Test] zero00628
2016-08-04 20:05:40,602 INFO [org.junit.Test] zero00629
2016-08-04 20:05:40,602 INFO [org.junit.Test] zero00630
2016-08-04 20:05:40,602 INFO [org.junit.Test] zero00631
2016-08-04 20:05:40,602 INFO [org.junit.Test] zero00632
2016-08-04 20:05:40,602 INFO [org.junit.Test] zero00633
2016-08-04 20:05:40,602 INFO [org.junit.Test] zero00634
2016-08-04 20:05:40,602 INFO [org.junit.Test] zero00635
2016-08-04 20:05:40,602 INFO [org.junit.Test] zero00636
2016-08-04 20:05:40,602 INFO [org.junit.Test] zero00637
2016-08-04 20:05:40,602 INFO [org.junit.Test] zero00638
2016-08-04 20:05:40,602 INFO [org.junit.Test] zero00639
2016-08-04 20:05:40,602 INFO [org.junit.Test] zero00640
2016-08-04 20:05:40,602 INFO [org.junit.Test] zero00641
2016-08-04 20:05:40,602 INFO [org.junit.Test] zero00642
2016-08-04 20:05:40,602 INFO [org.junit.Test] zero00643
2016-08-04 20:05:40,602 INFO [org.junit.Test] zero00644
2016-08-04 20:05:40,602 INFO [org.junit.Test] zero00645
2016-08-04 20:05:40,602 INFO [org.junit.Test] zero00646
2016-08-04 20:05:40,602 INFO [org.junit.Test] zero00647
2016-08-04 20:05:40,602 INFO [org.junit.Test] zero00648
2016-08-04 20:05:40,602 INFO [org.junit.Test] zero00649
2016-08-04 20:05:40,602 INFO [org.junit.Test] zero00650
2016-08-04 20:05:40,602 INFO [org.junit.Test] zero00651
2016-08-04 20:05:40,602 INFO [org.junit.Test] zero00652
2016-08-04 20:05:40,602 INFO [org.junit.Test] zero00653
2016-08-04 20:05:40,602 INFO [org.junit.Test] zero00654
2016-08-04 20:05:40,602 INFO [org.junit.Test] zero00655
2016-08-04 20:05:40,602 INFO [org.junit.Test] zero00656
2016-08-04 20:05:40,602 INFO [org.junit.Test] zero00657
2016-08-04 20:05:40,602 INFO [org.junit.Test] zero00658
2016-08-04 20:05:40,602 INFO [org.junit.Test] zero00659
2016-08-04 20:05:40,602 INFO [org.junit.Test] zero00660
2016-08-04 20:05:40,602 INFO [org.junit.Test] zero00661
2016-08-04 20:05:40,602 INFO [org.junit.Test] zero00662
2016-08-04 20:05:40,602 INFO [org.junit.Test] zero00663
2016-08-04 20:05:40,602 INFO [org.junit.Test] zero00664
2016-08-04 20:05:40,602 INFO [org.junit.Test] zero00665
2016-08-04 20:05:40,602 INFO [org.junit.Test] zero00666
2016-08-04 20:05:40,602 INFO [org.junit.Test] zero00667
2016-08-04 20:05:40,602 INFO [org.junit.Test] zero00668
2016-08-04 20:05:40,602 INFO [org.junit.Test] zero00669
2016-08-04 20:05:40,602 INFO [org.junit.Test] zero00670
2016-08-04 20:05:40,602 INFO [org.junit.Test] zero00671
2016-08-04 20:05:40,602 INFO [org.junit.Test] zero00672
2016-08-04 20:05:40,602 INFO [org.junit.Test] zero00673
2016-08-04 20:05:40,602 INFO [org.junit.Test] zero00674
2016-08-04 20:05:40,602 INFO [org.junit.Test] zero00675
2016-08-04 20:05:40,602 INFO [org.junit.Test] zero00676
2016-08-04 20:05:40,602 INFO [org.junit.Test] zero00677
2016-08-04 20:05:40,602 INFO [org.junit.Test] zero00678
2016-08-04 20:05:40,602 INFO [org.junit.Test] zero00679
2016-08-04 20:05:40,602 INFO [org.junit.Test] zero00680
2016-08-04 20:05:40,602 INFO [org.junit.Test] zero00681
2016-08-04 20:05:40,602 INFO [org.junit.Test] zero00682
2016-08-04 20:05:40,602 INFO [org.junit.Test] zero00683
2016-08-04 20:05:40,602 INFO [org.junit.Test] zero00684
2016-08-04 20:05:40,602 INFO [org.junit.Test] zero00685
2016-08-04 20:05:40,602 INFO [org.junit.Test] zero00686
2016-08-04 20:05:40,602 INFO [org.junit.Test] zero00687
2016-08-04 20:05:40,602 INFO [org.junit.Test] zero00688
2016-08-04 20:05:40,602 INFO [org.junit.Test] zero00689
2016-08-04 20:05:40,602 INFO [org.junit.Test] zero00690
2016-08-04 20:05:40,602 INFO [org.junit.Test] zero00691
2016-08-04 20:05:40,602 INFO [org.junit.Test] zero00692
2016-08-04 20:05:40,602 INFO [org.junit.Test] zero00693
2016-08-04 20:05:40,602 INFO [org.junit.Test] zero00694
2016-08-04 20:05:40,602 INFO [org.junit.Test] zero00695
2016-08-04 20:05:40,602 INFO [org.junit.Test] zero00696
2016-08-04 20:05:40,602 INFO [org.junit.Test] zero00697
2016-08-04 20:05:40,602 INFO [org.junit.Test] zero00698
2016-08-04 20:05:40,602 INFO [org.junit.Test] zero00699
2016-08-04 20:05:40,602 INFO [org.junit.Test] zero00700
2016-08-04 20:05:40,602 INFO [org.junit.Test] zero00701
2016-08-04 20:05:40,602 INFO [org.junit.Test] zero00702
2016-08-04 20:05:40,602 INFO [org.junit.Test] zero00703
2016-08-04 20:05:40,602 INFO [org.junit.Test] zero00704
2016-08-04 20:05:40,602 INFO [org.junit.Test] zero00705
2016-08-04 20:05:40,602 INFO [org.junit.Test] zero00706
2016-08-04 20:05:40,602 INFO [org.junit.Test] zero00707
2016-08-04 20:05:40,602 INFO [org.junit.Test] zero00708
2016-08-04 20:05:40,602 INFO [org.junit.Test] zero00709
2016-08-04 20:05:40,602 INFO [org.junit.Test] zero00710
2016-08-04 20:05:40,602 INFO [org.junit.Test] zero00711
2016-08-04 20:05:40,602 INFO [org.junit.Test] zero00712
2016-08-04 20:05:40,602 INFO [org.junit.Test] zero00713
2016-08-04 20:05:40,602 INFO [org.junit.Test] zero00714
2016-08-04 20:05:40,602 INFO [org.junit.Test] zero00715
2016-08-04 20:05:40,602 INFO [org.junit.Test] zero00716
2016-08-04 20:05:40,602 INFO [org.junit.Test] zero00717
2016-08-04 20:05:40,602 INFO [org.junit.Test] zero00718
2016-08-04 20:05:40,602 INFO [org.junit.Test] zero00719
2016-08-04 20:05:40,602 INFO [org.junit.Test] zero00720
2016-08-04 20:05:40,602 INFO [org.junit.Test] zero00721
2016-08-04 20:05:40,602 INFO [org.junit.Test] zero00722
2016-08-04 20:05:40,602 INFO [org.junit.Test] zero00723
2016-08-04 20:05:40,602 INFO [org.junit.Test] zero00724
2016-08-04 20:05:40,602 INFO [org.junit.Test] zero00725
2016-08-04 20:05:40,602 INFO [org.junit.Test] zero00726
2016-08-04 20:05:40,602 INFO [org.junit.Test] zero00727
2016-08-04 20:05:40,602 INFO [org.junit.Test] zero00728
2016-08-04 20:05:40,602 INFO [org.junit.Test] zero00729
2016-08-04 20:05:40,602 INFO [org.junit.Test] zero00730
2016-08-04 20:05:40,602 INFO [org.junit.Test] zero00731
2016-08-04 20:05:40,602 INFO [org.junit.Test] zero00732
2016-08-04 20:05:40,602 INFO [org.junit.Test] zero00733
2016-08-04 20:05:40,602 INFO [org.junit.Test] zero00734
2016-08-04 20:05:40,602 INFO [org.junit.Test] zero00735
2016-08-04 20:05:40,602 INFO [org.junit.Test] zero00736
2016-08-04 20:05:40,602 INFO [org.junit.Test] zero00737
2016-08-04 20:05:40,602 INFO [org.junit.Test] zero00738
2016-08-04 20:05:40,602 INFO [org.junit.Test] zero00739
2016-08-04 20:05:40,602 INFO [org.junit.Test] zero00740
2016-08-04 20:05:40,602 INFO [org.junit.Test] zero00741
2016-08-04 20:05:40,602 INFO [org.junit.Test] zero00742
2016-08-04 20:05:40,602 INFO [org.junit.Test] zero00743
2016-08-04 20:05:40,602 INFO [org.junit.Test] zero00744
2016-08-04 20:05:40,602 INFO [org.junit.Test] zero00745
2016-08-04 20:05:40,602 INFO [org.junit.Test] zero00746
2016-08-04 20:05:40,602 INFO [org.junit.Test] zero00747
2016-08-04 20:05:40,602 INFO [org.junit.Test] zero00748
2016-08-04 20:05:40,602 INFO [org.junit.Test] zero00749
2016-08-04 20:05:40,602 INFO [org.junit.Test] zero00750
2016-08-04 20:05:40,602 INFO [org.junit.Test] zero00751
2016-08-04 20:05:40,602 INFO [org.junit.Test] zero00752
2016-08-04 20:05:40,602 INFO [org.junit.Test] zero00753
2016-08-04 20:05:40,602 INFO [org.junit.Test] zero00754
2016-08-04 20:05:40,602 INFO [org.junit.Test] zero00755
2016-08-04 20:05:40,602 INFO [org.junit.Test] zero00756
2016-08-04 20:05:40,602 INFO [org.junit.Test] zero00757
2016-08-04 20:05:40,602 INFO [org.junit.Test] zero00758
2016-08-04 20:05:40,602 INFO [org.junit.Test] zero00759
2016-08-04 20:05:40,602 INFO [org.junit.Test] zero00760
2016-08-04 20:05:40,602 INFO [org.junit.Test] zero00761
2016-08-04 20:05:40,602 INFO [org.junit.Test] zero00762
2016-08-04 20:05:40,602 INFO [org.junit.Test] zero00763
2016-08-04 20:05:40,602 INFO [org.junit.Test] zero00764
2016-08-04 20:05:40,602 INFO [org.junit.Test] zero00765
2016-08-04 20:05:40,602 INFO [org.junit.Test] zero00766
2016-08-04 20:05:40,602 INFO [org.junit.Test] zero00767
2016-08-04 20:05:40,602 INFO [org.junit.Test] zero00768
2016-08-04 20:05:40,602 INFO [org.junit.Test] zero00769
2016-08-04 20:05:40,602 INFO [org.junit.Test] zero00770
2016-08-04 20:05:40,602 INFO [org.junit.Test] zero00771
2016-08-04 20:05:40,602 INFO [org.junit.Test] zero00772
2016-08-04 20:05:40,602 INFO [org.junit.Test] zero00773
2016-08-04 20:05:40,602 INFO [org.junit.Test] zero00774
2016-08-04 20:05:40,602 INFO [org.junit.Test] zero00775
2016-08-04 20:05:40,602 INFO [org.junit.Test] zero00776
2016-08-04 20:05:40,602 INFO [org.junit.Test] zero00777
2016-08-04 20:05:40,602 INFO [org.junit.Test] zero00778
2016-08-04 20:05:40,602 INFO [org.junit.Test] zero00779
2016-08-04 20:05:40,602 INFO [org.junit.Test] zero00780
2016-08-04 20:05:40,602 INFO [org.junit.Test] zero00781
2016-08-04 20:05:40,602 INFO [org.junit.Test] zero00782
2016-08-04 20:05:40,602 INFO [org.junit.Test] zero00783
2016-08-04 20:05:40,602 INFO [org.junit.Test] zero00784
2016-08-04 20:05:40,602 INFO [org.junit.Test] zero00785
2016-08-04 20:05:40,602 INFO [org.junit.Test] zero00786
2016-08-04 20:05:40,602 INFO [org.junit.Test] zero00787
2016-08-04 20:05:40,602 INFO [org.junit.Test] zero00788
2016-08-04 20:05:40,602 INFO [org.junit.Test] zero00789
2016-08-04 20:05:40,602 INFO [org.junit.Test] zero00790
2016-08-04 20:05:40,602 INFO [org.junit.Test] zero00791
2016-08-04 20:05:40,602 INFO [org.junit.Test] zero00792
2016-08-04 20:05:40,602 INFO [org.junit.Test] zero00793
2016-08-04 20:05:40,602 INFO [org.junit.Test] zero00794
2016-08-04 20:05:40,602 INFO [org.junit.Test] zero00795
2016-08-04 20:05:40,602 INFO [org.junit.Test] zero00796
2016-08-04 20:05:40,602 INFO [org.junit.Test] zero00797
2016-08-04 20:05:40,602 INFO [org.junit.Test] zero00798
2016-08-04 20:05:40,602 INFO [org.junit.Test] zero00799
2016-08-04 20:05:40,602 INFO [org.junit.Test] zero00800
2016-08-04 20:05:40,602 INFO [org.junit.Test] zero00801
2016-08-04 20:05:40,602 INFO [org.junit.Test] zero00802
2016-08-04 20:05:40,602 INFO [org.junit.Test] zero00803
2016-08-04 20:05:40,602 INFO [org.junit.Test] zero00804
2016-08-04 20:05:40,602 INFO [org.junit.Test] zero00805
2016-08-04 20:05:40,602 INFO [org.junit.Test] zero00806
2016-08-04 20:05:40,602 INFO [org.junit.Test] zero00807
2016-08-04 20:05:40,602 INFO [org.junit.Test] zero00808
2016-08-04 20:05:40,602 INFO [org.junit.Test] zero00809
2016-08-04 20:05:40,602 INFO [org.junit.Test] zero00810
2016-08-04 20:05:40,602 INFO [org.junit.Test] zero00811
2016-08-04 20:05:40,602 INFO [org.junit.Test] zero00812
2016-08-04 20:05:40,602 INFO [org.junit.Test] zero00813
2016-08-04 20:05:40,602 INFO [org.junit.Test] zero00814
2016-08-04 20:05:40,602 INFO [org.junit.Test] zero00815
2016-08-04 20:05:40,602 INFO [org.junit.Test] zero00816
2016-08-04 20:05:40,602 INFO [org.junit.Test] zero00817
2016-08-04 20:05:40,602 INFO [org.junit.Test] zero00818
2016-08-04 20:05:40,602 INFO [org.junit.Test] zero00819
2016-08-04 20:05:40,602 INFO [org.junit.Test] zero00820
2016-08-04 20:05:40,602 INFO [org.junit.Test] zero00821
2016-08-04 20:05:40,602 INFO [org.junit.Test] zero00822
2016-08-04 20:05:40,602 INFO [org.junit.Test] zero00823
2016-08-04 20:05:40,602 INFO [org.junit.Test] zero00824
2016-08-04 20:05:40,602 INFO [org.junit.Test] zero00825
2016-08-04 20:05:40,602 INFO [org.junit.Test] zero00826
2016-08-04 20:05:40,602 INFO [org.junit.Test] zero00827
2016-08-04 20:05:40,602 INFO [org.junit.Test] zero00828
2016-08-04 20:05:40,602 INFO [org.junit.Test] zero00829
2016-08-04 20:05:40,602 INFO [org.junit.Test] zero00830
2016-08-04 20:05:40,602 INFO [org.junit.Test] zero00831
2016-08-04 20:05:40,602 INFO [org.junit.Test] zero00832
2016-08-04 20:05:40,602 INFO [org.junit.Test] zero00833
2016-08-04 20:05:40,602 INFO [org.junit.Test] zero00834
2016-08-04 20:05:40,602 INFO [org.junit.Test] zero00835
2016-08-04 20:05:40,602 INFO [org.junit.Test] zero00836
2016-08-04 20:05:40,602 INFO [org.junit.Test] zero00837
2016-08-04 20:05:40,602 INFO [org.junit.Test] zero00838
2016-08-04 20:05:40,602 INFO [org.junit.Test] zero00839
2016-08-04 20:05:40,602 INFO [org.junit.Test] zero00840
2016-08-04 20:05:40,602 INFO [org.junit.Test] zero00841
2016-08-04 20:05:40,602 INFO [org.junit.Test] zero00842
2016-08-04 20:05:40,602 INFO [org.junit.Test] zero00843
2016-08-04 20:05:40,602 INFO [org.junit.Test] zero00844
2016-08-04 20:05:40,602 INFO [org.junit.Test] zero00845
2016-08-04 20:05:40,602 INFO [org.junit.Test] zero00846
2016-08-04 20:05:40,602 INFO [org.junit.Test] zero00847
2016-08-04 20:05:40,602 INFO [org.junit.Test] zero00848
2016-08-04 20:05:40,602 INFO [org.junit.Test] zero00849
2016-08-04 20:05:40,602 INFO [org.junit.Test] zero00850
2016-08-04 20:05:40,602 INFO [org.junit.Test] zero00851
2016-08-04 20:05:40,602 INFO [org.junit.Test] zero00852
2016-08-04 20:05:40,602 INFO [org.junit.Test] zero00853
2016-08-04 20:05:40,602 INFO [org.junit.Test] zero00854
2016-08-04 20:05:40,602 INFO [org.junit.Test] zero00855
2016-08-04 20:05:40,602 INFO [org.junit.Test] zero00856
2016-08-04 20:05:40,602 INFO [org.junit.Test] zero00857
2016-08-04 20:05:40,602 INFO [org.junit.Test] zero00858
2016-08-04 20:05:40,602 INFO [org.junit.Test] zero00859
2016-08-04 20:05:40,602 INFO [org.junit.Test] zero00860
2016-08-04 20:05:40,602 INFO [org.junit.Test] zero00861
2016-08-04 20:05:40,602 INFO [org.junit.Test] zero00862
2016-08-04 20:05:40,602 INFO [org.junit.Test] zero00863
2016-08-04 20:05:40,602 INFO [org.junit.Test] zero00864
2016-08-04 20:05:40,602 INFO [org.junit.Test] zero00865
2016-08-04 20:05:40,602 INFO [org.junit.Test] zero00866
2016-08-04 20:05:40,602 INFO [org.junit.Test] zero00867
2016-08-04 20:05:40,602 INFO [org.junit.Test] zero00868
2016-08-04 20:05:40,602 INFO [org.junit.Test] zero00869
2016-08-04 20:05:40,602 INFO [org.junit.Test] zero00870
2016-08-04 20:05:40,602 INFO [org.junit.Test] zero00871
2016-08-04 20:05:40,602 INFO [org.junit.Test] zero00872
2016-08-04 20:05:40,602 INFO [org.junit.Test] zero00873
2016-08-04 20:05:40,602 INFO [org.junit.Test] zero00874
2016-08-04 20:05:40,602 INFO [org.junit.Test] zero00875
2016-08-04 20:05:40,602 INFO [org.junit.Test] zero00876
2016-08-04 20:05:40,602 INFO [org.junit.Test] zero00877
2016-08-04 20:05:40,602 INFO [org.junit.Test] zero00878
2016-08-04 20:05:40,602 INFO [org.junit.Test] zero00879
2016-08-04 20:05:40,602 INFO [org.junit.Test] zero00880
2016-08-04 20:05:40,602 INFO [org.junit.Test] zero00881
2016-08-04 20:05:40,602 INFO [org.junit.Test] zero00882
2016-08-04 20:05:40,602 INFO [org.junit.Test] zero00883
2016-08-04 20:05:40,602 INFO [org.junit.Test] zero00884
2016-08-04 20:05:40,602 INFO [org.junit.Test] zero00885
2016-08-04 20:05:40,602 INFO [org.junit.Test] zero00886
2016-08-04 20:05:40,602 INFO [org.junit.Test] zero00887
2016-08-04 20:05:40,602 INFO [org.junit.Test] zero00888
2016-08-04 20:05:40,602 INFO [org.junit.Test] zero00889
2016-08-04 20:05:40,602 INFO [org.junit.Test] zero00890
2016-08-04 20:05:40,603 INFO [org.junit.Test] zero00891
2016-08-04 20:05:40,603 INFO [org.junit.Test] zero00892
2016-08-04 20:05:40,603 INFO [org.junit.Test] zero00893
2016-08-04 20:05:40,603 INFO [org.junit.Test] zero00894
2016-08-04 20:05:40,603 INFO [org.junit.Test] zero00895
2016-08-04 20:05:40,603 INFO [org.junit.Test] zero00896
2016-08-04 20:05:40,603 INFO [org.junit.Test] zero00897
2016-08-04 20:05:40,603 INFO [org.junit.Test] zero00898
2016-08-04 20:05:40,603 INFO [org.junit.Test] zero00899
2016-08-04 20:05:40,603 INFO [org.junit.Test] zero00900
2016-08-04 20:05:40,603 INFO [org.junit.Test] zero00901
2016-08-04 20:05:40,603 INFO [org.junit.Test] zero00902
2016-08-04 20:05:40,603 INFO [org.junit.Test] zero00903
2016-08-04 20:05:40,603 INFO [org.junit.Test] zero00904
2016-08-04 20:05:40,603 INFO [org.junit.Test] zero00905
2016-08-04 20:05:40,603 INFO [org.junit.Test] zero00906
2016-08-04 20:05:40,603 INFO [org.junit.Test] zero00907
2016-08-04 20:05:40,603 INFO [org.junit.Test] zero00908
2016-08-04 20:05:40,603 INFO [org.junit.Test] zero00909
2016-08-04 20:05:40,603 INFO [org.junit.Test] zero00910
2016-08-04 20:05:40,603 INFO [org.junit.Test] zero00911
2016-08-04 20:05:40,603 INFO [org.junit.Test] zero00912
2016-08-04 20:05:40,603 INFO [org.junit.Test] zero00913
2016-08-04 20:05:40,603 INFO [org.junit.Test] zero00914
2016-08-04 20:05:40,603 INFO [org.junit.Test] zero00915
2016-08-04 20:05:40,603 INFO [org.junit.Test] zero00916
2016-08-04 20:05:40,603 INFO [org.junit.Test] zero00917
2016-08-04 20:05:40,603 INFO [org.junit.Test] zero00918
2016-08-04 20:05:40,603 INFO [org.junit.Test] zero00919
2016-08-04 20:05:40,603 INFO [org.junit.Test] zero00920
2016-08-04 20:05:40,603 INFO [org.junit.Test] zero00921
2016-08-04 20:05:40,603 INFO [org.junit.Test] zero00922
2016-08-04 20:05:40,603 INFO [org.junit.Test] zero00923
2016-08-04 20:05:40,603 INFO [org.junit.Test] zero00924
2016-08-04 20:05:40,603 INFO [org.junit.Test] zero00925
2016-08-04 20:05:40,603 INFO [org.junit.Test] zero00926
2016-08-04 20:05:40,603 INFO [org.junit.Test] zero00927
2016-08-04 20:05:40,603 INFO [org.junit.Test] zero00928
2016-08-04 20:05:40,603 INFO [org.junit.Test] zero00929
2016-08-04 20:05:40,603 INFO [org.junit.Test] zero00930
2016-08-04 20:05:40,603 INFO [org.junit.Test] zero00931
2016-08-04 20:05:40,603 INFO [org.junit.Test] zero00932
2016-08-04 20:05:40,603 INFO [org.junit.Test] zero00933
2016-08-04 20:05:40,603 INFO [org.junit.Test] zero00934
2016-08-04 20:05:40,603 INFO [org.junit.Test] zero00935
2016-08-04 20:05:40,603 INFO [org.junit.Test] zero00936
2016-08-04 20:05:40,603 INFO [org.junit.Test] zero00937
2016-08-04 20:05:40,603 INFO [org.junit.Test] zero00938
2016-08-04 20:05:40,603 INFO [org.junit.Test] zero00939
2016-08-04 20:05:40,603 INFO [org.junit.Test] zero00940
2016-08-04 20:05:40,603 INFO [org.junit.Test] zero00941
2016-08-04 20:05:40,603 INFO [org.junit.Test] zero00942
2016-08-04 20:05:40,603 INFO [org.junit.Test] zero00943
2016-08-04 20:05:40,603 INFO [org.junit.Test] zero00944
2016-08-04 20:05:40,603 INFO [org.junit.Test] zero00945
2016-08-04 20:05:40,603 INFO [org.junit.Test] zero00946
2016-08-04 20:05:40,603 INFO [org.junit.Test] zero00947
2016-08-04 20:05:40,603 INFO [org.junit.Test] zero00948
2016-08-04 20:05:40,603 INFO [org.junit.Test] zero00949
2016-08-04 20:05:40,603 INFO [org.junit.Test] zero00950
2016-08-04 20:05:40,603 INFO [org.junit.Test] zero00951
2016-08-04 20:05:40,603 INFO [org.junit.Test] zero00952
2016-08-04 20:05:40,603 INFO [org.junit.Test] zero00953
2016-08-04 20:05:40,603 INFO [org.junit.Test] zero00954
2016-08-04 20:05:40,603 INFO [org.junit.Test] zero00955
2016-08-04 20:05:40,603 INFO [org.junit.Test] zero00956
2016-08-04 20:05:40,603 INFO [org.junit.Test] zero00957
2016-08-04 20:05:40,603 INFO [org.junit.Test] zero00958
2016-08-04 20:05:40,603 INFO [org.junit.Test] zero00959
2016-08-04 20:05:40,603 INFO [org.junit.Test] zero00960
2016-08-04 20:05:40,603 INFO [org.junit.Test] zero00961
2016-08-04 20:05:40,603 INFO [org.junit.Test] zero00962
2016-08-04 20:05:40,603 INFO [org.junit.Test] zero00963
2016-08-04 20:05:40,603 INFO [org.junit.Test] zero00964
2016-08-04 20:05:40,603 INFO [org.junit.Test] zero00965
2016-08-04 20:05:40,603 INFO [org.junit.Test] zero00966
2016-08-04 20:05:40,603 INFO [org.junit.Test] zero00967
2016-08-04 20:05:40,603 INFO [org.junit.Test] zero00968
2016-08-04 20:05:40,603 INFO [org.junit.Test] zero00969
2016-08-04 20:05:40,603 INFO [org.junit.Test] zero00970
2016-08-04 20:05:40,603 INFO [org.junit.Test] zero00971
2016-08-04 20:05:40,603 INFO [org.junit.Test] zero00972
2016-08-04 20:05:40,603 INFO [org.junit.Test] zero00973
2016-08-04 20:05:40,603 INFO [org.junit.Test] zero00974
2016-08-04 20:05:40,603 INFO [org.junit.Test] zero00975
2016-08-04 20:05:40,603 INFO [org.junit.Test] zero00976
2016-08-04 20:05:40,603 INFO [org.junit.Test] zero00977
2016-08-04 20:05:40,603 INFO [org.junit.Test] zero00978
2016-08-04 20:05:40,603 INFO [org.junit.Test] zero00979
2016-08-04 20:05:40,603 INFO [org.junit.Test] zero00980
2016-08-04 20:05:40,603 INFO [org.junit.Test] zero00981
2016-08-04 20:05:40,603 INFO [org.junit.Test] zero00982
2016-08-04 20:05:40,603 INFO [org.junit.Test] zero00983
2016-08-04 20:05:40,603 INFO [org.junit.Test] zero00984
2016-08-04 20:05:40,603 INFO [org.junit.Test] zero00985
2016-08-04 20:05:40,603 INFO [org.junit.Test] zero00986
2016-08-04 20:05:40,603 INFO [org.junit.Test] zero00987
2016-08-04 20:05:40,603 INFO [org.junit.Test] zero00988
2016-08-04 20:05:40,603 INFO [org.junit.Test] zero00989
2016-08-04 20:05:40,603 INFO [org.junit.Test] zero00990
2016-08-04 20:05:40,603 INFO [org.junit.Test] zero00991
2016-08-04 20:05:40,603 INFO [org.junit.Test] zero00992
2016-08-04 20:05:40,603 INFO [org.junit.Test] zero00993
2016-08-04 20:05:40,603 INFO [org.junit.Test] zero00994
2016-08-04 20:05:40,603 INFO [org.junit.Test] zero00995
2016-08-04 20:05:40,603 INFO [org.junit.Test] zero00996
2016-08-04 20:05:40,603 INFO [org.junit.Test] zero00997
2016-08-04 20:05:40,603 INFO [org.junit.Test] zero00998
2016-08-04 20:05:40,603 INFO [org.junit.Test] zero00999
2016-08-04 20:05:43,603 INFO [org.junit.Test] zero000
2016-08-04 20:05:43,603 INFO [org.junit.Test] zero001
2016-08-04 20:05:43,603 INFO [org.junit.Test] zero002
2016-08-04 20:05:43,603 INFO [org.junit.Test] zero003
2016-08-04 20:05:43,603 INFO [org.junit.Test] zero004
2016-08-04 20:05:43,603 INFO [org.junit.Test] zero005
2016-08-04 20:05:43,603 INFO [org.junit.Test] zero006
2016-08-04 20:05:43,603 INFO [org.junit.Test] zero007
2016-08-04 20:05:43,603 INFO [org.junit.Test] zero008
2016-08-04 20:05:43,603 INFO [org.junit.Test] zero009
2016-08-04 20:05:43,603 INFO [org.junit.Test] zero0010
2016-08-04 20:05:43,603 INFO [org.junit.Test] zero0011
2016-08-04 20:05:43,603 INFO [org.junit.Test] zero0012
2016-08-04 20:05:43,603 INFO [org.junit.Test] zero0013
2016-08-04 20:05:43,603 INFO [org.junit.Test] zero0014
2016-08-04 20:05:43,603 INFO [org.junit.Test] zero0015
2016-08-04 20:05:43,603 INFO [org.junit.Test] zero0016
2016-08-04 20:05:43,603 INFO [org.junit.Test] zero0017
2016-08-04 20:05:43,603 INFO [org.junit.Test] zero0018
2016-08-04 20:05:43,603 INFO [org.junit.Test] zero0019
2016-08-04 20:05:43,603 INFO [org.junit.Test] zero0020
2016-08-04 20:05:43,603 INFO [org.junit.Test] zero0021
2016-08-04 20:05:43,603 INFO [org.junit.Test] zero0022
2016-08-04 20:05:43,603 INFO [org.junit.Test] zero0023
2016-08-04 20:05:43,603 INFO [org.junit.Test] zero0024
2016-08-04 20:05:43,603 INFO [org.junit.Test] zero0025
2016-08-04 20:05:43,603 INFO [org.junit.Test] zero0026
2016-08-04 20:05:43,603 INFO [org.junit.Test] zero0027
2016-08-04 20:05:43,603 INFO [org.junit.Test] zero0028
2016-08-04 20:05:43,603 INFO [org.junit.Test] zero0029
2016-08-04 20:05:43,603 INFO [org.junit.Test] zero0030
2016-08-04 20:05:43,603 INFO [org.junit.Test] zero0031
2016-08-04 20:05:43,603 INFO [org.junit.Test] zero0032
2016-08-04 20:05:43,603 INFO [org.junit.Test] zero0033
2016-08-04 20:05:43,603 INFO [org.junit.Test] zero0034
2016-08-04 20:05:43,603 INFO [org.junit.Test] zero0035
2016-08-04 20:05:43,603 INFO [org.junit.Test] zero0036
2016-08-04 20:05:43,603 INFO [org.junit.Test] zero0037
2016-08-04 20:05:43,603 INFO [org.junit.Test] zero0038
2016-08-04 20:05:43,603 INFO [org.junit.Test] zero0039
2016-08-04 20:05:43,603 INFO [org.junit.Test] zero0040
2016-08-04 20:05:43,603 INFO [org.junit.Test] zero0041
2016-08-04 20:05:43,603 INFO [org.junit.Test] zero0042
2016-08-04 20:05:43,603 INFO [org.junit.Test] zero0043
2016-08-04 20:05:43,603 INFO [org.junit.Test] zero0044
2016-08-04 20:05:43,603 INFO [org.junit.Test] zero0045
2016-08-04 20:05:43,603 INFO [org.junit.Test] zero0046
2016-08-04 20:05:43,603 INFO [org.junit.Test] zero0047
2016-08-04 20:05:43,603 INFO [org.junit.Test] zero0048
2016-08-04 20:05:43,603 INFO [org.junit.Test] zero0049
2016-08-04 20:05:43,603 INFO [org.junit.Test] zero0050
2016-08-04 20:05:43,603 INFO [org.junit.Test] zero0051
2016-08-04 20:05:43,603 INFO [org.junit.Test] zero0052
2016-08-04 20:05:43,603 INFO [org.junit.Test] zero0053
2016-08-04 20:05:43,603 INFO [org.junit.Test] zero0054
2016-08-04 20:05:43,603 INFO [org.junit.Test] zero0055
2016-08-04 20:05:43,603 INFO [org.junit.Test] zero0056
2016-08-04 20:05:43,603 INFO [org.junit.Test] zero0057
2016-08-04 20:05:43,603 INFO [org.junit.Test] zero0058
2016-08-04 20:05:43,603 INFO [org.junit.Test] zero0059
2016-08-04 20:05:43,603 INFO [org.junit.Test] zero0060
2016-08-04 20:05:43,603 INFO [org.junit.Test] zero0061
2016-08-04 20:05:43,603 INFO [org.junit.Test] zero0062
2016-08-04 20:05:43,603 INFO [org.junit.Test] zero0063
2016-08-04 20:05:43,603 INFO [org.junit.Test] zero0064
2016-08-04 20:05:43,603 INFO [org.junit.Test] zero0065
2016-08-04 20:05:43,603 INFO [org.junit.Test] zero0066
2016-08-04 20:05:43,603 INFO [org.junit.Test] zero0067
2016-08-04 20:05:43,603 INFO [org.junit.Test] zero0068
2016-08-04 20:05:43,603 INFO [org.junit.Test] zero0069
2016-08-04 20:05:43,603 INFO [org.junit.Test] zero0070
2016-08-04 20:05:43,603 INFO [org.junit.Test] zero0071
2016-08-04 20:05:43,603 INFO [org.junit.Test] zero0072
2016-08-04 20:05:43,603 INFO [org.junit.Test] zero0073
2016-08-04 20:05:43,603 INFO [org.junit.Test] zero0074
2016-08-04 20:05:43,603 INFO [org.junit.Test] zero0075
2016-08-04 20:05:43,603 INFO [org.junit.Test] zero0076
2016-08-04 20:05:43,603 INFO [org.junit.Test] zero0077
2016-08-04 20:05:43,603 INFO [org.junit.Test] zero0078
2016-08-04 20:05:43,603 INFO [org.junit.Test] zero0079
2016-08-04 20:05:43,603 INFO [org.junit.Test] zero0080
2016-08-04 20:05:43,603 INFO [org.junit.Test] zero0081
2016-08-04 20:05:43,603 INFO [org.junit.Test] zero0082
2016-08-04 20:05:43,603 INFO [org.junit.Test] zero0083
2016-08-04 20:05:43,603 INFO [org.junit.Test] zero0084
2016-08-04 20:05:43,603 INFO [org.junit.Test] zero0085
2016-08-04 20:05:43,603 INFO [org.junit.Test] zero0086
2016-08-04 20:05:43,603 INFO [org.junit.Test] zero0087
2016-08-04 20:05:43,603 INFO [org.junit.Test] zero0088
2016-08-04 20:05:43,603 INFO [org.junit.Test] zero0089
2016-08-04 20:05:43,603 INFO [org.junit.Test] zero0090
2016-08-04 20:05:43,603 INFO [org.junit.Test] zero0091
2016-08-04 20:05:43,603 INFO [org.junit.Test] zero0092
2016-08-04 20:05:43,603 INFO [org.junit.Test] zero0093
2016-08-04 20:05:43,603 INFO [org.junit.Test] zero0094
2016-08-04 20:05:43,603 INFO [org.junit.Test] zero0095
2016-08-04 20:05:43,603 INFO [org.junit.Test] zero0096
2016-08-04 20:05:43,603 INFO [org.junit.Test] zero0097
2016-08-04 20:05:43,603 INFO [org.junit.Test] zero0098
2016-08-04 20:05:43,603 INFO [org.junit.Test] zero0099
2016-08-04 20:05:43,603 INFO [org.junit.Test] zero00100
2016-08-04 20:05:43,603 INFO [org.junit.Test] zero00101
2016-08-04 20:05:43,603 INFO [org.junit.Test] zero00102
2016-08-04 20:05:43,603 INFO [org.junit.Test] zero00103
2016-08-04 20:05:43,603 INFO [org.junit.Test] zero00104
2016-08-04 20:05:43,603 INFO [org.junit.Test] zero00105
2016-08-04 20:05:43,603 INFO [org.junit.Test] zero00106
2016-08-04 20:05:43,603 INFO [org.junit.Test] zero00107
2016-08-04 20:05:43,603 INFO [org.junit.Test] zero00108
2016-08-04 20:05:43,603 INFO [org.junit.Test] zero00109
2016-08-04 20:05:43,603 INFO [org.junit.Test] zero00110
2016-08-04 20:05:43,603 INFO [org.junit.Test] zero00111
2016-08-04 20:05:43,603 INFO [org.junit.Test] zero00112
2016-08-04 20:05:43,603 INFO [org.junit.Test] zero00113
2016-08-04 20:05:43,603 INFO [org.junit.Test] zero00114
2016-08-04 20:05:43,603 INFO [org.junit.Test] zero00115
2016-08-04 20:05:43,603 INFO [org.junit.Test] zero00116
2016-08-04 20:05:43,603 INFO [org.junit.Test] zero00117
2016-08-04 20:05:43,603 INFO [org.junit.Test] zero00118
2016-08-04 20:05:43,603 INFO [org.junit.Test] zero00119
2016-08-04 20:05:43,603 INFO [org.junit.Test] zero00120
2016-08-04 20:05:43,603 INFO [org.junit.Test] zero00121
2016-08-04 20:05:43,603 INFO [org.junit.Test] zero00122
2016-08-04 20:05:43,603 INFO [org.junit.Test] zero00123
2016-08-04 20:05:43,603 INFO [org.junit.Test] zero00124
2016-08-04 20:05:43,603 INFO [org.junit.Test] zero00125
2016-08-04 20:05:43,603 INFO [org.junit.Test] zero00126
2016-08-04 20:05:43,603 INFO [org.junit.Test] zero00127
2016-08-04 20:05:43,603 INFO [org.junit.Test] zero00128
2016-08-04 20:05:43,603 INFO [org.junit.Test] zero00129
2016-08-04 20:05:43,603 INFO [org.junit.Test] zero00130
2016-08-04 20:05:43,603 INFO [org.junit.Test] zero00131
2016-08-04 20:05:43,603 INFO [org.junit.Test] zero00132
2016-08-04 20:05:43,603 INFO [org.junit.Test] zero00133
2016-08-04 20:05:43,603 INFO [org.junit.Test] zero00134
2016-08-04 20:05:43,603 INFO [org.junit.Test] zero00135
2016-08-04 20:05:43,603 INFO [org.junit.Test] zero00136
2016-08-04 20:05:43,603 INFO [org.junit.Test] zero00137
2016-08-04 20:05:43,603 INFO [org.junit.Test] zero00138
2016-08-04 20:05:43,603 INFO [org.junit.Test] zero00139
2016-08-04 20:05:43,603 INFO [org.junit.Test] zero00140
2016-08-04 20:05:43,603 INFO [org.junit.Test] zero00141
2016-08-04 20:05:43,603 INFO [org.junit.Test] zero00142
2016-08-04 20:05:43,603 INFO [org.junit.Test] zero00143
2016-08-04 20:05:43,603 INFO [org.junit.Test] zero00144
2016-08-04 20:05:43,603 INFO [org.junit.Test] zero00145
2016-08-04 20:05:43,603 INFO [org.junit.Test] zero00146
2016-08-04 20:05:43,603 INFO [org.junit.Test] zero00147
2016-08-04 20:05:43,603 INFO [org.junit.Test] zero00148
2016-08-04 20:05:43,603 INFO [org.junit.Test] zero00149
2016-08-04 20:05:43,603 INFO [org.junit.Test] zero00150
2016-08-04 20:05:43,603 INFO [org.junit.Test] zero00151
2016-08-04 20:05:43,603 INFO [org.junit.Test] zero00152
2016-08-04 20:05:43,603 INFO [org.junit.Test] zero00153
2016-08-04 20:05:43,603 INFO [org.junit.Test] zero00154
2016-08-04 20:05:43,603 INFO [org.junit.Test] zero00155
2016-08-04 20:05:43,603 INFO [org.junit.Test] zero00156
2016-08-04 20:05:43,603 INFO [org.junit.Test] zero00157
2016-08-04 20:05:43,603 INFO [org.junit.Test] zero00158
2016-08-04 20:05:43,603 INFO [org.junit.Test] zero00159
2016-08-04 20:05:43,603 INFO [org.junit.Test] zero00160
2016-08-04 20:05:43,603 INFO [org.junit.Test] zero00161
2016-08-04 20:05:43,603 INFO [org.junit.Test] zero00162
2016-08-04 20:05:43,603 INFO [org.junit.Test] zero00163
2016-08-04 20:05:43,603 INFO [org.junit.Test] zero00164
2016-08-04 20:05:43,603 INFO [org.junit.Test] zero00165
2016-08-04 20:05:43,603 INFO [org.junit.Test] zero00166
2016-08-04 20:05:43,603 INFO [org.junit.Test] zero00167
2016-08-04 20:05:43,603 INFO [org.junit.Test] zero00168
2016-08-04 20:05:43,603 INFO [org.junit.Test] zero00169
2016-08-04 20:05:43,603 INFO [org.junit.Test] zero00170
2016-08-04 20:05:43,603 INFO [org.junit.Test] zero00171
2016-08-04 20:05:43,603 INFO [org.junit.Test] zero00172
2016-08-04 20:05:43,603 INFO [org.junit.Test] zero00173
2016-08-04 20:05:43,603 INFO [org.junit.Test] zero00174
2016-08-04 20:05:43,603 INFO [org.junit.Test] zero00175
2016-08-04 20:05:43,603 INFO [org.junit.Test] zero00176
2016-08-04 20:05:43,603 INFO [org.junit.Test] zero00177
2016-08-04 20:05:43,603 INFO [org.junit.Test] zero00178
2016-08-04 20:05:43,603 INFO [org.junit.Test] zero00179
2016-08-04 20:05:43,603 INFO [org.junit.Test] zero00180
2016-08-04 20:05:43,603 INFO [org.junit.Test] zero00181
2016-08-04 20:05:43,603 INFO [org.junit.Test] zero00182
2016-08-04 20:05:43,603 INFO [org.junit.Test] zero00183
2016-08-04 20:05:43,603 INFO [org.junit.Test] zero00184
2016-08-04 20:05:43,603 INFO [org.junit.Test] zero00185
2016-08-04 20:05:43,603 INFO [org.junit.Test] zero00186
2016-08-04 20:05:43,603 INFO [org.junit.Test] zero00187
2016-08-04 20:05:43,603 INFO [org.junit.Test] zero00188
2016-08-04 20:05:43,603 INFO [org.junit.Test] zero00189
2016-08-04 20:05:43,603 INFO [org.junit.Test] zero00190
2016-08-04 20:05:43,603 INFO [org.junit.Test] zero00191
2016-08-04 20:05:43,603 INFO [org.junit.Test] zero00192
2016-08-04 20:05:43,603 INFO [org.junit.Test] zero00193
2016-08-04 20:05:43,603 INFO [org.junit.Test] zero00194
2016-08-04 20:05:43,603 INFO [org.junit.Test] zero00195
2016-08-04 20:05:43,603 INFO [org.junit.Test] zero00196
2016-08-04 20:05:43,603 INFO [org.junit.Test] zero00197
2016-08-04 20:05:43,603 INFO [org.junit.Test] zero00198
2016-08-04 20:05:43,603 INFO [org.junit.Test] zero00199
2016-08-04 20:05:43,603 INFO [org.junit.Test] zero00200
2016-08-04 20:05:43,603 INFO [org.junit.Test] zero00201
2016-08-04 20:05:43,603 INFO [org.junit.Test] zero00202
2016-08-04 20:05:43,603 INFO [org.junit.Test] zero00203
2016-08-04 20:05:43,603 INFO [org.junit.Test] zero00204
2016-08-04 20:05:43,603 INFO [org.junit.Test] zero00205
2016-08-04 20:05:43,603 INFO [org.junit.Test] zero00206
2016-08-04 20:05:43,603 INFO [org.junit.Test] zero00207
2016-08-04 20:05:43,603 INFO [org.junit.Test] zero00208
2016-08-04 20:05:43,603 INFO [org.junit.Test] zero00209
2016-08-04 20:05:43,603 INFO [org.junit.Test] zero00210
2016-08-04 20:05:43,603 INFO [org.junit.Test] zero00211
2016-08-04 20:05:43,603 INFO [org.junit.Test] zero00212
2016-08-04 20:05:43,603 INFO [org.junit.Test] zero00213
2016-08-04 20:05:43,603 INFO [org.junit.Test] zero00214
2016-08-04 20:05:43,603 INFO [org.junit.Test] zero00215
2016-08-04 20:05:43,603 INFO [org.junit.Test] zero00216
2016-08-04 20:05:43,603 INFO [org.junit.Test] zero00217
2016-08-04 20:05:43,603 INFO [org.junit.Test] zero00218
2016-08-04 20:05:43,603 INFO [org.junit.Test] zero00219
2016-08-04 20:05:43,603 INFO [org.junit.Test] zero00220
2016-08-04 20:05:43,603 INFO [org.junit.Test] zero00221
2016-08-04 20:05:43,603 INFO [org.junit.Test] zero00222
2016-08-04 20:05:43,603 INFO [org.junit.Test] zero00223
2016-08-04 20:05:43,603 INFO [org.junit.Test] zero00224
2016-08-04 20:05:43,603 INFO [org.junit.Test] zero00225
2016-08-04 20:05:43,603 INFO [org.junit.Test] zero00226
2016-08-04 20:05:43,603 INFO [org.junit.Test] zero00227
2016-08-04 20:05:43,603 INFO [org.junit.Test] zero00228
2016-08-04 20:05:43,603 INFO [org.junit.Test] zero00229
2016-08-04 20:05:43,603 INFO [org.junit.Test] zero00230
2016-08-04 20:05:43,603 INFO [org.junit.Test] zero00231
2016-08-04 20:05:43,603 INFO [org.junit.Test] zero00232
2016-08-04 20:05:43,603 INFO [org.junit.Test] zero00233
2016-08-04 20:05:43,603 INFO [org.junit.Test] zero00234
2016-08-04 20:05:43,603 INFO [org.junit.Test] zero00235
2016-08-04 20:05:43,603 INFO [org.junit.Test] zero00236
2016-08-04 20:05:43,603 INFO [org.junit.Test] zero00237
2016-08-04 20:05:43,603 INFO [org.junit.Test] zero00238
2016-08-04 20:05:43,603 INFO [org.junit.Test] zero00239
2016-08-04 20:05:43,603 INFO [org.junit.Test] zero00240
2016-08-04 20:05:43,603 INFO [org.junit.Test] zero00241
2016-08-04 20:05:43,603 INFO [org.junit.Test] zero00242
2016-08-04 20:05:43,603 INFO [org.junit.Test] zero00243
2016-08-04 20:05:43,603 INFO [org.junit.Test] zero00244
2016-08-04 20:05:43,603 INFO [org.junit.Test] zero00245
2016-08-04 20:05:43,603 INFO [org.junit.Test] zero00246
2016-08-04 20:05:43,603 INFO [org.junit.Test] zero00247
2016-08-04 20:05:43,603 INFO [org.junit.Test] zero00248
2016-08-04 20:05:43,603 INFO [org.junit.Test] zero00249
2016-08-04 20:05:43,603 INFO [org.junit.Test] zero00250
2016-08-04 20:05:43,603 INFO [org.junit.Test] zero00251
2016-08-04 20:05:43,603 INFO [org.junit.Test] zero00252
2016-08-04 20:05:43,603 INFO [org.junit.Test] zero00253
2016-08-04 20:05:43,603 INFO [org.junit.Test] zero00254
2016-08-04 20:05:43,603 INFO [org.junit.Test] zero00255
2016-08-04 20:05:43,603 INFO [org.junit.Test] zero00256
2016-08-04 20:05:43,603 INFO [org.junit.Test] zero00257
2016-08-04 20:05:43,603 INFO [org.junit.Test] zero00258
2016-08-04 20:05:43,603 INFO [org.junit.Test] zero00259
2016-08-04 20:05:43,603 INFO [org.junit.Test] zero00260
2016-08-04 20:05:43,603 INFO [org.junit.Test] zero00261
2016-08-04 20:05:43,603 INFO [org.junit.Test] zero00262
2016-08-04 20:05:43,603 INFO [org.junit.Test] zero00263
2016-08-04 20:05:43,603 INFO [org.junit.Test] zero00264
2016-08-04 20:05:43,603 INFO [org.junit.Test] zero00265
2016-08-04 20:05:43,603 INFO [org.junit.Test] zero00266
2016-08-04 20:05:43,603 INFO [org.junit.Test] zero00267
2016-08-04 20:05:43,603 INFO [org.junit.Test] zero00268
2016-08-04 20:05:43,603 INFO [org.junit.Test] zero00269
2016-08-04 20:05:43,603 INFO [org.junit.Test] zero00270
2016-08-04 20:05:43,603 INFO [org.junit.Test] zero00271
2016-08-04 20:05:43,603 INFO [org.junit.Test] zero00272
2016-08-04 20:05:43,603 INFO [org.junit.Test] zero00273
2016-08-04 20:05:43,603 INFO [org.junit.Test] zero00274
2016-08-04 20:05:43,603 INFO [org.junit.Test] zero00275
2016-08-04 20:05:43,603 INFO [org.junit.Test] zero00276
2016-08-04 20:05:43,603 INFO [org.junit.Test] zero00277
2016-08-04 20:05:43,603 INFO [org.junit.Test] zero00278
2016-08-04 20:05:43,603 INFO [org.junit.Test] zero00279
2016-08-04 20:05:43,603 INFO [org.junit.Test] zero00280
2016-08-04 20:05:43,603 INFO [org.junit.Test] zero00281
2016-08-04 20:05:43,603 INFO [org.junit.Test] zero00282
2016-08-04 20:05:43,603 INFO [org.junit.Test] zero00283
2016-08-04 20:05:43,603 INFO [org.junit.Test] zero00284
2016-08-04 20:05:43,603 INFO [org.junit.Test] zero00285
2016-08-04 20:05:43,603 INFO [org.junit.Test] zero00286
2016-08-04 20:05:43,603 INFO [org.junit.Test] zero00287
2016-08-04 20:05:43,603 INFO [org.junit.Test] zero00288
2016-08-04 20:05:43,603 INFO [org.junit.Test] zero00289
2016-08-04 20:05:43,603 INFO [org.junit.Test] zero00290
2016-08-04 20:05:43,603 INFO [org.junit.Test] zero00291
2016-08-04 20:05:43,603 INFO [org.junit.Test] zero00292
2016-08-04 20:05:43,603 INFO [org.junit.Test] zero00293
2016-08-04 20:05:43,603 INFO [org.junit.Test] zero00294
2016-08-04 20:05:43,603 INFO [org.junit.Test] zero00295
2016-08-04 20:05:43,603 INFO [org.junit.Test] zero00296
2016-08-04 20:05:43,603 INFO [org.junit.Test] zero00297
2016-08-04 20:05:43,603 INFO [org.junit.Test] zero00298
2016-08-04 20:05:43,603 INFO [org.junit.Test] zero00299
2016-08-04 20:05:43,603 INFO [org.junit.Test] zero00300
2016-08-04 20:05:43,603 INFO [org.junit.Test] zero00301
2016-08-04 20:05:43,603 INFO [org.junit.Test] zero00302
2016-08-04 20:05:43,603 INFO [org.junit.Test] zero00303
2016-08-04 20:05:43,603 INFO [org.junit.Test] zero00304
2016-08-04 20:05:43,603 INFO [org.junit.Test] zero00305
2016-08-04 20:05:43,603 INFO [org.junit.Test] zero00306
2016-08-04 20:05:43,603 INFO [org.junit.Test] zero00307
2016-08-04 20:05:43,603 INFO [org.junit.Test] zero00308
2016-08-04 20:05:43,603 INFO [org.junit.Test] zero00309
2016-08-04 20:05:43,603 INFO [org.junit.Test] zero00310
2016-08-04 20:05:43,603 INFO [org.junit.Test] zero00311
2016-08-04 20:05:43,603 INFO [org.junit.Test] zero00312
2016-08-04 20:05:43,603 INFO [org.junit.Test] zero00313
2016-08-04 20:05:43,603 INFO [org.junit.Test] zero00314
2016-08-04 20:05:43,603 INFO [org.junit.Test] zero00315
2016-08-04 20:05:43,603 INFO [org.junit.Test] zero00316
2016-08-04 20:05:43,603 INFO [org.junit.Test] zero00317
2016-08-04 20:05:43,604 INFO [org.junit.Test] zero00318
2016-08-04 20:05:43,604 INFO [org.junit.Test] zero00319
2016-08-04 20:05:43,604 INFO [org.junit.Test] zero00320
2016-08-04 20:05:43,604 INFO [org.junit.Test] zero00321
2016-08-04 20:05:43,604 INFO [org.junit.Test] zero00322
2016-08-04 20:05:43,604 INFO [org.junit.Test] zero00323
2016-08-04 20:05:43,604 INFO [org.junit.Test] zero00324
2016-08-04 20:05:43,604 INFO [org.junit.Test] zero00325
2016-08-04 20:05:43,604 INFO [org.junit.Test] zero00326
2016-08-04 20:05:43,604 INFO [org.junit.Test] zero00327
2016-08-04 20:05:43,604 INFO [org.junit.Test] zero00328
2016-08-04 20:05:43,604 INFO [org.junit.Test] zero00329
2016-08-04 20:05:43,604 INFO [org.junit.Test] zero00330
2016-08-04 20:05:43,604 INFO [org.junit.Test] zero00331
2016-08-04 20:05:43,604 INFO [org.junit.Test] zero00332
2016-08-04 20:05:43,604 INFO [org.junit.Test] zero00333
2016-08-04 20:05:43,604 INFO [org.junit.Test] zero00334
2016-08-04 20:05:43,604 INFO [org.junit.Test] zero00335
2016-08-04 20:05:43,604 INFO [org.junit.Test] zero00336
2016-08-04 20:05:43,604 INFO [org.junit.Test] zero00337
2016-08-04 20:05:43,604 INFO [org.junit.Test] zero00338
2016-08-04 20:05:43,604 INFO [org.junit.Test] zero00339
2016-08-04 20:05:43,604 INFO [org.junit.Test] zero00340
2016-08-04 20:05:43,604 INFO [org.junit.Test] zero00341
2016-08-04 20:05:43,604 INFO [org.junit.Test] zero00342
2016-08-04 20:05:43,604 INFO [org.junit.Test] zero00343
2016-08-04 20:05:43,604 INFO [org.junit.Test] zero00344
2016-08-04 20:05:43,604 INFO [org.junit.Test] zero00345
2016-08-04 20:05:43,604 INFO [org.junit.Test] zero00346
2016-08-04 20:05:43,604 INFO [org.junit.Test] zero00347
2016-08-04 20:05:43,604 INFO [org.junit.Test] zero00348
2016-08-04 20:05:43,604 INFO [org.junit.Test] zero00349
2016-08-04 20:05:43,604 INFO [org.junit.Test] zero00350
2016-08-04 20:05:43,604 INFO [org.junit.Test] zero00351
2016-08-04 20:05:43,604 INFO [org.junit.Test] zero00352
2016-08-04 20:05:43,604 INFO [org.junit.Test] zero00353
2016-08-04 20:05:43,604 INFO [org.junit.Test] zero00354
2016-08-04 20:05:43,604 INFO [org.junit.Test] zero00355
2016-08-04 20:05:43,604 INFO [org.junit.Test] zero00356
2016-08-04 20:05:43,604 INFO [org.junit.Test] zero00357
2016-08-04 20:05:43,604 INFO [org.junit.Test] zero00358
2016-08-04 20:05:43,604 INFO [org.junit.Test] zero00359
2016-08-04 20:05:43,604 INFO [org.junit.Test] zero00360
2016-08-04 20:05:43,604 INFO [org.junit.Test] zero00361
2016-08-04 20:05:43,604 INFO [org.junit.Test] zero00362
2016-08-04 20:05:43,604 INFO [org.junit.Test] zero00363
2016-08-04 20:05:43,604 INFO [org.junit.Test] zero00364
2016-08-04 20:05:43,604 INFO [org.junit.Test] zero00365
2016-08-04 20:05:43,604 INFO [org.junit.Test] zero00366
2016-08-04 20:05:43,604 INFO [org.junit.Test] zero00367
2016-08-04 20:05:43,604 INFO [org.junit.Test] zero00368
2016-08-04 20:05:43,604 INFO [org.junit.Test] zero00369
2016-08-04 20:05:43,604 INFO [org.junit.Test] zero00370
2016-08-04 20:05:43,604 INFO [org.junit.Test] zero00371
2016-08-04 20:05:43,604 INFO [org.junit.Test] zero00372
2016-08-04 20:05:43,604 INFO [org.junit.Test] zero00373
2016-08-04 20:05:43,604 INFO [org.junit.Test] zero00374
2016-08-04 20:05:43,604 INFO [org.junit.Test] zero00375
2016-08-04 20:05:43,604 INFO [org.junit.Test] zero00376
2016-08-04 20:05:43,604 INFO [org.junit.Test] zero00377
2016-08-04 20:05:43,604 INFO [org.junit.Test] zero00378
2016-08-04 20:05:43,604 INFO [org.junit.Test] zero00379
2016-08-04 20:05:43,604 INFO [org.junit.Test] zero00380
2016-08-04 20:05:43,604 INFO [org.junit.Test] zero00381
2016-08-04 20:05:43,604 INFO [org.junit.Test] zero00382
2016-08-04 20:05:43,604 INFO [org.junit.Test] zero00383
2016-08-04 20:05:43,604 INFO [org.junit.Test] zero00384
2016-08-04 20:05:43,604 INFO [org.junit.Test] zero00385
2016-08-04 20:05:43,604 INFO [org.junit.Test] zero00386
2016-08-04 20:05:43,604 INFO [org.junit.Test] zero00387
2016-08-04 20:05:43,604 INFO [org.junit.Test] zero00388
2016-08-04 20:05:43,604 INFO [org.junit.Test] zero00389
2016-08-04 20:05:43,604 INFO [org.junit.Test] zero00390
2016-08-04 20:05:43,604 INFO [org.junit.Test] zero00391
2016-08-04 20:05:43,604 INFO [org.junit.Test] zero00392
2016-08-04 20:05:43,604 INFO [org.junit.Test] zero00393
2016-08-04 20:05:43,604 INFO [org.junit.Test] zero00394
2016-08-04 20:05:43,604 INFO [org.junit.Test] zero00395
2016-08-04 20:05:43,604 INFO [org.junit.Test] zero00396
2016-08-04 20:05:43,604 INFO [org.junit.Test] zero00397
2016-08-04 20:05:43,604 INFO [org.junit.Test] zero00398
2016-08-04 20:05:43,604 INFO [org.junit.Test] zero00399
2016-08-04 20:05:43,604 INFO [org.junit.Test] zero00400
2016-08-04 20:05:43,604 INFO [org.junit.Test] zero00401
2016-08-04 20:05:43,604 INFO [org.junit.Test] zero00402
2016-08-04 20:05:43,604 INFO [org.junit.Test] zero00403
2016-08-04 20:05:43,604 INFO [org.junit.Test] zero00404
2016-08-04 20:05:43,604 INFO [org.junit.Test] zero00405
2016-08-04 20:05:43,604 INFO [org.junit.Test] zero00406
2016-08-04 20:05:43,604 INFO [org.junit.Test] zero00407
2016-08-04 20:05:43,604 INFO [org.junit.Test] zero00408
2016-08-04 20:05:43,604 INFO [org.junit.Test] zero00409
2016-08-04 20:05:43,604 INFO [org.junit.Test] zero00410
2016-08-04 20:05:43,604 INFO [org.junit.Test] zero00411
2016-08-04 20:05:43,604 INFO [org.junit.Test] zero00412
2016-08-04 20:05:43,604 INFO [org.junit.Test] zero00413
2016-08-04 20:05:43,604 INFO [org.junit.Test] zero00414
2016-08-04 20:05:43,604 INFO [org.junit.Test] zero00415
2016-08-04 20:05:43,604 INFO [org.junit.Test] zero00416
2016-08-04 20:05:43,604 INFO [org.junit.Test] zero00417
2016-08-04 20:05:43,604 INFO [org.junit.Test] zero00418
2016-08-04 20:05:43,604 INFO [org.junit.Test] zero00419
2016-08-04 20:05:43,604 INFO [org.junit.Test] zero00420
2016-08-04 20:05:43,604 INFO [org.junit.Test] zero00421
2016-08-04 20:05:43,604 INFO [org.junit.Test] zero00422
2016-08-04 20:05:43,604 INFO [org.junit.Test] zero00423
2016-08-04 20:05:43,604 INFO [org.junit.Test] zero00424
2016-08-04 20:05:43,604 INFO [org.junit.Test] zero00425
2016-08-04 20:05:43,604 INFO [org.junit.Test] zero00426
2016-08-04 20:05:43,604 INFO [org.junit.Test] zero00427
2016-08-04 20:05:43,604 INFO [org.junit.Test] zero00428
2016-08-04 20:05:43,604 INFO [org.junit.Test] zero00429
2016-08-04 20:05:43,604 INFO [org.junit.Test] zero00430
2016-08-04 20:05:43,604 INFO [org.junit.Test] zero00431
2016-08-04 20:05:43,604 INFO [org.junit.Test] zero00432
2016-08-04 20:05:43,604 INFO [org.junit.Test] zero00433
2016-08-04 20:05:43,604 INFO [org.junit.Test] zero00434
2016-08-04 20:05:43,604 INFO [org.junit.Test] zero00435
2016-08-04 20:05:43,604 INFO [org.junit.Test] zero00436
2016-08-04 20:05:43,604 INFO [org.junit.Test] zero00437
2016-08-04 20:05:43,604 INFO [org.junit.Test] zero00438
2016-08-04 20:05:43,604 INFO [org.junit.Test] zero00439
2016-08-04 20:05:43,604 INFO [org.junit.Test] zero00440
2016-08-04 20:05:43,604 INFO [org.junit.Test] zero00441
2016-08-04 20:05:43,604 INFO [org.junit.Test] zero00442
2016-08-04 20:05:43,604 INFO [org.junit.Test] zero00443
2016-08-04 20:05:43,604 INFO [org.junit.Test] zero00444
2016-08-04 20:05:43,604 INFO [org.junit.Test] zero00445
2016-08-04 20:05:43,604 INFO [org.junit.Test] zero00446
2016-08-04 20:05:43,604 INFO [org.junit.Test] zero00447
2016-08-04 20:05:43,604 INFO [org.junit.Test] zero00448
2016-08-04 20:05:43,604 INFO [org.junit.Test] zero00449
2016-08-04 20:05:43,604 INFO [org.junit.Test] zero00450
2016-08-04 20:05:43,604 INFO [org.junit.Test] zero00451
2016-08-04 20:05:43,604 INFO [org.junit.Test] zero00452
2016-08-04 20:05:43,604 INFO [org.junit.Test] zero00453
2016-08-04 20:05:43,604 INFO [org.junit.Test] zero00454
2016-08-04 20:05:43,604 INFO [org.junit.Test] zero00455
2016-08-04 20:05:43,604 INFO [org.junit.Test] zero00456
2016-08-04 20:05:43,604 INFO [org.junit.Test] zero00457
2016-08-04 20:05:43,604 INFO [org.junit.Test] zero00458
2016-08-04 20:05:43,604 INFO [org.junit.Test] zero00459
2016-08-04 20:05:43,604 INFO [org.junit.Test] zero00460
2016-08-04 20:05:43,604 INFO [org.junit.Test] zero00461
2016-08-04 20:05:43,604 INFO [org.junit.Test] zero00462
2016-08-04 20:05:43,604 INFO [org.junit.Test] zero00463
2016-08-04 20:05:43,604 INFO [org.junit.Test] zero00464
2016-08-04 20:05:43,604 INFO [org.junit.Test] zero00465
2016-08-04 20:05:43,604 INFO [org.junit.Test] zero00466
2016-08-04 20:05:43,604 INFO [org.junit.Test] zero00467
2016-08-04 20:05:43,604 INFO [org.junit.Test] zero00468
2016-08-04 20:05:43,604 INFO [org.junit.Test] zero00469
2016-08-04 20:05:43,604 INFO [org.junit.Test] zero00470
2016-08-04 20:05:43,604 INFO [org.junit.Test] zero00471
2016-08-04 20:05:43,604 INFO [org.junit.Test] zero00472
2016-08-04 20:05:43,604 INFO [org.junit.Test] zero00473
2016-08-04 20:05:43,604 INFO [org.junit.Test] zero00474
2016-08-04 20:05:43,604 INFO [org.junit.Test] zero00475
2016-08-04 20:05:43,604 INFO [org.junit.Test] zero00476
2016-08-04 20:05:43,604 INFO [org.junit.Test] zero00477
2016-08-04 20:05:43,604 INFO [org.junit.Test] zero00478
2016-08-04 20:05:43,604 INFO [org.junit.Test] zero00479
2016-08-04 20:05:43,604 INFO [org.junit.Test] zero00480
2016-08-04 20:05:43,604 INFO [org.junit.Test] zero00481
2016-08-04 20:05:43,604 INFO [org.junit.Test] zero00482
2016-08-04 20:05:43,604 INFO [org.junit.Test] zero00483
2016-08-04 20:05:43,604 INFO [org.junit.Test] zero00484
2016-08-04 20:05:43,604 INFO [org.junit.Test] zero00485
2016-08-04 20:05:43,604 INFO [org.junit.Test] zero00486
2016-08-04 20:05:43,604 INFO [org.junit.Test] zero00487
2016-08-04 20:05:43,604 INFO [org.junit.Test] zero00488
2016-08-04 20:05:43,604 INFO [org.junit.Test] zero00489
2016-08-04 20:05:43,604 INFO [org.junit.Test] zero00490
2016-08-04 20:05:43,604 INFO [org.junit.Test] zero00491
2016-08-04 20:05:43,604 INFO [org.junit.Test] zero00492
2016-08-04 20:05:43,604 INFO [org.junit.Test] zero00493
2016-08-04 20:05:43,604 INFO [org.junit.Test] zero00494
2016-08-04 20:05:43,604 INFO [org.junit.Test] zero00495
2016-08-04 20:05:43,604 INFO [org.junit.Test] zero00496
2016-08-04 20:05:43,604 INFO [org.junit.Test] zero00497
2016-08-04 20:05:43,604 INFO [org.junit.Test] zero00498
2016-08-04 20:05:43,604 INFO [org.junit.Test] zero00499
2016-08-04 20:05:43,604 INFO [org.junit.Test] zero00500
2016-08-04 20:05:43,604 INFO [org.junit.Test] zero00501
2016-08-04 20:05:43,604 INFO [org.junit.Test] zero00502
2016-08-04 20:05:43,604 INFO [org.junit.Test] zero00503
2016-08-04 20:05:43,604 INFO [org.junit.Test] zero00504
2016-08-04 20:05:43,604 INFO [org.junit.Test] zero00505
2016-08-04 20:05:43,604 INFO [org.junit.Test] zero00506
2016-08-04 20:05:43,604 INFO [org.junit.Test] zero00507
2016-08-04 20:05:43,604 INFO [org.junit.Test] zero00508
2016-08-04 20:05:43,604 INFO [org.junit.Test] zero00509
2016-08-04 20:05:43,604 INFO [org.junit.Test] zero00510
2016-08-04 20:05:43,604 INFO [org.junit.Test] zero00511
2016-08-04 20:05:43,604 INFO [org.junit.Test] zero00512
2016-08-04 20:05:43,604 INFO [org.junit.Test] zero00513
2016-08-04 20:05:43,604 INFO [org.junit.Test] zero00514
2016-08-04 20:05:43,604 INFO [org.junit.Test] zero00515
2016-08-04 20:05:43,604 INFO [org.junit.Test] zero00516
2016-08-04 20:05:43,604 INFO [org.junit.Test] zero00517
2016-08-04 20:05:43,604 INFO [org.junit.Test] zero00518
2016-08-04 20:05:43,604 INFO [org.junit.Test] zero00519
2016-08-04 20:05:43,604 INFO [org.junit.Test] zero00520
2016-08-04 20:05:43,604 INFO [org.junit.Test] zero00521
2016-08-04 20:05:43,604 INFO [org.junit.Test] zero00522
2016-08-04 20:05:43,604 INFO [org.junit.Test] zero00523
2016-08-04 20:05:43,604 INFO [org.junit.Test] zero00524
2016-08-04 20:05:43,604 INFO [org.junit.Test] zero00525
2016-08-04 20:05:43,604 INFO [org.junit.Test] zero00526
2016-08-04 20:05:43,604 INFO [org.junit.Test] zero00527
2016-08-04 20:05:43,604 INFO [org.junit.Test] zero00528
2016-08-04 20:05:43,604 INFO [org.junit.Test] zero00529
2016-08-04 20:05:43,604 INFO [org.junit.Test] zero00530
2016-08-04 20:05:43,604 INFO [org.junit.Test] zero00531
2016-08-04 20:05:43,604 INFO [org.junit.Test] zero00532
2016-08-04 20:05:43,604 INFO [org.junit.Test] zero00533
2016-08-04 20:05:43,604 INFO [org.junit.Test] zero00534
2016-08-04 20:05:43,604 INFO [org.junit.Test] zero00535
2016-08-04 20:05:43,604 INFO [org.junit.Test] zero00536
2016-08-04 20:05:43,604 INFO [org.junit.Test] zero00537
2016-08-04 20:05:43,604 INFO [org.junit.Test] zero00538
2016-08-04 20:05:43,604 INFO [org.junit.Test] zero00539
2016-08-04 20:05:43,604 INFO [org.junit.Test] zero00540
2016-08-04 20:05:43,604 INFO [org.junit.Test] zero00541
2016-08-04 20:05:43,604 INFO [org.junit.Test] zero00542
2016-08-04 20:05:43,604 INFO [org.junit.Test] zero00543
2016-08-04 20:05:43,604 INFO [org.junit.Test] zero00544
2016-08-04 20:05:43,604 INFO [org.junit.Test] zero00545
2016-08-04 20:05:43,604 INFO [org.junit.Test] zero00546
2016-08-04 20:05:43,604 INFO [org.junit.Test] zero00547
2016-08-04 20:05:43,604 INFO [org.junit.Test] zero00548
2016-08-04 20:05:43,604 INFO [org.junit.Test] zero00549
2016-08-04 20:05:43,604 INFO [org.junit.Test] zero00550
2016-08-04 20:05:43,604 INFO [org.junit.Test] zero00551
2016-08-04 20:05:43,604 INFO [org.junit.Test] zero00552
2016-08-04 20:05:43,604 INFO [org.junit.Test] zero00553
2016-08-04 20:05:43,604 INFO [org.junit.Test] zero00554
2016-08-04 20:05:43,604 INFO [org.junit.Test] zero00555
2016-08-04 20:05:43,604 INFO [org.junit.Test] zero00556
2016-08-04 20:05:43,604 INFO [org.junit.Test] zero00557
2016-08-04 20:05:43,604 INFO [org.junit.Test] zero00558
2016-08-04 20:05:43,604 INFO [org.junit.Test] zero00559
2016-08-04 20:05:43,604 INFO [org.junit.Test] zero00560
2016-08-04 20:05:43,604 INFO [org.junit.Test] zero00561
2016-08-04 20:05:43,604 INFO [org.junit.Test] zero00562
2016-08-04 20:05:43,604 INFO [org.junit.Test] zero00563
2016-08-04 20:05:43,604 INFO [org.junit.Test] zero00564
2016-08-04 20:05:43,604 INFO [org.junit.Test] zero00565
2016-08-04 20:05:43,604 INFO [org.junit.Test] zero00566
2016-08-04 20:05:43,604 INFO [org.junit.Test] zero00567
2016-08-04 20:05:43,604 INFO [org.junit.Test] zero00568
2016-08-04 20:05:43,604 INFO [org.junit.Test] zero00569
2016-08-04 20:05:43,604 INFO [org.junit.Test] zero00570
2016-08-04 20:05:43,604 INFO [org.junit.Test] zero00571
2016-08-04 20:05:43,604 INFO [org.junit.Test] zero00572
2016-08-04 20:05:43,604 INFO [org.junit.Test] zero00573
2016-08-04 20:05:43,604 INFO [org.junit.Test] zero00574
2016-08-04 20:05:43,604 INFO [org.junit.Test] zero00575
2016-08-04 20:05:43,604 INFO [org.junit.Test] zero00576
2016-08-04 20:05:43,604 INFO [org.junit.Test] zero00577
2016-08-04 20:05:43,604 INFO [org.junit.Test] zero00578
2016-08-04 20:05:43,604 INFO [org.junit.Test] zero00579
2016-08-04 20:05:43,604 INFO [org.junit.Test] zero00580
2016-08-04 20:05:43,604 INFO [org.junit.Test] zero00581
2016-08-04 20:05:43,604 INFO [org.junit.Test] zero00582
2016-08-04 20:05:43,604 INFO [org.junit.Test] zero00583
2016-08-04 20:05:43,604 INFO [org.junit.Test] zero00584
2016-08-04 20:05:43,604 INFO [org.junit.Test] zero00585
2016-08-04 20:05:43,604 INFO [org.junit.Test] zero00586
2016-08-04 20:05:43,604 INFO [org.junit.Test] zero00587
2016-08-04 20:05:43,604 INFO [org.junit.Test] zero00588
2016-08-04 20:05:43,604 INFO [org.junit.Test] zero00589
2016-08-04 20:05:43,604 INFO [org.junit.Test] zero00590
2016-08-04 20:05:43,604 INFO [org.junit.Test] zero00591
2016-08-04 20:05:43,604 INFO [org.junit.Test] zero00592
2016-08-04 20:05:43,604 INFO [org.junit.Test] zero00593
2016-08-04 20:05:43,604 INFO [org.junit.Test] zero00594
2016-08-04 20:05:43,604 INFO [org.junit.Test] zero00595
2016-08-04 20:05:43,604 INFO [org.junit.Test] zero00596
2016-08-04 20:05:43,604 INFO [org.junit.Test] zero00597
2016-08-04 20:05:43,604 INFO [org.junit.Test] zero00598
2016-08-04 20:05:43,604 INFO [org.junit.Test] zero00599
2016-08-04 20:05:43,604 INFO [org.junit.Test] zero00600
2016-08-04 20:05:43,604 INFO [org.junit.Test] zero00601
2016-08-04 20:05:43,604 INFO [org.junit.Test] zero00602
2016-08-04 20:05:43,604 INFO [org.junit.Test] zero00603
2016-08-04 20:05:43,604 INFO [org.junit.Test] zero00604
2016-08-04 20:05:43,604 INFO [org.junit.Test] zero00605
2016-08-04 20:05:43,604 INFO [org.junit.Test] zero00606
2016-08-04 20:05:43,604 INFO [org.junit.Test] zero00607
2016-08-04 20:05:43,604 INFO [org.junit.Test] zero00608
2016-08-04 20:05:43,604 INFO [org.junit.Test] zero00609
2016-08-04 20:05:43,604 INFO [org.junit.Test] zero00610
2016-08-04 20:05:43,604 INFO [org.junit.Test] zero00611
2016-08-04 20:05:43,604 INFO [org.junit.Test] zero00612
2016-08-04 20:05:43,604 INFO [org.junit.Test] zero00613
2016-08-04 20:05:43,604 INFO [org.junit.Test] zero00614
2016-08-04 20:05:43,604 INFO [org.junit.Test] zero00615
2016-08-04 20:05:43,604 INFO [org.junit.Test] zero00616
2016-08-04 20:05:43,604 INFO [org.junit.Test] zero00617
2016-08-04 20:05:43,604 INFO [org.junit.Test] zero00618
2016-08-04 20:05:43,604 INFO [org.junit.Test] zero00619
2016-08-04 20:05:43,604 INFO [org.junit.Test] zero00620
2016-08-04 20:05:43,604 INFO [org.junit.Test] zero00621
2016-08-04 20:05:43,604 INFO [org.junit.Test] zero00622
2016-08-04 20:05:43,604 INFO [org.junit.Test] zero00623
2016-08-04 20:05:43,604 INFO [org.junit.Test] zero00624
2016-08-04 20:05:43,604 INFO [org.junit.Test] zero00625
2016-08-04 20:05:43,604 INFO [org.junit.Test] zero00626
2016-08-04 20:05:43,604 INFO [org.junit.Test] zero00627
2016-08-04 20:05:43,604 INFO [org.junit.Test] zero00628
2016-08-04 20:05:43,604 INFO [org.junit.Test] zero00629
2016-08-04 20:05:43,604 INFO [org.junit.Test] zero00630
2016-08-04 20:05:43,604 INFO [org.junit.Test] zero00631
2016-08-04 20:05:43,604 INFO [org.junit.Test] zero00632
2016-08-04 20:05:43,604 INFO [org.junit.Test] zero00633
2016-08-04 20:05:43,604 INFO [org.junit.Test] zero00634
2016-08-04 20:05:43,604 INFO [org.junit.Test] zero00635
2016-08-04 20:05:43,604 INFO [org.junit.Test] zero00636
2016-08-04 20:05:43,604 INFO [org.junit.Test] zero00637
2016-08-04 20:05:43,604 INFO [org.junit.Test] zero00638
2016-08-04 20:05:43,604 INFO [org.junit.Test] zero00639
2016-08-04 20:05:43,604 INFO [org.junit.Test] zero00640
2016-08-04 20:05:43,604 INFO [org.junit.Test] zero00641
2016-08-04 20:05:43,604 INFO [org.junit.Test] zero00642
2016-08-04 20:05:43,604 INFO [org.junit.Test] zero00643
2016-08-04 20:05:43,604 INFO [org.junit.Test] zero00644
2016-08-04 20:05:43,604 INFO [org.junit.Test] zero00645
2016-08-04 20:05:43,604 INFO [org.junit.Test] zero00646
2016-08-04 20:05:43,605 INFO [org.junit.Test] zero00647
2016-08-04 20:05:43,605 INFO [org.junit.Test] zero00648
2016-08-04 20:05:43,605 INFO [org.junit.Test] zero00649
2016-08-04 20:05:43,605 INFO [org.junit.Test] zero00650
2016-08-04 20:05:43,605 INFO [org.junit.Test] zero00651
2016-08-04 20:05:43,605 INFO [org.junit.Test] zero00652
2016-08-04 20:05:43,605 INFO [org.junit.Test] zero00653
2016-08-04 20:05:43,605 INFO [org.junit.Test] zero00654
2016-08-04 20:05:43,605 INFO [org.junit.Test] zero00655
2016-08-04 20:05:43,605 INFO [org.junit.Test] zero00656
2016-08-04 20:05:43,605 INFO [org.junit.Test] zero00657
2016-08-04 20:05:43,605 INFO [org.junit.Test] zero00658
2016-08-04 20:05:43,605 INFO [org.junit.Test] zero00659
2016-08-04 20:05:43,605 INFO [org.junit.Test] zero00660
2016-08-04 20:05:43,605 INFO [org.junit.Test] zero00661
2016-08-04 20:05:43,605 INFO [org.junit.Test] zero00662
2016-08-04 20:05:43,605 INFO [org.junit.Test] zero00663
2016-08-04 20:05:43,605 INFO [org.junit.Test] zero00664
2016-08-04 20:05:43,605 INFO [org.junit.Test] zero00665
2016-08-04 20:05:43,605 INFO [org.junit.Test] zero00666
2016-08-04 20:05:43,605 INFO [org.junit.Test] zero00667
2016-08-04 20:05:43,605 INFO [org.junit.Test] zero00668
2016-08-04 20:05:43,605 INFO [org.junit.Test] zero00669
2016-08-04 20:05:43,605 INFO [org.junit.Test] zero00670
2016-08-04 20:05:43,605 INFO [org.junit.Test] zero00671
2016-08-04 20:05:43,605 INFO [org.junit.Test] zero00672
2016-08-04 20:05:43,605 INFO [org.junit.Test] zero00673
2016-08-04 20:05:43,605 INFO [org.junit.Test] zero00674
2016-08-04 20:05:43,605 INFO [org.junit.Test] zero00675
2016-08-04 20:05:43,605 INFO [org.junit.Test] zero00676
2016-08-04 20:05:43,605 INFO [org.junit.Test] zero00677
2016-08-04 20:05:43,605 INFO [org.junit.Test] zero00678
2016-08-04 20:05:43,605 INFO [org.junit.Test] zero00679
2016-08-04 20:05:43,605 INFO [org.junit.Test] zero00680
2016-08-04 20:05:43,605 INFO [org.junit.Test] zero00681
2016-08-04 20:05:43,605 INFO [org.junit.Test] zero00682
2016-08-04 20:05:43,605 INFO [org.junit.Test] zero00683
2016-08-04 20:05:43,605 INFO [org.junit.Test] zero00684
2016-08-04 20:05:43,605 INFO [org.junit.Test] zero00685
2016-08-04 20:05:43,605 INFO [org.junit.Test] zero00686
2016-08-04 20:05:43,605 INFO [org.junit.Test] zero00687
2016-08-04 20:05:43,605 INFO [org.junit.Test] zero00688
2016-08-04 20:05:43,605 INFO [org.junit.Test] zero00689
2016-08-04 20:05:43,605 INFO [org.junit.Test] zero00690
2016-08-04 20:05:43,605 INFO [org.junit.Test] zero00691
2016-08-04 20:05:43,605 INFO [org.junit.Test] zero00692
2016-08-04 20:05:43,605 INFO [org.junit.Test] zero00693
2016-08-04 20:05:43,605 INFO [org.junit.Test] zero00694
2016-08-04 20:05:43,605 INFO [org.junit.Test] zero00695
2016-08-04 20:05:43,605 INFO [org.junit.Test] zero00696
2016-08-04 20:05:43,605 INFO [org.junit.Test] zero00697
2016-08-04 20:05:43,605 INFO [org.junit.Test] zero00698
2016-08-04 20:05:43,605 INFO [org.junit.Test] zero00699
2016-08-04 20:05:43,605 INFO [org.junit.Test] zero00700
2016-08-04 20:05:43,605 INFO [org.junit.Test] zero00701
2016-08-04 20:05:43,605 INFO [org.junit.Test] zero00702
2016-08-04 20:05:43,605 INFO [org.junit.Test] zero00703
2016-08-04 20:05:43,605 INFO [org.junit.Test] zero00704
2016-08-04 20:05:43,605 INFO [org.junit.Test] zero00705
2016-08-04 20:05:43,605 INFO [org.junit.Test] zero00706
2016-08-04 20:05:43,605 INFO [org.junit.Test] zero00707
2016-08-04 20:05:43,605 INFO [org.junit.Test] zero00708
2016-08-04 20:05:43,605 INFO [org.junit.Test] zero00709
2016-08-04 20:05:43,605 INFO [org.junit.Test] zero00710
2016-08-04 20:05:43,605 INFO [org.junit.Test] zero00711
2016-08-04 20:05:43,605 INFO [org.junit.Test] zero00712
2016-08-04 20:05:43,605 INFO [org.junit.Test] zero00713
2016-08-04 20:05:43,605 INFO [org.junit.Test] zero00714
2016-08-04 20:05:43,605 INFO [org.junit.Test] zero00715
2016-08-04 20:05:43,605 INFO [org.junit.Test] zero00716
2016-08-04 20:05:43,605 INFO [org.junit.Test] zero00717
2016-08-04 20:05:43,605 INFO [org.junit.Test] zero00718
2016-08-04 20:05:43,605 INFO [org.junit.Test] zero00719
2016-08-04 20:05:43,605 INFO [org.junit.Test] zero00720
2016-08-04 20:05:43,605 INFO [org.junit.Test] zero00721
2016-08-04 20:05:43,605 INFO [org.junit.Test] zero00722
2016-08-04 20:05:43,605 INFO [org.junit.Test] zero00723
2016-08-04 20:05:43,605 INFO [org.junit.Test] zero00724
2016-08-04 20:05:43,605 INFO [org.junit.Test] zero00725
2016-08-04 20:05:43,605 INFO [org.junit.Test] zero00726
2016-08-04 20:05:43,605 INFO [org.junit.Test] zero00727
2016-08-04 20:05:43,605 INFO [org.junit.Test] zero00728
2016-08-04 20:05:43,605 INFO [org.junit.Test] zero00729
2016-08-04 20:05:43,605 INFO [org.junit.Test] zero00730
2016-08-04 20:05:43,605 INFO [org.junit.Test] zero00731
2016-08-04 20:05:43,605 INFO [org.junit.Test] zero00732
2016-08-04 20:05:43,605 INFO [org.junit.Test] zero00733
2016-08-04 20:05:43,605 INFO [org.junit.Test] zero00734
2016-08-04 20:05:43,605 INFO [org.junit.Test] zero00735
2016-08-04 20:05:43,605 INFO [org.junit.Test] zero00736
2016-08-04 20:05:43,605 INFO [org.junit.Test] zero00737
2016-08-04 20:05:43,605 INFO [org.junit.Test] zero00738
2016-08-04 20:05:43,605 INFO [org.junit.Test] zero00739
2016-08-04 20:05:43,605 INFO [org.junit.Test] zero00740
2016-08-04 20:05:43,605 INFO [org.junit.Test] zero00741
2016-08-04 20:05:43,605 INFO [org.junit.Test] zero00742
2016-08-04 20:05:43,605 INFO [org.junit.Test] zero00743
2016-08-04 20:05:43,605 INFO [org.junit.Test] zero00744
2016-08-04 20:05:43,605 INFO [org.junit.Test] zero00745
2016-08-04 20:05:43,605 INFO [org.junit.Test] zero00746
2016-08-04 20:05:43,605 INFO [org.junit.Test] zero00747
2016-08-04 20:05:43,605 INFO [org.junit.Test] zero00748
2016-08-04 20:05:43,605 INFO [org.junit.Test] zero00749
2016-08-04 20:05:43,605 INFO [org.junit.Test] zero00750
2016-08-04 20:05:43,605 INFO [org.junit.Test] zero00751
2016-08-04 20:05:43,605 INFO [org.junit.Test] zero00752
2016-08-04 20:05:43,605 INFO [org.junit.Test] zero00753
2016-08-04 20:05:43,605 INFO [org.junit.Test] zero00754
2016-08-04 20:05:43,605 INFO [org.junit.Test] zero00755
2016-08-04 20:05:43,605 INFO [org.junit.Test] zero00756
2016-08-04 20:05:43,605 INFO [org.junit.Test] zero00757
2016-08-04 20:05:43,605 INFO [org.junit.Test] zero00758
2016-08-04 20:05:43,605 INFO [org.junit.Test] zero00759
2016-08-04 20:05:43,605 INFO [org.junit.Test] zero00760
2016-08-04 20:05:43,605 INFO [org.junit.Test] zero00761
2016-08-04 20:05:43,605 INFO [org.junit.Test] zero00762
2016-08-04 20:05:43,605 INFO [org.junit.Test] zero00763
2016-08-04 20:05:43,605 INFO [org.junit.Test] zero00764
2016-08-04 20:05:43,605 INFO [org.junit.Test] zero00765
2016-08-04 20:05:43,605 INFO [org.junit.Test] zero00766
2016-08-04 20:05:43,605 INFO [org.junit.Test] zero00767
2016-08-04 20:05:43,605 INFO [org.junit.Test] zero00768
2016-08-04 20:05:43,605 INFO [org.junit.Test] zero00769
2016-08-04 20:05:43,605 INFO [org.junit.Test] zero00770
2016-08-04 20:05:43,605 INFO [org.junit.Test] zero00771
2016-08-04 20:05:43,605 INFO [org.junit.Test] zero00772
2016-08-04 20:05:43,605 INFO [org.junit.Test] zero00773
2016-08-04 20:05:43,605 INFO [org.junit.Test] zero00774
2016-08-04 20:05:43,605 INFO [org.junit.Test] zero00775
2016-08-04 20:05:43,605 INFO [org.junit.Test] zero00776
2016-08-04 20:05:43,605 INFO [org.junit.Test] zero00777
2016-08-04 20:05:43,605 INFO [org.junit.Test] zero00778
2016-08-04 20:05:43,605 INFO [org.junit.Test] zero00779
2016-08-04 20:05:43,605 INFO [org.junit.Test] zero00780
2016-08-04 20:05:43,605 INFO [org.junit.Test] zero00781
2016-08-04 20:05:43,605 INFO [org.junit.Test] zero00782
2016-08-04 20:05:43,605 INFO [org.junit.Test] zero00783
2016-08-04 20:05:43,605 INFO [org.junit.Test] zero00784
2016-08-04 20:05:43,605 INFO [org.junit.Test] zero00785
2016-08-04 20:05:43,605 INFO [org.junit.Test] zero00786
2016-08-04 20:05:43,605 INFO [org.junit.Test] zero00787
2016-08-04 20:05:43,605 INFO [org.junit.Test] zero00788
2016-08-04 20:05:43,605 INFO [org.junit.Test] zero00789
2016-08-04 20:05:43,605 INFO [org.junit.Test] zero00790
2016-08-04 20:05:43,605 INFO [org.junit.Test] zero00791
2016-08-04 20:05:43,605 INFO [org.junit.Test] zero00792
2016-08-04 20:05:43,605 INFO [org.junit.Test] zero00793
2016-08-04 20:05:43,605 INFO [org.junit.Test] zero00794
2016-08-04 20:05:43,605 INFO [org.junit.Test] zero00795
2016-08-04 20:05:43,605 INFO [org.junit.Test] zero00796
2016-08-04 20:05:43,605 INFO [org.junit.Test] zero00797
2016-08-04 20:05:43,605 INFO [org.junit.Test] zero00798
2016-08-04 20:05:43,605 INFO [org.junit.Test] zero00799
2016-08-04 20:05:43,605 INFO [org.junit.Test] zero00800
2016-08-04 20:05:43,605 INFO [org.junit.Test] zero00801
2016-08-04 20:05:43,605 INFO [org.junit.Test] zero00802
2016-08-04 20:05:43,605 INFO [org.junit.Test] zero00803
2016-08-04 20:05:43,605 INFO [org.junit.Test] zero00804
2016-08-04 20:05:43,605 INFO [org.junit.Test] zero00805
2016-08-04 20:05:43,605 INFO [org.junit.Test] zero00806
2016-08-04 20:05:43,605 INFO [org.junit.Test] zero00807
2016-08-04 20:05:43,605 INFO [org.junit.Test] zero00808
2016-08-04 20:05:43,605 INFO [org.junit.Test] zero00809
2016-08-04 20:05:43,605 INFO [org.junit.Test] zero00810
2016-08-04 20:05:43,605 INFO [org.junit.Test] zero00811
2016-08-04 20:05:43,605 INFO [org.junit.Test] zero00812
2016-08-04 20:05:43,605 INFO [org.junit.Test] zero00813
2016-08-04 20:05:43,605 INFO [org.junit.Test] zero00814
2016-08-04 20:05:43,605 INFO [org.junit.Test] zero00815
2016-08-04 20:05:43,605 INFO [org.junit.Test] zero00816
2016-08-04 20:05:43,605 INFO [org.junit.Test] zero00817
2016-08-04 20:05:43,605 INFO [org.junit.Test] zero00818
2016-08-04 20:05:43,605 INFO [org.junit.Test] zero00819
2016-08-04 20:05:43,605 INFO [org.junit.Test] zero00820
2016-08-04 20:05:43,605 INFO [org.junit.Test] zero00821
2016-08-04 20:05:43,605 INFO [org.junit.Test] zero00822
2016-08-04 20:05:43,605 INFO [org.junit.Test] zero00823
2016-08-04 20:05:43,605 INFO [org.junit.Test] zero00824
2016-08-04 20:05:43,605 INFO [org.junit.Test] zero00825
2016-08-04 20:05:43,605 INFO [org.junit.Test] zero00826
2016-08-04 20:05:43,605 INFO [org.junit.Test] zero00827
2016-08-04 20:05:43,605 INFO [org.junit.Test] zero00828
2016-08-04 20:05:43,605 INFO [org.junit.Test] zero00829
2016-08-04 20:05:43,605 INFO [org.junit.Test] zero00830
2016-08-04 20:05:43,605 INFO [org.junit.Test] zero00831
2016-08-04 20:05:43,605 INFO [org.junit.Test] zero00832
2016-08-04 20:05:43,605 INFO [org.junit.Test] zero00833
2016-08-04 20:05:43,605 INFO [org.junit.Test] zero00834
2016-08-04 20:05:43,605 INFO [org.junit.Test] zero00835
2016-08-04 20:05:43,605 INFO [org.junit.Test] zero00836
2016-08-04 20:05:43,605 INFO [org.junit.Test] zero00837
2016-08-04 20:05:43,605 INFO [org.junit.Test] zero00838
2016-08-04 20:05:43,605 INFO [org.junit.Test] zero00839
2016-08-04 20:05:43,605 INFO [org.junit.Test] zero00840
2016-08-04 20:05:43,605 INFO [org.junit.Test] zero00841
2016-08-04 20:05:43,605 INFO [org.junit.Test] zero00842
2016-08-04 20:05:43,605 INFO [org.junit.Test] zero00843
2016-08-04 20:05:43,605 INFO [org.junit.Test] zero00844
2016-08-04 20:05:43,605 INFO [org.junit.Test] zero00845
2016-08-04 20:05:43,605 INFO [org.junit.Test] zero00846
2016-08-04 20:05:43,605 INFO [org.junit.Test] zero00847
2016-08-04 20:05:43,605 INFO [org.junit.Test] zero00848
2016-08-04 20:05:43,605 INFO [org.junit.Test] zero00849
2016-08-04 20:05:43,605 INFO [org.junit.Test] zero00850
2016-08-04 20:05:43,605 INFO [org.junit.Test] zero00851
2016-08-04 20:05:43,605 INFO [org.junit.Test] zero00852
2016-08-04 20:05:43,605 INFO [org.junit.Test] zero00853
2016-08-04 20:05:43,605 INFO [org.junit.Test] zero00854
2016-08-04 20:05:43,605 INFO [org.junit.Test] zero00855
2016-08-04 20:05:43,605 INFO [org.junit.Test] zero00856
2016-08-04 20:05:43,605 INFO [org.junit.Test] zero00857
2016-08-04 20:05:43,605 INFO [org.junit.Test] zero00858
2016-08-04 20:05:43,605 INFO [org.junit.Test] zero00859
2016-08-04 20:05:43,605 INFO [org.junit.Test] zero00860
2016-08-04 20:05:43,605 INFO [org.junit.Test] zero00861
2016-08-04 20:05:43,605 INFO [org.junit.Test] zero00862
2016-08-04 20:05:43,605 INFO [org.junit.Test] zero00863
2016-08-04 20:05:43,605 INFO [org.junit.Test] zero00864
2016-08-04 20:05:43,605 INFO [org.junit.Test] zero00865
2016-08-04 20:05:43,605 INFO [org.junit.Test] zero00866
2016-08-04 20:05:43,605 INFO [org.junit.Test] zero00867
2016-08-04 20:05:43,605 INFO [org.junit.Test] zero00868
2016-08-04 20:05:43,605 INFO [org.junit.Test] zero00869
2016-08-04 20:05:43,605 INFO [org.junit.Test] zero00870
2016-08-04 20:05:43,605 INFO [org.junit.Test] zero00871
2016-08-04 20:05:43,605 INFO [org.junit.Test] zero00872
2016-08-04 20:05:43,605 INFO [org.junit.Test] zero00873
2016-08-04 20:05:43,605 INFO [org.junit.Test] zero00874
2016-08-04 20:05:43,605 INFO [org.junit.Test] zero00875
2016-08-04 20:05:43,605 INFO [org.junit.Test] zero00876
2016-08-04 20:05:43,605 INFO [org.junit.Test] zero00877
2016-08-04 20:05:43,605 INFO [org.junit.Test] zero00878
2016-08-04 20:05:43,605 INFO [org.junit.Test] zero00879
2016-08-04 20:05:43,605 INFO [org.junit.Test] zero00880
2016-08-04 20:05:43,605 INFO [org.junit.Test] zero00881
2016-08-04 20:05:43,605 INFO [org.junit.Test] zero00882
2016-08-04 20:05:43,605 INFO [org.junit.Test] zero00883
2016-08-04 20:05:43,605 INFO [org.junit.Test] zero00884
2016-08-04 20:05:43,605 INFO [org.junit.Test] zero00885
2016-08-04 20:05:43,605 INFO [org.junit.Test] zero00886
2016-08-04 20:05:43,605 INFO [org.junit.Test] zero00887
2016-08-04 20:05:43,605 INFO [org.junit.Test] zero00888
2016-08-04 20:05:43,605 INFO [org.junit.Test] zero00889
2016-08-04 20:05:43,605 INFO [org.junit.Test] zero00890
2016-08-04 20:05:43,605 INFO [org.junit.Test] zero00891
2016-08-04 20:05:43,605 INFO [org.junit.Test] zero00892
2016-08-04 20:05:43,605 INFO [org.junit.Test] zero00893
2016-08-04 20:05:43,605 INFO [org.junit.Test] zero00894
2016-08-04 20:05:43,605 INFO [org.junit.Test] zero00895
2016-08-04 20:05:43,605 INFO [org.junit.Test] zero00896
2016-08-04 20:05:43,605 INFO [org.junit.Test] zero00897
2016-08-04 20:05:43,605 INFO [org.junit.Test] zero00898
2016-08-04 20:05:43,605 INFO [org.junit.Test] zero00899
2016-08-04 20:05:43,605 INFO [org.junit.Test] zero00900
2016-08-04 20:05:43,605 INFO [org.junit.Test] zero00901
2016-08-04 20:05:43,605 INFO [org.junit.Test] zero00902
2016-08-04 20:05:43,605 INFO [org.junit.Test] zero00903
2016-08-04 20:05:43,605 INFO [org.junit.Test] zero00904
2016-08-04 20:05:43,605 INFO [org.junit.Test] zero00905
2016-08-04 20:05:43,605 INFO [org.junit.Test] zero00906
2016-08-04 20:05:43,605 INFO [org.junit.Test] zero00907
2016-08-04 20:05:43,605 INFO [org.junit.Test] zero00908
2016-08-04 20:05:43,605 INFO [org.junit.Test] zero00909
2016-08-04 20:05:43,605 INFO [org.junit.Test] zero00910
2016-08-04 20:05:43,605 INFO [org.junit.Test] zero00911
2016-08-04 20:05:43,605 INFO [org.junit.Test] zero00912
2016-08-04 20:05:43,605 INFO [org.junit.Test] zero00913
2016-08-04 20:05:43,605 INFO [org.junit.Test] zero00914
2016-08-04 20:05:43,605 INFO [org.junit.Test] zero00915
2016-08-04 20:05:43,605 INFO [org.junit.Test] zero00916
2016-08-04 20:05:43,605 INFO [org.junit.Test] zero00917
2016-08-04 20:05:43,605 INFO [org.junit.Test] zero00918
2016-08-04 20:05:43,605 INFO [org.junit.Test] zero00919
2016-08-04 20:05:43,605 INFO [org.junit.Test] zero00920
2016-08-04 20:05:43,605 INFO [org.junit.Test] zero00921
2016-08-04 20:05:43,605 INFO [org.junit.Test] zero00922
2016-08-04 20:05:43,605 INFO [org.junit.Test] zero00923
2016-08-04 20:05:43,605 INFO [org.junit.Test] zero00924
2016-08-04 20:05:43,605 INFO [org.junit.Test] zero00925
2016-08-04 20:05:43,605 INFO [org.junit.Test] zero00926
2016-08-04 20:05:43,605 INFO [org.junit.Test] zero00927
2016-08-04 20:05:43,605 INFO [org.junit.Test] zero00928
2016-08-04 20:05:43,605 INFO [org.junit.Test] zero00929
2016-08-04 20:05:43,605 INFO [org.junit.Test] zero00930
2016-08-04 20:05:43,605 INFO [org.junit.Test] zero00931
2016-08-04 20:05:43,605 INFO [org.junit.Test] zero00932
2016-08-04 20:05:43,605 INFO [org.junit.Test] zero00933
2016-08-04 20:05:43,605 INFO [org.junit.Test] zero00934
2016-08-04 20:05:43,605 INFO [org.junit.Test] zero00935
2016-08-04 20:05:43,605 INFO [org.junit.Test] zero00936
2016-08-04 20:05:43,605 INFO [org.junit.Test] zero00937
2016-08-04 20:05:43,605 INFO [org.junit.Test] zero00938
2016-08-04 20:05:43,605 INFO [org.junit.Test] zero00939
2016-08-04 20:05:43,605 INFO [org.junit.Test] zero00940
2016-08-04 20:05:43,605 INFO [org.junit.Test] zero00941
2016-08-04 20:05:43,605 INFO [org.junit.Test] zero00942
2016-08-04 20:05:43,605 INFO [org.junit.Test] zero00943
2016-08-04 20:05:43,605 INFO [org.junit.Test] zero00944
2016-08-04 20:05:43,605 INFO [org.junit.Test] zero00945
2016-08-04 20:05:43,605 INFO [org.junit.Test] zero00946
2016-08-04 20:05:43,605 INFO [org.junit.Test] zero00947
2016-08-04 20:05:43,605 INFO [org.junit.Test] zero00948
2016-08-04 20:05:43,605 INFO [org.junit.Test] zero00949
2016-08-04 20:05:43,605 INFO [org.junit.Test] zero00950
2016-08-04 20:05:43,605 INFO [org.junit.Test] zero00951
2016-08-04 20:05:43,605 INFO [org.junit.Test] zero00952
2016-08-04 20:05:43,605 INFO [org.junit.Test] zero00953
2016-08-04 20:05:43,605 INFO [org.junit.Test] zero00954
2016-08-04 20:05:43,605 INFO [org.junit.Test] zero00955
2016-08-04 20:05:43,605 INFO [org.junit.Test] zero00956
2016-08-04 20:05:43,605 INFO [org.junit.Test] zero00957
2016-08-04 20:05:43,605 INFO [org.junit.Test] zero00958
2016-08-04 20:05:43,605 INFO [org.junit.Test] zero00959
2016-08-04 20:05:43,605 INFO [org.junit.Test] zero00960
2016-08-04 20:05:43,605 INFO [org.junit.Test] zero00961
2016-08-04 20:05:43,605 INFO [org.junit.Test] zero00962
2016-08-04 20:05:43,605 INFO [org.junit.Test] zero00963
2016-08-04 20:05:43,605 INFO [org.junit.Test] zero00964
2016-08-04 20:05:43,605 INFO [org.junit.Test] zero00965
2016-08-04 20:05:43,605 INFO [org.junit.Test] zero00966
2016-08-04 20:05:43,605 INFO [org.junit.Test] zero00967
2016-08-04 20:05:43,605 INFO [org.junit.Test] zero00968
2016-08-04 20:05:43,605 INFO [org.junit.Test] zero00969
2016-08-04 20:05:43,605 INFO [org.junit.Test] zero00970
2016-08-04 20:05:43,605 INFO [org.junit.Test] zero00971
2016-08-04 20:05:43,605 INFO [org.junit.Test] zero00972
2016-08-04 20:05:43,605 INFO [org.junit.Test] zero00973
2016-08-04 20:05:43,605 INFO [org.junit.Test] zero00974
2016-08-04 20:05:43,605 INFO [org.junit.Test] zero00975
2016-08-04 20:05:43,605 INFO [org.junit.Test] zero00976
2016-08-04 20:05:43,605 INFO [org.junit.Test] zero00977
2016-08-04 20:05:43,605 INFO [org.junit.Test] zero00978
2016-08-04 20:05:43,605 INFO [org.junit.Test] zero00979
2016-08-04 20:05:43,605 INFO [org.junit.Test] zero00980
2016-08-04 20:05:43,605 INFO [org.junit.Test] zero00981
2016-08-04 20:05:43,605 INFO [org.junit.Test] zero00982
2016-08-04 20:05:43,605 INFO [org.junit.Test] zero00983
2016-08-04 20:05:43,605 INFO [org.junit.Test] zero00984
2016-08-04 20:05:43,605 INFO [org.junit.Test] zero00985
2016-08-04 20:05:43,605 INFO [org.junit.Test] zero00986
2016-08-04 20:05:43,605 INFO [org.junit.Test] zero00987
2016-08-04 20:05:43,605 INFO [org.junit.Test] zero00988
2016-08-04 20:05:43,605 INFO [org.junit.Test] zero00989
2016-08-04 20:05:43,605 INFO [org.junit.Test] zero00990
2016-08-04 20:05:43,605 INFO [org.junit.Test] zero00991
2016-08-04 20:05:43,605 INFO [org.junit.Test] zero00992
2016-08-04 20:05:43,605 INFO [org.junit.Test] zero00993
2016-08-04 20:05:43,605 INFO [org.junit.Test] zero00994
2016-08-04 20:05:43,605 INFO [org.junit.Test] zero00995
2016-08-04 20:05:43,605 INFO [org.junit.Test] zero00996
2016-08-04 20:05:43,605 INFO [org.junit.Test] zero00997
2016-08-04 20:05:43,605 INFO [org.junit.Test] zero00998
2016-08-04 20:05:43,605 INFO [org.junit.Test] zero00999
2016-08-04 20:05:46,606 INFO [org.junit.Test] zero000
2016-08-04 20:05:46,606 INFO [org.junit.Test] zero001
2016-08-04 20:05:46,606 INFO [org.junit.Test] zero002
2016-08-04 20:05:46,606 INFO [org.junit.Test] zero003
2016-08-04 20:05:46,606 INFO [org.junit.Test] zero004
2016-08-04 20:05:46,606 INFO [org.junit.Test] zero005
2016-08-04 20:05:46,606 INFO [org.junit.Test] zero006
2016-08-04 20:05:46,606 INFO [org.junit.Test] zero007
2016-08-04 20:05:46,606 INFO [org.junit.Test] zero008
2016-08-04 20:05:46,606 INFO [org.junit.Test] zero009
2016-08-04 20:05:46,606 INFO [org.junit.Test] zero0010
2016-08-04 20:05:46,606 INFO [org.junit.Test] zero0011
2016-08-04 20:05:46,606 INFO [org.junit.Test] zero0012
2016-08-04 20:05:46,606 INFO [org.junit.Test] zero0013
2016-08-04 20:05:46,606 INFO [org.junit.Test] zero0014
2016-08-04 20:05:46,606 INFO [org.junit.Test] zero0015
2016-08-04 20:05:46,606 INFO [org.junit.Test] zero0016
2016-08-04 20:05:46,606 INFO [org.junit.Test] zero0017
2016-08-04 20:05:46,606 INFO [org.junit.Test] zero0018
2016-08-04 20:05:46,606 INFO [org.junit.Test] zero0019
2016-08-04 20:05:46,606 INFO [org.junit.Test] zero0020
2016-08-04 20:05:46,606 INFO [org.junit.Test] zero0021
2016-08-04 20:05:46,606 INFO [org.junit.Test] zero0022
2016-08-04 20:05:46,606 INFO [org.junit.Test] zero0023
2016-08-04 20:05:46,606 INFO [org.junit.Test] zero0024
2016-08-04 20:05:46,606 INFO [org.junit.Test] zero0025
2016-08-04 20:05:46,606 INFO [org.junit.Test] zero0026
2016-08-04 20:05:46,606 INFO [org.junit.Test] zero0027
2016-08-04 20:05:46,606 INFO [org.junit.Test] zero0028
2016-08-04 20:05:46,606 INFO [org.junit.Test] zero0029
2016-08-04 20:05:46,606 INFO [org.junit.Test] zero0030
2016-08-04 20:05:46,606 INFO [org.junit.Test] zero0031
2016-08-04 20:05:46,606 INFO [org.junit.Test] zero0032
2016-08-04 20:05:46,606 INFO [org.junit.Test] zero0033
2016-08-04 20:05:46,606 INFO [org.junit.Test] zero0034
2016-08-04 20:05:46,606 INFO [org.junit.Test] zero0035
2016-08-04 20:05:46,606 INFO [org.junit.Test] zero0036
2016-08-04 20:05:46,606 INFO [org.junit.Test] zero0037
2016-08-04 20:05:46,606 INFO [org.junit.Test] zero0038
2016-08-04 20:05:46,606 INFO [org.junit.Test] zero0039
2016-08-04 20:05:46,606 INFO [org.junit.Test] zero0040
2016-08-04 20:05:46,606 INFO [org.junit.Test] zero0041
2016-08-04 20:05:46,606 INFO [org.junit.Test] zero0042
2016-08-04 20:05:46,606 INFO [org.junit.Test] zero0043
2016-08-04 20:05:46,606 INFO [org.junit.Test] zero0044
2016-08-04 20:05:46,606 INFO [org.junit.Test] zero0045
2016-08-04 20:05:46,606 INFO [org.junit.Test] zero0046
2016-08-04 20:05:46,606 INFO [org.junit.Test] zero0047
2016-08-04 20:05:46,606 INFO [org.junit.Test] zero0048
2016-08-04 20:05:46,606 INFO [org.junit.Test] zero0049
2016-08-04 20:05:46,606 INFO [org.junit.Test] zero0050
2016-08-04 20:05:46,606 INFO [org.junit.Test] zero0051
2016-08-04 20:05:46,606 INFO [org.junit.Test] zero0052
2016-08-04 20:05:46,606 INFO [org.junit.Test] zero0053
2016-08-04 20:05:46,606 INFO [org.junit.Test] zero0054
2016-08-04 20:05:46,606 INFO [org.junit.Test] zero0055
2016-08-04 20:05:46,606 INFO [org.junit.Test] zero0056
2016-08-04 20:05:46,606 INFO [org.junit.Test] zero0057
2016-08-04 20:05:46,606 INFO [org.junit.Test] zero0058
2016-08-04 20:05:46,606 INFO [org.junit.Test] zero0059
2016-08-04 20:05:46,606 INFO [org.junit.Test] zero0060
2016-08-04 20:05:46,606 INFO [org.junit.Test] zero0061
2016-08-04 20:05:46,606 INFO [org.junit.Test] zero0062
2016-08-04 20:05:46,606 INFO [org.junit.Test] zero0063
2016-08-04 20:05:46,606 INFO [org.junit.Test] zero0064
2016-08-04 20:05:46,606 INFO [org.junit.Test] zero0065
2016-08-04 20:05:46,606 INFO [org.junit.Test] zero0066
2016-08-04 20:05:46,606 INFO [org.junit.Test] zero0067
2016-08-04 20:05:46,606 INFO [org.junit.Test] zero0068
2016-08-04 20:05:46,606 INFO [org.junit.Test] zero0069
2016-08-04 20:05:46,606 INFO [org.junit.Test] zero0070
2016-08-04 20:05:46,606 INFO [org.junit.Test] zero0071
2016-08-04 20:05:46,606 INFO [org.junit.Test] zero0072
2016-08-04 20:05:46,606 INFO [org.junit.Test] zero0073
2016-08-04 20:05:46,606 INFO [org.junit.Test] zero0074
2016-08-04 20:05:46,606 INFO [org.junit.Test] zero0075
2016-08-04 20:05:46,606 INFO [org.junit.Test] zero0076
2016-08-04 20:05:46,606 INFO [org.junit.Test] zero0077
2016-08-04 20:05:46,606 INFO [org.junit.Test] zero0078
2016-08-04 20:05:46,606 INFO [org.junit.Test] zero0079
2016-08-04 20:05:46,606 INFO [org.junit.Test] zero0080
2016-08-04 20:05:46,606 INFO [org.junit.Test] zero0081
2016-08-04 20:05:46,606 INFO [org.junit.Test] zero0082
2016-08-04 20:05:46,606 INFO [org.junit.Test] zero0083
2016-08-04 20:05:46,606 INFO [org.junit.Test] zero0084
2016-08-04 20:05:46,606 INFO [org.junit.Test] zero0085
2016-08-04 20:05:46,606 INFO [org.junit.Test] zero0086
2016-08-04 20:05:46,606 INFO [org.junit.Test] zero0087
2016-08-04 20:05:46,606 INFO [org.junit.Test] zero0088
2016-08-04 20:05:46,606 INFO [org.junit.Test] zero0089
2016-08-04 20:05:46,606 INFO [org.junit.Test] zero0090
2016-08-04 20:05:46,606 INFO [org.junit.Test] zero0091
2016-08-04 20:05:46,606 INFO [org.junit.Test] zero0092
2016-08-04 20:05:46,606 INFO [org.junit.Test] zero0093
2016-08-04 20:05:46,606 INFO [org.junit.Test] zero0094
2016-08-04 20:05:46,606 INFO [org.junit.Test] zero0095
2016-08-04 20:05:46,606 INFO [org.junit.Test] zero0096
2016-08-04 20:05:46,606 INFO [org.junit.Test] zero0097
2016-08-04 20:05:46,606 INFO [org.junit.Test] zero0098
2016-08-04 20:05:46,606 INFO [org.junit.Test] zero0099
2016-08-04 20:05:46,606 INFO [org.junit.Test] zero00100
2016-08-04 20:05:46,606 INFO [org.junit.Test] zero00101
2016-08-04 20:05:46,606 INFO [org.junit.Test] zero00102
2016-08-04 20:05:46,606 INFO [org.junit.Test] zero00103
2016-08-04 20:05:46,606 INFO [org.junit.Test] zero00104
2016-08-04 20:05:46,606 INFO [org.junit.Test] zero00105
2016-08-04 20:05:46,606 INFO [org.junit.Test] zero00106
2016-08-04 20:05:46,606 INFO [org.junit.Test] zero00107
2016-08-04 20:05:46,606 INFO [org.junit.Test] zero00108
2016-08-04 20:05:46,606 INFO [org.junit.Test] zero00109
2016-08-04 20:05:46,606 INFO [org.junit.Test] zero00110
2016-08-04 20:05:46,606 INFO [org.junit.Test] zero00111
2016-08-04 20:05:46,606 INFO [org.junit.Test] zero00112
2016-08-04 20:05:46,606 INFO [org.junit.Test] zero00113
2016-08-04 20:05:46,606 INFO [org.junit.Test] zero00114
2016-08-04 20:05:46,606 INFO [org.junit.Test] zero00115
2016-08-04 20:05:46,606 INFO [org.junit.Test] zero00116
2016-08-04 20:05:46,606 INFO [org.junit.Test] zero00117
2016-08-04 20:05:46,606 INFO [org.junit.Test] zero00118
2016-08-04 20:05:46,606 INFO [org.junit.Test] zero00119
2016-08-04 20:05:46,606 INFO [org.junit.Test] zero00120
2016-08-04 20:05:46,606 INFO [org.junit.Test] zero00121
2016-08-04 20:05:46,606 INFO [org.junit.Test] zero00122
2016-08-04 20:05:46,606 INFO [org.junit.Test] zero00123
2016-08-04 20:05:46,606 INFO [org.junit.Test] zero00124
2016-08-04 20:05:46,606 INFO [org.junit.Test] zero00125
2016-08-04 20:05:46,606 INFO [org.junit.Test] zero00126
2016-08-04 20:05:46,606 INFO [org.junit.Test] zero00127
2016-08-04 20:05:46,606 INFO [org.junit.Test] zero00128
2016-08-04 20:05:46,606 INFO [org.junit.Test] zero00129
2016-08-04 20:05:46,606 INFO [org.junit.Test] zero00130
2016-08-04 20:05:46,606 INFO [org.junit.Test] zero00131
2016-08-04 20:05:46,606 INFO [org.junit.Test] zero00132
2016-08-04 20:05:46,606 INFO [org.junit.Test] zero00133
2016-08-04 20:05:46,606 INFO [org.junit.Test] zero00134
2016-08-04 20:05:46,606 INFO [org.junit.Test] zero00135
2016-08-04 20:05:46,606 INFO [org.junit.Test] zero00136
2016-08-04 20:05:46,606 INFO [org.junit.Test] zero00137
2016-08-04 20:05:46,606 INFO [org.junit.Test] zero00138
2016-08-04 20:05:46,606 INFO [org.junit.Test] zero00139
2016-08-04 20:05:46,606 INFO [org.junit.Test] zero00140
2016-08-04 20:05:46,606 INFO [org.junit.Test] zero00141
2016-08-04 20:05:46,606 INFO [org.junit.Test] zero00142
2016-08-04 20:05:46,606 INFO [org.junit.Test] zero00143
2016-08-04 20:05:46,606 INFO [org.junit.Test] zero00144
2016-08-04 20:05:46,606 INFO [org.junit.Test] zero00145
2016-08-04 20:05:46,606 INFO [org.junit.Test] zero00146
2016-08-04 20:05:46,606 INFO [org.junit.Test] zero00147
2016-08-04 20:05:46,606 INFO [org.junit.Test] zero00148
2016-08-04 20:05:46,606 INFO [org.junit.Test] zero00149
2016-08-04 20:05:46,606 INFO [org.junit.Test] zero00150
2016-08-04 20:05:46,606 INFO [org.junit.Test] zero00151
2016-08-04 20:05:46,606 INFO [org.junit.Test] zero00152
2016-08-04 20:05:46,606 INFO [org.junit.Test] zero00153
2016-08-04 20:05:46,606 INFO [org.junit.Test] zero00154
2016-08-04 20:05:46,606 INFO [org.junit.Test] zero00155
2016-08-04 20:05:46,606 INFO [org.junit.Test] zero00156
2016-08-04 20:05:46,606 INFO [org.junit.Test] zero00157
2016-08-04 20:05:46,606 INFO [org.junit.Test] zero00158
2016-08-04 20:05:46,606 INFO [org.junit.Test] zero00159
2016-08-04 20:05:46,606 INFO [org.junit.Test] zero00160
2016-08-04 20:05:46,606 INFO [org.junit.Test] zero00161
2016-08-04 20:05:46,606 INFO [org.junit.Test] zero00162
2016-08-04 20:05:46,606 INFO [org.junit.Test] zero00163
2016-08-04 20:05:46,606 INFO [org.junit.Test] zero00164
2016-08-04 20:05:46,606 INFO [org.junit.Test] zero00165
2016-08-04 20:05:46,606 INFO [org.junit.Test] zero00166
2016-08-04 20:05:46,606 INFO [org.junit.Test] zero00167
2016-08-04 20:05:46,606 INFO [org.junit.Test] zero00168
2016-08-04 20:05:46,606 INFO [org.junit.Test] zero00169
2016-08-04 20:05:46,606 INFO [org.junit.Test] zero00170
2016-08-04 20:05:46,606 INFO [org.junit.Test] zero00171
2016-08-04 20:05:46,606 INFO [org.junit.Test] zero00172
2016-08-04 20:05:46,606 INFO [org.junit.Test] zero00173
2016-08-04 20:05:46,606 INFO [org.junit.Test] zero00174
2016-08-04 20:05:46,606 INFO [org.junit.Test] zero00175
2016-08-04 20:05:46,606 INFO [org.junit.Test] zero00176
2016-08-04 20:05:46,606 INFO [org.junit.Test] zero00177
2016-08-04 20:05:46,606 INFO [org.junit.Test] zero00178
2016-08-04 20:05:46,606 INFO [org.junit.Test] zero00179
2016-08-04 20:05:46,606 INFO [org.junit.Test] zero00180
2016-08-04 20:05:46,606 INFO [org.junit.Test] zero00181
2016-08-04 20:05:46,606 INFO [org.junit.Test] zero00182
2016-08-04 20:05:46,606 INFO [org.junit.Test] zero00183
2016-08-04 20:05:46,606 INFO [org.junit.Test] zero00184
2016-08-04 20:05:46,606 INFO [org.junit.Test] zero00185
2016-08-04 20:05:46,606 INFO [org.junit.Test] zero00186
2016-08-04 20:05:46,606 INFO [org.junit.Test] zero00187
2016-08-04 20:05:46,606 INFO [org.junit.Test] zero00188
2016-08-04 20:05:46,606 INFO [org.junit.Test] zero00189
2016-08-04 20:05:46,606 INFO [org.junit.Test] zero00190
2016-08-04 20:05:46,606 INFO [org.junit.Test] zero00191
2016-08-04 20:05:46,606 INFO [org.junit.Test] zero00192
2016-08-04 20:05:46,606 INFO [org.junit.Test] zero00193
2016-08-04 20:05:46,606 INFO [org.junit.Test] zero00194
2016-08-04 20:05:46,606 INFO [org.junit.Test] zero00195
2016-08-04 20:05:46,606 INFO [org.junit.Test] zero00196
2016-08-04 20:05:46,606 INFO [org.junit.Test] zero00197
2016-08-04 20:05:46,606 INFO [org.junit.Test] zero00198
2016-08-04 20:05:46,606 INFO [org.junit.Test] zero00199
2016-08-04 20:05:46,606 INFO [org.junit.Test] zero00200
2016-08-04 20:05:46,606 INFO [org.junit.Test] zero00201
2016-08-04 20:05:46,606 INFO [org.junit.Test] zero00202
2016-08-04 20:05:46,606 INFO [org.junit.Test] zero00203
2016-08-04 20:05:46,606 INFO [org.junit.Test] zero00204
2016-08-04 20:05:46,606 INFO [org.junit.Test] zero00205
2016-08-04 20:05:46,606 INFO [org.junit.Test] zero00206
2016-08-04 20:05:46,606 INFO [org.junit.Test] zero00207
2016-08-04 20:05:46,606 INFO [org.junit.Test] zero00208
2016-08-04 20:05:46,606 INFO [org.junit.Test] zero00209
2016-08-04 20:05:46,606 INFO [org.junit.Test] zero00210
2016-08-04 20:05:46,606 INFO [org.junit.Test] zero00211
2016-08-04 20:05:46,606 INFO [org.junit.Test] zero00212
2016-08-04 20:05:46,606 INFO [org.junit.Test] zero00213
2016-08-04 20:05:46,606 INFO [org.junit.Test] zero00214
2016-08-04 20:05:46,606 INFO [org.junit.Test] zero00215
2016-08-04 20:05:46,606 INFO [org.junit.Test] zero00216
2016-08-04 20:05:46,606 INFO [org.junit.Test] zero00217
2016-08-04 20:05:46,606 INFO [org.junit.Test] zero00218
2016-08-04 20:05:46,606 INFO [org.junit.Test] zero00219
2016-08-04 20:05:46,606 INFO [org.junit.Test] zero00220
2016-08-04 20:05:46,606 INFO [org.junit.Test] zero00221
2016-08-04 20:05:46,606 INFO [org.junit.Test] zero00222
2016-08-04 20:05:46,606 INFO [org.junit.Test] zero00223
2016-08-04 20:05:46,606 INFO [org.junit.Test] zero00224
2016-08-04 20:05:46,606 INFO [org.junit.Test] zero00225
2016-08-04 20:05:46,606 INFO [org.junit.Test] zero00226
2016-08-04 20:05:46,606 INFO [org.junit.Test] zero00227
2016-08-04 20:05:46,606 INFO [org.junit.Test] zero00228
2016-08-04 20:05:46,606 INFO [org.junit.Test] zero00229
2016-08-04 20:05:46,606 INFO [org.junit.Test] zero00230
2016-08-04 20:05:46,606 INFO [org.junit.Test] zero00231
2016-08-04 20:05:46,606 INFO [org.junit.Test] zero00232
2016-08-04 20:05:46,606 INFO [org.junit.Test] zero00233
2016-08-04 20:05:46,606 INFO [org.junit.Test] zero00234
2016-08-04 20:05:46,606 INFO [org.junit.Test] zero00235
2016-08-04 20:05:46,606 INFO [org.junit.Test] zero00236
2016-08-04 20:05:46,606 INFO [org.junit.Test] zero00237
2016-08-04 20:05:46,606 INFO [org.junit.Test] zero00238
2016-08-04 20:05:46,606 INFO [org.junit.Test] zero00239
2016-08-04 20:05:46,606 INFO [org.junit.Test] zero00240
2016-08-04 20:05:46,606 INFO [org.junit.Test] zero00241
2016-08-04 20:05:46,606 INFO [org.junit.Test] zero00242
2016-08-04 20:05:46,606 INFO [org.junit.Test] zero00243
2016-08-04 20:05:46,606 INFO [org.junit.Test] zero00244
2016-08-04 20:05:46,606 INFO [org.junit.Test] zero00245
2016-08-04 20:05:46,606 INFO [org.junit.Test] zero00246
2016-08-04 20:05:46,606 INFO [org.junit.Test] zero00247
2016-08-04 20:05:46,606 INFO [org.junit.Test] zero00248
2016-08-04 20:05:46,606 INFO [org.junit.Test] zero00249
2016-08-04 20:05:46,606 INFO [org.junit.Test] zero00250
2016-08-04 20:05:46,606 INFO [org.junit.Test] zero00251
2016-08-04 20:05:46,606 INFO [org.junit.Test] zero00252
2016-08-04 20:05:46,606 INFO [org.junit.Test] zero00253
2016-08-04 20:05:46,606 INFO [org.junit.Test] zero00254
2016-08-04 20:05:46,606 INFO [org.junit.Test] zero00255
2016-08-04 20:05:46,606 INFO [org.junit.Test] zero00256
2016-08-04 20:05:46,606 INFO [org.junit.Test] zero00257
2016-08-04 20:05:46,606 INFO [org.junit.Test] zero00258
2016-08-04 20:05:46,606 INFO [org.junit.Test] zero00259
2016-08-04 20:05:46,606 INFO [org.junit.Test] zero00260
2016-08-04 20:05:46,606 INFO [org.junit.Test] zero00261
2016-08-04 20:05:46,606 INFO [org.junit.Test] zero00262
2016-08-04 20:05:46,606 INFO [org.junit.Test] zero00263
2016-08-04 20:05:46,606 INFO [org.junit.Test] zero00264
2016-08-04 20:05:46,606 INFO [org.junit.Test] zero00265
2016-08-04 20:05:46,606 INFO [org.junit.Test] zero00266
2016-08-04 20:05:46,606 INFO [org.junit.Test] zero00267
2016-08-04 20:05:46,606 INFO [org.junit.Test] zero00268
2016-08-04 20:05:46,606 INFO [org.junit.Test] zero00269
2016-08-04 20:05:46,606 INFO [org.junit.Test] zero00270
2016-08-04 20:05:46,606 INFO [org.junit.Test] zero00271
2016-08-04 20:05:46,606 INFO [org.junit.Test] zero00272
2016-08-04 20:05:46,606 INFO [org.junit.Test] zero00273
2016-08-04 20:05:46,606 INFO [org.junit.Test] zero00274
2016-08-04 20:05:46,606 INFO [org.junit.Test] zero00275
2016-08-04 20:05:46,606 INFO [org.junit.Test] zero00276
2016-08-04 20:05:46,606 INFO [org.junit.Test] zero00277
2016-08-04 20:05:46,606 INFO [org.junit.Test] zero00278
2016-08-04 20:05:46,606 INFO [org.junit.Test] zero00279
2016-08-04 20:05:46,606 INFO [org.junit.Test] zero00280
2016-08-04 20:05:46,606 INFO [org.junit.Test] zero00281
2016-08-04 20:05:46,606 INFO [org.junit.Test] zero00282
2016-08-04 20:05:46,606 INFO [org.junit.Test] zero00283
2016-08-04 20:05:46,606 INFO [org.junit.Test] zero00284
2016-08-04 20:05:46,606 INFO [org.junit.Test] zero00285
2016-08-04 20:05:46,606 INFO [org.junit.Test] zero00286
2016-08-04 20:05:46,606 INFO [org.junit.Test] zero00287
2016-08-04 20:05:46,606 INFO [org.junit.Test] zero00288
2016-08-04 20:05:46,606 INFO [org.junit.Test] zero00289
2016-08-04 20:05:46,606 INFO [org.junit.Test] zero00290
2016-08-04 20:05:46,606 INFO [org.junit.Test] zero00291
2016-08-04 20:05:46,606 INFO [org.junit.Test] zero00292
2016-08-04 20:05:46,606 INFO [org.junit.Test] zero00293
2016-08-04 20:05:46,606 INFO [org.junit.Test] zero00294
2016-08-04 20:05:46,606 INFO [org.junit.Test] zero00295
2016-08-04 20:05:46,606 INFO [org.junit.Test] zero00296
2016-08-04 20:05:46,606 INFO [org.junit.Test] zero00297
2016-08-04 20:05:46,606 INFO [org.junit.Test] zero00298
2016-08-04 20:05:46,606 INFO [org.junit.Test] zero00299
2016-08-04 20:05:46,606 INFO [org.junit.Test] zero00300
2016-08-04 20:05:46,606 INFO [org.junit.Test] zero00301
2016-08-04 20:05:46,606 INFO [org.junit.Test] zero00302
2016-08-04 20:05:46,606 INFO [org.junit.Test] zero00303
2016-08-04 20:05:46,606 INFO [org.junit.Test] zero00304
2016-08-04 20:05:46,606 INFO [org.junit.Test] zero00305
2016-08-04 20:05:46,606 INFO [org.junit.Test] zero00306
2016-08-04 20:05:46,606 INFO [org.junit.Test] zero00307
2016-08-04 20:05:46,606 INFO [org.junit.Test] zero00308
2016-08-04 20:05:46,606 INFO [org.junit.Test] zero00309
2016-08-04 20:05:46,606 INFO [org.junit.Test] zero00310
2016-08-04 20:05:46,606 INFO [org.junit.Test] zero00311
2016-08-04 20:05:46,606 INFO [org.junit.Test] zero00312
2016-08-04 20:05:46,606 INFO [org.junit.Test] zero00313
2016-08-04 20:05:46,606 INFO [org.junit.Test] zero00314
2016-08-04 20:05:46,606 INFO [org.junit.Test] zero00315
2016-08-04 20:05:46,606 INFO [org.junit.Test] zero00316
2016-08-04 20:05:46,606 INFO [org.junit.Test] zero00317
2016-08-04 20:05:46,606 INFO [org.junit.Test] zero00318
2016-08-04 20:05:46,606 INFO [org.junit.Test] zero00319
2016-08-04 20:05:46,606 INFO [org.junit.Test] zero00320
2016-08-04 20:05:46,606 INFO [org.junit.Test] zero00321
2016-08-04 20:05:46,606 INFO [org.junit.Test] zero00322
2016-08-04 20:05:46,606 INFO [org.junit.Test] zero00323
2016-08-04 20:05:46,606 INFO [org.junit.Test] zero00324
2016-08-04 20:05:46,606 INFO [org.junit.Test] zero00325
2016-08-04 20:05:46,606 INFO [org.junit.Test] zero00326
2016-08-04 20:05:46,606 INFO [org.junit.Test] zero00327
2016-08-04 20:05:46,606 INFO [org.junit.Test] zero00328
2016-08-04 20:05:46,606 INFO [org.junit.Test] zero00329
2016-08-04 20:05:46,606 INFO [org.junit.Test] zero00330
2016-08-04 20:05:46,606 INFO [org.junit.Test] zero00331
2016-08-04 20:05:46,606 INFO [org.junit.Test] zero00332
2016-08-04 20:05:46,606 INFO [org.junit.Test] zero00333
2016-08-04 20:05:46,606 INFO [org.junit.Test] zero00334
2016-08-04 20:05:46,606 INFO [org.junit.Test] zero00335
2016-08-04 20:05:46,606 INFO [org.junit.Test] zero00336
2016-08-04 20:05:46,606 INFO [org.junit.Test] zero00337
2016-08-04 20:05:46,606 INFO [org.junit.Test] zero00338
2016-08-04 20:05:46,606 INFO [org.junit.Test] zero00339
2016-08-04 20:05:46,606 INFO [org.junit.Test] zero00340
2016-08-04 20:05:46,606 INFO [org.junit.Test] zero00341
2016-08-04 20:05:46,606 INFO [org.junit.Test] zero00342
2016-08-04 20:05:46,606 INFO [org.junit.Test] zero00343
2016-08-04 20:05:46,606 INFO [org.junit.Test] zero00344
2016-08-04 20:05:46,606 INFO [org.junit.Test] zero00345
2016-08-04 20:05:46,606 INFO [org.junit.Test] zero00346
2016-08-04 20:05:46,606 INFO [org.junit.Test] zero00347
2016-08-04 20:05:46,606 INFO [org.junit.Test] zero00348
2016-08-04 20:05:46,606 INFO [org.junit.Test] zero00349
2016-08-04 20:05:46,606 INFO [org.junit.Test] zero00350
2016-08-04 20:05:46,606 INFO [org.junit.Test] zero00351
2016-08-04 20:05:46,606 INFO [org.junit.Test] zero00352
2016-08-04 20:05:46,606 INFO [org.junit.Test] zero00353
2016-08-04 20:05:46,606 INFO [org.junit.Test] zero00354
2016-08-04 20:05:46,606 INFO [org.junit.Test] zero00355
2016-08-04 20:05:46,606 INFO [org.junit.Test] zero00356
2016-08-04 20:05:46,606 INFO [org.junit.Test] zero00357
2016-08-04 20:05:46,606 INFO [org.junit.Test] zero00358
2016-08-04 20:05:46,606 INFO [org.junit.Test] zero00359
2016-08-04 20:05:46,606 INFO [org.junit.Test] zero00360
2016-08-04 20:05:46,606 INFO [org.junit.Test] zero00361
2016-08-04 20:05:46,606 INFO [org.junit.Test] zero00362
2016-08-04 20:05:46,606 INFO [org.junit.Test] zero00363
2016-08-04 20:05:46,606 INFO [org.junit.Test] zero00364
2016-08-04 20:05:46,606 INFO [org.junit.Test] zero00365
2016-08-04 20:05:46,606 INFO [org.junit.Test] zero00366
2016-08-04 20:05:46,606 INFO [org.junit.Test] zero00367
2016-08-04 20:05:46,606 INFO [org.junit.Test] zero00368
2016-08-04 20:05:46,606 INFO [org.junit.Test] zero00369
2016-08-04 20:05:46,606 INFO [org.junit.Test] zero00370
2016-08-04 20:05:46,606 INFO [org.junit.Test] zero00371
2016-08-04 20:05:46,606 INFO [org.junit.Test] zero00372
2016-08-04 20:05:46,606 INFO [org.junit.Test] zero00373
2016-08-04 20:05:46,606 INFO [org.junit.Test] zero00374
2016-08-04 20:05:46,606 INFO [org.junit.Test] zero00375
2016-08-04 20:05:46,606 INFO [org.junit.Test] zero00376
2016-08-04 20:05:46,606 INFO [org.junit.Test] zero00377
2016-08-04 20:05:46,606 INFO [org.junit.Test] zero00378
2016-08-04 20:05:46,606 INFO [org.junit.Test] zero00379
2016-08-04 20:05:46,606 INFO [org.junit.Test] zero00380
2016-08-04 20:05:46,606 INFO [org.junit.Test] zero00381
2016-08-04 20:05:46,606 INFO [org.junit.Test] zero00382
2016-08-04 20:05:46,606 INFO [org.junit.Test] zero00383
2016-08-04 20:05:46,606 INFO [org.junit.Test] zero00384
2016-08-04 20:05:46,606 INFO [org.junit.Test] zero00385
2016-08-04 20:05:46,606 INFO [org.junit.Test] zero00386
2016-08-04 20:05:46,606 INFO [org.junit.Test] zero00387
2016-08-04 20:05:46,606 INFO [org.junit.Test] zero00388
2016-08-04 20:05:46,606 INFO [org.junit.Test] zero00389
2016-08-04 20:05:46,606 INFO [org.junit.Test] zero00390
2016-08-04 20:05:46,606 INFO [org.junit.Test] zero00391
2016-08-04 20:05:46,606 INFO [org.junit.Test] zero00392
2016-08-04 20:05:46,606 INFO [org.junit.Test] zero00393
2016-08-04 20:05:46,606 INFO [org.junit.Test] zero00394
2016-08-04 20:05:46,606 INFO [org.junit.Test] zero00395
2016-08-04 20:05:46,606 INFO [org.junit.Test] zero00396
2016-08-04 20:05:46,606 INFO [org.junit.Test] zero00397
2016-08-04 20:05:46,606 INFO [org.junit.Test] zero00398
2016-08-04 20:05:46,606 INFO [org.junit.Test] zero00399
2016-08-04 20:05:46,606 INFO [org.junit.Test] zero00400
2016-08-04 20:05:46,606 INFO [org.junit.Test] zero00401
2016-08-04 20:05:46,606 INFO [org.junit.Test] zero00402
2016-08-04 20:05:46,606 INFO [org.junit.Test] zero00403
2016-08-04 20:05:46,606 INFO [org.junit.Test] zero00404
2016-08-04 20:05:46,606 INFO [org.junit.Test] zero00405
2016-08-04 20:05:46,606 INFO [org.junit.Test] zero00406
2016-08-04 20:05:46,606 INFO [org.junit.Test] zero00407
2016-08-04 20:05:46,606 INFO [org.junit.Test] zero00408
2016-08-04 20:05:46,606 INFO [org.junit.Test] zero00409
2016-08-04 20:05:46,606 INFO [org.junit.Test] zero00410
2016-08-04 20:05:46,606 INFO [org.junit.Test] zero00411
2016-08-04 20:05:46,606 INFO [org.junit.Test] zero00412
2016-08-04 20:05:46,606 INFO [org.junit.Test] zero00413
2016-08-04 20:05:46,606 INFO [org.junit.Test] zero00414
2016-08-04 20:05:46,606 INFO [org.junit.Test] zero00415
2016-08-04 20:05:46,606 INFO [org.junit.Test] zero00416
2016-08-04 20:05:46,606 INFO [org.junit.Test] zero00417
2016-08-04 20:05:46,606 INFO [org.junit.Test] zero00418
2016-08-04 20:05:46,606 INFO [org.junit.Test] zero00419
2016-08-04 20:05:46,606 INFO [org.junit.Test] zero00420
2016-08-04 20:05:46,606 INFO [org.junit.Test] zero00421
2016-08-04 20:05:46,606 INFO [org.junit.Test] zero00422
2016-08-04 20:05:46,606 INFO [org.junit.Test] zero00423
2016-08-04 20:05:46,606 INFO [org.junit.Test] zero00424
2016-08-04 20:05:46,606 INFO [org.junit.Test] zero00425
2016-08-04 20:05:46,606 INFO [org.junit.Test] zero00426
2016-08-04 20:05:46,606 INFO [org.junit.Test] zero00427
2016-08-04 20:05:46,606 INFO [org.junit.Test] zero00428
2016-08-04 20:05:46,606 INFO [org.junit.Test] zero00429
2016-08-04 20:05:46,606 INFO [org.junit.Test] zero00430
2016-08-04 20:05:46,606 INFO [org.junit.Test] zero00431
2016-08-04 20:05:46,606 INFO [org.junit.Test] zero00432
2016-08-04 20:05:46,606 INFO [org.junit.Test] zero00433
2016-08-04 20:05:46,606 INFO [org.junit.Test] zero00434
2016-08-04 20:05:46,606 INFO [org.junit.Test] zero00435
2016-08-04 20:05:46,606 INFO [org.junit.Test] zero00436
2016-08-04 20:05:46,606 INFO [org.junit.Test] zero00437
2016-08-04 20:05:46,606 INFO [org.junit.Test] zero00438
2016-08-04 20:05:46,606 INFO [org.junit.Test] zero00439
2016-08-04 20:05:46,606 INFO [org.junit.Test] zero00440
2016-08-04 20:05:46,606 INFO [org.junit.Test] zero00441
2016-08-04 20:05:46,606 INFO [org.junit.Test] zero00442
2016-08-04 20:05:46,606 INFO [org.junit.Test] zero00443
2016-08-04 20:05:46,606 INFO [org.junit.Test] zero00444
2016-08-04 20:05:46,606 INFO [org.junit.Test] zero00445
2016-08-04 20:05:46,606 INFO [org.junit.Test] zero00446
2016-08-04 20:05:46,606 INFO [org.junit.Test] zero00447
2016-08-04 20:05:46,606 INFO [org.junit.Test] zero00448
2016-08-04 20:05:46,606 INFO [org.junit.Test] zero00449
2016-08-04 20:05:46,606 INFO [org.junit.Test] zero00450
2016-08-04 20:05:46,606 INFO [org.junit.Test] zero00451
2016-08-04 20:05:46,606 INFO [org.junit.Test] zero00452
2016-08-04 20:05:46,606 INFO [org.junit.Test] zero00453
2016-08-04 20:05:46,606 INFO [org.junit.Test] zero00454
2016-08-04 20:05:46,606 INFO [org.junit.Test] zero00455
2016-08-04 20:05:46,606 INFO [org.junit.Test] zero00456
2016-08-04 20:05:46,606 INFO [org.junit.Test] zero00457
2016-08-04 20:05:46,606 INFO [org.junit.Test] zero00458
2016-08-04 20:05:46,606 INFO [org.junit.Test] zero00459
2016-08-04 20:05:46,606 INFO [org.junit.Test] zero00460
2016-08-04 20:05:46,606 INFO [org.junit.Test] zero00461
2016-08-04 20:05:46,606 INFO [org.junit.Test] zero00462
2016-08-04 20:05:46,606 INFO [org.junit.Test] zero00463
2016-08-04 20:05:46,606 INFO [org.junit.Test] zero00464
2016-08-04 20:05:46,606 INFO [org.junit.Test] zero00465
2016-08-04 20:05:46,606 INFO [org.junit.Test] zero00466
2016-08-04 20:05:46,606 INFO [org.junit.Test] zero00467
2016-08-04 20:05:46,606 INFO [org.junit.Test] zero00468
2016-08-04 20:05:46,606 INFO [org.junit.Test] zero00469
2016-08-04 20:05:46,606 INFO [org.junit.Test] zero00470
2016-08-04 20:05:46,606 INFO [org.junit.Test] zero00471
2016-08-04 20:05:46,606 INFO [org.junit.Test] zero00472
2016-08-04 20:05:46,606 INFO [org.junit.Test] zero00473
2016-08-04 20:05:46,606 INFO [org.junit.Test] zero00474
2016-08-04 20:05:46,606 INFO [org.junit.Test] zero00475
2016-08-04 20:05:46,606 INFO [org.junit.Test] zero00476
2016-08-04 20:05:46,606 INFO [org.junit.Test] zero00477
2016-08-04 20:05:46,606 INFO [org.junit.Test] zero00478
2016-08-04 20:05:46,606 INFO [org.junit.Test] zero00479
2016-08-04 20:05:46,606 INFO [org.junit.Test] zero00480
2016-08-04 20:05:46,606 INFO [org.junit.Test] zero00481
2016-08-04 20:05:46,606 INFO [org.junit.Test] zero00482
2016-08-04 20:05:46,606 INFO [org.junit.Test] zero00483
2016-08-04 20:05:46,606 INFO [org.junit.Test] zero00484
2016-08-04 20:05:46,606 INFO [org.junit.Test] zero00485
2016-08-04 20:05:46,606 INFO [org.junit.Test] zero00486
2016-08-04 20:05:46,606 INFO [org.junit.Test] zero00487
2016-08-04 20:05:46,606 INFO [org.junit.Test] zero00488
2016-08-04 20:05:46,606 INFO [org.junit.Test] zero00489
2016-08-04 20:05:46,606 INFO [org.junit.Test] zero00490
2016-08-04 20:05:46,606 INFO [org.junit.Test] zero00491
2016-08-04 20:05:46,606 INFO [org.junit.Test] zero00492
2016-08-04 20:05:46,606 INFO [org.junit.Test] zero00493
2016-08-04 20:05:46,606 INFO [org.junit.Test] zero00494
2016-08-04 20:05:46,606 INFO [org.junit.Test] zero00495
2016-08-04 20:05:46,606 INFO [org.junit.Test] zero00496
2016-08-04 20:05:46,606 INFO [org.junit.Test] zero00497
2016-08-04 20:05:46,606 INFO [org.junit.Test] zero00498
2016-08-04 20:05:46,606 INFO [org.junit.Test] zero00499
2016-08-04 20:05:46,606 INFO [org.junit.Test] zero00500
2016-08-04 20:05:46,606 INFO [org.junit.Test] zero00501
2016-08-04 20:05:46,606 INFO [org.junit.Test] zero00502
2016-08-04 20:05:46,606 INFO [org.junit.Test] zero00503
2016-08-04 20:05:46,606 INFO [org.junit.Test] zero00504
2016-08-04 20:05:46,606 INFO [org.junit.Test] zero00505
2016-08-04 20:05:46,606 INFO [org.junit.Test] zero00506
2016-08-04 20:05:46,606 INFO [org.junit.Test] zero00507
2016-08-04 20:05:46,606 INFO [org.junit.Test] zero00508
2016-08-04 20:05:46,606 INFO [org.junit.Test] zero00509
2016-08-04 20:05:46,606 INFO [org.junit.Test] zero00510
2016-08-04 20:05:46,606 INFO [org.junit.Test] zero00511
2016-08-04 20:05:46,606 INFO [org.junit.Test] zero00512
2016-08-04 20:05:46,606 INFO [org.junit.Test] zero00513
2016-08-04 20:05:46,606 INFO [org.junit.Test] zero00514
2016-08-04 20:05:46,606 INFO [org.junit.Test] zero00515
2016-08-04 20:05:46,606 INFO [org.junit.Test] zero00516
2016-08-04 20:05:46,606 INFO [org.junit.Test] zero00517
2016-08-04 20:05:46,606 INFO [org.junit.Test] zero00518
2016-08-04 20:05:46,606 INFO [org.junit.Test] zero00519
2016-08-04 20:05:46,606 INFO [org.junit.Test] zero00520
2016-08-04 20:05:46,606 INFO [org.junit.Test] zero00521
2016-08-04 20:05:46,606 INFO [org.junit.Test] zero00522
2016-08-04 20:05:46,606 INFO [org.junit.Test] zero00523
2016-08-04 20:05:46,606 INFO [org.junit.Test] zero00524
2016-08-04 20:05:46,606 INFO [org.junit.Test] zero00525
2016-08-04 20:05:46,606 INFO [org.junit.Test] zero00526
2016-08-04 20:05:46,606 INFO [org.junit.Test] zero00527
2016-08-04 20:05:46,606 INFO [org.junit.Test] zero00528
2016-08-04 20:05:46,606 INFO [org.junit.Test] zero00529
2016-08-04 20:05:46,606 INFO [org.junit.Test] zero00530
2016-08-04 20:05:46,606 INFO [org.junit.Test] zero00531
2016-08-04 20:05:46,606 INFO [org.junit.Test] zero00532
2016-08-04 20:05:46,606 INFO [org.junit.Test] zero00533
2016-08-04 20:05:46,606 INFO [org.junit.Test] zero00534
2016-08-04 20:05:46,606 INFO [org.junit.Test] zero00535
2016-08-04 20:05:46,606 INFO [org.junit.Test] zero00536
2016-08-04 20:05:46,606 INFO [org.junit.Test] zero00537
2016-08-04 20:05:46,606 INFO [org.junit.Test] zero00538
2016-08-04 20:05:46,606 INFO [org.junit.Test] zero00539
2016-08-04 20:05:46,606 INFO [org.junit.Test] zero00540
2016-08-04 20:05:46,606 INFO [org.junit.Test] zero00541
2016-08-04 20:05:46,606 INFO [org.junit.Test] zero00542
2016-08-04 20:05:46,606 INFO [org.junit.Test] zero00543
2016-08-04 20:05:46,606 INFO [org.junit.Test] zero00544
2016-08-04 20:05:46,606 INFO [org.junit.Test] zero00545
2016-08-04 20:05:46,606 INFO [org.junit.Test] zero00546
2016-08-04 20:05:46,606 INFO [org.junit.Test] zero00547
2016-08-04 20:05:46,606 INFO [org.junit.Test] zero00548
2016-08-04 20:05:46,606 INFO [org.junit.Test] zero00549
2016-08-04 20:05:46,606 INFO [org.junit.Test] zero00550
2016-08-04 20:05:46,606 INFO [org.junit.Test] zero00551
2016-08-04 20:05:46,606 INFO [org.junit.Test] zero00552
2016-08-04 20:05:46,606 INFO [org.junit.Test] zero00553
2016-08-04 20:05:46,606 INFO [org.junit.Test] zero00554
2016-08-04 20:05:46,606 INFO [org.junit.Test] zero00555
2016-08-04 20:05:46,606 INFO [org.junit.Test] zero00556
2016-08-04 20:05:46,606 INFO [org.junit.Test] zero00557
2016-08-04 20:05:46,606 INFO [org.junit.Test] zero00558
2016-08-04 20:05:46,606 INFO [org.junit.Test] zero00559
2016-08-04 20:05:46,606 INFO [org.junit.Test] zero00560
2016-08-04 20:05:46,606 INFO [org.junit.Test] zero00561
2016-08-04 20:05:46,606 INFO [org.junit.Test] zero00562
2016-08-04 20:05:46,606 INFO [org.junit.Test] zero00563
2016-08-04 20:05:46,606 INFO [org.junit.Test] zero00564
2016-08-04 20:05:46,606 INFO [org.junit.Test] zero00565
2016-08-04 20:05:46,606 INFO [org.junit.Test] zero00566
2016-08-04 20:05:46,606 INFO [org.junit.Test] zero00567
2016-08-04 20:05:46,606 INFO [org.junit.Test] zero00568
2016-08-04 20:05:46,606 INFO [org.junit.Test] zero00569
2016-08-04 20:05:46,606 INFO [org.junit.Test] zero00570
2016-08-04 20:05:46,606 INFO [org.junit.Test] zero00571
2016-08-04 20:05:46,606 INFO [org.junit.Test] zero00572
2016-08-04 20:05:46,606 INFO [org.junit.Test] zero00573
2016-08-04 20:05:46,606 INFO [org.junit.Test] zero00574
2016-08-04 20:05:46,606 INFO [org.junit.Test] zero00575
2016-08-04 20:05:46,606 INFO [org.junit.Test] zero00576
2016-08-04 20:05:46,606 INFO [org.junit.Test] zero00577
2016-08-04 20:05:46,606 INFO [org.junit.Test] zero00578
2016-08-04 20:05:46,606 INFO [org.junit.Test] zero00579
2016-08-04 20:05:46,606 INFO [org.junit.Test] zero00580
2016-08-04 20:05:46,606 INFO [org.junit.Test] zero00581
2016-08-04 20:05:46,606 INFO [org.junit.Test] zero00582
2016-08-04 20:05:46,606 INFO [org.junit.Test] zero00583
2016-08-04 20:05:46,606 INFO [org.junit.Test] zero00584
2016-08-04 20:05:46,606 INFO [org.junit.Test] zero00585
2016-08-04 20:05:46,606 INFO [org.junit.Test] zero00586
2016-08-04 20:05:46,606 INFO [org.junit.Test] zero00587
2016-08-04 20:05:46,606 INFO [org.junit.Test] zero00588
2016-08-04 20:05:46,606 INFO [org.junit.Test] zero00589
2016-08-04 20:05:46,606 INFO [org.junit.Test] zero00590
2016-08-04 20:05:46,606 INFO [org.junit.Test] zero00591
2016-08-04 20:05:46,606 INFO [org.junit.Test] zero00592
2016-08-04 20:05:46,606 INFO [org.junit.Test] zero00593
2016-08-04 20:05:46,606 INFO [org.junit.Test] zero00594
2016-08-04 20:05:46,606 INFO [org.junit.Test] zero00595
2016-08-04 20:05:46,606 INFO [org.junit.Test] zero00596
2016-08-04 20:05:46,606 INFO [org.junit.Test] zero00597
2016-08-04 20:05:46,606 INFO [org.junit.Test] zero00598
2016-08-04 20:05:46,606 INFO [org.junit.Test] zero00599
2016-08-04 20:05:46,606 INFO [org.junit.Test] zero00600
2016-08-04 20:05:46,606 INFO [org.junit.Test] zero00601
2016-08-04 20:05:46,606 INFO [org.junit.Test] zero00602
2016-08-04 20:05:46,606 INFO [org.junit.Test] zero00603
2016-08-04 20:05:46,606 INFO [org.junit.Test] zero00604
2016-08-04 20:05:46,606 INFO [org.junit.Test] zero00605
2016-08-04 20:05:46,606 INFO [org.junit.Test] zero00606
2016-08-04 20:05:46,606 INFO [org.junit.Test] zero00607
2016-08-04 20:05:46,606 INFO [org.junit.Test] zero00608
2016-08-04 20:05:46,606 INFO [org.junit.Test] zero00609
2016-08-04 20:05:46,606 INFO [org.junit.Test] zero00610
2016-08-04 20:05:46,606 INFO [org.junit.Test] zero00611
2016-08-04 20:05:46,606 INFO [org.junit.Test] zero00612
2016-08-04 20:05:46,606 INFO [org.junit.Test] zero00613
2016-08-04 20:05:46,606 INFO [org.junit.Test] zero00614
2016-08-04 20:05:46,606 INFO [org.junit.Test] zero00615
2016-08-04 20:05:46,606 INFO [org.junit.Test] zero00616
2016-08-04 20:05:46,606 INFO [org.junit.Test] zero00617
2016-08-04 20:05:46,606 INFO [org.junit.Test] zero00618
2016-08-04 20:05:46,606 INFO [org.junit.Test] zero00619
2016-08-04 20:05:46,606 INFO [org.junit.Test] zero00620
2016-08-04 20:05:46,606 INFO [org.junit.Test] zero00621
2016-08-04 20:05:46,606 INFO [org.junit.Test] zero00622
2016-08-04 20:05:46,606 INFO [org.junit.Test] zero00623
2016-08-04 20:05:46,606 INFO [org.junit.Test] zero00624
2016-08-04 20:05:46,606 INFO [org.junit.Test] zero00625
2016-08-04 20:05:46,606 INFO [org.junit.Test] zero00626
2016-08-04 20:05:46,606 INFO [org.junit.Test] zero00627
2016-08-04 20:05:46,606 INFO [org.junit.Test] zero00628
2016-08-04 20:05:46,606 INFO [org.junit.Test] zero00629
2016-08-04 20:05:46,606 INFO [org.junit.Test] zero00630
2016-08-04 20:05:46,606 INFO [org.junit.Test] zero00631
2016-08-04 20:05:46,606 INFO [org.junit.Test] zero00632
2016-08-04 20:05:46,606 INFO [org.junit.Test] zero00633
2016-08-04 20:05:46,606 INFO [org.junit.Test] zero00634
2016-08-04 20:05:46,606 INFO [org.junit.Test] zero00635
2016-08-04 20:05:46,606 INFO [org.junit.Test] zero00636
2016-08-04 20:05:46,606 INFO [org.junit.Test] zero00637
2016-08-04 20:05:46,606 INFO [org.junit.Test] zero00638
2016-08-04 20:05:46,606 INFO [org.junit.Test] zero00639
2016-08-04 20:05:46,606 INFO [org.junit.Test] zero00640
2016-08-04 20:05:46,606 INFO [org.junit.Test] zero00641
2016-08-04 20:05:46,606 INFO [org.junit.Test] zero00642
2016-08-04 20:05:46,606 INFO [org.junit.Test] zero00643
2016-08-04 20:05:46,606 INFO [org.junit.Test] zero00644
2016-08-04 20:05:46,606 INFO [org.junit.Test] zero00645
2016-08-04 20:05:46,606 INFO [org.junit.Test] zero00646
2016-08-04 20:05:46,606 INFO [org.junit.Test] zero00647
2016-08-04 20:05:46,606 INFO [org.junit.Test] zero00648
2016-08-04 20:05:46,606 INFO [org.junit.Test] zero00649
2016-08-04 20:05:46,606 INFO [org.junit.Test] zero00650
2016-08-04 20:05:46,606 INFO [org.junit.Test] zero00651
2016-08-04 20:05:46,606 INFO [org.junit.Test] zero00652
2016-08-04 20:05:46,606 INFO [org.junit.Test] zero00653
2016-08-04 20:05:46,606 INFO [org.junit.Test] zero00654
2016-08-04 20:05:46,606 INFO [org.junit.Test] zero00655
2016-08-04 20:05:46,606 INFO [org.junit.Test] zero00656
2016-08-04 20:05:46,606 INFO [org.junit.Test] zero00657
2016-08-04 20:05:46,606 INFO [org.junit.Test] zero00658
2016-08-04 20:05:46,606 INFO [org.junit.Test] zero00659
2016-08-04 20:05:46,606 INFO [org.junit.Test] zero00660
2016-08-04 20:05:46,606 INFO [org.junit.Test] zero00661
2016-08-04 20:05:46,606 INFO [org.junit.Test] zero00662
2016-08-04 20:05:46,606 INFO [org.junit.Test] zero00663
2016-08-04 20:05:46,606 INFO [org.junit.Test] zero00664
2016-08-04 20:05:46,606 INFO [org.junit.Test] zero00665
2016-08-04 20:05:46,606 INFO [org.junit.Test] zero00666
2016-08-04 20:05:46,606 INFO [org.junit.Test] zero00667
2016-08-04 20:05:46,606 INFO [org.junit.Test] zero00668
2016-08-04 20:05:46,606 INFO [org.junit.Test] zero00669
2016-08-04 20:05:46,606 INFO [org.junit.Test] zero00670
2016-08-04 20:05:46,606 INFO [org.junit.Test] zero00671
2016-08-04 20:05:46,606 INFO [org.junit.Test] zero00672
2016-08-04 20:05:46,606 INFO [org.junit.Test] zero00673
2016-08-04 20:05:46,606 INFO [org.junit.Test] zero00674
2016-08-04 20:05:46,606 INFO [org.junit.Test] zero00675
2016-08-04 20:05:46,606 INFO [org.junit.Test] zero00676
2016-08-04 20:05:46,606 INFO [org.junit.Test] zero00677
2016-08-04 20:05:46,606 INFO [org.junit.Test] zero00678
2016-08-04 20:05:46,606 INFO [org.junit.Test] zero00679
2016-08-04 20:05:46,606 INFO [org.junit.Test] zero00680
2016-08-04 20:05:46,606 INFO [org.junit.Test] zero00681
2016-08-04 20:05:46,606 INFO [org.junit.Test] zero00682
2016-08-04 20:05:46,606 INFO [org.junit.Test] zero00683
2016-08-04 20:05:46,606 INFO [org.junit.Test] zero00684
2016-08-04 20:05:46,606 INFO [org.junit.Test] zero00685
2016-08-04 20:05:46,606 INFO [org.junit.Test] zero00686
2016-08-04 20:05:46,606 INFO [org.junit.Test] zero00687
2016-08-04 20:05:46,606 INFO [org.junit.Test] zero00688
2016-08-04 20:05:46,606 INFO [org.junit.Test] zero00689
2016-08-04 20:05:46,606 INFO [org.junit.Test] zero00690
2016-08-04 20:05:46,606 INFO [org.junit.Test] zero00691
2016-08-04 20:05:46,606 INFO [org.junit.Test] zero00692
2016-08-04 20:05:46,606 INFO [org.junit.Test] zero00693
2016-08-04 20:05:46,606 INFO [org.junit.Test] zero00694
2016-08-04 20:05:46,606 INFO [org.junit.Test] zero00695
2016-08-04 20:05:46,606 INFO [org.junit.Test] zero00696
2016-08-04 20:05:46,606 INFO [org.junit.Test] zero00697
2016-08-04 20:05:46,606 INFO [org.junit.Test] zero00698
2016-08-04 20:05:46,606 INFO [org.junit.Test] zero00699
2016-08-04 20:05:46,606 INFO [org.junit.Test] zero00700
2016-08-04 20:05:46,606 INFO [org.junit.Test] zero00701
2016-08-04 20:05:46,606 INFO [org.junit.Test] zero00702
2016-08-04 20:05:46,606 INFO [org.junit.Test] zero00703
2016-08-04 20:05:46,606 INFO [org.junit.Test] zero00704
2016-08-04 20:05:46,606 INFO [org.junit.Test] zero00705
2016-08-04 20:05:46,606 INFO [org.junit.Test] zero00706
2016-08-04 20:05:46,606 INFO [org.junit.Test] zero00707
2016-08-04 20:05:46,606 INFO [org.junit.Test] zero00708
2016-08-04 20:05:46,606 INFO [org.junit.Test] zero00709
2016-08-04 20:05:46,606 INFO [org.junit.Test] zero00710
2016-08-04 20:05:46,606 INFO [org.junit.Test] zero00711
2016-08-04 20:05:46,606 INFO [org.junit.Test] zero00712
2016-08-04 20:05:46,606 INFO [org.junit.Test] zero00713
2016-08-04 20:05:46,606 INFO [org.junit.Test] zero00714
2016-08-04 20:05:46,606 INFO [org.junit.Test] zero00715
2016-08-04 20:05:46,606 INFO [org.junit.Test] zero00716
2016-08-04 20:05:46,606 INFO [org.junit.Test] zero00717
2016-08-04 20:05:46,606 INFO [org.junit.Test] zero00718
2016-08-04 20:05:46,606 INFO [org.junit.Test] zero00719
2016-08-04 20:05:46,606 INFO [org.junit.Test] zero00720
2016-08-04 20:05:46,606 INFO [org.junit.Test] zero00721
2016-08-04 20:05:46,606 INFO [org.junit.Test] zero00722
2016-08-04 20:05:46,606 INFO [org.junit.Test] zero00723
2016-08-04 20:05:46,606 INFO [org.junit.Test] zero00724
2016-08-04 20:05:46,606 INFO [org.junit.Test] zero00725
2016-08-04 20:05:46,606 INFO [org.junit.Test] zero00726
2016-08-04 20:05:46,606 INFO [org.junit.Test] zero00727
2016-08-04 20:05:46,606 INFO [org.junit.Test] zero00728
2016-08-04 20:05:46,606 INFO [org.junit.Test] zero00729
2016-08-04 20:05:46,606 INFO [org.junit.Test] zero00730
2016-08-04 20:05:46,606 INFO [org.junit.Test] zero00731
2016-08-04 20:05:46,606 INFO [org.junit.Test] zero00732
2016-08-04 20:05:46,606 INFO [org.junit.Test] zero00733
2016-08-04 20:05:46,606 INFO [org.junit.Test] zero00734
2016-08-04 20:05:46,606 INFO [org.junit.Test] zero00735
2016-08-04 20:05:46,606 INFO [org.junit.Test] zero00736
2016-08-04 20:05:46,606 INFO [org.junit.Test] zero00737
2016-08-04 20:05:46,606 INFO [org.junit.Test] zero00738
2016-08-04 20:05:46,606 INFO [org.junit.Test] zero00739
2016-08-04 20:05:46,606 INFO [org.junit.Test] zero00740
2016-08-04 20:05:46,606 INFO [org.junit.Test] zero00741
2016-08-04 20:05:46,606 INFO [org.junit.Test] zero00742
2016-08-04 20:05:46,606 INFO [org.junit.Test] zero00743
2016-08-04 20:05:46,606 INFO [org.junit.Test] zero00744
2016-08-04 20:05:46,606 INFO [org.junit.Test] zero00745
2016-08-04 20:05:46,606 INFO [org.junit.Test] zero00746
2016-08-04 20:05:46,606 INFO [org.junit.Test] zero00747
2016-08-04 20:05:46,606 INFO [org.junit.Test] zero00748
2016-08-04 20:05:46,606 INFO [org.junit.Test] zero00749
2016-08-04 20:05:46,606 INFO [org.junit.Test] zero00750
2016-08-04 20:05:46,606 INFO [org.junit.Test] zero00751
2016-08-04 20:05:46,606 INFO [org.junit.Test] zero00752
2016-08-04 20:05:46,606 INFO [org.junit.Test] zero00753
2016-08-04 20:05:46,606 INFO [org.junit.Test] zero00754
2016-08-04 20:05:46,606 INFO [org.junit.Test] zero00755
2016-08-04 20:05:46,606 INFO [org.junit.Test] zero00756
2016-08-04 20:05:46,606 INFO [org.junit.Test] zero00757
2016-08-04 20:05:46,606 INFO [org.junit.Test] zero00758
2016-08-04 20:05:46,606 INFO [org.junit.Test] zero00759
2016-08-04 20:05:46,606 INFO [org.junit.Test] zero00760
2016-08-04 20:05:46,606 INFO [org.junit.Test] zero00761
2016-08-04 20:05:46,606 INFO [org.junit.Test] zero00762
2016-08-04 20:05:46,606 INFO [org.junit.Test] zero00763
2016-08-04 20:05:46,606 INFO [org.junit.Test] zero00764
2016-08-04 20:05:46,606 INFO [org.junit.Test] zero00765
2016-08-04 20:05:46,606 INFO [org.junit.Test] zero00766
2016-08-04 20:05:46,606 INFO [org.junit.Test] zero00767
2016-08-04 20:05:46,606 INFO [org.junit.Test] zero00768
2016-08-04 20:05:46,606 INFO [org.junit.Test] zero00769
2016-08-04 20:05:46,606 INFO [org.junit.Test] zero00770
2016-08-04 20:05:46,606 INFO [org.junit.Test] zero00771
2016-08-04 20:05:46,606 INFO [org.junit.Test] zero00772
2016-08-04 20:05:46,606 INFO [org.junit.Test] zero00773
2016-08-04 20:05:46,606 INFO [org.junit.Test] zero00774
2016-08-04 20:05:46,606 INFO [org.junit.Test] zero00775
2016-08-04 20:05:46,606 INFO [org.junit.Test] zero00776
2016-08-04 20:05:46,606 INFO [org.junit.Test] zero00777
2016-08-04 20:05:46,606 INFO [org.junit.Test] zero00778
2016-08-04 20:05:46,606 INFO [org.junit.Test] zero00779
2016-08-04 20:05:46,606 INFO [org.junit.Test] zero00780
2016-08-04 20:05:46,606 INFO [org.junit.Test] zero00781
2016-08-04 20:05:46,606 INFO [org.junit.Test] zero00782
2016-08-04 20:05:46,606 INFO [org.junit.Test] zero00783
2016-08-04 20:05:46,606 INFO [org.junit.Test] zero00784
2016-08-04 20:05:46,606 INFO [org.junit.Test] zero00785
2016-08-04 20:05:46,606 INFO [org.junit.Test] zero00786
2016-08-04 20:05:46,606 INFO [org.junit.Test] zero00787
2016-08-04 20:05:46,606 INFO [org.junit.Test] zero00788
2016-08-04 20:05:46,606 INFO [org.junit.Test] zero00789
2016-08-04 20:05:46,606 INFO [org.junit.Test] zero00790
2016-08-04 20:05:46,606 INFO [org.junit.Test] zero00791
2016-08-04 20:05:46,606 INFO [org.junit.Test] zero00792
2016-08-04 20:05:46,606 INFO [org.junit.Test] zero00793
2016-08-04 20:05:46,606 INFO [org.junit.Test] zero00794
2016-08-04 20:05:46,606 INFO [org.junit.Test] zero00795
2016-08-04 20:05:46,606 INFO [org.junit.Test] zero00796
2016-08-04 20:05:46,606 INFO [org.junit.Test] zero00797
2016-08-04 20:05:46,606 INFO [org.junit.Test] zero00798
2016-08-04 20:05:46,606 INFO [org.junit.Test] zero00799
2016-08-04 20:05:46,606 INFO [org.junit.Test] zero00800
2016-08-04 20:05:46,606 INFO [org.junit.Test] zero00801
2016-08-04 20:05:46,606 INFO [org.junit.Test] zero00802
2016-08-04 20:05:46,606 INFO [org.junit.Test] zero00803
2016-08-04 20:05:46,606 INFO [org.junit.Test] zero00804
2016-08-04 20:05:46,606 INFO [org.junit.Test] zero00805
2016-08-04 20:05:46,606 INFO [org.junit.Test] zero00806
2016-08-04 20:05:46,606 INFO [org.junit.Test] zero00807
2016-08-04 20:05:46,606 INFO [org.junit.Test] zero00808
2016-08-04 20:05:46,606 INFO [org.junit.Test] zero00809
2016-08-04 20:05:46,606 INFO [org.junit.Test] zero00810
2016-08-04 20:05:46,606 INFO [org.junit.Test] zero00811
2016-08-04 20:05:46,606 INFO [org.junit.Test] zero00812
2016-08-04 20:05:46,606 INFO [org.junit.Test] zero00813
2016-08-04 20:05:46,606 INFO [org.junit.Test] zero00814
2016-08-04 20:05:46,606 INFO [org.junit.Test] zero00815
2016-08-04 20:05:46,606 INFO [org.junit.Test] zero00816
2016-08-04 20:05:46,606 INFO [org.junit.Test] zero00817
2016-08-04 20:05:46,606 INFO [org.junit.Test] zero00818
2016-08-04 20:05:46,606 INFO [org.junit.Test] zero00819
2016-08-04 20:05:46,606 INFO [org.junit.Test] zero00820
2016-08-04 20:05:46,606 INFO [org.junit.Test] zero00821
2016-08-04 20:05:46,606 INFO [org.junit.Test] zero00822
2016-08-04 20:05:46,606 INFO [org.junit.Test] zero00823
2016-08-04 20:05:46,606 INFO [org.junit.Test] zero00824
2016-08-04 20:05:46,606 INFO [org.junit.Test] zero00825
2016-08-04 20:05:46,606 INFO [org.junit.Test] zero00826
2016-08-04 20:05:46,606 INFO [org.junit.Test] zero00827
2016-08-04 20:05:46,606 INFO [org.junit.Test] zero00828
2016-08-04 20:05:46,606 INFO [org.junit.Test] zero00829
2016-08-04 20:05:46,606 INFO [org.junit.Test] zero00830
2016-08-04 20:05:46,606 INFO [org.junit.Test] zero00831
2016-08-04 20:05:46,606 INFO [org.junit.Test] zero00832
2016-08-04 20:05:46,606 INFO [org.junit.Test] zero00833
2016-08-04 20:05:46,606 INFO [org.junit.Test] zero00834
2016-08-04 20:05:46,606 INFO [org.junit.Test] zero00835
2016-08-04 20:05:46,606 INFO [org.junit.Test] zero00836
2016-08-04 20:05:46,606 INFO [org.junit.Test] zero00837
2016-08-04 20:05:46,606 INFO [org.junit.Test] zero00838
2016-08-04 20:05:46,606 INFO [org.junit.Test] zero00839
2016-08-04 20:05:46,606 INFO [org.junit.Test] zero00840
2016-08-04 20:05:46,606 INFO [org.junit.Test] zero00841
2016-08-04 20:05:46,606 INFO [org.junit.Test] zero00842
2016-08-04 20:05:46,606 INFO [org.junit.Test] zero00843
2016-08-04 20:05:46,606 INFO [org.junit.Test] zero00844
2016-08-04 20:05:46,606 INFO [org.junit.Test] zero00845
2016-08-04 20:05:46,606 INFO [org.junit.Test] zero00846
2016-08-04 20:05:46,606 INFO [org.junit.Test] zero00847
2016-08-04 20:05:46,606 INFO [org.junit.Test] zero00848
2016-08-04 20:05:46,606 INFO [org.junit.Test] zero00849
2016-08-04 20:05:46,606 INFO [org.junit.Test] zero00850
2016-08-04 20:05:46,606 INFO [org.junit.Test] zero00851
2016-08-04 20:05:46,606 INFO [org.junit.Test] zero00852
2016-08-04 20:05:46,606 INFO [org.junit.Test] zero00853
2016-08-04 20:05:46,606 INFO [org.junit.Test] zero00854
2016-08-04 20:05:46,606 INFO [org.junit.Test] zero00855
2016-08-04 20:05:46,606 INFO [org.junit.Test] zero00856
2016-08-04 20:05:46,606 INFO [org.junit.Test] zero00857
2016-08-04 20:05:46,606 INFO [org.junit.Test] zero00858
2016-08-04 20:05:46,606 INFO [org.junit.Test] zero00859
2016-08-04 20:05:46,606 INFO [org.junit.Test] zero00860
2016-08-04 20:05:46,606 INFO [org.junit.Test] zero00861
2016-08-04 20:05:46,606 INFO [org.junit.Test] zero00862
2016-08-04 20:05:46,606 INFO [org.junit.Test] zero00863
2016-08-04 20:05:46,606 INFO [org.junit.Test] zero00864
2016-08-04 20:05:46,606 INFO [org.junit.Test] zero00865
2016-08-04 20:05:46,606 INFO [org.junit.Test] zero00866
2016-08-04 20:05:46,606 INFO [org.junit.Test] zero00867
2016-08-04 20:05:46,606 INFO [org.junit.Test] zero00868
2016-08-04 20:05:46,606 INFO [org.junit.Test] zero00869
2016-08-04 20:05:46,606 INFO [org.junit.Test] zero00870
2016-08-04 20:05:46,606 INFO [org.junit.Test] zero00871
2016-08-04 20:05:46,606 INFO [org.junit.Test] zero00872
2016-08-04 20:05:46,606 INFO [org.junit.Test] zero00873
2016-08-04 20:05:46,606 INFO [org.junit.Test] zero00874
2016-08-04 20:05:46,606 INFO [org.junit.Test] zero00875
2016-08-04 20:05:46,606 INFO [org.junit.Test] zero00876
2016-08-04 20:05:46,606 INFO [org.junit.Test] zero00877
2016-08-04 20:05:46,606 INFO [org.junit.Test] zero00878
2016-08-04 20:05:46,606 INFO [org.junit.Test] zero00879
2016-08-04 20:05:46,606 INFO [org.junit.Test] zero00880
2016-08-04 20:05:46,606 INFO [org.junit.Test] zero00881
2016-08-04 20:05:46,606 INFO [org.junit.Test] zero00882
2016-08-04 20:05:46,606 INFO [org.junit.Test] zero00883
2016-08-04 20:05:46,606 INFO [org.junit.Test] zero00884
2016-08-04 20:05:46,606 INFO [org.junit.Test] zero00885
2016-08-04 20:05:46,606 INFO [org.junit.Test] zero00886
2016-08-04 20:05:46,606 INFO [org.junit.Test] zero00887
2016-08-04 20:05:46,606 INFO [org.junit.Test] zero00888
2016-08-04 20:05:46,606 INFO [org.junit.Test] zero00889
2016-08-04 20:05:46,606 INFO [org.junit.Test] zero00890
2016-08-04 20:05:46,606 INFO [org.junit.Test] zero00891
2016-08-04 20:05:46,606 INFO [org.junit.Test] zero00892
2016-08-04 20:05:46,606 INFO [org.junit.Test] zero00893
2016-08-04 20:05:46,606 INFO [org.junit.Test] zero00894
2016-08-04 20:05:46,606 INFO [org.junit.Test] zero00895
2016-08-04 20:05:46,606 INFO [org.junit.Test] zero00896
2016-08-04 20:05:46,606 INFO [org.junit.Test] zero00897
2016-08-04 20:05:46,606 INFO [org.junit.Test] zero00898
2016-08-04 20:05:46,606 INFO [org.junit.Test] zero00899
2016-08-04 20:05:46,606 INFO [org.junit.Test] zero00900
2016-08-04 20:05:46,606 INFO [org.junit.Test] zero00901
2016-08-04 20:05:46,606 INFO [org.junit.Test] zero00902
2016-08-04 20:05:46,606 INFO [org.junit.Test] zero00903
2016-08-04 20:05:46,606 INFO [org.junit.Test] zero00904
2016-08-04 20:05:46,606 INFO [org.junit.Test] zero00905
2016-08-04 20:05:46,606 INFO [org.junit.Test] zero00906
2016-08-04 20:05:46,606 INFO [org.junit.Test] zero00907
2016-08-04 20:05:46,606 INFO [org.junit.Test] zero00908
2016-08-04 20:05:46,606 INFO [org.junit.Test] zero00909
2016-08-04 20:05:46,606 INFO [org.junit.Test] zero00910
2016-08-04 20:05:46,606 INFO [org.junit.Test] zero00911
2016-08-04 20:05:46,606 INFO [org.junit.Test] zero00912
2016-08-04 20:05:46,606 INFO [org.junit.Test] zero00913
2016-08-04 20:05:46,606 INFO [org.junit.Test] zero00914
2016-08-04 20:05:46,606 INFO [org.junit.Test] zero00915
2016-08-04 20:05:46,606 INFO [org.junit.Test] zero00916
2016-08-04 20:05:46,606 INFO [org.junit.Test] zero00917
2016-08-04 20:05:46,606 INFO [org.junit.Test] zero00918
2016-08-04 20:05:46,606 INFO [org.junit.Test] zero00919
2016-08-04 20:05:46,606 INFO [org.junit.Test] zero00920
2016-08-04 20:05:46,606 INFO [org.junit.Test] zero00921
2016-08-04 20:05:46,606 INFO [org.junit.Test] zero00922
2016-08-04 20:05:46,606 INFO [org.junit.Test] zero00923
2016-08-04 20:05:46,606 INFO [org.junit.Test] zero00924
2016-08-04 20:05:46,606 INFO [org.junit.Test] zero00925
2016-08-04 20:05:46,606 INFO [org.junit.Test] zero00926
2016-08-04 20:05:46,606 INFO [org.junit.Test] zero00927
2016-08-04 20:05:46,606 INFO [org.junit.Test] zero00928
2016-08-04 20:05:46,606 INFO [org.junit.Test] zero00929
2016-08-04 20:05:46,606 INFO [org.junit.Test] zero00930
2016-08-04 20:05:46,606 INFO [org.junit.Test] zero00931
2016-08-04 20:05:46,606 INFO [org.junit.Test] zero00932
2016-08-04 20:05:46,606 INFO [org.junit.Test] zero00933
2016-08-04 20:05:46,606 INFO [org.junit.Test] zero00934
2016-08-04 20:05:46,606 INFO [org.junit.Test] zero00935
2016-08-04 20:05:46,606 INFO [org.junit.Test] zero00936
2016-08-04 20:05:46,606 INFO [org.junit.Test] zero00937
2016-08-04 20:05:46,606 INFO [org.junit.Test] zero00938
2016-08-04 20:05:46,606 INFO [org.junit.Test] zero00939
2016-08-04 20:05:46,606 INFO [org.junit.Test] zero00940
2016-08-04 20:05:46,606 INFO [org.junit.Test] zero00941
2016-08-04 20:05:46,606 INFO [org.junit.Test] zero00942
2016-08-04 20:05:46,606 INFO [org.junit.Test] zero00943
2016-08-04 20:05:46,606 INFO [org.junit.Test] zero00944
2016-08-04 20:05:46,606 INFO [org.junit.Test] zero00945
2016-08-04 20:05:46,606 INFO [org.junit.Test] zero00946
2016-08-04 20:05:46,606 INFO [org.junit.Test] zero00947
2016-08-04 20:05:46,606 INFO [org.junit.Test] zero00948
2016-08-04 20:05:46,606 INFO [org.junit.Test] zero00949
2016-08-04 20:05:46,606 INFO [org.junit.Test] zero00950
2016-08-04 20:05:46,606 INFO [org.junit.Test] zero00951
2016-08-04 20:05:46,606 INFO [org.junit.Test] zero00952
2016-08-04 20:05:46,606 INFO [org.junit.Test] zero00953
2016-08-04 20:05:46,606 INFO [org.junit.Test] zero00954
2016-08-04 20:05:46,606 INFO [org.junit.Test] zero00955
2016-08-04 20:05:46,606 INFO [org.junit.Test] zero00956
2016-08-04 20:05:46,606 INFO [org.junit.Test] zero00957
2016-08-04 20:05:46,606 INFO [org.junit.Test] zero00958
2016-08-04 20:05:46,606 INFO [org.junit.Test] zero00959
2016-08-04 20:05:46,606 INFO [org.junit.Test] zero00960
2016-08-04 20:05:46,606 INFO [org.junit.Test] zero00961
2016-08-04 20:05:46,606 INFO [org.junit.Test] zero00962
2016-08-04 20:05:46,606 INFO [org.junit.Test] zero00963
2016-08-04 20:05:46,606 INFO [org.junit.Test] zero00964
2016-08-04 20:05:46,606 INFO [org.junit.Test] zero00965
2016-08-04 20:05:46,606 INFO [org.junit.Test] zero00966
2016-08-04 20:05:46,606 INFO [org.junit.Test] zero00967
2016-08-04 20:05:46,606 INFO [org.junit.Test] zero00968
2016-08-04 20:05:46,606 INFO [org.junit.Test] zero00969
2016-08-04 20:05:46,606 INFO [org.junit.Test] zero00970
2016-08-04 20:05:46,606 INFO [org.junit.Test] zero00971
2016-08-04 20:05:46,606 INFO [org.junit.Test] zero00972
2016-08-04 20:05:46,606 INFO [org.junit.Test] zero00973
2016-08-04 20:05:46,606 INFO [org.junit.Test] zero00974
2016-08-04 20:05:46,606 INFO [org.junit.Test] zero00975
2016-08-04 20:05:46,606 INFO [org.junit.Test] zero00976
2016-08-04 20:05:46,606 INFO [org.junit.Test] zero00977
2016-08-04 20:05:46,606 INFO [org.junit.Test] zero00978
2016-08-04 20:05:46,606 INFO [org.junit.Test] zero00979
2016-08-04 20:05:46,606 INFO [org.junit.Test] zero00980
2016-08-04 20:05:46,606 INFO [org.junit.Test] zero00981
2016-08-04 20:05:46,606 INFO [org.junit.Test] zero00982
2016-08-04 20:05:46,606 INFO [org.junit.Test] zero00983
2016-08-04 20:05:46,606 INFO [org.junit.Test] zero00984
2016-08-04 20:05:46,606 INFO [org.junit.Test] zero00985
2016-08-04 20:05:46,606 INFO [org.junit.Test] zero00986
2016-08-04 20:05:46,606 INFO [org.junit.Test] zero00987
2016-08-04 20:05:46,606 INFO [org.junit.Test] zero00988
2016-08-04 20:05:46,606 INFO [org.junit.Test] zero00989
2016-08-04 20:05:46,606 INFO [org.junit.Test] zero00990
2016-08-04 20:05:46,606 INFO [org.junit.Test] zero00991
2016-08-04 20:05:46,606 INFO [org.junit.Test] zero00992
2016-08-04 20:05:46,606 INFO [org.junit.Test] zero00993
2016-08-04 20:05:46,606 INFO [org.junit.Test] zero00994
2016-08-04 20:05:46,606 INFO [org.junit.Test] zero00995
2016-08-04 20:05:46,606 INFO [org.junit.Test] zero00996
2016-08-04 20:05:46,606 INFO [org.junit.Test] zero00997
2016-08-04 20:05:46,606 INFO [org.junit.Test] zero00998
2016-08-04 20:05:46,606 INFO [org.junit.Test] zero00999
2016-08-04 20:05:49,607 INFO [org.junit.Test] zero000
2016-08-04 20:05:49,607 INFO [org.junit.Test] zero001
2016-08-04 20:05:49,607 INFO [org.junit.Test] zero002
2016-08-04 20:05:49,607 INFO [org.junit.Test] zero003
2016-08-04 20:05:49,607 INFO [org.junit.Test] zero004
2016-08-04 20:05:49,607 INFO [org.junit.Test] zero005
2016-08-04 20:05:49,607 INFO [org.junit.Test] zero006
2016-08-04 20:05:49,607 INFO [org.junit.Test] zero007
2016-08-04 20:05:49,607 INFO [org.junit.Test] zero008
2016-08-04 20:05:49,607 INFO [org.junit.Test] zero009
2016-08-04 20:05:49,607 INFO [org.junit.Test] zero0010
2016-08-04 20:05:49,607 INFO [org.junit.Test] zero0011
2016-08-04 20:05:49,607 INFO [org.junit.Test] zero0012
2016-08-04 20:05:49,607 INFO [org.junit.Test] zero0013
2016-08-04 20:05:49,607 INFO [org.junit.Test] zero0014
2016-08-04 20:05:49,607 INFO [org.junit.Test] zero0015
2016-08-04 20:05:49,607 INFO [org.junit.Test] zero0016
2016-08-04 20:05:49,607 INFO [org.junit.Test] zero0017
2016-08-04 20:05:49,607 INFO [org.junit.Test] zero0018
2016-08-04 20:05:49,607 INFO [org.junit.Test] zero0019
2016-08-04 20:05:49,607 INFO [org.junit.Test] zero0020
2016-08-04 20:05:49,607 INFO [org.junit.Test] zero0021
2016-08-04 20:05:49,607 INFO [org.junit.Test] zero0022
2016-08-04 20:05:49,607 INFO [org.junit.Test] zero0023
2016-08-04 20:05:49,607 INFO [org.junit.Test] zero0024
2016-08-04 20:05:49,607 INFO [org.junit.Test] zero0025
2016-08-04 20:05:49,607 INFO [org.junit.Test] zero0026
2016-08-04 20:05:49,607 INFO [org.junit.Test] zero0027
2016-08-04 20:05:49,607 INFO [org.junit.Test] zero0028
2016-08-04 20:05:49,607 INFO [org.junit.Test] zero0029
2016-08-04 20:05:49,607 INFO [org.junit.Test] zero0030
2016-08-04 20:05:49,607 INFO [org.junit.Test] zero0031
2016-08-04 20:05:49,607 INFO [org.junit.Test] zero0032
2016-08-04 20:05:49,607 INFO [org.junit.Test] zero0033
2016-08-04 20:05:49,607 INFO [org.junit.Test] zero0034
2016-08-04 20:05:49,607 INFO [org.junit.Test] zero0035
2016-08-04 20:05:49,607 INFO [org.junit.Test] zero0036
2016-08-04 20:05:49,607 INFO [org.junit.Test] zero0037
2016-08-04 20:05:49,607 INFO [org.junit.Test] zero0038
2016-08-04 20:05:49,607 INFO [org.junit.Test] zero0039
2016-08-04 20:05:49,607 INFO [org.junit.Test] zero0040
2016-08-04 20:05:49,607 INFO [org.junit.Test] zero0041
2016-08-04 20:05:49,607 INFO [org.junit.Test] zero0042
2016-08-04 20:05:49,607 INFO [org.junit.Test] zero0043
2016-08-04 20:05:49,607 INFO [org.junit.Test] zero0044
2016-08-04 20:05:49,607 INFO [org.junit.Test] zero0045
2016-08-04 20:05:49,607 INFO [org.junit.Test] zero0046
2016-08-04 20:05:49,607 INFO [org.junit.Test] zero0047
2016-08-04 20:05:49,607 INFO [org.junit.Test] zero0048
2016-08-04 20:05:49,607 INFO [org.junit.Test] zero0049
2016-08-04 20:05:49,607 INFO [org.junit.Test] zero0050
2016-08-04 20:05:49,607 INFO [org.junit.Test] zero0051
2016-08-04 20:05:49,607 INFO [org.junit.Test] zero0052
2016-08-04 20:05:49,607 INFO [org.junit.Test] zero0053
2016-08-04 20:05:49,607 INFO [org.junit.Test] zero0054
2016-08-04 20:05:49,607 INFO [org.junit.Test] zero0055
2016-08-04 20:05:49,607 INFO [org.junit.Test] zero0056
2016-08-04 20:05:49,607 INFO [org.junit.Test] zero0057
2016-08-04 20:05:49,607 INFO [org.junit.Test] zero0058
2016-08-04 20:05:49,607 INFO [org.junit.Test] zero0059
2016-08-04 20:05:49,607 INFO [org.junit.Test] zero0060
2016-08-04 20:05:49,607 INFO [org.junit.Test] zero0061
2016-08-04 20:05:49,607 INFO [org.junit.Test] zero0062
2016-08-04 20:05:49,607 INFO [org.junit.Test] zero0063
2016-08-04 20:05:49,607 INFO [org.junit.Test] zero0064
2016-08-04 20:05:49,607 INFO [org.junit.Test] zero0065
2016-08-04 20:05:49,607 INFO [org.junit.Test] zero0066
2016-08-04 20:05:49,607 INFO [org.junit.Test] zero0067
2016-08-04 20:05:49,607 INFO [org.junit.Test] zero0068
2016-08-04 20:05:49,607 INFO [org.junit.Test] zero0069
2016-08-04 20:05:49,607 INFO [org.junit.Test] zero0070
2016-08-04 20:05:49,607 INFO [org.junit.Test] zero0071
2016-08-04 20:05:49,607 INFO [org.junit.Test] zero0072
2016-08-04 20:05:49,607 INFO [org.junit.Test] zero0073
2016-08-04 20:05:49,607 INFO [org.junit.Test] zero0074
2016-08-04 20:05:49,607 INFO [org.junit.Test] zero0075
2016-08-04 20:05:49,607 INFO [org.junit.Test] zero0076
2016-08-04 20:05:49,607 INFO [org.junit.Test] zero0077
2016-08-04 20:05:49,607 INFO [org.junit.Test] zero0078
2016-08-04 20:05:49,607 INFO [org.junit.Test] zero0079
2016-08-04 20:05:49,607 INFO [org.junit.Test] zero0080
2016-08-04 20:05:49,607 INFO [org.junit.Test] zero0081
2016-08-04 20:05:49,607 INFO [org.junit.Test] zero0082
2016-08-04 20:05:49,607 INFO [org.junit.Test] zero0083
2016-08-04 20:05:49,607 INFO [org.junit.Test] zero0084
2016-08-04 20:05:49,607 INFO [org.junit.Test] zero0085
2016-08-04 20:05:49,607 INFO [org.junit.Test] zero0086
2016-08-04 20:05:49,607 INFO [org.junit.Test] zero0087
2016-08-04 20:05:49,607 INFO [org.junit.Test] zero0088
2016-08-04 20:05:49,607 INFO [org.junit.Test] zero0089
2016-08-04 20:05:49,607 INFO [org.junit.Test] zero0090
2016-08-04 20:05:49,607 INFO [org.junit.Test] zero0091
2016-08-04 20:05:49,607 INFO [org.junit.Test] zero0092
2016-08-04 20:05:49,607 INFO [org.junit.Test] zero0093
2016-08-04 20:05:49,607 INFO [org.junit.Test] zero0094
2016-08-04 20:05:49,607 INFO [org.junit.Test] zero0095
2016-08-04 20:05:49,607 INFO [org.junit.Test] zero0096
2016-08-04 20:05:49,607 INFO [org.junit.Test] zero0097
2016-08-04 20:05:49,607 INFO [org.junit.Test] zero0098
2016-08-04 20:05:49,607 INFO [org.junit.Test] zero0099
2016-08-04 20:05:49,607 INFO [org.junit.Test] zero00100
2016-08-04 20:05:49,607 INFO [org.junit.Test] zero00101
2016-08-04 20:05:49,607 INFO [org.junit.Test] zero00102
2016-08-04 20:05:49,607 INFO [org.junit.Test] zero00103
2016-08-04 20:05:49,607 INFO [org.junit.Test] zero00104
2016-08-04 20:05:49,607 INFO [org.junit.Test] zero00105
2016-08-04 20:05:49,607 INFO [org.junit.Test] zero00106
2016-08-04 20:05:49,607 INFO [org.junit.Test] zero00107
2016-08-04 20:05:49,607 INFO [org.junit.Test] zero00108
2016-08-04 20:05:49,607 INFO [org.junit.Test] zero00109
2016-08-04 20:05:49,607 INFO [org.junit.Test] zero00110
2016-08-04 20:05:49,607 INFO [org.junit.Test] zero00111
2016-08-04 20:05:49,607 INFO [org.junit.Test] zero00112
2016-08-04 20:05:49,607 INFO [org.junit.Test] zero00113
2016-08-04 20:05:49,607 INFO [org.junit.Test] zero00114
2016-08-04 20:05:49,607 INFO [org.junit.Test] zero00115
2016-08-04 20:05:49,607 INFO [org.junit.Test] zero00116
2016-08-04 20:05:49,607 INFO [org.junit.Test] zero00117
2016-08-04 20:05:49,607 INFO [org.junit.Test] zero00118
2016-08-04 20:05:49,607 INFO [org.junit.Test] zero00119
2016-08-04 20:05:49,607 INFO [org.junit.Test] zero00120
2016-08-04 20:05:49,607 INFO [org.junit.Test] zero00121
2016-08-04 20:05:49,607 INFO [org.junit.Test] zero00122
2016-08-04 20:05:49,607 INFO [org.junit.Test] zero00123
2016-08-04 20:05:49,607 INFO [org.junit.Test] zero00124
2016-08-04 20:05:49,607 INFO [org.junit.Test] zero00125
2016-08-04 20:05:49,607 INFO [org.junit.Test] zero00126
2016-08-04 20:05:49,607 INFO [org.junit.Test] zero00127
2016-08-04 20:05:49,607 INFO [org.junit.Test] zero00128
2016-08-04 20:05:49,607 INFO [org.junit.Test] zero00129
2016-08-04 20:05:49,607 INFO [org.junit.Test] zero00130
2016-08-04 20:05:49,607 INFO [org.junit.Test] zero00131
2016-08-04 20:05:49,607 INFO [org.junit.Test] zero00132
2016-08-04 20:05:49,607 INFO [org.junit.Test] zero00133
2016-08-04 20:05:49,607 INFO [org.junit.Test] zero00134
2016-08-04 20:05:49,607 INFO [org.junit.Test] zero00135
2016-08-04 20:05:49,607 INFO [org.junit.Test] zero00136
2016-08-04 20:05:49,607 INFO [org.junit.Test] zero00137
2016-08-04 20:05:49,607 INFO [org.junit.Test] zero00138
2016-08-04 20:05:49,607 INFO [org.junit.Test] zero00139
2016-08-04 20:05:49,607 INFO [org.junit.Test] zero00140
2016-08-04 20:05:49,607 INFO [org.junit.Test] zero00141
2016-08-04 20:05:49,607 INFO [org.junit.Test] zero00142
2016-08-04 20:05:49,607 INFO [org.junit.Test] zero00143
2016-08-04 20:05:49,607 INFO [org.junit.Test] zero00144
2016-08-04 20:05:49,607 INFO [org.junit.Test] zero00145
2016-08-04 20:05:49,607 INFO [org.junit.Test] zero00146
2016-08-04 20:05:49,607 INFO [org.junit.Test] zero00147
2016-08-04 20:05:49,607 INFO [org.junit.Test] zero00148
2016-08-04 20:05:49,607 INFO [org.junit.Test] zero00149
2016-08-04 20:05:49,607 INFO [org.junit.Test] zero00150
2016-08-04 20:05:49,607 INFO [org.junit.Test] zero00151
2016-08-04 20:05:49,607 INFO [org.junit.Test] zero00152
2016-08-04 20:05:49,607 INFO [org.junit.Test] zero00153
2016-08-04 20:05:49,607 INFO [org.junit.Test] zero00154
2016-08-04 20:05:49,607 INFO [org.junit.Test] zero00155
2016-08-04 20:05:49,607 INFO [org.junit.Test] zero00156
2016-08-04 20:05:49,607 INFO [org.junit.Test] zero00157
2016-08-04 20:05:49,607 INFO [org.junit.Test] zero00158
2016-08-04 20:05:49,607 INFO [org.junit.Test] zero00159
2016-08-04 20:05:49,607 INFO [org.junit.Test] zero00160
2016-08-04 20:05:49,607 INFO [org.junit.Test] zero00161
2016-08-04 20:05:49,607 INFO [org.junit.Test] zero00162
2016-08-04 20:05:49,607 INFO [org.junit.Test] zero00163
2016-08-04 20:05:49,607 INFO [org.junit.Test] zero00164
2016-08-04 20:05:49,607 INFO [org.junit.Test] zero00165
2016-08-04 20:05:49,607 INFO [org.junit.Test] zero00166
2016-08-04 20:05:49,607 INFO [org.junit.Test] zero00167
2016-08-04 20:05:49,607 INFO [org.junit.Test] zero00168
2016-08-04 20:05:49,607 INFO [org.junit.Test] zero00169
2016-08-04 20:05:49,607 INFO [org.junit.Test] zero00170
2016-08-04 20:05:49,607 INFO [org.junit.Test] zero00171
2016-08-04 20:05:49,607 INFO [org.junit.Test] zero00172
2016-08-04 20:05:49,607 INFO [org.junit.Test] zero00173
2016-08-04 20:05:49,607 INFO [org.junit.Test] zero00174
2016-08-04 20:05:49,607 INFO [org.junit.Test] zero00175
2016-08-04 20:05:49,607 INFO [org.junit.Test] zero00176
2016-08-04 20:05:49,607 INFO [org.junit.Test] zero00177
2016-08-04 20:05:49,607 INFO [org.junit.Test] zero00178
2016-08-04 20:05:49,607 INFO [org.junit.Test] zero00179
2016-08-04 20:05:49,607 INFO [org.junit.Test] zero00180
2016-08-04 20:05:49,607 INFO [org.junit.Test] zero00181
2016-08-04 20:05:49,607 INFO [org.junit.Test] zero00182
2016-08-04 20:05:49,607 INFO [org.junit.Test] zero00183
2016-08-04 20:05:49,607 INFO [org.junit.Test] zero00184
2016-08-04 20:05:49,607 INFO [org.junit.Test] zero00185
2016-08-04 20:05:49,607 INFO [org.junit.Test] zero00186
2016-08-04 20:05:49,607 INFO [org.junit.Test] zero00187
2016-08-04 20:05:49,607 INFO [org.junit.Test] zero00188
2016-08-04 20:05:49,607 INFO [org.junit.Test] zero00189
2016-08-04 20:05:49,607 INFO [org.junit.Test] zero00190
2016-08-04 20:05:49,607 INFO [org.junit.Test] zero00191
2016-08-04 20:05:49,607 INFO [org.junit.Test] zero00192
2016-08-04 20:05:49,607 INFO [org.junit.Test] zero00193
2016-08-04 20:05:49,607 INFO [org.junit.Test] zero00194
2016-08-04 20:05:49,607 INFO [org.junit.Test] zero00195
2016-08-04 20:05:49,607 INFO [org.junit.Test] zero00196
2016-08-04 20:05:49,607 INFO [org.junit.Test] zero00197
2016-08-04 20:05:49,607 INFO [org.junit.Test] zero00198
2016-08-04 20:05:49,607 INFO [org.junit.Test] zero00199
2016-08-04 20:05:49,607 INFO [org.junit.Test] zero00200
2016-08-04 20:05:49,607 INFO [org.junit.Test] zero00201
2016-08-04 20:05:49,607 INFO [org.junit.Test] zero00202
2016-08-04 20:05:49,607 INFO [org.junit.Test] zero00203
2016-08-04 20:05:49,607 INFO [org.junit.Test] zero00204
2016-08-04 20:05:49,607 INFO [org.junit.Test] zero00205
2016-08-04 20:05:49,607 INFO [org.junit.Test] zero00206
2016-08-04 20:05:49,607 INFO [org.junit.Test] zero00207
2016-08-04 20:05:49,607 INFO [org.junit.Test] zero00208
2016-08-04 20:05:49,607 INFO [org.junit.Test] zero00209
2016-08-04 20:05:49,607 INFO [org.junit.Test] zero00210
2016-08-04 20:05:49,607 INFO [org.junit.Test] zero00211
2016-08-04 20:05:49,607 INFO [org.junit.Test] zero00212
2016-08-04 20:05:49,607 INFO [org.junit.Test] zero00213
2016-08-04 20:05:49,607 INFO [org.junit.Test] zero00214
2016-08-04 20:05:49,607 INFO [org.junit.Test] zero00215
2016-08-04 20:05:49,607 INFO [org.junit.Test] zero00216
2016-08-04 20:05:49,607 INFO [org.junit.Test] zero00217
2016-08-04 20:05:49,607 INFO [org.junit.Test] zero00218
2016-08-04 20:05:49,607 INFO [org.junit.Test] zero00219
2016-08-04 20:05:49,607 INFO [org.junit.Test] zero00220
2016-08-04 20:05:49,607 INFO [org.junit.Test] zero00221
2016-08-04 20:05:49,607 INFO [org.junit.Test] zero00222
2016-08-04 20:05:49,607 INFO [org.junit.Test] zero00223
2016-08-04 20:05:49,607 INFO [org.junit.Test] zero00224
2016-08-04 20:05:49,607 INFO [org.junit.Test] zero00225
2016-08-04 20:05:49,607 INFO [org.junit.Test] zero00226
2016-08-04 20:05:49,607 INFO [org.junit.Test] zero00227
2016-08-04 20:05:49,607 INFO [org.junit.Test] zero00228
2016-08-04 20:05:49,607 INFO [org.junit.Test] zero00229
2016-08-04 20:05:49,607 INFO [org.junit.Test] zero00230
2016-08-04 20:05:49,607 INFO [org.junit.Test] zero00231
2016-08-04 20:05:49,607 INFO [org.junit.Test] zero00232
2016-08-04 20:05:49,607 INFO [org.junit.Test] zero00233
2016-08-04 20:05:49,607 INFO [org.junit.Test] zero00234
2016-08-04 20:05:49,607 INFO [org.junit.Test] zero00235
2016-08-04 20:05:49,607 INFO [org.junit.Test] zero00236
2016-08-04 20:05:49,607 INFO [org.junit.Test] zero00237
2016-08-04 20:05:49,607 INFO [org.junit.Test] zero00238
2016-08-04 20:05:49,607 INFO [org.junit.Test] zero00239
2016-08-04 20:05:49,607 INFO [org.junit.Test] zero00240
2016-08-04 20:05:49,607 INFO [org.junit.Test] zero00241
2016-08-04 20:05:49,607 INFO [org.junit.Test] zero00242
2016-08-04 20:05:49,607 INFO [org.junit.Test] zero00243
2016-08-04 20:05:49,607 INFO [org.junit.Test] zero00244
2016-08-04 20:05:49,607 INFO [org.junit.Test] zero00245
2016-08-04 20:05:49,607 INFO [org.junit.Test] zero00246
2016-08-04 20:05:49,607 INFO [org.junit.Test] zero00247
2016-08-04 20:05:49,607 INFO [org.junit.Test] zero00248
2016-08-04 20:05:49,607 INFO [org.junit.Test] zero00249
2016-08-04 20:05:49,607 INFO [org.junit.Test] zero00250
2016-08-04 20:05:49,607 INFO [org.junit.Test] zero00251
2016-08-04 20:05:49,607 INFO [org.junit.Test] zero00252
2016-08-04 20:05:49,607 INFO [org.junit.Test] zero00253
2016-08-04 20:05:49,607 INFO [org.junit.Test] zero00254
2016-08-04 20:05:49,607 INFO [org.junit.Test] zero00255
2016-08-04 20:05:49,607 INFO [org.junit.Test] zero00256
2016-08-04 20:05:49,607 INFO [org.junit.Test] zero00257
2016-08-04 20:05:49,607 INFO [org.junit.Test] zero00258
2016-08-04 20:05:49,607 INFO [org.junit.Test] zero00259
2016-08-04 20:05:49,607 INFO [org.junit.Test] zero00260
2016-08-04 20:05:49,607 INFO [org.junit.Test] zero00261
2016-08-04 20:05:49,607 INFO [org.junit.Test] zero00262
2016-08-04 20:05:49,607 INFO [org.junit.Test] zero00263
2016-08-04 20:05:49,607 INFO [org.junit.Test] zero00264
2016-08-04 20:05:49,607 INFO [org.junit.Test] zero00265
2016-08-04 20:05:49,607 INFO [org.junit.Test] zero00266
2016-08-04 20:05:49,607 INFO [org.junit.Test] zero00267
2016-08-04 20:05:49,607 INFO [org.junit.Test] zero00268
2016-08-04 20:05:49,607 INFO [org.junit.Test] zero00269
2016-08-04 20:05:49,607 INFO [org.junit.Test] zero00270
2016-08-04 20:05:49,607 INFO [org.junit.Test] zero00271
2016-08-04 20:05:49,607 INFO [org.junit.Test] zero00272
2016-08-04 20:05:49,607 INFO [org.junit.Test] zero00273
2016-08-04 20:05:49,607 INFO [org.junit.Test] zero00274
2016-08-04 20:05:49,607 INFO [org.junit.Test] zero00275
2016-08-04 20:05:49,607 INFO [org.junit.Test] zero00276
2016-08-04 20:05:49,607 INFO [org.junit.Test] zero00277
2016-08-04 20:05:49,607 INFO [org.junit.Test] zero00278
2016-08-04 20:05:49,607 INFO [org.junit.Test] zero00279
2016-08-04 20:05:49,607 INFO [org.junit.Test] zero00280
2016-08-04 20:05:49,607 INFO [org.junit.Test] zero00281
2016-08-04 20:05:49,607 INFO [org.junit.Test] zero00282
2016-08-04 20:05:49,607 INFO [org.junit.Test] zero00283
2016-08-04 20:05:49,607 INFO [org.junit.Test] zero00284
2016-08-04 20:05:49,607 INFO [org.junit.Test] zero00285
2016-08-04 20:05:49,607 INFO [org.junit.Test] zero00286
2016-08-04 20:05:49,607 INFO [org.junit.Test] zero00287
2016-08-04 20:05:49,607 INFO [org.junit.Test] zero00288
2016-08-04 20:05:49,607 INFO [org.junit.Test] zero00289
2016-08-04 20:05:49,607 INFO [org.junit.Test] zero00290
2016-08-04 20:05:49,607 INFO [org.junit.Test] zero00291
2016-08-04 20:05:49,607 INFO [org.junit.Test] zero00292
2016-08-04 20:05:49,607 INFO [org.junit.Test] zero00293
2016-08-04 20:05:49,607 INFO [org.junit.Test] zero00294
2016-08-04 20:05:49,607 INFO [org.junit.Test] zero00295
2016-08-04 20:05:49,607 INFO [org.junit.Test] zero00296
2016-08-04 20:05:49,607 INFO [org.junit.Test] zero00297
2016-08-04 20:05:49,607 INFO [org.junit.Test] zero00298
2016-08-04 20:05:49,607 INFO [org.junit.Test] zero00299
2016-08-04 20:05:49,607 INFO [org.junit.Test] zero00300
2016-08-04 20:05:49,607 INFO [org.junit.Test] zero00301
2016-08-04 20:05:49,607 INFO [org.junit.Test] zero00302
2016-08-04 20:05:49,607 INFO [org.junit.Test] zero00303
2016-08-04 20:05:49,607 INFO [org.junit.Test] zero00304
2016-08-04 20:05:49,607 INFO [org.junit.Test] zero00305
2016-08-04 20:05:49,607 INFO [org.junit.Test] zero00306
2016-08-04 20:05:49,607 INFO [org.junit.Test] zero00307
2016-08-04 20:05:49,607 INFO [org.junit.Test] zero00308
2016-08-04 20:05:49,607 INFO [org.junit.Test] zero00309
2016-08-04 20:05:49,607 INFO [org.junit.Test] zero00310
2016-08-04 20:05:49,607 INFO [org.junit.Test] zero00311
2016-08-04 20:05:49,607 INFO [org.junit.Test] zero00312
2016-08-04 20:05:49,607 INFO [org.junit.Test] zero00313
2016-08-04 20:05:49,607 INFO [org.junit.Test] zero00314
2016-08-04 20:05:49,607 INFO [org.junit.Test] zero00315
2016-08-04 20:05:49,607 INFO [org.junit.Test] zero00316
2016-08-04 20:05:49,607 INFO [org.junit.Test] zero00317
2016-08-04 20:05:49,607 INFO [org.junit.Test] zero00318
2016-08-04 20:05:49,607 INFO [org.junit.Test] zero00319
2016-08-04 20:05:49,607 INFO [org.junit.Test] zero00320
2016-08-04 20:05:49,607 INFO [org.junit.Test] zero00321
2016-08-04 20:05:49,607 INFO [org.junit.Test] zero00322
2016-08-04 20:05:49,607 INFO [org.junit.Test] zero00323
2016-08-04 20:05:49,607 INFO [org.junit.Test] zero00324
2016-08-04 20:05:49,607 INFO [org.junit.Test] zero00325
2016-08-04 20:05:49,607 INFO [org.junit.Test] zero00326
2016-08-04 20:05:49,607 INFO [org.junit.Test] zero00327
2016-08-04 20:05:49,607 INFO [org.junit.Test] zero00328
2016-08-04 20:05:49,607 INFO [org.junit.Test] zero00329
2016-08-04 20:05:49,607 INFO [org.junit.Test] zero00330
2016-08-04 20:05:49,607 INFO [org.junit.Test] zero00331
2016-08-04 20:05:49,607 INFO [org.junit.Test] zero00332
2016-08-04 20:05:49,607 INFO [org.junit.Test] zero00333
2016-08-04 20:05:49,607 INFO [org.junit.Test] zero00334
2016-08-04 20:05:49,607 INFO [org.junit.Test] zero00335
2016-08-04 20:05:49,607 INFO [org.junit.Test] zero00336
2016-08-04 20:05:49,607 INFO [org.junit.Test] zero00337
2016-08-04 20:05:49,607 INFO [org.junit.Test] zero00338
2016-08-04 20:05:49,607 INFO [org.junit.Test] zero00339
2016-08-04 20:05:49,607 INFO [org.junit.Test] zero00340
2016-08-04 20:05:49,607 INFO [org.junit.Test] zero00341
2016-08-04 20:05:49,607 INFO [org.junit.Test] zero00342
2016-08-04 20:05:49,607 INFO [org.junit.Test] zero00343
2016-08-04 20:05:49,607 INFO [org.junit.Test] zero00344
2016-08-04 20:05:49,607 INFO [org.junit.Test] zero00345
2016-08-04 20:05:49,607 INFO [org.junit.Test] zero00346
2016-08-04 20:05:49,607 INFO [org.junit.Test] zero00347
2016-08-04 20:05:49,607 INFO [org.junit.Test] zero00348
2016-08-04 20:05:49,607 INFO [org.junit.Test] zero00349
2016-08-04 20:05:49,607 INFO [org.junit.Test] zero00350
2016-08-04 20:05:49,607 INFO [org.junit.Test] zero00351
2016-08-04 20:05:49,607 INFO [org.junit.Test] zero00352
2016-08-04 20:05:49,607 INFO [org.junit.Test] zero00353
2016-08-04 20:05:49,607 INFO [org.junit.Test] zero00354
2016-08-04 20:05:49,607 INFO [org.junit.Test] zero00355
2016-08-04 20:05:49,607 INFO [org.junit.Test] zero00356
2016-08-04 20:05:49,607 INFO [org.junit.Test] zero00357
2016-08-04 20:05:49,607 INFO [org.junit.Test] zero00358
2016-08-04 20:05:49,607 INFO [org.junit.Test] zero00359
2016-08-04 20:05:49,607 INFO [org.junit.Test] zero00360
2016-08-04 20:05:49,607 INFO [org.junit.Test] zero00361
2016-08-04 20:05:49,607 INFO [org.junit.Test] zero00362
2016-08-04 20:05:49,607 INFO [org.junit.Test] zero00363
2016-08-04 20:05:49,607 INFO [org.junit.Test] zero00364
2016-08-04 20:05:49,607 INFO [org.junit.Test] zero00365
2016-08-04 20:05:49,607 INFO [org.junit.Test] zero00366
2016-08-04 20:05:49,607 INFO [org.junit.Test] zero00367
2016-08-04 20:05:49,607 INFO [org.junit.Test] zero00368
2016-08-04 20:05:49,607 INFO [org.junit.Test] zero00369
2016-08-04 20:05:49,607 INFO [org.junit.Test] zero00370
2016-08-04 20:05:49,607 INFO [org.junit.Test] zero00371
2016-08-04 20:05:49,607 INFO [org.junit.Test] zero00372
2016-08-04 20:05:49,607 INFO [org.junit.Test] zero00373
2016-08-04 20:05:49,607 INFO [org.junit.Test] zero00374
2016-08-04 20:05:49,607 INFO [org.junit.Test] zero00375
2016-08-04 20:05:49,607 INFO [org.junit.Test] zero00376
2016-08-04 20:05:49,607 INFO [org.junit.Test] zero00377
2016-08-04 20:05:49,607 INFO [org.junit.Test] zero00378
2016-08-04 20:05:49,607 INFO [org.junit.Test] zero00379
2016-08-04 20:05:49,607 INFO [org.junit.Test] zero00380
2016-08-04 20:05:49,607 INFO [org.junit.Test] zero00381
2016-08-04 20:05:49,607 INFO [org.junit.Test] zero00382
2016-08-04 20:05:49,607 INFO [org.junit.Test] zero00383
2016-08-04 20:05:49,607 INFO [org.junit.Test] zero00384
2016-08-04 20:05:49,607 INFO [org.junit.Test] zero00385
2016-08-04 20:05:49,607 INFO [org.junit.Test] zero00386
2016-08-04 20:05:49,607 INFO [org.junit.Test] zero00387
2016-08-04 20:05:49,607 INFO [org.junit.Test] zero00388
2016-08-04 20:05:49,607 INFO [org.junit.Test] zero00389
2016-08-04 20:05:49,607 INFO [org.junit.Test] zero00390
2016-08-04 20:05:49,607 INFO [org.junit.Test] zero00391
2016-08-04 20:05:49,607 INFO [org.junit.Test] zero00392
2016-08-04 20:05:49,607 INFO [org.junit.Test] zero00393
2016-08-04 20:05:49,607 INFO [org.junit.Test] zero00394
2016-08-04 20:05:49,607 INFO [org.junit.Test] zero00395
2016-08-04 20:05:49,607 INFO [org.junit.Test] zero00396
2016-08-04 20:05:49,607 INFO [org.junit.Test] zero00397
2016-08-04 20:05:49,607 INFO [org.junit.Test] zero00398
2016-08-04 20:05:49,607 INFO [org.junit.Test] zero00399
2016-08-04 20:05:49,607 INFO [org.junit.Test] zero00400
2016-08-04 20:05:49,607 INFO [org.junit.Test] zero00401
2016-08-04 20:05:49,607 INFO [org.junit.Test] zero00402
2016-08-04 20:05:49,607 INFO [org.junit.Test] zero00403
2016-08-04 20:05:49,607 INFO [org.junit.Test] zero00404
2016-08-04 20:05:49,607 INFO [org.junit.Test] zero00405
2016-08-04 20:05:49,607 INFO [org.junit.Test] zero00406
2016-08-04 20:05:49,607 INFO [org.junit.Test] zero00407
2016-08-04 20:05:49,607 INFO [org.junit.Test] zero00408
2016-08-04 20:05:49,607 INFO [org.junit.Test] zero00409
2016-08-04 20:05:49,607 INFO [org.junit.Test] zero00410
2016-08-04 20:05:49,607 INFO [org.junit.Test] zero00411
2016-08-04 20:05:49,607 INFO [org.junit.Test] zero00412
2016-08-04 20:05:49,607 INFO [org.junit.Test] zero00413
2016-08-04 20:05:49,607 INFO [org.junit.Test] zero00414
2016-08-04 20:05:49,607 INFO [org.junit.Test] zero00415
2016-08-04 20:05:49,607 INFO [org.junit.Test] zero00416
2016-08-04 20:05:49,607 INFO [org.junit.Test] zero00417
2016-08-04 20:05:49,607 INFO [org.junit.Test] zero00418
2016-08-04 20:05:49,607 INFO [org.junit.Test] zero00419
2016-08-04 20:05:49,607 INFO [org.junit.Test] zero00420
2016-08-04 20:05:49,607 INFO [org.junit.Test] zero00421
2016-08-04 20:05:49,607 INFO [org.junit.Test] zero00422
2016-08-04 20:05:49,607 INFO [org.junit.Test] zero00423
2016-08-04 20:05:49,607 INFO [org.junit.Test] zero00424
2016-08-04 20:05:49,607 INFO [org.junit.Test] zero00425
2016-08-04 20:05:49,607 INFO [org.junit.Test] zero00426
2016-08-04 20:05:49,607 INFO [org.junit.Test] zero00427
2016-08-04 20:05:49,607 INFO [org.junit.Test] zero00428
2016-08-04 20:05:49,607 INFO [org.junit.Test] zero00429
2016-08-04 20:05:49,607 INFO [org.junit.Test] zero00430
2016-08-04 20:05:49,607 INFO [org.junit.Test] zero00431
2016-08-04 20:05:49,607 INFO [org.junit.Test] zero00432
2016-08-04 20:05:49,607 INFO [org.junit.Test] zero00433
2016-08-04 20:05:49,607 INFO [org.junit.Test] zero00434
2016-08-04 20:05:49,607 INFO [org.junit.Test] zero00435
2016-08-04 20:05:49,607 INFO [org.junit.Test] zero00436
2016-08-04 20:05:49,608 INFO [org.junit.Test] zero00437
2016-08-04 20:05:49,608 INFO [org.junit.Test] zero00438
2016-08-04 20:05:49,608 INFO [org.junit.Test] zero00439
2016-08-04 20:05:49,608 INFO [org.junit.Test] zero00440
2016-08-04 20:05:49,608 INFO [org.junit.Test] zero00441
2016-08-04 20:05:49,608 INFO [org.junit.Test] zero00442
2016-08-04 20:05:49,608 INFO [org.junit.Test] zero00443
2016-08-04 20:05:49,608 INFO [org.junit.Test] zero00444
2016-08-04 20:05:49,608 INFO [org.junit.Test] zero00445
2016-08-04 20:05:49,608 INFO [org.junit.Test] zero00446
2016-08-04 20:05:49,608 INFO [org.junit.Test] zero00447
2016-08-04 20:05:49,608 INFO [org.junit.Test] zero00448
2016-08-04 20:05:49,608 INFO [org.junit.Test] zero00449
2016-08-04 20:05:49,608 INFO [org.junit.Test] zero00450
2016-08-04 20:05:49,608 INFO [org.junit.Test] zero00451
2016-08-04 20:05:49,608 INFO [org.junit.Test] zero00452
2016-08-04 20:05:49,608 INFO [org.junit.Test] zero00453
2016-08-04 20:05:49,608 INFO [org.junit.Test] zero00454
2016-08-04 20:05:49,608 INFO [org.junit.Test] zero00455
2016-08-04 20:05:49,608 INFO [org.junit.Test] zero00456
2016-08-04 20:05:49,608 INFO [org.junit.Test] zero00457
2016-08-04 20:05:49,608 INFO [org.junit.Test] zero00458
2016-08-04 20:05:49,608 INFO [org.junit.Test] zero00459
2016-08-04 20:05:49,608 INFO [org.junit.Test] zero00460
2016-08-04 20:05:49,608 INFO [org.junit.Test] zero00461
2016-08-04 20:05:49,608 INFO [org.junit.Test] zero00462
2016-08-04 20:05:49,608 INFO [org.junit.Test] zero00463
2016-08-04 20:05:49,608 INFO [org.junit.Test] zero00464
2016-08-04 20:05:49,608 INFO [org.junit.Test] zero00465
2016-08-04 20:05:49,608 INFO [org.junit.Test] zero00466
2016-08-04 20:05:49,608 INFO [org.junit.Test] zero00467
2016-08-04 20:05:49,608 INFO [org.junit.Test] zero00468
2016-08-04 20:05:49,608 INFO [org.junit.Test] zero00469
2016-08-04 20:05:49,608 INFO [org.junit.Test] zero00470
2016-08-04 20:05:49,608 INFO [org.junit.Test] zero00471
2016-08-04 20:05:49,608 INFO [org.junit.Test] zero00472
2016-08-04 20:05:49,608 INFO [org.junit.Test] zero00473
2016-08-04 20:05:49,608 INFO [org.junit.Test] zero00474
2016-08-04 20:05:49,608 INFO [org.junit.Test] zero00475
2016-08-04 20:05:49,608 INFO [org.junit.Test] zero00476
2016-08-04 20:05:49,608 INFO [org.junit.Test] zero00477
2016-08-04 20:05:49,608 INFO [org.junit.Test] zero00478
2016-08-04 20:05:49,608 INFO [org.junit.Test] zero00479
2016-08-04 20:05:49,608 INFO [org.junit.Test] zero00480
2016-08-04 20:05:49,608 INFO [org.junit.Test] zero00481
2016-08-04 20:05:49,608 INFO [org.junit.Test] zero00482
2016-08-04 20:05:49,608 INFO [org.junit.Test] zero00483
2016-08-04 20:05:49,608 INFO [org.junit.Test] zero00484
2016-08-04 20:05:49,608 INFO [org.junit.Test] zero00485
2016-08-04 20:05:49,608 INFO [org.junit.Test] zero00486
2016-08-04 20:05:49,608 INFO [org.junit.Test] zero00487
2016-08-04 20:05:49,608 INFO [org.junit.Test] zero00488
2016-08-04 20:05:49,608 INFO [org.junit.Test] zero00489
2016-08-04 20:05:49,608 INFO [org.junit.Test] zero00490
2016-08-04 20:05:49,608 INFO [org.junit.Test] zero00491
2016-08-04 20:05:49,608 INFO [org.junit.Test] zero00492
2016-08-04 20:05:49,608 INFO [org.junit.Test] zero00493
2016-08-04 20:05:49,608 INFO [org.junit.Test] zero00494
2016-08-04 20:05:49,608 INFO [org.junit.Test] zero00495
2016-08-04 20:05:49,608 INFO [org.junit.Test] zero00496
2016-08-04 20:05:49,608 INFO [org.junit.Test] zero00497
2016-08-04 20:05:49,608 INFO [org.junit.Test] zero00498
2016-08-04 20:05:49,608 INFO [org.junit.Test] zero00499
2016-08-04 20:05:49,608 INFO [org.junit.Test] zero00500
2016-08-04 20:05:49,608 INFO [org.junit.Test] zero00501
2016-08-04 20:05:49,608 INFO [org.junit.Test] zero00502
2016-08-04 20:05:49,608 INFO [org.junit.Test] zero00503
2016-08-04 20:05:49,608 INFO [org.junit.Test] zero00504
2016-08-04 20:05:49,608 INFO [org.junit.Test] zero00505
2016-08-04 20:05:49,608 INFO [org.junit.Test] zero00506
2016-08-04 20:05:49,608 INFO [org.junit.Test] zero00507
2016-08-04 20:05:49,608 INFO [org.junit.Test] zero00508
2016-08-04 20:05:49,608 INFO [org.junit.Test] zero00509
2016-08-04 20:05:49,608 INFO [org.junit.Test] zero00510
2016-08-04 20:05:49,608 INFO [org.junit.Test] zero00511
2016-08-04 20:05:49,608 INFO [org.junit.Test] zero00512
2016-08-04 20:05:49,608 INFO [org.junit.Test] zero00513
2016-08-04 20:05:49,608 INFO [org.junit.Test] zero00514
2016-08-04 20:05:49,608 INFO [org.junit.Test] zero00515
2016-08-04 20:05:49,608 INFO [org.junit.Test] zero00516
2016-08-04 20:05:49,608 INFO [org.junit.Test] zero00517
2016-08-04 20:05:49,608 INFO [org.junit.Test] zero00518
2016-08-04 20:05:49,608 INFO [org.junit.Test] zero00519
2016-08-04 20:05:49,608 INFO [org.junit.Test] zero00520
2016-08-04 20:05:49,608 INFO [org.junit.Test] zero00521
2016-08-04 20:05:49,608 INFO [org.junit.Test] zero00522
2016-08-04 20:05:49,608 INFO [org.junit.Test] zero00523
2016-08-04 20:05:49,608 INFO [org.junit.Test] zero00524
2016-08-04 20:05:49,608 INFO [org.junit.Test] zero00525
2016-08-04 20:05:49,608 INFO [org.junit.Test] zero00526
2016-08-04 20:05:49,608 INFO [org.junit.Test] zero00527
2016-08-04 20:05:49,608 INFO [org.junit.Test] zero00528
2016-08-04 20:05:49,608 INFO [org.junit.Test] zero00529
2016-08-04 20:05:49,608 INFO [org.junit.Test] zero00530
2016-08-04 20:05:49,608 INFO [org.junit.Test] zero00531
2016-08-04 20:05:49,608 INFO [org.junit.Test] zero00532
2016-08-04 20:05:49,608 INFO [org.junit.Test] zero00533
2016-08-04 20:05:49,608 INFO [org.junit.Test] zero00534
2016-08-04 20:05:49,608 INFO [org.junit.Test] zero00535
2016-08-04 20:05:49,608 INFO [org.junit.Test] zero00536
2016-08-04 20:05:49,608 INFO [org.junit.Test] zero00537
2016-08-04 20:05:49,608 INFO [org.junit.Test] zero00538
2016-08-04 20:05:49,608 INFO [org.junit.Test] zero00539
2016-08-04 20:05:49,608 INFO [org.junit.Test] zero00540
2016-08-04 20:05:49,608 INFO [org.junit.Test] zero00541
2016-08-04 20:05:49,608 INFO [org.junit.Test] zero00542
2016-08-04 20:05:49,608 INFO [org.junit.Test] zero00543
2016-08-04 20:05:49,608 INFO [org.junit.Test] zero00544
2016-08-04 20:05:49,608 INFO [org.junit.Test] zero00545
2016-08-04 20:05:49,608 INFO [org.junit.Test] zero00546
2016-08-04 20:05:49,608 INFO [org.junit.Test] zero00547
2016-08-04 20:05:49,608 INFO [org.junit.Test] zero00548
2016-08-04 20:05:49,608 INFO [org.junit.Test] zero00549
2016-08-04 20:05:49,608 INFO [org.junit.Test] zero00550
2016-08-04 20:05:49,608 INFO [org.junit.Test] zero00551
2016-08-04 20:05:49,608 INFO [org.junit.Test] zero00552
2016-08-04 20:05:49,608 INFO [org.junit.Test] zero00553
2016-08-04 20:05:49,608 INFO [org.junit.Test] zero00554
2016-08-04 20:05:49,608 INFO [org.junit.Test] zero00555
2016-08-04 20:05:49,608 INFO [org.junit.Test] zero00556
2016-08-04 20:05:49,608 INFO [org.junit.Test] zero00557
2016-08-04 20:05:49,608 INFO [org.junit.Test] zero00558
2016-08-04 20:05:49,608 INFO [org.junit.Test] zero00559
2016-08-04 20:05:49,608 INFO [org.junit.Test] zero00560
2016-08-04 20:05:49,608 INFO [org.junit.Test] zero00561
2016-08-04 20:05:49,608 INFO [org.junit.Test] zero00562
2016-08-04 20:05:49,608 INFO [org.junit.Test] zero00563
2016-08-04 20:05:49,608 INFO [org.junit.Test] zero00564
2016-08-04 20:05:49,608 INFO [org.junit.Test] zero00565
2016-08-04 20:05:49,608 INFO [org.junit.Test] zero00566
2016-08-04 20:05:49,608 INFO [org.junit.Test] zero00567
2016-08-04 20:05:49,608 INFO [org.junit.Test] zero00568
2016-08-04 20:05:49,608 INFO [org.junit.Test] zero00569
2016-08-04 20:05:49,608 INFO [org.junit.Test] zero00570
2016-08-04 20:05:49,608 INFO [org.junit.Test] zero00571
2016-08-04 20:05:49,608 INFO [org.junit.Test] zero00572
2016-08-04 20:05:49,608 INFO [org.junit.Test] zero00573
2016-08-04 20:05:49,608 INFO [org.junit.Test] zero00574
2016-08-04 20:05:49,608 INFO [org.junit.Test] zero00575
2016-08-04 20:05:49,608 INFO [org.junit.Test] zero00576
2016-08-04 20:05:49,608 INFO [org.junit.Test] zero00577
2016-08-04 20:05:49,608 INFO [org.junit.Test] zero00578
2016-08-04 20:05:49,608 INFO [org.junit.Test] zero00579
2016-08-04 20:05:49,608 INFO [org.junit.Test] zero00580
2016-08-04 20:05:49,608 INFO [org.junit.Test] zero00581
2016-08-04 20:05:49,608 INFO [org.junit.Test] zero00582
2016-08-04 20:05:49,608 INFO [org.junit.Test] zero00583
2016-08-04 20:05:49,608 INFO [org.junit.Test] zero00584
2016-08-04 20:05:49,608 INFO [org.junit.Test] zero00585
2016-08-04 20:05:49,608 INFO [org.junit.Test] zero00586
2016-08-04 20:05:49,608 INFO [org.junit.Test] zero00587
2016-08-04 20:05:49,608 INFO [org.junit.Test] zero00588
2016-08-04 20:05:49,608 INFO [org.junit.Test] zero00589
2016-08-04 20:05:49,608 INFO [org.junit.Test] zero00590
2016-08-04 20:05:49,608 INFO [org.junit.Test] zero00591
2016-08-04 20:05:49,608 INFO [org.junit.Test] zero00592
2016-08-04 20:05:49,608 INFO [org.junit.Test] zero00593
2016-08-04 20:05:49,608 INFO [org.junit.Test] zero00594
2016-08-04 20:05:49,608 INFO [org.junit.Test] zero00595
2016-08-04 20:05:49,608 INFO [org.junit.Test] zero00596
2016-08-04 20:05:49,608 INFO [org.junit.Test] zero00597
2016-08-04 20:05:49,608 INFO [org.junit.Test] zero00598
2016-08-04 20:05:49,608 INFO [org.junit.Test] zero00599
2016-08-04 20:05:49,608 INFO [org.junit.Test] zero00600
2016-08-04 20:05:49,608 INFO [org.junit.Test] zero00601
2016-08-04 20:05:49,608 INFO [org.junit.Test] zero00602
2016-08-04 20:05:49,608 INFO [org.junit.Test] zero00603
2016-08-04 20:05:49,608 INFO [org.junit.Test] zero00604
2016-08-04 20:05:49,608 INFO [org.junit.Test] zero00605
2016-08-04 20:05:49,608 INFO [org.junit.Test] zero00606
2016-08-04 20:05:49,608 INFO [org.junit.Test] zero00607
2016-08-04 20:05:49,608 INFO [org.junit.Test] zero00608
2016-08-04 20:05:49,608 INFO [org.junit.Test] zero00609
2016-08-04 20:05:49,608 INFO [org.junit.Test] zero00610
2016-08-04 20:05:49,608 INFO [org.junit.Test] zero00611
2016-08-04 20:05:49,608 INFO [org.junit.Test] zero00612
2016-08-04 20:05:49,608 INFO [org.junit.Test] zero00613
2016-08-04 20:05:49,608 INFO [org.junit.Test] zero00614
2016-08-04 20:05:49,608 INFO [org.junit.Test] zero00615
2016-08-04 20:05:49,608 INFO [org.junit.Test] zero00616
2016-08-04 20:05:49,608 INFO [org.junit.Test] zero00617
2016-08-04 20:05:49,608 INFO [org.junit.Test] zero00618
2016-08-04 20:05:49,608 INFO [org.junit.Test] zero00619
2016-08-04 20:05:49,608 INFO [org.junit.Test] zero00620
2016-08-04 20:05:49,608 INFO [org.junit.Test] zero00621
2016-08-04 20:05:49,608 INFO [org.junit.Test] zero00622
2016-08-04 20:05:49,608 INFO [org.junit.Test] zero00623
2016-08-04 20:05:49,608 INFO [org.junit.Test] zero00624
2016-08-04 20:05:49,608 INFO [org.junit.Test] zero00625
2016-08-04 20:05:49,608 INFO [org.junit.Test] zero00626
2016-08-04 20:05:49,608 INFO [org.junit.Test] zero00627
2016-08-04 20:05:49,608 INFO [org.junit.Test] zero00628
2016-08-04 20:05:49,608 INFO [org.junit.Test] zero00629
2016-08-04 20:05:49,608 INFO [org.junit.Test] zero00630
2016-08-04 20:05:49,608 INFO [org.junit.Test] zero00631
2016-08-04 20:05:49,608 INFO [org.junit.Test] zero00632
2016-08-04 20:05:49,608 INFO [org.junit.Test] zero00633
2016-08-04 20:05:49,608 INFO [org.junit.Test] zero00634
2016-08-04 20:05:49,608 INFO [org.junit.Test] zero00635
2016-08-04 20:05:49,608 INFO [org.junit.Test] zero00636
2016-08-04 20:05:49,608 INFO [org.junit.Test] zero00637
2016-08-04 20:05:49,608 INFO [org.junit.Test] zero00638
2016-08-04 20:05:49,608 INFO [org.junit.Test] zero00639
2016-08-04 20:05:49,608 INFO [org.junit.Test] zero00640
2016-08-04 20:05:49,608 INFO [org.junit.Test] zero00641
2016-08-04 20:05:49,608 INFO [org.junit.Test] zero00642
2016-08-04 20:05:49,608 INFO [org.junit.Test] zero00643
2016-08-04 20:05:49,608 INFO [org.junit.Test] zero00644
2016-08-04 20:05:49,608 INFO [org.junit.Test] zero00645
2016-08-04 20:05:49,608 INFO [org.junit.Test] zero00646
2016-08-04 20:05:49,608 INFO [org.junit.Test] zero00647
2016-08-04 20:05:49,608 INFO [org.junit.Test] zero00648
2016-08-04 20:05:49,608 INFO [org.junit.Test] zero00649
2016-08-04 20:05:49,608 INFO [org.junit.Test] zero00650
2016-08-04 20:05:49,608 INFO [org.junit.Test] zero00651
2016-08-04 20:05:49,608 INFO [org.junit.Test] zero00652
2016-08-04 20:05:49,608 INFO [org.junit.Test] zero00653
2016-08-04 20:05:49,608 INFO [org.junit.Test] zero00654
2016-08-04 20:05:49,608 INFO [org.junit.Test] zero00655
2016-08-04 20:05:49,608 INFO [org.junit.Test] zero00656
2016-08-04 20:05:49,608 INFO [org.junit.Test] zero00657
2016-08-04 20:05:49,608 INFO [org.junit.Test] zero00658
2016-08-04 20:05:49,608 INFO [org.junit.Test] zero00659
2016-08-04 20:05:49,608 INFO [org.junit.Test] zero00660
2016-08-04 20:05:49,608 INFO [org.junit.Test] zero00661
2016-08-04 20:05:49,608 INFO [org.junit.Test] zero00662
2016-08-04 20:05:49,608 INFO [org.junit.Test] zero00663
2016-08-04 20:05:49,608 INFO [org.junit.Test] zero00664
2016-08-04 20:05:49,608 INFO [org.junit.Test] zero00665
2016-08-04 20:05:49,608 INFO [org.junit.Test] zero00666
2016-08-04 20:05:49,608 INFO [org.junit.Test] zero00667
2016-08-04 20:05:49,608 INFO [org.junit.Test] zero00668
2016-08-04 20:05:49,608 INFO [org.junit.Test] zero00669
2016-08-04 20:05:49,608 INFO [org.junit.Test] zero00670
2016-08-04 20:05:49,608 INFO [org.junit.Test] zero00671
2016-08-04 20:05:49,608 INFO [org.junit.Test] zero00672
2016-08-04 20:05:49,608 INFO [org.junit.Test] zero00673
2016-08-04 20:05:49,608 INFO [org.junit.Test] zero00674
2016-08-04 20:05:49,608 INFO [org.junit.Test] zero00675
2016-08-04 20:05:49,608 INFO [org.junit.Test] zero00676
2016-08-04 20:05:49,608 INFO [org.junit.Test] zero00677
2016-08-04 20:05:49,608 INFO [org.junit.Test] zero00678
2016-08-04 20:05:49,608 INFO [org.junit.Test] zero00679
2016-08-04 20:05:49,608 INFO [org.junit.Test] zero00680
2016-08-04 20:05:49,608 INFO [org.junit.Test] zero00681
2016-08-04 20:05:49,608 INFO [org.junit.Test] zero00682
2016-08-04 20:05:49,608 INFO [org.junit.Test] zero00683
2016-08-04 20:05:49,608 INFO [org.junit.Test] zero00684
2016-08-04 20:05:49,608 INFO [org.junit.Test] zero00685
2016-08-04 20:05:49,608 INFO [org.junit.Test] zero00686
2016-08-04 20:05:49,608 INFO [org.junit.Test] zero00687
2016-08-04 20:05:49,608 INFO [org.junit.Test] zero00688
2016-08-04 20:05:49,608 INFO [org.junit.Test] zero00689
2016-08-04 20:05:49,608 INFO [org.junit.Test] zero00690
2016-08-04 20:05:49,608 INFO [org.junit.Test] zero00691
2016-08-04 20:05:49,608 INFO [org.junit.Test] zero00692
2016-08-04 20:05:49,608 INFO [org.junit.Test] zero00693
2016-08-04 20:05:49,608 INFO [org.junit.Test] zero00694
2016-08-04 20:05:49,608 INFO [org.junit.Test] zero00695
2016-08-04 20:05:49,608 INFO [org.junit.Test] zero00696
2016-08-04 20:05:49,608 INFO [org.junit.Test] zero00697
2016-08-04 20:05:49,608 INFO [org.junit.Test] zero00698
2016-08-04 20:05:49,608 INFO [org.junit.Test] zero00699
2016-08-04 20:05:49,608 INFO [org.junit.Test] zero00700
2016-08-04 20:05:49,608 INFO [org.junit.Test] zero00701
2016-08-04 20:05:49,608 INFO [org.junit.Test] zero00702
2016-08-04 20:05:49,608 INFO [org.junit.Test] zero00703
2016-08-04 20:05:49,608 INFO [org.junit.Test] zero00704
2016-08-04 20:05:49,608 INFO [org.junit.Test] zero00705
2016-08-04 20:05:49,608 INFO [org.junit.Test] zero00706
2016-08-04 20:05:49,608 INFO [org.junit.Test] zero00707
2016-08-04 20:05:49,608 INFO [org.junit.Test] zero00708
2016-08-04 20:05:49,608 INFO [org.junit.Test] zero00709
2016-08-04 20:05:49,608 INFO [org.junit.Test] zero00710
2016-08-04 20:05:49,608 INFO [org.junit.Test] zero00711
2016-08-04 20:05:49,608 INFO [org.junit.Test] zero00712
2016-08-04 20:05:49,608 INFO [org.junit.Test] zero00713
2016-08-04 20:05:49,608 INFO [org.junit.Test] zero00714
2016-08-04 20:05:49,608 INFO [org.junit.Test] zero00715
2016-08-04 20:05:49,608 INFO [org.junit.Test] zero00716
2016-08-04 20:05:49,608 INFO [org.junit.Test] zero00717
2016-08-04 20:05:49,608 INFO [org.junit.Test] zero00718
2016-08-04 20:05:49,608 INFO [org.junit.Test] zero00719
2016-08-04 20:05:49,608 INFO [org.junit.Test] zero00720
2016-08-04 20:05:49,608 INFO [org.junit.Test] zero00721
2016-08-04 20:05:49,608 INFO [org.junit.Test] zero00722
2016-08-04 20:05:49,608 INFO [org.junit.Test] zero00723
2016-08-04 20:05:49,608 INFO [org.junit.Test] zero00724
2016-08-04 20:05:49,608 INFO [org.junit.Test] zero00725
2016-08-04 20:05:49,608 INFO [org.junit.Test] zero00726
2016-08-04 20:05:49,608 INFO [org.junit.Test] zero00727
2016-08-04 20:05:49,608 INFO [org.junit.Test] zero00728
2016-08-04 20:05:49,608 INFO [org.junit.Test] zero00729
2016-08-04 20:05:49,608 INFO [org.junit.Test] zero00730
2016-08-04 20:05:49,608 INFO [org.junit.Test] zero00731
2016-08-04 20:05:49,608 INFO [org.junit.Test] zero00732
2016-08-04 20:05:49,608 INFO [org.junit.Test] zero00733
2016-08-04 20:05:49,608 INFO [org.junit.Test] zero00734
2016-08-04 20:05:49,608 INFO [org.junit.Test] zero00735
2016-08-04 20:05:49,608 INFO [org.junit.Test] zero00736
2016-08-04 20:05:49,608 INFO [org.junit.Test] zero00737
2016-08-04 20:05:49,608 INFO [org.junit.Test] zero00738
2016-08-04 20:05:49,608 INFO [org.junit.Test] zero00739
2016-08-04 20:05:49,608 INFO [org.junit.Test] zero00740
2016-08-04 20:05:49,608 INFO [org.junit.Test] zero00741
2016-08-04 20:05:49,608 INFO [org.junit.Test] zero00742
2016-08-04 20:05:49,608 INFO [org.junit.Test] zero00743
2016-08-04 20:05:49,608 INFO [org.junit.Test] zero00744
2016-08-04 20:05:49,608 INFO [org.junit.Test] zero00745
2016-08-04 20:05:49,608 INFO [org.junit.Test] zero00746
2016-08-04 20:05:49,608 INFO [org.junit.Test] zero00747
2016-08-04 20:05:49,608 INFO [org.junit.Test] zero00748
2016-08-04 20:05:49,608 INFO [org.junit.Test] zero00749
2016-08-04 20:05:49,608 INFO [org.junit.Test] zero00750
2016-08-04 20:05:49,608 INFO [org.junit.Test] zero00751
2016-08-04 20:05:49,608 INFO [org.junit.Test] zero00752
2016-08-04 20:05:49,608 INFO [org.junit.Test] zero00753
2016-08-04 20:05:49,608 INFO [org.junit.Test] zero00754
2016-08-04 20:05:49,608 INFO [org.junit.Test] zero00755
2016-08-04 20:05:49,608 INFO [org.junit.Test] zero00756
2016-08-04 20:05:49,608 INFO [org.junit.Test] zero00757
2016-08-04 20:05:49,608 INFO [org.junit.Test] zero00758
2016-08-04 20:05:49,608 INFO [org.junit.Test] zero00759
2016-08-04 20:05:49,608 INFO [org.junit.Test] zero00760
2016-08-04 20:05:49,608 INFO [org.junit.Test] zero00761
2016-08-04 20:05:49,608 INFO [org.junit.Test] zero00762
2016-08-04 20:05:49,608 INFO [org.junit.Test] zero00763
2016-08-04 20:05:49,608 INFO [org.junit.Test] zero00764
2016-08-04 20:05:49,608 INFO [org.junit.Test] zero00765
2016-08-04 20:05:49,608 INFO [org.junit.Test] zero00766
2016-08-04 20:05:49,608 INFO [org.junit.Test] zero00767
2016-08-04 20:05:49,608 INFO [org.junit.Test] zero00768
2016-08-04 20:05:49,608 INFO [org.junit.Test] zero00769
2016-08-04 20:05:49,608 INFO [org.junit.Test] zero00770
2016-08-04 20:05:49,608 INFO [org.junit.Test] zero00771
2016-08-04 20:05:49,608 INFO [org.junit.Test] zero00772
2016-08-04 20:05:49,608 INFO [org.junit.Test] zero00773
2016-08-04 20:05:49,608 INFO [org.junit.Test] zero00774
2016-08-04 20:05:49,608 INFO [org.junit.Test] zero00775
2016-08-04 20:05:49,608 INFO [org.junit.Test] zero00776
2016-08-04 20:05:49,608 INFO [org.junit.Test] zero00777
2016-08-04 20:05:49,608 INFO [org.junit.Test] zero00778
2016-08-04 20:05:49,608 INFO [org.junit.Test] zero00779
2016-08-04 20:05:49,608 INFO [org.junit.Test] zero00780
2016-08-04 20:05:49,608 INFO [org.junit.Test] zero00781
2016-08-04 20:05:49,608 INFO [org.junit.Test] zero00782
2016-08-04 20:05:49,608 INFO [org.junit.Test] zero00783
2016-08-04 20:05:49,608 INFO [org.junit.Test] zero00784
2016-08-04 20:05:49,608 INFO [org.junit.Test] zero00785
2016-08-04 20:05:49,608 INFO [org.junit.Test] zero00786
2016-08-04 20:05:49,608 INFO [org.junit.Test] zero00787
2016-08-04 20:05:49,608 INFO [org.junit.Test] zero00788
2016-08-04 20:05:49,608 INFO [org.junit.Test] zero00789
2016-08-04 20:05:49,608 INFO [org.junit.Test] zero00790
2016-08-04 20:05:49,608 INFO [org.junit.Test] zero00791
2016-08-04 20:05:49,608 INFO [org.junit.Test] zero00792
2016-08-04 20:05:49,608 INFO [org.junit.Test] zero00793
2016-08-04 20:05:49,608 INFO [org.junit.Test] zero00794
2016-08-04 20:05:49,608 INFO [org.junit.Test] zero00795
2016-08-04 20:05:49,608 INFO [org.junit.Test] zero00796
2016-08-04 20:05:49,608 INFO [org.junit.Test] zero00797
2016-08-04 20:05:49,608 INFO [org.junit.Test] zero00798
2016-08-04 20:05:49,608 INFO [org.junit.Test] zero00799
2016-08-04 20:05:49,608 INFO [org.junit.Test] zero00800
2016-08-04 20:05:49,608 INFO [org.junit.Test] zero00801
2016-08-04 20:05:49,608 INFO [org.junit.Test] zero00802
2016-08-04 20:05:49,608 INFO [org.junit.Test] zero00803
2016-08-04 20:05:49,608 INFO [org.junit.Test] zero00804
2016-08-04 20:05:49,608 INFO [org.junit.Test] zero00805
2016-08-04 20:05:49,608 INFO [org.junit.Test] zero00806
2016-08-04 20:05:49,608 INFO [org.junit.Test] zero00807
2016-08-04 20:05:49,608 INFO [org.junit.Test] zero00808
2016-08-04 20:05:49,608 INFO [org.junit.Test] zero00809
2016-08-04 20:05:49,608 INFO [org.junit.Test] zero00810
2016-08-04 20:05:49,608 INFO [org.junit.Test] zero00811
2016-08-04 20:05:49,608 INFO [org.junit.Test] zero00812
2016-08-04 20:05:49,608 INFO [org.junit.Test] zero00813
2016-08-04 20:05:49,608 INFO [org.junit.Test] zero00814
2016-08-04 20:05:49,608 INFO [org.junit.Test] zero00815
2016-08-04 20:05:49,608 INFO [org.junit.Test] zero00816
2016-08-04 20:05:49,608 INFO [org.junit.Test] zero00817
2016-08-04 20:05:49,608 INFO [org.junit.Test] zero00818
2016-08-04 20:05:49,608 INFO [org.junit.Test] zero00819
2016-08-04 20:05:49,608 INFO [org.junit.Test] zero00820
2016-08-04 20:05:49,608 INFO [org.junit.Test] zero00821
2016-08-04 20:05:49,608 INFO [org.junit.Test] zero00822
2016-08-04 20:05:49,608 INFO [org.junit.Test] zero00823
2016-08-04 20:05:49,608 INFO [org.junit.Test] zero00824
2016-08-04 20:05:49,608 INFO [org.junit.Test] zero00825
2016-08-04 20:05:49,608 INFO [org.junit.Test] zero00826
2016-08-04 20:05:49,608 INFO [org.junit.Test] zero00827
2016-08-04 20:05:49,608 INFO [org.junit.Test] zero00828
2016-08-04 20:05:49,608 INFO [org.junit.Test] zero00829
2016-08-04 20:05:49,608 INFO [org.junit.Test] zero00830
2016-08-04 20:05:49,608 INFO [org.junit.Test] zero00831
2016-08-04 20:05:49,608 INFO [org.junit.Test] zero00832
2016-08-04 20:05:49,608 INFO [org.junit.Test] zero00833
2016-08-04 20:05:49,608 INFO [org.junit.Test] zero00834
2016-08-04 20:05:49,608 INFO [org.junit.Test] zero00835
2016-08-04 20:05:49,608 INFO [org.junit.Test] zero00836
2016-08-04 20:05:49,608 INFO [org.junit.Test] zero00837
2016-08-04 20:05:49,608 INFO [org.junit.Test] zero00838
2016-08-04 20:05:49,608 INFO [org.junit.Test] zero00839
2016-08-04 20:05:49,608 INFO [org.junit.Test] zero00840
2016-08-04 20:05:49,608 INFO [org.junit.Test] zero00841
2016-08-04 20:05:49,608 INFO [org.junit.Test] zero00842
2016-08-04 20:05:49,608 INFO [org.junit.Test] zero00843
2016-08-04 20:05:49,608 INFO [org.junit.Test] zero00844
2016-08-04 20:05:49,608 INFO [org.junit.Test] zero00845
2016-08-04 20:05:49,608 INFO [org.junit.Test] zero00846
2016-08-04 20:05:49,608 INFO [org.junit.Test] zero00847
2016-08-04 20:05:49,608 INFO [org.junit.Test] zero00848
2016-08-04 20:05:49,608 INFO [org.junit.Test] zero00849
2016-08-04 20:05:49,608 INFO [org.junit.Test] zero00850
2016-08-04 20:05:49,608 INFO [org.junit.Test] zero00851
2016-08-04 20:05:49,608 INFO [org.junit.Test] zero00852
2016-08-04 20:05:49,608 INFO [org.junit.Test] zero00853
2016-08-04 20:05:49,608 INFO [org.junit.Test] zero00854
2016-08-04 20:05:49,608 INFO [org.junit.Test] zero00855
2016-08-04 20:05:49,608 INFO [org.junit.Test] zero00856
2016-08-04 20:05:49,608 INFO [org.junit.Test] zero00857
2016-08-04 20:05:49,608 INFO [org.junit.Test] zero00858
2016-08-04 20:05:49,608 INFO [org.junit.Test] zero00859
2016-08-04 20:05:49,608 INFO [org.junit.Test] zero00860
2016-08-04 20:05:49,608 INFO [org.junit.Test] zero00861
2016-08-04 20:05:49,608 INFO [org.junit.Test] zero00862
2016-08-04 20:05:49,608 INFO [org.junit.Test] zero00863
2016-08-04 20:05:49,608 INFO [org.junit.Test] zero00864
2016-08-04 20:05:49,608 INFO [org.junit.Test] zero00865
2016-08-04 20:05:49,608 INFO [org.junit.Test] zero00866
2016-08-04 20:05:49,608 INFO [org.junit.Test] zero00867
2016-08-04 20:05:49,608 INFO [org.junit.Test] zero00868
2016-08-04 20:05:49,608 INFO [org.junit.Test] zero00869
2016-08-04 20:05:49,608 INFO [org.junit.Test] zero00870
2016-08-04 20:05:49,608 INFO [org.junit.Test] zero00871
2016-08-04 20:05:49,608 INFO [org.junit.Test] zero00872
2016-08-04 20:05:49,608 INFO [org.junit.Test] zero00873
2016-08-04 20:05:49,608 INFO [org.junit.Test] zero00874
2016-08-04 20:05:49,608 INFO [org.junit.Test] zero00875
2016-08-04 20:05:49,608 INFO [org.junit.Test] zero00876
2016-08-04 20:05:49,608 INFO [org.junit.Test] zero00877
2016-08-04 20:05:49,608 INFO [org.junit.Test] zero00878
2016-08-04 20:05:49,608 INFO [org.junit.Test] zero00879
2016-08-04 20:05:49,608 INFO [org.junit.Test] zero00880
2016-08-04 20:05:49,608 INFO [org.junit.Test] zero00881
2016-08-04 20:05:49,608 INFO [org.junit.Test] zero00882
2016-08-04 20:05:49,608 INFO [org.junit.Test] zero00883
2016-08-04 20:05:49,608 INFO [org.junit.Test] zero00884
2016-08-04 20:05:49,608 INFO [org.junit.Test] zero00885
2016-08-04 20:05:49,608 INFO [org.junit.Test] zero00886
2016-08-04 20:05:49,608 INFO [org.junit.Test] zero00887
2016-08-04 20:05:49,608 INFO [org.junit.Test] zero00888
2016-08-04 20:05:49,608 INFO [org.junit.Test] zero00889
2016-08-04 20:05:49,608 INFO [org.junit.Test] zero00890
2016-08-04 20:05:49,608 INFO [org.junit.Test] zero00891
2016-08-04 20:05:49,608 INFO [org.junit.Test] zero00892
2016-08-04 20:05:49,608 INFO [org.junit.Test] zero00893
2016-08-04 20:05:49,608 INFO [org.junit.Test] zero00894
2016-08-04 20:05:49,608 INFO [org.junit.Test] zero00895
2016-08-04 20:05:49,608 INFO [org.junit.Test] zero00896
2016-08-04 20:05:49,608 INFO [org.junit.Test] zero00897
2016-08-04 20:05:49,608 INFO [org.junit.Test] zero00898
2016-08-04 20:05:49,608 INFO [org.junit.Test] zero00899
2016-08-04 20:05:49,608 INFO [org.junit.Test] zero00900
2016-08-04 20:05:49,608 INFO [org.junit.Test] zero00901
2016-08-04 20:05:49,608 INFO [org.junit.Test] zero00902
2016-08-04 20:05:49,608 INFO [org.junit.Test] zero00903
2016-08-04 20:05:49,608 INFO [org.junit.Test] zero00904
2016-08-04 20:05:49,608 INFO [org.junit.Test] zero00905
2016-08-04 20:05:49,608 INFO [org.junit.Test] zero00906
2016-08-04 20:05:49,608 INFO [org.junit.Test] zero00907
2016-08-04 20:05:49,608 INFO [org.junit.Test] zero00908
2016-08-04 20:05:49,608 INFO [org.junit.Test] zero00909
2016-08-04 20:05:49,608 INFO [org.junit.Test] zero00910
2016-08-04 20:05:49,608 INFO [org.junit.Test] zero00911
2016-08-04 20:05:49,608 INFO [org.junit.Test] zero00912
2016-08-04 20:05:49,608 INFO [org.junit.Test] zero00913
2016-08-04 20:05:49,608 INFO [org.junit.Test] zero00914
2016-08-04 20:05:49,608 INFO [org.junit.Test] zero00915
2016-08-04 20:05:49,608 INFO [org.junit.Test] zero00916
2016-08-04 20:05:49,608 INFO [org.junit.Test] zero00917
2016-08-04 20:05:49,608 INFO [org.junit.Test] zero00918
2016-08-04 20:05:49,608 INFO [org.junit.Test] zero00919
2016-08-04 20:05:49,608 INFO [org.junit.Test] zero00920
2016-08-04 20:05:49,608 INFO [org.junit.Test] zero00921
2016-08-04 20:05:49,608 INFO [org.junit.Test] zero00922
2016-08-04 20:05:49,608 INFO [org.junit.Test] zero00923
2016-08-04 20:05:49,608 INFO [org.junit.Test] zero00924
2016-08-04 20:05:49,608 INFO [org.junit.Test] zero00925
2016-08-04 20:05:49,608 INFO [org.junit.Test] zero00926
2016-08-04 20:05:49,608 INFO [org.junit.Test] zero00927
2016-08-04 20:05:49,608 INFO [org.junit.Test] zero00928
2016-08-04 20:05:49,608 INFO [org.junit.Test] zero00929
2016-08-04 20:05:49,608 INFO [org.junit.Test] zero00930
2016-08-04 20:05:49,608 INFO [org.junit.Test] zero00931
2016-08-04 20:05:49,608 INFO [org.junit.Test] zero00932
2016-08-04 20:05:49,608 INFO [org.junit.Test] zero00933
2016-08-04 20:05:49,608 INFO [org.junit.Test] zero00934
2016-08-04 20:05:49,608 INFO [org.junit.Test] zero00935
2016-08-04 20:05:49,608 INFO [org.junit.Test] zero00936
2016-08-04 20:05:49,608 INFO [org.junit.Test] zero00937
2016-08-04 20:05:49,608 INFO [org.junit.Test] zero00938
2016-08-04 20:05:49,608 INFO [org.junit.Test] zero00939
2016-08-04 20:05:49,608 INFO [org.junit.Test] zero00940
2016-08-04 20:05:49,608 INFO [org.junit.Test] zero00941
2016-08-04 20:05:49,608 INFO [org.junit.Test] zero00942
2016-08-04 20:05:49,608 INFO [org.junit.Test] zero00943
2016-08-04 20:05:49,608 INFO [org.junit.Test] zero00944
2016-08-04 20:05:49,608 INFO [org.junit.Test] zero00945
2016-08-04 20:05:49,608 INFO [org.junit.Test] zero00946
2016-08-04 20:05:49,608 INFO [org.junit.Test] zero00947
2016-08-04 20:05:49,608 INFO [org.junit.Test] zero00948
2016-08-04 20:05:49,608 INFO [org.junit.Test] zero00949
2016-08-04 20:05:49,608 INFO [org.junit.Test] zero00950
2016-08-04 20:05:49,608 INFO [org.junit.Test] zero00951
2016-08-04 20:05:49,608 INFO [org.junit.Test] zero00952
2016-08-04 20:05:49,608 INFO [org.junit.Test] zero00953
2016-08-04 20:05:49,608 INFO [org.junit.Test] zero00954
2016-08-04 20:05:49,608 INFO [org.junit.Test] zero00955
2016-08-04 20:05:49,608 INFO [org.junit.Test] zero00956
2016-08-04 20:05:49,608 INFO [org.junit.Test] zero00957
2016-08-04 20:05:49,608 INFO [org.junit.Test] zero00958
2016-08-04 20:05:49,608 INFO [org.junit.Test] zero00959
2016-08-04 20:05:49,608 INFO [org.junit.Test] zero00960
2016-08-04 20:05:49,608 INFO [org.junit.Test] zero00961
2016-08-04 20:05:49,608 INFO [org.junit.Test] zero00962
2016-08-04 20:05:49,608 INFO [org.junit.Test] zero00963
2016-08-04 20:05:49,608 INFO [org.junit.Test] zero00964
2016-08-04 20:05:49,608 INFO [org.junit.Test] zero00965
2016-08-04 20:05:49,608 INFO [org.junit.Test] zero00966
2016-08-04 20:05:49,608 INFO [org.junit.Test] zero00967
2016-08-04 20:05:49,608 INFO [org.junit.Test] zero00968
2016-08-04 20:05:49,608 INFO [org.junit.Test] zero00969
2016-08-04 20:05:49,608 INFO [org.junit.Test] zero00970
2016-08-04 20:05:49,608 INFO [org.junit.Test] zero00971
2016-08-04 20:05:49,608 INFO [org.junit.Test] zero00972
2016-08-04 20:05:49,608 INFO [org.junit.Test] zero00973
2016-08-04 20:05:49,608 INFO [org.junit.Test] zero00974
2016-08-04 20:05:49,608 INFO [org.junit.Test] zero00975
2016-08-04 20:05:49,608 INFO [org.junit.Test] zero00976
2016-08-04 20:05:49,608 INFO [org.junit.Test] zero00977
2016-08-04 20:05:49,608 INFO [org.junit.Test] zero00978
2016-08-04 20:05:49,608 INFO [org.junit.Test] zero00979
2016-08-04 20:05:49,608 INFO [org.junit.Test] zero00980
2016-08-04 20:05:49,608 INFO [org.junit.Test] zero00981
2016-08-04 20:05:49,608 INFO [org.junit.Test] zero00982
2016-08-04 20:05:49,608 INFO [org.junit.Test] zero00983
2016-08-04 20:05:49,608 INFO [org.junit.Test] zero00984
2016-08-04 20:05:49,608 INFO [org.junit.Test] zero00985
2016-08-04 20:05:49,608 INFO [org.junit.Test] zero00986
2016-08-04 20:05:49,608 INFO [org.junit.Test] zero00987
2016-08-04 20:05:49,608 INFO [org.junit.Test] zero00988
2016-08-04 20:05:49,608 INFO [org.junit.Test] zero00989
2016-08-04 20:05:49,608 INFO [org.junit.Test] zero00990
2016-08-04 20:05:49,608 INFO [org.junit.Test] zero00991
2016-08-04 20:05:49,608 INFO [org.junit.Test] zero00992
2016-08-04 20:05:49,608 INFO [org.junit.Test] zero00993
2016-08-04 20:05:49,608 INFO [org.junit.Test] zero00994
2016-08-04 20:05:49,608 INFO [org.junit.Test] zero00995
2016-08-04 20:05:49,608 INFO [org.junit.Test] zero00996
2016-08-04 20:05:49,608 INFO [org.junit.Test] zero00997
2016-08-04 20:05:49,608 INFO [org.junit.Test] zero00998
2016-08-04 20:05:49,608 INFO [org.junit.Test] zero00999
2016-08-04 20:05:52,608 INFO [org.junit.Test] zero000
2016-08-04 20:05:52,608 INFO [org.junit.Test] zero001
2016-08-04 20:05:52,608 INFO [org.junit.Test] zero002
2016-08-04 20:05:52,608 INFO [org.junit.Test] zero003
2016-08-04 20:05:52,608 INFO [org.junit.Test] zero004
2016-08-04 20:05:52,608 INFO [org.junit.Test] zero005
2016-08-04 20:05:52,608 INFO [org.junit.Test] zero006
2016-08-04 20:05:52,608 INFO [org.junit.Test] zero007
2016-08-04 20:05:52,608 INFO [org.junit.Test] zero008
2016-08-04 20:05:52,608 INFO [org.junit.Test] zero009
2016-08-04 20:05:52,608 INFO [org.junit.Test] zero0010
2016-08-04 20:05:52,608 INFO [org.junit.Test] zero0011
2016-08-04 20:05:52,608 INFO [org.junit.Test] zero0012
2016-08-04 20:05:52,608 INFO [org.junit.Test] zero0013
2016-08-04 20:05:52,608 INFO [org.junit.Test] zero0014
2016-08-04 20:05:52,608 INFO [org.junit.Test] zero0015
2016-08-04 20:05:52,608 INFO [org.junit.Test] zero0016
2016-08-04 20:05:52,608 INFO [org.junit.Test] zero0017
2016-08-04 20:05:52,608 INFO [org.junit.Test] zero0018
2016-08-04 20:05:52,608 INFO [org.junit.Test] zero0019
2016-08-04 20:05:52,608 INFO [org.junit.Test] zero0020
2016-08-04 20:05:52,608 INFO [org.junit.Test] zero0021
2016-08-04 20:05:52,608 INFO [org.junit.Test] zero0022
2016-08-04 20:05:52,608 INFO [org.junit.Test] zero0023
2016-08-04 20:05:52,608 INFO [org.junit.Test] zero0024
2016-08-04 20:05:52,608 INFO [org.junit.Test] zero0025
2016-08-04 20:05:52,608 INFO [org.junit.Test] zero0026
2016-08-04 20:05:52,608 INFO [org.junit.Test] zero0027
2016-08-04 20:05:52,608 INFO [org.junit.Test] zero0028
2016-08-04 20:05:52,608 INFO [org.junit.Test] zero0029
2016-08-04 20:05:52,608 INFO [org.junit.Test] zero0030
2016-08-04 20:05:52,608 INFO [org.junit.Test] zero0031
2016-08-04 20:05:52,608 INFO [org.junit.Test] zero0032
2016-08-04 20:05:52,608 INFO [org.junit.Test] zero0033
2016-08-04 20:05:52,608 INFO [org.junit.Test] zero0034
2016-08-04 20:05:52,608 INFO [org.junit.Test] zero0035
2016-08-04 20:05:52,608 INFO [org.junit.Test] zero0036
2016-08-04 20:05:52,608 INFO [org.junit.Test] zero0037
2016-08-04 20:05:52,608 INFO [org.junit.Test] zero0038
2016-08-04 20:05:52,608 INFO [org.junit.Test] zero0039
2016-08-04 20:05:52,608 INFO [org.junit.Test] zero0040
2016-08-04 20:05:52,608 INFO [org.junit.Test] zero0041
2016-08-04 20:05:52,608 INFO [org.junit.Test] zero0042
2016-08-04 20:05:52,608 INFO [org.junit.Test] zero0043
2016-08-04 20:05:52,608 INFO [org.junit.Test] zero0044
2016-08-04 20:05:52,608 INFO [org.junit.Test] zero0045
2016-08-04 20:05:52,608 INFO [org.junit.Test] zero0046
2016-08-04 20:05:52,608 INFO [org.junit.Test] zero0047
2016-08-04 20:05:52,608 INFO [org.junit.Test] zero0048
2016-08-04 20:05:52,608 INFO [org.junit.Test] zero0049
2016-08-04 20:05:52,608 INFO [org.junit.Test] zero0050
2016-08-04 20:05:52,608 INFO [org.junit.Test] zero0051
2016-08-04 20:05:52,608 INFO [org.junit.Test] zero0052
2016-08-04 20:05:52,608 INFO [org.junit.Test] zero0053
2016-08-04 20:05:52,608 INFO [org.junit.Test] zero0054
2016-08-04 20:05:52,608 INFO [org.junit.Test] zero0055
2016-08-04 20:05:52,608 INFO [org.junit.Test] zero0056
2016-08-04 20:05:52,608 INFO [org.junit.Test] zero0057
2016-08-04 20:05:52,608 INFO [org.junit.Test] zero0058
2016-08-04 20:05:52,608 INFO [org.junit.Test] zero0059
2016-08-04 20:05:52,608 INFO [org.junit.Test] zero0060
2016-08-04 20:05:52,608 INFO [org.junit.Test] zero0061
2016-08-04 20:05:52,608 INFO [org.junit.Test] zero0062
2016-08-04 20:05:52,608 INFO [org.junit.Test] zero0063
2016-08-04 20:05:52,608 INFO [org.junit.Test] zero0064
2016-08-04 20:05:52,608 INFO [org.junit.Test] zero0065
2016-08-04 20:05:52,608 INFO [org.junit.Test] zero0066
2016-08-04 20:05:52,608 INFO [org.junit.Test] zero0067
2016-08-04 20:05:52,608 INFO [org.junit.Test] zero0068
2016-08-04 20:05:52,608 INFO [org.junit.Test] zero0069
2016-08-04 20:05:52,608 INFO [org.junit.Test] zero0070
2016-08-04 20:05:52,608 INFO [org.junit.Test] zero0071
2016-08-04 20:05:52,608 INFO [org.junit.Test] zero0072
2016-08-04 20:05:52,608 INFO [org.junit.Test] zero0073
2016-08-04 20:05:52,608 INFO [org.junit.Test] zero0074
2016-08-04 20:05:52,608 INFO [org.junit.Test] zero0075
2016-08-04 20:05:52,608 INFO [org.junit.Test] zero0076
2016-08-04 20:05:52,608 INFO [org.junit.Test] zero0077
2016-08-04 20:05:52,608 INFO [org.junit.Test] zero0078
2016-08-04 20:05:52,608 INFO [org.junit.Test] zero0079
2016-08-04 20:05:52,608 INFO [org.junit.Test] zero0080
2016-08-04 20:05:52,608 INFO [org.junit.Test] zero0081
2016-08-04 20:05:52,608 INFO [org.junit.Test] zero0082
2016-08-04 20:05:52,608 INFO [org.junit.Test] zero0083
2016-08-04 20:05:52,608 INFO [org.junit.Test] zero0084
2016-08-04 20:05:52,608 INFO [org.junit.Test] zero0085
2016-08-04 20:05:52,608 INFO [org.junit.Test] zero0086
2016-08-04 20:05:52,608 INFO [org.junit.Test] zero0087
2016-08-04 20:05:52,608 INFO [org.junit.Test] zero0088
2016-08-04 20:05:52,608 INFO [org.junit.Test] zero0089
2016-08-04 20:05:52,608 INFO [org.junit.Test] zero0090
2016-08-04 20:05:52,608 INFO [org.junit.Test] zero0091
2016-08-04 20:05:52,608 INFO [org.junit.Test] zero0092
2016-08-04 20:05:52,608 INFO [org.junit.Test] zero0093
2016-08-04 20:05:52,608 INFO [org.junit.Test] zero0094
2016-08-04 20:05:52,608 INFO [org.junit.Test] zero0095
2016-08-04 20:05:52,608 INFO [org.junit.Test] zero0096
2016-08-04 20:05:52,608 INFO [org.junit.Test] zero0097
2016-08-04 20:05:52,608 INFO [org.junit.Test] zero0098
2016-08-04 20:05:52,608 INFO [org.junit.Test] zero0099
2016-08-04 20:05:52,608 INFO [org.junit.Test] zero00100
2016-08-04 20:05:52,608 INFO [org.junit.Test] zero00101
2016-08-04 20:05:52,608 INFO [org.junit.Test] zero00102
2016-08-04 20:05:52,608 INFO [org.junit.Test] zero00103
2016-08-04 20:05:52,608 INFO [org.junit.Test] zero00104
2016-08-04 20:05:52,608 INFO [org.junit.Test] zero00105
2016-08-04 20:05:52,608 INFO [org.junit.Test] zero00106
2016-08-04 20:05:52,608 INFO [org.junit.Test] zero00107
2016-08-04 20:05:52,608 INFO [org.junit.Test] zero00108
2016-08-04 20:05:52,608 INFO [org.junit.Test] zero00109
2016-08-04 20:05:52,608 INFO [org.junit.Test] zero00110
2016-08-04 20:05:52,608 INFO [org.junit.Test] zero00111
2016-08-04 20:05:52,608 INFO [org.junit.Test] zero00112
2016-08-04 20:05:52,608 INFO [org.junit.Test] zero00113
2016-08-04 20:05:52,608 INFO [org.junit.Test] zero00114
2016-08-04 20:05:52,608 INFO [org.junit.Test] zero00115
2016-08-04 20:05:52,608 INFO [org.junit.Test] zero00116
2016-08-04 20:05:52,608 INFO [org.junit.Test] zero00117
2016-08-04 20:05:52,608 INFO [org.junit.Test] zero00118
2016-08-04 20:05:52,608 INFO [org.junit.Test] zero00119
2016-08-04 20:05:52,608 INFO [org.junit.Test] zero00120
2016-08-04 20:05:52,608 INFO [org.junit.Test] zero00121
2016-08-04 20:05:52,608 INFO [org.junit.Test] zero00122
2016-08-04 20:05:52,608 INFO [org.junit.Test] zero00123
2016-08-04 20:05:52,608 INFO [org.junit.Test] zero00124
2016-08-04 20:05:52,608 INFO [org.junit.Test] zero00125
2016-08-04 20:05:52,608 INFO [org.junit.Test] zero00126
2016-08-04 20:05:52,608 INFO [org.junit.Test] zero00127
2016-08-04 20:05:52,608 INFO [org.junit.Test] zero00128
2016-08-04 20:05:52,608 INFO [org.junit.Test] zero00129
2016-08-04 20:05:52,608 INFO [org.junit.Test] zero00130
2016-08-04 20:05:52,608 INFO [org.junit.Test] zero00131
2016-08-04 20:05:52,608 INFO [org.junit.Test] zero00132
2016-08-04 20:05:52,608 INFO [org.junit.Test] zero00133
2016-08-04 20:05:52,608 INFO [org.junit.Test] zero00134
2016-08-04 20:05:52,608 INFO [org.junit.Test] zero00135
2016-08-04 20:05:52,608 INFO [org.junit.Test] zero00136
2016-08-04 20:05:52,608 INFO [org.junit.Test] zero00137
2016-08-04 20:05:52,608 INFO [org.junit.Test] zero00138
2016-08-04 20:05:52,608 INFO [org.junit.Test] zero00139
2016-08-04 20:05:52,608 INFO [org.junit.Test] zero00140
2016-08-04 20:05:52,608 INFO [org.junit.Test] zero00141
2016-08-04 20:05:52,608 INFO [org.junit.Test] zero00142
2016-08-04 20:05:52,608 INFO [org.junit.Test] zero00143
2016-08-04 20:05:52,608 INFO [org.junit.Test] zero00144
2016-08-04 20:05:52,608 INFO [org.junit.Test] zero00145
2016-08-04 20:05:52,608 INFO [org.junit.Test] zero00146
2016-08-04 20:05:52,608 INFO [org.junit.Test] zero00147
2016-08-04 20:05:52,608 INFO [org.junit.Test] zero00148
2016-08-04 20:05:52,608 INFO [org.junit.Test] zero00149
2016-08-04 20:05:52,608 INFO [org.junit.Test] zero00150
2016-08-04 20:05:52,608 INFO [org.junit.Test] zero00151
2016-08-04 20:05:52,608 INFO [org.junit.Test] zero00152
2016-08-04 20:05:52,608 INFO [org.junit.Test] zero00153
2016-08-04 20:05:52,608 INFO [org.junit.Test] zero00154
2016-08-04 20:05:52,608 INFO [org.junit.Test] zero00155
2016-08-04 20:05:52,608 INFO [org.junit.Test] zero00156
2016-08-04 20:05:52,608 INFO [org.junit.Test] zero00157
2016-08-04 20:05:52,608 INFO [org.junit.Test] zero00158
2016-08-04 20:05:52,608 INFO [org.junit.Test] zero00159
2016-08-04 20:05:52,608 INFO [org.junit.Test] zero00160
2016-08-04 20:05:52,608 INFO [org.junit.Test] zero00161
2016-08-04 20:05:52,608 INFO [org.junit.Test] zero00162
2016-08-04 20:05:52,608 INFO [org.junit.Test] zero00163
2016-08-04 20:05:52,608 INFO [org.junit.Test] zero00164
2016-08-04 20:05:52,608 INFO [org.junit.Test] zero00165
2016-08-04 20:05:52,608 INFO [org.junit.Test] zero00166
2016-08-04 20:05:52,608 INFO [org.junit.Test] zero00167
2016-08-04 20:05:52,608 INFO [org.junit.Test] zero00168
2016-08-04 20:05:52,608 INFO [org.junit.Test] zero00169
2016-08-04 20:05:52,608 INFO [org.junit.Test] zero00170
2016-08-04 20:05:52,608 INFO [org.junit.Test] zero00171
2016-08-04 20:05:52,608 INFO [org.junit.Test] zero00172
2016-08-04 20:05:52,608 INFO [org.junit.Test] zero00173
2016-08-04 20:05:52,608 INFO [org.junit.Test] zero00174
2016-08-04 20:05:52,608 INFO [org.junit.Test] zero00175
2016-08-04 20:05:52,608 INFO [org.junit.Test] zero00176
2016-08-04 20:05:52,608 INFO [org.junit.Test] zero00177
2016-08-04 20:05:52,608 INFO [org.junit.Test] zero00178
2016-08-04 20:05:52,608 INFO [org.junit.Test] zero00179
2016-08-04 20:05:52,608 INFO [org.junit.Test] zero00180
2016-08-04 20:05:52,608 INFO [org.junit.Test] zero00181
2016-08-04 20:05:52,608 INFO [org.junit.Test] zero00182
2016-08-04 20:05:52,608 INFO [org.junit.Test] zero00183
2016-08-04 20:05:52,608 INFO [org.junit.Test] zero00184
2016-08-04 20:05:52,608 INFO [org.junit.Test] zero00185
2016-08-04 20:05:52,608 INFO [org.junit.Test] zero00186
2016-08-04 20:05:52,608 INFO [org.junit.Test] zero00187
2016-08-04 20:05:52,608 INFO [org.junit.Test] zero00188
2016-08-04 20:05:52,608 INFO [org.junit.Test] zero00189
2016-08-04 20:05:52,608 INFO [org.junit.Test] zero00190
2016-08-04 20:05:52,608 INFO [org.junit.Test] zero00191
2016-08-04 20:05:52,608 INFO [org.junit.Test] zero00192
2016-08-04 20:05:52,608 INFO [org.junit.Test] zero00193
2016-08-04 20:05:52,608 INFO [org.junit.Test] zero00194
2016-08-04 20:05:52,608 INFO [org.junit.Test] zero00195
2016-08-04 20:05:52,608 INFO [org.junit.Test] zero00196
2016-08-04 20:05:52,608 INFO [org.junit.Test] zero00197
2016-08-04 20:05:52,608 INFO [org.junit.Test] zero00198
2016-08-04 20:05:52,608 INFO [org.junit.Test] zero00199
2016-08-04 20:05:52,608 INFO [org.junit.Test] zero00200
2016-08-04 20:05:52,608 INFO [org.junit.Test] zero00201
2016-08-04 20:05:52,608 INFO [org.junit.Test] zero00202
2016-08-04 20:05:52,608 INFO [org.junit.Test] zero00203
2016-08-04 20:05:52,608 INFO [org.junit.Test] zero00204
2016-08-04 20:05:52,608 INFO [org.junit.Test] zero00205
2016-08-04 20:05:52,608 INFO [org.junit.Test] zero00206
2016-08-04 20:05:52,608 INFO [org.junit.Test] zero00207
2016-08-04 20:05:52,608 INFO [org.junit.Test] zero00208
2016-08-04 20:05:52,608 INFO [org.junit.Test] zero00209
2016-08-04 20:05:52,608 INFO [org.junit.Test] zero00210
2016-08-04 20:05:52,608 INFO [org.junit.Test] zero00211
2016-08-04 20:05:52,608 INFO [org.junit.Test] zero00212
2016-08-04 20:05:52,608 INFO [org.junit.Test] zero00213
2016-08-04 20:05:52,608 INFO [org.junit.Test] zero00214
2016-08-04 20:05:52,608 INFO [org.junit.Test] zero00215
2016-08-04 20:05:52,608 INFO [org.junit.Test] zero00216
2016-08-04 20:05:52,608 INFO [org.junit.Test] zero00217
2016-08-04 20:05:52,608 INFO [org.junit.Test] zero00218
2016-08-04 20:05:52,608 INFO [org.junit.Test] zero00219
2016-08-04 20:05:52,608 INFO [org.junit.Test] zero00220
2016-08-04 20:05:52,608 INFO [org.junit.Test] zero00221
2016-08-04 20:05:52,608 INFO [org.junit.Test] zero00222
2016-08-04 20:05:52,608 INFO [org.junit.Test] zero00223
2016-08-04 20:05:52,608 INFO [org.junit.Test] zero00224
2016-08-04 20:05:52,608 INFO [org.junit.Test] zero00225
2016-08-04 20:05:52,608 INFO [org.junit.Test] zero00226
2016-08-04 20:05:52,608 INFO [org.junit.Test] zero00227
2016-08-04 20:05:52,608 INFO [org.junit.Test] zero00228
2016-08-04 20:05:52,608 INFO [org.junit.Test] zero00229
2016-08-04 20:05:52,608 INFO [org.junit.Test] zero00230
2016-08-04 20:05:52,608 INFO [org.junit.Test] zero00231
2016-08-04 20:05:52,608 INFO [org.junit.Test] zero00232
2016-08-04 20:05:52,608 INFO [org.junit.Test] zero00233
2016-08-04 20:05:52,608 INFO [org.junit.Test] zero00234
2016-08-04 20:05:52,608 INFO [org.junit.Test] zero00235
2016-08-04 20:05:52,608 INFO [org.junit.Test] zero00236
2016-08-04 20:05:52,608 INFO [org.junit.Test] zero00237
2016-08-04 20:05:52,608 INFO [org.junit.Test] zero00238
2016-08-04 20:05:52,608 INFO [org.junit.Test] zero00239
2016-08-04 20:05:52,608 INFO [org.junit.Test] zero00240
2016-08-04 20:05:52,608 INFO [org.junit.Test] zero00241
2016-08-04 20:05:52,608 INFO [org.junit.Test] zero00242
2016-08-04 20:05:52,608 INFO [org.junit.Test] zero00243
2016-08-04 20:05:52,608 INFO [org.junit.Test] zero00244
2016-08-04 20:05:52,608 INFO [org.junit.Test] zero00245
2016-08-04 20:05:52,608 INFO [org.junit.Test] zero00246
2016-08-04 20:05:52,608 INFO [org.junit.Test] zero00247
2016-08-04 20:05:52,608 INFO [org.junit.Test] zero00248
2016-08-04 20:05:52,608 INFO [org.junit.Test] zero00249
2016-08-04 20:05:52,608 INFO [org.junit.Test] zero00250
2016-08-04 20:05:52,608 INFO [org.junit.Test] zero00251
2016-08-04 20:05:52,608 INFO [org.junit.Test] zero00252
2016-08-04 20:05:52,608 INFO [org.junit.Test] zero00253
2016-08-04 20:05:52,608 INFO [org.junit.Test] zero00254
2016-08-04 20:05:52,608 INFO [org.junit.Test] zero00255
2016-08-04 20:05:52,608 INFO [org.junit.Test] zero00256
2016-08-04 20:05:52,608 INFO [org.junit.Test] zero00257
2016-08-04 20:05:52,608 INFO [org.junit.Test] zero00258
2016-08-04 20:05:52,608 INFO [org.junit.Test] zero00259
2016-08-04 20:05:52,608 INFO [org.junit.Test] zero00260
2016-08-04 20:05:52,608 INFO [org.junit.Test] zero00261
2016-08-04 20:05:52,608 INFO [org.junit.Test] zero00262
2016-08-04 20:05:52,608 INFO [org.junit.Test] zero00263
2016-08-04 20:05:52,608 INFO [org.junit.Test] zero00264
2016-08-04 20:05:52,608 INFO [org.junit.Test] zero00265
2016-08-04 20:05:52,608 INFO [org.junit.Test] zero00266
2016-08-04 20:05:52,608 INFO [org.junit.Test] zero00267
2016-08-04 20:05:52,608 INFO [org.junit.Test] zero00268
2016-08-04 20:05:52,608 INFO [org.junit.Test] zero00269
2016-08-04 20:05:52,608 INFO [org.junit.Test] zero00270
2016-08-04 20:05:52,608 INFO [org.junit.Test] zero00271
2016-08-04 20:05:52,608 INFO [org.junit.Test] zero00272
2016-08-04 20:05:52,608 INFO [org.junit.Test] zero00273
2016-08-04 20:05:52,608 INFO [org.junit.Test] zero00274
2016-08-04 20:05:52,608 INFO [org.junit.Test] zero00275
2016-08-04 20:05:52,608 INFO [org.junit.Test] zero00276
2016-08-04 20:05:52,608 INFO [org.junit.Test] zero00277
2016-08-04 20:05:52,608 INFO [org.junit.Test] zero00278
2016-08-04 20:05:52,608 INFO [org.junit.Test] zero00279
2016-08-04 20:05:52,608 INFO [org.junit.Test] zero00280
2016-08-04 20:05:52,608 INFO [org.junit.Test] zero00281
2016-08-04 20:05:52,608 INFO [org.junit.Test] zero00282
2016-08-04 20:05:52,608 INFO [org.junit.Test] zero00283
2016-08-04 20:05:52,608 INFO [org.junit.Test] zero00284
2016-08-04 20:05:52,608 INFO [org.junit.Test] zero00285
2016-08-04 20:05:52,608 INFO [org.junit.Test] zero00286
2016-08-04 20:05:52,608 INFO [org.junit.Test] zero00287
2016-08-04 20:05:52,608 INFO [org.junit.Test] zero00288
2016-08-04 20:05:52,608 INFO [org.junit.Test] zero00289
2016-08-04 20:05:52,608 INFO [org.junit.Test] zero00290
2016-08-04 20:05:52,608 INFO [org.junit.Test] zero00291
2016-08-04 20:05:52,608 INFO [org.junit.Test] zero00292
2016-08-04 20:05:52,608 INFO [org.junit.Test] zero00293
2016-08-04 20:05:52,608 INFO [org.junit.Test] zero00294
2016-08-04 20:05:52,608 INFO [org.junit.Test] zero00295
2016-08-04 20:05:52,608 INFO [org.junit.Test] zero00296
2016-08-04 20:05:52,608 INFO [org.junit.Test] zero00297
2016-08-04 20:05:52,608 INFO [org.junit.Test] zero00298
2016-08-04 20:05:52,608 INFO [org.junit.Test] zero00299
2016-08-04 20:05:52,608 INFO [org.junit.Test] zero00300
2016-08-04 20:05:52,608 INFO [org.junit.Test] zero00301
2016-08-04 20:05:52,608 INFO [org.junit.Test] zero00302
2016-08-04 20:05:52,608 INFO [org.junit.Test] zero00303
2016-08-04 20:05:52,608 INFO [org.junit.Test] zero00304
2016-08-04 20:05:52,608 INFO [org.junit.Test] zero00305
2016-08-04 20:05:52,608 INFO [org.junit.Test] zero00306
2016-08-04 20:05:52,608 INFO [org.junit.Test] zero00307
2016-08-04 20:05:52,608 INFO [org.junit.Test] zero00308
2016-08-04 20:05:52,608 INFO [org.junit.Test] zero00309
2016-08-04 20:05:52,608 INFO [org.junit.Test] zero00310
2016-08-04 20:05:52,608 INFO [org.junit.Test] zero00311
2016-08-04 20:05:52,608 INFO [org.junit.Test] zero00312
2016-08-04 20:05:52,608 INFO [org.junit.Test] zero00313
2016-08-04 20:05:52,608 INFO [org.junit.Test] zero00314
2016-08-04 20:05:52,608 INFO [org.junit.Test] zero00315
2016-08-04 20:05:52,608 INFO [org.junit.Test] zero00316
2016-08-04 20:05:52,608 INFO [org.junit.Test] zero00317
2016-08-04 20:05:52,608 INFO [org.junit.Test] zero00318
2016-08-04 20:05:52,608 INFO [org.junit.Test] zero00319
2016-08-04 20:05:52,608 INFO [org.junit.Test] zero00320
2016-08-04 20:05:52,608 INFO [org.junit.Test] zero00321
2016-08-04 20:05:52,608 INFO [org.junit.Test] zero00322
2016-08-04 20:05:52,608 INFO [org.junit.Test] zero00323
2016-08-04 20:05:52,608 INFO [org.junit.Test] zero00324
2016-08-04 20:05:52,608 INFO [org.junit.Test] zero00325
2016-08-04 20:05:52,608 INFO [org.junit.Test] zero00326
2016-08-04 20:05:52,608 INFO [org.junit.Test] zero00327
2016-08-04 20:05:52,608 INFO [org.junit.Test] zero00328
2016-08-04 20:05:52,608 INFO [org.junit.Test] zero00329
2016-08-04 20:05:52,608 INFO [org.junit.Test] zero00330
2016-08-04 20:05:52,608 INFO [org.junit.Test] zero00331
2016-08-04 20:05:52,608 INFO [org.junit.Test] zero00332
2016-08-04 20:05:52,608 INFO [org.junit.Test] zero00333
2016-08-04 20:05:52,608 INFO [org.junit.Test] zero00334
2016-08-04 20:05:52,608 INFO [org.junit.Test] zero00335
2016-08-04 20:05:52,608 INFO [org.junit.Test] zero00336
2016-08-04 20:05:52,608 INFO [org.junit.Test] zero00337
2016-08-04 20:05:52,608 INFO [org.junit.Test] zero00338
2016-08-04 20:05:52,608 INFO [org.junit.Test] zero00339
2016-08-04 20:05:52,608 INFO [org.junit.Test] zero00340
2016-08-04 20:05:52,608 INFO [org.junit.Test] zero00341
2016-08-04 20:05:52,608 INFO [org.junit.Test] zero00342
2016-08-04 20:05:52,608 INFO [org.junit.Test] zero00343
2016-08-04 20:05:52,608 INFO [org.junit.Test] zero00344
2016-08-04 20:05:52,608 INFO [org.junit.Test] zero00345
2016-08-04 20:05:52,608 INFO [org.junit.Test] zero00346
2016-08-04 20:05:52,608 INFO [org.junit.Test] zero00347
2016-08-04 20:05:52,608 INFO [org.junit.Test] zero00348
2016-08-04 20:05:52,608 INFO [org.junit.Test] zero00349
2016-08-04 20:05:52,608 INFO [org.junit.Test] zero00350
2016-08-04 20:05:52,608 INFO [org.junit.Test] zero00351
2016-08-04 20:05:52,608 INFO [org.junit.Test] zero00352
2016-08-04 20:05:52,608 INFO [org.junit.Test] zero00353
2016-08-04 20:05:52,608 INFO [org.junit.Test] zero00354
2016-08-04 20:05:52,608 INFO [org.junit.Test] zero00355
2016-08-04 20:05:52,608 INFO [org.junit.Test] zero00356
2016-08-04 20:05:52,608 INFO [org.junit.Test] zero00357
2016-08-04 20:05:52,608 INFO [org.junit.Test] zero00358
2016-08-04 20:05:52,608 INFO [org.junit.Test] zero00359
2016-08-04 20:05:52,608 INFO [org.junit.Test] zero00360
2016-08-04 20:05:52,608 INFO [org.junit.Test] zero00361
2016-08-04 20:05:52,608 INFO [org.junit.Test] zero00362
2016-08-04 20:05:52,608 INFO [org.junit.Test] zero00363
2016-08-04 20:05:52,608 INFO [org.junit.Test] zero00364
2016-08-04 20:05:52,608 INFO [org.junit.Test] zero00365
2016-08-04 20:05:52,608 INFO [org.junit.Test] zero00366
2016-08-04 20:05:52,608 INFO [org.junit.Test] zero00367
2016-08-04 20:05:52,608 INFO [org.junit.Test] zero00368
2016-08-04 20:05:52,608 INFO [org.junit.Test] zero00369
2016-08-04 20:05:52,608 INFO [org.junit.Test] zero00370
2016-08-04 20:05:52,608 INFO [org.junit.Test] zero00371
2016-08-04 20:05:52,608 INFO [org.junit.Test] zero00372
2016-08-04 20:05:52,608 INFO [org.junit.Test] zero00373
2016-08-04 20:05:52,608 INFO [org.junit.Test] zero00374
2016-08-04 20:05:52,608 INFO [org.junit.Test] zero00375
2016-08-04 20:05:52,608 INFO [org.junit.Test] zero00376
2016-08-04 20:05:52,608 INFO [org.junit.Test] zero00377
2016-08-04 20:05:52,608 INFO [org.junit.Test] zero00378
2016-08-04 20:05:52,608 INFO [org.junit.Test] zero00379
2016-08-04 20:05:52,608 INFO [org.junit.Test] zero00380
2016-08-04 20:05:52,608 INFO [org.junit.Test] zero00381
2016-08-04 20:05:52,608 INFO [org.junit.Test] zero00382
2016-08-04 20:05:52,608 INFO [org.junit.Test] zero00383
2016-08-04 20:05:52,608 INFO [org.junit.Test] zero00384
2016-08-04 20:05:52,608 INFO [org.junit.Test] zero00385
2016-08-04 20:05:52,608 INFO [org.junit.Test] zero00386
2016-08-04 20:05:52,608 INFO [org.junit.Test] zero00387
2016-08-04 20:05:52,608 INFO [org.junit.Test] zero00388
2016-08-04 20:05:52,608 INFO [org.junit.Test] zero00389
2016-08-04 20:05:52,608 INFO [org.junit.Test] zero00390
2016-08-04 20:05:52,608 INFO [org.junit.Test] zero00391
2016-08-04 20:05:52,608 INFO [org.junit.Test] zero00392
2016-08-04 20:05:52,608 INFO [org.junit.Test] zero00393
2016-08-04 20:05:52,608 INFO [org.junit.Test] zero00394
2016-08-04 20:05:52,608 INFO [org.junit.Test] zero00395
2016-08-04 20:05:52,608 INFO [org.junit.Test] zero00396
2016-08-04 20:05:52,608 INFO [org.junit.Test] zero00397
2016-08-04 20:05:52,608 INFO [org.junit.Test] zero00398
2016-08-04 20:05:52,608 INFO [org.junit.Test] zero00399
2016-08-04 20:05:52,608 INFO [org.junit.Test] zero00400
2016-08-04 20:05:52,608 INFO [org.junit.Test] zero00401
2016-08-04 20:05:52,608 INFO [org.junit.Test] zero00402
2016-08-04 20:05:52,608 INFO [org.junit.Test] zero00403
2016-08-04 20:05:52,608 INFO [org.junit.Test] zero00404
2016-08-04 20:05:52,608 INFO [org.junit.Test] zero00405
2016-08-04 20:05:52,608 INFO [org.junit.Test] zero00406
2016-08-04 20:05:52,608 INFO [org.junit.Test] zero00407
2016-08-04 20:05:52,608 INFO [org.junit.Test] zero00408
2016-08-04 20:05:52,608 INFO [org.junit.Test] zero00409
2016-08-04 20:05:52,608 INFO [org.junit.Test] zero00410
2016-08-04 20:05:52,608 INFO [org.junit.Test] zero00411
2016-08-04 20:05:52,608 INFO [org.junit.Test] zero00412
2016-08-04 20:05:52,608 INFO [org.junit.Test] zero00413
2016-08-04 20:05:52,608 INFO [org.junit.Test] zero00414
2016-08-04 20:05:52,608 INFO [org.junit.Test] zero00415
2016-08-04 20:05:52,608 INFO [org.junit.Test] zero00416
2016-08-04 20:05:52,608 INFO [org.junit.Test] zero00417
2016-08-04 20:05:52,608 INFO [org.junit.Test] zero00418
2016-08-04 20:05:52,608 INFO [org.junit.Test] zero00419
2016-08-04 20:05:52,608 INFO [org.junit.Test] zero00420
2016-08-04 20:05:52,608 INFO [org.junit.Test] zero00421
2016-08-04 20:05:52,608 INFO [org.junit.Test] zero00422
2016-08-04 20:05:52,608 INFO [org.junit.Test] zero00423
2016-08-04 20:05:52,608 INFO [org.junit.Test] zero00424
2016-08-04 20:05:52,608 INFO [org.junit.Test] zero00425
2016-08-04 20:05:52,608 INFO [org.junit.Test] zero00426
2016-08-04 20:05:52,608 INFO [org.junit.Test] zero00427
2016-08-04 20:05:52,608 INFO [org.junit.Test] zero00428
2016-08-04 20:05:52,608 INFO [org.junit.Test] zero00429
2016-08-04 20:05:52,608 INFO [org.junit.Test] zero00430
2016-08-04 20:05:52,608 INFO [org.junit.Test] zero00431
2016-08-04 20:05:52,608 INFO [org.junit.Test] zero00432
2016-08-04 20:05:52,608 INFO [org.junit.Test] zero00433
2016-08-04 20:05:52,608 INFO [org.junit.Test] zero00434
2016-08-04 20:05:52,608 INFO [org.junit.Test] zero00435
2016-08-04 20:05:52,608 INFO [org.junit.Test] zero00436
2016-08-04 20:05:52,608 INFO [org.junit.Test] zero00437
2016-08-04 20:05:52,608 INFO [org.junit.Test] zero00438
2016-08-04 20:05:52,608 INFO [org.junit.Test] zero00439
2016-08-04 20:05:52,608 INFO [org.junit.Test] zero00440
2016-08-04 20:05:52,608 INFO [org.junit.Test] zero00441
2016-08-04 20:05:52,608 INFO [org.junit.Test] zero00442
2016-08-04 20:05:52,608 INFO [org.junit.Test] zero00443
2016-08-04 20:05:52,608 INFO [org.junit.Test] zero00444
2016-08-04 20:05:52,608 INFO [org.junit.Test] zero00445
2016-08-04 20:05:52,608 INFO [org.junit.Test] zero00446
2016-08-04 20:05:52,608 INFO [org.junit.Test] zero00447
2016-08-04 20:05:52,608 INFO [org.junit.Test] zero00448
2016-08-04 20:05:52,608 INFO [org.junit.Test] zero00449
2016-08-04 20:05:52,608 INFO [org.junit.Test] zero00450
2016-08-04 20:05:52,608 INFO [org.junit.Test] zero00451
2016-08-04 20:05:52,608 INFO [org.junit.Test] zero00452
2016-08-04 20:05:52,608 INFO [org.junit.Test] zero00453
2016-08-04 20:05:52,608 INFO [org.junit.Test] zero00454
2016-08-04 20:05:52,608 INFO [org.junit.Test] zero00455
2016-08-04 20:05:52,608 INFO [org.junit.Test] zero00456
2016-08-04 20:05:52,608 INFO [org.junit.Test] zero00457
2016-08-04 20:05:52,608 INFO [org.junit.Test] zero00458
2016-08-04 20:05:52,608 INFO [org.junit.Test] zero00459
2016-08-04 20:05:52,608 INFO [org.junit.Test] zero00460
2016-08-04 20:05:52,608 INFO [org.junit.Test] zero00461
2016-08-04 20:05:52,608 INFO [org.junit.Test] zero00462
2016-08-04 20:05:52,608 INFO [org.junit.Test] zero00463
2016-08-04 20:05:52,608 INFO [org.junit.Test] zero00464
2016-08-04 20:05:52,608 INFO [org.junit.Test] zero00465
2016-08-04 20:05:52,608 INFO [org.junit.Test] zero00466
2016-08-04 20:05:52,608 INFO [org.junit.Test] zero00467
2016-08-04 20:05:52,608 INFO [org.junit.Test] zero00468
2016-08-04 20:05:52,608 INFO [org.junit.Test] zero00469
2016-08-04 20:05:52,608 INFO [org.junit.Test] zero00470
2016-08-04 20:05:52,608 INFO [org.junit.Test] zero00471
2016-08-04 20:05:52,608 INFO [org.junit.Test] zero00472
2016-08-04 20:05:52,608 INFO [org.junit.Test] zero00473
2016-08-04 20:05:52,608 INFO [org.junit.Test] zero00474
2016-08-04 20:05:52,608 INFO [org.junit.Test] zero00475
2016-08-04 20:05:52,608 INFO [org.junit.Test] zero00476
2016-08-04 20:05:52,608 INFO [org.junit.Test] zero00477
2016-08-04 20:05:52,608 INFO [org.junit.Test] zero00478
2016-08-04 20:05:52,608 INFO [org.junit.Test] zero00479
2016-08-04 20:05:52,608 INFO [org.junit.Test] zero00480
2016-08-04 20:05:52,608 INFO [org.junit.Test] zero00481
2016-08-04 20:05:52,608 INFO [org.junit.Test] zero00482
2016-08-04 20:05:52,608 INFO [org.junit.Test] zero00483
2016-08-04 20:05:52,608 INFO [org.junit.Test] zero00484
2016-08-04 20:05:52,608 INFO [org.junit.Test] zero00485
2016-08-04 20:05:52,608 INFO [org.junit.Test] zero00486
2016-08-04 20:05:52,608 INFO [org.junit.Test] zero00487
2016-08-04 20:05:52,608 INFO [org.junit.Test] zero00488
2016-08-04 20:05:52,608 INFO [org.junit.Test] zero00489
2016-08-04 20:05:52,608 INFO [org.junit.Test] zero00490
2016-08-04 20:05:52,608 INFO [org.junit.Test] zero00491
2016-08-04 20:05:52,608 INFO [org.junit.Test] zero00492
2016-08-04 20:05:52,608 INFO [org.junit.Test] zero00493
2016-08-04 20:05:52,608 INFO [org.junit.Test] zero00494
2016-08-04 20:05:52,608 INFO [org.junit.Test] zero00495
2016-08-04 20:05:52,608 INFO [org.junit.Test] zero00496
2016-08-04 20:05:52,608 INFO [org.junit.Test] zero00497
2016-08-04 20:05:52,608 INFO [org.junit.Test] zero00498
2016-08-04 20:05:52,608 INFO [org.junit.Test] zero00499
2016-08-04 20:05:52,608 INFO [org.junit.Test] zero00500
2016-08-04 20:05:52,608 INFO [org.junit.Test] zero00501
2016-08-04 20:05:52,608 INFO [org.junit.Test] zero00502
2016-08-04 20:05:52,608 INFO [org.junit.Test] zero00503
2016-08-04 20:05:52,608 INFO [org.junit.Test] zero00504
2016-08-04 20:05:52,608 INFO [org.junit.Test] zero00505
2016-08-04 20:05:52,608 INFO [org.junit.Test] zero00506
2016-08-04 20:05:52,608 INFO [org.junit.Test] zero00507
2016-08-04 20:05:52,608 INFO [org.junit.Test] zero00508
2016-08-04 20:05:52,608 INFO [org.junit.Test] zero00509
2016-08-04 20:05:52,608 INFO [org.junit.Test] zero00510
2016-08-04 20:05:52,608 INFO [org.junit.Test] zero00511
2016-08-04 20:05:52,608 INFO [org.junit.Test] zero00512
2016-08-04 20:05:52,608 INFO [org.junit.Test] zero00513
2016-08-04 20:05:52,608 INFO [org.junit.Test] zero00514
2016-08-04 20:05:52,608 INFO [org.junit.Test] zero00515
2016-08-04 20:05:52,608 INFO [org.junit.Test] zero00516
2016-08-04 20:05:52,608 INFO [org.junit.Test] zero00517
2016-08-04 20:05:52,608 INFO [org.junit.Test] zero00518
2016-08-04 20:05:52,608 INFO [org.junit.Test] zero00519
2016-08-04 20:05:52,608 INFO [org.junit.Test] zero00520
2016-08-04 20:05:52,608 INFO [org.junit.Test] zero00521
2016-08-04 20:05:52,608 INFO [org.junit.Test] zero00522
2016-08-04 20:05:52,608 INFO [org.junit.Test] zero00523
2016-08-04 20:05:52,608 INFO [org.junit.Test] zero00524
2016-08-04 20:05:52,608 INFO [org.junit.Test] zero00525
2016-08-04 20:05:52,608 INFO [org.junit.Test] zero00526
2016-08-04 20:05:52,608 INFO [org.junit.Test] zero00527
2016-08-04 20:05:52,608 INFO [org.junit.Test] zero00528
2016-08-04 20:05:52,608 INFO [org.junit.Test] zero00529
2016-08-04 20:05:52,608 INFO [org.junit.Test] zero00530
2016-08-04 20:05:52,608 INFO [org.junit.Test] zero00531
2016-08-04 20:05:52,608 INFO [org.junit.Test] zero00532
2016-08-04 20:05:52,608 INFO [org.junit.Test] zero00533
2016-08-04 20:05:52,608 INFO [org.junit.Test] zero00534
2016-08-04 20:05:52,608 INFO [org.junit.Test] zero00535
2016-08-04 20:05:52,608 INFO [org.junit.Test] zero00536
2016-08-04 20:05:52,608 INFO [org.junit.Test] zero00537
2016-08-04 20:05:52,608 INFO [org.junit.Test] zero00538
2016-08-04 20:05:52,608 INFO [org.junit.Test] zero00539
2016-08-04 20:05:52,608 INFO [org.junit.Test] zero00540
2016-08-04 20:05:52,608 INFO [org.junit.Test] zero00541
2016-08-04 20:05:52,608 INFO [org.junit.Test] zero00542
2016-08-04 20:05:52,608 INFO [org.junit.Test] zero00543
2016-08-04 20:05:52,608 INFO [org.junit.Test] zero00544
2016-08-04 20:05:52,608 INFO [org.junit.Test] zero00545
2016-08-04 20:05:52,608 INFO [org.junit.Test] zero00546
2016-08-04 20:05:52,608 INFO [org.junit.Test] zero00547
2016-08-04 20:05:52,608 INFO [org.junit.Test] zero00548
2016-08-04 20:05:52,608 INFO [org.junit.Test] zero00549
2016-08-04 20:05:52,608 INFO [org.junit.Test] zero00550
2016-08-04 20:05:52,608 INFO [org.junit.Test] zero00551
2016-08-04 20:05:52,608 INFO [org.junit.Test] zero00552
2016-08-04 20:05:52,608 INFO [org.junit.Test] zero00553
2016-08-04 20:05:52,608 INFO [org.junit.Test] zero00554
2016-08-04 20:05:52,608 INFO [org.junit.Test] zero00555
2016-08-04 20:05:52,608 INFO [org.junit.Test] zero00556
2016-08-04 20:05:52,608 INFO [org.junit.Test] zero00557
2016-08-04 20:05:52,608 INFO [org.junit.Test] zero00558
2016-08-04 20:05:52,608 INFO [org.junit.Test] zero00559
2016-08-04 20:05:52,608 INFO [org.junit.Test] zero00560
2016-08-04 20:05:52,608 INFO [org.junit.Test] zero00561
2016-08-04 20:05:52,608 INFO [org.junit.Test] zero00562
2016-08-04 20:05:52,608 INFO [org.junit.Test] zero00563
2016-08-04 20:05:52,608 INFO [org.junit.Test] zero00564
2016-08-04 20:05:52,608 INFO [org.junit.Test] zero00565
2016-08-04 20:05:52,608 INFO [org.junit.Test] zero00566
2016-08-04 20:05:52,608 INFO [org.junit.Test] zero00567
2016-08-04 20:05:52,608 INFO [org.junit.Test] zero00568
2016-08-04 20:05:52,608 INFO [org.junit.Test] zero00569
2016-08-04 20:05:52,608 INFO [org.junit.Test] zero00570
2016-08-04 20:05:52,608 INFO [org.junit.Test] zero00571
2016-08-04 20:05:52,608 INFO [org.junit.Test] zero00572
2016-08-04 20:05:52,608 INFO [org.junit.Test] zero00573
2016-08-04 20:05:52,608 INFO [org.junit.Test] zero00574
2016-08-04 20:05:52,608 INFO [org.junit.Test] zero00575
2016-08-04 20:05:52,608 INFO [org.junit.Test] zero00576
2016-08-04 20:05:52,608 INFO [org.junit.Test] zero00577
2016-08-04 20:05:52,608 INFO [org.junit.Test] zero00578
2016-08-04 20:05:52,608 INFO [org.junit.Test] zero00579
2016-08-04 20:05:52,608 INFO [org.junit.Test] zero00580
2016-08-04 20:05:52,608 INFO [org.junit.Test] zero00581
2016-08-04 20:05:52,608 INFO [org.junit.Test] zero00582
2016-08-04 20:05:52,608 INFO [org.junit.Test] zero00583
2016-08-04 20:05:52,608 INFO [org.junit.Test] zero00584
2016-08-04 20:05:52,608 INFO [org.junit.Test] zero00585
2016-08-04 20:05:52,608 INFO [org.junit.Test] zero00586
2016-08-04 20:05:52,608 INFO [org.junit.Test] zero00587
2016-08-04 20:05:52,608 INFO [org.junit.Test] zero00588
2016-08-04 20:05:52,608 INFO [org.junit.Test] zero00589
2016-08-04 20:05:52,608 INFO [org.junit.Test] zero00590
2016-08-04 20:05:52,608 INFO [org.junit.Test] zero00591
2016-08-04 20:05:52,608 INFO [org.junit.Test] zero00592
2016-08-04 20:05:52,608 INFO [org.junit.Test] zero00593
2016-08-04 20:05:52,608 INFO [org.junit.Test] zero00594
2016-08-04 20:05:52,608 INFO [org.junit.Test] zero00595
2016-08-04 20:05:52,608 INFO [org.junit.Test] zero00596
2016-08-04 20:05:52,608 INFO [org.junit.Test] zero00597
2016-08-04 20:05:52,608 INFO [org.junit.Test] zero00598
2016-08-04 20:05:52,608 INFO [org.junit.Test] zero00599
2016-08-04 20:05:52,608 INFO [org.junit.Test] zero00600
2016-08-04 20:05:52,608 INFO [org.junit.Test] zero00601
2016-08-04 20:05:52,608 INFO [org.junit.Test] zero00602
2016-08-04 20:05:52,608 INFO [org.junit.Test] zero00603
2016-08-04 20:05:52,608 INFO [org.junit.Test] zero00604
2016-08-04 20:05:52,608 INFO [org.junit.Test] zero00605
2016-08-04 20:05:52,608 INFO [org.junit.Test] zero00606
2016-08-04 20:05:52,608 INFO [org.junit.Test] zero00607
2016-08-04 20:05:52,608 INFO [org.junit.Test] zero00608
2016-08-04 20:05:52,608 INFO [org.junit.Test] zero00609
2016-08-04 20:05:52,608 INFO [org.junit.Test] zero00610
2016-08-04 20:05:52,608 INFO [org.junit.Test] zero00611
2016-08-04 20:05:52,608 INFO [org.junit.Test] zero00612
2016-08-04 20:05:52,608 INFO [org.junit.Test] zero00613
2016-08-04 20:05:52,608 INFO [org.junit.Test] zero00614
2016-08-04 20:05:52,608 INFO [org.junit.Test] zero00615
2016-08-04 20:05:52,608 INFO [org.junit.Test] zero00616
2016-08-04 20:05:52,608 INFO [org.junit.Test] zero00617
2016-08-04 20:05:52,608 INFO [org.junit.Test] zero00618
2016-08-04 20:05:52,608 INFO [org.junit.Test] zero00619
2016-08-04 20:05:52,608 INFO [org.junit.Test] zero00620
2016-08-04 20:05:52,608 INFO [org.junit.Test] zero00621
2016-08-04 20:05:52,608 INFO [org.junit.Test] zero00622
2016-08-04 20:05:52,608 INFO [org.junit.Test] zero00623
2016-08-04 20:05:52,608 INFO [org.junit.Test] zero00624
2016-08-04 20:05:52,608 INFO [org.junit.Test] zero00625
2016-08-04 20:05:52,608 INFO [org.junit.Test] zero00626
2016-08-04 20:05:52,608 INFO [org.junit.Test] zero00627
2016-08-04 20:05:52,608 INFO [org.junit.Test] zero00628
2016-08-04 20:05:52,608 INFO [org.junit.Test] zero00629
2016-08-04 20:05:52,608 INFO [org.junit.Test] zero00630
2016-08-04 20:05:52,608 INFO [org.junit.Test] zero00631
2016-08-04 20:05:52,608 INFO [org.junit.Test] zero00632
2016-08-04 20:05:52,608 INFO [org.junit.Test] zero00633
2016-08-04 20:05:52,608 INFO [org.junit.Test] zero00634
2016-08-04 20:05:52,608 INFO [org.junit.Test] zero00635
2016-08-04 20:05:52,608 INFO [org.junit.Test] zero00636
2016-08-04 20:05:52,608 INFO [org.junit.Test] zero00637
2016-08-04 20:05:52,608 INFO [org.junit.Test] zero00638
2016-08-04 20:05:52,608 INFO [org.junit.Test] zero00639
2016-08-04 20:05:52,608 INFO [org.junit.Test] zero00640
2016-08-04 20:05:52,608 INFO [org.junit.Test] zero00641
2016-08-04 20:05:52,608 INFO [org.junit.Test] zero00642
2016-08-04 20:05:52,608 INFO [org.junit.Test] zero00643
2016-08-04 20:05:52,608 INFO [org.junit.Test] zero00644
2016-08-04 20:05:52,608 INFO [org.junit.Test] zero00645
2016-08-04 20:05:52,608 INFO [org.junit.Test] zero00646
2016-08-04 20:05:52,608 INFO [org.junit.Test] zero00647
2016-08-04 20:05:52,608 INFO [org.junit.Test] zero00648
2016-08-04 20:05:52,608 INFO [org.junit.Test] zero00649
2016-08-04 20:05:52,608 INFO [org.junit.Test] zero00650
2016-08-04 20:05:52,608 INFO [org.junit.Test] zero00651
2016-08-04 20:05:52,608 INFO [org.junit.Test] zero00652
2016-08-04 20:05:52,608 INFO [org.junit.Test] zero00653
2016-08-04 20:05:52,608 INFO [org.junit.Test] zero00654
2016-08-04 20:05:52,608 INFO [org.junit.Test] zero00655
2016-08-04 20:05:52,608 INFO [org.junit.Test] zero00656
2016-08-04 20:05:52,608 INFO [org.junit.Test] zero00657
2016-08-04 20:05:52,608 INFO [org.junit.Test] zero00658
2016-08-04 20:05:52,608 INFO [org.junit.Test] zero00659
2016-08-04 20:05:52,608 INFO [org.junit.Test] zero00660
2016-08-04 20:05:52,608 INFO [org.junit.Test] zero00661
2016-08-04 20:05:52,608 INFO [org.junit.Test] zero00662
2016-08-04 20:05:52,608 INFO [org.junit.Test] zero00663
2016-08-04 20:05:52,608 INFO [org.junit.Test] zero00664
2016-08-04 20:05:52,608 INFO [org.junit.Test] zero00665
2016-08-04 20:05:52,608 INFO [org.junit.Test] zero00666
2016-08-04 20:05:52,608 INFO [org.junit.Test] zero00667
2016-08-04 20:05:52,608 INFO [org.junit.Test] zero00668
2016-08-04 20:05:52,608 INFO [org.junit.Test] zero00669
2016-08-04 20:05:52,608 INFO [org.junit.Test] zero00670
2016-08-04 20:05:52,608 INFO [org.junit.Test] zero00671
2016-08-04 20:05:52,608 INFO [org.junit.Test] zero00672
2016-08-04 20:05:52,608 INFO [org.junit.Test] zero00673
2016-08-04 20:05:52,608 INFO [org.junit.Test] zero00674
2016-08-04 20:05:52,608 INFO [org.junit.Test] zero00675
2016-08-04 20:05:52,608 INFO [org.junit.Test] zero00676
2016-08-04 20:05:52,608 INFO [org.junit.Test] zero00677
2016-08-04 20:05:52,608 INFO [org.junit.Test] zero00678
2016-08-04 20:05:52,608 INFO [org.junit.Test] zero00679
2016-08-04 20:05:52,608 INFO [org.junit.Test] zero00680
2016-08-04 20:05:52,608 INFO [org.junit.Test] zero00681
2016-08-04 20:05:52,608 INFO [org.junit.Test] zero00682
2016-08-04 20:05:52,608 INFO [org.junit.Test] zero00683
2016-08-04 20:05:52,608 INFO [org.junit.Test] zero00684
2016-08-04 20:05:52,608 INFO [org.junit.Test] zero00685
2016-08-04 20:05:52,608 INFO [org.junit.Test] zero00686
2016-08-04 20:05:52,608 INFO [org.junit.Test] zero00687
2016-08-04 20:05:52,608 INFO [org.junit.Test] zero00688
2016-08-04 20:05:52,608 INFO [org.junit.Test] zero00689
2016-08-04 20:05:52,608 INFO [org.junit.Test] zero00690
2016-08-04 20:05:52,608 INFO [org.junit.Test] zero00691
2016-08-04 20:05:52,608 INFO [org.junit.Test] zero00692
2016-08-04 20:05:52,608 INFO [org.junit.Test] zero00693
2016-08-04 20:05:52,608 INFO [org.junit.Test] zero00694
2016-08-04 20:05:52,608 INFO [org.junit.Test] zero00695
2016-08-04 20:05:52,608 INFO [org.junit.Test] zero00696
2016-08-04 20:05:52,608 INFO [org.junit.Test] zero00697
2016-08-04 20:05:52,608 INFO [org.junit.Test] zero00698
2016-08-04 20:05:52,608 INFO [org.junit.Test] zero00699
2016-08-04 20:05:52,608 INFO [org.junit.Test] zero00700
2016-08-04 20:05:52,608 INFO [org.junit.Test] zero00701
2016-08-04 20:05:52,608 INFO [org.junit.Test] zero00702
2016-08-04 20:05:52,608 INFO [org.junit.Test] zero00703
2016-08-04 20:05:52,608 INFO [org.junit.Test] zero00704
2016-08-04 20:05:52,608 INFO [org.junit.Test] zero00705
2016-08-04 20:05:52,608 INFO [org.junit.Test] zero00706
2016-08-04 20:05:52,608 INFO [org.junit.Test] zero00707
2016-08-04 20:05:52,608 INFO [org.junit.Test] zero00708
2016-08-04 20:05:52,608 INFO [org.junit.Test] zero00709
2016-08-04 20:05:52,608 INFO [org.junit.Test] zero00710
2016-08-04 20:05:52,608 INFO [org.junit.Test] zero00711
2016-08-04 20:05:52,608 INFO [org.junit.Test] zero00712
2016-08-04 20:05:52,608 INFO [org.junit.Test] zero00713
2016-08-04 20:05:52,608 INFO [org.junit.Test] zero00714
2016-08-04 20:05:52,608 INFO [org.junit.Test] zero00715
2016-08-04 20:05:52,608 INFO [org.junit.Test] zero00716
2016-08-04 20:05:52,608 INFO [org.junit.Test] zero00717
2016-08-04 20:05:52,608 INFO [org.junit.Test] zero00718
2016-08-04 20:05:52,608 INFO [org.junit.Test] zero00719
2016-08-04 20:05:52,608 INFO [org.junit.Test] zero00720
2016-08-04 20:05:52,608 INFO [org.junit.Test] zero00721
2016-08-04 20:05:52,608 INFO [org.junit.Test] zero00722
2016-08-04 20:05:52,608 INFO [org.junit.Test] zero00723
2016-08-04 20:05:52,608 INFO [org.junit.Test] zero00724
2016-08-04 20:05:52,608 INFO [org.junit.Test] zero00725
2016-08-04 20:05:52,608 INFO [org.junit.Test] zero00726
2016-08-04 20:05:52,608 INFO [org.junit.Test] zero00727
2016-08-04 20:05:52,608 INFO [org.junit.Test] zero00728
2016-08-04 20:05:52,608 INFO [org.junit.Test] zero00729
2016-08-04 20:05:52,608 INFO [org.junit.Test] zero00730
2016-08-04 20:05:52,608 INFO [org.junit.Test] zero00731
2016-08-04 20:05:52,608 INFO [org.junit.Test] zero00732
2016-08-04 20:05:52,608 INFO [org.junit.Test] zero00733
2016-08-04 20:05:52,608 INFO [org.junit.Test] zero00734
2016-08-04 20:05:52,608 INFO [org.junit.Test] zero00735
2016-08-04 20:05:52,608 INFO [org.junit.Test] zero00736
2016-08-04 20:05:52,608 INFO [org.junit.Test] zero00737
2016-08-04 20:05:52,608 INFO [org.junit.Test] zero00738
2016-08-04 20:05:52,608 INFO [org.junit.Test] zero00739
2016-08-04 20:05:52,608 INFO [org.junit.Test] zero00740
2016-08-04 20:05:52,608 INFO [org.junit.Test] zero00741
2016-08-04 20:05:52,608 INFO [org.junit.Test] zero00742
2016-08-04 20:05:52,608 INFO [org.junit.Test] zero00743
2016-08-04 20:05:52,608 INFO [org.junit.Test] zero00744
2016-08-04 20:05:52,608 INFO [org.junit.Test] zero00745
2016-08-04 20:05:52,608 INFO [org.junit.Test] zero00746
2016-08-04 20:05:52,608 INFO [org.junit.Test] zero00747
2016-08-04 20:05:52,608 INFO [org.junit.Test] zero00748
2016-08-04 20:05:52,608 INFO [org.junit.Test] zero00749
2016-08-04 20:05:52,608 INFO [org.junit.Test] zero00750
2016-08-04 20:05:52,608 INFO [org.junit.Test] zero00751
2016-08-04 20:05:52,608 INFO [org.junit.Test] zero00752
2016-08-04 20:05:52,608 INFO [org.junit.Test] zero00753
2016-08-04 20:05:52,608 INFO [org.junit.Test] zero00754
2016-08-04 20:05:52,608 INFO [org.junit.Test] zero00755
2016-08-04 20:05:52,608 INFO [org.junit.Test] zero00756
2016-08-04 20:05:52,608 INFO [org.junit.Test] zero00757
2016-08-04 20:05:52,608 INFO [org.junit.Test] zero00758
2016-08-04 20:05:52,608 INFO [org.junit.Test] zero00759
2016-08-04 20:05:52,608 INFO [org.junit.Test] zero00760
2016-08-04 20:05:52,608 INFO [org.junit.Test] zero00761
2016-08-04 20:05:52,608 INFO [org.junit.Test] zero00762
2016-08-04 20:05:52,608 INFO [org.junit.Test] zero00763
2016-08-04 20:05:52,608 INFO [org.junit.Test] zero00764
2016-08-04 20:05:52,608 INFO [org.junit.Test] zero00765
2016-08-04 20:05:52,608 INFO [org.junit.Test] zero00766
2016-08-04 20:05:52,608 INFO [org.junit.Test] zero00767
2016-08-04 20:05:52,608 INFO [org.junit.Test] zero00768
2016-08-04 20:05:52,608 INFO [org.junit.Test] zero00769
2016-08-04 20:05:52,608 INFO [org.junit.Test] zero00770
2016-08-04 20:05:52,608 INFO [org.junit.Test] zero00771
2016-08-04 20:05:52,608 INFO [org.junit.Test] zero00772
2016-08-04 20:05:52,608 INFO [org.junit.Test] zero00773
2016-08-04 20:05:52,608 INFO [org.junit.Test] zero00774
2016-08-04 20:05:52,608 INFO [org.junit.Test] zero00775
2016-08-04 20:05:52,608 INFO [org.junit.Test] zero00776
2016-08-04 20:05:52,608 INFO [org.junit.Test] zero00777
2016-08-04 20:05:52,608 INFO [org.junit.Test] zero00778
2016-08-04 20:05:52,608 INFO [org.junit.Test] zero00779
2016-08-04 20:05:52,608 INFO [org.junit.Test] zero00780
2016-08-04 20:05:52,608 INFO [org.junit.Test] zero00781
2016-08-04 20:05:52,608 INFO [org.junit.Test] zero00782
2016-08-04 20:05:52,608 INFO [org.junit.Test] zero00783
2016-08-04 20:05:52,608 INFO [org.junit.Test] zero00784
2016-08-04 20:05:52,608 INFO [org.junit.Test] zero00785
2016-08-04 20:05:52,608 INFO [org.junit.Test] zero00786
2016-08-04 20:05:52,608 INFO [org.junit.Test] zero00787
2016-08-04 20:05:52,608 INFO [org.junit.Test] zero00788
2016-08-04 20:05:52,608 INFO [org.junit.Test] zero00789
2016-08-04 20:05:52,608 INFO [org.junit.Test] zero00790
2016-08-04 20:05:52,608 INFO [org.junit.Test] zero00791
2016-08-04 20:05:52,608 INFO [org.junit.Test] zero00792
2016-08-04 20:05:52,608 INFO [org.junit.Test] zero00793
2016-08-04 20:05:52,608 INFO [org.junit.Test] zero00794
2016-08-04 20:05:52,608 INFO [org.junit.Test] zero00795
2016-08-04 20:05:52,608 INFO [org.junit.Test] zero00796
2016-08-04 20:05:52,608 INFO [org.junit.Test] zero00797
2016-08-04 20:05:52,608 INFO [org.junit.Test] zero00798
2016-08-04 20:05:52,608 INFO [org.junit.Test] zero00799
2016-08-04 20:05:52,608 INFO [org.junit.Test] zero00800
2016-08-04 20:05:52,608 INFO [org.junit.Test] zero00801
2016-08-04 20:05:52,608 INFO [org.junit.Test] zero00802
2016-08-04 20:05:52,608 INFO [org.junit.Test] zero00803
2016-08-04 20:05:52,608 INFO [org.junit.Test] zero00804
2016-08-04 20:05:52,608 INFO [org.junit.Test] zero00805
2016-08-04 20:05:52,608 INFO [org.junit.Test] zero00806
2016-08-04 20:05:52,608 INFO [org.junit.Test] zero00807
2016-08-04 20:05:52,608 INFO [org.junit.Test] zero00808
2016-08-04 20:05:52,608 INFO [org.junit.Test] zero00809
2016-08-04 20:05:52,608 INFO [org.junit.Test] zero00810
2016-08-04 20:05:52,608 INFO [org.junit.Test] zero00811
2016-08-04 20:05:52,608 INFO [org.junit.Test] zero00812
2016-08-04 20:05:52,608 INFO [org.junit.Test] zero00813
2016-08-04 20:05:52,608 INFO [org.junit.Test] zero00814
2016-08-04 20:05:52,608 INFO [org.junit.Test] zero00815
2016-08-04 20:05:52,608 INFO [org.junit.Test] zero00816
2016-08-04 20:05:52,608 INFO [org.junit.Test] zero00817
2016-08-04 20:05:52,608 INFO [org.junit.Test] zero00818
2016-08-04 20:05:52,608 INFO [org.junit.Test] zero00819
2016-08-04 20:05:52,608 INFO [org.junit.Test] zero00820
2016-08-04 20:05:52,608 INFO [org.junit.Test] zero00821
2016-08-04 20:05:52,608 INFO [org.junit.Test] zero00822
2016-08-04 20:05:52,608 INFO [org.junit.Test] zero00823
2016-08-04 20:05:52,608 INFO [org.junit.Test] zero00824
2016-08-04 20:05:52,608 INFO [org.junit.Test] zero00825
2016-08-04 20:05:52,608 INFO [org.junit.Test] zero00826
2016-08-04 20:05:52,608 INFO [org.junit.Test] zero00827
2016-08-04 20:05:52,608 INFO [org.junit.Test] zero00828
2016-08-04 20:05:52,608 INFO [org.junit.Test] zero00829
2016-08-04 20:05:52,608 INFO [org.junit.Test] zero00830
2016-08-04 20:05:52,608 INFO [org.junit.Test] zero00831
2016-08-04 20:05:52,608 INFO [org.junit.Test] zero00832
2016-08-04 20:05:52,608 INFO [org.junit.Test] zero00833
2016-08-04 20:05:52,608 INFO [org.junit.Test] zero00834
2016-08-04 20:05:52,608 INFO [org.junit.Test] zero00835
2016-08-04 20:05:52,608 INFO [org.junit.Test] zero00836
2016-08-04 20:05:52,608 INFO [org.junit.Test] zero00837
2016-08-04 20:05:52,608 INFO [org.junit.Test] zero00838
2016-08-04 20:05:52,608 INFO [org.junit.Test] zero00839
2016-08-04 20:05:52,608 INFO [org.junit.Test] zero00840
2016-08-04 20:05:52,608 INFO [org.junit.Test] zero00841
2016-08-04 20:05:52,608 INFO [org.junit.Test] zero00842
2016-08-04 20:05:52,608 INFO [org.junit.Test] zero00843
2016-08-04 20:05:52,608 INFO [org.junit.Test] zero00844
2016-08-04 20:05:52,608 INFO [org.junit.Test] zero00845
2016-08-04 20:05:52,608 INFO [org.junit.Test] zero00846
2016-08-04 20:05:52,608 INFO [org.junit.Test] zero00847
2016-08-04 20:05:52,608 INFO [org.junit.Test] zero00848
2016-08-04 20:05:52,608 INFO [org.junit.Test] zero00849
2016-08-04 20:05:52,608 INFO [org.junit.Test] zero00850
2016-08-04 20:05:52,608 INFO [org.junit.Test] zero00851
2016-08-04 20:05:52,608 INFO [org.junit.Test] zero00852
2016-08-04 20:05:52,608 INFO [org.junit.Test] zero00853
2016-08-04 20:05:52,608 INFO [org.junit.Test] zero00854
2016-08-04 20:05:52,608 INFO [org.junit.Test] zero00855
2016-08-04 20:05:52,608 INFO [org.junit.Test] zero00856
2016-08-04 20:05:52,608 INFO [org.junit.Test] zero00857
2016-08-04 20:05:52,608 INFO [org.junit.Test] zero00858
2016-08-04 20:05:52,608 INFO [org.junit.Test] zero00859
2016-08-04 20:05:52,608 INFO [org.junit.Test] zero00860
2016-08-04 20:05:52,608 INFO [org.junit.Test] zero00861
2016-08-04 20:05:52,608 INFO [org.junit.Test] zero00862
2016-08-04 20:05:52,608 INFO [org.junit.Test] zero00863
2016-08-04 20:05:52,608 INFO [org.junit.Test] zero00864
2016-08-04 20:05:52,608 INFO [org.junit.Test] zero00865
2016-08-04 20:05:52,608 INFO [org.junit.Test] zero00866
2016-08-04 20:05:52,608 INFO [org.junit.Test] zero00867
2016-08-04 20:05:52,608 INFO [org.junit.Test] zero00868
2016-08-04 20:05:52,608 INFO [org.junit.Test] zero00869
2016-08-04 20:05:52,608 INFO [org.junit.Test] zero00870
2016-08-04 20:05:52,608 INFO [org.junit.Test] zero00871
2016-08-04 20:05:52,608 INFO [org.junit.Test] zero00872
2016-08-04 20:05:52,608 INFO [org.junit.Test] zero00873
2016-08-04 20:05:52,608 INFO [org.junit.Test] zero00874
2016-08-04 20:05:52,608 INFO [org.junit.Test] zero00875
2016-08-04 20:05:52,608 INFO [org.junit.Test] zero00876
2016-08-04 20:05:52,608 INFO [org.junit.Test] zero00877
2016-08-04 20:05:52,608 INFO [org.junit.Test] zero00878
2016-08-04 20:05:52,608 INFO [org.junit.Test] zero00879
2016-08-04 20:05:52,608 INFO [org.junit.Test] zero00880
2016-08-04 20:05:52,608 INFO [org.junit.Test] zero00881
2016-08-04 20:05:52,608 INFO [org.junit.Test] zero00882
2016-08-04 20:05:52,608 INFO [org.junit.Test] zero00883
2016-08-04 20:05:52,608 INFO [org.junit.Test] zero00884
2016-08-04 20:05:52,608 INFO [org.junit.Test] zero00885
2016-08-04 20:05:52,608 INFO [org.junit.Test] zero00886
2016-08-04 20:05:52,608 INFO [org.junit.Test] zero00887
2016-08-04 20:05:52,608 INFO [org.junit.Test] zero00888
2016-08-04 20:05:52,608 INFO [org.junit.Test] zero00889
2016-08-04 20:05:52,608 INFO [org.junit.Test] zero00890
2016-08-04 20:05:52,608 INFO [org.junit.Test] zero00891
2016-08-04 20:05:52,608 INFO [org.junit.Test] zero00892
2016-08-04 20:05:52,608 INFO [org.junit.Test] zero00893
2016-08-04 20:05:52,608 INFO [org.junit.Test] zero00894
2016-08-04 20:05:52,608 INFO [org.junit.Test] zero00895
2016-08-04 20:05:52,608 INFO [org.junit.Test] zero00896
2016-08-04 20:05:52,608 INFO [org.junit.Test] zero00897
2016-08-04 20:05:52,608 INFO [org.junit.Test] zero00898
2016-08-04 20:05:52,608 INFO [org.junit.Test] zero00899
2016-08-04 20:05:52,608 INFO [org.junit.Test] zero00900
2016-08-04 20:05:52,608 INFO [org.junit.Test] zero00901
2016-08-04 20:05:52,608 INFO [org.junit.Test] zero00902
2016-08-04 20:05:52,608 INFO [org.junit.Test] zero00903
2016-08-04 20:05:52,608 INFO [org.junit.Test] zero00904
2016-08-04 20:05:52,608 INFO [org.junit.Test] zero00905
2016-08-04 20:05:52,608 INFO [org.junit.Test] zero00906
2016-08-04 20:05:52,608 INFO [org.junit.Test] zero00907
2016-08-04 20:05:52,608 INFO [org.junit.Test] zero00908
2016-08-04 20:05:52,608 INFO [org.junit.Test] zero00909
2016-08-04 20:05:52,608 INFO [org.junit.Test] zero00910
2016-08-04 20:05:52,608 INFO [org.junit.Test] zero00911
2016-08-04 20:05:52,608 INFO [org.junit.Test] zero00912
2016-08-04 20:05:52,608 INFO [org.junit.Test] zero00913
2016-08-04 20:05:52,608 INFO [org.junit.Test] zero00914
2016-08-04 20:05:52,608 INFO [org.junit.Test] zero00915
2016-08-04 20:05:52,608 INFO [org.junit.Test] zero00916
2016-08-04 20:05:52,608 INFO [org.junit.Test] zero00917
2016-08-04 20:05:52,608 INFO [org.junit.Test] zero00918
2016-08-04 20:05:52,608 INFO [org.junit.Test] zero00919
2016-08-04 20:05:52,608 INFO [org.junit.Test] zero00920
2016-08-04 20:05:52,608 INFO [org.junit.Test] zero00921
2016-08-04 20:05:52,608 INFO [org.junit.Test] zero00922
2016-08-04 20:05:52,608 INFO [org.junit.Test] zero00923
2016-08-04 20:05:52,608 INFO [org.junit.Test] zero00924
2016-08-04 20:05:52,608 INFO [org.junit.Test] zero00925
2016-08-04 20:05:52,608 INFO [org.junit.Test] zero00926
2016-08-04 20:05:52,608 INFO [org.junit.Test] zero00927
2016-08-04 20:05:52,608 INFO [org.junit.Test] zero00928
2016-08-04 20:05:52,608 INFO [org.junit.Test] zero00929
2016-08-04 20:05:52,608 INFO [org.junit.Test] zero00930
2016-08-04 20:05:52,608 INFO [org.junit.Test] zero00931
2016-08-04 20:05:52,608 INFO [org.junit.Test] zero00932
2016-08-04 20:05:52,608 INFO [org.junit.Test] zero00933
2016-08-04 20:05:52,608 INFO [org.junit.Test] zero00934
2016-08-04 20:05:52,608 INFO [org.junit.Test] zero00935
2016-08-04 20:05:52,608 INFO [org.junit.Test] zero00936
2016-08-04 20:05:52,608 INFO [org.junit.Test] zero00937
2016-08-04 20:05:52,608 INFO [org.junit.Test] zero00938
2016-08-04 20:05:52,608 INFO [org.junit.Test] zero00939
2016-08-04 20:05:52,608 INFO [org.junit.Test] zero00940
2016-08-04 20:05:52,608 INFO [org.junit.Test] zero00941
2016-08-04 20:05:52,608 INFO [org.junit.Test] zero00942
2016-08-04 20:05:52,608 INFO [org.junit.Test] zero00943
2016-08-04 20:05:52,608 INFO [org.junit.Test] zero00944
2016-08-04 20:05:52,608 INFO [org.junit.Test] zero00945
2016-08-04 20:05:52,608 INFO [org.junit.Test] zero00946
2016-08-04 20:05:52,608 INFO [org.junit.Test] zero00947
2016-08-04 20:05:52,608 INFO [org.junit.Test] zero00948
2016-08-04 20:05:52,608 INFO [org.junit.Test] zero00949
2016-08-04 20:05:52,608 INFO [org.junit.Test] zero00950
2016-08-04 20:05:52,608 INFO [org.junit.Test] zero00951
2016-08-04 20:05:52,608 INFO [org.junit.Test] zero00952
2016-08-04 20:05:52,608 INFO [org.junit.Test] zero00953
2016-08-04 20:05:52,608 INFO [org.junit.Test] zero00954
2016-08-04 20:05:52,608 INFO [org.junit.Test] zero00955
2016-08-04 20:05:52,608 INFO [org.junit.Test] zero00956
2016-08-04 20:05:52,608 INFO [org.junit.Test] zero00957
2016-08-04 20:05:52,608 INFO [org.junit.Test] zero00958
2016-08-04 20:05:52,608 INFO [org.junit.Test] zero00959
2016-08-04 20:05:52,608 INFO [org.junit.Test] zero00960
2016-08-04 20:05:52,608 INFO [org.junit.Test] zero00961
2016-08-04 20:05:52,608 INFO [org.junit.Test] zero00962
2016-08-04 20:05:52,608 INFO [org.junit.Test] zero00963
2016-08-04 20:05:52,608 INFO [org.junit.Test] zero00964
2016-08-04 20:05:52,608 INFO [org.junit.Test] zero00965
2016-08-04 20:05:52,608 INFO [org.junit.Test] zero00966
2016-08-04 20:05:52,608 INFO [org.junit.Test] zero00967
2016-08-04 20:05:52,608 INFO [org.junit.Test] zero00968
2016-08-04 20:05:52,608 INFO [org.junit.Test] zero00969
2016-08-04 20:05:52,608 INFO [org.junit.Test] zero00970
2016-08-04 20:05:52,608 INFO [org.junit.Test] zero00971
2016-08-04 20:05:52,608 INFO [org.junit.Test] zero00972
2016-08-04 20:05:52,608 INFO [org.junit.Test] zero00973
2016-08-04 20:05:52,608 INFO [org.junit.Test] zero00974
2016-08-04 20:05:52,608 INFO [org.junit.Test] zero00975
2016-08-04 20:05:52,608 INFO [org.junit.Test] zero00976
2016-08-04 20:05:52,608 INFO [org.junit.Test] zero00977
2016-08-04 20:05:52,608 INFO [org.junit.Test] zero00978
2016-08-04 20:05:52,608 INFO [org.junit.Test] zero00979
2016-08-04 20:05:52,608 INFO [org.junit.Test] zero00980
2016-08-04 20:05:52,608 INFO [org.junit.Test] zero00981
2016-08-04 20:05:52,608 INFO [org.junit.Test] zero00982
2016-08-04 20:05:52,608 INFO [org.junit.Test] zero00983
2016-08-04 20:05:52,608 INFO [org.junit.Test] zero00984
2016-08-04 20:05:52,608 INFO [org.junit.Test] zero00985
2016-08-04 20:05:52,608 INFO [org.junit.Test] zero00986
2016-08-04 20:05:52,608 INFO [org.junit.Test] zero00987
2016-08-04 20:05:52,608 INFO [org.junit.Test] zero00988
2016-08-04 20:05:52,608 INFO [org.junit.Test] zero00989
2016-08-04 20:05:52,608 INFO [org.junit.Test] zero00990
2016-08-04 20:05:52,608 INFO [org.junit.Test] zero00991
2016-08-04 20:05:52,608 INFO [org.junit.Test] zero00992
2016-08-04 20:05:52,608 INFO [org.junit.Test] zero00993
2016-08-04 20:05:52,608 INFO [org.junit.Test] zero00994
2016-08-04 20:05:52,608 INFO [org.junit.Test] zero00995
2016-08-04 20:05:52,608 INFO [org.junit.Test] zero00996
2016-08-04 20:05:52,608 INFO [org.junit.Test] zero00997
2016-08-04 20:05:52,608 INFO [org.junit.Test] zero00998
2016-08-04 20:05:52,608 INFO [org.junit.Test] zero00999
2016-08-04 20:05:55,609 INFO [org.junit.Test] zero000
2016-08-04 20:05:55,609 INFO [org.junit.Test] zero001
2016-08-04 20:05:55,609 INFO [org.junit.Test] zero002
2016-08-04 20:05:55,609 INFO [org.junit.Test] zero003
2016-08-04 20:05:55,609 INFO [org.junit.Test] zero004
2016-08-04 20:05:55,609 INFO [org.junit.Test] zero005
2016-08-04 20:05:55,609 INFO [org.junit.Test] zero006
2016-08-04 20:05:55,609 INFO [org.junit.Test] zero007
2016-08-04 20:05:55,609 INFO [org.junit.Test] zero008
2016-08-04 20:05:55,609 INFO [org.junit.Test] zero009
2016-08-04 20:05:55,609 INFO [org.junit.Test] zero0010
2016-08-04 20:05:55,609 INFO [org.junit.Test] zero0011
2016-08-04 20:05:55,609 INFO [org.junit.Test] zero0012
2016-08-04 20:05:55,609 INFO [org.junit.Test] zero0013
2016-08-04 20:05:55,609 INFO [org.junit.Test] zero0014
2016-08-04 20:05:55,609 INFO [org.junit.Test] zero0015
2016-08-04 20:05:55,609 INFO [org.junit.Test] zero0016
2016-08-04 20:05:55,609 INFO [org.junit.Test] zero0017
2016-08-04 20:05:55,609 INFO [org.junit.Test] zero0018
2016-08-04 20:05:55,609 INFO [org.junit.Test] zero0019
2016-08-04 20:05:55,609 INFO [org.junit.Test] zero0020
2016-08-04 20:05:55,609 INFO [org.junit.Test] zero0021
2016-08-04 20:05:55,609 INFO [org.junit.Test] zero0022
2016-08-04 20:05:55,609 INFO [org.junit.Test] zero0023
2016-08-04 20:05:55,609 INFO [org.junit.Test] zero0024
2016-08-04 20:05:55,609 INFO [org.junit.Test] zero0025
2016-08-04 20:05:55,609 INFO [org.junit.Test] zero0026
2016-08-04 20:05:55,609 INFO [org.junit.Test] zero0027
2016-08-04 20:05:55,609 INFO [org.junit.Test] zero0028
2016-08-04 20:05:55,609 INFO [org.junit.Test] zero0029
2016-08-04 20:05:55,609 INFO [org.junit.Test] zero0030
2016-08-04 20:05:55,609 INFO [org.junit.Test] zero0031
2016-08-04 20:05:55,609 INFO [org.junit.Test] zero0032
2016-08-04 20:05:55,609 INFO [org.junit.Test] zero0033
2016-08-04 20:05:55,609 INFO [org.junit.Test] zero0034
2016-08-04 20:05:55,609 INFO [org.junit.Test] zero0035
2016-08-04 20:05:55,609 INFO [org.junit.Test] zero0036
2016-08-04 20:05:55,609 INFO [org.junit.Test] zero0037
2016-08-04 20:05:55,609 INFO [org.junit.Test] zero0038
2016-08-04 20:05:55,609 INFO [org.junit.Test] zero0039
2016-08-04 20:05:55,609 INFO [org.junit.Test] zero0040
2016-08-04 20:05:55,609 INFO [org.junit.Test] zero0041
2016-08-04 20:05:55,609 INFO [org.junit.Test] zero0042
2016-08-04 20:05:55,609 INFO [org.junit.Test] zero0043
2016-08-04 20:05:55,609 INFO [org.junit.Test] zero0044
2016-08-04 20:05:55,609 INFO [org.junit.Test] zero0045
2016-08-04 20:05:55,609 INFO [org.junit.Test] zero0046
2016-08-04 20:05:55,609 INFO [org.junit.Test] zero0047
2016-08-04 20:05:55,609 INFO [org.junit.Test] zero0048
2016-08-04 20:05:55,609 INFO [org.junit.Test] zero0049
2016-08-04 20:05:55,609 INFO [org.junit.Test] zero0050
2016-08-04 20:05:55,609 INFO [org.junit.Test] zero0051
2016-08-04 20:05:55,609 INFO [org.junit.Test] zero0052
2016-08-04 20:05:55,609 INFO [org.junit.Test] zero0053
2016-08-04 20:05:55,609 INFO [org.junit.Test] zero0054
2016-08-04 20:05:55,609 INFO [org.junit.Test] zero0055
2016-08-04 20:05:55,609 INFO [org.junit.Test] zero0056
2016-08-04 20:05:55,609 INFO [org.junit.Test] zero0057
2016-08-04 20:05:55,609 INFO [org.junit.Test] zero0058
2016-08-04 20:05:55,609 INFO [org.junit.Test] zero0059
2016-08-04 20:05:55,609 INFO [org.junit.Test] zero0060
2016-08-04 20:05:55,609 INFO [org.junit.Test] zero0061
2016-08-04 20:05:55,609 INFO [org.junit.Test] zero0062
2016-08-04 20:05:55,609 INFO [org.junit.Test] zero0063
2016-08-04 20:05:55,609 INFO [org.junit.Test] zero0064
2016-08-04 20:05:55,609 INFO [org.junit.Test] zero0065
2016-08-04 20:05:55,609 INFO [org.junit.Test] zero0066
2016-08-04 20:05:55,609 INFO [org.junit.Test] zero0067
2016-08-04 20:05:55,609 INFO [org.junit.Test] zero0068
2016-08-04 20:05:55,609 INFO [org.junit.Test] zero0069
2016-08-04 20:05:55,609 INFO [org.junit.Test] zero0070
2016-08-04 20:05:55,609 INFO [org.junit.Test] zero0071
2016-08-04 20:05:55,609 INFO [org.junit.Test] zero0072
2016-08-04 20:05:55,609 INFO [org.junit.Test] zero0073
2016-08-04 20:05:55,609 INFO [org.junit.Test] zero0074
2016-08-04 20:05:55,609 INFO [org.junit.Test] zero0075
2016-08-04 20:05:55,609 INFO [org.junit.Test] zero0076
2016-08-04 20:05:55,609 INFO [org.junit.Test] zero0077
2016-08-04 20:05:55,609 INFO [org.junit.Test] zero0078
2016-08-04 20:05:55,609 INFO [org.junit.Test] zero0079
2016-08-04 20:05:55,609 INFO [org.junit.Test] zero0080
2016-08-04 20:05:55,609 INFO [org.junit.Test] zero0081
2016-08-04 20:05:55,609 INFO [org.junit.Test] zero0082
2016-08-04 20:05:55,609 INFO [org.junit.Test] zero0083
2016-08-04 20:05:55,609 INFO [org.junit.Test] zero0084
2016-08-04 20:05:55,609 INFO [org.junit.Test] zero0085
2016-08-04 20:05:55,609 INFO [org.junit.Test] zero0086
2016-08-04 20:05:55,609 INFO [org.junit.Test] zero0087
2016-08-04 20:05:55,609 INFO [org.junit.Test] zero0088
2016-08-04 20:05:55,609 INFO [org.junit.Test] zero0089
2016-08-04 20:05:55,609 INFO [org.junit.Test] zero0090
2016-08-04 20:05:55,609 INFO [org.junit.Test] zero0091
2016-08-04 20:05:55,609 INFO [org.junit.Test] zero0092
2016-08-04 20:05:55,609 INFO [org.junit.Test] zero0093
2016-08-04 20:05:55,609 INFO [org.junit.Test] zero0094
2016-08-04 20:05:55,609 INFO [org.junit.Test] zero0095
2016-08-04 20:05:55,609 INFO [org.junit.Test] zero0096
2016-08-04 20:05:55,609 INFO [org.junit.Test] zero0097
2016-08-04 20:05:55,609 INFO [org.junit.Test] zero0098
2016-08-04 20:05:55,609 INFO [org.junit.Test] zero0099
2016-08-04 20:05:55,609 INFO [org.junit.Test] zero00100
2016-08-04 20:05:55,609 INFO [org.junit.Test] zero00101
2016-08-04 20:05:55,609 INFO [org.junit.Test] zero00102
2016-08-04 20:05:55,609 INFO [org.junit.Test] zero00103
2016-08-04 20:05:55,609 INFO [org.junit.Test] zero00104
2016-08-04 20:05:55,609 INFO [org.junit.Test] zero00105
2016-08-04 20:05:55,609 INFO [org.junit.Test] zero00106
2016-08-04 20:05:55,609 INFO [org.junit.Test] zero00107
2016-08-04 20:05:55,609 INFO [org.junit.Test] zero00108
2016-08-04 20:05:55,609 INFO [org.junit.Test] zero00109
2016-08-04 20:05:55,609 INFO [org.junit.Test] zero00110
2016-08-04 20:05:55,609 INFO [org.junit.Test] zero00111
2016-08-04 20:05:55,609 INFO [org.junit.Test] zero00112
2016-08-04 20:05:55,609 INFO [org.junit.Test] zero00113
2016-08-04 20:05:55,609 INFO [org.junit.Test] zero00114
2016-08-04 20:05:55,609 INFO [org.junit.Test] zero00115
2016-08-04 20:05:55,609 INFO [org.junit.Test] zero00116
2016-08-04 20:05:55,609 INFO [org.junit.Test] zero00117
2016-08-04 20:05:55,609 INFO [org.junit.Test] zero00118
2016-08-04 20:05:55,609 INFO [org.junit.Test] zero00119
2016-08-04 20:05:55,609 INFO [org.junit.Test] zero00120
2016-08-04 20:05:55,609 INFO [org.junit.Test] zero00121
2016-08-04 20:05:55,609 INFO [org.junit.Test] zero00122
2016-08-04 20:05:55,609 INFO [org.junit.Test] zero00123
2016-08-04 20:05:55,609 INFO [org.junit.Test] zero00124
2016-08-04 20:05:55,609 INFO [org.junit.Test] zero00125
2016-08-04 20:05:55,609 INFO [org.junit.Test] zero00126
2016-08-04 20:05:55,609 INFO [org.junit.Test] zero00127
2016-08-04 20:05:55,609 INFO [org.junit.Test] zero00128
2016-08-04 20:05:55,609 INFO [org.junit.Test] zero00129
2016-08-04 20:05:55,609 INFO [org.junit.Test] zero00130
2016-08-04 20:05:55,609 INFO [org.junit.Test] zero00131
2016-08-04 20:05:55,609 INFO [org.junit.Test] zero00132
2016-08-04 20:05:55,609 INFO [org.junit.Test] zero00133
2016-08-04 20:05:55,609 INFO [org.junit.Test] zero00134
2016-08-04 20:05:55,609 INFO [org.junit.Test] zero00135
2016-08-04 20:05:55,609 INFO [org.junit.Test] zero00136
2016-08-04 20:05:55,609 INFO [org.junit.Test] zero00137
2016-08-04 20:05:55,609 INFO [org.junit.Test] zero00138
2016-08-04 20:05:55,609 INFO [org.junit.Test] zero00139
2016-08-04 20:05:55,609 INFO [org.junit.Test] zero00140
2016-08-04 20:05:55,609 INFO [org.junit.Test] zero00141
2016-08-04 20:05:55,609 INFO [org.junit.Test] zero00142
2016-08-04 20:05:55,609 INFO [org.junit.Test] zero00143
2016-08-04 20:05:55,609 INFO [org.junit.Test] zero00144
2016-08-04 20:05:55,609 INFO [org.junit.Test] zero00145
2016-08-04 20:05:55,609 INFO [org.junit.Test] zero00146
2016-08-04 20:05:55,609 INFO [org.junit.Test] zero00147
2016-08-04 20:05:55,609 INFO [org.junit.Test] zero00148
2016-08-04 20:05:55,609 INFO [org.junit.Test] zero00149
2016-08-04 20:05:55,609 INFO [org.junit.Test] zero00150
2016-08-04 20:05:55,609 INFO [org.junit.Test] zero00151
2016-08-04 20:05:55,609 INFO [org.junit.Test] zero00152
2016-08-04 20:05:55,609 INFO [org.junit.Test] zero00153
2016-08-04 20:05:55,609 INFO [org.junit.Test] zero00154
2016-08-04 20:05:55,609 INFO [org.junit.Test] zero00155
2016-08-04 20:05:55,609 INFO [org.junit.Test] zero00156
2016-08-04 20:05:55,609 INFO [org.junit.Test] zero00157
2016-08-04 20:05:55,609 INFO [org.junit.Test] zero00158
2016-08-04 20:05:55,609 INFO [org.junit.Test] zero00159
2016-08-04 20:05:55,609 INFO [org.junit.Test] zero00160
2016-08-04 20:05:55,609 INFO [org.junit.Test] zero00161
2016-08-04 20:05:55,609 INFO [org.junit.Test] zero00162
2016-08-04 20:05:55,609 INFO [org.junit.Test] zero00163
2016-08-04 20:05:55,609 INFO [org.junit.Test] zero00164
2016-08-04 20:05:55,609 INFO [org.junit.Test] zero00165
2016-08-04 20:05:55,609 INFO [org.junit.Test] zero00166
2016-08-04 20:05:55,609 INFO [org.junit.Test] zero00167
2016-08-04 20:05:55,609 INFO [org.junit.Test] zero00168
2016-08-04 20:05:55,609 INFO [org.junit.Test] zero00169
2016-08-04 20:05:55,609 INFO [org.junit.Test] zero00170
2016-08-04 20:05:55,609 INFO [org.junit.Test] zero00171
2016-08-04 20:05:55,609 INFO [org.junit.Test] zero00172
2016-08-04 20:05:55,609 INFO [org.junit.Test] zero00173
2016-08-04 20:05:55,609 INFO [org.junit.Test] zero00174
2016-08-04 20:05:55,609 INFO [org.junit.Test] zero00175
2016-08-04 20:05:55,609 INFO [org.junit.Test] zero00176
2016-08-04 20:05:55,609 INFO [org.junit.Test] zero00177
2016-08-04 20:05:55,609 INFO [org.junit.Test] zero00178
2016-08-04 20:05:55,609 INFO [org.junit.Test] zero00179
2016-08-04 20:05:55,609 INFO [org.junit.Test] zero00180
2016-08-04 20:05:55,609 INFO [org.junit.Test] zero00181
2016-08-04 20:05:55,609 INFO [org.junit.Test] zero00182
2016-08-04 20:05:55,609 INFO [org.junit.Test] zero00183
2016-08-04 20:05:55,609 INFO [org.junit.Test] zero00184
2016-08-04 20:05:55,609 INFO [org.junit.Test] zero00185
2016-08-04 20:05:55,609 INFO [org.junit.Test] zero00186
2016-08-04 20:05:55,609 INFO [org.junit.Test] zero00187
2016-08-04 20:05:55,609 INFO [org.junit.Test] zero00188
2016-08-04 20:05:55,609 INFO [org.junit.Test] zero00189
2016-08-04 20:05:55,609 INFO [org.junit.Test] zero00190
2016-08-04 20:05:55,609 INFO [org.junit.Test] zero00191
2016-08-04 20:05:55,609 INFO [org.junit.Test] zero00192
2016-08-04 20:05:55,610 INFO [org.junit.Test] zero00193
2016-08-04 20:05:55,610 INFO [org.junit.Test] zero00194
2016-08-04 20:05:55,610 INFO [org.junit.Test] zero00195
2016-08-04 20:05:55,610 INFO [org.junit.Test] zero00196
2016-08-04 20:05:55,610 INFO [org.junit.Test] zero00197
2016-08-04 20:05:55,610 INFO [org.junit.Test] zero00198
2016-08-04 20:05:55,610 INFO [org.junit.Test] zero00199
2016-08-04 20:05:55,610 INFO [org.junit.Test] zero00200
2016-08-04 20:05:55,610 INFO [org.junit.Test] zero00201
2016-08-04 20:05:55,610 INFO [org.junit.Test] zero00202
2016-08-04 20:05:55,610 INFO [org.junit.Test] zero00203
2016-08-04 20:05:55,610 INFO [org.junit.Test] zero00204
2016-08-04 20:05:55,610 INFO [org.junit.Test] zero00205
2016-08-04 20:05:55,610 INFO [org.junit.Test] zero00206
2016-08-04 20:05:55,610 INFO [org.junit.Test] zero00207
2016-08-04 20:05:55,610 INFO [org.junit.Test] zero00208
2016-08-04 20:05:55,610 INFO [org.junit.Test] zero00209
2016-08-04 20:05:55,610 INFO [org.junit.Test] zero00210
2016-08-04 20:05:55,610 INFO [org.junit.Test] zero00211
2016-08-04 20:05:55,610 INFO [org.junit.Test] zero00212
2016-08-04 20:05:55,610 INFO [org.junit.Test] zero00213
2016-08-04 20:05:55,610 INFO [org.junit.Test] zero00214
2016-08-04 20:05:55,610 INFO [org.junit.Test] zero00215
2016-08-04 20:05:55,610 INFO [org.junit.Test] zero00216
2016-08-04 20:05:55,610 INFO [org.junit.Test] zero00217
2016-08-04 20:05:55,610 INFO [org.junit.Test] zero00218
2016-08-04 20:05:55,610 INFO [org.junit.Test] zero00219
2016-08-04 20:05:55,610 INFO [org.junit.Test] zero00220
2016-08-04 20:05:55,610 INFO [org.junit.Test] zero00221
2016-08-04 20:05:55,610 INFO [org.junit.Test] zero00222
2016-08-04 20:05:55,610 INFO [org.junit.Test] zero00223
2016-08-04 20:05:55,610 INFO [org.junit.Test] zero00224
2016-08-04 20:05:55,610 INFO [org.junit.Test] zero00225
2016-08-04 20:05:55,610 INFO [org.junit.Test] zero00226
2016-08-04 20:05:55,610 INFO [org.junit.Test] zero00227
2016-08-04 20:05:55,610 INFO [org.junit.Test] zero00228
2016-08-04 20:05:55,610 INFO [org.junit.Test] zero00229
2016-08-04 20:05:55,610 INFO [org.junit.Test] zero00230
2016-08-04 20:05:55,610 INFO [org.junit.Test] zero00231
2016-08-04 20:05:55,610 INFO [org.junit.Test] zero00232
2016-08-04 20:05:55,610 INFO [org.junit.Test] zero00233
2016-08-04 20:05:55,610 INFO [org.junit.Test] zero00234
2016-08-04 20:05:55,610 INFO [org.junit.Test] zero00235
2016-08-04 20:05:55,610 INFO [org.junit.Test] zero00236
2016-08-04 20:05:55,610 INFO [org.junit.Test] zero00237
2016-08-04 20:05:55,610 INFO [org.junit.Test] zero00238
2016-08-04 20:05:55,610 INFO [org.junit.Test] zero00239
2016-08-04 20:05:55,610 INFO [org.junit.Test] zero00240
2016-08-04 20:05:55,610 INFO [org.junit.Test] zero00241
2016-08-04 20:05:55,610 INFO [org.junit.Test] zero00242
2016-08-04 20:05:55,610 INFO [org.junit.Test] zero00243
2016-08-04 20:05:55,610 INFO [org.junit.Test] zero00244
2016-08-04 20:05:55,610 INFO [org.junit.Test] zero00245
2016-08-04 20:05:55,610 INFO [org.junit.Test] zero00246
2016-08-04 20:05:55,610 INFO [org.junit.Test] zero00247
2016-08-04 20:05:55,610 INFO [org.junit.Test] zero00248
2016-08-04 20:05:55,610 INFO [org.junit.Test] zero00249
2016-08-04 20:05:55,610 INFO [org.junit.Test] zero00250
2016-08-04 20:05:55,610 INFO [org.junit.Test] zero00251
2016-08-04 20:05:55,610 INFO [org.junit.Test] zero00252
2016-08-04 20:05:55,610 INFO [org.junit.Test] zero00253
2016-08-04 20:05:55,610 INFO [org.junit.Test] zero00254
2016-08-04 20:05:55,610 INFO [org.junit.Test] zero00255
2016-08-04 20:05:55,610 INFO [org.junit.Test] zero00256
2016-08-04 20:05:55,610 INFO [org.junit.Test] zero00257
2016-08-04 20:05:55,610 INFO [org.junit.Test] zero00258
2016-08-04 20:05:55,610 INFO [org.junit.Test] zero00259
2016-08-04 20:05:55,610 INFO [org.junit.Test] zero00260
2016-08-04 20:05:55,610 INFO [org.junit.Test] zero00261
2016-08-04 20:05:55,610 INFO [org.junit.Test] zero00262
2016-08-04 20:05:55,610 INFO [org.junit.Test] zero00263
2016-08-04 20:05:55,610 INFO [org.junit.Test] zero00264
2016-08-04 20:05:55,610 INFO [org.junit.Test] zero00265
2016-08-04 20:05:55,610 INFO [org.junit.Test] zero00266
2016-08-04 20:05:55,610 INFO [org.junit.Test] zero00267
2016-08-04 20:05:55,610 INFO [org.junit.Test] zero00268
2016-08-04 20:05:55,610 INFO [org.junit.Test] zero00269
2016-08-04 20:05:55,610 INFO [org.junit.Test] zero00270
2016-08-04 20:05:55,610 INFO [org.junit.Test] zero00271
2016-08-04 20:05:55,610 INFO [org.junit.Test] zero00272
2016-08-04 20:05:55,610 INFO [org.junit.Test] zero00273
2016-08-04 20:05:55,610 INFO [org.junit.Test] zero00274
2016-08-04 20:05:55,610 INFO [org.junit.Test] zero00275
2016-08-04 20:05:55,610 INFO [org.junit.Test] zero00276
2016-08-04 20:05:55,610 INFO [org.junit.Test] zero00277
2016-08-04 20:05:55,610 INFO [org.junit.Test] zero00278
2016-08-04 20:05:55,610 INFO [org.junit.Test] zero00279
2016-08-04 20:05:55,610 INFO [org.junit.Test] zero00280
2016-08-04 20:05:55,610 INFO [org.junit.Test] zero00281
2016-08-04 20:05:55,610 INFO [org.junit.Test] zero00282
2016-08-04 20:05:55,610 INFO [org.junit.Test] zero00283
2016-08-04 20:05:55,610 INFO [org.junit.Test] zero00284
2016-08-04 20:05:55,610 INFO [org.junit.Test] zero00285
2016-08-04 20:05:55,610 INFO [org.junit.Test] zero00286
2016-08-04 20:05:55,610 INFO [org.junit.Test] zero00287
2016-08-04 20:05:55,610 INFO [org.junit.Test] zero00288
2016-08-04 20:05:55,610 INFO [org.junit.Test] zero00289
2016-08-04 20:05:55,610 INFO [org.junit.Test] zero00290
2016-08-04 20:05:55,610 INFO [org.junit.Test] zero00291
2016-08-04 20:05:55,610 INFO [org.junit.Test] zero00292
2016-08-04 20:05:55,610 INFO [org.junit.Test] zero00293
2016-08-04 20:05:55,610 INFO [org.junit.Test] zero00294
2016-08-04 20:05:55,610 INFO [org.junit.Test] zero00295
2016-08-04 20:05:55,610 INFO [org.junit.Test] zero00296
2016-08-04 20:05:55,610 INFO [org.junit.Test] zero00297
2016-08-04 20:05:55,610 INFO [org.junit.Test] zero00298
2016-08-04 20:05:55,610 INFO [org.junit.Test] zero00299
2016-08-04 20:05:55,610 INFO [org.junit.Test] zero00300
2016-08-04 20:05:55,610 INFO [org.junit.Test] zero00301
2016-08-04 20:05:55,610 INFO [org.junit.Test] zero00302
2016-08-04 20:05:55,610 INFO [org.junit.Test] zero00303
2016-08-04 20:05:55,610 INFO [org.junit.Test] zero00304
2016-08-04 20:05:55,610 INFO [org.junit.Test] zero00305
2016-08-04 20:05:55,610 INFO [org.junit.Test] zero00306
2016-08-04 20:05:55,610 INFO [org.junit.Test] zero00307
2016-08-04 20:05:55,610 INFO [org.junit.Test] zero00308
2016-08-04 20:05:55,610 INFO [org.junit.Test] zero00309
2016-08-04 20:05:55,610 INFO [org.junit.Test] zero00310
2016-08-04 20:05:55,610 INFO [org.junit.Test] zero00311
2016-08-04 20:05:55,610 INFO [org.junit.Test] zero00312
2016-08-04 20:05:55,610 INFO [org.junit.Test] zero00313
2016-08-04 20:05:55,610 INFO [org.junit.Test] zero00314
2016-08-04 20:05:55,610 INFO [org.junit.Test] zero00315
2016-08-04 20:05:55,610 INFO [org.junit.Test] zero00316
2016-08-04 20:05:55,610 INFO [org.junit.Test] zero00317
2016-08-04 20:05:55,610 INFO [org.junit.Test] zero00318
2016-08-04 20:05:55,610 INFO [org.junit.Test] zero00319
2016-08-04 20:05:55,610 INFO [org.junit.Test] zero00320
2016-08-04 20:05:55,610 INFO [org.junit.Test] zero00321
2016-08-04 20:05:55,610 INFO [org.junit.Test] zero00322
2016-08-04 20:05:55,610 INFO [org.junit.Test] zero00323
2016-08-04 20:05:55,610 INFO [org.junit.Test] zero00324
2016-08-04 20:05:55,610 INFO [org.junit.Test] zero00325
2016-08-04 20:05:55,610 INFO [org.junit.Test] zero00326
2016-08-04 20:05:55,610 INFO [org.junit.Test] zero00327
2016-08-04 20:05:55,610 INFO [org.junit.Test] zero00328
2016-08-04 20:05:55,610 INFO [org.junit.Test] zero00329
2016-08-04 20:05:55,610 INFO [org.junit.Test] zero00330
2016-08-04 20:05:55,610 INFO [org.junit.Test] zero00331
2016-08-04 20:05:55,610 INFO [org.junit.Test] zero00332
2016-08-04 20:05:55,610 INFO [org.junit.Test] zero00333
2016-08-04 20:05:55,610 INFO [org.junit.Test] zero00334
2016-08-04 20:05:55,610 INFO [org.junit.Test] zero00335
2016-08-04 20:05:55,610 INFO [org.junit.Test] zero00336
2016-08-04 20:05:55,610 INFO [org.junit.Test] zero00337
2016-08-04 20:05:55,610 INFO [org.junit.Test] zero00338
2016-08-04 20:05:55,610 INFO [org.junit.Test] zero00339
2016-08-04 20:05:55,610 INFO [org.junit.Test] zero00340
2016-08-04 20:05:55,610 INFO [org.junit.Test] zero00341
2016-08-04 20:05:55,610 INFO [org.junit.Test] zero00342
2016-08-04 20:05:55,610 INFO [org.junit.Test] zero00343
2016-08-04 20:05:55,610 INFO [org.junit.Test] zero00344
2016-08-04 20:05:55,610 INFO [org.junit.Test] zero00345
2016-08-04 20:05:55,610 INFO [org.junit.Test] zero00346
2016-08-04 20:05:55,610 INFO [org.junit.Test] zero00347
2016-08-04 20:05:55,610 INFO [org.junit.Test] zero00348
2016-08-04 20:05:55,610 INFO [org.junit.Test] zero00349
2016-08-04 20:05:55,610 INFO [org.junit.Test] zero00350
2016-08-04 20:05:55,610 INFO [org.junit.Test] zero00351
2016-08-04 20:05:55,610 INFO [org.junit.Test] zero00352
2016-08-04 20:05:55,610 INFO [org.junit.Test] zero00353
2016-08-04 20:05:55,610 INFO [org.junit.Test] zero00354
2016-08-04 20:05:55,610 INFO [org.junit.Test] zero00355
2016-08-04 20:05:55,610 INFO [org.junit.Test] zero00356
2016-08-04 20:05:55,610 INFO [org.junit.Test] zero00357
2016-08-04 20:05:55,610 INFO [org.junit.Test] zero00358
2016-08-04 20:05:55,610 INFO [org.junit.Test] zero00359
2016-08-04 20:05:55,610 INFO [org.junit.Test] zero00360
2016-08-04 20:05:55,610 INFO [org.junit.Test] zero00361
2016-08-04 20:05:55,610 INFO [org.junit.Test] zero00362
2016-08-04 20:05:55,610 INFO [org.junit.Test] zero00363
2016-08-04 20:05:55,610 INFO [org.junit.Test] zero00364
2016-08-04 20:05:55,610 INFO [org.junit.Test] zero00365
2016-08-04 20:05:55,610 INFO [org.junit.Test] zero00366
2016-08-04 20:05:55,610 INFO [org.junit.Test] zero00367
2016-08-04 20:05:55,610 INFO [org.junit.Test] zero00368
2016-08-04 20:05:55,610 INFO [org.junit.Test] zero00369
2016-08-04 20:05:55,610 INFO [org.junit.Test] zero00370
2016-08-04 20:05:55,610 INFO [org.junit.Test] zero00371
2016-08-04 20:05:55,610 INFO [org.junit.Test] zero00372
2016-08-04 20:05:55,610 INFO [org.junit.Test] zero00373
2016-08-04 20:05:55,610 INFO [org.junit.Test] zero00374
2016-08-04 20:05:55,610 INFO [org.junit.Test] zero00375
2016-08-04 20:05:55,610 INFO [org.junit.Test] zero00376
2016-08-04 20:05:55,610 INFO [org.junit.Test] zero00377
2016-08-04 20:05:55,610 INFO [org.junit.Test] zero00378
2016-08-04 20:05:55,610 INFO [org.junit.Test] zero00379
2016-08-04 20:05:55,610 INFO [org.junit.Test] zero00380
2016-08-04 20:05:55,610 INFO [org.junit.Test] zero00381
2016-08-04 20:05:55,610 INFO [org.junit.Test] zero00382
2016-08-04 20:05:55,610 INFO [org.junit.Test] zero00383
2016-08-04 20:05:55,610 INFO [org.junit.Test] zero00384
2016-08-04 20:05:55,610 INFO [org.junit.Test] zero00385
2016-08-04 20:05:55,610 INFO [org.junit.Test] zero00386
2016-08-04 20:05:55,610 INFO [org.junit.Test] zero00387
2016-08-04 20:05:55,610 INFO [org.junit.Test] zero00388
2016-08-04 20:05:55,610 INFO [org.junit.Test] zero00389
2016-08-04 20:05:55,610 INFO [org.junit.Test] zero00390
2016-08-04 20:05:55,610 INFO [org.junit.Test] zero00391
2016-08-04 20:05:55,610 INFO [org.junit.Test] zero00392
2016-08-04 20:05:55,610 INFO [org.junit.Test] zero00393
2016-08-04 20:05:55,610 INFO [org.junit.Test] zero00394
2016-08-04 20:05:55,610 INFO [org.junit.Test] zero00395
2016-08-04 20:05:55,610 INFO [org.junit.Test] zero00396
2016-08-04 20:05:55,610 INFO [org.junit.Test] zero00397
2016-08-04 20:05:55,610 INFO [org.junit.Test] zero00398
2016-08-04 20:05:55,610 INFO [org.junit.Test] zero00399
2016-08-04 20:05:55,610 INFO [org.junit.Test] zero00400
2016-08-04 20:05:55,610 INFO [org.junit.Test] zero00401
2016-08-04 20:05:55,610 INFO [org.junit.Test] zero00402
2016-08-04 20:05:55,610 INFO [org.junit.Test] zero00403
2016-08-04 20:05:55,610 INFO [org.junit.Test] zero00404
2016-08-04 20:05:55,610 INFO [org.junit.Test] zero00405
2016-08-04 20:05:55,610 INFO [org.junit.Test] zero00406
2016-08-04 20:05:55,610 INFO [org.junit.Test] zero00407
2016-08-04 20:05:55,610 INFO [org.junit.Test] zero00408
2016-08-04 20:05:55,610 INFO [org.junit.Test] zero00409
2016-08-04 20:05:55,610 INFO [org.junit.Test] zero00410
2016-08-04 20:05:55,610 INFO [org.junit.Test] zero00411
2016-08-04 20:05:55,610 INFO [org.junit.Test] zero00412
2016-08-04 20:05:55,610 INFO [org.junit.Test] zero00413
2016-08-04 20:05:55,610 INFO [org.junit.Test] zero00414
2016-08-04 20:05:55,610 INFO [org.junit.Test] zero00415
2016-08-04 20:05:55,610 INFO [org.junit.Test] zero00416
2016-08-04 20:05:55,610 INFO [org.junit.Test] zero00417
2016-08-04 20:05:55,610 INFO [org.junit.Test] zero00418
2016-08-04 20:05:55,610 INFO [org.junit.Test] zero00419
2016-08-04 20:05:55,610 INFO [org.junit.Test] zero00420
2016-08-04 20:05:55,610 INFO [org.junit.Test] zero00421
2016-08-04 20:05:55,610 INFO [org.junit.Test] zero00422
2016-08-04 20:05:55,610 INFO [org.junit.Test] zero00423
2016-08-04 20:05:55,610 INFO [org.junit.Test] zero00424
2016-08-04 20:05:55,610 INFO [org.junit.Test] zero00425
2016-08-04 20:05:55,610 INFO [org.junit.Test] zero00426
2016-08-04 20:05:55,610 INFO [org.junit.Test] zero00427
2016-08-04 20:05:55,610 INFO [org.junit.Test] zero00428
2016-08-04 20:05:55,610 INFO [org.junit.Test] zero00429
2016-08-04 20:05:55,610 INFO [org.junit.Test] zero00430
2016-08-04 20:05:55,610 INFO [org.junit.Test] zero00431
2016-08-04 20:05:55,610 INFO [org.junit.Test] zero00432
2016-08-04 20:05:55,610 INFO [org.junit.Test] zero00433
2016-08-04 20:05:55,610 INFO [org.junit.Test] zero00434
2016-08-04 20:05:55,610 INFO [org.junit.Test] zero00435
2016-08-04 20:05:55,610 INFO [org.junit.Test] zero00436
2016-08-04 20:05:55,610 INFO [org.junit.Test] zero00437
2016-08-04 20:05:55,610 INFO [org.junit.Test] zero00438
2016-08-04 20:05:55,610 INFO [org.junit.Test] zero00439
2016-08-04 20:05:55,610 INFO [org.junit.Test] zero00440
2016-08-04 20:05:55,610 INFO [org.junit.Test] zero00441
2016-08-04 20:05:55,610 INFO [org.junit.Test] zero00442
2016-08-04 20:05:55,610 INFO [org.junit.Test] zero00443
2016-08-04 20:05:55,610 INFO [org.junit.Test] zero00444
2016-08-04 20:05:55,610 INFO [org.junit.Test] zero00445
2016-08-04 20:05:55,610 INFO [org.junit.Test] zero00446
2016-08-04 20:05:55,610 INFO [org.junit.Test] zero00447
2016-08-04 20:05:55,610 INFO [org.junit.Test] zero00448
2016-08-04 20:05:55,610 INFO [org.junit.Test] zero00449
2016-08-04 20:05:55,610 INFO [org.junit.Test] zero00450
2016-08-04 20:05:55,610 INFO [org.junit.Test] zero00451
2016-08-04 20:05:55,610 INFO [org.junit.Test] zero00452
2016-08-04 20:05:55,610 INFO [org.junit.Test] zero00453
2016-08-04 20:05:55,610 INFO [org.junit.Test] zero00454
2016-08-04 20:05:55,610 INFO [org.junit.Test] zero00455
2016-08-04 20:05:55,610 INFO [org.junit.Test] zero00456
2016-08-04 20:05:55,610 INFO [org.junit.Test] zero00457
2016-08-04 20:05:55,610 INFO [org.junit.Test] zero00458
2016-08-04 20:05:55,610 INFO [org.junit.Test] zero00459
2016-08-04 20:05:55,610 INFO [org.junit.Test] zero00460
2016-08-04 20:05:55,610 INFO [org.junit.Test] zero00461
2016-08-04 20:05:55,610 INFO [org.junit.Test] zero00462
2016-08-04 20:05:55,610 INFO [org.junit.Test] zero00463
2016-08-04 20:05:55,610 INFO [org.junit.Test] zero00464
2016-08-04 20:05:55,610 INFO [org.junit.Test] zero00465
2016-08-04 20:05:55,610 INFO [org.junit.Test] zero00466
2016-08-04 20:05:55,610 INFO [org.junit.Test] zero00467
2016-08-04 20:05:55,610 INFO [org.junit.Test] zero00468
2016-08-04 20:05:55,610 INFO [org.junit.Test] zero00469
2016-08-04 20:05:55,610 INFO [org.junit.Test] zero00470
2016-08-04 20:05:55,610 INFO [org.junit.Test] zero00471
2016-08-04 20:05:55,610 INFO [org.junit.Test] zero00472
2016-08-04 20:05:55,610 INFO [org.junit.Test] zero00473
2016-08-04 20:05:55,610 INFO [org.junit.Test] zero00474
2016-08-04 20:05:55,610 INFO [org.junit.Test] zero00475
2016-08-04 20:05:55,610 INFO [org.junit.Test] zero00476
2016-08-04 20:05:55,610 INFO [org.junit.Test] zero00477
2016-08-04 20:05:55,610 INFO [org.junit.Test] zero00478
2016-08-04 20:05:55,610 INFO [org.junit.Test] zero00479
2016-08-04 20:05:55,610 INFO [org.junit.Test] zero00480
2016-08-04 20:05:55,610 INFO [org.junit.Test] zero00481
2016-08-04 20:05:55,610 INFO [org.junit.Test] zero00482
2016-08-04 20:05:55,610 INFO [org.junit.Test] zero00483
2016-08-04 20:05:55,610 INFO [org.junit.Test] zero00484
2016-08-04 20:05:55,610 INFO [org.junit.Test] zero00485
2016-08-04 20:05:55,610 INFO [org.junit.Test] zero00486
2016-08-04 20:05:55,610 INFO [org.junit.Test] zero00487
2016-08-04 20:05:55,610 INFO [org.junit.Test] zero00488
2016-08-04 20:05:55,610 INFO [org.junit.Test] zero00489
2016-08-04 20:05:55,610 INFO [org.junit.Test] zero00490
2016-08-04 20:05:55,610 INFO [org.junit.Test] zero00491
2016-08-04 20:05:55,610 INFO [org.junit.Test] zero00492
2016-08-04 20:05:55,610 INFO [org.junit.Test] zero00493
2016-08-04 20:05:55,610 INFO [org.junit.Test] zero00494
2016-08-04 20:05:55,610 INFO [org.junit.Test] zero00495
2016-08-04 20:05:55,610 INFO [org.junit.Test] zero00496
2016-08-04 20:05:55,610 INFO [org.junit.Test] zero00497
2016-08-04 20:05:55,610 INFO [org.junit.Test] zero00498
2016-08-04 20:05:55,610 INFO [org.junit.Test] zero00499
2016-08-04 20:05:55,610 INFO [org.junit.Test] zero00500
2016-08-04 20:05:55,610 INFO [org.junit.Test] zero00501
2016-08-04 20:05:55,610 INFO [org.junit.Test] zero00502
2016-08-04 20:05:55,610 INFO [org.junit.Test] zero00503
2016-08-04 20:05:55,610 INFO [org.junit.Test] zero00504
2016-08-04 20:05:55,610 INFO [org.junit.Test] zero00505
2016-08-04 20:05:55,610 INFO [org.junit.Test] zero00506
2016-08-04 20:05:55,610 INFO [org.junit.Test] zero00507
2016-08-04 20:05:55,610 INFO [org.junit.Test] zero00508
2016-08-04 20:05:55,610 INFO [org.junit.Test] zero00509
2016-08-04 20:05:55,610 INFO [org.junit.Test] zero00510
2016-08-04 20:05:55,610 INFO [org.junit.Test] zero00511
2016-08-04 20:05:55,610 INFO [org.junit.Test] zero00512
2016-08-04 20:05:55,610 INFO [org.junit.Test] zero00513
2016-08-04 20:05:55,610 INFO [org.junit.Test] zero00514
2016-08-04 20:05:55,610 INFO [org.junit.Test] zero00515
2016-08-04 20:05:55,610 INFO [org.junit.Test] zero00516
2016-08-04 20:05:55,610 INFO [org.junit.Test] zero00517
2016-08-04 20:05:55,610 INFO [org.junit.Test] zero00518
2016-08-04 20:05:55,610 INFO [org.junit.Test] zero00519
2016-08-04 20:05:55,610 INFO [org.junit.Test] zero00520
2016-08-04 20:05:55,610 INFO [org.junit.Test] zero00521
2016-08-04 20:05:55,610 INFO [org.junit.Test] zero00522
2016-08-04 20:05:55,610 INFO [org.junit.Test] zero00523
2016-08-04 20:05:55,610 INFO [org.junit.Test] zero00524
2016-08-04 20:05:55,610 INFO [org.junit.Test] zero00525
2016-08-04 20:05:55,610 INFO [org.junit.Test] zero00526
2016-08-04 20:05:55,610 INFO [org.junit.Test] zero00527
2016-08-04 20:05:55,610 INFO [org.junit.Test] zero00528
2016-08-04 20:05:55,610 INFO [org.junit.Test] zero00529
2016-08-04 20:05:55,610 INFO [org.junit.Test] zero00530
2016-08-04 20:05:55,610 INFO [org.junit.Test] zero00531
2016-08-04 20:05:55,610 INFO [org.junit.Test] zero00532
2016-08-04 20:05:55,610 INFO [org.junit.Test] zero00533
2016-08-04 20:05:55,610 INFO [org.junit.Test] zero00534
2016-08-04 20:05:55,610 INFO [org.junit.Test] zero00535
2016-08-04 20:05:55,610 INFO [org.junit.Test] zero00536
2016-08-04 20:05:55,610 INFO [org.junit.Test] zero00537
2016-08-04 20:05:55,610 INFO [org.junit.Test] zero00538
2016-08-04 20:05:55,610 INFO [org.junit.Test] zero00539
2016-08-04 20:05:55,610 INFO [org.junit.Test] zero00540
2016-08-04 20:05:55,610 INFO [org.junit.Test] zero00541
2016-08-04 20:05:55,610 INFO [org.junit.Test] zero00542
2016-08-04 20:05:55,610 INFO [org.junit.Test] zero00543
2016-08-04 20:05:55,610 INFO [org.junit.Test] zero00544
2016-08-04 20:05:55,610 INFO [org.junit.Test] zero00545
2016-08-04 20:05:55,610 INFO [org.junit.Test] zero00546
2016-08-04 20:05:55,610 INFO [org.junit.Test] zero00547
2016-08-04 20:05:55,610 INFO [org.junit.Test] zero00548
2016-08-04 20:05:55,610 INFO [org.junit.Test] zero00549
2016-08-04 20:05:55,610 INFO [org.junit.Test] zero00550
2016-08-04 20:05:55,610 INFO [org.junit.Test] zero00551
2016-08-04 20:05:55,610 INFO [org.junit.Test] zero00552
2016-08-04 20:05:55,610 INFO [org.junit.Test] zero00553
2016-08-04 20:05:55,610 INFO [org.junit.Test] zero00554
2016-08-04 20:05:55,610 INFO [org.junit.Test] zero00555
2016-08-04 20:05:55,610 INFO [org.junit.Test] zero00556
2016-08-04 20:05:55,610 INFO [org.junit.Test] zero00557
2016-08-04 20:05:55,610 INFO [org.junit.Test] zero00558
2016-08-04 20:05:55,610 INFO [org.junit.Test] zero00559
2016-08-04 20:05:55,610 INFO [org.junit.Test] zero00560
2016-08-04 20:05:55,610 INFO [org.junit.Test] zero00561
2016-08-04 20:05:55,610 INFO [org.junit.Test] zero00562
2016-08-04 20:05:55,610 INFO [org.junit.Test] zero00563
2016-08-04 20:05:55,610 INFO [org.junit.Test] zero00564
2016-08-04 20:05:55,610 INFO [org.junit.Test] zero00565
2016-08-04 20:05:55,610 INFO [org.junit.Test] zero00566
2016-08-04 20:05:55,610 INFO [org.junit.Test] zero00567
2016-08-04 20:05:55,610 INFO [org.junit.Test] zero00568
2016-08-04 20:05:55,610 INFO [org.junit.Test] zero00569
2016-08-04 20:05:55,610 INFO [org.junit.Test] zero00570
2016-08-04 20:05:55,610 INFO [org.junit.Test] zero00571
2016-08-04 20:05:55,610 INFO [org.junit.Test] zero00572
2016-08-04 20:05:55,610 INFO [org.junit.Test] zero00573
2016-08-04 20:05:55,610 INFO [org.junit.Test] zero00574
2016-08-04 20:05:55,610 INFO [org.junit.Test] zero00575
2016-08-04 20:05:55,610 INFO [org.junit.Test] zero00576
2016-08-04 20:05:55,610 INFO [org.junit.Test] zero00577
2016-08-04 20:05:55,610 INFO [org.junit.Test] zero00578
2016-08-04 20:05:55,610 INFO [org.junit.Test] zero00579
2016-08-04 20:05:55,610 INFO [org.junit.Test] zero00580
2016-08-04 20:05:55,610 INFO [org.junit.Test] zero00581
2016-08-04 20:05:55,610 INFO [org.junit.Test] zero00582
2016-08-04 20:05:55,610 INFO [org.junit.Test] zero00583
2016-08-04 20:05:55,610 INFO [org.junit.Test] zero00584
2016-08-04 20:05:55,610 INFO [org.junit.Test] zero00585
2016-08-04 20:05:55,610 INFO [org.junit.Test] zero00586
2016-08-04 20:05:55,610 INFO [org.junit.Test] zero00587
2016-08-04 20:05:55,610 INFO [org.junit.Test] zero00588
2016-08-04 20:05:55,610 INFO [org.junit.Test] zero00589
2016-08-04 20:05:55,610 INFO [org.junit.Test] zero00590
2016-08-04 20:05:55,610 INFO [org.junit.Test] zero00591
2016-08-04 20:05:55,610 INFO [org.junit.Test] zero00592
2016-08-04 20:05:55,610 INFO [org.junit.Test] zero00593
2016-08-04 20:05:55,610 INFO [org.junit.Test] zero00594
2016-08-04 20:05:55,610 INFO [org.junit.Test] zero00595
2016-08-04 20:05:55,610 INFO [org.junit.Test] zero00596
2016-08-04 20:05:55,610 INFO [org.junit.Test] zero00597
2016-08-04 20:05:55,610 INFO [org.junit.Test] zero00598
2016-08-04 20:05:55,610 INFO [org.junit.Test] zero00599
2016-08-04 20:05:55,610 INFO [org.junit.Test] zero00600
2016-08-04 20:05:55,610 INFO [org.junit.Test] zero00601
2016-08-04 20:05:55,610 INFO [org.junit.Test] zero00602
2016-08-04 20:05:55,610 INFO [org.junit.Test] zero00603
2016-08-04 20:05:55,610 INFO [org.junit.Test] zero00604
2016-08-04 20:05:55,610 INFO [org.junit.Test] zero00605
2016-08-04 20:05:55,610 INFO [org.junit.Test] zero00606
2016-08-04 20:05:55,610 INFO [org.junit.Test] zero00607
2016-08-04 20:05:55,610 INFO [org.junit.Test] zero00608
2016-08-04 20:05:55,610 INFO [org.junit.Test] zero00609
2016-08-04 20:05:55,610 INFO [org.junit.Test] zero00610
2016-08-04 20:05:55,610 INFO [org.junit.Test] zero00611
2016-08-04 20:05:55,610 INFO [org.junit.Test] zero00612
2016-08-04 20:05:55,610 INFO [org.junit.Test] zero00613
2016-08-04 20:05:55,610 INFO [org.junit.Test] zero00614
2016-08-04 20:05:55,610 INFO [org.junit.Test] zero00615
2016-08-04 20:05:55,610 INFO [org.junit.Test] zero00616
2016-08-04 20:05:55,610 INFO [org.junit.Test] zero00617
2016-08-04 20:05:55,610 INFO [org.junit.Test] zero00618
2016-08-04 20:05:55,610 INFO [org.junit.Test] zero00619
2016-08-04 20:05:55,610 INFO [org.junit.Test] zero00620
2016-08-04 20:05:55,610 INFO [org.junit.Test] zero00621
2016-08-04 20:05:55,610 INFO [org.junit.Test] zero00622
2016-08-04 20:05:55,610 INFO [org.junit.Test] zero00623
2016-08-04 20:05:55,610 INFO [org.junit.Test] zero00624
2016-08-04 20:05:55,610 INFO [org.junit.Test] zero00625
2016-08-04 20:05:55,610 INFO [org.junit.Test] zero00626
2016-08-04 20:05:55,610 INFO [org.junit.Test] zero00627
2016-08-04 20:05:55,610 INFO [org.junit.Test] zero00628
2016-08-04 20:05:55,610 INFO [org.junit.Test] zero00629
2016-08-04 20:05:55,610 INFO [org.junit.Test] zero00630
2016-08-04 20:05:55,610 INFO [org.junit.Test] zero00631
2016-08-04 20:05:55,610 INFO [org.junit.Test] zero00632
2016-08-04 20:05:55,610 INFO [org.junit.Test] zero00633
2016-08-04 20:05:55,610 INFO [org.junit.Test] zero00634
2016-08-04 20:05:55,610 INFO [org.junit.Test] zero00635
2016-08-04 20:05:55,610 INFO [org.junit.Test] zero00636
2016-08-04 20:05:55,610 INFO [org.junit.Test] zero00637
2016-08-04 20:05:55,610 INFO [org.junit.Test] zero00638
2016-08-04 20:05:55,610 INFO [org.junit.Test] zero00639
2016-08-04 20:05:55,610 INFO [org.junit.Test] zero00640
2016-08-04 20:05:55,610 INFO [org.junit.Test] zero00641
2016-08-04 20:05:55,610 INFO [org.junit.Test] zero00642
2016-08-04 20:05:55,610 INFO [org.junit.Test] zero00643
2016-08-04 20:05:55,610 INFO [org.junit.Test] zero00644
2016-08-04 20:05:55,610 INFO [org.junit.Test] zero00645
2016-08-04 20:05:55,610 INFO [org.junit.Test] zero00646
2016-08-04 20:05:55,610 INFO [org.junit.Test] zero00647
2016-08-04 20:05:55,610 INFO [org.junit.Test] zero00648
2016-08-04 20:05:55,610 INFO [org.junit.Test] zero00649
2016-08-04 20:05:55,610 INFO [org.junit.Test] zero00650
2016-08-04 20:05:55,610 INFO [org.junit.Test] zero00651
2016-08-04 20:05:55,610 INFO [org.junit.Test] zero00652
2016-08-04 20:05:55,610 INFO [org.junit.Test] zero00653
2016-08-04 20:05:55,610 INFO [org.junit.Test] zero00654
2016-08-04 20:05:55,610 INFO [org.junit.Test] zero00655
2016-08-04 20:05:55,610 INFO [org.junit.Test] zero00656
2016-08-04 20:05:55,610 INFO [org.junit.Test] zero00657
2016-08-04 20:05:55,610 INFO [org.junit.Test] zero00658
2016-08-04 20:05:55,610 INFO [org.junit.Test] zero00659
2016-08-04 20:05:55,610 INFO [org.junit.Test] zero00660
2016-08-04 20:05:55,610 INFO [org.junit.Test] zero00661
2016-08-04 20:05:55,610 INFO [org.junit.Test] zero00662
2016-08-04 20:05:55,610 INFO [org.junit.Test] zero00663
2016-08-04 20:05:55,610 INFO [org.junit.Test] zero00664
2016-08-04 20:05:55,610 INFO [org.junit.Test] zero00665
2016-08-04 20:05:55,610 INFO [org.junit.Test] zero00666
2016-08-04 20:05:55,610 INFO [org.junit.Test] zero00667
2016-08-04 20:05:55,610 INFO [org.junit.Test] zero00668
2016-08-04 20:05:55,610 INFO [org.junit.Test] zero00669
2016-08-04 20:05:55,610 INFO [org.junit.Test] zero00670
2016-08-04 20:05:55,610 INFO [org.junit.Test] zero00671
2016-08-04 20:05:55,610 INFO [org.junit.Test] zero00672
2016-08-04 20:05:55,610 INFO [org.junit.Test] zero00673
2016-08-04 20:05:55,611 INFO [org.junit.Test] zero00674
2016-08-04 20:05:55,611 INFO [org.junit.Test] zero00675
2016-08-04 20:05:55,611 INFO [org.junit.Test] zero00676
2016-08-04 20:05:55,611 INFO [org.junit.Test] zero00677
2016-08-04 20:05:55,611 INFO [org.junit.Test] zero00678
2016-08-04 20:05:55,611 INFO [org.junit.Test] zero00679
2016-08-04 20:05:55,611 INFO [org.junit.Test] zero00680
2016-08-04 20:05:55,611 INFO [org.junit.Test] zero00681
2016-08-04 20:05:55,611 INFO [org.junit.Test] zero00682
2016-08-04 20:05:55,611 INFO [org.junit.Test] zero00683
2016-08-04 20:05:55,611 INFO [org.junit.Test] zero00684
2016-08-04 20:05:55,611 INFO [org.junit.Test] zero00685
2016-08-04 20:05:55,611 INFO [org.junit.Test] zero00686
2016-08-04 20:05:55,611 INFO [org.junit.Test] zero00687
2016-08-04 20:05:55,611 INFO [org.junit.Test] zero00688
2016-08-04 20:05:55,611 INFO [org.junit.Test] zero00689
2016-08-04 20:05:55,611 INFO [org.junit.Test] zero00690
2016-08-04 20:05:55,611 INFO [org.junit.Test] zero00691
2016-08-04 20:05:55,611 INFO [org.junit.Test] zero00692
2016-08-04 20:05:55,611 INFO [org.junit.Test] zero00693
2016-08-04 20:05:55,611 INFO [org.junit.Test] zero00694
2016-08-04 20:05:55,611 INFO [org.junit.Test] zero00695
2016-08-04 20:05:55,611 INFO [org.junit.Test] zero00696
2016-08-04 20:05:55,611 INFO [org.junit.Test] zero00697
2016-08-04 20:05:55,611 INFO [org.junit.Test] zero00698
2016-08-04 20:05:55,611 INFO [org.junit.Test] zero00699
2016-08-04 20:05:55,611 INFO [org.junit.Test] zero00700
2016-08-04 20:05:55,611 INFO [org.junit.Test] zero00701
2016-08-04 20:05:55,611 INFO [org.junit.Test] zero00702
2016-08-04 20:05:55,611 INFO [org.junit.Test] zero00703
2016-08-04 20:05:55,611 INFO [org.junit.Test] zero00704
2016-08-04 20:05:55,611 INFO [org.junit.Test] zero00705
2016-08-04 20:05:55,611 INFO [org.junit.Test] zero00706
2016-08-04 20:05:55,611 INFO [org.junit.Test] zero00707
2016-08-04 20:05:55,611 INFO [org.junit.Test] zero00708
2016-08-04 20:05:55,611 INFO [org.junit.Test] zero00709
2016-08-04 20:05:55,611 INFO [org.junit.Test] zero00710
2016-08-04 20:05:55,611 INFO [org.junit.Test] zero00711
2016-08-04 20:05:55,611 INFO [org.junit.Test] zero00712
2016-08-04 20:05:55,611 INFO [org.junit.Test] zero00713
2016-08-04 20:05:55,611 INFO [org.junit.Test] zero00714
2016-08-04 20:05:55,611 INFO [org.junit.Test] zero00715
2016-08-04 20:05:55,611 INFO [org.junit.Test] zero00716
2016-08-04 20:05:55,611 INFO [org.junit.Test] zero00717
2016-08-04 20:05:55,611 INFO [org.junit.Test] zero00718
2016-08-04 20:05:55,611 INFO [org.junit.Test] zero00719
2016-08-04 20:05:55,611 INFO [org.junit.Test] zero00720
2016-08-04 20:05:55,611 INFO [org.junit.Test] zero00721
2016-08-04 20:05:55,611 INFO [org.junit.Test] zero00722
2016-08-04 20:05:55,611 INFO [org.junit.Test] zero00723
2016-08-04 20:05:55,611 INFO [org.junit.Test] zero00724
2016-08-04 20:05:55,611 INFO [org.junit.Test] zero00725
2016-08-04 20:05:55,611 INFO [org.junit.Test] zero00726
2016-08-04 20:05:55,611 INFO [org.junit.Test] zero00727
2016-08-04 20:05:55,611 INFO [org.junit.Test] zero00728
2016-08-04 20:05:55,611 INFO [org.junit.Test] zero00729
2016-08-04 20:05:55,611 INFO [org.junit.Test] zero00730
2016-08-04 20:05:55,611 INFO [org.junit.Test] zero00731
2016-08-04 20:05:55,611 INFO [org.junit.Test] zero00732
2016-08-04 20:05:55,611 INFO [org.junit.Test] zero00733
2016-08-04 20:05:55,611 INFO [org.junit.Test] zero00734
2016-08-04 20:05:55,611 INFO [org.junit.Test] zero00735
2016-08-04 20:05:55,611 INFO [org.junit.Test] zero00736
2016-08-04 20:05:55,611 INFO [org.junit.Test] zero00737
2016-08-04 20:05:55,611 INFO [org.junit.Test] zero00738
2016-08-04 20:05:55,611 INFO [org.junit.Test] zero00739
2016-08-04 20:05:55,611 INFO [org.junit.Test] zero00740
2016-08-04 20:05:55,611 INFO [org.junit.Test] zero00741
2016-08-04 20:05:55,611 INFO [org.junit.Test] zero00742
2016-08-04 20:05:55,611 INFO [org.junit.Test] zero00743
2016-08-04 20:05:55,611 INFO [org.junit.Test] zero00744
2016-08-04 20:05:55,611 INFO [org.junit.Test] zero00745
2016-08-04 20:05:55,611 INFO [org.junit.Test] zero00746
2016-08-04 20:05:55,611 INFO [org.junit.Test] zero00747
2016-08-04 20:05:55,611 INFO [org.junit.Test] zero00748
2016-08-04 20:05:55,611 INFO [org.junit.Test] zero00749
2016-08-04 20:05:55,611 INFO [org.junit.Test] zero00750
2016-08-04 20:05:55,611 INFO [org.junit.Test] zero00751
2016-08-04 20:05:55,611 INFO [org.junit.Test] zero00752
2016-08-04 20:05:55,611 INFO [org.junit.Test] zero00753
2016-08-04 20:05:55,611 INFO [org.junit.Test] zero00754
2016-08-04 20:05:55,611 INFO [org.junit.Test] zero00755
2016-08-04 20:05:55,611 INFO [org.junit.Test] zero00756
2016-08-04 20:05:55,611 INFO [org.junit.Test] zero00757
2016-08-04 20:05:55,611 INFO [org.junit.Test] zero00758
2016-08-04 20:05:55,611 INFO [org.junit.Test] zero00759
2016-08-04 20:05:55,611 INFO [org.junit.Test] zero00760
2016-08-04 20:05:55,611 INFO [org.junit.Test] zero00761
2016-08-04 20:05:55,611 INFO [org.junit.Test] zero00762
2016-08-04 20:05:55,611 INFO [org.junit.Test] zero00763
2016-08-04 20:05:55,611 INFO [org.junit.Test] zero00764
2016-08-04 20:05:55,611 INFO [org.junit.Test] zero00765
2016-08-04 20:05:55,611 INFO [org.junit.Test] zero00766
2016-08-04 20:05:55,611 INFO [org.junit.Test] zero00767
2016-08-04 20:05:55,611 INFO [org.junit.Test] zero00768
2016-08-04 20:05:55,611 INFO [org.junit.Test] zero00769
2016-08-04 20:05:55,611 INFO [org.junit.Test] zero00770
2016-08-04 20:05:55,611 INFO [org.junit.Test] zero00771
2016-08-04 20:05:55,611 INFO [org.junit.Test] zero00772
2016-08-04 20:05:55,611 INFO [org.junit.Test] zero00773
2016-08-04 20:05:55,611 INFO [org.junit.Test] zero00774
2016-08-04 20:05:55,611 INFO [org.junit.Test] zero00775
2016-08-04 20:05:55,611 INFO [org.junit.Test] zero00776
2016-08-04 20:05:55,611 INFO [org.junit.Test] zero00777
2016-08-04 20:05:55,611 INFO [org.junit.Test] zero00778
2016-08-04 20:05:55,611 INFO [org.junit.Test] zero00779
2016-08-04 20:05:55,611 INFO [org.junit.Test] zero00780
2016-08-04 20:05:55,611 INFO [org.junit.Test] zero00781
2016-08-04 20:05:55,611 INFO [org.junit.Test] zero00782
2016-08-04 20:05:55,611 INFO [org.junit.Test] zero00783
2016-08-04 20:05:55,611 INFO [org.junit.Test] zero00784
2016-08-04 20:05:55,611 INFO [org.junit.Test] zero00785
2016-08-04 20:05:55,611 INFO [org.junit.Test] zero00786
2016-08-04 20:05:55,611 INFO [org.junit.Test] zero00787
2016-08-04 20:05:55,611 INFO [org.junit.Test] zero00788
2016-08-04 20:05:55,611 INFO [org.junit.Test] zero00789
2016-08-04 20:05:55,611 INFO [org.junit.Test] zero00790
2016-08-04 20:05:55,611 INFO [org.junit.Test] zero00791
2016-08-04 20:05:55,611 INFO [org.junit.Test] zero00792
2016-08-04 20:05:55,611 INFO [org.junit.Test] zero00793
2016-08-04 20:05:55,611 INFO [org.junit.Test] zero00794
2016-08-04 20:05:55,611 INFO [org.junit.Test] zero00795
2016-08-04 20:05:55,611 INFO [org.junit.Test] zero00796
2016-08-04 20:05:55,611 INFO [org.junit.Test] zero00797
2016-08-04 20:05:55,611 INFO [org.junit.Test] zero00798
2016-08-04 20:05:55,611 INFO [org.junit.Test] zero00799
2016-08-04 20:05:55,611 INFO [org.junit.Test] zero00800
2016-08-04 20:05:55,611 INFO [org.junit.Test] zero00801
2016-08-04 20:05:55,611 INFO [org.junit.Test] zero00802
2016-08-04 20:05:55,611 INFO [org.junit.Test] zero00803
2016-08-04 20:05:55,611 INFO [org.junit.Test] zero00804
2016-08-04 20:05:55,611 INFO [org.junit.Test] zero00805
2016-08-04 20:05:55,611 INFO [org.junit.Test] zero00806
2016-08-04 20:05:55,611 INFO [org.junit.Test] zero00807
2016-08-04 20:05:55,611 INFO [org.junit.Test] zero00808
2016-08-04 20:05:55,611 INFO [org.junit.Test] zero00809
2016-08-04 20:05:55,611 INFO [org.junit.Test] zero00810
2016-08-04 20:05:55,611 INFO [org.junit.Test] zero00811
2016-08-04 20:05:55,611 INFO [org.junit.Test] zero00812
2016-08-04 20:05:55,611 INFO [org.junit.Test] zero00813
2016-08-04 20:05:55,611 INFO [org.junit.Test] zero00814
2016-08-04 20:05:55,611 INFO [org.junit.Test] zero00815
2016-08-04 20:05:55,611 INFO [org.junit.Test] zero00816
2016-08-04 20:05:55,611 INFO [org.junit.Test] zero00817
2016-08-04 20:05:55,611 INFO [org.junit.Test] zero00818
2016-08-04 20:05:55,611 INFO [org.junit.Test] zero00819
2016-08-04 20:05:55,611 INFO [org.junit.Test] zero00820
2016-08-04 20:05:55,611 INFO [org.junit.Test] zero00821
2016-08-04 20:05:55,611 INFO [org.junit.Test] zero00822
2016-08-04 20:05:55,611 INFO [org.junit.Test] zero00823
2016-08-04 20:05:55,611 INFO [org.junit.Test] zero00824
2016-08-04 20:05:55,611 INFO [org.junit.Test] zero00825
2016-08-04 20:05:55,611 INFO [org.junit.Test] zero00826
2016-08-04 20:05:55,611 INFO [org.junit.Test] zero00827
2016-08-04 20:05:55,611 INFO [org.junit.Test] zero00828
2016-08-04 20:05:55,611 INFO [org.junit.Test] zero00829
2016-08-04 20:05:55,611 INFO [org.junit.Test] zero00830
2016-08-04 20:05:55,611 INFO [org.junit.Test] zero00831
2016-08-04 20:05:55,611 INFO [org.junit.Test] zero00832
2016-08-04 20:05:55,611 INFO [org.junit.Test] zero00833
2016-08-04 20:05:55,611 INFO [org.junit.Test] zero00834
2016-08-04 20:05:55,611 INFO [org.junit.Test] zero00835
2016-08-04 20:05:55,611 INFO [org.junit.Test] zero00836
2016-08-04 20:05:55,611 INFO [org.junit.Test] zero00837
2016-08-04 20:05:55,611 INFO [org.junit.Test] zero00838
2016-08-04 20:05:55,611 INFO [org.junit.Test] zero00839
2016-08-04 20:05:55,611 INFO [org.junit.Test] zero00840
2016-08-04 20:05:55,611 INFO [org.junit.Test] zero00841
2016-08-04 20:05:55,611 INFO [org.junit.Test] zero00842
2016-08-04 20:05:55,611 INFO [org.junit.Test] zero00843
2016-08-04 20:05:55,611 INFO [org.junit.Test] zero00844
2016-08-04 20:05:55,611 INFO [org.junit.Test] zero00845
2016-08-04 20:05:55,611 INFO [org.junit.Test] zero00846
2016-08-04 20:05:55,611 INFO [org.junit.Test] zero00847
2016-08-04 20:05:55,611 INFO [org.junit.Test] zero00848
2016-08-04 20:05:55,611 INFO [org.junit.Test] zero00849
2016-08-04 20:05:55,611 INFO [org.junit.Test] zero00850
2016-08-04 20:05:55,611 INFO [org.junit.Test] zero00851
2016-08-04 20:05:55,611 INFO [org.junit.Test] zero00852
2016-08-04 20:05:55,611 INFO [org.junit.Test] zero00853
2016-08-04 20:05:55,611 INFO [org.junit.Test] zero00854
2016-08-04 20:05:55,611 INFO [org.junit.Test] zero00855
2016-08-04 20:05:55,611 INFO [org.junit.Test] zero00856
2016-08-04 20:05:55,611 INFO [org.junit.Test] zero00857
2016-08-04 20:05:55,611 INFO [org.junit.Test] zero00858
2016-08-04 20:05:55,611 INFO [org.junit.Test] zero00859
2016-08-04 20:05:55,611 INFO [org.junit.Test] zero00860
2016-08-04 20:05:55,611 INFO [org.junit.Test] zero00861
2016-08-04 20:05:55,611 INFO [org.junit.Test] zero00862
2016-08-04 20:05:55,611 INFO [org.junit.Test] zero00863
2016-08-04 20:05:55,611 INFO [org.junit.Test] zero00864
2016-08-04 20:05:55,611 INFO [org.junit.Test] zero00865
2016-08-04 20:05:55,611 INFO [org.junit.Test] zero00866
2016-08-04 20:05:55,611 INFO [org.junit.Test] zero00867
2016-08-04 20:05:55,611 INFO [org.junit.Test] zero00868
2016-08-04 20:05:55,611 INFO [org.junit.Test] zero00869
2016-08-04 20:05:55,611 INFO [org.junit.Test] zero00870
2016-08-04 20:05:55,611 INFO [org.junit.Test] zero00871
2016-08-04 20:05:55,611 INFO [org.junit.Test] zero00872
2016-08-04 20:05:55,611 INFO [org.junit.Test] zero00873
2016-08-04 20:05:55,611 INFO [org.junit.Test] zero00874
2016-08-04 20:05:55,611 INFO [org.junit.Test] zero00875
2016-08-04 20:05:55,611 INFO [org.junit.Test] zero00876
2016-08-04 20:05:55,611 INFO [org.junit.Test] zero00877
2016-08-04 20:05:55,611 INFO [org.junit.Test] zero00878
2016-08-04 20:05:55,611 INFO [org.junit.Test] zero00879
2016-08-04 20:05:55,611 INFO [org.junit.Test] zero00880
2016-08-04 20:05:55,611 INFO [org.junit.Test] zero00881
2016-08-04 20:05:55,611 INFO [org.junit.Test] zero00882
2016-08-04 20:05:55,611 INFO [org.junit.Test] zero00883
2016-08-04 20:05:55,611 INFO [org.junit.Test] zero00884
2016-08-04 20:05:55,611 INFO [org.junit.Test] zero00885
2016-08-04 20:05:55,611 INFO [org.junit.Test] zero00886
2016-08-04 20:05:55,611 INFO [org.junit.Test] zero00887
2016-08-04 20:05:55,611 INFO [org.junit.Test] zero00888
2016-08-04 20:05:55,611 INFO [org.junit.Test] zero00889
2016-08-04 20:05:55,611 INFO [org.junit.Test] zero00890
2016-08-04 20:05:55,611 INFO [org.junit.Test] zero00891
2016-08-04 20:05:55,611 INFO [org.junit.Test] zero00892
2016-08-04 20:05:55,611 INFO [org.junit.Test] zero00893
2016-08-04 20:05:55,611 INFO [org.junit.Test] zero00894
2016-08-04 20:05:55,611 INFO [org.junit.Test] zero00895
2016-08-04 20:05:55,611 INFO [org.junit.Test] zero00896
2016-08-04 20:05:55,611 INFO [org.junit.Test] zero00897
2016-08-04 20:05:55,611 INFO [org.junit.Test] zero00898
2016-08-04 20:05:55,611 INFO [org.junit.Test] zero00899
2016-08-04 20:05:55,611 INFO [org.junit.Test] zero00900
2016-08-04 20:05:55,611 INFO [org.junit.Test] zero00901
2016-08-04 20:05:55,611 INFO [org.junit.Test] zero00902
2016-08-04 20:05:55,611 INFO [org.junit.Test] zero00903
2016-08-04 20:05:55,611 INFO [org.junit.Test] zero00904
2016-08-04 20:05:55,611 INFO [org.junit.Test] zero00905
2016-08-04 20:05:55,611 INFO [org.junit.Test] zero00906
2016-08-04 20:05:55,611 INFO [org.junit.Test] zero00907
2016-08-04 20:05:55,611 INFO [org.junit.Test] zero00908
2016-08-04 20:05:55,611 INFO [org.junit.Test] zero00909
2016-08-04 20:05:55,611 INFO [org.junit.Test] zero00910
2016-08-04 20:05:55,611 INFO [org.junit.Test] zero00911
2016-08-04 20:05:55,611 INFO [org.junit.Test] zero00912
2016-08-04 20:05:55,611 INFO [org.junit.Test] zero00913
2016-08-04 20:05:55,611 INFO [org.junit.Test] zero00914
2016-08-04 20:05:55,611 INFO [org.junit.Test] zero00915
2016-08-04 20:05:55,611 INFO [org.junit.Test] zero00916
2016-08-04 20:05:55,611 INFO [org.junit.Test] zero00917
2016-08-04 20:05:55,611 INFO [org.junit.Test] zero00918
2016-08-04 20:05:55,611 INFO [org.junit.Test] zero00919
2016-08-04 20:05:55,611 INFO [org.junit.Test] zero00920
2016-08-04 20:05:55,611 INFO [org.junit.Test] zero00921
2016-08-04 20:05:55,611 INFO [org.junit.Test] zero00922
2016-08-04 20:05:55,611 INFO [org.junit.Test] zero00923
2016-08-04 20:05:55,611 INFO [org.junit.Test] zero00924
2016-08-04 20:05:55,611 INFO [org.junit.Test] zero00925
2016-08-04 20:05:55,611 INFO [org.junit.Test] zero00926
2016-08-04 20:05:55,611 INFO [org.junit.Test] zero00927
2016-08-04 20:05:55,611 INFO [org.junit.Test] zero00928
2016-08-04 20:05:55,611 INFO [org.junit.Test] zero00929
2016-08-04 20:05:55,611 INFO [org.junit.Test] zero00930
2016-08-04 20:05:55,611 INFO [org.junit.Test] zero00931
2016-08-04 20:05:55,611 INFO [org.junit.Test] zero00932
2016-08-04 20:05:55,611 INFO [org.junit.Test] zero00933
2016-08-04 20:05:55,611 INFO [org.junit.Test] zero00934
2016-08-04 20:05:55,611 INFO [org.junit.Test] zero00935
2016-08-04 20:05:55,611 INFO [org.junit.Test] zero00936
2016-08-04 20:05:55,611 INFO [org.junit.Test] zero00937
2016-08-04 20:05:55,611 INFO [org.junit.Test] zero00938
2016-08-04 20:05:55,611 INFO [org.junit.Test] zero00939
2016-08-04 20:05:55,611 INFO [org.junit.Test] zero00940
2016-08-04 20:05:55,611 INFO [org.junit.Test] zero00941
2016-08-04 20:05:55,611 INFO [org.junit.Test] zero00942
2016-08-04 20:05:55,611 INFO [org.junit.Test] zero00943
2016-08-04 20:05:55,611 INFO [org.junit.Test] zero00944
2016-08-04 20:05:55,611 INFO [org.junit.Test] zero00945
2016-08-04 20:05:55,611 INFO [org.junit.Test] zero00946
2016-08-04 20:05:55,611 INFO [org.junit.Test] zero00947
2016-08-04 20:05:55,611 INFO [org.junit.Test] zero00948
2016-08-04 20:05:55,611 INFO [org.junit.Test] zero00949
2016-08-04 20:05:55,611 INFO [org.junit.Test] zero00950
2016-08-04 20:05:55,611 INFO [org.junit.Test] zero00951
2016-08-04 20:05:55,611 INFO [org.junit.Test] zero00952
2016-08-04 20:05:55,611 INFO [org.junit.Test] zero00953
2016-08-04 20:05:55,611 INFO [org.junit.Test] zero00954
2016-08-04 20:05:55,611 INFO [org.junit.Test] zero00955
2016-08-04 20:05:55,611 INFO [org.junit.Test] zero00956
2016-08-04 20:05:55,611 INFO [org.junit.Test] zero00957
2016-08-04 20:05:55,611 INFO [org.junit.Test] zero00958
2016-08-04 20:05:55,611 INFO [org.junit.Test] zero00959
2016-08-04 20:05:55,611 INFO [org.junit.Test] zero00960
2016-08-04 20:05:55,611 INFO [org.junit.Test] zero00961
2016-08-04 20:05:55,611 INFO [org.junit.Test] zero00962
2016-08-04 20:05:55,611 INFO [org.junit.Test] zero00963
2016-08-04 20:05:55,611 INFO [org.junit.Test] zero00964
2016-08-04 20:05:55,611 INFO [org.junit.Test] zero00965
2016-08-04 20:05:55,611 INFO [org.junit.Test] zero00966
2016-08-04 20:05:55,611 INFO [org.junit.Test] zero00967
2016-08-04 20:05:55,611 INFO [org.junit.Test] zero00968
2016-08-04 20:05:55,611 INFO [org.junit.Test] zero00969
2016-08-04 20:05:55,611 INFO [org.junit.Test] zero00970
2016-08-04 20:05:55,611 INFO [org.junit.Test] zero00971
2016-08-04 20:05:55,611 INFO [org.junit.Test] zero00972
2016-08-04 20:05:55,611 INFO [org.junit.Test] zero00973
2016-08-04 20:05:55,611 INFO [org.junit.Test] zero00974
2016-08-04 20:05:55,611 INFO [org.junit.Test] zero00975
2016-08-04 20:05:55,611 INFO [org.junit.Test] zero00976
2016-08-04 20:05:55,611 INFO [org.junit.Test] zero00977
2016-08-04 20:05:55,611 INFO [org.junit.Test] zero00978
2016-08-04 20:05:55,611 INFO [org.junit.Test] zero00979
2016-08-04 20:05:55,611 INFO [org.junit.Test] zero00980
2016-08-04 20:05:55,611 INFO [org.junit.Test] zero00981
2016-08-04 20:05:55,611 INFO [org.junit.Test] zero00982
2016-08-04 20:05:55,611 INFO [org.junit.Test] zero00983
2016-08-04 20:05:55,611 INFO [org.junit.Test] zero00984
2016-08-04 20:05:55,611 INFO [org.junit.Test] zero00985
2016-08-04 20:05:55,611 INFO [org.junit.Test] zero00986
2016-08-04 20:05:55,611 INFO [org.junit.Test] zero00987
2016-08-04 20:05:55,611 INFO [org.junit.Test] zero00988
2016-08-04 20:05:55,611 INFO [org.junit.Test] zero00989
2016-08-04 20:05:55,611 INFO [org.junit.Test] zero00990
2016-08-04 20:05:55,611 INFO [org.junit.Test] zero00991
2016-08-04 20:05:55,611 INFO [org.junit.Test] zero00992
2016-08-04 20:05:55,611 INFO [org.junit.Test] zero00993
2016-08-04 20:05:55,611 INFO [org.junit.Test] zero00994
2016-08-04 20:05:55,611 INFO [org.junit.Test] zero00995
2016-08-04 20:05:55,611 INFO [org.junit.Test] zero00996
2016-08-04 20:05:55,611 INFO [org.junit.Test] zero00997
2016-08-04 20:05:55,611 INFO [org.junit.Test] zero00998
2016-08-04 20:05:55,611 INFO [org.junit.Test] zero00999
2016-08-04 20:05:58,611 INFO [org.junit.Test] zero000
2016-08-04 20:05:58,611 INFO [org.junit.Test] zero001
2016-08-04 20:05:58,611 INFO [org.junit.Test] zero002
2016-08-04 20:05:58,611 INFO [org.junit.Test] zero003
2016-08-04 20:05:58,611 INFO [org.junit.Test] zero004
2016-08-04 20:05:58,611 INFO [org.junit.Test] zero005
2016-08-04 20:05:58,611 INFO [org.junit.Test] zero006
2016-08-04 20:05:58,611 INFO [org.junit.Test] zero007
2016-08-04 20:05:58,611 INFO [org.junit.Test] zero008
2016-08-04 20:05:58,611 INFO [org.junit.Test] zero009
2016-08-04 20:05:58,611 INFO [org.junit.Test] zero0010
2016-08-04 20:05:58,611 INFO [org.junit.Test] zero0011
2016-08-04 20:05:58,611 INFO [org.junit.Test] zero0012
2016-08-04 20:05:58,611 INFO [org.junit.Test] zero0013
2016-08-04 20:05:58,611 INFO [org.junit.Test] zero0014
2016-08-04 20:05:58,611 INFO [org.junit.Test] zero0015
2016-08-04 20:05:58,611 INFO [org.junit.Test] zero0016
2016-08-04 20:05:58,611 INFO [org.junit.Test] zero0017
2016-08-04 20:05:58,611 INFO [org.junit.Test] zero0018
2016-08-04 20:05:58,611 INFO [org.junit.Test] zero0019
2016-08-04 20:05:58,611 INFO [org.junit.Test] zero0020
2016-08-04 20:05:58,611 INFO [org.junit.Test] zero0021
2016-08-04 20:05:58,611 INFO [org.junit.Test] zero0022
2016-08-04 20:05:58,611 INFO [org.junit.Test] zero0023
2016-08-04 20:05:58,611 INFO [org.junit.Test] zero0024
2016-08-04 20:05:58,611 INFO [org.junit.Test] zero0025
2016-08-04 20:05:58,611 INFO [org.junit.Test] zero0026
2016-08-04 20:05:58,611 INFO [org.junit.Test] zero0027
2016-08-04 20:05:58,611 INFO [org.junit.Test] zero0028
2016-08-04 20:05:58,611 INFO [org.junit.Test] zero0029
2016-08-04 20:05:58,611 INFO [org.junit.Test] zero0030
2016-08-04 20:05:58,611 INFO [org.junit.Test] zero0031
2016-08-04 20:05:58,611 INFO [org.junit.Test] zero0032
2016-08-04 20:05:58,611 INFO [org.junit.Test] zero0033
2016-08-04 20:05:58,611 INFO [org.junit.Test] zero0034
2016-08-04 20:05:58,611 INFO [org.junit.Test] zero0035
2016-08-04 20:05:58,611 INFO [org.junit.Test] zero0036
2016-08-04 20:05:58,611 INFO [org.junit.Test] zero0037
2016-08-04 20:05:58,611 INFO [org.junit.Test] zero0038
2016-08-04 20:05:58,611 INFO [org.junit.Test] zero0039
2016-08-04 20:05:58,611 INFO [org.junit.Test] zero0040
2016-08-04 20:05:58,611 INFO [org.junit.Test] zero0041
2016-08-04 20:05:58,611 INFO [org.junit.Test] zero0042
2016-08-04 20:05:58,611 INFO [org.junit.Test] zero0043
2016-08-04 20:05:58,611 INFO [org.junit.Test] zero0044
2016-08-04 20:05:58,611 INFO [org.junit.Test] zero0045
2016-08-04 20:05:58,611 INFO [org.junit.Test] zero0046
2016-08-04 20:05:58,611 INFO [org.junit.Test] zero0047
2016-08-04 20:05:58,611 INFO [org.junit.Test] zero0048
2016-08-04 20:05:58,611 INFO [org.junit.Test] zero0049
2016-08-04 20:05:58,611 INFO [org.junit.Test] zero0050
2016-08-04 20:05:58,611 INFO [org.junit.Test] zero0051
2016-08-04 20:05:58,611 INFO [org.junit.Test] zero0052
2016-08-04 20:05:58,611 INFO [org.junit.Test] zero0053
2016-08-04 20:05:58,611 INFO [org.junit.Test] zero0054
2016-08-04 20:05:58,611 INFO [org.junit.Test] zero0055
2016-08-04 20:05:58,611 INFO [org.junit.Test] zero0056
2016-08-04 20:05:58,611 INFO [org.junit.Test] zero0057
2016-08-04 20:05:58,611 INFO [org.junit.Test] zero0058
2016-08-04 20:05:58,611 INFO [org.junit.Test] zero0059
2016-08-04 20:05:58,611 INFO [org.junit.Test] zero0060
2016-08-04 20:05:58,611 INFO [org.junit.Test] zero0061
2016-08-04 20:05:58,611 INFO [org.junit.Test] zero0062
2016-08-04 20:05:58,611 INFO [org.junit.Test] zero0063
2016-08-04 20:05:58,611 INFO [org.junit.Test] zero0064
2016-08-04 20:05:58,611 INFO [org.junit.Test] zero0065
2016-08-04 20:05:58,611 INFO [org.junit.Test] zero0066
2016-08-04 20:05:58,611 INFO [org.junit.Test] zero0067
2016-08-04 20:05:58,611 INFO [org.junit.Test] zero0068
2016-08-04 20:05:58,611 INFO [org.junit.Test] zero0069
2016-08-04 20:05:58,611 INFO [org.junit.Test] zero0070
2016-08-04 20:05:58,611 INFO [org.junit.Test] zero0071
2016-08-04 20:05:58,611 INFO [org.junit.Test] zero0072
2016-08-04 20:05:58,611 INFO [org.junit.Test] zero0073
2016-08-04 20:05:58,611 INFO [org.junit.Test] zero0074
2016-08-04 20:05:58,611 INFO [org.junit.Test] zero0075
2016-08-04 20:05:58,611 INFO [org.junit.Test] zero0076
2016-08-04 20:05:58,611 INFO [org.junit.Test] zero0077
2016-08-04 20:05:58,611 INFO [org.junit.Test] zero0078
2016-08-04 20:05:58,611 INFO [org.junit.Test] zero0079
2016-08-04 20:05:58,611 INFO [org.junit.Test] zero0080
2016-08-04 20:05:58,611 INFO [org.junit.Test] zero0081
2016-08-04 20:05:58,611 INFO [org.junit.Test] zero0082
2016-08-04 20:05:58,611 INFO [org.junit.Test] zero0083
2016-08-04 20:05:58,611 INFO [org.junit.Test] zero0084
2016-08-04 20:05:58,611 INFO [org.junit.Test] zero0085
2016-08-04 20:05:58,611 INFO [org.junit.Test] zero0086
2016-08-04 20:05:58,611 INFO [org.junit.Test] zero0087
2016-08-04 20:05:58,611 INFO [org.junit.Test] zero0088
2016-08-04 20:05:58,611 INFO [org.junit.Test] zero0089
2016-08-04 20:05:58,611 INFO [org.junit.Test] zero0090
2016-08-04 20:05:58,611 INFO [org.junit.Test] zero0091
2016-08-04 20:05:58,611 INFO [org.junit.Test] zero0092
2016-08-04 20:05:58,611 INFO [org.junit.Test] zero0093
2016-08-04 20:05:58,611 INFO [org.junit.Test] zero0094
2016-08-04 20:05:58,611 INFO [org.junit.Test] zero0095
2016-08-04 20:05:58,611 INFO [org.junit.Test] zero0096
2016-08-04 20:05:58,611 INFO [org.junit.Test] zero0097
2016-08-04 20:05:58,611 INFO [org.junit.Test] zero0098
2016-08-04 20:05:58,611 INFO [org.junit.Test] zero0099
2016-08-04 20:05:58,611 INFO [org.junit.Test] zero00100
2016-08-04 20:05:58,611 INFO [org.junit.Test] zero00101
2016-08-04 20:05:58,611 INFO [org.junit.Test] zero00102
2016-08-04 20:05:58,611 INFO [org.junit.Test] zero00103
2016-08-04 20:05:58,611 INFO [org.junit.Test] zero00104
2016-08-04 20:05:58,611 INFO [org.junit.Test] zero00105
2016-08-04 20:05:58,611 INFO [org.junit.Test] zero00106
2016-08-04 20:05:58,611 INFO [org.junit.Test] zero00107
2016-08-04 20:05:58,611 INFO [org.junit.Test] zero00108
2016-08-04 20:05:58,611 INFO [org.junit.Test] zero00109
2016-08-04 20:05:58,611 INFO [org.junit.Test] zero00110
2016-08-04 20:05:58,611 INFO [org.junit.Test] zero00111
2016-08-04 20:05:58,611 INFO [org.junit.Test] zero00112
2016-08-04 20:05:58,611 INFO [org.junit.Test] zero00113
2016-08-04 20:05:58,611 INFO [org.junit.Test] zero00114
2016-08-04 20:05:58,611 INFO [org.junit.Test] zero00115
2016-08-04 20:05:58,611 INFO [org.junit.Test] zero00116
2016-08-04 20:05:58,611 INFO [org.junit.Test] zero00117
2016-08-04 20:05:58,611 INFO [org.junit.Test] zero00118
2016-08-04 20:05:58,611 INFO [org.junit.Test] zero00119
2016-08-04 20:05:58,611 INFO [org.junit.Test] zero00120
2016-08-04 20:05:58,611 INFO [org.junit.Test] zero00121
2016-08-04 20:05:58,611 INFO [org.junit.Test] zero00122
2016-08-04 20:05:58,611 INFO [org.junit.Test] zero00123
2016-08-04 20:05:58,611 INFO [org.junit.Test] zero00124
2016-08-04 20:05:58,611 INFO [org.junit.Test] zero00125
2016-08-04 20:05:58,611 INFO [org.junit.Test] zero00126
2016-08-04 20:05:58,611 INFO [org.junit.Test] zero00127
2016-08-04 20:05:58,611 INFO [org.junit.Test] zero00128
2016-08-04 20:05:58,611 INFO [org.junit.Test] zero00129
2016-08-04 20:05:58,611 INFO [org.junit.Test] zero00130
2016-08-04 20:05:58,611 INFO [org.junit.Test] zero00131
2016-08-04 20:05:58,611 INFO [org.junit.Test] zero00132
2016-08-04 20:05:58,611 INFO [org.junit.Test] zero00133
2016-08-04 20:05:58,611 INFO [org.junit.Test] zero00134
2016-08-04 20:05:58,611 INFO [org.junit.Test] zero00135
2016-08-04 20:05:58,611 INFO [org.junit.Test] zero00136
2016-08-04 20:05:58,611 INFO [org.junit.Test] zero00137
2016-08-04 20:05:58,611 INFO [org.junit.Test] zero00138
2016-08-04 20:05:58,611 INFO [org.junit.Test] zero00139
2016-08-04 20:05:58,611 INFO [org.junit.Test] zero00140
2016-08-04 20:05:58,611 INFO [org.junit.Test] zero00141
2016-08-04 20:05:58,611 INFO [org.junit.Test] zero00142
2016-08-04 20:05:58,611 INFO [org.junit.Test] zero00143
2016-08-04 20:05:58,611 INFO [org.junit.Test] zero00144
2016-08-04 20:05:58,611 INFO [org.junit.Test] zero00145
2016-08-04 20:05:58,611 INFO [org.junit.Test] zero00146
2016-08-04 20:05:58,611 INFO [org.junit.Test] zero00147
2016-08-04 20:05:58,611 INFO [org.junit.Test] zero00148
2016-08-04 20:05:58,611 INFO [org.junit.Test] zero00149
2016-08-04 20:05:58,611 INFO [org.junit.Test] zero00150
2016-08-04 20:05:58,611 INFO [org.junit.Test] zero00151
2016-08-04 20:05:58,611 INFO [org.junit.Test] zero00152
2016-08-04 20:05:58,611 INFO [org.junit.Test] zero00153
2016-08-04 20:05:58,611 INFO [org.junit.Test] zero00154
2016-08-04 20:05:58,611 INFO [org.junit.Test] zero00155
2016-08-04 20:05:58,611 INFO [org.junit.Test] zero00156
2016-08-04 20:05:58,611 INFO [org.junit.Test] zero00157
2016-08-04 20:05:58,611 INFO [org.junit.Test] zero00158
2016-08-04 20:05:58,611 INFO [org.junit.Test] zero00159
2016-08-04 20:05:58,611 INFO [org.junit.Test] zero00160
2016-08-04 20:05:58,611 INFO [org.junit.Test] zero00161
2016-08-04 20:05:58,611 INFO [org.junit.Test] zero00162
2016-08-04 20:05:58,611 INFO [org.junit.Test] zero00163
2016-08-04 20:05:58,611 INFO [org.junit.Test] zero00164
2016-08-04 20:05:58,611 INFO [org.junit.Test] zero00165
2016-08-04 20:05:58,611 INFO [org.junit.Test] zero00166
2016-08-04 20:05:58,611 INFO [org.junit.Test] zero00167
2016-08-04 20:05:58,611 INFO [org.junit.Test] zero00168
2016-08-04 20:05:58,611 INFO [org.junit.Test] zero00169
2016-08-04 20:05:58,611 INFO [org.junit.Test] zero00170
2016-08-04 20:05:58,611 INFO [org.junit.Test] zero00171
2016-08-04 20:05:58,611 INFO [org.junit.Test] zero00172
2016-08-04 20:05:58,611 INFO [org.junit.Test] zero00173
2016-08-04 20:05:58,611 INFO [org.junit.Test] zero00174
2016-08-04 20:05:58,611 INFO [org.junit.Test] zero00175
2016-08-04 20:05:58,611 INFO [org.junit.Test] zero00176
2016-08-04 20:05:58,611 INFO [org.junit.Test] zero00177
2016-08-04 20:05:58,611 INFO [org.junit.Test] zero00178
2016-08-04 20:05:58,611 INFO [org.junit.Test] zero00179
2016-08-04 20:05:58,611 INFO [org.junit.Test] zero00180
2016-08-04 20:05:58,611 INFO [org.junit.Test] zero00181
2016-08-04 20:05:58,611 INFO [org.junit.Test] zero00182
2016-08-04 20:05:58,611 INFO [org.junit.Test] zero00183
2016-08-04 20:05:58,611 INFO [org.junit.Test] zero00184
2016-08-04 20:05:58,611 INFO [org.junit.Test] zero00185
2016-08-04 20:05:58,611 INFO [org.junit.Test] zero00186
2016-08-04 20:05:58,611 INFO [org.junit.Test] zero00187
2016-08-04 20:05:58,611 INFO [org.junit.Test] zero00188
2016-08-04 20:05:58,611 INFO [org.junit.Test] zero00189
2016-08-04 20:05:58,611 INFO [org.junit.Test] zero00190
2016-08-04 20:05:58,611 INFO [org.junit.Test] zero00191
2016-08-04 20:05:58,611 INFO [org.junit.Test] zero00192
2016-08-04 20:05:58,611 INFO [org.junit.Test] zero00193
2016-08-04 20:05:58,611 INFO [org.junit.Test] zero00194
2016-08-04 20:05:58,611 INFO [org.junit.Test] zero00195
2016-08-04 20:05:58,611 INFO [org.junit.Test] zero00196
2016-08-04 20:05:58,611 INFO [org.junit.Test] zero00197
2016-08-04 20:05:58,611 INFO [org.junit.Test] zero00198
2016-08-04 20:05:58,611 INFO [org.junit.Test] zero00199
2016-08-04 20:05:58,611 INFO [org.junit.Test] zero00200
2016-08-04 20:05:58,611 INFO [org.junit.Test] zero00201
2016-08-04 20:05:58,611 INFO [org.junit.Test] zero00202
2016-08-04 20:05:58,611 INFO [org.junit.Test] zero00203
2016-08-04 20:05:58,611 INFO [org.junit.Test] zero00204
2016-08-04 20:05:58,611 INFO [org.junit.Test] zero00205
2016-08-04 20:05:58,611 INFO [org.junit.Test] zero00206
2016-08-04 20:05:58,611 INFO [org.junit.Test] zero00207
2016-08-04 20:05:58,611 INFO [org.junit.Test] zero00208
2016-08-04 20:05:58,611 INFO [org.junit.Test] zero00209
2016-08-04 20:05:58,611 INFO [org.junit.Test] zero00210
2016-08-04 20:05:58,611 INFO [org.junit.Test] zero00211
2016-08-04 20:05:58,611 INFO [org.junit.Test] zero00212
2016-08-04 20:05:58,611 INFO [org.junit.Test] zero00213
2016-08-04 20:05:58,611 INFO [org.junit.Test] zero00214
2016-08-04 20:05:58,611 INFO [org.junit.Test] zero00215
2016-08-04 20:05:58,611 INFO [org.junit.Test] zero00216
2016-08-04 20:05:58,611 INFO [org.junit.Test] zero00217
2016-08-04 20:05:58,611 INFO [org.junit.Test] zero00218
2016-08-04 20:05:58,611 INFO [org.junit.Test] zero00219
2016-08-04 20:05:58,611 INFO [org.junit.Test] zero00220
2016-08-04 20:05:58,611 INFO [org.junit.Test] zero00221
2016-08-04 20:05:58,611 INFO [org.junit.Test] zero00222
2016-08-04 20:05:58,611 INFO [org.junit.Test] zero00223
2016-08-04 20:05:58,611 INFO [org.junit.Test] zero00224
2016-08-04 20:05:58,611 INFO [org.junit.Test] zero00225
2016-08-04 20:05:58,611 INFO [org.junit.Test] zero00226
2016-08-04 20:05:58,611 INFO [org.junit.Test] zero00227
2016-08-04 20:05:58,611 INFO [org.junit.Test] zero00228
2016-08-04 20:05:58,611 INFO [org.junit.Test] zero00229
2016-08-04 20:05:58,611 INFO [org.junit.Test] zero00230
2016-08-04 20:05:58,611 INFO [org.junit.Test] zero00231
2016-08-04 20:05:58,611 INFO [org.junit.Test] zero00232
2016-08-04 20:05:58,611 INFO [org.junit.Test] zero00233
2016-08-04 20:05:58,611 INFO [org.junit.Test] zero00234
2016-08-04 20:05:58,611 INFO [org.junit.Test] zero00235
2016-08-04 20:05:58,611 INFO [org.junit.Test] zero00236
2016-08-04 20:05:58,611 INFO [org.junit.Test] zero00237
2016-08-04 20:05:58,611 INFO [org.junit.Test] zero00238
2016-08-04 20:05:58,611 INFO [org.junit.Test] zero00239
2016-08-04 20:05:58,611 INFO [org.junit.Test] zero00240
2016-08-04 20:05:58,611 INFO [org.junit.Test] zero00241
2016-08-04 20:05:58,611 INFO [org.junit.Test] zero00242
2016-08-04 20:05:58,611 INFO [org.junit.Test] zero00243
2016-08-04 20:05:58,611 INFO [org.junit.Test] zero00244
2016-08-04 20:05:58,611 INFO [org.junit.Test] zero00245
2016-08-04 20:05:58,611 INFO [org.junit.Test] zero00246
2016-08-04 20:05:58,611 INFO [org.junit.Test] zero00247
2016-08-04 20:05:58,611 INFO [org.junit.Test] zero00248
2016-08-04 20:05:58,611 INFO [org.junit.Test] zero00249
2016-08-04 20:05:58,611 INFO [org.junit.Test] zero00250
2016-08-04 20:05:58,611 INFO [org.junit.Test] zero00251
2016-08-04 20:05:58,611 INFO [org.junit.Test] zero00252
2016-08-04 20:05:58,611 INFO [org.junit.Test] zero00253
2016-08-04 20:05:58,611 INFO [org.junit.Test] zero00254
2016-08-04 20:05:58,611 INFO [org.junit.Test] zero00255
2016-08-04 20:05:58,611 INFO [org.junit.Test] zero00256
2016-08-04 20:05:58,611 INFO [org.junit.Test] zero00257
2016-08-04 20:05:58,611 INFO [org.junit.Test] zero00258
2016-08-04 20:05:58,611 INFO [org.junit.Test] zero00259
2016-08-04 20:05:58,611 INFO [org.junit.Test] zero00260
2016-08-04 20:05:58,611 INFO [org.junit.Test] zero00261
2016-08-04 20:05:58,611 INFO [org.junit.Test] zero00262
2016-08-04 20:05:58,611 INFO [org.junit.Test] zero00263
2016-08-04 20:05:58,611 INFO [org.junit.Test] zero00264
2016-08-04 20:05:58,611 INFO [org.junit.Test] zero00265
2016-08-04 20:05:58,611 INFO [org.junit.Test] zero00266
2016-08-04 20:05:58,611 INFO [org.junit.Test] zero00267
2016-08-04 20:05:58,611 INFO [org.junit.Test] zero00268
2016-08-04 20:05:58,611 INFO [org.junit.Test] zero00269
2016-08-04 20:05:58,611 INFO [org.junit.Test] zero00270
2016-08-04 20:05:58,611 INFO [org.junit.Test] zero00271
2016-08-04 20:05:58,611 INFO [org.junit.Test] zero00272
2016-08-04 20:05:58,611 INFO [org.junit.Test] zero00273
2016-08-04 20:05:58,611 INFO [org.junit.Test] zero00274
2016-08-04 20:05:58,611 INFO [org.junit.Test] zero00275
2016-08-04 20:05:58,611 INFO [org.junit.Test] zero00276
2016-08-04 20:05:58,611 INFO [org.junit.Test] zero00277
2016-08-04 20:05:58,611 INFO [org.junit.Test] zero00278
2016-08-04 20:05:58,611 INFO [org.junit.Test] zero00279
2016-08-04 20:05:58,611 INFO [org.junit.Test] zero00280
2016-08-04 20:05:58,611 INFO [org.junit.Test] zero00281
2016-08-04 20:05:58,611 INFO [org.junit.Test] zero00282
2016-08-04 20:05:58,611 INFO [org.junit.Test] zero00283
2016-08-04 20:05:58,611 INFO [org.junit.Test] zero00284
2016-08-04 20:05:58,611 INFO [org.junit.Test] zero00285
2016-08-04 20:05:58,611 INFO [org.junit.Test] zero00286
2016-08-04 20:05:58,611 INFO [org.junit.Test] zero00287
2016-08-04 20:05:58,611 INFO [org.junit.Test] zero00288
2016-08-04 20:05:58,611 INFO [org.junit.Test] zero00289
2016-08-04 20:05:58,611 INFO [org.junit.Test] zero00290
2016-08-04 20:05:58,611 INFO [org.junit.Test] zero00291
2016-08-04 20:05:58,611 INFO [org.junit.Test] zero00292
2016-08-04 20:05:58,611 INFO [org.junit.Test] zero00293
2016-08-04 20:05:58,611 INFO [org.junit.Test] zero00294
2016-08-04 20:05:58,611 INFO [org.junit.Test] zero00295
2016-08-04 20:05:58,611 INFO [org.junit.Test] zero00296
2016-08-04 20:05:58,611 INFO [org.junit.Test] zero00297
2016-08-04 20:05:58,611 INFO [org.junit.Test] zero00298
2016-08-04 20:05:58,611 INFO [org.junit.Test] zero00299
2016-08-04 20:05:58,611 INFO [org.junit.Test] zero00300
2016-08-04 20:05:58,611 INFO [org.junit.Test] zero00301
2016-08-04 20:05:58,611 INFO [org.junit.Test] zero00302
2016-08-04 20:05:58,611 INFO [org.junit.Test] zero00303
2016-08-04 20:05:58,611 INFO [org.junit.Test] zero00304
2016-08-04 20:05:58,611 INFO [org.junit.Test] zero00305
2016-08-04 20:05:58,611 INFO [org.junit.Test] zero00306
2016-08-04 20:05:58,611 INFO [org.junit.Test] zero00307
2016-08-04 20:05:58,611 INFO [org.junit.Test] zero00308
2016-08-04 20:05:58,611 INFO [org.junit.Test] zero00309
2016-08-04 20:05:58,611 INFO [org.junit.Test] zero00310
2016-08-04 20:05:58,611 INFO [org.junit.Test] zero00311
2016-08-04 20:05:58,611 INFO [org.junit.Test] zero00312
2016-08-04 20:05:58,611 INFO [org.junit.Test] zero00313
2016-08-04 20:05:58,611 INFO [org.junit.Test] zero00314
2016-08-04 20:05:58,611 INFO [org.junit.Test] zero00315
2016-08-04 20:05:58,611 INFO [org.junit.Test] zero00316
2016-08-04 20:05:58,611 INFO [org.junit.Test] zero00317
2016-08-04 20:05:58,611 INFO [org.junit.Test] zero00318
2016-08-04 20:05:58,611 INFO [org.junit.Test] zero00319
2016-08-04 20:05:58,611 INFO [org.junit.Test] zero00320
2016-08-04 20:05:58,611 INFO [org.junit.Test] zero00321
2016-08-04 20:05:58,611 INFO [org.junit.Test] zero00322
2016-08-04 20:05:58,611 INFO [org.junit.Test] zero00323
2016-08-04 20:05:58,611 INFO [org.junit.Test] zero00324
2016-08-04 20:05:58,611 INFO [org.junit.Test] zero00325
2016-08-04 20:05:58,611 INFO [org.junit.Test] zero00326
2016-08-04 20:05:58,611 INFO [org.junit.Test] zero00327
2016-08-04 20:05:58,611 INFO [org.junit.Test] zero00328
2016-08-04 20:05:58,611 INFO [org.junit.Test] zero00329
2016-08-04 20:05:58,611 INFO [org.junit.Test] zero00330
2016-08-04 20:05:58,611 INFO [org.junit.Test] zero00331
2016-08-04 20:05:58,611 INFO [org.junit.Test] zero00332
2016-08-04 20:05:58,611 INFO [org.junit.Test] zero00333
2016-08-04 20:05:58,611 INFO [org.junit.Test] zero00334
2016-08-04 20:05:58,611 INFO [org.junit.Test] zero00335
2016-08-04 20:05:58,611 INFO [org.junit.Test] zero00336
2016-08-04 20:05:58,611 INFO [org.junit.Test] zero00337
2016-08-04 20:05:58,611 INFO [org.junit.Test] zero00338
2016-08-04 20:05:58,611 INFO [org.junit.Test] zero00339
2016-08-04 20:05:58,611 INFO [org.junit.Test] zero00340
2016-08-04 20:05:58,611 INFO [org.junit.Test] zero00341
2016-08-04 20:05:58,611 INFO [org.junit.Test] zero00342
2016-08-04 20:05:58,611 INFO [org.junit.Test] zero00343
2016-08-04 20:05:58,611 INFO [org.junit.Test] zero00344
2016-08-04 20:05:58,611 INFO [org.junit.Test] zero00345
2016-08-04 20:05:58,611 INFO [org.junit.Test] zero00346
2016-08-04 20:05:58,611 INFO [org.junit.Test] zero00347
2016-08-04 20:05:58,611 INFO [org.junit.Test] zero00348
2016-08-04 20:05:58,611 INFO [org.junit.Test] zero00349
2016-08-04 20:05:58,611 INFO [org.junit.Test] zero00350
2016-08-04 20:05:58,611 INFO [org.junit.Test] zero00351
2016-08-04 20:05:58,611 INFO [org.junit.Test] zero00352
2016-08-04 20:05:58,611 INFO [org.junit.Test] zero00353
2016-08-04 20:05:58,611 INFO [org.junit.Test] zero00354
2016-08-04 20:05:58,611 INFO [org.junit.Test] zero00355
2016-08-04 20:05:58,611 INFO [org.junit.Test] zero00356
2016-08-04 20:05:58,611 INFO [org.junit.Test] zero00357
2016-08-04 20:05:58,611 INFO [org.junit.Test] zero00358
2016-08-04 20:05:58,611 INFO [org.junit.Test] zero00359
2016-08-04 20:05:58,611 INFO [org.junit.Test] zero00360
2016-08-04 20:05:58,611 INFO [org.junit.Test] zero00361
2016-08-04 20:05:58,611 INFO [org.junit.Test] zero00362
2016-08-04 20:05:58,611 INFO [org.junit.Test] zero00363
2016-08-04 20:05:58,611 INFO [org.junit.Test] zero00364
2016-08-04 20:05:58,611 INFO [org.junit.Test] zero00365
2016-08-04 20:05:58,611 INFO [org.junit.Test] zero00366
2016-08-04 20:05:58,611 INFO [org.junit.Test] zero00367
2016-08-04 20:05:58,611 INFO [org.junit.Test] zero00368
2016-08-04 20:05:58,611 INFO [org.junit.Test] zero00369
2016-08-04 20:05:58,611 INFO [org.junit.Test] zero00370
2016-08-04 20:05:58,611 INFO [org.junit.Test] zero00371
2016-08-04 20:05:58,611 INFO [org.junit.Test] zero00372
2016-08-04 20:05:58,611 INFO [org.junit.Test] zero00373
2016-08-04 20:05:58,611 INFO [org.junit.Test] zero00374
2016-08-04 20:05:58,611 INFO [org.junit.Test] zero00375
2016-08-04 20:05:58,611 INFO [org.junit.Test] zero00376
2016-08-04 20:05:58,611 INFO [org.junit.Test] zero00377
2016-08-04 20:05:58,611 INFO [org.junit.Test] zero00378
2016-08-04 20:05:58,611 INFO [org.junit.Test] zero00379
2016-08-04 20:05:58,611 INFO [org.junit.Test] zero00380
2016-08-04 20:05:58,611 INFO [org.junit.Test] zero00381
2016-08-04 20:05:58,611 INFO [org.junit.Test] zero00382
2016-08-04 20:05:58,611 INFO [org.junit.Test] zero00383
2016-08-04 20:05:58,611 INFO [org.junit.Test] zero00384
2016-08-04 20:05:58,611 INFO [org.junit.Test] zero00385
2016-08-04 20:05:58,611 INFO [org.junit.Test] zero00386
2016-08-04 20:05:58,611 INFO [org.junit.Test] zero00387
2016-08-04 20:05:58,611 INFO [org.junit.Test] zero00388
2016-08-04 20:05:58,611 INFO [org.junit.Test] zero00389
2016-08-04 20:05:58,611 INFO [org.junit.Test] zero00390
2016-08-04 20:05:58,611 INFO [org.junit.Test] zero00391
2016-08-04 20:05:58,611 INFO [org.junit.Test] zero00392
2016-08-04 20:05:58,611 INFO [org.junit.Test] zero00393
2016-08-04 20:05:58,611 INFO [org.junit.Test] zero00394
2016-08-04 20:05:58,611 INFO [org.junit.Test] zero00395
2016-08-04 20:05:58,611 INFO [org.junit.Test] zero00396
2016-08-04 20:05:58,611 INFO [org.junit.Test] zero00397
2016-08-04 20:05:58,611 INFO [org.junit.Test] zero00398
2016-08-04 20:05:58,611 INFO [org.junit.Test] zero00399
2016-08-04 20:05:58,611 INFO [org.junit.Test] zero00400
2016-08-04 20:05:58,611 INFO [org.junit.Test] zero00401
2016-08-04 20:05:58,611 INFO [org.junit.Test] zero00402
2016-08-04 20:05:58,611 INFO [org.junit.Test] zero00403
2016-08-04 20:05:58,611 INFO [org.junit.Test] zero00404
2016-08-04 20:05:58,611 INFO [org.junit.Test] zero00405
2016-08-04 20:05:58,611 INFO [org.junit.Test] zero00406
2016-08-04 20:05:58,611 INFO [org.junit.Test] zero00407
2016-08-04 20:05:58,611 INFO [org.junit.Test] zero00408
2016-08-04 20:05:58,611 INFO [org.junit.Test] zero00409
2016-08-04 20:05:58,611 INFO [org.junit.Test] zero00410
2016-08-04 20:05:58,611 INFO [org.junit.Test] zero00411
2016-08-04 20:05:58,611 INFO [org.junit.Test] zero00412
2016-08-04 20:05:58,611 INFO [org.junit.Test] zero00413
2016-08-04 20:05:58,611 INFO [org.junit.Test] zero00414
2016-08-04 20:05:58,611 INFO [org.junit.Test] zero00415
2016-08-04 20:05:58,611 INFO [org.junit.Test] zero00416
2016-08-04 20:05:58,611 INFO [org.junit.Test] zero00417
2016-08-04 20:05:58,611 INFO [org.junit.Test] zero00418
2016-08-04 20:05:58,611 INFO [org.junit.Test] zero00419
2016-08-04 20:05:58,611 INFO [org.junit.Test] zero00420
2016-08-04 20:05:58,611 INFO [org.junit.Test] zero00421
2016-08-04 20:05:58,611 INFO [org.junit.Test] zero00422
2016-08-04 20:05:58,611 INFO [org.junit.Test] zero00423
2016-08-04 20:05:58,611 INFO [org.junit.Test] zero00424
2016-08-04 20:05:58,611 INFO [org.junit.Test] zero00425
2016-08-04 20:05:58,611 INFO [org.junit.Test] zero00426
2016-08-04 20:05:58,611 INFO [org.junit.Test] zero00427
2016-08-04 20:05:58,611 INFO [org.junit.Test] zero00428
2016-08-04 20:05:58,611 INFO [org.junit.Test] zero00429
2016-08-04 20:05:58,611 INFO [org.junit.Test] zero00430
2016-08-04 20:05:58,611 INFO [org.junit.Test] zero00431
2016-08-04 20:05:58,611 INFO [org.junit.Test] zero00432
2016-08-04 20:05:58,611 INFO [org.junit.Test] zero00433
2016-08-04 20:05:58,611 INFO [org.junit.Test] zero00434
2016-08-04 20:05:58,611 INFO [org.junit.Test] zero00435
2016-08-04 20:05:58,611 INFO [org.junit.Test] zero00436
2016-08-04 20:05:58,611 INFO [org.junit.Test] zero00437
2016-08-04 20:05:58,611 INFO [org.junit.Test] zero00438
2016-08-04 20:05:58,611 INFO [org.junit.Test] zero00439
2016-08-04 20:05:58,611 INFO [org.junit.Test] zero00440
2016-08-04 20:05:58,611 INFO [org.junit.Test] zero00441
2016-08-04 20:05:58,611 INFO [org.junit.Test] zero00442
2016-08-04 20:05:58,611 INFO [org.junit.Test] zero00443
2016-08-04 20:05:58,611 INFO [org.junit.Test] zero00444
2016-08-04 20:05:58,611 INFO [org.junit.Test] zero00445
2016-08-04 20:05:58,611 INFO [org.junit.Test] zero00446
2016-08-04 20:05:58,611 INFO [org.junit.Test] zero00447
2016-08-04 20:05:58,611 INFO [org.junit.Test] zero00448
2016-08-04 20:05:58,611 INFO [org.junit.Test] zero00449
2016-08-04 20:05:58,611 INFO [org.junit.Test] zero00450
2016-08-04 20:05:58,612 INFO [org.junit.Test] zero00451
2016-08-04 20:05:58,612 INFO [org.junit.Test] zero00452
2016-08-04 20:05:58,612 INFO [org.junit.Test] zero00453
2016-08-04 20:05:58,612 INFO [org.junit.Test] zero00454
2016-08-04 20:05:58,612 INFO [org.junit.Test] zero00455
2016-08-04 20:05:58,612 INFO [org.junit.Test] zero00456
2016-08-04 20:05:58,612 INFO [org.junit.Test] zero00457
2016-08-04 20:05:58,612 INFO [org.junit.Test] zero00458
2016-08-04 20:05:58,612 INFO [org.junit.Test] zero00459
2016-08-04 20:05:58,612 INFO [org.junit.Test] zero00460
2016-08-04 20:05:58,612 INFO [org.junit.Test] zero00461
2016-08-04 20:05:58,612 INFO [org.junit.Test] zero00462
2016-08-04 20:05:58,612 INFO [org.junit.Test] zero00463
2016-08-04 20:05:58,612 INFO [org.junit.Test] zero00464
2016-08-04 20:05:58,612 INFO [org.junit.Test] zero00465
2016-08-04 20:05:58,612 INFO [org.junit.Test] zero00466
2016-08-04 20:05:58,612 INFO [org.junit.Test] zero00467
2016-08-04 20:05:58,612 INFO [org.junit.Test] zero00468
2016-08-04 20:05:58,612 INFO [org.junit.Test] zero00469
2016-08-04 20:05:58,612 INFO [org.junit.Test] zero00470
2016-08-04 20:05:58,612 INFO [org.junit.Test] zero00471
2016-08-04 20:05:58,612 INFO [org.junit.Test] zero00472
2016-08-04 20:05:58,612 INFO [org.junit.Test] zero00473
2016-08-04 20:05:58,612 INFO [org.junit.Test] zero00474
2016-08-04 20:05:58,612 INFO [org.junit.Test] zero00475
2016-08-04 20:05:58,612 INFO [org.junit.Test] zero00476
2016-08-04 20:05:58,612 INFO [org.junit.Test] zero00477
2016-08-04 20:05:58,612 INFO [org.junit.Test] zero00478
2016-08-04 20:05:58,612 INFO [org.junit.Test] zero00479
2016-08-04 20:05:58,612 INFO [org.junit.Test] zero00480
2016-08-04 20:05:58,612 INFO [org.junit.Test] zero00481
2016-08-04 20:05:58,612 INFO [org.junit.Test] zero00482
2016-08-04 20:05:58,612 INFO [org.junit.Test] zero00483
2016-08-04 20:05:58,612 INFO [org.junit.Test] zero00484
2016-08-04 20:05:58,612 INFO [org.junit.Test] zero00485
2016-08-04 20:05:58,612 INFO [org.junit.Test] zero00486
2016-08-04 20:05:58,612 INFO [org.junit.Test] zero00487
2016-08-04 20:05:58,612 INFO [org.junit.Test] zero00488
2016-08-04 20:05:58,612 INFO [org.junit.Test] zero00489
2016-08-04 20:05:58,612 INFO [org.junit.Test] zero00490
2016-08-04 20:05:58,612 INFO [org.junit.Test] zero00491
2016-08-04 20:05:58,612 INFO [org.junit.Test] zero00492
2016-08-04 20:05:58,612 INFO [org.junit.Test] zero00493
2016-08-04 20:05:58,612 INFO [org.junit.Test] zero00494
2016-08-04 20:05:58,612 INFO [org.junit.Test] zero00495
2016-08-04 20:05:58,612 INFO [org.junit.Test] zero00496
2016-08-04 20:05:58,612 INFO [org.junit.Test] zero00497
2016-08-04 20:05:58,612 INFO [org.junit.Test] zero00498
2016-08-04 20:05:58,612 INFO [org.junit.Test] zero00499
2016-08-04 20:05:58,612 INFO [org.junit.Test] zero00500
2016-08-04 20:05:58,612 INFO [org.junit.Test] zero00501
2016-08-04 20:05:58,612 INFO [org.junit.Test] zero00502
2016-08-04 20:05:58,612 INFO [org.junit.Test] zero00503
2016-08-04 20:05:58,612 INFO [org.junit.Test] zero00504
2016-08-04 20:05:58,612 INFO [org.junit.Test] zero00505
2016-08-04 20:05:58,612 INFO [org.junit.Test] zero00506
2016-08-04 20:05:58,612 INFO [org.junit.Test] zero00507
2016-08-04 20:05:58,612 INFO [org.junit.Test] zero00508
2016-08-04 20:05:58,612 INFO [org.junit.Test] zero00509
2016-08-04 20:05:58,612 INFO [org.junit.Test] zero00510
2016-08-04 20:05:58,612 INFO [org.junit.Test] zero00511
2016-08-04 20:05:58,612 INFO [org.junit.Test] zero00512
2016-08-04 20:05:58,612 INFO [org.junit.Test] zero00513
2016-08-04 20:05:58,612 INFO [org.junit.Test] zero00514
2016-08-04 20:05:58,612 INFO [org.junit.Test] zero00515
2016-08-04 20:05:58,612 INFO [org.junit.Test] zero00516
2016-08-04 20:05:58,612 INFO [org.junit.Test] zero00517
2016-08-04 20:05:58,612 INFO [org.junit.Test] zero00518
2016-08-04 20:05:58,612 INFO [org.junit.Test] zero00519
2016-08-04 20:05:58,612 INFO [org.junit.Test] zero00520
2016-08-04 20:05:58,612 INFO [org.junit.Test] zero00521
2016-08-04 20:05:58,612 INFO [org.junit.Test] zero00522
2016-08-04 20:05:58,612 INFO [org.junit.Test] zero00523
2016-08-04 20:05:58,612 INFO [org.junit.Test] zero00524
2016-08-04 20:05:58,612 INFO [org.junit.Test] zero00525
2016-08-04 20:05:58,612 INFO [org.junit.Test] zero00526
2016-08-04 20:05:58,612 INFO [org.junit.Test] zero00527
2016-08-04 20:05:58,612 INFO [org.junit.Test] zero00528
2016-08-04 20:05:58,612 INFO [org.junit.Test] zero00529
2016-08-04 20:05:58,612 INFO [org.junit.Test] zero00530
2016-08-04 20:05:58,612 INFO [org.junit.Test] zero00531
2016-08-04 20:05:58,612 INFO [org.junit.Test] zero00532
2016-08-04 20:05:58,612 INFO [org.junit.Test] zero00533
2016-08-04 20:05:58,612 INFO [org.junit.Test] zero00534
2016-08-04 20:05:58,612 INFO [org.junit.Test] zero00535
2016-08-04 20:05:58,612 INFO [org.junit.Test] zero00536
2016-08-04 20:05:58,612 INFO [org.junit.Test] zero00537
2016-08-04 20:05:58,612 INFO [org.junit.Test] zero00538
2016-08-04 20:05:58,612 INFO [org.junit.Test] zero00539
2016-08-04 20:05:58,612 INFO [org.junit.Test] zero00540
2016-08-04 20:05:58,612 INFO [org.junit.Test] zero00541
2016-08-04 20:05:58,612 INFO [org.junit.Test] zero00542
2016-08-04 20:05:58,612 INFO [org.junit.Test] zero00543
2016-08-04 20:05:58,612 INFO [org.junit.Test] zero00544
2016-08-04 20:05:58,612 INFO [org.junit.Test] zero00545
2016-08-04 20:05:58,612 INFO [org.junit.Test] zero00546
2016-08-04 20:05:58,612 INFO [org.junit.Test] zero00547
2016-08-04 20:05:58,612 INFO [org.junit.Test] zero00548
2016-08-04 20:05:58,612 INFO [org.junit.Test] zero00549
2016-08-04 20:05:58,612 INFO [org.junit.Test] zero00550
2016-08-04 20:05:58,612 INFO [org.junit.Test] zero00551
2016-08-04 20:05:58,612 INFO [org.junit.Test] zero00552
2016-08-04 20:05:58,612 INFO [org.junit.Test] zero00553
2016-08-04 20:05:58,612 INFO [org.junit.Test] zero00554
2016-08-04 20:05:58,612 INFO [org.junit.Test] zero00555
2016-08-04 20:05:58,612 INFO [org.junit.Test] zero00556
2016-08-04 20:05:58,612 INFO [org.junit.Test] zero00557
2016-08-04 20:05:58,612 INFO [org.junit.Test] zero00558
2016-08-04 20:05:58,612 INFO [org.junit.Test] zero00559
2016-08-04 20:05:58,612 INFO [org.junit.Test] zero00560
2016-08-04 20:05:58,612 INFO [org.junit.Test] zero00561
2016-08-04 20:05:58,612 INFO [org.junit.Test] zero00562
2016-08-04 20:05:58,612 INFO [org.junit.Test] zero00563
2016-08-04 20:05:58,612 INFO [org.junit.Test] zero00564
2016-08-04 20:05:58,612 INFO [org.junit.Test] zero00565
2016-08-04 20:05:58,612 INFO [org.junit.Test] zero00566
2016-08-04 20:05:58,612 INFO [org.junit.Test] zero00567
2016-08-04 20:05:58,612 INFO [org.junit.Test] zero00568
2016-08-04 20:05:58,612 INFO [org.junit.Test] zero00569
2016-08-04 20:05:58,612 INFO [org.junit.Test] zero00570
2016-08-04 20:05:58,612 INFO [org.junit.Test] zero00571
2016-08-04 20:05:58,612 INFO [org.junit.Test] zero00572
2016-08-04 20:05:58,612 INFO [org.junit.Test] zero00573
2016-08-04 20:05:58,612 INFO [org.junit.Test] zero00574
2016-08-04 20:05:58,612 INFO [org.junit.Test] zero00575
2016-08-04 20:05:58,612 INFO [org.junit.Test] zero00576
2016-08-04 20:05:58,612 INFO [org.junit.Test] zero00577
2016-08-04 20:05:58,612 INFO [org.junit.Test] zero00578
2016-08-04 20:05:58,612 INFO [org.junit.Test] zero00579
2016-08-04 20:05:58,612 INFO [org.junit.Test] zero00580
2016-08-04 20:05:58,612 INFO [org.junit.Test] zero00581
2016-08-04 20:05:58,612 INFO [org.junit.Test] zero00582
2016-08-04 20:05:58,612 INFO [org.junit.Test] zero00583
2016-08-04 20:05:58,612 INFO [org.junit.Test] zero00584
2016-08-04 20:05:58,612 INFO [org.junit.Test] zero00585
2016-08-04 20:05:58,612 INFO [org.junit.Test] zero00586
2016-08-04 20:05:58,612 INFO [org.junit.Test] zero00587
2016-08-04 20:05:58,612 INFO [org.junit.Test] zero00588
2016-08-04 20:05:58,612 INFO [org.junit.Test] zero00589
2016-08-04 20:05:58,612 INFO [org.junit.Test] zero00590
2016-08-04 20:05:58,612 INFO [org.junit.Test] zero00591
2016-08-04 20:05:58,612 INFO [org.junit.Test] zero00592
2016-08-04 20:05:58,612 INFO [org.junit.Test] zero00593
2016-08-04 20:05:58,612 INFO [org.junit.Test] zero00594
2016-08-04 20:05:58,612 INFO [org.junit.Test] zero00595
2016-08-04 20:05:58,612 INFO [org.junit.Test] zero00596
2016-08-04 20:05:58,612 INFO [org.junit.Test] zero00597
2016-08-04 20:05:58,612 INFO [org.junit.Test] zero00598
2016-08-04 20:05:58,612 INFO [org.junit.Test] zero00599
2016-08-04 20:05:58,612 INFO [org.junit.Test] zero00600
2016-08-04 20:05:58,612 INFO [org.junit.Test] zero00601
2016-08-04 20:05:58,612 INFO [org.junit.Test] zero00602
2016-08-04 20:05:58,612 INFO [org.junit.Test] zero00603
2016-08-04 20:05:58,612 INFO [org.junit.Test] zero00604
2016-08-04 20:05:58,612 INFO [org.junit.Test] zero00605
2016-08-04 20:05:58,612 INFO [org.junit.Test] zero00606
2016-08-04 20:05:58,612 INFO [org.junit.Test] zero00607
2016-08-04 20:05:58,612 INFO [org.junit.Test] zero00608
2016-08-04 20:05:58,612 INFO [org.junit.Test] zero00609
2016-08-04 20:05:58,612 INFO [org.junit.Test] zero00610
2016-08-04 20:05:58,612 INFO [org.junit.Test] zero00611
2016-08-04 20:05:58,612 INFO [org.junit.Test] zero00612
2016-08-04 20:05:58,612 INFO [org.junit.Test] zero00613
2016-08-04 20:05:58,612 INFO [org.junit.Test] zero00614
2016-08-04 20:05:58,612 INFO [org.junit.Test] zero00615
2016-08-04 20:05:58,612 INFO [org.junit.Test] zero00616
2016-08-04 20:05:58,612 INFO [org.junit.Test] zero00617
2016-08-04 20:05:58,612 INFO [org.junit.Test] zero00618
2016-08-04 20:05:58,612 INFO [org.junit.Test] zero00619
2016-08-04 20:05:58,612 INFO [org.junit.Test] zero00620
2016-08-04 20:05:58,612 INFO [org.junit.Test] zero00621
2016-08-04 20:05:58,612 INFO [org.junit.Test] zero00622
2016-08-04 20:05:58,612 INFO [org.junit.Test] zero00623
2016-08-04 20:05:58,612 INFO [org.junit.Test] zero00624
2016-08-04 20:05:58,612 INFO [org.junit.Test] zero00625
2016-08-04 20:05:58,612 INFO [org.junit.Test] zero00626
2016-08-04 20:05:58,612 INFO [org.junit.Test] zero00627
2016-08-04 20:05:58,612 INFO [org.junit.Test] zero00628
2016-08-04 20:05:58,612 INFO [org.junit.Test] zero00629
2016-08-04 20:05:58,612 INFO [org.junit.Test] zero00630
2016-08-04 20:05:58,612 INFO [org.junit.Test] zero00631
2016-08-04 20:05:58,612 INFO [org.junit.Test] zero00632
2016-08-04 20:05:58,612 INFO [org.junit.Test] zero00633
2016-08-04 20:05:58,612 INFO [org.junit.Test] zero00634
2016-08-04 20:05:58,612 INFO [org.junit.Test] zero00635
2016-08-04 20:05:58,612 INFO [org.junit.Test] zero00636
2016-08-04 20:05:58,612 INFO [org.junit.Test] zero00637
2016-08-04 20:05:58,612 INFO [org.junit.Test] zero00638
2016-08-04 20:05:58,612 INFO [org.junit.Test] zero00639
2016-08-04 20:05:58,612 INFO [org.junit.Test] zero00640
2016-08-04 20:05:58,612 INFO [org.junit.Test] zero00641
2016-08-04 20:05:58,612 INFO [org.junit.Test] zero00642
2016-08-04 20:05:58,612 INFO [org.junit.Test] zero00643
2016-08-04 20:05:58,612 INFO [org.junit.Test] zero00644
2016-08-04 20:05:58,612 INFO [org.junit.Test] zero00645
2016-08-04 20:05:58,612 INFO [org.junit.Test] zero00646
2016-08-04 20:05:58,612 INFO [org.junit.Test] zero00647
2016-08-04 20:05:58,612 INFO [org.junit.Test] zero00648
2016-08-04 20:05:58,612 INFO [org.junit.Test] zero00649
2016-08-04 20:05:58,612 INFO [org.junit.Test] zero00650
2016-08-04 20:05:58,612 INFO [org.junit.Test] zero00651
2016-08-04 20:05:58,612 INFO [org.junit.Test] zero00652
2016-08-04 20:05:58,612 INFO [org.junit.Test] zero00653
2016-08-04 20:05:58,612 INFO [org.junit.Test] zero00654
2016-08-04 20:05:58,612 INFO [org.junit.Test] zero00655
2016-08-04 20:05:58,612 INFO [org.junit.Test] zero00656
2016-08-04 20:05:58,612 INFO [org.junit.Test] zero00657
2016-08-04 20:05:58,612 INFO [org.junit.Test] zero00658
2016-08-04 20:05:58,612 INFO [org.junit.Test] zero00659
2016-08-04 20:05:58,612 INFO [org.junit.Test] zero00660
2016-08-04 20:05:58,612 INFO [org.junit.Test] zero00661
2016-08-04 20:05:58,612 INFO [org.junit.Test] zero00662
2016-08-04 20:05:58,612 INFO [org.junit.Test] zero00663
2016-08-04 20:05:58,612 INFO [org.junit.Test] zero00664
2016-08-04 20:05:58,612 INFO [org.junit.Test] zero00665
2016-08-04 20:05:58,612 INFO [org.junit.Test] zero00666
2016-08-04 20:05:58,612 INFO [org.junit.Test] zero00667
2016-08-04 20:05:58,612 INFO [org.junit.Test] zero00668
2016-08-04 20:05:58,612 INFO [org.junit.Test] zero00669
2016-08-04 20:05:58,612 INFO [org.junit.Test] zero00670
2016-08-04 20:05:58,612 INFO [org.junit.Test] zero00671
2016-08-04 20:05:58,612 INFO [org.junit.Test] zero00672
2016-08-04 20:05:58,612 INFO [org.junit.Test] zero00673
2016-08-04 20:05:58,612 INFO [org.junit.Test] zero00674
2016-08-04 20:05:58,612 INFO [org.junit.Test] zero00675
2016-08-04 20:05:58,612 INFO [org.junit.Test] zero00676
2016-08-04 20:05:58,612 INFO [org.junit.Test] zero00677
2016-08-04 20:05:58,612 INFO [org.junit.Test] zero00678
2016-08-04 20:05:58,612 INFO [org.junit.Test] zero00679
2016-08-04 20:05:58,612 INFO [org.junit.Test] zero00680
2016-08-04 20:05:58,612 INFO [org.junit.Test] zero00681
2016-08-04 20:05:58,612 INFO [org.junit.Test] zero00682
2016-08-04 20:05:58,612 INFO [org.junit.Test] zero00683
2016-08-04 20:05:58,612 INFO [org.junit.Test] zero00684
2016-08-04 20:05:58,612 INFO [org.junit.Test] zero00685
2016-08-04 20:05:58,612 INFO [org.junit.Test] zero00686
2016-08-04 20:05:58,612 INFO [org.junit.Test] zero00687
2016-08-04 20:05:58,612 INFO [org.junit.Test] zero00688
2016-08-04 20:05:58,612 INFO [org.junit.Test] zero00689
2016-08-04 20:05:58,612 INFO [org.junit.Test] zero00690
2016-08-04 20:05:58,612 INFO [org.junit.Test] zero00691
2016-08-04 20:05:58,612 INFO [org.junit.Test] zero00692
2016-08-04 20:05:58,612 INFO [org.junit.Test] zero00693
2016-08-04 20:05:58,612 INFO [org.junit.Test] zero00694
2016-08-04 20:05:58,612 INFO [org.junit.Test] zero00695
2016-08-04 20:05:58,612 INFO [org.junit.Test] zero00696
2016-08-04 20:05:58,612 INFO [org.junit.Test] zero00697
2016-08-04 20:05:58,612 INFO [org.junit.Test] zero00698
2016-08-04 20:05:58,612 INFO [org.junit.Test] zero00699
2016-08-04 20:05:58,612 INFO [org.junit.Test] zero00700
2016-08-04 20:05:58,612 INFO [org.junit.Test] zero00701
2016-08-04 20:05:58,612 INFO [org.junit.Test] zero00702
2016-08-04 20:05:58,612 INFO [org.junit.Test] zero00703
2016-08-04 20:05:58,612 INFO [org.junit.Test] zero00704
2016-08-04 20:05:58,612 INFO [org.junit.Test] zero00705
2016-08-04 20:05:58,612 INFO [org.junit.Test] zero00706
2016-08-04 20:05:58,612 INFO [org.junit.Test] zero00707
2016-08-04 20:05:58,612 INFO [org.junit.Test] zero00708
2016-08-04 20:05:58,612 INFO [org.junit.Test] zero00709
2016-08-04 20:05:58,612 INFO [org.junit.Test] zero00710
2016-08-04 20:05:58,612 INFO [org.junit.Test] zero00711
2016-08-04 20:05:58,612 INFO [org.junit.Test] zero00712
2016-08-04 20:05:58,612 INFO [org.junit.Test] zero00713
2016-08-04 20:05:58,612 INFO [org.junit.Test] zero00714
2016-08-04 20:05:58,612 INFO [org.junit.Test] zero00715
2016-08-04 20:05:58,612 INFO [org.junit.Test] zero00716
2016-08-04 20:05:58,612 INFO [org.junit.Test] zero00717
2016-08-04 20:05:58,612 INFO [org.junit.Test] zero00718
2016-08-04 20:05:58,612 INFO [org.junit.Test] zero00719
2016-08-04 20:05:58,612 INFO [org.junit.Test] zero00720
2016-08-04 20:05:58,612 INFO [org.junit.Test] zero00721
2016-08-04 20:05:58,612 INFO [org.junit.Test] zero00722
2016-08-04 20:05:58,612 INFO [org.junit.Test] zero00723
2016-08-04 20:05:58,612 INFO [org.junit.Test] zero00724
2016-08-04 20:05:58,612 INFO [org.junit.Test] zero00725
2016-08-04 20:05:58,612 INFO [org.junit.Test] zero00726
2016-08-04 20:05:58,612 INFO [org.junit.Test] zero00727
2016-08-04 20:05:58,612 INFO [org.junit.Test] zero00728
2016-08-04 20:05:58,612 INFO [org.junit.Test] zero00729
2016-08-04 20:05:58,612 INFO [org.junit.Test] zero00730
2016-08-04 20:05:58,612 INFO [org.junit.Test] zero00731
2016-08-04 20:05:58,612 INFO [org.junit.Test] zero00732
2016-08-04 20:05:58,612 INFO [org.junit.Test] zero00733
2016-08-04 20:05:58,612 INFO [org.junit.Test] zero00734
2016-08-04 20:05:58,612 INFO [org.junit.Test] zero00735
2016-08-04 20:05:58,612 INFO [org.junit.Test] zero00736
2016-08-04 20:05:58,612 INFO [org.junit.Test] zero00737
2016-08-04 20:05:58,612 INFO [org.junit.Test] zero00738
2016-08-04 20:05:58,612 INFO [org.junit.Test] zero00739
2016-08-04 20:05:58,612 INFO [org.junit.Test] zero00740
2016-08-04 20:05:58,612 INFO [org.junit.Test] zero00741
2016-08-04 20:05:58,612 INFO [org.junit.Test] zero00742
2016-08-04 20:05:58,612 INFO [org.junit.Test] zero00743
2016-08-04 20:05:58,612 INFO [org.junit.Test] zero00744
2016-08-04 20:05:58,612 INFO [org.junit.Test] zero00745
2016-08-04 20:05:58,612 INFO [org.junit.Test] zero00746
2016-08-04 20:05:58,612 INFO [org.junit.Test] zero00747
2016-08-04 20:05:58,612 INFO [org.junit.Test] zero00748
2016-08-04 20:05:58,612 INFO [org.junit.Test] zero00749
2016-08-04 20:05:58,612 INFO [org.junit.Test] zero00750
2016-08-04 20:05:58,612 INFO [org.junit.Test] zero00751
2016-08-04 20:05:58,612 INFO [org.junit.Test] zero00752
2016-08-04 20:05:58,612 INFO [org.junit.Test] zero00753
2016-08-04 20:05:58,612 INFO [org.junit.Test] zero00754
2016-08-04 20:05:58,612 INFO [org.junit.Test] zero00755
2016-08-04 20:05:58,612 INFO [org.junit.Test] zero00756
2016-08-04 20:05:58,612 INFO [org.junit.Test] zero00757
2016-08-04 20:05:58,612 INFO [org.junit.Test] zero00758
2016-08-04 20:05:58,612 INFO [org.junit.Test] zero00759
2016-08-04 20:05:58,612 INFO [org.junit.Test] zero00760
2016-08-04 20:05:58,612 INFO [org.junit.Test] zero00761
2016-08-04 20:05:58,612 INFO [org.junit.Test] zero00762
2016-08-04 20:05:58,612 INFO [org.junit.Test] zero00763
2016-08-04 20:05:58,612 INFO [org.junit.Test] zero00764
2016-08-04 20:05:58,612 INFO [org.junit.Test] zero00765
2016-08-04 20:05:58,612 INFO [org.junit.Test] zero00766
2016-08-04 20:05:58,612 INFO [org.junit.Test] zero00767
2016-08-04 20:05:58,612 INFO [org.junit.Test] zero00768
2016-08-04 20:05:58,612 INFO [org.junit.Test] zero00769
2016-08-04 20:05:58,612 INFO [org.junit.Test] zero00770
2016-08-04 20:05:58,612 INFO [org.junit.Test] zero00771
2016-08-04 20:05:58,612 INFO [org.junit.Test] zero00772
2016-08-04 20:05:58,612 INFO [org.junit.Test] zero00773
2016-08-04 20:05:58,612 INFO [org.junit.Test] zero00774
2016-08-04 20:05:58,612 INFO [org.junit.Test] zero00775
2016-08-04 20:05:58,612 INFO [org.junit.Test] zero00776
2016-08-04 20:05:58,612 INFO [org.junit.Test] zero00777
2016-08-04 20:05:58,612 INFO [org.junit.Test] zero00778
2016-08-04 20:05:58,612 INFO [org.junit.Test] zero00779
2016-08-04 20:05:58,612 INFO [org.junit.Test] zero00780
2016-08-04 20:05:58,612 INFO [org.junit.Test] zero00781
2016-08-04 20:05:58,612 INFO [org.junit.Test] zero00782
2016-08-04 20:05:58,612 INFO [org.junit.Test] zero00783
2016-08-04 20:05:58,612 INFO [org.junit.Test] zero00784
2016-08-04 20:05:58,612 INFO [org.junit.Test] zero00785
2016-08-04 20:05:58,612 INFO [org.junit.Test] zero00786
2016-08-04 20:05:58,612 INFO [org.junit.Test] zero00787
2016-08-04 20:05:58,612 INFO [org.junit.Test] zero00788
2016-08-04 20:05:58,612 INFO [org.junit.Test] zero00789
2016-08-04 20:05:58,612 INFO [org.junit.Test] zero00790
2016-08-04 20:05:58,612 INFO [org.junit.Test] zero00791
2016-08-04 20:05:58,612 INFO [org.junit.Test] zero00792
2016-08-04 20:05:58,612 INFO [org.junit.Test] zero00793
2016-08-04 20:05:58,612 INFO [org.junit.Test] zero00794
2016-08-04 20:05:58,612 INFO [org.junit.Test] zero00795
2016-08-04 20:05:58,612 INFO [org.junit.Test] zero00796
2016-08-04 20:05:58,612 INFO [org.junit.Test] zero00797
2016-08-04 20:05:58,612 INFO [org.junit.Test] zero00798
2016-08-04 20:05:58,612 INFO [org.junit.Test] zero00799
2016-08-04 20:05:58,612 INFO [org.junit.Test] zero00800
2016-08-04 20:05:58,612 INFO [org.junit.Test] zero00801
2016-08-04 20:05:58,612 INFO [org.junit.Test] zero00802
2016-08-04 20:05:58,612 INFO [org.junit.Test] zero00803
2016-08-04 20:05:58,612 INFO [org.junit.Test] zero00804
2016-08-04 20:05:58,612 INFO [org.junit.Test] zero00805
2016-08-04 20:05:58,612 INFO [org.junit.Test] zero00806
2016-08-04 20:05:58,612 INFO [org.junit.Test] zero00807
2016-08-04 20:05:58,612 INFO [org.junit.Test] zero00808
2016-08-04 20:05:58,612 INFO [org.junit.Test] zero00809
2016-08-04 20:05:58,612 INFO [org.junit.Test] zero00810
2016-08-04 20:05:58,612 INFO [org.junit.Test] zero00811
2016-08-04 20:05:58,612 INFO [org.junit.Test] zero00812
2016-08-04 20:05:58,612 INFO [org.junit.Test] zero00813
2016-08-04 20:05:58,612 INFO [org.junit.Test] zero00814
2016-08-04 20:05:58,612 INFO [org.junit.Test] zero00815
2016-08-04 20:05:58,612 INFO [org.junit.Test] zero00816
2016-08-04 20:05:58,612 INFO [org.junit.Test] zero00817
2016-08-04 20:05:58,612 INFO [org.junit.Test] zero00818
2016-08-04 20:05:58,612 INFO [org.junit.Test] zero00819
2016-08-04 20:05:58,612 INFO [org.junit.Test] zero00820
2016-08-04 20:05:58,612 INFO [org.junit.Test] zero00821
2016-08-04 20:05:58,612 INFO [org.junit.Test] zero00822
2016-08-04 20:05:58,612 INFO [org.junit.Test] zero00823
2016-08-04 20:05:58,612 INFO [org.junit.Test] zero00824
2016-08-04 20:05:58,612 INFO [org.junit.Test] zero00825
2016-08-04 20:05:58,612 INFO [org.junit.Test] zero00826
2016-08-04 20:05:58,612 INFO [org.junit.Test] zero00827
2016-08-04 20:05:58,612 INFO [org.junit.Test] zero00828
2016-08-04 20:05:58,612 INFO [org.junit.Test] zero00829
2016-08-04 20:05:58,612 INFO [org.junit.Test] zero00830
2016-08-04 20:05:58,612 INFO [org.junit.Test] zero00831
2016-08-04 20:05:58,612 INFO [org.junit.Test] zero00832
2016-08-04 20:05:58,612 INFO [org.junit.Test] zero00833
2016-08-04 20:05:58,612 INFO [org.junit.Test] zero00834
2016-08-04 20:05:58,612 INFO [org.junit.Test] zero00835
2016-08-04 20:05:58,612 INFO [org.junit.Test] zero00836
2016-08-04 20:05:58,612 INFO [org.junit.Test] zero00837
2016-08-04 20:05:58,612 INFO [org.junit.Test] zero00838
2016-08-04 20:05:58,612 INFO [org.junit.Test] zero00839
2016-08-04 20:05:58,612 INFO [org.junit.Test] zero00840
2016-08-04 20:05:58,612 INFO [org.junit.Test] zero00841
2016-08-04 20:05:58,612 INFO [org.junit.Test] zero00842
2016-08-04 20:05:58,612 INFO [org.junit.Test] zero00843
2016-08-04 20:05:58,612 INFO [org.junit.Test] zero00844
2016-08-04 20:05:58,612 INFO [org.junit.Test] zero00845
2016-08-04 20:05:58,612 INFO [org.junit.Test] zero00846
2016-08-04 20:05:58,612 INFO [org.junit.Test] zero00847
2016-08-04 20:05:58,612 INFO [org.junit.Test] zero00848
2016-08-04 20:05:58,612 INFO [org.junit.Test] zero00849
2016-08-04 20:05:58,612 INFO [org.junit.Test] zero00850
2016-08-04 20:05:58,612 INFO [org.junit.Test] zero00851
2016-08-04 20:05:58,612 INFO [org.junit.Test] zero00852
2016-08-04 20:05:58,612 INFO [org.junit.Test] zero00853
2016-08-04 20:05:58,612 INFO [org.junit.Test] zero00854
2016-08-04 20:05:58,612 INFO [org.junit.Test] zero00855
2016-08-04 20:05:58,612 INFO [org.junit.Test] zero00856
2016-08-04 20:05:58,612 INFO [org.junit.Test] zero00857
2016-08-04 20:05:58,612 INFO [org.junit.Test] zero00858
2016-08-04 20:05:58,612 INFO [org.junit.Test] zero00859
2016-08-04 20:05:58,612 INFO [org.junit.Test] zero00860
2016-08-04 20:05:58,612 INFO [org.junit.Test] zero00861
2016-08-04 20:05:58,612 INFO [org.junit.Test] zero00862
2016-08-04 20:05:58,612 INFO [org.junit.Test] zero00863
2016-08-04 20:05:58,612 INFO [org.junit.Test] zero00864
2016-08-04 20:05:58,612 INFO [org.junit.Test] zero00865
2016-08-04 20:05:58,612 INFO [org.junit.Test] zero00866
2016-08-04 20:05:58,612 INFO [org.junit.Test] zero00867
2016-08-04 20:05:58,612 INFO [org.junit.Test] zero00868
2016-08-04 20:05:58,612 INFO [org.junit.Test] zero00869
2016-08-04 20:05:58,612 INFO [org.junit.Test] zero00870
2016-08-04 20:05:58,612 INFO [org.junit.Test] zero00871
2016-08-04 20:05:58,612 INFO [org.junit.Test] zero00872
2016-08-04 20:05:58,612 INFO [org.junit.Test] zero00873
2016-08-04 20:05:58,612 INFO [org.junit.Test] zero00874
2016-08-04 20:05:58,612 INFO [org.junit.Test] zero00875
2016-08-04 20:05:58,612 INFO [org.junit.Test] zero00876
2016-08-04 20:05:58,612 INFO [org.junit.Test] zero00877
2016-08-04 20:05:58,612 INFO [org.junit.Test] zero00878
2016-08-04 20:05:58,612 INFO [org.junit.Test] zero00879
2016-08-04 20:05:58,612 INFO [org.junit.Test] zero00880
2016-08-04 20:05:58,612 INFO [org.junit.Test] zero00881
2016-08-04 20:05:58,612 INFO [org.junit.Test] zero00882
2016-08-04 20:05:58,612 INFO [org.junit.Test] zero00883
2016-08-04 20:05:58,612 INFO [org.junit.Test] zero00884
2016-08-04 20:05:58,612 INFO [org.junit.Test] zero00885
2016-08-04 20:05:58,612 INFO [org.junit.Test] zero00886
2016-08-04 20:05:58,612 INFO [org.junit.Test] zero00887
2016-08-04 20:05:58,612 INFO [org.junit.Test] zero00888
2016-08-04 20:05:58,612 INFO [org.junit.Test] zero00889
2016-08-04 20:05:58,612 INFO [org.junit.Test] zero00890
2016-08-04 20:05:58,612 INFO [org.junit.Test] zero00891
2016-08-04 20:05:58,612 INFO [org.junit.Test] zero00892
2016-08-04 20:05:58,612 INFO [org.junit.Test] zero00893
2016-08-04 20:05:58,612 INFO [org.junit.Test] zero00894
2016-08-04 20:05:58,612 INFO [org.junit.Test] zero00895
2016-08-04 20:05:58,612 INFO [org.junit.Test] zero00896
2016-08-04 20:05:58,612 INFO [org.junit.Test] zero00897
2016-08-04 20:05:58,612 INFO [org.junit.Test] zero00898
2016-08-04 20:05:58,612 INFO [org.junit.Test] zero00899
2016-08-04 20:05:58,612 INFO [org.junit.Test] zero00900
2016-08-04 20:05:58,612 INFO [org.junit.Test] zero00901
2016-08-04 20:05:58,612 INFO [org.junit.Test] zero00902
2016-08-04 20:05:58,612 INFO [org.junit.Test] zero00903
2016-08-04 20:05:58,612 INFO [org.junit.Test] zero00904
2016-08-04 20:05:58,612 INFO [org.junit.Test] zero00905
2016-08-04 20:05:58,612 INFO [org.junit.Test] zero00906
2016-08-04 20:05:58,612 INFO [org.junit.Test] zero00907
2016-08-04 20:05:58,612 INFO [org.junit.Test] zero00908
2016-08-04 20:05:58,612 INFO [org.junit.Test] zero00909
2016-08-04 20:05:58,612 INFO [org.junit.Test] zero00910
2016-08-04 20:05:58,612 INFO [org.junit.Test] zero00911
2016-08-04 20:05:58,612 INFO [org.junit.Test] zero00912
2016-08-04 20:05:58,612 INFO [org.junit.Test] zero00913
2016-08-04 20:05:58,612 INFO [org.junit.Test] zero00914
2016-08-04 20:05:58,612 INFO [org.junit.Test] zero00915
2016-08-04 20:05:58,612 INFO [org.junit.Test] zero00916
2016-08-04 20:05:58,612 INFO [org.junit.Test] zero00917
2016-08-04 20:05:58,612 INFO [org.junit.Test] zero00918
2016-08-04 20:05:58,612 INFO [org.junit.Test] zero00919
2016-08-04 20:05:58,612 INFO [org.junit.Test] zero00920
2016-08-04 20:05:58,612 INFO [org.junit.Test] zero00921
2016-08-04 20:05:58,612 INFO [org.junit.Test] zero00922
2016-08-04 20:05:58,612 INFO [org.junit.Test] zero00923
2016-08-04 20:05:58,612 INFO [org.junit.Test] zero00924
2016-08-04 20:05:58,612 INFO [org.junit.Test] zero00925
2016-08-04 20:05:58,612 INFO [org.junit.Test] zero00926
2016-08-04 20:05:58,612 INFO [org.junit.Test] zero00927
2016-08-04 20:05:58,612 INFO [org.junit.Test] zero00928
2016-08-04 20:05:58,612 INFO [org.junit.Test] zero00929
2016-08-04 20:05:58,612 INFO [org.junit.Test] zero00930
2016-08-04 20:05:58,612 INFO [org.junit.Test] zero00931
2016-08-04 20:05:58,612 INFO [org.junit.Test] zero00932
2016-08-04 20:05:58,612 INFO [org.junit.Test] zero00933
2016-08-04 20:05:58,612 INFO [org.junit.Test] zero00934
2016-08-04 20:05:58,612 INFO [org.junit.Test] zero00935
2016-08-04 20:05:58,612 INFO [org.junit.Test] zero00936
2016-08-04 20:05:58,612 INFO [org.junit.Test] zero00937
2016-08-04 20:05:58,612 INFO [org.junit.Test] zero00938
2016-08-04 20:05:58,612 INFO [org.junit.Test] zero00939
2016-08-04 20:05:58,612 INFO [org.junit.Test] zero00940
2016-08-04 20:05:58,612 INFO [org.junit.Test] zero00941
2016-08-04 20:05:58,612 INFO [org.junit.Test] zero00942
2016-08-04 20:05:58,612 INFO [org.junit.Test] zero00943
2016-08-04 20:05:58,612 INFO [org.junit.Test] zero00944
2016-08-04 20:05:58,612 INFO [org.junit.Test] zero00945
2016-08-04 20:05:58,612 INFO [org.junit.Test] zero00946
2016-08-04 20:05:58,612 INFO [org.junit.Test] zero00947
2016-08-04 20:05:58,612 INFO [org.junit.Test] zero00948
2016-08-04 20:05:58,612 INFO [org.junit.Test] zero00949
2016-08-04 20:05:58,612 INFO [org.junit.Test] zero00950
2016-08-04 20:05:58,612 INFO [org.junit.Test] zero00951
2016-08-04 20:05:58,612 INFO [org.junit.Test] zero00952
2016-08-04 20:05:58,612 INFO [org.junit.Test] zero00953
2016-08-04 20:05:58,612 INFO [org.junit.Test] zero00954
2016-08-04 20:05:58,612 INFO [org.junit.Test] zero00955
2016-08-04 20:05:58,612 INFO [org.junit.Test] zero00956
2016-08-04 20:05:58,612 INFO [org.junit.Test] zero00957
2016-08-04 20:05:58,612 INFO [org.junit.Test] zero00958
2016-08-04 20:05:58,612 INFO [org.junit.Test] zero00959
2016-08-04 20:05:58,612 INFO [org.junit.Test] zero00960
2016-08-04 20:05:58,612 INFO [org.junit.Test] zero00961
2016-08-04 20:05:58,612 INFO [org.junit.Test] zero00962
2016-08-04 20:05:58,612 INFO [org.junit.Test] zero00963
2016-08-04 20:05:58,612 INFO [org.junit.Test] zero00964
2016-08-04 20:05:58,612 INFO [org.junit.Test] zero00965
2016-08-04 20:05:58,612 INFO [org.junit.Test] zero00966
2016-08-04 20:05:58,612 INFO [org.junit.Test] zero00967
2016-08-04 20:05:58,612 INFO [org.junit.Test] zero00968
2016-08-04 20:05:58,612 INFO [org.junit.Test] zero00969
2016-08-04 20:05:58,612 INFO [org.junit.Test] zero00970
2016-08-04 20:05:58,612 INFO [org.junit.Test] zero00971
2016-08-04 20:05:58,612 INFO [org.junit.Test] zero00972
2016-08-04 20:05:58,612 INFO [org.junit.Test] zero00973
2016-08-04 20:05:58,612 INFO [org.junit.Test] zero00974
2016-08-04 20:05:58,612 INFO [org.junit.Test] zero00975
2016-08-04 20:05:58,612 INFO [org.junit.Test] zero00976
2016-08-04 20:05:58,612 INFO [org.junit.Test] zero00977
2016-08-04 20:05:58,612 INFO [org.junit.Test] zero00978
2016-08-04 20:05:58,612 INFO [org.junit.Test] zero00979
2016-08-04 20:05:58,612 INFO [org.junit.Test] zero00980
2016-08-04 20:05:58,612 INFO [org.junit.Test] zero00981
2016-08-04 20:05:58,612 INFO [org.junit.Test] zero00982
2016-08-04 20:05:58,612 INFO [org.junit.Test] zero00983
2016-08-04 20:05:58,612 INFO [org.junit.Test] zero00984
2016-08-04 20:05:58,612 INFO [org.junit.Test] zero00985
2016-08-04 20:05:58,612 INFO [org.junit.Test] zero00986
2016-08-04 20:05:58,612 INFO [org.junit.Test] zero00987
2016-08-04 20:05:58,612 INFO [org.junit.Test] zero00988
2016-08-04 20:05:58,612 INFO [org.junit.Test] zero00989
2016-08-04 20:05:58,612 INFO [org.junit.Test] zero00990
2016-08-04 20:05:58,612 INFO [org.junit.Test] zero00991
2016-08-04 20:05:58,612 INFO [org.junit.Test] zero00992
2016-08-04 20:05:58,612 INFO [org.junit.Test] zero00993
2016-08-04 20:05:58,612 INFO [org.junit.Test] zero00994
2016-08-04 20:05:58,612 INFO [org.junit.Test] zero00995
2016-08-04 20:05:58,612 INFO [org.junit.Test] zero00996
2016-08-04 20:05:58,612 INFO [org.junit.Test] zero00997
2016-08-04 20:05:58,612 INFO [org.junit.Test] zero00998
2016-08-04 20:05:58,612 INFO [org.junit.Test] zero00999
2016-08-04 20:06:01,612 INFO [org.junit.Test] zero000
2016-08-04 20:06:01,612 INFO [org.junit.Test] zero001
2016-08-04 20:06:01,612 INFO [org.junit.Test] zero002
2016-08-04 20:06:01,612 INFO [org.junit.Test] zero003
2016-08-04 20:06:01,612 INFO [org.junit.Test] zero004
2016-08-04 20:06:01,612 INFO [org.junit.Test] zero005
2016-08-04 20:06:01,612 INFO [org.junit.Test] zero006
2016-08-04 20:06:01,612 INFO [org.junit.Test] zero007
2016-08-04 20:06:01,612 INFO [org.junit.Test] zero008
2016-08-04 20:06:01,612 INFO [org.junit.Test] zero009
2016-08-04 20:06:01,612 INFO [org.junit.Test] zero0010
2016-08-04 20:06:01,612 INFO [org.junit.Test] zero0011
2016-08-04 20:06:01,612 INFO [org.junit.Test] zero0012
2016-08-04 20:06:01,612 INFO [org.junit.Test] zero0013
2016-08-04 20:06:01,612 INFO [org.junit.Test] zero0014
2016-08-04 20:06:01,612 INFO [org.junit.Test] zero0015
2016-08-04 20:06:01,612 INFO [org.junit.Test] zero0016
2016-08-04 20:06:01,612 INFO [org.junit.Test] zero0017
2016-08-04 20:06:01,612 INFO [org.junit.Test] zero0018
2016-08-04 20:06:01,612 INFO [org.junit.Test] zero0019
2016-08-04 20:06:01,612 INFO [org.junit.Test] zero0020
2016-08-04 20:06:01,612 INFO [org.junit.Test] zero0021
2016-08-04 20:06:01,612 INFO [org.junit.Test] zero0022
2016-08-04 20:06:01,612 INFO [org.junit.Test] zero0023
2016-08-04 20:06:01,612 INFO [org.junit.Test] zero0024
2016-08-04 20:06:01,612 INFO [org.junit.Test] zero0025
2016-08-04 20:06:01,612 INFO [org.junit.Test] zero0026
2016-08-04 20:06:01,612 INFO [org.junit.Test] zero0027
2016-08-04 20:06:01,612 INFO [org.junit.Test] zero0028
2016-08-04 20:06:01,612 INFO [org.junit.Test] zero0029
2016-08-04 20:06:01,612 INFO [org.junit.Test] zero0030
2016-08-04 20:06:01,612 INFO [org.junit.Test] zero0031
2016-08-04 20:06:01,612 INFO [org.junit.Test] zero0032
2016-08-04 20:06:01,612 INFO [org.junit.Test] zero0033
2016-08-04 20:06:01,612 INFO [org.junit.Test] zero0034
2016-08-04 20:06:01,612 INFO [org.junit.Test] zero0035
2016-08-04 20:06:01,612 INFO [org.junit.Test] zero0036
2016-08-04 20:06:01,612 INFO [org.junit.Test] zero0037
2016-08-04 20:06:01,612 INFO [org.junit.Test] zero0038
2016-08-04 20:06:01,612 INFO [org.junit.Test] zero0039
2016-08-04 20:06:01,612 INFO [org.junit.Test] zero0040
2016-08-04 20:06:01,612 INFO [org.junit.Test] zero0041
2016-08-04 20:06:01,612 INFO [org.junit.Test] zero0042
2016-08-04 20:06:01,612 INFO [org.junit.Test] zero0043
2016-08-04 20:06:01,612 INFO [org.junit.Test] zero0044
2016-08-04 20:06:01,612 INFO [org.junit.Test] zero0045
2016-08-04 20:06:01,612 INFO [org.junit.Test] zero0046
2016-08-04 20:06:01,612 INFO [org.junit.Test] zero0047
2016-08-04 20:06:01,612 INFO [org.junit.Test] zero0048
2016-08-04 20:06:01,612 INFO [org.junit.Test] zero0049
2016-08-04 20:06:01,612 INFO [org.junit.Test] zero0050
2016-08-04 20:06:01,612 INFO [org.junit.Test] zero0051
2016-08-04 20:06:01,612 INFO [org.junit.Test] zero0052
2016-08-04 20:06:01,612 INFO [org.junit.Test] zero0053
2016-08-04 20:06:01,612 INFO [org.junit.Test] zero0054
2016-08-04 20:06:01,612 INFO [org.junit.Test] zero0055
2016-08-04 20:06:01,612 INFO [org.junit.Test] zero0056
2016-08-04 20:06:01,612 INFO [org.junit.Test] zero0057
2016-08-04 20:06:01,612 INFO [org.junit.Test] zero0058
2016-08-04 20:06:01,612 INFO [org.junit.Test] zero0059
2016-08-04 20:06:01,612 INFO [org.junit.Test] zero0060
2016-08-04 20:06:01,612 INFO [org.junit.Test] zero0061
2016-08-04 20:06:01,612 INFO [org.junit.Test] zero0062
2016-08-04 20:06:01,612 INFO [org.junit.Test] zero0063
2016-08-04 20:06:01,612 INFO [org.junit.Test] zero0064
2016-08-04 20:06:01,612 INFO [org.junit.Test] zero0065
2016-08-04 20:06:01,612 INFO [org.junit.Test] zero0066
2016-08-04 20:06:01,612 INFO [org.junit.Test] zero0067
2016-08-04 20:06:01,612 INFO [org.junit.Test] zero0068
2016-08-04 20:06:01,612 INFO [org.junit.Test] zero0069
2016-08-04 20:06:01,612 INFO [org.junit.Test] zero0070
2016-08-04 20:06:01,612 INFO [org.junit.Test] zero0071
2016-08-04 20:06:01,612 INFO [org.junit.Test] zero0072
2016-08-04 20:06:01,612 INFO [org.junit.Test] zero0073
2016-08-04 20:06:01,612 INFO [org.junit.Test] zero0074
2016-08-04 20:06:01,612 INFO [org.junit.Test] zero0075
2016-08-04 20:06:01,612 INFO [org.junit.Test] zero0076
2016-08-04 20:06:01,612 INFO [org.junit.Test] zero0077
2016-08-04 20:06:01,612 INFO [org.junit.Test] zero0078
2016-08-04 20:06:01,612 INFO [org.junit.Test] zero0079
2016-08-04 20:06:01,612 INFO [org.junit.Test] zero0080
2016-08-04 20:06:01,612 INFO [org.junit.Test] zero0081
2016-08-04 20:06:01,612 INFO [org.junit.Test] zero0082
2016-08-04 20:06:01,612 INFO [org.junit.Test] zero0083
2016-08-04 20:06:01,612 INFO [org.junit.Test] zero0084
2016-08-04 20:06:01,612 INFO [org.junit.Test] zero0085
2016-08-04 20:06:01,612 INFO [org.junit.Test] zero0086
2016-08-04 20:06:01,612 INFO [org.junit.Test] zero0087
2016-08-04 20:06:01,612 INFO [org.junit.Test] zero0088
2016-08-04 20:06:01,612 INFO [org.junit.Test] zero0089
2016-08-04 20:06:01,612 INFO [org.junit.Test] zero0090
2016-08-04 20:06:01,612 INFO [org.junit.Test] zero0091
2016-08-04 20:06:01,612 INFO [org.junit.Test] zero0092
2016-08-04 20:06:01,612 INFO [org.junit.Test] zero0093
2016-08-04 20:06:01,612 INFO [org.junit.Test] zero0094
2016-08-04 20:06:01,612 INFO [org.junit.Test] zero0095
2016-08-04 20:06:01,612 INFO [org.junit.Test] zero0096
2016-08-04 20:06:01,612 INFO [org.junit.Test] zero0097
2016-08-04 20:06:01,612 INFO [org.junit.Test] zero0098
2016-08-04 20:06:01,612 INFO [org.junit.Test] zero0099
2016-08-04 20:06:01,612 INFO [org.junit.Test] zero00100
2016-08-04 20:06:01,612 INFO [org.junit.Test] zero00101
2016-08-04 20:06:01,612 INFO [org.junit.Test] zero00102
2016-08-04 20:06:01,612 INFO [org.junit.Test] zero00103
2016-08-04 20:06:01,612 INFO [org.junit.Test] zero00104
2016-08-04 20:06:01,612 INFO [org.junit.Test] zero00105
2016-08-04 20:06:01,612 INFO [org.junit.Test] zero00106
2016-08-04 20:06:01,612 INFO [org.junit.Test] zero00107
2016-08-04 20:06:01,612 INFO [org.junit.Test] zero00108
2016-08-04 20:06:01,612 INFO [org.junit.Test] zero00109
2016-08-04 20:06:01,612 INFO [org.junit.Test] zero00110
2016-08-04 20:06:01,612 INFO [org.junit.Test] zero00111
2016-08-04 20:06:01,612 INFO [org.junit.Test] zero00112
2016-08-04 20:06:01,612 INFO [org.junit.Test] zero00113
2016-08-04 20:06:01,612 INFO [org.junit.Test] zero00114
2016-08-04 20:06:01,612 INFO [org.junit.Test] zero00115
2016-08-04 20:06:01,612 INFO [org.junit.Test] zero00116
2016-08-04 20:06:01,612 INFO [org.junit.Test] zero00117
2016-08-04 20:06:01,612 INFO [org.junit.Test] zero00118
2016-08-04 20:06:01,612 INFO [org.junit.Test] zero00119
2016-08-04 20:06:01,612 INFO [org.junit.Test] zero00120
2016-08-04 20:06:01,612 INFO [org.junit.Test] zero00121
2016-08-04 20:06:01,612 INFO [org.junit.Test] zero00122
2016-08-04 20:06:01,612 INFO [org.junit.Test] zero00123
2016-08-04 20:06:01,612 INFO [org.junit.Test] zero00124
2016-08-04 20:06:01,612 INFO [org.junit.Test] zero00125
2016-08-04 20:06:01,612 INFO [org.junit.Test] zero00126
2016-08-04 20:06:01,612 INFO [org.junit.Test] zero00127
2016-08-04 20:06:01,612 INFO [org.junit.Test] zero00128
2016-08-04 20:06:01,612 INFO [org.junit.Test] zero00129
2016-08-04 20:06:01,612 INFO [org.junit.Test] zero00130
2016-08-04 20:06:01,612 INFO [org.junit.Test] zero00131
2016-08-04 20:06:01,612 INFO [org.junit.Test] zero00132
2016-08-04 20:06:01,612 INFO [org.junit.Test] zero00133
2016-08-04 20:06:01,612 INFO [org.junit.Test] zero00134
2016-08-04 20:06:01,612 INFO [org.junit.Test] zero00135
2016-08-04 20:06:01,612 INFO [org.junit.Test] zero00136
2016-08-04 20:06:01,612 INFO [org.junit.Test] zero00137
2016-08-04 20:06:01,612 INFO [org.junit.Test] zero00138
2016-08-04 20:06:01,612 INFO [org.junit.Test] zero00139
2016-08-04 20:06:01,612 INFO [org.junit.Test] zero00140
2016-08-04 20:06:01,612 INFO [org.junit.Test] zero00141
2016-08-04 20:06:01,612 INFO [org.junit.Test] zero00142
2016-08-04 20:06:01,612 INFO [org.junit.Test] zero00143
2016-08-04 20:06:01,612 INFO [org.junit.Test] zero00144
2016-08-04 20:06:01,612 INFO [org.junit.Test] zero00145
2016-08-04 20:06:01,613 INFO [org.junit.Test] zero00146
2016-08-04 20:06:01,613 INFO [org.junit.Test] zero00147
2016-08-04 20:06:01,613 INFO [org.junit.Test] zero00148
2016-08-04 20:06:01,613 INFO [org.junit.Test] zero00149
2016-08-04 20:06:01,613 INFO [org.junit.Test] zero00150
2016-08-04 20:06:01,613 INFO [org.junit.Test] zero00151
2016-08-04 20:06:01,613 INFO [org.junit.Test] zero00152
2016-08-04 20:06:01,613 INFO [org.junit.Test] zero00153
2016-08-04 20:06:01,613 INFO [org.junit.Test] zero00154
2016-08-04 20:06:01,613 INFO [org.junit.Test] zero00155
2016-08-04 20:06:01,613 INFO [org.junit.Test] zero00156
2016-08-04 20:06:01,613 INFO [org.junit.Test] zero00157
2016-08-04 20:06:01,613 INFO [org.junit.Test] zero00158
2016-08-04 20:06:01,613 INFO [org.junit.Test] zero00159
2016-08-04 20:06:01,613 INFO [org.junit.Test] zero00160
2016-08-04 20:06:01,613 INFO [org.junit.Test] zero00161
2016-08-04 20:06:01,613 INFO [org.junit.Test] zero00162
2016-08-04 20:06:01,613 INFO [org.junit.Test] zero00163
2016-08-04 20:06:01,613 INFO [org.junit.Test] zero00164
2016-08-04 20:06:01,613 INFO [org.junit.Test] zero00165
2016-08-04 20:06:01,613 INFO [org.junit.Test] zero00166
2016-08-04 20:06:01,613 INFO [org.junit.Test] zero00167
2016-08-04 20:06:01,613 INFO [org.junit.Test] zero00168
2016-08-04 20:06:01,613 INFO [org.junit.Test] zero00169
2016-08-04 20:06:01,613 INFO [org.junit.Test] zero00170
2016-08-04 20:06:01,613 INFO [org.junit.Test] zero00171
2016-08-04 20:06:01,613 INFO [org.junit.Test] zero00172
2016-08-04 20:06:01,613 INFO [org.junit.Test] zero00173
2016-08-04 20:06:01,613 INFO [org.junit.Test] zero00174
2016-08-04 20:06:01,613 INFO [org.junit.Test] zero00175
2016-08-04 20:06:01,613 INFO [org.junit.Test] zero00176
2016-08-04 20:06:01,613 INFO [org.junit.Test] zero00177
2016-08-04 20:06:01,613 INFO [org.junit.Test] zero00178
2016-08-04 20:06:01,613 INFO [org.junit.Test] zero00179
2016-08-04 20:06:01,613 INFO [org.junit.Test] zero00180
2016-08-04 20:06:01,613 INFO [org.junit.Test] zero00181
2016-08-04 20:06:01,613 INFO [org.junit.Test] zero00182
2016-08-04 20:06:01,613 INFO [org.junit.Test] zero00183
2016-08-04 20:06:01,613 INFO [org.junit.Test] zero00184
2016-08-04 20:06:01,613 INFO [org.junit.Test] zero00185
2016-08-04 20:06:01,613 INFO [org.junit.Test] zero00186
2016-08-04 20:06:01,613 INFO [org.junit.Test] zero00187
2016-08-04 20:06:01,613 INFO [org.junit.Test] zero00188
2016-08-04 20:06:01,613 INFO [org.junit.Test] zero00189
2016-08-04 20:06:01,613 INFO [org.junit.Test] zero00190
2016-08-04 20:06:01,613 INFO [org.junit.Test] zero00191
2016-08-04 20:06:01,613 INFO [org.junit.Test] zero00192
2016-08-04 20:06:01,613 INFO [org.junit.Test] zero00193
2016-08-04 20:06:01,613 INFO [org.junit.Test] zero00194
2016-08-04 20:06:01,613 INFO [org.junit.Test] zero00195
2016-08-04 20:06:01,613 INFO [org.junit.Test] zero00196
2016-08-04 20:06:01,613 INFO [org.junit.Test] zero00197
2016-08-04 20:06:01,613 INFO [org.junit.Test] zero00198
2016-08-04 20:06:01,613 INFO [org.junit.Test] zero00199
2016-08-04 20:06:01,613 INFO [org.junit.Test] zero00200
2016-08-04 20:06:01,613 INFO [org.junit.Test] zero00201
2016-08-04 20:06:01,613 INFO [org.junit.Test] zero00202
2016-08-04 20:06:01,613 INFO [org.junit.Test] zero00203
2016-08-04 20:06:01,613 INFO [org.junit.Test] zero00204
2016-08-04 20:06:01,613 INFO [org.junit.Test] zero00205
2016-08-04 20:06:01,613 INFO [org.junit.Test] zero00206
2016-08-04 20:06:01,613 INFO [org.junit.Test] zero00207
2016-08-04 20:06:01,613 INFO [org.junit.Test] zero00208
2016-08-04 20:06:01,613 INFO [org.junit.Test] zero00209
2016-08-04 20:06:01,613 INFO [org.junit.Test] zero00210
2016-08-04 20:06:01,613 INFO [org.junit.Test] zero00211
2016-08-04 20:06:01,613 INFO [org.junit.Test] zero00212
2016-08-04 20:06:01,613 INFO [org.junit.Test] zero00213
2016-08-04 20:06:01,613 INFO [org.junit.Test] zero00214
2016-08-04 20:06:01,613 INFO [org.junit.Test] zero00215
2016-08-04 20:06:01,613 INFO [org.junit.Test] zero00216
2016-08-04 20:06:01,613 INFO [org.junit.Test] zero00217
2016-08-04 20:06:01,613 INFO [org.junit.Test] zero00218
2016-08-04 20:06:01,613 INFO [org.junit.Test] zero00219
2016-08-04 20:06:01,613 INFO [org.junit.Test] zero00220
2016-08-04 20:06:01,613 INFO [org.junit.Test] zero00221
2016-08-04 20:06:01,613 INFO [org.junit.Test] zero00222
2016-08-04 20:06:01,613 INFO [org.junit.Test] zero00223
2016-08-04 20:06:01,613 INFO [org.junit.Test] zero00224
2016-08-04 20:06:01,613 INFO [org.junit.Test] zero00225
2016-08-04 20:06:01,613 INFO [org.junit.Test] zero00226
2016-08-04 20:06:01,613 INFO [org.junit.Test] zero00227
2016-08-04 20:06:01,613 INFO [org.junit.Test] zero00228
2016-08-04 20:06:01,613 INFO [org.junit.Test] zero00229
2016-08-04 20:06:01,613 INFO [org.junit.Test] zero00230
2016-08-04 20:06:01,613 INFO [org.junit.Test] zero00231
2016-08-04 20:06:01,613 INFO [org.junit.Test] zero00232
2016-08-04 20:06:01,613 INFO [org.junit.Test] zero00233
2016-08-04 20:06:01,613 INFO [org.junit.Test] zero00234
2016-08-04 20:06:01,613 INFO [org.junit.Test] zero00235
2016-08-04 20:06:01,613 INFO [org.junit.Test] zero00236
2016-08-04 20:06:01,613 INFO [org.junit.Test] zero00237
2016-08-04 20:06:01,613 INFO [org.junit.Test] zero00238
2016-08-04 20:06:01,613 INFO [org.junit.Test] zero00239
2016-08-04 20:06:01,613 INFO [org.junit.Test] zero00240
2016-08-04 20:06:01,613 INFO [org.junit.Test] zero00241
2016-08-04 20:06:01,613 INFO [org.junit.Test] zero00242
2016-08-04 20:06:01,613 INFO [org.junit.Test] zero00243
2016-08-04 20:06:01,613 INFO [org.junit.Test] zero00244
2016-08-04 20:06:01,613 INFO [org.junit.Test] zero00245
2016-08-04 20:06:01,613 INFO [org.junit.Test] zero00246
2016-08-04 20:06:01,613 INFO [org.junit.Test] zero00247
2016-08-04 20:06:01,613 INFO [org.junit.Test] zero00248
2016-08-04 20:06:01,613 INFO [org.junit.Test] zero00249
2016-08-04 20:06:01,613 INFO [org.junit.Test] zero00250
2016-08-04 20:06:01,613 INFO [org.junit.Test] zero00251
2016-08-04 20:06:01,613 INFO [org.junit.Test] zero00252
2016-08-04 20:06:01,613 INFO [org.junit.Test] zero00253
2016-08-04 20:06:01,613 INFO [org.junit.Test] zero00254
2016-08-04 20:06:01,613 INFO [org.junit.Test] zero00255
2016-08-04 20:06:01,613 INFO [org.junit.Test] zero00256
2016-08-04 20:06:01,613 INFO [org.junit.Test] zero00257
2016-08-04 20:06:01,613 INFO [org.junit.Test] zero00258
2016-08-04 20:06:01,613 INFO [org.junit.Test] zero00259
2016-08-04 20:06:01,613 INFO [org.junit.Test] zero00260
2016-08-04 20:06:01,613 INFO [org.junit.Test] zero00261
2016-08-04 20:06:01,613 INFO [org.junit.Test] zero00262
2016-08-04 20:06:01,613 INFO [org.junit.Test] zero00263
2016-08-04 20:06:01,613 INFO [org.junit.Test] zero00264
2016-08-04 20:06:01,613 INFO [org.junit.Test] zero00265
2016-08-04 20:06:01,613 INFO [org.junit.Test] zero00266
2016-08-04 20:06:01,613 INFO [org.junit.Test] zero00267
2016-08-04 20:06:01,613 INFO [org.junit.Test] zero00268
2016-08-04 20:06:01,613 INFO [org.junit.Test] zero00269
2016-08-04 20:06:01,613 INFO [org.junit.Test] zero00270
2016-08-04 20:06:01,613 INFO [org.junit.Test] zero00271
2016-08-04 20:06:01,613 INFO [org.junit.Test] zero00272
2016-08-04 20:06:01,613 INFO [org.junit.Test] zero00273
2016-08-04 20:06:01,613 INFO [org.junit.Test] zero00274
2016-08-04 20:06:01,613 INFO [org.junit.Test] zero00275
2016-08-04 20:06:01,613 INFO [org.junit.Test] zero00276
2016-08-04 20:06:01,613 INFO [org.junit.Test] zero00277
2016-08-04 20:06:01,613 INFO [org.junit.Test] zero00278
2016-08-04 20:06:01,613 INFO [org.junit.Test] zero00279
2016-08-04 20:06:01,613 INFO [org.junit.Test] zero00280
2016-08-04 20:06:01,613 INFO [org.junit.Test] zero00281
2016-08-04 20:06:01,613 INFO [org.junit.Test] zero00282
2016-08-04 20:06:01,613 INFO [org.junit.Test] zero00283
2016-08-04 20:06:01,613 INFO [org.junit.Test] zero00284
2016-08-04 20:06:01,613 INFO [org.junit.Test] zero00285
2016-08-04 20:06:01,613 INFO [org.junit.Test] zero00286
2016-08-04 20:06:01,613 INFO [org.junit.Test] zero00287
2016-08-04 20:06:01,613 INFO [org.junit.Test] zero00288
2016-08-04 20:06:01,613 INFO [org.junit.Test] zero00289
2016-08-04 20:06:01,613 INFO [org.junit.Test] zero00290
2016-08-04 20:06:01,613 INFO [org.junit.Test] zero00291
2016-08-04 20:06:01,613 INFO [org.junit.Test] zero00292
2016-08-04 20:06:01,613 INFO [org.junit.Test] zero00293
2016-08-04 20:06:01,613 INFO [org.junit.Test] zero00294
2016-08-04 20:06:01,613 INFO [org.junit.Test] zero00295
2016-08-04 20:06:01,613 INFO [org.junit.Test] zero00296
2016-08-04 20:06:01,613 INFO [org.junit.Test] zero00297
2016-08-04 20:06:01,613 INFO [org.junit.Test] zero00298
2016-08-04 20:06:01,613 INFO [org.junit.Test] zero00299
2016-08-04 20:06:01,613 INFO [org.junit.Test] zero00300
2016-08-04 20:06:01,613 INFO [org.junit.Test] zero00301
2016-08-04 20:06:01,613 INFO [org.junit.Test] zero00302
2016-08-04 20:06:01,613 INFO [org.junit.Test] zero00303
2016-08-04 20:06:01,613 INFO [org.junit.Test] zero00304
2016-08-04 20:06:01,613 INFO [org.junit.Test] zero00305
2016-08-04 20:06:01,613 INFO [org.junit.Test] zero00306
2016-08-04 20:06:01,613 INFO [org.junit.Test] zero00307
2016-08-04 20:06:01,613 INFO [org.junit.Test] zero00308
2016-08-04 20:06:01,613 INFO [org.junit.Test] zero00309
2016-08-04 20:06:01,613 INFO [org.junit.Test] zero00310
2016-08-04 20:06:01,613 INFO [org.junit.Test] zero00311
2016-08-04 20:06:01,613 INFO [org.junit.Test] zero00312
2016-08-04 20:06:01,613 INFO [org.junit.Test] zero00313
2016-08-04 20:06:01,613 INFO [org.junit.Test] zero00314
2016-08-04 20:06:01,613 INFO [org.junit.Test] zero00315
2016-08-04 20:06:01,613 INFO [org.junit.Test] zero00316
2016-08-04 20:06:01,613 INFO [org.junit.Test] zero00317
2016-08-04 20:06:01,613 INFO [org.junit.Test] zero00318
2016-08-04 20:06:01,613 INFO [org.junit.Test] zero00319
2016-08-04 20:06:01,613 INFO [org.junit.Test] zero00320
2016-08-04 20:06:01,613 INFO [org.junit.Test] zero00321
2016-08-04 20:06:01,613 INFO [org.junit.Test] zero00322
2016-08-04 20:06:01,613 INFO [org.junit.Test] zero00323
2016-08-04 20:06:01,613 INFO [org.junit.Test] zero00324
2016-08-04 20:06:01,613 INFO [org.junit.Test] zero00325
2016-08-04 20:06:01,613 INFO [org.junit.Test] zero00326
2016-08-04 20:06:01,613 INFO [org.junit.Test] zero00327
2016-08-04 20:06:01,613 INFO [org.junit.Test] zero00328
2016-08-04 20:06:01,613 INFO [org.junit.Test] zero00329
2016-08-04 20:06:01,613 INFO [org.junit.Test] zero00330
2016-08-04 20:06:01,613 INFO [org.junit.Test] zero00331
2016-08-04 20:06:01,613 INFO [org.junit.Test] zero00332
2016-08-04 20:06:01,613 INFO [org.junit.Test] zero00333
2016-08-04 20:06:01,613 INFO [org.junit.Test] zero00334
2016-08-04 20:06:01,613 INFO [org.junit.Test] zero00335
2016-08-04 20:06:01,613 INFO [org.junit.Test] zero00336
2016-08-04 20:06:01,613 INFO [org.junit.Test] zero00337
2016-08-04 20:06:01,613 INFO [org.junit.Test] zero00338
2016-08-04 20:06:01,613 INFO [org.junit.Test] zero00339
2016-08-04 20:06:01,613 INFO [org.junit.Test] zero00340
2016-08-04 20:06:01,613 INFO [org.junit.Test] zero00341
2016-08-04 20:06:01,613 INFO [org.junit.Test] zero00342
2016-08-04 20:06:01,613 INFO [org.junit.Test] zero00343
2016-08-04 20:06:01,613 INFO [org.junit.Test] zero00344
2016-08-04 20:06:01,613 INFO [org.junit.Test] zero00345
2016-08-04 20:06:01,613 INFO [org.junit.Test] zero00346
2016-08-04 20:06:01,613 INFO [org.junit.Test] zero00347
2016-08-04 20:06:01,613 INFO [org.junit.Test] zero00348
2016-08-04 20:06:01,613 INFO [org.junit.Test] zero00349
2016-08-04 20:06:01,613 INFO [org.junit.Test] zero00350
2016-08-04 20:06:01,613 INFO [org.junit.Test] zero00351
2016-08-04 20:06:01,613 INFO [org.junit.Test] zero00352
2016-08-04 20:06:01,613 INFO [org.junit.Test] zero00353
2016-08-04 20:06:01,613 INFO [org.junit.Test] zero00354
2016-08-04 20:06:01,613 INFO [org.junit.Test] zero00355
2016-08-04 20:06:01,613 INFO [org.junit.Test] zero00356
2016-08-04 20:06:01,613 INFO [org.junit.Test] zero00357
2016-08-04 20:06:01,613 INFO [org.junit.Test] zero00358
2016-08-04 20:06:01,613 INFO [org.junit.Test] zero00359
2016-08-04 20:06:01,613 INFO [org.junit.Test] zero00360
2016-08-04 20:06:01,613 INFO [org.junit.Test] zero00361
2016-08-04 20:06:01,613 INFO [org.junit.Test] zero00362
2016-08-04 20:06:01,613 INFO [org.junit.Test] zero00363
2016-08-04 20:06:01,613 INFO [org.junit.Test] zero00364
2016-08-04 20:06:01,613 INFO [org.junit.Test] zero00365
2016-08-04 20:06:01,613 INFO [org.junit.Test] zero00366
2016-08-04 20:06:01,613 INFO [org.junit.Test] zero00367
2016-08-04 20:06:01,613 INFO [org.junit.Test] zero00368
2016-08-04 20:06:01,613 INFO [org.junit.Test] zero00369
2016-08-04 20:06:01,613 INFO [org.junit.Test] zero00370
2016-08-04 20:06:01,613 INFO [org.junit.Test] zero00371
2016-08-04 20:06:01,613 INFO [org.junit.Test] zero00372
2016-08-04 20:06:01,613 INFO [org.junit.Test] zero00373
2016-08-04 20:06:01,613 INFO [org.junit.Test] zero00374
2016-08-04 20:06:01,613 INFO [org.junit.Test] zero00375
2016-08-04 20:06:01,613 INFO [org.junit.Test] zero00376
2016-08-04 20:06:01,613 INFO [org.junit.Test] zero00377
2016-08-04 20:06:01,613 INFO [org.junit.Test] zero00378
2016-08-04 20:06:01,613 INFO [org.junit.Test] zero00379
2016-08-04 20:06:01,613 INFO [org.junit.Test] zero00380
2016-08-04 20:06:01,613 INFO [org.junit.Test] zero00381
2016-08-04 20:06:01,613 INFO [org.junit.Test] zero00382
2016-08-04 20:06:01,613 INFO [org.junit.Test] zero00383
2016-08-04 20:06:01,613 INFO [org.junit.Test] zero00384
2016-08-04 20:06:01,613 INFO [org.junit.Test] zero00385
2016-08-04 20:06:01,613 INFO [org.junit.Test] zero00386
2016-08-04 20:06:01,613 INFO [org.junit.Test] zero00387
2016-08-04 20:06:01,613 INFO [org.junit.Test] zero00388
2016-08-04 20:06:01,613 INFO [org.junit.Test] zero00389
2016-08-04 20:06:01,613 INFO [org.junit.Test] zero00390
2016-08-04 20:06:01,613 INFO [org.junit.Test] zero00391
2016-08-04 20:06:01,613 INFO [org.junit.Test] zero00392
2016-08-04 20:06:01,613 INFO [org.junit.Test] zero00393
2016-08-04 20:06:01,613 INFO [org.junit.Test] zero00394
2016-08-04 20:06:01,613 INFO [org.junit.Test] zero00395
2016-08-04 20:06:01,613 INFO [org.junit.Test] zero00396
2016-08-04 20:06:01,613 INFO [org.junit.Test] zero00397
2016-08-04 20:06:01,613 INFO [org.junit.Test] zero00398
2016-08-04 20:06:01,613 INFO [org.junit.Test] zero00399
2016-08-04 20:06:01,613 INFO [org.junit.Test] zero00400
2016-08-04 20:06:01,613 INFO [org.junit.Test] zero00401
2016-08-04 20:06:01,613 INFO [org.junit.Test] zero00402
2016-08-04 20:06:01,613 INFO [org.junit.Test] zero00403
2016-08-04 20:06:01,613 INFO [org.junit.Test] zero00404
2016-08-04 20:06:01,613 INFO [org.junit.Test] zero00405
2016-08-04 20:06:01,613 INFO [org.junit.Test] zero00406
2016-08-04 20:06:01,613 INFO [org.junit.Test] zero00407
2016-08-04 20:06:01,613 INFO [org.junit.Test] zero00408
2016-08-04 20:06:01,613 INFO [org.junit.Test] zero00409
2016-08-04 20:06:01,613 INFO [org.junit.Test] zero00410
2016-08-04 20:06:01,613 INFO [org.junit.Test] zero00411
2016-08-04 20:06:01,613 INFO [org.junit.Test] zero00412
2016-08-04 20:06:01,613 INFO [org.junit.Test] zero00413
2016-08-04 20:06:01,613 INFO [org.junit.Test] zero00414
2016-08-04 20:06:01,613 INFO [org.junit.Test] zero00415
2016-08-04 20:06:01,613 INFO [org.junit.Test] zero00416
2016-08-04 20:06:01,613 INFO [org.junit.Test] zero00417
2016-08-04 20:06:01,613 INFO [org.junit.Test] zero00418
2016-08-04 20:06:01,613 INFO [org.junit.Test] zero00419
2016-08-04 20:06:01,613 INFO [org.junit.Test] zero00420
2016-08-04 20:06:01,613 INFO [org.junit.Test] zero00421
2016-08-04 20:06:01,613 INFO [org.junit.Test] zero00422
2016-08-04 20:06:01,613 INFO [org.junit.Test] zero00423
2016-08-04 20:06:01,613 INFO [org.junit.Test] zero00424
2016-08-04 20:06:01,613 INFO [org.junit.Test] zero00425
2016-08-04 20:06:01,613 INFO [org.junit.Test] zero00426
2016-08-04 20:06:01,613 INFO [org.junit.Test] zero00427
2016-08-04 20:06:01,613 INFO [org.junit.Test] zero00428
2016-08-04 20:06:01,613 INFO [org.junit.Test] zero00429
2016-08-04 20:06:01,613 INFO [org.junit.Test] zero00430
2016-08-04 20:06:01,613 INFO [org.junit.Test] zero00431
2016-08-04 20:06:01,613 INFO [org.junit.Test] zero00432
2016-08-04 20:06:01,613 INFO [org.junit.Test] zero00433
2016-08-04 20:06:01,613 INFO [org.junit.Test] zero00434
2016-08-04 20:06:01,613 INFO [org.junit.Test] zero00435
2016-08-04 20:06:01,613 INFO [org.junit.Test] zero00436
2016-08-04 20:06:01,613 INFO [org.junit.Test] zero00437
2016-08-04 20:06:01,613 INFO [org.junit.Test] zero00438
2016-08-04 20:06:01,613 INFO [org.junit.Test] zero00439
2016-08-04 20:06:01,613 INFO [org.junit.Test] zero00440
2016-08-04 20:06:01,613 INFO [org.junit.Test] zero00441
2016-08-04 20:06:01,613 INFO [org.junit.Test] zero00442
2016-08-04 20:06:01,613 INFO [org.junit.Test] zero00443
2016-08-04 20:06:01,613 INFO [org.junit.Test] zero00444
2016-08-04 20:06:01,613 INFO [org.junit.Test] zero00445
2016-08-04 20:06:01,613 INFO [org.junit.Test] zero00446
2016-08-04 20:06:01,613 INFO [org.junit.Test] zero00447
2016-08-04 20:06:01,613 INFO [org.junit.Test] zero00448
2016-08-04 20:06:01,613 INFO [org.junit.Test] zero00449
2016-08-04 20:06:01,613 INFO [org.junit.Test] zero00450
2016-08-04 20:06:01,613 INFO [org.junit.Test] zero00451
2016-08-04 20:06:01,613 INFO [org.junit.Test] zero00452
2016-08-04 20:06:01,613 INFO [org.junit.Test] zero00453
2016-08-04 20:06:01,613 INFO [org.junit.Test] zero00454
2016-08-04 20:06:01,613 INFO [org.junit.Test] zero00455
2016-08-04 20:06:01,613 INFO [org.junit.Test] zero00456
2016-08-04 20:06:01,613 INFO [org.junit.Test] zero00457
2016-08-04 20:06:01,613 INFO [org.junit.Test] zero00458
2016-08-04 20:06:01,613 INFO [org.junit.Test] zero00459
2016-08-04 20:06:01,613 INFO [org.junit.Test] zero00460
2016-08-04 20:06:01,613 INFO [org.junit.Test] zero00461
2016-08-04 20:06:01,613 INFO [org.junit.Test] zero00462
2016-08-04 20:06:01,613 INFO [org.junit.Test] zero00463
2016-08-04 20:06:01,613 INFO [org.junit.Test] zero00464
2016-08-04 20:06:01,613 INFO [org.junit.Test] zero00465
2016-08-04 20:06:01,613 INFO [org.junit.Test] zero00466
2016-08-04 20:06:01,613 INFO [org.junit.Test] zero00467
2016-08-04 20:06:01,613 INFO [org.junit.Test] zero00468
2016-08-04 20:06:01,613 INFO [org.junit.Test] zero00469
2016-08-04 20:06:01,613 INFO [org.junit.Test] zero00470
2016-08-04 20:06:01,613 INFO [org.junit.Test] zero00471
2016-08-04 20:06:01,613 INFO [org.junit.Test] zero00472
2016-08-04 20:06:01,613 INFO [org.junit.Test] zero00473
2016-08-04 20:06:01,613 INFO [org.junit.Test] zero00474
2016-08-04 20:06:01,613 INFO [org.junit.Test] zero00475
2016-08-04 20:06:01,613 INFO [org.junit.Test] zero00476
2016-08-04 20:06:01,613 INFO [org.junit.Test] zero00477
2016-08-04 20:06:01,613 INFO [org.junit.Test] zero00478
2016-08-04 20:06:01,613 INFO [org.junit.Test] zero00479
2016-08-04 20:06:01,613 INFO [org.junit.Test] zero00480
2016-08-04 20:06:01,613 INFO [org.junit.Test] zero00481
2016-08-04 20:06:01,613 INFO [org.junit.Test] zero00482
2016-08-04 20:06:01,613 INFO [org.junit.Test] zero00483
2016-08-04 20:06:01,613 INFO [org.junit.Test] zero00484
2016-08-04 20:06:01,613 INFO [org.junit.Test] zero00485
2016-08-04 20:06:01,613 INFO [org.junit.Test] zero00486
2016-08-04 20:06:01,613 INFO [org.junit.Test] zero00487
2016-08-04 20:06:01,613 INFO [org.junit.Test] zero00488
2016-08-04 20:06:01,613 INFO [org.junit.Test] zero00489
2016-08-04 20:06:01,613 INFO [org.junit.Test] zero00490
2016-08-04 20:06:01,613 INFO [org.junit.Test] zero00491
2016-08-04 20:06:01,613 INFO [org.junit.Test] zero00492
2016-08-04 20:06:01,613 INFO [org.junit.Test] zero00493
2016-08-04 20:06:01,613 INFO [org.junit.Test] zero00494
2016-08-04 20:06:01,613 INFO [org.junit.Test] zero00495
2016-08-04 20:06:01,613 INFO [org.junit.Test] zero00496
2016-08-04 20:06:01,613 INFO [org.junit.Test] zero00497
2016-08-04 20:06:01,613 INFO [org.junit.Test] zero00498
2016-08-04 20:06:01,614 INFO [org.junit.Test] zero00499
2016-08-04 20:06:01,614 INFO [org.junit.Test] zero00500
2016-08-04 20:06:01,614 INFO [org.junit.Test] zero00501
2016-08-04 20:06:01,614 INFO [org.junit.Test] zero00502
2016-08-04 20:06:01,614 INFO [org.junit.Test] zero00503
2016-08-04 20:06:01,614 INFO [org.junit.Test] zero00504
2016-08-04 20:06:01,614 INFO [org.junit.Test] zero00505
2016-08-04 20:06:01,614 INFO [org.junit.Test] zero00506
2016-08-04 20:06:01,614 INFO [org.junit.Test] zero00507
2016-08-04 20:06:01,614 INFO [org.junit.Test] zero00508
2016-08-04 20:06:01,614 INFO [org.junit.Test] zero00509
2016-08-04 20:06:01,614 INFO [org.junit.Test] zero00510
2016-08-04 20:06:01,614 INFO [org.junit.Test] zero00511
2016-08-04 20:06:01,614 INFO [org.junit.Test] zero00512
2016-08-04 20:06:01,614 INFO [org.junit.Test] zero00513
2016-08-04 20:06:01,614 INFO [org.junit.Test] zero00514
2016-08-04 20:06:01,614 INFO [org.junit.Test] zero00515
2016-08-04 20:06:01,614 INFO [org.junit.Test] zero00516
2016-08-04 20:06:01,614 INFO [org.junit.Test] zero00517
2016-08-04 20:06:01,614 INFO [org.junit.Test] zero00518
2016-08-04 20:06:01,614 INFO [org.junit.Test] zero00519
2016-08-04 20:06:01,614 INFO [org.junit.Test] zero00520
2016-08-04 20:06:01,614 INFO [org.junit.Test] zero00521
2016-08-04 20:06:01,614 INFO [org.junit.Test] zero00522
2016-08-04 20:06:01,614 INFO [org.junit.Test] zero00523
2016-08-04 20:06:01,614 INFO [org.junit.Test] zero00524
2016-08-04 20:06:01,614 INFO [org.junit.Test] zero00525
2016-08-04 20:06:01,614 INFO [org.junit.Test] zero00526
2016-08-04 20:06:01,614 INFO [org.junit.Test] zero00527
2016-08-04 20:06:01,614 INFO [org.junit.Test] zero00528
2016-08-04 20:06:01,614 INFO [org.junit.Test] zero00529
2016-08-04 20:06:01,614 INFO [org.junit.Test] zero00530
2016-08-04 20:06:01,614 INFO [org.junit.Test] zero00531
2016-08-04 20:06:01,614 INFO [org.junit.Test] zero00532
2016-08-04 20:06:01,614 INFO [org.junit.Test] zero00533
2016-08-04 20:06:01,614 INFO [org.junit.Test] zero00534
2016-08-04 20:06:01,614 INFO [org.junit.Test] zero00535
2016-08-04 20:06:01,614 INFO [org.junit.Test] zero00536
2016-08-04 20:06:01,614 INFO [org.junit.Test] zero00537
2016-08-04 20:06:01,614 INFO [org.junit.Test] zero00538
2016-08-04 20:06:01,614 INFO [org.junit.Test] zero00539
2016-08-04 20:06:01,614 INFO [org.junit.Test] zero00540
2016-08-04 20:06:01,614 INFO [org.junit.Test] zero00541
2016-08-04 20:06:01,614 INFO [org.junit.Test] zero00542
2016-08-04 20:06:01,614 INFO [org.junit.Test] zero00543
2016-08-04 20:06:01,614 INFO [org.junit.Test] zero00544
2016-08-04 20:06:01,614 INFO [org.junit.Test] zero00545
2016-08-04 20:06:01,614 INFO [org.junit.Test] zero00546
2016-08-04 20:06:01,614 INFO [org.junit.Test] zero00547
2016-08-04 20:06:01,614 INFO [org.junit.Test] zero00548
2016-08-04 20:06:01,614 INFO [org.junit.Test] zero00549
2016-08-04 20:06:01,614 INFO [org.junit.Test] zero00550
2016-08-04 20:06:01,614 INFO [org.junit.Test] zero00551
2016-08-04 20:06:01,614 INFO [org.junit.Test] zero00552
2016-08-04 20:06:01,614 INFO [org.junit.Test] zero00553
2016-08-04 20:06:01,614 INFO [org.junit.Test] zero00554
2016-08-04 20:06:01,614 INFO [org.junit.Test] zero00555
2016-08-04 20:06:01,614 INFO [org.junit.Test] zero00556
2016-08-04 20:06:01,614 INFO [org.junit.Test] zero00557
2016-08-04 20:06:01,614 INFO [org.junit.Test] zero00558
2016-08-04 20:06:01,614 INFO [org.junit.Test] zero00559
2016-08-04 20:06:01,614 INFO [org.junit.Test] zero00560
2016-08-04 20:06:01,614 INFO [org.junit.Test] zero00561
2016-08-04 20:06:01,614 INFO [org.junit.Test] zero00562
2016-08-04 20:06:01,614 INFO [org.junit.Test] zero00563
2016-08-04 20:06:01,614 INFO [org.junit.Test] zero00564
2016-08-04 20:06:01,614 INFO [org.junit.Test] zero00565
2016-08-04 20:06:01,614 INFO [org.junit.Test] zero00566
2016-08-04 20:06:01,614 INFO [org.junit.Test] zero00567
2016-08-04 20:06:01,614 INFO [org.junit.Test] zero00568
2016-08-04 20:06:01,614 INFO [org.junit.Test] zero00569
2016-08-04 20:06:01,614 INFO [org.junit.Test] zero00570
2016-08-04 20:06:01,614 INFO [org.junit.Test] zero00571
2016-08-04 20:06:01,614 INFO [org.junit.Test] zero00572
2016-08-04 20:06:01,614 INFO [org.junit.Test] zero00573
2016-08-04 20:06:01,614 INFO [org.junit.Test] zero00574
2016-08-04 20:06:01,614 INFO [org.junit.Test] zero00575
2016-08-04 20:06:01,614 INFO [org.junit.Test] zero00576
2016-08-04 20:06:01,614 INFO [org.junit.Test] zero00577
2016-08-04 20:06:01,614 INFO [org.junit.Test] zero00578
2016-08-04 20:06:01,614 INFO [org.junit.Test] zero00579
2016-08-04 20:06:01,614 INFO [org.junit.Test] zero00580
2016-08-04 20:06:01,614 INFO [org.junit.Test] zero00581
2016-08-04 20:06:01,614 INFO [org.junit.Test] zero00582
2016-08-04 20:06:01,614 INFO [org.junit.Test] zero00583
2016-08-04 20:06:01,614 INFO [org.junit.Test] zero00584
2016-08-04 20:06:01,614 INFO [org.junit.Test] zero00585
2016-08-04 20:06:01,614 INFO [org.junit.Test] zero00586
2016-08-04 20:06:01,614 INFO [org.junit.Test] zero00587
2016-08-04 20:06:01,614 INFO [org.junit.Test] zero00588
2016-08-04 20:06:01,614 INFO [org.junit.Test] zero00589
2016-08-04 20:06:01,614 INFO [org.junit.Test] zero00590
2016-08-04 20:06:01,614 INFO [org.junit.Test] zero00591
2016-08-04 20:06:01,614 INFO [org.junit.Test] zero00592
2016-08-04 20:06:01,614 INFO [org.junit.Test] zero00593
2016-08-04 20:06:01,614 INFO [org.junit.Test] zero00594
2016-08-04 20:06:01,614 INFO [org.junit.Test] zero00595
2016-08-04 20:06:01,614 INFO [org.junit.Test] zero00596
2016-08-04 20:06:01,614 INFO [org.junit.Test] zero00597
2016-08-04 20:06:01,614 INFO [org.junit.Test] zero00598
2016-08-04 20:06:01,614 INFO [org.junit.Test] zero00599
2016-08-04 20:06:01,614 INFO [org.junit.Test] zero00600
2016-08-04 20:06:01,614 INFO [org.junit.Test] zero00601
2016-08-04 20:06:01,614 INFO [org.junit.Test] zero00602
2016-08-04 20:06:01,614 INFO [org.junit.Test] zero00603
2016-08-04 20:06:01,614 INFO [org.junit.Test] zero00604
2016-08-04 20:06:01,614 INFO [org.junit.Test] zero00605
2016-08-04 20:06:01,614 INFO [org.junit.Test] zero00606
2016-08-04 20:06:01,614 INFO [org.junit.Test] zero00607
2016-08-04 20:06:01,614 INFO [org.junit.Test] zero00608
2016-08-04 20:06:01,614 INFO [org.junit.Test] zero00609
2016-08-04 20:06:01,614 INFO [org.junit.Test] zero00610
2016-08-04 20:06:01,614 INFO [org.junit.Test] zero00611
2016-08-04 20:06:01,614 INFO [org.junit.Test] zero00612
2016-08-04 20:06:01,614 INFO [org.junit.Test] zero00613
2016-08-04 20:06:01,614 INFO [org.junit.Test] zero00614
2016-08-04 20:06:01,614 INFO [org.junit.Test] zero00615
2016-08-04 20:06:01,614 INFO [org.junit.Test] zero00616
2016-08-04 20:06:01,614 INFO [org.junit.Test] zero00617
2016-08-04 20:06:01,614 INFO [org.junit.Test] zero00618
2016-08-04 20:06:01,614 INFO [org.junit.Test] zero00619
2016-08-04 20:06:01,614 INFO [org.junit.Test] zero00620
2016-08-04 20:06:01,614 INFO [org.junit.Test] zero00621
2016-08-04 20:06:01,614 INFO [org.junit.Test] zero00622
2016-08-04 20:06:01,614 INFO [org.junit.Test] zero00623
2016-08-04 20:06:01,614 INFO [org.junit.Test] zero00624
2016-08-04 20:06:01,614 INFO [org.junit.Test] zero00625
2016-08-04 20:06:01,614 INFO [org.junit.Test] zero00626
2016-08-04 20:06:01,614 INFO [org.junit.Test] zero00627
2016-08-04 20:06:01,614 INFO [org.junit.Test] zero00628
2016-08-04 20:06:01,614 INFO [org.junit.Test] zero00629
2016-08-04 20:06:01,614 INFO [org.junit.Test] zero00630
2016-08-04 20:06:01,614 INFO [org.junit.Test] zero00631
2016-08-04 20:06:01,614 INFO [org.junit.Test] zero00632
2016-08-04 20:06:01,614 INFO [org.junit.Test] zero00633
2016-08-04 20:06:01,614 INFO [org.junit.Test] zero00634
2016-08-04 20:06:01,614 INFO [org.junit.Test] zero00635
2016-08-04 20:06:01,614 INFO [org.junit.Test] zero00636
2016-08-04 20:06:01,614 INFO [org.junit.Test] zero00637
2016-08-04 20:06:01,614 INFO [org.junit.Test] zero00638
2016-08-04 20:06:01,614 INFO [org.junit.Test] zero00639
2016-08-04 20:06:01,614 INFO [org.junit.Test] zero00640
2016-08-04 20:06:01,614 INFO [org.junit.Test] zero00641
2016-08-04 20:06:01,614 INFO [org.junit.Test] zero00642
2016-08-04 20:06:01,614 INFO [org.junit.Test] zero00643
2016-08-04 20:06:01,614 INFO [org.junit.Test] zero00644
2016-08-04 20:06:01,614 INFO [org.junit.Test] zero00645
2016-08-04 20:06:01,614 INFO [org.junit.Test] zero00646
2016-08-04 20:06:01,614 INFO [org.junit.Test] zero00647
2016-08-04 20:06:01,614 INFO [org.junit.Test] zero00648
2016-08-04 20:06:01,614 INFO [org.junit.Test] zero00649
2016-08-04 20:06:01,614 INFO [org.junit.Test] zero00650
2016-08-04 20:06:01,614 INFO [org.junit.Test] zero00651
2016-08-04 20:06:01,614 INFO [org.junit.Test] zero00652
2016-08-04 20:06:01,614 INFO [org.junit.Test] zero00653
2016-08-04 20:06:01,614 INFO [org.junit.Test] zero00654
2016-08-04 20:06:01,614 INFO [org.junit.Test] zero00655
2016-08-04 20:06:01,614 INFO [org.junit.Test] zero00656
2016-08-04 20:06:01,614 INFO [org.junit.Test] zero00657
2016-08-04 20:06:01,614 INFO [org.junit.Test] zero00658
2016-08-04 20:06:01,614 INFO [org.junit.Test] zero00659
2016-08-04 20:06:01,614 INFO [org.junit.Test] zero00660
2016-08-04 20:06:01,614 INFO [org.junit.Test] zero00661
2016-08-04 20:06:01,614 INFO [org.junit.Test] zero00662
2016-08-04 20:06:01,614 INFO [org.junit.Test] zero00663
2016-08-04 20:06:01,614 INFO [org.junit.Test] zero00664
2016-08-04 20:06:01,614 INFO [org.junit.Test] zero00665
2016-08-04 20:06:01,614 INFO [org.junit.Test] zero00666
2016-08-04 20:06:01,614 INFO [org.junit.Test] zero00667
2016-08-04 20:06:01,614 INFO [org.junit.Test] zero00668
2016-08-04 20:06:01,614 INFO [org.junit.Test] zero00669
2016-08-04 20:06:01,614 INFO [org.junit.Test] zero00670
2016-08-04 20:06:01,614 INFO [org.junit.Test] zero00671
2016-08-04 20:06:01,614 INFO [org.junit.Test] zero00672
2016-08-04 20:06:01,614 INFO [org.junit.Test] zero00673
2016-08-04 20:06:01,614 INFO [org.junit.Test] zero00674
2016-08-04 20:06:01,614 INFO [org.junit.Test] zero00675
2016-08-04 20:06:01,614 INFO [org.junit.Test] zero00676
2016-08-04 20:06:01,614 INFO [org.junit.Test] zero00677
2016-08-04 20:06:01,614 INFO [org.junit.Test] zero00678
2016-08-04 20:06:01,614 INFO [org.junit.Test] zero00679
2016-08-04 20:06:01,614 INFO [org.junit.Test] zero00680
2016-08-04 20:06:01,614 INFO [org.junit.Test] zero00681
2016-08-04 20:06:01,614 INFO [org.junit.Test] zero00682
2016-08-04 20:06:01,614 INFO [org.junit.Test] zero00683
2016-08-04 20:06:01,614 INFO [org.junit.Test] zero00684
2016-08-04 20:06:01,614 INFO [org.junit.Test] zero00685
2016-08-04 20:06:01,614 INFO [org.junit.Test] zero00686
2016-08-04 20:06:01,614 INFO [org.junit.Test] zero00687
2016-08-04 20:06:01,614 INFO [org.junit.Test] zero00688
2016-08-04 20:06:01,614 INFO [org.junit.Test] zero00689
2016-08-04 20:06:01,614 INFO [org.junit.Test] zero00690
2016-08-04 20:06:01,614 INFO [org.junit.Test] zero00691
2016-08-04 20:06:01,614 INFO [org.junit.Test] zero00692
2016-08-04 20:06:01,614 INFO [org.junit.Test] zero00693
2016-08-04 20:06:01,614 INFO [org.junit.Test] zero00694
2016-08-04 20:06:01,614 INFO [org.junit.Test] zero00695
2016-08-04 20:06:01,614 INFO [org.junit.Test] zero00696
2016-08-04 20:06:01,614 INFO [org.junit.Test] zero00697
2016-08-04 20:06:01,614 INFO [org.junit.Test] zero00698
2016-08-04 20:06:01,614 INFO [org.junit.Test] zero00699
2016-08-04 20:06:01,614 INFO [org.junit.Test] zero00700
2016-08-04 20:06:01,614 INFO [org.junit.Test] zero00701
2016-08-04 20:06:01,614 INFO [org.junit.Test] zero00702
2016-08-04 20:06:01,614 INFO [org.junit.Test] zero00703
2016-08-04 20:06:01,614 INFO [org.junit.Test] zero00704
2016-08-04 20:06:01,614 INFO [org.junit.Test] zero00705
2016-08-04 20:06:01,614 INFO [org.junit.Test] zero00706
2016-08-04 20:06:01,614 INFO [org.junit.Test] zero00707
2016-08-04 20:06:01,614 INFO [org.junit.Test] zero00708
2016-08-04 20:06:01,614 INFO [org.junit.Test] zero00709
2016-08-04 20:06:01,614 INFO [org.junit.Test] zero00710
2016-08-04 20:06:01,614 INFO [org.junit.Test] zero00711
2016-08-04 20:06:01,614 INFO [org.junit.Test] zero00712
2016-08-04 20:06:01,614 INFO [org.junit.Test] zero00713
2016-08-04 20:06:01,614 INFO [org.junit.Test] zero00714
2016-08-04 20:06:01,614 INFO [org.junit.Test] zero00715
2016-08-04 20:06:01,614 INFO [org.junit.Test] zero00716
2016-08-04 20:06:01,614 INFO [org.junit.Test] zero00717
2016-08-04 20:06:01,614 INFO [org.junit.Test] zero00718
2016-08-04 20:06:01,614 INFO [org.junit.Test] zero00719
2016-08-04 20:06:01,614 INFO [org.junit.Test] zero00720
2016-08-04 20:06:01,614 INFO [org.junit.Test] zero00721
2016-08-04 20:06:01,614 INFO [org.junit.Test] zero00722
2016-08-04 20:06:01,614 INFO [org.junit.Test] zero00723
2016-08-04 20:06:01,614 INFO [org.junit.Test] zero00724
2016-08-04 20:06:01,614 INFO [org.junit.Test] zero00725
2016-08-04 20:06:01,614 INFO [org.junit.Test] zero00726
2016-08-04 20:06:01,614 INFO [org.junit.Test] zero00727
2016-08-04 20:06:01,614 INFO [org.junit.Test] zero00728
2016-08-04 20:06:01,614 INFO [org.junit.Test] zero00729
2016-08-04 20:06:01,614 INFO [org.junit.Test] zero00730
2016-08-04 20:06:01,614 INFO [org.junit.Test] zero00731
2016-08-04 20:06:01,614 INFO [org.junit.Test] zero00732
2016-08-04 20:06:01,614 INFO [org.junit.Test] zero00733
2016-08-04 20:06:01,614 INFO [org.junit.Test] zero00734
2016-08-04 20:06:01,614 INFO [org.junit.Test] zero00735
2016-08-04 20:06:01,614 INFO [org.junit.Test] zero00736
2016-08-04 20:06:01,614 INFO [org.junit.Test] zero00737
2016-08-04 20:06:01,614 INFO [org.junit.Test] zero00738
2016-08-04 20:06:01,614 INFO [org.junit.Test] zero00739
2016-08-04 20:06:01,614 INFO [org.junit.Test] zero00740
2016-08-04 20:06:01,614 INFO [org.junit.Test] zero00741
2016-08-04 20:06:01,614 INFO [org.junit.Test] zero00742
2016-08-04 20:06:01,614 INFO [org.junit.Test] zero00743
2016-08-04 20:06:01,614 INFO [org.junit.Test] zero00744
2016-08-04 20:06:01,614 INFO [org.junit.Test] zero00745
2016-08-04 20:06:01,614 INFO [org.junit.Test] zero00746
2016-08-04 20:06:01,614 INFO [org.junit.Test] zero00747
2016-08-04 20:06:01,614 INFO [org.junit.Test] zero00748
2016-08-04 20:06:01,614 INFO [org.junit.Test] zero00749
2016-08-04 20:06:01,614 INFO [org.junit.Test] zero00750
2016-08-04 20:06:01,614 INFO [org.junit.Test] zero00751
2016-08-04 20:06:01,614 INFO [org.junit.Test] zero00752
2016-08-04 20:06:01,614 INFO [org.junit.Test] zero00753
2016-08-04 20:06:01,614 INFO [org.junit.Test] zero00754
2016-08-04 20:06:01,614 INFO [org.junit.Test] zero00755
2016-08-04 20:06:01,614 INFO [org.junit.Test] zero00756
2016-08-04 20:06:01,614 INFO [org.junit.Test] zero00757
2016-08-04 20:06:01,614 INFO [org.junit.Test] zero00758
2016-08-04 20:06:01,614 INFO [org.junit.Test] zero00759
2016-08-04 20:06:01,614 INFO [org.junit.Test] zero00760
2016-08-04 20:06:01,614 INFO [org.junit.Test] zero00761
2016-08-04 20:06:01,614 INFO [org.junit.Test] zero00762
2016-08-04 20:06:01,614 INFO [org.junit.Test] zero00763
2016-08-04 20:06:01,614 INFO [org.junit.Test] zero00764
2016-08-04 20:06:01,614 INFO [org.junit.Test] zero00765
2016-08-04 20:06:01,614 INFO [org.junit.Test] zero00766
2016-08-04 20:06:01,614 INFO [org.junit.Test] zero00767
2016-08-04 20:06:01,614 INFO [org.junit.Test] zero00768
2016-08-04 20:06:01,614 INFO [org.junit.Test] zero00769
2016-08-04 20:06:01,614 INFO [org.junit.Test] zero00770
2016-08-04 20:06:01,614 INFO [org.junit.Test] zero00771
2016-08-04 20:06:01,614 INFO [org.junit.Test] zero00772
2016-08-04 20:06:01,614 INFO [org.junit.Test] zero00773
2016-08-04 20:06:01,614 INFO [org.junit.Test] zero00774
2016-08-04 20:06:01,614 INFO [org.junit.Test] zero00775
2016-08-04 20:06:01,614 INFO [org.junit.Test] zero00776
2016-08-04 20:06:01,614 INFO [org.junit.Test] zero00777
2016-08-04 20:06:01,614 INFO [org.junit.Test] zero00778
2016-08-04 20:06:01,614 INFO [org.junit.Test] zero00779
2016-08-04 20:06:01,614 INFO [org.junit.Test] zero00780
2016-08-04 20:06:01,614 INFO [org.junit.Test] zero00781
2016-08-04 20:06:01,614 INFO [org.junit.Test] zero00782
2016-08-04 20:06:01,614 INFO [org.junit.Test] zero00783
2016-08-04 20:06:01,614 INFO [org.junit.Test] zero00784
2016-08-04 20:06:01,614 INFO [org.junit.Test] zero00785
2016-08-04 20:06:01,614 INFO [org.junit.Test] zero00786
2016-08-04 20:06:01,614 INFO [org.junit.Test] zero00787
2016-08-04 20:06:01,614 INFO [org.junit.Test] zero00788
2016-08-04 20:06:01,614 INFO [org.junit.Test] zero00789
2016-08-04 20:06:01,614 INFO [org.junit.Test] zero00790
2016-08-04 20:06:01,614 INFO [org.junit.Test] zero00791
2016-08-04 20:06:01,614 INFO [org.junit.Test] zero00792
2016-08-04 20:06:01,614 INFO [org.junit.Test] zero00793
2016-08-04 20:06:01,614 INFO [org.junit.Test] zero00794
2016-08-04 20:06:01,614 INFO [org.junit.Test] zero00795
2016-08-04 20:06:01,614 INFO [org.junit.Test] zero00796
2016-08-04 20:06:01,614 INFO [org.junit.Test] zero00797
2016-08-04 20:06:01,614 INFO [org.junit.Test] zero00798
2016-08-04 20:06:01,614 INFO [org.junit.Test] zero00799
2016-08-04 20:06:01,614 INFO [org.junit.Test] zero00800
2016-08-04 20:06:01,614 INFO [org.junit.Test] zero00801
2016-08-04 20:06:01,614 INFO [org.junit.Test] zero00802
2016-08-04 20:06:01,614 INFO [org.junit.Test] zero00803
2016-08-04 20:06:01,614 INFO [org.junit.Test] zero00804
2016-08-04 20:06:01,614 INFO [org.junit.Test] zero00805
2016-08-04 20:06:01,614 INFO [org.junit.Test] zero00806
2016-08-04 20:06:01,614 INFO [org.junit.Test] zero00807
2016-08-04 20:06:01,614 INFO [org.junit.Test] zero00808
2016-08-04 20:06:01,614 INFO [org.junit.Test] zero00809
2016-08-04 20:06:01,614 INFO [org.junit.Test] zero00810
2016-08-04 20:06:01,614 INFO [org.junit.Test] zero00811
2016-08-04 20:06:01,614 INFO [org.junit.Test] zero00812
2016-08-04 20:06:01,614 INFO [org.junit.Test] zero00813
2016-08-04 20:06:01,614 INFO [org.junit.Test] zero00814
2016-08-04 20:06:01,614 INFO [org.junit.Test] zero00815
2016-08-04 20:06:01,614 INFO [org.junit.Test] zero00816
2016-08-04 20:06:01,614 INFO [org.junit.Test] zero00817
2016-08-04 20:06:01,614 INFO [org.junit.Test] zero00818
2016-08-04 20:06:01,614 INFO [org.junit.Test] zero00819
2016-08-04 20:06:01,614 INFO [org.junit.Test] zero00820
2016-08-04 20:06:01,614 INFO [org.junit.Test] zero00821
2016-08-04 20:06:01,614 INFO [org.junit.Test] zero00822
2016-08-04 20:06:01,614 INFO [org.junit.Test] zero00823
2016-08-04 20:06:01,614 INFO [org.junit.Test] zero00824
2016-08-04 20:06:01,614 INFO [org.junit.Test] zero00825
2016-08-04 20:06:01,614 INFO [org.junit.Test] zero00826
2016-08-04 20:06:01,614 INFO [org.junit.Test] zero00827
2016-08-04 20:06:01,614 INFO [org.junit.Test] zero00828
2016-08-04 20:06:01,614 INFO [org.junit.Test] zero00829
2016-08-04 20:06:01,614 INFO [org.junit.Test] zero00830
2016-08-04 20:06:01,614 INFO [org.junit.Test] zero00831
2016-08-04 20:06:01,614 INFO [org.junit.Test] zero00832
2016-08-04 20:06:01,614 INFO [org.junit.Test] zero00833
2016-08-04 20:06:01,614 INFO [org.junit.Test] zero00834
2016-08-04 20:06:01,614 INFO [org.junit.Test] zero00835
2016-08-04 20:06:01,614 INFO [org.junit.Test] zero00836
2016-08-04 20:06:01,614 INFO [org.junit.Test] zero00837
2016-08-04 20:06:01,614 INFO [org.junit.Test] zero00838
2016-08-04 20:06:01,614 INFO [org.junit.Test] zero00839
2016-08-04 20:06:01,614 INFO [org.junit.Test] zero00840
2016-08-04 20:06:01,614 INFO [org.junit.Test] zero00841
2016-08-04 20:06:01,614 INFO [org.junit.Test] zero00842
2016-08-04 20:06:01,614 INFO [org.junit.Test] zero00843
2016-08-04 20:06:01,614 INFO [org.junit.Test] zero00844
2016-08-04 20:06:01,614 INFO [org.junit.Test] zero00845
2016-08-04 20:06:01,614 INFO [org.junit.Test] zero00846
2016-08-04 20:06:01,614 INFO [org.junit.Test] zero00847
2016-08-04 20:06:01,614 INFO [org.junit.Test] zero00848
2016-08-04 20:06:01,614 INFO [org.junit.Test] zero00849
2016-08-04 20:06:01,614 INFO [org.junit.Test] zero00850
2016-08-04 20:06:01,614 INFO [org.junit.Test] zero00851
2016-08-04 20:06:01,614 INFO [org.junit.Test] zero00852
2016-08-04 20:06:01,614 INFO [org.junit.Test] zero00853
2016-08-04 20:06:01,614 INFO [org.junit.Test] zero00854
2016-08-04 20:06:01,614 INFO [org.junit.Test] zero00855
2016-08-04 20:06:01,614 INFO [org.junit.Test] zero00856
2016-08-04 20:06:01,615 INFO [org.junit.Test] zero00857
2016-08-04 20:06:01,615 INFO [org.junit.Test] zero00858
2016-08-04 20:06:01,615 INFO [org.junit.Test] zero00859
2016-08-04 20:06:01,615 INFO [org.junit.Test] zero00860
2016-08-04 20:06:01,615 INFO [org.junit.Test] zero00861
2016-08-04 20:06:01,615 INFO [org.junit.Test] zero00862
2016-08-04 20:06:01,615 INFO [org.junit.Test] zero00863
2016-08-04 20:06:01,615 INFO [org.junit.Test] zero00864
2016-08-04 20:06:01,615 INFO [org.junit.Test] zero00865
2016-08-04 20:06:01,615 INFO [org.junit.Test] zero00866
2016-08-04 20:06:01,615 INFO [org.junit.Test] zero00867
2016-08-04 20:06:01,615 INFO [org.junit.Test] zero00868
2016-08-04 20:06:01,615 INFO [org.junit.Test] zero00869
2016-08-04 20:06:01,615 INFO [org.junit.Test] zero00870
2016-08-04 20:06:01,615 INFO [org.junit.Test] zero00871
2016-08-04 20:06:01,615 INFO [org.junit.Test] zero00872
2016-08-04 20:06:01,615 INFO [org.junit.Test] zero00873
2016-08-04 20:06:01,615 INFO [org.junit.Test] zero00874
2016-08-04 20:06:01,615 INFO [org.junit.Test] zero00875
2016-08-04 20:06:01,615 INFO [org.junit.Test] zero00876
2016-08-04 20:06:01,615 INFO [org.junit.Test] zero00877
2016-08-04 20:06:01,615 INFO [org.junit.Test] zero00878
2016-08-04 20:06:01,615 INFO [org.junit.Test] zero00879
2016-08-04 20:06:01,615 INFO [org.junit.Test] zero00880
2016-08-04 20:06:01,615 INFO [org.junit.Test] zero00881
2016-08-04 20:06:01,615 INFO [org.junit.Test] zero00882
2016-08-04 20:06:01,615 INFO [org.junit.Test] zero00883
2016-08-04 20:06:01,615 INFO [org.junit.Test] zero00884
2016-08-04 20:06:01,615 INFO [org.junit.Test] zero00885
2016-08-04 20:06:01,615 INFO [org.junit.Test] zero00886
2016-08-04 20:06:01,615 INFO [org.junit.Test] zero00887
2016-08-04 20:06:01,615 INFO [org.junit.Test] zero00888
2016-08-04 20:06:01,615 INFO [org.junit.Test] zero00889
2016-08-04 20:06:01,615 INFO [org.junit.Test] zero00890
2016-08-04 20:06:01,615 INFO [org.junit.Test] zero00891
2016-08-04 20:06:01,615 INFO [org.junit.Test] zero00892
2016-08-04 20:06:01,615 INFO [org.junit.Test] zero00893
2016-08-04 20:06:01,615 INFO [org.junit.Test] zero00894
2016-08-04 20:06:01,615 INFO [org.junit.Test] zero00895
2016-08-04 20:06:01,615 INFO [org.junit.Test] zero00896
2016-08-04 20:06:01,615 INFO [org.junit.Test] zero00897
2016-08-04 20:06:01,615 INFO [org.junit.Test] zero00898
2016-08-04 20:06:01,615 INFO [org.junit.Test] zero00899
2016-08-04 20:06:01,615 INFO [org.junit.Test] zero00900
2016-08-04 20:06:01,615 INFO [org.junit.Test] zero00901
2016-08-04 20:06:01,615 INFO [org.junit.Test] zero00902
2016-08-04 20:06:01,615 INFO [org.junit.Test] zero00903
2016-08-04 20:06:01,615 INFO [org.junit.Test] zero00904
2016-08-04 20:06:01,615 INFO [org.junit.Test] zero00905
2016-08-04 20:06:01,615 INFO [org.junit.Test] zero00906
2016-08-04 20:06:01,615 INFO [org.junit.Test] zero00907
2016-08-04 20:06:01,615 INFO [org.junit.Test] zero00908
2016-08-04 20:06:01,615 INFO [org.junit.Test] zero00909
2016-08-04 20:06:01,615 INFO [org.junit.Test] zero00910
2016-08-04 20:06:01,615 INFO [org.junit.Test] zero00911
2016-08-04 20:06:01,615 INFO [org.junit.Test] zero00912
2016-08-04 20:06:01,615 INFO [org.junit.Test] zero00913
2016-08-04 20:06:01,615 INFO [org.junit.Test] zero00914
2016-08-04 20:06:01,615 INFO [org.junit.Test] zero00915
2016-08-04 20:06:01,615 INFO [org.junit.Test] zero00916
2016-08-04 20:06:01,615 INFO [org.junit.Test] zero00917
2016-08-04 20:06:01,615 INFO [org.junit.Test] zero00918
2016-08-04 20:06:01,615 INFO [org.junit.Test] zero00919
2016-08-04 20:06:01,615 INFO [org.junit.Test] zero00920
2016-08-04 20:06:01,615 INFO [org.junit.Test] zero00921
2016-08-04 20:06:01,615 INFO [org.junit.Test] zero00922
2016-08-04 20:06:01,615 INFO [org.junit.Test] zero00923
2016-08-04 20:06:01,615 INFO [org.junit.Test] zero00924
2016-08-04 20:06:01,615 INFO [org.junit.Test] zero00925
2016-08-04 20:06:01,615 INFO [org.junit.Test] zero00926
2016-08-04 20:06:01,615 INFO [org.junit.Test] zero00927
2016-08-04 20:06:01,615 INFO [org.junit.Test] zero00928
2016-08-04 20:06:01,615 INFO [org.junit.Test] zero00929
2016-08-04 20:06:01,615 INFO [org.junit.Test] zero00930
2016-08-04 20:06:01,615 INFO [org.junit.Test] zero00931
2016-08-04 20:06:01,615 INFO [org.junit.Test] zero00932
2016-08-04 20:06:01,615 INFO [org.junit.Test] zero00933
2016-08-04 20:06:01,615 INFO [org.junit.Test] zero00934
2016-08-04 20:06:01,615 INFO [org.junit.Test] zero00935
2016-08-04 20:06:01,615 INFO [org.junit.Test] zero00936
2016-08-04 20:06:01,615 INFO [org.junit.Test] zero00937
2016-08-04 20:06:01,615 INFO [org.junit.Test] zero00938
2016-08-04 20:06:01,615 INFO [org.junit.Test] zero00939
2016-08-04 20:06:01,615 INFO [org.junit.Test] zero00940
2016-08-04 20:06:01,615 INFO [org.junit.Test] zero00941
2016-08-04 20:06:01,615 INFO [org.junit.Test] zero00942
2016-08-04 20:06:01,615 INFO [org.junit.Test] zero00943
2016-08-04 20:06:01,615 INFO [org.junit.Test] zero00944
2016-08-04 20:06:01,615 INFO [org.junit.Test] zero00945
2016-08-04 20:06:01,615 INFO [org.junit.Test] zero00946
2016-08-04 20:06:01,615 INFO [org.junit.Test] zero00947
2016-08-04 20:06:01,615 INFO [org.junit.Test] zero00948
2016-08-04 20:06:01,615 INFO [org.junit.Test] zero00949
2016-08-04 20:06:01,615 INFO [org.junit.Test] zero00950
2016-08-04 20:06:01,615 INFO [org.junit.Test] zero00951
2016-08-04 20:06:01,615 INFO [org.junit.Test] zero00952
2016-08-04 20:06:01,615 INFO [org.junit.Test] zero00953
2016-08-04 20:06:01,615 INFO [org.junit.Test] zero00954
2016-08-04 20:06:01,615 INFO [org.junit.Test] zero00955
2016-08-04 20:06:01,615 INFO [org.junit.Test] zero00956
2016-08-04 20:06:01,615 INFO [org.junit.Test] zero00957
2016-08-04 20:06:01,615 INFO [org.junit.Test] zero00958
2016-08-04 20:06:01,615 INFO [org.junit.Test] zero00959
2016-08-04 20:06:01,615 INFO [org.junit.Test] zero00960
2016-08-04 20:06:01,615 INFO [org.junit.Test] zero00961
2016-08-04 20:06:01,615 INFO [org.junit.Test] zero00962
2016-08-04 20:06:01,615 INFO [org.junit.Test] zero00963
2016-08-04 20:06:01,615 INFO [org.junit.Test] zero00964
2016-08-04 20:06:01,615 INFO [org.junit.Test] zero00965
2016-08-04 20:06:01,615 INFO [org.junit.Test] zero00966
2016-08-04 20:06:01,615 INFO [org.junit.Test] zero00967
2016-08-04 20:06:01,615 INFO [org.junit.Test] zero00968
2016-08-04 20:06:01,615 INFO [org.junit.Test] zero00969
2016-08-04 20:06:01,615 INFO [org.junit.Test] zero00970
2016-08-04 20:06:01,615 INFO [org.junit.Test] zero00971
2016-08-04 20:06:01,615 INFO [org.junit.Test] zero00972
2016-08-04 20:06:01,615 INFO [org.junit.Test] zero00973
2016-08-04 20:06:01,615 INFO [org.junit.Test] zero00974
2016-08-04 20:06:01,615 INFO [org.junit.Test] zero00975
2016-08-04 20:06:01,615 INFO [org.junit.Test] zero00976
2016-08-04 20:06:01,615 INFO [org.junit.Test] zero00977
2016-08-04 20:06:01,615 INFO [org.junit.Test] zero00978
2016-08-04 20:06:01,615 INFO [org.junit.Test] zero00979
2016-08-04 20:06:01,615 INFO [org.junit.Test] zero00980
2016-08-04 20:06:01,615 INFO [org.junit.Test] zero00981
2016-08-04 20:06:01,615 INFO [org.junit.Test] zero00982
2016-08-04 20:06:01,615 INFO [org.junit.Test] zero00983
2016-08-04 20:06:01,615 INFO [org.junit.Test] zero00984
2016-08-04 20:06:01,615 INFO [org.junit.Test] zero00985
2016-08-04 20:06:01,615 INFO [org.junit.Test] zero00986
2016-08-04 20:06:01,615 INFO [org.junit.Test] zero00987
2016-08-04 20:06:01,615 INFO [org.junit.Test] zero00988
2016-08-04 20:06:01,615 INFO [org.junit.Test] zero00989
2016-08-04 20:06:01,615 INFO [org.junit.Test] zero00990
2016-08-04 20:06:01,615 INFO [org.junit.Test] zero00991
2016-08-04 20:06:01,615 INFO [org.junit.Test] zero00992
2016-08-04 20:06:01,615 INFO [org.junit.Test] zero00993
2016-08-04 20:06:01,615 INFO [org.junit.Test] zero00994
2016-08-04 20:06:01,615 INFO [org.junit.Test] zero00995
2016-08-04 20:06:01,615 INFO [org.junit.Test] zero00996
2016-08-04 20:06:01,615 INFO [org.junit.Test] zero00997
2016-08-04 20:06:01,615 INFO [org.junit.Test] zero00998
2016-08-04 20:06:01,615 INFO [org.junit.Test] zero00999
2016-08-04 20:06:04,615 INFO [org.junit.Test] zero000
2016-08-04 20:06:04,615 INFO [org.junit.Test] zero001
2016-08-04 20:06:04,615 INFO [org.junit.Test] zero002
2016-08-04 20:06:04,615 INFO [org.junit.Test] zero003
2016-08-04 20:06:04,615 INFO [org.junit.Test] zero004
2016-08-04 20:06:04,615 INFO [org.junit.Test] zero005
2016-08-04 20:06:04,615 INFO [org.junit.Test] zero006
2016-08-04 20:06:04,615 INFO [org.junit.Test] zero007
2016-08-04 20:06:04,615 INFO [org.junit.Test] zero008
2016-08-04 20:06:04,615 INFO [org.junit.Test] zero009
2016-08-04 20:06:04,615 INFO [org.junit.Test] zero0010
2016-08-04 20:06:04,615 INFO [org.junit.Test] zero0011
2016-08-04 20:06:04,615 INFO [org.junit.Test] zero0012
2016-08-04 20:06:04,615 INFO [org.junit.Test] zero0013
2016-08-04 20:06:04,615 INFO [org.junit.Test] zero0014
2016-08-04 20:06:04,615 INFO [org.junit.Test] zero0015
2016-08-04 20:06:04,615 INFO [org.junit.Test] zero0016
2016-08-04 20:06:04,615 INFO [org.junit.Test] zero0017
2016-08-04 20:06:04,615 INFO [org.junit.Test] zero0018
2016-08-04 20:06:04,615 INFO [org.junit.Test] zero0019
2016-08-04 20:06:04,615 INFO [org.junit.Test] zero0020
2016-08-04 20:06:04,615 INFO [org.junit.Test] zero0021
2016-08-04 20:06:04,615 INFO [org.junit.Test] zero0022
2016-08-04 20:06:04,615 INFO [org.junit.Test] zero0023
2016-08-04 20:06:04,615 INFO [org.junit.Test] zero0024
2016-08-04 20:06:04,615 INFO [org.junit.Test] zero0025
2016-08-04 20:06:04,615 INFO [org.junit.Test] zero0026
2016-08-04 20:06:04,615 INFO [org.junit.Test] zero0027
2016-08-04 20:06:04,615 INFO [org.junit.Test] zero0028
2016-08-04 20:06:04,615 INFO [org.junit.Test] zero0029
2016-08-04 20:06:04,615 INFO [org.junit.Test] zero0030
2016-08-04 20:06:04,615 INFO [org.junit.Test] zero0031
2016-08-04 20:06:04,615 INFO [org.junit.Test] zero0032
2016-08-04 20:06:04,615 INFO [org.junit.Test] zero0033
2016-08-04 20:06:04,615 INFO [org.junit.Test] zero0034
2016-08-04 20:06:04,615 INFO [org.junit.Test] zero0035
2016-08-04 20:06:04,615 INFO [org.junit.Test] zero0036
2016-08-04 20:06:04,615 INFO [org.junit.Test] zero0037
2016-08-04 20:06:04,615 INFO [org.junit.Test] zero0038
2016-08-04 20:06:04,615 INFO [org.junit.Test] zero0039
2016-08-04 20:06:04,615 INFO [org.junit.Test] zero0040
2016-08-04 20:06:04,615 INFO [org.junit.Test] zero0041
2016-08-04 20:06:04,615 INFO [org.junit.Test] zero0042
2016-08-04 20:06:04,615 INFO [org.junit.Test] zero0043
2016-08-04 20:06:04,615 INFO [org.junit.Test] zero0044
2016-08-04 20:06:04,615 INFO [org.junit.Test] zero0045
2016-08-04 20:06:04,615 INFO [org.junit.Test] zero0046
2016-08-04 20:06:04,615 INFO [org.junit.Test] zero0047
2016-08-04 20:06:04,615 INFO [org.junit.Test] zero0048
2016-08-04 20:06:04,615 INFO [org.junit.Test] zero0049
2016-08-04 20:06:04,615 INFO [org.junit.Test] zero0050
2016-08-04 20:06:04,615 INFO [org.junit.Test] zero0051
2016-08-04 20:06:04,615 INFO [org.junit.Test] zero0052
2016-08-04 20:06:04,615 INFO [org.junit.Test] zero0053
2016-08-04 20:06:04,615 INFO [org.junit.Test] zero0054
2016-08-04 20:06:04,615 INFO [org.junit.Test] zero0055
2016-08-04 20:06:04,615 INFO [org.junit.Test] zero0056
2016-08-04 20:06:04,615 INFO [org.junit.Test] zero0057
2016-08-04 20:06:04,615 INFO [org.junit.Test] zero0058
2016-08-04 20:06:04,615 INFO [org.junit.Test] zero0059
2016-08-04 20:06:04,615 INFO [org.junit.Test] zero0060
2016-08-04 20:06:04,615 INFO [org.junit.Test] zero0061
2016-08-04 20:06:04,615 INFO [org.junit.Test] zero0062
2016-08-04 20:06:04,615 INFO [org.junit.Test] zero0063
2016-08-04 20:06:04,615 INFO [org.junit.Test] zero0064
2016-08-04 20:06:04,615 INFO [org.junit.Test] zero0065
2016-08-04 20:06:04,615 INFO [org.junit.Test] zero0066
2016-08-04 20:06:04,615 INFO [org.junit.Test] zero0067
2016-08-04 20:06:04,615 INFO [org.junit.Test] zero0068
2016-08-04 20:06:04,615 INFO [org.junit.Test] zero0069
2016-08-04 20:06:04,615 INFO [org.junit.Test] zero0070
2016-08-04 20:06:04,615 INFO [org.junit.Test] zero0071
2016-08-04 20:06:04,615 INFO [org.junit.Test] zero0072
2016-08-04 20:06:04,615 INFO [org.junit.Test] zero0073
2016-08-04 20:06:04,615 INFO [org.junit.Test] zero0074
2016-08-04 20:06:04,615 INFO [org.junit.Test] zero0075
2016-08-04 20:06:04,615 INFO [org.junit.Test] zero0076
2016-08-04 20:06:04,615 INFO [org.junit.Test] zero0077
2016-08-04 20:06:04,615 INFO [org.junit.Test] zero0078
2016-08-04 20:06:04,615 INFO [org.junit.Test] zero0079
2016-08-04 20:06:04,615 INFO [org.junit.Test] zero0080
2016-08-04 20:06:04,615 INFO [org.junit.Test] zero0081
2016-08-04 20:06:04,615 INFO [org.junit.Test] zero0082
2016-08-04 20:06:04,615 INFO [org.junit.Test] zero0083
2016-08-04 20:06:04,615 INFO [org.junit.Test] zero0084
2016-08-04 20:06:04,615 INFO [org.junit.Test] zero0085
2016-08-04 20:06:04,615 INFO [org.junit.Test] zero0086
2016-08-04 20:06:04,615 INFO [org.junit.Test] zero0087
2016-08-04 20:06:04,615 INFO [org.junit.Test] zero0088
2016-08-04 20:06:04,615 INFO [org.junit.Test] zero0089
2016-08-04 20:06:04,615 INFO [org.junit.Test] zero0090
2016-08-04 20:06:04,615 INFO [org.junit.Test] zero0091
2016-08-04 20:06:04,615 INFO [org.junit.Test] zero0092
2016-08-04 20:06:04,615 INFO [org.junit.Test] zero0093
2016-08-04 20:06:04,615 INFO [org.junit.Test] zero0094
2016-08-04 20:06:04,615 INFO [org.junit.Test] zero0095
2016-08-04 20:06:04,615 INFO [org.junit.Test] zero0096
2016-08-04 20:06:04,615 INFO [org.junit.Test] zero0097
2016-08-04 20:06:04,615 INFO [org.junit.Test] zero0098
2016-08-04 20:06:04,615 INFO [org.junit.Test] zero0099
2016-08-04 20:06:04,615 INFO [org.junit.Test] zero00100
2016-08-04 20:06:04,615 INFO [org.junit.Test] zero00101
2016-08-04 20:06:04,615 INFO [org.junit.Test] zero00102
2016-08-04 20:06:04,615 INFO [org.junit.Test] zero00103
2016-08-04 20:06:04,615 INFO [org.junit.Test] zero00104
2016-08-04 20:06:04,615 INFO [org.junit.Test] zero00105
2016-08-04 20:06:04,615 INFO [org.junit.Test] zero00106
2016-08-04 20:06:04,615 INFO [org.junit.Test] zero00107
2016-08-04 20:06:04,615 INFO [org.junit.Test] zero00108
2016-08-04 20:06:04,615 INFO [org.junit.Test] zero00109
2016-08-04 20:06:04,615 INFO [org.junit.Test] zero00110
2016-08-04 20:06:04,615 INFO [org.junit.Test] zero00111
2016-08-04 20:06:04,615 INFO [org.junit.Test] zero00112
2016-08-04 20:06:04,615 INFO [org.junit.Test] zero00113
2016-08-04 20:06:04,615 INFO [org.junit.Test] zero00114
2016-08-04 20:06:04,615 INFO [org.junit.Test] zero00115
2016-08-04 20:06:04,615 INFO [org.junit.Test] zero00116
2016-08-04 20:06:04,615 INFO [org.junit.Test] zero00117
2016-08-04 20:06:04,615 INFO [org.junit.Test] zero00118
2016-08-04 20:06:04,615 INFO [org.junit.Test] zero00119
2016-08-04 20:06:04,615 INFO [org.junit.Test] zero00120
2016-08-04 20:06:04,615 INFO [org.junit.Test] zero00121
2016-08-04 20:06:04,615 INFO [org.junit.Test] zero00122
2016-08-04 20:06:04,615 INFO [org.junit.Test] zero00123
2016-08-04 20:06:04,615 INFO [org.junit.Test] zero00124
2016-08-04 20:06:04,615 INFO [org.junit.Test] zero00125
2016-08-04 20:06:04,615 INFO [org.junit.Test] zero00126
2016-08-04 20:06:04,615 INFO [org.junit.Test] zero00127
2016-08-04 20:06:04,615 INFO [org.junit.Test] zero00128
2016-08-04 20:06:04,615 INFO [org.junit.Test] zero00129
2016-08-04 20:06:04,615 INFO [org.junit.Test] zero00130
2016-08-04 20:06:04,615 INFO [org.junit.Test] zero00131
2016-08-04 20:06:04,615 INFO [org.junit.Test] zero00132
2016-08-04 20:06:04,615 INFO [org.junit.Test] zero00133
2016-08-04 20:06:04,615 INFO [org.junit.Test] zero00134
2016-08-04 20:06:04,615 INFO [org.junit.Test] zero00135
2016-08-04 20:06:04,615 INFO [org.junit.Test] zero00136
2016-08-04 20:06:04,615 INFO [org.junit.Test] zero00137
2016-08-04 20:06:04,615 INFO [org.junit.Test] zero00138
2016-08-04 20:06:04,615 INFO [org.junit.Test] zero00139
2016-08-04 20:06:04,615 INFO [org.junit.Test] zero00140
2016-08-04 20:06:04,615 INFO [org.junit.Test] zero00141
2016-08-04 20:06:04,615 INFO [org.junit.Test] zero00142
2016-08-04 20:06:04,615 INFO [org.junit.Test] zero00143
2016-08-04 20:06:04,615 INFO [org.junit.Test] zero00144
2016-08-04 20:06:04,615 INFO [org.junit.Test] zero00145
2016-08-04 20:06:04,615 INFO [org.junit.Test] zero00146
2016-08-04 20:06:04,615 INFO [org.junit.Test] zero00147
2016-08-04 20:06:04,615 INFO [org.junit.Test] zero00148
2016-08-04 20:06:04,615 INFO [org.junit.Test] zero00149
2016-08-04 20:06:04,615 INFO [org.junit.Test] zero00150
2016-08-04 20:06:04,615 INFO [org.junit.Test] zero00151
2016-08-04 20:06:04,615 INFO [org.junit.Test] zero00152
2016-08-04 20:06:04,615 INFO [org.junit.Test] zero00153
2016-08-04 20:06:04,615 INFO [org.junit.Test] zero00154
2016-08-04 20:06:04,615 INFO [org.junit.Test] zero00155
2016-08-04 20:06:04,615 INFO [org.junit.Test] zero00156
2016-08-04 20:06:04,615 INFO [org.junit.Test] zero00157
2016-08-04 20:06:04,615 INFO [org.junit.Test] zero00158
2016-08-04 20:06:04,615 INFO [org.junit.Test] zero00159
2016-08-04 20:06:04,615 INFO [org.junit.Test] zero00160
2016-08-04 20:06:04,615 INFO [org.junit.Test] zero00161
2016-08-04 20:06:04,615 INFO [org.junit.Test] zero00162
2016-08-04 20:06:04,615 INFO [org.junit.Test] zero00163
2016-08-04 20:06:04,615 INFO [org.junit.Test] zero00164
2016-08-04 20:06:04,615 INFO [org.junit.Test] zero00165
2016-08-04 20:06:04,615 INFO [org.junit.Test] zero00166
2016-08-04 20:06:04,615 INFO [org.junit.Test] zero00167
2016-08-04 20:06:04,615 INFO [org.junit.Test] zero00168
2016-08-04 20:06:04,615 INFO [org.junit.Test] zero00169
2016-08-04 20:06:04,615 INFO [org.junit.Test] zero00170
2016-08-04 20:06:04,615 INFO [org.junit.Test] zero00171
2016-08-04 20:06:04,615 INFO [org.junit.Test] zero00172
2016-08-04 20:06:04,615 INFO [org.junit.Test] zero00173
2016-08-04 20:06:04,615 INFO [org.junit.Test] zero00174
2016-08-04 20:06:04,615 INFO [org.junit.Test] zero00175
2016-08-04 20:06:04,615 INFO [org.junit.Test] zero00176
2016-08-04 20:06:04,615 INFO [org.junit.Test] zero00177
2016-08-04 20:06:04,615 INFO [org.junit.Test] zero00178
2016-08-04 20:06:04,615 INFO [org.junit.Test] zero00179
2016-08-04 20:06:04,615 INFO [org.junit.Test] zero00180
2016-08-04 20:06:04,615 INFO [org.junit.Test] zero00181
2016-08-04 20:06:04,615 INFO [org.junit.Test] zero00182
2016-08-04 20:06:04,615 INFO [org.junit.Test] zero00183
2016-08-04 20:06:04,615 INFO [org.junit.Test] zero00184
2016-08-04 20:06:04,615 INFO [org.junit.Test] zero00185
2016-08-04 20:06:04,615 INFO [org.junit.Test] zero00186
2016-08-04 20:06:04,615 INFO [org.junit.Test] zero00187
2016-08-04 20:06:04,615 INFO [org.junit.Test] zero00188
2016-08-04 20:06:04,615 INFO [org.junit.Test] zero00189
2016-08-04 20:06:04,615 INFO [org.junit.Test] zero00190
2016-08-04 20:06:04,615 INFO [org.junit.Test] zero00191
2016-08-04 20:06:04,615 INFO [org.junit.Test] zero00192
2016-08-04 20:06:04,615 INFO [org.junit.Test] zero00193
2016-08-04 20:06:04,615 INFO [org.junit.Test] zero00194
2016-08-04 20:06:04,615 INFO [org.junit.Test] zero00195
2016-08-04 20:06:04,615 INFO [org.junit.Test] zero00196
2016-08-04 20:06:04,615 INFO [org.junit.Test] zero00197
2016-08-04 20:06:04,615 INFO [org.junit.Test] zero00198
2016-08-04 20:06:04,615 INFO [org.junit.Test] zero00199
2016-08-04 20:06:04,615 INFO [org.junit.Test] zero00200
2016-08-04 20:06:04,615 INFO [org.junit.Test] zero00201
2016-08-04 20:06:04,615 INFO [org.junit.Test] zero00202
2016-08-04 20:06:04,615 INFO [org.junit.Test] zero00203
2016-08-04 20:06:04,615 INFO [org.junit.Test] zero00204
2016-08-04 20:06:04,615 INFO [org.junit.Test] zero00205
2016-08-04 20:06:04,615 INFO [org.junit.Test] zero00206
2016-08-04 20:06:04,615 INFO [org.junit.Test] zero00207
2016-08-04 20:06:04,615 INFO [org.junit.Test] zero00208
2016-08-04 20:06:04,615 INFO [org.junit.Test] zero00209
2016-08-04 20:06:04,615 INFO [org.junit.Test] zero00210
2016-08-04 20:06:04,615 INFO [org.junit.Test] zero00211
2016-08-04 20:06:04,615 INFO [org.junit.Test] zero00212
2016-08-04 20:06:04,615 INFO [org.junit.Test] zero00213
2016-08-04 20:06:04,615 INFO [org.junit.Test] zero00214
2016-08-04 20:06:04,615 INFO [org.junit.Test] zero00215
2016-08-04 20:06:04,615 INFO [org.junit.Test] zero00216
2016-08-04 20:06:04,615 INFO [org.junit.Test] zero00217
2016-08-04 20:06:04,615 INFO [org.junit.Test] zero00218
2016-08-04 20:06:04,615 INFO [org.junit.Test] zero00219
2016-08-04 20:06:04,615 INFO [org.junit.Test] zero00220
2016-08-04 20:06:04,615 INFO [org.junit.Test] zero00221
2016-08-04 20:06:04,615 INFO [org.junit.Test] zero00222
2016-08-04 20:06:04,615 INFO [org.junit.Test] zero00223
2016-08-04 20:06:04,615 INFO [org.junit.Test] zero00224
2016-08-04 20:06:04,615 INFO [org.junit.Test] zero00225
2016-08-04 20:06:04,615 INFO [org.junit.Test] zero00226
2016-08-04 20:06:04,615 INFO [org.junit.Test] zero00227
2016-08-04 20:06:04,615 INFO [org.junit.Test] zero00228
2016-08-04 20:06:04,615 INFO [org.junit.Test] zero00229
2016-08-04 20:06:04,615 INFO [org.junit.Test] zero00230
2016-08-04 20:06:04,615 INFO [org.junit.Test] zero00231
2016-08-04 20:06:04,615 INFO [org.junit.Test] zero00232
2016-08-04 20:06:04,615 INFO [org.junit.Test] zero00233
2016-08-04 20:06:04,615 INFO [org.junit.Test] zero00234
2016-08-04 20:06:04,615 INFO [org.junit.Test] zero00235
2016-08-04 20:06:04,615 INFO [org.junit.Test] zero00236
2016-08-04 20:06:04,615 INFO [org.junit.Test] zero00237
2016-08-04 20:06:04,615 INFO [org.junit.Test] zero00238
2016-08-04 20:06:04,615 INFO [org.junit.Test] zero00239
2016-08-04 20:06:04,615 INFO [org.junit.Test] zero00240
2016-08-04 20:06:04,615 INFO [org.junit.Test] zero00241
2016-08-04 20:06:04,615 INFO [org.junit.Test] zero00242
2016-08-04 20:06:04,615 INFO [org.junit.Test] zero00243
2016-08-04 20:06:04,615 INFO [org.junit.Test] zero00244
2016-08-04 20:06:04,615 INFO [org.junit.Test] zero00245
2016-08-04 20:06:04,615 INFO [org.junit.Test] zero00246
2016-08-04 20:06:04,615 INFO [org.junit.Test] zero00247
2016-08-04 20:06:04,615 INFO [org.junit.Test] zero00248
2016-08-04 20:06:04,615 INFO [org.junit.Test] zero00249
2016-08-04 20:06:04,615 INFO [org.junit.Test] zero00250
2016-08-04 20:06:04,615 INFO [org.junit.Test] zero00251
2016-08-04 20:06:04,615 INFO [org.junit.Test] zero00252
2016-08-04 20:06:04,615 INFO [org.junit.Test] zero00253
2016-08-04 20:06:04,615 INFO [org.junit.Test] zero00254
2016-08-04 20:06:04,615 INFO [org.junit.Test] zero00255
2016-08-04 20:06:04,615 INFO [org.junit.Test] zero00256
2016-08-04 20:06:04,615 INFO [org.junit.Test] zero00257
2016-08-04 20:06:04,615 INFO [org.junit.Test] zero00258
2016-08-04 20:06:04,615 INFO [org.junit.Test] zero00259
2016-08-04 20:06:04,615 INFO [org.junit.Test] zero00260
2016-08-04 20:06:04,615 INFO [org.junit.Test] zero00261
2016-08-04 20:06:04,615 INFO [org.junit.Test] zero00262
2016-08-04 20:06:04,615 INFO [org.junit.Test] zero00263
2016-08-04 20:06:04,615 INFO [org.junit.Test] zero00264
2016-08-04 20:06:04,615 INFO [org.junit.Test] zero00265
2016-08-04 20:06:04,615 INFO [org.junit.Test] zero00266
2016-08-04 20:06:04,615 INFO [org.junit.Test] zero00267
2016-08-04 20:06:04,615 INFO [org.junit.Test] zero00268
2016-08-04 20:06:04,615 INFO [org.junit.Test] zero00269
2016-08-04 20:06:04,615 INFO [org.junit.Test] zero00270
2016-08-04 20:06:04,615 INFO [org.junit.Test] zero00271
2016-08-04 20:06:04,615 INFO [org.junit.Test] zero00272
2016-08-04 20:06:04,615 INFO [org.junit.Test] zero00273
2016-08-04 20:06:04,615 INFO [org.junit.Test] zero00274
2016-08-04 20:06:04,615 INFO [org.junit.Test] zero00275
2016-08-04 20:06:04,615 INFO [org.junit.Test] zero00276
2016-08-04 20:06:04,615 INFO [org.junit.Test] zero00277
2016-08-04 20:06:04,615 INFO [org.junit.Test] zero00278
2016-08-04 20:06:04,615 INFO [org.junit.Test] zero00279
2016-08-04 20:06:04,615 INFO [org.junit.Test] zero00280
2016-08-04 20:06:04,615 INFO [org.junit.Test] zero00281
2016-08-04 20:06:04,615 INFO [org.junit.Test] zero00282
2016-08-04 20:06:04,615 INFO [org.junit.Test] zero00283
2016-08-04 20:06:04,615 INFO [org.junit.Test] zero00284
2016-08-04 20:06:04,615 INFO [org.junit.Test] zero00285
2016-08-04 20:06:04,615 INFO [org.junit.Test] zero00286
2016-08-04 20:06:04,615 INFO [org.junit.Test] zero00287
2016-08-04 20:06:04,615 INFO [org.junit.Test] zero00288
2016-08-04 20:06:04,615 INFO [org.junit.Test] zero00289
2016-08-04 20:06:04,615 INFO [org.junit.Test] zero00290
2016-08-04 20:06:04,615 INFO [org.junit.Test] zero00291
2016-08-04 20:06:04,615 INFO [org.junit.Test] zero00292
2016-08-04 20:06:04,615 INFO [org.junit.Test] zero00293
2016-08-04 20:06:04,615 INFO [org.junit.Test] zero00294
2016-08-04 20:06:04,615 INFO [org.junit.Test] zero00295
2016-08-04 20:06:04,615 INFO [org.junit.Test] zero00296
2016-08-04 20:06:04,615 INFO [org.junit.Test] zero00297
2016-08-04 20:06:04,615 INFO [org.junit.Test] zero00298
2016-08-04 20:06:04,615 INFO [org.junit.Test] zero00299
2016-08-04 20:06:04,615 INFO [org.junit.Test] zero00300
2016-08-04 20:06:04,615 INFO [org.junit.Test] zero00301
2016-08-04 20:06:04,615 INFO [org.junit.Test] zero00302
2016-08-04 20:06:04,615 INFO [org.junit.Test] zero00303
2016-08-04 20:06:04,615 INFO [org.junit.Test] zero00304
2016-08-04 20:06:04,615 INFO [org.junit.Test] zero00305
2016-08-04 20:06:04,615 INFO [org.junit.Test] zero00306
2016-08-04 20:06:04,615 INFO [org.junit.Test] zero00307
2016-08-04 20:06:04,615 INFO [org.junit.Test] zero00308
2016-08-04 20:06:04,615 INFO [org.junit.Test] zero00309
2016-08-04 20:06:04,615 INFO [org.junit.Test] zero00310
2016-08-04 20:06:04,615 INFO [org.junit.Test] zero00311
2016-08-04 20:06:04,615 INFO [org.junit.Test] zero00312
2016-08-04 20:06:04,615 INFO [org.junit.Test] zero00313
2016-08-04 20:06:04,615 INFO [org.junit.Test] zero00314
2016-08-04 20:06:04,615 INFO [org.junit.Test] zero00315
2016-08-04 20:06:04,615 INFO [org.junit.Test] zero00316
2016-08-04 20:06:04,615 INFO [org.junit.Test] zero00317
2016-08-04 20:06:04,615 INFO [org.junit.Test] zero00318
2016-08-04 20:06:04,615 INFO [org.junit.Test] zero00319
2016-08-04 20:06:04,615 INFO [org.junit.Test] zero00320
2016-08-04 20:06:04,615 INFO [org.junit.Test] zero00321
2016-08-04 20:06:04,615 INFO [org.junit.Test] zero00322
2016-08-04 20:06:04,615 INFO [org.junit.Test] zero00323
2016-08-04 20:06:04,615 INFO [org.junit.Test] zero00324
2016-08-04 20:06:04,615 INFO [org.junit.Test] zero00325
2016-08-04 20:06:04,615 INFO [org.junit.Test] zero00326
2016-08-04 20:06:04,615 INFO [org.junit.Test] zero00327
2016-08-04 20:06:04,615 INFO [org.junit.Test] zero00328
2016-08-04 20:06:04,615 INFO [org.junit.Test] zero00329
2016-08-04 20:06:04,615 INFO [org.junit.Test] zero00330
2016-08-04 20:06:04,615 INFO [org.junit.Test] zero00331
2016-08-04 20:06:04,615 INFO [org.junit.Test] zero00332
2016-08-04 20:06:04,615 INFO [org.junit.Test] zero00333
2016-08-04 20:06:04,615 INFO [org.junit.Test] zero00334
2016-08-04 20:06:04,615 INFO [org.junit.Test] zero00335
2016-08-04 20:06:04,615 INFO [org.junit.Test] zero00336
2016-08-04 20:06:04,615 INFO [org.junit.Test] zero00337
2016-08-04 20:06:04,615 INFO [org.junit.Test] zero00338
2016-08-04 20:06:04,615 INFO [org.junit.Test] zero00339
2016-08-04 20:06:04,615 INFO [org.junit.Test] zero00340
2016-08-04 20:06:04,615 INFO [org.junit.Test] zero00341
2016-08-04 20:06:04,615 INFO [org.junit.Test] zero00342
2016-08-04 20:06:04,615 INFO [org.junit.Test] zero00343
2016-08-04 20:06:04,615 INFO [org.junit.Test] zero00344
2016-08-04 20:06:04,615 INFO [org.junit.Test] zero00345
2016-08-04 20:06:04,615 INFO [org.junit.Test] zero00346
2016-08-04 20:06:04,615 INFO [org.junit.Test] zero00347
2016-08-04 20:06:04,615 INFO [org.junit.Test] zero00348
2016-08-04 20:06:04,615 INFO [org.junit.Test] zero00349
2016-08-04 20:06:04,615 INFO [org.junit.Test] zero00350
2016-08-04 20:06:04,615 INFO [org.junit.Test] zero00351
2016-08-04 20:06:04,615 INFO [org.junit.Test] zero00352
2016-08-04 20:06:04,615 INFO [org.junit.Test] zero00353
2016-08-04 20:06:04,616 INFO [org.junit.Test] zero00354
2016-08-04 20:06:04,616 INFO [org.junit.Test] zero00355
2016-08-04 20:06:04,616 INFO [org.junit.Test] zero00356
2016-08-04 20:06:04,616 INFO [org.junit.Test] zero00357
2016-08-04 20:06:04,616 INFO [org.junit.Test] zero00358
2016-08-04 20:06:04,616 INFO [org.junit.Test] zero00359
2016-08-04 20:06:04,616 INFO [org.junit.Test] zero00360
2016-08-04 20:06:04,616 INFO [org.junit.Test] zero00361
2016-08-04 20:06:04,616 INFO [org.junit.Test] zero00362
2016-08-04 20:06:04,616 INFO [org.junit.Test] zero00363
2016-08-04 20:06:04,616 INFO [org.junit.Test] zero00364
2016-08-04 20:06:04,616 INFO [org.junit.Test] zero00365
2016-08-04 20:06:04,616 INFO [org.junit.Test] zero00366
2016-08-04 20:06:04,616 INFO [org.junit.Test] zero00367
2016-08-04 20:06:04,616 INFO [org.junit.Test] zero00368
2016-08-04 20:06:04,616 INFO [org.junit.Test] zero00369
2016-08-04 20:06:04,616 INFO [org.junit.Test] zero00370
2016-08-04 20:06:04,616 INFO [org.junit.Test] zero00371
2016-08-04 20:06:04,616 INFO [org.junit.Test] zero00372
2016-08-04 20:06:04,616 INFO [org.junit.Test] zero00373
2016-08-04 20:06:04,616 INFO [org.junit.Test] zero00374
2016-08-04 20:06:04,616 INFO [org.junit.Test] zero00375
2016-08-04 20:06:04,616 INFO [org.junit.Test] zero00376
2016-08-04 20:06:04,616 INFO [org.junit.Test] zero00377
2016-08-04 20:06:04,616 INFO [org.junit.Test] zero00378
2016-08-04 20:06:04,616 INFO [org.junit.Test] zero00379
2016-08-04 20:06:04,616 INFO [org.junit.Test] zero00380
2016-08-04 20:06:04,616 INFO [org.junit.Test] zero00381
2016-08-04 20:06:04,616 INFO [org.junit.Test] zero00382
2016-08-04 20:06:04,616 INFO [org.junit.Test] zero00383
2016-08-04 20:06:04,616 INFO [org.junit.Test] zero00384
2016-08-04 20:06:04,616 INFO [org.junit.Test] zero00385
2016-08-04 20:06:04,616 INFO [org.junit.Test] zero00386
2016-08-04 20:06:04,616 INFO [org.junit.Test] zero00387
2016-08-04 20:06:04,616 INFO [org.junit.Test] zero00388
2016-08-04 20:06:04,616 INFO [org.junit.Test] zero00389
2016-08-04 20:06:04,616 INFO [org.junit.Test] zero00390
2016-08-04 20:06:04,616 INFO [org.junit.Test] zero00391
2016-08-04 20:06:04,616 INFO [org.junit.Test] zero00392
2016-08-04 20:06:04,616 INFO [org.junit.Test] zero00393
2016-08-04 20:06:04,616 INFO [org.junit.Test] zero00394
2016-08-04 20:06:04,616 INFO [org.junit.Test] zero00395
2016-08-04 20:06:04,616 INFO [org.junit.Test] zero00396
2016-08-04 20:06:04,616 INFO [org.junit.Test] zero00397
2016-08-04 20:06:04,616 INFO [org.junit.Test] zero00398
2016-08-04 20:06:04,616 INFO [org.junit.Test] zero00399
2016-08-04 20:06:04,616 INFO [org.junit.Test] zero00400
2016-08-04 20:06:04,616 INFO [org.junit.Test] zero00401
2016-08-04 20:06:04,616 INFO [org.junit.Test] zero00402
2016-08-04 20:06:04,616 INFO [org.junit.Test] zero00403
2016-08-04 20:06:04,616 INFO [org.junit.Test] zero00404
2016-08-04 20:06:04,616 INFO [org.junit.Test] zero00405
2016-08-04 20:06:04,616 INFO [org.junit.Test] zero00406
2016-08-04 20:06:04,616 INFO [org.junit.Test] zero00407
2016-08-04 20:06:04,616 INFO [org.junit.Test] zero00408
2016-08-04 20:06:04,616 INFO [org.junit.Test] zero00409
2016-08-04 20:06:04,616 INFO [org.junit.Test] zero00410
2016-08-04 20:06:04,616 INFO [org.junit.Test] zero00411
2016-08-04 20:06:04,616 INFO [org.junit.Test] zero00412
2016-08-04 20:06:04,616 INFO [org.junit.Test] zero00413
2016-08-04 20:06:04,616 INFO [org.junit.Test] zero00414
2016-08-04 20:06:04,616 INFO [org.junit.Test] zero00415
2016-08-04 20:06:04,616 INFO [org.junit.Test] zero00416
2016-08-04 20:06:04,616 INFO [org.junit.Test] zero00417
2016-08-04 20:06:04,616 INFO [org.junit.Test] zero00418
2016-08-04 20:06:04,616 INFO [org.junit.Test] zero00419
2016-08-04 20:06:04,616 INFO [org.junit.Test] zero00420
2016-08-04 20:06:04,616 INFO [org.junit.Test] zero00421
2016-08-04 20:06:04,616 INFO [org.junit.Test] zero00422
2016-08-04 20:06:04,616 INFO [org.junit.Test] zero00423
2016-08-04 20:06:04,616 INFO [org.junit.Test] zero00424
2016-08-04 20:06:04,616 INFO [org.junit.Test] zero00425
2016-08-04 20:06:04,616 INFO [org.junit.Test] zero00426
2016-08-04 20:06:04,616 INFO [org.junit.Test] zero00427
2016-08-04 20:06:04,616 INFO [org.junit.Test] zero00428
2016-08-04 20:06:04,616 INFO [org.junit.Test] zero00429
2016-08-04 20:06:04,616 INFO [org.junit.Test] zero00430
2016-08-04 20:06:04,616 INFO [org.junit.Test] zero00431
2016-08-04 20:06:04,616 INFO [org.junit.Test] zero00432
2016-08-04 20:06:04,616 INFO [org.junit.Test] zero00433
2016-08-04 20:06:04,616 INFO [org.junit.Test] zero00434
2016-08-04 20:06:04,616 INFO [org.junit.Test] zero00435
2016-08-04 20:06:04,616 INFO [org.junit.Test] zero00436
2016-08-04 20:06:04,616 INFO [org.junit.Test] zero00437
2016-08-04 20:06:04,616 INFO [org.junit.Test] zero00438
2016-08-04 20:06:04,616 INFO [org.junit.Test] zero00439
2016-08-04 20:06:04,616 INFO [org.junit.Test] zero00440
2016-08-04 20:06:04,616 INFO [org.junit.Test] zero00441
2016-08-04 20:06:04,616 INFO [org.junit.Test] zero00442
2016-08-04 20:06:04,616 INFO [org.junit.Test] zero00443
2016-08-04 20:06:04,616 INFO [org.junit.Test] zero00444
2016-08-04 20:06:04,616 INFO [org.junit.Test] zero00445
2016-08-04 20:06:04,616 INFO [org.junit.Test] zero00446
2016-08-04 20:06:04,616 INFO [org.junit.Test] zero00447
2016-08-04 20:06:04,616 INFO [org.junit.Test] zero00448
2016-08-04 20:06:04,616 INFO [org.junit.Test] zero00449
2016-08-04 20:06:04,616 INFO [org.junit.Test] zero00450
2016-08-04 20:06:04,616 INFO [org.junit.Test] zero00451
2016-08-04 20:06:04,616 INFO [org.junit.Test] zero00452
2016-08-04 20:06:04,616 INFO [org.junit.Test] zero00453
2016-08-04 20:06:04,616 INFO [org.junit.Test] zero00454
2016-08-04 20:06:04,616 INFO [org.junit.Test] zero00455
2016-08-04 20:06:04,616 INFO [org.junit.Test] zero00456
2016-08-04 20:06:04,616 INFO [org.junit.Test] zero00457
2016-08-04 20:06:04,616 INFO [org.junit.Test] zero00458
2016-08-04 20:06:04,616 INFO [org.junit.Test] zero00459
2016-08-04 20:06:04,616 INFO [org.junit.Test] zero00460
2016-08-04 20:06:04,616 INFO [org.junit.Test] zero00461
2016-08-04 20:06:04,616 INFO [org.junit.Test] zero00462
2016-08-04 20:06:04,616 INFO [org.junit.Test] zero00463
2016-08-04 20:06:04,616 INFO [org.junit.Test] zero00464
2016-08-04 20:06:04,616 INFO [org.junit.Test] zero00465
2016-08-04 20:06:04,616 INFO [org.junit.Test] zero00466
2016-08-04 20:06:04,616 INFO [org.junit.Test] zero00467
2016-08-04 20:06:04,616 INFO [org.junit.Test] zero00468
2016-08-04 20:06:04,616 INFO [org.junit.Test] zero00469
2016-08-04 20:06:04,616 INFO [org.junit.Test] zero00470
2016-08-04 20:06:04,616 INFO [org.junit.Test] zero00471
2016-08-04 20:06:04,616 INFO [org.junit.Test] zero00472
2016-08-04 20:06:04,616 INFO [org.junit.Test] zero00473
2016-08-04 20:06:04,616 INFO [org.junit.Test] zero00474
2016-08-04 20:06:04,616 INFO [org.junit.Test] zero00475
2016-08-04 20:06:04,616 INFO [org.junit.Test] zero00476
2016-08-04 20:06:04,616 INFO [org.junit.Test] zero00477
2016-08-04 20:06:04,616 INFO [org.junit.Test] zero00478
2016-08-04 20:06:04,616 INFO [org.junit.Test] zero00479
2016-08-04 20:06:04,616 INFO [org.junit.Test] zero00480
2016-08-04 20:06:04,616 INFO [org.junit.Test] zero00481
2016-08-04 20:06:04,616 INFO [org.junit.Test] zero00482
2016-08-04 20:06:04,616 INFO [org.junit.Test] zero00483
2016-08-04 20:06:04,616 INFO [org.junit.Test] zero00484
2016-08-04 20:06:04,616 INFO [org.junit.Test] zero00485
2016-08-04 20:06:04,616 INFO [org.junit.Test] zero00486
2016-08-04 20:06:04,616 INFO [org.junit.Test] zero00487
2016-08-04 20:06:04,616 INFO [org.junit.Test] zero00488
2016-08-04 20:06:04,616 INFO [org.junit.Test] zero00489
2016-08-04 20:06:04,616 INFO [org.junit.Test] zero00490
2016-08-04 20:06:04,616 INFO [org.junit.Test] zero00491
2016-08-04 20:06:04,616 INFO [org.junit.Test] zero00492
2016-08-04 20:06:04,616 INFO [org.junit.Test] zero00493
2016-08-04 20:06:04,616 INFO [org.junit.Test] zero00494
2016-08-04 20:06:04,616 INFO [org.junit.Test] zero00495
2016-08-04 20:06:04,616 INFO [org.junit.Test] zero00496
2016-08-04 20:06:04,616 INFO [org.junit.Test] zero00497
2016-08-04 20:06:04,616 INFO [org.junit.Test] zero00498
2016-08-04 20:06:04,616 INFO [org.junit.Test] zero00499
2016-08-04 20:06:04,616 INFO [org.junit.Test] zero00500
2016-08-04 20:06:04,616 INFO [org.junit.Test] zero00501
2016-08-04 20:06:04,616 INFO [org.junit.Test] zero00502
2016-08-04 20:06:04,616 INFO [org.junit.Test] zero00503
2016-08-04 20:06:04,616 INFO [org.junit.Test] zero00504
2016-08-04 20:06:04,616 INFO [org.junit.Test] zero00505
2016-08-04 20:06:04,616 INFO [org.junit.Test] zero00506
2016-08-04 20:06:04,616 INFO [org.junit.Test] zero00507
2016-08-04 20:06:04,616 INFO [org.junit.Test] zero00508
2016-08-04 20:06:04,616 INFO [org.junit.Test] zero00509
2016-08-04 20:06:04,616 INFO [org.junit.Test] zero00510
2016-08-04 20:06:04,616 INFO [org.junit.Test] zero00511
2016-08-04 20:06:04,616 INFO [org.junit.Test] zero00512
2016-08-04 20:06:04,616 INFO [org.junit.Test] zero00513
2016-08-04 20:06:04,616 INFO [org.junit.Test] zero00514
2016-08-04 20:06:04,616 INFO [org.junit.Test] zero00515
2016-08-04 20:06:04,616 INFO [org.junit.Test] zero00516
2016-08-04 20:06:04,616 INFO [org.junit.Test] zero00517
2016-08-04 20:06:04,616 INFO [org.junit.Test] zero00518
2016-08-04 20:06:04,616 INFO [org.junit.Test] zero00519
2016-08-04 20:06:04,616 INFO [org.junit.Test] zero00520
2016-08-04 20:06:04,616 INFO [org.junit.Test] zero00521
2016-08-04 20:06:04,616 INFO [org.junit.Test] zero00522
2016-08-04 20:06:04,616 INFO [org.junit.Test] zero00523
2016-08-04 20:06:04,616 INFO [org.junit.Test] zero00524
2016-08-04 20:06:04,616 INFO [org.junit.Test] zero00525
2016-08-04 20:06:04,616 INFO [org.junit.Test] zero00526
2016-08-04 20:06:04,616 INFO [org.junit.Test] zero00527
2016-08-04 20:06:04,616 INFO [org.junit.Test] zero00528
2016-08-04 20:06:04,616 INFO [org.junit.Test] zero00529
2016-08-04 20:06:04,616 INFO [org.junit.Test] zero00530
2016-08-04 20:06:04,616 INFO [org.junit.Test] zero00531
2016-08-04 20:06:04,616 INFO [org.junit.Test] zero00532
2016-08-04 20:06:04,616 INFO [org.junit.Test] zero00533
2016-08-04 20:06:04,616 INFO [org.junit.Test] zero00534
2016-08-04 20:06:04,616 INFO [org.junit.Test] zero00535
2016-08-04 20:06:04,616 INFO [org.junit.Test] zero00536
2016-08-04 20:06:04,616 INFO [org.junit.Test] zero00537
2016-08-04 20:06:04,616 INFO [org.junit.Test] zero00538
2016-08-04 20:06:04,616 INFO [org.junit.Test] zero00539
2016-08-04 20:06:04,616 INFO [org.junit.Test] zero00540
2016-08-04 20:06:04,616 INFO [org.junit.Test] zero00541
2016-08-04 20:06:04,616 INFO [org.junit.Test] zero00542
2016-08-04 20:06:04,616 INFO [org.junit.Test] zero00543
2016-08-04 20:06:04,616 INFO [org.junit.Test] zero00544
2016-08-04 20:06:04,616 INFO [org.junit.Test] zero00545
2016-08-04 20:06:04,616 INFO [org.junit.Test] zero00546
2016-08-04 20:06:04,616 INFO [org.junit.Test] zero00547
2016-08-04 20:06:04,616 INFO [org.junit.Test] zero00548
2016-08-04 20:06:04,616 INFO [org.junit.Test] zero00549
2016-08-04 20:06:04,616 INFO [org.junit.Test] zero00550
2016-08-04 20:06:04,616 INFO [org.junit.Test] zero00551
2016-08-04 20:06:04,616 INFO [org.junit.Test] zero00552
2016-08-04 20:06:04,616 INFO [org.junit.Test] zero00553
2016-08-04 20:06:04,616 INFO [org.junit.Test] zero00554
2016-08-04 20:06:04,616 INFO [org.junit.Test] zero00555
2016-08-04 20:06:04,616 INFO [org.junit.Test] zero00556
2016-08-04 20:06:04,616 INFO [org.junit.Test] zero00557
2016-08-04 20:06:04,616 INFO [org.junit.Test] zero00558
2016-08-04 20:06:04,616 INFO [org.junit.Test] zero00559
2016-08-04 20:06:04,616 INFO [org.junit.Test] zero00560
2016-08-04 20:06:04,616 INFO [org.junit.Test] zero00561
2016-08-04 20:06:04,616 INFO [org.junit.Test] zero00562
2016-08-04 20:06:04,616 INFO [org.junit.Test] zero00563
2016-08-04 20:06:04,616 INFO [org.junit.Test] zero00564
2016-08-04 20:06:04,616 INFO [org.junit.Test] zero00565
2016-08-04 20:06:04,616 INFO [org.junit.Test] zero00566
2016-08-04 20:06:04,616 INFO [org.junit.Test] zero00567
2016-08-04 20:06:04,616 INFO [org.junit.Test] zero00568
2016-08-04 20:06:04,616 INFO [org.junit.Test] zero00569
2016-08-04 20:06:04,616 INFO [org.junit.Test] zero00570
2016-08-04 20:06:04,616 INFO [org.junit.Test] zero00571
2016-08-04 20:06:04,616 INFO [org.junit.Test] zero00572
2016-08-04 20:06:04,616 INFO [org.junit.Test] zero00573
2016-08-04 20:06:04,616 INFO [org.junit.Test] zero00574
2016-08-04 20:06:04,616 INFO [org.junit.Test] zero00575
2016-08-04 20:06:04,616 INFO [org.junit.Test] zero00576
2016-08-04 20:06:04,616 INFO [org.junit.Test] zero00577
2016-08-04 20:06:04,616 INFO [org.junit.Test] zero00578
2016-08-04 20:06:04,616 INFO [org.junit.Test] zero00579
2016-08-04 20:06:04,616 INFO [org.junit.Test] zero00580
2016-08-04 20:06:04,616 INFO [org.junit.Test] zero00581
2016-08-04 20:06:04,616 INFO [org.junit.Test] zero00582
2016-08-04 20:06:04,616 INFO [org.junit.Test] zero00583
2016-08-04 20:06:04,616 INFO [org.junit.Test] zero00584
2016-08-04 20:06:04,616 INFO [org.junit.Test] zero00585
2016-08-04 20:06:04,616 INFO [org.junit.Test] zero00586
2016-08-04 20:06:04,616 INFO [org.junit.Test] zero00587
2016-08-04 20:06:04,616 INFO [org.junit.Test] zero00588
2016-08-04 20:06:04,616 INFO [org.junit.Test] zero00589
2016-08-04 20:06:04,616 INFO [org.junit.Test] zero00590
2016-08-04 20:06:04,616 INFO [org.junit.Test] zero00591
2016-08-04 20:06:04,616 INFO [org.junit.Test] zero00592
2016-08-04 20:06:04,616 INFO [org.junit.Test] zero00593
2016-08-04 20:06:04,616 INFO [org.junit.Test] zero00594
2016-08-04 20:06:04,616 INFO [org.junit.Test] zero00595
2016-08-04 20:06:04,616 INFO [org.junit.Test] zero00596
2016-08-04 20:06:04,616 INFO [org.junit.Test] zero00597
2016-08-04 20:06:04,616 INFO [org.junit.Test] zero00598
2016-08-04 20:06:04,616 INFO [org.junit.Test] zero00599
2016-08-04 20:06:04,616 INFO [org.junit.Test] zero00600
2016-08-04 20:06:04,616 INFO [org.junit.Test] zero00601
2016-08-04 20:06:04,616 INFO [org.junit.Test] zero00602
2016-08-04 20:06:04,616 INFO [org.junit.Test] zero00603
2016-08-04 20:06:04,616 INFO [org.junit.Test] zero00604
2016-08-04 20:06:04,616 INFO [org.junit.Test] zero00605
2016-08-04 20:06:04,616 INFO [org.junit.Test] zero00606
2016-08-04 20:06:04,616 INFO [org.junit.Test] zero00607
2016-08-04 20:06:04,616 INFO [org.junit.Test] zero00608
2016-08-04 20:06:04,616 INFO [org.junit.Test] zero00609
2016-08-04 20:06:04,616 INFO [org.junit.Test] zero00610
2016-08-04 20:06:04,616 INFO [org.junit.Test] zero00611
2016-08-04 20:06:04,616 INFO [org.junit.Test] zero00612
2016-08-04 20:06:04,616 INFO [org.junit.Test] zero00613
2016-08-04 20:06:04,616 INFO [org.junit.Test] zero00614
2016-08-04 20:06:04,616 INFO [org.junit.Test] zero00615
2016-08-04 20:06:04,616 INFO [org.junit.Test] zero00616
2016-08-04 20:06:04,616 INFO [org.junit.Test] zero00617
2016-08-04 20:06:04,616 INFO [org.junit.Test] zero00618
2016-08-04 20:06:04,616 INFO [org.junit.Test] zero00619
2016-08-04 20:06:04,616 INFO [org.junit.Test] zero00620
2016-08-04 20:06:04,616 INFO [org.junit.Test] zero00621
2016-08-04 20:06:04,616 INFO [org.junit.Test] zero00622
2016-08-04 20:06:04,616 INFO [org.junit.Test] zero00623
2016-08-04 20:06:04,616 INFO [org.junit.Test] zero00624
2016-08-04 20:06:04,616 INFO [org.junit.Test] zero00625
2016-08-04 20:06:04,616 INFO [org.junit.Test] zero00626
2016-08-04 20:06:04,616 INFO [org.junit.Test] zero00627
2016-08-04 20:06:04,616 INFO [org.junit.Test] zero00628
2016-08-04 20:06:04,616 INFO [org.junit.Test] zero00629
2016-08-04 20:06:04,616 INFO [org.junit.Test] zero00630
2016-08-04 20:06:04,616 INFO [org.junit.Test] zero00631
2016-08-04 20:06:04,616 INFO [org.junit.Test] zero00632
2016-08-04 20:06:04,616 INFO [org.junit.Test] zero00633
2016-08-04 20:06:04,616 INFO [org.junit.Test] zero00634
2016-08-04 20:06:04,616 INFO [org.junit.Test] zero00635
2016-08-04 20:06:04,616 INFO [org.junit.Test] zero00636
2016-08-04 20:06:04,616 INFO [org.junit.Test] zero00637
2016-08-04 20:06:04,616 INFO [org.junit.Test] zero00638
2016-08-04 20:06:04,616 INFO [org.junit.Test] zero00639
2016-08-04 20:06:04,616 INFO [org.junit.Test] zero00640
2016-08-04 20:06:04,616 INFO [org.junit.Test] zero00641
2016-08-04 20:06:04,616 INFO [org.junit.Test] zero00642
2016-08-04 20:06:04,616 INFO [org.junit.Test] zero00643
2016-08-04 20:06:04,616 INFO [org.junit.Test] zero00644
2016-08-04 20:06:04,616 INFO [org.junit.Test] zero00645
2016-08-04 20:06:04,616 INFO [org.junit.Test] zero00646
2016-08-04 20:06:04,616 INFO [org.junit.Test] zero00647
2016-08-04 20:06:04,616 INFO [org.junit.Test] zero00648
2016-08-04 20:06:04,616 INFO [org.junit.Test] zero00649
2016-08-04 20:06:04,616 INFO [org.junit.Test] zero00650
2016-08-04 20:06:04,616 INFO [org.junit.Test] zero00651
2016-08-04 20:06:04,616 INFO [org.junit.Test] zero00652
2016-08-04 20:06:04,616 INFO [org.junit.Test] zero00653
2016-08-04 20:06:04,616 INFO [org.junit.Test] zero00654
2016-08-04 20:06:04,616 INFO [org.junit.Test] zero00655
2016-08-04 20:06:04,616 INFO [org.junit.Test] zero00656
2016-08-04 20:06:04,616 INFO [org.junit.Test] zero00657
2016-08-04 20:06:04,616 INFO [org.junit.Test] zero00658
2016-08-04 20:06:04,616 INFO [org.junit.Test] zero00659
2016-08-04 20:06:04,616 INFO [org.junit.Test] zero00660
2016-08-04 20:06:04,616 INFO [org.junit.Test] zero00661
2016-08-04 20:06:04,616 INFO [org.junit.Test] zero00662
2016-08-04 20:06:04,616 INFO [org.junit.Test] zero00663
2016-08-04 20:06:04,616 INFO [org.junit.Test] zero00664
2016-08-04 20:06:04,616 INFO [org.junit.Test] zero00665
2016-08-04 20:06:04,616 INFO [org.junit.Test] zero00666
2016-08-04 20:06:04,616 INFO [org.junit.Test] zero00667
2016-08-04 20:06:04,616 INFO [org.junit.Test] zero00668
2016-08-04 20:06:04,616 INFO [org.junit.Test] zero00669
2016-08-04 20:06:04,616 INFO [org.junit.Test] zero00670
2016-08-04 20:06:04,616 INFO [org.junit.Test] zero00671
2016-08-04 20:06:04,616 INFO [org.junit.Test] zero00672
2016-08-04 20:06:04,616 INFO [org.junit.Test] zero00673
2016-08-04 20:06:04,616 INFO [org.junit.Test] zero00674
2016-08-04 20:06:04,616 INFO [org.junit.Test] zero00675
2016-08-04 20:06:04,616 INFO [org.junit.Test] zero00676
2016-08-04 20:06:04,616 INFO [org.junit.Test] zero00677
2016-08-04 20:06:04,616 INFO [org.junit.Test] zero00678
2016-08-04 20:06:04,616 INFO [org.junit.Test] zero00679
2016-08-04 20:06:04,616 INFO [org.junit.Test] zero00680
2016-08-04 20:06:04,616 INFO [org.junit.Test] zero00681
2016-08-04 20:06:04,616 INFO [org.junit.Test] zero00682
2016-08-04 20:06:04,616 INFO [org.junit.Test] zero00683
2016-08-04 20:06:04,616 INFO [org.junit.Test] zero00684
2016-08-04 20:06:04,616 INFO [org.junit.Test] zero00685
2016-08-04 20:06:04,616 INFO [org.junit.Test] zero00686
2016-08-04 20:06:04,616 INFO [org.junit.Test] zero00687
2016-08-04 20:06:04,616 INFO [org.junit.Test] zero00688
2016-08-04 20:06:04,616 INFO [org.junit.Test] zero00689
2016-08-04 20:06:04,616 INFO [org.junit.Test] zero00690
2016-08-04 20:06:04,616 INFO [org.junit.Test] zero00691
2016-08-04 20:06:04,616 INFO [org.junit.Test] zero00692
2016-08-04 20:06:04,616 INFO [org.junit.Test] zero00693
2016-08-04 20:06:04,616 INFO [org.junit.Test] zero00694
2016-08-04 20:06:04,616 INFO [org.junit.Test] zero00695
2016-08-04 20:06:04,616 INFO [org.junit.Test] zero00696
2016-08-04 20:06:04,616 INFO [org.junit.Test] zero00697
2016-08-04 20:06:04,616 INFO [org.junit.Test] zero00698
2016-08-04 20:06:04,616 INFO [org.junit.Test] zero00699
2016-08-04 20:06:04,616 INFO [org.junit.Test] zero00700
2016-08-04 20:06:04,616 INFO [org.junit.Test] zero00701
2016-08-04 20:06:04,616 INFO [org.junit.Test] zero00702
2016-08-04 20:06:04,616 INFO [org.junit.Test] zero00703
2016-08-04 20:06:04,616 INFO [org.junit.Test] zero00704
2016-08-04 20:06:04,616 INFO [org.junit.Test] zero00705
2016-08-04 20:06:04,616 INFO [org.junit.Test] zero00706
2016-08-04 20:06:04,616 INFO [org.junit.Test] zero00707
2016-08-04 20:06:04,616 INFO [org.junit.Test] zero00708
2016-08-04 20:06:04,616 INFO [org.junit.Test] zero00709
2016-08-04 20:06:04,616 INFO [org.junit.Test] zero00710
2016-08-04 20:06:04,616 INFO [org.junit.Test] zero00711
2016-08-04 20:06:04,616 INFO [org.junit.Test] zero00712
2016-08-04 20:06:04,616 INFO [org.junit.Test] zero00713
2016-08-04 20:06:04,616 INFO [org.junit.Test] zero00714
2016-08-04 20:06:04,616 INFO [org.junit.Test] zero00715
2016-08-04 20:06:04,616 INFO [org.junit.Test] zero00716
2016-08-04 20:06:04,616 INFO [org.junit.Test] zero00717
2016-08-04 20:06:04,616 INFO [org.junit.Test] zero00718
2016-08-04 20:06:04,616 INFO [org.junit.Test] zero00719
2016-08-04 20:06:04,616 INFO [org.junit.Test] zero00720
2016-08-04 20:06:04,616 INFO [org.junit.Test] zero00721
2016-08-04 20:06:04,616 INFO [org.junit.Test] zero00722
2016-08-04 20:06:04,616 INFO [org.junit.Test] zero00723
2016-08-04 20:06:04,616 INFO [org.junit.Test] zero00724
2016-08-04 20:06:04,616 INFO [org.junit.Test] zero00725
2016-08-04 20:06:04,616 INFO [org.junit.Test] zero00726
2016-08-04 20:06:04,616 INFO [org.junit.Test] zero00727
2016-08-04 20:06:04,616 INFO [org.junit.Test] zero00728
2016-08-04 20:06:04,616 INFO [org.junit.Test] zero00729
2016-08-04 20:06:04,616 INFO [org.junit.Test] zero00730
2016-08-04 20:06:04,616 INFO [org.junit.Test] zero00731
2016-08-04 20:06:04,616 INFO [org.junit.Test] zero00732
2016-08-04 20:06:04,616 INFO [org.junit.Test] zero00733
2016-08-04 20:06:04,616 INFO [org.junit.Test] zero00734
2016-08-04 20:06:04,616 INFO [org.junit.Test] zero00735
2016-08-04 20:06:04,616 INFO [org.junit.Test] zero00736
2016-08-04 20:06:04,616 INFO [org.junit.Test] zero00737
2016-08-04 20:06:04,616 INFO [org.junit.Test] zero00738
2016-08-04 20:06:04,616 INFO [org.junit.Test] zero00739
2016-08-04 20:06:04,616 INFO [org.junit.Test] zero00740
2016-08-04 20:06:04,616 INFO [org.junit.Test] zero00741
2016-08-04 20:06:04,616 INFO [org.junit.Test] zero00742
2016-08-04 20:06:04,616 INFO [org.junit.Test] zero00743
2016-08-04 20:06:04,616 INFO [org.junit.Test] zero00744
2016-08-04 20:06:04,616 INFO [org.junit.Test] zero00745
2016-08-04 20:06:04,616 INFO [org.junit.Test] zero00746
2016-08-04 20:06:04,616 INFO [org.junit.Test] zero00747
2016-08-04 20:06:04,616 INFO [org.junit.Test] zero00748
2016-08-04 20:06:04,616 INFO [org.junit.Test] zero00749
2016-08-04 20:06:04,616 INFO [org.junit.Test] zero00750
2016-08-04 20:06:04,616 INFO [org.junit.Test] zero00751
2016-08-04 20:06:04,616 INFO [org.junit.Test] zero00752
2016-08-04 20:06:04,616 INFO [org.junit.Test] zero00753
2016-08-04 20:06:04,616 INFO [org.junit.Test] zero00754
2016-08-04 20:06:04,616 INFO [org.junit.Test] zero00755
2016-08-04 20:06:04,616 INFO [org.junit.Test] zero00756
2016-08-04 20:06:04,616 INFO [org.junit.Test] zero00757
2016-08-04 20:06:04,616 INFO [org.junit.Test] zero00758
2016-08-04 20:06:04,616 INFO [org.junit.Test] zero00759
2016-08-04 20:06:04,616 INFO [org.junit.Test] zero00760
2016-08-04 20:06:04,616 INFO [org.junit.Test] zero00761
2016-08-04 20:06:04,616 INFO [org.junit.Test] zero00762
2016-08-04 20:06:04,616 INFO [org.junit.Test] zero00763
2016-08-04 20:06:04,616 INFO [org.junit.Test] zero00764
2016-08-04 20:06:04,616 INFO [org.junit.Test] zero00765
2016-08-04 20:06:04,616 INFO [org.junit.Test] zero00766
2016-08-04 20:06:04,616 INFO [org.junit.Test] zero00767
2016-08-04 20:06:04,616 INFO [org.junit.Test] zero00768
2016-08-04 20:06:04,616 INFO [org.junit.Test] zero00769
2016-08-04 20:06:04,616 INFO [org.junit.Test] zero00770
2016-08-04 20:06:04,616 INFO [org.junit.Test] zero00771
2016-08-04 20:06:04,616 INFO [org.junit.Test] zero00772
2016-08-04 20:06:04,616 INFO [org.junit.Test] zero00773
2016-08-04 20:06:04,616 INFO [org.junit.Test] zero00774
2016-08-04 20:06:04,616 INFO [org.junit.Test] zero00775
2016-08-04 20:06:04,616 INFO [org.junit.Test] zero00776
2016-08-04 20:06:04,616 INFO [org.junit.Test] zero00777
2016-08-04 20:06:04,616 INFO [org.junit.Test] zero00778
2016-08-04 20:06:04,616 INFO [org.junit.Test] zero00779
2016-08-04 20:06:04,616 INFO [org.junit.Test] zero00780
2016-08-04 20:06:04,616 INFO [org.junit.Test] zero00781
2016-08-04 20:06:04,616 INFO [org.junit.Test] zero00782
2016-08-04 20:06:04,616 INFO [org.junit.Test] zero00783
2016-08-04 20:06:04,616 INFO [org.junit.Test] zero00784
2016-08-04 20:06:04,616 INFO [org.junit.Test] zero00785
2016-08-04 20:06:04,616 INFO [org.junit.Test] zero00786
2016-08-04 20:06:04,616 INFO [org.junit.Test] zero00787
2016-08-04 20:06:04,616 INFO [org.junit.Test] zero00788
2016-08-04 20:06:04,616 INFO [org.junit.Test] zero00789
2016-08-04 20:06:04,616 INFO [org.junit.Test] zero00790
2016-08-04 20:06:04,616 INFO [org.junit.Test] zero00791
2016-08-04 20:06:04,616 INFO [org.junit.Test] zero00792
2016-08-04 20:06:04,616 INFO [org.junit.Test] zero00793
2016-08-04 20:06:04,616 INFO [org.junit.Test] zero00794
2016-08-04 20:06:04,616 INFO [org.junit.Test] zero00795
2016-08-04 20:06:04,616 INFO [org.junit.Test] zero00796
2016-08-04 20:06:04,616 INFO [org.junit.Test] zero00797
2016-08-04 20:06:04,616 INFO [org.junit.Test] zero00798
2016-08-04 20:06:04,616 INFO [org.junit.Test] zero00799
2016-08-04 20:06:04,616 INFO [org.junit.Test] zero00800
2016-08-04 20:06:04,616 INFO [org.junit.Test] zero00801
2016-08-04 20:06:04,616 INFO [org.junit.Test] zero00802
2016-08-04 20:06:04,616 INFO [org.junit.Test] zero00803
2016-08-04 20:06:04,616 INFO [org.junit.Test] zero00804
2016-08-04 20:06:04,616 INFO [org.junit.Test] zero00805
2016-08-04 20:06:04,616 INFO [org.junit.Test] zero00806
2016-08-04 20:06:04,616 INFO [org.junit.Test] zero00807
2016-08-04 20:06:04,616 INFO [org.junit.Test] zero00808
2016-08-04 20:06:04,616 INFO [org.junit.Test] zero00809
2016-08-04 20:06:04,616 INFO [org.junit.Test] zero00810
2016-08-04 20:06:04,616 INFO [org.junit.Test] zero00811
2016-08-04 20:06:04,616 INFO [org.junit.Test] zero00812
2016-08-04 20:06:04,616 INFO [org.junit.Test] zero00813
2016-08-04 20:06:04,616 INFO [org.junit.Test] zero00814
2016-08-04 20:06:04,616 INFO [org.junit.Test] zero00815
2016-08-04 20:06:04,617 INFO [org.junit.Test] zero00816
2016-08-04 20:06:04,617 INFO [org.junit.Test] zero00817
2016-08-04 20:06:04,617 INFO [org.junit.Test] zero00818
2016-08-04 20:06:04,617 INFO [org.junit.Test] zero00819
2016-08-04 20:06:04,617 INFO [org.junit.Test] zero00820
2016-08-04 20:06:04,617 INFO [org.junit.Test] zero00821
2016-08-04 20:06:04,617 INFO [org.junit.Test] zero00822
2016-08-04 20:06:04,617 INFO [org.junit.Test] zero00823
2016-08-04 20:06:04,617 INFO [org.junit.Test] zero00824
2016-08-04 20:06:04,617 INFO [org.junit.Test] zero00825
2016-08-04 20:06:04,617 INFO [org.junit.Test] zero00826
2016-08-04 20:06:04,617 INFO [org.junit.Test] zero00827
2016-08-04 20:06:04,617 INFO [org.junit.Test] zero00828
2016-08-04 20:06:04,617 INFO [org.junit.Test] zero00829
2016-08-04 20:06:04,617 INFO [org.junit.Test] zero00830
2016-08-04 20:06:04,617 INFO [org.junit.Test] zero00831
2016-08-04 20:06:04,617 INFO [org.junit.Test] zero00832
2016-08-04 20:06:04,617 INFO [org.junit.Test] zero00833
2016-08-04 20:06:04,617 INFO [org.junit.Test] zero00834
2016-08-04 20:06:04,617 INFO [org.junit.Test] zero00835
2016-08-04 20:06:04,617 INFO [org.junit.Test] zero00836
2016-08-04 20:06:04,617 INFO [org.junit.Test] zero00837
2016-08-04 20:06:04,617 INFO [org.junit.Test] zero00838
2016-08-04 20:06:04,617 INFO [org.junit.Test] zero00839
2016-08-04 20:06:04,617 INFO [org.junit.Test] zero00840
2016-08-04 20:06:04,617 INFO [org.junit.Test] zero00841
2016-08-04 20:06:04,617 INFO [org.junit.Test] zero00842
2016-08-04 20:06:04,617 INFO [org.junit.Test] zero00843
2016-08-04 20:06:04,617 INFO [org.junit.Test] zero00844
2016-08-04 20:06:04,617 INFO [org.junit.Test] zero00845
2016-08-04 20:06:04,617 INFO [org.junit.Test] zero00846
2016-08-04 20:06:04,617 INFO [org.junit.Test] zero00847
2016-08-04 20:06:04,617 INFO [org.junit.Test] zero00848
2016-08-04 20:06:04,617 INFO [org.junit.Test] zero00849
2016-08-04 20:06:04,617 INFO [org.junit.Test] zero00850
2016-08-04 20:06:04,617 INFO [org.junit.Test] zero00851
2016-08-04 20:06:04,617 INFO [org.junit.Test] zero00852
2016-08-04 20:06:04,617 INFO [org.junit.Test] zero00853
2016-08-04 20:06:04,617 INFO [org.junit.Test] zero00854
2016-08-04 20:06:04,617 INFO [org.junit.Test] zero00855
2016-08-04 20:06:04,617 INFO [org.junit.Test] zero00856
2016-08-04 20:06:04,617 INFO [org.junit.Test] zero00857
2016-08-04 20:06:04,617 INFO [org.junit.Test] zero00858
2016-08-04 20:06:04,617 INFO [org.junit.Test] zero00859
2016-08-04 20:06:04,617 INFO [org.junit.Test] zero00860
2016-08-04 20:06:04,617 INFO [org.junit.Test] zero00861
2016-08-04 20:06:04,617 INFO [org.junit.Test] zero00862
2016-08-04 20:06:04,617 INFO [org.junit.Test] zero00863
2016-08-04 20:06:04,617 INFO [org.junit.Test] zero00864
2016-08-04 20:06:04,617 INFO [org.junit.Test] zero00865
2016-08-04 20:06:04,617 INFO [org.junit.Test] zero00866
2016-08-04 20:06:04,617 INFO [org.junit.Test] zero00867
2016-08-04 20:06:04,617 INFO [org.junit.Test] zero00868
2016-08-04 20:06:04,617 INFO [org.junit.Test] zero00869
2016-08-04 20:06:04,617 INFO [org.junit.Test] zero00870
2016-08-04 20:06:04,617 INFO [org.junit.Test] zero00871
2016-08-04 20:06:04,617 INFO [org.junit.Test] zero00872
2016-08-04 20:06:04,617 INFO [org.junit.Test] zero00873
2016-08-04 20:06:04,617 INFO [org.junit.Test] zero00874
2016-08-04 20:06:04,617 INFO [org.junit.Test] zero00875
2016-08-04 20:06:04,617 INFO [org.junit.Test] zero00876
2016-08-04 20:06:04,617 INFO [org.junit.Test] zero00877
2016-08-04 20:06:04,617 INFO [org.junit.Test] zero00878
2016-08-04 20:06:04,617 INFO [org.junit.Test] zero00879
2016-08-04 20:06:04,617 INFO [org.junit.Test] zero00880
2016-08-04 20:06:04,617 INFO [org.junit.Test] zero00881
2016-08-04 20:06:04,617 INFO [org.junit.Test] zero00882
2016-08-04 20:06:04,617 INFO [org.junit.Test] zero00883
2016-08-04 20:06:04,617 INFO [org.junit.Test] zero00884
2016-08-04 20:06:04,617 INFO [org.junit.Test] zero00885
2016-08-04 20:06:04,617 INFO [org.junit.Test] zero00886
2016-08-04 20:06:04,617 INFO [org.junit.Test] zero00887
2016-08-04 20:06:04,617 INFO [org.junit.Test] zero00888
2016-08-04 20:06:04,617 INFO [org.junit.Test] zero00889
2016-08-04 20:06:04,617 INFO [org.junit.Test] zero00890
2016-08-04 20:06:04,617 INFO [org.junit.Test] zero00891
2016-08-04 20:06:04,617 INFO [org.junit.Test] zero00892
2016-08-04 20:06:04,617 INFO [org.junit.Test] zero00893
2016-08-04 20:06:04,617 INFO [org.junit.Test] zero00894
2016-08-04 20:06:04,617 INFO [org.junit.Test] zero00895
2016-08-04 20:06:04,617 INFO [org.junit.Test] zero00896
2016-08-04 20:06:04,617 INFO [org.junit.Test] zero00897
2016-08-04 20:06:04,617 INFO [org.junit.Test] zero00898
2016-08-04 20:06:04,617 INFO [org.junit.Test] zero00899
2016-08-04 20:06:04,617 INFO [org.junit.Test] zero00900
2016-08-04 20:06:04,617 INFO [org.junit.Test] zero00901
2016-08-04 20:06:04,617 INFO [org.junit.Test] zero00902
2016-08-04 20:06:04,617 INFO [org.junit.Test] zero00903
2016-08-04 20:06:04,617 INFO [org.junit.Test] zero00904
2016-08-04 20:06:04,617 INFO [org.junit.Test] zero00905
2016-08-04 20:06:04,617 INFO [org.junit.Test] zero00906
2016-08-04 20:06:04,617 INFO [org.junit.Test] zero00907
2016-08-04 20:06:04,617 INFO [org.junit.Test] zero00908
2016-08-04 20:06:04,617 INFO [org.junit.Test] zero00909
2016-08-04 20:06:04,617 INFO [org.junit.Test] zero00910
2016-08-04 20:06:04,617 INFO [org.junit.Test] zero00911
2016-08-04 20:06:04,617 INFO [org.junit.Test] zero00912
2016-08-04 20:06:04,617 INFO [org.junit.Test] zero00913
2016-08-04 20:06:04,617 INFO [org.junit.Test] zero00914
2016-08-04 20:06:04,617 INFO [org.junit.Test] zero00915
2016-08-04 20:06:04,617 INFO [org.junit.Test] zero00916
2016-08-04 20:06:04,617 INFO [org.junit.Test] zero00917
2016-08-04 20:06:04,617 INFO [org.junit.Test] zero00918
2016-08-04 20:06:04,617 INFO [org.junit.Test] zero00919
2016-08-04 20:06:04,617 INFO [org.junit.Test] zero00920
2016-08-04 20:06:04,617 INFO [org.junit.Test] zero00921
2016-08-04 20:06:04,617 INFO [org.junit.Test] zero00922
2016-08-04 20:06:04,617 INFO [org.junit.Test] zero00923
2016-08-04 20:06:04,617 INFO [org.junit.Test] zero00924
2016-08-04 20:06:04,617 INFO [org.junit.Test] zero00925
2016-08-04 20:06:04,617 INFO [org.junit.Test] zero00926
2016-08-04 20:06:04,617 INFO [org.junit.Test] zero00927
2016-08-04 20:06:04,617 INFO [org.junit.Test] zero00928
2016-08-04 20:06:04,617 INFO [org.junit.Test] zero00929
2016-08-04 20:06:04,617 INFO [org.junit.Test] zero00930
2016-08-04 20:06:04,617 INFO [org.junit.Test] zero00931
2016-08-04 20:06:04,617 INFO [org.junit.Test] zero00932
2016-08-04 20:06:04,617 INFO [org.junit.Test] zero00933
2016-08-04 20:06:04,617 INFO [org.junit.Test] zero00934
2016-08-04 20:06:04,617 INFO [org.junit.Test] zero00935
2016-08-04 20:06:04,617 INFO [org.junit.Test] zero00936
2016-08-04 20:06:04,617 INFO [org.junit.Test] zero00937
2016-08-04 20:06:04,617 INFO [org.junit.Test] zero00938
2016-08-04 20:06:04,617 INFO [org.junit.Test] zero00939
2016-08-04 20:06:04,617 INFO [org.junit.Test] zero00940
2016-08-04 20:06:04,617 INFO [org.junit.Test] zero00941
2016-08-04 20:06:04,617 INFO [org.junit.Test] zero00942
2016-08-04 20:06:04,617 INFO [org.junit.Test] zero00943
2016-08-04 20:06:04,617 INFO [org.junit.Test] zero00944
2016-08-04 20:06:04,617 INFO [org.junit.Test] zero00945
2016-08-04 20:06:04,617 INFO [org.junit.Test] zero00946
2016-08-04 20:06:04,617 INFO [org.junit.Test] zero00947
2016-08-04 20:06:04,617 INFO [org.junit.Test] zero00948
2016-08-04 20:06:04,617 INFO [org.junit.Test] zero00949
2016-08-04 20:06:04,617 INFO [org.junit.Test] zero00950
2016-08-04 20:06:04,617 INFO [org.junit.Test] zero00951
2016-08-04 20:06:04,617 INFO [org.junit.Test] zero00952
2016-08-04 20:06:04,617 INFO [org.junit.Test] zero00953
2016-08-04 20:06:04,617 INFO [org.junit.Test] zero00954
2016-08-04 20:06:04,617 INFO [org.junit.Test] zero00955
2016-08-04 20:06:04,617 INFO [org.junit.Test] zero00956
2016-08-04 20:06:04,617 INFO [org.junit.Test] zero00957
2016-08-04 20:06:04,617 INFO [org.junit.Test] zero00958
2016-08-04 20:06:04,617 INFO [org.junit.Test] zero00959
2016-08-04 20:06:04,617 INFO [org.junit.Test] zero00960
2016-08-04 20:06:04,617 INFO [org.junit.Test] zero00961
2016-08-04 20:06:04,617 INFO [org.junit.Test] zero00962
2016-08-04 20:06:04,617 INFO [org.junit.Test] zero00963
2016-08-04 20:06:04,617 INFO [org.junit.Test] zero00964
2016-08-04 20:06:04,617 INFO [org.junit.Test] zero00965
2016-08-04 20:06:04,617 INFO [org.junit.Test] zero00966
2016-08-04 20:06:04,617 INFO [org.junit.Test] zero00967
2016-08-04 20:06:04,617 INFO [org.junit.Test] zero00968
2016-08-04 20:06:04,617 INFO [org.junit.Test] zero00969
2016-08-04 20:06:04,617 INFO [org.junit.Test] zero00970
2016-08-04 20:06:04,617 INFO [org.junit.Test] zero00971
2016-08-04 20:06:04,617 INFO [org.junit.Test] zero00972
2016-08-04 20:06:04,617 INFO [org.junit.Test] zero00973
2016-08-04 20:06:04,617 INFO [org.junit.Test] zero00974
2016-08-04 20:06:04,617 INFO [org.junit.Test] zero00975
2016-08-04 20:06:04,617 INFO [org.junit.Test] zero00976
2016-08-04 20:06:04,617 INFO [org.junit.Test] zero00977
2016-08-04 20:06:04,617 INFO [org.junit.Test] zero00978
2016-08-04 20:06:04,617 INFO [org.junit.Test] zero00979
2016-08-04 20:06:04,617 INFO [org.junit.Test] zero00980
2016-08-04 20:06:04,617 INFO [org.junit.Test] zero00981
2016-08-04 20:06:04,617 INFO [org.junit.Test] zero00982
2016-08-04 20:06:04,617 INFO [org.junit.Test] zero00983
2016-08-04 20:06:04,617 INFO [org.junit.Test] zero00984
2016-08-04 20:06:04,617 INFO [org.junit.Test] zero00985
2016-08-04 20:06:04,617 INFO [org.junit.Test] zero00986
2016-08-04 20:06:04,617 INFO [org.junit.Test] zero00987
2016-08-04 20:06:04,617 INFO [org.junit.Test] zero00988
2016-08-04 20:06:04,617 INFO [org.junit.Test] zero00989
2016-08-04 20:06:04,617 INFO [org.junit.Test] zero00990
2016-08-04 20:06:04,617 INFO [org.junit.Test] zero00991
2016-08-04 20:06:04,617 INFO [org.junit.Test] zero00992
2016-08-04 20:06:04,617 INFO [org.junit.Test] zero00993
2016-08-04 20:06:04,617 INFO [org.junit.Test] zero00994
2016-08-04 20:06:04,617 INFO [org.junit.Test] zero00995
2016-08-04 20:06:04,617 INFO [org.junit.Test] zero00996
2016-08-04 20:06:04,617 INFO [org.junit.Test] zero00997
2016-08-04 20:06:04,617 INFO [org.junit.Test] zero00998
2016-08-04 20:06:04,617 INFO [org.junit.Test] zero00999
2016-08-04 20:06:07,617 INFO [org.junit.Test] zero000
2016-08-04 20:06:07,617 INFO [org.junit.Test] zero001
2016-08-04 20:06:07,617 INFO [org.junit.Test] zero002
2016-08-04 20:06:07,617 INFO [org.junit.Test] zero003
2016-08-04 20:06:07,617 INFO [org.junit.Test] zero004
2016-08-04 20:06:07,617 INFO [org.junit.Test] zero005
2016-08-04 20:06:07,617 INFO [org.junit.Test] zero006
2016-08-04 20:06:07,617 INFO [org.junit.Test] zero007
2016-08-04 20:06:07,617 INFO [org.junit.Test] zero008
2016-08-04 20:06:07,617 INFO [org.junit.Test] zero009
2016-08-04 20:06:07,617 INFO [org.junit.Test] zero0010
2016-08-04 20:06:07,617 INFO [org.junit.Test] zero0011
2016-08-04 20:06:07,617 INFO [org.junit.Test] zero0012
2016-08-04 20:06:07,617 INFO [org.junit.Test] zero0013
2016-08-04 20:06:07,617 INFO [org.junit.Test] zero0014
2016-08-04 20:06:07,617 INFO [org.junit.Test] zero0015
2016-08-04 20:06:07,617 INFO [org.junit.Test] zero0016
2016-08-04 20:06:07,617 INFO [org.junit.Test] zero0017
2016-08-04 20:06:07,617 INFO [org.junit.Test] zero0018
2016-08-04 20:06:07,617 INFO [org.junit.Test] zero0019
2016-08-04 20:06:07,617 INFO [org.junit.Test] zero0020
2016-08-04 20:06:07,617 INFO [org.junit.Test] zero0021
2016-08-04 20:06:07,617 INFO [org.junit.Test] zero0022
2016-08-04 20:06:07,617 INFO [org.junit.Test] zero0023
2016-08-04 20:06:07,617 INFO [org.junit.Test] zero0024
2016-08-04 20:06:07,617 INFO [org.junit.Test] zero0025
2016-08-04 20:06:07,617 INFO [org.junit.Test] zero0026
2016-08-04 20:06:07,617 INFO [org.junit.Test] zero0027
2016-08-04 20:06:07,617 INFO [org.junit.Test] zero0028
2016-08-04 20:06:07,617 INFO [org.junit.Test] zero0029
2016-08-04 20:06:07,617 INFO [org.junit.Test] zero0030
2016-08-04 20:06:07,617 INFO [org.junit.Test] zero0031
2016-08-04 20:06:07,617 INFO [org.junit.Test] zero0032
2016-08-04 20:06:07,617 INFO [org.junit.Test] zero0033
2016-08-04 20:06:07,617 INFO [org.junit.Test] zero0034
2016-08-04 20:06:07,617 INFO [org.junit.Test] zero0035
2016-08-04 20:06:07,617 INFO [org.junit.Test] zero0036
2016-08-04 20:06:07,617 INFO [org.junit.Test] zero0037
2016-08-04 20:06:07,617 INFO [org.junit.Test] zero0038
2016-08-04 20:06:07,617 INFO [org.junit.Test] zero0039
2016-08-04 20:06:07,617 INFO [org.junit.Test] zero0040
2016-08-04 20:06:07,617 INFO [org.junit.Test] zero0041
2016-08-04 20:06:07,617 INFO [org.junit.Test] zero0042
2016-08-04 20:06:07,617 INFO [org.junit.Test] zero0043
2016-08-04 20:06:07,617 INFO [org.junit.Test] zero0044
2016-08-04 20:06:07,617 INFO [org.junit.Test] zero0045
2016-08-04 20:06:07,617 INFO [org.junit.Test] zero0046
2016-08-04 20:06:07,617 INFO [org.junit.Test] zero0047
2016-08-04 20:06:07,617 INFO [org.junit.Test] zero0048
2016-08-04 20:06:07,617 INFO [org.junit.Test] zero0049
2016-08-04 20:06:07,617 INFO [org.junit.Test] zero0050
2016-08-04 20:06:07,617 INFO [org.junit.Test] zero0051
2016-08-04 20:06:07,617 INFO [org.junit.Test] zero0052
2016-08-04 20:06:07,617 INFO [org.junit.Test] zero0053
2016-08-04 20:06:07,617 INFO [org.junit.Test] zero0054
2016-08-04 20:06:07,617 INFO [org.junit.Test] zero0055
2016-08-04 20:06:07,617 INFO [org.junit.Test] zero0056
2016-08-04 20:06:07,617 INFO [org.junit.Test] zero0057
2016-08-04 20:06:07,617 INFO [org.junit.Test] zero0058
2016-08-04 20:06:07,617 INFO [org.junit.Test] zero0059
2016-08-04 20:06:07,617 INFO [org.junit.Test] zero0060
2016-08-04 20:06:07,617 INFO [org.junit.Test] zero0061
2016-08-04 20:06:07,617 INFO [org.junit.Test] zero0062
2016-08-04 20:06:07,617 INFO [org.junit.Test] zero0063
2016-08-04 20:06:07,617 INFO [org.junit.Test] zero0064
2016-08-04 20:06:07,617 INFO [org.junit.Test] zero0065
2016-08-04 20:06:07,617 INFO [org.junit.Test] zero0066
2016-08-04 20:06:07,617 INFO [org.junit.Test] zero0067
2016-08-04 20:06:07,617 INFO [org.junit.Test] zero0068
2016-08-04 20:06:07,617 INFO [org.junit.Test] zero0069
2016-08-04 20:06:07,617 INFO [org.junit.Test] zero0070
2016-08-04 20:06:07,617 INFO [org.junit.Test] zero0071
2016-08-04 20:06:07,617 INFO [org.junit.Test] zero0072
2016-08-04 20:06:07,617 INFO [org.junit.Test] zero0073
2016-08-04 20:06:07,617 INFO [org.junit.Test] zero0074
2016-08-04 20:06:07,617 INFO [org.junit.Test] zero0075
2016-08-04 20:06:07,617 INFO [org.junit.Test] zero0076
2016-08-04 20:06:07,617 INFO [org.junit.Test] zero0077
2016-08-04 20:06:07,617 INFO [org.junit.Test] zero0078
2016-08-04 20:06:07,617 INFO [org.junit.Test] zero0079
2016-08-04 20:06:07,617 INFO [org.junit.Test] zero0080
2016-08-04 20:06:07,617 INFO [org.junit.Test] zero0081
2016-08-04 20:06:07,617 INFO [org.junit.Test] zero0082
2016-08-04 20:06:07,617 INFO [org.junit.Test] zero0083
2016-08-04 20:06:07,617 INFO [org.junit.Test] zero0084
2016-08-04 20:06:07,617 INFO [org.junit.Test] zero0085
2016-08-04 20:06:07,617 INFO [org.junit.Test] zero0086
2016-08-04 20:06:07,617 INFO [org.junit.Test] zero0087
2016-08-04 20:06:07,617 INFO [org.junit.Test] zero0088
2016-08-04 20:06:07,617 INFO [org.junit.Test] zero0089
2016-08-04 20:06:07,617 INFO [org.junit.Test] zero0090
2016-08-04 20:06:07,617 INFO [org.junit.Test] zero0091
2016-08-04 20:06:07,617 INFO [org.junit.Test] zero0092
2016-08-04 20:06:07,617 INFO [org.junit.Test] zero0093
2016-08-04 20:06:07,617 INFO [org.junit.Test] zero0094
2016-08-04 20:06:07,617 INFO [org.junit.Test] zero0095
2016-08-04 20:06:07,617 INFO [org.junit.Test] zero0096
2016-08-04 20:06:07,617 INFO [org.junit.Test] zero0097
2016-08-04 20:06:07,617 INFO [org.junit.Test] zero0098
2016-08-04 20:06:07,617 INFO [org.junit.Test] zero0099
2016-08-04 20:06:07,617 INFO [org.junit.Test] zero00100
2016-08-04 20:06:07,617 INFO [org.junit.Test] zero00101
2016-08-04 20:06:07,617 INFO [org.junit.Test] zero00102
2016-08-04 20:06:07,617 INFO [org.junit.Test] zero00103
2016-08-04 20:06:07,617 INFO [org.junit.Test] zero00104
2016-08-04 20:06:07,617 INFO [org.junit.Test] zero00105
2016-08-04 20:06:07,617 INFO [org.junit.Test] zero00106
2016-08-04 20:06:07,617 INFO [org.junit.Test] zero00107
2016-08-04 20:06:07,617 INFO [org.junit.Test] zero00108
2016-08-04 20:06:07,617 INFO [org.junit.Test] zero00109
2016-08-04 20:06:07,617 INFO [org.junit.Test] zero00110
2016-08-04 20:06:07,617 INFO [org.junit.Test] zero00111
2016-08-04 20:06:07,617 INFO [org.junit.Test] zero00112
2016-08-04 20:06:07,617 INFO [org.junit.Test] zero00113
2016-08-04 20:06:07,617 INFO [org.junit.Test] zero00114
2016-08-04 20:06:07,617 INFO [org.junit.Test] zero00115
2016-08-04 20:06:07,617 INFO [org.junit.Test] zero00116
2016-08-04 20:06:07,617 INFO [org.junit.Test] zero00117
2016-08-04 20:06:07,617 INFO [org.junit.Test] zero00118
2016-08-04 20:06:07,617 INFO [org.junit.Test] zero00119
2016-08-04 20:06:07,617 INFO [org.junit.Test] zero00120
2016-08-04 20:06:07,617 INFO [org.junit.Test] zero00121
2016-08-04 20:06:07,617 INFO [org.junit.Test] zero00122
2016-08-04 20:06:07,617 INFO [org.junit.Test] zero00123
2016-08-04 20:06:07,617 INFO [org.junit.Test] zero00124
2016-08-04 20:06:07,617 INFO [org.junit.Test] zero00125
2016-08-04 20:06:07,617 INFO [org.junit.Test] zero00126
2016-08-04 20:06:07,617 INFO [org.junit.Test] zero00127
2016-08-04 20:06:07,617 INFO [org.junit.Test] zero00128
2016-08-04 20:06:07,617 INFO [org.junit.Test] zero00129
2016-08-04 20:06:07,617 INFO [org.junit.Test] zero00130
2016-08-04 20:06:07,617 INFO [org.junit.Test] zero00131
2016-08-04 20:06:07,617 INFO [org.junit.Test] zero00132
2016-08-04 20:06:07,617 INFO [org.junit.Test] zero00133
2016-08-04 20:06:07,617 INFO [org.junit.Test] zero00134
2016-08-04 20:06:07,617 INFO [org.junit.Test] zero00135
2016-08-04 20:06:07,617 INFO [org.junit.Test] zero00136
2016-08-04 20:06:07,617 INFO [org.junit.Test] zero00137
2016-08-04 20:06:07,617 INFO [org.junit.Test] zero00138
2016-08-04 20:06:07,617 INFO [org.junit.Test] zero00139
2016-08-04 20:06:07,617 INFO [org.junit.Test] zero00140
2016-08-04 20:06:07,617 INFO [org.junit.Test] zero00141
2016-08-04 20:06:07,617 INFO [org.junit.Test] zero00142
2016-08-04 20:06:07,617 INFO [org.junit.Test] zero00143
2016-08-04 20:06:07,617 INFO [org.junit.Test] zero00144
2016-08-04 20:06:07,617 INFO [org.junit.Test] zero00145
2016-08-04 20:06:07,617 INFO [org.junit.Test] zero00146
2016-08-04 20:06:07,617 INFO [org.junit.Test] zero00147
2016-08-04 20:06:07,617 INFO [org.junit.Test] zero00148
2016-08-04 20:06:07,617 INFO [org.junit.Test] zero00149
2016-08-04 20:06:07,617 INFO [org.junit.Test] zero00150
2016-08-04 20:06:07,617 INFO [org.junit.Test] zero00151
2016-08-04 20:06:07,617 INFO [org.junit.Test] zero00152
2016-08-04 20:06:07,617 INFO [org.junit.Test] zero00153
2016-08-04 20:06:07,617 INFO [org.junit.Test] zero00154
2016-08-04 20:06:07,617 INFO [org.junit.Test] zero00155
2016-08-04 20:06:07,617 INFO [org.junit.Test] zero00156
2016-08-04 20:06:07,617 INFO [org.junit.Test] zero00157
2016-08-04 20:06:07,617 INFO [org.junit.Test] zero00158
2016-08-04 20:06:07,617 INFO [org.junit.Test] zero00159
2016-08-04 20:06:07,617 INFO [org.junit.Test] zero00160
2016-08-04 20:06:07,617 INFO [org.junit.Test] zero00161
2016-08-04 20:06:07,617 INFO [org.junit.Test] zero00162
2016-08-04 20:06:07,617 INFO [org.junit.Test] zero00163
2016-08-04 20:06:07,617 INFO [org.junit.Test] zero00164
2016-08-04 20:06:07,617 INFO [org.junit.Test] zero00165
2016-08-04 20:06:07,617 INFO [org.junit.Test] zero00166
2016-08-04 20:06:07,617 INFO [org.junit.Test] zero00167
2016-08-04 20:06:07,617 INFO [org.junit.Test] zero00168
2016-08-04 20:06:07,617 INFO [org.junit.Test] zero00169
2016-08-04 20:06:07,617 INFO [org.junit.Test] zero00170
2016-08-04 20:06:07,617 INFO [org.junit.Test] zero00171
2016-08-04 20:06:07,617 INFO [org.junit.Test] zero00172
2016-08-04 20:06:07,617 INFO [org.junit.Test] zero00173
2016-08-04 20:06:07,617 INFO [org.junit.Test] zero00174
2016-08-04 20:06:07,617 INFO [org.junit.Test] zero00175
2016-08-04 20:06:07,617 INFO [org.junit.Test] zero00176
2016-08-04 20:06:07,617 INFO [org.junit.Test] zero00177
2016-08-04 20:06:07,617 INFO [org.junit.Test] zero00178
2016-08-04 20:06:07,617 INFO [org.junit.Test] zero00179
2016-08-04 20:06:07,617 INFO [org.junit.Test] zero00180
2016-08-04 20:06:07,617 INFO [org.junit.Test] zero00181
2016-08-04 20:06:07,617 INFO [org.junit.Test] zero00182
2016-08-04 20:06:07,617 INFO [org.junit.Test] zero00183
2016-08-04 20:06:07,617 INFO [org.junit.Test] zero00184
2016-08-04 20:06:07,617 INFO [org.junit.Test] zero00185
2016-08-04 20:06:07,617 INFO [org.junit.Test] zero00186
2016-08-04 20:06:07,617 INFO [org.junit.Test] zero00187
2016-08-04 20:06:07,617 INFO [org.junit.Test] zero00188
2016-08-04 20:06:07,617 INFO [org.junit.Test] zero00189
2016-08-04 20:06:07,617 INFO [org.junit.Test] zero00190
2016-08-04 20:06:07,617 INFO [org.junit.Test] zero00191
2016-08-04 20:06:07,617 INFO [org.junit.Test] zero00192
2016-08-04 20:06:07,617 INFO [org.junit.Test] zero00193
2016-08-04 20:06:07,617 INFO [org.junit.Test] zero00194
2016-08-04 20:06:07,617 INFO [org.junit.Test] zero00195
2016-08-04 20:06:07,617 INFO [org.junit.Test] zero00196
2016-08-04 20:06:07,617 INFO [org.junit.Test] zero00197
2016-08-04 20:06:07,617 INFO [org.junit.Test] zero00198
2016-08-04 20:06:07,617 INFO [org.junit.Test] zero00199
2016-08-04 20:06:07,617 INFO [org.junit.Test] zero00200
2016-08-04 20:06:07,617 INFO [org.junit.Test] zero00201
2016-08-04 20:06:07,617 INFO [org.junit.Test] zero00202
2016-08-04 20:06:07,617 INFO [org.junit.Test] zero00203
2016-08-04 20:06:07,617 INFO [org.junit.Test] zero00204
2016-08-04 20:06:07,617 INFO [org.junit.Test] zero00205
2016-08-04 20:06:07,617 INFO [org.junit.Test] zero00206
2016-08-04 20:06:07,617 INFO [org.junit.Test] zero00207
2016-08-04 20:06:07,617 INFO [org.junit.Test] zero00208
2016-08-04 20:06:07,617 INFO [org.junit.Test] zero00209
2016-08-04 20:06:07,617 INFO [org.junit.Test] zero00210
2016-08-04 20:06:07,617 INFO [org.junit.Test] zero00211
2016-08-04 20:06:07,617 INFO [org.junit.Test] zero00212
2016-08-04 20:06:07,617 INFO [org.junit.Test] zero00213
2016-08-04 20:06:07,617 INFO [org.junit.Test] zero00214
2016-08-04 20:06:07,617 INFO [org.junit.Test] zero00215
2016-08-04 20:06:07,617 INFO [org.junit.Test] zero00216
2016-08-04 20:06:07,617 INFO [org.junit.Test] zero00217
2016-08-04 20:06:07,617 INFO [org.junit.Test] zero00218
2016-08-04 20:06:07,617 INFO [org.junit.Test] zero00219
2016-08-04 20:06:07,617 INFO [org.junit.Test] zero00220
2016-08-04 20:06:07,617 INFO [org.junit.Test] zero00221
2016-08-04 20:06:07,617 INFO [org.junit.Test] zero00222
2016-08-04 20:06:07,617 INFO [org.junit.Test] zero00223
2016-08-04 20:06:07,617 INFO [org.junit.Test] zero00224
2016-08-04 20:06:07,617 INFO [org.junit.Test] zero00225
2016-08-04 20:06:07,617 INFO [org.junit.Test] zero00226
2016-08-04 20:06:07,617 INFO [org.junit.Test] zero00227
2016-08-04 20:06:07,617 INFO [org.junit.Test] zero00228
2016-08-04 20:06:07,617 INFO [org.junit.Test] zero00229
2016-08-04 20:06:07,617 INFO [org.junit.Test] zero00230
2016-08-04 20:06:07,617 INFO [org.junit.Test] zero00231
2016-08-04 20:06:07,617 INFO [org.junit.Test] zero00232
2016-08-04 20:06:07,617 INFO [org.junit.Test] zero00233
2016-08-04 20:06:07,617 INFO [org.junit.Test] zero00234
2016-08-04 20:06:07,617 INFO [org.junit.Test] zero00235
2016-08-04 20:06:07,617 INFO [org.junit.Test] zero00236
2016-08-04 20:06:07,617 INFO [org.junit.Test] zero00237
2016-08-04 20:06:07,617 INFO [org.junit.Test] zero00238
2016-08-04 20:06:07,617 INFO [org.junit.Test] zero00239
2016-08-04 20:06:07,617 INFO [org.junit.Test] zero00240
2016-08-04 20:06:07,617 INFO [org.junit.Test] zero00241
2016-08-04 20:06:07,617 INFO [org.junit.Test] zero00242
2016-08-04 20:06:07,618 INFO [org.junit.Test] zero00243
2016-08-04 20:06:07,618 INFO [org.junit.Test] zero00244
2016-08-04 20:06:07,618 INFO [org.junit.Test] zero00245
2016-08-04 20:06:07,618 INFO [org.junit.Test] zero00246
2016-08-04 20:06:07,618 INFO [org.junit.Test] zero00247
2016-08-04 20:06:07,618 INFO [org.junit.Test] zero00248
2016-08-04 20:06:07,618 INFO [org.junit.Test] zero00249
2016-08-04 20:06:07,618 INFO [org.junit.Test] zero00250
2016-08-04 20:06:07,618 INFO [org.junit.Test] zero00251
2016-08-04 20:06:07,618 INFO [org.junit.Test] zero00252
2016-08-04 20:06:07,618 INFO [org.junit.Test] zero00253
2016-08-04 20:06:07,618 INFO [org.junit.Test] zero00254
2016-08-04 20:06:07,618 INFO [org.junit.Test] zero00255
2016-08-04 20:06:07,618 INFO [org.junit.Test] zero00256
2016-08-04 20:06:07,618 INFO [org.junit.Test] zero00257
2016-08-04 20:06:07,618 INFO [org.junit.Test] zero00258
2016-08-04 20:06:07,618 INFO [org.junit.Test] zero00259
2016-08-04 20:06:07,618 INFO [org.junit.Test] zero00260
2016-08-04 20:06:07,618 INFO [org.junit.Test] zero00261
2016-08-04 20:06:07,618 INFO [org.junit.Test] zero00262
2016-08-04 20:06:07,618 INFO [org.junit.Test] zero00263
2016-08-04 20:06:07,618 INFO [org.junit.Test] zero00264
2016-08-04 20:06:07,618 INFO [org.junit.Test] zero00265
2016-08-04 20:06:07,618 INFO [org.junit.Test] zero00266
2016-08-04 20:06:07,618 INFO [org.junit.Test] zero00267
2016-08-04 20:06:07,618 INFO [org.junit.Test] zero00268
2016-08-04 20:06:07,618 INFO [org.junit.Test] zero00269
2016-08-04 20:06:07,618 INFO [org.junit.Test] zero00270
2016-08-04 20:06:07,618 INFO [org.junit.Test] zero00271
2016-08-04 20:06:07,618 INFO [org.junit.Test] zero00272
2016-08-04 20:06:07,618 INFO [org.junit.Test] zero00273
2016-08-04 20:06:07,618 INFO [org.junit.Test] zero00274
2016-08-04 20:06:07,618 INFO [org.junit.Test] zero00275
2016-08-04 20:06:07,618 INFO [org.junit.Test] zero00276
2016-08-04 20:06:07,618 INFO [org.junit.Test] zero00277
2016-08-04 20:06:07,618 INFO [org.junit.Test] zero00278
2016-08-04 20:06:07,618 INFO [org.junit.Test] zero00279
2016-08-04 20:06:07,618 INFO [org.junit.Test] zero00280
2016-08-04 20:06:07,618 INFO [org.junit.Test] zero00281
2016-08-04 20:06:07,618 INFO [org.junit.Test] zero00282
2016-08-04 20:06:07,618 INFO [org.junit.Test] zero00283
2016-08-04 20:06:07,618 INFO [org.junit.Test] zero00284
2016-08-04 20:06:07,618 INFO [org.junit.Test] zero00285
2016-08-04 20:06:07,618 INFO [org.junit.Test] zero00286
2016-08-04 20:06:07,618 INFO [org.junit.Test] zero00287
2016-08-04 20:06:07,618 INFO [org.junit.Test] zero00288
2016-08-04 20:06:07,618 INFO [org.junit.Test] zero00289
2016-08-04 20:06:07,618 INFO [org.junit.Test] zero00290
2016-08-04 20:06:07,618 INFO [org.junit.Test] zero00291
2016-08-04 20:06:07,618 INFO [org.junit.Test] zero00292
2016-08-04 20:06:07,618 INFO [org.junit.Test] zero00293
2016-08-04 20:06:07,618 INFO [org.junit.Test] zero00294
2016-08-04 20:06:07,618 INFO [org.junit.Test] zero00295
2016-08-04 20:06:07,618 INFO [org.junit.Test] zero00296
2016-08-04 20:06:07,618 INFO [org.junit.Test] zero00297
2016-08-04 20:06:07,618 INFO [org.junit.Test] zero00298
2016-08-04 20:06:07,618 INFO [org.junit.Test] zero00299
2016-08-04 20:06:07,618 INFO [org.junit.Test] zero00300
2016-08-04 20:06:07,618 INFO [org.junit.Test] zero00301
2016-08-04 20:06:07,618 INFO [org.junit.Test] zero00302
2016-08-04 20:06:07,618 INFO [org.junit.Test] zero00303
2016-08-04 20:06:07,618 INFO [org.junit.Test] zero00304
2016-08-04 20:06:07,618 INFO [org.junit.Test] zero00305
2016-08-04 20:06:07,618 INFO [org.junit.Test] zero00306
2016-08-04 20:06:07,618 INFO [org.junit.Test] zero00307
2016-08-04 20:06:07,618 INFO [org.junit.Test] zero00308
2016-08-04 20:06:07,618 INFO [org.junit.Test] zero00309
2016-08-04 20:06:07,618 INFO [org.junit.Test] zero00310
2016-08-04 20:06:07,618 INFO [org.junit.Test] zero00311
2016-08-04 20:06:07,618 INFO [org.junit.Test] zero00312
2016-08-04 20:06:07,618 INFO [org.junit.Test] zero00313
2016-08-04 20:06:07,618 INFO [org.junit.Test] zero00314
2016-08-04 20:06:07,618 INFO [org.junit.Test] zero00315
2016-08-04 20:06:07,618 INFO [org.junit.Test] zero00316
2016-08-04 20:06:07,618 INFO [org.junit.Test] zero00317
2016-08-04 20:06:07,618 INFO [org.junit.Test] zero00318
2016-08-04 20:06:07,618 INFO [org.junit.Test] zero00319
2016-08-04 20:06:07,618 INFO [org.junit.Test] zero00320
2016-08-04 20:06:07,618 INFO [org.junit.Test] zero00321
2016-08-04 20:06:07,618 INFO [org.junit.Test] zero00322
2016-08-04 20:06:07,618 INFO [org.junit.Test] zero00323
2016-08-04 20:06:07,618 INFO [org.junit.Test] zero00324
2016-08-04 20:06:07,618 INFO [org.junit.Test] zero00325
2016-08-04 20:06:07,618 INFO [org.junit.Test] zero00326
2016-08-04 20:06:07,618 INFO [org.junit.Test] zero00327
2016-08-04 20:06:07,618 INFO [org.junit.Test] zero00328
2016-08-04 20:06:07,618 INFO [org.junit.Test] zero00329
2016-08-04 20:06:07,618 INFO [org.junit.Test] zero00330
2016-08-04 20:06:07,618 INFO [org.junit.Test] zero00331
2016-08-04 20:06:07,618 INFO [org.junit.Test] zero00332
2016-08-04 20:06:07,618 INFO [org.junit.Test] zero00333
2016-08-04 20:06:07,618 INFO [org.junit.Test] zero00334
2016-08-04 20:06:07,618 INFO [org.junit.Test] zero00335
2016-08-04 20:06:07,618 INFO [org.junit.Test] zero00336
2016-08-04 20:06:07,618 INFO [org.junit.Test] zero00337
2016-08-04 20:06:07,618 INFO [org.junit.Test] zero00338
2016-08-04 20:06:07,618 INFO [org.junit.Test] zero00339
2016-08-04 20:06:07,618 INFO [org.junit.Test] zero00340
2016-08-04 20:06:07,618 INFO [org.junit.Test] zero00341
2016-08-04 20:06:07,618 INFO [org.junit.Test] zero00342
2016-08-04 20:06:07,618 INFO [org.junit.Test] zero00343
2016-08-04 20:06:07,618 INFO [org.junit.Test] zero00344
2016-08-04 20:06:07,618 INFO [org.junit.Test] zero00345
2016-08-04 20:06:07,618 INFO [org.junit.Test] zero00346
2016-08-04 20:06:07,618 INFO [org.junit.Test] zero00347
2016-08-04 20:06:07,618 INFO [org.junit.Test] zero00348
2016-08-04 20:06:07,618 INFO [org.junit.Test] zero00349
2016-08-04 20:06:07,618 INFO [org.junit.Test] zero00350
2016-08-04 20:06:07,618 INFO [org.junit.Test] zero00351
2016-08-04 20:06:07,618 INFO [org.junit.Test] zero00352
2016-08-04 20:06:07,618 INFO [org.junit.Test] zero00353
2016-08-04 20:06:07,618 INFO [org.junit.Test] zero00354
2016-08-04 20:06:07,618 INFO [org.junit.Test] zero00355
2016-08-04 20:06:07,618 INFO [org.junit.Test] zero00356
2016-08-04 20:06:07,618 INFO [org.junit.Test] zero00357
2016-08-04 20:06:07,618 INFO [org.junit.Test] zero00358
2016-08-04 20:06:07,618 INFO [org.junit.Test] zero00359
2016-08-04 20:06:07,618 INFO [org.junit.Test] zero00360
2016-08-04 20:06:07,618 INFO [org.junit.Test] zero00361
2016-08-04 20:06:07,618 INFO [org.junit.Test] zero00362
2016-08-04 20:06:07,618 INFO [org.junit.Test] zero00363
2016-08-04 20:06:07,618 INFO [org.junit.Test] zero00364
2016-08-04 20:06:07,618 INFO [org.junit.Test] zero00365
2016-08-04 20:06:07,618 INFO [org.junit.Test] zero00366
2016-08-04 20:06:07,618 INFO [org.junit.Test] zero00367
2016-08-04 20:06:07,618 INFO [org.junit.Test] zero00368
2016-08-04 20:06:07,618 INFO [org.junit.Test] zero00369
2016-08-04 20:06:07,618 INFO [org.junit.Test] zero00370
2016-08-04 20:06:07,618 INFO [org.junit.Test] zero00371
2016-08-04 20:06:07,618 INFO [org.junit.Test] zero00372
2016-08-04 20:06:07,618 INFO [org.junit.Test] zero00373
2016-08-04 20:06:07,618 INFO [org.junit.Test] zero00374
2016-08-04 20:06:07,618 INFO [org.junit.Test] zero00375
2016-08-04 20:06:07,618 INFO [org.junit.Test] zero00376
2016-08-04 20:06:07,618 INFO [org.junit.Test] zero00377
2016-08-04 20:06:07,618 INFO [org.junit.Test] zero00378
2016-08-04 20:06:07,618 INFO [org.junit.Test] zero00379
2016-08-04 20:06:07,618 INFO [org.junit.Test] zero00380
2016-08-04 20:06:07,618 INFO [org.junit.Test] zero00381
2016-08-04 20:06:07,618 INFO [org.junit.Test] zero00382
2016-08-04 20:06:07,618 INFO [org.junit.Test] zero00383
2016-08-04 20:06:07,618 INFO [org.junit.Test] zero00384
2016-08-04 20:06:07,618 INFO [org.junit.Test] zero00385
2016-08-04 20:06:07,618 INFO [org.junit.Test] zero00386
2016-08-04 20:06:07,618 INFO [org.junit.Test] zero00387
2016-08-04 20:06:07,618 INFO [org.junit.Test] zero00388
2016-08-04 20:06:07,618 INFO [org.junit.Test] zero00389
2016-08-04 20:06:07,618 INFO [org.junit.Test] zero00390
2016-08-04 20:06:07,618 INFO [org.junit.Test] zero00391
2016-08-04 20:06:07,618 INFO [org.junit.Test] zero00392
2016-08-04 20:06:07,618 INFO [org.junit.Test] zero00393
2016-08-04 20:06:07,618 INFO [org.junit.Test] zero00394
2016-08-04 20:06:07,618 INFO [org.junit.Test] zero00395
2016-08-04 20:06:07,618 INFO [org.junit.Test] zero00396
2016-08-04 20:06:07,618 INFO [org.junit.Test] zero00397
2016-08-04 20:06:07,618 INFO [org.junit.Test] zero00398
2016-08-04 20:06:07,618 INFO [org.junit.Test] zero00399
2016-08-04 20:06:07,618 INFO [org.junit.Test] zero00400
2016-08-04 20:06:07,618 INFO [org.junit.Test] zero00401
2016-08-04 20:06:07,618 INFO [org.junit.Test] zero00402
2016-08-04 20:06:07,618 INFO [org.junit.Test] zero00403
2016-08-04 20:06:07,618 INFO [org.junit.Test] zero00404
2016-08-04 20:06:07,618 INFO [org.junit.Test] zero00405
2016-08-04 20:06:07,618 INFO [org.junit.Test] zero00406
2016-08-04 20:06:07,618 INFO [org.junit.Test] zero00407
2016-08-04 20:06:07,618 INFO [org.junit.Test] zero00408
2016-08-04 20:06:07,618 INFO [org.junit.Test] zero00409
2016-08-04 20:06:07,618 INFO [org.junit.Test] zero00410
2016-08-04 20:06:07,618 INFO [org.junit.Test] zero00411
2016-08-04 20:06:07,618 INFO [org.junit.Test] zero00412
2016-08-04 20:06:07,618 INFO [org.junit.Test] zero00413
2016-08-04 20:06:07,618 INFO [org.junit.Test] zero00414
2016-08-04 20:06:07,618 INFO [org.junit.Test] zero00415
2016-08-04 20:06:07,618 INFO [org.junit.Test] zero00416
2016-08-04 20:06:07,618 INFO [org.junit.Test] zero00417
2016-08-04 20:06:07,618 INFO [org.junit.Test] zero00418
2016-08-04 20:06:07,618 INFO [org.junit.Test] zero00419
2016-08-04 20:06:07,618 INFO [org.junit.Test] zero00420
2016-08-04 20:06:07,618 INFO [org.junit.Test] zero00421
2016-08-04 20:06:07,618 INFO [org.junit.Test] zero00422
2016-08-04 20:06:07,618 INFO [org.junit.Test] zero00423
2016-08-04 20:06:07,618 INFO [org.junit.Test] zero00424
2016-08-04 20:06:07,618 INFO [org.junit.Test] zero00425
2016-08-04 20:06:07,618 INFO [org.junit.Test] zero00426
2016-08-04 20:06:07,618 INFO [org.junit.Test] zero00427
2016-08-04 20:06:07,618 INFO [org.junit.Test] zero00428
2016-08-04 20:06:07,618 INFO [org.junit.Test] zero00429
2016-08-04 20:06:07,618 INFO [org.junit.Test] zero00430
2016-08-04 20:06:07,618 INFO [org.junit.Test] zero00431
2016-08-04 20:06:07,618 INFO [org.junit.Test] zero00432
2016-08-04 20:06:07,618 INFO [org.junit.Test] zero00433
2016-08-04 20:06:07,618 INFO [org.junit.Test] zero00434
2016-08-04 20:06:07,618 INFO [org.junit.Test] zero00435
2016-08-04 20:06:07,618 INFO [org.junit.Test] zero00436
2016-08-04 20:06:07,618 INFO [org.junit.Test] zero00437
2016-08-04 20:06:07,618 INFO [org.junit.Test] zero00438
2016-08-04 20:06:07,618 INFO [org.junit.Test] zero00439
2016-08-04 20:06:07,618 INFO [org.junit.Test] zero00440
2016-08-04 20:06:07,618 INFO [org.junit.Test] zero00441
2016-08-04 20:06:07,618 INFO [org.junit.Test] zero00442
2016-08-04 20:06:07,618 INFO [org.junit.Test] zero00443
2016-08-04 20:06:07,619 INFO [org.junit.Test] zero00444
2016-08-04 20:06:07,619 INFO [org.junit.Test] zero00445
2016-08-04 20:06:07,619 INFO [org.junit.Test] zero00446
2016-08-04 20:06:07,619 INFO [org.junit.Test] zero00447
2016-08-04 20:06:07,619 INFO [org.junit.Test] zero00448
2016-08-04 20:06:07,619 INFO [org.junit.Test] zero00449
2016-08-04 20:06:07,619 INFO [org.junit.Test] zero00450
2016-08-04 20:06:07,619 INFO [org.junit.Test] zero00451
2016-08-04 20:06:07,619 INFO [org.junit.Test] zero00452
2016-08-04 20:06:07,619 INFO [org.junit.Test] zero00453
2016-08-04 20:06:07,619 INFO [org.junit.Test] zero00454
2016-08-04 20:06:07,619 INFO [org.junit.Test] zero00455
2016-08-04 20:06:07,619 INFO [org.junit.Test] zero00456
2016-08-04 20:06:07,619 INFO [org.junit.Test] zero00457
2016-08-04 20:06:07,619 INFO [org.junit.Test] zero00458
2016-08-04 20:06:07,619 INFO [org.junit.Test] zero00459
2016-08-04 20:06:07,619 INFO [org.junit.Test] zero00460
2016-08-04 20:06:07,619 INFO [org.junit.Test] zero00461
2016-08-04 20:06:07,619 INFO [org.junit.Test] zero00462
2016-08-04 20:06:07,619 INFO [org.junit.Test] zero00463
2016-08-04 20:06:07,619 INFO [org.junit.Test] zero00464
2016-08-04 20:06:07,619 INFO [org.junit.Test] zero00465
2016-08-04 20:06:07,619 INFO [org.junit.Test] zero00466
2016-08-04 20:06:07,619 INFO [org.junit.Test] zero00467
2016-08-04 20:06:07,619 INFO [org.junit.Test] zero00468
2016-08-04 20:06:07,619 INFO [org.junit.Test] zero00469
2016-08-04 20:06:07,619 INFO [org.junit.Test] zero00470
2016-08-04 20:06:07,619 INFO [org.junit.Test] zero00471
2016-08-04 20:06:07,619 INFO [org.junit.Test] zero00472
2016-08-04 20:06:07,619 INFO [org.junit.Test] zero00473
2016-08-04 20:06:07,619 INFO [org.junit.Test] zero00474
2016-08-04 20:06:07,619 INFO [org.junit.Test] zero00475
2016-08-04 20:06:07,619 INFO [org.junit.Test] zero00476
2016-08-04 20:06:07,619 INFO [org.junit.Test] zero00477
2016-08-04 20:06:07,619 INFO [org.junit.Test] zero00478
2016-08-04 20:06:07,619 INFO [org.junit.Test] zero00479
2016-08-04 20:06:07,619 INFO [org.junit.Test] zero00480
2016-08-04 20:06:07,619 INFO [org.junit.Test] zero00481
2016-08-04 20:06:07,619 INFO [org.junit.Test] zero00482
2016-08-04 20:06:07,619 INFO [org.junit.Test] zero00483
2016-08-04 20:06:07,619 INFO [org.junit.Test] zero00484
2016-08-04 20:06:07,619 INFO [org.junit.Test] zero00485
2016-08-04 20:06:07,619 INFO [org.junit.Test] zero00486
2016-08-04 20:06:07,619 INFO [org.junit.Test] zero00487
2016-08-04 20:06:07,619 INFO [org.junit.Test] zero00488
2016-08-04 20:06:07,619 INFO [org.junit.Test] zero00489
2016-08-04 20:06:07,619 INFO [org.junit.Test] zero00490
2016-08-04 20:06:07,619 INFO [org.junit.Test] zero00491
2016-08-04 20:06:07,619 INFO [org.junit.Test] zero00492
2016-08-04 20:06:07,619 INFO [org.junit.Test] zero00493
2016-08-04 20:06:07,619 INFO [org.junit.Test] zero00494
2016-08-04 20:06:07,619 INFO [org.junit.Test] zero00495
2016-08-04 20:06:07,619 INFO [org.junit.Test] zero00496
2016-08-04 20:06:07,619 INFO [org.junit.Test] zero00497
2016-08-04 20:06:07,619 INFO [org.junit.Test] zero00498
2016-08-04 20:06:07,619 INFO [org.junit.Test] zero00499
2016-08-04 20:06:07,619 INFO [org.junit.Test] zero00500
2016-08-04 20:06:07,619 INFO [org.junit.Test] zero00501
2016-08-04 20:06:07,619 INFO [org.junit.Test] zero00502
2016-08-04 20:06:07,619 INFO [org.junit.Test] zero00503
2016-08-04 20:06:07,619 INFO [org.junit.Test] zero00504
2016-08-04 20:06:07,619 INFO [org.junit.Test] zero00505
2016-08-04 20:06:07,619 INFO [org.junit.Test] zero00506
2016-08-04 20:06:07,619 INFO [org.junit.Test] zero00507
2016-08-04 20:06:07,619 INFO [org.junit.Test] zero00508
2016-08-04 20:06:07,619 INFO [org.junit.Test] zero00509
2016-08-04 20:06:07,619 INFO [org.junit.Test] zero00510
2016-08-04 20:06:07,619 INFO [org.junit.Test] zero00511
2016-08-04 20:06:07,619 INFO [org.junit.Test] zero00512
2016-08-04 20:06:07,619 INFO [org.junit.Test] zero00513
2016-08-04 20:06:07,619 INFO [org.junit.Test] zero00514
2016-08-04 20:06:07,619 INFO [org.junit.Test] zero00515
2016-08-04 20:06:07,619 INFO [org.junit.Test] zero00516
2016-08-04 20:06:07,619 INFO [org.junit.Test] zero00517
2016-08-04 20:06:07,619 INFO [org.junit.Test] zero00518
2016-08-04 20:06:07,619 INFO [org.junit.Test] zero00519
2016-08-04 20:06:07,619 INFO [org.junit.Test] zero00520
2016-08-04 20:06:07,619 INFO [org.junit.Test] zero00521
2016-08-04 20:06:07,619 INFO [org.junit.Test] zero00522
2016-08-04 20:06:07,619 INFO [org.junit.Test] zero00523
2016-08-04 20:06:07,619 INFO [org.junit.Test] zero00524
2016-08-04 20:06:07,619 INFO [org.junit.Test] zero00525
2016-08-04 20:06:07,619 INFO [org.junit.Test] zero00526
2016-08-04 20:06:07,619 INFO [org.junit.Test] zero00527
2016-08-04 20:06:07,619 INFO [org.junit.Test] zero00528
2016-08-04 20:06:07,619 INFO [org.junit.Test] zero00529
2016-08-04 20:06:07,619 INFO [org.junit.Test] zero00530
2016-08-04 20:06:07,619 INFO [org.junit.Test] zero00531
2016-08-04 20:06:07,619 INFO [org.junit.Test] zero00532
2016-08-04 20:06:07,619 INFO [org.junit.Test] zero00533
2016-08-04 20:06:07,619 INFO [org.junit.Test] zero00534
2016-08-04 20:06:07,619 INFO [org.junit.Test] zero00535
2016-08-04 20:06:07,619 INFO [org.junit.Test] zero00536
2016-08-04 20:06:07,619 INFO [org.junit.Test] zero00537
2016-08-04 20:06:07,619 INFO [org.junit.Test] zero00538
2016-08-04 20:06:07,619 INFO [org.junit.Test] zero00539
2016-08-04 20:06:07,619 INFO [org.junit.Test] zero00540
2016-08-04 20:06:07,619 INFO [org.junit.Test] zero00541
2016-08-04 20:06:07,619 INFO [org.junit.Test] zero00542
2016-08-04 20:06:07,619 INFO [org.junit.Test] zero00543
2016-08-04 20:06:07,619 INFO [org.junit.Test] zero00544
2016-08-04 20:06:07,619 INFO [org.junit.Test] zero00545
2016-08-04 20:06:07,619 INFO [org.junit.Test] zero00546
2016-08-04 20:06:07,619 INFO [org.junit.Test] zero00547
2016-08-04 20:06:07,619 INFO [org.junit.Test] zero00548
2016-08-04 20:06:07,619 INFO [org.junit.Test] zero00549
2016-08-04 20:06:07,619 INFO [org.junit.Test] zero00550
2016-08-04 20:06:07,619 INFO [org.junit.Test] zero00551
2016-08-04 20:06:07,619 INFO [org.junit.Test] zero00552
2016-08-04 20:06:07,619 INFO [org.junit.Test] zero00553
2016-08-04 20:06:07,619 INFO [org.junit.Test] zero00554
2016-08-04 20:06:07,619 INFO [org.junit.Test] zero00555
2016-08-04 20:06:07,619 INFO [org.junit.Test] zero00556
2016-08-04 20:06:07,619 INFO [org.junit.Test] zero00557
2016-08-04 20:06:07,619 INFO [org.junit.Test] zero00558
2016-08-04 20:06:07,619 INFO [org.junit.Test] zero00559
2016-08-04 20:06:07,619 INFO [org.junit.Test] zero00560
2016-08-04 20:06:07,619 INFO [org.junit.Test] zero00561
2016-08-04 20:06:07,619 INFO [org.junit.Test] zero00562
2016-08-04 20:06:07,619 INFO [org.junit.Test] zero00563
2016-08-04 20:06:07,619 INFO [org.junit.Test] zero00564
2016-08-04 20:06:07,619 INFO [org.junit.Test] zero00565
2016-08-04 20:06:07,619 INFO [org.junit.Test] zero00566
2016-08-04 20:06:07,619 INFO [org.junit.Test] zero00567
2016-08-04 20:06:07,619 INFO [org.junit.Test] zero00568
2016-08-04 20:06:07,619 INFO [org.junit.Test] zero00569
2016-08-04 20:06:07,619 INFO [org.junit.Test] zero00570
2016-08-04 20:06:07,619 INFO [org.junit.Test] zero00571
2016-08-04 20:06:07,619 INFO [org.junit.Test] zero00572
2016-08-04 20:06:07,619 INFO [org.junit.Test] zero00573
2016-08-04 20:06:07,619 INFO [org.junit.Test] zero00574
2016-08-04 20:06:07,619 INFO [org.junit.Test] zero00575
2016-08-04 20:06:07,619 INFO [org.junit.Test] zero00576
2016-08-04 20:06:07,619 INFO [org.junit.Test] zero00577
2016-08-04 20:06:07,619 INFO [org.junit.Test] zero00578
2016-08-04 20:06:07,619 INFO [org.junit.Test] zero00579
2016-08-04 20:06:07,619 INFO [org.junit.Test] zero00580
2016-08-04 20:06:07,619 INFO [org.junit.Test] zero00581
2016-08-04 20:06:07,619 INFO [org.junit.Test] zero00582
2016-08-04 20:06:07,619 INFO [org.junit.Test] zero00583
2016-08-04 20:06:07,619 INFO [org.junit.Test] zero00584
2016-08-04 20:06:07,619 INFO [org.junit.Test] zero00585
2016-08-04 20:06:07,619 INFO [org.junit.Test] zero00586
2016-08-04 20:06:07,619 INFO [org.junit.Test] zero00587
2016-08-04 20:06:07,619 INFO [org.junit.Test] zero00588
2016-08-04 20:06:07,619 INFO [org.junit.Test] zero00589
2016-08-04 20:06:07,619 INFO [org.junit.Test] zero00590
2016-08-04 20:06:07,619 INFO [org.junit.Test] zero00591
2016-08-04 20:06:07,619 INFO [org.junit.Test] zero00592
2016-08-04 20:06:07,619 INFO [org.junit.Test] zero00593
2016-08-04 20:06:07,619 INFO [org.junit.Test] zero00594
2016-08-04 20:06:07,619 INFO [org.junit.Test] zero00595
2016-08-04 20:06:07,619 INFO [org.junit.Test] zero00596
2016-08-04 20:06:07,619 INFO [org.junit.Test] zero00597
2016-08-04 20:06:07,619 INFO [org.junit.Test] zero00598
2016-08-04 20:06:07,619 INFO [org.junit.Test] zero00599
2016-08-04 20:06:07,619 INFO [org.junit.Test] zero00600
2016-08-04 20:06:07,619 INFO [org.junit.Test] zero00601
2016-08-04 20:06:07,619 INFO [org.junit.Test] zero00602
2016-08-04 20:06:07,619 INFO [org.junit.Test] zero00603
2016-08-04 20:06:07,619 INFO [org.junit.Test] zero00604
2016-08-04 20:06:07,619 INFO [org.junit.Test] zero00605
2016-08-04 20:06:07,619 INFO [org.junit.Test] zero00606
2016-08-04 20:06:07,619 INFO [org.junit.Test] zero00607
2016-08-04 20:06:07,619 INFO [org.junit.Test] zero00608
2016-08-04 20:06:07,619 INFO [org.junit.Test] zero00609
2016-08-04 20:06:07,619 INFO [org.junit.Test] zero00610
2016-08-04 20:06:07,619 INFO [org.junit.Test] zero00611
2016-08-04 20:06:07,619 INFO [org.junit.Test] zero00612
2016-08-04 20:06:07,619 INFO [org.junit.Test] zero00613
2016-08-04 20:06:07,619 INFO [org.junit.Test] zero00614
2016-08-04 20:06:07,619 INFO [org.junit.Test] zero00615
2016-08-04 20:06:07,619 INFO [org.junit.Test] zero00616
2016-08-04 20:06:07,619 INFO [org.junit.Test] zero00617
2016-08-04 20:06:07,619 INFO [org.junit.Test] zero00618
2016-08-04 20:06:07,619 INFO [org.junit.Test] zero00619
2016-08-04 20:06:07,619 INFO [org.junit.Test] zero00620
2016-08-04 20:06:07,619 INFO [org.junit.Test] zero00621
2016-08-04 20:06:07,619 INFO [org.junit.Test] zero00622
2016-08-04 20:06:07,619 INFO [org.junit.Test] zero00623
2016-08-04 20:06:07,619 INFO [org.junit.Test] zero00624
2016-08-04 20:06:07,619 INFO [org.junit.Test] zero00625
2016-08-04 20:06:07,619 INFO [org.junit.Test] zero00626
2016-08-04 20:06:07,619 INFO [org.junit.Test] zero00627
2016-08-04 20:06:07,619 INFO [org.junit.Test] zero00628
2016-08-04 20:06:07,619 INFO [org.junit.Test] zero00629
2016-08-04 20:06:07,619 INFO [org.junit.Test] zero00630
2016-08-04 20:06:07,619 INFO [org.junit.Test] zero00631
2016-08-04 20:06:07,619 INFO [org.junit.Test] zero00632
2016-08-04 20:06:07,619 INFO [org.junit.Test] zero00633
2016-08-04 20:06:07,619 INFO [org.junit.Test] zero00634
2016-08-04 20:06:07,619 INFO [org.junit.Test] zero00635
2016-08-04 20:06:07,619 INFO [org.junit.Test] zero00636
2016-08-04 20:06:07,619 INFO [org.junit.Test] zero00637
2016-08-04 20:06:07,619 INFO [org.junit.Test] zero00638
2016-08-04 20:06:07,619 INFO [org.junit.Test] zero00639
2016-08-04 20:06:07,619 INFO [org.junit.Test] zero00640
2016-08-04 20:06:07,619 INFO [org.junit.Test] zero00641
2016-08-04 20:06:07,619 INFO [org.junit.Test] zero00642
2016-08-04 20:06:07,619 INFO [org.junit.Test] zero00643
2016-08-04 20:06:07,619 INFO [org.junit.Test] zero00644
2016-08-04 20:06:07,619 INFO [org.junit.Test] zero00645
2016-08-04 20:06:07,619 INFO [org.junit.Test] zero00646
2016-08-04 20:06:07,619 INFO [org.junit.Test] zero00647
2016-08-04 20:06:07,619 INFO [org.junit.Test] zero00648
2016-08-04 20:06:07,619 INFO [org.junit.Test] zero00649
2016-08-04 20:06:07,619 INFO [org.junit.Test] zero00650
2016-08-04 20:06:07,619 INFO [org.junit.Test] zero00651
2016-08-04 20:06:07,619 INFO [org.junit.Test] zero00652
2016-08-04 20:06:07,619 INFO [org.junit.Test] zero00653
2016-08-04 20:06:07,619 INFO [org.junit.Test] zero00654
2016-08-04 20:06:07,619 INFO [org.junit.Test] zero00655
2016-08-04 20:06:07,619 INFO [org.junit.Test] zero00656
2016-08-04 20:06:07,619 INFO [org.junit.Test] zero00657
2016-08-04 20:06:07,619 INFO [org.junit.Test] zero00658
2016-08-04 20:06:07,619 INFO [org.junit.Test] zero00659
2016-08-04 20:06:07,619 INFO [org.junit.Test] zero00660
2016-08-04 20:06:07,619 INFO [org.junit.Test] zero00661
2016-08-04 20:06:07,619 INFO [org.junit.Test] zero00662
2016-08-04 20:06:07,619 INFO [org.junit.Test] zero00663
2016-08-04 20:06:07,619 INFO [org.junit.Test] zero00664
2016-08-04 20:06:07,619 INFO [org.junit.Test] zero00665
2016-08-04 20:06:07,619 INFO [org.junit.Test] zero00666
2016-08-04 20:06:07,619 INFO [org.junit.Test] zero00667
2016-08-04 20:06:07,619 INFO [org.junit.Test] zero00668
2016-08-04 20:06:07,619 INFO [org.junit.Test] zero00669
2016-08-04 20:06:07,619 INFO [org.junit.Test] zero00670
2016-08-04 20:06:07,619 INFO [org.junit.Test] zero00671
2016-08-04 20:06:07,619 INFO [org.junit.Test] zero00672
2016-08-04 20:06:07,619 INFO [org.junit.Test] zero00673
2016-08-04 20:06:07,619 INFO [org.junit.Test] zero00674
2016-08-04 20:06:07,619 INFO [org.junit.Test] zero00675
2016-08-04 20:06:07,619 INFO [org.junit.Test] zero00676
2016-08-04 20:06:07,619 INFO [org.junit.Test] zero00677
2016-08-04 20:06:07,619 INFO [org.junit.Test] zero00678
2016-08-04 20:06:07,619 INFO [org.junit.Test] zero00679
2016-08-04 20:06:07,619 INFO [org.junit.Test] zero00680
2016-08-04 20:06:07,619 INFO [org.junit.Test] zero00681
2016-08-04 20:06:07,619 INFO [org.junit.Test] zero00682
2016-08-04 20:06:07,619 INFO [org.junit.Test] zero00683
2016-08-04 20:06:07,619 INFO [org.junit.Test] zero00684
2016-08-04 20:06:07,619 INFO [org.junit.Test] zero00685
2016-08-04 20:06:07,619 INFO [org.junit.Test] zero00686
2016-08-04 20:06:07,619 INFO [org.junit.Test] zero00687
2016-08-04 20:06:07,619 INFO [org.junit.Test] zero00688
2016-08-04 20:06:07,619 INFO [org.junit.Test] zero00689
2016-08-04 20:06:07,619 INFO [org.junit.Test] zero00690
2016-08-04 20:06:07,619 INFO [org.junit.Test] zero00691
2016-08-04 20:06:07,619 INFO [org.junit.Test] zero00692
2016-08-04 20:06:07,619 INFO [org.junit.Test] zero00693
2016-08-04 20:06:07,619 INFO [org.junit.Test] zero00694
2016-08-04 20:06:07,619 INFO [org.junit.Test] zero00695
2016-08-04 20:06:07,619 INFO [org.junit.Test] zero00696
2016-08-04 20:06:07,619 INFO [org.junit.Test] zero00697
2016-08-04 20:06:07,619 INFO [org.junit.Test] zero00698
2016-08-04 20:06:07,619 INFO [org.junit.Test] zero00699
2016-08-04 20:06:07,619 INFO [org.junit.Test] zero00700
2016-08-04 20:06:07,619 INFO [org.junit.Test] zero00701
2016-08-04 20:06:07,619 INFO [org.junit.Test] zero00702
2016-08-04 20:06:07,619 INFO [org.junit.Test] zero00703
2016-08-04 20:06:07,619 INFO [org.junit.Test] zero00704
2016-08-04 20:06:07,619 INFO [org.junit.Test] zero00705
2016-08-04 20:06:07,619 INFO [org.junit.Test] zero00706
2016-08-04 20:06:07,619 INFO [org.junit.Test] zero00707
2016-08-04 20:06:07,619 INFO [org.junit.Test] zero00708
2016-08-04 20:06:07,619 INFO [org.junit.Test] zero00709
2016-08-04 20:06:07,619 INFO [org.junit.Test] zero00710
2016-08-04 20:06:07,619 INFO [org.junit.Test] zero00711
2016-08-04 20:06:07,619 INFO [org.junit.Test] zero00712
2016-08-04 20:06:07,619 INFO [org.junit.Test] zero00713
2016-08-04 20:06:07,619 INFO [org.junit.Test] zero00714
2016-08-04 20:06:07,619 INFO [org.junit.Test] zero00715
2016-08-04 20:06:07,619 INFO [org.junit.Test] zero00716
2016-08-04 20:06:07,619 INFO [org.junit.Test] zero00717
2016-08-04 20:06:07,619 INFO [org.junit.Test] zero00718
2016-08-04 20:06:07,619 INFO [org.junit.Test] zero00719
2016-08-04 20:06:07,619 INFO [org.junit.Test] zero00720
2016-08-04 20:06:07,619 INFO [org.junit.Test] zero00721
2016-08-04 20:06:07,619 INFO [org.junit.Test] zero00722
2016-08-04 20:06:07,619 INFO [org.junit.Test] zero00723
2016-08-04 20:06:07,619 INFO [org.junit.Test] zero00724
2016-08-04 20:06:07,619 INFO [org.junit.Test] zero00725
2016-08-04 20:06:07,619 INFO [org.junit.Test] zero00726
2016-08-04 20:06:07,619 INFO [org.junit.Test] zero00727
2016-08-04 20:06:07,619 INFO [org.junit.Test] zero00728
2016-08-04 20:06:07,619 INFO [org.junit.Test] zero00729
2016-08-04 20:06:07,619 INFO [org.junit.Test] zero00730
2016-08-04 20:06:07,619 INFO [org.junit.Test] zero00731
2016-08-04 20:06:07,619 INFO [org.junit.Test] zero00732
2016-08-04 20:06:07,619 INFO [org.junit.Test] zero00733
2016-08-04 20:06:07,619 INFO [org.junit.Test] zero00734
2016-08-04 20:06:07,619 INFO [org.junit.Test] zero00735
2016-08-04 20:06:07,619 INFO [org.junit.Test] zero00736
2016-08-04 20:06:07,619 INFO [org.junit.Test] zero00737
2016-08-04 20:06:07,619 INFO [org.junit.Test] zero00738
2016-08-04 20:06:07,619 INFO [org.junit.Test] zero00739
2016-08-04 20:06:07,619 INFO [org.junit.Test] zero00740
2016-08-04 20:06:07,619 INFO [org.junit.Test] zero00741
2016-08-04 20:06:07,619 INFO [org.junit.Test] zero00742
2016-08-04 20:06:07,619 INFO [org.junit.Test] zero00743
2016-08-04 20:06:07,619 INFO [org.junit.Test] zero00744
2016-08-04 20:06:07,619 INFO [org.junit.Test] zero00745
2016-08-04 20:06:07,619 INFO [org.junit.Test] zero00746
2016-08-04 20:06:07,619 INFO [org.junit.Test] zero00747
2016-08-04 20:06:07,619 INFO [org.junit.Test] zero00748
2016-08-04 20:06:07,619 INFO [org.junit.Test] zero00749
2016-08-04 20:06:07,619 INFO [org.junit.Test] zero00750
2016-08-04 20:06:07,619 INFO [org.junit.Test] zero00751
2016-08-04 20:06:07,619 INFO [org.junit.Test] zero00752
2016-08-04 20:06:07,619 INFO [org.junit.Test] zero00753
2016-08-04 20:06:07,619 INFO [org.junit.Test] zero00754
2016-08-04 20:06:07,619 INFO [org.junit.Test] zero00755
2016-08-04 20:06:07,619 INFO [org.junit.Test] zero00756
2016-08-04 20:06:07,619 INFO [org.junit.Test] zero00757
2016-08-04 20:06:07,619 INFO [org.junit.Test] zero00758
2016-08-04 20:06:07,619 INFO [org.junit.Test] zero00759
2016-08-04 20:06:07,619 INFO [org.junit.Test] zero00760
2016-08-04 20:06:07,619 INFO [org.junit.Test] zero00761
2016-08-04 20:06:07,619 INFO [org.junit.Test] zero00762
2016-08-04 20:06:07,619 INFO [org.junit.Test] zero00763
2016-08-04 20:06:07,619 INFO [org.junit.Test] zero00764
2016-08-04 20:06:07,619 INFO [org.junit.Test] zero00765
2016-08-04 20:06:07,619 INFO [org.junit.Test] zero00766
2016-08-04 20:06:07,619 INFO [org.junit.Test] zero00767
2016-08-04 20:06:07,619 INFO [org.junit.Test] zero00768
2016-08-04 20:06:07,619 INFO [org.junit.Test] zero00769
2016-08-04 20:06:07,619 INFO [org.junit.Test] zero00770
2016-08-04 20:06:07,619 INFO [org.junit.Test] zero00771
2016-08-04 20:06:07,619 INFO [org.junit.Test] zero00772
2016-08-04 20:06:07,619 INFO [org.junit.Test] zero00773
2016-08-04 20:06:07,619 INFO [org.junit.Test] zero00774
2016-08-04 20:06:07,619 INFO [org.junit.Test] zero00775
2016-08-04 20:06:07,619 INFO [org.junit.Test] zero00776
2016-08-04 20:06:07,619 INFO [org.junit.Test] zero00777
2016-08-04 20:06:07,619 INFO [org.junit.Test] zero00778
2016-08-04 20:06:07,619 INFO [org.junit.Test] zero00779
2016-08-04 20:06:07,619 INFO [org.junit.Test] zero00780
2016-08-04 20:06:07,619 INFO [org.junit.Test] zero00781
2016-08-04 20:06:07,619 INFO [org.junit.Test] zero00782
2016-08-04 20:06:07,619 INFO [org.junit.Test] zero00783
2016-08-04 20:06:07,619 INFO [org.junit.Test] zero00784
2016-08-04 20:06:07,619 INFO [org.junit.Test] zero00785
2016-08-04 20:06:07,619 INFO [org.junit.Test] zero00786
2016-08-04 20:06:07,619 INFO [org.junit.Test] zero00787
2016-08-04 20:06:07,619 INFO [org.junit.Test] zero00788
2016-08-04 20:06:07,619 INFO [org.junit.Test] zero00789
2016-08-04 20:06:07,619 INFO [org.junit.Test] zero00790
2016-08-04 20:06:07,619 INFO [org.junit.Test] zero00791
2016-08-04 20:06:07,619 INFO [org.junit.Test] zero00792
2016-08-04 20:06:07,619 INFO [org.junit.Test] zero00793
2016-08-04 20:06:07,619 INFO [org.junit.Test] zero00794
2016-08-04 20:06:07,619 INFO [org.junit.Test] zero00795
2016-08-04 20:06:07,620 INFO [org.junit.Test] zero00796
2016-08-04 20:06:07,620 INFO [org.junit.Test] zero00797
2016-08-04 20:06:07,620 INFO [org.junit.Test] zero00798
2016-08-04 20:06:07,620 INFO [org.junit.Test] zero00799
2016-08-04 20:06:07,620 INFO [org.junit.Test] zero00800
2016-08-04 20:06:07,620 INFO [org.junit.Test] zero00801
2016-08-04 20:06:07,620 INFO [org.junit.Test] zero00802
2016-08-04 20:06:07,620 INFO [org.junit.Test] zero00803
2016-08-04 20:06:07,620 INFO [org.junit.Test] zero00804
2016-08-04 20:06:07,620 INFO [org.junit.Test] zero00805
2016-08-04 20:06:07,620 INFO [org.junit.Test] zero00806
2016-08-04 20:06:07,620 INFO [org.junit.Test] zero00807
2016-08-04 20:06:07,620 INFO [org.junit.Test] zero00808
2016-08-04 20:06:07,620 INFO [org.junit.Test] zero00809
2016-08-04 20:06:07,620 INFO [org.junit.Test] zero00810
2016-08-04 20:06:07,620 INFO [org.junit.Test] zero00811
2016-08-04 20:06:07,620 INFO [org.junit.Test] zero00812
2016-08-04 20:06:07,620 INFO [org.junit.Test] zero00813
2016-08-04 20:06:07,620 INFO [org.junit.Test] zero00814
2016-08-04 20:06:07,620 INFO [org.junit.Test] zero00815
2016-08-04 20:06:07,620 INFO [org.junit.Test] zero00816
2016-08-04 20:06:07,620 INFO [org.junit.Test] zero00817
2016-08-04 20:06:07,620 INFO [org.junit.Test] zero00818
2016-08-04 20:06:07,620 INFO [org.junit.Test] zero00819
2016-08-04 20:06:07,620 INFO [org.junit.Test] zero00820
2016-08-04 20:06:07,620 INFO [org.junit.Test] zero00821
2016-08-04 20:06:07,620 INFO [org.junit.Test] zero00822
2016-08-04 20:06:07,620 INFO [org.junit.Test] zero00823
2016-08-04 20:06:07,620 INFO [org.junit.Test] zero00824
2016-08-04 20:06:07,620 INFO [org.junit.Test] zero00825
2016-08-04 20:06:07,620 INFO [org.junit.Test] zero00826
2016-08-04 20:06:07,620 INFO [org.junit.Test] zero00827
2016-08-04 20:06:07,620 INFO [org.junit.Test] zero00828
2016-08-04 20:06:07,620 INFO [org.junit.Test] zero00829
2016-08-04 20:06:07,620 INFO [org.junit.Test] zero00830
2016-08-04 20:06:07,620 INFO [org.junit.Test] zero00831
2016-08-04 20:06:07,620 INFO [org.junit.Test] zero00832
2016-08-04 20:06:07,620 INFO [org.junit.Test] zero00833
2016-08-04 20:06:07,620 INFO [org.junit.Test] zero00834
2016-08-04 20:06:07,620 INFO [org.junit.Test] zero00835
2016-08-04 20:06:07,620 INFO [org.junit.Test] zero00836
2016-08-04 20:06:07,620 INFO [org.junit.Test] zero00837
2016-08-04 20:06:07,620 INFO [org.junit.Test] zero00838
2016-08-04 20:06:07,620 INFO [org.junit.Test] zero00839
2016-08-04 20:06:07,620 INFO [org.junit.Test] zero00840
2016-08-04 20:06:07,620 INFO [org.junit.Test] zero00841
2016-08-04 20:06:07,620 INFO [org.junit.Test] zero00842
2016-08-04 20:06:07,620 INFO [org.junit.Test] zero00843
2016-08-04 20:06:07,620 INFO [org.junit.Test] zero00844
2016-08-04 20:06:07,620 INFO [org.junit.Test] zero00845
2016-08-04 20:06:07,620 INFO [org.junit.Test] zero00846
2016-08-04 20:06:07,620 INFO [org.junit.Test] zero00847
2016-08-04 20:06:07,620 INFO [org.junit.Test] zero00848
2016-08-04 20:06:07,620 INFO [org.junit.Test] zero00849
2016-08-04 20:06:07,620 INFO [org.junit.Test] zero00850
2016-08-04 20:06:07,620 INFO [org.junit.Test] zero00851
2016-08-04 20:06:07,620 INFO [org.junit.Test] zero00852
2016-08-04 20:06:07,620 INFO [org.junit.Test] zero00853
2016-08-04 20:06:07,620 INFO [org.junit.Test] zero00854
2016-08-04 20:06:07,620 INFO [org.junit.Test] zero00855
2016-08-04 20:06:07,620 INFO [org.junit.Test] zero00856
2016-08-04 20:06:07,620 INFO [org.junit.Test] zero00857
2016-08-04 20:06:07,620 INFO [org.junit.Test] zero00858
2016-08-04 20:06:07,620 INFO [org.junit.Test] zero00859
2016-08-04 20:06:07,620 INFO [org.junit.Test] zero00860
2016-08-04 20:06:07,620 INFO [org.junit.Test] zero00861
2016-08-04 20:06:07,620 INFO [org.junit.Test] zero00862
2016-08-04 20:06:07,620 INFO [org.junit.Test] zero00863
2016-08-04 20:06:07,620 INFO [org.junit.Test] zero00864
2016-08-04 20:06:07,620 INFO [org.junit.Test] zero00865
2016-08-04 20:06:07,620 INFO [org.junit.Test] zero00866
2016-08-04 20:06:07,620 INFO [org.junit.Test] zero00867
2016-08-04 20:06:07,620 INFO [org.junit.Test] zero00868
2016-08-04 20:06:07,620 INFO [org.junit.Test] zero00869
2016-08-04 20:06:07,620 INFO [org.junit.Test] zero00870
2016-08-04 20:06:07,620 INFO [org.junit.Test] zero00871
2016-08-04 20:06:07,620 INFO [org.junit.Test] zero00872
2016-08-04 20:06:07,620 INFO [org.junit.Test] zero00873
2016-08-04 20:06:07,620 INFO [org.junit.Test] zero00874
2016-08-04 20:06:07,620 INFO [org.junit.Test] zero00875
2016-08-04 20:06:07,620 INFO [org.junit.Test] zero00876
2016-08-04 20:06:07,620 INFO [org.junit.Test] zero00877
2016-08-04 20:06:07,620 INFO [org.junit.Test] zero00878
2016-08-04 20:06:07,620 INFO [org.junit.Test] zero00879
2016-08-04 20:06:07,620 INFO [org.junit.Test] zero00880
2016-08-04 20:06:07,620 INFO [org.junit.Test] zero00881
2016-08-04 20:06:07,620 INFO [org.junit.Test] zero00882
2016-08-04 20:06:07,620 INFO [org.junit.Test] zero00883
2016-08-04 20:06:07,620 INFO [org.junit.Test] zero00884
2016-08-04 20:06:07,620 INFO [org.junit.Test] zero00885
2016-08-04 20:06:07,620 INFO [org.junit.Test] zero00886
2016-08-04 20:06:07,620 INFO [org.junit.Test] zero00887
2016-08-04 20:06:07,620 INFO [org.junit.Test] zero00888
2016-08-04 20:06:07,620 INFO [org.junit.Test] zero00889
2016-08-04 20:06:07,620 INFO [org.junit.Test] zero00890
2016-08-04 20:06:07,620 INFO [org.junit.Test] zero00891
2016-08-04 20:06:07,620 INFO [org.junit.Test] zero00892
2016-08-04 20:06:07,620 INFO [org.junit.Test] zero00893
2016-08-04 20:06:07,620 INFO [org.junit.Test] zero00894
2016-08-04 20:06:07,620 INFO [org.junit.Test] zero00895
2016-08-04 20:06:07,620 INFO [org.junit.Test] zero00896
2016-08-04 20:06:07,620 INFO [org.junit.Test] zero00897
2016-08-04 20:06:07,620 INFO [org.junit.Test] zero00898
2016-08-04 20:06:07,620 INFO [org.junit.Test] zero00899
2016-08-04 20:06:07,620 INFO [org.junit.Test] zero00900
2016-08-04 20:06:07,620 INFO [org.junit.Test] zero00901
2016-08-04 20:06:07,620 INFO [org.junit.Test] zero00902
2016-08-04 20:06:07,620 INFO [org.junit.Test] zero00903
2016-08-04 20:06:07,620 INFO [org.junit.Test] zero00904
2016-08-04 20:06:07,620 INFO [org.junit.Test] zero00905
2016-08-04 20:06:07,620 INFO [org.junit.Test] zero00906
2016-08-04 20:06:07,620 INFO [org.junit.Test] zero00907
2016-08-04 20:06:07,620 INFO [org.junit.Test] zero00908
2016-08-04 20:06:07,620 INFO [org.junit.Test] zero00909
2016-08-04 20:06:07,620 INFO [org.junit.Test] zero00910
2016-08-04 20:06:07,620 INFO [org.junit.Test] zero00911
2016-08-04 20:06:07,620 INFO [org.junit.Test] zero00912
2016-08-04 20:06:07,620 INFO [org.junit.Test] zero00913
2016-08-04 20:06:07,620 INFO [org.junit.Test] zero00914
2016-08-04 20:06:07,620 INFO [org.junit.Test] zero00915
2016-08-04 20:06:07,620 INFO [org.junit.Test] zero00916
2016-08-04 20:06:07,620 INFO [org.junit.Test] zero00917
2016-08-04 20:06:07,620 INFO [org.junit.Test] zero00918
2016-08-04 20:06:07,620 INFO [org.junit.Test] zero00919
2016-08-04 20:06:07,620 INFO [org.junit.Test] zero00920
2016-08-04 20:06:07,620 INFO [org.junit.Test] zero00921
2016-08-04 20:06:07,620 INFO [org.junit.Test] zero00922
2016-08-04 20:06:07,620 INFO [org.junit.Test] zero00923
2016-08-04 20:06:07,620 INFO [org.junit.Test] zero00924
2016-08-04 20:06:07,620 INFO [org.junit.Test] zero00925
2016-08-04 20:06:07,620 INFO [org.junit.Test] zero00926
2016-08-04 20:06:07,620 INFO [org.junit.Test] zero00927
2016-08-04 20:06:07,620 INFO [org.junit.Test] zero00928
2016-08-04 20:06:07,620 INFO [org.junit.Test] zero00929
2016-08-04 20:06:07,620 INFO [org.junit.Test] zero00930
2016-08-04 20:06:07,620 INFO [org.junit.Test] zero00931
2016-08-04 20:06:07,620 INFO [org.junit.Test] zero00932
2016-08-04 20:06:07,620 INFO [org.junit.Test] zero00933
2016-08-04 20:06:07,620 INFO [org.junit.Test] zero00934
2016-08-04 20:06:07,620 INFO [org.junit.Test] zero00935
2016-08-04 20:06:07,620 INFO [org.junit.Test] zero00936
2016-08-04 20:06:07,620 INFO [org.junit.Test] zero00937
2016-08-04 20:06:07,620 INFO [org.junit.Test] zero00938
2016-08-04 20:06:07,620 INFO [org.junit.Test] zero00939
2016-08-04 20:06:07,620 INFO [org.junit.Test] zero00940
2016-08-04 20:06:07,620 INFO [org.junit.Test] zero00941
2016-08-04 20:06:07,620 INFO [org.junit.Test] zero00942
2016-08-04 20:06:07,620 INFO [org.junit.Test] zero00943
2016-08-04 20:06:07,620 INFO [org.junit.Test] zero00944
2016-08-04 20:06:07,620 INFO [org.junit.Test] zero00945
2016-08-04 20:06:07,620 INFO [org.junit.Test] zero00946
2016-08-04 20:06:07,620 INFO [org.junit.Test] zero00947
2016-08-04 20:06:07,620 INFO [org.junit.Test] zero00948
2016-08-04 20:06:07,620 INFO [org.junit.Test] zero00949
2016-08-04 20:06:07,620 INFO [org.junit.Test] zero00950
2016-08-04 20:06:07,620 INFO [org.junit.Test] zero00951
2016-08-04 20:06:07,620 INFO [org.junit.Test] zero00952
2016-08-04 20:06:07,620 INFO [org.junit.Test] zero00953
2016-08-04 20:06:07,620 INFO [org.junit.Test] zero00954
2016-08-04 20:06:07,620 INFO [org.junit.Test] zero00955
2016-08-04 20:06:07,620 INFO [org.junit.Test] zero00956
2016-08-04 20:06:07,620 INFO [org.junit.Test] zero00957
2016-08-04 20:06:07,620 INFO [org.junit.Test] zero00958
2016-08-04 20:06:07,620 INFO [org.junit.Test] zero00959
2016-08-04 20:06:07,620 INFO [org.junit.Test] zero00960
2016-08-04 20:06:07,620 INFO [org.junit.Test] zero00961
2016-08-04 20:06:07,620 INFO [org.junit.Test] zero00962
2016-08-04 20:06:07,620 INFO [org.junit.Test] zero00963
2016-08-04 20:06:07,620 INFO [org.junit.Test] zero00964
2016-08-04 20:06:07,620 INFO [org.junit.Test] zero00965
2016-08-04 20:06:07,620 INFO [org.junit.Test] zero00966
2016-08-04 20:06:07,620 INFO [org.junit.Test] zero00967
2016-08-04 20:06:07,620 INFO [org.junit.Test] zero00968
2016-08-04 20:06:07,620 INFO [org.junit.Test] zero00969
2016-08-04 20:06:07,620 INFO [org.junit.Test] zero00970
2016-08-04 20:06:07,620 INFO [org.junit.Test] zero00971
2016-08-04 20:06:07,620 INFO [org.junit.Test] zero00972
2016-08-04 20:06:07,620 INFO [org.junit.Test] zero00973
2016-08-04 20:06:07,620 INFO [org.junit.Test] zero00974
2016-08-04 20:06:07,620 INFO [org.junit.Test] zero00975
2016-08-04 20:06:07,620 INFO [org.junit.Test] zero00976
2016-08-04 20:06:07,620 INFO [org.junit.Test] zero00977
2016-08-04 20:06:07,620 INFO [org.junit.Test] zero00978
2016-08-04 20:06:07,620 INFO [org.junit.Test] zero00979
2016-08-04 20:06:07,620 INFO [org.junit.Test] zero00980
2016-08-04 20:06:07,620 INFO [org.junit.Test] zero00981
2016-08-04 20:06:07,620 INFO [org.junit.Test] zero00982
2016-08-04 20:06:07,620 INFO [org.junit.Test] zero00983
2016-08-04 20:06:07,620 INFO [org.junit.Test] zero00984
2016-08-04 20:06:07,620 INFO [org.junit.Test] zero00985
2016-08-04 20:06:07,620 INFO [org.junit.Test] zero00986
2016-08-04 20:06:07,620 INFO [org.junit.Test] zero00987
2016-08-04 20:06:07,620 INFO [org.junit.Test] zero00988
2016-08-04 20:06:07,620 INFO [org.junit.Test] zero00989
2016-08-04 20:06:07,620 INFO [org.junit.Test] zero00990
2016-08-04 20:06:07,620 INFO [org.junit.Test] zero00991
2016-08-04 20:06:07,620 INFO [org.junit.Test] zero00992
2016-08-04 20:06:07,620 INFO [org.junit.Test] zero00993
2016-08-04 20:06:07,620 INFO [org.junit.Test] zero00994
2016-08-04 20:06:07,620 INFO [org.junit.Test] zero00995
2016-08-04 20:06:07,620 INFO [org.junit.Test] zero00996
2016-08-04 20:06:07,620 INFO [org.junit.Test] zero00997
2016-08-04 20:06:07,620 INFO [org.junit.Test] zero00998
2016-08-04 20:06:07,620 INFO [org.junit.Test] zero00999
